Archive member included to satisfy reference by file (symbol)

/cygdrive/d/Users/Alex/Desktop/Toolchain/Output/bin/../lib/gcc/i386-banana/8.1.0/libkgcc.a(_divdi3.o)
                              fs/fat/ff.32 (__divdi3)
/cygdrive/d/Users/Alex/Desktop/Toolchain/Output/bin/../lib/gcc/i386-banana/8.1.0/libkgcc.a(_moddi3.o)
                              compat/resolve.32 (__moddi3)
/cygdrive/d/Users/Alex/Desktop/Toolchain/Output/bin/../lib/gcc/i386-banana/8.1.0/libkgcc.a(_udivdi3.o)
                              fs/fat/ff.32 (__udivdi3)
/cygdrive/d/Users/Alex/Desktop/Toolchain/Output/bin/../lib/gcc/i386-banana/8.1.0/libkgcc.a(_umoddi3.o)
                              compat/resolve.32 (__umoddi3)
D:/Users/Alex/Desktop/Banana/kernel/libsoftfp.a(sfieeelib.o)
                              hal/sound/sndhw.32 (__addsf3)
D:/Users/Alex/Desktop/Banana/kernel/libsoftfp.a(dfieeelib.o)
                              hal/libresample/src_linear.32 (__adddf3)
D:/Users/Alex/Desktop/Banana/kernel/libsoftfp.a(sfdfcvt.o)
                              hal/libresample/samplerate.32 (__truncdfsf2)
D:/Users/Alex/Desktop/Banana/kernel/libk/libm32.a(s_fabs.c.o)
                              hal/libresample/samplerate.32 (fabs)
D:/Users/Alex/Desktop/Banana/kernel/libk/libm32.a(s_lrint.S.o)
                              hal/libresample/samplerate.32 (lrint)
D:/Users/Alex/Desktop/Banana/kernel/libk/libm32.a(s_lrintf.S.o)
                              hal/sound/sndhw.32 (lrintf)

Discarded input sections

 .comment       0x0000000000000000       0x12 /cygdrive/d/Users/Alex/Desktop/Toolchain/Output/bin/../lib/gcc/i386-banana/8.1.0/crtbegin.o
 .comment       0x0000000000000000       0x12 acpica/utclib.32
 .comment       0x0000000000000000       0x12 core/malloc.32
 .comment       0x0000000000000000       0x12 libk/string.32
 .comment       0x0000000000000000       0x12 fs/fat/diskio.32
 .comment       0x0000000000000000       0x12 fs/fat/ff.32
 .comment       0x0000000000000000       0x12 fs/fat/ffsystem.32
 .comment       0x0000000000000000       0x12 fs/fat/ffunicode.32
 .comment       0x0000000000000000       0x12 hal/libresample/samplerate.32
 .comment       0x0000000000000000       0x12 hal/libresample/src_linear.32
 .comment       0x0000000000000000       0x12 hal/libresample/src_sinc.32
 .comment       0x0000000000000000       0x12 hal/libresample/src_zoh.32
 .comment       0x0000000000000000       0x12 compat/inlines.32
 .comment       0x0000000000000000       0x12 compat/resolve.32
 .group         0x0000000000000000       0x14 core/computer.32
 .group         0x0000000000000000        0xc core/computer.32
 .comment       0x0000000000000000       0x12 core/computer.32
 .comment       0x0000000000000000       0x12 core/gdt.32
 .group         0x0000000000000000        0xc core/idle.32
 .comment       0x0000000000000000       0x12 core/idle.32
 .comment       0x0000000000000000       0x12 core/idt.32
 .comment       0x0000000000000000       0x12 core/kheap.32
 .comment       0x0000000000000000       0x12 core/main.32
 .comment       0x0000000000000000       0x12 core/physmgr.32
 .group         0x0000000000000000        0xc core/pipe.32
 .comment       0x0000000000000000       0x12 core/pipe.32
 .group         0x0000000000000000        0xc core/terminal.32
 .comment       0x0000000000000000       0x12 core/terminal.32
 .comment       0x0000000000000000       0x12 core/tss.32
 .group         0x0000000000000000        0x8 core/unixfile.32
 .group         0x0000000000000000        0xc core/unixfile.32
 .group         0x0000000000000000        0xc core/unixfile.32
 .group         0x0000000000000000        0x8 core/unixfile.32
 .group         0x0000000000000000        0xc core/unixfile.32
 .group         0x0000000000000000        0x8 core/unixfile.32
 .group         0x0000000000000000        0xc core/unixfile.32
 .group         0x0000000000000000        0xc core/unixfile.32
 .comment       0x0000000000000000       0x12 core/unixfile.32
 .comment       0x0000000000000000       0x12 core/virtmgr.32
 .comment       0x0000000000000000       0x12 coreobjs/c++.32
 .comment       0x0000000000000000       0x12 dbg/kconsole.32
 .group         0x0000000000000000        0xc fs/vfs.32
 .group         0x0000000000000000        0xc fs/vfs.32
 .group         0x0000000000000000        0xc fs/vfs.32
 .comment       0x0000000000000000       0x12 fs/vfs.32
 .group         0x0000000000000000        0xc hal/bus.32
 .comment       0x0000000000000000       0x12 hal/bus.32
 .group         0x0000000000000000        0xc hal/buzzer.32
 .comment       0x0000000000000000       0x12 hal/buzzer.32
 .group         0x0000000000000000        0xc hal/clock.32
 .comment       0x0000000000000000       0x12 hal/clock.32
 .group         0x0000000000000000       0x14 hal/device.32
 .group         0x0000000000000000        0xc hal/device.32
 .group         0x0000000000000000        0xc hal/device.32
 .group         0x0000000000000000        0xc hal/device.32
[...]
Memory Configuration

Name             Origin             Length             Attributes
*default*        0x0000000000000000 0xffffffffffffffff

Linker script and memory map

LOAD D:/Users/Alex/Desktop/Banana/kernel/boot.32
LOAD crti.32
LOAD /cygdrive/d/Users/Alex/Desktop/Toolchain/Output/bin/../lib/gcc/i386-banana/8.1.0/crtbegin.o
LOAD D:/Users/Alex/Desktop/Banana/kernel/morenasm.32
LOAD acpica/utclib.32
LOAD core/malloc.32
LOAD libk/string.32
LOAD fs/fat/diskio.32
LOAD fs/fat/ff.32
LOAD fs/fat/ffsystem.32
LOAD fs/fat/ffunicode.32
LOAD hal/libresample/samplerate.32
LOAD hal/libresample/src_linear.32
LOAD hal/libresample/src_sinc.32
LOAD hal/libresample/src_zoh.32
LOAD compat/inlines.32
LOAD compat/resolve.32
LOAD core/computer.32
LOAD core/gdt.32
LOAD core/idle.32
LOAD core/idt.32
LOAD core/kheap.32
LOAD core/main.32
LOAD core/physmgr.32
LOAD core/pipe.32
LOAD core/terminal.32
LOAD core/tss.32
LOAD core/unixfile.32
LOAD core/virtmgr.32
LOAD coreobjs/c++.32
LOAD dbg/kconsole.32
LOAD fs/vfs.32
LOAD hal/bus.32
LOAD hal/buzzer.32
LOAD hal/clock.32
LOAD hal/device.32
LOAD hal/diskctrl.32
LOAD hal/diskphys.32
LOAD hal/fpu.32
LOAD hal/intctrl.32
LOAD hal/keybrd.32
LOAD hal/logidisk.32
LOAD hal/mouse.32
LOAD hal/partition.32
LOAD hal/serial.32
LOAD hal/timer.32
LOAD hal/vcache.32
LOAD hal/video.32
LOAD hw/acpi.32
LOAD hw/cpu.32
LOAD hw/ports.32
LOAD hw/smp.32
LOAD krnl/env.32
LOAD krnl/panic.32
LOAD net/ethernet.32
LOAD reg/registry.32
LOAD sys/sc_eject.32
LOAD sys/sc_exit.32
LOAD sys/sc_getcwd.32
LOAD sys/sc_getpid.32
LOAD sys/sc_getramdata.32
LOAD sys/sc_getvgaptr.32
LOAD sys/sc_loaddll.32
LOAD sys/sc_read.32
LOAD sys/sc_sbrk.32
LOAD sys/sc_setcwd.32
LOAD sys/sc_settime.32
LOAD sys/sc_timezone.32
LOAD sys/sc_write.32
LOAD sys/sc_wsbe.32
LOAD sys/sc_yield.32
LOAD sys/syscalls.32
LOAD thr/elf.32
LOAD thr/prcssthr.32
LOAD vm86/vm8086.32
LOAD vm86/x87em.32
LOAD fs/fat/vfslink.32
LOAD fs/iso9660/vfslink.32
LOAD hal/sound/sndchannel.32
LOAD hal/sound/sndhw.32
LOAD hw/bus/isa.32
LOAD hw/bus/pci.32
LOAD hw/diskctrl/ide.32
LOAD hw/diskctrl/satabus.32
LOAD hw/diskphys/ata.32
LOAD hw/diskphys/atapi.32
LOAD hw/diskphys/sata.32
LOAD hw/diskphys/satapi.32
LOAD hw/fpu/avx.32
LOAD hw/fpu/mmx.32
LOAD hw/fpu/sse.32
LOAD hw/fpu/x87.32
LOAD hw/intctrl/apic.32
LOAD hw/intctrl/pic.32
LOAD hw/timer/apictimer.32
LOAD hw/timer/pit.32
LOAD hw/fpu/x86/avx.32
LOAD hw/fpu/x86/sse.32
LOAD hw/fpu/x86/x87.32
LOAD /cygdrive/d/Users/Alex/Desktop/Toolchain/Output/bin/../lib/gcc/i386-banana/8.1.0/crtend.o
LOAD crtn.32
LOAD /cygdrive/d/Users/Alex/Desktop/Toolchain/Output/bin/../lib/gcc/i386-banana/8.1.0/libkgcc.a
LOAD D:/Users/Alex/Desktop/Banana/kernel/libsoftfp.a
LOAD D:/Users/Alex/Desktop/Banana/kernel/libk/libm32.a
                0x00000000c0000000                . = 0xc0000000

.text           0x00000000c0000000    0x28f88
 *(.text)
 .text          0x00000000c0000000       0x41 D:/Users/Alex/Desktop/Banana/kernel/boot.32
                0x00000000c0000020                callGlobalConstructors
 .text          0x00000000c0000041        0x0 crti.32
 *fill*         0x00000000c0000041        0x3 
 .text          0x00000000c0000044      0x101 /cygdrive/d/Users/Alex/Desktop/Toolchain/Output/bin/../lib/gcc/i386-banana/8.1.0/crtbegin.o
 *fill*         0x00000000c0000145        0xb 
 .text          0x00000000c0000150      0x518 D:/Users/Alex/Desktop/Banana/kernel/morenasm.32
                0x00000000c0000150                manualPCIProbe
                0x00000000c000019b                prepareTramp
                0x00000000c00001b4                voodooXADD
                0x00000000c000027f                doTPAUSE
                0x00000000c0000289                hasLegacyFPU
                0x00000000c00002ae                is486
                0x00000000c00002e4                detectCPUID
                0x00000000c00002fa                goToVM86
                0x00000000c000032a                goToUsermode
                0x00000000c0000354                switchToThreadASMFirstTime
                0x00000000c0000362                switchToThreadASM
                0x00000000c00003f2                asmQuickAcquireLock
                0x00000000c0000410                asmQuickReleaseLock
                0x00000000c000041c                asmAcquireLock
                0x00000000c000043d                asmReleaseLock
                0x00000000c0000450                loadGDT
                0x00000000c0000470                isr0
                0x00000000c0000480                isr1
                0x00000000c000048a                isr2
                0x00000000c0000494                isr3
                0x00000000c000049e                isr4
                0x00000000c00004a8                isr5
                0x00000000c00004b2                isr6
                0x00000000c00004bc                isr7
                0x00000000c00004c6                isr8
                0x00000000c00004ce                isr9
                0x00000000c00004d8                isr10
                0x00000000c00004e0                isr11
                0x00000000c00004e8                isr12
                0x00000000c00004f0                isr13
                0x00000000c00004f8                isr14
                0x00000000c0000500                isr15
                0x00000000c000050a                isr16
                0x00000000c0000514                isr17
                0x00000000c000051e                isr18
                0x00000000c0000528                irq3
                0x00000000c0000532                irq4
                0x00000000c000053c                irq5
                0x00000000c0000546                irq6
                0x00000000c0000550                irq7
                0x00000000c000055a                irq8
                0x00000000c0000564                irq9
                0x00000000c000056e                irq10
                0x00000000c0000578                irq11
                0x00000000c0000582                irq12
                0x00000000c000058c                irq13
                0x00000000c0000596                irq14
                0x00000000c00005a0                irq15
                0x00000000c00005aa                irq1
                0x00000000c00005b1                irq2
                0x00000000c00005b8                isr96
                0x00000000c00005bf                irq0
                0x00000000c00005c4                int_common_stub
                0x00000000c00005c4                syscall_common_stub
                0x00000000c00005f6                irq16
                0x00000000c0000600                irq17
                0x00000000c000060a                irq18
                0x00000000c0000614                irq19
                0x00000000c000061e                irq20
                0x00000000c0000628                irq21
                0x00000000c0000632                irq22
                0x00000000c000063c                irq23
                0x00000000c0000646                hexStrToInt
                0x00000000c0000663                memcpy
 .text          0x00000000c0000668      0x5dd acpica/utclib.32
                0x00000000c0000668                memcmp
                0x00000000c00006a4                memmove
                0x00000000c000076c                memset
                0x00000000c0000788                strlen
                0x00000000c00007a0                strpbrk
                0x00000000c00007dc                strtok
                0x00000000c0000828                strcpy
                0x00000000c000084c                strncpy
                0x00000000c00008b4                strcmp
                0x00000000c00008f4                strchr
                0x00000000c0000918                strncmp
                0x00000000c0000968                strcat
                0x00000000c0000998                strncat
                0x00000000c00009d4                strstr
                0x00000000c0000a1c                toupper
                0x00000000c0000a30                tolower
                0x00000000c0000a44                simple_strtoul
 .text          0x00000000c0000c45      0xfad core/malloc.32
                0x00000000c0000db0                dlfree
                0x00000000c000110b                dlmalloc
                0x00000000c0001648                dlrealloc
                0x00000000c00017eb                dlmemalign
                0x00000000c000190e                dlcalloc
                0x00000000c00019a8                dlcfree
                0x00000000c00019ad                dlindependent_calloc
                0x00000000c00019d2                dlindependent_comalloc
                0x00000000c00019e9                dlvalloc
                0x00000000c0001a14                dlpvalloc
                0x00000000c0001a4a                dlmalloc_trim
                0x00000000c0001a57                dlmalloc_usable_size
                0x00000000c0001a88                dlmallinfo
                0x00000000c0001b57                dlmalloc_stats
                0x00000000c0001b68                dlmallopt
 .text          0x00000000c0001bf2        0x0 libk/string.32
 .text          0x00000000c0001bf2       0x51 fs/fat/diskio.32
                0x00000000c0001bf2                disk_status
                0x00000000c0001bf5                disk_initialize
                0x00000000c0001bf8                disk_read
                0x00000000c0001c0e                disk_write
                0x00000000c0001c24                disk_ioctl
 .text          0x00000000c0001c43     0x6833 fs/fat/ff.32
                0x00000000c0004f11                f_mount
                0x00000000c0004f73                f_open
                0x00000000c00053af                f_read
                0x00000000c000562f                f_write
                0x00000000c00058e9                f_sync
                0x00000000c0005ac5                f_close
                0x00000000c0005af4                f_lseek
                0x00000000c0005fab                f_opendir
                0x00000000c00060ad                f_closedir
                0x00000000c00060cf                f_readdir
                0x00000000c000616a                f_stat
                0x00000000c00061f9                f_getfree
                0x00000000c00063c4                f_truncate
                0x00000000c00064bc                f_unlink
                0x00000000c000663f                f_mkdir
                0x00000000c000686b                f_rename
                0x00000000c0006b5e                f_chmod
                0x00000000c0006c3c                f_utime
                0x00000000c0006d1a                f_getlabel
                0x00000000c0006f08                f_setlabel
                0x00000000c0007175                f_forward
                0x00000000c0007353                f_mkfs
 .text          0x00000000c0008476       0x2d fs/fat/ffsystem.32
                0x00000000c0008476                ff_memalloc
                0x00000000c000848c                ff_memfree
 .text          0x00000000c00084a3      0x253 fs/fat/ffunicode.32
                0x00000000c00084a3                ff_uni2oem
                0x00000000c0008533                ff_oem2uni
                0x00000000c000859f                ff_wtoupper
 .text          0x00000000c00086f6      0x8fb hal/libresample/samplerate.32
                0x00000000c000873a                src_delete
                0x00000000c0008776                src_process
                0x00000000c000892c                src_callback_read
                0x00000000c0008aa9                src_set_ratio
                0x00000000c0008b13                src_get_channels
                0x00000000c0008b35                src_reset
                0x00000000c0008b81                src_new
                0x00000000c0008c0f                src_callback_new
                0x00000000c0008c71                src_get_name
                0x00000000c0008ca8                src_get_description
                0x00000000c0008cdf                src_get_version
                0x00000000c0008ce5                src_is_valid_ratio
                0x00000000c0008d39                src_error
                0x00000000c0008d47                src_strerror
                0x00000000c0008d5a                src_simple
                0x00000000c0008dad                src_short_to_float_array
                0x00000000c0008e12                src_float_to_short_array
                0x00000000c0008ed1                src_int_to_float_array
                0x00000000c0008f34                src_float_to_int_array
 .text          0x00000000c0008ff1      0x8cb hal/libresample/src_linear.32
                0x00000000c0009817                linear_get_name
                0x00000000c0009826                linear_get_description
                0x00000000c0009835                linear_set_converter
 .text          0x00000000c00098bc     0x447c hal/libresample/src_sinc.32
                0x00000000c000dc4f                sinc_get_name
                0x00000000c000dc62                sinc_get_description
                0x00000000c000dc75                sinc_set_converter
 .text          0x00000000c000dd38      0x77c hal/libresample/src_zoh.32
                0x00000000c000e40f                zoh_get_name
                0x00000000c000e41e                zoh_get_description
                0x00000000c000e42d                zoh_set_converter
 .text          0x00000000c000e4b4       0xa7 compat/inlines.32
                0x00000000c000e4b4                CPU::current()
                0x00000000c000e4c0                operator new(unsigned long)
                0x00000000c000e4c5                operator delete(void*)
                0x00000000c000e4ca                disableIRQs()
                0x00000000c000e4d2                enableIRQs()
                0x00000000c000e4e1                lockScheduler()
                0x00000000c000e4e9                unlockScheduler()
                0x00000000c000e4f8                lockStuff()
                0x00000000c000e506                unlockStuff()
                0x00000000c000e540                Virt::getAKernelVAS()
                0x00000000c000e546                __not_memcpy
 .text          0x00000000c000e55b      0x111 compat/resolve.32
                0x00000000c000e55b                Krnl::resolveCompatibilitySymbol(char*)
 .text          0x00000000c000e66c      0xa17 core/computer.32
                0x00000000c000e66c                Computer::close(int, int, void*)
                0x00000000c000e6b0                Krnl::firstTask()
                0x00000000c000e7a0                Computer::Computer()
                0x00000000c000e7a0                Computer::Computer()
                0x00000000c000e8fc                Computer::setBootMessage(char const*)
                0x00000000c000e8fe                Computer::detectFeatures()
                0x00000000c000eb08                Computer::displayFeatures()
                0x00000000c000ee4e                Computer::rdmsr(unsigned int)
                0x00000000c000ee7a                Computer::wrmsr(unsigned int, unsigned long long)
                0x00000000c000eeb2                Computer::nmiEnabled()
                0x00000000c000eebe                Computer::readCMOS(unsigned char)
                0x00000000c000eed8                Computer::enableNMI(bool)
                0x00000000c000eef0                Computer::open(int, int, void*)
                0x00000000c000efc6                Computer::disableNMI()
                0x00000000c000efd4                Computer::writeCMOS(unsigned char, unsigned char)
                0x00000000c000eff2                Computer::handleNMI()
                0x00000000c000f058                Computer::setDiskActivityLight(int, bool)
 *fill*         0x00000000c000f083        0x1 
 .text          0x00000000c000f084      0x1b7 core/gdt.32
                0x00000000c000f084                GDTEntry::setBase(unsigned int)
                0x00000000c000f0a0                GDTEntry::setLimit(unsigned int)
                0x00000000c000f0be                GDT::GDT()
                0x00000000c000f0be                GDT::GDT()
                0x00000000c000f0d4                GDT::addEntry(GDTEntry)
                0x00000000c000f110                GDT::getNumberOfEntries()
                0x00000000c000f118                GDT::flush()
                0x00000000c000f13a                GDT::setup()
 .text          0x00000000c000f23b       0x6b core/idle.32
                0x00000000c000f23b                idleFunction(void*)
 .text          0x00000000c000f2a6      0x45e core/idt.32
                0x00000000c000f2a6                IDTEntry::IDTEntry(bool)
                0x00000000c000f2a6                IDTEntry::IDTEntry(bool)
                0x00000000c000f314                IDTEntry::setOffset(unsigned int)
                0x00000000c000f328                IDT::IDT()
                0x00000000c000f328                IDT::IDT()
                0x00000000c000f32a                IDT::getPointerToInvalidOpcodeEntryForF00F()
                0x00000000c000f332                IDT::addEntry(IDTEntry, int)
                0x00000000c000f34c                IDT::addEntry(int, void (*)(), bool)
                0x00000000c000f384                IDT::flush()
                0x00000000c000f39e                IDT::setup()
 .text          0x00000000c000f704      0x1fe core/kheap.32
                0x00000000c000f704                sbrk
                0x00000000c000f811                mmap
                0x00000000c000f827                munmap
                0x00000000c000f83d                liballoc_lock()
                0x00000000c000f84a                liballoc_unlock()
                0x00000000c000f85e                liballoc_alloc(int)
                0x00000000c000f879                liballoc_free(void*, int)
                0x00000000c000f894                realloc
                0x00000000c000f8a8                malloc
                0x00000000c000f8b8                free
                0x00000000c000f8c8                rfree
                0x00000000c000f8d8                calloc
 .text          0x00000000c000f902      0x44f core/main.32
                0x00000000c000f902                hwTextMode_loadInData(VgaText*)
                0x00000000c000f947                hwTextMode_loadInTitle(VgaText*, char*)
                0x00000000c000f9b3                hwTextMode_showCursor(VgaText*, bool)
                0x00000000c000fa0e                hwTextMode_update(VgaText*)
                0x00000000c000fa0f                hwTextMode_updateCursor(VgaText*)
                0x00000000c000fa57                hwTextMode_disableBlink(VgaText*, bool)
                0x00000000c000fa9d                hwTextMode_scrollScreen(VgaText*)
                0x00000000c000fb3e                hwTextMode_writeCharacter(VgaText*, char, VgaColour, VgaColour, int, int)
                0x00000000c000fbbd                setupTextMode()
                0x00000000c000fc2d                kernel_main
 .text          0x00000000c000fd51      0x56c core/physmgr.32
                0x00000000c000fd51                Phys::allocateDMA(unsigned long)
                0x00000000c000fdf4                Phys::freeDMA(unsigned long, unsigned long)
                0x00000000c000fe3c                Phys::setPageState(unsigned long, bool)
                0x00000000c000fe6e                Phys::getPageState(unsigned long)
                0x00000000c000fe8a                Phys::freePage(unsigned long)
                0x00000000c000ff14                Phys::allocatePage()
                0x00000000c000fff9                Phys::allocateContiguousPages(int)
                0x00000000c0010055                Phys::allowSegmentToBeUsed(unsigned long, unsigned long)
                0x00000000c001008d                Phys::physicalMemorySetup(unsigned int)
 *fill*         0x00000000c00102bd        0x1 
 .text          0x00000000c00102be      0x263 core/pipe.32
                0x00000000c00102be                Pipe::isAtty()
                0x00000000c00102c2                Pipe::~Pipe()
                0x00000000c00102c2                Pipe::~Pipe()
                0x00000000c00102e6                Pipe::~Pipe()
                0x00000000c001030e                Pipe::read(unsigned long long, void*, int*)
                0x00000000c00103fc                Pipe::write(unsigned long long, void*, int*)
                0x00000000c00104ba                Pipe::Pipe(int)
                0x00000000c00104ba                Pipe::Pipe(int)
 *fill*         0x00000000c0010521        0x1 
 .text          0x00000000c0010522      0xe4b core/terminal.32
                0x00000000c0010522                VgaText::isAtty()
                0x00000000c0010526                VgaText::~VgaText()
                0x00000000c0010526                VgaText::~VgaText()
                0x00000000c001054a                VgaText::~VgaText()
                0x00000000c0010574                VgaText::read(unsigned long long, void*, int*)
                0x00000000c0010594                setTerminalScrollLock(bool)
                0x00000000c0010595                addToTerminalCycle(VgaText*)
                0x00000000c00105b6                installVgaTextImplementation()
                0x00000000c00105cb                scrollTerminalScrollLock(int)
                0x00000000c00105cc                VgaText::load()
                0x00000000c001061a                VgaText::updateCursor()
                0x00000000c0010630                VgaText::showCursor(bool)
                0x00000000c001063c                VgaText::disableBlink(bool)
                0x00000000c0010670                VgaText::doANSI_SGR(int)
                0x00000000c00106e4                VgaText::setDefaultBgColour(VgaColour)
                0x00000000c00106f4                VgaText::setDefaultFgColour(VgaColour)
                0x00000000c0010704                VgaText::setDefaultColours(VgaColour, VgaColour)
                0x00000000c0010724                VgaText::combineColours(unsigned char, unsigned char)
                0x00000000c0010736                VgaText::scrollScreen()
                0x00000000c00107ca                VgaText::combineCharAndColour(char, unsigned char)
                0x00000000c00107dc                VgaText::writeCharacter(char, VgaColour, VgaColour, int, int)
                0x00000000c0010838                VgaText::getCursorX()
                0x00000000c0010840                VgaText::getCursorY()
                0x00000000c0010848                VgaText::setCursor(int, int)
                0x00000000c0010860                VgaText::setCursorX(int)
                0x00000000c0010878                VgaText::setCursorY(int)
                0x00000000c0010890                VgaText::incrementCursor(bool)
                0x00000000c00108e4                VgaText::updateRAMUsageDisplay(int)
                0x00000000c0010948                VgaText::updateDiskUsage()
                0x00000000c0010ab2                VgaText::updateTitle()
                0x00000000c0010af6                VgaText::setTitleTextColour(VgaColour)
                0x00000000c0010b04                VgaText::setTitleColour(VgaColour)
                0x00000000c0010b12                VgaText::setTitle(char*)
                0x00000000c0010b38                VgaText::decrementCursor(bool)
                0x00000000c0010b5a                VgaText::putchar(char, VgaColour, VgaColour)
                0x00000000c0010c32                VgaText::isShowingCursor()
                0x00000000c0010c3a                VgaText::isBlinkDisabled()
                0x00000000c0010c46                VgaText::setCursorHeight(int)
                0x00000000c0010c5e                VgaText::getCursorHeight()
                0x00000000c0010c66                setActiveTerminal(VgaText*)
                0x00000000c0010d0c                doTerminalCycle()
                0x00000000c0010d26                VgaText::doUpdate()
                0x00000000c0010d34                VgaText::puts(char const*, VgaColour, VgaColour)
                0x00000000c0010eac                VgaText::clearScreen()
                0x00000000c0010f06                VgaText::putchar(char)
                0x00000000c0010ff2                VgaText::puts(char const*)
                0x00000000c0011018                VgaText::putx(unsigned int)
                0x00000000c001105e                VgaText::VgaText(char const*)
                0x00000000c001105e                VgaText::VgaText(char const*)
                0x00000000c001120c                VgaText::receiveKey(unsigned char)
                0x00000000c00112f4                VgaText::write(unsigned long long, void*, int*)
                0x00000000c0011348                newTerminal(char*)
 *fill*         0x00000000c001136d        0x1 
 .text          0x00000000c001136e      0x1b3 core/tss.32
                0x00000000c001136e                TSS::TSS()
                0x00000000c001136e                TSS::TSS()
                0x00000000c001137c                TSS::setESP(unsigned long)
                0x00000000c001138e                TSS::flush()
                0x00000000c00113ae                TSS::setup(unsigned long, unsigned long)
 *fill*         0x00000000c0011521        0x1 
 .text          0x00000000c0011522      0x4c2 core/unixfile.32
                0x00000000c0011522                ReservedFilename::read(unsigned long long, void*, int*)
                0x00000000c0011578                ReservedFilename::isAtty()
                0x00000000c0011594                ReservedFilename::write(unsigned long long, void*, int*)
                0x00000000c00115f2                UnixFile::getFileDescriptor()
                0x00000000c00115fa                UnixFile::UnixFile(int)
                0x00000000c00115fa                UnixFile::UnixFile(int)
                0x00000000c00117aa                ReservedFilename::ReservedFilename(int)
                0x00000000c00117aa                ReservedFilename::ReservedFilename(int)
                0x00000000c00117dc                UnixFile::~UnixFile()
                0x00000000c00117dc                UnixFile::~UnixFile()
                0x00000000c0011874                UnixFile::~UnixFile()
                0x00000000c001189c                ReservedFilename::~ReservedFilename()
                0x00000000c001189c                ReservedFilename::~ReservedFilename()
                0x00000000c00118c0                ReservedFilename::~ReservedFilename()
                0x00000000c00118e7                getFromFileDescriptor(int)
 .text          0x00000000c00119e4     0x12f9 core/virtmgr.32
                0x00000000c00119e4                Virt::setPageState(unsigned long, Virt::VirtPageState)
                0x00000000c0011a19                Virt::getPageState(unsigned long)
                0x00000000c0011a3d                Virt::allocateKernelVirtualPages(int)
                0x00000000c0011b4e                Virt::freeSwapfilePage(unsigned long)
                0x00000000c0011b6c                Virt::swapIDToSector(unsigned long)
                0x00000000c0011b7e                Virt::allocateSwapfilePage()
                0x00000000c0011bfc                Virt::virtualMemorySetup()
                0x00000000c0011c7b                Virt::swappingSetup()
                0x00000000c0011c7c                Virt::setupPageSwapping(int)
                0x00000000c0011e48                VAS::VAS()
                0x00000000c0011e48                VAS::VAS()
                0x00000000c0011e84                VAS::VAS(VAS*)
                0x00000000c0011e84                VAS::VAS(VAS*)
                0x00000000c0011eb2                VAS::getForeignPageTableEntry(bool, unsigned long)
                0x00000000c0011ede                VAS::getPageTableEntry(unsigned long)
                0x00000000c0011efd                Virt::freeKernelVirtualPages(unsigned long)
                0x00000000c0012020                VAS::freeAllocatedPages(unsigned long)
                0x00000000c0012044                VAS::virtualToPhysical(unsigned long)
                0x00000000c001205c                VAS::reflagRange(unsigned long, int, int, int)
                0x00000000c001209c                VAS::setToWriteCombining(unsigned long, int)
                0x00000000c00120ce                VAS::mapOtherVASIn(bool, VAS*)
                0x00000000c00120f8                VAS::~VAS()
                0x00000000c00120f8                VAS::~VAS()
                0x00000000c0012274                VAS::mapPage(unsigned long, unsigned long, int)
                0x00000000c0012376                VAS::allocatePages(int, int)
                0x00000000c001254e                VAS::setCPUSpecific(unsigned long)
                0x00000000c001256a                VAS::mapRange(unsigned long, unsigned long, int, int)
                0x00000000c0012630                VAS::mapForeignPage(bool, VAS*, unsigned long, unsigned long, int)
                0x00000000c001271e                VAS::VAS(bool)
                0x00000000c001271e                VAS::VAS(bool)
                0x00000000c001299e                VAS::evict(unsigned long)
                0x00000000c0012a60                VAS::tryLoadBackOffDisk(unsigned long)
                0x00000000c0012b70                VAS::scanForEviction()
                0x00000000c0012c21                mapVASFirstTime
 .text          0x00000000c0012cdd       0x95 coreobjs/c++.32
                0x00000000c0012cdd                __cxa_atexit
                0x00000000c0012ce0                __cxa_finalize
                0x00000000c0012ce1                __stack_chk_fail
                0x00000000c0012d4d                __cxa_pure_virtual
                0x00000000c0012d5e                operator new[](unsigned long)
                0x00000000c0012d63                operator delete(void*, unsigned long)
                0x00000000c0012d68                operator delete[](void*)
                0x00000000c0012d6d                operator delete[](void*, unsigned long)
 .text          0x00000000c0012d72      0x1ef dbg/kconsole.32
                0x00000000c0012d72                Dbg::stringifyxWithBase(unsigned int, char*, int)
                0x00000000c0012dd3                Dbg::logc(char)
                0x00000000c0012dea                Dbg::logs(char*)
                0x00000000c0012e07                Dbg::logWriteInt(unsigned int)
                0x00000000c0012e24                Dbg::logWriteIntBase(unsigned int, int)
                0x00000000c0012e43                Dbg::kprintf(char const*, ...)
 *fill*         0x00000000c0012f61        0x1 
 .text          0x00000000c0012f62      0xb82 fs/vfs.32
                0x00000000c0012f62                File::read(unsigned long long, void*, int*)
                0x00000000c0012fba                File::write(unsigned long long, void*, int*)
                0x00000000c0013012                Directory::read(unsigned long long, void*, int*)
                0x00000000c001306a                Directory::write(unsigned long long, void*, int*)
                0x00000000c0013098                File::isAtty()
                0x00000000c001309c                Directory::isAtty()
                0x00000000c00130a0                Filesystem::getlabel(LogicalDisk*, int, char*, unsigned int*)
                0x00000000c00130a6                Filesystem::setlabel(LogicalDisk*, int, char*)
                0x00000000c00130ac                Filesystem::getFileFirstSector(char const*)
                0x00000000c00130b2                File::~File()
                0x00000000c00130b2                File::~File()
                0x00000000c00130d6                File::~File()
                0x00000000c0013100                Directory::~Directory()
                0x00000000c0013100                Directory::~Directory()
                0x00000000c0013124                Directory::~Directory()
                0x00000000c001314e                Filesystem::Filesystem()
                0x00000000c001314e                Filesystem::Filesystem()
                0x00000000c0013172                Filesystem::~Filesystem()
                0x00000000c0013172                Filesystem::~Filesystem()
                0x00000000c0013180                Filesystem::~Filesystem()
                0x00000000c00131a4                Fs::getcwd(Process*, char*, int)
                0x00000000c00131ce                Fs::initVFS()
                0x00000000c00131f8                Fs::standardiseFiles(char*, char const*, char const*)
                0x00000000c00133a2                File::File(char const*, Process*)
                0x00000000c00133a2                File::File(char const*, Process*)
                0x00000000c0013406                File::open(FileOpenMode)
                0x00000000c0013464                File::close()
                0x00000000c00134c4                File::seek(unsigned long long)
                0x00000000c001351a                File::tell(unsigned long long*)
                0x00000000c001356a                File::rewind()
                0x00000000c001357e                File::unlink()
                0x00000000c00135ca                File::rename(char const*)
                0x00000000c0013618                File::chfatattr(unsigned char, unsigned char)
                0x00000000c0013674                File::exists()
                0x00000000c00136b2                File::stat(unsigned long long*, bool*)
                0x00000000c0013713                Fs::setcwd(Process*, char*)
                0x00000000c001384e                Directory::Directory(char const*, Process*)
                0x00000000c001384e                Directory::Directory(char const*, Process*)
                0x00000000c00138b2                Directory::open()
                0x00000000c001390e                Directory::close()
                0x00000000c001396e                Directory::unlink()
                0x00000000c00139ba                Directory::rename(char const*)
                0x00000000c0013a08                Directory::exists()
                0x00000000c0013a46                Directory::read(dirent*)
                0x00000000c0013a92                Directory::create()
                0x00000000c0013ade                Filesystem::chfatattr(char const*, unsigned char, unsigned char)
 .text          0x00000000c0013ae4       0x84 hal/bus.32
                0x00000000c0013ae4                Bus::Bus(char const*)
                0x00000000c0013ae4                Bus::Bus(char const*)
                0x00000000c0013b1a                Bus::~Bus()
                0x00000000c0013b1a                Bus::~Bus()
                0x00000000c0013b3e                Bus::~Bus()
 .text          0x00000000c0013b68      0x156 hal/buzzer.32
                0x00000000c0013b68                Buzzer::Buzzer(char const*)
                0x00000000c0013b68                Buzzer::Buzzer(char const*)
                0x00000000c0013bac                Buzzer::~Buzzer()
                0x00000000c0013bac                Buzzer::~Buzzer()
                0x00000000c0013bd0                Buzzer::~Buzzer()
                0x00000000c0013bfa                Buzzer::stop()
                0x00000000c0013c0d                beepThread(void*)
                0x00000000c0013c50                Buzzer::beep(int, int, bool)
 .text          0x00000000c0013cbe      0x467 hal/clock.32
                0x00000000c0013cbe                User::loadClockSettings(int)
                0x00000000c0013d10                Clock::Clock(char const*)
                0x00000000c0013d10                Clock::Clock(char const*)
                0x00000000c0013d46                Clock::~Clock()
                0x00000000c0013d46                Clock::~Clock()
                0x00000000c0013d6a                Clock::~Clock()
                0x00000000c0013d94                Clock::timeInSecondsLocal()
                0x00000000c0013ddc                Clock::setTimeInSecondsLocal(unsigned long long)
                0x00000000c0013e35                datetimeToSeconds(datetime_t)
                0x00000000c0013f5c                Clock::setTimeInDatetimeLocal(datetime_t)
                0x00000000c0013fbc                secondsToDatetime(unsigned long long)
                0x00000000c0014100                Clock::timeInDatetimeLocal()
 *fill*         0x00000000c0014125        0x1 
 .text          0x00000000c0014126      0x4d8 hal/device.32
                0x00000000c0014126                Device::hibernate()
                0x00000000c0014128                Device::wake()
                0x00000000c001412a                Device::detect()
                0x00000000c001412c                Device::disableLegacy()
                0x00000000c001412e                Device::powerSaving(PowerSavingLevel)
                0x00000000c0014130                DriverlessDevice::close(int, int, void*)
                0x00000000c0014134                DriverlessDevice::detect()
                0x00000000c0014136                DriverlessDevice::open(int, int, void*)
                0x00000000c001414a                Device::~Device()
                0x00000000c001414a                Device::~Device()
                0x00000000c0014158                Device::~Device()
                0x00000000c0014180                Device::findAndLoadDriver()
                0x00000000c0014182                Device::preOpenPCI(PCIDeviceInfo)
                0x00000000c00141a8                Device::preOpenACPI(void*, char*, char*)
                0x00000000c00141e8                Device::addIRQHandler(int, void (*)(regs*, void*), bool, void*)
                0x00000000c0014226                Device::removeIRQHandler(int, void (*)(regs*, void*), bool)
                0x00000000c0014264                Device::addChild(Device*)
                0x00000000c00142a8                Device::removeAllChildren()
                0x00000000c00142ee                Device::hibernateAll()
                0x00000000c001431e                Device::wakeAll()
                0x00000000c001434e                Device::detectAll()
                0x00000000c001437e                Device::disableLegacyAll()
                0x00000000c00143ae                Device::loadDriversForAll()
                0x00000000c00143da                Device::closeAll()
                0x00000000c0014410                Device::powerSavingAll(PowerSavingLevel)
                0x00000000c0014446                Device::setName(char const*)
                0x00000000c0014454                Device::Device(char const*)
                0x00000000c0014454                Device::Device(char const*)
                0x00000000c0014550                Device::getName()
                0x00000000c001455a                DriverlessDevice::DriverlessDevice(char const*)
                0x00000000c001455a                DriverlessDevice::DriverlessDevice(char const*)
                0x00000000c0014590                Device::addToLinkedList(LinkedList<Device>&, DeviceType)
                0x00000000c00145d4                getDevicesOfType(DeviceType)
 .text          0x00000000c00145fe       0x84 hal/diskctrl.32
                0x00000000c00145fe                HardDiskController::HardDiskController(char const*)
                0x00000000c00145fe                HardDiskController::HardDiskController(char const*)
                0x00000000c0014634                HardDiskController::~HardDiskController()
                0x00000000c0014634                HardDiskController::~HardDiskController()
                0x00000000c0014658                HardDiskController::~HardDiskController()
 .text          0x00000000c0014682       0xf2 hal/diskphys.32
                0x00000000c0014682                PhysicalDisk::eject()
                0x00000000c0014696                PhysicalDisk::PhysicalDisk(char const*, int)
                0x00000000c0014696                PhysicalDisk::PhysicalDisk(char const*, int)
                0x00000000c00146fe                PhysicalDisk::startCache()
                0x00000000c0014726                PhysicalDisk::~PhysicalDisk()
                0x00000000c0014726                PhysicalDisk::~PhysicalDisk()
                0x00000000c001474a                PhysicalDisk::~PhysicalDisk()
 .text          0x00000000c0014774      0x13b hal/fpu.32
                0x00000000c0014774                FPU::FPU(char const*)
                0x00000000c0014774                FPU::FPU(char const*)
                0x00000000c00147aa                FPU::~FPU()
                0x00000000c00147aa                FPU::~FPU()
                0x00000000c00147ce                FPU::~FPU()
                0x00000000c00147f8                setupFPU()
 *fill*         0x00000000c00148af        0x1 
 .text          0x00000000c00148b0     0x1439 hal/intctrl.32
                0x00000000c00148b0                InterruptController::uninstallISRHandler(int, void (*)(regs*, void*))
                0x00000000c00148e8                InterruptController::installISRHandler(int, void (*)(regs*, void*), void*)
                0x00000000c001493a                doubleFault(regs*, void*)
                0x00000000c0014954                InterruptController::installIRQHandler(int, void (*)(regs*, void*), bool, void*)
                0x00000000c00149f0                InterruptController::clearAllHandlers(int, bool)
                0x00000000c0014a98                InterruptController::uninstallIRQHandler(int, void (*)(regs*, void*), bool)
                0x00000000c0014b1f                nmiHandler(regs*, void*)
                0x00000000c0014b2d                int_handler
                0x00000000c0014bce                InterruptController::InterruptController(char const*)
                0x00000000c0014bce                InterruptController::InterruptController(char const*)
                0x00000000c0014c74                InterruptController::~InterruptController()
                0x00000000c0014c74                InterruptController::~InterruptController()
                0x00000000c0014c98                InterruptController::~InterruptController()
                0x00000000c0014cc2                displayDebugInfo(regs*)
                0x00000000c0015151                x87EmulHandler(regs*, void*)
                0x00000000c00151c4                gpFault(regs*, void*)
                0x00000000c00151fd                pgFault(regs*, void*)
                0x00000000c0015239                otherISRHandler(regs*, void*)
                0x00000000c0015258                opcodeFault(regs*, void*)
                0x00000000c0015875                displayProgramFault(char const*)
                0x00000000c001589d                setupInterruptController()
                0x00000000c0015c9c                InterruptController::convertLegacyIRQNumber(int)
 *fill*         0x00000000c0015ce9        0x1 
 .text          0x00000000c0015cea      0x794 hal/keybrd.32
                0x00000000c0015cea                startGUI(void*)
                0x00000000c0015d56                startGUIVESA(void*)
                0x00000000c0015dc2                sendKeyToTerminal(unsigned char)
                0x00000000c0015e80                sendKeyboardToken(KeyboardToken)
                0x00000000c00162bd                clearInternalKeybuffer(VgaText*)
                0x00000000c00162f2                readKeyboard(VgaText*, char*, unsigned long)
                0x00000000c00163f4                Keyboard::Keyboard(char const*)
                0x00000000c00163f4                Keyboard::Keyboard(char const*)
                0x00000000c0016430                Keyboard::~Keyboard()
                0x00000000c0016430                Keyboard::~Keyboard()
                0x00000000c0016454                Keyboard::~Keyboard()
 .text          0x00000000c001647e      0x414 hal/logidisk.32
                0x00000000c001647e                LogicalDisk::close(int, int, void*)
                0x00000000c0016482                LogicalDisk::~LogicalDisk()
                0x00000000c0016482                LogicalDisk::~LogicalDisk()
                0x00000000c00164a6                LogicalDisk::~LogicalDisk()
                0x00000000c00164d0                LogicalDisk::open(int, int, void*)
                0x00000000c00164e4                LogicalDisk::absoluteToRelative(unsigned long long)
                0x00000000c001651c                LogicalDisk::relativeToAbsolute(unsigned long long)
                0x00000000c0016562                LogicalDisk::LogicalDisk(char const*, PhysicalDisk*, unsigned long long, unsigned long long)
                0x00000000c0016562                LogicalDisk::LogicalDisk(char const*, PhysicalDisk*, unsigned long long, unsigned long long)
                0x00000000c0016618                LogicalDisk::assignDriveLetter()
                0x00000000c00166ce                LogicalDisk::mount()
                0x00000000c0016740                LogicalDisk::unmount()
                0x00000000c0016750                LogicalDisk::eject()
                0x00000000c0016764                LogicalDisk::unassignDriveLetter()
                0x00000000c00167ba                LogicalDisk::read(unsigned long long, int, void*)
                0x00000000c0016826                LogicalDisk::write(unsigned long long, int, void*)
 .text          0x00000000c0016892       0x84 hal/mouse.32
                0x00000000c0016892                Mouse::Mouse(char const*)
                0x00000000c0016892                Mouse::Mouse(char const*)
                0x00000000c00168c8                Mouse::~Mouse()
                0x00000000c00168c8                Mouse::~Mouse()
                0x00000000c00168ec                Mouse::~Mouse()
 .text          0x00000000c0016916      0x359 hal/partition.32
                0x00000000c0016916                makePartition(PhysicalDisk*, unsigned long long, unsigned long long)
                0x00000000c00169de                createPartitionsForDisk(PhysicalDisk*)
 *fill*         0x00000000c0016c6f        0x1 
 .text          0x00000000c0016c70       0x84 hal/serial.32
                0x00000000c0016c70                Serial::Serial(char const*)
                0x00000000c0016c70                Serial::Serial(char const*)
                0x00000000c0016ca6                Serial::~Serial()
                0x00000000c0016ca6                Serial::~Serial()
                0x00000000c0016cca                Serial::~Serial()
 .text          0x00000000c0016cf4      0x2f3 hal/timer.32
                0x00000000c0016cf4                Timer::Timer(char const*)
                0x00000000c0016cf4                Timer::Timer(char const*)
                0x00000000c0016d2a                Timer::~Timer()
                0x00000000c0016d2a                Timer::~Timer()
                0x00000000c0016d4e                Timer::~Timer()
                0x00000000c0016d78                Timer::read()
                0x00000000c0016d83                timerHandler(unsigned long long)
                0x00000000c0016ef5                setupTimer(int)
 *fill*         0x00000000c0016fe7        0x1 
 .text          0x00000000c0016fe8      0x409 hal/vcache.32
                0x00000000c0016fe8                VCache::VCache(PhysicalDisk*)
                0x00000000c0016fe8                VCache::VCache(PhysicalDisk*)
                0x00000000c0017150                VCache::invalidateReadBuffer()
                0x00000000c0017160                VCache::writeWriteBuffer()
                0x00000000c001719c                VCache::~VCache()
                0x00000000c001719c                VCache::~VCache()
                0x00000000c00171f0                VCache::~VCache()
                0x00000000c0017218                VCache::write(unsigned long long, int, void*)
                0x00000000c0017302                VCache::read(unsigned long long, int, void*)
 *fill*         0x00000000c00173f1        0x1 
 .text          0x00000000c00173f2      0x4cd hal/video.32
                0x00000000c00173f2                Video::putrect(int, int, int, int, unsigned int)
                0x00000000c001743e                Video::bitblit(int, int, int, int, int, int, int, unsigned int*)
                0x00000000c00174ae                Video::blit(unsigned int*, int, int, int, int)
                0x00000000c001752c                Video::clearScreen(unsigned int)
                0x00000000c0017560                Video::putpixel(int, int, unsigned int)
                0x00000000c001756e                Video::Video(char const*)
                0x00000000c001756e                Video::Video(char const*)
                0x00000000c00175a4                Video::~Video()
                0x00000000c00175a4                Video::~Video()
                0x00000000c00175c8                Video::~Video()
                0x00000000c00175f2                Video::isMonochrome()
                0x00000000c00175fe                Video::getWidth()
                0x00000000c001760a                Video::getHeight()
                0x00000000c0017616                Video::drawCursor(int, int, unsigned char*, int)
                0x00000000c00176d2                Video::tgaParse(unsigned char*, int, int*, int*)
                0x00000000c0017854                Video::putTGA(int, int, unsigned char*, int)
 *fill*         0x00000000c00178bf        0x1 
 .text          0x00000000c00178c0     0x1111 hw/acpi.32
                0x00000000c00178c0                ACPI::close(int, int, void*)
                0x00000000c0017975                findRSDP()
                0x00000000c0017a0f                loadACPITables(unsigned char*)
                0x00000000c0017c60                findRSDT(unsigned char*)
                0x00000000c0017da6                findDataTable(unsigned char*, char*)
                0x00000000c0017e42                scanMADT()
                0x00000000c00182c8                ACPI::ACPI()
                0x00000000c00182c8                ACPI::ACPI()
                0x00000000c0018332                ACPI::getPCIIRQAssignment(unsigned char, unsigned short, unsigned char)
                0x00000000c0018414                ACPI::registerPCIIRQAssignment(void*, unsigned short, unsigned char, unsigned char)
                0x00000000c00184da                ACPI::setScreenBrightnessLevel(void*, int)
                0x00000000c00184e0                ACPI::writeSimpleBootFlag(SimpleBootFlagTable*)
                0x00000000c0018528                ACPI::sleep()
                0x00000000c0018540                ACPI::open(int, int, void*)
 *fill*         0x00000000c00189d1        0x1 
 .text          0x00000000c00189d2     0x1707 hw/cpu.32
                0x00000000c00189d2                CPU::close(int, int, void*)
                0x00000000c00189d6                CPU::lookupAMDName(unsigned char, unsigned char)
                0x00000000c0018b6a                CPU::lookupIntelName(unsigned char, unsigned char)
                0x00000000c0018e18                CPU::AMD_K6_write_msr(unsigned int, unsigned int, unsigned int, CPU::REGS*)
                0x00000000c0018e34                CPU::AMD_K6_read_msr(unsigned int, CPU::REGS*)
                0x00000000c0018e4c                CPU::AMD_K6_writeback(int, int, int)
                0x00000000c0018ec0                CPU::cpuid(int, unsigned long*, unsigned long*, unsigned long*, unsigned long*)
                0x00000000c0018f44                CPU::cpuidCheckEDX(unsigned int)
                0x00000000c0018f72                CPU::cpuidCheckECX(unsigned int)
                0x00000000c0018fa0                CPU::cpuidCheckExtendedEBX(unsigned int)
                0x00000000c0018fce                CPU::cpuidCheckExtendedECX(unsigned int)
                0x00000000c0018ffc                CPU::CPU()
                0x00000000c0018ffc                CPU::CPU()
                0x00000000c001908a                CPU::displayFeatures()
                0x00000000c0019306                CPU::detectFeatures()
                0x00000000c0019ce8                CPU::setupSMEP()
                0x00000000c0019cf4                CPU::setupUMIP()
                0x00000000c0019cfe                CPU::setupTSC()
                0x00000000c0019d08                CPU::setupLargePages()
                0x00000000c0019d12                CPU::setupPAT()
                0x00000000c0019d4e                CPU::setupMTRR()
                0x00000000c0019d50                CPU::setupGlobalPages()
                0x00000000c0019d5a                CPU::allowUsermodeDataAccess()
                0x00000000c0019d6c                CPU::prohibitUsermodeDataAccess()
                0x00000000c0019d7e                CPU::setupSMAP()
                0x00000000c0019d8c                CPU::setupFeatures()
                0x00000000c0019e0c                CPU::open(int, int, void*)
                0x00000000c0019ede                CPU::decodeAddress(regs*, int*, bool*, unsigned char*)
 .text          0x00000000c001a0d9        0x0 hw/ports.32
 .text          0x00000000c001a0d9      0x16a hw/smp.32
                0x00000000c001a0d9                Krnl::smpEntry()
                0x00000000c001a0db                Krnl::startCPU(int)
                0x00000000c001a224                Krnl::startCPUs()
 *fill*         0x00000000c001a243        0x1 
 .text          0x00000000c001a244      0x5c9 krnl/env.32
                0x00000000c001a244                EnvVarContainer::getEnv(char const*)
                0x00000000c001a282                EnvVarContainer::setEnv(char const*, char const*)
                0x00000000c001a340                EnvVarContainer::deleteEnv(char const*)
                0x00000000c001a342                EnvVarContainer::loadFrom(char const*, char const*)
                0x00000000c001a544                EnvVarContainer::__loadSystem()
                0x00000000c001a55e                EnvVarContainer::__loadUser()
                0x00000000c001a560                EnvVarContainer::EnvVarContainer(Process*)
                0x00000000c001a560                EnvVarContainer::EnvVarContainer(Process*)
                0x00000000c001a582                EnvVarContainer::~EnvVarContainer()
                0x00000000c001a582                EnvVarContainer::~EnvVarContainer()
                0x00000000c001a5b2                Krnl::getEnv(Process*, char const*)
                0x00000000c001a617                Krnl::setEnvSystem(char const*, char const*)
                0x00000000c001a631                Krnl::setEnvUser(char const*, char const*)
                0x00000000c001a650                Krnl::setEnvProcess(Process*, char const*, char const*)
                0x00000000c001a663                Krnl::deleteEnvSystem(char const*)
                0x00000000c001a664                Krnl::deleteEnvUser(char const*)
                0x00000000c001a665                Krnl::deleteEnvProcess(Process*, char const*)
                0x00000000c001a666                Krnl::newProcessEnv(Process*)
                0x00000000c001a688                Krnl::copyProcessEnv(Process*, Process*)
                0x00000000c001a6d4                Krnl::loadSystemEnv()
                0x00000000c001a702                Krnl::loadUserEnv()
                0x00000000c001a728                Krnl::flushEnv()
                0x00000000c001a729                Krnl::getProcessTotalEnvCount(Process*)
                0x00000000c001a749                Krnl::getProcessEnvPair(Process*, int)
 .text          0x00000000c001a80d      0x396 krnl/panic.32
                0x00000000c001a80d                Krnl::panic(char const*)
 .text          0x00000000c001aba3      0x559 net/ethernet.32
                0x00000000c001aba3                Net::switchEndian16(unsigned short)
                0x00000000c001abc4                Net::switchEndian32(unsigned int)
                0x00000000c001abf3                Net::crc32Calc(unsigned char*, int)
                0x00000000c001ac84                Net::wrapEthernetFrame(Net::UnwrappedEthernetFrame, unsigned char*)
                0x00000000c001ae84                Net::unwrapEthernetFrame(unsigned char*, int)
 .text          0x00000000c001b0fc      0x50e reg/registry.32
                0x00000000c001b0fc                Reg::findLineFromLoadedData(char*, char*, char*)
                0x00000000c001b254                Reg::getLineFromRegistry(char*, char*, char*, char*)
                0x00000000c001b3a9                Reg::getLine(char*, char*, char*)
                0x00000000c001b3e0                Reg::readInt(char*, char*, int*)
                0x00000000c001b4cb                Reg::readString(char*, char*, char*, int)
                0x00000000c001b54c                Reg::readBool(char*, char*, bool*)
                0x00000000c001b571                Reg::readBoolWithDefault(char*, char*, bool)
                0x00000000c001b59d                Reg::readIntWithDefault(char*, char*, int)
                0x00000000c001b5c9                Reg::readStringWithDefault(char*, char*, char*, int, char*)
 .text          0x00000000c001b60a       0x36 sys/sc_eject.32
                0x00000000c001b60a                Sys::eject(regs*)
 .text          0x00000000c001b640       0x18 sys/sc_exit.32
                0x00000000c001b640                Sys::exit(regs*)
 .text          0x00000000c001b658       0x1f sys/sc_getcwd.32
                0x00000000c001b658                Sys::getCwd(regs*)
 .text          0x00000000c001b677        0xc sys/sc_getpid.32
                0x00000000c001b677                Sys::getPID(regs*)
 .text          0x00000000c001b683       0x17 sys/sc_getramdata.32
                0x00000000c001b683                Sys::getRAMData(regs*)
 .text          0x00000000c001b69a       0x84 sys/sc_getvgaptr.32
                0x00000000c001b69a                Sys::getVGAPtr(regs*)
 .text          0x00000000c001b71e       0xa8 sys/sc_loaddll.32
                0x00000000c001b71e                Sys::loadDLL(regs*)
 .text          0x00000000c001b7c6       0x68 sys/sc_read.32
                0x00000000c001b7c6                Sys::read(regs*)
 .text          0x00000000c001b82e       0x55 sys/sc_sbrk.32
                0x00000000c001b82e                Sys::sbrk(regs*)
 .text          0x00000000c001b883       0x1c sys/sc_setcwd.32
                0x00000000c001b883                Sys::setCwd(regs*)
 .text          0x00000000c001b89f      0x128 sys/sc_settime.32
                0x00000000c001b89f                Sys::setTime(regs*)
 .text          0x00000000c001b9c7       0x4a sys/sc_timezone.32
                0x00000000c001b9c7                Sys::timezone(regs*)
 .text          0x00000000c001ba11       0x68 sys/sc_write.32
                0x00000000c001ba11                Sys::write(regs*)
 .text          0x00000000c001ba79       0x62 sys/sc_wsbe.32
                0x00000000c001ba79                Sys::wsbe(regs*)
 .text          0x00000000c001badb       0x46 sys/sc_yield.32
                0x00000000c001badb                Sys::yield(regs*)
 .text          0x00000000c001bb21     0x1101 sys/syscalls.32
                0x00000000c001bb21                sysCallSeekDir(regs*)
                0x00000000c001bb26                sysCallTellDir(regs*)
                0x00000000c001bb2b                sysCallVerify(regs*)
                0x00000000c001bb35                sysFormatDisk(regs*)
                0x00000000c001bb9f                sysSetDiskVolumeLabel(regs*)
                0x00000000c001bbe5                sysGetDiskVolumeLabel(regs*)
                0x00000000c001bc36                sysShutdown(regs*)
                0x00000000c001bc94                sysCallRealpath(regs*)
                0x00000000c001bcd7                sysCallGetArgc(regs*)
                0x00000000c001bd05                sysCallReadDir(regs*)
                0x00000000c001bd93                sysCallIsATTY(regs*)
                0x00000000c001bded                sysCallSeek(regs*)
                0x00000000c001be56                sysCallTell(regs*)
                0x00000000c001bed3                sysCallSize(regs*)
                0x00000000c001bf56                sysCallSizeFromFilename(regs*)
                0x00000000c001c016                sysCallClose(regs*)
                0x00000000c001c09e                sysCallOpenDir(regs*)
                0x00000000c001c113                sysCallCloseDir(regs*)
                0x00000000c001c179                sysCallMakeDir(regs*)
                0x00000000c001c1e9                sysCallWait(regs*)
                0x00000000c001c203                sysCallNotImpl(regs*)
                0x00000000c001c21e                sysPanic(regs*)
                0x00000000c001c244                sysCallRmdir(regs*)
                0x00000000c001c2a8                sysCallUnlink(regs*)
                0x00000000c001c30c                sysCallGetArgv(regs*)
                0x00000000c001c358                sysCallTTYName(regs*)
                0x00000000c001c3db                sysCallUSleep(regs*)
                0x00000000c001c402                sysCallSpawn(regs*)
                0x00000000c001c477                sysCallGetEnv(regs*)
                0x00000000c001c5af                sysAppSettings(regs*)
                0x00000000c001c6c3                sysSetFatAttrib(regs*)
                0x00000000c001c735                sysPipe(regs*)
                0x00000000c001c77a                sysGetUnixTime(regs*)
                0x00000000c001c78e                string_ends_with(char const*, char const*)
                0x00000000c001c7d6                sysCallOpen(regs*)
                0x00000000c001c9eb                Sys::loadSyscalls()
                0x00000000c001cbe0                Sys::systemCall(regs*, void*)
 .text          0x00000000c001cc22     0x11ff thr/elf.32
                0x00000000c001cc22                Thr::allocateMemoryForTask(Process*, File*, unsigned long, unsigned long, unsigned long)
                0x00000000c001cece                Thr::loadProgramIntoMemory(Process*, char const*)
                0x00000000c001d0e4                Thr::runtimeReferenceHelper()
                0x00000000c001d0f7                Thr::getAddressOfKernelSymbol(char const*)
                0x00000000c001d146                Thr::loadKernelSymbolTable(char const*)
                0x00000000c001d404                Thr::loadDriverIntoMemory(char const*, unsigned long, bool)
                0x00000000c001db3a                Thr::getDriverBaseFromAddress(unsigned long)
                0x00000000c001db6c                Thr::getDriverNameFromAddress(unsigned long)
                0x00000000c001dba3                Thr::getDriverOffsetFromAddress(unsigned long)
                0x00000000c001dbbd                Thr::loadDLL(char const*, bool)
                0x00000000c001dde8                Thr::executeDLL(unsigned long, void*)
 *fill*         0x00000000c001de21        0x1 
 .text          0x00000000c001de22     0x1315 thr/prcssthr.32
                0x00000000c001de22                userModeEntryPoint(void*)
                0x00000000c001de48                changeTSS
                0x00000000c001de78                switchToThread(ThreadControlBlock*)
                0x00000000c001df22                Process::addArgs(char**)
                0x00000000c001df7c                Process::Process(char const*, Process*, char**)
                0x00000000c001df7c                Process::Process(char const*, Process*, char**)
                0x00000000c001e160                Process::Process(bool, char const*, Process*, char**)
                0x00000000c001e160                Process::Process(bool, char const*, Process*, char**)
                0x00000000c001e30f                taskStartupFunction
                0x00000000c001e318                Semaphore::Semaphore(int)
                0x00000000c001e318                Semaphore::Semaphore(int)
                0x00000000c001e346                Mutex::Mutex()
                0x00000000c001e346                Mutex::Mutex()
                0x00000000c001e358                Process::createThread(void (*)(void*), void*, int)
                0x00000000c001e45e                Process::createUserThread()
                0x00000000c001e47a                setupMultitasking(void (*)())
                0x00000000c001e59c                schedule()
                0x00000000c001e622                Semaphore::tryAcquire()
                0x00000000c001e6de                Semaphore::assertLocked(char const*)
                0x00000000c001e74d                blockTaskWithSchedulerLockAlreadyHeld(TaskState)
                0x00000000c001e79b                blockTask(TaskState)
                0x00000000c001e7c8                waitTask(int, int*, int)
                0x00000000c001e80a                nanoSleepUntil(unsigned long long)
                0x00000000c001e89f                nanoSleep(unsigned long long)
                0x00000000c001e8b7                sleep(unsigned long long)
                0x00000000c001e8d4                Semaphore::acquire()
                0x00000000c001e976                taskReturned
                0x00000000c001e9b1                Thr::processFromPID(int)
                0x00000000c001ea60                unblockTask(ThreadControlBlock*)
                0x00000000c001eb0d                cleanupTerminatedTask(ThreadControlBlock*)
                0x00000000c001edd6                cleanerTaskFunction(void*)
                0x00000000c001eecf                terminateTask(int)
                0x00000000c001f001                Thr::terminateFromIRQ(int)
                0x00000000c001f00e                Semaphore::release()
 .text          0x00000000c001f137      0xc53 vm86/vm8086.32
                0x00000000c001f137                Vm::inbv(unsigned short)
                0x00000000c001f14a                Vm::outbv(unsigned short, unsigned char)
                0x00000000c001f19d                Vm::realToLinear(unsigned short, unsigned short)
                0x00000000c001f1ad                Vm::getSegment(unsigned int)
                0x00000000c001f1b5                Vm::getOffset(unsigned int)
                0x00000000c001f1ba                Vm::mainloop2()
                0x00000000c001f1f4                Vm::mainVm8086Loop(void*)
                0x00000000c001f204                Vm::mainloop3(unsigned long)
                0x00000000c001f22a                Vm::initialise8086()
                0x00000000c001f26d                Vm::finish8086()
                0x00000000c001f2ce                Vm::getOutput8086(unsigned char*)
                0x00000000c001f2f3                Vm::start8086(char const*, unsigned short, unsigned short, unsigned short, unsigned short)
                0x00000000c001f45b                Vm::doISR(regs*, int, unsigned char*, unsigned short, unsigned short)
                0x00000000c001f4e5                Vm::readByteFromReal(unsigned short, unsigned short)
                0x00000000c001f4f6                Vm::readWordFromReal(unsigned short, unsigned short)
                0x00000000c001f508                Vm::readDwordFromReal(unsigned short, unsigned short)
                0x00000000c001f519                Vm::writeByteFromReal(unsigned short, unsigned short, unsigned char)
                0x00000000c001f52e                Vm::writeWordFromReal(unsigned short, unsigned short, unsigned short)
                0x00000000c001f544                Vm::writeDwordFromReal(unsigned short, unsigned short, unsigned int)
                0x00000000c001f559                Vm::faultHandler(regs*)
 .text          0x00000000c001fd8a      0xefd vm86/x87em.32
                0x00000000c001fd8a                Vm::fpuInternalTo32(unsigned long long)
                0x00000000c001fde5                Vm::fpuInternalTo64(unsigned long long)
                0x00000000c001fdee                Vm::fpu32ToInternal(unsigned int)
                0x00000000c001fe33                Vm::fpu64ToInternal(unsigned long long)
                0x00000000c001fe3c                Vm::fpuFloatToLong(unsigned long long)
                0x00000000c001fe97                Vm::fpuULongToFloat(unsigned long long)
                0x00000000c001fecd                Vm::fpuLongToFloat(long long)
                0x00000000c001ff23                Vm::fpuGet0()
                0x00000000c001ff28                Vm::fpuGet1()
                0x00000000c001ff30                Vm::fpuGetPi()
                0x00000000c001ff38                Vm::fpuGetLog2E()
                0x00000000c001ff50                Vm::fpuGetLogE2()
                0x00000000c001ff68                Vm::fpuGetLog210()
                0x00000000c001ff80                Vm::fpuGetLog102()
                0x00000000c001ff98                Vm::fpuIsSecondLarger(unsigned long long, unsigned long long)
                0x00000000c001ffac                Vm::fpuAreEqual(unsigned long long, unsigned long long)
                0x00000000c001ffc2                Vm::fpuUnorderedCompare(unsigned long long, unsigned long long)
                0x00000000c0020015                Vm::fpuAdd(unsigned long long, unsigned long long)
                0x00000000c0020026                Vm::fpuAbs(unsigned long long)
                0x00000000c002002f                Vm::fpuChs(unsigned long long)
                0x00000000c002003f                Vm::fpuSub(unsigned long long, unsigned long long)
                0x00000000c002004e                Vm::fpuMultiply(unsigned long long, unsigned long long)
                0x00000000c002006d                Vm::fpuDivide(unsigned long long, unsigned long long)
                0x00000000c0020089                Vm::fpuSquare(unsigned long long)
                0x00000000c002009f                Vm::fpuGetReg(int)
                0x00000000c00200e2                Vm::fpuSetReg(int, unsigned long long)
                0x00000000c002012d                Vm::fpuPush(unsigned long long)
                0x00000000c002018a                Vm::fpuPop()
                0x00000000c00201dc                Vm::x87Handler(regs*)
 *fill*         0x00000000c0020c87        0x1 
 .text          0x00000000c0020c88     0x11f9 fs/fat/vfslink.32
                0x00000000c0020c88                FAT::getName()
                0x00000000c0020c8e                FAT::tell(void*, unsigned long long*)
                0x00000000c0020cc2                FAT::stat(void*, unsigned long long*)
                0x00000000c0020cf6                FAT::~FAT()
                0x00000000c0020cf6                FAT::~FAT()
                0x00000000c0020d1a                FAT::~FAT()
                0x00000000c0020d42                FAT::getlabel(LogicalDisk*, int, char*, unsigned int*)
                0x00000000c0020de0                FAT::setlabel(LogicalDisk*, int, char*)
                0x00000000c0020e9a                FAT::format(LogicalDisk*, int, char const*, int)
                0x00000000c002107e                FAT::tryMount(LogicalDisk*, int)
                0x00000000c0021284                FAT::getFileFirstSector(char const*)
                0x00000000c0021346                FAT::readDir(void*, unsigned long, void*, int*)
                0x00000000c0021496                FAT::read(void*, unsigned long, void*, int*)
                0x00000000c00214f0                FAT::write(void*, unsigned long, void*, int*)
                0x00000000c002154a                FAT::close(void*)
                0x00000000c0021596                FAT::closeDir(void*)
                0x00000000c00215e2                FAT::seek(void*, unsigned long long)
                0x00000000c0021636                fatWrapperReadDisk
                0x00000000c002167d                fatWrapperWriteDisk
                0x00000000c00216c4                fatWrapperIoctl
                0x00000000c00217c8                FAT::FAT()
                0x00000000c00217c8                FAT::FAT()
                0x00000000c002181a                FAT::fixFilepath(char*)
                0x00000000c0021852                FAT::open(char const*, void**, FileOpenMode)
                0x00000000c002197a                FAT::openDir(char const*, void**)
                0x00000000c0021a20                FAT::stat(char const*, unsigned long long*, bool*)
                0x00000000c0021b0a                FAT::unlink(char const*)
                0x00000000c0021b84                FAT::chfatattr(char const*, unsigned char, unsigned char)
                0x00000000c0021cd8                FAT::rename(char const*, char const*)
                0x00000000c0021d9c                FAT::mkdir(char const*)
                0x00000000c0021e16                FAT::exists(char const*)
 *fill*         0x00000000c0021e81        0x1 
 .text          0x00000000c0021e82      0xba5 fs/iso9660/vfslink.32
                0x00000000c0021e82                ISO9660::format(LogicalDisk*, int, char const*, int)
                0x00000000c0021e88                ISO9660::seek(void*, unsigned long long)
                0x00000000c0021eb8                ISO9660::tell(void*, unsigned long long*)
                0x00000000c0021edc                ISO9660::getName()
                0x00000000c0021ee2                ISO9660::stat(void*, unsigned long long*)
                0x00000000c0021f06                ISO9660::chfatattr(char const*, unsigned char, unsigned char)
                0x00000000c0021f0c                ISO9660::unlink(char const*)
                0x00000000c0021f12                ISO9660::write(void*, unsigned long, void*, int*)
                0x00000000c0021f18                ISO9660::rename(char const*, char const*)
                0x00000000c0021f1e                ISO9660::mkdir(char const*)
                0x00000000c0021f24                ISO9660::close(void*)
                0x00000000c0021f46                ISO9660::closeDir(void*)
                0x00000000c0021f68                ISO9660::~ISO9660()
                0x00000000c0021f68                ISO9660::~ISO9660()
                0x00000000c0021f8c                ISO9660::~ISO9660()
                0x00000000c0021fb3                __memmem(unsigned char*, int, unsigned char*, int)
                0x00000000c0021ff5                readSectorFromCDROM(unsigned int, unsigned char*, char)
                0x00000000c0022050                ISO9660::tryMount(LogicalDisk*, int)
                0x00000000c00220a0                ISO9660::read(void*, unsigned long, void*, int*)
                0x00000000c00222a4                ISO9660::readDir(void*, unsigned long, void*, int*)
                0x00000000c002251e                readRoot(unsigned int*, unsigned int*, char)
                0x00000000c0022572                readRecursively(char*, unsigned int, unsigned int, unsigned int*, unsigned int*, char, int*)
                0x00000000c0022745                getFileData(char*, unsigned int*, unsigned int*, char, int*)
                0x00000000c00227d4                ISO9660::open(char const*, void**, FileOpenMode)
                0x00000000c0022894                ISO9660::exists(char const*)
                0x00000000c00228b8                ISO9660::stat(char const*, unsigned long long*, bool*)
                0x00000000c002294c                ISO9660::openDir(char const*, void**)
                0x00000000c0022a04                ISO9660::ISO9660()
                0x00000000c0022a04                ISO9660::ISO9660()
 *fill*         0x00000000c0022a27        0x1 
 .text          0x00000000c0022a28      0x326 hal/sound/sndchannel.32
                0x00000000c0022a28                SoundChannel::~SoundChannel()
                0x00000000c0022a28                SoundChannel::~SoundChannel()
                0x00000000c0022a44                SoundChannel::setSpeed(float)
                0x00000000c0022a50                SoundChannel::getSpeed()
                0x00000000c0022a58                SoundChannel::setVolume(int)
                0x00000000c0022a74                SoundChannel::getVolume()
                0x00000000c0022a7c                SoundChannel::pause()
                0x00000000c0022a86                SoundChannel::SoundChannel(int, int, int, int)
                0x00000000c0022a86                SoundChannel::SoundChannel(int, int, int, int)
                0x00000000c0022bdc                SoundChannel::play()
                0x00000000c0022be6                SoundChannel::paused()
                0x00000000c0022bee                SoundChannel::getSampleRate()
                0x00000000c0022bf6                SoundChannel::getBits()
                0x00000000c0022bfe                SoundChannel::getBufferUsed()
                0x00000000c0022c06                SoundChannel::getBufferSize()
                0x00000000c0022c0e                SoundChannel::unbuffer(float*, int, int)
                0x00000000c0022cae                SoundChannel::buffer8(unsigned char*, int)
 .text          0x00000000c0022d4e      0x3d5 hal/sound/sndhw.32
                0x00000000c0022d4e                SoundDevice::SoundDevice(char const*)
                0x00000000c0022d4e                SoundDevice::SoundDevice(char const*)
                0x00000000c0022dba                SoundDevice::~SoundDevice()
                0x00000000c0022dba                SoundDevice::~SoundDevice()
                0x00000000c0022e34                SoundDevice::~SoundDevice()
                0x00000000c0022e5e                SoundDevice::getFreeChannelNum()
                0x00000000c0022e78                SoundDevice::addChannel(SoundChannel*)
                0x00000000c0022ee8                SoundDevice::removeChannel(int)
                0x00000000c0022f1a                SoundDevice::floatTo8(float*, unsigned char*, int)
                0x00000000c0023002                SoundDevice::getAudio(int, float*, float*)
 .text          0x00000000c0023123        0x0 hw/bus/isa.32
 *fill*         0x00000000c0023123        0x1 
 .text          0x00000000c0023124      0x795 hw/bus/pci.32
                0x00000000c0023124                PCI::open(int, int, void*)
                0x00000000c0023138                PCI::close(int, int, void*)
                0x00000000c002313c                PCI::PCI()
                0x00000000c002313c                PCI::PCI()
                0x00000000c00231bc                PCI::readBAR8(unsigned int, int)
                0x00000000c00231d8                PCI::readBAR16(unsigned int, int)
                0x00000000c00231f6                PCI::readBAR32(unsigned int, int)
                0x00000000c0023212                PCI::writeBAR8(unsigned int, unsigned char, int)
                0x00000000c0023232                PCI::writeBAR16(unsigned int, unsigned short, int)
                0x00000000c0023254                PCI::writeBAR32(unsigned int, unsigned int, int)
                0x00000000c0023274                PCI::pciReadWord(unsigned char, unsigned char, unsigned char, unsigned char)
                0x00000000c00232bc                PCI::getVendorID(unsigned char, unsigned char, unsigned char)
                0x00000000c00232de                PCI::getHeaderType(unsigned char, unsigned char, unsigned char)
                0x00000000c0023302                PCI::getClassCode(unsigned char, unsigned char, unsigned char)
                0x00000000c0023346                PCI::getProgIF(unsigned char, unsigned char, unsigned char)
                0x00000000c002336a                PCI::getRevisionID(unsigned char, unsigned char, unsigned char)
                0x00000000c002338c                PCI::getInterruptNumber(unsigned char, unsigned char, unsigned char)
                0x00000000c00233ae                PCI::getSecondaryBus(unsigned char, unsigned char, unsigned char)
                0x00000000c00233d2                PCI::getBARAddress(unsigned char, unsigned char, unsigned char, unsigned char)
                0x00000000c0023432                PCI::pciWriteWord(unsigned char, unsigned char, unsigned char, unsigned char, unsigned short)
                0x00000000c002349e                PCI::pciDetailsToFilepath(PCIDeviceInfo)
                0x00000000c00234a2                PCI::checkBus(unsigned char)
                0x00000000c00234c6                PCI::foundDevice(PCIDeviceInfo)
                0x00000000c002364e                PCI::getDeviceData(unsigned char, unsigned char, unsigned char)
                0x00000000c00237fa                PCI::checkDevice(unsigned char, unsigned char)
                0x00000000c0023866                PCI::detect()
 *fill*         0x00000000c00238b9        0x1 
 .text          0x00000000c00238ba      0xc70 hw/diskctrl/ide.32
                0x00000000c00238ba                IDE::close(int, int, void*)
                0x00000000c00238be                IDE::IDE()
                0x00000000c00238be                IDE::IDE()
                0x00000000c00238f2                IDE::prepareInterrupt(unsigned char)
                0x00000000c0023904                selectDrive(unsigned char, unsigned char)
                0x00000000c0023906                IDE::getBase(unsigned char)
                0x00000000c0023918                IDE::write(unsigned char, unsigned char, unsigned char)
                0x00000000c00239d8                IDE::read(unsigned char, unsigned char)
                0x00000000c0023a86                IDE::waitInterrupt(unsigned char)
                0x00000000c0023aec                ideChannel0IRQHandler(regs*, void*)
                0x00000000c0023b08                ideChannel1IRQHandler(regs*, void*)
                0x00000000c0023b24                IDE::enableIRQs(unsigned char, bool)
                0x00000000c0023b6a                IDE::open(int, int, void*)
                0x00000000c0023f7a                IDE::readBuffer(unsigned char, unsigned char, unsigned int, unsigned int)
                0x00000000c0024046                IDE::detect()
                0x00000000c002432e                IDE::printError(unsigned char, unsigned char, unsigned char)
                0x00000000c00244c4                IDE::polling(unsigned char, unsigned int)
 .text          0x00000000c002452a      0x390 hw/diskctrl/satabus.32
                0x00000000c002452a                SATABus::close(int, int, void*)
                0x00000000c002452e                SATABus::detect()
                0x00000000c0024530                SATABus::SATABus()
                0x00000000c0024530                SATABus::SATABus()
                0x00000000c00245dc                SATABus::findCmdslot(SATABus::tagHBA_PORT volatile*)
                0x00000000c0024624                SATABus::checkType(SATABus::tagHBA_PORT volatile*)
                0x00000000c002466c                SATABus::startCmd(SATABus::tagHBA_PORT volatile*)
                0x00000000c002468c                SATABus::stopCmd(SATABus::tagHBA_PORT volatile*)
                0x00000000c00246b6                SATABus::portRebase(SATABus::tagHBA_PORT volatile*, int)
                0x00000000c00247bc                SATABus::probePort(SATABus::tagHBA_MEM volatile*)
                0x00000000c002489a                SATABus::open(int, int, void*)
 .text          0x00000000c00248ba      0x63c hw/diskphys/ata.32
                0x00000000c00248ba                ATA::close(int, int, void*)
                0x00000000c00248de                ATA::powerSaving(PowerSavingLevel)
                0x00000000c00248e0                ATA::ATA()
                0x00000000c00248e0                ATA::ATA()
                0x00000000c002490e                ATA::flush(bool)
                0x00000000c0024958                ATA::readyForCommand()
                0x00000000c00249a8                ATA::access(unsigned long long, int, void*, bool)
                0x00000000c0024d30                ATA::read(unsigned long long, int, void*)
                0x00000000c0024d98                ATA::write(unsigned long long, int, void*)
                0x00000000c0024e00                ATA::detectCHS()
                0x00000000c0024e2a                ATA::open(int, int, void*)
 .text          0x00000000c0024ef6      0x5bd hw/diskphys/atapi.32
                0x00000000c0024ef6                ATAPI::write(unsigned long long, int, void*)
                0x00000000c0024efc                ATAPI::close(int, int, void*)
                0x00000000c0024f20                ATAPI::ATAPI()
                0x00000000c0024f20                ATAPI::ATAPI()
                0x00000000c0024f4e                ATAPI::readyForCommand()
                0x00000000c0024f9e                ATAPI::sendPacket(unsigned char*, int, bool, unsigned short*, int)
                0x00000000c002525e                ATAPI::diskRemoved()
                0x00000000c002527a                ATAPI::eject()
                0x00000000c00252c2                ATAPI::diskInserted()
                0x00000000c00252f0                ATAPI::detectMedia()
                0x00000000c00253ac                ATAPI::open(int, int, void*)
                0x00000000c0025434                ATAPI::read(unsigned long long, int, void*)
 *fill*         0x00000000c00254b3        0x1 
 .text          0x00000000c00254b4      0x451 hw/diskphys/sata.32
                0x00000000c00254b4                SATA::close(int, int, void*)
                0x00000000c00254d8                SATA::powerSaving(PowerSavingLevel)
                0x00000000c00254da                SATA::open(int, int, void*)
                0x00000000c0025584                SATA::SATA()
                0x00000000c0025584                SATA::SATA()
                0x00000000c00255b2                SATA::access(unsigned long long, int, void*, bool)
                0x00000000c0025818                SATA::read(unsigned long long, int, void*)
                0x00000000c0025880                SATA::write(unsigned long long, int, void*)
 *fill*         0x00000000c0025905        0x1 
 .text          0x00000000c0025906      0x4fe hw/diskphys/satapi.32
                0x00000000c0025906                SATAPI::write(unsigned long long, int, void*)
                0x00000000c002590c                SATAPI::close(int, int, void*)
                0x00000000c0025930                SATAPI::SATAPI()
                0x00000000c0025930                SATAPI::SATAPI()
                0x00000000c002595e                SATAPI::diskRemoved()
                0x00000000c002597a                SATAPI::diskInserted()
                0x00000000c00259a8                SATAPI::sendPacket(unsigned char*, int, unsigned long long, unsigned short*, int)
                0x00000000c0025bb0                SATAPI::eject()
                0x00000000c0025bf8                SATAPI::detectMedia()
                0x00000000c0025cba                SATAPI::open(int, int, void*)
                0x00000000c0025d62                SATAPI::read(unsigned long long, int, void*)
 .text          0x00000000c0025e04       0x8e hw/fpu/avx.32
                0x00000000c0025e04                AVX::open(int, int, void*)
                0x00000000c0025e16                AVX::close(int, int, void*)
                0x00000000c0025e28                AVX::available()
                0x00000000c0025e3a                AVX::save(void*)
                0x00000000c0025e52                AVX::load(void*)
                0x00000000c0025e6a                AVX::AVX()
                0x00000000c0025e6a                AVX::AVX()
 .text          0x00000000c0025e92       0x90 hw/fpu/mmx.32
                0x00000000c0025e92                MMX::available()
                0x00000000c0025ea6                MMX::open(int, int, void*)
                0x00000000c0025eb8                MMX::close(int, int, void*)
                0x00000000c0025eca                MMX::save(void*)
                0x00000000c0025ee2                MMX::load(void*)
                0x00000000c0025efa                MMX::MMX()
                0x00000000c0025efa                MMX::MMX()
 .text          0x00000000c0025f22       0x96 hw/fpu/sse.32
                0x00000000c0025f22                SSE::open(int, int, void*)
                0x00000000c0025f34                SSE::close(int, int, void*)
                0x00000000c0025f46                SSE::available()
                0x00000000c0025f60                SSE::save(void*)
                0x00000000c0025f78                SSE::load(void*)
                0x00000000c0025f90                SSE::SSE()
                0x00000000c0025f90                SSE::SSE()
 .text          0x00000000c0025fb8       0x8e hw/fpu/x87.32
                0x00000000c0025fb8                x87::open(int, int, void*)
                0x00000000c0025fca                x87::close(int, int, void*)
                0x00000000c0025fdc                x87::available()
                0x00000000c0025fee                x87::save(void*)
                0x00000000c0026006                x87::load(void*)
                0x00000000c002601e                x87::x87()
                0x00000000c002601e                x87::x87()
 .text          0x00000000c0026046      0x71e hw/intctrl/apic.32
                0x00000000c0026046                APIC::disable()
                0x00000000c0026048                APIC::close(int, int, void*)
                0x00000000c002606a                IOAPIC::close(int, int, void*)
                0x00000000c0026070                APIC::io_wait()
                0x00000000c0026076                APIC::getBase()
                0x00000000c00260b8                APIC::eoi(unsigned char)
                0x00000000c00260e6                APIC::open(int, int, void*)
                0x00000000c0026234                IOAPIC::IOAPIC()
                0x00000000c0026234                IOAPIC::IOAPIC()
                0x00000000c002625c                APIC::APIC()
                0x00000000c002625c                APIC::APIC()
                0x00000000c0026338                IOAPIC::handlesGSIWithNumber(unsigned int)
                0x00000000c002636a                IOAPIC::read(int)
                0x00000000c0026392                IOAPIC::open(int, int, void*)
                0x00000000c0026488                IOAPIC::write(int, int)
                0x00000000c00264b4                IOAPIC::redirect(unsigned char, unsigned long long, unsigned char, bool, bool)
                0x00000000c00265ae                APIC::installIRQHandler(int, void (*)(regs*, void*), bool, void*)
 .text          0x00000000c0026764      0x3d3 hw/intctrl/pic.32
                0x00000000c0026764                PIC::disable()
                0x00000000c0026792                PIC::close(int, int, void*)
                0x00000000c00267b4                PIC::PIC()
                0x00000000c00267b4                PIC::PIC()
                0x00000000c002688a                PIC::ioWait()
                0x00000000c0026890                PIC::getIRQReg(int)
                0x00000000c00268fa                PIC::eoi(unsigned char)
                0x00000000c002698c                PIC::remap()
                0x00000000c0026af8                PIC::open(int, int, void*)
 *fill*         0x00000000c0026b37        0x1 
 .text          0x00000000c0026b38      0x25e hw/timer/apictimer.32
                0x00000000c0026b38                APICTimer::close(int, int, void*)
                0x00000000c0026b3e                apicTimerHandler(regs*, void*)
                0x00000000c0026b6c                APICTimer::write(int)
                0x00000000c0026c70                APICTimer::open(int, int, void*)
                0x00000000c0026d6e                APICTimer::APICTimer()
                0x00000000c0026d6e                APICTimer::APICTimer()
 .text          0x00000000c0026d96      0x1a7 hw/timer/pit.32
                0x00000000c0026d96                PIT::write(int)
                0x00000000c0026e14                pitHandler(regs*, void*)
                0x00000000c0026e40                PIT::open(int, int, void*)
                0x00000000c0026e8e                PIT::close(int, int, void*)
                0x00000000c0026ebe                PIT::PIT()
                0x00000000c0026ebe                PIT::PIT()
 *fill*         0x00000000c0026f3d        0x3 
 .text          0x00000000c0026f40       0x1e hw/fpu/x86/avx.32
                0x00000000c0026f40                avxDetect
                0x00000000c0026f46                avxSave
                0x00000000c0026f47                avxLoad
                0x00000000c0026f48                avxInit
                0x00000000c0026f49                avxClose
                0x00000000c0026f4a                wouldSheSayYes
 *fill*         0x00000000c0026f5e        0x2 
 .text          0x00000000c0026f60       0x35 hw/fpu/x86/sse.32
                0x00000000c0026f60                absolutelyNoChanceInHell
                0x00000000c0026f60                sseDetect
                0x00000000c0026f78                sseSave
                0x00000000c0026f7e                sseLoad
                0x00000000c0026f84                sseInit
                0x00000000c0026f94                sseClose
 *fill*         0x00000000c0026f95        0xb 
 .text          0x00000000c0026fa0       0x4d hw/fpu/x86/x87.32
                0x00000000c0026fa6                x87Detect
                0x00000000c0026fc1                x87Save
                0x00000000c0026fca                x87Load
                0x00000000c0026fd2                x87Init
                0x00000000c0026fec                x87Close
 *fill*         0x00000000c0026fed        0x3 
 .text          0x00000000c0026ff0       0x25 /cygdrive/d/Users/Alex/Desktop/Toolchain/Output/bin/../lib/gcc/i386-banana/8.1.0/crtend.o
 .text          0x00000000c0027015        0x0 crtn.32
 *fill*         0x00000000c0027015        0x3 
 .text          0x00000000c0027018      0x14b /cygdrive/d/Users/Alex/Desktop/Toolchain/Output/bin/../lib/gcc/i386-banana/8.1.0/libkgcc.a(_divdi3.o)
                0x00000000c0027018                __divdi3
 *fill*         0x00000000c0027163        0x1 
 .text          0x00000000c0027164      0x17e /cygdrive/d/Users/Alex/Desktop/Toolchain/Output/bin/../lib/gcc/i386-banana/8.1.0/libkgcc.a(_moddi3.o)
                0x00000000c0027164                __moddi3
 *fill*         0x00000000c00272e2        0x2 