Archive member included to satisfy reference by file (symbol)

/cygdrive/d/Users/Alex/Desktop/Toolchain/Output/bin/../lib/gcc/i386-banana/8.1.0/libkgcc.a(_divdi3.o)
                              krnl/resolve.32 (__divdi3)
/cygdrive/d/Users/Alex/Desktop/Toolchain/Output/bin/../lib/gcc/i386-banana/8.1.0/libkgcc.a(_moddi3.o)
                              krnl/resolve.32 (__moddi3)
/cygdrive/d/Users/Alex/Desktop/Toolchain/Output/bin/../lib/gcc/i386-banana/8.1.0/libkgcc.a(_udivdi3.o)
                              hal/clock.32 (__udivdi3)
/cygdrive/d/Users/Alex/Desktop/Toolchain/Output/bin/../lib/gcc/i386-banana/8.1.0/libkgcc.a(_umoddi3.o)
                              core/pipe.32 (__umoddi3)

Allocating common symbols
Common symbol       size              file

dcache              0x40              fs/iso9660/iso9660.32
cdDriveLetter       0x1               fs/iso9660/iso9660.32
icache              0x40              fs/iso9660/iso9660.32

Discarded input sections

 .comment       0x0000000000000000       0x12 /cygdrive/d/Users/Alex/Desktop/Toolchain/Output/bin/../lib/gcc/i386-banana/8.1.0/crtbegin.o
 .comment       0x0000000000000000       0x12 acpica/utclib.32
 .comment       0x0000000000000000       0x12 core/malloc.32
 .comment       0x0000000000000000       0x12 libk/ctype.32
 .comment       0x0000000000000000       0x12 libk/string.32
 .comment       0x0000000000000000       0x12 fs/fat/diskio.32
 .comment       0x0000000000000000       0x12 fs/fat/ff.32
 .comment       0x0000000000000000       0x12 fs/fat/ffsystem.32
 .comment       0x0000000000000000       0x12 fs/fat/ffunicode.32
 .comment       0x0000000000000000       0x12 fs/iso9660/iso9660.32
 .group         0x0000000000000000       0x14 core/computer.32
 .group         0x0000000000000000        0xc core/computer.32
 .comment       0x0000000000000000       0x12 core/computer.32
 .comment       0x0000000000000000       0x12 core/gdt.32
 .group         0x0000000000000000        0xc core/idle.32
 .comment       0x0000000000000000       0x12 core/idle.32
 .comment       0x0000000000000000       0x12 core/idt.32
 .comment       0x0000000000000000       0x12 core/kheap.32
 .comment       0x0000000000000000       0x12 core/main.32
 .comment       0x0000000000000000       0x12 core/physmgr.32
 .group         0x0000000000000000        0xc core/pipe.32
 .comment       0x0000000000000000       0x12 core/pipe.32
 .group         0x0000000000000000        0xc core/terminal.32
 .comment       0x0000000000000000       0x12 core/terminal.32
 .comment       0x0000000000000000       0x12 core/tss.32
 .group         0x0000000000000000        0x8 core/unixfile.32
 .group         0x0000000000000000        0x8 core/unixfile.32
 .group         0x0000000000000000        0xc core/unixfile.32
 .group         0x0000000000000000        0x8 core/unixfile.32
 .group         0x0000000000000000        0xc core/unixfile.32
 .group         0x0000000000000000        0x8 core/unixfile.32
 .group         0x0000000000000000        0xc core/unixfile.32
 .group         0x0000000000000000        0xc core/unixfile.32
 .comment       0x0000000000000000       0x12 core/unixfile.32
 .comment       0x0000000000000000       0x12 core/virtmgr.32
 .comment       0x0000000000000000       0x12 coreobjs/c++.32
 .comment       0x0000000000000000       0x12 dbg/kconsole.32
 .comment       0x0000000000000000       0x12 dbg/usban.32
 .comment       0x0000000000000000       0x12 fs/symlink.32
 .group         0x0000000000000000        0xc fs/vfs.32
 .group         0x0000000000000000        0xc fs/vfs.32
 .group         0x0000000000000000        0xc fs/vfs.32
 .comment       0x0000000000000000       0x12 fs/vfs.32
 .group         0x0000000000000000        0xc hal/bus.32
 .comment       0x0000000000000000       0x12 hal/bus.32
 .comment       0x0000000000000000       0x12 hal/buzzer.32
 .group         0x0000000000000000        0xc hal/clock.32
 .comment       0x0000000000000000       0x12 hal/clock.32
 .group         0x0000000000000000       0x14 hal/device.32
 .group         0x0000000000000000        0xc hal/device.32
 .group         0x0000000000000000        0x8 hal/device.32
 .group         0x0000000000000000        0xc hal/device.32
 .group         0x0000000000000000        0xc hal/device.32
 .comment       0x0000000000000000       0x12 hal/device.32
 .group         0x0000000000000000        0xc hal/diskctrl.32
 .comment       0x0000000000000000       0x12 hal/diskctrl.32
 .group         0x0000000000000000        0xc hal/diskphys.32
 .comment       0x0000000000000000       0x12 hal/diskphys.32
 .comment       0x0000000000000000       0x12 hal/fpu.32
 .comment       0x0000000000000000       0x12 hal/intctrl.32
 .group         0x0000000000000000        0xc hal/keybrd.32
 .comment       0x0000000000000000       0x12 hal/keybrd.32
 .group         0x0000000000000000        0xc hal/logidisk.32
 .comment       0x0000000000000000       0x12 hal/logidisk.32
[...]
Memory Configuration

Name             Origin             Length             Attributes
*default*        0x0000000000000000 0xffffffffffffffff

Linker script and memory map

LOAD D:/Users/Alex/Desktop/Banana/kernel/boot.32
LOAD crti.32
LOAD /cygdrive/d/Users/Alex/Desktop/Toolchain/Output/bin/../lib/gcc/i386-banana/8.1.0/crtbegin.o
LOAD D:/Users/Alex/Desktop/Banana/kernel/morenasm.32
LOAD acpica/utclib.32
LOAD core/malloc.32
LOAD libk/ctype.32
LOAD libk/string.32
LOAD fs/fat/diskio.32
LOAD fs/fat/ff.32
LOAD fs/fat/ffsystem.32
LOAD fs/fat/ffunicode.32
LOAD fs/iso9660/iso9660.32
LOAD core/computer.32
LOAD core/gdt.32
LOAD core/idle.32
LOAD core/idt.32
LOAD core/kheap.32
LOAD core/main.32
LOAD core/physmgr.32
LOAD core/pipe.32
LOAD core/terminal.32
LOAD core/tss.32
LOAD core/unixfile.32
LOAD core/virtmgr.32
LOAD coreobjs/c++.32
LOAD dbg/kconsole.32
LOAD dbg/usban.32
LOAD fs/symlink.32
LOAD fs/vfs.32
LOAD hal/bus.32
LOAD hal/buzzer.32
LOAD hal/clock.32
LOAD hal/device.32
LOAD hal/diskctrl.32
LOAD hal/diskphys.32
LOAD hal/fpu.32
LOAD hal/intctrl.32
LOAD hal/keybrd.32
LOAD hal/logidisk.32
LOAD hal/mouse.32
LOAD hal/nic.32
LOAD hal/partition.32
LOAD hal/serial.32
LOAD hal/timer.32
LOAD hal/vcache.32
LOAD hal/video.32
LOAD hw/acpi.32
LOAD hw/cpu.32
LOAD krnl/atexit.32
LOAD krnl/bootmsg.32
LOAD krnl/compat.32
LOAD krnl/env.32
LOAD krnl/inlines.32
LOAD krnl/panic.32
LOAD krnl/powctrl.32
LOAD krnl/random.32
LOAD krnl/resolve.32
LOAD krnl/signal.32
LOAD krnl/syscalls.32
LOAD net/ethernet.32
LOAD reg/cm.32
LOAD reg/registry.32
LOAD sys/eject.32
LOAD sys/exit.32
LOAD sys/getcwd.32
LOAD sys/getpid.32
LOAD sys/getramdata.32
LOAD sys/getvgaptr.32
LOAD sys/kill.32
LOAD sys/loaddll.32
LOAD sys/read.32
LOAD sys/registersignal.32
LOAD sys/registry.32
LOAD sys/sbrk.32
LOAD sys/setcwd.32
LOAD sys/settime.32
LOAD sys/timezone.32
LOAD sys/truncate.32
LOAD sys/write.32
LOAD sys/wsbe.32
LOAD sys/yield.32
LOAD thr/elf.32
LOAD thr/prcssthr.32
LOAD vm86/vm8086.32
LOAD arch/i386/hal.32
LOAD arch/i386/pic.32
LOAD arch/i386/rtc.32
LOAD arch/i386/vga.32
LOAD fs/fat/vfslink.32
LOAD fs/iso9660/helper.32
LOAD fs/iso9660/vfslink.32
LOAD hal/sound/sndcard.32
LOAD hal/sound/sndport.32
LOAD hw/bus/isa.32
LOAD hw/bus/pci.32
LOAD hw/diskctrl/ide.32
LOAD hw/diskctrl/satabus.32
LOAD hw/diskphys/ata.32
LOAD hw/diskphys/atapi.32
LOAD hw/diskphys/sata.32
LOAD hw/diskphys/satapi.32
LOAD hw/intctrl/apic.32
LOAD hw/timer/apictimer.32
LOAD hw/timer/pit.32
LOAD arch/i386/avx.32
LOAD arch/i386/interrupt.32
LOAD arch/i386/rdrand.32
LOAD arch/i386/sse.32
LOAD arch/i386/x87.32
LOAD /cygdrive/d/Users/Alex/Desktop/Toolchain/Output/bin/../lib/gcc/i386-banana/8.1.0/crtend.o
LOAD crtn.32
LOAD /cygdrive/d/Users/Alex/Desktop/Toolchain/Output/bin/../lib/gcc/i386-banana/8.1.0/libkgcc.a
LOAD D:/Users/Alex/Desktop/Banana/kernel/libsoftfp.a
LOAD D:/Users/Alex/Desktop/Banana/kernel/libk/libm32.a
                0x00000000c0000000                . = 0xc0000000

.text           0x00000000c0000000    0x1f50a
 *(.text)
 .text          0x00000000c0000000       0x20 D:/Users/Alex/Desktop/Banana/kernel/boot.32
 .text          0x00000000c0000020        0x0 crti.32
 .text          0x00000000c0000020      0x101 /cygdrive/d/Users/Alex/Desktop/Toolchain/Output/bin/../lib/gcc/i386-banana/8.1.0/crtbegin.o
 *fill*         0x00000000c0000121        0xf 
 .text          0x00000000c0000130      0x24f D:/Users/Alex/Desktop/Banana/kernel/morenasm.32
                0x00000000c0000130                manualPCIProbe
                0x00000000c000017b                prepareTramp
                0x00000000c0000194                doTPAUSE
                0x00000000c000019e                hasLegacyFPU
                0x00000000c00001c3                is486
                0x00000000c00001f9                detectCPUID
                0x00000000c000020f                goToVM86
                0x00000000c000023f                goToUsermode
                0x00000000c0000269                switchToThreadASMFirstTime
                0x00000000c0000277                switchToThreadASM
                0x00000000c00002fc                asmQuickAcquireLock
                0x00000000c000031a                asmQuickReleaseLock
                0x00000000c0000326                asmAcquireLock
                0x00000000c0000347                asmReleaseLock
                0x00000000c000035a                loadGDT
                0x00000000c000037a                memcpy
 *fill*         0x00000000c000037f        0x1 
 .text          0x00000000c0000380      0x868 acpica/utclib.32
                0x00000000c0000380                memcmp
                0x00000000c00003d0                memmove
                0x00000000c00004f0                memset
                0x00000000c0000570                strlen
                0x00000000c00005a0                strpbrk
                0x00000000c00005f0                strtok
                0x00000000c0000640                strcpy
                0x00000000c0000680                strncpy
                0x00000000c0000750                strcmp
                0x00000000c00007a0                strchr
                0x00000000c00007e0                strncmp
                0x00000000c0000840                strcat
                0x00000000c0000870                strncat
                0x00000000c00008d0                strstr
                0x00000000c0000930                toupper
                0x00000000c0000950                tolower
                0x00000000c0000970                simple_strtoul
 .text          0x00000000c0000be8      0xfaa core/malloc.32
                0x00000000c0000d53                dlfree
                0x00000000c00010ab                dlmalloc
                0x00000000c00015e8                dlrealloc
                0x00000000c000178b                dlmemalign
                0x00000000c00018ae                dlcalloc
                0x00000000c0001948                dlcfree
                0x00000000c000194d                dlindependent_calloc
                0x00000000c0001972                dlindependent_comalloc
                0x00000000c0001989                dlvalloc
                0x00000000c00019b4                dlpvalloc
                0x00000000c00019ea                dlmalloc_trim
                0x00000000c00019f7                dlmalloc_usable_size
                0x00000000c0001a28                dlmallinfo
                0x00000000c0001af7                dlmalloc_stats
                0x00000000c0001b08                dlmallopt
 *fill*         0x00000000c0001b92        0x2 
 .text          0x00000000c0001b94      0x1f2 libk/ctype.32
                0x00000000c0001b94                isblank
                0x00000000c0001bb4                iscntrl
                0x00000000c0001bd4                isdigit
                0x00000000c0001bf0                islower
                0x00000000c0001c0c                isspace
                0x00000000c0001c34                isupper
                0x00000000c0001c50                isalpha
                0x00000000c0001c80                isalnum
                0x00000000c0001cb0                ispunct
                0x00000000c0001cf0                isgraph
                0x00000000c0001d20                isprint
                0x00000000c0001d48                isxdigit
 .text          0x00000000c0001d86        0x0 libk/string.32
 .text          0x00000000c0001d86       0x51 fs/fat/diskio.32
                0x00000000c0001d86                disk_status
                0x00000000c0001d89                disk_initialize
                0x00000000c0001d8c                disk_read
                0x00000000c0001da2                disk_write
                0x00000000c0001db8                disk_ioctl
 .text          0x00000000c0001dd7     0x3e46 fs/fat/ff.32
                0x00000000c0003bf8                f_mount
                0x00000000c0003c5a                f_open
                0x00000000c0003f1d                f_read
                0x00000000c000411c                f_write
                0x00000000c0004364                f_sync
                0x00000000c0004429                f_close
                0x00000000c0004458                f_lseek
                0x00000000c0004609                f_opendir
                0x00000000c00046d4                f_closedir
                0x00000000c00046f6                f_readdir
                0x00000000c0004788                f_stat
                0x00000000c0004807                f_getfree
                0x00000000c0004910                f_truncate
                0x00000000c00049fa                f_unlink
                0x00000000c0004b1c                f_mkdir
                0x00000000c0004cb7                f_rename
                0x00000000c0004e6f                f_chmod
                0x00000000c0004f1f                f_utime
                0x00000000c0004fcf                f_getlabel
                0x00000000c0005120                f_setlabel
                0x00000000c00052b0                f_expand
                0x00000000c000541d                f_mkfs
 *fill*         0x00000000c0005c1d        0x3 
 .text          0x00000000c0005c20       0x2f fs/fat/ffsystem.32
                0x00000000c0005c20                ff_memalloc
                0x00000000c0005c38                ff_memfree
 *fill*         0x00000000c0005c4f        0x1 
 .text          0x00000000c0005c50      0x2dc fs/fat/ffunicode.32
                0x00000000c0005c50                ff_uni2oem
                0x00000000c0005cf0                ff_oem2uni
                0x00000000c0005d68                ff_wtoupper
 .text          0x00000000c0005f2c      0xd32 fs/iso9660/iso9660.32
                0x00000000c0006177                isoReadDiscSector
                0x00000000c0006212                strnicmp
                0x00000000c00064c1                stricmp
                0x00000000c000650d                iso_open
                0x00000000c0006597                iso_close
                0x00000000c00065b5                iso_read
                0x00000000c00066cb                iso_seek
                0x00000000c000674f                iso_tell
                0x00000000c0006780                iso_total
                0x00000000c00067ab                fn_postprocess
                0x00000000c00067d2                iso_readdir
                0x00000000c0006a29                iso_reset
                0x00000000c0006a46                init_percd
                0x00000000c0006b40                iso_ioctl
                0x00000000c0006b58                fs_iso9660_init
                0x00000000c0006bee                fs_iso9660_shutdown
 .text          0x00000000c0006c5e      0x6c3 core/computer.32
                0x00000000c0006c5e                Computer::close(int, int, void*)
                0x00000000c0006ca8                Krnl::firstTask()
                0x00000000c0006de6                Computer::Computer()
                0x00000000c0006de6                Computer::Computer()
                0x00000000c0006e96                Computer::setBootMessage(char const*)
                0x00000000c0006e98                Computer::detectFeatures()
                0x00000000c00070be                Computer::displayFeatures()
                0x00000000c00070c0                Computer::rdmsr(unsigned int)
                0x00000000c00070ec                Computer::wrmsr(unsigned int, unsigned long long)
                0x00000000c0007128                Computer::shutdown()
                0x00000000c0007140                Computer::restart()
                0x00000000c0007158                Computer::sleep()
                0x00000000c000716c                Computer::nmiEnabled()
                0x00000000c0007178                Computer::readCMOS(unsigned char)
                0x00000000c0007196                Computer::enableNMI(bool)
                0x00000000c00071ae                Computer::open(int, int, void*)
                0x00000000c0007282                Computer::disableNMI()
                0x00000000c0007292                Computer::writeCMOS(unsigned char, unsigned char)
                0x00000000c00072b6                Computer::handleNMI()
 *fill*         0x00000000c0007321        0x1 
 .text          0x00000000c0007322      0x1db core/gdt.32
                0x00000000c0007322                GDTEntry::setBase(unsigned int)
                0x00000000c000733e                GDTEntry::setLimit(unsigned int)
                0x00000000c000735c                GDT::GDT()
                0x00000000c000735c                GDT::GDT()
                0x00000000c0007372                GDT::addEntry(GDTEntry)
                0x00000000c0007394                GDT::getNumberOfEntries()
                0x00000000c000739c                GDT::flush()
                0x00000000c00073be                GDT::setup()
 .text          0x00000000c00074fd       0x1d core/idle.32
                0x00000000c00074fd                idleFunction(void*)
 *fill*         0x00000000c000751a        0x2 
 .text          0x00000000c000751c      0x46c core/idt.32
                0x00000000c000751c                IDTEntry::IDTEntry(bool)
                0x00000000c000751c                IDTEntry::IDTEntry(bool)
                0x00000000c0007596                IDTEntry::setOffset(unsigned int)
                0x00000000c00075ac                IDT::IDT()
                0x00000000c00075ac                IDT::IDT()
                0x00000000c00075ae                IDT::getPointerToInvalidOpcodeEntryForF00F()
                0x00000000c00075b6                IDT::addEntry(IDTEntry, int)
                0x00000000c00075d0                IDT::addEntry(int, void (*)(), bool)
                0x00000000c0007608                IDT::flush()
                0x00000000c0007622                IDT::setup()
 .text          0x00000000c0007988      0x188 core/kheap.32
                0x00000000c0007988                sbrk
                0x00000000c0007a1f                mmap
                0x00000000c0007a35                munmap
                0x00000000c0007a4b                liballoc_lock()
                0x00000000c0007a59                liballoc_unlock()
                0x00000000c0007a6f                liballoc_alloc(int)
                0x00000000c0007a87                liballoc_free(void*, int)
                0x00000000c0007aa2                realloc
                0x00000000c0007ab6                malloc
                0x00000000c0007ac6                free
                0x00000000c0007ad6                rfree
                0x00000000c0007ae6                calloc
 .text          0x00000000c0007b10       0xc7 core/main.32
                0x00000000c0007b10                KeEntryPoint
 .text          0x00000000c0007bd7      0x644 core/physmgr.32
                0x00000000c0007bd7                Phys::allocateDMA(unsigned long)
                0x00000000c0007cbf                Phys::freeDMA(unsigned long, unsigned long)
                0x00000000c0007cfa                Phys::setPageState(unsigned long, bool)
                0x00000000c0007d3a                Phys::getPageState(unsigned long)
                0x00000000c0007d56                Phys::freePage(unsigned long)
                0x00000000c0007dbf                Phys::allocatePage()
                0x00000000c0007e8e                Phys::allocateContiguousPages(int)
                0x00000000c0007ef5                Phys::allowSegmentToBeUsed(unsigned long, unsigned long)
                0x00000000c0007f2d                Phys::physicalMemorySetup(unsigned int)
 *fill*         0x00000000c000821b        0x1 
 .text          0x00000000c000821c      0x273 core/pipe.32
                0x00000000c000821c                Pipe::isAtty()
                0x00000000c0008220                Pipe::~Pipe()
                0x00000000c0008220                Pipe::~Pipe()
                0x00000000c0008244                Pipe::~Pipe()
                0x00000000c000826c                Pipe::write(unsigned long long, void*, int*)
                0x00000000c000832c                Pipe::read(unsigned long long, void*, int*)
                0x00000000c0008428                Pipe::Pipe(int)
                0x00000000c0008428                Pipe::Pipe(int)
 *fill*         0x00000000c000848f        0x1 
 .text          0x00000000c0008490      0xab3 core/terminal.32
                0x00000000c0008490                VgaText::isAtty()
                0x00000000c0008494                VgaText::~VgaText()
                0x00000000c0008494                VgaText::~VgaText()
                0x00000000c00084b8                VgaText::~VgaText()
                0x00000000c00084e2                VgaText::read(unsigned long long, void*, int*)
                0x00000000c0008502                setTerminalScrollLock(bool)
                0x00000000c0008503                doTerminalCycle()
                0x00000000c0008504                addToTerminalCycle(VgaText*)
                0x00000000c0008505                scrollTerminalScrollLock(int)
                0x00000000c0008506                VgaText::updateTitle()
                0x00000000c0008508                VgaText::load()
                0x00000000c000850a                VgaText::updateCursor()
                0x00000000c0008520                VgaText::doANSI_SGR(int)
                0x00000000c0008594                VgaText::setDefaultBgColour(VgaColour)
                0x00000000c00085a4                VgaText::setDefaultFgColour(VgaColour)
                0x00000000c00085b4                VgaText::setDefaultColours(VgaColour, VgaColour)
                0x00000000c00085d4                VgaText::setTitleTextColour(VgaColour)
                0x00000000c00085e0                VgaText::setTitleColour(VgaColour)
                0x00000000c00085ec                VgaText::setTitle(char*)
                0x00000000c00085ee                VgaText::combineColours(unsigned char, unsigned char)
                0x00000000c0008600                VgaText::scrollScreen()
                0x00000000c0008692                VgaText::combineCharAndColour(char, unsigned char)
                0x00000000c00086a2                VgaText::writeCharacter(char, VgaColour, VgaColour, int, int)
                0x00000000c0008732                VgaText::getCursorX()
                0x00000000c000873a                VgaText::getCursorY()
                0x00000000c0008742                VgaText::setCursor(int, int)
                0x00000000c0008759                setActiveTerminal(VgaText*)
                0x00000000c00087a4                VgaText::clearScreen()
                0x00000000c00087f2                VgaText::setCursorX(int)
                0x00000000c000880a                VgaText::setCursorY(int)
                0x00000000c0008822                VgaText::incrementCursor(bool)
                0x00000000c0008876                VgaText::decrementCursor(bool)
                0x00000000c0008898                VgaText::putchar(char, VgaColour, VgaColour)
                0x00000000c0008968                VgaText::putchar(char)
                0x00000000c0008a60                VgaText::putx(unsigned int)
                0x00000000c0008aa6                VgaText::puts(char const*)
                0x00000000c0008acc                VgaText::write(unsigned long long, void*, int*)
                0x00000000c0008b18                VgaText::puts(char const*, VgaColour, VgaColour)
                0x00000000c0008c66                VgaText::VgaText(char const*)
                0x00000000c0008c66                VgaText::VgaText(char const*)
                0x00000000c0008db6                VgaText::receiveKey(unsigned char)
                0x00000000c0008f42                VgaText::doUpdate()
 *fill*         0x00000000c0008f43        0x1 
 .text          0x00000000c0008f44      0x1a1 core/tss.32
                0x00000000c0008f44                TSS::TSS()
                0x00000000c0008f44                TSS::TSS()
                0x00000000c0008f54                TSS::setESP(unsigned long)
                0x00000000c0008f68                TSS::flush()
                0x00000000c0008f88                TSS::setup(unsigned long, unsigned long)
 *fill*         0x00000000c00090e5        0x1 
 .text          0x00000000c00090e6      0x4ca core/unixfile.32
                0x00000000c00090e6                ReservedFilename::read(unsigned long long, void*, int*)
                0x00000000c000913c                ReservedFilename::isAtty()
                0x00000000c0009158                ReservedFilename::write(unsigned long long, void*, int*)
                0x00000000c00091b6                UnixFile::getFileDescriptor()
                0x00000000c00091be                UnixFile::UnixFile(int)
                0x00000000c00091be                UnixFile::UnixFile(int)
                0x00000000c0009372                ReservedFilename::ReservedFilename(int)
                0x00000000c0009372                ReservedFilename::ReservedFilename(int)
                0x00000000c00093a4                UnixFile::~UnixFile()
                0x00000000c00093a4                UnixFile::~UnixFile()
                0x00000000c0009440                UnixFile::~UnixFile()
                0x00000000c0009468                ReservedFilename::~ReservedFilename()
                0x00000000c0009468                ReservedFilename::~ReservedFilename()
                0x00000000c000948c                ReservedFilename::~ReservedFilename()
                0x00000000c00094b3                KeGetFileFromDescriptor(int)
 .text          0x00000000c00095b0     0x1218 core/virtmgr.32
                0x00000000c00095b0                Virt::setPageState(unsigned long, Virt::VirtPageState)
                0x00000000c00095ea                Virt::getPageState(unsigned long)
                0x00000000c000960d                Virt::allocateKernelVirtualPages(int)
                0x00000000c0009732                Virt::freeSwapfilePage(unsigned long)
                0x00000000c0009755                Virt::swapIDToSector(unsigned long)
                0x00000000c000976b                Virt::allocateSwapfilePage()
                0x00000000c00097eb                Virt::virtualMemorySetup()
                0x00000000c000983c                Virt::setupPageSwapping(int)
                0x00000000c00098ae                VAS::setCPUSpecific(unsigned long)
                0x00000000c00098b0                VAS::VAS(VAS*)
                0x00000000c00098b0                VAS::VAS(VAS*)
                0x00000000c00098de                VAS::getForeignPageTableEntry(bool, unsigned long)
                0x00000000c000990c                VAS::getPageTableEntry(unsigned long)
                0x00000000c000992b                Virt::freeKernelVirtualPages(unsigned long)
                0x00000000c0009a68                VAS::freeAllocatedPages(unsigned long)
                0x00000000c0009a8c                VAS::virtualToPhysical(unsigned long)
                0x00000000c0009aa6                VAS::reflagRange(unsigned long, int, unsigned long, unsigned long)
                0x00000000c0009ae8                VAS::VAS()
                0x00000000c0009ae8                VAS::VAS()
                0x00000000c0009b52                VAS::setToWriteCombining(unsigned long, int)
                0x00000000c0009b86                VAS::mapOtherVASIn(bool, VAS*)
                0x00000000c0009bb2                VAS::~VAS()
                0x00000000c0009bb2                VAS::~VAS()
                0x00000000c0009d20                VAS::mapPage(unsigned long, unsigned long, int)
                0x00000000c0009e24                VAS::allocatePages(int, int)
                0x00000000c0009f1a                VAS::mapRange(unsigned long, unsigned long, int, int)
                0x00000000c0009f72                VAS::mapForeignPage(bool, VAS*, unsigned long, unsigned long, int)
                0x00000000c000a068                VAS::VAS(bool)
                0x00000000c000a068                VAS::VAS(bool)
                0x00000000c000a2b2                VAS::evict(unsigned long)
                0x00000000c000a390                VAS::tryLoadBackOffDisk(unsigned long)
                0x00000000c000a52a                VAS::allocateSharedMemoryWithKernel(unsigned long, unsigned long*)
                0x00000000c000a59e                VAS::freeSharedMemoryWithKernel(unsigned long, unsigned long)
                0x00000000c000a5ca                VAS::scanForEviction()
                0x00000000c000a6cd                mapVASFirstTime
 .text          0x00000000c000a7c8       0x5f coreobjs/c++.32
                0x00000000c000a7c8                __cxa_atexit
                0x00000000c000a7cb                __cxa_finalize
                0x00000000c000a7cc                __stack_chk_fail
                0x00000000c000a802                __cxa_pure_virtual
                0x00000000c000a813                operator new[](unsigned long)
                0x00000000c000a818                operator delete(void*, unsigned long)
                0x00000000c000a81d                operator delete[](void*)
                0x00000000c000a822                operator delete[](void*, unsigned long)
 .text          0x00000000c000a827      0x254 dbg/kconsole.32
                0x00000000c000a827                Dbg::stringifyxWithBase(unsigned int, char*, int)
                0x00000000c000a8c7                Dbg::logc(char)
                0x00000000c000a8e7                Dbg::logs(char*)
                0x00000000c000a906                Dbg::logWriteInt(unsigned int)
                0x00000000c000a924                Dbg::logWriteIntBase(unsigned int, int)
                0x00000000c000a945                Dbg::kprintf(char const*, ...)
 *fill*         0x00000000c000aa7b        0x1 
 .text          0x00000000c000aa7c      0x2d4 dbg/usban.32
                0x00000000c000aa7c                KiUbsanPrintDetails(char const*, void*)
                0x00000000c000aae8                __ubsan_handle_type_mismatch_v1
                0x00000000c000abc4                __ubsan_handle_pointer_overflow
                0x00000000c000abf0                __ubsan_handle_out_of_bounds
                0x00000000c000ac1c                __ubsan_handle_add_overflow
                0x00000000c000ac48                __ubsan_handle_load_invalid_value
                0x00000000c000ac74                __ubsan_handle_divrem_overflow
                0x00000000c000aca0                __ubsan_handle_mul_overflow
                0x00000000c000accc                __ubsan_handle_sub_overflow
                0x00000000c000acf8                __ubsan_handle_shift_out_of_bounds
                0x00000000c000ad24                __ubsan_handle_negate_overflow
 .text          0x00000000c000ad50      0x603 fs/symlink.32
                0x00000000c000ad50                KiCreateSymlinkID()
                0x00000000c000adbd                KiFlushSymlinkChanges()
                0x00000000c000ae90                KiDeinitialiseSymlinks(void*)
                0x00000000c000ae95                KeRegisterSymlink(char const*, unsigned long long)
                0x00000000c000af04                KiIsSymlinkRegistered(char const*)
                0x00000000c000af4b                KeDereferenceSymlink(char const*, char*)
                0x00000000c000b160                KeCreateSymlink(char const*, char const*)
                0x00000000c000b29d                KeInitialiseSymlinks()
 *fill*         0x00000000c000b353        0x1 
 .text          0x00000000c000b354      0xda0 fs/vfs.32
                0x00000000c000b354                File::read(unsigned long long, void*, int*)
                0x00000000c000b3ac                File::write(unsigned long long, void*, int*)
                0x00000000c000b404                Directory::read(unsigned long long, void*, int*)
                0x00000000c000b45c                Directory::write(unsigned long long, void*, int*)
                0x00000000c000b48a                File::isAtty()
                0x00000000c000b48e                Directory::isAtty()
                0x00000000c000b492                Filesystem::getlabel(LogicalDisk*, int, char*, unsigned int*)
                0x00000000c000b498                Filesystem::setlabel(LogicalDisk*, int, char*)
                0x00000000c000b49e                Filesystem::allocateSwapfile(char const*, int)
                0x00000000c000b4a4                File::~File()
                0x00000000c000b4a4                File::~File()
                0x00000000c000b4c8                File::~File()
                0x00000000c000b4f2                Directory::~Directory()
                0x00000000c000b4f2                Directory::~Directory()
                0x00000000c000b516                Directory::~Directory()
                0x00000000c000b540                Filesystem::Filesystem()
                0x00000000c000b540                Filesystem::Filesystem()
                0x00000000c000b564                Filesystem::~Filesystem()
                0x00000000c000b564                Filesystem::~Filesystem()
                0x00000000c000b572                Filesystem::~Filesystem()
                0x00000000c000b596                Fs::getcwd(Process*, char*, int)
                0x00000000c000b5c0                Fs::initVFS()
                0x00000000c000b5ea                Fs::standardiseFiles(char*, char const*, char const*, bool)
                0x00000000c000b870                File::File(char const*, Process*)
                0x00000000c000b870                File::File(char const*, Process*)
                0x00000000c000b938                File::open(FileOpenMode)
                0x00000000c000b996                File::close()
                0x00000000c000b9f6                File::seek(unsigned long long)
                0x00000000c000ba4c                File::truncate(unsigned long long)
                0x00000000c000baa2                File::tell(unsigned long long*)
                0x00000000c000baf2                File::rewind()
                0x00000000c000bb06                File::unlink()
                0x00000000c000bb52                File::rename(char const*)
                0x00000000c000bba0                File::chfatattr(unsigned char, unsigned char)
                0x00000000c000bbfc                File::exists()
                0x00000000c000bc3a                File::stat(unsigned long long*, bool*)
                0x00000000c000bc9b                Fs::setcwd(Process*, char*)
                0x00000000c000bdfa                Directory::Directory(char const*, Process*)
                0x00000000c000bdfa                Directory::Directory(char const*, Process*)
                0x00000000c000bec2                Directory::open()
                0x00000000c000bf1e                Directory::close()
                0x00000000c000bf7e                Directory::unlink()
                0x00000000c000bfca                Directory::rename(char const*)
                0x00000000c000c018                Directory::exists()
                0x00000000c000c056                Directory::read(dirent*)
                0x00000000c000c0a2                Directory::create()
                0x00000000c000c0ee                Filesystem::chfatattr(char const*, unsigned char, unsigned char)
 .text          0x00000000c000c0f4       0x86 hal/bus.32
                0x00000000c000c0f4                Bus::Bus(char const*)
                0x00000000c000c0f4                Bus::Bus(char const*)
                0x00000000c000c12c                Bus::~Bus()
                0x00000000c000c12c                Bus::~Bus()
                0x00000000c000c150                Bus::~Bus()
 .text          0x00000000c000c17a       0x96 hal/buzzer.32
                0x00000000c000c17a                beepThread(void*)
                0x00000000c000c1b7                Krnl::beep(int, int, bool)
 .text          0x00000000c000c210      0x45f hal/clock.32
                0x00000000c000c210                User::loadClockSettings(int)
                0x00000000c000c262                Clock::Clock(char const*)
                0x00000000c000c262                Clock::Clock(char const*)
                0x00000000c000c298                Clock::~Clock()
                0x00000000c000c298                Clock::~Clock()
                0x00000000c000c2bc                Clock::~Clock()
                0x00000000c000c2e6                Clock::timeInSecondsLocal()
                0x00000000c000c32e                Clock::setTimeInSecondsLocal(unsigned long long)
                0x00000000c000c387                datetimeToSeconds(datetime_t)
                0x00000000c000c4a6                Clock::setTimeInDatetimeLocal(datetime_t)
                0x00000000c000c506                secondsToDatetime(unsigned long long)
                0x00000000c000c64a                Clock::timeInDatetimeLocal()
 *fill*         0x00000000c000c66f        0x1 
 .text          0x00000000c000c670      0x464 hal/device.32
                0x00000000c000c670                Device::hibernate()
                0x00000000c000c672                Device::wake()
                0x00000000c000c674                Device::detect()
                0x00000000c000c676                Device::disableLegacy()
                0x00000000c000c678                Device::powerSaving(PowerSavingLevel)
                0x00000000c000c67a                DriverlessDevice::close(int, int, void*)
                0x00000000c000c67e                DriverlessDevice::detect()
                0x00000000c000c680                DriverlessDevice::open(int, int, void*)
                0x00000000c000c694                Device::~Device()
                0x00000000c000c694                Device::~Device()
                0x00000000c000c6a2                Device::~Device()
                0x00000000c000c6ca                Device::findAndLoadDriver()
                0x00000000c000c6d8                Device::preOpenPCI(PCIDeviceInfo)
                0x00000000c000c6fe                Device::preOpenACPI(void*, char*, char*)
                0x00000000c000c73e                Device::addIRQHandler(int, void (*)(regs*, void*), bool, void*)
                0x00000000c000c768                Device::getParent()
                0x00000000c000c774                Device::removeIRQHandler(int, void (*)(regs*, void*), bool)
                0x00000000c000c792                Device::addChild(Device*)
                0x00000000c000c7d6                Device::removeAllChildren()
                0x00000000c000c81c                Device::hibernateAll()
                0x00000000c000c84c                Device::wakeAll()
                0x00000000c000c87c                Device::detectAll()
                0x00000000c000c8ac                Device::disableLegacyAll()
                0x00000000c000c8ae                Device::loadDriversForAll()
                0x00000000c000c8b0                Device::closeAll()
                0x00000000c000c8e6                Device::powerSavingAll(PowerSavingLevel)
                0x00000000c000c91c                Device::setName(char const*)
                0x00000000c000c92a                Device::Device(char const*)
                0x00000000c000c92a                Device::Device(char const*)
                0x00000000c000ca26                Device::getName()
                0x00000000c000ca30                DriverlessDevice::DriverlessDevice(char const*)
                0x00000000c000ca30                DriverlessDevice::DriverlessDevice(char const*)
                0x00000000c000ca66                Device::addToLinkedList(LinkedList<Device>&, DeviceType)
                0x00000000c000caaa                getDevicesOfType(DeviceType)
 .text          0x00000000c000cad4       0x86 hal/diskctrl.32
                0x00000000c000cad4                HardDiskController::HardDiskController(char const*)
                0x00000000c000cad4                HardDiskController::HardDiskController(char const*)
                0x00000000c000cb0c                HardDiskController::~HardDiskController()
                0x00000000c000cb0c                HardDiskController::~HardDiskController()
                0x00000000c000cb30                HardDiskController::~HardDiskController()
 .text          0x00000000c000cb5a       0xe2 hal/diskphys.32
                0x00000000c000cb5a                PhysicalDisk::eject()
                0x00000000c000cb5e                PhysicalDisk::PhysicalDisk(char const*, int)
                0x00000000c000cb5e                PhysicalDisk::PhysicalDisk(char const*, int)
                0x00000000c000cbc6                PhysicalDisk::startCache()
                0x00000000c000cbee                PhysicalDisk::~PhysicalDisk()
                0x00000000c000cbee                PhysicalDisk::~PhysicalDisk()
                0x00000000c000cc12                PhysicalDisk::~PhysicalDisk()
 .text          0x00000000c000cc3c        0x0 hal/fpu.32
 .text          0x00000000c000cc3c      0x359 hal/intctrl.32
                0x00000000c000cc3c                int_handler
                0x00000000c000ccc6                installISRHandler(int, void (*)(regs*, void*), void*)
                0x00000000c000cd10                installIRQHandler(int, void (*)(regs*, void*), bool, void*)
                0x00000000c000ce44                uninstallISRHandler(int, void (*)(regs*, void*))
                0x00000000c000ce78                uninstallIRQHandler(int, void (*)(regs*, void*), bool)
                0x00000000c000cef6                setupINTS()
                0x00000000c000cf53                convertLegacyIRQNumber(int)
 *fill*         0x00000000c000cf95        0x1 
 .text          0x00000000c000cf96      0x8be hal/keybrd.32
                0x00000000c000cf96                startGUI(void*)
                0x00000000c000d004                startGUIVESA(void*)
                0x00000000c000d072                sendKeyToTerminal(unsigned char)
                0x00000000c000d14d                sendKeyboardToken(KeyboardToken)
                0x00000000c000d637                clearInternalKeybuffer(VgaText*)
                0x00000000c000d66c                readKeyboard(VgaText*, char*, unsigned long)
                0x00000000c000d7ca                Keyboard::Keyboard(char const*)
                0x00000000c000d7ca                Keyboard::Keyboard(char const*)
                0x00000000c000d806                Keyboard::~Keyboard()
                0x00000000c000d806                Keyboard::~Keyboard()
                0x00000000c000d82a                Keyboard::~Keyboard()
 .text          0x00000000c000d854      0x3f8 hal/logidisk.32
                0x00000000c000d854                LogicalDisk::close(int, int, void*)
                0x00000000c000d858                LogicalDisk::~LogicalDisk()
                0x00000000c000d858                LogicalDisk::~LogicalDisk()
                0x00000000c000d87c                LogicalDisk::~LogicalDisk()
                0x00000000c000d8a6                LogicalDisk::open(int, int, void*)
                0x00000000c000d8ba                LogicalDisk::absoluteToRelative(unsigned long long)
                0x00000000c000d8f2                LogicalDisk::relativeToAbsolute(unsigned long long)
                0x00000000c000d938                LogicalDisk::LogicalDisk(char const*, PhysicalDisk*, unsigned long long, unsigned long long)
                0x00000000c000d938                LogicalDisk::LogicalDisk(char const*, PhysicalDisk*, unsigned long long, unsigned long long)
                0x00000000c000d9f8                LogicalDisk::assignDriveLetter()
                0x00000000c000dab2                LogicalDisk::mount()
                0x00000000c000dafa                LogicalDisk::unmount()
                0x00000000c000db0a                LogicalDisk::eject()
                0x00000000c000db1e                LogicalDisk::unassignDriveLetter()
                0x00000000c000db74                LogicalDisk::read(unsigned long long, int, void*)
                0x00000000c000dbe0                LogicalDisk::write(unsigned long long, int, void*)
 .text          0x00000000c000dc4c       0x86 hal/mouse.32
                0x00000000c000dc4c                Mouse::Mouse(char const*)
                0x00000000c000dc4c                Mouse::Mouse(char const*)
                0x00000000c000dc84                Mouse::~Mouse()
                0x00000000c000dc84                Mouse::~Mouse()
                0x00000000c000dca8                Mouse::~Mouse()
 .text          0x00000000c000dcd2       0x90 hal/nic.32
                0x00000000c000dcd2                NIC::getMAC()
                0x00000000c000dcd8                NIC::write(int, unsigned char*, int*)
                0x00000000c000dcde                NIC::NIC(char const*)
                0x00000000c000dcde                NIC::NIC(char const*)
                0x00000000c000dd14                NIC::~NIC()
                0x00000000c000dd14                NIC::~NIC()
                0x00000000c000dd38                NIC::~NIC()
 .text          0x00000000c000dd62      0x33b hal/partition.32
                0x00000000c000dd62                makePartition(PhysicalDisk*, unsigned long long, unsigned long long)
                0x00000000c000de0a                createPartitionsForDisk(PhysicalDisk*)
 *fill*         0x00000000c000e09d        0x3 
 .text          0x00000000c000e0a0       0x86 hal/serial.32
                0x00000000c000e0a0                Serial::Serial(char const*)
                0x00000000c000e0a0                Serial::Serial(char const*)
                0x00000000c000e0d8                Serial::~Serial()
                0x00000000c000e0d8                Serial::~Serial()
                0x00000000c000e0fc                Serial::~Serial()
 *fill*         0x00000000c000e126        0x2 
 .text          0x00000000c000e128      0x234 hal/timer.32
                0x00000000c000e128                Timer::Timer(char const*)
                0x00000000c000e128                Timer::Timer(char const*)
                0x00000000c000e160                Timer::~Timer()
                0x00000000c000e160                Timer::~Timer()
                0x00000000c000e184                Timer::~Timer()
                0x00000000c000e1ae                Timer::read()
                0x00000000c000e1b9                setupTimer(int)
                0x00000000c000e1f4                timerHandler(unsigned int)
 .text          0x00000000c000e35c      0x444 hal/vcache.32
                0x00000000c000e35c                VCache::VCache(PhysicalDisk*)
                0x00000000c000e35c                VCache::VCache(PhysicalDisk*)
                0x00000000c000e4cc                VCache::invalidateReadBuffer()
                0x00000000c000e4dc                VCache::writeWriteBuffer()
                0x00000000c000e528                VCache::~VCache()
                0x00000000c000e528                VCache::~VCache()
                0x00000000c000e580                VCache::~VCache()
                0x00000000c000e5a8                VCache::write(unsigned long long, int, void*)
                0x00000000c000e696                VCache::read(unsigned long long, int, void*)
 .text          0x00000000c000e7a0      0x4c7 hal/video.32
                0x00000000c000e7a0                Video::putrect(int, int, int, int, unsigned int)
                0x00000000c000e7ec                Video::bitblit(int, int, int, int, int, int, int, unsigned int*)
                0x00000000c000e85c                Video::blit(unsigned int*, int, int, int, int)
                0x00000000c000e8da                Video::clearScreen(unsigned int)
                0x00000000c000e90e                Video::putpixel(int, int, unsigned int)
                0x00000000c000e91c                Video::readPixelApprox(int, int)
                0x00000000c000e930                Video::Video(char const*)
                0x00000000c000e930                Video::Video(char const*)
                0x00000000c000e966                Video::~Video()
                0x00000000c000e966                Video::~Video()
                0x00000000c000e98a                Video::~Video()
                0x00000000c000e9b4                Video::isMonochrome()
                0x00000000c000e9c0                Video::getWidth()
                0x00000000c000e9cc                Video::getHeight()
                0x00000000c000e9d8                Video::drawCursor(int, int, unsigned int*, int)
                0x00000000c000ea94                Video::tgaParse(unsigned char*, int, int*, int*)
                0x00000000c000ebfc                Video::putTGA(int, int, unsigned char*, int)
 *fill*         0x00000000c000ec67        0x1 
 .text          0x00000000c000ec68     0x138b hw/acpi.32
                0x00000000c000ec68                ACPI::close(int, int, void*)
                0x00000000c000ed1c                findRSDP()
                0x00000000c000edb4                loadACPITables(unsigned char*)
                0x00000000c000f020                findRSDT(unsigned char*)
                0x00000000c000f178                findDataTable(unsigned char*, char*)
                0x00000000c000f1f8                scanMADT()
                0x00000000c000f6b0                ACPI::ACPI()
                0x00000000c000f6b0                ACPI::ACPI()
                0x00000000c000f704                ACPI::getPCIIRQAssignment(unsigned char, unsigned short, unsigned char)
                0x00000000c000f800                ACPI::registerPCIIRQAssignment(void*, unsigned short, unsigned char, unsigned char)
                0x00000000c000f8cc                ACPI::setScreenBrightnessLevel(void*, int)
                0x00000000c000f8d4                ACPI::detectPCI()
                0x00000000c000faf4                ACPI::writeSimpleBootFlag(SimpleBootFlagTable*)
                0x00000000c000fb3c                ACPI::sleep()
                0x00000000c000fb58                ACPI::open(int, int, void*)
 *fill*         0x00000000c000fff3        0x1 
 .text          0x00000000c000fff4      0xbc5 hw/cpu.32
                0x00000000c000fff4                CPU::close(int, int, void*)
                0x00000000c000fff8                CPU::AMD_K6_write_msr(unsigned int, unsigned int, unsigned int, CPU::REGS*)
                0x00000000c0010014                CPU::AMD_K6_read_msr(unsigned int, CPU::REGS*)
                0x00000000c001002c                CPU::AMD_K6_writeback(int, int, int)
                0x00000000c00100a0                CPU::cpuid(int, unsigned long*, unsigned long*, unsigned long*, unsigned long*)
                0x00000000c0010124                CPU::cpuidCheckEDX(unsigned int)
                0x00000000c0010152                CPU::cpuidCheckECX(unsigned int)
                0x00000000c0010180                CPU::cpuidCheckExtendedEBX(unsigned int)
                0x00000000c00101ae                CPU::cpuidCheckExtendedECX(unsigned int)
                0x00000000c00101dc                CPU::CPU()
                0x00000000c00101dc                CPU::CPU()
                0x00000000c001026a                CPU::displayFeatures()
                0x00000000c001026c                CPU::detectFeatures()
                0x00000000c0010940                CPU::setupSMEP()
                0x00000000c001094c                CPU::setupUMIP()
                0x00000000c0010956                CPU::setupTSC()
                0x00000000c0010960                CPU::setupLargePages()
                0x00000000c001096a                CPU::setupPAT()
                0x00000000c00109a6                CPU::setupMTRR()
                0x00000000c00109a8                CPU::setupGlobalPages()
                0x00000000c00109b2                CPU::allowUsermodeDataAccess()
                0x00000000c00109c4                CPU::prohibitUsermodeDataAccess()
                0x00000000c00109d6                CPU::setupSMAP()
                0x00000000c00109e4                CPU::setupFeatures()
                0x00000000c0010ab0                CPU::open(int, int, void*)
 .text          0x00000000c0010bb9       0xb6 krnl/atexit.32
                0x00000000c0010bb9                KeInitialiseAtexit()
                0x00000000c0010bd8                KeRegisterAtexit(void (*)(void*), void*)
                0x00000000c0010c0c                KeExecuteAtexit()
 .text          0x00000000c0010c6f       0xdf krnl/bootmsg.32
                0x00000000c0010c6f                KeDisplaySplashScreen()
                0x00000000c0010ceb                KeSetBootMessage(char const*)
 *fill*         0x00000000c0010d4e        0x2 
 .text          0x00000000c0010d50       0x1d krnl/compat.32
                0x00000000c0010d50                Krnl::handlePowerButton()
                0x00000000c0010d60                Krnl::handleSleepButton()
 *fill*         0x00000000c0010d6d        0x1 
 .text          0x00000000c0010d6e      0x5bf krnl/env.32
                0x00000000c0010d6e                EnvVarContainer::getEnv(char const*)
                0x00000000c0010dac                EnvVarContainer::setEnv(char const*, char const*)
                0x00000000c0010e6e                EnvVarContainer::deleteEnv(char const*)
                0x00000000c0010e70                EnvVarContainer::loadFrom(char const*, char const*)
                0x00000000c0011094                EnvVarContainer::__loadSystem()
                0x00000000c00110ae                EnvVarContainer::__loadUser()
                0x00000000c00110b0                EnvVarContainer::EnvVarContainer(Process*)
                0x00000000c00110b0                EnvVarContainer::EnvVarContainer(Process*)
                0x00000000c00110d2                EnvVarContainer::~EnvVarContainer()
                0x00000000c00110d2                EnvVarContainer::~EnvVarContainer()
                0x00000000c0011102                KeGetEnv(Process*, char const*)
                0x00000000c0011167                KeSetEnvSystem(char const*, char const*)
                0x00000000c0011181                KeSetEnvUser(char const*, char const*)
                0x00000000c00111a0                KeSetEnvProcess(Process*, char const*, char const*)
                0x00000000c00111b3                KeDeleteEnvSystem(char const*)
                0x00000000c00111b4                KeDeleteEnvUser(char const*)
                0x00000000c00111b5                KeDeleteEnvProcess(Process*, char const*)
                0x00000000c00111b6                KeNewProcessEnv(Process*)
                0x00000000c00111d8                KeCopyProcessEnv(Process*, Process*)
                0x00000000c0011224                KeLoadSystemEnv()
                0x00000000c0011252                KeLoadUserEnv()
                0x00000000c0011278                KeFlushEnv()
                0x00000000c0011279                KeGetProcessTotalEnvCount(Process*)
                0x00000000c0011299                KeGetProcessEnvPair(Process*, int)
 .text          0x00000000c001132d       0x94 krnl/inlines.32
                0x00000000c001132d                CPU::current()
                0x00000000c0011339                operator new(unsigned long)
                0x00000000c001133e                operator delete(void*)
                0x00000000c0011343                disableIRQs()
                0x00000000c0011345                enableIRQs()
                0x00000000c0011347                lockScheduler()
                0x00000000c001134f                unlockScheduler()
                0x00000000c001135e                lockStuff()
                0x00000000c001136c                unlockStuff()
                0x00000000c00113a6                Virt::getAKernelVAS()
                0x00000000c00113ac                __not_memcpy
 .text          0x00000000c00113c1        0xc krnl/panic.32
                0x00000000c00113c1                KePanic(char const*)
 .text          0x00000000c00113cd      0x142 krnl/powctrl.32
                0x00000000c00113cd                KePowerThread(void*)
                0x00000000c00113fb                KeChangePowerSettings(PowerSettings)
                0x00000000c0011411                KeUserIOReceived()
                0x00000000c001141c                KeHandlePowerButton()
                0x00000000c0011451                KeHandleSleepButton()
                0x00000000c0011486                KeSetupPowerManager()
 .text          0x00000000c001150f       0x9d krnl/random.32
                0x00000000c001150f                KeRand()
                0x00000000c0011551                KeSeedRand(unsigned int)
                0x00000000c001157a                KeInitRand()
 .text          0x00000000c00115ac      0x1bc krnl/resolve.32
                0x00000000c00115ac                KeResolveCompatibilitySymbol(char*)
 .text          0x00000000c0011768      0x322 krnl/signal.32
                0x00000000c0011768                KiSigKill(int)
                0x00000000c001177c                KiDefaultSignalHandlerIgnore(int)
                0x00000000c001177d                KiDefaultSignalHandlerPause(int)
                0x00000000c00117a9                KiDefaultSignalHandlerResume(int)
                0x00000000c00117d5                KeDeinitSignals(SigHandlerBlock*)
                0x00000000c00117da                KeInitSignals()
                0x00000000c001182c                KeRegisterSignalHandler(SigHandlerBlock*, int, void (*)(int), unsigned int, int)
                0x00000000c0011862                KeRaiseSignal(SigHandlerBlock*, int)
                0x00000000c00118df                KeCheckSignal(SigHandlerBlock*, int*)
                0x00000000c00119d6                KiCheckSignalZ
                0x00000000c0011a18                KeCompleteSignal(SigHandlerBlock*, int)
                0x00000000c0011a53                KiFinishSignalZ
 .text          0x00000000c0011a8a      0xc5f krnl/syscalls.32
                0x00000000c0011a8a                SysSeekDir(regs*)
                0x00000000c0011a8f                SysTellDir(regs*)
                0x00000000c0011a94                SysVerify(regs*)
                0x00000000c0011a9e                SysGetArgc(regs*)
                0x00000000c0011ab2                SysTTYName(regs*)
                0x00000000c0011aba                SysFormatDisk(regs*)
                0x00000000c0011b31                SysSetDiskVolumeLabel(regs*)
                0x00000000c0011b85                SysGetDiskVolumeLabel(regs*)
                0x00000000c0011bde                SysShutdown(regs*)
                0x00000000c0011c3c                SysRealpath(regs*)
                0x00000000c0011c80                SysReadDir(regs*)
                0x00000000c0011d00                SysIsATTY(regs*)
                0x00000000c0011d5a                SysSeek(regs*)
                0x00000000c0011db1                SysTell(regs*)
                0x00000000c0011e1e                SysSize(regs*)
                0x00000000c0011e91                SysSizeFromFilename(regs*)
                0x00000000c0011f42                SysClose(regs*)
                0x00000000c0011fa2                SysOpenDir(regs*)
                0x00000000c001201f                SysMakeDir(regs*)
                0x00000000c001208d                SysCloseDir(regs*)
                0x00000000c00120e1                SysWait(regs*)
                0x00000000c0012102                SysNotImpl(regs*)
                0x00000000c001211d                SysPanic(regs*)
                0x00000000c0012138                SysRmdir(regs*)
                0x00000000c001219d                SysUnlink(regs*)
                0x00000000c0012202                SysGetArgv(regs*)
                0x00000000c001224f                SysUSleep(regs*)
                0x00000000c0012278                SysSpawn(regs*)
                0x00000000c00122eb                SysGetEnv(regs*)
                0x00000000c001239c                SysSetFatAttrib(regs*)
                0x00000000c001240f                SysPipe(regs*)
                0x00000000c0012454                SysGetUnixTime(regs*)
                0x00000000c0012468                string_ends_with(char const*, char const*)
                0x00000000c00124b0                SysOpen(regs*)
                0x00000000c00126a7                KeSystemCall(regs*, void*)
 *fill*         0x00000000c00126e9        0x3 
 .text          0x00000000c00126ec      0x159 net/ethernet.32
                0x00000000c00126ec                KeSwitchEndian16(unsigned short)
                0x00000000c0012710                KeSwitchEndian32(unsigned int)
                0x00000000c0012740                EthernetCRC32(unsigned char*, int)
                0x00000000c00127e4                EthernetReceivedPacket(EthernetUnwrappedFrame*, unsigned short)
 .text          0x00000000c0012845      0xd56 reg/cm.32
                0x00000000c0012845                CmOpen(char const*)
                0x00000000c0012963                CmClose(Reghive_Tag*)
                0x00000000c0012979                CmReadExtent(Reghive_Tag*, int, unsigned char*)
                0x00000000c00129b5                CmGetString(Reghive_Tag*, int, char*)
                0x00000000c0012a2c                CmEnterDirectory(Reghive_Tag*, int)
                0x00000000c0012a6b                CmGetNext(Reghive_Tag*, int)
                0x00000000c0012a9d                CmWriteExtent(Reghive_Tag*, int, unsigned char*)
                0x00000000c0012ad9                CmFreeExtent(Reghive_Tag*, int)
                0x00000000c0012b01                CmUpdateHeader(Reghive_Tag*)
                0x00000000c0012b22                CmExpand(Reghive_Tag*, int)
                0x00000000c0012b9d                CmFindUnusedExtent(Reghive_Tag*)
                0x00000000c0012c23                CmCreateExtent(Reghive_Tag*, int, int, unsigned char*)
                0x00000000c0012d17                CmSetString(Reghive_Tag*, int, char const*)
                0x00000000c0012e53                CmGetMatch(char*, char*, bool, bool*)
                0x00000000c0012eb4                CmAddShift(unsigned int*, int*, unsigned char, int)
                0x00000000c0012ee4                CmGetShift(unsigned int*, int*, int, bool*)
                0x00000000c0012f1b                CmGetInteger(Reghive_Tag*, int, unsigned long long*)
                0x00000000c0012f45                CmSetInteger(Reghive_Tag*, int, unsigned long long)
                0x00000000c0012f85                CmConvertFromInternalFilename(unsigned char const*, char*)
                0x00000000c0013029                CmGetNameAndTypeFromExtent(Reghive_Tag*, int, char*)
                0x00000000c0013057                CmConvertToInternalFilename(char const*, unsigned char*)
                0x00000000c00131f5                CmCreateString(Reghive_Tag*, int, char const*)
                0x00000000c0013242                CmFindInDirectory(Reghive_Tag*, int, char const*)
                0x00000000c00132bc                CmCreateInteger(Reghive_Tag*, int, char const*, unsigned long long, int)
                0x00000000c001330f                CmCreateDirectory(Reghive_Tag*, int, char const*)
                0x00000000c00133d3                zStrtok(char*, char const*)
                0x00000000c0013445                CmFindObjectFromPath(Reghive_Tag*, char const*)
                0x00000000c00134c6                CmDisplayTree(Reghive_Tag*, int, int)
                0x00000000c0013569                CmSplitFinalSlashInPlace(char*)
 .text          0x00000000c001359b      0x52a reg/registry.32
                0x00000000c001359b                Reg::findLineFromLoadedData(char*, char*, char*)
                0x00000000c001370c                Reg::getLineFromRegistry(char*, char*, char*, char*)
                0x00000000c0013861                Reg::getLine(char*, char*, char*)
                0x00000000c0013898                Reg::readInt(char*, char*, int*)
                0x00000000c0013986                Reg::readString(char*, char*, char*, int)
                0x00000000c0013a07                Reg::readBool(char*, char*, bool*)
                0x00000000c0013a2c                Reg::readBoolWithDefault(char*, char*, bool)
                0x00000000c0013a58                Reg::readIntWithDefault(char*, char*, int)
                0x00000000c0013a84                Reg::readStringWithDefault(char*, char*, char*, int, char*)
 .text          0x00000000c0013ac5       0x36 sys/eject.32
                0x00000000c0013ac5                SysEject(regs*)
 .text          0x00000000c0013afb       0x18 sys/exit.32
                0x00000000c0013afb                SysExit(regs*)
 .text          0x00000000c0013b13       0x1f sys/getcwd.32
                0x00000000c0013b13                SysGetCwd(regs*)
 .text          0x00000000c0013b32        0xc sys/getpid.32
                0x00000000c0013b32                SysGetPID(regs*)
 .text          0x00000000c0013b3e       0x1a sys/getramdata.32
                0x00000000c0013b3e                SysGetRAMData(regs*)
 .text          0x00000000c0013b58       0x82 sys/getvgaptr.32
                0x00000000c0013b58                SysGetVGAPtr(regs*)
 *fill*         0x00000000c0013bda        0x2 
 .text          0x00000000c0013bdc       0xb9 sys/kill.32
                0x00000000c0013bdc                SysKill(regs*)
 .text          0x00000000c0013c95       0xa8 sys/loaddll.32
                0x00000000c0013c95                SysLoadDLL(regs*)
 .text          0x00000000c0013d3d       0x68 sys/read.32
                0x00000000c0013d3d                SysRead(regs*)
 .text          0x00000000c0013da5       0x29 sys/registersignal.32
                0x00000000c0013da5                SysRegisterSignal(regs*)
 .text          0x00000000c0013dce      0x19c sys/registry.32
                0x00000000c0013dce                SysRegistryGetTypeFromPath(regs*)
                0x00000000c0013e45                SysRegistryReadExtent(regs*)
                0x00000000c0013e8d                SysRegistryPathToExtentLookup(regs*)
                0x00000000c0013eb5                SysRegistryEnterDirectory(regs*)
                0x00000000c0013edd                SysRegistryGetNext(regs*)
                0x00000000c0013f05                SysRegistryGetNameAndTypeFromExtent(regs*)
                0x00000000c0013f3f                SysRegistryOpen(regs*)
                0x00000000c0013f53                SysRegistryClose(regs*)
 .text          0x00000000c0013f6a       0x55 sys/sbrk.32
                0x00000000c0013f6a                SysSbrk(regs*)
 .text          0x00000000c0013fbf       0x1c sys/setcwd.32
                0x00000000c0013fbf                SysSetCwd(regs*)
 .text          0x00000000c0013fdb       0x96 sys/settime.32
                0x00000000c0013fdb                SysSetTime(regs*)
 .text          0x00000000c0014071       0x4a sys/timezone.32
                0x00000000c0014071                SysTimezone(regs*)
 .text          0x00000000c00140bb       0xfc sys/truncate.32
                0x00000000c00140bb                SysTruncate(regs*)
 .text          0x00000000c00141b7       0x68 sys/write.32
                0x00000000c00141b7                SysWrite(regs*)
 .text          0x00000000c001421f       0x62 sys/wsbe.32
                0x00000000c001421f                SysWsbe(regs*)
 .text          0x00000000c0014281       0x25 sys/yield.32
                0x00000000c0014281                SysYield(regs*)
 .text          0x00000000c00142a6     0x11e6 thr/elf.32
                0x00000000c00142a6                Thr::allocateMemoryForTask(Process*, File*, unsigned long, unsigned long, unsigned long)
                0x00000000c0014534                Thr::loadProgramIntoMemory(Process*, char const*)
                0x00000000c0014746                Thr::runtimeReferenceHelper()
                0x00000000c0014759                Thr::getAddressOfKernelSymbol(char const*)
                0x00000000c00147a8                Thr::loadKernelSymbolTable(char const*)
                0x00000000c0014a66                Thr::loadDriverIntoMemory(char const*, unsigned long, bool)
                0x00000000c001519f                Thr::getDriverBaseFromAddress(unsigned long)
                0x00000000c00151d1                Thr::getDriverNameFromAddress(unsigned long)
                0x00000000c0015208                Thr::getDriverOffsetFromAddress(unsigned long)
                0x00000000c0015222                Thr::loadDLL(char const*, bool)
                0x00000000c0015453                Thr::executeDLL(unsigned long, void*)
 .text          0x00000000c001548c     0x13d9 thr/prcssthr.32
                0x00000000c001548c                userModeEntryPoint(void*)
                0x00000000c00154b4                changeTSS
                0x00000000c00154e4                switchToThread(ThreadControlBlock*)
                0x00000000c0015594                Process::addArgs(char**)
                0x00000000c0015600                Process::Process(char const*, Process*, char**)
                0x00000000c0015600                Process::Process(char const*, Process*, char**)
                0x00000000c001580c                Process::Process(bool, char const*, Process*, char**)
                0x00000000c001580c                Process::Process(bool, char const*, Process*, char**)
                0x00000000c00159e0                taskStartupFunction
                0x00000000c00159ec                Semaphore::Semaphore(int)
                0x00000000c00159ec                Semaphore::Semaphore(int)
                0x00000000c0015a1c                Mutex::Mutex()
                0x00000000c0015a1c                Mutex::Mutex()
                0x00000000c0015a30                Process::createThread(void (*)(void*), void*, int)
                0x00000000c0015b3c                Process::createUserThread()
                0x00000000c0015b5c                setupMultitasking(void (*)())
                0x00000000c0015c80                schedule()
                0x00000000c0015d14                Semaphore::tryAcquire()
                0x00000000c0015de8                Semaphore::assertLocked(char const*)
                0x00000000c0015e6c                blockTaskWithSchedulerLockAlreadyHeld(TaskState)
                0x00000000c0015e94                blockTask(TaskState)
                0x00000000c0015ecc                waitTask(int, int*, int)
                0x00000000c0015f10                milliTenthSleepUntil(unsigned int)
                0x00000000c0015fb0                milliTenthSleep(unsigned int)
                0x00000000c0015fc4                sleep(unsigned int)
                0x00000000c0015fe0                Semaphore::acquire()
                0x00000000c00160a8                taskReturned
                0x00000000c00160ec                Thr::processFromPID(int)
                0x00000000c0016198                unblockTask(ThreadControlBlock*)
                0x00000000c0016244                cleanupTerminatedTask(ThreadControlBlock*)
                0x00000000c0016518                cleanerTaskFunction(void*)
                0x00000000c0016620                terminateTask(int)
                0x00000000c001670c                Thr::terminateFromIRQ(int)
                0x00000000c001671c                Semaphore::release()
 .text          0x00000000c0016865      0xc27 vm86/vm8086.32
                0x00000000c0016865                Vm::inbv(unsigned short)
                0x00000000c0016878                Vm::outbv(unsigned short, unsigned char)
                0x00000000c00168ae                Vm::realToLinear(unsigned short, unsigned short)
                0x00000000c00168be                Vm::getSegment(unsigned int)
                0x00000000c00168c6                Vm::getOffset(unsigned int)
                0x00000000c00168cb                Vm::mainloop2()
                0x00000000c0016905                Vm::mainVm8086Loop(void*)
                0x00000000c0016915                Vm::mainloop3(unsigned long)
                0x00000000c001693b                Vm::initialise8086()
                0x00000000c001697e                Vm::finish8086()
                0x00000000c00169df                Vm::getOutput8086(unsigned char*)
                0x00000000c0016a04                Vm::start8086FromBuffer(unsigned char*, int, unsigned short, unsigned short, unsigned short, unsigned short)
                0x00000000c0016abd                Vm::start8086(char const*, unsigned short, unsigned short, unsigned short, unsigned short)
                0x00000000c0016c5b                Vm::doISR(regs*, int, unsigned char*, unsigned short, unsigned short)
                0x00000000c0016cf4                Vm::readByteFromReal(unsigned short, unsigned short)
                0x00000000c0016d05                Vm::readWordFromReal(unsigned short, unsigned short)
                0x00000000c0016d17                Vm::readDwordFromReal(unsigned short, unsigned short)
                0x00000000c0016d28                Vm::writeByteFromReal(unsigned short, unsigned short, unsigned char)
                0x00000000c0016d3d                Vm::writeWordFromReal(unsigned short, unsigned short, unsigned short)
                0x00000000c0016d53                Vm::writeDwordFromReal(unsigned short, unsigned short, unsigned int)
                0x00000000c0016d68                Vm::faultHandler(regs*)
 .text          0x00000000c001748c      0xaf0 arch/i386/hal.32
                0x00000000c001748c                noCopro(unsigned long)
                0x00000000c001748d                nmiHandler(regs*, void*)
                0x00000000c00174a6                doubleFault(regs*, void*)
                0x00000000c00174bf                displayDebugInfo(regs*)
                0x00000000c0017844                HalSystemIdle()
                0x00000000c00178c0                displayProgramFault(char const*)
                0x00000000c001790c                gpFault(regs*, void*)
                0x00000000c0017973                pgFault(regs*, void*)
                0x00000000c00179fc                otherISRHandler(regs*, void*)
                0x00000000c0017a30                opcodeFault(regs*, void*)
                0x00000000c0017ab3                i386SaveCoprocessor(void*)
                0x00000000c0017ac7                i386LoadCoprocessor(void*)
                0x00000000c0017adb                x87EmulHandler(regs*, void*)
                0x00000000c0017b78                HalInitialiseCoprocessor()
                0x00000000c0017c26                HalPanic(char const*)
                0x00000000c0017d3a                HalQueryPerformanceCounter()
                0x00000000c0017d55                HalInitialise()
                0x00000000c0017f0b                HalMakeBeep(int)
                0x00000000c0017f45                HalGetRand()
                0x00000000c0017f48                HalEndOfInterrupt(int)
                0x00000000c0017f79                HalRestart()
                0x00000000c0017f7a                HalShutdown()
                0x00000000c0017f7b                HalSleep()
 .text          0x00000000c0017f7c      0x2dc arch/i386/pic.32
                0x00000000c0017f7c                picIoWait()
                0x00000000c0017f84                picDisable()
                0x00000000c0017fb8                picGetIRQReg(int)
                0x00000000c0018034                picOpen()
                0x00000000c00181b8                picEOI(int)
 .text          0x00000000c0018258      0x674 arch/i386/rtc.32
                0x00000000c0018258                RTC::open(int, int, void*)
                0x00000000c001825c                RTC::close(int, int, void*)
                0x00000000c0018260                RTC::timeInSecondsUTC()
                0x00000000c0018272                RTC::timeInDatetimeUTC()
                0x00000000c0018298                RTC::setTimeInSecondsUTC(unsigned long long)
                0x00000000c00182d6                RTC::~RTC()
                0x00000000c00182d6                RTC::~RTC()
                0x00000000c00182fa                RTC::~RTC()
                0x00000000c0018324                RTC::get_update_in_progress_flag()
                0x00000000c001833e                RTC::completeRTCRefresh()
                0x00000000c001861e                RTC::setTimeInDatetimeUTC(datetime_t)
                0x00000000c00187cc                rtcIRQHandler(regs*, void*)
                0x00000000c0018812                RTC::RTC()
                0x00000000c0018812                RTC::RTC()
 .text          0x00000000c00188cc      0x1f4 arch/i386/vga.32
                0x00000000c00188cc                HalConsoleScroll(int, int)
                0x00000000c00189d4                HalConsoleWriteCharacter(char, int, int, int, int)
                0x00000000c0018a38                HalConsoleCursorUpdate(int, int)
 .text          0x00000000c0018ac0     0x14cf fs/fat/vfslink.32
                0x00000000c0018ac0                FAT::getName()
                0x00000000c0018ac8                FAT::tell(void*, unsigned long long*)
                0x00000000c0018b04                FAT::stat(void*, unsigned long long*)
                0x00000000c0018b40                FAT::~FAT()
                0x00000000c0018b40                FAT::~FAT()
                0x00000000c0018b64                FAT::~FAT()
                0x00000000c0018b8c                FAT::getlabel(LogicalDisk*, int, char*, unsigned int*)
                0x00000000c0018c30                FAT::setlabel(LogicalDisk*, int, char*)
                0x00000000c0018cf4                FAT::format(LogicalDisk*, int, char const*, int)
                0x00000000c0018ed8                FAT::tryMount(LogicalDisk*, int)
                0x00000000c00190f4                FAT::allocateSwapfile(char const*, int)
                0x00000000c00192b4                FAT::readDir(void*, unsigned long, void*, int*)
                0x00000000c0019424                FAT::read(void*, unsigned long, void*, int*)
                0x00000000c0019484                FAT::write(void*, unsigned long, void*, int*)
                0x00000000c00194e4                FAT::close(void*)
                0x00000000c0019538                FAT::closeDir(void*)
                0x00000000c001958c                FAT::truncate(void*, unsigned long long)
                0x00000000c00195f8                FAT::seek(void*, unsigned long long)
                0x00000000c0019650                fatWrapperReadDisk
                0x00000000c0019690                fatWrapperWriteDisk
                0x00000000c00196d0                fatWrapperIoctl
                0x00000000c00197ec                FAT::FAT()
                0x00000000c00197ec                FAT::FAT()
                0x00000000c0019844                FAT::fixFilepath(char*)
                0x00000000c0019884                FAT::open(char const*, void**, FileOpenMode)
                0x00000000c00199f8                FAT::openDir(char const*, void**)
                0x00000000c0019aa8                FAT::stat(char const*, unsigned long long*, bool*)
                0x00000000c0019ba0                FAT::unlink(char const*)
                0x00000000c0019c20                FAT::chfatattr(char const*, unsigned char, unsigned char)
                0x00000000c0019dd4                FAT::rename(char const*, char const*)
                0x00000000c0019ea0                FAT::mkdir(char const*)
                0x00000000c0019f20                FAT::exists(char const*)
 *fill*         0x00000000c0019f8f        0x1 
 .text          0x00000000c0019f90       0x94 fs/iso9660/helper.32
                0x00000000c0019f90                isoReadDiscSectorHelper
                0x00000000c0019fec                iso_kprintf
                0x00000000c001a008                iso_kprintfd
 .text          0x00000000c001a024      0x71c fs/iso9660/vfslink.32
                0x00000000c001a024                ISO9660::format(LogicalDisk*, int, char const*, int)
                0x00000000c001a02a                ISO9660::truncate(void*, unsigned long long)
                0x00000000c001a030                ISO9660::getName()
                0x00000000c001a036                ISO9660::closeDir(void*)
                0x00000000c001a040                ISO9660::chfatattr(char const*, unsigned char, unsigned char)
                0x00000000c001a046                ISO9660::unlink(char const*)
                0x00000000c001a04c                ISO9660::write(void*, unsigned long, void*, int*)
                0x00000000c001a052                ISO9660::rename(char const*, char const*)
                0x00000000c001a058                ISO9660::mkdir(char const*)
                0x00000000c001a05e                ISO9660::~ISO9660()
                0x00000000c001a05e                ISO9660::~ISO9660()
                0x00000000c001a082                ISO9660::~ISO9660()
                0x00000000c001a0aa                ISO9660::exists(char const*)
                0x00000000c001a0be                ISO9660::open(char const*, void**, FileOpenMode)
                0x00000000c001a1a4                ISO9660::read(void*, unsigned long, void*, int*)
                0x00000000c001a1ec                ISO9660::seek(void*, unsigned long long)
                0x00000000c001a22e                ISO9660::tell(void*, unsigned long long*)
                0x00000000c001a26c                ISO9660::stat(void*, unsigned long long*)
                0x00000000c001a2be                ISO9660::stat(char const*, unsigned long long*, bool*)
                0x00000000c001a400                ISO9660::close(void*)
                0x00000000c001a430                ISO9660::openDir(char const*, void**)
                0x00000000c001a50a                ISO9660::readDir(void*, unsigned long, void*, int*)
                0x00000000c001a627                readSectorFromCDROM(unsigned int, unsigned char*, char)
                0x00000000c001a6a6                ISO9660::tryMount(LogicalDisk*, int)
                0x00000000c001a718                ISO9660::ISO9660()
                0x00000000c001a718                ISO9660::ISO9660()
 .text          0x00000000c001a740      0x26c hal/sound/sndcard.32
                0x00000000c001a740                SoundCard::beginPlayback()
                0x00000000c001a74e                SoundCard::stopPlayback()
                0x00000000c001a75c                SoundCard::SoundCard(char const*)
                0x00000000c001a75c                SoundCard::SoundCard(char const*)
                0x00000000c001a7fa                SoundCard::~SoundCard()
                0x00000000c001a7fa                SoundCard::~SoundCard()
                0x00000000c001a81e                SoundCard::~SoundCard()
                0x00000000c001a848                SoundCard::configureRates(int, int, int)
                0x00000000c001a878                SoundCard::getSamples16(int, short*)
                0x00000000c001a8d4                SoundCard::getSamples32(int, int*)
                0x00000000c001a95a                SoundCard::addChannel(SoundPort*)
                0x00000000c001a998                SoundCard::removeChannel(int)
 .text          0x00000000c001a9ac      0x38a hal/sound/sndport.32
                0x00000000c001a9ac                SoundPort::SoundPort(int, int, int, int)
                0x00000000c001a9ac                SoundPort::SoundPort(int, int, int, int)
                0x00000000c001aa38                SoundPort::~SoundPort()
                0x00000000c001aa38                SoundPort::~SoundPort()
                0x00000000c001aa6c                SoundPort::unpause()
                0x00000000c001aa78                SoundPort::pause()
                0x00000000c001aa84                SoundPort::getBufferUsed()
                0x00000000c001aa8c                SoundPort::getBufferSize()
                0x00000000c001aa94                SoundPort::buffer16(short*, int)
                0x00000000c001ab20                SoundPort::buffer32(int*, int)
                0x00000000c001abac                SoundPort::unbufferAndAdd16(int, short*, SoundCard*)
                0x00000000c001ac78                SoundPort::unbufferAndAdd32(int, int*, SoundCard*)
 .text          0x00000000c001ad36        0x0 hw/bus/isa.32
 .text          0x00000000c001ad36      0xbb7 hw/bus/pci.32
                0x00000000c001ad36                PCI::open(int, int, void*)
                0x00000000c001ad54                PCI::close(int, int, void*)
                0x00000000c001ad58                PCI::PCI()
                0x00000000c001ad58                PCI::PCI()
                0x00000000c001adf0                PCI::readBAR8(unsigned int, int)
                0x00000000c001ae0c                PCI::readBAR16(unsigned int, int)
                0x00000000c001ae2a                PCI::readBAR32(unsigned int, int)
                0x00000000c001ae46                PCI::writeBAR8(unsigned int, unsigned char, int)
                0x00000000c001ae66                PCI::writeBAR16(unsigned int, unsigned short, int)
                0x00000000c001ae88                PCI::writeBAR32(unsigned int, unsigned int, int)
                0x00000000c001aea8                PCI::legacyMechanism(unsigned char, unsigned char, unsigned char, unsigned char)
                0x00000000c001af1e                PCI::pciReadWord(unsigned char, unsigned char, unsigned char, unsigned char)
                0x00000000c001afc8                PCI::getVendorID(unsigned char, unsigned char, unsigned char)
                0x00000000c001afec                PCI::getHeaderType(unsigned char, unsigned char, unsigned char)
                0x00000000c001b014                PCI::getClassCode(unsigned char, unsigned char, unsigned char)
                0x00000000c001b05e                PCI::getProgIF(unsigned char, unsigned char, unsigned char)
                0x00000000c001b086                PCI::getRevisionID(unsigned char, unsigned char, unsigned char)
                0x00000000c001b0aa                PCI::getInterruptNumber(unsigned char, unsigned char, unsigned char)
                0x00000000c001b0ce                PCI::getSecondaryBus(unsigned char, unsigned char, unsigned char)
                0x00000000c001b0f6                PCI::getBARAddress(unsigned char, unsigned char, unsigned char, unsigned char)
                0x00000000c001b15a                PCI::pciWriteWord(unsigned char, unsigned char, unsigned char, unsigned char, unsigned short)
                0x00000000c001b242                PCI::pciDetailsToFilepath(PCIDeviceInfo, char*)
                0x00000000c001b508                PCI::checkBus(unsigned char)
                0x00000000c001b52c                PCI::foundDevice(PCIDeviceInfo)
                0x00000000c001b6a6                PCI::getDeviceData(unsigned char, unsigned char, unsigned char)
                0x00000000c001b822                PCI::checkDevice(unsigned char, unsigned char)
                0x00000000c001b894                PCI::detect()
 *fill*         0x00000000c001b8ed        0x1 
 .text          0x00000000c001b8ee      0xb9a hw/diskctrl/ide.32
                0x00000000c001b8ee                IDE::close(int, int, void*)
                0x00000000c001b8f2                IDE::IDE()
                0x00000000c001b8f2                IDE::IDE()
                0x00000000c001b926                IDE::prepareInterrupt(unsigned char)
                0x00000000c001b938                selectDrive(unsigned char, unsigned char)
                0x00000000c001b93a                IDE::getBase(unsigned char)
                0x00000000c001b94c                IDE::write(unsigned char, unsigned char, unsigned char)
                0x00000000c001ba0c                IDE::read(unsigned char, unsigned char)
                0x00000000c001baba                IDE::waitInterrupt(unsigned char)
                0x00000000c001bb1c                ideChannel0IRQHandler(regs*, void*)
                0x00000000c001bb38                ideChannel1IRQHandler(regs*, void*)
                0x00000000c001bb54                IDE::enableIRQs(unsigned char, bool)
                0x00000000c001bb9e                IDE::open(int, int, void*)
                0x00000000c001bfdc                IDE::readBuffer(unsigned char, unsigned char, unsigned int, unsigned int)
                0x00000000c001c0ac                IDE::detect()
                0x00000000c001c37a                IDE::printError(unsigned char, unsigned char, unsigned char)
                0x00000000c001c434                IDE::polling(unsigned char, unsigned int)
 .text          0x00000000c001c488      0x32a hw/diskctrl/satabus.32
                0x00000000c001c488                SATABus::close(int, int, void*)
                0x00000000c001c48c                SATABus::detect()
                0x00000000c001c48e                SATABus::SATABus()
                0x00000000c001c48e                SATABus::SATABus()
                0x00000000c001c514                SATABus::findCmdslot(SATABus::tagHBA_PORT volatile*)
                0x00000000c001c546                SATABus::checkType(SATABus::tagHBA_PORT volatile*)
                0x00000000c001c58e                SATABus::startCmd(SATABus::tagHBA_PORT volatile*)
                0x00000000c001c5ae                SATABus::stopCmd(SATABus::tagHBA_PORT volatile*)
                0x00000000c001c5d8                SATABus::portRebase(SATABus::tagHBA_PORT volatile*, int)
                0x00000000c001c6e8                SATABus::probePort(SATABus::tagHBA_MEM volatile*)
                0x00000000c001c792                SATABus::open(int, int, void*)
 .text          0x00000000c001c7b2      0x93f hw/diskphys/ata.32
                0x00000000c001c7b2                ATA::close(int, int, void*)
                0x00000000c001c7d6                ATA::powerSaving(PowerSavingLevel)
                0x00000000c001c7d8                ATA::ATA()
                0x00000000c001c7d8                ATA::ATA()
                0x00000000c001c806                ATA::flush(bool)
                0x00000000c001c854                ATA::readyForCommand()
                0x00000000c001c8a0                ATA::access(unsigned long long, int, void*, bool)
                0x00000000c001cc36                ATA::detectCHS()
                0x00000000c001cc60                ATA::open(int, int, void*)
                0x00000000c001cd2c                combineCharAndColour(char, unsigned char)
                0x00000000c001cd3d                combineColours(unsigned char, unsigned char)
                0x00000000c001cd4a                ATA::read(unsigned long long, int, void*)
                0x00000000c001cf20                ATA::write(unsigned long long, int, void*)
 *fill*         0x00000000c001d0f1        0x1 
 .text          0x00000000c001d0f2      0x618 hw/diskphys/atapi.32
                0x00000000c001d0f2                ATAPI::write(unsigned long long, int, void*)
                0x00000000c001d0f8                ATAPI::close(int, int, void*)
                0x00000000c001d11c                ATAPI::ATAPI()
                0x00000000c001d11c                ATAPI::ATAPI()
                0x00000000c001d14a                ATAPI::readyForCommand()
                0x00000000c001d19c                ATAPI::sendPacket(unsigned char*, int, bool, unsigned short*, int)
                0x00000000c001d464                ATAPI::diskRemoved()
                0x00000000c001d49e                ATAPI::eject()
                0x00000000c001d4e6                ATAPI::diskInserted()
                0x00000000c001d4f2                ATAPI::detectMedia()
                0x00000000c001d5b0                ATAPI::open(int, int, void*)
                0x00000000c001d690                ATAPI::read(unsigned long long, int, void*)
 .text          0x00000000c001d70a      0x807 hw/diskphys/sata.32
                0x00000000c001d70a                SATA::close(int, int, void*)
                0x00000000c001d72e                SATA::powerSaving(PowerSavingLevel)
                0x00000000c001d730                SATA::open(int, int, void*)
                0x00000000c001d7da                SATA::SATA()
                0x00000000c001d7da                SATA::SATA()
                0x00000000c001d808                SATA::access(unsigned long long, int, void*, bool)
                0x00000000c001da5c                SATA::read(unsigned long long, int, void*)
                0x00000000c001dcac                SATA::write(unsigned long long, int, void*)
 *fill*         0x00000000c001df11        0x1 
 .text          0x00000000c001df12      0x5d0 hw/diskphys/satapi.32
                0x00000000c001df12                SATAPI::write(unsigned long long, int, void*)
                0x00000000c001df18                SATAPI::close(int, int, void*)
                0x00000000c001df3c                SATAPI::SATAPI()
                0x00000000c001df3c                SATAPI::SATAPI()
                0x00000000c001df6a                SATAPI::diskRemoved()
                0x00000000c001df6c                SATAPI::diskInserted()
                0x00000000c001df88                SATAPI::sendPacket(unsigned char*, int, unsigned long long, unsigned short*, int)
                0x00000000c001e266                SATAPI::eject()
                0x00000000c001e2a2                SATAPI::detectMedia()
                0x00000000c001e2f8                SATAPI::open(int, int, void*)
                0x00000000c001e3f8                SATAPI::read(unsigned long long, int, void*)
 .text          0x00000000c001e4e2      0x45b hw/intctrl/apic.32
                0x00000000c001e4e2                IOAPIC::close(int, int, void*)
                0x00000000c001e4e8                apicGetBase()
                0x00000000c001e52e                IOAPIC::IOAPIC()
                0x00000000c001e52e                IOAPIC::IOAPIC()
                0x00000000c001e556                apicOpen()
                0x00000000c001e6d2                IOAPIC::handlesGSIWithNumber(unsigned int)
                0x00000000c001e704                IOAPIC::read(int)
                0x00000000c001e72c                IOAPIC::open(int, int, void*)
                0x00000000c001e812                IOAPIC::write(int, int)
                0x00000000c001e83e                IOAPIC::redirect(unsigned char, unsigned long long, unsigned char, bool, bool)
 *fill*         0x00000000c001e93d        0x3 
 .text          0x00000000c001e940       0xf0 hw/timer/apictimer.32
                0x00000000c001e940                APICTimer::close(int, int, void*)
                0x00000000c001e948                apicTimerHandler(regs*, void*)
                0x00000000c001e970                APICTimer::open(int, int, void*)
                0x00000000c001e9e0                APICTimer::write(int)
                0x00000000c001ea08                APICTimer::APICTimer()
                0x00000000c001ea08                APICTimer::APICTimer()
 .text          0x00000000c001ea30      0x1ad hw/timer/pit.32
                0x00000000c001ea30                PIT::write(int)
                0x00000000c001eab4                pitHandler(regs*, void*)
                0x00000000c001eadc                PIT::open(int, int, void*)
                0x00000000c001eb2c                PIT::close(int, int, void*)
                0x00000000c001eb5c                PIT::PIT()
                0x00000000c001eb5c                PIT::PIT()
 *fill*         0x00000000c001ebdd        0x3 
 .text          0x00000000c001ebe0       0x83 arch/i386/avx.32
                0x00000000c001ebe0                avxDetect
                0x00000000c001ec0a                avxSave
                0x00000000c001ec1b                avxLoad
                0x00000000c001ec2c                avxInit
                0x00000000c001ec4e                avxClose
                0x00000000c001ec4f                wouldSheSayYes
 *fill*         0x00000000c001ec63        0xd 
 .text          0x00000000c001ec70      0x2ec arch/i386/interrupt.32
                0x00000000c001ec70                isr0
                0x00000000c001ec80                isr1
                0x00000000c001ec8a                isr2
                0x00000000c001ec94                isr3
                0x00000000c001ec9e                isr4
                0x00000000c001eca8                isr5
                0x00000000c001ecb2                isr6
                0x00000000c001ecbc                isr7
                0x00000000c001ecc6                isr8
                0x00000000c001ecce                isr9
                0x00000000c001ecd8                isr10
                0x00000000c001ece0                isr11
                0x00000000c001ece8                isr12
                0x00000000c001ecf0                isr13
                0x00000000c001ed0a                isr14
                0x00000000c001ed12                isr15
                0x00000000c001ed1c                isr16
                0x00000000c001ed26                isr17
                0x00000000c001ed30                isr18
                0x00000000c001ed3a                irq3
                0x00000000c001ed44                irq4
                0x00000000c001ed4e                irq5
                0x00000000c001ed58                irq6
                0x00000000c001ed62                irq7
                0x00000000c001ed6c                irq8
                0x00000000c001ed76                irq9
                0x00000000c001ed80                irq10
                0x00000000c001ed8a                irq11
                0x00000000c001ed94                irq12
                0x00000000c001ed9e                irq13
                0x00000000c001eda8                irq14
                0x00000000c001edb2                irq15
                0x00000000c001edbc                irq1
                0x00000000c001edc3                irq2
                0x00000000c001edca                isr96
                0x00000000c001edd1                irq0
                0x00000000c001edd6                int_common_stub
                0x00000000c001ee08                syscall_common_stub
                0x00000000c001ef0c                irq16
                0x00000000c001ef16                irq17
                0x00000000c001ef20                irq18
                0x00000000c001ef2a                irq19