Archive member included to satisfy reference by file (symbol)

/cygdrive/d/Users/Alex/Desktop/Toolchain/Output/bin/../lib/gcc/i386-banana/8.1.0/libkgcc.a(_divdi3.o)
                              fs/fat/ff.32 (__divdi3)
/cygdrive/d/Users/Alex/Desktop/Toolchain/Output/bin/../lib/gcc/i386-banana/8.1.0/libkgcc.a(_moddi3.o)
                              compat/resolve.32 (__moddi3)
/cygdrive/d/Users/Alex/Desktop/Toolchain/Output/bin/../lib/gcc/i386-banana/8.1.0/libkgcc.a(_udivdi3.o)
                              fs/fat/ff.32 (__udivdi3)
/cygdrive/d/Users/Alex/Desktop/Toolchain/Output/bin/../lib/gcc/i386-banana/8.1.0/libkgcc.a(_umoddi3.o)
                              compat/resolve.32 (__umoddi3)

Discarded input sections

 .comment       0x0000000000000000       0x12 /cygdrive/d/Users/Alex/Desktop/Toolchain/Output/bin/../lib/gcc/i386-banana/8.1.0/crtbegin.o
 .comment       0x0000000000000000       0x12 acpica/utclib.32
 .comment       0x0000000000000000       0x12 core/malloc.32
 .comment       0x0000000000000000       0x12 libk/string.32
 .comment       0x0000000000000000       0x12 fs/fat/diskio.32
 .comment       0x0000000000000000       0x12 fs/fat/ff.32
 .comment       0x0000000000000000       0x12 fs/fat/ffsystem.32
 .comment       0x0000000000000000       0x12 fs/fat/ffunicode.32
 .comment       0x0000000000000000       0x12 compat/inlines.32
 .comment       0x0000000000000000       0x12 compat/resolve.32
 .group         0x0000000000000000       0x14 core/computer.32
 .group         0x0000000000000000        0xc core/computer.32
 .comment       0x0000000000000000       0x12 core/computer.32
 .comment       0x0000000000000000       0x12 core/gdt.32
 .group         0x0000000000000000        0xc core/idle.32
 .comment       0x0000000000000000       0x12 core/idle.32
 .comment       0x0000000000000000       0x12 core/idt.32
 .comment       0x0000000000000000       0x12 core/kheap.32
 .comment       0x0000000000000000       0x12 core/main.32
 .comment       0x0000000000000000       0x12 core/physmgr.32
 .group         0x0000000000000000        0xc core/pipe.32
 .comment       0x0000000000000000       0x12 core/pipe.32
 .group         0x0000000000000000        0xc core/terminal.32
 .comment       0x0000000000000000       0x12 core/terminal.32
 .comment       0x0000000000000000       0x12 core/tss.32
 .group         0x0000000000000000        0x8 core/unixfile.32
 .group         0x0000000000000000        0x8 core/unixfile.32
 .group         0x0000000000000000        0xc core/unixfile.32
 .group         0x0000000000000000        0x8 core/unixfile.32
 .group         0x0000000000000000        0xc core/unixfile.32
 .group         0x0000000000000000        0x8 core/unixfile.32
 .group         0x0000000000000000        0xc core/unixfile.32
 .group         0x0000000000000000        0xc core/unixfile.32
 .comment       0x0000000000000000       0x12 core/unixfile.32
 .comment       0x0000000000000000       0x12 core/virtmgr.32
 .comment       0x0000000000000000       0x12 coreobjs/c++.32
 .comment       0x0000000000000000       0x12 dbg/kconsole.32
 .group         0x0000000000000000        0xc fs/vfs.32
 .group         0x0000000000000000        0xc fs/vfs.32
 .group         0x0000000000000000        0xc fs/vfs.32
 .comment       0x0000000000000000       0x12 fs/vfs.32
 .group         0x0000000000000000        0xc hal/bus.32
 .comment       0x0000000000000000       0x12 hal/bus.32
 .group         0x0000000000000000        0xc hal/buzzer.32
 .comment       0x0000000000000000       0x12 hal/buzzer.32
 .group         0x0000000000000000        0xc hal/clock.32
 .comment       0x0000000000000000       0x12 hal/clock.32
 .group         0x0000000000000000       0x14 hal/device.32
 .group         0x0000000000000000        0xc hal/device.32
 .group         0x0000000000000000        0x8 hal/device.32
 .group         0x0000000000000000        0xc hal/device.32
 .group         0x0000000000000000        0xc hal/device.32
 .comment       0x0000000000000000       0x12 hal/device.32
 .group         0x0000000000000000        0xc hal/diskctrl.32
 .comment       0x0000000000000000       0x12 hal/diskctrl.32
 .group         0x0000000000000000        0xc hal/diskphys.32
 .comment       0x0000000000000000       0x12 hal/diskphys.32
 .group         0x0000000000000000        0xc hal/fpu.32
 .comment       0x0000000000000000       0x12 hal/fpu.32
 .group         0x0000000000000000        0xc hal/intctrl.32
 .comment       0x0000000000000000       0x12 hal/intctrl.32
 .group         0x0000000000000000        0xc hal/keybrd.32
 .comment       0x0000000000000000       0x12 hal/keybrd.32
 .group         0x0000000000000000        0xc hal/logidisk.32
 .comment       0x0000000000000000       0x12 hal/logidisk.32
 .group         0x0000000000000000        0xc hal/mouse.32
 .comment       0x0000000000000000       0x12 hal/mouse.32
 .comment       0x0000000000000000       0x12 hal/partition.32
 .group         0x0000000000000000        0xc hal/serial.32
[...]
Memory Configuration

Name             Origin             Length             Attributes
*default*        0x0000000000000000 0xffffffffffffffff

Linker script and memory map

LOAD D:/Users/Alex/Desktop/Banana/kernel/boot.32
LOAD crti.32
LOAD /cygdrive/d/Users/Alex/Desktop/Toolchain/Output/bin/../lib/gcc/i386-banana/8.1.0/crtbegin.o
LOAD D:/Users/Alex/Desktop/Banana/kernel/morenasm.32
LOAD acpica/utclib.32
LOAD core/malloc.32
LOAD libk/string.32
LOAD fs/fat/diskio.32
LOAD fs/fat/ff.32
LOAD fs/fat/ffsystem.32
LOAD fs/fat/ffunicode.32
LOAD compat/inlines.32
LOAD compat/resolve.32
LOAD core/computer.32
LOAD core/gdt.32
LOAD core/idle.32
LOAD core/idt.32
LOAD core/kheap.32
LOAD core/main.32
LOAD core/physmgr.32
LOAD core/pipe.32
LOAD core/terminal.32
LOAD core/tss.32
LOAD core/unixfile.32
LOAD core/virtmgr.32
LOAD coreobjs/c++.32
LOAD dbg/kconsole.32
LOAD fs/vfs.32
LOAD hal/bus.32
LOAD hal/buzzer.32
LOAD hal/clock.32
LOAD hal/device.32
LOAD hal/diskctrl.32
LOAD hal/diskphys.32
LOAD hal/fpu.32
LOAD hal/intctrl.32
LOAD hal/keybrd.32
LOAD hal/logidisk.32
LOAD hal/mouse.32
LOAD hal/partition.32
LOAD hal/serial.32
LOAD hal/timer.32
LOAD hal/vcache.32
LOAD hal/video.32
LOAD hw/acpi.32
LOAD hw/cpu.32
LOAD hw/ports.32
LOAD hw/smp.32
LOAD krnl/env.32
LOAD krnl/panic.32
LOAD net/ethernet.32
LOAD reg/registry.32
LOAD sys/sc_eject.32
LOAD sys/sc_exit.32
LOAD sys/sc_getcwd.32
LOAD sys/sc_getpid.32
LOAD sys/sc_getramdata.32
LOAD sys/sc_getvgaptr.32
LOAD sys/sc_loaddll.32
LOAD sys/sc_read.32
LOAD sys/sc_sbrk.32
LOAD sys/sc_setcwd.32
LOAD sys/sc_settime.32
LOAD sys/sc_timezone.32
LOAD sys/sc_write.32
LOAD sys/sc_wsbe.32
LOAD sys/sc_yield.32
LOAD sys/syscalls.32
LOAD thr/elf.32
LOAD thr/prcssthr.32
LOAD vm86/vm8086.32
LOAD vm86/x87em.32
LOAD fs/fat/vfslink.32
LOAD fs/iso9660/vfslink.32
LOAD hal/sound/sndcard.32
LOAD hal/sound/sndport.32
LOAD hw/bus/isa.32
LOAD hw/bus/pci.32
LOAD hw/diskctrl/ide.32
LOAD hw/diskctrl/satabus.32
LOAD hw/diskphys/ata.32
LOAD hw/diskphys/atapi.32
LOAD hw/diskphys/sata.32
LOAD hw/diskphys/satapi.32
LOAD hw/fpu/avx.32
LOAD hw/fpu/mmx.32
LOAD hw/fpu/sse.32
LOAD hw/fpu/x87.32
LOAD hw/intctrl/apic.32
LOAD hw/intctrl/pic.32
LOAD hw/timer/apictimer.32
LOAD hw/timer/pit.32
LOAD hw/fpu/x86/avx.32
LOAD hw/fpu/x86/sse.32
LOAD hw/fpu/x86/x87.32
LOAD /cygdrive/d/Users/Alex/Desktop/Toolchain/Output/bin/../lib/gcc/i386-banana/8.1.0/crtend.o
LOAD crtn.32
LOAD /cygdrive/d/Users/Alex/Desktop/Toolchain/Output/bin/../lib/gcc/i386-banana/8.1.0/libkgcc.a
LOAD D:/Users/Alex/Desktop/Banana/kernel/libsoftfp.a
LOAD D:/Users/Alex/Desktop/Banana/kernel/libk/libm32.a
                0x00000000c0000000                . = 0xc0000000

.text           0x00000000c0000000    0x2119e
 *(.text)
 .text          0x00000000c0000000       0x41 D:/Users/Alex/Desktop/Banana/kernel/boot.32
                0x00000000c0000020                callGlobalConstructors
 .text          0x00000000c0000041        0x0 crti.32
 *fill*         0x00000000c0000041        0x3 
 .text          0x00000000c0000044      0x101 /cygdrive/d/Users/Alex/Desktop/Toolchain/Output/bin/../lib/gcc/i386-banana/8.1.0/crtbegin.o
 *fill*         0x00000000c0000145        0xb 
 .text          0x00000000c0000150      0x430 D:/Users/Alex/Desktop/Banana/kernel/morenasm.32
                0x00000000c0000150                manualPCIProbe
                0x00000000c000019b                prepareTramp
                0x00000000c00001b4                doTPAUSE
                0x00000000c00001be                hasLegacyFPU
                0x00000000c00001e3                is486
                0x00000000c0000219                detectCPUID
                0x00000000c000022f                goToVM86
                0x00000000c000025f                goToUsermode
                0x00000000c0000289                switchToThreadASMFirstTime
                0x00000000c0000297                switchToThreadASM
                0x00000000c0000327                asmQuickAcquireLock
                0x00000000c0000345                asmQuickReleaseLock
                0x00000000c0000351                asmAcquireLock
                0x00000000c0000372                asmReleaseLock
                0x00000000c0000385                loadGDT
                0x00000000c00003a5                isr0
                0x00000000c00003b5                isr1
                0x00000000c00003bf                isr2
                0x00000000c00003c9                isr3
                0x00000000c00003d3                isr4
                0x00000000c00003dd                isr5
                0x00000000c00003e7                isr6
                0x00000000c00003f1                isr7
                0x00000000c00003fb                isr8
                0x00000000c0000403                isr9
                0x00000000c000040d                isr10
                0x00000000c0000415                isr11
                0x00000000c000041d                isr12
                0x00000000c0000425                isr13
                0x00000000c000042d                isr14
                0x00000000c0000435                isr15
                0x00000000c000043f                isr16
                0x00000000c0000449                isr17
                0x00000000c0000453                isr18
                0x00000000c000045d                irq3
                0x00000000c0000467                irq4
                0x00000000c0000471                irq5
                0x00000000c000047b                irq6
                0x00000000c0000485                irq7
                0x00000000c000048f                irq8
                0x00000000c0000499                irq9
                0x00000000c00004a3                irq10
                0x00000000c00004ad                irq11
                0x00000000c00004b7                irq12
                0x00000000c00004c1                irq13
                0x00000000c00004cb                irq14
                0x00000000c00004d5                irq15
                0x00000000c00004df                irq1
                0x00000000c00004e6                irq2
                0x00000000c00004ed                isr96
                0x00000000c00004f4                irq0
                0x00000000c00004f9                int_common_stub
                0x00000000c00004f9                syscall_common_stub
                0x00000000c000052b                irq16
                0x00000000c0000535                irq17
                0x00000000c000053f                irq18
                0x00000000c0000549                irq19
                0x00000000c0000553                irq20
                0x00000000c000055d                irq21
                0x00000000c0000567                irq22
                0x00000000c0000571                irq23
                0x00000000c000057b                memcpy
 .text          0x00000000c0000580      0x5dd acpica/utclib.32
                0x00000000c0000580                memcmp
                0x00000000c00005bc                memmove
                0x00000000c0000684                memset
                0x00000000c00006a0                strlen
                0x00000000c00006b8                strpbrk
                0x00000000c00006f4                strtok
                0x00000000c0000740                strcpy
                0x00000000c0000764                strncpy
                0x00000000c00007cc                strcmp
                0x00000000c000080c                strchr
                0x00000000c0000830                strncmp
                0x00000000c0000880                strcat
                0x00000000c00008b0                strncat
                0x00000000c00008ec                strstr
                0x00000000c0000934                toupper
                0x00000000c0000948                tolower
                0x00000000c000095c                simple_strtoul
 .text          0x00000000c0000b5d      0xfad core/malloc.32
                0x00000000c0000cc8                dlfree
                0x00000000c0001023                dlmalloc
                0x00000000c0001560                dlrealloc
                0x00000000c0001703                dlmemalign
                0x00000000c0001826                dlcalloc
                0x00000000c00018c0                dlcfree
                0x00000000c00018c5                dlindependent_calloc
                0x00000000c00018ea                dlindependent_comalloc
                0x00000000c0001901                dlvalloc
                0x00000000c000192c                dlpvalloc
                0x00000000c0001962                dlmalloc_trim
                0x00000000c000196f                dlmalloc_usable_size
                0x00000000c00019a0                dlmallinfo
                0x00000000c0001a6f                dlmalloc_stats
                0x00000000c0001a80                dlmallopt
 .text          0x00000000c0001b0a        0x0 libk/string.32
 .text          0x00000000c0001b0a       0x51 fs/fat/diskio.32
                0x00000000c0001b0a                disk_status
                0x00000000c0001b0d                disk_initialize
                0x00000000c0001b10                disk_read
                0x00000000c0001b26                disk_write
                0x00000000c0001b3c                disk_ioctl
 .text          0x00000000c0001b5b     0x6a69 fs/fat/ff.32
                0x00000000c0004e29                f_mount
                0x00000000c0004e8b                f_open
                0x00000000c00052c7                f_read
                0x00000000c0005547                f_write
                0x00000000c0005801                f_sync
                0x00000000c00059dd                f_close
                0x00000000c0005a0c                f_lseek
                0x00000000c0005ec3                f_opendir
                0x00000000c0005fc5                f_closedir
                0x00000000c0005fe7                f_readdir
                0x00000000c0006082                f_stat
                0x00000000c0006111                f_getfree
                0x00000000c00062dc                f_truncate
                0x00000000c00063d4                f_unlink
                0x00000000c0006557                f_mkdir
                0x00000000c0006783                f_rename
                0x00000000c0006a76                f_chmod
                0x00000000c0006b54                f_utime
                0x00000000c0006c32                f_getlabel
                0x00000000c0006e20                f_setlabel
                0x00000000c000708d                f_expand
                0x00000000c00072c3                f_forward
                0x00000000c00074a1                f_mkfs
 .text          0x00000000c00085c4       0x2f fs/fat/ffsystem.32
                0x00000000c00085c4                ff_memalloc
                0x00000000c00085dc                ff_memfree
 *fill*         0x00000000c00085f3        0x1 
 .text          0x00000000c00085f4      0x274 fs/fat/ffunicode.32
                0x00000000c00085f4                ff_uni2oem
                0x00000000c000868c                ff_oem2uni
                0x00000000c0008700                ff_wtoupper
 .text          0x00000000c0008868       0xa7 compat/inlines.32
                0x00000000c0008868                CPU::current()
                0x00000000c0008874                operator new(unsigned long)
                0x00000000c0008879                operator delete(void*)
                0x00000000c000887e                disableIRQs()
                0x00000000c0008886                enableIRQs()
                0x00000000c0008895                lockScheduler()
                0x00000000c000889d                unlockScheduler()
                0x00000000c00088ac                lockStuff()
                0x00000000c00088ba                unlockStuff()
                0x00000000c00088f4                Virt::getAKernelVAS()
                0x00000000c00088fa                __not_memcpy
 *fill*         0x00000000c000890f        0x1 
 .text          0x00000000c0008910      0x118 compat/resolve.32
                0x00000000c0008910                Krnl::resolveCompatibilitySymbol(char*)
 .text          0x00000000c0008a28      0x7f7 core/computer.32
                0x00000000c0008a28                Computer::close(int, int, void*)
                0x00000000c0008a6c                Krnl::firstTask()
                0x00000000c0008bba                Computer::Computer()
                0x00000000c0008bba                Computer::Computer()
                0x00000000c0008d16                Computer::setBootMessage(char const*)
                0x00000000c0008d18                Computer::detectFeatures()
                0x00000000c0008f22                Computer::displayFeatures()
                0x00000000c0008f24                Computer::rdmsr(unsigned int)
                0x00000000c0008f50                Computer::wrmsr(unsigned int, unsigned long long)
                0x00000000c0008f88                Computer::nmiEnabled()
                0x00000000c0008f94                Computer::readCMOS(unsigned char)
                0x00000000c0008fae                Computer::enableNMI(bool)
                0x00000000c0008fc6                Computer::open(int, int, void*)
                0x00000000c0009162                Computer::disableNMI()
                0x00000000c0009170                Computer::writeCMOS(unsigned char, unsigned char)
                0x00000000c000918e                Computer::handleNMI()
                0x00000000c00091f4                Computer::setDiskActivityLight(int, bool)
 *fill*         0x00000000c000921f        0x1 
 .text          0x00000000c0009220      0x19d core/gdt.32
                0x00000000c0009220                GDTEntry::setBase(unsigned int)
                0x00000000c000923c                GDTEntry::setLimit(unsigned int)
                0x00000000c000925a                GDT::GDT()
                0x00000000c000925a                GDT::GDT()
                0x00000000c0009270                GDT::addEntry(GDTEntry)
                0x00000000c0009292                GDT::getNumberOfEntries()
                0x00000000c000929a                GDT::flush()
                0x00000000c00092bc                GDT::setup()
 .text          0x00000000c00093bd       0x6b core/idle.32
                0x00000000c00093bd                idleFunction(void*)
 .text          0x00000000c0009428      0x464 core/idt.32
                0x00000000c0009428                IDTEntry::IDTEntry(bool)
                0x00000000c0009428                IDTEntry::IDTEntry(bool)
                0x00000000c000949a                IDTEntry::setOffset(unsigned int)
                0x00000000c00094b0                IDT::IDT()
                0x00000000c00094b0                IDT::IDT()
                0x00000000c00094b2                IDT::getPointerToInvalidOpcodeEntryForF00F()
                0x00000000c00094ba                IDT::addEntry(IDTEntry, int)
                0x00000000c00094d4                IDT::addEntry(int, void (*)(), bool)
                0x00000000c000950c                IDT::flush()
                0x00000000c0009526                IDT::setup()
 .text          0x00000000c000988c      0x191 core/kheap.32
                0x00000000c000988c                sbrk
                0x00000000c000992f                mmap
                0x00000000c0009945                munmap
                0x00000000c000995b                liballoc_lock()
                0x00000000c0009968                liballoc_unlock()
                0x00000000c000997c                liballoc_alloc(int)
                0x00000000c0009994                liballoc_free(void*, int)
                0x00000000c00099af                realloc
                0x00000000c00099c3                malloc
                0x00000000c00099d3                free
                0x00000000c00099e3                rfree
                0x00000000c00099f3                calloc
 .text          0x00000000c0009a1d      0x1b6 core/main.32
                0x00000000c0009a1d                Krnl::setBootMessage(char const*)
                0x00000000c0009a89                kernel_main
 .text          0x00000000c0009bd3      0x653 core/physmgr.32
                0x00000000c0009bd3                Phys::allocateDMA(unsigned long)
                0x00000000c0009ce2                Phys::freeDMA(unsigned long, unsigned long)
                0x00000000c0009d28                Phys::setPageState(unsigned long, bool)
                0x00000000c0009d5a                Phys::getPageState(unsigned long)
                0x00000000c0009d76                Phys::freePage(unsigned long)
                0x00000000c0009df9                Phys::allocatePage()
                0x00000000c0009ee4                Phys::allocateContiguousPages(int)
                0x00000000c0009f40                Phys::allowSegmentToBeUsed(unsigned long, unsigned long)
                0x00000000c0009f78                Phys::physicalMemorySetup(unsigned int)
 .text          0x00000000c000a226      0x273 core/pipe.32
                0x00000000c000a226                Pipe::isAtty()
                0x00000000c000a22a                Pipe::~Pipe()
                0x00000000c000a22a                Pipe::~Pipe()
                0x00000000c000a24e                Pipe::~Pipe()
                0x00000000c000a276                Pipe::read(unsigned long long, void*, int*)
                0x00000000c000a372                Pipe::write(unsigned long long, void*, int*)
                0x00000000c000a432                Pipe::Pipe(int)
                0x00000000c000a432                Pipe::Pipe(int)
 *fill*         0x00000000c000a499        0x1 
 .text          0x00000000c000a49a      0xb93 core/terminal.32
                0x00000000c000a49a                VgaText::isAtty()
                0x00000000c000a49e                VgaText::~VgaText()
                0x00000000c000a49e                VgaText::~VgaText()
                0x00000000c000a4c2                VgaText::~VgaText()
                0x00000000c000a4ec                VgaText::read(unsigned long long, void*, int*)
                0x00000000c000a50c                setTerminalScrollLock(bool)
                0x00000000c000a50d                addToTerminalCycle(VgaText*)
                0x00000000c000a52e                installVgaTextImplementation()
                0x00000000c000a543                scrollTerminalScrollLock(int)
                0x00000000c000a544                VgaText::updateTitle()
                0x00000000c000a582                VgaText::load()
                0x00000000c000a5d0                VgaText::updateCursor()
                0x00000000c000a5e6                VgaText::doANSI_SGR(int)
                0x00000000c000a65a                VgaText::setDefaultBgColour(VgaColour)
                0x00000000c000a66a                VgaText::setDefaultFgColour(VgaColour)
                0x00000000c000a67a                VgaText::setDefaultColours(VgaColour, VgaColour)
                0x00000000c000a69a                VgaText::setTitleTextColour(VgaColour)
                0x00000000c000a6aa                VgaText::setTitleColour(VgaColour)
                0x00000000c000a6ba                VgaText::setTitle(char*)
                0x00000000c000a6e0                VgaText::combineColours(unsigned char, unsigned char)
                0x00000000c000a6f2                VgaText::scrollScreen()
                0x00000000c000a786                VgaText::combineCharAndColour(char, unsigned char)
                0x00000000c000a798                VgaText::writeCharacter(char, VgaColour, VgaColour, int, int)
                0x00000000c000a7f4                VgaText::getCursorX()
                0x00000000c000a7fc                VgaText::getCursorY()
                0x00000000c000a804                VgaText::setCursor(int, int)
                0x00000000c000a81b                setActiveTerminal(VgaText*)
                0x00000000c000a87d                doTerminalCycle()
                0x00000000c000a898                VgaText::setCursorX(int)
                0x00000000c000a8b0                VgaText::setCursorY(int)
                0x00000000c000a8c8                VgaText::incrementCursor(bool)
                0x00000000c000a91c                VgaText::decrementCursor(bool)
                0x00000000c000a93e                VgaText::putchar(char, VgaColour, VgaColour)
                0x00000000c000aa16                VgaText::doUpdate()
                0x00000000c000aa24                VgaText::puts(char const*, VgaColour, VgaColour)
                0x00000000c000ab9c                VgaText::clearScreen()
                0x00000000c000abf6                VgaText::putchar(char)
                0x00000000c000ace2                VgaText::putx(unsigned int)
                0x00000000c000ad28                VgaText::puts(char const*)
                0x00000000c000ad4e                VgaText::VgaText(char const*)
                0x00000000c000ad4e                VgaText::VgaText(char const*)
                0x00000000c000aecc                VgaText::receiveKey(unsigned char)
                0x00000000c000afb4                VgaText::write(unsigned long long, void*, int*)
                0x00000000c000b008                newTerminal(char*)
 *fill*         0x00000000c000b02d        0x3 
 .text          0x00000000c000b030      0x1a1 core/tss.32
                0x00000000c000b030                TSS::TSS()
                0x00000000c000b030                TSS::TSS()
                0x00000000c000b040                TSS::setESP(unsigned long)
                0x00000000c000b054                TSS::flush()
                0x00000000c000b074                TSS::setup(unsigned long, unsigned long)
 *fill*         0x00000000c000b1d1        0x1 
 .text          0x00000000c000b1d2      0x4c2 core/unixfile.32
                0x00000000c000b1d2                ReservedFilename::read(unsigned long long, void*, int*)
                0x00000000c000b228                ReservedFilename::isAtty()
                0x00000000c000b244                ReservedFilename::write(unsigned long long, void*, int*)
                0x00000000c000b2a2                UnixFile::getFileDescriptor()
                0x00000000c000b2aa                UnixFile::UnixFile(int)
                0x00000000c000b2aa                UnixFile::UnixFile(int)
                0x00000000c000b45a                ReservedFilename::ReservedFilename(int)
                0x00000000c000b45a                ReservedFilename::ReservedFilename(int)
                0x00000000c000b48c                UnixFile::~UnixFile()
                0x00000000c000b48c                UnixFile::~UnixFile()
                0x00000000c000b524                UnixFile::~UnixFile()
                0x00000000c000b54c                ReservedFilename::~ReservedFilename()
                0x00000000c000b54c                ReservedFilename::~ReservedFilename()
                0x00000000c000b570                ReservedFilename::~ReservedFilename()
                0x00000000c000b597                getFromFileDescriptor(int)
 .text          0x00000000c000b694     0x12c4 core/virtmgr.32
                0x00000000c000b694                Virt::setPageState(unsigned long, Virt::VirtPageState)
                0x00000000c000b6c9                Virt::getPageState(unsigned long)
                0x00000000c000b6ed                Virt::allocateKernelVirtualPages(int)
                0x00000000c000b7fe                Virt::freeSwapfilePage(unsigned long)
                0x00000000c000b81c                Virt::swapIDToSector(unsigned long)
                0x00000000c000b82e                Virt::allocateSwapfilePage()
                0x00000000c000b8ac                Virt::virtualMemorySetup()
                0x00000000c000b8f7                Virt::setupPageSwapping(int)
                0x00000000c000b968                VAS::VAS()
                0x00000000c000b968                VAS::VAS()
                0x00000000c000b9a4                VAS::VAS(VAS*)
                0x00000000c000b9a4                VAS::VAS(VAS*)
                0x00000000c000b9d2                VAS::getForeignPageTableEntry(bool, unsigned long)
                0x00000000c000b9fe                VAS::getPageTableEntry(unsigned long)
                0x00000000c000ba1d                Virt::freeKernelVirtualPages(unsigned long)
                0x00000000c000bb40                VAS::freeAllocatedPages(unsigned long)
                0x00000000c000bb64                VAS::virtualToPhysical(unsigned long)
                0x00000000c000bb7c                VAS::reflagRange(unsigned long, int, int, int)
                0x00000000c000bbbc                VAS::setToWriteCombining(unsigned long, int)
                0x00000000c000bbee                VAS::mapOtherVASIn(bool, VAS*)
                0x00000000c000bc18                VAS::~VAS()
                0x00000000c000bc18                VAS::~VAS()
                0x00000000c000bd94                VAS::mapPage(unsigned long, unsigned long, int)
                0x00000000c000be96                VAS::allocatePages(int, int)
                0x00000000c000c06e                VAS::setCPUSpecific(unsigned long)
                0x00000000c000c08a                VAS::mapRange(unsigned long, unsigned long, int, int)
                0x00000000c000c150                VAS::mapForeignPage(bool, VAS*, unsigned long, unsigned long, int)
                0x00000000c000c23e                VAS::VAS(bool)
                0x00000000c000c23e                VAS::VAS(bool)
                0x00000000c000c4be                VAS::evict(unsigned long)
                0x00000000c000c5c6                VAS::tryLoadBackOffDisk(unsigned long)
                0x00000000c000c74e                VAS::scanForEviction()
                0x00000000c000c82c                mapVASFirstTime
 .text          0x00000000c000c958       0x95 coreobjs/c++.32
                0x00000000c000c958                __cxa_atexit
                0x00000000c000c95b                __cxa_finalize
                0x00000000c000c95c                __stack_chk_fail
                0x00000000c000c9c8                __cxa_pure_virtual
                0x00000000c000c9d9                operator new[](unsigned long)
                0x00000000c000c9de                operator delete(void*, unsigned long)
                0x00000000c000c9e3                operator delete[](void*)
                0x00000000c000c9e8                operator delete[](void*, unsigned long)
 .text          0x00000000c000c9ed      0x1fc dbg/kconsole.32
                0x00000000c000c9ed                Dbg::stringifyxWithBase(unsigned int, char*, int)
                0x00000000c000ca46                Dbg::logc(char)
                0x00000000c000ca66                Dbg::logs(char*)
                0x00000000c000ca83                Dbg::logWriteInt(unsigned int)
                0x00000000c000caa0                Dbg::logWriteIntBase(unsigned int, int)
                0x00000000c000cabf                Dbg::kprintf(char const*, ...)
 *fill*         0x00000000c000cbe9        0x1 
 .text          0x00000000c000cbea      0xb82 fs/vfs.32
                0x00000000c000cbea                File::read(unsigned long long, void*, int*)
                0x00000000c000cc42                File::write(unsigned long long, void*, int*)
                0x00000000c000cc9a                Directory::read(unsigned long long, void*, int*)
                0x00000000c000ccf2                Directory::write(unsigned long long, void*, int*)
                0x00000000c000cd20                File::isAtty()
                0x00000000c000cd24                Directory::isAtty()
                0x00000000c000cd28                Filesystem::getlabel(LogicalDisk*, int, char*, unsigned int*)
                0x00000000c000cd2e                Filesystem::setlabel(LogicalDisk*, int, char*)
                0x00000000c000cd34                Filesystem::allocateSwapfile(char const*, int)
                0x00000000c000cd3a                File::~File()
                0x00000000c000cd3a                File::~File()
                0x00000000c000cd5e                File::~File()
                0x00000000c000cd88                Directory::~Directory()
                0x00000000c000cd88                Directory::~Directory()
                0x00000000c000cdac                Directory::~Directory()
                0x00000000c000cdd6                Filesystem::Filesystem()
                0x00000000c000cdd6                Filesystem::Filesystem()
                0x00000000c000cdfa                Filesystem::~Filesystem()
                0x00000000c000cdfa                Filesystem::~Filesystem()
                0x00000000c000ce08                Filesystem::~Filesystem()
                0x00000000c000ce2c                Fs::getcwd(Process*, char*, int)
                0x00000000c000ce56                Fs::initVFS()
                0x00000000c000ce80                Fs::standardiseFiles(char*, char const*, char const*)
                0x00000000c000d02a                File::File(char const*, Process*)
                0x00000000c000d02a                File::File(char const*, Process*)
                0x00000000c000d08e                File::open(FileOpenMode)
                0x00000000c000d0ec                File::close()
                0x00000000c000d14c                File::seek(unsigned long long)
                0x00000000c000d1a2                File::tell(unsigned long long*)
                0x00000000c000d1f2                File::rewind()
                0x00000000c000d206                File::unlink()
                0x00000000c000d252                File::rename(char const*)
                0x00000000c000d2a0                File::chfatattr(unsigned char, unsigned char)
                0x00000000c000d2fc                File::exists()
                0x00000000c000d33a                File::stat(unsigned long long*, bool*)
                0x00000000c000d39b                Fs::setcwd(Process*, char*)
                0x00000000c000d4d6                Directory::Directory(char const*, Process*)
                0x00000000c000d4d6                Directory::Directory(char const*, Process*)
                0x00000000c000d53a                Directory::open()
                0x00000000c000d596                Directory::close()
                0x00000000c000d5f6                Directory::unlink()
                0x00000000c000d642                Directory::rename(char const*)
                0x00000000c000d690                Directory::exists()
                0x00000000c000d6ce                Directory::read(dirent*)
                0x00000000c000d71a                Directory::create()
                0x00000000c000d766                Filesystem::chfatattr(char const*, unsigned char, unsigned char)
 .text          0x00000000c000d76c       0x86 hal/bus.32
                0x00000000c000d76c                Bus::Bus(char const*)
                0x00000000c000d76c                Bus::Bus(char const*)
                0x00000000c000d7a4                Bus::~Bus()
                0x00000000c000d7a4                Bus::~Bus()
                0x00000000c000d7c8                Bus::~Bus()
 *fill*         0x00000000c000d7f2        0x2 
 .text          0x00000000c000d7f4      0x153 hal/buzzer.32
                0x00000000c000d7f4                Buzzer::Buzzer(char const*)
                0x00000000c000d7f4                Buzzer::Buzzer(char const*)
                0x00000000c000d838                Buzzer::~Buzzer()
                0x00000000c000d838                Buzzer::~Buzzer()
                0x00000000c000d85c                Buzzer::~Buzzer()
                0x00000000c000d886                Buzzer::stop()
                0x00000000c000d899                beepThread(void*)
                0x00000000c000d8da                Buzzer::beep(int, int, bool)
 *fill*         0x00000000c000d947        0x1 
 .text          0x00000000c000d948      0x467 hal/clock.32
                0x00000000c000d948                User::loadClockSettings(int)
                0x00000000c000d99a                Clock::Clock(char const*)
                0x00000000c000d99a                Clock::Clock(char const*)
                0x00000000c000d9d0                Clock::~Clock()
                0x00000000c000d9d0                Clock::~Clock()
                0x00000000c000d9f4                Clock::~Clock()
                0x00000000c000da1e                Clock::timeInSecondsLocal()
                0x00000000c000da66                Clock::setTimeInSecondsLocal(unsigned long long)
                0x00000000c000dabf                datetimeToSeconds(datetime_t)
                0x00000000c000dbe6                Clock::setTimeInDatetimeLocal(datetime_t)
                0x00000000c000dc46                secondsToDatetime(unsigned long long)
                0x00000000c000dd8a                Clock::timeInDatetimeLocal()
 *fill*         0x00000000c000ddaf        0x1 
 .text          0x00000000c000ddb0      0x504 hal/device.32
                0x00000000c000ddb0                Device::hibernate()
                0x00000000c000ddb2                Device::wake()
                0x00000000c000ddb4                Device::detect()
                0x00000000c000ddb6                Device::disableLegacy()
                0x00000000c000ddb8                Device::powerSaving(PowerSavingLevel)
                0x00000000c000ddba                DriverlessDevice::close(int, int, void*)
                0x00000000c000ddbe                DriverlessDevice::detect()
                0x00000000c000ddc0                DriverlessDevice::open(int, int, void*)
                0x00000000c000ddd4                Device::~Device()
                0x00000000c000ddd4                Device::~Device()
                0x00000000c000dde2                Device::~Device()
                0x00000000c000de0a                Device::findAndLoadDriver()
                0x00000000c000de18                Device::preOpenPCI(PCIDeviceInfo)
                0x00000000c000de3e                Device::preOpenACPI(void*, char*, char*)
                0x00000000c000de7e                Device::addIRQHandler(int, void (*)(regs*, void*), bool, void*)
                0x00000000c000debc                Device::getParent()
                0x00000000c000dec8                Device::removeIRQHandler(int, void (*)(regs*, void*), bool)
                0x00000000c000df06                Device::addChild(Device*)
                0x00000000c000df4a                Device::removeAllChildren()
                0x00000000c000df90                Device::hibernateAll()
                0x00000000c000dfc0                Device::wakeAll()
                0x00000000c000dff0                Device::detectAll()
                0x00000000c000e020                Device::disableLegacyAll()
                0x00000000c000e050                Device::loadDriversForAll()
                0x00000000c000e090                Device::closeAll()
                0x00000000c000e0c6                Device::powerSavingAll(PowerSavingLevel)
                0x00000000c000e0fc                Device::setName(char const*)
                0x00000000c000e10a                Device::Device(char const*)
                0x00000000c000e10a                Device::Device(char const*)
                0x00000000c000e206                Device::getName()
                0x00000000c000e210                DriverlessDevice::DriverlessDevice(char const*)
                0x00000000c000e210                DriverlessDevice::DriverlessDevice(char const*)
                0x00000000c000e246                Device::addToLinkedList(LinkedList<Device>&, DeviceType)
                0x00000000c000e28a                getDevicesOfType(DeviceType)
 .text          0x00000000c000e2b4       0x86 hal/diskctrl.32
                0x00000000c000e2b4                HardDiskController::HardDiskController(char const*)
                0x00000000c000e2b4                HardDiskController::HardDiskController(char const*)
                0x00000000c000e2ec                HardDiskController::~HardDiskController()
                0x00000000c000e2ec                HardDiskController::~HardDiskController()
                0x00000000c000e310                HardDiskController::~HardDiskController()
 .text          0x00000000c000e33a       0xe2 hal/diskphys.32
                0x00000000c000e33a                PhysicalDisk::eject()
                0x00000000c000e33e                PhysicalDisk::PhysicalDisk(char const*, int)
                0x00000000c000e33e                PhysicalDisk::PhysicalDisk(char const*, int)
                0x00000000c000e3a6                PhysicalDisk::startCache()
                0x00000000c000e3ce                PhysicalDisk::~PhysicalDisk()
                0x00000000c000e3ce                PhysicalDisk::~PhysicalDisk()
                0x00000000c000e3f2                PhysicalDisk::~PhysicalDisk()
 .text          0x00000000c000e41c      0x147 hal/fpu.32
                0x00000000c000e41c                FPU::FPU(char const*)
                0x00000000c000e41c                FPU::FPU(char const*)
                0x00000000c000e454                FPU::~FPU()
                0x00000000c000e454                FPU::~FPU()
                0x00000000c000e478                FPU::~FPU()
                0x00000000c000e4a2                setupFPU()
 *fill*         0x00000000c000e563        0x1 
 .text          0x00000000c000e564     0x11e1 hal/intctrl.32
                0x00000000c000e564                InterruptController::uninstallISRHandler(int, void (*)(regs*, void*))
                0x00000000c000e59c                InterruptController::installISRHandler(int, void (*)(regs*, void*), void*)
                0x00000000c000e5ee                doubleFault(regs*, void*)
                0x00000000c000e608                InterruptController::installIRQHandler(int, void (*)(regs*, void*), bool, void*)
                0x00000000c000e6a4                InterruptController::clearAllHandlers(int, bool)
                0x00000000c000e74c                InterruptController::uninstallIRQHandler(int, void (*)(regs*, void*), bool)
                0x00000000c000e7d3                nmiHandler(regs*, void*)
                0x00000000c000e7e1                int_handler
                0x00000000c000e882                InterruptController::InterruptController(char const*)
                0x00000000c000e882                InterruptController::InterruptController(char const*)
                0x00000000c000e928                InterruptController::~InterruptController()
                0x00000000c000e928                InterruptController::~InterruptController()
                0x00000000c000e94c                InterruptController::~InterruptController()
                0x00000000c000e976                displayDebugInfo(regs*)
                0x00000000c000ee05                x87EmulHandler(regs*, void*)
                0x00000000c000ee78                gpFault(regs*, void*)
                0x00000000c000eeb1                pgFault(regs*, void*)
                0x00000000c000ef00                otherISRHandler(regs*, void*)
                0x00000000c000ef1f                opcodeFault(regs*, void*)
                0x00000000c000f2e2                displayProgramFault(char const*)
                0x00000000c000f30a                setupInterruptController()
                0x00000000c000f6f8                InterruptController::convertLegacyIRQNumber(int)
 *fill*         0x00000000c000f745        0x1 
 .text          0x00000000c000f746      0x784 hal/keybrd.32
                0x00000000c000f746                startGUI(void*)
                0x00000000c000f7b2                startGUIVESA(void*)
                0x00000000c000f81e                sendKeyToTerminal(unsigned char)
                0x00000000c000f8dc                sendKeyboardToken(KeyboardToken)
                0x00000000c000fd19                clearInternalKeybuffer(VgaText*)
                0x00000000c000fd4e                readKeyboard(VgaText*, char*, unsigned long)
                0x00000000c000fe40                Keyboard::Keyboard(char const*)
                0x00000000c000fe40                Keyboard::Keyboard(char const*)
                0x00000000c000fe7c                Keyboard::~Keyboard()
                0x00000000c000fe7c                Keyboard::~Keyboard()
                0x00000000c000fea0                Keyboard::~Keyboard()
 .text          0x00000000c000feca      0x3ea hal/logidisk.32
                0x00000000c000feca                LogicalDisk::close(int, int, void*)
                0x00000000c000fece                LogicalDisk::~LogicalDisk()
                0x00000000c000fece                LogicalDisk::~LogicalDisk()
                0x00000000c000fef2                LogicalDisk::~LogicalDisk()
                0x00000000c000ff1c                LogicalDisk::open(int, int, void*)
                0x00000000c000ff30                LogicalDisk::absoluteToRelative(unsigned long long)
                0x00000000c000ff68                LogicalDisk::relativeToAbsolute(unsigned long long)
                0x00000000c000ffae                LogicalDisk::LogicalDisk(char const*, PhysicalDisk*, unsigned long long, unsigned long long)
                0x00000000c000ffae                LogicalDisk::LogicalDisk(char const*, PhysicalDisk*, unsigned long long, unsigned long long)
                0x00000000c0010064                LogicalDisk::assignDriveLetter()
                0x00000000c001011a                LogicalDisk::mount()
                0x00000000c0010162                LogicalDisk::unmount()
                0x00000000c0010172                LogicalDisk::eject()
                0x00000000c0010186                LogicalDisk::unassignDriveLetter()
                0x00000000c00101dc                LogicalDisk::read(unsigned long long, int, void*)
                0x00000000c0010248                LogicalDisk::write(unsigned long long, int, void*)
 .text          0x00000000c00102b4       0x86 hal/mouse.32
                0x00000000c00102b4                Mouse::Mouse(char const*)
                0x00000000c00102b4                Mouse::Mouse(char const*)
                0x00000000c00102ec                Mouse::~Mouse()
                0x00000000c00102ec                Mouse::~Mouse()
                0x00000000c0010310                Mouse::~Mouse()
 .text          0x00000000c001033a      0x339 hal/partition.32
                0x00000000c001033a                makePartition(PhysicalDisk*, unsigned long long, unsigned long long)
                0x00000000c00103e2                createPartitionsForDisk(PhysicalDisk*)
 *fill*         0x00000000c0010673        0x1 
 .text          0x00000000c0010674       0x86 hal/serial.32
                0x00000000c0010674                Serial::Serial(char const*)
                0x00000000c0010674                Serial::Serial(char const*)
                0x00000000c00106ac                Serial::~Serial()
                0x00000000c00106ac                Serial::~Serial()
                0x00000000c00106d0                Serial::~Serial()
 *fill*         0x00000000c00106fa        0x2 
 .text          0x00000000c00106fc      0x2f2 hal/timer.32
                0x00000000c00106fc                Timer::Timer(char const*)
                0x00000000c00106fc                Timer::Timer(char const*)
                0x00000000c0010734                Timer::~Timer()
                0x00000000c0010734                Timer::~Timer()
                0x00000000c0010758                Timer::~Timer()
                0x00000000c0010782                Timer::read()
                0x00000000c001078d                timerHandler(unsigned int)
                0x00000000c00108f4                setupTimer(int)
 *fill*         0x00000000c00109ee        0x2 
 .text          0x00000000c00109f0      0x4af hal/vcache.32
                0x00000000c00109f0                VCache::VCache(PhysicalDisk*)
                0x00000000c00109f0                VCache::VCache(PhysicalDisk*)
                0x00000000c0010b58                VCache::invalidateReadBuffer()
                0x00000000c0010b68                VCache::writeWriteBuffer()
                0x00000000c0010bb4                VCache::~VCache()
                0x00000000c0010bb4                VCache::~VCache()
                0x00000000c0010c08                VCache::~VCache()
                0x00000000c0010c30                VCache::write(unsigned long long, int, void*)
                0x00000000c0010d74                VCache::read(unsigned long long, int, void*)
 *fill*         0x00000000c0010e9f        0x1 
 .text          0x00000000c0010ea0      0x4b3 hal/video.32
                0x00000000c0010ea0                Video::putrect(int, int, int, int, unsigned int)
                0x00000000c0010eec                Video::bitblit(int, int, int, int, int, int, int, unsigned int*)
                0x00000000c0010f5c                Video::blit(unsigned int*, int, int, int, int)
                0x00000000c0010fda                Video::clearScreen(unsigned int)
                0x00000000c001100e                Video::putpixel(int, int, unsigned int)
                0x00000000c001101c                Video::Video(char const*)
                0x00000000c001101c                Video::Video(char const*)
                0x00000000c0011052                Video::~Video()
                0x00000000c0011052                Video::~Video()
                0x00000000c0011076                Video::~Video()
                0x00000000c00110a0                Video::isMonochrome()
                0x00000000c00110ac                Video::getWidth()
                0x00000000c00110b8                Video::getHeight()
                0x00000000c00110c4                Video::drawCursor(int, int, unsigned char*, int)
                0x00000000c0011180                Video::tgaParse(unsigned char*, int, int*, int*)
                0x00000000c00112e8                Video::putTGA(int, int, unsigned char*, int)
 *fill*         0x00000000c0011353        0x1 
 .text          0x00000000c0011354     0x141b hw/acpi.32
                0x00000000c0011354                ACPI::close(int, int, void*)
                0x00000000c0011408                findRSDP()
                0x00000000c00114dc                loadACPITables(unsigned char*)
                0x00000000c0011740                findRSDT(unsigned char*)
                0x00000000c0011900                findDataTable(unsigned char*, char*)
                0x00000000c0011978                scanMADT()
                0x00000000c0011e54                ACPI::ACPI()
                0x00000000c0011e54                ACPI::ACPI()
                0x00000000c0011eb8                ACPI::getPCIIRQAssignment(unsigned char, unsigned short, unsigned char)
                0x00000000c0011fa0                ACPI::registerPCIIRQAssignment(void*, unsigned short, unsigned char, unsigned char)
                0x00000000c0012068                ACPI::setScreenBrightnessLevel(void*, int)
                0x00000000c0012070                ACPI::detectPCI()
                0x00000000c0012288                ACPI::writeSimpleBootFlag(SimpleBootFlagTable*)
                0x00000000c00122d0                ACPI::sleep()
                0x00000000c00122ec                ACPI::open(int, int, void*)
 *fill*         0x00000000c001276f        0x1 
 .text          0x00000000c0012770     0x1525 hw/cpu.32
                0x00000000c0012770                CPU::close(int, int, void*)
                0x00000000c0012774                CPU::lookupAMDName(unsigned char, unsigned char)
                0x00000000c0012908                CPU::lookupIntelName(unsigned char, unsigned char)
                0x00000000c0012bb6                CPU::AMD_K6_write_msr(unsigned int, unsigned int, unsigned int, CPU::REGS*)
                0x00000000c0012bd2                CPU::AMD_K6_read_msr(unsigned int, CPU::REGS*)
                0x00000000c0012bea                CPU::AMD_K6_writeback(int, int, int)
                0x00000000c0012c5e                CPU::cpuid(int, unsigned long*, unsigned long*, unsigned long*, unsigned long*)
                0x00000000c0012ce2                CPU::cpuidCheckEDX(unsigned int)
                0x00000000c0012d10                CPU::cpuidCheckECX(unsigned int)
                0x00000000c0012d3e                CPU::cpuidCheckExtendedEBX(unsigned int)
                0x00000000c0012d6c                CPU::cpuidCheckExtendedECX(unsigned int)
                0x00000000c0012d9a                CPU::CPU()
                0x00000000c0012d9a                CPU::CPU()
                0x00000000c0012e28                CPU::displayFeatures()
                0x00000000c0012e2a                CPU::detectFeatures()
                0x00000000c001381c                CPU::setupSMEP()
                0x00000000c0013828                CPU::setupUMIP()
                0x00000000c0013832                CPU::setupTSC()
                0x00000000c001383c                CPU::setupLargePages()
                0x00000000c0013846                CPU::setupPAT()
                0x00000000c0013882                CPU::setupMTRR()
                0x00000000c0013884                CPU::setupGlobalPages()
                0x00000000c001388e                CPU::allowUsermodeDataAccess()
                0x00000000c00138a0                CPU::prohibitUsermodeDataAccess()
                0x00000000c00138b2                CPU::setupSMAP()
                0x00000000c00138c0                CPU::setupFeatures()
                0x00000000c0013940                CPU::open(int, int, void*)
                0x00000000c0013a9a                CPU::decodeAddress(regs*, int*, bool*, unsigned char*)
 .text          0x00000000c0013c95        0x0 hw/ports.32
 .text          0x00000000c0013c95      0x16a hw/smp.32
                0x00000000c0013c95                Krnl::smpEntry()
                0x00000000c0013c97                Krnl::startCPU(int)
                0x00000000c0013de0                Krnl::startCPUs()
 *fill*         0x00000000c0013dff        0x1 
 .text          0x00000000c0013e00      0x581 krnl/env.32
                0x00000000c0013e00                EnvVarContainer::getEnv(char const*)
                0x00000000c0013e3e                EnvVarContainer::setEnv(char const*, char const*)
                0x00000000c0013f00                EnvVarContainer::deleteEnv(char const*)
                0x00000000c0013f02                EnvVarContainer::loadFrom(char const*, char const*)
                0x00000000c00140e8                EnvVarContainer::__loadSystem()
                0x00000000c0014102                EnvVarContainer::__loadUser()
                0x00000000c0014104                EnvVarContainer::EnvVarContainer(Process*)
                0x00000000c0014104                EnvVarContainer::EnvVarContainer(Process*)
                0x00000000c0014126                EnvVarContainer::~EnvVarContainer()
                0x00000000c0014126                EnvVarContainer::~EnvVarContainer()
                0x00000000c0014156                Krnl::getEnv(Process*, char const*)
                0x00000000c00141bb                Krnl::setEnvSystem(char const*, char const*)
                0x00000000c00141d5                Krnl::setEnvUser(char const*, char const*)
                0x00000000c00141f4                Krnl::setEnvProcess(Process*, char const*, char const*)
                0x00000000c0014207                Krnl::deleteEnvSystem(char const*)
                0x00000000c0014208                Krnl::deleteEnvUser(char const*)
                0x00000000c0014209                Krnl::deleteEnvProcess(Process*, char const*)
                0x00000000c001420a                Krnl::newProcessEnv(Process*)
                0x00000000c001422c                Krnl::copyProcessEnv(Process*, Process*)
                0x00000000c0014278                Krnl::loadSystemEnv()
                0x00000000c00142a6                Krnl::loadUserEnv()
                0x00000000c00142cc                Krnl::flushEnv()
                0x00000000c00142cd                Krnl::getProcessTotalEnvCount(Process*)
                0x00000000c00142ed                Krnl::getProcessEnvPair(Process*, int)
 .text          0x00000000c0014381      0x39c krnl/panic.32
                0x00000000c0014381                Krnl::panic(char const*)
 *fill*         0x00000000c001471d        0x3 
 .text          0x00000000c0014720      0x5a0 net/ethernet.32
                0x00000000c0014720                Net::switchEndian16(unsigned short)
                0x00000000c0014744                Net::switchEndian32(unsigned int)
                0x00000000c0014774                Net::crc32Calc(unsigned char*, int)
                0x00000000c0014818                Net::wrapEthernetFrame(Net::UnwrappedEthernetFrame, unsigned char*)
                0x00000000c0014a34                Net::unwrapEthernetFrame(unsigned char*, int)
 .text          0x00000000c0014cc0      0x50e reg/registry.32
                0x00000000c0014cc0                Reg::findLineFromLoadedData(char*, char*, char*)
                0x00000000c0014e18                Reg::getLineFromRegistry(char*, char*, char*, char*)
                0x00000000c0014f6d                Reg::getLine(char*, char*, char*)
                0x00000000c0014fa4                Reg::readInt(char*, char*, int*)
                0x00000000c001508f                Reg::readString(char*, char*, char*, int)
                0x00000000c0015110                Reg::readBool(char*, char*, bool*)
                0x00000000c0015135                Reg::readBoolWithDefault(char*, char*, bool)
                0x00000000c0015161                Reg::readIntWithDefault(char*, char*, int)
                0x00000000c001518d                Reg::readStringWithDefault(char*, char*, char*, int, char*)
 .text          0x00000000c00151ce       0x36 sys/sc_eject.32
                0x00000000c00151ce                Sys::eject(regs*)
 .text          0x00000000c0015204       0x18 sys/sc_exit.32
                0x00000000c0015204                Sys::exit(regs*)
 .text          0x00000000c001521c       0x1f sys/sc_getcwd.32
                0x00000000c001521c                Sys::getCwd(regs*)
 .text          0x00000000c001523b        0xc sys/sc_getpid.32
                0x00000000c001523b                Sys::getPID(regs*)
 .text          0x00000000c0015247       0x1a sys/sc_getramdata.32
                0x00000000c0015247                Sys::getRAMData(regs*)
 .text          0x00000000c0015261       0x84 sys/sc_getvgaptr.32
                0x00000000c0015261                Sys::getVGAPtr(regs*)
 .text          0x00000000c00152e5       0xa8 sys/sc_loaddll.32
                0x00000000c00152e5                Sys::loadDLL(regs*)
 .text          0x00000000c001538d       0x68 sys/sc_read.32
                0x00000000c001538d                Sys::read(regs*)
 .text          0x00000000c00153f5       0x55 sys/sc_sbrk.32
                0x00000000c00153f5                Sys::sbrk(regs*)
 .text          0x00000000c001544a       0x1c sys/sc_setcwd.32
                0x00000000c001544a                Sys::setCwd(regs*)
 .text          0x00000000c0015466       0x95 sys/sc_settime.32
                0x00000000c0015466                Sys::setTime(regs*)
 .text          0x00000000c00154fb       0x4a sys/sc_timezone.32
                0x00000000c00154fb                Sys::timezone(regs*)
 .text          0x00000000c0015545       0x68 sys/sc_write.32
                0x00000000c0015545                Sys::write(regs*)
 .text          0x00000000c00155ad       0x62 sys/sc_wsbe.32
                0x00000000c00155ad                Sys::wsbe(regs*)
 .text          0x00000000c001560f       0x38 sys/sc_yield.32
                0x00000000c001560f                Sys::yield(regs*)
 .text          0x00000000c0015647      0xf8e sys/syscalls.32
                0x00000000c0015647                sysCallSeekDir(regs*)
                0x00000000c001564c                sysCallTellDir(regs*)
                0x00000000c0015651                sysCallVerify(regs*)
                0x00000000c001565b                sysCallGetArgc(regs*)
                0x00000000c001566b                sysFormatDisk(regs*)
                0x00000000c00156d5                sysSetDiskVolumeLabel(regs*)
                0x00000000c001571f                sysGetDiskVolumeLabel(regs*)
                0x00000000c0015774                sysShutdown(regs*)
                0x00000000c00157d2                sysCallRealpath(regs*)
                0x00000000c0015815                sysCallReadDir(regs*)
                0x00000000c0015894                sysCallIsATTY(regs*)
                0x00000000c00158ee                sysCallSeek(regs*)
                0x00000000c0015945                sysCallTell(regs*)
                0x00000000c00159b1                sysCallSize(regs*)
                0x00000000c0015a23                sysCallSizeFromFilename(regs*)
                0x00000000c0015ad2                sysCallClose(regs*)
                0x00000000c0015b32                sysCallOpenDir(regs*)
                0x00000000c0015ba7                sysCallCloseDir(regs*)
                0x00000000c0015bfb                sysCallMakeDir(regs*)
                0x00000000c0015c6b                sysCallWait(regs*)
                0x00000000c0015c85                sysCallNotImpl(regs*)
                0x00000000c0015ca0                sysPanic(regs*)
                0x00000000c0015cba                sysCallRmdir(regs*)
                0x00000000c0015d1e                sysCallUnlink(regs*)
                0x00000000c0015d82                sysCallGetArgv(regs*)
                0x00000000c0015dce                sysCallTTYName(regs*)
                0x00000000c0015e51                sysCallUSleep(regs*)
                0x00000000c0015e7a                sysCallSpawn(regs*)
                0x00000000c0015ee2                sysCallGetEnv(regs*)
                0x00000000c0015f8f                sysAppSettings(regs*)
                0x00000000c00160a3                sysSetFatAttrib(regs*)
                0x00000000c0016115                sysPipe(regs*)
                0x00000000c001615a                sysGetUnixTime(regs*)
                0x00000000c001616e                string_ends_with(char const*, char const*)
                0x00000000c00161b6                sysCallOpen(regs*)
                0x00000000c001639e                Sys::loadSyscalls()
                0x00000000c0016593                Sys::systemCall(regs*, void*)
 .text          0x00000000c00165d5     0x1203 thr/elf.32
                0x00000000c00165d5                Thr::allocateMemoryForTask(Process*, File*, unsigned long, unsigned long, unsigned long)
                0x00000000c001687f                Thr::loadProgramIntoMemory(Process*, char const*)
                0x00000000c0016a95                Thr::runtimeReferenceHelper()
                0x00000000c0016aa8                Thr::getAddressOfKernelSymbol(char const*)
                0x00000000c0016af7                Thr::loadKernelSymbolTable(char const*)
                0x00000000c0016db5                Thr::loadDriverIntoMemory(char const*, unsigned long, bool)
                0x00000000c00174eb                Thr::getDriverBaseFromAddress(unsigned long)
                0x00000000c001751d                Thr::getDriverNameFromAddress(unsigned long)
                0x00000000c0017554                Thr::getDriverOffsetFromAddress(unsigned long)
                0x00000000c001756e                Thr::loadDLL(char const*, bool)
                0x00000000c001779f                Thr::executeDLL(unsigned long, void*)
 .text          0x00000000c00177d8     0x12a9 thr/prcssthr.32
                0x00000000c00177d8                userModeEntryPoint(void*)
                0x00000000c0017800                changeTSS
                0x00000000c0017830                switchToThread(ThreadControlBlock*)
                0x00000000c00178e4                Process::addArgs(char**)
                0x00000000c0017944                Process::Process(char const*, Process*, char**)
                0x00000000c0017944                Process::Process(char const*, Process*, char**)
                0x00000000c0017b30                Process::Process(bool, char const*, Process*, char**)
                0x00000000c0017b30                Process::Process(bool, char const*, Process*, char**)
                0x00000000c0017ce8                taskStartupFunction
                0x00000000c0017cf4                Semaphore::Semaphore(int)
                0x00000000c0017cf4                Semaphore::Semaphore(int)
                0x00000000c0017d24                Mutex::Mutex()
                0x00000000c0017d24                Mutex::Mutex()
                0x00000000c0017d38                Process::createThread(void (*)(void*), void*, int)
                0x00000000c0017e30                Process::createUserThread()
                0x00000000c0017e4c                setupMultitasking(void (*)())
                0x00000000c0017f54                schedule()
                0x00000000c0017fe0                Semaphore::tryAcquire()
                0x00000000c00180ac                Semaphore::assertLocked(char const*)
                0x00000000c0018124                blockTaskWithSchedulerLockAlreadyHeld(TaskState)
                0x00000000c001814c                blockTask(TaskState)
                0x00000000c001817c                waitTask(int, int*, int)
                0x00000000c00181c0                milliTenthSleepUntil(unsigned int)
                0x00000000c001824c                milliTenthSleep(unsigned int)
                0x00000000c001825c                sleep(unsigned int)
                0x00000000c0018278                Semaphore::acquire()
                0x00000000c0018334                taskReturned
                0x00000000c0018370                Thr::processFromPID(int)
                0x00000000c0018410                unblockTask(ThreadControlBlock*)
                0x00000000c00184b4                cleanupTerminatedTask(ThreadControlBlock*)
                0x00000000c001877c                cleanerTaskFunction(void*)
                0x00000000c001886c                terminateTask(int)
                0x00000000c0018938                Thr::terminateFromIRQ(int)
                0x00000000c0018944                Semaphore::release()
 .text          0x00000000c0018a81      0xada vm86/vm8086.32
                0x00000000c0018a81                Vm::inbv(unsigned short)
                0x00000000c0018a94                Vm::outbv(unsigned short, unsigned char)
                0x00000000c0018aca                Vm::realToLinear(unsigned short, unsigned short)
                0x00000000c0018ada                Vm::getSegment(unsigned int)
                0x00000000c0018ae2                Vm::getOffset(unsigned int)
                0x00000000c0018ae7                Vm::mainloop2()
                0x00000000c0018b21                Vm::mainVm8086Loop(void*)
                0x00000000c0018b31                Vm::mainloop3(unsigned long)
                0x00000000c0018b57                Vm::initialise8086()
                0x00000000c0018b9a                Vm::finish8086()
                0x00000000c0018bfb                Vm::getOutput8086(unsigned char*)
                0x00000000c0018c20                Vm::start8086(char const*, unsigned short, unsigned short, unsigned short, unsigned short)
                0x00000000c0018d88                Vm::doISR(regs*, int, unsigned char*, unsigned short, unsigned short)
                0x00000000c0018e12                Vm::readByteFromReal(unsigned short, unsigned short)
                0x00000000c0018e23                Vm::readWordFromReal(unsigned short, unsigned short)
                0x00000000c0018e35                Vm::readDwordFromReal(unsigned short, unsigned short)
                0x00000000c0018e46                Vm::writeByteFromReal(unsigned short, unsigned short, unsigned char)
                0x00000000c0018e5b                Vm::writeWordFromReal(unsigned short, unsigned short, unsigned short)
                0x00000000c0018e71                Vm::writeDwordFromReal(unsigned short, unsigned short, unsigned int)
                0x00000000c0018e86                Vm::faultHandler(regs*)
 *fill*         0x00000000c001955b        0x1 
 .text          0x00000000c001955c      0xfcd vm86/x87em.32
                0x00000000c001955c                Vm::fpuInternalTo32(unsigned long long)
                0x00000000c00195ba                Vm::fpuInternalTo64(unsigned long long)
                0x00000000c00195c3                Vm::fpu32ToInternal(unsigned int)
                0x00000000c0019608                Vm::fpu64ToInternal(unsigned long long)
                0x00000000c0019611                Vm::fpuFloatToLong(unsigned long long)
                0x00000000c0019670                Vm::fpuULongToFloat(unsigned long long)
                0x00000000c00196ac                Vm::fpuLongToFloat(long long)
                0x00000000c001970b                Vm::fpuGet0()
                0x00000000c0019710                Vm::fpuGet1()
                0x00000000c0019718                Vm::fpuGetPi()
                0x00000000c0019720                Vm::fpuGetLog2E()
                0x00000000c0019738                Vm::fpuGetLogE2()
                0x00000000c0019750                Vm::fpuGetLog210()
                0x00000000c0019768                Vm::fpuGetLog102()
                0x00000000c0019780                Vm::fpuIsSecondLarger(unsigned long long, unsigned long long)
                0x00000000c0019794                Vm::fpuAreEqual(unsigned long long, unsigned long long)
                0x00000000c00197aa                Vm::fpuUnorderedCompare(unsigned long long, unsigned long long)
                0x00000000c0019800                Vm::fpuAdd(unsigned long long, unsigned long long)
                0x00000000c0019811                Vm::fpuAbs(unsigned long long)
                0x00000000c001981a                Vm::fpuChs(unsigned long long)
                0x00000000c001982a                Vm::fpuSub(unsigned long long, unsigned long long)
                0x00000000c0019839                Vm::fpuMultiply(unsigned long long, unsigned long long)
                0x00000000c0019858                Vm::fpuDivide(unsigned long long, unsigned long long)
                0x00000000c0019874                Vm::fpuSquare(unsigned long long)
                0x00000000c001988a                Vm::fpuGetReg(int)
                0x00000000c00198cd                Vm::fpuSetReg(int, unsigned long long)
                0x00000000c0019919                Vm::fpuPush(unsigned long long)
                0x00000000c0019977                Vm::fpuPop()
                0x00000000c00199ca                Vm::x87Handler(regs*)
 *fill*         0x00000000c001a529        0x3 
 .text          0x00000000c001a52c     0x13b7 fs/fat/vfslink.32
                0x00000000c001a52c                FAT::getName()
                0x00000000c001a534                FAT::tell(void*, unsigned long long*)
                0x00000000c001a570                FAT::stat(void*, unsigned long long*)
                0x00000000c001a5ac                FAT::~FAT()
                0x00000000c001a5ac                FAT::~FAT()
                0x00000000c001a5d0                FAT::~FAT()
                0x00000000c001a5f8                FAT::getlabel(LogicalDisk*, int, char*, unsigned int*)
                0x00000000c001a69c                FAT::setlabel(LogicalDisk*, int, char*)
                0x00000000c001a760                FAT::format(LogicalDisk*, int, char const*, int)
                0x00000000c001a934                FAT::tryMount(LogicalDisk*, int)
                0x00000000c001ab4c                FAT::allocateSwapfile(char const*, int)
                0x00000000c001ad08                FAT::readDir(void*, unsigned long, void*, int*)
                0x00000000c001ae74                FAT::read(void*, unsigned long, void*, int*)
                0x00000000c001aed4                FAT::write(void*, unsigned long, void*, int*)
                0x00000000c001af34                FAT::close(void*)
                0x00000000c001af88                FAT::closeDir(void*)
                0x00000000c001afdc                FAT::seek(void*, unsigned long long)
                0x00000000c001b038                fatWrapperReadDisk
                0x00000000c001b080                fatWrapperWriteDisk
                0x00000000c001b0c8                fatWrapperIoctl
                0x00000000c001b1d8                FAT::FAT()
                0x00000000c001b1d8                FAT::FAT()
                0x00000000c001b22c                FAT::fixFilepath(char*)
                0x00000000c001b268                FAT::open(char const*, void**, FileOpenMode)
                0x00000000c001b39c                FAT::openDir(char const*, void**)
                0x00000000c001b44c                FAT::stat(char const*, unsigned long long*, bool*)
                0x00000000c001b540                FAT::unlink(char const*)
                0x00000000c001b5c0                FAT::chfatattr(char const*, unsigned char, unsigned char)
                0x00000000c001b728                FAT::rename(char const*, char const*)
                0x00000000c001b7f4                FAT::mkdir(char const*)
                0x00000000c001b874                FAT::exists(char const*)
 *fill*         0x00000000c001b8e3        0x1 
 .text          0x00000000c001b8e4      0xb75 fs/iso9660/vfslink.32
                0x00000000c001b8e4                ISO9660::format(LogicalDisk*, int, char const*, int)
                0x00000000c001b8ea                ISO9660::seek(void*, unsigned long long)
                0x00000000c001b91a                ISO9660::tell(void*, unsigned long long*)
                0x00000000c001b93e                ISO9660::getName()
                0x00000000c001b944                ISO9660::stat(void*, unsigned long long*)
                0x00000000c001b968                ISO9660::chfatattr(char const*, unsigned char, unsigned char)
                0x00000000c001b96e                ISO9660::unlink(char const*)
                0x00000000c001b974                ISO9660::write(void*, unsigned long, void*, int*)
                0x00000000c001b97a                ISO9660::rename(char const*, char const*)
                0x00000000c001b980                ISO9660::mkdir(char const*)
                0x00000000c001b986                ISO9660::close(void*)
                0x00000000c001b9a8                ISO9660::closeDir(void*)
                0x00000000c001b9ca                ISO9660::~ISO9660()
                0x00000000c001b9ca                ISO9660::~ISO9660()
                0x00000000c001b9ee                ISO9660::~ISO9660()
                0x00000000c001ba15                __memmem(unsigned char*, int, unsigned char*, int)
                0x00000000c001ba57                readSectorFromCDROM(unsigned int, unsigned char*, char)
                0x00000000c001bab2                ISO9660::tryMount(LogicalDisk*, int)
                0x00000000c001bb02                ISO9660::read(void*, unsigned long, void*, int*)
                0x00000000c001bd06                ISO9660::readDir(void*, unsigned long, void*, int*)
                0x00000000c001bf80                readRoot(unsigned int*, unsigned int*, char)
                0x00000000c001bfd4                readRecursively(char*, unsigned int, unsigned int, unsigned int*, unsigned int*, char, int*)
                0x00000000c001c1a7                getFileData(char*, unsigned int*, unsigned int*, char, int*)
                0x00000000c001c236                ISO9660::open(char const*, void**, FileOpenMode)
                0x00000000c001c2e4                ISO9660::exists(char const*)
                0x00000000c001c308                ISO9660::stat(char const*, unsigned long long*, bool*)
                0x00000000c001c39c                ISO9660::openDir(char const*, void**)
                0x00000000c001c436                ISO9660::ISO9660()
                0x00000000c001c436                ISO9660::ISO9660()
 *fill*         0x00000000c001c459        0x1 
 .text          0x00000000c001c45a      0x2f0 hal/sound/sndcard.32
                0x00000000c001c45a                SoundCard::beginPlayback()
                0x00000000c001c468                SoundCard::stopPlayback()
                0x00000000c001c476                SoundCard::SoundCard(char const*)
                0x00000000c001c476                SoundCard::SoundCard(char const*)
                0x00000000c001c514                SoundCard::~SoundCard()
                0x00000000c001c514                SoundCard::~SoundCard()
                0x00000000c001c538                SoundCard::~SoundCard()
                0x00000000c001c562                SoundCard::configureRates(int, int, int)
                0x00000000c001c592                SoundCard::getSamples16(int, short*)
                0x00000000c001c654                SoundCard::getSamples32(int, int*)
                0x00000000c001c6da                SoundCard::addChannel(SoundPort*)
                0x00000000c001c736                SoundCard::removeChannel(int)
 *fill*         0x00000000c001c74a        0x2 
 .text          0x00000000c001c74c      0x3fb hal/sound/sndport.32
                0x00000000c001c74c                SoundPort::SoundPort(int, int, int, int)
                0x00000000c001c74c                SoundPort::SoundPort(int, int, int, int)
                0x00000000c001c7d8                SoundPort::~SoundPort()
                0x00000000c001c7d8                SoundPort::~SoundPort()
                0x00000000c001c80c                SoundPort::unpause()
                0x00000000c001c818                SoundPort::pause()
                0x00000000c001c824                SoundPort::getBufferUsed()
                0x00000000c001c82c                SoundPort::getBufferSize()
                0x00000000c001c834                SoundPort::buffer16(short*, int)
                0x00000000c001c8e8                SoundPort::buffer32(int*, int)
                0x00000000c001c994                SoundPort::unbufferAndAdd16(int, short*, SoundCard*)
                0x00000000c001ca90                SoundPort::unbufferAndAdd32(int, int*, SoundCard*)
 .text          0x00000000c001cb47        0x0 hw/bus/isa.32
 *fill*         0x00000000c001cb47        0x1 
 .text          0x00000000c001cb48      0xb87 hw/bus/pci.32
                0x00000000c001cb48                PCI::open(int, int, void*)
                0x00000000c001cb66                PCI::close(int, int, void*)
                0x00000000c001cb6a                PCI::PCI()
                0x00000000c001cb6a                PCI::PCI()
                0x00000000c001cc00                PCI::readBAR8(unsigned int, int)
                0x00000000c001cc1c                PCI::readBAR16(unsigned int, int)
                0x00000000c001cc3a                PCI::readBAR32(unsigned int, int)
                0x00000000c001cc56                PCI::writeBAR8(unsigned int, unsigned char, int)
                0x00000000c001cc76                PCI::writeBAR16(unsigned int, unsigned short, int)
                0x00000000c001cc98                PCI::writeBAR32(unsigned int, unsigned int, int)
                0x00000000c001ccb8                PCI::legacyMechanism(unsigned char, unsigned char, unsigned char, unsigned char)
                0x00000000c001cd26                PCI::pciReadWord(unsigned char, unsigned char, unsigned char, unsigned char)
                0x00000000c001cdce                PCI::getVendorID(unsigned char, unsigned char, unsigned char)
                0x00000000c001cdf2                PCI::getHeaderType(unsigned char, unsigned char, unsigned char)
                0x00000000c001ce1a                PCI::getClassCode(unsigned char, unsigned char, unsigned char)
                0x00000000c001ce64                PCI::getProgIF(unsigned char, unsigned char, unsigned char)
                0x00000000c001ce8c                PCI::getRevisionID(unsigned char, unsigned char, unsigned char)
                0x00000000c001ceb0                PCI::getInterruptNumber(unsigned char, unsigned char, unsigned char)
                0x00000000c001ced4                PCI::getSecondaryBus(unsigned char, unsigned char, unsigned char)
                0x00000000c001cefc                PCI::getBARAddress(unsigned char, unsigned char, unsigned char, unsigned char)
                0x00000000c001cf60                PCI::pciWriteWord(unsigned char, unsigned char, unsigned char, unsigned char, unsigned short)
                0x00000000c001d048                PCI::pciDetailsToFilepath(PCIDeviceInfo, char*)
                0x00000000c001d2c2                PCI::checkBus(unsigned char)
                0x00000000c001d2e6                PCI::foundDevice(PCIDeviceInfo)
                0x00000000c001d458                PCI::getDeviceData(unsigned char, unsigned char, unsigned char)
                0x00000000c001d610                PCI::checkDevice(unsigned char, unsigned char)
                0x00000000c001d67c                PCI::detect()
 *fill*         0x00000000c001d6cf        0x1 
 .text          0x00000000c001d6d0      0xb4a hw/diskctrl/ide.32
                0x00000000c001d6d0                IDE::close(int, int, void*)
                0x00000000c001d6d4                IDE::IDE()
                0x00000000c001d6d4                IDE::IDE()
                0x00000000c001d708                IDE::prepareInterrupt(unsigned char)
                0x00000000c001d71a                selectDrive(unsigned char, unsigned char)
                0x00000000c001d71c                IDE::getBase(unsigned char)
                0x00000000c001d72e                IDE::write(unsigned char, unsigned char, unsigned char)
                0x00000000c001d7ee                IDE::read(unsigned char, unsigned char)
                0x00000000c001d89c                IDE::waitInterrupt(unsigned char)
                0x00000000c001d8fe                ideChannel0IRQHandler(regs*, void*)
                0x00000000c001d91a                ideChannel1IRQHandler(regs*, void*)
                0x00000000c001d936                IDE::enableIRQs(unsigned char, bool)
                0x00000000c001d97c                IDE::open(int, int, void*)
                0x00000000c001dd8a                IDE::readBuffer(unsigned char, unsigned char, unsigned int, unsigned int)
                0x00000000c001de56                IDE::detect()
                0x00000000c001e116                IDE::printError(unsigned char, unsigned char, unsigned char)
                0x00000000c001e1c6                IDE::polling(unsigned char, unsigned int)
 .text          0x00000000c001e21a      0x336 hw/diskctrl/satabus.32
                0x00000000c001e21a                SATABus::close(int, int, void*)
                0x00000000c001e21e                SATABus::detect()
                0x00000000c001e220                SATABus::SATABus()
                0x00000000c001e220                SATABus::SATABus()
                0x00000000c001e2a6                SATABus::findCmdslot(SATABus::tagHBA_PORT volatile*)
                0x00000000c001e2ee                SATABus::checkType(SATABus::tagHBA_PORT volatile*)
                0x00000000c001e336                SATABus::startCmd(SATABus::tagHBA_PORT volatile*)
                0x00000000c001e356                SATABus::stopCmd(SATABus::tagHBA_PORT volatile*)
                0x00000000c001e380                SATABus::portRebase(SATABus::tagHBA_PORT volatile*, int)
                0x00000000c001e486                SATABus::probePort(SATABus::tagHBA_MEM volatile*)
                0x00000000c001e530                SATABus::open(int, int, void*)
 .text          0x00000000c001e550      0x684 hw/diskphys/ata.32
                0x00000000c001e550                ATA::close(int, int, void*)
                0x00000000c001e574                ATA::powerSaving(PowerSavingLevel)
                0x00000000c001e576                ATA::ATA()
                0x00000000c001e576                ATA::ATA()
                0x00000000c001e5a4                ATA::flush(bool)
                0x00000000c001e5ee                ATA::readyForCommand()
                0x00000000c001e63a                ATA::access(unsigned long long, int, void*, bool)
                0x00000000c001ea30                ATA::read(unsigned long long, int, void*)
                0x00000000c001ea7c                ATA::write(unsigned long long, int, void*)
                0x00000000c001eade                ATA::detectCHS()
                0x00000000c001eb08                ATA::open(int, int, void*)
 .text          0x00000000c001ebd4      0x5b9 hw/diskphys/atapi.32
                0x00000000c001ebd4                ATAPI::write(unsigned long long, int, void*)
                0x00000000c001ebda                ATAPI::close(int, int, void*)
                0x00000000c001ebfe                ATAPI::ATAPI()
                0x00000000c001ebfe                ATAPI::ATAPI()
                0x00000000c001ec2c                ATAPI::readyForCommand()
                0x00000000c001ec78                ATAPI::sendPacket(unsigned char*, int, bool, unsigned short*, int)
                0x00000000c001ef38                ATAPI::diskRemoved()
                0x00000000c001ef54                ATAPI::eject()
                0x00000000c001ef9c                ATAPI::diskInserted()
                0x00000000c001efca                ATAPI::detectMedia()
                0x00000000c001f086                ATAPI::open(int, int, void*)
                0x00000000c001f10e                ATAPI::read(unsigned long long, int, void*)
 *fill*         0x00000000c001f18d        0x1 
 .text          0x00000000c001f18e      0x41c hw/diskphys/sata.32
                0x00000000c001f18e                SATA::close(int, int, void*)
                0x00000000c001f1b2                SATA::powerSaving(PowerSavingLevel)
                0x00000000c001f1b4                SATA::open(int, int, void*)
                0x00000000c001f25e                SATA::SATA()
                0x00000000c001f25e                SATA::SATA()
                0x00000000c001f28c                SATA::access(unsigned long long, int, void*, bool)
                0x00000000c001f4f2                SATA::read(unsigned long long, int, void*)
                0x00000000c001f53e                SATA::write(unsigned long long, int, void*)
 .text          0x00000000c001f5aa      0x4fe hw/diskphys/satapi.32
                0x00000000c001f5aa                SATAPI::write(unsigned long long, int, void*)
                0x00000000c001f5b0                SATAPI::close(int, int, void*)
                0x00000000c001f5d4                SATAPI::SATAPI()
                0x00000000c001f5d4                SATAPI::SATAPI()
                0x00000000c001f602                SATAPI::diskRemoved()
                0x00000000c001f61e                SATAPI::diskInserted()
                0x00000000c001f64c                SATAPI::sendPacket(unsigned char*, int, unsigned long long, unsigned short*, int)
                0x00000000c001f854                SATAPI::eject()
                0x00000000c001f89c                SATAPI::detectMedia()
                0x00000000c001f95e                SATAPI::open(int, int, void*)
                0x00000000c001fa06                SATAPI::read(unsigned long long, int, void*)
 .text          0x00000000c001faa8       0x94 hw/fpu/avx.32
                0x00000000c001faa8                AVX::open(int, int, void*)
                0x00000000c001fabc                AVX::close(int, int, void*)
                0x00000000c001fad0                AVX::available()
                0x00000000c001fae4                AVX::save(void*)
                0x00000000c001fafc                AVX::load(void*)
                0x00000000c001fb14                AVX::AVX()
                0x00000000c001fb14                AVX::AVX()
 .text          0x00000000c001fb3c       0x94 hw/fpu/mmx.32
                0x00000000c001fb3c                MMX::available()
                0x00000000c001fb50                MMX::open(int, int, void*)
                0x00000000c001fb64                MMX::close(int, int, void*)
                0x00000000c001fb78                MMX::save(void*)
                0x00000000c001fb90                MMX::load(void*)
                0x00000000c001fba8                MMX::MMX()
                0x00000000c001fba8                MMX::MMX()
 .text          0x00000000c001fbd0       0x9c hw/fpu/sse.32
                0x00000000c001fbd0                SSE::open(int, int, void*)
                0x00000000c001fbe4                SSE::close(int, int, void*)
                0x00000000c001fbf8                SSE::available()
                0x00000000c001fc14                SSE::save(void*)
                0x00000000c001fc2c                SSE::load(void*)
                0x00000000c001fc44                SSE::SSE()
                0x00000000c001fc44                SSE::SSE()
 .text          0x00000000c001fc6c       0x94 hw/fpu/x87.32
                0x00000000c001fc6c                x87::open(int, int, void*)
                0x00000000c001fc80                x87::close(int, int, void*)
                0x00000000c001fc94                x87::available()
                0x00000000c001fca8                x87::save(void*)
                0x00000000c001fcc0                x87::load(void*)
                0x00000000c001fcd8                x87::x87()
                0x00000000c001fcd8                x87::x87()
 .text          0x00000000c001fd00      0x71e hw/intctrl/apic.32
                0x00000000c001fd00                APIC::disable()
                0x00000000c001fd02                APIC::close(int, int, void*)
                0x00000000c001fd24                IOAPIC::close(int, int, void*)
                0x00000000c001fd2a                APIC::io_wait()
                0x00000000c001fd30                APIC::getBase()
                0x00000000c001fd72                APIC::eoi(unsigned char)
                0x00000000c001fda0                APIC::open(int, int, void*)
                0x00000000c001feee                IOAPIC::IOAPIC()
                0x00000000c001feee                IOAPIC::IOAPIC()
                0x00000000c001ff16                APIC::APIC()
                0x00000000c001ff16                APIC::APIC()
                0x00000000c001fff2                IOAPIC::handlesGSIWithNumber(unsigned int)
                0x00000000c0020024                IOAPIC::read(int)
                0x00000000c002004c                IOAPIC::open(int, int, void*)
                0x00000000c0020142                IOAPIC::write(int, int)
                0x00000000c002016e                IOAPIC::redirect(unsigned char, unsigned long long, unsigned char, bool, bool)
                0x00000000c0020268                APIC::installIRQHandler(int, void (*)(regs*, void*), bool, void*)
 .text          0x00000000c002041e      0x3d3 hw/intctrl/pic.32
                0x00000000c002041e                PIC::disable()
                0x00000000c002044c                PIC::close(int, int, void*)
                0x00000000c002046e                PIC::PIC()
                0x00000000c002046e                PIC::PIC()
                0x00000000c0020544                PIC::ioWait()
                0x00000000c002054a                PIC::getIRQReg(int)
                0x00000000c00205b4                PIC::eoi(unsigned char)
                0x00000000c0020646                PIC::remap()
                0x00000000c00207b2                PIC::open(int, int, void*)
 *fill*         0x00000000c00207f1        0x3 
 .text          0x00000000c00207f4      0x240 hw/timer/apictimer.32
                0x00000000c00207f4                APICTimer::close(int, int, void*)
                0x00000000c00207fc                apicTimerHandler(regs*, void*)
                0x00000000c0020824                APICTimer::write(int)
                0x00000000c002090c                APICTimer::open(int, int, void*)
                0x00000000c0020a0c                APICTimer::APICTimer()
                0x00000000c0020a0c                APICTimer::APICTimer()
 .text          0x00000000c0020a34      0x1a3 hw/timer/pit.32
                0x00000000c0020a34                PIT::write(int)
                0x00000000c0020ab4                pitHandler(regs*, void*)
                0x00000000c0020ad8                PIT::open(int, int, void*)
                0x00000000c0020b28                PIT::close(int, int, void*)
                0x00000000c0020b58                PIT::PIT()
                0x00000000c0020b58                PIT::PIT()
 *fill*         0x00000000c0020bd7        0x9 
 .text          0x00000000c0020be0       0x1e hw/fpu/x86/avx.32
                0x00000000c0020be0                avxDetect
                0x00000000c0020be6                avxSave
                0x00000000c0020be7                avxLoad
                0x00000000c0020be8                avxInit
                0x00000000c0020be9                avxClose
                0x00000000c0020bea                wouldSheSayYes
 *fill*         0x00000000c0020bfe        0x2 
 .text          0x00000000c0020c00       0x35 hw/fpu/x86/sse.32
                0x00000000c0020c00                absolutelyNoChanceInHell
                0x00000000c0020c00                sseDetect
                0x00000000c0020c18                sseSave
                0x00000000c0020c1e                sseLoad
                0x00000000c0020c24                sseInit
                0x00000000c0020c34                sseClose
 *fill*         0x00000000c0020c35        0xb 
 .text          0x00000000c0020c40       0x4d hw/fpu/x86/x87.32
                0x00000000c0020c46                x87Detect
                0x00000000c0020c61                x87Save
                0x00000000c0020c6a                x87Load
                0x00000000c0020c72                x87Init
                0x00000000c0020c8c                x87Close
 *fill*         0x00000000c0020c8d        0x3 
 .text          0x00000000c0020c90       0x25 /cygdrive/d/Users/Alex/Desktop/Toolchain/Output/bin/../lib/gcc/i386-banana/8.1.0/crtend.o
 .text          0x00000000c0020cb5        0x0 crtn.32
 *fill*         0x00000000c0020cb5        0x3 
 .text          0x00000000c0020cb8      0x14b /cygdrive/d/Users/Alex/Desktop/Toolchain/Output/bin/../lib/gcc/i386-banana/8.1.0/libkgcc.a(_divdi3.o)
                0x00000000c0020cb8                __divdi3
 *fill*         0x00000000c0020e03        0x1 
 .text          0x00000000c0020e04      0x17e /cygdrive/d/Users/Alex/Desktop/Toolchain/Output/bin/../lib/gcc/i386-banana/8.1.0/libkgcc.a(_moddi3.o)
                0x00000000c0020e04                __moddi3
 *fill*         0x00000000c0020f82        0x2 
 .text          0x00000000c0020f84       0xff /cygdrive/d/Users/Alex/Desktop/Toolchain/Output/bin/../lib/gcc/i386-banana/8.1.0/libkgcc.a(_udivdi3.o)
                0x00000000c0020f84                __udivdi3
 *fill*         0x00000000c0021083        0x1 
 .text          0x00000000c0021084      0x11a /cygdrive/d/Users/Alex/Desktop/Toolchain/Output/bin/../lib/gcc/i386-banana/8.1.0/libkgcc.a(_umoddi3.o)
                0x00000000c0021084                __umoddi3
 *(.gnu.linkonce.t*)

.iplt           0x00000000c00211a0        0x0
 .iplt          0x00000000c00211a0        0x0 D:/Users/Alex/Desktop/Banana/kernel/boot.32

.init           0x00000000c002119e        0xf
 .init          0x00000000c002119e        0x3 crti.32
                0x00000000c002119e                _init
 .init          0x00000000c00211a1        0x5 /cygdrive/d/Users/Alex/Desktop/Toolchain/Output/bin/../lib/gcc/i386-banana/8.1.0/crtbegin.o
 .init          0x00000000c00211a6        0x5 /cygdrive/d/Users/Alex/Desktop/Toolchain/Output/bin/../lib/gcc/i386-banana/8.1.0/crtend.o
 .init          0x00000000c00211ab        0x2 crtn.32

.fini           0x00000000c00211ad        0xa
 .fini          0x00000000c00211ad        0x3 crti.32
                0x00000000c00211ad                _fini
 .fini          0x00000000c00211b0        0x5 /cygdrive/d/Users/Alex/Desktop/Toolchain/Output/bin/../lib/gcc/i386-banana/8.1.0/crtbegin.o
 .fini          0x00000000c00211b5        0x2 crtn.32

.text._ZN8ComputerD2Ev
                0x00000000c00211b8       0x23
 .text._ZN8ComputerD2Ev
                0x00000000c00211b8       0x23 core/computer.32
                0x00000000c00211b8                Computer::~Computer()
                0x00000000c00211b8                Computer::~Computer()

.text._ZN8ComputerD0Ev
                0x00000000c00211dc       0x2a
 .text._ZN8ComputerD0Ev
                0x00000000c00211dc       0x2a core/computer.32
                0x00000000c00211dc                Computer::~Computer()

.text._Z10idleCommonv
                0x00000000c0021206       0x21
 .text._Z10idleCommonv
                0x00000000c0021206       0x21 core/idle.32
                0x00000000c0021206                idleCommon()

.text._ZN10LinkedListI8UnixFileED2Ev
                0x00000000c0021228        0x2
 .text._ZN10LinkedListI8UnixFileED2Ev
                0x00000000c0021228        0x2 core/unixfile.32
                0x00000000c0021228                LinkedList<UnixFile>::~LinkedList()
                0x00000000c0021228                LinkedList<UnixFile>::~LinkedList()

.text._ZN10LinkedListI8UnixFileEC2Ev
                0x00000000c002122a       0x42
 .text._ZN10LinkedListI8UnixFileEC2Ev
                0x00000000c002122a       0x42 core/unixfile.32
                0x00000000c002122a                LinkedList<UnixFile>::LinkedList()
                0x00000000c002122a                LinkedList<UnixFile>::LinkedList()

.text._ZN10LinkedListI8UnixFileE10addElementEPS0_
                0x00000000c002126c       0xd3
 .text._ZN10LinkedListI8UnixFileE10addElementEPS0_
                0x00000000c002126c       0xd3 core/unixfile.32
                0x00000000c002126c                LinkedList<UnixFile>::addElement(UnixFile*)

.text._ZN10LinkedListI8UnixFileE15getFirstElementEv
                0x00000000c0021340        0x7
 .text._ZN10LinkedListI8UnixFileE15getFirstElementEv
                0x00000000c0021340        0x7 core/unixfile.32
                0x00000000c0021340                LinkedList<UnixFile>::getFirstElement()

.text._ZN10LinkedListI8UnixFileE11removeFirstEv
                0x00000000c0021348       0xa1