Archive member included to satisfy reference by file (symbol)

/cygdrive/d/Users/Alex/Desktop/Toolchain/Output/bin/../lib/gcc/i386-banana/8.1.0/libkgcc.a(_divdi3.o)
                              krnl/resolve.32 (__divdi3)
/cygdrive/d/Users/Alex/Desktop/Toolchain/Output/bin/../lib/gcc/i386-banana/8.1.0/libkgcc.a(_moddi3.o)
                              krnl/resolve.32 (__moddi3)
/cygdrive/d/Users/Alex/Desktop/Toolchain/Output/bin/../lib/gcc/i386-banana/8.1.0/libkgcc.a(_udivdi3.o)
                              hal/clock.32 (__udivdi3)
/cygdrive/d/Users/Alex/Desktop/Toolchain/Output/bin/../lib/gcc/i386-banana/8.1.0/libkgcc.a(_umoddi3.o)
                              core/pipe.32 (__umoddi3)

Allocating common symbols
Common symbol       size              file

dcache              0x40              fs/iso9660/iso9660.32
cdDriveLetter       0x1               fs/iso9660/iso9660.32
icache              0x40              fs/iso9660/iso9660.32

Discarded input sections

 .comment       0x0000000000000000       0x12 /cygdrive/d/Users/Alex/Desktop/Toolchain/Output/bin/../lib/gcc/i386-banana/8.1.0/crtbegin.o
 .comment       0x0000000000000000       0x12 acpica/utclib.32
 .comment       0x0000000000000000       0x12 core/malloc.32
 .comment       0x0000000000000000       0x12 libk/ctype.32
 .comment       0x0000000000000000       0x12 libk/string.32
 .comment       0x0000000000000000       0x12 fs/fat/diskio.32
 .comment       0x0000000000000000       0x12 fs/fat/ff.32
 .comment       0x0000000000000000       0x12 fs/fat/ffsystem.32
 .comment       0x0000000000000000       0x12 fs/fat/ffunicode.32
 .comment       0x0000000000000000       0x12 fs/iso9660/iso9660.32
 .group         0x0000000000000000       0x14 core/computer.32
 .group         0x0000000000000000        0xc core/computer.32
 .comment       0x0000000000000000       0x12 core/computer.32
 .comment       0x0000000000000000       0x12 core/gdt.32
 .group         0x0000000000000000        0xc core/idle.32
 .comment       0x0000000000000000       0x12 core/idle.32
 .comment       0x0000000000000000       0x12 core/idt.32
 .comment       0x0000000000000000       0x12 core/kheap.32
 .comment       0x0000000000000000       0x12 core/main.32
 .comment       0x0000000000000000       0x12 core/physmgr.32
 .group         0x0000000000000000        0xc core/pipe.32
 .comment       0x0000000000000000       0x12 core/pipe.32
 .group         0x0000000000000000        0xc core/terminal.32
 .comment       0x0000000000000000       0x12 core/terminal.32
 .comment       0x0000000000000000       0x12 core/tss.32
 .group         0x0000000000000000        0xc core/unixfile.32
 .group         0x0000000000000000        0xc core/unixfile.32
 .group         0x0000000000000000        0xc core/unixfile.32
 .group         0x0000000000000000        0xc core/unixfile.32
 .group         0x0000000000000000        0xc core/unixfile.32
 .group         0x0000000000000000        0xc core/unixfile.32
 .group         0x0000000000000000        0xc core/unixfile.32
 .group         0x0000000000000000        0xc core/unixfile.32
 .comment       0x0000000000000000       0x12 core/unixfile.32
 .comment       0x0000000000000000       0x12 core/virtmgr.32
 .comment       0x0000000000000000       0x12 coreobjs/c++.32
 .comment       0x0000000000000000       0x12 dbg/kconsole.32
 .comment       0x0000000000000000       0x12 dbg/usban.32
 .group         0x0000000000000000        0xc fs/vfs.32
 .group         0x0000000000000000        0xc fs/vfs.32
 .group         0x0000000000000000        0xc fs/vfs.32
 .comment       0x0000000000000000       0x12 fs/vfs.32
 .group         0x0000000000000000        0xc hal/bus.32
 .comment       0x0000000000000000       0x12 hal/bus.32
 .comment       0x0000000000000000       0x12 hal/buzzer.32
 .group         0x0000000000000000        0xc hal/clock.32
 .comment       0x0000000000000000       0x12 hal/clock.32
 .group         0x0000000000000000       0x14 hal/device.32
 .group         0x0000000000000000        0xc hal/device.32
 .group         0x0000000000000000        0xc hal/device.32
 .group         0x0000000000000000        0xc hal/device.32
 .group         0x0000000000000000        0xc hal/device.32
 .comment       0x0000000000000000       0x12 hal/device.32
 .group         0x0000000000000000        0xc hal/diskctrl.32
 .comment       0x0000000000000000       0x12 hal/diskctrl.32
 .group         0x0000000000000000        0xc hal/diskphys.32
 .comment       0x0000000000000000       0x12 hal/diskphys.32
 .comment       0x0000000000000000       0x12 hal/fpu.32
 .comment       0x0000000000000000       0x12 hal/intctrl.32
 .group         0x0000000000000000        0xc hal/keybrd.32
 .comment       0x0000000000000000       0x12 hal/keybrd.32
 .group         0x0000000000000000        0xc hal/logidisk.32
 .comment       0x0000000000000000       0x12 hal/logidisk.32
 .group         0x0000000000000000        0xc hal/mouse.32
[...]
Memory Configuration

Name             Origin             Length             Attributes
*default*        0x0000000000000000 0xffffffffffffffff

Linker script and memory map

LOAD D:/Users/Alex/Desktop/Banana/kernel/boot.32
LOAD crti.32
LOAD /cygdrive/d/Users/Alex/Desktop/Toolchain/Output/bin/../lib/gcc/i386-banana/8.1.0/crtbegin.o
LOAD D:/Users/Alex/Desktop/Banana/kernel/morenasm.32
LOAD acpica/utclib.32
LOAD core/malloc.32
LOAD libk/ctype.32
LOAD libk/string.32
LOAD fs/fat/diskio.32
LOAD fs/fat/ff.32
LOAD fs/fat/ffsystem.32
LOAD fs/fat/ffunicode.32
LOAD fs/iso9660/iso9660.32
LOAD core/computer.32
LOAD core/gdt.32
LOAD core/idle.32
LOAD core/idt.32
LOAD core/kheap.32
LOAD core/main.32
LOAD core/physmgr.32
LOAD core/pipe.32
LOAD core/terminal.32
LOAD core/tss.32
LOAD core/unixfile.32
LOAD core/virtmgr.32
LOAD coreobjs/c++.32
LOAD dbg/kconsole.32
LOAD dbg/usban.32
LOAD fs/vfs.32
LOAD hal/bus.32
LOAD hal/buzzer.32
LOAD hal/clock.32
LOAD hal/device.32
LOAD hal/diskctrl.32
LOAD hal/diskphys.32
LOAD hal/fpu.32
LOAD hal/intctrl.32
LOAD hal/keybrd.32
LOAD hal/logidisk.32
LOAD hal/mouse.32
LOAD hal/nic.32
LOAD hal/partition.32
LOAD hal/serial.32
LOAD hal/timer.32
LOAD hal/vcache.32
LOAD hal/video.32
LOAD hw/acpi.32
LOAD hw/cpu.32
LOAD krnl/bootmsg.32
LOAD krnl/env.32
LOAD krnl/inlines.32
LOAD krnl/panic.32
LOAD krnl/powctrl.32
LOAD krnl/random.32
LOAD krnl/resolve.32
LOAD krnl/signal.32
LOAD krnl/syscalls.32
LOAD net/ethernet.32
LOAD reg/cm.32
LOAD reg/registry.32
LOAD sys/eject.32
LOAD sys/exit.32
LOAD sys/getcwd.32
LOAD sys/getpid.32
LOAD sys/getramdata.32
LOAD sys/getvgaptr.32
LOAD sys/kill.32
LOAD sys/loaddll.32
LOAD sys/read.32
LOAD sys/registersignal.32
LOAD sys/registry.32
LOAD sys/sbrk.32
LOAD sys/setcwd.32
LOAD sys/settime.32
LOAD sys/timezone.32
LOAD sys/write.32
LOAD sys/wsbe.32
LOAD sys/yield.32
LOAD thr/elf.32
LOAD thr/prcssthr.32
LOAD vm86/vm8086.32
LOAD arch/i386/hal.32
LOAD arch/i386/pic.32
LOAD arch/i386/rtc.32
LOAD arch/i386/vga.32
LOAD fs/fat/vfslink.32
LOAD fs/iso9660/helper.32
LOAD fs/iso9660/vfslink.32
LOAD hal/sound/sndcard.32
LOAD hal/sound/sndport.32
LOAD hw/bus/isa.32
LOAD hw/bus/pci.32
LOAD hw/diskctrl/ide.32
LOAD hw/diskctrl/satabus.32
LOAD hw/diskphys/ata.32
LOAD hw/diskphys/atapi.32
LOAD hw/diskphys/sata.32
LOAD hw/diskphys/satapi.32
LOAD hw/intctrl/apic.32
LOAD hw/timer/apictimer.32
LOAD hw/timer/pit.32
LOAD arch/i386/avx.32
LOAD arch/i386/interrupt.32
LOAD arch/i386/rdrand.32
LOAD arch/i386/sse.32
LOAD arch/i386/x87.32
LOAD /cygdrive/d/Users/Alex/Desktop/Toolchain/Output/bin/../lib/gcc/i386-banana/8.1.0/crtend.o
LOAD crtn.32
LOAD /cygdrive/d/Users/Alex/Desktop/Toolchain/Output/bin/../lib/gcc/i386-banana/8.1.0/libkgcc.a
LOAD D:/Users/Alex/Desktop/Banana/kernel/libsoftfp.a
LOAD D:/Users/Alex/Desktop/Banana/kernel/libk/libm32.a
                0x00000000c0000000                . = 0xc0000000

.text           0x00000000c0000000    0x70aaa
 *(.text)
 .text          0x00000000c0000000       0x20 D:/Users/Alex/Desktop/Banana/kernel/boot.32
 .text          0x00000000c0000020        0x0 crti.32
 .text          0x00000000c0000020      0x101 /cygdrive/d/Users/Alex/Desktop/Toolchain/Output/bin/../lib/gcc/i386-banana/8.1.0/crtbegin.o
 *fill*         0x00000000c0000121        0xf 
 .text          0x00000000c0000130      0x24f D:/Users/Alex/Desktop/Banana/kernel/morenasm.32
                0x00000000c0000130                manualPCIProbe
                0x00000000c000017b                prepareTramp
                0x00000000c0000194                doTPAUSE
                0x00000000c000019e                hasLegacyFPU
                0x00000000c00001c3                is486
                0x00000000c00001f9                detectCPUID
                0x00000000c000020f                goToVM86
                0x00000000c000023f                goToUsermode
                0x00000000c0000269                switchToThreadASMFirstTime
                0x00000000c0000277                switchToThreadASM
                0x00000000c00002fc                asmQuickAcquireLock
                0x00000000c000031a                asmQuickReleaseLock
                0x00000000c0000326                asmAcquireLock
                0x00000000c0000347                asmReleaseLock
                0x00000000c000035a                loadGDT
                0x00000000c000037a                memcpy
 *fill*         0x00000000c000037f        0x1 
 .text          0x00000000c0000380     0x1d37 acpica/utclib.32
                0x00000000c0000380                memcmp
                0x00000000c0000520                memmove
                0x00000000c00007a0                memset
                0x00000000c0000830                strlen
                0x00000000c00008d0                strpbrk
                0x00000000c0000a50                strtok
                0x00000000c0000b70                strcpy
                0x00000000c0000cb0                strncpy
                0x00000000c0000ff0                strcmp
                0x00000000c0001190                strchr
                0x00000000c0001240                strncmp
                0x00000000c0001430                strcat
                0x00000000c0001590                strncat
                0x00000000c0001770                strstr
                0x00000000c0001800                toupper
                0x00000000c0001890                tolower
                0x00000000c0001920                simple_strtoul
 .text          0x00000000c00020b7     0x4f41 core/malloc.32
                0x00000000c0002bae                dlfree
                0x00000000c0003b72                dlmalloc
                0x00000000c00056d7                dlrealloc
                0x00000000c0006202                dlmemalign
                0x00000000c00066d2                dlcalloc
                0x00000000c00069c0                dlcfree
                0x00000000c00069c5                dlindependent_calloc
                0x00000000c00069ea                dlindependent_comalloc
                0x00000000c0006a01                dlvalloc
                0x00000000c0006a2c                dlpvalloc
                0x00000000c0006a62                dlmalloc_trim
                0x00000000c0006a75                dlmalloc_usable_size
                0x00000000c0006b9d                dlmallinfo
                0x00000000c0006f58                dlmalloc_stats
                0x00000000c0006f6c                dlmallopt
 .text          0x00000000c0006ff8      0x1f2 libk/ctype.32
                0x00000000c0006ff8                isblank
                0x00000000c0007018                iscntrl
                0x00000000c0007038                isdigit
                0x00000000c0007054                islower
                0x00000000c0007070                isspace
                0x00000000c0007098                isupper
                0x00000000c00070b4                isalpha
                0x00000000c00070e4                isalnum
                0x00000000c0007114                ispunct
                0x00000000c0007154                isgraph
                0x00000000c0007184                isprint
                0x00000000c00071ac                isxdigit
 .text          0x00000000c00071ea        0x0 libk/string.32
 .text          0x00000000c00071ea      0x1c8 fs/fat/diskio.32
                0x00000000c00071ea                disk_status
                0x00000000c00071ed                disk_initialize
                0x00000000c00071f0                disk_read
                0x00000000c000728b                disk_write
                0x00000000c0007326                disk_ioctl
 .text          0x00000000c00073b2     0xc2a5 fs/fat/ff.32
                0x00000000c000dbe3                f_mount
                0x00000000c000dd5d                f_open
                0x00000000c000e4f6                f_read
                0x00000000c000ee43                f_write
                0x00000000c000f954                f_sync
                0x00000000c000fca6                f_close
                0x00000000c000fd0f                f_lseek
                0x00000000c0010515                f_opendir
                0x00000000c0010721                f_closedir
                0x00000000c001077d                f_readdir
                0x00000000c0010865                f_stat
                0x00000000c0010919                f_getfree
                0x00000000c0010cd6                f_truncate
                0x00000000c00110a3                f_unlink
                0x00000000c00111f0                f_mkdir
                0x00000000c0011623                f_rename
                0x00000000c0011946                f_chmod
                0x00000000c0011a9e                f_utime
                0x00000000c0011c3c                f_getlabel
                0x00000000c0011f6e                f_setlabel
                0x00000000c00122dd                f_expand
                0x00000000c0012745                f_mkfs
 *fill*         0x00000000c0013657        0x1 
 .text          0x00000000c0013658       0x2f fs/fat/ffsystem.32
                0x00000000c0013658                ff_memalloc
                0x00000000c0013670                ff_memfree
 *fill*         0x00000000c0013687        0x1 
 .text          0x00000000c0013688      0x4ea fs/fat/ffunicode.32
                0x00000000c0013688                ff_uni2oem
                0x00000000c0013790                ff_oem2uni
                0x00000000c001386c                ff_wtoupper
 .text          0x00000000c0013b72     0x4b94 fs/iso9660/iso9660.32
                0x00000000c00148a6                isoReadDiscSector
                0x00000000c0014aaf                strnicmp
                0x00000000c00151b6                stricmp
                0x00000000c0015286                iso_open
                0x00000000c0015605                iso_close
                0x00000000c0015693                iso_read
                0x00000000c0015e6b                iso_seek
                0x00000000c00164af                iso_tell
                0x00000000c0016650                iso_total
                0x00000000c00167ed                fn_postprocess
                0x00000000c0016877                iso_readdir
                0x00000000c0017fa4                iso_reset
                0x00000000c0017fc1                init_percd
                0x00000000c0018393                iso_ioctl
                0x00000000c00183ab                fs_iso9660_init
                0x00000000c00185de                fs_iso9660_shutdown
 *fill*         0x00000000c0018706        0x2 
 .text          0x00000000c0018708     0x1cd6 core/computer.32
                0x00000000c0018708                Computer::close(int, int, void*)
                0x00000000c00188c4                Krnl::firstTask()
                0x00000000c0018c10                Computer::Computer()
                0x00000000c0018c10                Computer::Computer()
                0x00000000c00190e0                Computer::setBootMessage(char const*)
                0x00000000c00190e4                Computer::detectFeatures()
                0x00000000c0019b28                Computer::displayFeatures()
                0x00000000c0019b2c                Computer::rdmsr(unsigned int)
                0x00000000c0019ba4                Computer::wrmsr(unsigned int, unsigned long long)
                0x00000000c0019c24                Computer::shutdown()
                0x00000000c0019cbc                Computer::restart()
                0x00000000c0019d54                Computer::sleep()
                0x00000000c0019dd4                Computer::nmiEnabled()
                0x00000000c0019e18                Computer::readCMOS(unsigned char)
                0x00000000c0019e78                Computer::enableNMI(bool)
                0x00000000c0019f14                Computer::open(int, int, void*)
                0x00000000c001a2c8                Computer::disableNMI()
                0x00000000c001a300                Computer::writeCMOS(unsigned char, unsigned char)
                0x00000000c001a368                Computer::handleNMI()
 .text          0x00000000c001a3de      0x50f core/gdt.32
                0x00000000c001a3de                GDTEntry::setBase(unsigned int)
                0x00000000c001a46e                GDTEntry::setLimit(unsigned int)
                0x00000000c001a4dc                GDT::GDT()
                0x00000000c001a4dc                GDT::GDT()
                0x00000000c001a562                GDT::addEntry(GDTEntry)
                0x00000000c001a63e                GDT::getNumberOfEntries()
                0x00000000c001a666                GDT::flush()
                0x00000000c001a6d4                GDT::setup()
 .text          0x00000000c001a8ed       0x38 core/idle.32
                0x00000000c001a8ed                idleFunction(void*)
 *fill*         0x00000000c001a925        0x3 
 .text          0x00000000c001a928      0xcf0 core/idt.32
                0x00000000c001a928                IDTEntry::IDTEntry(bool)
                0x00000000c001a928                IDTEntry::IDTEntry(bool)
                0x00000000c001ab94                IDTEntry::setOffset(unsigned int)
                0x00000000c001abf8                IDT::IDT()
                0x00000000c001abf8                IDT::IDT()
                0x00000000c001ac2a                IDT::getPointerToInvalidOpcodeEntryForF00F()
                0x00000000c001ac6a                IDT::addEntry(IDTEntry, int)
                0x00000000c001acd0                IDT::addEntry(int, void (*)(), bool)
                0x00000000c001ad2c                IDT::flush()
                0x00000000c001ad6a                IDT::setup()
 .text          0x00000000c001b618      0x2a5 core/kheap.32
                0x00000000c001b618                sbrk
                0x00000000c001b734                mmap
                0x00000000c001b74a                munmap
                0x00000000c001b760                liballoc_lock()
                0x00000000c001b79a                liballoc_unlock()
                0x00000000c001b7d8                liballoc_alloc(int)
                0x00000000c001b812                liballoc_free(void*, int)
                0x00000000c001b84f                realloc
                0x00000000c001b863                malloc
                0x00000000c001b873                free
                0x00000000c001b883                rfree
                0x00000000c001b893                calloc
 .text          0x00000000c001b8bd      0x134 core/main.32
                0x00000000c001b8bd                KeEntryPoint
 .text          0x00000000c001b9f1      0xd3a core/physmgr.32
                0x00000000c001b9f1                Phys::allocateDMA(unsigned long)
                0x00000000c001bcdf                Phys::freeDMA(unsigned long, unsigned long)
                0x00000000c001bd95                Phys::setPageState(unsigned long, bool)
                0x00000000c001bed2                Phys::getPageState(unsigned long)
                0x00000000c001bf31                Phys::freePage(unsigned long)
                0x00000000c001bfbf                Phys::allocatePage()
                0x00000000c001c187                Phys::allocateContiguousPages(int)
                0x00000000c001c276                Phys::allowSegmentToBeUsed(unsigned long, unsigned long)
                0x00000000c001c2b8                Phys::physicalMemorySetup(unsigned int)
 *fill*         0x00000000c001c72b        0x1 
 .text          0x00000000c001c72c      0xaa5 core/pipe.32
                0x00000000c001c72c                Pipe::isAtty()
                0x00000000c001c730                Pipe::~Pipe()
                0x00000000c001c730                Pipe::~Pipe()
                0x00000000c001c800                Pipe::~Pipe()
                0x00000000c001c828                Pipe::write(unsigned long long, void*, int*)
                0x00000000c001cb90                Pipe::read(unsigned long long, void*, int*)
                0x00000000c001cf6a                Pipe::Pipe(int)
                0x00000000c001cf6a                Pipe::Pipe(int)
 *fill*         0x00000000c001d1d1        0x1 
 .text          0x00000000c001d1d2     0x3031 core/terminal.32
                0x00000000c001d1d2                VgaText::isAtty()
                0x00000000c001d1d6                VgaText::~VgaText()
                0x00000000c001d1d6                VgaText::~VgaText()
                0x00000000c001d2a6                VgaText::~VgaText()
                0x00000000c001d2d0                VgaText::read(unsigned long long, void*, int*)
                0x00000000c001d310                setTerminalScrollLock(bool)
                0x00000000c001d311                doTerminalCycle()
                0x00000000c001d312                addToTerminalCycle(VgaText*)
                0x00000000c001d313                scrollTerminalScrollLock(int)
                0x00000000c001d314                VgaText::updateTitle()
                0x00000000c001d316                VgaText::load()
                0x00000000c001d318                VgaText::updateCursor()
                0x00000000c001d364                VgaText::doANSI_SGR(int)
                0x00000000c001d7d8                VgaText::setDefaultBgColour(VgaColour)
                0x00000000c001d850                VgaText::setDefaultFgColour(VgaColour)
                0x00000000c001d8c8                VgaText::setDefaultColours(VgaColour, VgaColour)
                0x00000000c001d926                VgaText::setTitleTextColour(VgaColour)
                0x00000000c001d984                VgaText::setTitleColour(VgaColour)
                0x00000000c001d9e2                VgaText::setTitle(char*)
                0x00000000c001da06                VgaText::combineColours(unsigned char, unsigned char)
                0x00000000c001da1a                VgaText::scrollScreen()
                0x00000000c001dd90                VgaText::combineCharAndColour(char, unsigned char)
                0x00000000c001dda0                VgaText::writeCharacter(char, VgaColour, VgaColour, int, int)
                0x00000000c001dea4                VgaText::getCursorX()
                0x00000000c001dee6                VgaText::getCursorY()
                0x00000000c001df28                VgaText::setCursor(int, int)
                0x00000000c001dfc4                setActiveTerminal(VgaText*)
                0x00000000c001e058                VgaText::clearScreen()
                0x00000000c001e174                VgaText::setCursorX(int)
                0x00000000c001e1c0                VgaText::setCursorY(int)
                0x00000000c001e20c                VgaText::incrementCursor(bool)
                0x00000000c001e40e                VgaText::decrementCursor(bool)
                0x00000000c001e4da                VgaText::putchar(char, VgaColour, VgaColour)
                0x00000000c001e816                VgaText::putchar(char)
                0x00000000c001edf4                VgaText::putx(unsigned int)
                0x00000000c001eea2                VgaText::puts(char const*)
                0x00000000c001ef12                VgaText::write(unsigned long long, void*, int*)
                0x00000000c001f078                VgaText::puts(char const*, VgaColour, VgaColour)
                0x00000000c001f708                VgaText::VgaText(char const*)
                0x00000000c001f708                VgaText::VgaText(char const*)
                0x00000000c001fd96                VgaText::receiveKey(unsigned char)
                0x00000000c0020202                VgaText::doUpdate()
 *fill*         0x00000000c0020203        0x1 
 .text          0x00000000c0020204      0xc60 core/tss.32
                0x00000000c0020204                TSS::TSS()
                0x00000000c0020204                TSS::TSS()
                0x00000000c002028c                TSS::setESP(unsigned long)
                0x00000000c0020330                TSS::flush()
                0x00000000c0020378                TSS::setup(unsigned long, unsigned long)
 .text          0x00000000c0020e64     0x11bd core/unixfile.32
                0x00000000c0020e64                ReservedFilename::read(unsigned long long, void*, int*)
                0x00000000c002112a                ReservedFilename::isAtty()
                0x00000000c0021228                ReservedFilename::write(unsigned long long, void*, int*)
                0x00000000c00214f2                UnixFile::getFileDescriptor()
                0x00000000c0021534                UnixFile::UnixFile(int)
                0x00000000c0021534                UnixFile::UnixFile(int)
                0x00000000c0021a3c                ReservedFilename::ReservedFilename(int)
                0x00000000c0021a3c                ReservedFilename::ReservedFilename(int)
                0x00000000c0021b7c                UnixFile::~UnixFile()
                0x00000000c0021b7c                UnixFile::~UnixFile()
                0x00000000c0021d00                UnixFile::~UnixFile()
                0x00000000c0021d28                ReservedFilename::~ReservedFilename()
                0x00000000c0021d28                ReservedFilename::~ReservedFilename()
                0x00000000c0021e0c                ReservedFilename::~ReservedFilename()
                0x00000000c0021e33                KeGetFileFromDescriptor(int)
 *fill*         0x00000000c0022021        0x1 
 .text          0x00000000c0022022     0x3d6b core/virtmgr.32
                0x00000000c0022022                Virt::setPageState(unsigned long, Virt::VirtPageState)
                0x00000000c0022109                Virt::getPageState(unsigned long)
                0x00000000c00221af                Virt::allocateKernelVirtualPages(int)
                0x00000000c0022321                Virt::freeSwapfilePage(unsigned long)
                0x00000000c00223ac                Virt::swapIDToSector(unsigned long)
                0x00000000c00223c2                Virt::allocateSwapfilePage()
                0x00000000c0022579                Virt::virtualMemorySetup()
                0x00000000c00225dc                Virt::setupPageSwapping(int)
                0x00000000c0022804                VAS::VAS(VAS*)
                0x00000000c0022804                VAS::VAS(VAS*)
                0x00000000c00228de                VAS::getForeignPageTableEntry(bool, unsigned long)
                0x00000000c002292e                VAS::getPageTableEntry(unsigned long)
                0x00000000c002296d                Virt::freeKernelVirtualPages(unsigned long)
                0x00000000c0022b94                VAS::freeAllocatedPages(unsigned long)
                0x00000000c0022bf0                VAS::virtualToPhysical(unsigned long)
                0x00000000c0022c52                VAS::reflagRange(unsigned long, int, unsigned long, unsigned long)
                0x00000000c0022d38                VAS::VAS()
                0x00000000c0022d38                VAS::VAS()
                0x00000000c0022f24                VAS::setToWriteCombining(unsigned long, int)
                0x00000000c0023018                VAS::mapOtherVASIn(bool, VAS*)
                0x00000000c0023126                VAS::~VAS()
                0x00000000c0023126                VAS::~VAS()
                0x00000000c0023624                VAS::mapPage(unsigned long, unsigned long, int)
                0x00000000c0023958                VAS::allocatePages(int, int)
                0x00000000c0023ca8                VAS::setCPUSpecific(unsigned long)
                0x00000000c0023ce2                VAS::mapRange(unsigned long, unsigned long, int, int)
                0x00000000c0023d74                VAS::mapForeignPage(bool, VAS*, unsigned long, unsigned long, int)
                0x00000000c0023fd2                VAS::VAS(bool)
                0x00000000c0023fd2                VAS::VAS(bool)
                0x00000000c0024bf4                VAS::evict(unsigned long)
                0x00000000c0024f66                VAS::tryLoadBackOffDisk(unsigned long)
                0x00000000c00254d2                VAS::allocateSharedMemoryWithKernel(unsigned long, unsigned long*)
                0x00000000c002560a                VAS::freeSharedMemoryWithKernel(unsigned long, unsigned long)
                0x00000000c002560c                VAS::scanForEviction()
                0x00000000c0025ab4                mapVASFirstTime
 .text          0x00000000c0025d8d       0x5f coreobjs/c++.32
                0x00000000c0025d8d                __cxa_atexit
                0x00000000c0025d90                __cxa_finalize
                0x00000000c0025d91                __stack_chk_fail
                0x00000000c0025dc7                __cxa_pure_virtual
                0x00000000c0025dd8                operator new[](unsigned long)
                0x00000000c0025ddd                operator delete(void*, unsigned long)
                0x00000000c0025de2                operator delete[](void*)
                0x00000000c0025de7                operator delete[](void*, unsigned long)
 .text          0x00000000c0025dec      0x623 dbg/kconsole.32
                0x00000000c0025dec                Dbg::stringifyxWithBase(unsigned int, char*, int)
                0x00000000c0026006                Dbg::logc(char)
                0x00000000c0026026                Dbg::logs(char*)
                0x00000000c00260b5                Dbg::logWriteInt(unsigned int)
                0x00000000c00260d5                Dbg::logWriteIntBase(unsigned int, int)
                0x00000000c00260f8                Dbg::kprintf(char const*, ...)
 *fill*         0x00000000c002640f        0x1 
 .text          0x00000000c0026410      0x398 dbg/usban.32
                0x00000000c0026410                KiUbsanPrintDetails(char const*, void*)
                0x00000000c0026540                __ubsan_handle_type_mismatch_v1
                0x00000000c002661c                __ubsan_handle_pointer_overflow
                0x00000000c0026648                __ubsan_handle_out_of_bounds
                0x00000000c0026674                __ubsan_handle_add_overflow
                0x00000000c00266a0                __ubsan_handle_load_invalid_value
                0x00000000c00266cc                __ubsan_handle_divrem_overflow
                0x00000000c00266f8                __ubsan_handle_mul_overflow
                0x00000000c0026724                __ubsan_handle_sub_overflow
                0x00000000c0026750                __ubsan_handle_shift_out_of_bounds
                0x00000000c002677c                __ubsan_handle_negate_overflow
 .text          0x00000000c00267a8     0x7506 fs/vfs.32
                0x00000000c00267a8                File::isAtty()
                0x00000000c00267ac                Directory::isAtty()
                0x00000000c00267b0                Filesystem::getlabel(LogicalDisk*, int, char*, unsigned int*)
                0x00000000c00267b6                Filesystem::setlabel(LogicalDisk*, int, char*)
                0x00000000c00267bc                Filesystem::allocateSwapfile(char const*, int)
                0x00000000c00267c2                File::~File()
                0x00000000c00267c2                File::~File()
                0x00000000c0026892                File::~File()
                0x00000000c00268bc                Directory::~Directory()
                0x00000000c00268bc                Directory::~Directory()
                0x00000000c002698c                Directory::~Directory()
                0x00000000c00269b6                Directory::write(unsigned long long, void*, int*)
                0x00000000c0026b66                File::read(unsigned long long, void*, int*)
                0x00000000c0026fbc                File::write(unsigned long long, void*, int*)
                0x00000000c0027412                Directory::read(unsigned long long, void*, int*)
                0x00000000c0027868                Filesystem::Filesystem()
                0x00000000c0027868                Filesystem::Filesystem()
                0x00000000c0027940                Filesystem::~Filesystem()
                0x00000000c0027940                Filesystem::~Filesystem()
                0x00000000c00279be                Filesystem::~Filesystem()
                0x00000000c00279e5                Fs::getcwd(Process*, char*, int)
                0x00000000c0027b20                Fs::initVFS()
                0x00000000c0027b4a                Fs::standardiseFiles(char*, char const*, char const*)
                0x00000000c00289a0                File::File(char const*, Process*)
                0x00000000c00289a0                File::File(char const*, Process*)
                0x00000000c0028f2e                File::open(FileOpenMode)
                0x00000000c0029392                File::close()
                0x00000000c00297e4                File::seek(unsigned long long)
                0x00000000c0029c1a                File::tell(unsigned long long*)
                0x00000000c002a03e                File::rewind()
                0x00000000c002a070                File::unlink()
                0x00000000c002a484                File::rename(char const*)
                0x00000000c002a888                File::chfatattr(unsigned char, unsigned char)
                0x00000000c002acaa                File::exists()
                0x00000000c002b03e                File::stat(unsigned long long*, bool*)
                0x00000000c002b6b8                Fs::setcwd(Process*, char*)
                0x00000000c002bc70                Directory::Directory(char const*, Process*)
                0x00000000c002bc70                Directory::Directory(char const*, Process*)
                0x00000000c002c1fe                Directory::open()
                0x00000000c002c672                Directory::close()
                0x00000000c002cac4                Directory::unlink()
                0x00000000c002ced8                Directory::rename(char const*)
                0x00000000c002d2dc                Directory::exists()
                0x00000000c002d670                Directory::read(dirent*)
                0x00000000c002d894                Directory::create()
                0x00000000c002dca8                Filesystem::chfatattr(char const*, unsigned char, unsigned char)
 *fill*         0x00000000c002dcae        0x2 
 .text          0x00000000c002dcb0      0x252 hal/bus.32
                0x00000000c002dcb0                Bus::Bus(char const*)
                0x00000000c002dcb0                Bus::Bus(char const*)
                0x00000000c002ddf4                Bus::~Bus()
                0x00000000c002ddf4                Bus::~Bus()
                0x00000000c002ded8                Bus::~Bus()
 .text          0x00000000c002df02       0xee hal/buzzer.32
                0x00000000c002df02                beepThread(void*)
                0x00000000c002df6e                Krnl::beep(int, int, bool)
 .text          0x00000000c002dff0      0xad8 hal/clock.32
                0x00000000c002dff0                User::loadClockSettings(int)
                0x00000000c002e0dc                Clock::Clock(char const*)
                0x00000000c002e0dc                Clock::Clock(char const*)
                0x00000000c002e206                Clock::~Clock()
                0x00000000c002e206                Clock::~Clock()
                0x00000000c002e2d6                Clock::~Clock()
                0x00000000c002e300                Clock::timeInSecondsLocal()
                0x00000000c002e450                Clock::setTimeInSecondsLocal(unsigned long long)
                0x00000000c002e599                datetimeToSeconds(datetime_t)
                0x00000000c002e792                Clock::setTimeInDatetimeLocal(datetime_t)
                0x00000000c002e912                secondsToDatetime(unsigned long long)
                0x00000000c002ea86                Clock::timeInDatetimeLocal()
 .text          0x00000000c002eac8     0x167b hal/device.32
                0x00000000c002eac8                Device::hibernate()
                0x00000000c002eaca                Device::wake()
                0x00000000c002eacc                Device::detect()
                0x00000000c002eace                Device::disableLegacy()
                0x00000000c002ead0                Device::powerSaving(PowerSavingLevel)
                0x00000000c002ead2                DriverlessDevice::close(int, int, void*)
                0x00000000c002ead6                DriverlessDevice::detect()
                0x00000000c002ead8                DriverlessDevice::open(int, int, void*)
                0x00000000c002eaec                Device::~Device()
                0x00000000c002eaec                Device::~Device()
                0x00000000c002eb6a                Device::~Device()
                0x00000000c002eb94                Device::findAndLoadDriver()
                0x00000000c002eba2                Device::preOpenPCI(PCIDeviceInfo)
                0x00000000c002ec3c                Device::preOpenACPI(void*, char*, char*)
                0x00000000c002ed4e                Device::addIRQHandler(int, void (*)(regs*, void*), bool, void*)
                0x00000000c002ed78                Device::getParent()
                0x00000000c002edc2                Device::removeIRQHandler(int, void (*)(regs*, void*), bool)
                0x00000000c002ede0                Device::addChild(Device*)
                0x00000000c002ef7c                Device::removeAllChildren()
                0x00000000c002f140                Device::hibernateAll()
                0x00000000c002f294                Device::wakeAll()
                0x00000000c002f3e8                Device::detectAll()
                0x00000000c002f53c                Device::disableLegacyAll()
                0x00000000c002f53e                Device::loadDriversForAll()
                0x00000000c002f540                Device::closeAll()
                0x00000000c002f698                Device::powerSavingAll(PowerSavingLevel)
                0x00000000c002f7f8                Device::setName(char const*)
                0x00000000c002f84a                Device::Device(char const*)
                0x00000000c002f84a                Device::Device(char const*)
                0x00000000c002fe3a                Device::getName()
                0x00000000c002fe7e                DriverlessDevice::DriverlessDevice(char const*)
                0x00000000c002fe7e                DriverlessDevice::DriverlessDevice(char const*)
                0x00000000c002ffa8                Device::addToLinkedList(LinkedList<Device>&, DeviceType)
                0x00000000c00300e3                getDevicesOfType(DeviceType)
 *fill*         0x00000000c0030143        0x1 
 .text          0x00000000c0030144      0x252 hal/diskctrl.32
                0x00000000c0030144                HardDiskController::HardDiskController(char const*)
                0x00000000c0030144                HardDiskController::HardDiskController(char const*)
                0x00000000c0030288                HardDiskController::~HardDiskController()
                0x00000000c0030288                HardDiskController::~HardDiskController()
                0x00000000c003036c                HardDiskController::~HardDiskController()
 .text          0x00000000c0030396      0x3f8 hal/diskphys.32
                0x00000000c0030396                PhysicalDisk::eject()
                0x00000000c003039a                PhysicalDisk::PhysicalDisk(char const*, int)
                0x00000000c003039a                PhysicalDisk::PhysicalDisk(char const*, int)
                0x00000000c003061a                PhysicalDisk::startCache()
                0x00000000c0030694                PhysicalDisk::~PhysicalDisk()
                0x00000000c0030694                PhysicalDisk::~PhysicalDisk()
                0x00000000c0030764                PhysicalDisk::~PhysicalDisk()
 .text          0x00000000c003078e        0x0 hal/fpu.32
 .text          0x00000000c003078e     0x1907 hal/intctrl.32
                0x00000000c003078e                int_handler
                0x00000000c0030ba2                installISRHandler(int, void (*)(regs*, void*), void*)
                0x00000000c0030e5f                installIRQHandler(int, void (*)(regs*, void*), bool, void*)
                0x00000000c0031608                uninstallISRHandler(int, void (*)(regs*, void*))
                0x00000000c0031907                uninstallIRQHandler(int, void (*)(regs*, void*), bool)
                0x00000000c0031d39                setupINTS()
                0x00000000c0031f62                convertLegacyIRQNumber(int)
 *fill*         0x00000000c0032095        0x1 
 .text          0x00000000c0032096     0x12a0 hal/keybrd.32
                0x00000000c0032096                startGUI(void*)
                0x00000000c003211d                startGUIVESA(void*)
                0x00000000c00321a4                sendKeyToTerminal(unsigned char)
                0x00000000c003233f                sendKeyboardToken(KeyboardToken)
                0x00000000c0032b6c                clearInternalKeybuffer(VgaText*)
                0x00000000c0032c34                readKeyboard(VgaText*, char*, unsigned long)
                0x00000000c003310a                Keyboard::Keyboard(char const*)
                0x00000000c003310a                Keyboard::Keyboard(char const*)
                0x00000000c003323c                Keyboard::~Keyboard()
                0x00000000c003323c                Keyboard::~Keyboard()
                0x00000000c003330c                Keyboard::~Keyboard()
 .text          0x00000000c0033336      0xf99 hal/logidisk.32
                0x00000000c0033336                LogicalDisk::close(int, int, void*)
                0x00000000c003333a                LogicalDisk::~LogicalDisk()
                0x00000000c003333a                LogicalDisk::~LogicalDisk()
                0x00000000c003340a                LogicalDisk::~LogicalDisk()
                0x00000000c0033434                LogicalDisk::open(int, int, void*)
                0x00000000c0033448                LogicalDisk::absoluteToRelative(unsigned long long)
                0x00000000c003351e                LogicalDisk::relativeToAbsolute(unsigned long long)
                0x00000000c00335b0                LogicalDisk::LogicalDisk(char const*, PhysicalDisk*, unsigned long long, unsigned long long)
                0x00000000c00335b0                LogicalDisk::LogicalDisk(char const*, PhysicalDisk*, unsigned long long, unsigned long long)
                0x00000000c0033964                LogicalDisk::assignDriveLetter()
                0x00000000c0033bc8                LogicalDisk::mount()
                0x00000000c0033d2e                LogicalDisk::unmount()
                0x00000000c0033d7c                LogicalDisk::eject()
                0x00000000c0033e34                LogicalDisk::unassignDriveLetter()
                0x00000000c0033fbc                LogicalDisk::read(unsigned long long, int, void*)
                0x00000000c0034146                LogicalDisk::write(unsigned long long, int, void*)
 *fill*         0x00000000c00342cf        0x1 
 .text          0x00000000c00342d0      0x252 hal/mouse.32
                0x00000000c00342d0                Mouse::Mouse(char const*)
                0x00000000c00342d0                Mouse::Mouse(char const*)
                0x00000000c0034414                Mouse::~Mouse()
                0x00000000c0034414                Mouse::~Mouse()
                0x00000000c00344f8                Mouse::~Mouse()
 .text          0x00000000c0034522      0x230 hal/nic.32
                0x00000000c0034522                NIC::getMAC()
                0x00000000c0034528                NIC::write(int, unsigned char*, int*)
                0x00000000c003452e                NIC::NIC(char const*)
                0x00000000c003452e                NIC::NIC(char const*)
                0x00000000c0034658                NIC::~NIC()
                0x00000000c0034658                NIC::~NIC()
                0x00000000c0034728                NIC::~NIC()
 .text          0x00000000c0034752      0xe6c hal/partition.32
                0x00000000c0034752                makePartition(PhysicalDisk*, unsigned long long, unsigned long long)
                0x00000000c00348bc                createPartitionsForDisk(PhysicalDisk*)
 *fill*         0x00000000c00355be        0x2 
 .text          0x00000000c00355c0      0x252 hal/serial.32
                0x00000000c00355c0                Serial::Serial(char const*)
                0x00000000c00355c0                Serial::Serial(char const*)
                0x00000000c0035704                Serial::~Serial()
                0x00000000c0035704                Serial::~Serial()
                0x00000000c00357e8                Serial::~Serial()
 *fill*         0x00000000c0035812        0x2 
 .text          0x00000000c0035814      0x7a4 hal/timer.32
                0x00000000c0035814                Timer::Timer(char const*)
                0x00000000c0035814                Timer::Timer(char const*)
                0x00000000c0035958                Timer::~Timer()
                0x00000000c0035958                Timer::~Timer()
                0x00000000c0035a3c                Timer::~Timer()
                0x00000000c0035a66                Timer::read()
                0x00000000c0035ab3                setupTimer(int)
                0x00000000c0035ba1                timerHandler(unsigned int)
 .text          0x00000000c0035fb8     0x1a4c hal/vcache.32
                0x00000000c0035fb8                VCache::VCache(PhysicalDisk*)
                0x00000000c0035fb8                VCache::VCache(PhysicalDisk*)
                0x00000000c003695e                VCache::invalidateReadBuffer()
                0x00000000c00369fa                VCache::writeWriteBuffer()
                0x00000000c0036bfc                VCache::~VCache()
                0x00000000c0036bfc                VCache::~VCache()
                0x00000000c0036dd8                VCache::~VCache()
                0x00000000c0036e00                VCache::write(unsigned long long, int, void*)
                0x00000000c00373ce                VCache::read(unsigned long long, int, void*)
 .text          0x00000000c0037a04     0x123e hal/video.32
                0x00000000c0037a04                Video::putpixel(int, int, unsigned int)
                0x00000000c0037a12                Video::readPixelApprox(int, int)
                0x00000000c0037a26                Video::putrect(int, int, int, int, unsigned int)
                0x00000000c0037b4e                Video::bitblit(int, int, int, int, int, int, int, unsigned int*)
                0x00000000c0037d5e                Video::blit(unsigned int*, int, int, int, int)
                0x00000000c0037f64                Video::clearScreen(unsigned int)
                0x00000000c003809a                Video::Video(char const*)
                0x00000000c003809a                Video::Video(char const*)
                0x00000000c00381c4                Video::~Video()
                0x00000000c00381c4                Video::~Video()
                0x00000000c0038294                Video::~Video()
                0x00000000c00382be                Video::isMonochrome()
                0x00000000c0038308                Video::getWidth()
                0x00000000c0038352                Video::getHeight()
                0x00000000c003839c                Video::drawCursor(int, int, unsigned int*, int)
                0x00000000c003864a                Video::tgaParse(unsigned char*, int, int*, int*)
                0x00000000c0038a94                Video::putTGA(int, int, unsigned char*, int)
 *fill*         0x00000000c0038c42        0x2 
 .text          0x00000000c0038c44     0x3d8f hw/acpi.32
                0x00000000c0038c44                ACPI::close(int, int, void*)
                0x00000000c0038cf8                findRSDP()
                0x00000000c0038e4c                loadACPITables(unsigned char*)
                0x00000000c0039714                findRSDT(unsigned char*)
                0x00000000c00398fc                findDataTable(unsigned char*, char*)
                0x00000000c0039b08                scanMADT()
                0x00000000c003b040                ACPI::ACPI()
                0x00000000c003b040                ACPI::ACPI()
                0x00000000c003b244                ACPI::getPCIIRQAssignment(unsigned char, unsigned short, unsigned char)
                0x00000000c003b618                ACPI::registerPCIIRQAssignment(void*, unsigned short, unsigned char, unsigned char)
                0x00000000c003bb4c                ACPI::setScreenBrightnessLevel(void*, int)
                0x00000000c003bb54                ACPI::detectPCI()
                0x00000000c003c08c                ACPI::writeSimpleBootFlag(SimpleBootFlagTable*)
                0x00000000c003c160                ACPI::sleep()
                0x00000000c003c17c                ACPI::open(int, int, void*)
 *fill*         0x00000000c003c9d3        0x1 
 .text          0x00000000c003c9d4     0x21ab hw/cpu.32
                0x00000000c003c9d4                CPU::close(int, int, void*)
                0x00000000c003c9d8                CPU::AMD_K6_write_msr(unsigned int, unsigned int, unsigned int, CPU::REGS*)
                0x00000000c003c9f4                CPU::AMD_K6_read_msr(unsigned int, CPU::REGS*)
                0x00000000c003ca0c                CPU::AMD_K6_writeback(int, int, int)
                0x00000000c003ca80                CPU::cpuid(int, unsigned long*, unsigned long*, unsigned long*, unsigned long*)
                0x00000000c003cbfe                CPU::cpuidCheckEDX(unsigned int)
                0x00000000c003cc2c                CPU::cpuidCheckECX(unsigned int)
                0x00000000c003cc5a                CPU::cpuidCheckExtendedEBX(unsigned int)
                0x00000000c003cc88                CPU::cpuidCheckExtendedECX(unsigned int)
                0x00000000c003ccb6                CPU::CPU()
                0x00000000c003ccb6                CPU::CPU()
                0x00000000c003d004                CPU::displayFeatures()
                0x00000000c003d006                CPU::detectFeatures()
                0x00000000c003e368                CPU::setupSMEP()
                0x00000000c003e374                CPU::setupUMIP()
                0x00000000c003e37e                CPU::setupTSC()
                0x00000000c003e388                CPU::setupLargePages()
                0x00000000c003e392                CPU::setupPAT()
                0x00000000c003e442                CPU::setupMTRR()
                0x00000000c003e444                CPU::setupGlobalPages()
                0x00000000c003e44e                CPU::allowUsermodeDataAccess()
                0x00000000c003e49e                CPU::prohibitUsermodeDataAccess()
                0x00000000c003e4ee                CPU::setupSMAP()
                0x00000000c003e528                CPU::setupFeatures()
                0x00000000c003e7c0                CPU::open(int, int, void*)
 .text          0x00000000c003eb7f      0x501 krnl/bootmsg.32
                0x00000000c003eb7f                KeDisplaySplashScreen()
                0x00000000c003ef12                KeSetBootMessage(char const*)
 .text          0x00000000c003f080     0x1760 krnl/env.32
                0x00000000c003f080                EnvVarContainer::getEnv(char const*)
                0x00000000c003f1d8                EnvVarContainer::setEnv(char const*, char const*)
                0x00000000c003f3a0                EnvVarContainer::deleteEnv(char const*)
                0x00000000c003f3a2                EnvVarContainer::loadFrom(char const*, char const*)
                0x00000000c003f9ce                EnvVarContainer::__loadSystem()
                0x00000000c003fa06                EnvVarContainer::__loadUser()
                0x00000000c003fa08                EnvVarContainer::EnvVarContainer(Process*)
                0x00000000c003fa08                EnvVarContainer::EnvVarContainer(Process*)
                0x00000000c003fafe                EnvVarContainer::~EnvVarContainer()
                0x00000000c003fafe                EnvVarContainer::~EnvVarContainer()
                0x00000000c003fc00                KeGetEnv(Process*, char const*)
                0x00000000c003fce0                KeSetEnvSystem(char const*, char const*)
                0x00000000c003fd17                KeSetEnvUser(char const*, char const*)
                0x00000000c003fd51                KeSetEnvProcess(Process*, char const*, char const*)
                0x00000000c003fdc6                KeDeleteEnvSystem(char const*)
                0x00000000c003fde6                KeDeleteEnvUser(char const*)
                0x00000000c003fe06                KeDeleteEnvProcess(Process*, char const*)
                0x00000000c003fe64                KeNewProcessEnv(Process*)
                0x00000000c003fe9f                KeCopyProcessEnv(Process*, Process*)
                0x00000000c0040038                KeLoadSystemEnv()
                0x00000000c004009e                KeLoadUserEnv()
                0x00000000c00400fb                KeFlushEnv()
                0x00000000c00400fc                KeGetProcessTotalEnvCount(Process*)
                0x00000000c0040271                KeGetProcessEnvPair(Process*, int)
 .text          0x00000000c00407e0      0x193 krnl/inlines.32
                0x00000000c00407e0                CPU::current()
                0x00000000c004082c                operator new(unsigned long)
                0x00000000c0040831                operator delete(void*)
                0x00000000c0040836                disableIRQs()
                0x00000000c0040838                enableIRQs()
                0x00000000c004083a                lockScheduler()
                0x00000000c0040867                unlockScheduler()
                0x00000000c0040898                lockStuff()
                0x00000000c00408e8                unlockStuff()
                0x00000000c0040958                Virt::getAKernelVAS()
                0x00000000c004095e                __not_memcpy
 .text          0x00000000c0040973        0xc krnl/panic.32
                0x00000000c0040973                KePanic(char const*)
 .text          0x00000000c004097f      0x1fd krnl/powctrl.32
                0x00000000c004097f                KePowerThread(void*)
                0x00000000c00409e4                KeChangePowerSettings(PowerSettings)
                0x00000000c00409fa                KeUserIOReceived()
                0x00000000c0040a05                KeHandlePowerButton()
                0x00000000c0040a70                KeHandleSleepButton()
                0x00000000c0040adb                KeSetupPowerManager()
 .text          0x00000000c0040b7c       0x9d krnl/random.32
                0x00000000c0040b7c                KeRand()
                0x00000000c0040bbe                KeSeedRand(unsigned int)
                0x00000000c0040be7                KeInitRand()
 *fill*         0x00000000c0040c19        0x3 
 .text          0x00000000c0040c1c      0x1bc krnl/resolve.32
                0x00000000c0040c1c                KeResolveCompatibilitySymbol(char*)
 .text          0x00000000c0040dd8      0xe2f krnl/signal.32
                0x00000000c0040dd8                KiSigKill(int)
                0x00000000c0040dec                KiDefaultSignalHandlerIgnore(int)
                0x00000000c0040ded                KiDefaultSignalHandlerPause(int)
                0x00000000c0040e19                KiDefaultSignalHandlerResume(int)
                0x00000000c0040e45                KeDeinitSignals(SigHandlerBlock*)
                0x00000000c0040e4a                KeInitSignals()
                0x00000000c0040f74                KeRegisterSignalHandler(SigHandlerBlock*, int, void (*)(int), unsigned int, int)
                0x00000000c00410eb                KeRaiseSignal(SigHandlerBlock*, int)
                0x00000000c0041278                KeCheckSignal(SigHandlerBlock*, int*)
                0x00000000c004187e                KiCheckSignalZ
                0x00000000c00419de                KeCompleteSignal(SigHandlerBlock*, int)
                0x00000000c0041adf                KiFinishSignalZ
 .text          0x00000000c0041c07     0x4829 krnl/syscalls.32
                0x00000000c0041c07                SysSeekDir(regs*)
                0x00000000c0041c0c                SysTellDir(regs*)
                0x00000000c0041c11                SysTTYName(regs*)
                0x00000000c0041c19                SysNotImpl(regs*)
                0x00000000c0041c34                SysVerify(regs*)
                0x00000000c0041c7b                SysGetArgc(regs*)
                0x00000000c0041d00                SysFormatDisk(regs*)
                0x00000000c0042034                SysSetDiskVolumeLabel(regs*)
                0x00000000c0042702                SysGetDiskVolumeLabel(regs*)
                0x00000000c0042e22                SysShutdown(regs*)
                0x00000000c004303d                SysRealpath(regs*)
                0x00000000c00431d5                SysReadDir(regs*)
                0x00000000c0043404                SysIsATTY(regs*)
                0x00000000c00435fd                SysSeek(regs*)
                0x00000000c0043773                SysTell(regs*)
                0x00000000c0043971                SysSize(regs*)
                0x00000000c0043b74                SysClose(regs*)
                0x00000000c0043d53                SysCloseDir(regs*)
                0x00000000c0043ece                SysWait(regs*)
                0x00000000c0043f60                SysPanic(regs*)
                0x00000000c0043fb5                SysGetArgv(regs*)
                0x00000000c004426e                SysUSleep(regs*)
                0x00000000c004430a                SysGetEnv(regs*)
                0x00000000c0044512                SysGetUnixTime(regs*)
                0x00000000c0044585                SysSizeFromFilename(regs*)
                0x00000000c0044898                SysOpenDir(regs*)
                0x00000000c0044ac2                SysMakeDir(regs*)
                0x00000000c0044c7a                SysRmdir(regs*)
                0x00000000c0044e35                SysUnlink(regs*)
                0x00000000c0044ff0                SysSetFatAttrib(regs*)
                0x00000000c004523b                SysPipe(regs*)
                0x00000000c00453f8                SysSpawn(regs*)
                0x00000000c00455d9                string_ends_with(char const*, char const*)
                0x00000000c004565f                SysOpen(regs*)
                0x00000000c0046286                KeSystemCall(regs*, void*)
 .text          0x00000000c0046430      0x2cd net/ethernet.32
                0x00000000c0046430                KeSwitchEndian16(unsigned short)
                0x00000000c0046484                KeSwitchEndian32(unsigned int)
                0x00000000c00464b8                EthernetCRC32(unsigned char*, int)
                0x00000000c0046604                EthernetReceivedPacket(EthernetUnwrappedFrame*, unsigned short)
 .text          0x00000000c00466fd     0x238f reg/cm.32
                0x00000000c00466fd                CmOpen(char const*)
                0x00000000c0046a9c                CmClose(Reghive_Tag*)
                0x00000000c0046b0d                CmReadExtent(Reghive_Tag*, int, unsigned char*)
                0x00000000c0046c28                CmGetString(Reghive_Tag*, int, char*)
                0x00000000c0046dbd                CmEnterDirectory(Reghive_Tag*, int)
                0x00000000c0046dfc                CmGetNext(Reghive_Tag*, int)
                0x00000000c0046e2e                CmWriteExtent(Reghive_Tag*, int, unsigned char*)
                0x00000000c0046f49                CmFreeExtent(Reghive_Tag*, int)
                0x00000000c0046f71                CmUpdateHeader(Reghive_Tag*)
                0x00000000c0046fe1                CmExpand(Reghive_Tag*, int)
                0x00000000c004715e                CmFindUnusedExtent(Reghive_Tag*)
                0x00000000c004730f                CmCreateExtent(Reghive_Tag*, int, int, unsigned char*)
                0x00000000c0047403                CmSetString(Reghive_Tag*, int, char const*)
                0x00000000c00478cf                CmGetMatch(char*, char*, bool, bool*)
                0x00000000c00479c3                CmAddShift(unsigned int*, int*, unsigned char, int)
                0x00000000c0047abd                CmGetShift(unsigned int*, int*, int, bool*)
                0x00000000c0047c09                CmGetInteger(Reghive_Tag*, int, unsigned long long*)
                0x00000000c0047c55                CmSetInteger(Reghive_Tag*, int, unsigned long long)
                0x00000000c0047c95                CmConvertFromInternalFilename(unsigned char const*, char*)
                0x00000000c0047ece                CmGetNameAndTypeFromExtent(Reghive_Tag*, int, char*)
                0x00000000c0047efc                CmConvertToInternalFilename(char const*, unsigned char*)
                0x00000000c00484a7                CmCreateString(Reghive_Tag*, int, char const*)
                0x00000000c00484f4                CmFindInDirectory(Reghive_Tag*, int, char const*)
                0x00000000c004856e                CmCreateInteger(Reghive_Tag*, int, char const*, unsigned long long, int)
                0x00000000c00485c1                CmCreateDirectory(Reghive_Tag*, int, char const*)
                0x00000000c0048685                zStrtok(char*, char const*)
                0x00000000c0048866                CmFindObjectFromPath(Reghive_Tag*, char const*)
                0x00000000c00488e7                CmDisplayTree(Reghive_Tag*, int, int)
                0x00000000c00489c2                CmSplitFinalSlashInPlace(char*)
 .text          0x00000000c0048a8c     0x1267 reg/registry.32
                0x00000000c0048a8c                Reg::findLineFromLoadedData(char*, char*, char*)
                0x00000000c0048ebd                Reg::getLineFromRegistry(char*, char*, char*, char*)
                0x00000000c0049262                Reg::getLine(char*, char*, char*)
                0x00000000c0049299                Reg::readInt(char*, char*, int*)
                0x00000000c0049959                Reg::readString(char*, char*, char*, int)
                0x00000000c0049bdd                Reg::readBool(char*, char*, bool*)
                0x00000000c0049c28                Reg::readBoolWithDefault(char*, char*, bool)
                0x00000000c0049c6f                Reg::readIntWithDefault(char*, char*, int)
                0x00000000c0049c9b                Reg::readStringWithDefault(char*, char*, char*, int, char*)
 .text          0x00000000c0049cf3      0x172 sys/eject.32
                0x00000000c0049cf3                SysEject(regs*)
 .text          0x00000000c0049e65       0x4e sys/exit.32
                0x00000000c0049e65                SysExit(regs*)
 .text          0x00000000c0049eb3       0x9d sys/getcwd.32
                0x00000000c0049eb3                SysGetCwd(regs*)
 .text          0x00000000c0049f50       0x57 sys/getpid.32
                0x00000000c0049f50                SysGetPID(regs*)
 .text          0x00000000c0049fa7       0x86 sys/getramdata.32
                0x00000000c0049fa7                SysGetRAMData(regs*)
 .text          0x00000000c004a02d      0x23f sys/getvgaptr.32
                0x00000000c004a02d                SysGetVGAPtr(regs*)
 .text          0x00000000c004a26c      0x330 sys/kill.32
                0x00000000c004a26c                SysKill(regs*)
 .text          0x00000000c004a59c      0x21f sys/loaddll.32
                0x00000000c004a59c                SysLoadDLL(regs*)
 .text          0x00000000c004a7bb      0x1e6 sys/read.32
                0x00000000c004a7bb                SysRead(regs*)
 .text          0x00000000c004a9a1       0xdc sys/registersignal.32
                0x00000000c004a9a1                SysRegisterSignal(regs*)
 .text          0x00000000c004aa7d      0x4e1 sys/registry.32
                0x00000000c004aa7d                SysRegistryGetTypeFromPath(regs*)
                0x00000000c004ab74                SysRegistryReadExtent(regs*)
                0x00000000c004ac72                SysRegistryPathToExtentLookup(regs*)
                0x00000000c004ad03                SysRegistryEnterDirectory(regs*)
                0x00000000c004ad94                SysRegistryGetNext(regs*)
                0x00000000c004ae25                SysRegistryGetNameAndTypeFromExtent(regs*)
                0x00000000c004aec7                SysRegistryOpen(regs*)
                0x00000000c004af11                SysRegistryClose(regs*)
 .text          0x00000000c004af5e      0x18c sys/sbrk.32
                0x00000000c004af5e                SysSbrk(regs*)
 .text          0x00000000c004b0ea       0x80 sys/setcwd.32
                0x00000000c004b0ea                SysSetCwd(regs*)
 .text          0x00000000c004b16a      0x206 sys/settime.32
                0x00000000c004b16a                SysSetTime(regs*)
 .text          0x00000000c004b370       0x99 sys/timezone.32
                0x00000000c004b370                SysTimezone(regs*)
 .text          0x00000000c004b409      0x1e6 sys/write.32
                0x00000000c004b409                SysWrite(regs*)
 .text          0x00000000c004b5ef      0x166 sys/wsbe.32
                0x00000000c004b5ef                SysWsbe(regs*)
 .text          0x00000000c004b755       0x5e sys/yield.32
                0x00000000c004b755                SysYield(regs*)
 .text          0x00000000c004b7b3     0x46e7 thr/elf.32
                0x00000000c004b7b3                Thr::allocateMemoryForTask(Process*, File*, unsigned long, unsigned long, unsigned long)
                0x00000000c004be91                Thr::loadProgramIntoMemory(Process*, char const*)
                0x00000000c004c6f6                Thr::runtimeReferenceHelper()
                0x00000000c004c709                Thr::getAddressOfKernelSymbol(char const*)
                0x00000000c004c9aa                Thr::loadKernelSymbolTable(char const*)
                0x00000000c004d434                Thr::loadDriverIntoMemory(char const*, unsigned long, bool)
                0x00000000c004f4ce                Thr::getDriverBaseFromAddress(unsigned long)
                0x00000000c004f6d9                Thr::getDriverNameFromAddress(unsigned long)
                0x00000000c004f8df                Thr::getDriverOffsetFromAddress(unsigned long)
                0x00000000c004f901                Thr::loadDLL(char const*, bool)
                0x00000000c004fe61                Thr::executeDLL(unsigned long, void*)
 *fill*         0x00000000c004fe9a        0x2 
 .text          0x00000000c004fe9c     0x4ced thr/prcssthr.32
                0x00000000c004fe9c                userModeEntryPoint(void*)
                0x00000000c004ff64                changeTSS
                0x00000000c00500a0                switchToThread(ThreadControlBlock*)
                0x00000000c005028c                Process::addArgs(char**)
                0x00000000c0050698                Process::Process(char const*, Process*, char**)
                0x00000000c0050698                Process::Process(char const*, Process*, char**)
                0x00000000c0050f04                Process::Process(bool, char const*, Process*, char**)
                0x00000000c0050f04                Process::Process(bool, char const*, Process*, char**)
                0x00000000c00516f8                taskStartupFunction
                0x00000000c0051740                Semaphore::Semaphore(int)
                0x00000000c0051740                Semaphore::Semaphore(int)
                0x00000000c00518a8                Mutex::Mutex()
                0x00000000c00518a8                Mutex::Mutex()
                0x00000000c0051938                Process::createThread(void (*)(void*), void*, int)
                0x00000000c0051fc0                Process::createUserThread()
                0x00000000c0051ff8                setupMultitasking(void (*)())
                0x00000000c0052214                schedule()
                0x00000000c0052320                Semaphore::tryAcquire()
                0x00000000c00525c8                Semaphore::assertLocked(char const*)
                0x00000000c005273c                blockTaskWithSchedulerLockAlreadyHeld(TaskState)
                0x00000000c00527bc                blockTask(TaskState)
                0x00000000c0052868                waitTask(int, int*, int)
                0x00000000c0052a10                milliTenthSleepUntil(unsigned int)
                0x00000000c0052b80                milliTenthSleep(unsigned int)
                0x00000000c0052b94                sleep(unsigned int)
                0x00000000c0052bb0                Semaphore::acquire()
                0x00000000c0052f40                taskReturned
                0x00000000c0052fc8                Thr::processFromPID(int)
                0x00000000c005314c                unblockTask(ThreadControlBlock*)
                0x00000000c00532a0                cleanupTerminatedTask(ThreadControlBlock*)
                0x00000000c00542dc                cleanerTaskFunction(void*)
                0x00000000c0054538                terminateTask(int)
                0x00000000c0054820                Thr::terminateFromIRQ(int)
                0x00000000c0054830                Semaphore::release()
 .text          0x00000000c0054b89     0x2eff vm86/vm8086.32
                0x00000000c0054b89                Vm::inbv(unsigned short)
                0x00000000c0054b9c                Vm::outbv(unsigned short, unsigned char)
                0x00000000c0054c63                Vm::realToLinear(unsigned short, unsigned short)
                0x00000000c0054c73                Vm::getSegment(unsigned int)
                0x00000000c0054c7b                Vm::getOffset(unsigned int)
                0x00000000c0054c80                Vm::mainloop2()
                0x00000000c0054d0d                Vm::mainVm8086Loop(void*)
                0x00000000c0054d42                Vm::mainloop3(unsigned long)
                0x00000000c0054d8e                Vm::initialise8086()
                0x00000000c0054e38                Vm::finish8086()
                0x00000000c0054efd                Vm::getOutput8086(unsigned char*)
                0x00000000c0054f22                Vm::start8086FromBuffer(unsigned char*, int, unsigned short, unsigned short, unsigned short, unsigned short)
                0x00000000c00550e3                Vm::start8086(char const*, unsigned short, unsigned short, unsigned short, unsigned short)
                0x00000000c00554bd                Vm::doISR(regs*, int, unsigned char*, unsigned short, unsigned short)
                0x00000000c0055805                Vm::readByteFromReal(unsigned short, unsigned short)
                0x00000000c0055832                Vm::readWordFromReal(unsigned short, unsigned short)
                0x00000000c0055864                Vm::readDwordFromReal(unsigned short, unsigned short)
                0x00000000c0055895                Vm::writeByteFromReal(unsigned short, unsigned short, unsigned char)
                0x00000000c00558c6                Vm::writeWordFromReal(unsigned short, unsigned short, unsigned short)
                0x00000000c00558fa                Vm::writeDwordFromReal(unsigned short, unsigned short, unsigned int)
                0x00000000c005592f                Vm::faultHandler(regs*)
 .text          0x00000000c0057a88     0x20ed arch/i386/hal.32
                0x00000000c0057a88                noCopro(unsigned long)
                0x00000000c0057a89                nmiHandler(regs*, void*)
                0x00000000c0057ac3                doubleFault(regs*, void*)
                0x00000000c0057adc                displayDebugInfo(regs*)
                0x00000000c0058aa1                HalSystemIdle()
                0x00000000c0058be2                displayProgramFault(char const*)
                0x00000000c0058d62                gpFault(regs*, void*)
                0x00000000c0058dc9                pgFault(regs*, void*)
                0x00000000c0058f3e                otherISRHandler(regs*, void*)
                0x00000000c0058f72                opcodeFault(regs*, void*)
                0x00000000c0059149                i386SaveCoprocessor(void*)
                0x00000000c005915d                i386LoadCoprocessor(void*)
                0x00000000c0059171                x87EmulHandler(regs*, void*)
                0x00000000c00592b6                HalInitialiseCoprocessor()
                0x00000000c00593bf                HalPanic(char const*)
                0x00000000c0059642                HalQueryPerformanceCounter()
                0x00000000c00596d4                HalInitialise()
                0x00000000c0059aa6                HalMakeBeep(int)
                0x00000000c0059ae0                HalGetRand()
                0x00000000c0059ae3                HalEndOfInterrupt(int)
                0x00000000c0059b72                HalRestart()
                0x00000000c0059b73                HalShutdown()
                0x00000000c0059b74                HalSleep()
 *fill*         0x00000000c0059b75        0x3 
 .text          0x00000000c0059b78      0x30c arch/i386/pic.32
                0x00000000c0059b78                picIoWait()
                0x00000000c0059b80                picDisable()
                0x00000000c0059bb4                picGetIRQReg(int)
                0x00000000c0059c5c                picOpen()
                0x00000000c0059de0                picEOI(int)
 .text          0x00000000c0059e84      0xdd9 arch/i386/rtc.32
                0x00000000c0059e84                RTC::open(int, int, void*)
                0x00000000c0059e88                RTC::close(int, int, void*)
                0x00000000c0059e8c                RTC::~RTC()
                0x00000000c0059e8c                RTC::~RTC()
                0x00000000c0059f5c                RTC::~RTC()
                0x00000000c0059f86                RTC::timeInSecondsUTC()
                0x00000000c0059fd6                RTC::timeInDatetimeUTC()
                0x00000000c005a06c                RTC::setTimeInSecondsUTC(unsigned long long)
                0x00000000c005a11a                RTC::get_update_in_progress_flag()
                0x00000000c005a152                RTC::completeRTCRefresh()
                0x00000000c005a620                RTC::setTimeInDatetimeUTC(datetime_t)
                0x00000000c005a8fc                rtcIRQHandler(regs*, void*)
                0x00000000c005a9da                RTC::RTC()
                0x00000000c005a9da                RTC::RTC()
 *fill*         0x00000000c005ac5d        0x3 
 .text          0x00000000c005ac60      0x590 arch/i386/vga.32
                0x00000000c005ac60                HalConsoleScroll(int, int)
                0x00000000c005b00c                HalConsoleWriteCharacter(char, int, int, int, int)
                0x00000000c005b168                HalConsoleCursorUpdate(int, int)
 .text          0x00000000c005b1f0     0x30f7 fs/fat/vfslink.32
                0x00000000c005b1f0                FAT::getName()
                0x00000000c005b1f8                FAT::tell(void*, unsigned long long*)
                0x00000000c005b2bc                FAT::stat(void*, unsigned long long*)
                0x00000000c005b380                FAT::~FAT()
                0x00000000c005b380                FAT::~FAT()
                0x00000000c005b464                FAT::~FAT()
                0x00000000c005b48c                FAT::getlabel(LogicalDisk*, int, char*, unsigned int*)
                0x00000000c005b810                FAT::setlabel(LogicalDisk*, int, char*)
                0x00000000c005bbb0                FAT::format(LogicalDisk*, int, char const*, int)
                0x00000000c005c078                FAT::tryMount(LogicalDisk*, int)
                0x00000000c005c560                FAT::allocateSwapfile(char const*, int)
                0x00000000c005ca80                FAT::readDir(void*, unsigned long, void*, int*)
                0x00000000c005cc20                FAT::read(void*, unsigned long, void*, int*)
                0x00000000c005ccb0                FAT::write(void*, unsigned long, void*, int*)
                0x00000000c005cd40                FAT::close(void*)
                0x00000000c005cd94                FAT::closeDir(void*)
                0x00000000c005cde8                FAT::seek(void*, unsigned long long)
                0x00000000c005ce40                fatWrapperReadDisk
                0x00000000c005cf48                fatWrapperWriteDisk
                0x00000000c005d050                fatWrapperIoctl
                0x00000000c005d5d0                FAT::FAT()
                0x00000000c005d5d0                FAT::FAT()
                0x00000000c005d798                FAT::fixFilepath(char*)
                0x00000000c005d92c                FAT::open(char const*, void**, FileOpenMode)
                0x00000000c005db28                FAT::openDir(char const*, void**)
                0x00000000c005dc64                FAT::stat(char const*, unsigned long long*, bool*)
                0x00000000c005dde0                FAT::unlink(char const*)
                0x00000000c005de90                FAT::chfatattr(char const*, unsigned char, unsigned char)
                0x00000000c005e070                FAT::rename(char const*, char const*)
                0x00000000c005e198                FAT::mkdir(char const*)
                0x00000000c005e248                FAT::exists(char const*)
 *fill*         0x00000000c005e2e7        0x1 
 .text          0x00000000c005e2e8      0x198 fs/iso9660/helper.32
                0x00000000c005e2e8                isoReadDiscSectorHelper
                0x00000000c005e448                iso_kprintf
                0x00000000c005e464                iso_kprintfd
 .text          0x00000000c005e480     0x14a6 fs/iso9660/vfslink.32
                0x00000000c005e480                ISO9660::format(LogicalDisk*, int, char const*, int)
                0x00000000c005e486                ISO9660::getName()
                0x00000000c005e48c                ISO9660::chfatattr(char const*, unsigned char, unsigned char)
                0x00000000c005e492                ISO9660::unlink(char const*)
                0x00000000c005e498                ISO9660::write(void*, unsigned long, void*, int*)
                0x00000000c005e49e                ISO9660::rename(char const*, char const*)
                0x00000000c005e4a4                ISO9660::mkdir(char const*)
                0x00000000c005e4aa                ISO9660::~ISO9660()
                0x00000000c005e4aa                ISO9660::~ISO9660()
                0x00000000c005e57a                ISO9660::~ISO9660()
                0x00000000c005e5a2                ISO9660::exists(char const*)
                0x00000000c005e5b6                ISO9660::seek(void*, unsigned long long)
                0x00000000c005e5f8                ISO9660::close(void*)
                0x00000000c005e628                ISO9660::closeDir(void*)
                0x00000000c005e6b4                ISO9660::read(void*, unsigned long, void*, int*)
                0x00000000c005e716                ISO9660::tell(void*, unsigned long long*)
                0x00000000c005e77e                ISO9660::stat(void*, unsigned long long*)
                0x00000000c005e7ea                ISO9660::readDir(void*, unsigned long, void*, int*)
                0x00000000c005ea3e                ISO9660::open(char const*, void**, FileOpenMode)
                0x00000000c005ee06                ISO9660::stat(char const*, unsigned long long*, bool*)
                0x00000000c005f246                ISO9660::openDir(char const*, void**)
                0x00000000c005f6aa                readSectorFromCDROM(unsigned int, unsigned char*, char)
                0x00000000c005f7ca                ISO9660::tryMount(LogicalDisk*, int)
                0x00000000c005f852                ISO9660::ISO9660()
                0x00000000c005f852                ISO9660::ISO9660()
 .text          0x00000000c005f926      0xb96 hal/sound/sndcard.32
                0x00000000c005f926                SoundCard::beginPlayback()
                0x00000000c005f934                SoundCard::stopPlayback()
                0x00000000c005f942                SoundCard::SoundCard(char const*)
                0x00000000c005f942                SoundCard::SoundCard(char const*)
                0x00000000c005fcca                SoundCard::~SoundCard()
                0x00000000c005fcca                SoundCard::~SoundCard()
                0x00000000c005fd9a                SoundCard::~SoundCard()
                0x00000000c005fdc4                SoundCard::configureRates(int, int, int)
                0x00000000c005fec2                SoundCard::getSamples16(int, short*)
                0x00000000c006006a                SoundCard::getSamples32(int, int*)
                0x00000000c0060382                SoundCard::addChannel(SoundPort*)
                0x00000000c006044c                SoundCard::removeChannel(int)
 .text          0x00000000c00604bc     0x1c81 hal/sound/sndport.32
                0x00000000c00604bc                SoundPort::SoundPort(int, int, int, int)
                0x00000000c00604bc                SoundPort::SoundPort(int, int, int, int)
                0x00000000c0060858                SoundPort::~SoundPort()
                0x00000000c0060858                SoundPort::~SoundPort()
                0x00000000c00609a0                SoundPort::unpause()
                0x00000000c00609f0                SoundPort::pause()
                0x00000000c0060a40                SoundPort::getBufferUsed()
                0x00000000c0060a8c                SoundPort::getBufferSize()
                0x00000000c0060ad8                SoundPort::buffer16(short*, int)
                0x00000000c0061048                SoundPort::buffer32(int*, int)
                0x00000000c00615a8                SoundPort::unbufferAndAdd16(int, short*, SoundCard*)
                0x00000000c0061b00                SoundPort::unbufferAndAdd32(int, int*, SoundCard*)
 .text          0x00000000c006213d        0x0 hw/bus/isa.32
 *fill*         0x00000000c006213d        0x1 
 .text          0x00000000c006213e     0x243f hw/bus/pci.32
                0x00000000c006213e                PCI::close(int, int, void*)
                0x00000000c0062142                PCI::open(int, int, void*)
                0x00000000c0062202                PCI::PCI()
                0x00000000c0062202                PCI::PCI()
                0x00000000c00625d4                PCI::readBAR8(unsigned int, int)
                0x00000000c006260e                PCI::readBAR16(unsigned int, int)
                0x00000000c006264e                PCI::readBAR32(unsigned int, int)
                0x00000000c006268c                PCI::writeBAR8(unsigned int, unsigned char, int)
                0x00000000c00626d0                PCI::writeBAR16(unsigned int, unsigned short, int)
                0x00000000c0062712                PCI::writeBAR32(unsigned int, unsigned int, int)
                0x00000000c0062756                PCI::legacyMechanism(unsigned char, unsigned char, unsigned char, unsigned char)
                0x00000000c00627cc                PCI::pciReadWord(unsigned char, unsigned char, unsigned char, unsigned char)
                0x00000000c0062904                PCI::getVendorID(unsigned char, unsigned char, unsigned char)
                0x00000000c006295a                PCI::getHeaderType(unsigned char, unsigned char, unsigned char)
                0x00000000c00629b2                PCI::getClassCode(unsigned char, unsigned char, unsigned char)
                0x00000000c0062a46                PCI::getProgIF(unsigned char, unsigned char, unsigned char)
                0x00000000c0062a9e                PCI::getRevisionID(unsigned char, unsigned char, unsigned char)
                0x00000000c0062af4                PCI::getInterruptNumber(unsigned char, unsigned char, unsigned char)
                0x00000000c0062b4a                PCI::getSecondaryBus(unsigned char, unsigned char, unsigned char)
                0x00000000c0062ba2                PCI::getBARAddress(unsigned char, unsigned char, unsigned char, unsigned char)
                0x00000000c0062c54                PCI::pciWriteWord(unsigned char, unsigned char, unsigned char, unsigned char, unsigned short)
                0x00000000c0062dc0                PCI::pciDetailsToFilepath(PCIDeviceInfo, char*)
                0x00000000c0063866                PCI::checkBus(unsigned char)
                0x00000000c00638a6                PCI::foundDevice(PCIDeviceInfo)
                0x00000000c0063e44                PCI::getDeviceData(unsigned char, unsigned char, unsigned char)
                0x00000000c00643c2                PCI::checkDevice(unsigned char, unsigned char)
                0x00000000c00644bc                PCI::detect()
 *fill*         0x00000000c006457d        0x1 
 .text          0x00000000c006457e     0x33da hw/diskctrl/ide.32
                0x00000000c006457e                IDE::close(int, int, void*)
                0x00000000c0064582                IDE::IDE()
                0x00000000c0064582                IDE::IDE()
                0x00000000c00646aa                IDE::prepareInterrupt(unsigned char)
                0x00000000c006470b                selectDrive(unsigned char, unsigned char)
                0x00000000c006470c                IDE::getBase(unsigned char)
                0x00000000c006476e                IDE::write(unsigned char, unsigned char, unsigned char)
                0x00000000c0064a44                IDE::read(unsigned char, unsigned char)
                0x00000000c0064d0c                IDE::waitInterrupt(unsigned char)
                0x00000000c0064e31                ideChannel0IRQHandler(regs*, void*)
                0x00000000c0064ea0                ideChannel1IRQHandler(regs*, void*)
                0x00000000c0064f10                IDE::enableIRQs(unsigned char, bool)
                0x00000000c0065026                IDE::open(int, int, void*)
                0x00000000c00666bc                IDE::readBuffer(unsigned char, unsigned char, unsigned int, unsigned int)
                0x00000000c00669ae                IDE::detect()
                0x00000000c00677a2                IDE::printError(unsigned char, unsigned char, unsigned char)
                0x00000000c00678d2                IDE::polling(unsigned char, unsigned int)
 .text          0x00000000c0067958      0xf7b hw/diskctrl/satabus.32
                0x00000000c0067958                SATABus::close(int, int, void*)
                0x00000000c006795c                SATABus::detect()
                0x00000000c006795e                SATABus::SATABus()
                0x00000000c006795e                SATABus::SATABus()
                0x00000000c0067bd4                SATABus::findCmdslot(SATABus::tagHBA_PORT volatile*)
                0x00000000c0067cc8                SATABus::checkType(SATABus::tagHBA_PORT volatile*)
                0x00000000c0067d62                SATABus::startCmd(SATABus::tagHBA_PORT volatile*)
                0x00000000c0067dee                SATABus::stopCmd(SATABus::tagHBA_PORT volatile*)
                0x00000000c0067e9c                SATABus::portRebase(SATABus::tagHBA_PORT volatile*, int)
                0x00000000c00684d4                SATABus::probePort(SATABus::tagHBA_MEM volatile*)
                0x00000000c0068828                SATABus::open(int, int, void*)
 *fill*         0x00000000c00688d3        0x1 
 .text          0x00000000c00688d4     0x195e hw/diskphys/ata.32
                0x00000000c00688d4                ATA::powerSaving(PowerSavingLevel)
                0x00000000c00688d6                ATA::close(int, int, void*)
                0x00000000c006897a                ATA::ATA()
                0x00000000c006897a                ATA::ATA()
                0x00000000c0068a54                ATA::flush(bool)
                0x00000000c0068b82                ATA::readyForCommand()
                0x00000000c0068c7a                ATA::access(unsigned long long, int, void*, bool)
                0x00000000c0069824                ATA::detectCHS()
                0x00000000c006991e                ATA::open(int, int, void*)
                0x00000000c0069e25                combineCharAndColour(char, unsigned char)
                0x00000000c0069e36                combineColours(unsigned char, unsigned char)
                0x00000000c0069e44                ATA::read(unsigned long long, int, void*)
                0x00000000c006a03a                ATA::write(unsigned long long, int, void*)
 .text          0x00000000c006a232     0x1731 hw/diskphys/atapi.32
                0x00000000c006a232                ATAPI::write(unsigned long long, int, void*)
                0x00000000c006a238                ATAPI::close(int, int, void*)
                0x00000000c006a2dc                ATAPI::ATAPI()
                0x00000000c006a2dc                ATAPI::ATAPI()
                0x00000000c006a3b6                ATAPI::readyForCommand()
                0x00000000c006a4b4                ATAPI::sendPacket(unsigned char*, int, bool, unsigned short*, int)
                0x00000000c006af90                ATAPI::diskRemoved()
                0x00000000c006b0c6                ATAPI::eject()
                0x00000000c006b142                ATAPI::diskInserted()
                0x00000000c006b18e                ATAPI::detectMedia()
                0x00000000c006b384                ATAPI::open(int, int, void*)
                0x00000000c006b826                ATAPI::read(unsigned long long, int, void*)
 *fill*         0x00000000c006b963        0x1 
 .text          0x00000000c006b964     0x131b hw/diskphys/sata.32
                0x00000000c006b964                SATA::powerSaving(PowerSavingLevel)
                0x00000000c006b966                SATA::close(int, int, void*)
                0x00000000c006ba0a                SATA::open(int, int, void*)
                0x00000000c006bc64                SATA::SATA()
                0x00000000c006bc64                SATA::SATA()
                0x00000000c006bd3e                SATA::access(unsigned long long, int, void*, bool)
                0x00000000c006c74e                SATA::read(unsigned long long, int, void*)
                0x00000000c006c9ca                SATA::write(unsigned long long, int, void*)
 *fill*         0x00000000c006cc7f        0x1 
 .text          0x00000000c006cc80     0x16c5 hw/diskphys/satapi.32
                0x00000000c006cc80                SATAPI::write(unsigned long long, int, void*)
                0x00000000c006cc86                SATAPI::close(int, int, void*)
                0x00000000c006cd2a                SATAPI::SATAPI()
                0x00000000c006cd2a                SATAPI::SATAPI()
                0x00000000c006ce04                SATAPI::diskRemoved()
                0x00000000c006ce06                SATAPI::diskInserted()
                0x00000000c006ce5e                SATAPI::sendPacket(unsigned char*, int, unsigned long long, unsigned short*, int)
                0x00000000c006d9fa                SATAPI::eject()
                0x00000000c006dab2                SATAPI::detectMedia()
                0x00000000c006dd52                SATAPI::open(int, int, void*)
                0x00000000c006e0ba                SATAPI::read(unsigned long long, int, void*)
 *fill*         0x00000000c006e345        0x1 
 .text          0x00000000c006e346     0x128b hw/intctrl/apic.32
                0x00000000c006e346                IOAPIC::close(int, int, void*)
                0x00000000c006e34c                apicGetBase()
                0x00000000c006e3fa                IOAPIC::IOAPIC()
                0x00000000c006e3fa                IOAPIC::IOAPIC()
                0x00000000c006e4ce                apicOpen()
                0x00000000c006eac6                IOAPIC::handlesGSIWithNumber(unsigned int)
                0x00000000c006ebd8                IOAPIC::read(int)
                0x00000000c006ecac                IOAPIC::open(int, int, void*)
                0x00000000c006f2d8                IOAPIC::write(int, int)
                0x00000000c006f3b4                IOAPIC::redirect(unsigned char, unsigned long long, unsigned char, bool, bool)
 *fill*         0x00000000c006f5d1        0x3 
 .text          0x00000000c006f5d4      0x45c hw/timer/apictimer.32
                0x00000000c006f5d4                APICTimer::close(int, int, void*)
                0x00000000c006f5dc                apicTimerHandler(regs*, void*)
                0x00000000c006f648                APICTimer::open(int, int, void*)
                0x00000000c006f8d0                APICTimer::write(int)
                0x00000000c006f948                APICTimer::APICTimer()
                0x00000000c006f948                APICTimer::APICTimer()
 .text          0x00000000c006fa30      0x741 hw/timer/pit.32
                0x00000000c006fa30                PIT::write(int)
                0x00000000c006fb2c                pitHandler(regs*, void*)
                0x00000000c006fb7c                PIT::open(int, int, void*)
                0x00000000c006fcf4                PIT::close(int, int, void*)
                0x00000000c006fdc0                PIT::PIT()
                0x00000000c006fdc0                PIT::PIT()
 *fill*         0x00000000c0070171        0xf 
 .text          0x00000000c0070180       0x83 arch/i386/avx.32
                0x00000000c0070180                avxDetect
                0x00000000c00701aa                avxSave
                0x00000000c00701bb                avxLoad
                0x00000000c00701cc                avxInit
                0x00000000c00701ee                avxClose
                0x00000000c00701ef                wouldSheSayYes
 *fill*         0x00000000c0070203        0xd 
 .text          0x00000000c0070210      0x2ec arch/i386/interrupt.32
                0x00000000c0070210                isr0
                0x00000000c0070220                isr1
                0x00000000c007022a                isr2
                0x00000000c0070234                isr3
                0x00000000c007023e                isr4
                0x00000000c0070248                isr5
                0x00000000c0070252                isr6
                0x00000000c007025c                isr7
                0x00000000c0070266                isr8
                0x00000000c007026e                isr9
                0x00000000c0070278                isr10
                0x00000000c0070280                isr11
                0x00000000c0070288                isr12
                0x00000000c0070290                isr13
                0x00000000c00702aa                isr14
                0x00000000c00702b2                isr15
                0x00000000c00702bc                isr16
                0x00000000c00702c6                isr17
                0x00000000c00702d0                isr18
                0x00000000c00702da                irq3
                0x00000000c00702e4                irq4
                0x00000000c00702ee                irq5
                0x00000000c00702f8                irq6
                0x00000000c0070302                irq7
                0x00000000c007030c                irq8
                0x00000000c0070316                irq9
                0x00000000c0070320                irq10
                0x00000000c007032a                irq11
                0x00000000c0070334                irq12
                0x00000000c007033e                irq13
                0x00000000c0070348                irq14
                0x00000000c0070352                irq15
                0x00000000c007035c                irq1
                0x00000000c0070363                irq2
                0x00000000c007036a                isr96
                0x00000000c0070371                irq0
                0x00000000c0070376                int_common_stub
                0x00000000c00703a8                syscall_common_stub
                0x00000000c00704ac                irq16
                0x00000000c00704b6                irq17
                0x00000000c00704c0                irq18
                0x00000000c00704ca                irq19
                0x00000000c00704d4                irq20
                0x00000000c00704de                irq21
                0x00000000c00704e8                irq22
                0x00000000c00704f2                irq23
 *fill*         0x00000000c00704fc        0x4 
 .text          0x00000000c0070500       0x10 arch/i386/rdrand.32
                0x00000000c0070500                i386GetRDRAND
 .text          0x00000000c0070510       0x39 arch/i386/sse.32
                0x00000000c0070510                absolutelyNoChanceInHell
                0x00000000c0070510                sseDetect
                0x00000000c0070528                sseSave
                0x00000000c0070530                sseLoad
                0x00000000c0070538                sseInit
                0x00000000c0070548                sseClose
 *fill*         0x00000000c0070549        0x7 
 .text          0x00000000c0070550       0x49 arch/i386/x87.32
                0x00000000c0070556                x87Detect
                0x00000000c0070571                x87Save
                0x00000000c0070578                x87Load
                0x00000000c007057f                x87Init
                0x00000000c0070598                x87Close
 *fill*         0x00000000c0070599        0x3 
 .text          0x00000000c007059c       0x25 /cygdrive/d/Users/Alex/Desktop/Toolchain/Output/bin/../lib/gcc/i386-banana/8.1.0/crtend.o
 .text          0x00000000c00705c1        0x0 crtn.32
 *fill*         0x00000000c00705c1        0x3 