Archive member included to satisfy reference by file (symbol)

/cygdrive/d/Users/Alex/Desktop/Toolchain/Output/bin/../lib/gcc/i386-banana/8.1.0/libkgcc.a(_divdi3.o)
                              compat/resolve.32 (__divdi3)
/cygdrive/d/Users/Alex/Desktop/Toolchain/Output/bin/../lib/gcc/i386-banana/8.1.0/libkgcc.a(_moddi3.o)
                              compat/resolve.32 (__moddi3)
/cygdrive/d/Users/Alex/Desktop/Toolchain/Output/bin/../lib/gcc/i386-banana/8.1.0/libkgcc.a(_udivdi3.o)
                              compat/resolve.32 (__udivdi3)
/cygdrive/d/Users/Alex/Desktop/Toolchain/Output/bin/../lib/gcc/i386-banana/8.1.0/libkgcc.a(_umoddi3.o)
                              compat/resolve.32 (__umoddi3)

Allocating common symbols
Common symbol       size              file

cdDriveLetter       0x1               fs/iso9660/iso9660.32

Discarded input sections

 .comment       0x0000000000000000       0x12 /cygdrive/d/Users/Alex/Desktop/Toolchain/Output/bin/../lib/gcc/i386-banana/8.1.0/crtbegin.o
 .comment       0x0000000000000000       0x12 acpica/utclib.32
 .comment       0x0000000000000000       0x12 core/malloc.32
 .comment       0x0000000000000000       0x12 libk/ctype.32
 .comment       0x0000000000000000       0x12 libk/string.32
 .comment       0x0000000000000000       0x12 fs/fat/diskio.32
 .comment       0x0000000000000000       0x12 fs/fat/ff.32
 .comment       0x0000000000000000       0x12 fs/fat/ffsystem.32
 .comment       0x0000000000000000       0x12 fs/fat/ffunicode.32
 .comment       0x0000000000000000       0x12 fs/iso9660/iso9660.32
 .comment       0x0000000000000000       0x12 compat/inlines.32
 .comment       0x0000000000000000       0x12 compat/resolve.32
 .group         0x0000000000000000       0x14 core/computer.32
 .group         0x0000000000000000        0xc core/computer.32
 .comment       0x0000000000000000       0x12 core/computer.32
 .comment       0x0000000000000000       0x12 core/gdt.32
 .group         0x0000000000000000        0xc core/idle.32
 .comment       0x0000000000000000       0x12 core/idle.32
 .comment       0x0000000000000000       0x12 core/idt.32
 .comment       0x0000000000000000       0x12 core/kheap.32
 .comment       0x0000000000000000       0x12 core/main.32
 .comment       0x0000000000000000       0x12 core/physmgr.32
 .group         0x0000000000000000        0xc core/pipe.32
 .comment       0x0000000000000000       0x12 core/pipe.32
 .group         0x0000000000000000        0xc core/terminal.32
 .comment       0x0000000000000000       0x12 core/terminal.32
 .comment       0x0000000000000000       0x12 core/tss.32
 .group         0x0000000000000000        0x8 core/unixfile.32
 .group         0x0000000000000000        0x8 core/unixfile.32
 .group         0x0000000000000000        0xc core/unixfile.32
 .group         0x0000000000000000        0x8 core/unixfile.32
 .group         0x0000000000000000        0xc core/unixfile.32
 .group         0x0000000000000000        0x8 core/unixfile.32
 .group         0x0000000000000000        0xc core/unixfile.32
 .group         0x0000000000000000        0xc core/unixfile.32
 .comment       0x0000000000000000       0x12 core/unixfile.32
 .comment       0x0000000000000000       0x12 core/virtmgr.32
 .comment       0x0000000000000000       0x12 coreobjs/c++.32
 .comment       0x0000000000000000       0x12 dbg/kconsole.32
 .group         0x0000000000000000        0xc fs/vfs.32
 .group         0x0000000000000000        0xc fs/vfs.32
 .group         0x0000000000000000        0xc fs/vfs.32
 .comment       0x0000000000000000       0x12 fs/vfs.32
 .group         0x0000000000000000        0xc hal/bus.32
 .comment       0x0000000000000000       0x12 hal/bus.32
 .comment       0x0000000000000000       0x12 hal/buzzer.32
 .group         0x0000000000000000        0xc hal/clock.32
 .comment       0x0000000000000000       0x12 hal/clock.32
 .group         0x0000000000000000       0x14 hal/device.32
 .group         0x0000000000000000        0xc hal/device.32
 .group         0x0000000000000000        0x8 hal/device.32
 .group         0x0000000000000000        0xc hal/device.32
 .group         0x0000000000000000        0xc hal/device.32
 .comment       0x0000000000000000       0x12 hal/device.32
 .group         0x0000000000000000        0xc hal/diskctrl.32
 .comment       0x0000000000000000       0x12 hal/diskctrl.32
 .group         0x0000000000000000        0xc hal/diskphys.32
 .comment       0x0000000000000000       0x12 hal/diskphys.32
 .comment       0x0000000000000000       0x12 hal/fpu.32
 .comment       0x0000000000000000       0x12 hal/intctrl.32
 .group         0x0000000000000000        0xc hal/keybrd.32
 .comment       0x0000000000000000       0x12 hal/keybrd.32
 .group         0x0000000000000000        0xc hal/logidisk.32
 .comment       0x0000000000000000       0x12 hal/logidisk.32
 .group         0x0000000000000000        0xc hal/mouse.32
 .comment       0x0000000000000000       0x12 hal/mouse.32
[...]
Memory Configuration

Name             Origin             Length             Attributes
*default*        0x0000000000000000 0xffffffffffffffff

Linker script and memory map

LOAD D:/Users/Alex/Desktop/Banana/kernel/boot.32
LOAD crti.32
LOAD /cygdrive/d/Users/Alex/Desktop/Toolchain/Output/bin/../lib/gcc/i386-banana/8.1.0/crtbegin.o
LOAD D:/Users/Alex/Desktop/Banana/kernel/morenasm.32
LOAD acpica/utclib.32
LOAD core/malloc.32
LOAD libk/ctype.32
LOAD libk/string.32
LOAD fs/fat/diskio.32
LOAD fs/fat/ff.32
LOAD fs/fat/ffsystem.32
LOAD fs/fat/ffunicode.32
LOAD fs/iso9660/iso9660.32
LOAD compat/inlines.32
LOAD compat/resolve.32
LOAD core/computer.32
LOAD core/gdt.32
LOAD core/idle.32
LOAD core/idt.32
LOAD core/kheap.32
LOAD core/main.32
LOAD core/physmgr.32
LOAD core/pipe.32
LOAD core/terminal.32
LOAD core/tss.32
LOAD core/unixfile.32
LOAD core/virtmgr.32
LOAD coreobjs/c++.32
LOAD dbg/kconsole.32
LOAD fs/vfs.32
LOAD hal/bus.32
LOAD hal/buzzer.32
LOAD hal/clock.32
LOAD hal/device.32
LOAD hal/diskctrl.32
LOAD hal/diskphys.32
LOAD hal/fpu.32
LOAD hal/intctrl.32
LOAD hal/keybrd.32
LOAD hal/logidisk.32
LOAD hal/mouse.32
LOAD hal/partition.32
LOAD hal/serial.32
LOAD hal/timer.32
LOAD hal/vcache.32
LOAD hal/video.32
LOAD hw/acpi.32
LOAD hw/cpu.32
LOAD krnl/env.32
LOAD krnl/panic.32
LOAD krnl/powctrl.32
LOAD reg/registry.32
LOAD sys/sc_eject.32
LOAD sys/sc_exit.32
LOAD sys/sc_getcwd.32
LOAD sys/sc_getpid.32
LOAD sys/sc_getramdata.32
LOAD sys/sc_getvgaptr.32
LOAD sys/sc_loaddll.32
LOAD sys/sc_read.32
LOAD sys/sc_sbrk.32
LOAD sys/sc_setcwd.32
LOAD sys/sc_settime.32
LOAD sys/sc_timezone.32
LOAD sys/sc_write.32
LOAD sys/sc_wsbe.32
LOAD sys/sc_yield.32
LOAD sys/syscalls.32
LOAD thr/elf.32
LOAD thr/prcssthr.32
LOAD vm86/vm8086.32
LOAD arch/i386/hal.32
LOAD arch/i386/pic.32
LOAD arch/i386/rtc.32
LOAD arch/i386/vga.32
LOAD fs/fat/vfslink.32
LOAD fs/iso9660/helper.32
LOAD fs/iso9660/vfslink.32
LOAD hal/sound/sndcard.32
LOAD hal/sound/sndport.32
LOAD hw/bus/isa.32
LOAD hw/bus/pci.32
LOAD hw/diskctrl/ide.32
LOAD hw/diskctrl/satabus.32
LOAD hw/diskphys/ata.32
LOAD hw/diskphys/atapi.32
LOAD hw/diskphys/sata.32
LOAD hw/diskphys/satapi.32
LOAD hw/intctrl/apic.32
LOAD hw/timer/apictimer.32
LOAD hw/timer/pit.32
LOAD arch/i386/avx.32
LOAD arch/i386/interrupt.32
LOAD arch/i386/rdrand.32
LOAD arch/i386/sse.32
LOAD arch/i386/x87.32
LOAD /cygdrive/d/Users/Alex/Desktop/Toolchain/Output/bin/../lib/gcc/i386-banana/8.1.0/crtend.o
LOAD crtn.32
LOAD /cygdrive/d/Users/Alex/Desktop/Toolchain/Output/bin/../lib/gcc/i386-banana/8.1.0/libkgcc.a
LOAD D:/Users/Alex/Desktop/Banana/kernel/libsoftfp.a
LOAD D:/Users/Alex/Desktop/Banana/kernel/libk/libm32.a
                0x00000000c0000000                . = 0xc0000000

.text           0x00000000c0000000    0x1d77a
 *(.text)
 .text          0x00000000c0000000       0x41 D:/Users/Alex/Desktop/Banana/kernel/boot.32
                0x00000000c0000020                callGlobalConstructors
 .text          0x00000000c0000041        0x0 crti.32
 *fill*         0x00000000c0000041        0x3 
 .text          0x00000000c0000044      0x101 /cygdrive/d/Users/Alex/Desktop/Toolchain/Output/bin/../lib/gcc/i386-banana/8.1.0/crtbegin.o
 *fill*         0x00000000c0000145        0xb 
 .text          0x00000000c0000150      0x252 D:/Users/Alex/Desktop/Banana/kernel/morenasm.32
                0x00000000c0000150                manualPCIProbe
                0x00000000c000019b                prepareTramp
                0x00000000c00001b4                doTPAUSE
                0x00000000c00001be                hasLegacyFPU
                0x00000000c00001e3                is486
                0x00000000c0000219                detectCPUID
                0x00000000c000022f                goToVM86
                0x00000000c000025f                goToUsermode
                0x00000000c0000289                switchToThreadASMFirstTime
                0x00000000c0000297                switchToThreadASM
                0x00000000c000031f                asmQuickAcquireLock
                0x00000000c000033d                asmQuickReleaseLock
                0x00000000c0000349                asmAcquireLock
                0x00000000c000036a                asmReleaseLock
                0x00000000c000037d                loadGDT
                0x00000000c000039d                memcpy
 *fill*         0x00000000c00003a2        0xe 
 .text          0x00000000c00003b0      0x79e acpica/utclib.32
                0x00000000c00003b0                memcmp
                0x00000000c0000400                memmove
                0x00000000c00004f0                memset
                0x00000000c0000560                strlen
                0x00000000c0000590                strpbrk
                0x00000000c00005d0                strtok
                0x00000000c0000620                strcpy
                0x00000000c0000650                strncpy
                0x00000000c0000700                strcmp
                0x00000000c0000750                strchr
                0x00000000c0000780                strncmp
                0x00000000c00007e0                strcat
                0x00000000c0000810                strncat
                0x00000000c0000870                strstr
                0x00000000c00008d0                toupper
                0x00000000c00008f0                tolower
                0x00000000c0000910                simple_strtoul
 .text          0x00000000c0000b4e      0xfad core/malloc.32
                0x00000000c0000cb9                dlfree
                0x00000000c0001014                dlmalloc
                0x00000000c0001551                dlrealloc
                0x00000000c00016f4                dlmemalign
                0x00000000c0001817                dlcalloc
                0x00000000c00018b1                dlcfree
                0x00000000c00018b6                dlindependent_calloc
                0x00000000c00018db                dlindependent_comalloc
                0x00000000c00018f2                dlvalloc
                0x00000000c000191d                dlpvalloc
                0x00000000c0001953                dlmalloc_trim
                0x00000000c0001960                dlmalloc_usable_size
                0x00000000c0001991                dlmallinfo
                0x00000000c0001a60                dlmalloc_stats
                0x00000000c0001a71                dlmallopt
 *fill*         0x00000000c0001afb        0x1 
 .text          0x00000000c0001afc      0x1f2 libk/ctype.32
                0x00000000c0001afc                isblank
                0x00000000c0001b1c                iscntrl
                0x00000000c0001b3c                isdigit
                0x00000000c0001b58                islower
                0x00000000c0001b74                isspace
                0x00000000c0001b9c                isupper
                0x00000000c0001bb8                isalpha
                0x00000000c0001be8                isalnum
                0x00000000c0001c18                ispunct
                0x00000000c0001c58                isgraph
                0x00000000c0001c88                isprint
                0x00000000c0001cb0                isxdigit
 .text          0x00000000c0001cee        0x0 libk/string.32
 .text          0x00000000c0001cee       0x51 fs/fat/diskio.32
                0x00000000c0001cee                disk_status
                0x00000000c0001cf1                disk_initialize
                0x00000000c0001cf4                disk_read
                0x00000000c0001d0a                disk_write
                0x00000000c0001d20                disk_ioctl
 .text          0x00000000c0001d3f     0x3d4b fs/fat/ff.32
                0x00000000c0003adb                f_mount
                0x00000000c0003b3d                f_open
                0x00000000c0003e08                f_read
                0x00000000c0004007                f_write
                0x00000000c000423b                f_sync
                0x00000000c00042f0                f_close
                0x00000000c000431f                f_lseek
                0x00000000c00044c6                f_opendir
                0x00000000c0004591                f_closedir
                0x00000000c00045b3                f_readdir
                0x00000000c0004645                f_stat
                0x00000000c00046c4                f_getfree
                0x00000000c00047c6                f_truncate
                0x00000000c00048aa                f_unlink
                0x00000000c00049cc                f_mkdir
                0x00000000c0004b67                f_rename
                0x00000000c0004d1d                f_chmod
                0x00000000c0004dc6                f_utime
                0x00000000c0004e74                f_getlabel
                0x00000000c0004fc5                f_setlabel
                0x00000000c0005155                f_expand
                0x00000000c00052b5                f_mkfs
 *fill*         0x00000000c0005a8a        0x2 
 .text          0x00000000c0005a8c       0x2f fs/fat/ffsystem.32
                0x00000000c0005a8c                ff_memalloc
                0x00000000c0005aa4                ff_memfree
 *fill*         0x00000000c0005abb        0x1 
 .text          0x00000000c0005abc      0x2a8 fs/fat/ffunicode.32
                0x00000000c0005abc                ff_uni2oem
                0x00000000c0005b5c                ff_oem2uni
                0x00000000c0005bd4                ff_wtoupper
 .text          0x00000000c0005d64     0x1e4d fs/iso9660/iso9660.32
                0x00000000c0005d64                isoReadDiscSector
                0x00000000c0005d88                strnicmp
                0x00000000c0005e1c                stricmp
                0x00000000c000646c                iso_close
                0x00000000c0006498                iso_seek
                0x00000000c0006654                iso_tell
                0x00000000c00066c4                iso_total
                0x00000000c000672c                fn_postprocess
                0x00000000c00067a0                iso_reset
                0x00000000c0006aac                iso_read
                0x00000000c00072b4                iso_readdir
                0x00000000c00078a0                iso_open
                0x00000000c0007a24                iso_ioctl
                0x00000000c0007a30                fs_iso9660_init
                0x00000000c0007b10                fs_iso9660_shutdown
 .text          0x00000000c0007bb1       0x94 compat/inlines.32
                0x00000000c0007bb1                CPU::current()
                0x00000000c0007bbd                operator new(unsigned long)
                0x00000000c0007bc2                operator delete(void*)
                0x00000000c0007bc7                disableIRQs()
                0x00000000c0007bc9                enableIRQs()
                0x00000000c0007bcb                lockScheduler()
                0x00000000c0007bd3                unlockScheduler()
                0x00000000c0007be2                lockStuff()
                0x00000000c0007bf0                unlockStuff()
                0x00000000c0007c2a                Virt::getAKernelVAS()
                0x00000000c0007c30                __not_memcpy
 *fill*         0x00000000c0007c45        0x3 
 .text          0x00000000c0007c48      0x118 compat/resolve.32
                0x00000000c0007c48                Krnl::resolveCompatibilitySymbol(char*)
 .text          0x00000000c0007d60      0x68b core/computer.32
                0x00000000c0007d60                Computer::close(int, int, void*)
                0x00000000c0007da5                Krnl::firstTask()
                0x00000000c0007ede                Computer::Computer()
                0x00000000c0007ede                Computer::Computer()
                0x00000000c0007f90                Computer::setBootMessage(char const*)
                0x00000000c0007f92                Computer::detectFeatures()
                0x00000000c000819c                Computer::displayFeatures()
                0x00000000c000819e                Computer::rdmsr(unsigned int)
                0x00000000c00081ca                Computer::wrmsr(unsigned int, unsigned long long)
                0x00000000c0008202                Computer::shutdown()
                0x00000000c000821a                Computer::restart()
                0x00000000c0008232                Computer::sleep()
                0x00000000c0008246                Computer::nmiEnabled()
                0x00000000c0008252                Computer::readCMOS(unsigned char)
                0x00000000c000826c                Computer::enableNMI(bool)
                0x00000000c0008284                Computer::open(int, int, void*)
                0x00000000c0008358                Computer::disableNMI()
                0x00000000c0008368                Computer::writeCMOS(unsigned char, unsigned char)
                0x00000000c0008386                Computer::handleNMI()
 *fill*         0x00000000c00083eb        0x1 
 .text          0x00000000c00083ec      0x1cf core/gdt.32
                0x00000000c00083ec                GDTEntry::setBase(unsigned int)
                0x00000000c0008408                GDTEntry::setLimit(unsigned int)
                0x00000000c0008426                GDT::GDT()
                0x00000000c0008426                GDT::GDT()
                0x00000000c000843c                GDT::addEntry(GDTEntry)
                0x00000000c000845e                GDT::getNumberOfEntries()
                0x00000000c0008466                GDT::flush()
                0x00000000c0008488                GDT::setup()
 .text          0x00000000c00085bb       0x19 core/idle.32
                0x00000000c00085bb                idleFunction(void*)
 .text          0x00000000c00085d4      0x464 core/idt.32
                0x00000000c00085d4                IDTEntry::IDTEntry(bool)
                0x00000000c00085d4                IDTEntry::IDTEntry(bool)
                0x00000000c0008646                IDTEntry::setOffset(unsigned int)
                0x00000000c000865c                IDT::IDT()
                0x00000000c000865c                IDT::IDT()
                0x00000000c000865e                IDT::getPointerToInvalidOpcodeEntryForF00F()
                0x00000000c0008666                IDT::addEntry(IDTEntry, int)
                0x00000000c0008680                IDT::addEntry(int, void (*)(), bool)
                0x00000000c00086b8                IDT::flush()
                0x00000000c00086d2                IDT::setup()
 .text          0x00000000c0008a38      0x183 core/kheap.32
                0x00000000c0008a38                sbrk
                0x00000000c0008acd                mmap
                0x00000000c0008ae3                munmap
                0x00000000c0008af9                liballoc_lock()
                0x00000000c0008b06                liballoc_unlock()
                0x00000000c0008b1a                liballoc_alloc(int)
                0x00000000c0008b32                liballoc_free(void*, int)
                0x00000000c0008b4d                realloc
                0x00000000c0008b61                malloc
                0x00000000c0008b71                free
                0x00000000c0008b81                rfree
                0x00000000c0008b91                calloc
 .text          0x00000000c0008bbb      0x1b4 core/main.32
                0x00000000c0008bbb                Krnl::setBootMessage(char const*)
                0x00000000c0008c27                kernel_main
 .text          0x00000000c0008d6f      0x5dc core/physmgr.32
                0x00000000c0008d6f                Phys::allocateDMA(unsigned long)
                0x00000000c0008e46                Phys::freeDMA(unsigned long, unsigned long)
                0x00000000c0008e79                Phys::setPageState(unsigned long, bool)
                0x00000000c0008eab                Phys::getPageState(unsigned long)
                0x00000000c0008ecc                Phys::freePage(unsigned long)
                0x00000000c0008f2e                Phys::allocatePage()
                0x00000000c0008fec                Phys::allocateContiguousPages(int)
                0x00000000c0009048                Phys::allowSegmentToBeUsed(unsigned long, unsigned long)
                0x00000000c0009080                Phys::physicalMemorySetup(unsigned int)
 *fill*         0x00000000c000934b        0x1 
 .text          0x00000000c000934c      0x273 core/pipe.32
                0x00000000c000934c                Pipe::isAtty()
                0x00000000c0009350                Pipe::~Pipe()
                0x00000000c0009350                Pipe::~Pipe()
                0x00000000c0009374                Pipe::~Pipe()
                0x00000000c000939c                Pipe::write(unsigned long long, void*, int*)
                0x00000000c000945c                Pipe::read(unsigned long long, void*, int*)
                0x00000000c0009558                Pipe::Pipe(int)
                0x00000000c0009558                Pipe::Pipe(int)
 *fill*         0x00000000c00095bf        0x1 
 .text          0x00000000c00095c0      0xa1e core/terminal.32
                0x00000000c00095c0                VgaText::isAtty()
                0x00000000c00095c4                VgaText::~VgaText()
                0x00000000c00095c4                VgaText::~VgaText()
                0x00000000c00095e8                VgaText::~VgaText()
                0x00000000c0009612                VgaText::read(unsigned long long, void*, int*)
                0x00000000c0009632                setTerminalScrollLock(bool)
                0x00000000c0009633                doTerminalCycle()
                0x00000000c0009634                addToTerminalCycle(VgaText*)
                0x00000000c0009635                scrollTerminalScrollLock(int)
                0x00000000c0009636                VgaText::updateTitle()
                0x00000000c0009638                VgaText::load()
                0x00000000c000963a                VgaText::updateCursor()
                0x00000000c0009650                VgaText::doANSI_SGR(int)
                0x00000000c00096c4                VgaText::setDefaultBgColour(VgaColour)
                0x00000000c00096d4                VgaText::setDefaultFgColour(VgaColour)
                0x00000000c00096e4                VgaText::setDefaultColours(VgaColour, VgaColour)
                0x00000000c0009704                VgaText::setTitleTextColour(VgaColour)
                0x00000000c0009710                VgaText::setTitleColour(VgaColour)
                0x00000000c000971c                VgaText::setTitle(char*)
                0x00000000c000971e                VgaText::combineColours(unsigned char, unsigned char)
                0x00000000c0009730                VgaText::scrollScreen()
                0x00000000c00097c8                VgaText::combineCharAndColour(char, unsigned char)
                0x00000000c00097da                VgaText::writeCharacter(char, VgaColour, VgaColour, int, int)
                0x00000000c000986a                VgaText::getCursorX()
                0x00000000c0009872                VgaText::getCursorY()
                0x00000000c000987a                VgaText::setCursor(int, int)
                0x00000000c0009891                setActiveTerminal(VgaText*)
                0x00000000c00098dc                VgaText::clearScreen()
                0x00000000c000992a                VgaText::setCursorX(int)
                0x00000000c0009942                VgaText::setCursorY(int)
                0x00000000c000995a                VgaText::incrementCursor(bool)
                0x00000000c00099ae                VgaText::decrementCursor(bool)
                0x00000000c00099d0                VgaText::putchar(char, VgaColour, VgaColour)
                0x00000000c0009a9e                VgaText::putchar(char)
                0x00000000c0009b8a                VgaText::putx(unsigned int)
                0x00000000c0009bd0                VgaText::puts(char const*)
                0x00000000c0009bf6                VgaText::write(unsigned long long, void*, int*)
                0x00000000c0009c42                VgaText::puts(char const*, VgaColour, VgaColour)
                0x00000000c0009d94                VgaText::VgaText(char const*)
                0x00000000c0009d94                VgaText::VgaText(char const*)
                0x00000000c0009ee0                VgaText::receiveKey(unsigned char)
                0x00000000c0009fb8                VgaText::doUpdate()
                0x00000000c0009fb9                newTerminal(char*)
 *fill*         0x00000000c0009fde        0x2 
 .text          0x00000000c0009fe0      0x1a1 core/tss.32
                0x00000000c0009fe0                TSS::TSS()
                0x00000000c0009fe0                TSS::TSS()
                0x00000000c0009ff0                TSS::setESP(unsigned long)
                0x00000000c000a004                TSS::flush()
                0x00000000c000a024                TSS::setup(unsigned long, unsigned long)
 *fill*         0x00000000c000a181        0x1 
 .text          0x00000000c000a182      0x4c2 core/unixfile.32
                0x00000000c000a182                ReservedFilename::read(unsigned long long, void*, int*)
                0x00000000c000a1d8                ReservedFilename::isAtty()
                0x00000000c000a1f4                ReservedFilename::write(unsigned long long, void*, int*)
                0x00000000c000a252                UnixFile::getFileDescriptor()
                0x00000000c000a25a                UnixFile::UnixFile(int)
                0x00000000c000a25a                UnixFile::UnixFile(int)
                0x00000000c000a40a                ReservedFilename::ReservedFilename(int)
                0x00000000c000a40a                ReservedFilename::ReservedFilename(int)
                0x00000000c000a43c                UnixFile::~UnixFile()
                0x00000000c000a43c                UnixFile::~UnixFile()
                0x00000000c000a4d4                UnixFile::~UnixFile()
                0x00000000c000a4fc                ReservedFilename::~ReservedFilename()
                0x00000000c000a4fc                ReservedFilename::~ReservedFilename()
                0x00000000c000a520                ReservedFilename::~ReservedFilename()
                0x00000000c000a547                getFromFileDescriptor(int)
 .text          0x00000000c000a644     0x1166 core/virtmgr.32
                0x00000000c000a644                Virt::setPageState(unsigned long, Virt::VirtPageState)
                0x00000000c000a679                Virt::getPageState(unsigned long)
                0x00000000c000a69d                Virt::allocateKernelVirtualPages(int)
                0x00000000c000a7ae                Virt::freeSwapfilePage(unsigned long)
                0x00000000c000a7cc                Virt::swapIDToSector(unsigned long)
                0x00000000c000a7de                Virt::allocateSwapfilePage()
                0x00000000c000a85c                Virt::virtualMemorySetup()
                0x00000000c000a8a7                Virt::setupPageSwapping(int)
                0x00000000c000a918                VAS::VAS()
                0x00000000c000a918                VAS::VAS()
                0x00000000c000a954                VAS::VAS(VAS*)
                0x00000000c000a954                VAS::VAS(VAS*)
                0x00000000c000a982                VAS::getForeignPageTableEntry(bool, unsigned long)
                0x00000000c000a9ae                VAS::getPageTableEntry(unsigned long)
                0x00000000c000a9cd                Virt::freeKernelVirtualPages(unsigned long)
                0x00000000c000aaf2                VAS::freeAllocatedPages(unsigned long)
                0x00000000c000ab16                VAS::virtualToPhysical(unsigned long)
                0x00000000c000ab30                VAS::reflagRange(unsigned long, int, int, int)
                0x00000000c000ab70                VAS::setToWriteCombining(unsigned long, int)
                0x00000000c000aba4                VAS::mapOtherVASIn(bool, VAS*)
                0x00000000c000abce                VAS::~VAS()
                0x00000000c000abce                VAS::~VAS()
                0x00000000c000ad32                VAS::mapPage(unsigned long, unsigned long, int)
                0x00000000c000ae36                VAS::allocatePages(int, int)
                0x00000000c000b00e                VAS::setCPUSpecific(unsigned long)
                0x00000000c000b02c                VAS::mapRange(unsigned long, unsigned long, int, int)
                0x00000000c000b0f2                VAS::mapForeignPage(bool, VAS*, unsigned long, unsigned long, int)
                0x00000000c000b1e0                VAS::VAS(bool)
                0x00000000c000b1e0                VAS::VAS(bool)
                0x00000000c000b460                VAS::evict(unsigned long)
                0x00000000c000b522                VAS::tryLoadBackOffDisk(unsigned long)
                0x00000000c000b610                VAS::scanForEviction()
                0x00000000c000b6f0                mapVASFirstTime
 .text          0x00000000c000b7aa       0x5f coreobjs/c++.32
                0x00000000c000b7aa                __cxa_atexit
                0x00000000c000b7ad                __cxa_finalize
                0x00000000c000b7ae                __stack_chk_fail
                0x00000000c000b7e4                __cxa_pure_virtual
                0x00000000c000b7f5                operator new[](unsigned long)
                0x00000000c000b7fa                operator delete(void*, unsigned long)
                0x00000000c000b7ff                operator delete[](void*)
                0x00000000c000b804                operator delete[](void*, unsigned long)
 .text          0x00000000c000b809      0x21c dbg/kconsole.32
                0x00000000c000b809                Dbg::stringifyxWithBase(unsigned int, char*, int)
                0x00000000c000b874                Dbg::logc(char)
                0x00000000c000b894                Dbg::logs(char*)
                0x00000000c000b8b1                Dbg::logWriteInt(unsigned int)
                0x00000000c000b8cf                Dbg::logWriteIntBase(unsigned int, int)
                0x00000000c000b8f0                Dbg::kprintf(char const*, ...)
 *fill*         0x00000000c000ba25        0x1 
 .text          0x00000000c000ba26      0xc5c fs/vfs.32
                0x00000000c000ba26                File::read(unsigned long long, void*, int*)
                0x00000000c000ba7e                File::write(unsigned long long, void*, int*)
                0x00000000c000bad6                Directory::read(unsigned long long, void*, int*)
                0x00000000c000bb2e                Directory::write(unsigned long long, void*, int*)
                0x00000000c000bb5c                File::isAtty()
                0x00000000c000bb60                Directory::isAtty()
                0x00000000c000bb64                Filesystem::getlabel(LogicalDisk*, int, char*, unsigned int*)
                0x00000000c000bb6a                Filesystem::setlabel(LogicalDisk*, int, char*)
                0x00000000c000bb70                Filesystem::allocateSwapfile(char const*, int)
                0x00000000c000bb76                File::~File()
                0x00000000c000bb76                File::~File()
                0x00000000c000bb9a                File::~File()
                0x00000000c000bbc4                Directory::~Directory()
                0x00000000c000bbc4                Directory::~Directory()
                0x00000000c000bbe8                Directory::~Directory()
                0x00000000c000bc12                Filesystem::Filesystem()
                0x00000000c000bc12                Filesystem::Filesystem()
                0x00000000c000bc36                Filesystem::~Filesystem()
                0x00000000c000bc36                Filesystem::~Filesystem()
                0x00000000c000bc44                Filesystem::~Filesystem()
                0x00000000c000bc68                Fs::getcwd(Process*, char*, int)
                0x00000000c000bc92                Fs::initVFS()
                0x00000000c000bcbc                Fs::standardiseFiles(char*, char const*, char const*)
                0x00000000c000be66                File::File(char const*, Process*)
                0x00000000c000be66                File::File(char const*, Process*)
                0x00000000c000bf26                File::open(FileOpenMode)
                0x00000000c000bf84                File::close()
                0x00000000c000bfe4                File::seek(unsigned long long)
                0x00000000c000c03a                File::tell(unsigned long long*)
                0x00000000c000c08a                File::rewind()
                0x00000000c000c09e                File::unlink()
                0x00000000c000c0ea                File::rename(char const*)
                0x00000000c000c138                File::chfatattr(unsigned char, unsigned char)
                0x00000000c000c194                File::exists()
                0x00000000c000c1d2                File::stat(unsigned long long*, bool*)
                0x00000000c000c233                Fs::setcwd(Process*, char*)
                0x00000000c000c390                Directory::Directory(char const*, Process*)
                0x00000000c000c390                Directory::Directory(char const*, Process*)
                0x00000000c000c450                Directory::open()
                0x00000000c000c4ac                Directory::close()
                0x00000000c000c50c                Directory::unlink()
                0x00000000c000c558                Directory::rename(char const*)
                0x00000000c000c5a6                Directory::exists()
                0x00000000c000c5e4                Directory::read(dirent*)
                0x00000000c000c630                Directory::create()
                0x00000000c000c67c                Filesystem::chfatattr(char const*, unsigned char, unsigned char)
 *fill*         0x00000000c000c682        0x2 
 .text          0x00000000c000c684       0x86 hal/bus.32
                0x00000000c000c684                Bus::Bus(char const*)
                0x00000000c000c684                Bus::Bus(char const*)
                0x00000000c000c6bc                Bus::~Bus()
                0x00000000c000c6bc                Bus::~Bus()
                0x00000000c000c6e0                Bus::~Bus()
 .text          0x00000000c000c70a       0x96 hal/buzzer.32
                0x00000000c000c70a                beepThread(void*)
                0x00000000c000c747                Krnl::beep(int, int, bool)
 .text          0x00000000c000c7a0      0x46d hal/clock.32
                0x00000000c000c7a0                User::loadClockSettings(int)
                0x00000000c000c7f2                Clock::Clock(char const*)
                0x00000000c000c7f2                Clock::Clock(char const*)
                0x00000000c000c828                Clock::~Clock()
                0x00000000c000c828                Clock::~Clock()
                0x00000000c000c84c                Clock::~Clock()
                0x00000000c000c876                Clock::timeInSecondsLocal()
                0x00000000c000c8be                Clock::setTimeInSecondsLocal(unsigned long long)
                0x00000000c000c917                datetimeToSeconds(datetime_t)
                0x00000000c000ca44                Clock::setTimeInDatetimeLocal(datetime_t)
                0x00000000c000caa4                secondsToDatetime(unsigned long long)
                0x00000000c000cbe8                Clock::timeInDatetimeLocal()
 *fill*         0x00000000c000cc0d        0x1 
 .text          0x00000000c000cc0e      0x464 hal/device.32
                0x00000000c000cc0e                Device::hibernate()
                0x00000000c000cc10                Device::wake()
                0x00000000c000cc12                Device::detect()
                0x00000000c000cc14                Device::disableLegacy()
                0x00000000c000cc16                Device::powerSaving(PowerSavingLevel)
                0x00000000c000cc18                DriverlessDevice::close(int, int, void*)
                0x00000000c000cc1c                DriverlessDevice::detect()
                0x00000000c000cc1e                DriverlessDevice::open(int, int, void*)
                0x00000000c000cc32                Device::~Device()
                0x00000000c000cc32                Device::~Device()
                0x00000000c000cc40                Device::~Device()
                0x00000000c000cc68                Device::findAndLoadDriver()
                0x00000000c000cc76                Device::preOpenPCI(PCIDeviceInfo)
                0x00000000c000cc9c                Device::preOpenACPI(void*, char*, char*)
                0x00000000c000ccdc                Device::addIRQHandler(int, void (*)(regs*, void*), bool, void*)
                0x00000000c000cd06                Device::getParent()
                0x00000000c000cd12                Device::removeIRQHandler(int, void (*)(regs*, void*), bool)
                0x00000000c000cd30                Device::addChild(Device*)
                0x00000000c000cd74                Device::removeAllChildren()
                0x00000000c000cdba                Device::hibernateAll()
                0x00000000c000cdea                Device::wakeAll()
                0x00000000c000ce1a                Device::detectAll()
                0x00000000c000ce4a                Device::disableLegacyAll()
                0x00000000c000ce4c                Device::loadDriversForAll()
                0x00000000c000ce4e                Device::closeAll()
                0x00000000c000ce84                Device::powerSavingAll(PowerSavingLevel)
                0x00000000c000ceba                Device::setName(char const*)
                0x00000000c000cec8                Device::Device(char const*)
                0x00000000c000cec8                Device::Device(char const*)
                0x00000000c000cfc4                Device::getName()
                0x00000000c000cfce                DriverlessDevice::DriverlessDevice(char const*)
                0x00000000c000cfce                DriverlessDevice::DriverlessDevice(char const*)
                0x00000000c000d004                Device::addToLinkedList(LinkedList<Device>&, DeviceType)
                0x00000000c000d048                getDevicesOfType(DeviceType)
 *fill*         0x00000000c000d072        0x2 
 .text          0x00000000c000d074       0x86 hal/diskctrl.32
                0x00000000c000d074                HardDiskController::HardDiskController(char const*)
                0x00000000c000d074                HardDiskController::HardDiskController(char const*)
                0x00000000c000d0ac                HardDiskController::~HardDiskController()
                0x00000000c000d0ac                HardDiskController::~HardDiskController()
                0x00000000c000d0d0                HardDiskController::~HardDiskController()
 .text          0x00000000c000d0fa       0xe2 hal/diskphys.32
                0x00000000c000d0fa                PhysicalDisk::eject()
                0x00000000c000d0fe                PhysicalDisk::PhysicalDisk(char const*, int)
                0x00000000c000d0fe                PhysicalDisk::PhysicalDisk(char const*, int)
                0x00000000c000d166                PhysicalDisk::startCache()
                0x00000000c000d18e                PhysicalDisk::~PhysicalDisk()
                0x00000000c000d18e                PhysicalDisk::~PhysicalDisk()
                0x00000000c000d1b2                PhysicalDisk::~PhysicalDisk()
 .text          0x00000000c000d1dc        0x0 hal/fpu.32
 .text          0x00000000c000d1dc      0x35d hal/intctrl.32
                0x00000000c000d1dc                int_handler
                0x00000000c000d264                installISRHandler(int, void (*)(regs*, void*), void*)
                0x00000000c000d2ac                installIRQHandler(int, void (*)(regs*, void*), bool, void*)
                0x00000000c000d3e4                uninstallISRHandler(int, void (*)(regs*, void*))
                0x00000000c000d418                uninstallIRQHandler(int, void (*)(regs*, void*), bool)
                0x00000000c000d497                setupINTS()
                0x00000000c000d4f4                convertLegacyIRQNumber(int)
 *fill*         0x00000000c000d539        0x1 
 .text          0x00000000c000d53a      0x78c hal/keybrd.32
                0x00000000c000d53a                startGUI(void*)
                0x00000000c000d5a6                startGUIVESA(void*)
                0x00000000c000d612                sendKeyToTerminal(unsigned char)
                0x00000000c000d6d5                sendKeyboardToken(KeyboardToken)
                0x00000000c000db15                clearInternalKeybuffer(VgaText*)
                0x00000000c000db4a                readKeyboard(VgaText*, char*, unsigned long)
                0x00000000c000dc3c                Keyboard::Keyboard(char const*)
                0x00000000c000dc3c                Keyboard::Keyboard(char const*)
                0x00000000c000dc78                Keyboard::~Keyboard()
                0x00000000c000dc78                Keyboard::~Keyboard()
                0x00000000c000dc9c                Keyboard::~Keyboard()
 .text          0x00000000c000dcc6      0x3ea hal/logidisk.32
                0x00000000c000dcc6                LogicalDisk::close(int, int, void*)
                0x00000000c000dcca                LogicalDisk::~LogicalDisk()
                0x00000000c000dcca                LogicalDisk::~LogicalDisk()
                0x00000000c000dcee                LogicalDisk::~LogicalDisk()
                0x00000000c000dd18                LogicalDisk::open(int, int, void*)
                0x00000000c000dd2c                LogicalDisk::absoluteToRelative(unsigned long long)
                0x00000000c000dd64                LogicalDisk::relativeToAbsolute(unsigned long long)
                0x00000000c000ddaa                LogicalDisk::LogicalDisk(char const*, PhysicalDisk*, unsigned long long, unsigned long long)
                0x00000000c000ddaa                LogicalDisk::LogicalDisk(char const*, PhysicalDisk*, unsigned long long, unsigned long long)
                0x00000000c000de60                LogicalDisk::assignDriveLetter()
                0x00000000c000df16                LogicalDisk::mount()
                0x00000000c000df5e                LogicalDisk::unmount()
                0x00000000c000df6e                LogicalDisk::eject()
                0x00000000c000df82                LogicalDisk::unassignDriveLetter()
                0x00000000c000dfd8                LogicalDisk::read(unsigned long long, int, void*)
                0x00000000c000e044                LogicalDisk::write(unsigned long long, int, void*)
 .text          0x00000000c000e0b0       0x86 hal/mouse.32
                0x00000000c000e0b0                Mouse::Mouse(char const*)
                0x00000000c000e0b0                Mouse::Mouse(char const*)
                0x00000000c000e0e8                Mouse::~Mouse()
                0x00000000c000e0e8                Mouse::~Mouse()
                0x00000000c000e10c                Mouse::~Mouse()
 .text          0x00000000c000e136      0x339 hal/partition.32
                0x00000000c000e136                makePartition(PhysicalDisk*, unsigned long long, unsigned long long)
                0x00000000c000e1de                createPartitionsForDisk(PhysicalDisk*)
 *fill*         0x00000000c000e46f        0x1 
 .text          0x00000000c000e470       0x86 hal/serial.32
                0x00000000c000e470                Serial::Serial(char const*)
                0x00000000c000e470                Serial::Serial(char const*)
                0x00000000c000e4a8                Serial::~Serial()
                0x00000000c000e4a8                Serial::~Serial()
                0x00000000c000e4cc                Serial::~Serial()
 *fill*         0x00000000c000e4f6        0x2 
 .text          0x00000000c000e4f8      0x234 hal/timer.32
                0x00000000c000e4f8                Timer::Timer(char const*)
                0x00000000c000e4f8                Timer::Timer(char const*)
                0x00000000c000e530                Timer::~Timer()
                0x00000000c000e530                Timer::~Timer()
                0x00000000c000e554                Timer::~Timer()
                0x00000000c000e57e                Timer::read()
                0x00000000c000e589                setupTimer(int)
                0x00000000c000e5c4                timerHandler(unsigned int)
 .text          0x00000000c000e72c      0x43e hal/vcache.32
                0x00000000c000e72c                VCache::VCache(PhysicalDisk*)
                0x00000000c000e72c                VCache::VCache(PhysicalDisk*)
                0x00000000c000e894                VCache::invalidateReadBuffer()
                0x00000000c000e8a4                VCache::writeWriteBuffer()
                0x00000000c000e8f0                VCache::~VCache()
                0x00000000c000e8f0                VCache::~VCache()
                0x00000000c000e944                VCache::~VCache()
                0x00000000c000e96c                VCache::write(unsigned long long, int, void*)
                0x00000000c000ea66                VCache::read(unsigned long long, int, void*)
 .text          0x00000000c000eb6a      0x4b3 hal/video.32
                0x00000000c000eb6a                Video::putrect(int, int, int, int, unsigned int)
                0x00000000c000ebb6                Video::bitblit(int, int, int, int, int, int, int, unsigned int*)
                0x00000000c000ec26                Video::blit(unsigned int*, int, int, int, int)
                0x00000000c000eca4                Video::clearScreen(unsigned int)
                0x00000000c000ecd8                Video::putpixel(int, int, unsigned int)
                0x00000000c000ece6                Video::Video(char const*)
                0x00000000c000ece6                Video::Video(char const*)
                0x00000000c000ed1c                Video::~Video()
                0x00000000c000ed1c                Video::~Video()
                0x00000000c000ed40                Video::~Video()
                0x00000000c000ed6a                Video::isMonochrome()
                0x00000000c000ed76                Video::getWidth()
                0x00000000c000ed82                Video::getHeight()
                0x00000000c000ed8e                Video::drawCursor(int, int, unsigned char*, int)
                0x00000000c000ee4a                Video::tgaParse(unsigned char*, int, int*, int*)
                0x00000000c000efb2                Video::putTGA(int, int, unsigned char*, int)
 *fill*         0x00000000c000f01d        0x3 
 .text          0x00000000c000f020     0x1307 hw/acpi.32
                0x00000000c000f020                ACPI::close(int, int, void*)
                0x00000000c000f0d8                findRSDP()
                0x00000000c000f168                loadACPITables(unsigned char*)
                0x00000000c000f3cc                findRSDT(unsigned char*)
                0x00000000c000f51c                findDataTable(unsigned char*, char*)
                0x00000000c000f594                scanMADT()
                0x00000000c000fa68                ACPI::ACPI()
                0x00000000c000fa68                ACPI::ACPI()
                0x00000000c000fabc                ACPI::getPCIIRQAssignment(unsigned char, unsigned short, unsigned char)
                0x00000000c000fba4                ACPI::registerPCIIRQAssignment(void*, unsigned short, unsigned char, unsigned char)
                0x00000000c000fc6c                ACPI::setScreenBrightnessLevel(void*, int)
                0x00000000c000fc74                ACPI::detectPCI()
                0x00000000c000fe7c                ACPI::writeSimpleBootFlag(SimpleBootFlagTable*)
                0x00000000c000fed0                ACPI::sleep()
                0x00000000c000feec                ACPI::open(int, int, void*)
 *fill*         0x00000000c0010327        0x1 
 .text          0x00000000c0010328      0xb95 hw/cpu.32
                0x00000000c0010328                CPU::close(int, int, void*)
                0x00000000c001032c                CPU::AMD_K6_write_msr(unsigned int, unsigned int, unsigned int, CPU::REGS*)
                0x00000000c0010348                CPU::AMD_K6_read_msr(unsigned int, CPU::REGS*)
                0x00000000c0010360                CPU::AMD_K6_writeback(int, int, int)
                0x00000000c00103d4                CPU::cpuid(int, unsigned long*, unsigned long*, unsigned long*, unsigned long*)
                0x00000000c0010458                CPU::cpuidCheckEDX(unsigned int)
                0x00000000c0010486                CPU::cpuidCheckECX(unsigned int)
                0x00000000c00104b4                CPU::cpuidCheckExtendedEBX(unsigned int)
                0x00000000c00104e2                CPU::cpuidCheckExtendedECX(unsigned int)
                0x00000000c0010510                CPU::CPU()
                0x00000000c0010510                CPU::CPU()
                0x00000000c001059e                CPU::displayFeatures()
                0x00000000c00105a0                CPU::detectFeatures()
                0x00000000c0010c64                CPU::setupSMEP()
                0x00000000c0010c70                CPU::setupUMIP()
                0x00000000c0010c7a                CPU::setupTSC()
                0x00000000c0010c84                CPU::setupLargePages()
                0x00000000c0010c8e                CPU::setupPAT()
                0x00000000c0010cca                CPU::setupMTRR()
                0x00000000c0010ccc                CPU::setupGlobalPages()
                0x00000000c0010cd6                CPU::allowUsermodeDataAccess()
                0x00000000c0010ce8                CPU::prohibitUsermodeDataAccess()
                0x00000000c0010cfa                CPU::setupSMAP()
                0x00000000c0010d08                CPU::setupFeatures()
                0x00000000c0010dd4                CPU::open(int, int, void*)
 *fill*         0x00000000c0010ebd        0x1 
 .text          0x00000000c0010ebe      0x581 krnl/env.32
                0x00000000c0010ebe                EnvVarContainer::getEnv(char const*)
                0x00000000c0010efc                EnvVarContainer::setEnv(char const*, char const*)
                0x00000000c0010fbe                EnvVarContainer::deleteEnv(char const*)
                0x00000000c0010fc0                EnvVarContainer::loadFrom(char const*, char const*)
                0x00000000c00111a6                EnvVarContainer::__loadSystem()
                0x00000000c00111c0                EnvVarContainer::__loadUser()
                0x00000000c00111c2                EnvVarContainer::EnvVarContainer(Process*)
                0x00000000c00111c2                EnvVarContainer::EnvVarContainer(Process*)
                0x00000000c00111e4                EnvVarContainer::~EnvVarContainer()
                0x00000000c00111e4                EnvVarContainer::~EnvVarContainer()
                0x00000000c0011214                Krnl::getEnv(Process*, char const*)
                0x00000000c0011279                Krnl::setEnvSystem(char const*, char const*)
                0x00000000c0011293                Krnl::setEnvUser(char const*, char const*)
                0x00000000c00112b2                Krnl::setEnvProcess(Process*, char const*, char const*)
                0x00000000c00112c5                Krnl::deleteEnvSystem(char const*)
                0x00000000c00112c6                Krnl::deleteEnvUser(char const*)
                0x00000000c00112c7                Krnl::deleteEnvProcess(Process*, char const*)
                0x00000000c00112c8                Krnl::newProcessEnv(Process*)
                0x00000000c00112ea                Krnl::copyProcessEnv(Process*, Process*)
                0x00000000c0011336                Krnl::loadSystemEnv()
                0x00000000c0011364                Krnl::loadUserEnv()
                0x00000000c001138a                Krnl::flushEnv()
                0x00000000c001138b                Krnl::getProcessTotalEnvCount(Process*)
                0x00000000c00113ab                Krnl::getProcessEnvPair(Process*, int)
 .text          0x00000000c001143f      0x108 krnl/panic.32
                0x00000000c001143f                Krnl::panic(char const*)
 .text          0x00000000c0011547      0x142 krnl/powctrl.32
                0x00000000c0011547                Krnl::powerThread(void*)
                0x00000000c0011575                Krnl::changePowerSettings(Krnl::PowerSettings)
                0x00000000c001158b                Krnl::userIOReceived()
                0x00000000c0011596                Krnl::handlePowerButton()
                0x00000000c00115cb                Krnl::handleSleepButton()
                0x00000000c0011600                Krnl::setupPowerManager()
 .text          0x00000000c0011689      0x50e reg/registry.32
                0x00000000c0011689                Reg::findLineFromLoadedData(char*, char*, char*)
                0x00000000c00117e1                Reg::getLineFromRegistry(char*, char*, char*, char*)
                0x00000000c0011936                Reg::getLine(char*, char*, char*)
                0x00000000c001196d                Reg::readInt(char*, char*, int*)
                0x00000000c0011a58                Reg::readString(char*, char*, char*, int)
                0x00000000c0011ad9                Reg::readBool(char*, char*, bool*)
                0x00000000c0011afe                Reg::readBoolWithDefault(char*, char*, bool)
                0x00000000c0011b2a                Reg::readIntWithDefault(char*, char*, int)
                0x00000000c0011b56                Reg::readStringWithDefault(char*, char*, char*, int, char*)
 .text          0x00000000c0011b97       0x36 sys/sc_eject.32
                0x00000000c0011b97                Sys::eject(regs*)
 .text          0x00000000c0011bcd       0x18 sys/sc_exit.32
                0x00000000c0011bcd                Sys::exit(regs*)
 .text          0x00000000c0011be5       0x1f sys/sc_getcwd.32
                0x00000000c0011be5                Sys::getCwd(regs*)
 .text          0x00000000c0011c04        0xc sys/sc_getpid.32
                0x00000000c0011c04                Sys::getPID(regs*)
 .text          0x00000000c0011c10       0x1a sys/sc_getramdata.32
                0x00000000c0011c10                Sys::getRAMData(regs*)
 .text          0x00000000c0011c2a       0x82 sys/sc_getvgaptr.32
                0x00000000c0011c2a                Sys::getVGAPtr(regs*)
 .text          0x00000000c0011cac       0xa8 sys/sc_loaddll.32
                0x00000000c0011cac                Sys::loadDLL(regs*)
 .text          0x00000000c0011d54       0x68 sys/sc_read.32
                0x00000000c0011d54                Sys::read(regs*)
 .text          0x00000000c0011dbc       0x55 sys/sc_sbrk.32
                0x00000000c0011dbc                Sys::sbrk(regs*)
 .text          0x00000000c0011e11       0x1c sys/sc_setcwd.32
                0x00000000c0011e11                Sys::setCwd(regs*)
 .text          0x00000000c0011e2d       0x95 sys/sc_settime.32
                0x00000000c0011e2d                Sys::setTime(regs*)
 .text          0x00000000c0011ec2       0x4a sys/sc_timezone.32
                0x00000000c0011ec2                Sys::timezone(regs*)
 .text          0x00000000c0011f0c       0x68 sys/sc_write.32
                0x00000000c0011f0c                Sys::write(regs*)
 .text          0x00000000c0011f74       0x62 sys/sc_wsbe.32
                0x00000000c0011f74                Sys::wsbe(regs*)
 .text          0x00000000c0011fd6       0x25 sys/sc_yield.32
                0x00000000c0011fd6                Sys::yield(regs*)
 .text          0x00000000c0011ffb      0xe2c sys/syscalls.32
                0x00000000c0011ffb                sysCallSeekDir(regs*)
                0x00000000c0012000                sysCallTellDir(regs*)
                0x00000000c0012005                sysCallVerify(regs*)
                0x00000000c001200f                sysCallGetArgc(regs*)
                0x00000000c001201f                sysCallTTYName(regs*)
                0x00000000c0012027                sysFormatDisk(regs*)
                0x00000000c0012094                sysSetDiskVolumeLabel(regs*)
                0x00000000c00120de                sysGetDiskVolumeLabel(regs*)
                0x00000000c0012133                sysShutdown(regs*)
                0x00000000c0012191                sysCallRealpath(regs*)
                0x00000000c00121d4                sysCallReadDir(regs*)
                0x00000000c0012254                sysCallIsATTY(regs*)
                0x00000000c00122b0                sysCallSeek(regs*)
                0x00000000c0012309                sysCallTell(regs*)
                0x00000000c0012378                sysCallSize(regs*)
                0x00000000c00123ed                sysCallSizeFromFilename(regs*)
                0x00000000c00124a0                sysCallClose(regs*)
                0x00000000c0012500                sysCallOpenDir(regs*)
                0x00000000c0012577                sysCallCloseDir(regs*)
                0x00000000c00125cb                sysCallMakeDir(regs*)
                0x00000000c001263d                sysCallWait(regs*)
                0x00000000c001265a                sysCallNotImpl(regs*)
                0x00000000c0012675                sysPanic(regs*)
                0x00000000c0012690                sysCallRmdir(regs*)
                0x00000000c00126f7                sysCallUnlink(regs*)
                0x00000000c001275e                sysCallGetArgv(regs*)
                0x00000000c00127ab                sysCallUSleep(regs*)
                0x00000000c00127d4                sysCallSpawn(regs*)
                0x00000000c001283d                sysCallGetEnv(regs*)
                0x00000000c00128ec                sysSetFatAttrib(regs*)
                0x00000000c0012963                sysPipe(regs*)
                0x00000000c00129a8                sysGetUnixTime(regs*)
                0x00000000c00129bc                string_ends_with(char const*, char const*)
                0x00000000c0012a06                sysCallOpen(regs*)
                0x00000000c0012bfa                Sys::loadSyscalls()
                0x00000000c0012de5                Sys::systemCall(regs*, void*)
 .text          0x00000000c0012e27     0x11e5 thr/elf.32
                0x00000000c0012e27                Thr::allocateMemoryForTask(Process*, File*, unsigned long, unsigned long, unsigned long)
                0x00000000c00130b3                Thr::loadProgramIntoMemory(Process*, char const*)
                0x00000000c00132c9                Thr::runtimeReferenceHelper()
                0x00000000c00132dc                Thr::getAddressOfKernelSymbol(char const*)
                0x00000000c001332b                Thr::loadKernelSymbolTable(char const*)
                0x00000000c00135e9                Thr::loadDriverIntoMemory(char const*, unsigned long, bool)
                0x00000000c0013d1f                Thr::getDriverBaseFromAddress(unsigned long)
                0x00000000c0013d51                Thr::getDriverNameFromAddress(unsigned long)
                0x00000000c0013d88                Thr::getDriverOffsetFromAddress(unsigned long)
                0x00000000c0013da2                Thr::loadDLL(char const*, bool)
                0x00000000c0013fd3                Thr::executeDLL(unsigned long, void*)
 .text          0x00000000c001400c     0x12c5 thr/prcssthr.32
                0x00000000c001400c                userModeEntryPoint(void*)
                0x00000000c0014034                changeTSS
                0x00000000c0014064                switchToThread(ThreadControlBlock*)
                0x00000000c0014118                Process::addArgs(char**)
                0x00000000c0014178                Process::Process(char const*, Process*, char**)
                0x00000000c0014178                Process::Process(char const*, Process*, char**)
                0x00000000c0014368                Process::Process(bool, char const*, Process*, char**)
                0x00000000c0014368                Process::Process(bool, char const*, Process*, char**)
                0x00000000c0014524                taskStartupFunction
                0x00000000c0014530                Semaphore::Semaphore(int)
                0x00000000c0014530                Semaphore::Semaphore(int)
                0x00000000c0014560                Mutex::Mutex()
                0x00000000c0014560                Mutex::Mutex()
                0x00000000c0014574                Process::createThread(void (*)(void*), void*, int)
                0x00000000c001466c                Process::createUserThread()
                0x00000000c001468c                setupMultitasking(void (*)())
                0x00000000c0014794                schedule()
                0x00000000c0014824                Semaphore::tryAcquire()
                0x00000000c00148f0                Semaphore::assertLocked(char const*)
                0x00000000c0014968                blockTaskWithSchedulerLockAlreadyHeld(TaskState)
                0x00000000c0014990                blockTask(TaskState)
                0x00000000c00149c0                waitTask(int, int*, int)
                0x00000000c0014a04                milliTenthSleepUntil(unsigned int)
                0x00000000c0014a94                milliTenthSleep(unsigned int)
                0x00000000c0014aa4                sleep(unsigned int)
                0x00000000c0014ac0                Semaphore::acquire()
                0x00000000c0014b7c                taskReturned
                0x00000000c0014bb8                Thr::processFromPID(int)
                0x00000000c0014c58                unblockTask(ThreadControlBlock*)
                0x00000000c0014cfc                cleanupTerminatedTask(ThreadControlBlock*)
                0x00000000c0014fc8                cleanerTaskFunction(void*)
                0x00000000c00150b8                terminateTask(int)
                0x00000000c0015184                Thr::terminateFromIRQ(int)
                0x00000000c0015194                Semaphore::release()
 .text          0x00000000c00152d1      0xb93 vm86/vm8086.32
                0x00000000c00152d1                Vm::inbv(unsigned short)
                0x00000000c00152e4                Vm::outbv(unsigned short, unsigned char)
                0x00000000c001531a                Vm::realToLinear(unsigned short, unsigned short)
                0x00000000c001532a                Vm::getSegment(unsigned int)
                0x00000000c0015332                Vm::getOffset(unsigned int)
                0x00000000c0015337                Vm::mainloop2()
                0x00000000c0015371                Vm::mainVm8086Loop(void*)
                0x00000000c0015381                Vm::mainloop3(unsigned long)
                0x00000000c00153a7                Vm::initialise8086()
                0x00000000c00153ea                Vm::finish8086()
                0x00000000c001544b                Vm::getOutput8086(unsigned char*)
                0x00000000c0015470                Vm::start8086FromBuffer(unsigned char*, int, unsigned short, unsigned short, unsigned short, unsigned short)
                0x00000000c0015529                Vm::start8086(char const*, unsigned short, unsigned short, unsigned short, unsigned short)
                0x00000000c0015691                Vm::doISR(regs*, int, unsigned char*, unsigned short, unsigned short)
                0x00000000c001571b                Vm::readByteFromReal(unsigned short, unsigned short)
                0x00000000c001572c                Vm::readWordFromReal(unsigned short, unsigned short)
                0x00000000c001573e                Vm::readDwordFromReal(unsigned short, unsigned short)
                0x00000000c001574f                Vm::writeByteFromReal(unsigned short, unsigned short, unsigned char)
                0x00000000c0015764                Vm::writeWordFromReal(unsigned short, unsigned short, unsigned short)
                0x00000000c001577a                Vm::writeDwordFromReal(unsigned short, unsigned short, unsigned int)
                0x00000000c001578f                Vm::faultHandler(regs*)
 .text          0x00000000c0015e64      0x8e9 arch/i386/hal.32
                0x00000000c0015e64                noCopro(unsigned long)
                0x00000000c0015e65                nmiHandler(regs*, void*)
                0x00000000c0015e7e                doubleFault(regs*, void*)
                0x00000000c0015e97                displayDebugInfo(regs*)
                0x00000000c00161b8                displayProgramFault(char const*)
                0x00000000c0016204                gpFault(regs*, void*)
                0x00000000c0016269                pgFault(regs*, void*)
                0x00000000c00162ef                otherISRHandler(regs*, void*)
                0x00000000c0016323                opcodeFault(regs*, void*)
                0x00000000c00163a3                i386SaveCoprocessor(void*)
                0x00000000c00163b7                i386LoadCoprocessor(void*)
                0x00000000c00163cb                x87EmulHandler(regs*, void*)
                0x00000000c0016468                HalInitialiseCoprocessor()
                0x00000000c0016516                HalPanic(char const*)
                0x00000000c001651b                HalQueryPerformanceCounter()
                0x00000000c0016536                HalInitialise()
                0x00000000c00166dc                HalMakeBeep(int)
                0x00000000c0016716                HalGetRand()
                0x00000000c0016719                HalEndOfInterrupt(int)
                0x00000000c001674a                HalRestart()
                0x00000000c001674b                HalShutdown()
                0x00000000c001674c                HalSleep()
 *fill*         0x00000000c001674d        0x3 
 .text          0x00000000c0016750      0x2f4 arch/i386/pic.32
                0x00000000c0016750                picIoWait()
                0x00000000c0016758                picDisable()
                0x00000000c001678c                picGetIRQReg(int)
                0x00000000c0016810                picOpen()
                0x00000000c00169a0                picEOI(int)
 .text          0x00000000c0016a44      0x64d arch/i386/rtc.32
                0x00000000c0016a44                RTC::open(int, int, void*)
                0x00000000c0016a48                RTC::close(int, int, void*)
                0x00000000c0016a4c                RTC::timeInSecondsUTC()
                0x00000000c0016a5e                RTC::timeInDatetimeUTC()
                0x00000000c0016a84                RTC::setTimeInSecondsUTC(unsigned long long)
                0x00000000c0016ac2                RTC::~RTC()
                0x00000000c0016ac2                RTC::~RTC()
                0x00000000c0016ae6                RTC::~RTC()
                0x00000000c0016b10                RTC::get_update_in_progress_flag()
                0x00000000c0016b28                RTC::completeRTCRefresh()
                0x00000000c0016de0                RTC::setTimeInDatetimeUTC(datetime_t)
                0x00000000c0016f93                rtcIRQHandler(regs*, void*)
                0x00000000c0016fd8                RTC::RTC()
                0x00000000c0016fd8                RTC::RTC()
 *fill*         0x00000000c0017091        0x3 
 .text          0x00000000c0017094      0x203 arch/i386/vga.32
                0x00000000c0017094                HalConsoleScroll(int, int)
                0x00000000c001719c                HalConsoleWriteCharacter(char, int, int, int, int)
                0x00000000c0017208                HalConsoleCursorUpdate(int, int)
 *fill*         0x00000000c0017297        0x1 
 .text          0x00000000c0017298     0x13e7 fs/fat/vfslink.32
                0x00000000c0017298                FAT::getName()
                0x00000000c00172a0                FAT::tell(void*, unsigned long long*)
                0x00000000c00172dc                FAT::stat(void*, unsigned long long*)
                0x00000000c0017318                FAT::~FAT()
                0x00000000c0017318                FAT::~FAT()
                0x00000000c001733c                FAT::~FAT()
                0x00000000c0017364                FAT::getlabel(LogicalDisk*, int, char*, unsigned int*)
                0x00000000c0017408                FAT::setlabel(LogicalDisk*, int, char*)
                0x00000000c00174cc                FAT::format(LogicalDisk*, int, char const*, int)
                0x00000000c00176a0                FAT::tryMount(LogicalDisk*, int)
                0x00000000c00178b8                FAT::allocateSwapfile(char const*, int)
                0x00000000c0017a78                FAT::readDir(void*, unsigned long, void*, int*)
                0x00000000c0017be4                FAT::read(void*, unsigned long, void*, int*)
                0x00000000c0017c44                FAT::write(void*, unsigned long, void*, int*)
                0x00000000c0017ca4                FAT::close(void*)
                0x00000000c0017cf8                FAT::closeDir(void*)
                0x00000000c0017d4c                FAT::seek(void*, unsigned long long)
                0x00000000c0017da4                fatWrapperReadDisk
                0x00000000c0017de8                fatWrapperWriteDisk
                0x00000000c0017e2c                fatWrapperIoctl
                0x00000000c0017f48                FAT::FAT()
                0x00000000c0017f48                FAT::FAT()
                0x00000000c0017f9c                FAT::fixFilepath(char*)
                0x00000000c0017fd8                FAT::open(char const*, void**, FileOpenMode)
                0x00000000c0018110                FAT::openDir(char const*, void**)
                0x00000000c00181c0                FAT::stat(char const*, unsigned long long*, bool*)
                0x00000000c00182b8                FAT::unlink(char const*)
                0x00000000c0018338                FAT::chfatattr(char const*, unsigned char, unsigned char)
                0x00000000c00184c4                FAT::rename(char const*, char const*)
                0x00000000c0018590                FAT::mkdir(char const*)
                0x00000000c0018610                FAT::exists(char const*)
 *fill*         0x00000000c001867f        0x1 
 .text          0x00000000c0018680       0x5c fs/iso9660/helper.32
                0x00000000c0018680                isoReadDiscSectorHelper
 .text          0x00000000c00186dc      0xc1b fs/iso9660/vfslink.32
                0x00000000c00186dc                ISO9660::format(LogicalDisk*, int, char const*, int)
                0x00000000c00186e2                ISO9660::seek(void*, unsigned long long)
                0x00000000c0018712                ISO9660::tell(void*, unsigned long long*)
                0x00000000c0018736                ISO9660::getName()
                0x00000000c001873c                ISO9660::stat(void*, unsigned long long*)
                0x00000000c0018760                ISO9660::chfatattr(char const*, unsigned char, unsigned char)
                0x00000000c0018766                ISO9660::unlink(char const*)
                0x00000000c001876c                ISO9660::write(void*, unsigned long, void*, int*)
                0x00000000c0018772                ISO9660::rename(char const*, char const*)
                0x00000000c0018778                ISO9660::mkdir(char const*)
                0x00000000c001877e                ISO9660::close(void*)
                0x00000000c00187a0                ISO9660::closeDir(void*)
                0x00000000c00187c2                ISO9660::~ISO9660()
                0x00000000c00187c2                ISO9660::~ISO9660()
                0x00000000c00187e6                ISO9660::~ISO9660()
                0x00000000c001880d                __memmem(unsigned char*, int, unsigned char*, int)
                0x00000000c001884f                readSectorFromCDROM(unsigned int, unsigned char*, char)
                0x00000000c00188da                ISO9660::tryMount(LogicalDisk*, int)
                0x00000000c001893a                ISO9660::read(void*, unsigned long, void*, int*)
                0x00000000c0018b3e                ISO9660::readDir(void*, unsigned long, void*, int*)
                0x00000000c0018db6                readRoot(unsigned int*, unsigned int*, char)
                0x00000000c0018e25                readRecursively(char*, unsigned int, unsigned int, unsigned int*, unsigned int*, char, int*)
                0x00000000c001900e                getFileData(char*, unsigned int*, unsigned int*, char, int*)
                0x00000000c00190c0                ISO9660::open(char const*, void**, FileOpenMode)
                0x00000000c0019182                ISO9660::exists(char const*)
                0x00000000c00191a6                ISO9660::stat(char const*, unsigned long long*, bool*)
                0x00000000c001923a                ISO9660::openDir(char const*, void**)
                0x00000000c00192d4                ISO9660::ISO9660()
                0x00000000c00192d4                ISO9660::ISO9660()
 *fill*         0x00000000c00192f7        0x1 
 .text          0x00000000c00192f8      0x26c hal/sound/sndcard.32
                0x00000000c00192f8                SoundCard::beginPlayback()
                0x00000000c0019306                SoundCard::stopPlayback()
                0x00000000c0019314                SoundCard::SoundCard(char const*)
                0x00000000c0019314                SoundCard::SoundCard(char const*)
                0x00000000c00193b2                SoundCard::~SoundCard()
                0x00000000c00193b2                SoundCard::~SoundCard()
                0x00000000c00193d6                SoundCard::~SoundCard()
                0x00000000c0019400                SoundCard::configureRates(int, int, int)
                0x00000000c0019430                SoundCard::getSamples16(int, short*)
                0x00000000c001948c                SoundCard::getSamples32(int, int*)
                0x00000000c0019512                SoundCard::addChannel(SoundPort*)
                0x00000000c0019550                SoundCard::removeChannel(int)
 .text          0x00000000c0019564      0x377 hal/sound/sndport.32
                0x00000000c0019564                SoundPort::SoundPort(int, int, int, int)
                0x00000000c0019564                SoundPort::SoundPort(int, int, int, int)
                0x00000000c00195f0                SoundPort::~SoundPort()
                0x00000000c00195f0                SoundPort::~SoundPort()
                0x00000000c0019624                SoundPort::unpause()
                0x00000000c0019630                SoundPort::pause()
                0x00000000c001963c                SoundPort::getBufferUsed()
                0x00000000c0019644                SoundPort::getBufferSize()
                0x00000000c001964c                SoundPort::buffer16(short*, int)
                0x00000000c00196d8                SoundPort::buffer32(int*, int)
                0x00000000c0019760                SoundPort::unbufferAndAdd16(int, short*, SoundCard*)
                0x00000000c0019824                SoundPort::unbufferAndAdd32(int, int*, SoundCard*)
 .text          0x00000000c00198db        0x0 hw/bus/isa.32
 *fill*         0x00000000c00198db        0x1 
 .text          0x00000000c00198dc      0xb49 hw/bus/pci.32
                0x00000000c00198dc                PCI::open(int, int, void*)
                0x00000000c00198fa                PCI::close(int, int, void*)
                0x00000000c00198fe                PCI::PCI()
                0x00000000c00198fe                PCI::PCI()
                0x00000000c0019998                PCI::readBAR8(unsigned int, int)
                0x00000000c00199b4                PCI::readBAR16(unsigned int, int)
                0x00000000c00199d2                PCI::readBAR32(unsigned int, int)
                0x00000000c00199ee                PCI::writeBAR8(unsigned int, unsigned char, int)
                0x00000000c0019a0e                PCI::writeBAR16(unsigned int, unsigned short, int)
                0x00000000c0019a30                PCI::writeBAR32(unsigned int, unsigned int, int)
                0x00000000c0019a50                PCI::legacyMechanism(unsigned char, unsigned char, unsigned char, unsigned char)
                0x00000000c0019abe                PCI::pciReadWord(unsigned char, unsigned char, unsigned char, unsigned char)
                0x00000000c0019b66                PCI::getVendorID(unsigned char, unsigned char, unsigned char)
                0x00000000c0019b8a                PCI::getHeaderType(unsigned char, unsigned char, unsigned char)
                0x00000000c0019bb2                PCI::getClassCode(unsigned char, unsigned char, unsigned char)
                0x00000000c0019bfc                PCI::getProgIF(unsigned char, unsigned char, unsigned char)
                0x00000000c0019c24                PCI::getRevisionID(unsigned char, unsigned char, unsigned char)
                0x00000000c0019c48                PCI::getInterruptNumber(unsigned char, unsigned char, unsigned char)
                0x00000000c0019c6c                PCI::getSecondaryBus(unsigned char, unsigned char, unsigned char)
                0x00000000c0019c94                PCI::getBARAddress(unsigned char, unsigned char, unsigned char, unsigned char)
                0x00000000c0019cf8                PCI::pciWriteWord(unsigned char, unsigned char, unsigned char, unsigned char, unsigned short)
                0x00000000c0019de0                PCI::pciDetailsToFilepath(PCIDeviceInfo, char*)
                0x00000000c001a05a                PCI::checkBus(unsigned char)
                0x00000000c001a080                PCI::foundDevice(PCIDeviceInfo)
                0x00000000c001a1f2                PCI::getDeviceData(unsigned char, unsigned char, unsigned char)
                0x00000000c001a366                PCI::checkDevice(unsigned char, unsigned char)
                0x00000000c001a3d2                PCI::detect()
 *fill*         0x00000000c001a425        0x1 
 .text          0x00000000c001a426      0xb5a hw/diskctrl/ide.32
                0x00000000c001a426                IDE::close(int, int, void*)
                0x00000000c001a42a                IDE::IDE()
                0x00000000c001a42a                IDE::IDE()
                0x00000000c001a45e                IDE::prepareInterrupt(unsigned char)
                0x00000000c001a470                selectDrive(unsigned char, unsigned char)
                0x00000000c001a472                IDE::getBase(unsigned char)
                0x00000000c001a484                IDE::write(unsigned char, unsigned char, unsigned char)
                0x00000000c001a544                IDE::read(unsigned char, unsigned char)
                0x00000000c001a5f2                IDE::waitInterrupt(unsigned char)
                0x00000000c001a65a                ideChannel0IRQHandler(regs*, void*)
                0x00000000c001a676                ideChannel1IRQHandler(regs*, void*)
                0x00000000c001a692                IDE::enableIRQs(unsigned char, bool)
                0x00000000c001a6d8                IDE::open(int, int, void*)
                0x00000000c001aae6                IDE::readBuffer(unsigned char, unsigned char, unsigned int, unsigned int)
                0x00000000c001abb2                IDE::detect()
                0x00000000c001ae72                IDE::printError(unsigned char, unsigned char, unsigned char)
                0x00000000c001af22                IDE::polling(unsigned char, unsigned int)
 .text          0x00000000c001af80      0x32a hw/diskctrl/satabus.32
                0x00000000c001af80                SATABus::close(int, int, void*)
                0x00000000c001af84                SATABus::detect()
                0x00000000c001af86                SATABus::SATABus()
                0x00000000c001af86                SATABus::SATABus()
                0x00000000c001b00c                SATABus::findCmdslot(SATABus::tagHBA_PORT volatile*)
                0x00000000c001b03e                SATABus::checkType(SATABus::tagHBA_PORT volatile*)
                0x00000000c001b086                SATABus::startCmd(SATABus::tagHBA_PORT volatile*)
                0x00000000c001b0a6                SATABus::stopCmd(SATABus::tagHBA_PORT volatile*)
                0x00000000c001b0d0                SATABus::portRebase(SATABus::tagHBA_PORT volatile*, int)
                0x00000000c001b1e0                SATABus::probePort(SATABus::tagHBA_MEM volatile*)
                0x00000000c001b28a                SATABus::open(int, int, void*)
 .text          0x00000000c001b2aa      0x5f4 hw/diskphys/ata.32
                0x00000000c001b2aa                ATA::close(int, int, void*)
                0x00000000c001b2ce                ATA::powerSaving(PowerSavingLevel)
                0x00000000c001b2d0                ATA::ATA()
                0x00000000c001b2d0                ATA::ATA()
                0x00000000c001b2fe                ATA::flush(bool)
                0x00000000c001b348                ATA::readyForCommand()
                0x00000000c001b394                ATA::access(unsigned long long, int, void*, bool)
                0x00000000c001b710                ATA::read(unsigned long long, int, void*)
                0x00000000c001b75c                ATA::write(unsigned long long, int, void*)
                0x00000000c001b7a8                ATA::detectCHS()
                0x00000000c001b7d2                ATA::open(int, int, void*)
 .text          0x00000000c001b89e      0x60e hw/diskphys/atapi.32
                0x00000000c001b89e                ATAPI::write(unsigned long long, int, void*)
                0x00000000c001b8a4                ATAPI::close(int, int, void*)
                0x00000000c001b8c8                ATAPI::ATAPI()
                0x00000000c001b8c8                ATAPI::ATAPI()
                0x00000000c001b8f6                ATAPI::readyForCommand()
                0x00000000c001b948                ATAPI::sendPacket(unsigned char*, int, bool, unsigned short*, int)
                0x00000000c001bc08                ATAPI::diskRemoved()
                0x00000000c001bc42                ATAPI::eject()
                0x00000000c001bc8a                ATAPI::diskInserted()
                0x00000000c001bc96                ATAPI::detectMedia()
                0x00000000c001bd52                ATAPI::open(int, int, void*)
                0x00000000c001be32                ATAPI::read(unsigned long long, int, void*)
 .text          0x00000000c001beac      0x402 hw/diskphys/sata.32
                0x00000000c001beac                SATA::close(int, int, void*)
                0x00000000c001bed0                SATA::powerSaving(PowerSavingLevel)
                0x00000000c001bed2                SATA::open(int, int, void*)
                0x00000000c001bf7c                SATA::SATA()
                0x00000000c001bf7c                SATA::SATA()
                0x00000000c001bfaa                SATA::access(unsigned long long, int, void*, bool)
                0x00000000c001c1f6                SATA::read(unsigned long long, int, void*)
                0x00000000c001c242                SATA::write(unsigned long long, int, void*)
 .text          0x00000000c001c2ae      0x5b9 hw/diskphys/satapi.32
                0x00000000c001c2ae                SATAPI::write(unsigned long long, int, void*)
                0x00000000c001c2b4                SATAPI::close(int, int, void*)
                0x00000000c001c2d8                SATAPI::open(int, int, void*)
                0x00000000c001c3d0                SATAPI::SATAPI()
                0x00000000c001c3d0                SATAPI::SATAPI()
                0x00000000c001c3fe                SATAPI::diskRemoved()
                0x00000000c001c400                SATAPI::diskInserted()
                0x00000000c001c41c                SATAPI::sendPacket(unsigned char*, int, unsigned long long, unsigned short*, int)
                0x00000000c001c6f8                SATAPI::eject()
                0x00000000c001c734                SATAPI::read(unsigned long long, int, void*)
                0x00000000c001c866                SATAPI::detectMedia()
 *fill*         0x00000000c001c867        0x1 
 .text          0x00000000c001c868      0x455 hw/intctrl/apic.32
                0x00000000c001c868                IOAPIC::close(int, int, void*)
                0x00000000c001c86e                apicGetBase()
                0x00000000c001c8b0                IOAPIC::IOAPIC()
                0x00000000c001c8b0                IOAPIC::IOAPIC()
                0x00000000c001c8d8                apicOpen()
                0x00000000c001ca3e                IOAPIC::handlesGSIWithNumber(unsigned int)
                0x00000000c001ca70                IOAPIC::read(int)
                0x00000000c001ca98                IOAPIC::open(int, int, void*)
                0x00000000c001cb8c                IOAPIC::write(int, int)
                0x00000000c001cbb8                IOAPIC::redirect(unsigned char, unsigned long long, unsigned char, bool, bool)
 *fill*         0x00000000c001ccbd        0x3 
 .text          0x00000000c001ccc0       0xf0 hw/timer/apictimer.32
                0x00000000c001ccc0                APICTimer::close(int, int, void*)
                0x00000000c001ccc8                apicTimerHandler(regs*, void*)
                0x00000000c001ccf0                APICTimer::open(int, int, void*)
                0x00000000c001cd60                APICTimer::write(int)
                0x00000000c001cd88                APICTimer::APICTimer()
                0x00000000c001cd88                APICTimer::APICTimer()
 .text          0x00000000c001cdb0      0x1aa hw/timer/pit.32
                0x00000000c001cdb0                PIT::write(int)
                0x00000000c001ce34                pitHandler(regs*, void*)
                0x00000000c001ce58                PIT::open(int, int, void*)
                0x00000000c001cea8                PIT::close(int, int, void*)
                0x00000000c001ced8                PIT::PIT()
                0x00000000c001ced8                PIT::PIT()
 *fill*         0x00000000c001cf5a        0x6 
 .text          0x00000000c001cf60       0x83 arch/i386/avx.32
                0x00000000c001cf60                avxDetect
                0x00000000c001cf8a                avxSave
                0x00000000c001cf9b                avxLoad
                0x00000000c001cfac                avxInit
                0x00000000c001cfce                avxClose
                0x00000000c001cfcf                wouldSheSayYes
 *fill*         0x00000000c001cfe3        0xd 
 .text          0x00000000c001cff0      0x1d6 arch/i386/interrupt.32
                0x00000000c001cff0                isr0
                0x00000000c001d000                isr1
                0x00000000c001d00a                isr2
                0x00000000c001d014                isr3
                0x00000000c001d01e                isr4
                0x00000000c001d028                isr5
                0x00000000c001d032                isr6
                0x00000000c001d03c                isr7
                0x00000000c001d046                isr8
                0x00000000c001d04e                isr9
                0x00000000c001d058                isr10
                0x00000000c001d060                isr11
                0x00000000c001d068                isr12
                0x00000000c001d070                isr13
                0x00000000c001d078                isr14
                0x00000000c001d080                isr15
                0x00000000c001d08a                isr16
                0x00000000c001d094                isr17
                0x00000000c001d09e                isr18
                0x00000000c001d0a8                irq3
                0x00000000c001d0b2                irq4
                0x00000000c001d0bc                irq5
                0x00000000c001d0c6                irq6
                0x00000000c001d0d0                irq7
                0x00000000c001d0da                irq8
                0x00000000c001d0e4                irq9
                0x00000000c001d0ee                irq10
                0x00000000c001d0f8                irq11
                0x00000000c001d102                irq12
                0x00000000c001d10c                irq13
                0x00000000c001d116                irq14
                0x00000000c001d120                irq15
                0x00000000c001d12a                irq1
                0x00000000c001d131                irq2
                0x00000000c001d138                isr96
                0x00000000c001d13f                irq0
                0x00000000c001d144                int_common_stub
                0x00000000c001d144                syscall_common_stub
                0x00000000c001d176                irq16
                0x00000000c001d180                irq17
                0x00000000c001d18a                irq18
                0x00000000c001d194                irq19
                0x00000000c001d19e                irq20
                0x00000000c001d1a8                irq21
                0x00000000c001d1b2                irq22
                0x00000000c001d1bc                irq23
 *fill*         0x00000000c001d1c6        0xa 
 .text          0x00000000c001d1d0       0x10 arch/i386/rdrand.32
                0x00000000c001d1d0                i386GetRDRAND
 .text          0x00000000c001d1e0       0x39 arch/i386/sse.32
                0x00000000c001d1e0                absolutelyNoChanceInHell
                0x00000000c001d1e0                sseDetect
                0x00000000c001d1f8                sseSave
                0x00000000c001d200                sseLoad
                0x00000000c001d208                sseInit
                0x00000000c001d218                sseClose
 *fill*         0x00000000c001d219        0x7 
 .text          0x00000000c001d220       0x49 arch/i386/x87.32
                0x00000000c001d226                x87Detect
                0x00000000c001d241                x87Save
                0x00000000c001d248                x87Load
                0x00000000c001d24f                x87Init
                0x00000000c001d268                x87Close
 *fill*         0x00000000c001d269        0x3 
 .text          0x00000000c001d26c       0x25 /cygdrive/d/Users/Alex/Desktop/Toolchain/Output/bin/../lib/gcc/i386-banana/8.1.0/crtend.o
 .text          0x00000000c001d291        0x0 crtn.32
 *fill*         0x00000000c001d291        0x3 
 .text          0x00000000c001d294      0x14b /cygdrive/d/Users/Alex/Desktop/Toolchain/Output/bin/../lib/gcc/i386-banana/8.1.0/libkgcc.a(_divdi3.o)
                0x00000000c001d294                __divdi3
 *fill*         0x00000000c001d3df        0x1 
 .text          0x00000000c001d3e0      0x17e /cygdrive/d/Users/Alex/Desktop/Toolchain/Output/bin/../lib/gcc/i386-banana/8.1.0/libkgcc.a(_moddi3.o)
                0x00000000c001d3e0                __moddi3
 *fill*         0x00000000c001d55e        0x2 
 .text          0x00000000c001d560       0xff /cygdrive/d/Users/Alex/Desktop/Toolchain/Output/bin/../lib/gcc/i386-banana/8.1.0/libkgcc.a(_udivdi3.o)
                0x00000000c001d560                __udivdi3
 *fill*         0x00000000c001d65f        0x1 
 .text          0x00000000c001d660      0x11a /cygdrive/d/Users/Alex/Desktop/Toolchain/Output/bin/../lib/gcc/i386-banana/8.1.0/libkgcc.a(_umoddi3.o)
                0x00000000c001d660                __umoddi3
 *(.gnu.linkonce.t*)

.iplt           0x00000000c001d780        0x0
 .iplt          0x00000000c001d780        0x0 D:/Users/Alex/Desktop/Banana/kernel/boot.32

.init           0x00000000c001d77a        0xf
 .init          0x00000000c001d77a        0x3 crti.32
                0x00000000c001d77a                _init
 .init          0x00000000c001d77d        0x5 /cygdrive/d/Users/Alex/Desktop/Toolchain/Output/bin/../lib/gcc/i386-banana/8.1.0/crtbegin.o
 .init          0x00000000c001d782        0x5 /cygdrive/d/Users/Alex/Desktop/Toolchain/Output/bin/../lib/gcc/i386-banana/8.1.0/crtend.o
 .init          0x00000000c001d787        0x2 crtn.32

.fini           0x00000000c001d789        0xa
 .fini          0x00000000c001d789        0x3 crti.32
                0x00000000c001d789                _fini
 .fini          0x00000000c001d78c        0x5 /cygdrive/d/Users/Alex/Desktop/Toolchain/Output/bin/../lib/gcc/i386-banana/8.1.0/crtbegin.o
 .fini          0x00000000c001d791        0x2 crtn.32

.text._ZN8ComputerD2Ev
                0x00000000c001d794       0x23
 .text._ZN8ComputerD2Ev
                0x00000000c001d794       0x23 core/computer.32
                0x00000000c001d794                Computer::~Computer()
                0x00000000c001d794                Computer::~Computer()

.text._ZN8ComputerD0Ev
                0x00000000c001d7b8       0x2a
 .text._ZN8ComputerD0Ev
                0x00000000c001d7b8       0x2a core/computer.32
                0x00000000c001d7b8                Computer::~Computer()

.text._Z10idleCommonv
                0x00000000c001d7e2       0x21
 .text._Z10idleCommonv
                0x00000000c001d7e2       0x21 core/idle.32
                0x00000000c001d7e2                idleCommon()

.text._ZN10LinkedListI8UnixFileED2Ev
                0x00000000c001d804        0x2
 .text._ZN10LinkedListI8UnixFileED2Ev
                0x00000000c001d804        0x2 core/unixfile.32
                0x00000000c001d804                LinkedList<UnixFile>::~LinkedList()
                0x00000000c001d804                LinkedList<UnixFile>::~LinkedList()

.text._ZN10LinkedListI8UnixFileEC2Ev
                0x00000000c001d806       0x42
 .text._ZN10LinkedListI8UnixFileEC2Ev
                0x00000000c001d806       0x42 core/unixfile.32
                0x00000000c001d806                LinkedList<UnixFile>::LinkedList()
                0x00000000c001d806                LinkedList<UnixFile>::LinkedList()

.text._ZN10LinkedListI8UnixFileE10addElementEPS0_
                0x00000000c001d848       0xd3
 .text._ZN10LinkedListI8UnixFileE10addElementEPS0_
                0x00000000c001d848       0xd3 core/unixfile.32
                0x00000000c001d848                LinkedList<UnixFile>::addElement(UnixFile*)

.text._ZN10LinkedListI8UnixFileE15getFirstElementEv
                0x00000000c001d91c        0x7
 .text._ZN10LinkedListI8UnixFileE15getFirstElementEv
                0x00000000c001d91c        0x7 core/unixfile.32
                0x00000000c001d91c                LinkedList<UnixFile>::getFirstElement()

.text._ZN10LinkedListI8UnixFileE11removeFirstEv
                0x00000000c001d924       0xa1
 .text._ZN10LinkedListI8UnixFileE11removeFirstEv
                0x00000000c001d924       0xa1 core/unixfile.32
                0x00000000c001d924                LinkedList<UnixFile>::removeFirst()

.text._ZN10LinkedListI8UnixFileE7getNextEPS0_
                0x00000000c001d9c6        0x8
 .text._ZN10LinkedListI8UnixFileE7getNextEPS0_
                0x00000000c001d9c6        0x8 core/unixfile.32
                0x00000000c001d9c6                LinkedList<UnixFile>::getNext(UnixFile*)

.text._ZN16DriverlessDeviceD2Ev
                0x00000000c001d9ce       0x1a
 .text._ZN16DriverlessDeviceD2Ev
                0x00000000c001d9ce       0x1a hal/device.32
                0x00000000c001d9ce                DriverlessDevice::~DriverlessDevice()
                0x00000000c001d9ce                DriverlessDevice::~DriverlessDevice()

.text._ZN16DriverlessDeviceD0Ev
                0x00000000c001d9e8       0x2a
 .text._ZN16DriverlessDeviceD0Ev
                0x00000000c001d9e8       0x2a hal/device.32
                0x00000000c001d9e8                DriverlessDevice::~DriverlessDevice()

.text._ZN10LinkedListI6DeviceE10addElementEPS0_
                0x00000000c001da12       0xdc
 .text._ZN10LinkedListI6DeviceE10addElementEPS0_
                0x00000000c001da12       0xdc hal/device.32
                0x00000000c001da12                LinkedList<Device>::addElement(Device*)

.text._ZN10LinkedListI6DeviceEC2Ev
                0x00000000c001daee       0x42
 .text._ZN10LinkedListI6DeviceEC2Ev
                0x00000000c001daee       0x42 hal/device.32
                0x00000000c001daee                LinkedList<Device>::LinkedList()
                0x00000000c001daee                LinkedList<Device>::LinkedList()

.text._ZN10LinkedListIV18ThreadControlBlockE7isEmptyEv
                0x00000000c001db30       0x1c
 .text._ZN10LinkedListIV18ThreadControlBlockE7isEmptyEv
                0x00000000c001db30       0x1c hal/timer.32
                0x00000000c001db30                LinkedList<ThreadControlBlock volatile>::isEmpty()

.text._ZN10LinkedListIV18ThreadControlBlockE15getFirstElementEv
                0x00000000c001db4c        0x7
 .text._ZN10LinkedListIV18ThreadControlBlockE15getFirstElementEv
                0x00000000c001db4c        0x7 hal/timer.32
                0x00000000c001db4c                LinkedList<ThreadControlBlock volatile>::getFirstElement()

.text._ZN10LinkedListIV18ThreadControlBlockE11removeFirstEv
                0x00000000c001db54       0xb8
 .text._ZN10LinkedListIV18ThreadControlBlockE11removeFirstEv
                0x00000000c001db54       0xb8 hal/timer.32
                0x00000000c001db54                LinkedList<ThreadControlBlock volatile>::removeFirst()

.text._ZN10LinkedListIV18ThreadControlBlockE10addElementEPS1_
                0x00000000c001dc0c       0xda
 .text._ZN10LinkedListIV18ThreadControlBlockE10addElementEPS1_
                0x00000000c001dc0c       0xda hal/timer.32