Archive member included to satisfy reference by file (symbol)

/cygdrive/d/Users/Alex/Desktop/Toolchain/Output/bin/../lib/gcc/i386-banana/8.1.0/libkgcc.a(_divdi3.o)
                              krnl/resolve.32 (__divdi3)
/cygdrive/d/Users/Alex/Desktop/Toolchain/Output/bin/../lib/gcc/i386-banana/8.1.0/libkgcc.a(_moddi3.o)
                              krnl/resolve.32 (__moddi3)
/cygdrive/d/Users/Alex/Desktop/Toolchain/Output/bin/../lib/gcc/i386-banana/8.1.0/libkgcc.a(_udivdi3.o)
                              hal/clock.32 (__udivdi3)
/cygdrive/d/Users/Alex/Desktop/Toolchain/Output/bin/../lib/gcc/i386-banana/8.1.0/libkgcc.a(_umoddi3.o)
                              hal/clock.32 (__umoddi3)

Allocating common symbols
Common symbol       size              file

dcache              0x40              fs/iso9660/iso9660.32
cdDriveLetter       0x1               fs/iso9660/iso9660.32
icache              0x40              fs/iso9660/iso9660.32

Discarded input sections

 .comment       0x0000000000000000       0x12 /cygdrive/d/Users/Alex/Desktop/Toolchain/Output/bin/../lib/gcc/i386-banana/8.1.0/crtbegin.o
 .comment       0x0000000000000000       0x12 acpica/utclib.32
 .comment       0x0000000000000000       0x12 krnl/malloc.32
 .comment       0x0000000000000000       0x12 libk/ctype.32
 .comment       0x0000000000000000       0x12 libk/string.32
 .comment       0x0000000000000000       0x12 arch/i386/cc.32
 .comment       0x0000000000000000       0x12 fs/fat/diskio.32
 .comment       0x0000000000000000       0x12 fs/fat/ff.32
 .comment       0x0000000000000000       0x12 fs/fat/ffsystem.32
 .comment       0x0000000000000000       0x12 fs/fat/ffunicode.32
 .comment       0x0000000000000000       0x12 fs/iso9660/iso9660.32
 .comment       0x0000000000000000       0x12 dbg/kconsole.32
 .comment       0x0000000000000000       0x12 dbg/usban.32
 .comment       0x0000000000000000       0x12 fs/symlink.32
 .group         0x0000000000000000        0xc fs/vfs.32
 .group         0x0000000000000000        0xc fs/vfs.32
 .group         0x0000000000000000        0xc fs/vfs.32
 .comment       0x0000000000000000       0x12 fs/vfs.32
 .group         0x0000000000000000        0xc hal/bus.32
 .comment       0x0000000000000000       0x12 hal/bus.32
 .comment       0x0000000000000000       0x12 hal/buzzer.32
 .group         0x0000000000000000        0xc hal/clock.32
 .comment       0x0000000000000000       0x12 hal/clock.32
 .group         0x0000000000000000       0x14 hal/device.32
 .group         0x0000000000000000        0xc hal/device.32
 .group         0x0000000000000000        0x8 hal/device.32
 .group         0x0000000000000000        0xc hal/device.32
 .group         0x0000000000000000        0xc hal/device.32
 .comment       0x0000000000000000       0x12 hal/device.32
 .group         0x0000000000000000        0xc hal/diskctrl.32
 .comment       0x0000000000000000       0x12 hal/diskctrl.32
 .group         0x0000000000000000        0xc hal/diskphys.32
 .comment       0x0000000000000000       0x12 hal/diskphys.32
 .comment       0x0000000000000000       0x12 hal/fpu.32
 .comment       0x0000000000000000       0x12 hal/intctrl.32
 .group         0x0000000000000000        0xc hal/keybrd.32
 .comment       0x0000000000000000       0x12 hal/keybrd.32
 .group         0x0000000000000000        0xc hal/logidisk.32
 .comment       0x0000000000000000       0x12 hal/logidisk.32
 .group         0x0000000000000000        0xc hal/mouse.32
 .comment       0x0000000000000000       0x12 hal/mouse.32
 .group         0x0000000000000000        0xc hal/nic.32
 .comment       0x0000000000000000       0x12 hal/nic.32
 .comment       0x0000000000000000       0x12 hal/partition.32
 .group         0x0000000000000000        0xc hal/serial.32
 .comment       0x0000000000000000       0x12 hal/serial.32
 .group         0x0000000000000000        0x8 hal/timer.32
 .group         0x0000000000000000        0x8 hal/timer.32
 .group         0x0000000000000000        0xc hal/timer.32
 .group         0x0000000000000000        0xc hal/timer.32
 .group         0x0000000000000000        0xc hal/timer.32
 .comment       0x0000000000000000       0x12 hal/timer.32
 .group         0x0000000000000000        0xc hal/vcache.32
 .comment       0x0000000000000000       0x12 hal/vcache.32
 .group         0x0000000000000000        0xc hal/video.32
 .comment       0x0000000000000000       0x12 hal/video.32
 .group         0x0000000000000000       0x14 hw/acpi.32
 .group         0x0000000000000000        0x8 hw/acpi.32
 .group         0x0000000000000000        0x8 hw/acpi.32
 .group         0x0000000000000000        0x8 hw/acpi.32
 .group         0x0000000000000000        0xc hw/acpi.32
 .group         0x0000000000000000        0xc hw/acpi.32
 .comment       0x0000000000000000       0x12 hw/acpi.32
 .group         0x0000000000000000       0x14 hw/cpu.32
 .group         0x0000000000000000        0xc hw/cpu.32
 .comment       0x0000000000000000       0x12 hw/cpu.32
[...]
Memory Configuration

Name             Origin             Length             Attributes
*default*        0x0000000000000000 0xffffffffffffffff

Linker script and memory map

LOAD D:/Users/Alex/Desktop/Banana/kernel/boot.32
LOAD crti.32
LOAD /cygdrive/d/Users/Alex/Desktop/Toolchain/Output/bin/../lib/gcc/i386-banana/8.1.0/crtbegin.o
LOAD D:/Users/Alex/Desktop/Banana/kernel/morenasm.32
LOAD acpica/utclib.32
LOAD krnl/malloc.32
LOAD libk/ctype.32
LOAD libk/string.32
LOAD arch/i386/cc.32
LOAD fs/fat/diskio.32
LOAD fs/fat/ff.32
LOAD fs/fat/ffsystem.32
LOAD fs/fat/ffunicode.32
LOAD fs/iso9660/iso9660.32
LOAD dbg/kconsole.32
LOAD dbg/usban.32
LOAD fs/symlink.32
LOAD fs/vfs.32
LOAD hal/bus.32
LOAD hal/buzzer.32
LOAD hal/clock.32
LOAD hal/device.32
LOAD hal/diskctrl.32
LOAD hal/diskphys.32
LOAD hal/fpu.32
LOAD hal/intctrl.32
LOAD hal/keybrd.32
LOAD hal/logidisk.32
LOAD hal/mouse.32
LOAD hal/nic.32
LOAD hal/partition.32
LOAD hal/serial.32
LOAD hal/timer.32
LOAD hal/vcache.32
LOAD hal/video.32
LOAD hw/acpi.32
LOAD hw/cpu.32
LOAD krnl/atexit.32
LOAD krnl/bootmsg.32
LOAD krnl/c++.32
LOAD krnl/cdefs.32
LOAD krnl/cm.32
LOAD krnl/compat.32
LOAD krnl/computer.32
LOAD krnl/crc32.32
LOAD krnl/env.32
LOAD krnl/fault.32
LOAD krnl/gdt.32
LOAD krnl/idle.32
LOAD krnl/idt.32
LOAD krnl/inlines.32
LOAD krnl/kheap.32
LOAD krnl/mailbox.32
LOAD krnl/main.32
LOAD krnl/mutex.32
LOAD krnl/panic.32
LOAD krnl/physmgr.32
LOAD krnl/pipe.32
LOAD krnl/powctrl.32
LOAD krnl/random.32
LOAD krnl/resolve.32
LOAD krnl/semaphore.32
LOAD krnl/signal.32
LOAD krnl/syscalls.32
LOAD krnl/terminal.32
LOAD krnl/tss.32
LOAD krnl/unixfile.32
LOAD krnl/virtmgr.32
LOAD sys/eject.32
LOAD sys/exit.32
LOAD sys/getcwd.32
LOAD sys/getpid.32
LOAD sys/getramdata.32
LOAD sys/getvgaptr.32
LOAD sys/kill.32
LOAD sys/loaddll.32
LOAD sys/read.32
LOAD sys/registersignal.32
LOAD sys/registry.32
LOAD sys/sbrk.32
LOAD sys/setcwd.32
LOAD sys/settime.32
LOAD sys/symlink.32
LOAD sys/timezone.32
LOAD sys/truncate.32
LOAD sys/write.32
LOAD sys/wsbe.32
LOAD sys/yield.32
LOAD thr/elf.32
LOAD thr/exec.32
LOAD thr/prcssthr.32
LOAD vm86/vm8086.32
LOAD arch/i386/hal.32
LOAD arch/i386/pic.32
LOAD arch/i386/rtc.32
LOAD arch/i386/vga.32
LOAD fs/fat/vfslink.32
LOAD fs/iso9660/helper.32
LOAD fs/iso9660/vfslink.32
LOAD hal/sound/sndcard.32
LOAD hal/sound/sndport.32
LOAD hw/bus/isa.32
LOAD hw/bus/pci.32
LOAD hw/diskctrl/ide.32
LOAD hw/diskctrl/satabus.32
LOAD hw/diskphys/ata.32
LOAD hw/diskphys/atapi.32
LOAD hw/diskphys/sata.32
LOAD hw/diskphys/satapi.32
LOAD hw/intctrl/apic.32
LOAD hw/timer/apictimer.32
LOAD hw/timer/pit.32
LOAD arch/i386/avx.32
LOAD arch/i386/interrupt.32
LOAD arch/i386/rdrand.32
LOAD arch/i386/sse.32
LOAD arch/i386/x87.32
LOAD /cygdrive/d/Users/Alex/Desktop/Toolchain/Output/bin/../lib/gcc/i386-banana/8.1.0/crtend.o
LOAD crtn.32
LOAD /cygdrive/d/Users/Alex/Desktop/Toolchain/Output/bin/../lib/gcc/i386-banana/8.1.0/libkgcc.a
LOAD D:/Users/Alex/Desktop/Banana/kernel/libsoftfp.a
LOAD D:/Users/Alex/Desktop/Banana/kernel/libk/libm32.a
                0x00000000c0000000                . = 0xc0000000

.text           0x00000000c0000000    0x1feea
 *(.text)
 .text          0x00000000c0000000       0x20 D:/Users/Alex/Desktop/Banana/kernel/boot.32
 .text          0x00000000c0000020        0x0 crti.32
 .text          0x00000000c0000020      0x101 /cygdrive/d/Users/Alex/Desktop/Toolchain/Output/bin/../lib/gcc/i386-banana/8.1.0/crtbegin.o
 *fill*         0x00000000c0000121        0xf 
 .text          0x00000000c0000130      0x24f D:/Users/Alex/Desktop/Banana/kernel/morenasm.32
                0x00000000c0000130                manualPCIProbe
                0x00000000c000017b                prepareTramp
                0x00000000c0000194                doTPAUSE
                0x00000000c000019e                hasLegacyFPU
                0x00000000c00001c3                is486
                0x00000000c00001f9                detectCPUID
                0x00000000c000020f                goToVM86
                0x00000000c000023f                goToUsermode
                0x00000000c0000269                switchToThreadASMFirstTime
                0x00000000c0000277                switchToThreadASM
                0x00000000c00002fc                asmQuickAcquireLock
                0x00000000c000031a                asmQuickReleaseLock
                0x00000000c0000326                asmAcquireLock
                0x00000000c0000347                asmReleaseLock
                0x00000000c000035a                loadGDT
                0x00000000c000037a                memcpy
 *fill*         0x00000000c000037f        0x1 
 .text          0x00000000c0000380      0x868 acpica/utclib.32
                0x00000000c0000380                memcmp
                0x00000000c00003d0                memmove
                0x00000000c00004f0                memset
                0x00000000c0000570                strlen
                0x00000000c00005a0                strpbrk
                0x00000000c00005f0                strtok
                0x00000000c0000640                strcpy
                0x00000000c0000680                strncpy
                0x00000000c0000750                strcmp
                0x00000000c00007a0                strchr
                0x00000000c00007e0                strncmp
                0x00000000c0000840                strcat
                0x00000000c0000870                strncat
                0x00000000c00008d0                strstr
                0x00000000c0000930                toupper
                0x00000000c0000950                tolower
                0x00000000c0000970                simple_strtoul
 .text          0x00000000c0000be8     0x1140 krnl/malloc.32
                0x00000000c0000d53                dlfree
                0x00000000c000121a                dlmalloc
                0x00000000c0001757                dlrealloc
                0x00000000c0001934                dlmemalign
                0x00000000c0001a57                dlcalloc
                0x00000000c0001ae8                dlcfree
                0x00000000c0001aed                dlindependent_calloc
                0x00000000c0001b12                dlindependent_comalloc
                0x00000000c0001b29                dlvalloc
                0x00000000c0001b54                dlpvalloc
                0x00000000c0001b8a                dlmalloc_trim
                0x00000000c0001b97                dlmalloc_usable_size
                0x00000000c0001bc8                dlmallinfo
                0x00000000c0001c97                dlmalloc_stats
                0x00000000c0001ca8                dlmallopt
 .text          0x00000000c0001d28      0x1f2 libk/ctype.32
                0x00000000c0001d28                isblank
                0x00000000c0001d48                iscntrl
                0x00000000c0001d68                isdigit
                0x00000000c0001d84                islower
                0x00000000c0001da0                isspace
                0x00000000c0001dc8                isupper
                0x00000000c0001de4                isalpha
                0x00000000c0001e14                isalnum
                0x00000000c0001e44                ispunct
                0x00000000c0001e84                isgraph
                0x00000000c0001eb4                isprint
                0x00000000c0001edc                isxdigit
 .text          0x00000000c0001f1a        0x0 libk/string.32
 *fill*         0x00000000c0001f1a        0x2 
 .text          0x00000000c0001f1c       0x53 arch/i386/cc.32
                0x00000000c0001f1c                LWIP_PLATFORM_HTONS
                0x00000000c0001f40                LWIP_PLATFORM_HTONL
 .text          0x00000000c0001f6f       0x51 fs/fat/diskio.32
                0x00000000c0001f6f                disk_status
                0x00000000c0001f72                disk_initialize
                0x00000000c0001f75                disk_read
                0x00000000c0001f8b                disk_write
                0x00000000c0001fa1                disk_ioctl
 .text          0x00000000c0001fc0     0x3e46 fs/fat/ff.32
                0x00000000c0003de1                f_mount
                0x00000000c0003e43                f_open
                0x00000000c0004106                f_read
                0x00000000c0004305                f_write
                0x00000000c000454d                f_sync
                0x00000000c0004612                f_close
                0x00000000c0004641                f_lseek
                0x00000000c00047f2                f_opendir
                0x00000000c00048bd                f_closedir
                0x00000000c00048df                f_readdir
                0x00000000c0004971                f_stat
                0x00000000c00049f0                f_getfree
                0x00000000c0004af9                f_truncate
                0x00000000c0004be3                f_unlink
                0x00000000c0004d05                f_mkdir
                0x00000000c0004ea0                f_rename
                0x00000000c0005058                f_chmod
                0x00000000c0005108                f_utime
                0x00000000c00051b8                f_getlabel
                0x00000000c0005309                f_setlabel
                0x00000000c0005499                f_expand
                0x00000000c0005606                f_mkfs
 *fill*         0x00000000c0005e06        0x2 
 .text          0x00000000c0005e08       0x2f fs/fat/ffsystem.32
                0x00000000c0005e08                ff_memalloc
                0x00000000c0005e20                ff_memfree
 *fill*         0x00000000c0005e37        0x1 
 .text          0x00000000c0005e38      0x2dc fs/fat/ffunicode.32
                0x00000000c0005e38                ff_uni2oem
                0x00000000c0005ed8                ff_oem2uni
                0x00000000c0005f50                ff_wtoupper
 .text          0x00000000c0006114      0xd32 fs/iso9660/iso9660.32
                0x00000000c000635f                isoReadDiscSector
                0x00000000c00063fa                strnicmp
                0x00000000c00066a9                stricmp
                0x00000000c00066f5                iso_open
                0x00000000c000677f                iso_close
                0x00000000c000679d                iso_read
                0x00000000c00068b3                iso_seek
                0x00000000c0006937                iso_tell
                0x00000000c0006968                iso_total
                0x00000000c0006993                fn_postprocess
                0x00000000c00069ba                iso_readdir
                0x00000000c0006c11                iso_reset
                0x00000000c0006c2e                init_percd
                0x00000000c0006d28                iso_ioctl
                0x00000000c0006d40                fs_iso9660_init
                0x00000000c0006dd6                fs_iso9660_shutdown
 .text          0x00000000c0006e46      0x254 dbg/kconsole.32
                0x00000000c0006e46                Dbg::stringifyxWithBase(unsigned int, char*, int)
                0x00000000c0006ee6                Dbg::logc(char)
                0x00000000c0006f06                Dbg::logs(char*)
                0x00000000c0006f25                Dbg::logWriteInt(unsigned int)
                0x00000000c0006f43                Dbg::logWriteIntBase(unsigned int, int)
                0x00000000c0006f64                Dbg::kprintf(char const*, ...)
 *fill*         0x00000000c000709a        0x2 
 .text          0x00000000c000709c      0x2d4 dbg/usban.32
                0x00000000c000709c                KiUbsanPrintDetails(char const*, void*)
                0x00000000c0007108                __ubsan_handle_type_mismatch_v1
                0x00000000c00071e4                __ubsan_handle_pointer_overflow
                0x00000000c0007210                __ubsan_handle_out_of_bounds
                0x00000000c000723c                __ubsan_handle_add_overflow
                0x00000000c0007268                __ubsan_handle_load_invalid_value
                0x00000000c0007294                __ubsan_handle_divrem_overflow
                0x00000000c00072c0                __ubsan_handle_mul_overflow
                0x00000000c00072ec                __ubsan_handle_sub_overflow
                0x00000000c0007318                __ubsan_handle_shift_out_of_bounds
                0x00000000c0007344                __ubsan_handle_negate_overflow
 .text          0x00000000c0007370      0x814 fs/symlink.32
                0x00000000c00074bf                KiDeinitialiseSymlinks(void*)
                0x00000000c0007552                KeRegisterSymlink(char const*, unsigned long long)
                0x00000000c00075d5                KeInitialiseSymlinks()
                0x00000000c0007737                KiIsSymlinkRegistered(char const*)
                0x00000000c00078a1                KeDereferenceSymlink(char const*, char*)
                0x00000000c0007a48                KeCreateSymlink(char const*, char const*)
 .text          0x00000000c0007b84      0xd68 fs/vfs.32
                0x00000000c0007b84                File::read(unsigned long long, void*, int*)
                0x00000000c0007bdc                File::write(unsigned long long, void*, int*)
                0x00000000c0007c34                Directory::read(unsigned long long, void*, int*)
                0x00000000c0007c8c                Directory::write(unsigned long long, void*, int*)
                0x00000000c0007cba                File::isAtty()
                0x00000000c0007cbe                Directory::isAtty()
                0x00000000c0007cc2                Filesystem::getlabel(LogicalDisk*, int, char*, unsigned int*)
                0x00000000c0007cc8                Filesystem::setlabel(LogicalDisk*, int, char*)
                0x00000000c0007cce                Filesystem::allocateSwapfile(char const*, int)
                0x00000000c0007cd4                File::~File()
                0x00000000c0007cd4                File::~File()
                0x00000000c0007cf8                File::~File()
                0x00000000c0007d22                Directory::~Directory()
                0x00000000c0007d22                Directory::~Directory()
                0x00000000c0007d46                Directory::~Directory()
                0x00000000c0007d70                Filesystem::Filesystem()
                0x00000000c0007d70                Filesystem::Filesystem()
                0x00000000c0007d94                Filesystem::~Filesystem()
                0x00000000c0007d94                Filesystem::~Filesystem()
                0x00000000c0007da2                Filesystem::~Filesystem()
                0x00000000c0007dc6                Fs::getcwd(Process*, char*, int)
                0x00000000c0007df0                Fs::initVFS()
                0x00000000c0007e1a                Fs::standardiseFiles(char*, char const*, char const*, bool)
                0x00000000c0008034                File::File(char const*, Process*, bool)
                0x00000000c0008034                File::File(char const*, Process*, bool)
                0x00000000c0008112                File::File(char const*, Process*)
                0x00000000c0008112                File::File(char const*, Process*)
                0x00000000c0008130                File::open(FileOpenMode)
                0x00000000c000818e                File::close()
                0x00000000c00081ee                File::seek(unsigned long long)
                0x00000000c0008244                File::truncate(unsigned long long)
                0x00000000c000829a                File::tell(unsigned long long*)
                0x00000000c00082ea                File::rewind()
                0x00000000c00082fe                File::unlink()
                0x00000000c000834a                File::rename(char const*)
                0x00000000c0008398                File::chfatattr(unsigned char, unsigned char)
                0x00000000c00083f4                File::exists()
                0x00000000c0008432                File::stat(unsigned long long*, bool*)
                0x00000000c0008493                Fs::setcwd(Process*, char*)
                0x00000000c00085f2                Directory::Directory(char const*, Process*)
                0x00000000c00085f2                Directory::Directory(char const*, Process*)
                0x00000000c00086ba                Directory::open()
                0x00000000c0008716                Directory::close()
                0x00000000c0008776                Directory::unlink()
                0x00000000c00087c2                Directory::rename(char const*)
                0x00000000c0008810                Directory::exists()
                0x00000000c000884e                Directory::read(dirent*)
                0x00000000c000889a                Directory::create()
                0x00000000c00088e6                Filesystem::chfatattr(char const*, unsigned char, unsigned char)
 .text          0x00000000c00088ec       0x86 hal/bus.32
                0x00000000c00088ec                Bus::Bus(char const*)
                0x00000000c00088ec                Bus::Bus(char const*)
                0x00000000c0008924                Bus::~Bus()
                0x00000000c0008924                Bus::~Bus()
                0x00000000c0008948                Bus::~Bus()
 .text          0x00000000c0008972       0x96 hal/buzzer.32
                0x00000000c0008972                beepThread(void*)
                0x00000000c00089af                Krnl::beep(int, int, bool)
 .text          0x00000000c0008a08      0x513 hal/clock.32
                0x00000000c0008a08                User::loadClockSettings()
                0x00000000c0008b0e                Clock::Clock(char const*)
                0x00000000c0008b0e                Clock::Clock(char const*)
                0x00000000c0008b44                Clock::~Clock()
                0x00000000c0008b44                Clock::~Clock()
                0x00000000c0008b68                Clock::~Clock()
                0x00000000c0008b92                Clock::timeInSecondsLocal()
                0x00000000c0008bda                Clock::setTimeInSecondsLocal(unsigned long long)
                0x00000000c0008c33                datetimeToSeconds(datetime_t)
                0x00000000c0008d52                Clock::setTimeInDatetimeLocal(datetime_t)
                0x00000000c0008db2                secondsToDatetime(unsigned long long)
                0x00000000c0008ef6                Clock::timeInDatetimeLocal()
 *fill*         0x00000000c0008f1b        0x1 
 .text          0x00000000c0008f1c      0x47a hal/device.32
                0x00000000c0008f1c                Device::hibernate()
                0x00000000c0008f1e                Device::wake()
                0x00000000c0008f20                Device::detect()
                0x00000000c0008f22                Device::disableLegacy()
                0x00000000c0008f24                Device::powerSaving(PowerSavingLevel)
                0x00000000c0008f26                DriverlessDevice::close(int, int, void*)
                0x00000000c0008f2a                DriverlessDevice::detect()
                0x00000000c0008f2c                DriverlessDevice::open(int, int, void*)
                0x00000000c0008f40                Device::~Device()
                0x00000000c0008f40                Device::~Device()
                0x00000000c0008f4e                Device::~Device()
                0x00000000c0008f76                Device::findAndLoadDriver()
                0x00000000c0008f84                Device::preOpenPCI(PCIDeviceInfo)
                0x00000000c0008faa                Device::preOpenACPI(void*, char*, char*)
                0x00000000c0008fea                Device::addIRQHandler(int, void (*)(regs*, void*), bool, void*)
                0x00000000c0009014                Device::getParent()
                0x00000000c0009020                Device::removeIRQHandler(int, void (*)(regs*, void*), bool)
                0x00000000c000903e                Device::addChild(Device*)
                0x00000000c0009082                Device::removeAllChildren()
                0x00000000c00090c8                Device::hibernateAll()
                0x00000000c00090f8                Device::wakeAll()
                0x00000000c0009128                Device::detectAll()
                0x00000000c0009158                Device::disableLegacyAll()
                0x00000000c000915a                Device::loadDriversForAll()
                0x00000000c000915c                Device::powerSavingAll(PowerSavingLevel)
                0x00000000c0009192                Device::setName(char const*)
                0x00000000c00091a0                Device::Device(char const*)
                0x00000000c00091a0                Device::Device(char const*)
                0x00000000c000929c                Device::getName()
                0x00000000c00092a6                Device::closeAll()
                0x00000000c00092f2                DriverlessDevice::DriverlessDevice(char const*)
                0x00000000c00092f2                DriverlessDevice::DriverlessDevice(char const*)
                0x00000000c0009328                Device::addToLinkedList(LinkedList<Device>&, DeviceType)
                0x00000000c000936c                getDevicesOfType(DeviceType)
 *fill*         0x00000000c0009396        0x2 
 .text          0x00000000c0009398       0x86 hal/diskctrl.32
                0x00000000c0009398                HardDiskController::HardDiskController(char const*)
                0x00000000c0009398                HardDiskController::HardDiskController(char const*)
                0x00000000c00093d0                HardDiskController::~HardDiskController()
                0x00000000c00093d0                HardDiskController::~HardDiskController()
                0x00000000c00093f4                HardDiskController::~HardDiskController()
 .text          0x00000000c000941e       0xe2 hal/diskphys.32
                0x00000000c000941e                PhysicalDisk::eject()
                0x00000000c0009422                PhysicalDisk::PhysicalDisk(char const*, int)
                0x00000000c0009422                PhysicalDisk::PhysicalDisk(char const*, int)
                0x00000000c000948a                PhysicalDisk::startCache()
                0x00000000c00094b2                PhysicalDisk::~PhysicalDisk()
                0x00000000c00094b2                PhysicalDisk::~PhysicalDisk()
                0x00000000c00094d6                PhysicalDisk::~PhysicalDisk()
 .text          0x00000000c0009500        0x0 hal/fpu.32
 .text          0x00000000c0009500      0x359 hal/intctrl.32
                0x00000000c0009500                int_handler
                0x00000000c000958a                installISRHandler(int, void (*)(regs*, void*), void*)
                0x00000000c00095d4                installIRQHandler(int, void (*)(regs*, void*), bool, void*)
                0x00000000c0009708                uninstallISRHandler(int, void (*)(regs*, void*))
                0x00000000c000973c                uninstallIRQHandler(int, void (*)(regs*, void*), bool)
                0x00000000c00097ba                setupINTS()
                0x00000000c0009817                convertLegacyIRQNumber(int)
 *fill*         0x00000000c0009859        0x1 
 .text          0x00000000c000985a      0x8bc hal/keybrd.32
                0x00000000c000985a                startGUI(void*)
                0x00000000c00098c4                startGUIVESA(void*)
                0x00000000c000992e                sendKeyToTerminal(unsigned char)
                0x00000000c0009a09                sendKeyboardToken(KeyboardToken)
                0x00000000c0009ec5                clearInternalKeybuffer(VgaText*)
                0x00000000c0009efa                readKeyboard(VgaText*, char*, unsigned long)
                0x00000000c000a08c                Keyboard::Keyboard(char const*)
                0x00000000c000a08c                Keyboard::Keyboard(char const*)
                0x00000000c000a0c8                Keyboard::~Keyboard()
                0x00000000c000a0c8                Keyboard::~Keyboard()
                0x00000000c000a0ec                Keyboard::~Keyboard()
 .text          0x00000000c000a116      0x3f8 hal/logidisk.32
                0x00000000c000a116                LogicalDisk::close(int, int, void*)
                0x00000000c000a11a                LogicalDisk::~LogicalDisk()
                0x00000000c000a11a                LogicalDisk::~LogicalDisk()
                0x00000000c000a13e                LogicalDisk::~LogicalDisk()
                0x00000000c000a168                LogicalDisk::open(int, int, void*)
                0x00000000c000a17c                LogicalDisk::absoluteToRelative(unsigned long long)
                0x00000000c000a1b4                LogicalDisk::relativeToAbsolute(unsigned long long)
                0x00000000c000a1fa                LogicalDisk::LogicalDisk(char const*, PhysicalDisk*, unsigned long long, unsigned long long)
                0x00000000c000a1fa                LogicalDisk::LogicalDisk(char const*, PhysicalDisk*, unsigned long long, unsigned long long)
                0x00000000c000a2ba                LogicalDisk::assignDriveLetter()
                0x00000000c000a374                LogicalDisk::mount()
                0x00000000c000a3bc                LogicalDisk::unmount()
                0x00000000c000a3cc                LogicalDisk::eject()
                0x00000000c000a3e0                LogicalDisk::unassignDriveLetter()
                0x00000000c000a436                LogicalDisk::read(unsigned long long, int, void*)
                0x00000000c000a4a2                LogicalDisk::write(unsigned long long, int, void*)
 *fill*         0x00000000c000a50e        0x2 
 .text          0x00000000c000a510       0x86 hal/mouse.32
                0x00000000c000a510                Mouse::Mouse(char const*)
                0x00000000c000a510                Mouse::Mouse(char const*)
                0x00000000c000a548                Mouse::~Mouse()
                0x00000000c000a548                Mouse::~Mouse()
                0x00000000c000a56c                Mouse::~Mouse()
 .text          0x00000000c000a596       0x90 hal/nic.32
                0x00000000c000a596                NIC::getMAC()
                0x00000000c000a59c                NIC::write(int, unsigned char*, int*)
                0x00000000c000a5a2                NIC::NIC(char const*)
                0x00000000c000a5a2                NIC::NIC(char const*)
                0x00000000c000a5d8                NIC::~NIC()
                0x00000000c000a5d8                NIC::~NIC()
                0x00000000c000a5fc                NIC::~NIC()
 .text          0x00000000c000a626      0x33b hal/partition.32
                0x00000000c000a626                makePartition(PhysicalDisk*, unsigned long long, unsigned long long)
                0x00000000c000a6ce                createPartitionsForDisk(PhysicalDisk*)
 *fill*         0x00000000c000a961        0x3 
 .text          0x00000000c000a964       0x86 hal/serial.32
                0x00000000c000a964                Serial::Serial(char const*)
                0x00000000c000a964                Serial::Serial(char const*)
                0x00000000c000a99c                Serial::~Serial()
                0x00000000c000a99c                Serial::~Serial()
                0x00000000c000a9c0                Serial::~Serial()
 *fill*         0x00000000c000a9ea        0x2 
 .text          0x00000000c000a9ec      0x230 hal/timer.32
                0x00000000c000a9ec                Timer::Timer(char const*)
                0x00000000c000a9ec                Timer::Timer(char const*)
                0x00000000c000aa24                Timer::~Timer()
                0x00000000c000aa24                Timer::~Timer()
                0x00000000c000aa48                Timer::~Timer()
                0x00000000c000aa72                Timer::read()
                0x00000000c000aa7d                setupTimer(int)
                0x00000000c000aab8                timerHandler(unsigned int)
 .text          0x00000000c000ac1c      0x444 hal/vcache.32
                0x00000000c000ac1c                VCache::VCache(PhysicalDisk*)
                0x00000000c000ac1c                VCache::VCache(PhysicalDisk*)
                0x00000000c000ad8c                VCache::invalidateReadBuffer()
                0x00000000c000ad9c                VCache::writeWriteBuffer()
                0x00000000c000ade8                VCache::~VCache()
                0x00000000c000ade8                VCache::~VCache()
                0x00000000c000ae40                VCache::~VCache()
                0x00000000c000ae68                VCache::write(unsigned long long, int, void*)
                0x00000000c000af5c                VCache::read(unsigned long long, int, void*)
 .text          0x00000000c000b060      0x70e hal/video.32
                0x00000000c000b060                Video::putrect(int, int, int, int, unsigned int)
                0x00000000c000b0ac                Video::bitblit(int, int, int, int, int, int, int, unsigned int*)
                0x00000000c000b11c                Video::blit(unsigned int*, int, int, int, int)
                0x00000000c000b19a                Video::clearScreen(unsigned int)
                0x00000000c000b1ce                Video::putpixel(int, int, unsigned int)
                0x00000000c000b1dc                Video::readPixelApprox(int, int)
                0x00000000c000b1f0                Video::Video(char const*)
                0x00000000c000b1f0                Video::Video(char const*)
                0x00000000c000b226                Video::~Video()
                0x00000000c000b226                Video::~Video()
                0x00000000c000b24a                Video::~Video()
                0x00000000c000b274                Video::isMonochrome()
                0x00000000c000b280                Video::getWidth()
                0x00000000c000b28c                Video::getHeight()
                0x00000000c000b298                Video::drawCursor(int, int, unsigned int*, int)
                0x00000000c000b354                Video::tgaParse(unsigned char*, int, int*, int*)
                0x00000000c000b6fe                Video::putTGA(int, int, unsigned char*, int)
 *fill*         0x00000000c000b76e        0x2 
 .text          0x00000000c000b770     0x129b hw/acpi.32
                0x00000000c000b770                ACPI::close(int, int, void*)
                0x00000000c000b778                findRSDP()
                0x00000000c000b810                loadACPITables(unsigned char*)
                0x00000000c000ba7c                findRSDT(unsigned char*)
                0x00000000c000bbd4                findDataTable(unsigned char*, char*)
                0x00000000c000bc54                scanMADT()
                0x00000000c000c10c                ACPI::ACPI()
                0x00000000c000c10c                ACPI::ACPI()
                0x00000000c000c160                ACPI::getPCIIRQAssignment(unsigned char, unsigned short, unsigned char)
                0x00000000c000c25c                ACPI::registerPCIIRQAssignment(void*, unsigned short, unsigned char, unsigned char)
                0x00000000c000c328                ACPI::setScreenBrightnessLevel(void*, int)
                0x00000000c000c330                ACPI::detectPCI()
                0x00000000c000c550                ACPI::writeSimpleBootFlag(SimpleBootFlagTable*)
                0x00000000c000c568                ACPI::sleep()
                0x00000000c000c584                ACPI::open(int, int, void*)
 *fill*         0x00000000c000ca0b        0x1 
 .text          0x00000000c000ca0c      0xb83 hw/cpu.32
                0x00000000c000ca0c                CPU::close(int, int, void*)
                0x00000000c000ca10                CPU::AMD_K6_write_msr(unsigned int, unsigned int, unsigned int, CPU::REGS*)
                0x00000000c000ca2c                CPU::AMD_K6_read_msr(unsigned int, CPU::REGS*)
                0x00000000c000ca44                CPU::AMD_K6_writeback(int, int, int)
                0x00000000c000cab8                CPU::cpuid(int, unsigned long*, unsigned long*, unsigned long*, unsigned long*)
                0x00000000c000cb3c                CPU::cpuidCheckEDX(unsigned int)
                0x00000000c000cb6a                CPU::cpuidCheckECX(unsigned int)
                0x00000000c000cb98                CPU::cpuidCheckExtendedEBX(unsigned int)
                0x00000000c000cbc6                CPU::cpuidCheckExtendedECX(unsigned int)
                0x00000000c000cbf4                CPU::CPU()
                0x00000000c000cbf4                CPU::CPU()
                0x00000000c000cc82                CPU::displayFeatures()
                0x00000000c000cc84                CPU::detectFeatures()
                0x00000000c000d358                CPU::setupSMEP()
                0x00000000c000d364                CPU::setupUMIP()
                0x00000000c000d36e                CPU::setupTSC()
                0x00000000c000d378                CPU::setupLargePages()
                0x00000000c000d382                CPU::setupPAT()
                0x00000000c000d384                CPU::setupMTRR()
                0x00000000c000d386                CPU::setupGlobalPages()
                0x00000000c000d390                CPU::allowUsermodeDataAccess()
                0x00000000c000d3a2                CPU::prohibitUsermodeDataAccess()
                0x00000000c000d3b4                CPU::setupSMAP()
                0x00000000c000d3c2                CPU::setupFeatures()
                0x00000000c000d486                CPU::open(int, int, void*)
 .text          0x00000000c000d58f       0xb6 krnl/atexit.32
                0x00000000c000d58f                KeInitialiseAtexit()
                0x00000000c000d5ae                KeRegisterAtexit(void (*)(void*), void*)
                0x00000000c000d5e2                KeExecuteAtexit()
 .text          0x00000000c000d645       0x92 krnl/bootmsg.32
                0x00000000c000d645                KeDisplaySplashScreen()
                0x00000000c000d674                KeSetBootMessage(char const*)
 .text          0x00000000c000d6d7       0x5f krnl/c++.32
                0x00000000c000d6d7                __cxa_atexit
                0x00000000c000d6da                __cxa_finalize
                0x00000000c000d6db                __stack_chk_fail
                0x00000000c000d711                __cxa_pure_virtual
                0x00000000c000d722                operator new[](unsigned long)
                0x00000000c000d727                operator delete(void*, unsigned long)
                0x00000000c000d72c                operator delete[](void*)
                0x00000000c000d731                operator delete[](void*, unsigned long)
 *fill*         0x00000000c000d736        0x2 
 .text          0x00000000c000d738       0x48 krnl/cdefs.32
                0x00000000c000d738                CUnlockScheduler
                0x00000000c000d754                CLockScheduler
                0x00000000c000d764                CPrintf
 .text          0x00000000c000d780      0xd56 krnl/cm.32
                0x00000000c000d780                CmOpen(char const*)
                0x00000000c000d89e                CmClose(Reghive_Tag*)
                0x00000000c000d8b4                CmReadExtent(Reghive_Tag*, int, unsigned char*)
                0x00000000c000d8f0                CmGetString(Reghive_Tag*, int, char*)
                0x00000000c000d967                CmEnterDirectory(Reghive_Tag*, int)
                0x00000000c000d9a6                CmGetNext(Reghive_Tag*, int)
                0x00000000c000d9d8                CmWriteExtent(Reghive_Tag*, int, unsigned char*)
                0x00000000c000da14                CmFreeExtent(Reghive_Tag*, int)
                0x00000000c000da3c                CmUpdateHeader(Reghive_Tag*)
                0x00000000c000da5d                CmExpand(Reghive_Tag*, int)
                0x00000000c000dad8                CmFindUnusedExtent(Reghive_Tag*)
                0x00000000c000db5e                CmCreateExtent(Reghive_Tag*, int, int, unsigned char*)
                0x00000000c000dc52                CmSetString(Reghive_Tag*, int, char const*)
                0x00000000c000dd8e                CmGetMatch(char*, char*, bool, bool*)
                0x00000000c000ddef                CmAddShift(unsigned int*, int*, unsigned char, int)
                0x00000000c000de1f                CmGetShift(unsigned int*, int*, int, bool*)
                0x00000000c000de56                CmGetInteger(Reghive_Tag*, int, unsigned long long*)
                0x00000000c000de80                CmSetInteger(Reghive_Tag*, int, unsigned long long)
                0x00000000c000dec0                CmConvertFromInternalFilename(unsigned char const*, char*)
                0x00000000c000df64                CmGetNameAndTypeFromExtent(Reghive_Tag*, int, char*)
                0x00000000c000df92                CmConvertToInternalFilename(char const*, unsigned char*)
                0x00000000c000e130                CmCreateString(Reghive_Tag*, int, char const*)
                0x00000000c000e17d                CmFindInDirectory(Reghive_Tag*, int, char const*)
                0x00000000c000e1f7                CmCreateInteger(Reghive_Tag*, int, char const*, unsigned long long, int)
                0x00000000c000e24a                CmCreateDirectory(Reghive_Tag*, int, char const*)
                0x00000000c000e30e                zStrtok(char*, char const*)
                0x00000000c000e380                CmFindObjectFromPath(Reghive_Tag*, char const*)
                0x00000000c000e401                CmDisplayTree(Reghive_Tag*, int, int)
                0x00000000c000e4a4                CmSplitFinalSlashInPlace(char*)
 *fill*         0x00000000c000e4d6        0x2 
 .text          0x00000000c000e4d8       0x1d krnl/compat.32
                0x00000000c000e4d8                Krnl::handlePowerButton()
                0x00000000c000e4e8                Krnl::handleSleepButton()
 *fill*         0x00000000c000e4f5        0x1 
 .text          0x00000000c000e4f6      0x4f1 krnl/computer.32
                0x00000000c000e4f6                Computer::close(int, int, void*)
                0x00000000c000e4fc                KeFirstTask()
                0x00000000c000e61e                Computer::Computer()
                0x00000000c000e61e                Computer::Computer()
                0x00000000c000e676                Computer::detectFeatures()
                0x00000000c000e89c                Computer::open(int, int, void*)
                0x00000000c000e96a                KePrepareShutdown()
                0x00000000c000e98a                KeShutdown()
                0x00000000c000e9ae                KeSleep()
                0x00000000c000e9c6                KeRestart()
 .text          0x00000000c000e9e7       0x2b krnl/crc32.32
                0x00000000c000e9e7                KeCalculateCRC32(unsigned char*, int)
 .text          0x00000000c000ea12      0x5bf krnl/env.32
                0x00000000c000ea12                EnvVarContainer::getEnv(char const*)
                0x00000000c000ea50                EnvVarContainer::setEnv(char const*, char const*)
                0x00000000c000eb12                EnvVarContainer::deleteEnv(char const*)
                0x00000000c000eb14                EnvVarContainer::loadFrom(char const*, char const*)
                0x00000000c000ed38                EnvVarContainer::__loadSystem()
                0x00000000c000ed52                EnvVarContainer::__loadUser()
                0x00000000c000ed54                EnvVarContainer::EnvVarContainer(Process*)
                0x00000000c000ed54                EnvVarContainer::EnvVarContainer(Process*)
                0x00000000c000ed76                EnvVarContainer::~EnvVarContainer()
                0x00000000c000ed76                EnvVarContainer::~EnvVarContainer()
                0x00000000c000eda6                KeGetEnv(Process*, char const*)
                0x00000000c000ee0b                KeSetEnvSystem(char const*, char const*)
                0x00000000c000ee25                KeSetEnvUser(char const*, char const*)
                0x00000000c000ee44                KeSetEnvProcess(Process*, char const*, char const*)
                0x00000000c000ee57                KeDeleteEnvSystem(char const*)
                0x00000000c000ee58                KeDeleteEnvUser(char const*)
                0x00000000c000ee59                KeDeleteEnvProcess(Process*, char const*)
                0x00000000c000ee5a                KeNewProcessEnv(Process*)
                0x00000000c000ee7c                KeCopyProcessEnv(Process*, Process*)
                0x00000000c000eec8                KeLoadSystemEnv()
                0x00000000c000eef6                KeLoadUserEnv()
                0x00000000c000ef1c                KeFlushEnv()
                0x00000000c000ef1d                KeGetProcessTotalEnvCount(Process*)
                0x00000000c000ef3d                KeGetProcessEnvPair(Process*, int)
 *fill*         0x00000000c000efd1        0x3 
 .text          0x00000000c000efd4      0x1a9 krnl/fault.32
                0x00000000c000efd4                KeDisplayProgramFault(char const*)
                0x00000000c000f024                KeGeneralProtectionFault(void*, void*)
                0x00000000c000f078                KePageFault(void*, void*)
                0x00000000c000f0cc                KeNonMaskableInterrupt(void*, void*)
                0x00000000c000f0dc                KeOtherFault(void*, void*)
                0x00000000c000f110                KeOpcodeFault(void*, void*)
                0x00000000c000f164                KeDoubleFault(void*, void*)
 *fill*         0x00000000c000f17d        0x1 
 .text          0x00000000c000f17e      0x1db krnl/gdt.32
                0x00000000c000f17e                GDTEntry::setBase(unsigned int)
                0x00000000c000f19a                GDTEntry::setLimit(unsigned int)
                0x00000000c000f1b8                GDT::GDT()
                0x00000000c000f1b8                GDT::GDT()
                0x00000000c000f1ce                GDT::addEntry(GDTEntry)
                0x00000000c000f1f0                GDT::getNumberOfEntries()
                0x00000000c000f1f8                GDT::flush()
                0x00000000c000f21a                GDT::setup()
 .text          0x00000000c000f359       0x1d krnl/idle.32
                0x00000000c000f359                idleFunction(void*)
 *fill*         0x00000000c000f376        0x2 
 .text          0x00000000c000f378      0x46c krnl/idt.32
                0x00000000c000f378                IDTEntry::IDTEntry(bool)
                0x00000000c000f378                IDTEntry::IDTEntry(bool)
                0x00000000c000f3f2                IDTEntry::setOffset(unsigned int)
                0x00000000c000f408                IDT::IDT()
                0x00000000c000f408                IDT::IDT()
                0x00000000c000f40a                IDT::getPointerToInvalidOpcodeEntryForF00F()
                0x00000000c000f412                IDT::addEntry(IDTEntry, int)
                0x00000000c000f42c                IDT::addEntry(int, void (*)(), bool)
                0x00000000c000f464                IDT::flush()
                0x00000000c000f47e                IDT::setup()
 .text          0x00000000c000f7e4       0x94 krnl/inlines.32
                0x00000000c000f7e4                CPU::current()
                0x00000000c000f7f0                operator new(unsigned long)
                0x00000000c000f7f5                operator delete(void*)
                0x00000000c000f7fa                disableIRQs()
                0x00000000c000f7fc                enableIRQs()
                0x00000000c000f7fe                lockScheduler()
                0x00000000c000f806                unlockScheduler()
                0x00000000c000f815                lockStuff()
                0x00000000c000f823                unlockStuff()
                0x00000000c000f85d                Virt::getAKernelVAS()
                0x00000000c000f863                __not_memcpy
 .text          0x00000000c000f878      0x205 krnl/kheap.32
                0x00000000c000f878                sbrk
                0x00000000c000f90f                sbrk_thunk
                0x00000000c000f945                mmap
                0x00000000c000f9a3                munmap
                0x00000000c000f9b8                liballoc_lock()
                0x00000000c000f9c6                liballoc_unlock()
                0x00000000c000f9dc                liballoc_alloc(int)
                0x00000000c000f9f4                liballoc_free(void*, int)
                0x00000000c000fa0f                realloc
                0x00000000c000fa23                malloc
                0x00000000c000fa33                free
                0x00000000c000fa43                rfree
                0x00000000c000fa53                calloc
 *fill*         0x00000000c000fa7d        0x3 
 .text          0x00000000c000fa80      0x1e3 krnl/mailbox.32
                0x00000000c000fa80                KeMailboxTryPost(Mailbox*, void*)
                0x00000000c000fae4                KeMailboxTryGet(Mailbox*, void**)
                0x00000000c000fb48                KeMailboxCreate()
                0x00000000c000fb7c                KeMailboxPost(Mailbox*, void*)
                0x00000000c000fbe4                KeMailboxGet(Mailbox*, void**)
                0x00000000c000fc4c                KeMailboxDestroy(Mailbox*)
 .text          0x00000000c000fc63       0xc7 krnl/main.32
                0x00000000c000fc63                KeEntryPoint
 *fill*         0x00000000c000fd2a        0x2 
 .text          0x00000000c000fd2c       0x1a krnl/mutex.32
                0x00000000c000fd2c                Mutex::Mutex()
                0x00000000c000fd2c                Mutex::Mutex()
 .text          0x00000000c000fd46        0xc krnl/panic.32
                0x00000000c000fd46                KePanic(char const*)
 .text          0x00000000c000fd52      0x644 krnl/physmgr.32
                0x00000000c000fd52                Phys::allocateDMA(unsigned long)
                0x00000000c000fe3a                Phys::freeDMA(unsigned long, unsigned long)
                0x00000000c000fe75                Phys::setPageState(unsigned long, bool)
                0x00000000c000feb5                Phys::getPageState(unsigned long)
                0x00000000c000fed1                Phys::freePage(unsigned long)
                0x00000000c000ff3a                Phys::allocatePage()
                0x00000000c0010009                Phys::allocateContiguousPages(int)
                0x00000000c0010070                Phys::allowSegmentToBeUsed(unsigned long, unsigned long)
                0x00000000c00100a8                Phys::physicalMemorySetup(unsigned int)
 .text          0x00000000c0010396      0x273 krnl/pipe.32
                0x00000000c0010396                Pipe::isAtty()
                0x00000000c001039a                Pipe::~Pipe()
                0x00000000c001039a                Pipe::~Pipe()
                0x00000000c00103be                Pipe::~Pipe()
                0x00000000c00103e6                Pipe::write(unsigned long long, void*, int*)
                0x00000000c00104a6                Pipe::read(unsigned long long, void*, int*)
                0x00000000c00105a2                Pipe::Pipe(int)
                0x00000000c00105a2                Pipe::Pipe(int)
 .text          0x00000000c0010609      0x108 krnl/powctrl.32
                0x00000000c0010609                KePowerThread(void*)
                0x00000000c0010637                KeChangePowerSettings(PowerSettings)
                0x00000000c001064d                KeUserIOReceived()
                0x00000000c0010658                KeHandlePowerButton()
                0x00000000c0010670                KeHandleSleepButton()
                0x00000000c0010688                KeSetupPowerManager()
 .text          0x00000000c0010711       0x9d krnl/random.32
                0x00000000c0010711                KeRand()
                0x00000000c0010753                KeSeedRand(unsigned int)
                0x00000000c001077c                KeInitRand()
 *fill*         0x00000000c00107ae        0x2 
 .text          0x00000000c00107b0      0x1bc krnl/resolve.32
                0x00000000c00107b0                KeResolveCompatibilitySymbol(char*)
 .text          0x00000000c001096c      0x415 krnl/semaphore.32
                0x00000000c001096c                Semaphore::Semaphore(int)
                0x00000000c001096c                Semaphore::Semaphore(int)
                0x00000000c001099c                Semaphore::tryAcquire()
                0x00000000c0010a78                Semaphore::assertLocked(char const*)
                0x00000000c0010b08                Semaphore::acquire(int)
                0x00000000c0010cb0                Semaphore::acquire()
                0x00000000c0010ccc                Semaphore::release()
 .text          0x00000000c0010d81      0x322 krnl/signal.32
                0x00000000c0010d81                KiSigKill(int)
                0x00000000c0010d95                KiDefaultSignalHandlerIgnore(int)
                0x00000000c0010d96                KiDefaultSignalHandlerPause(int)
                0x00000000c0010dc2                KiDefaultSignalHandlerResume(int)
                0x00000000c0010dee                KeDeinitSignals(SigHandlerBlock*)
                0x00000000c0010df3                KeInitSignals()
                0x00000000c0010e45                KeRegisterSignalHandler(SigHandlerBlock*, int, void (*)(int), unsigned int, int)
                0x00000000c0010e7b                KeRaiseSignal(SigHandlerBlock*, int)
                0x00000000c0010ef8                KeCheckSignal(SigHandlerBlock*, int*)
                0x00000000c0010fef                KiCheckSignalZ
                0x00000000c0011031                KeCompleteSignal(SigHandlerBlock*, int)
                0x00000000c001106c                KiFinishSignalZ
 .text          0x00000000c00110a3      0xe1d krnl/syscalls.32
                0x00000000c00110a3                SysSeekDir(regs*)
                0x00000000c00110a8                SysTellDir(regs*)
                0x00000000c00110ad                SysVerify(regs*)
                0x00000000c00110b7                SysGetArgc(regs*)
                0x00000000c00110cb                SysTTYName(regs*)
                0x00000000c00110d3                SysFormatDisk(regs*)
                0x00000000c001114a                SysSetDiskVolumeLabel(regs*)
                0x00000000c001119e                SysGetDiskVolumeLabel(regs*)
                0x00000000c00111f7                SysShutdown(regs*)
                0x00000000c0011255                SysRealpath(regs*)
                0x00000000c0011299                SysReadDir(regs*)
                0x00000000c0011319                SysIsATTY(regs*)
                0x00000000c0011373                SysSeek(regs*)
                0x00000000c00113ca                SysTell(regs*)
                0x00000000c0011437                SysSize(regs*)
                0x00000000c00114aa                SysSizeFromFilename(regs*)
                0x00000000c00115db                SysSizeFromFilenameNoSymlink(regs*)
                0x00000000c001170c                SysClose(regs*)
                0x00000000c001176c                SysOpenDir(regs*)
                0x00000000c00117e9                SysMakeDir(regs*)
                0x00000000c0011857                SysCloseDir(regs*)
                0x00000000c00118ab                SysWait(regs*)
                0x00000000c00118cc                SysNotImpl(regs*)
                0x00000000c00118e7                SysPanic(regs*)
                0x00000000c0011902                SysRmdir(regs*)
                0x00000000c0011967                SysUnlink(regs*)
                0x00000000c00119cc                SysGetArgv(regs*)
                0x00000000c0011a19                SysUSleep(regs*)
                0x00000000c0011a42                SysSpawn(regs*)
                0x00000000c0011ab5                SysGetEnv(regs*)
                0x00000000c0011b66                SysSetFatAttrib(regs*)
                0x00000000c0011bd9                SysPipe(regs*)
                0x00000000c0011c1e                SysGetUnixTime(regs*)
                0x00000000c0011c32                string_ends_with(char const*, char const*)
                0x00000000c0011c7a                SysOpen(regs*)
                0x00000000c0011e71                KeSystemCall(regs*, void*)
 .text          0x00000000c0011ec0      0xab3 krnl/terminal.32
                0x00000000c0011ec0                VgaText::isAtty()
                0x00000000c0011ec4                VgaText::~VgaText()
                0x00000000c0011ec4                VgaText::~VgaText()
                0x00000000c0011ee8                VgaText::~VgaText()
                0x00000000c0011f12                VgaText::read(unsigned long long, void*, int*)
                0x00000000c0011f32                setTerminalScrollLock(bool)
                0x00000000c0011f33                doTerminalCycle()
                0x00000000c0011f34                addToTerminalCycle(VgaText*)
                0x00000000c0011f35                scrollTerminalScrollLock(int)
                0x00000000c0011f36                VgaText::updateTitle()
                0x00000000c0011f38                VgaText::load()
                0x00000000c0011f3a                VgaText::updateCursor()
                0x00000000c0011f50                VgaText::doANSI_SGR(int)
                0x00000000c0011fc4                VgaText::setDefaultBgColour(VgaColour)
                0x00000000c0011fd4                VgaText::setDefaultFgColour(VgaColour)
                0x00000000c0011fe4                VgaText::setDefaultColours(VgaColour, VgaColour)
                0x00000000c0012004                VgaText::setTitleTextColour(VgaColour)
                0x00000000c0012010                VgaText::setTitleColour(VgaColour)
                0x00000000c001201c                VgaText::setTitle(char*)
                0x00000000c001201e                VgaText::combineColours(unsigned char, unsigned char)
                0x00000000c0012030                VgaText::scrollScreen()
                0x00000000c00120c2                VgaText::combineCharAndColour(char, unsigned char)
                0x00000000c00120d2                VgaText::writeCharacter(char, VgaColour, VgaColour, int, int)
                0x00000000c0012162                VgaText::getCursorX()
                0x00000000c001216a                VgaText::getCursorY()
                0x00000000c0012172                VgaText::setCursor(int, int)
                0x00000000c0012189                setActiveTerminal(VgaText*)
                0x00000000c00121d4                VgaText::clearScreen()
                0x00000000c0012222                VgaText::setCursorX(int)
                0x00000000c001223a                VgaText::setCursorY(int)
                0x00000000c0012252                VgaText::incrementCursor(bool)
                0x00000000c00122a6                VgaText::decrementCursor(bool)
                0x00000000c00122c8                VgaText::putchar(char, VgaColour, VgaColour)
                0x00000000c0012398                VgaText::putchar(char)
                0x00000000c0012490                VgaText::putx(unsigned int)
                0x00000000c00124d6                VgaText::puts(char const*)
                0x00000000c00124fc                VgaText::write(unsigned long long, void*, int*)
                0x00000000c0012548                VgaText::puts(char const*, VgaColour, VgaColour)
                0x00000000c0012696                VgaText::VgaText(char const*)
                0x00000000c0012696                VgaText::VgaText(char const*)
                0x00000000c00127e6                VgaText::receiveKey(unsigned char)
                0x00000000c0012972                VgaText::doUpdate()
 *fill*         0x00000000c0012973        0x1 
 .text          0x00000000c0012974      0x1a1 krnl/tss.32
                0x00000000c0012974                TSS::TSS()
                0x00000000c0012974                TSS::TSS()
                0x00000000c0012984                TSS::setESP(unsigned long)
                0x00000000c0012998                TSS::flush()
                0x00000000c00129b8                TSS::setup(unsigned long, unsigned long)
 *fill*         0x00000000c0012b15        0x1 
 .text          0x00000000c0012b16      0x4ca krnl/unixfile.32
                0x00000000c0012b16                ReservedFilename::read(unsigned long long, void*, int*)
                0x00000000c0012b6c                ReservedFilename::isAtty()
                0x00000000c0012b88                ReservedFilename::write(unsigned long long, void*, int*)
                0x00000000c0012be6                UnixFile::getFileDescriptor()
                0x00000000c0012bee                UnixFile::UnixFile(int)
                0x00000000c0012bee                UnixFile::UnixFile(int)
                0x00000000c0012da2                ReservedFilename::ReservedFilename(int)
                0x00000000c0012da2                ReservedFilename::ReservedFilename(int)
                0x00000000c0012dd4                UnixFile::~UnixFile()
                0x00000000c0012dd4                UnixFile::~UnixFile()
                0x00000000c0012e70                UnixFile::~UnixFile()
                0x00000000c0012e98                ReservedFilename::~ReservedFilename()
                0x00000000c0012e98                ReservedFilename::~ReservedFilename()
                0x00000000c0012ebc                ReservedFilename::~ReservedFilename()
                0x00000000c0012ee3                KeGetFileFromDescriptor(int)
 .text          0x00000000c0012fe0     0x1210 krnl/virtmgr.32
                0x00000000c0012fe0                Virt::setPageState(unsigned long, Virt::VirtPageState)
                0x00000000c001301a                Virt::getPageState(unsigned long)
                0x00000000c001303d                Virt::allocateKernelVirtualPages(int)
                0x00000000c0013162                Virt::freeSwapfilePage(unsigned long)
                0x00000000c0013185                Virt::swapIDToSector(unsigned long)
                0x00000000c001319b                Virt::allocateSwapfilePage()
                0x00000000c001321b                Virt::virtualMemorySetup()
                0x00000000c001326c                Virt::setupPageSwapping(int)
                0x00000000c00132de                VAS::setCPUSpecific(unsigned long)
                0x00000000c00132e0                VAS::VAS(VAS*)
                0x00000000c00132e0                VAS::VAS(VAS*)
                0x00000000c00132f8                VAS::getForeignPageTableEntry(bool, unsigned long)
                0x00000000c0013326                VAS::getPageTableEntry(unsigned long)
                0x00000000c0013345                Virt::freeKernelVirtualPages(unsigned long)
                0x00000000c0013482                VAS::freeAllocatedPages(unsigned long)
                0x00000000c00134a6                VAS::virtualToPhysical(unsigned long)
                0x00000000c00134c0                VAS::reflagRange(unsigned long, int, unsigned long, unsigned long)
                0x00000000c0013502                VAS::VAS()
                0x00000000c0013502                VAS::VAS()
                0x00000000c001356c                VAS::setToWriteCombining(unsigned long, int)
                0x00000000c00135a0                VAS::mapOtherVASIn(bool, VAS*)
                0x00000000c00135cc                VAS::~VAS()
                0x00000000c00135cc                VAS::~VAS()
                0x00000000c001373a                VAS::mapPage(unsigned long, unsigned long, int)
                0x00000000c001383e                VAS::allocatePages(int, int)
                0x00000000c0013934                VAS::mapRange(unsigned long, unsigned long, int, int)
                0x00000000c001398c                VAS::mapForeignPage(bool, VAS*, unsigned long, unsigned long, int)
                0x00000000c0013a82                VAS::VAS(bool)
                0x00000000c0013a82                VAS::VAS(bool)
                0x00000000c0013ccc                VAS::evict(unsigned long)
                0x00000000c0013daa                VAS::tryLoadBackOffDisk(unsigned long)
                0x00000000c0013f52                VAS::allocateSharedMemoryWithKernel(unsigned long, unsigned long*)
                0x00000000c0013fc6                VAS::freeSharedMemoryWithKernel(unsigned long, unsigned long)
                0x00000000c0013ff2                VAS::scanForEviction()
                0x00000000c00140f5                mapVASFirstTime
 .text          0x00000000c00141f0       0x36 sys/eject.32
                0x00000000c00141f0                SysEject(regs*)
 .text          0x00000000c0014226       0x18 sys/exit.32
                0x00000000c0014226                SysExit(regs*)
 .text          0x00000000c001423e       0x1f sys/getcwd.32
                0x00000000c001423e                SysGetCwd(regs*)
 .text          0x00000000c001425d        0xc sys/getpid.32
                0x00000000c001425d                SysGetPID(regs*)
 .text          0x00000000c0014269       0x1a sys/getramdata.32
                0x00000000c0014269                SysGetRAMData(regs*)
 .text          0x00000000c0014283       0x82 sys/getvgaptr.32
                0x00000000c0014283                SysGetVGAPtr(regs*)
 *fill*         0x00000000c0014305        0x3 
 .text          0x00000000c0014308       0xb9 sys/kill.32
                0x00000000c0014308                SysKill(regs*)
 .text          0x00000000c00143c1       0xa8 sys/loaddll.32
                0x00000000c00143c1                SysLoadDLL(regs*)
 .text          0x00000000c0014469       0x68 sys/read.32
                0x00000000c0014469                SysRead(regs*)
 .text          0x00000000c00144d1       0x29 sys/registersignal.32
                0x00000000c00144d1                SysRegisterSignal(regs*)
 .text          0x00000000c00144fa      0x1cc sys/registry.32
                0x00000000c00144fa                SysRegistryGetTypeFromPath(regs*)
                0x00000000c001453e                SysRegistryReadExtent(regs*)
                0x00000000c0014586                SysRegistryPathToExtentLookup(regs*)
                0x00000000c001459d                SysRegistryEnterDirectory(regs*)
                0x00000000c00145b4                SysRegistryGetNext(regs*)
                0x00000000c00145cb                SysRegistryGetNameAndTypeFromExtent(regs*)
                0x00000000c0014605                SysRegistryOpen(regs*)
                0x00000000c0014619                SysRegistryClose(regs*)
                0x00000000c0014630                SysRegistryEasyReadString(regs*)
                0x00000000c001467c                SysRegistryEasyReadInteger(regs*)
 .text          0x00000000c00146c6       0x55 sys/sbrk.32
                0x00000000c00146c6                SysSbrk(regs*)
 .text          0x00000000c001471b       0x1c sys/setcwd.32
                0x00000000c001471b                SysSetCwd(regs*)
 .text          0x00000000c0014737       0x96 sys/settime.32
                0x00000000c0014737                SysSetTime(regs*)
 .text          0x00000000c00147cd       0x73 sys/symlink.32
                0x00000000c00147cd                SysSymlink(regs*)
 .text          0x00000000c0014840       0x3f sys/timezone.32
                0x00000000c0014840                SysTimezone(regs*)
 .text          0x00000000c001487f       0xfc sys/truncate.32
                0x00000000c001487f                SysTruncate(regs*)
 .text          0x00000000c001497b       0x68 sys/write.32
                0x00000000c001497b                SysWrite(regs*)
 .text          0x00000000c00149e3       0x9d sys/wsbe.32
                0x00000000c00149e3                SysWsbe(regs*)
 .text          0x00000000c0014a80       0x25 sys/yield.32
                0x00000000c0014a80                SysYield(regs*)
 .text          0x00000000c0014aa5     0x1207 thr/elf.32
                0x00000000c0014aa5                Thr::allocateMemoryForTask(Process*, File*, unsigned long, unsigned long, unsigned long)
                0x00000000c0014d33                Thr::loadProgramIntoMemory(Process*, char const*)
                0x00000000c0014f45                Thr::runtimeReferenceHelper()
                0x00000000c0014f58                Thr::getAddressOfKernelSymbol(char const*)
                0x00000000c0014fa7                Thr::loadKernelSymbolTable(char const*)
                0x00000000c0015265                Thr::loadDriverIntoMemory(char const*, unsigned long, bool)
                0x00000000c001599e                Thr::getDriverBaseFromAddress(unsigned long)
                0x00000000c00159d0                Thr::getDriverNameFromAddress(unsigned long)
                0x00000000c0015a07                Thr::getDriverOffsetFromAddress(unsigned long)
                0x00000000c0015a21                Thr::loadDLL(char const*, bool)
                0x00000000c0015c73                Thr::executeDLL(unsigned long, void*)
 .text          0x00000000c0015cac       0x5a thr/exec.32
                0x00000000c0015cac                KeProcessExec(Process*, char const*)
 *fill*         0x00000000c0015d06        0x2 
 .text          0x00000000c0015d08     0x1131 thr/prcssthr.32
                0x00000000c0015d08                userModeEntryPoint(void*)
                0x00000000c0015d30                changeTSS
                0x00000000c0015d60                switchToThread(ThreadControlBlock*)
                0x00000000c0015e10                Process::addArgs(char**)
                0x00000000c0015e7c                Process::Process(char const*, Process*, char**)
                0x00000000c0015e7c                Process::Process(char const*, Process*, char**)
                0x00000000c0016088                Process::Process(bool, char const*, Process*, char**)
                0x00000000c0016088                Process::Process(bool, char const*, Process*, char**)
                0x00000000c001625c                taskStartupFunction
                0x00000000c0016268                KeDisablePreemption()
                0x00000000c0016290                KeRestorePreemption()
                0x00000000c00162b0                Process::createThread(void (*)(void*), void*, int)
                0x00000000c00163bc                Process::createUserThread()
                0x00000000c00163dc                setupMultitasking(void (*)())
                0x00000000c0016500                schedule()
                0x00000000c0016594                blockTaskWithSchedulerLockAlreadyHeld(TaskState)
                0x00000000c00165bc                blockTask(TaskState)
                0x00000000c00165f4                waitTask(int, int*, int)
                0x00000000c0016638                milliTenthSleepUntil(unsigned int)
                0x00000000c00166d8                milliTenthSleep(unsigned int)
                0x00000000c00166ec                sleep(unsigned int)
                0x00000000c0016708                taskReturned
                0x00000000c001674c                Thr::processFromPID(int)
                0x00000000c00167f8                unblockTask(ThreadControlBlock*)
                0x00000000c00168a4                cleanupTerminatedTask(ThreadControlBlock*)
                0x00000000c0016b78                cleanerTaskFunction(void*)
                0x00000000c0016c80                terminateTask(int)
                0x00000000c0016d6c                Thr::terminateFromIRQ(int)
 .text          0x00000000c0016e39      0xd00 vm86/vm8086.32
                0x00000000c0016e39                Vm::inbv(unsigned short)
                0x00000000c0016e4c                Vm::outbv(unsigned short, unsigned char)
                0x00000000c0016e82                Vm::realToLinear(unsigned short, unsigned short)
                0x00000000c0016e92                Vm::getSegment(unsigned int)
                0x00000000c0016e9a                Vm::getOffset(unsigned int)
                0x00000000c0016e9f                Vm::mainloop2()
                0x00000000c0016ed9                Vm::mainVm8086Loop(void*)
                0x00000000c0016ee9                Vm::mainloop3(unsigned long)
                0x00000000c0016f0f                Vm::initialise8086()
                0x00000000c0016f52                Vm::resetConventionalMemory8086()
                0x00000000c0016f53                Vm::finish8086()
                0x00000000c0016fb4                Vm::getOutput8086(unsigned char*)
                0x00000000c0016fd9                Vm::start8086FromBuffer(unsigned char*, int, unsigned short, unsigned short, unsigned short, unsigned short)
                0x00000000c0017100                Vm::start8086(char const*, unsigned short, unsigned short, unsigned short, unsigned short)
                0x00000000c0017308                Vm::doISR(regs*, int, unsigned char*, unsigned short, unsigned short)
                0x00000000c00173a1                Vm::readByteFromReal(unsigned short, unsigned short)
                0x00000000c00173b2                Vm::readWordFromReal(unsigned short, unsigned short)
                0x00000000c00173c4                Vm::readDwordFromReal(unsigned short, unsigned short)
                0x00000000c00173d5                Vm::writeByteFromReal(unsigned short, unsigned short, unsigned char)
                0x00000000c00173ea                Vm::writeWordFromReal(unsigned short, unsigned short, unsigned short)
                0x00000000c0017400                Vm::writeDwordFromReal(unsigned short, unsigned short, unsigned int)
                0x00000000c0017415                Vm::faultHandler(regs*)
 .text          0x00000000c0017b39      0xb3d arch/i386/hal.32
                0x00000000c0017b39                noCopro(unsigned long)
                0x00000000c0017b3a                x86ReadCMOS(unsigned char)
                0x00000000c0017b8e                x86WriteCMOS(unsigned char, unsigned char)
                0x00000000c0017bee                HalEnableNMI()
                0x00000000c0017c01                HalDisableNMI()
                0x00000000c0017c14                HalGetNMIState()
                0x00000000c0017c1a                x86rdmsr(unsigned int)
                0x00000000c0017c5e                x86wrmsr(unsigned int, unsigned long long)
                0x00000000c0017ca9                HalHandleGeneralProtectionFault(void*, void*)
                0x00000000c0017cbf                HalHandlePageFault(void*, void*)
                0x00000000c0017cee                HalHandleOpcodeFault(void*, void*)
                0x00000000c0017d3c                HalDisplayDebugInfo(void*)
                0x00000000c00180ca                HalReceivedNMI()
                0x00000000c0018165                HalSystemIdle()
                0x00000000c00181d8                i386SaveCoprocessor(void*)
                0x00000000c00181ec                i386LoadCoprocessor(void*)
                0x00000000c0018200                x87EmulHandler(regs*, void*)
                0x00000000c001829d                HalInitialiseCoprocessor()
                0x00000000c0018326                HalPanic(char const*)
                0x00000000c001843a                HalQueryPerformanceCounter()
                0x00000000c0018455                HalInitialise()
                0x00000000c001860b                HalMakeBeep(int)
                0x00000000c0018645                HalGetRand()
                0x00000000c0018648                HalEndOfInterrupt(int)
                0x00000000c0018673                HalRestart()
                0x00000000c0018674                HalShutdown()
                0x00000000c0018675                HalSleep()
 *fill*         0x00000000c0018676        0x2 
 .text          0x00000000c0018678      0x2dc arch/i386/pic.32
                0x00000000c0018678                picIoWait()
                0x00000000c0018680                picDisable()
                0x00000000c00186b4                picGetIRQReg(int)
                0x00000000c0018730                picOpen()
                0x00000000c00188b4                picEOI(int)
 .text          0x00000000c0018954      0x5f8 arch/i386/rtc.32
                0x00000000c0018954                RTC::open(int, int, void*)
                0x00000000c0018958                RTC::close(int, int, void*)
                0x00000000c001895c                RTC::timeInSecondsUTC()
                0x00000000c001896e                RTC::timeInDatetimeUTC()
                0x00000000c0018994                RTC::setTimeInSecondsUTC(unsigned long long)
                0x00000000c00189d2                RTC::~RTC()
                0x00000000c00189d2                RTC::~RTC()
                0x00000000c00189f6                RTC::~RTC()
                0x00000000c0018a20                RTC::get_update_in_progress_flag()
                0x00000000c0018a34                RTC::completeRTCRefresh()
                0x00000000c0018ce8                RTC::setTimeInDatetimeUTC(datetime_t)
                0x00000000c0018e5e                rtcIRQHandler(regs*, void*)
                0x00000000c0018e9e                RTC::RTC()
                0x00000000c0018e9e                RTC::RTC()
 .text          0x00000000c0018f4c      0x1f4 arch/i386/vga.32
                0x00000000c0018f4c                HalConsoleScroll(int, int)
                0x00000000c0019054                HalConsoleWriteCharacter(char, int, int, int, int)
                0x00000000c00190b8                HalConsoleCursorUpdate(int, int)
 .text          0x00000000c0019140     0x14cf fs/fat/vfslink.32
                0x00000000c0019140                FAT::getName()
                0x00000000c0019148                FAT::tell(void*, unsigned long long*)
                0x00000000c0019184                FAT::stat(void*, unsigned long long*)
                0x00000000c00191c0                FAT::~FAT()
                0x00000000c00191c0                FAT::~FAT()
                0x00000000c00191e4                FAT::~FAT()
                0x00000000c001920c                FAT::getlabel(LogicalDisk*, int, char*, unsigned int*)
                0x00000000c00192b0                FAT::setlabel(LogicalDisk*, int, char*)
                0x00000000c0019374                FAT::format(LogicalDisk*, int, char const*, int)
                0x00000000c0019558                FAT::tryMount(LogicalDisk*, int)
                0x00000000c0019774                FAT::allocateSwapfile(char const*, int)
                0x00000000c0019934                FAT::readDir(void*, unsigned long, void*, int*)
                0x00000000c0019aa4                FAT::read(void*, unsigned long, void*, int*)
                0x00000000c0019b04                FAT::write(void*, unsigned long, void*, int*)
                0x00000000c0019b64                FAT::close(void*)
                0x00000000c0019bb8                FAT::closeDir(void*)
                0x00000000c0019c0c                FAT::truncate(void*, unsigned long long)
                0x00000000c0019c78                FAT::seek(void*, unsigned long long)
                0x00000000c0019cd0                fatWrapperReadDisk
                0x00000000c0019d10                fatWrapperWriteDisk
                0x00000000c0019d50                fatWrapperIoctl
                0x00000000c0019e6c                FAT::FAT()
                0x00000000c0019e6c                FAT::FAT()
                0x00000000c0019ec4                FAT::fixFilepath(char*)
                0x00000000c0019f04                FAT::open(char const*, void**, FileOpenMode)
                0x00000000c001a078                FAT::openDir(char const*, void**)
                0x00000000c001a128                FAT::stat(char const*, unsigned long long*, bool*)
                0x00000000c001a220                FAT::unlink(char const*)
                0x00000000c001a2a0                FAT::chfatattr(char const*, unsigned char, unsigned char)
                0x00000000c001a454                FAT::rename(char const*, char const*)
                0x00000000c001a520                FAT::mkdir(char const*)
                0x00000000c001a5a0                FAT::exists(char const*)
 *fill*         0x00000000c001a60f        0x1 
 .text          0x00000000c001a610       0x94 fs/iso9660/helper.32
                0x00000000c001a610                isoReadDiscSectorHelper
                0x00000000c001a66c                iso_kprintf
                0x00000000c001a688                iso_kprintfd
 .text          0x00000000c001a6a4      0x71c fs/iso9660/vfslink.32
                0x00000000c001a6a4                ISO9660::format(LogicalDisk*, int, char const*, int)
                0x00000000c001a6aa                ISO9660::truncate(void*, unsigned long long)
                0x00000000c001a6b0                ISO9660::getName()
                0x00000000c001a6b6                ISO9660::closeDir(void*)
                0x00000000c001a6c0                ISO9660::chfatattr(char const*, unsigned char, unsigned char)
                0x00000000c001a6c6                ISO9660::unlink(char const*)
                0x00000000c001a6cc                ISO9660::write(void*, unsigned long, void*, int*)
                0x00000000c001a6d2                ISO9660::rename(char const*, char const*)
                0x00000000c001a6d8                ISO9660::mkdir(char const*)
                0x00000000c001a6de                ISO9660::~ISO9660()
                0x00000000c001a6de                ISO9660::~ISO9660()
                0x00000000c001a702                ISO9660::~ISO9660()
                0x00000000c001a72a                ISO9660::exists(char const*)
                0x00000000c001a73e                ISO9660::open(char const*, void**, FileOpenMode)
                0x00000000c001a824                ISO9660::read(void*, unsigned long, void*, int*)
                0x00000000c001a86c                ISO9660::seek(void*, unsigned long long)
                0x00000000c001a8ae                ISO9660::tell(void*, unsigned long long*)
                0x00000000c001a8ec                ISO9660::stat(void*, unsigned long long*)
                0x00000000c001a93e                ISO9660::stat(char const*, unsigned long long*, bool*)
                0x00000000c001aa80                ISO9660::close(void*)
                0x00000000c001aab0                ISO9660::openDir(char const*, void**)
                0x00000000c001ab8a                ISO9660::readDir(void*, unsigned long, void*, int*)
                0x00000000c001aca7                readSectorFromCDROM(unsigned int, unsigned char*, char)
                0x00000000c001ad26                ISO9660::tryMount(LogicalDisk*, int)
                0x00000000c001ad98                ISO9660::ISO9660()
                0x00000000c001ad98                ISO9660::ISO9660()
 .text          0x00000000c001adc0      0x26c hal/sound/sndcard.32
                0x00000000c001adc0                SoundCard::beginPlayback()
                0x00000000c001adce                SoundCard::stopPlayback()
                0x00000000c001addc                SoundCard::SoundCard(char const*)
                0x00000000c001addc                SoundCard::SoundCard(char const*)
                0x00000000c001ae7a                SoundCard::~SoundCard()
                0x00000000c001ae7a                SoundCard::~SoundCard()
                0x00000000c001ae9e                SoundCard::~SoundCard()
                0x00000000c001aec8                SoundCard::configureRates(int, int, int)
                0x00000000c001aef8                SoundCard::getSamples16(int, short*)
                0x00000000c001af54                SoundCard::getSamples32(int, int*)
                0x00000000c001afda                SoundCard::addChannel(SoundPort*)
                0x00000000c001b018                SoundCard::removeChannel(int)
 .text          0x00000000c001b02c      0x38a hal/sound/sndport.32
                0x00000000c001b02c                SoundPort::SoundPort(int, int, int, int)
                0x00000000c001b02c                SoundPort::SoundPort(int, int, int, int)
                0x00000000c001b0b8                SoundPort::~SoundPort()
                0x00000000c001b0b8                SoundPort::~SoundPort()
                0x00000000c001b0ec                SoundPort::unpause()
                0x00000000c001b0f8                SoundPort::pause()
                0x00000000c001b104                SoundPort::getBufferUsed()
                0x00000000c001b10c                SoundPort::getBufferSize()
                0x00000000c001b114                SoundPort::buffer16(short*, int)
                0x00000000c001b1a0                SoundPort::buffer32(int*, int)
                0x00000000c001b22c                SoundPort::unbufferAndAdd16(int, short*, SoundCard*)
                0x00000000c001b2f8                SoundPort::unbufferAndAdd32(int, int*, SoundCard*)
 .text          0x00000000c001b3b6        0x0 hw/bus/isa.32
 .text          0x00000000c001b3b6      0xc23 hw/bus/pci.32
                0x00000000c001b3b6                PCI::open(int, int, void*)
                0x00000000c001b3d4                PCI::close(int, int, void*)
                0x00000000c001b3d8                PCI::PCI()
                0x00000000c001b3d8                PCI::PCI()
                0x00000000c001b470                PCI::readBAR8(unsigned int, int)
                0x00000000c001b48c                PCI::readBAR16(unsigned int, int)
                0x00000000c001b4aa                PCI::readBAR32(unsigned int, int)
                0x00000000c001b4c6                PCI::writeBAR8(unsigned int, unsigned char, int)
                0x00000000c001b4e6                PCI::writeBAR16(unsigned int, unsigned short, int)
                0x00000000c001b508                PCI::writeBAR32(unsigned int, unsigned int, int)
                0x00000000c001b528                PCI::legacyMechanism(unsigned char, unsigned char, unsigned char, unsigned char)
                0x00000000c001b59e                PCI::pciReadWord(unsigned char, unsigned char, unsigned char, unsigned char)
                0x00000000c001b648                PCI::getVendorID(unsigned char, unsigned char, unsigned char)
                0x00000000c001b66c                PCI::getHeaderType(unsigned char, unsigned char, unsigned char)
                0x00000000c001b694                PCI::getClassCode(unsigned char, unsigned char, unsigned char)
                0x00000000c001b6de                PCI::getProgIF(unsigned char, unsigned char, unsigned char)
                0x00000000c001b706                PCI::getRevisionID(unsigned char, unsigned char, unsigned char)
                0x00000000c001b72a                PCI::getInterruptNumber(unsigned char, unsigned char, unsigned char)
                0x00000000c001b74e                PCI::getSecondaryBus(unsigned char, unsigned char, unsigned char)
                0x00000000c001b776                PCI::getBARAddress(unsigned char, unsigned char, unsigned char, unsigned char)
                0x00000000c001b7da                PCI::pciWriteWord(unsigned char, unsigned char, unsigned char, unsigned char, unsigned short)
                0x00000000c001b8c2                PCI::pciDetailsToFilepath(PCIDeviceInfo, char*)
                0x00000000c001bb88                PCI::checkBus(unsigned char)
                0x00000000c001bbac                PCI::foundDevice(PCIDeviceInfo)
                0x00000000c001bd92                PCI::getDeviceData(unsigned char, unsigned char, unsigned char)
                0x00000000c001bf0e                PCI::checkDevice(unsigned char, unsigned char)
                0x00000000c001bf80                PCI::detect()
 *fill*         0x00000000c001bfd9        0x1 
 .text          0x00000000c001bfda      0xe16 hw/diskctrl/ide.32
                0x00000000c001bfda                IDE::close(int, int, void*)
                0x00000000c001bfde                IDE::IDE()
                0x00000000c001bfde                IDE::IDE()
                0x00000000c001c012                IDE::prepareInterrupt(unsigned char)
                0x00000000c001c024                selectDrive(unsigned char, unsigned char)
                0x00000000c001c026                IDE::getBase(unsigned char)
                0x00000000c001c038                IDE::write(unsigned char, unsigned char, unsigned char)
                0x00000000c001c0f8                IDE::read(unsigned char, unsigned char)
                0x00000000c001c1a6                IDE::waitInterrupt(unsigned char)
                0x00000000c001c208                ideChannel0IRQHandler(regs*, void*)
                0x00000000c001c224                ideChannel1IRQHandler(regs*, void*)
                0x00000000c001c240                IDE::enableIRQs(unsigned char, bool)
                0x00000000c001c28a                IDE::open(int, int, void*)
                0x00000000c001c7d0                IDE::readBuffer(unsigned char, unsigned char, unsigned int, unsigned int)
                0x00000000c001c8a0                IDE::detect()
                0x00000000c001cce2                IDE::printError(unsigned char, unsigned char, unsigned char)
                0x00000000c001cd9c                IDE::polling(unsigned char, unsigned int)
 .text          0x00000000c001cdf0      0x33d hw/diskctrl/satabus.32
                0x00000000c001cdf0                SATABus::close(int, int, void*)
                0x00000000c001cdf4                SATABus::detect()
                0x00000000c001cdf6                SATABus::SATABus()
                0x00000000c001cdf6                SATABus::SATABus()
                0x00000000c001ce7c                SATABus::findCmdslot(SATABus::tagHBA_PORT volatile*)
                0x00000000c001ceae                SATABus::checkType(SATABus::tagHBA_PORT volatile*)
                0x00000000c001cef6                SATABus::startCmd(SATABus::tagHBA_PORT volatile*)
                0x00000000c001cf16                SATABus::stopCmd(SATABus::tagHBA_PORT volatile*)
                0x00000000c001cf40                SATABus::portRebase(SATABus::tagHBA_PORT volatile*, int)
                0x00000000c001d050                SATABus::probePort(SATABus::tagHBA_MEM volatile*)
                0x00000000c001d0fa                SATABus::open(int, int, void*)
 *fill*         0x00000000c001d12d        0x1 
 .text          0x00000000c001d12e      0x987 hw/diskphys/ata.32
                0x00000000c001d12e                ATA::close(int, int, void*)
                0x00000000c001d152                ATA::powerSaving(PowerSavingLevel)
                0x00000000c001d154                ATA::ATA()
                0x00000000c001d154                ATA::ATA()
                0x00000000c001d182                ATA::flush(bool)
                0x00000000c001d1d0                ATA::readyForCommand()
                0x00000000c001d21c                ATA::access(unsigned long long, int, void*, bool)
                0x00000000c001d5fa                ATA::detectCHS()
                0x00000000c001d624                ATA::open(int, int, void*)
                0x00000000c001d6f0                combineCharAndColour(char, unsigned char)
                0x00000000c001d701                combineColours(unsigned char, unsigned char)
                0x00000000c001d70e                ATA::read(unsigned long long, int, void*)
                0x00000000c001d8e4                ATA::write(unsigned long long, int, void*)
 *fill*         0x00000000c001dab5        0x1 
 .text          0x00000000c001dab6      0x618 hw/diskphys/atapi.32
                0x00000000c001dab6                ATAPI::write(unsigned long long, int, void*)
                0x00000000c001dabc                ATAPI::close(int, int, void*)
                0x00000000c001dae0                ATAPI::ATAPI()
                0x00000000c001dae0                ATAPI::ATAPI()
                0x00000000c001db0e                ATAPI::readyForCommand()
                0x00000000c001db60                ATAPI::sendPacket(unsigned char*, int, bool, unsigned short*, int)
                0x00000000c001de28                ATAPI::diskRemoved()
                0x00000000c001de62                ATAPI::eject()
                0x00000000c001deaa                ATAPI::diskInserted()
                0x00000000c001deb6                ATAPI::detectMedia()
                0x00000000c001df74                ATAPI::open(int, int, void*)
                0x00000000c001e054                ATAPI::read(unsigned long long, int, void*)
 .text          0x00000000c001e0ce      0x849 hw/diskphys/sata.32
                0x00000000c001e0ce                SATA::close(int, int, void*)
                0x00000000c001e0f2                SATA::powerSaving(PowerSavingLevel)
                0x00000000c001e0f4                SATA::open(int, int, void*)
                0x00000000c001e1ac                SATA::SATA()
                0x00000000c001e1ac                SATA::SATA()
                0x00000000c001e1da                SATA::access(unsigned long long, int, void*, bool)
                0x00000000c001e462                SATA::read(unsigned long long, int, void*)
                0x00000000c001e6b2                SATA::write(unsigned long long, int, void*)
 *fill*         0x00000000c001e917        0x1 
 .text          0x00000000c001e918      0x5d0 hw/diskphys/satapi.32
                0x00000000c001e918                SATAPI::write(unsigned long long, int, void*)
                0x00000000c001e91e                SATAPI::close(int, int, void*)
                0x00000000c001e942                SATAPI::SATAPI()
                0x00000000c001e942                SATAPI::SATAPI()
                0x00000000c001e970                SATAPI::diskRemoved()
                0x00000000c001e972                SATAPI::diskInserted()
                0x00000000c001e98e                SATAPI::sendPacket(unsigned char*, int, unsigned long long, unsigned short*, int)
                0x00000000c001ec6c                SATAPI::eject()
                0x00000000c001eca8                SATAPI::detectMedia()
                0x00000000c001ecfe                SATAPI::open(int, int, void*)
                0x00000000c001edfe                SATAPI::read(unsigned long long, int, void*)
 .text          0x00000000c001eee8      0x44f hw/intctrl/apic.32
                0x00000000c001eee8                IOAPIC::close(int, int, void*)
                0x00000000c001eeee                apicGetBase()
                0x00000000c001ef28                IOAPIC::IOAPIC()
                0x00000000c001ef28                IOAPIC::IOAPIC()
                0x00000000c001ef50                apicOpen()
                0x00000000c001f0cc                IOAPIC::handlesGSIWithNumber(unsigned int)
                0x00000000c001f0fe                IOAPIC::read(int)
                0x00000000c001f126                IOAPIC::open(int, int, void*)
                0x00000000c001f20c                IOAPIC::write(int, int)
                0x00000000c001f238                IOAPIC::redirect(unsigned char, unsigned long long, unsigned char, bool, bool)
 *fill*         0x00000000c001f337        0x1 
 .text          0x00000000c001f338       0xf0 hw/timer/apictimer.32
                0x00000000c001f338                APICTimer::close(int, int, void*)
                0x00000000c001f340                apicTimerHandler(regs*, void*)
                0x00000000c001f368                APICTimer::open(int, int, void*)
                0x00000000c001f3d8                APICTimer::write(int)
                0x00000000c001f400                APICTimer::APICTimer()
                0x00000000c001f400                APICTimer::APICTimer()
 .text          0x00000000c001f428      0x1ad hw/timer/pit.32
                0x00000000c001f428                PIT::write(int)
                0x00000000c001f4ac                pitHandler(regs*, void*)
                0x00000000c001f4d4                PIT::open(int, int, void*)
                0x00000000c001f524                PIT::close(int, int, void*)
                0x00000000c001f554                PIT::PIT()
                0x00000000c001f554                PIT::PIT()
 *fill*         0x00000000c001f5d5        0xb 
 .text          0x00000000c001f5e0       0x6f arch/i386/avx.32
                0x00000000c001f5e0                avxDetect
                0x00000000c001f60a                avxSave
                0x00000000c001f61b                avxLoad
                0x00000000c001f62c                avxInit
                0x00000000c001f64e                avxClose
 *fill*         0x00000000c001f64f        0x1 
 .text          0x00000000c001f650      0x2ec arch/i386/interrupt.32
                0x00000000c001f650                isr0
                0x00000000c001f660                isr1
                0x00000000c001f66a                isr2
                0x00000000c001f674                isr3
                0x00000000c001f67e                isr4
                0x00000000c001f688                isr5
                0x00000000c001f692                isr6
                0x00000000c001f69c                isr7
                0x00000000c001f6a6                isr8
                0x00000000c001f6ae                isr9
                0x00000000c001f6b8                isr10
                0x00000000c001f6c0                isr11
                0x00000000c001f6c8                isr12
                0x00000000c001f6d0                isr13
                0x00000000c001f6ea                isr14
                0x00000000c001f6f2                isr15
                0x00000000c001f6fc                isr16