Archive member included to satisfy reference by file (symbol)

/cygdrive/d/Users/Alex/Desktop/Toolchain/Output/bin/../lib/gcc/i386-banana/8.1.0/libkgcc.a(_divdi3.o)
                              fs/fat/ff.32 (__divdi3)
/cygdrive/d/Users/Alex/Desktop/Toolchain/Output/bin/../lib/gcc/i386-banana/8.1.0/libkgcc.a(_moddi3.o)
                              compat/resolve.32 (__moddi3)
/cygdrive/d/Users/Alex/Desktop/Toolchain/Output/bin/../lib/gcc/i386-banana/8.1.0/libkgcc.a(_udivdi3.o)
                              fs/fat/ff.32 (__udivdi3)
/cygdrive/d/Users/Alex/Desktop/Toolchain/Output/bin/../lib/gcc/i386-banana/8.1.0/libkgcc.a(_umoddi3.o)
                              compat/resolve.32 (__umoddi3)
D:/Users/Alex/Desktop/Banana/kernel/libsoftfp.a(sfieeelib.o)
                              hal/sound/sndhw.32 (__addsf3)
D:/Users/Alex/Desktop/Banana/kernel/libsoftfp.a(dfieeelib.o)
                              hal/libresample/src_linear.32 (__adddf3)
D:/Users/Alex/Desktop/Banana/kernel/libsoftfp.a(sfdfcvt.o)
                              hal/libresample/samplerate.32 (__truncdfsf2)
D:/Users/Alex/Desktop/Banana/kernel/libk/libm32.a(s_fabs.c.o)
                              hal/libresample/samplerate.32 (fabs)
D:/Users/Alex/Desktop/Banana/kernel/libk/libm32.a(s_lrint.S.o)
                              hal/libresample/samplerate.32 (lrint)
D:/Users/Alex/Desktop/Banana/kernel/libk/libm32.a(s_lrintf.S.o)
                              hal/sound/sndhw.32 (lrintf)

Discarded input sections

 .comment       0x0000000000000000       0x12 /cygdrive/d/Users/Alex/Desktop/Toolchain/Output/bin/../lib/gcc/i386-banana/8.1.0/crtbegin.o
 .comment       0x0000000000000000       0x12 acpica/utclib.32
 .comment       0x0000000000000000       0x12 core/malloc.32
 .comment       0x0000000000000000       0x12 libk/string.32
 .comment       0x0000000000000000       0x12 fs/fat/diskio.32
 .comment       0x0000000000000000       0x12 fs/fat/ff.32
 .comment       0x0000000000000000       0x12 fs/fat/ffsystem.32
 .comment       0x0000000000000000       0x12 fs/fat/ffunicode.32
 .comment       0x0000000000000000       0x12 hal/libresample/samplerate.32
 .comment       0x0000000000000000       0x12 hal/libresample/src_linear.32
 .comment       0x0000000000000000       0x12 hal/libresample/src_sinc.32
 .comment       0x0000000000000000       0x12 hal/libresample/src_zoh.32
 .comment       0x0000000000000000       0x12 compat/inlines.32
 .comment       0x0000000000000000       0x12 compat/resolve.32
 .group         0x0000000000000000       0x14 core/computer.32
 .group         0x0000000000000000        0xc core/computer.32
 .comment       0x0000000000000000       0x12 core/computer.32
 .comment       0x0000000000000000       0x12 core/gdt.32
 .group         0x0000000000000000        0xc core/idle.32
 .comment       0x0000000000000000       0x12 core/idle.32
 .comment       0x0000000000000000       0x12 core/idt.32
 .comment       0x0000000000000000       0x12 core/kheap.32
 .comment       0x0000000000000000       0x12 core/main.32
 .comment       0x0000000000000000       0x12 core/physmgr.32
 .group         0x0000000000000000        0xc core/pipe.32
 .comment       0x0000000000000000       0x12 core/pipe.32
 .group         0x0000000000000000        0xc core/terminal.32
 .comment       0x0000000000000000       0x12 core/terminal.32
 .comment       0x0000000000000000       0x12 core/tss.32
 .group         0x0000000000000000        0x8 core/unixfile.32
 .group         0x0000000000000000        0xc core/unixfile.32
 .group         0x0000000000000000        0xc core/unixfile.32
 .group         0x0000000000000000        0x8 core/unixfile.32
 .group         0x0000000000000000        0xc core/unixfile.32
 .group         0x0000000000000000        0x8 core/unixfile.32
 .group         0x0000000000000000        0xc core/unixfile.32
 .group         0x0000000000000000        0xc core/unixfile.32
 .comment       0x0000000000000000       0x12 core/unixfile.32
 .comment       0x0000000000000000       0x12 core/virtmgr.32
 .comment       0x0000000000000000       0x12 coreobjs/c++.32
 .comment       0x0000000000000000       0x12 dbg/kconsole.32
 .group         0x0000000000000000        0xc fs/vfs.32
 .group         0x0000000000000000        0xc fs/vfs.32
 .group         0x0000000000000000        0xc fs/vfs.32
 .comment       0x0000000000000000       0x12 fs/vfs.32
 .group         0x0000000000000000        0xc hal/bus.32
 .comment       0x0000000000000000       0x12 hal/bus.32
 .group         0x0000000000000000        0xc hal/buzzer.32
 .comment       0x0000000000000000       0x12 hal/buzzer.32
 .group         0x0000000000000000        0xc hal/clock.32
 .comment       0x0000000000000000       0x12 hal/clock.32
 .group         0x0000000000000000       0x14 hal/device.32
 .group         0x0000000000000000        0xc hal/device.32
 .group         0x0000000000000000        0xc hal/device.32
 .group         0x0000000000000000        0xc hal/device.32
[...]
Memory Configuration

Name             Origin             Length             Attributes
*default*        0x0000000000000000 0xffffffffffffffff

Linker script and memory map

LOAD D:/Users/Alex/Desktop/Banana/kernel/boot.32
LOAD crti.32
LOAD /cygdrive/d/Users/Alex/Desktop/Toolchain/Output/bin/../lib/gcc/i386-banana/8.1.0/crtbegin.o
LOAD D:/Users/Alex/Desktop/Banana/kernel/morenasm.32
LOAD acpica/utclib.32
LOAD core/malloc.32
LOAD libk/string.32
LOAD fs/fat/diskio.32
LOAD fs/fat/ff.32
LOAD fs/fat/ffsystem.32
LOAD fs/fat/ffunicode.32
LOAD hal/libresample/samplerate.32
LOAD hal/libresample/src_linear.32
LOAD hal/libresample/src_sinc.32
LOAD hal/libresample/src_zoh.32
LOAD compat/inlines.32
LOAD compat/resolve.32
LOAD core/computer.32
LOAD core/gdt.32
LOAD core/idle.32
LOAD core/idt.32
LOAD core/kheap.32
LOAD core/main.32
LOAD core/physmgr.32
LOAD core/pipe.32
LOAD core/terminal.32
LOAD core/tss.32
LOAD core/unixfile.32
LOAD core/virtmgr.32
LOAD coreobjs/c++.32
LOAD dbg/kconsole.32
LOAD fs/vfs.32
LOAD hal/bus.32
LOAD hal/buzzer.32
LOAD hal/clock.32
LOAD hal/device.32
LOAD hal/diskctrl.32
LOAD hal/diskphys.32
LOAD hal/fpu.32
LOAD hal/intctrl.32
LOAD hal/keybrd.32
LOAD hal/logidisk.32
LOAD hal/mouse.32
LOAD hal/partition.32
LOAD hal/serial.32
LOAD hal/timer.32
LOAD hal/vcache.32
LOAD hal/video.32
LOAD hw/acpi.32
LOAD hw/cpu.32
LOAD hw/ports.32
LOAD hw/smp.32
LOAD krnl/env.32
LOAD krnl/panic.32
LOAD net/ethernet.32
LOAD reg/registry.32
LOAD sys/sc_eject.32
LOAD sys/sc_exit.32
LOAD sys/sc_getcwd.32
LOAD sys/sc_getpid.32
LOAD sys/sc_getramdata.32
LOAD sys/sc_loaddll.32
LOAD sys/sc_read.32
LOAD sys/sc_sbrk.32
LOAD sys/sc_setcwd.32
LOAD sys/sc_settime.32
LOAD sys/sc_timezone.32
LOAD sys/sc_write.32
LOAD sys/sc_wsbe.32
LOAD sys/sc_yield.32
LOAD sys/syscalls.32
LOAD thr/elf.32
LOAD thr/prcssthr.32
LOAD vm86/vm8086.32
LOAD vm86/x87em.32
LOAD fs/fat/vfslink.32
LOAD fs/iso9660/vfslink.32
LOAD hal/sound/sndchannel.32
LOAD hal/sound/sndhw.32
LOAD hw/bus/isa.32
LOAD hw/bus/pci.32
LOAD hw/diskctrl/ide.32
LOAD hw/diskctrl/satabus.32
LOAD hw/diskphys/ata.32
LOAD hw/diskphys/atapi.32
LOAD hw/diskphys/sata.32
LOAD hw/diskphys/satapi.32
LOAD hw/fpu/avx.32
LOAD hw/fpu/mmx.32
LOAD hw/fpu/sse.32
LOAD hw/fpu/x87.32
LOAD hw/intctrl/apic.32
LOAD hw/intctrl/pic.32
LOAD hw/timer/apictimer.32
LOAD hw/timer/pit.32
LOAD hw/fpu/x86/avx.32
LOAD hw/fpu/x86/sse.32
LOAD hw/fpu/x86/x87.32
LOAD /cygdrive/d/Users/Alex/Desktop/Toolchain/Output/bin/../lib/gcc/i386-banana/8.1.0/crtend.o
LOAD crtn.32
LOAD /cygdrive/d/Users/Alex/Desktop/Toolchain/Output/bin/../lib/gcc/i386-banana/8.1.0/libkgcc.a
LOAD D:/Users/Alex/Desktop/Banana/kernel/libsoftfp.a
LOAD D:/Users/Alex/Desktop/Banana/kernel/libk/libm32.a
                0x00000000c0000000                . = 0xc0000000

.text           0x00000000c0000000    0x287a8
 *(.text)
 .text          0x00000000c0000000       0x41 D:/Users/Alex/Desktop/Banana/kernel/boot.32
                0x00000000c0000020                callGlobalConstructors
 .text          0x00000000c0000041        0x0 crti.32
 *fill*         0x00000000c0000041        0x3 
 .text          0x00000000c0000044      0x101 /cygdrive/d/Users/Alex/Desktop/Toolchain/Output/bin/../lib/gcc/i386-banana/8.1.0/crtbegin.o
 *fill*         0x00000000c0000145        0xb 
 .text          0x00000000c0000150      0x4f5 D:/Users/Alex/Desktop/Banana/kernel/morenasm.32
                0x00000000c0000150                manualPCIProbe
                0x00000000c000019b                prepareTramp
                0x00000000c00001b4                voodooXADD
                0x00000000c000027f                doTPAUSE
                0x00000000c0000289                hasLegacyFPU
                0x00000000c00002ae                is486
                0x00000000c00002e4                detectCPUID
                0x00000000c00002fa                goToVM86
                0x00000000c000032a                goToUsermode
                0x00000000c0000354                switchToThreadASMFirstTime
                0x00000000c0000362                switchToThreadASM
                0x00000000c00003f2                asmQuickAcquireLock
                0x00000000c0000410                asmQuickReleaseLock
                0x00000000c000041c                asmAcquireLock
                0x00000000c000043d                asmReleaseLock
                0x00000000c0000450                loadGDT
                0x00000000c0000470                isr0
                0x00000000c0000480                isr1
                0x00000000c000048a                isr2
                0x00000000c0000494                isr3
                0x00000000c000049e                isr4
                0x00000000c00004a8                isr5
                0x00000000c00004b2                isr6
                0x00000000c00004bc                isr7
                0x00000000c00004c6                isr8
                0x00000000c00004ce                isr9
                0x00000000c00004d8                isr10
                0x00000000c00004e0                isr11
                0x00000000c00004e8                isr12
                0x00000000c00004f0                isr13
                0x00000000c00004f8                isr14
                0x00000000c0000500                isr15
                0x00000000c000050a                isr16
                0x00000000c0000514                isr17
                0x00000000c000051e                isr18
                0x00000000c0000528                irq3
                0x00000000c0000532                irq4
                0x00000000c000053c                irq5
                0x00000000c0000546                irq6
                0x00000000c0000550                irq7
                0x00000000c000055a                irq8
                0x00000000c0000564                irq9
                0x00000000c000056e                irq10
                0x00000000c0000578                irq11
                0x00000000c0000582                irq12
                0x00000000c000058c                irq13
                0x00000000c0000596                irq14
                0x00000000c00005a0                irq15
                0x00000000c00005aa                irq1
                0x00000000c00005b1                irq2
                0x00000000c00005b8                isr96
                0x00000000c00005bf                irq0
                0x00000000c00005c4                int_common_stub
                0x00000000c00005c4                syscall_common_stub
                0x00000000c00005f5                irq16
                0x00000000c00005ff                irq17
                0x00000000c0000609                irq18
                0x00000000c0000613                irq19
                0x00000000c000061d                irq20
                0x00000000c0000627                irq21
                0x00000000c0000631                irq22
                0x00000000c000063b                irq23
 *fill*         0x00000000c0000645        0x3 
 .text          0x00000000c0000648      0x611 acpica/utclib.32
                0x00000000c0000648                memcmp
                0x00000000c0000684                memmove
                0x00000000c000074c                memcpy
                0x00000000c0000780                memset
                0x00000000c000079c                strlen
                0x00000000c00007b4                strpbrk
                0x00000000c00007f0                strtok
                0x00000000c000083c                strcpy
                0x00000000c0000860                strncpy
                0x00000000c00008c8                strcmp
                0x00000000c0000908                strchr
                0x00000000c000092c                strncmp
                0x00000000c000097c                strcat
                0x00000000c00009ac                strncat
                0x00000000c00009e8                strstr
                0x00000000c0000a30                toupper
                0x00000000c0000a44                tolower
                0x00000000c0000a58                simple_strtoul
 .text          0x00000000c0000c59      0xfbf core/malloc.32
                0x00000000c0000dc4                dlfree
                0x00000000c000111f                dlmalloc
                0x00000000c000165c                dlrealloc
                0x00000000c0001811                dlmemalign
                0x00000000c0001934                dlcalloc
                0x00000000c00019ce                dlcfree
                0x00000000c00019d3                dlindependent_calloc
                0x00000000c00019f8                dlindependent_comalloc
                0x00000000c0001a0f                dlvalloc
                0x00000000c0001a3a                dlpvalloc
                0x00000000c0001a70                dlmalloc_trim
                0x00000000c0001a7d                dlmalloc_usable_size
                0x00000000c0001aae                dlmallinfo
                0x00000000c0001b7d                dlmalloc_stats
                0x00000000c0001b8e                dlmallopt
 .text          0x00000000c0001c18        0x0 libk/string.32
 .text          0x00000000c0001c18       0x51 fs/fat/diskio.32
                0x00000000c0001c18                disk_status
                0x00000000c0001c1b                disk_initialize
                0x00000000c0001c1e                disk_read
                0x00000000c0001c34                disk_write
                0x00000000c0001c4a                disk_ioctl
 .text          0x00000000c0001c69     0x6833 fs/fat/ff.32
                0x00000000c0004f37                f_mount
                0x00000000c0004f99                f_open
                0x00000000c00053d5                f_read
                0x00000000c0005655                f_write
                0x00000000c000590f                f_sync
                0x00000000c0005aeb                f_close
                0x00000000c0005b1a                f_lseek
                0x00000000c0005fd1                f_opendir
                0x00000000c00060d3                f_closedir
                0x00000000c00060f5                f_readdir
                0x00000000c0006190                f_stat
                0x00000000c000621f                f_getfree
                0x00000000c00063ea                f_truncate
                0x00000000c00064e2                f_unlink
                0x00000000c0006665                f_mkdir
                0x00000000c0006891                f_rename
                0x00000000c0006b84                f_chmod
                0x00000000c0006c62                f_utime
                0x00000000c0006d40                f_getlabel
                0x00000000c0006f2e                f_setlabel
                0x00000000c000719b                f_forward
                0x00000000c0007379                f_mkfs
 .text          0x00000000c000849c       0x2d fs/fat/ffsystem.32
                0x00000000c000849c                ff_memalloc
                0x00000000c00084b2                ff_memfree
 .text          0x00000000c00084c9      0x253 fs/fat/ffunicode.32
                0x00000000c00084c9                ff_uni2oem
                0x00000000c0008559                ff_oem2uni
                0x00000000c00085c5                ff_wtoupper
 .text          0x00000000c000871c      0x8fb hal/libresample/samplerate.32
                0x00000000c0008760                src_delete
                0x00000000c000879c                src_process
                0x00000000c0008952                src_callback_read
                0x00000000c0008acf                src_set_ratio
                0x00000000c0008b39                src_get_channels
                0x00000000c0008b5b                src_reset
                0x00000000c0008ba7                src_new
                0x00000000c0008c35                src_callback_new
                0x00000000c0008c97                src_get_name
                0x00000000c0008cce                src_get_description
                0x00000000c0008d05                src_get_version
                0x00000000c0008d0b                src_is_valid_ratio
                0x00000000c0008d5f                src_error
                0x00000000c0008d6d                src_strerror
                0x00000000c0008d80                src_simple
                0x00000000c0008dd3                src_short_to_float_array
                0x00000000c0008e38                src_float_to_short_array
                0x00000000c0008ef7                src_int_to_float_array
                0x00000000c0008f5a                src_float_to_int_array
 .text          0x00000000c0009017      0x8cb hal/libresample/src_linear.32
                0x00000000c000983d                linear_get_name
                0x00000000c000984c                linear_get_description
                0x00000000c000985b                linear_set_converter
 .text          0x00000000c00098e2     0x447c hal/libresample/src_sinc.32
                0x00000000c000dc75                sinc_get_name
                0x00000000c000dc88                sinc_get_description
                0x00000000c000dc9b                sinc_set_converter
 .text          0x00000000c000dd5e      0x77c hal/libresample/src_zoh.32
                0x00000000c000e435                zoh_get_name
                0x00000000c000e444                zoh_get_description
                0x00000000c000e453                zoh_set_converter
 .text          0x00000000c000e4da       0x23 compat/inlines.32
                0x00000000c000e4da                CPU::current()
                0x00000000c000e4e7                operator new(unsigned long)
 .text          0x00000000c000e4fd      0x111 compat/resolve.32
                0x00000000c000e4fd                Krnl::resolveCompatibilitySymbol(char*)
 .text          0x00000000c000e60e      0xa17 core/computer.32
                0x00000000c000e60e                Computer::close(int, int, void*)
                0x00000000c000e652                Krnl::firstTask()
                0x00000000c000e742                Computer::Computer()
                0x00000000c000e742                Computer::Computer()
                0x00000000c000e89e                Computer::setBootMessage(char const*)
                0x00000000c000e8a0                Computer::detectFeatures()
                0x00000000c000eaaa                Computer::displayFeatures()
                0x00000000c000edf0                Computer::rdmsr(unsigned int)
                0x00000000c000ee1c                Computer::wrmsr(unsigned int, unsigned long long)
                0x00000000c000ee54                Computer::nmiEnabled()
                0x00000000c000ee60                Computer::readCMOS(unsigned char)
                0x00000000c000ee7a                Computer::enableNMI(bool)
                0x00000000c000ee92                Computer::open(int, int, void*)
                0x00000000c000ef68                Computer::disableNMI()
                0x00000000c000ef76                Computer::writeCMOS(unsigned char, unsigned char)
                0x00000000c000ef94                Computer::handleNMI()
                0x00000000c000effa                Computer::setDiskActivityLight(int, bool)
 *fill*         0x00000000c000f025        0x1 
 .text          0x00000000c000f026      0x1b7 core/gdt.32
                0x00000000c000f026                GDTEntry::setBase(unsigned int)
                0x00000000c000f042                GDTEntry::setLimit(unsigned int)
                0x00000000c000f060                GDT::GDT()
                0x00000000c000f060                GDT::GDT()
                0x00000000c000f076                GDT::addEntry(GDTEntry)
                0x00000000c000f0b2                GDT::getNumberOfEntries()
                0x00000000c000f0ba                GDT::flush()
                0x00000000c000f0dc                GDT::setup()
 .text          0x00000000c000f1dd       0x62 core/idle.32
                0x00000000c000f1dd                idleFunction(void*)
 *fill*         0x00000000c000f23f        0x1 
 .text          0x00000000c000f240      0x45f core/idt.32
                0x00000000c000f240                IDTEntry::IDTEntry(bool)
                0x00000000c000f240                IDTEntry::IDTEntry(bool)
                0x00000000c000f2ae                IDTEntry::setOffset(unsigned int)
                0x00000000c000f2c2                IDT::IDT()
                0x00000000c000f2c2                IDT::IDT()
                0x00000000c000f2c4                IDT::getPointerToInvalidOpcodeEntryForF00F()
                0x00000000c000f2cc                IDT::addEntry(IDTEntry, int)
                0x00000000c000f2e6                IDT::addEntry(int, void (*)(), bool)
                0x00000000c000f31e                IDT::flush()
                0x00000000c000f338                IDT::setup()
 .text          0x00000000c000f69f      0x206 core/kheap.32
                0x00000000c000f69f                sbrk
                0x00000000c000f7ad                mmap
                0x00000000c000f7c3                munmap
                0x00000000c000f7d9                liballoc_lock()
                0x00000000c000f7ea                liballoc_unlock()
                0x00000000c000f7fb                liballoc_alloc(int)
                0x00000000c000f819                liballoc_free(void*, int)
                0x00000000c000f837                realloc
                0x00000000c000f84b                malloc
                0x00000000c000f85b                free
                0x00000000c000f86b                rfree
                0x00000000c000f87b                calloc
 .text          0x00000000c000f8a5      0x485 core/main.32
                0x00000000c000f8a5                hwTextMode_loadInData(VgaText*)
                0x00000000c000f8f0                hwTextMode_loadInTitle(VgaText*, char*)
                0x00000000c000f96e                hwTextMode_showCursor(VgaText*, bool)
                0x00000000c000f9cc                hwTextMode_update(VgaText*)
                0x00000000c000f9cd                hwTextMode_updateCursor(VgaText*)
                0x00000000c000fa1e                hwTextMode_disableBlink(VgaText*, bool)
                0x00000000c000fa64                hwTextMode_scrollScreen(VgaText*)
                0x00000000c000fb11                hwTextMode_writeCharacter(VgaText*, char, VgaColour, VgaColour, int, int)
                0x00000000c000fb93                setupTextMode()
                0x00000000c000fc03                kernel_main
 .text          0x00000000c000fd2a      0x56a core/physmgr.32
                0x00000000c000fd2a                Phys::allocateDMA(unsigned long)
                0x00000000c000fdcd                Phys::freeDMA(unsigned long, unsigned long)
                0x00000000c000fe15                Phys::setPageState(unsigned long, bool)
                0x00000000c000fe47                Phys::getPageState(unsigned long)
                0x00000000c000fe63                Phys::freePage(unsigned long)
                0x00000000c000feed                Phys::allocatePage()
                0x00000000c000ffd2                Phys::allocateContiguousPages(int)
                0x00000000c001002c                Phys::allowSegmentToBeUsed(unsigned long, unsigned long)
                0x00000000c0010064                Phys::physicalMemorySetup(unsigned int)
 .text          0x00000000c0010294      0x273 core/pipe.32
                0x00000000c0010294                Pipe::isAtty()
                0x00000000c0010298                Pipe::~Pipe()
                0x00000000c0010298                Pipe::~Pipe()
                0x00000000c00102bc                Pipe::~Pipe()
                0x00000000c00102e4                Pipe::read(unsigned long long, void*, int*)
                0x00000000c00103d8                Pipe::write(unsigned long long, void*, int*)
                0x00000000c00104a0                Pipe::Pipe(int)
                0x00000000c00104a0                Pipe::Pipe(int)
 *fill*         0x00000000c0010507        0x1 
 .text          0x00000000c0010508      0xf73 core/terminal.32
                0x00000000c0010508                VgaText::isAtty()
                0x00000000c001050c                VgaText::~VgaText()
                0x00000000c001050c                VgaText::~VgaText()
                0x00000000c0010530                VgaText::~VgaText()
                0x00000000c001055a                VgaText::read(unsigned long long, void*, int*)
                0x00000000c001057a                setTerminalScrollLock(bool)
                0x00000000c001057b                addToTerminalCycle(VgaText*)
                0x00000000c00105a8                installVgaTextImplementation()
                0x00000000c00105bd                scrollTerminalScrollLock(int)
                0x00000000c00105be                VgaText::load()
                0x00000000c0010612                VgaText::updateCursor()
                0x00000000c001062c                VgaText::showCursor(bool)
                0x00000000c001063c                VgaText::disableBlink(bool)
                0x00000000c0010676                VgaText::doANSI_SGR(int)
                0x00000000c0010702                VgaText::setDefaultBgColour(VgaColour)
                0x00000000c0010718                VgaText::setDefaultFgColour(VgaColour)
                0x00000000c001072e                VgaText::setDefaultColours(VgaColour, VgaColour)
                0x00000000c001074e                VgaText::combineColours(unsigned char, unsigned char)
                0x00000000c0010760                VgaText::scrollScreen()
                0x00000000c00107f4                VgaText::combineCharAndColour(char, unsigned char)
                0x00000000c0010806                VgaText::writeCharacter(char, VgaColour, VgaColour, int, int)
                0x00000000c0010866                VgaText::getCursorX()
                0x00000000c0010872                VgaText::getCursorY()
                0x00000000c001087e                VgaText::setCursor(int, int)
                0x00000000c001089c                VgaText::setCursorX(int)
                0x00000000c00108b8                VgaText::setCursorY(int)
                0x00000000c00108d4                VgaText::incrementCursor(bool)
                0x00000000c001093c                VgaText::updateRAMUsageDisplay(int)
                0x00000000c00109a0                VgaText::updateDiskUsage()
                0x00000000c0010b0a                VgaText::updateTitle()
                0x00000000c0010b50                VgaText::setTitleTextColour(VgaColour)
                0x00000000c0010b60                VgaText::setTitleColour(VgaColour)
                0x00000000c0010b70                VgaText::setTitle(char*)
                0x00000000c0010b96                VgaText::decrementCursor(bool)
                0x00000000c0010bbe                VgaText::putchar(char, VgaColour, VgaColour)
                0x00000000c0010cba                VgaText::isShowingCursor()
                0x00000000c0010cc6                VgaText::isBlinkDisabled()
                0x00000000c0010cd4                VgaText::setCursorHeight(int)
                0x00000000c0010cf2                VgaText::getCursorHeight()
                0x00000000c0010cfd                setActiveTerminal(VgaText*)
                0x00000000c0010daf                doTerminalCycle()
                0x00000000c0010dcc                VgaText::doUpdate()
                0x00000000c0010dde                VgaText::puts(char const*, VgaColour, VgaColour)
                0x00000000c0010f9e                VgaText::clearScreen()
                0x00000000c0011002                VgaText::putchar(char)
                0x00000000c001111c                VgaText::puts(char const*)
                0x00000000c0011142                VgaText::putx(unsigned int)
                0x00000000c0011188                VgaText::VgaText(char const*)
                0x00000000c0011188                VgaText::VgaText(char const*)
                0x00000000c001131a                VgaText::receiveKey(unsigned char)
                0x00000000c0011402                VgaText::write(unsigned long long, void*, int*)
                0x00000000c0011456                newTerminal(char*)
 *fill*         0x00000000c001147b        0x1 
 .text          0x00000000c001147c      0x1b3 core/tss.32
                0x00000000c001147c                TSS::TSS()
                0x00000000c001147c                TSS::TSS()
                0x00000000c001148a                TSS::setESP(unsigned long)
                0x00000000c001149c                TSS::flush()
                0x00000000c00114bc                TSS::setup(unsigned long, unsigned long)
 *fill*         0x00000000c001162f        0x1 
 .text          0x00000000c0011630      0x4c2 core/unixfile.32
                0x00000000c0011630                ReservedFilename::read(unsigned long long, void*, int*)
                0x00000000c0011686                ReservedFilename::isAtty()
                0x00000000c00116a2                ReservedFilename::write(unsigned long long, void*, int*)
                0x00000000c0011700                UnixFile::getFileDescriptor()
                0x00000000c0011708                UnixFile::UnixFile(int)
                0x00000000c0011708                UnixFile::UnixFile(int)
                0x00000000c00118b8                ReservedFilename::ReservedFilename(int)
                0x00000000c00118b8                ReservedFilename::ReservedFilename(int)
                0x00000000c00118ea                UnixFile::~UnixFile()
                0x00000000c00118ea                UnixFile::~UnixFile()
                0x00000000c0011982                UnixFile::~UnixFile()
                0x00000000c00119aa                ReservedFilename::~ReservedFilename()
                0x00000000c00119aa                ReservedFilename::~ReservedFilename()
                0x00000000c00119ce                ReservedFilename::~ReservedFilename()
                0x00000000c00119f5                getFromFileDescriptor(int)
 .text          0x00000000c0011af2     0x12af core/virtmgr.32
                0x00000000c0011af2                Virt::setPageState(unsigned long, Virt::VirtPageState)
                0x00000000c0011b27                Virt::getPageState(unsigned long)
                0x00000000c0011b4b                Virt::allocateKernelVirtualPages(int)
                0x00000000c0011c5c                Virt::freeSwapfilePage(unsigned long)
                0x00000000c0011c7a                Virt::swapIDToSector(unsigned long)
                0x00000000c0011c8c                Virt::allocateSwapfilePage()
                0x00000000c0011d0a                Virt::virtualMemorySetup()
                0x00000000c0011d89                Virt::swappingSetup()
                0x00000000c0011de6                Virt::getAKernelVAS()
                0x00000000c0011dec                Virt::setupPageSwapping(int)
                0x00000000c0011f44                VAS::VAS()
                0x00000000c0011f44                VAS::VAS()
                0x00000000c0011f80                VAS::VAS(VAS*)
                0x00000000c0011f80                VAS::VAS(VAS*)
                0x00000000c0011fae                VAS::getForeignPageTableEntry(bool, unsigned long)
                0x00000000c0011fda                VAS::getPageTableEntry(unsigned long)
                0x00000000c0011ff9                Virt::freeKernelVirtualPages(unsigned long)
                0x00000000c001211c                VAS::freeAllocatedPages(unsigned long)
                0x00000000c0012140                VAS::virtualToPhysical(unsigned long)
                0x00000000c0012158                VAS::reflagRange(unsigned long, int, int, int)
                0x00000000c0012198                VAS::setToWriteCombining(unsigned long, int)
                0x00000000c00121ca                VAS::mapOtherVASIn(bool, VAS*)
                0x00000000c00121f4                VAS::~VAS()
                0x00000000c00121f4                VAS::~VAS()
                0x00000000c0012360                VAS::mapPage(unsigned long, unsigned long, int)
                0x00000000c0012460                VAS::allocatePages(int, int)
                0x00000000c0012638                VAS::setCPUSpecific(unsigned long)
                0x00000000c0012654                VAS::mapRange(unsigned long, unsigned long, int, int)
                0x00000000c001271a                VAS::mapForeignPage(bool, VAS*, unsigned long, unsigned long, int)
                0x00000000c0012808                VAS::VAS(bool)
                0x00000000c0012808                VAS::VAS(bool)
                0x00000000c0012a6e                VAS::evict(unsigned long)
                0x00000000c0012b30                VAS::tryLoadBackOffDisk(unsigned long)
                0x00000000c0012c34                VAS::scanForEviction()
                0x00000000c0012ce5                mapVASFirstTime
 .text          0x00000000c0012da1       0x95 coreobjs/c++.32
                0x00000000c0012da1                __cxa_atexit
                0x00000000c0012da4                __cxa_finalize
                0x00000000c0012da5                __stack_chk_fail
                0x00000000c0012e11                __cxa_pure_virtual
                0x00000000c0012e22                operator new[](unsigned long)
                0x00000000c0012e27                operator delete(void*, unsigned long)
                0x00000000c0012e2c                operator delete[](void*)
                0x00000000c0012e31                operator delete[](void*, unsigned long)
 .text          0x00000000c0012e36      0x1ef dbg/kconsole.32
                0x00000000c0012e36                Dbg::stringifyxWithBase(unsigned int, char*, int)
                0x00000000c0012e97                Dbg::logc(char)
                0x00000000c0012eae                Dbg::logs(char*)
                0x00000000c0012ecb                Dbg::logWriteInt(unsigned int)
                0x00000000c0012ee8                Dbg::logWriteIntBase(unsigned int, int)
                0x00000000c0012f07                Dbg::kprintf(char const*, ...)
 *fill*         0x00000000c0013025        0x1 
 .text          0x00000000c0013026      0xb82 fs/vfs.32
                0x00000000c0013026                File::read(unsigned long long, void*, int*)
                0x00000000c001307e                File::write(unsigned long long, void*, int*)
                0x00000000c00130d6                Directory::read(unsigned long long, void*, int*)
                0x00000000c001312e                Directory::write(unsigned long long, void*, int*)
                0x00000000c001315c                File::isAtty()
                0x00000000c0013160                Directory::isAtty()
                0x00000000c0013164                Filesystem::getlabel(LogicalDisk*, int, char*, unsigned int*)
                0x00000000c001316a                Filesystem::setlabel(LogicalDisk*, int, char*)
                0x00000000c0013170                Filesystem::getFileFirstSector(char const*)
                0x00000000c0013176                File::~File()
                0x00000000c0013176                File::~File()
                0x00000000c001319a                File::~File()
                0x00000000c00131c4                Directory::~Directory()
                0x00000000c00131c4                Directory::~Directory()
                0x00000000c00131e8                Directory::~Directory()
                0x00000000c0013212                Filesystem::Filesystem()
                0x00000000c0013212                Filesystem::Filesystem()
                0x00000000c0013236                Filesystem::~Filesystem()
                0x00000000c0013236                Filesystem::~Filesystem()
                0x00000000c0013244                Filesystem::~Filesystem()
                0x00000000c0013268                Fs::getcwd(Process*, char*, int)
                0x00000000c0013292                Fs::initVFS()
                0x00000000c00132bc                Fs::standardiseFiles(char*, char const*, char const*)
                0x00000000c0013466                File::File(char const*, Process*)
                0x00000000c0013466                File::File(char const*, Process*)
                0x00000000c00134ca                File::open(FileOpenMode)
                0x00000000c0013528                File::close()
                0x00000000c0013588                File::seek(unsigned long long)
                0x00000000c00135de                File::tell(unsigned long long*)
                0x00000000c001362e                File::rewind()
                0x00000000c0013642                File::unlink()
                0x00000000c001368e                File::rename(char const*)
                0x00000000c00136dc                File::chfatattr(unsigned char, unsigned char)
                0x00000000c0013738                File::exists()
                0x00000000c0013776                File::stat(unsigned long long*, bool*)
                0x00000000c00137d7                Fs::setcwd(Process*, char*)
                0x00000000c0013912                Directory::Directory(char const*, Process*)
                0x00000000c0013912                Directory::Directory(char const*, Process*)
                0x00000000c0013976                Directory::open()
                0x00000000c00139d2                Directory::close()
                0x00000000c0013a32                Directory::unlink()
                0x00000000c0013a7e                Directory::rename(char const*)
                0x00000000c0013acc                Directory::exists()
                0x00000000c0013b0a                Directory::read(dirent*)
                0x00000000c0013b56                Directory::create()
                0x00000000c0013ba2                Filesystem::chfatattr(char const*, unsigned char, unsigned char)
 .text          0x00000000c0013ba8       0x84 hal/bus.32
                0x00000000c0013ba8                Bus::Bus(char const*)
                0x00000000c0013ba8                Bus::Bus(char const*)
                0x00000000c0013bde                Bus::~Bus()
                0x00000000c0013bde                Bus::~Bus()
                0x00000000c0013c02                Bus::~Bus()
 .text          0x00000000c0013c2c      0x14e hal/buzzer.32
                0x00000000c0013c2c                Buzzer::Buzzer(char const*)
                0x00000000c0013c2c                Buzzer::Buzzer(char const*)
                0x00000000c0013c70                Buzzer::~Buzzer()
                0x00000000c0013c70                Buzzer::~Buzzer()
                0x00000000c0013c94                Buzzer::~Buzzer()
                0x00000000c0013cbe                Buzzer::stop()
                0x00000000c0013cd1                beepThread(void*)
                0x00000000c0013d0c                Buzzer::beep(int, int, bool)
 .text          0x00000000c0013d7a      0x467 hal/clock.32
                0x00000000c0013d7a                User::loadClockSettings(int)
                0x00000000c0013dcc                Clock::Clock(char const*)
                0x00000000c0013dcc                Clock::Clock(char const*)
                0x00000000c0013e02                Clock::~Clock()
                0x00000000c0013e02                Clock::~Clock()
                0x00000000c0013e26                Clock::~Clock()
                0x00000000c0013e50                Clock::timeInSecondsLocal()
                0x00000000c0013e98                Clock::setTimeInSecondsLocal(unsigned long long)
                0x00000000c0013ef1                datetimeToSeconds(datetime_t)
                0x00000000c0014018                Clock::setTimeInDatetimeLocal(datetime_t)
                0x00000000c0014078                secondsToDatetime(unsigned long long)
                0x00000000c00141bc                Clock::timeInDatetimeLocal()
 *fill*         0x00000000c00141e1        0x1 
 .text          0x00000000c00141e2      0x4de hal/device.32
                0x00000000c00141e2                Device::hibernate()
                0x00000000c00141e4                Device::wake()
                0x00000000c00141e6                Device::detect()
                0x00000000c00141e8                Device::disableLegacy()
                0x00000000c00141ea                Device::powerSaving(PowerSavingLevel)
                0x00000000c00141ec                DriverlessDevice::close(int, int, void*)
                0x00000000c00141f0                DriverlessDevice::detect()
                0x00000000c00141f2                DriverlessDevice::open(int, int, void*)
                0x00000000c0014206                Device::~Device()
                0x00000000c0014206                Device::~Device()
                0x00000000c0014214                Device::~Device()
                0x00000000c001423c                Device::findAndLoadDriver()
                0x00000000c001423e                Device::preOpenPCI(PCIDeviceInfo)
                0x00000000c0014264                Device::preOpenACPI(void*, char*, char*)
                0x00000000c00142b8                Device::addIRQHandler(int, void (*)(regs*, void*), bool, void*)
                0x00000000c00142f6                Device::removeIRQHandler(int, void (*)(regs*, void*), bool)
                0x00000000c0014334                Device::addChild(Device*)
                0x00000000c0014378                Device::removeAllChildren()
                0x00000000c00143be                Device::hibernateAll()
                0x00000000c00143ee                Device::wakeAll()
                0x00000000c001441e                Device::detectAll()
                0x00000000c001444e                Device::disableLegacyAll()
                0x00000000c001447e                Device::loadDriversForAll()
                0x00000000c00144aa                Device::closeAll()
                0x00000000c00144e0                Device::powerSavingAll(PowerSavingLevel)
                0x00000000c0014516                Device::setName(char const*)
                0x00000000c0014524                Device::Device(char const*)
                0x00000000c0014524                Device::Device(char const*)
                0x00000000c0014620                Device::getName()
                0x00000000c001462a                DriverlessDevice::DriverlessDevice(char const*)
                0x00000000c001462a                DriverlessDevice::DriverlessDevice(char const*)
                0x00000000c0014652                Device::addToLinkedList(LinkedList<Device>&, DeviceType)
                0x00000000c0014696                getDevicesOfType(DeviceType)
 .text          0x00000000c00146c0       0x84 hal/diskctrl.32
                0x00000000c00146c0                HardDiskController::HardDiskController(char const*)
                0x00000000c00146c0                HardDiskController::HardDiskController(char const*)
                0x00000000c00146f6                HardDiskController::~HardDiskController()
                0x00000000c00146f6                HardDiskController::~HardDiskController()
                0x00000000c001471a                HardDiskController::~HardDiskController()
 .text          0x00000000c0014744       0xf2 hal/diskphys.32
                0x00000000c0014744                PhysicalDisk::eject()
                0x00000000c0014758                PhysicalDisk::PhysicalDisk(char const*, int)
                0x00000000c0014758                PhysicalDisk::PhysicalDisk(char const*, int)
                0x00000000c00147c0                PhysicalDisk::startCache()
                0x00000000c00147e8                PhysicalDisk::~PhysicalDisk()
                0x00000000c00147e8                PhysicalDisk::~PhysicalDisk()
                0x00000000c001480c                PhysicalDisk::~PhysicalDisk()
 .text          0x00000000c0014836      0x13b hal/fpu.32
                0x00000000c0014836                FPU::FPU(char const*)
                0x00000000c0014836                FPU::FPU(char const*)
                0x00000000c001486c                FPU::~FPU()
                0x00000000c001486c                FPU::~FPU()
                0x00000000c0014890                FPU::~FPU()
                0x00000000c00148ba                setupFPU()
 *fill*         0x00000000c0014971        0x1 
 .text          0x00000000c0014972     0x1421 hal/intctrl.32
                0x00000000c0014972                InterruptController::uninstallISRHandler(int, void (*)(regs*, void*))
                0x00000000c00149aa                InterruptController::installISRHandler(int, void (*)(regs*, void*), void*)
                0x00000000c00149fc                doubleFault(regs*, void*)
                0x00000000c0014a16                InterruptController::installIRQHandler(int, void (*)(regs*, void*), bool, void*)
                0x00000000c0014ab2                InterruptController::clearAllHandlers(int, bool)
                0x00000000c0014b5a                InterruptController::uninstallIRQHandler(int, void (*)(regs*, void*), bool)
                0x00000000c0014be1                nmiHandler(regs*, void*)
                0x00000000c0014bef                int_handler
                0x00000000c0014c90                InterruptController::InterruptController(char const*)
                0x00000000c0014c90                InterruptController::InterruptController(char const*)
                0x00000000c0014d36                InterruptController::~InterruptController()
                0x00000000c0014d36                InterruptController::~InterruptController()
                0x00000000c0014d5a                InterruptController::~InterruptController()
                0x00000000c0014d84                displayDebugInfo(regs*)
                0x00000000c0015213                x87EmulHandler(regs*, void*)
                0x00000000c0015286                gpFault(regs*, void*)
                0x00000000c00152bf                pgFault(regs*, void*)
                0x00000000c00152fb                otherISRHandler(regs*, void*)
                0x00000000c001531a                opcodeFault(regs*, void*)
                0x00000000c0015920                displayProgramFault(char const*)
                0x00000000c0015948                setupInterruptController()
                0x00000000c0015d46                InterruptController::convertLegacyIRQNumber(int)
 *fill*         0x00000000c0015d93        0x1 
 .text          0x00000000c0015d94      0x6c8 hal/keybrd.32
                0x00000000c0015d94                startGUI(void*)
                0x00000000c0015df0                startGUIVESA(void*)
                0x00000000c0015e4c                sendKeyToTerminal(unsigned char)
                0x00000000c0015eb8                sendKeyboardToken(KeyboardToken)
                0x00000000c00162f5                clearInternalKeybuffer(VgaText*)
                0x00000000c001632a                readKeyboard(VgaText*, char*, unsigned long)
                0x00000000c00163d2                Keyboard::Keyboard(char const*)
                0x00000000c00163d2                Keyboard::Keyboard(char const*)
                0x00000000c001640e                Keyboard::~Keyboard()
                0x00000000c001640e                Keyboard::~Keyboard()
                0x00000000c0016432                Keyboard::~Keyboard()
 .text          0x00000000c001645c      0x414 hal/logidisk.32
                0x00000000c001645c                LogicalDisk::close(int, int, void*)
                0x00000000c0016460                LogicalDisk::~LogicalDisk()
                0x00000000c0016460                LogicalDisk::~LogicalDisk()
                0x00000000c0016484                LogicalDisk::~LogicalDisk()
                0x00000000c00164ae                LogicalDisk::open(int, int, void*)
                0x00000000c00164c2                LogicalDisk::absoluteToRelative(unsigned long long)
                0x00000000c00164fa                LogicalDisk::relativeToAbsolute(unsigned long long)
                0x00000000c0016540                LogicalDisk::LogicalDisk(char const*, PhysicalDisk*, unsigned long long, unsigned long long)
                0x00000000c0016540                LogicalDisk::LogicalDisk(char const*, PhysicalDisk*, unsigned long long, unsigned long long)
                0x00000000c00165f6                LogicalDisk::assignDriveLetter()
                0x00000000c00166ac                LogicalDisk::mount()
                0x00000000c001671e                LogicalDisk::unmount()
                0x00000000c001672e                LogicalDisk::eject()
                0x00000000c0016742                LogicalDisk::unassignDriveLetter()
                0x00000000c0016798                LogicalDisk::read(unsigned long long, int, void*)
                0x00000000c0016804                LogicalDisk::write(unsigned long long, int, void*)
 .text          0x00000000c0016870       0x84 hal/mouse.32
                0x00000000c0016870                Mouse::Mouse(char const*)
                0x00000000c0016870                Mouse::Mouse(char const*)
                0x00000000c00168a6                Mouse::~Mouse()
                0x00000000c00168a6                Mouse::~Mouse()
                0x00000000c00168ca                Mouse::~Mouse()
 .text          0x00000000c00168f4      0x34d hal/partition.32
                0x00000000c00168f4                makePartition(PhysicalDisk*, unsigned long long, unsigned long long)
                0x00000000c00169b0                createPartitionsForDisk(PhysicalDisk*)
 *fill*         0x00000000c0016c41        0x1 
 .text          0x00000000c0016c42       0x84 hal/serial.32
                0x00000000c0016c42                Serial::Serial(char const*)
                0x00000000c0016c42                Serial::Serial(char const*)
                0x00000000c0016c78                Serial::~Serial()
                0x00000000c0016c78                Serial::~Serial()
                0x00000000c0016c9c                Serial::~Serial()
 .text          0x00000000c0016cc6      0x2b8 hal/timer.32
                0x00000000c0016cc6                Timer::Timer(char const*)
                0x00000000c0016cc6                Timer::Timer(char const*)
                0x00000000c0016cfc                Timer::~Timer()
                0x00000000c0016cfc                Timer::~Timer()
                0x00000000c0016d20                Timer::~Timer()
                0x00000000c0016d4a                Timer::read()
                0x00000000c0016d55                timerHandler(unsigned long long)
                0x00000000c0016e8c                setupTimer(int)
 .text          0x00000000c0016f7e      0x425 hal/vcache.32
                0x00000000c0016f7e                VCache::VCache(PhysicalDisk*)
                0x00000000c0016f7e                VCache::VCache(PhysicalDisk*)
                0x00000000c00170e6                VCache::invalidateReadBuffer()
                0x00000000c00170f6                VCache::writeWriteBuffer()
                0x00000000c0017132                VCache::~VCache()
                0x00000000c0017132                VCache::~VCache()
                0x00000000c0017186                VCache::~VCache()
                0x00000000c00171ae                VCache::write(unsigned long long, int, void*)
                0x00000000c00172a4                VCache::read(unsigned long long, int, void*)
 *fill*         0x00000000c00173a3        0x1 
 .text          0x00000000c00173a4      0x4cd hal/video.32
                0x00000000c00173a4                Video::putrect(int, int, int, int, unsigned int)
                0x00000000c00173f0                Video::bitblit(int, int, int, int, int, int, int, unsigned int*)
                0x00000000c0017460                Video::blit(unsigned int*, int, int, int, int)
                0x00000000c00174de                Video::clearScreen(unsigned int)
                0x00000000c0017512                Video::putpixel(int, int, unsigned int)
                0x00000000c0017520                Video::Video(char const*)
                0x00000000c0017520                Video::Video(char const*)
                0x00000000c0017556                Video::~Video()
                0x00000000c0017556                Video::~Video()
                0x00000000c001757a                Video::~Video()
                0x00000000c00175a4                Video::isMonochrome()
                0x00000000c00175b0                Video::getWidth()
                0x00000000c00175bc                Video::getHeight()
                0x00000000c00175c8                Video::drawCursor(int, int, unsigned char*, int)
                0x00000000c0017684                Video::tgaParse(unsigned char*, int, int*, int*)
                0x00000000c0017806                Video::putTGA(int, int, unsigned char*, int)
 *fill*         0x00000000c0017871        0x1 
 .text          0x00000000c0017872      0xf80 hw/acpi.32
                0x00000000c0017872                ACPI::close(int, int, void*)
                0x00000000c0017927                findRSDP()
                0x00000000c00179c1                loadACPITables(unsigned char*)
                0x00000000c0017be8                findRSDT(unsigned char*)
                0x00000000c0017d06                findDataTable(unsigned char*, char*)
                0x00000000c0017da2                scanMADT()
                0x00000000c0018228                ACPI::ACPI()
                0x00000000c0018228                ACPI::ACPI()
                0x00000000c0018292                ACPI::getPCIIRQAssignment(unsigned char, unsigned short, unsigned char)
                0x00000000c0018374                ACPI::registerPCIIRQAssignment(void*, unsigned short, unsigned char, unsigned char)
                0x00000000c001843a                ACPI::setScreenBrightnessLevel(void*, int)
                0x00000000c0018440                ACPI::writeSimpleBootFlag(SimpleBootFlagTable*)
                0x00000000c0018488                ACPI::open(int, int, void*)
                0x00000000c00187da                ACPI::sleep()
 .text          0x00000000c00187f2     0x1715 hw/cpu.32
                0x00000000c00187f2                CPU::close(int, int, void*)
                0x00000000c00187f6                CPU::lookupAMDName(unsigned char, unsigned char)
                0x00000000c001898a                CPU::lookupIntelName(unsigned char, unsigned char)
                0x00000000c0018c38                CPU::AMD_K6_write_msr(unsigned int, unsigned int, unsigned int, CPU::REGS*)
                0x00000000c0018c54                CPU::AMD_K6_read_msr(unsigned int, CPU::REGS*)
                0x00000000c0018c6c                CPU::AMD_K6_writeback(int, int, int)
                0x00000000c0018ce0                CPU::cpuid(int, unsigned long*, unsigned long*, unsigned long*, unsigned long*)
                0x00000000c0018d64                CPU::cpuidCheckEDX(unsigned int)
                0x00000000c0018d92                CPU::cpuidCheckECX(unsigned int)
                0x00000000c0018dc0                CPU::cpuidCheckExtendedEBX(unsigned int)
                0x00000000c0018dee                CPU::cpuidCheckExtendedECX(unsigned int)
                0x00000000c0018e1c                CPU::CPU()
                0x00000000c0018e1c                CPU::CPU()
                0x00000000c0018eaa                CPU::displayFeatures()
                0x00000000c0019126                CPU::detectFeatures()
                0x00000000c0019b16                CPU::setupSMEP()
                0x00000000c0019b22                CPU::setupUMIP()
                0x00000000c0019b2c                CPU::setupTSC()
                0x00000000c0019b36                CPU::setupLargePages()
                0x00000000c0019b40                CPU::setupPAT()
                0x00000000c0019b7c                CPU::setupMTRR()
                0x00000000c0019b7e                CPU::setupGlobalPages()
                0x00000000c0019b88                CPU::allowUsermodeDataAccess()
                0x00000000c0019b9a                CPU::prohibitUsermodeDataAccess()
                0x00000000c0019bac                CPU::setupSMAP()
                0x00000000c0019bba                CPU::setupFeatures()
                0x00000000c0019c3a                CPU::open(int, int, void*)
                0x00000000c0019d0c                CPU::decodeAddress(regs*, int*, bool*, unsigned char*)
 .text          0x00000000c0019f07        0x0 hw/ports.32
 .text          0x00000000c0019f07      0x16a hw/smp.32
                0x00000000c0019f07                Krnl::smpEntry()
                0x00000000c0019f09                Krnl::startCPU(int)
                0x00000000c001a052                Krnl::startCPUs()
 *fill*         0x00000000c001a071        0x1 
 .text          0x00000000c001a072      0x5d3 krnl/env.32
                0x00000000c001a072                EnvVarContainer::getEnv(char const*)
                0x00000000c001a0b0                EnvVarContainer::setEnv(char const*, char const*)
                0x00000000c001a17c                EnvVarContainer::deleteEnv(char const*)
                0x00000000c001a17e                EnvVarContainer::loadFrom(char const*, char const*)
                0x00000000c001a374                EnvVarContainer::__loadSystem()
                0x00000000c001a38e                EnvVarContainer::__loadUser()
                0x00000000c001a390                EnvVarContainer::EnvVarContainer(Process*)
                0x00000000c001a390                EnvVarContainer::EnvVarContainer(Process*)
                0x00000000c001a3b2                EnvVarContainer::~EnvVarContainer()
                0x00000000c001a3b2                EnvVarContainer::~EnvVarContainer()
                0x00000000c001a3e2                Krnl::getEnv(Process*, char const*)
                0x00000000c001a447                Krnl::setEnvSystem(char const*, char const*)
                0x00000000c001a461                Krnl::setEnvUser(char const*, char const*)
                0x00000000c001a480                Krnl::setEnvProcess(Process*, char const*, char const*)
                0x00000000c001a493                Krnl::deleteEnvSystem(char const*)
                0x00000000c001a494                Krnl::deleteEnvUser(char const*)
                0x00000000c001a495                Krnl::deleteEnvProcess(Process*, char const*)
                0x00000000c001a496                Krnl::newProcessEnv(Process*)
                0x00000000c001a4b8                Krnl::copyProcessEnv(Process*, Process*)
                0x00000000c001a50c                Krnl::loadSystemEnv()
                0x00000000c001a53a                Krnl::loadUserEnv()
                0x00000000c001a560                Krnl::flushEnv()
                0x00000000c001a561                Krnl::getProcessTotalEnvCount(Process*)
                0x00000000c001a581                Krnl::getProcessEnvPair(Process*, int)
 .text          0x00000000c001a645      0x396 krnl/panic.32
                0x00000000c001a645                Krnl::panic(char const*)
 .text          0x00000000c001a9db      0x3b6 net/ethernet.32
                0x00000000c001a9db                Net::switchEndian16(unsigned short)
                0x00000000c001a9fc                Net::switchEndian32(unsigned int)
                0x00000000c001aa2b                Net::crc32Calc(unsigned char*, int)
                0x00000000c001aabc                Net::wrapEthernetFrame(Net::UnwrappedEthernetFrame, unsigned char*)
                0x00000000c001abf8                Net::unwrapEthernetFrame(unsigned char*, int)
 .text          0x00000000c001ad91      0x513 reg/registry.32
                0x00000000c001ad91                Reg::findLineFromLoadedData(char*, char*, char*)
                0x00000000c001aee9                Reg::getLineFromRegistry(char*, char*, char*, char*)
                0x00000000c001b03e                Reg::getLine(char*, char*, char*)
                0x00000000c001b075                Reg::readInt(char*, char*, int*)
                0x00000000c001b160                Reg::readString(char*, char*, char*, int)
                0x00000000c001b1e1                Reg::readBool(char*, char*, bool*)
                0x00000000c001b206                Reg::readBoolWithDefault(char*, char*, bool)
                0x00000000c001b232                Reg::readIntWithDefault(char*, char*, int)
                0x00000000c001b25e                Reg::readStringWithDefault(char*, char*, char*, int, char*)
 .text          0x00000000c001b2a4       0x36 sys/sc_eject.32
                0x00000000c001b2a4                Sys::eject(regs*)
 .text          0x00000000c001b2da       0x18 sys/sc_exit.32
                0x00000000c001b2da                Sys::exit(regs*)
 .text          0x00000000c001b2f2       0x1f sys/sc_getcwd.32
                0x00000000c001b2f2                Sys::getCwd(regs*)
 .text          0x00000000c001b311        0xc sys/sc_getpid.32
                0x00000000c001b311                Sys::getPID(regs*)
 .text          0x00000000c001b31d       0x17 sys/sc_getramdata.32
                0x00000000c001b31d                Sys::getRAMData(regs*)
 .text          0x00000000c001b334       0xa8 sys/sc_loaddll.32
                0x00000000c001b334                Sys::loadDLL(regs*)
 .text          0x00000000c001b3dc       0x68 sys/sc_read.32
                0x00000000c001b3dc                Sys::read(regs*)
 .text          0x00000000c001b444       0x55 sys/sc_sbrk.32
                0x00000000c001b444                Sys::sbrk(regs*)
 .text          0x00000000c001b499       0x1c sys/sc_setcwd.32
                0x00000000c001b499                Sys::setCwd(regs*)
 .text          0x00000000c001b4b5      0x128 sys/sc_settime.32
                0x00000000c001b4b5                Sys::setTime(regs*)
 .text          0x00000000c001b5dd       0x4a sys/sc_timezone.32
                0x00000000c001b5dd                Sys::timezone(regs*)
 .text          0x00000000c001b627       0x68 sys/sc_write.32
                0x00000000c001b627                Sys::write(regs*)
 .text          0x00000000c001b68f       0x62 sys/sc_wsbe.32
                0x00000000c001b68f                Sys::wsbe(regs*)
 .text          0x00000000c001b6f1       0x3b sys/sc_yield.32
                0x00000000c001b6f1                Sys::yield(regs*)
 .text          0x00000000c001b72c     0x10e5 sys/syscalls.32
                0x00000000c001b72c                sysCallSeekDir(regs*)
                0x00000000c001b731                sysCallTellDir(regs*)
                0x00000000c001b736                sysCallVerify(regs*)
                0x00000000c001b740                sysFormatDisk(regs*)
                0x00000000c001b7aa                sysSetDiskVolumeLabel(regs*)
                0x00000000c001b7f0                sysGetDiskVolumeLabel(regs*)
                0x00000000c001b841                sysShutdown(regs*)
                0x00000000c001b89f                sysCallRealpath(regs*)
                0x00000000c001b8e2                sysCallGetArgc(regs*)
                0x00000000c001b910                sysCallReadDir(regs*)
                0x00000000c001b99e                sysCallIsATTY(regs*)
                0x00000000c001b9f8                sysCallSeek(regs*)
                0x00000000c001ba61                sysCallTell(regs*)
                0x00000000c001bade                sysCallSize(regs*)
                0x00000000c001bb61                sysCallSizeFromFilename(regs*)
                0x00000000c001bc21                sysCallClose(regs*)
                0x00000000c001bca9                sysCallOpenDir(regs*)
                0x00000000c001bd1e                sysCallCloseDir(regs*)
                0x00000000c001bd84                sysCallMakeDir(regs*)
                0x00000000c001bdf4                sysCallWait(regs*)
                0x00000000c001be0e                sysCallNotImpl(regs*)
                0x00000000c001be29                sysPanic(regs*)
                0x00000000c001be4f                sysCallRmdir(regs*)
                0x00000000c001beb3                sysCallUnlink(regs*)
                0x00000000c001bf17                sysCallGetArgv(regs*)
                0x00000000c001bf63                sysCallTTYName(regs*)
                0x00000000c001bfe6                sysCallUSleep(regs*)
                0x00000000c001c00d                sysCallSpawn(regs*)
                0x00000000c001c065                sysCallGetEnv(regs*)
                0x00000000c001c19d                sysAppSettings(regs*)
                0x00000000c001c2bc                sysSetFatAttrib(regs*)
                0x00000000c001c32e                sysPipe(regs*)
                0x00000000c001c373                sysGetUnixTime(regs*)
                0x00000000c001c387                string_ends_with(char const*, char const*)
                0x00000000c001c3cf                sysCallOpen(regs*)
                0x00000000c001c5e4                Sys::loadSyscalls()
                0x00000000c001c7cf                Sys::systemCall(regs*, void*)
 .text          0x00000000c001c811     0x11d4 thr/elf.32
                0x00000000c001c811                Thr::allocateMemoryForTask(Process*, File*, unsigned long, unsigned long, unsigned long)
                0x00000000c001caa3                Thr::loadProgramIntoMemory(Process*, char const*)
                0x00000000c001ccb9                Thr::runtimeReferenceHelper()
                0x00000000c001cccc                Thr::getAddressOfKernelSymbol(char const*)
                0x00000000c001cd1b                Thr::loadKernelSymbolTable(char const*)
                0x00000000c001cfd9                Thr::loadDriverIntoMemory(char const*, unsigned long, bool)
                0x00000000c001d6f5                Thr::getDriverBaseFromAddress(unsigned long)
                0x00000000c001d727                Thr::getDriverNameFromAddress(unsigned long)
                0x00000000c001d75e                Thr::getDriverOffsetFromAddress(unsigned long)
                0x00000000c001d778                Thr::loadDLL(char const*, bool)
                0x00000000c001d9ac                Thr::executeDLL(unsigned long, void*)
 *fill*         0x00000000c001d9e5        0x1 
 .text          0x00000000c001d9e6     0x1090 thr/prcssthr.32
                0x00000000c001d9e6                changeTSS
                0x00000000c001da16                Process::addArgs(char**)
                0x00000000c001da70                Process::Process(char const*, Process*, char**)
                0x00000000c001da70                Process::Process(char const*, Process*, char**)
                0x00000000c001dc54                Process::Process(bool, char const*, Process*, char**)
                0x00000000c001dc54                Process::Process(bool, char const*, Process*, char**)
                0x00000000c001de03                disableIRQs()
                0x00000000c001de0b                getIRQNestingLevel()
                0x00000000c001de11                enableIRQs()
                0x00000000c001de20                lockScheduler()
                0x00000000c001de22                unlockScheduler()
                0x00000000c001de24                userModeEntryPoint(void*)
                0x00000000c001de47                lockStuff()
                0x00000000c001de53                taskStartupFunction
                0x00000000c001de5c                updateTimeUsed()
                0x00000000c001dec1                switchToThread(ThreadControlBlock*)
                0x00000000c001df12                Semaphore::Semaphore(int)
                0x00000000c001df12                Semaphore::Semaphore(int)
                0x00000000c001df40                Mutex::Mutex()
                0x00000000c001df40                Mutex::Mutex()
                0x00000000c001df52                Process::createThread(void (*)(void*), void*, int)
                0x00000000c001e058                Process::createUserThread()
                0x00000000c001e074                setupMultitasking(void (*)())
                0x00000000c001e196                schedule()
                0x00000000c001e21b                unlockStuff()
                0x00000000c001e250                Semaphore::tryAcquire()
                0x00000000c001e27e                Semaphore::assertLocked(char const*)
                0x00000000c001e2ae                blockTaskWithSchedulerLockAlreadyHeld(TaskState)
                0x00000000c001e2f0                blockTask(TaskState)
                0x00000000c001e311                waitTask(int, int*, int)
                0x00000000c001e353                nanoSleepUntil(unsigned long long)
                0x00000000c001e3aa                nanoSleep(unsigned long long)
                0x00000000c001e3bf                sleep(unsigned long long)
                0x00000000c001e3dc                Semaphore::acquire()
                0x00000000c001e444                taskReturned
                0x00000000c001e472                unblockTask(ThreadControlBlock*)
                0x00000000c001e521                cleanupTerminatedTask(ThreadControlBlock*)
                0x00000000c001e7ea                cleanerTaskFunction(void*)
                0x00000000c001e89d                terminateTask(int)
                0x00000000c001e97d                Thr::terminateFromIRQ(int)
                0x00000000c001e98a                Semaphore::release()
 .text          0x00000000c001ea76      0xc26 vm86/vm8086.32
                0x00000000c001ea76                Vm::inbv(unsigned short)
                0x00000000c001ea89                Vm::outbv(unsigned short, unsigned char)
                0x00000000c001eadc                Vm::realToLinear(unsigned short, unsigned short)
                0x00000000c001eaec                Vm::getSegment(unsigned int)
                0x00000000c001eaf4                Vm::getOffset(unsigned int)
                0x00000000c001eaf9                Vm::mainloop2()
                0x00000000c001eb34                Vm::mainVm8086Loop(void*)
                0x00000000c001eb41                Vm::mainloop3(unsigned long)
                0x00000000c001eb6b                Vm::initialise8086()
                0x00000000c001ebae                Vm::finish8086()
                0x00000000c001ebf3                Vm::getOutput8086(unsigned char*)
                0x00000000c001ec1d                Vm::start8086(char const*, unsigned short, unsigned short, unsigned short, unsigned short)
                0x00000000c001ed6d                Vm::doISR(regs*, int, unsigned char*, unsigned short, unsigned short)
                0x00000000c001edf7                Vm::readByteFromReal(unsigned short, unsigned short)
                0x00000000c001ee08                Vm::readWordFromReal(unsigned short, unsigned short)
                0x00000000c001ee1a                Vm::readDwordFromReal(unsigned short, unsigned short)
                0x00000000c001ee2b                Vm::writeByteFromReal(unsigned short, unsigned short, unsigned char)
                0x00000000c001ee40                Vm::writeWordFromReal(unsigned short, unsigned short, unsigned short)
                0x00000000c001ee56                Vm::writeDwordFromReal(unsigned short, unsigned short, unsigned int)
                0x00000000c001ee6b                Vm::faultHandler(regs*)
 .text          0x00000000c001f69c      0xefd vm86/x87em.32
                0x00000000c001f69c                Vm::fpuInternalTo32(unsigned long long)
                0x00000000c001f6f7                Vm::fpuInternalTo64(unsigned long long)
                0x00000000c001f700                Vm::fpu32ToInternal(unsigned int)
                0x00000000c001f745                Vm::fpu64ToInternal(unsigned long long)
                0x00000000c001f74e                Vm::fpuFloatToLong(unsigned long long)
                0x00000000c001f7a9                Vm::fpuULongToFloat(unsigned long long)
                0x00000000c001f7df                Vm::fpuLongToFloat(long long)
                0x00000000c001f835                Vm::fpuGet0()
                0x00000000c001f83a                Vm::fpuGet1()
                0x00000000c001f842                Vm::fpuGetPi()
                0x00000000c001f84a                Vm::fpuGetLog2E()
                0x00000000c001f862                Vm::fpuGetLogE2()
                0x00000000c001f87a                Vm::fpuGetLog210()
                0x00000000c001f892                Vm::fpuGetLog102()
                0x00000000c001f8aa                Vm::fpuIsSecondLarger(unsigned long long, unsigned long long)
                0x00000000c001f8be                Vm::fpuAreEqual(unsigned long long, unsigned long long)
                0x00000000c001f8d4                Vm::fpuUnorderedCompare(unsigned long long, unsigned long long)
                0x00000000c001f927                Vm::fpuAdd(unsigned long long, unsigned long long)
                0x00000000c001f938                Vm::fpuAbs(unsigned long long)
                0x00000000c001f941                Vm::fpuChs(unsigned long long)
                0x00000000c001f951                Vm::fpuSub(unsigned long long, unsigned long long)
                0x00000000c001f960                Vm::fpuMultiply(unsigned long long, unsigned long long)
                0x00000000c001f97f                Vm::fpuDivide(unsigned long long, unsigned long long)
                0x00000000c001f99b                Vm::fpuSquare(unsigned long long)
                0x00000000c001f9b1                Vm::fpuGetReg(int)
                0x00000000c001f9f4                Vm::fpuSetReg(int, unsigned long long)
                0x00000000c001fa3f                Vm::fpuPush(unsigned long long)
                0x00000000c001fa9c                Vm::fpuPop()
                0x00000000c001faee                Vm::x87Handler(regs*)
 *fill*         0x00000000c0020599        0x1 
 .text          0x00000000c002059a     0x11b7 fs/fat/vfslink.32
                0x00000000c002059a                FAT::getName()
                0x00000000c00205a0                FAT::tell(void*, unsigned long long*)
                0x00000000c00205d4                FAT::stat(void*, unsigned long long*)
                0x00000000c0020608                FAT::~FAT()
                0x00000000c0020608                FAT::~FAT()
                0x00000000c002062c                FAT::~FAT()
                0x00000000c0020654                FAT::getlabel(LogicalDisk*, int, char*, unsigned int*)
                0x00000000c00206f2                FAT::setlabel(LogicalDisk*, int, char*)
                0x00000000c00207ac                FAT::format(LogicalDisk*, int, char const*, int)
                0x00000000c0020990                FAT::tryMount(LogicalDisk*, int)
                0x00000000c0020b96                FAT::getFileFirstSector(char const*)
                0x00000000c0020c60                FAT::readDir(void*, unsigned long, void*, int*)
                0x00000000c0020d66                FAT::read(void*, unsigned long, void*, int*)
                0x00000000c0020dc0                FAT::write(void*, unsigned long, void*, int*)
                0x00000000c0020e1a                FAT::close(void*)
                0x00000000c0020e66                FAT::closeDir(void*)
                0x00000000c0020eb2                FAT::seek(void*, unsigned long long)
                0x00000000c0020f06                fatWrapperReadDisk
                0x00000000c0020f4d                fatWrapperWriteDisk
                0x00000000c0020f94                fatWrapperIoctl
                0x00000000c0021098                FAT::FAT()
                0x00000000c0021098                FAT::FAT()
                0x00000000c00210ea                FAT::fixFilepath(char*)
                0x00000000c0021122                FAT::open(char const*, void**, FileOpenMode)
                0x00000000c002124a                FAT::openDir(char const*, void**)
                0x00000000c00212f0                FAT::stat(char const*, unsigned long long*, bool*)
                0x00000000c00213da                FAT::unlink(char const*)
                0x00000000c0021454                FAT::chfatattr(char const*, unsigned char, unsigned char)
                0x00000000c00215a8                FAT::rename(char const*, char const*)
                0x00000000c002166c                FAT::mkdir(char const*)
                0x00000000c00216e6                FAT::exists(char const*)
 *fill*         0x00000000c0021751        0x1 
 .text          0x00000000c0021752      0xbc1 fs/iso9660/vfslink.32
                0x00000000c0021752                ISO9660::format(LogicalDisk*, int, char const*, int)
                0x00000000c0021758                ISO9660::seek(void*, unsigned long long)
                0x00000000c0021788                ISO9660::tell(void*, unsigned long long*)
                0x00000000c00217ac                ISO9660::getName()
                0x00000000c00217b2                ISO9660::stat(void*, unsigned long long*)
                0x00000000c00217d6                ISO9660::chfatattr(char const*, unsigned char, unsigned char)
                0x00000000c00217dc                ISO9660::unlink(char const*)
                0x00000000c00217e2                ISO9660::write(void*, unsigned long, void*, int*)
                0x00000000c00217e8                ISO9660::rename(char const*, char const*)
                0x00000000c00217ee                ISO9660::mkdir(char const*)
                0x00000000c00217f4                ISO9660::close(void*)
                0x00000000c0021816                ISO9660::closeDir(void*)
                0x00000000c0021838                ISO9660::~ISO9660()
                0x00000000c0021838                ISO9660::~ISO9660()
                0x00000000c002185c                ISO9660::~ISO9660()
                0x00000000c0021883                __memmem(unsigned char*, int, unsigned char*, int)
                0x00000000c00218c5                readSectorFromCDROM(unsigned int, unsigned char*, char)
                0x00000000c002192c                ISO9660::tryMount(LogicalDisk*, int)
                0x00000000c002197c                ISO9660::read(void*, unsigned long, void*, int*)
                0x00000000c0021b7c                ISO9660::readDir(void*, unsigned long, void*, int*)
                0x00000000c0021e09                readRoot(unsigned int*, unsigned int*, char)
                0x00000000c0021e5e                readRecursively(char*, unsigned int, unsigned int, unsigned int*, unsigned int*, char, int*)
                0x00000000c0022031                getFileData(char*, unsigned int*, unsigned int*, char, int*)
                0x00000000c00220c0                ISO9660::open(char const*, void**, FileOpenMode)
                0x00000000c0022180                ISO9660::exists(char const*)
                0x00000000c00221a4                ISO9660::stat(char const*, unsigned long long*, bool*)
                0x00000000c0022238                ISO9660::openDir(char const*, void**)
                0x00000000c00222f0                ISO9660::ISO9660()
                0x00000000c00222f0                ISO9660::ISO9660()
 *fill*         0x00000000c0022313        0x1 
 .text          0x00000000c0022314      0x326 hal/sound/sndchannel.32
                0x00000000c0022314                SoundChannel::~SoundChannel()
                0x00000000c0022314                SoundChannel::~SoundChannel()
                0x00000000c0022330                SoundChannel::setSpeed(float)
                0x00000000c002233c                SoundChannel::getSpeed()
                0x00000000c0022344                SoundChannel::setVolume(int)
                0x00000000c0022360                SoundChannel::getVolume()
                0x00000000c0022368                SoundChannel::pause()
                0x00000000c0022372                SoundChannel::SoundChannel(int, int, int, int)
                0x00000000c0022372                SoundChannel::SoundChannel(int, int, int, int)
                0x00000000c00224c8                SoundChannel::play()
                0x00000000c00224d2                SoundChannel::paused()
                0x00000000c00224da                SoundChannel::getSampleRate()
                0x00000000c00224e2                SoundChannel::getBits()
                0x00000000c00224ea                SoundChannel::getBufferUsed()
                0x00000000c00224f2                SoundChannel::getBufferSize()
                0x00000000c00224fa                SoundChannel::unbuffer(float*, int, int)
                0x00000000c002259a                SoundChannel::buffer8(unsigned char*, int)
 .text          0x00000000c002263a      0x3d5 hal/sound/sndhw.32
                0x00000000c002263a                SoundDevice::SoundDevice(char const*)
                0x00000000c002263a                SoundDevice::SoundDevice(char const*)
                0x00000000c00226a6                SoundDevice::~SoundDevice()
                0x00000000c00226a6                SoundDevice::~SoundDevice()
                0x00000000c0022720                SoundDevice::~SoundDevice()
                0x00000000c002274a                SoundDevice::getFreeChannelNum()
                0x00000000c0022764                SoundDevice::addChannel(SoundChannel*)
                0x00000000c00227d4                SoundDevice::removeChannel(int)
                0x00000000c0022806                SoundDevice::floatTo8(float*, unsigned char*, int)
                0x00000000c00228ee                SoundDevice::getAudio(int, float*, float*)
 .text          0x00000000c0022a0f        0x0 hw/bus/isa.32
 *fill*         0x00000000c0022a0f        0x1 
 .text          0x00000000c0022a10      0x6c3 hw/bus/pci.32
                0x00000000c0022a10                PCI::open(int, int, void*)
                0x00000000c0022a24                PCI::close(int, int, void*)
                0x00000000c0022a28                PCI::PCI()
                0x00000000c0022a28                PCI::PCI()
                0x00000000c0022aa8                PCI::pciReadWord(unsigned char, unsigned char, unsigned char, unsigned char)
                0x00000000c0022af0                PCI::getVendorID(unsigned char, unsigned char, unsigned char)
                0x00000000c0022b12                PCI::getHeaderType(unsigned char, unsigned char, unsigned char)
                0x00000000c0022b36                PCI::getClassCode(unsigned char, unsigned char, unsigned char)
                0x00000000c0022b7a                PCI::getProgIF(unsigned char, unsigned char, unsigned char)
                0x00000000c0022b9e                PCI::getRevisionID(unsigned char, unsigned char, unsigned char)
                0x00000000c0022bc0                PCI::getInterruptNumber(unsigned char, unsigned char, unsigned char)
                0x00000000c0022be2                PCI::getSecondaryBus(unsigned char, unsigned char, unsigned char)
                0x00000000c0022c06                PCI::getBARAddress(unsigned char, unsigned char, unsigned char, unsigned char)
                0x00000000c0022c66                PCI::pciWriteWord(unsigned char, unsigned char, unsigned char, unsigned char, unsigned short)
                0x00000000c0022cd2                PCI::checkBus(unsigned char)
                0x00000000c0022cf6                PCI::foundDevice(PCIDeviceInfo)
                0x00000000c0022e68                PCI::getDeviceData(unsigned char, unsigned char, unsigned char)
                0x00000000c0023014                PCI::checkDevice(unsigned char, unsigned char)
                0x00000000c0023080                PCI::detect()
 *fill*         0x00000000c00230d3        0x1 
 .text          0x00000000c00230d4      0xc70 hw/diskctrl/ide.32
                0x00000000c00230d4                IDE::close(int, int, void*)
                0x00000000c00230d8                IDE::IDE()
                0x00000000c00230d8                IDE::IDE()
                0x00000000c002310c                IDE::prepareInterrupt(unsigned char)
                0x00000000c002311e                selectDrive(unsigned char, unsigned char)
                0x00000000c0023120                IDE::getBase(unsigned char)
                0x00000000c0023132                IDE::write(unsigned char, unsigned char, unsigned char)
                0x00000000c00231f2                IDE::read(unsigned char, unsigned char)
                0x00000000c00232a0                IDE::waitInterrupt(unsigned char)
                0x00000000c0023306                ideChannel0IRQHandler(regs*, void*)
                0x00000000c0023322                ideChannel1IRQHandler(regs*, void*)
                0x00000000c002333e                IDE::enableIRQs(unsigned char, bool)
                0x00000000c0023384                IDE::open(int, int, void*)
                0x00000000c0023794                IDE::readBuffer(unsigned char, unsigned char, unsigned int, unsigned int)
                0x00000000c0023860                IDE::detect()
                0x00000000c0023b48                IDE::printError(unsigned char, unsigned char, unsigned char)
                0x00000000c0023cde                IDE::polling(unsigned char, unsigned int)
 .text          0x00000000c0023d44      0x390 hw/diskctrl/satabus.32
                0x00000000c0023d44                SATABus::close(int, int, void*)
                0x00000000c0023d48                SATABus::detect()
                0x00000000c0023d4a                SATABus::SATABus()
                0x00000000c0023d4a                SATABus::SATABus()
                0x00000000c0023df6                SATABus::findCmdslot(SATABus::tagHBA_PORT volatile*)
                0x00000000c0023e3e                SATABus::checkType(SATABus::tagHBA_PORT volatile*)
                0x00000000c0023e86                SATABus::startCmd(SATABus::tagHBA_PORT volatile*)
                0x00000000c0023ea6                SATABus::stopCmd(SATABus::tagHBA_PORT volatile*)
                0x00000000c0023ed0                SATABus::portRebase(SATABus::tagHBA_PORT volatile*, int)
                0x00000000c0023fd6                SATABus::probePort(SATABus::tagHBA_MEM volatile*)
                0x00000000c00240b4                SATABus::open(int, int, void*)
 .text          0x00000000c00240d4      0x63c hw/diskphys/ata.32
                0x00000000c00240d4                ATA::close(int, int, void*)
                0x00000000c00240f8                ATA::powerSaving(PowerSavingLevel)
                0x00000000c00240fa                ATA::ATA()
                0x00000000c00240fa                ATA::ATA()
                0x00000000c0024128                ATA::flush(bool)
                0x00000000c0024172                ATA::readyForCommand()
                0x00000000c00241c2                ATA::access(unsigned long long, int, void*, bool)
                0x00000000c002454a                ATA::read(unsigned long long, int, void*)
                0x00000000c00245b2                ATA::write(unsigned long long, int, void*)
                0x00000000c002461a                ATA::detectCHS()
                0x00000000c0024644                ATA::open(int, int, void*)
 .text          0x00000000c0024710      0x5bd hw/diskphys/atapi.32
                0x00000000c0024710                ATAPI::write(unsigned long long, int, void*)
                0x00000000c0024716                ATAPI::close(int, int, void*)
                0x00000000c002473a                ATAPI::ATAPI()
                0x00000000c002473a                ATAPI::ATAPI()
                0x00000000c0024768                ATAPI::readyForCommand()
                0x00000000c00247b8                ATAPI::sendPacket(unsigned char*, int, bool, unsigned short*, int)
                0x00000000c0024a78                ATAPI::diskRemoved()
                0x00000000c0024a94                ATAPI::eject()
                0x00000000c0024adc                ATAPI::diskInserted()
                0x00000000c0024b0a                ATAPI::detectMedia()
                0x00000000c0024bc6                ATAPI::open(int, int, void*)
                0x00000000c0024c4e                ATAPI::read(unsigned long long, int, void*)
 *fill*         0x00000000c0024ccd        0x1 
 .text          0x00000000c0024cce      0x455 hw/diskphys/sata.32
                0x00000000c0024cce                SATA::close(int, int, void*)
                0x00000000c0024cf2                SATA::powerSaving(PowerSavingLevel)
                0x00000000c0024cf4                SATA::open(int, int, void*)
                0x00000000c0024da2                SATA::SATA()
                0x00000000c0024da2                SATA::SATA()
                0x00000000c0024dd0                SATA::access(unsigned long long, int, void*, bool)
                0x00000000c0025036                SATA::read(unsigned long long, int, void*)
                0x00000000c002509e                SATA::write(unsigned long long, int, void*)
 *fill*         0x00000000c0025123        0x1 
 .text          0x00000000c0025124      0x500 hw/diskphys/satapi.32
                0x00000000c0025124                SATAPI::write(unsigned long long, int, void*)
                0x00000000c002512a                SATAPI::close(int, int, void*)
                0x00000000c002514e                SATAPI::SATAPI()
                0x00000000c002514e                SATAPI::SATAPI()
                0x00000000c002517c                SATAPI::diskRemoved()
                0x00000000c0025198                SATAPI::diskInserted()
                0x00000000c00251c6                SATAPI::sendPacket(unsigned char*, int, unsigned long long, unsigned short*, int)
                0x00000000c00253ca                SATAPI::eject()
                0x00000000c0025412                SATAPI::detectMedia()
                0x00000000c00254d4                SATAPI::open(int, int, void*)
                0x00000000c0025582                SATAPI::read(unsigned long long, int, void*)
 .text          0x00000000c0025624       0x8e hw/fpu/avx.32
                0x00000000c0025624                AVX::open(int, int, void*)
                0x00000000c0025636                AVX::close(int, int, void*)
                0x00000000c0025648                AVX::available()
                0x00000000c002565a                AVX::save(void*)
                0x00000000c0025672                AVX::load(void*)
                0x00000000c002568a                AVX::AVX()
                0x00000000c002568a                AVX::AVX()
 .text          0x00000000c00256b2       0x90 hw/fpu/mmx.32
                0x00000000c00256b2                MMX::available()
                0x00000000c00256c6                MMX::open(int, int, void*)
                0x00000000c00256d8                MMX::close(int, int, void*)
                0x00000000c00256ea                MMX::save(void*)
                0x00000000c0025702                MMX::load(void*)
                0x00000000c002571a                MMX::MMX()
                0x00000000c002571a                MMX::MMX()
 .text          0x00000000c0025742       0x96 hw/fpu/sse.32
                0x00000000c0025742                SSE::open(int, int, void*)
                0x00000000c0025754                SSE::close(int, int, void*)
                0x00000000c0025766                SSE::available()
                0x00000000c0025780                SSE::save(void*)
                0x00000000c0025798                SSE::load(void*)
                0x00000000c00257b0                SSE::SSE()
                0x00000000c00257b0                SSE::SSE()
 .text          0x00000000c00257d8       0x8e hw/fpu/x87.32
                0x00000000c00257d8                x87::open(int, int, void*)
                0x00000000c00257ea                x87::close(int, int, void*)
                0x00000000c00257fc                x87::available()
                0x00000000c002580e                x87::save(void*)
                0x00000000c0025826                x87::load(void*)
                0x00000000c002583e                x87::x87()
                0x00000000c002583e                x87::x87()
 .text          0x00000000c0025866      0x71e hw/intctrl/apic.32
                0x00000000c0025866                APIC::disable()
                0x00000000c0025868                APIC::close(int, int, void*)
                0x00000000c002588a                IOAPIC::close(int, int, void*)
                0x00000000c0025890                APIC::io_wait()
                0x00000000c0025896                APIC::getBase()
                0x00000000c00258d8                APIC::eoi(unsigned char)
                0x00000000c0025906                APIC::open(int, int, void*)
                0x00000000c0025a54                IOAPIC::IOAPIC()
                0x00000000c0025a54                IOAPIC::IOAPIC()
                0x00000000c0025a7c                APIC::APIC()
                0x00000000c0025a7c                APIC::APIC()
                0x00000000c0025b58                IOAPIC::handlesGSIWithNumber(unsigned int)
                0x00000000c0025b8a                IOAPIC::read(int)
                0x00000000c0025bb2                IOAPIC::open(int, int, void*)
                0x00000000c0025ca8                IOAPIC::write(int, int)
                0x00000000c0025cd4                IOAPIC::redirect(unsigned char, unsigned long long, unsigned char, bool, bool)
                0x00000000c0025dce                APIC::installIRQHandler(int, void (*)(regs*, void*), bool, void*)
 .text          0x00000000c0025f84      0x3d3 hw/intctrl/pic.32
                0x00000000c0025f84                PIC::disable()
                0x00000000c0025fb2                PIC::close(int, int, void*)
                0x00000000c0025fd4                PIC::PIC()
                0x00000000c0025fd4                PIC::PIC()
                0x00000000c00260aa                PIC::ioWait()
                0x00000000c00260b0                PIC::getIRQReg(int)
                0x00000000c002611a                PIC::eoi(unsigned char)
                0x00000000c00261ac                PIC::remap()
                0x00000000c0026318                PIC::open(int, int, void*)
 *fill*         0x00000000c0026357        0x1 
 .text          0x00000000c0026358      0x25e hw/timer/apictimer.32
                0x00000000c0026358                APICTimer::close(int, int, void*)
                0x00000000c002635e                apicTimerHandler(regs*, void*)
                0x00000000c002638c                APICTimer::write(int)
                0x00000000c0026490                APICTimer::open(int, int, void*)
                0x00000000c002658e                APICTimer::APICTimer()
                0x00000000c002658e                APICTimer::APICTimer()
 .text          0x00000000c00265b6      0x1a7 hw/timer/pit.32
                0x00000000c00265b6                PIT::write(int)
                0x00000000c0026634                pitHandler(regs*, void*)
                0x00000000c0026660                PIT::open(int, int, void*)
                0x00000000c00266ae                PIT::close(int, int, void*)
                0x00000000c00266de                PIT::PIT()
                0x00000000c00266de                PIT::PIT()
 *fill*         0x00000000c002675d        0x3 
 .text          0x00000000c0026760       0x1e hw/fpu/x86/avx.32
                0x00000000c0026760                avxDetect
                0x00000000c0026766                avxSave
                0x00000000c0026767                avxLoad
                0x00000000c0026768                avxInit
                0x00000000c0026769                avxClose
                0x00000000c002676a                wouldSheSayYes
 *fill*         0x00000000c002677e        0x2 
 .text          0x00000000c0026780       0x35 hw/fpu/x86/sse.32
                0x00000000c0026780                absolutelyNoChanceInHell
                0x00000000c0026780                sseDetect
                0x00000000c0026798                sseSave
                0x00000000c002679e                sseLoad
                0x00000000c00267a4                sseInit
                0x00000000c00267b4                sseClose
 *fill*         0x00000000c00267b5        0xb 
 .text          0x00000000c00267c0       0x4d hw/fpu/x86/x87.32
                0x00000000c00267c6                x87Detect
                0x00000000c00267e1                x87Save
                0x00000000c00267ea                x87Load
                0x00000000c00267f2                x87Init
                0x00000000c002680c                x87Close
 *fill*         0x00000000c002680d        0x3 
 .text          0x00000000c0026810       0x25 /cygdrive/d/Users/Alex/Desktop/Toolchain/Output/bin/../lib/gcc/i386-banana/8.1.0/crtend.o
 .text          0x00000000c0026835        0x0 crtn.32
 *fill*         0x00000000c0026835        0x3 
 .text          0x00000000c0026838      0x14b /cygdrive/d/Users/Alex/Desktop/Toolchain/Output/bin/../lib/gcc/i386-banana/8.1.0/libkgcc.a(_divdi3.o)
                0x00000000c0026838                __divdi3
 *fill*         0x00000000c0026983        0x1 
 .text          0x00000000c0026984      0x17e /cygdrive/d/Users/Alex/Desktop/Toolchain/Output/bin/../lib/gcc/i386-banana/8.1.0/libkgcc.a(_moddi3.o)
                0x00000000c0026984                __moddi3
 *fill*         0x00000000c0026b02        0x2 
 .text          0x00000000c0026b04       0xff /cygdrive/d/Users/Alex/Desktop/Toolchain/Output/bin/../lib/gcc/i386-banana/8.1.0/libkgcc.a(_udivdi3.o)
                0x00000000c0026b04                __udivdi3
 *fill*         0x00000000c0026c03        0x1 
 .text          0x00000000c0026c04      0x11a /cygdrive/d/Users/Alex/Desktop/Toolchain/Output/bin/../lib/gcc/i386-banana/8.1.0/libkgcc.a(_umoddi3.o)
                0x00000000c0026c04                __umoddi3
 .text          0x00000000c0026d1e      0x96d D:/Users/Alex/Desktop/Banana/kernel/libsoftfp.a(sfieeelib.o)
                0x00000000c0026d1e                __addsf3
                0x00000000c0027020                __subsf3
                0x00000000c0027034                __negsf2
                0x00000000c0027041                __mulsf3
                0x00000000c0027204                __divsf3
                0x00000000c002742f                __floatsisf
                0x00000000c00274a3                __floatunsisf
                0x00000000c00274e5                __fixsfsi