Archive member included to satisfy reference by file (symbol)

/cygdrive/d/Users/Alex/Desktop/Toolchain/Output/bin/../lib/gcc/i386-banana/8.1.0/libkgcc.a(_divdi3.o)
                              fs/fat/ff.32 (__divdi3)
/cygdrive/d/Users/Alex/Desktop/Toolchain/Output/bin/../lib/gcc/i386-banana/8.1.0/libkgcc.a(_moddi3.o)
                              compat/resolve.32 (__moddi3)
/cygdrive/d/Users/Alex/Desktop/Toolchain/Output/bin/../lib/gcc/i386-banana/8.1.0/libkgcc.a(_udivdi3.o)
                              fs/fat/ff.32 (__udivdi3)
/cygdrive/d/Users/Alex/Desktop/Toolchain/Output/bin/../lib/gcc/i386-banana/8.1.0/libkgcc.a(_umoddi3.o)
                              compat/resolve.32 (__umoddi3)
D:/Users/Alex/Desktop/Banana/kernel/libsoftfp.a(sfieeelib.o)
                              hal/sound/sndhw.32 (__addsf3)
D:/Users/Alex/Desktop/Banana/kernel/libsoftfp.a(dfieeelib.o)
                              hal/libresample/src_linear.32 (__adddf3)
D:/Users/Alex/Desktop/Banana/kernel/libsoftfp.a(sfdfcvt.o)
                              hal/libresample/samplerate.32 (__truncdfsf2)
D:/Users/Alex/Desktop/Banana/kernel/libk/libm32.a(s_fabs.c.o)
                              hal/libresample/samplerate.32 (fabs)
D:/Users/Alex/Desktop/Banana/kernel/libk/libm32.a(s_lrint.S.o)
                              hal/libresample/samplerate.32 (lrint)
D:/Users/Alex/Desktop/Banana/kernel/libk/libm32.a(s_lrintf.S.o)
                              hal/sound/sndhw.32 (lrintf)

Discarded input sections

 .comment       0x0000000000000000       0x12 /cygdrive/d/Users/Alex/Desktop/Toolchain/Output/bin/../lib/gcc/i386-banana/8.1.0/crtbegin.o
 .comment       0x0000000000000000       0x12 acpica/utclib.32
 .comment       0x0000000000000000       0x12 core/malloc.32
 .comment       0x0000000000000000       0x12 libk/string.32
 .comment       0x0000000000000000       0x12 fs/fat/diskio.32
 .comment       0x0000000000000000       0x12 fs/fat/ff.32
 .comment       0x0000000000000000       0x12 fs/fat/ffsystem.32
 .comment       0x0000000000000000       0x12 fs/fat/ffunicode.32
 .comment       0x0000000000000000       0x12 hal/libresample/samplerate.32
 .comment       0x0000000000000000       0x12 hal/libresample/src_linear.32
 .comment       0x0000000000000000       0x12 hal/libresample/src_sinc.32
 .comment       0x0000000000000000       0x12 hal/libresample/src_zoh.32
 .comment       0x0000000000000000       0x12 compat/inlines.32
 .comment       0x0000000000000000       0x12 compat/resolve.32
 .group         0x0000000000000000       0x14 core/computer.32
 .group         0x0000000000000000        0xc core/computer.32
 .comment       0x0000000000000000       0x12 core/computer.32
 .comment       0x0000000000000000       0x12 core/gdt.32
 .group         0x0000000000000000        0xc core/idle.32
 .comment       0x0000000000000000       0x12 core/idle.32
 .comment       0x0000000000000000       0x12 core/idt.32
 .comment       0x0000000000000000       0x12 core/kheap.32
 .comment       0x0000000000000000       0x12 core/main.32
 .comment       0x0000000000000000       0x12 core/physmgr.32
 .group         0x0000000000000000        0xc core/pipe.32
 .comment       0x0000000000000000       0x12 core/pipe.32
 .group         0x0000000000000000        0xc core/terminal.32
 .comment       0x0000000000000000       0x12 core/terminal.32
 .comment       0x0000000000000000       0x12 core/tss.32
 .group         0x0000000000000000        0x8 core/unixfile.32
 .group         0x0000000000000000        0xc core/unixfile.32
 .group         0x0000000000000000        0xc core/unixfile.32
 .group         0x0000000000000000        0x8 core/unixfile.32
 .group         0x0000000000000000        0xc core/unixfile.32
 .group         0x0000000000000000        0x8 core/unixfile.32
 .group         0x0000000000000000        0xc core/unixfile.32
 .group         0x0000000000000000        0xc core/unixfile.32
 .comment       0x0000000000000000       0x12 core/unixfile.32
 .comment       0x0000000000000000       0x12 core/virtmgr.32
 .comment       0x0000000000000000       0x12 coreobjs/c++.32
 .comment       0x0000000000000000       0x12 dbg/kconsole.32
 .group         0x0000000000000000        0xc fs/vfs.32
 .group         0x0000000000000000        0xc fs/vfs.32
 .group         0x0000000000000000        0xc fs/vfs.32
 .comment       0x0000000000000000       0x12 fs/vfs.32
 .group         0x0000000000000000        0xc hal/bus.32
 .comment       0x0000000000000000       0x12 hal/bus.32
 .group         0x0000000000000000        0xc hal/buzzer.32
 .comment       0x0000000000000000       0x12 hal/buzzer.32
 .group         0x0000000000000000        0xc hal/clock.32
 .comment       0x0000000000000000       0x12 hal/clock.32
 .group         0x0000000000000000       0x14 hal/device.32
 .group         0x0000000000000000        0xc hal/device.32
 .group         0x0000000000000000        0xc hal/device.32
 .group         0x0000000000000000        0xc hal/device.32
[...]
Memory Configuration

Name             Origin             Length             Attributes
*default*        0x0000000000000000 0xffffffffffffffff

Linker script and memory map

LOAD D:/Users/Alex/Desktop/Banana/kernel/boot.32
LOAD crti.32
LOAD /cygdrive/d/Users/Alex/Desktop/Toolchain/Output/bin/../lib/gcc/i386-banana/8.1.0/crtbegin.o
LOAD D:/Users/Alex/Desktop/Banana/kernel/morenasm.32
LOAD acpica/utclib.32
LOAD core/malloc.32
LOAD libk/string.32
LOAD fs/fat/diskio.32
LOAD fs/fat/ff.32
LOAD fs/fat/ffsystem.32
LOAD fs/fat/ffunicode.32
LOAD hal/libresample/samplerate.32
LOAD hal/libresample/src_linear.32
LOAD hal/libresample/src_sinc.32
LOAD hal/libresample/src_zoh.32
LOAD compat/inlines.32
LOAD compat/resolve.32
LOAD core/computer.32
LOAD core/gdt.32
LOAD core/idle.32
LOAD core/idt.32
LOAD core/kheap.32
LOAD core/main.32
LOAD core/physmgr.32
LOAD core/pipe.32
LOAD core/terminal.32
LOAD core/tss.32
LOAD core/unixfile.32
LOAD core/virtmgr.32
LOAD coreobjs/c++.32
LOAD dbg/kconsole.32
LOAD fs/vfs.32
LOAD hal/bus.32
LOAD hal/buzzer.32
LOAD hal/clock.32
LOAD hal/device.32
LOAD hal/diskctrl.32
LOAD hal/diskphys.32
LOAD hal/fpu.32
LOAD hal/intctrl.32
LOAD hal/keybrd.32
LOAD hal/logidisk.32
LOAD hal/mouse.32
LOAD hal/partition.32
LOAD hal/serial.32
LOAD hal/timer.32
LOAD hal/vcache.32
LOAD hal/video.32
LOAD hw/acpi.32
LOAD hw/cpu.32
LOAD hw/ports.32
LOAD krnl/env.32
LOAD krnl/panic.32
LOAD net/ethernet.32
LOAD reg/registry.32
LOAD sys/sc_eject.32
LOAD sys/sc_exit.32
LOAD sys/sc_getcwd.32
LOAD sys/sc_getpid.32
LOAD sys/sc_loaddll.32
LOAD sys/sc_read.32
LOAD sys/sc_sbrk.32
LOAD sys/sc_setcwd.32
LOAD sys/sc_settime.32
LOAD sys/sc_timezone.32
LOAD sys/sc_write.32
LOAD sys/sc_yield.32
LOAD sys/syscalls.32
LOAD thr/elf.32
LOAD thr/prcssthr.32
LOAD vm86/vm8086.32
LOAD vm86/x87em.32
LOAD fs/fat/vfslink.32
LOAD fs/iso9660/vfslink.32
LOAD hal/sound/sndchannel.32
LOAD hal/sound/sndhw.32
LOAD hw/bus/isa.32
LOAD hw/bus/pci.32
LOAD hw/diskctrl/ide.32
LOAD hw/diskctrl/satabus.32
LOAD hw/diskphys/ata.32
LOAD hw/diskphys/atapi.32
LOAD hw/diskphys/sata.32
LOAD hw/diskphys/satapi.32
LOAD hw/fpu/avx.32
LOAD hw/fpu/mmx.32
LOAD hw/fpu/sse.32
LOAD hw/fpu/x87.32
LOAD hw/intctrl/apic.32
LOAD hw/intctrl/pic.32
LOAD hw/timer/apictimer.32
LOAD hw/timer/pit.32
LOAD hw/fpu/x86/avx.32
LOAD hw/fpu/x86/sse.32
LOAD hw/fpu/x86/x87.32
LOAD /cygdrive/d/Users/Alex/Desktop/Toolchain/Output/bin/../lib/gcc/i386-banana/8.1.0/crtend.o
LOAD crtn.32
LOAD /cygdrive/d/Users/Alex/Desktop/Toolchain/Output/bin/../lib/gcc/i386-banana/8.1.0/libkgcc.a
LOAD D:/Users/Alex/Desktop/Banana/kernel/libsoftfp.a
LOAD D:/Users/Alex/Desktop/Banana/kernel/libk/libm32.a
                0x00000000c0000000                . = 0xc0000000

.text           0x00000000c0000000    0x27de8
 *(.text)
 .text          0x00000000c0000000       0x41 D:/Users/Alex/Desktop/Banana/kernel/boot.32
                0x00000000c0000020                callGlobalConstructors
 .text          0x00000000c0000041        0x0 crti.32
 *fill*         0x00000000c0000041        0x3 
 .text          0x00000000c0000044      0x101 /cygdrive/d/Users/Alex/Desktop/Toolchain/Output/bin/../lib/gcc/i386-banana/8.1.0/crtbegin.o
 *fill*         0x00000000c0000145        0xb 
 .text          0x00000000c0000150      0x4ed D:/Users/Alex/Desktop/Banana/kernel/morenasm.32
                0x00000000c0000150                manualPCIProbe
                0x00000000c000019b                prepareTramp
                0x00000000c00001b4                voodooXADD
                0x00000000c000027f                doTPAUSE
                0x00000000c0000289                hasLegacyFPU
                0x00000000c00002ae                is486
                0x00000000c00002e4                detectCPUID
                0x00000000c00002fa                goToVM86
                0x00000000c000032a                goToUsermode
                0x00000000c0000354                switchToThreadASMFirstTime
                0x00000000c0000362                switchToThreadASM
                0x00000000c00003ea                asmQuickAcquireLock
                0x00000000c0000408                asmQuickReleaseLock
                0x00000000c0000414                asmAcquireLock
                0x00000000c0000435                asmReleaseLock
                0x00000000c0000448                loadGDT
                0x00000000c0000468                isr0
                0x00000000c0000478                isr1
                0x00000000c0000482                isr2
                0x00000000c000048c                isr3
                0x00000000c0000496                isr4
                0x00000000c00004a0                isr5
                0x00000000c00004aa                isr6
                0x00000000c00004b4                isr7
                0x00000000c00004be                isr8
                0x00000000c00004c6                isr9
                0x00000000c00004d0                isr10
                0x00000000c00004d8                isr11
                0x00000000c00004e0                isr12
                0x00000000c00004e8                isr13
                0x00000000c00004f0                isr14
                0x00000000c00004f8                isr15
                0x00000000c0000502                isr16
                0x00000000c000050c                isr17
                0x00000000c0000516                isr18
                0x00000000c0000520                irq3
                0x00000000c000052a                irq4
                0x00000000c0000534                irq5
                0x00000000c000053e                irq6
                0x00000000c0000548                irq7
                0x00000000c0000552                irq8
                0x00000000c000055c                irq9
                0x00000000c0000566                irq10
                0x00000000c0000570                irq11
                0x00000000c000057a                irq12
                0x00000000c0000584                irq13
                0x00000000c000058e                irq14
                0x00000000c0000598                irq15
                0x00000000c00005a2                irq1
                0x00000000c00005a9                irq2
                0x00000000c00005b0                isr96
                0x00000000c00005b7                irq0
                0x00000000c00005bc                int_common_stub
                0x00000000c00005bc                syscall_common_stub
                0x00000000c00005ed                irq16
                0x00000000c00005f7                irq17
                0x00000000c0000601                irq18
                0x00000000c000060b                irq19
                0x00000000c0000615                irq20
                0x00000000c000061f                irq21
                0x00000000c0000629                irq22
                0x00000000c0000633                irq23
 .text          0x00000000c000063d      0x3fb acpica/utclib.32
                0x00000000c000063d                memcmp
                0x00000000c0000668                memmove
                0x00000000c00006a0                memcpy
                0x00000000c00006c2                memset
                0x00000000c00006df                strlen
                0x00000000c00006ef                strpbrk
                0x00000000c0000712                strtok
                0x00000000c0000761                strcpy
                0x00000000c0000781                strncpy
                0x00000000c00007b2                strcmp
                0x00000000c00007d3                strchr
                0x00000000c00007e9                strncmp
                0x00000000c0000818                strcat
                0x00000000c000083f                strncat
                0x00000000c0000879                strstr
                0x00000000c00008b6                toupper
                0x00000000c00008ca                tolower
                0x00000000c00008de                simple_strtoul
 .text          0x00000000c0000a38      0xfbf core/malloc.32
                0x00000000c0000ba3                dlfree
                0x00000000c0000efe                dlmalloc
                0x00000000c000143b                dlrealloc
                0x00000000c00015f0                dlmemalign
                0x00000000c0001713                dlcalloc
                0x00000000c00017ad                dlcfree
                0x00000000c00017b2                dlindependent_calloc
                0x00000000c00017d7                dlindependent_comalloc
                0x00000000c00017ee                dlvalloc
                0x00000000c0001819                dlpvalloc
                0x00000000c000184f                dlmalloc_trim
                0x00000000c000185c                dlmalloc_usable_size
                0x00000000c000188d                dlmallinfo
                0x00000000c000195c                dlmalloc_stats
                0x00000000c000196d                dlmallopt
 .text          0x00000000c00019f7        0x0 libk/string.32
 .text          0x00000000c00019f7       0x51 fs/fat/diskio.32
                0x00000000c00019f7                disk_status
                0x00000000c00019fa                disk_initialize
                0x00000000c00019fd                disk_read
                0x00000000c0001a13                disk_write
                0x00000000c0001a29                disk_ioctl
 .text          0x00000000c0001a48     0x6833 fs/fat/ff.32
                0x00000000c0004d16                f_mount
                0x00000000c0004d78                f_open
                0x00000000c00051b4                f_read
                0x00000000c0005434                f_write
                0x00000000c00056ee                f_sync
                0x00000000c00058ca                f_close
                0x00000000c00058f9                f_lseek
                0x00000000c0005db0                f_opendir
                0x00000000c0005eb2                f_closedir
                0x00000000c0005ed4                f_readdir
                0x00000000c0005f6f                f_stat
                0x00000000c0005ffe                f_getfree
                0x00000000c00061c9                f_truncate
                0x00000000c00062c1                f_unlink
                0x00000000c0006444                f_mkdir
                0x00000000c0006670                f_rename
                0x00000000c0006963                f_chmod
                0x00000000c0006a41                f_utime
                0x00000000c0006b1f                f_getlabel
                0x00000000c0006d0d                f_setlabel
                0x00000000c0006f7a                f_forward
                0x00000000c0007158                f_mkfs
 .text          0x00000000c000827b       0x2d fs/fat/ffsystem.32
                0x00000000c000827b                ff_memalloc
                0x00000000c0008291                ff_memfree
 .text          0x00000000c00082a8      0x253 fs/fat/ffunicode.32
                0x00000000c00082a8                ff_uni2oem
                0x00000000c0008338                ff_oem2uni
                0x00000000c00083a4                ff_wtoupper
 .text          0x00000000c00084fb      0x8fb hal/libresample/samplerate.32
                0x00000000c000853f                src_delete
                0x00000000c000857b                src_process
                0x00000000c0008731                src_callback_read
                0x00000000c00088ae                src_set_ratio
                0x00000000c0008918                src_get_channels
                0x00000000c000893a                src_reset
                0x00000000c0008986                src_new
                0x00000000c0008a14                src_callback_new
                0x00000000c0008a76                src_get_name
                0x00000000c0008aad                src_get_description
                0x00000000c0008ae4                src_get_version
                0x00000000c0008aea                src_is_valid_ratio
                0x00000000c0008b3e                src_error
                0x00000000c0008b4c                src_strerror
                0x00000000c0008b5f                src_simple
                0x00000000c0008bb2                src_short_to_float_array
                0x00000000c0008c17                src_float_to_short_array
                0x00000000c0008cd6                src_int_to_float_array
                0x00000000c0008d39                src_float_to_int_array
 .text          0x00000000c0008df6      0x8cb hal/libresample/src_linear.32
                0x00000000c000961c                linear_get_name
                0x00000000c000962b                linear_get_description
                0x00000000c000963a                linear_set_converter
 .text          0x00000000c00096c1     0x447c hal/libresample/src_sinc.32
                0x00000000c000da54                sinc_get_name
                0x00000000c000da67                sinc_get_description
                0x00000000c000da7a                sinc_set_converter
 .text          0x00000000c000db3d      0x77c hal/libresample/src_zoh.32
                0x00000000c000e214                zoh_get_name
                0x00000000c000e223                zoh_get_description
                0x00000000c000e232                zoh_set_converter
 .text          0x00000000c000e2b9       0x23 compat/inlines.32
                0x00000000c000e2b9                CPU::current()
                0x00000000c000e2c6                operator new(unsigned long)
 .text          0x00000000c000e2dc      0x111 compat/resolve.32
                0x00000000c000e2dc                Krnl::resolveCompatibilitySymbol(char*)
 *fill*         0x00000000c000e3ed        0x1 
 .text          0x00000000c000e3ee      0xa11 core/computer.32
                0x00000000c000e3ee                Computer::close(int, int, void*)
                0x00000000c000e432                Krnl::firstTask()
                0x00000000c000e51c                Computer::Computer()
                0x00000000c000e51c                Computer::Computer()
                0x00000000c000e678                Computer::setBootMessage(char const*)
                0x00000000c000e67a                Computer::detectFeatures()
                0x00000000c000e884                Computer::displayFeatures()
                0x00000000c000ebca                Computer::rdmsr(unsigned int)
                0x00000000c000ebf6                Computer::wrmsr(unsigned int, unsigned long long)
                0x00000000c000ec2e                Computer::nmiEnabled()
                0x00000000c000ec3a                Computer::readCMOS(unsigned char)
                0x00000000c000ec54                Computer::enableNMI(bool)
                0x00000000c000ec6c                Computer::open(int, int, void*)
                0x00000000c000ed42                Computer::disableNMI()
                0x00000000c000ed50                Computer::writeCMOS(unsigned char, unsigned char)
                0x00000000c000ed6e                Computer::handleNMI()
                0x00000000c000edd4                Computer::setDiskActivityLight(int, bool)
 *fill*         0x00000000c000edff        0x1 
 .text          0x00000000c000ee00      0x1b7 core/gdt.32
                0x00000000c000ee00                GDTEntry::setBase(unsigned int)
                0x00000000c000ee1c                GDTEntry::setLimit(unsigned int)
                0x00000000c000ee3a                GDT::GDT()
                0x00000000c000ee3a                GDT::GDT()
                0x00000000c000ee50                GDT::addEntry(GDTEntry)
                0x00000000c000ee8c                GDT::getNumberOfEntries()
                0x00000000c000ee94                GDT::flush()
                0x00000000c000eeb6                GDT::setup()
 .text          0x00000000c000efb7       0x62 core/idle.32
                0x00000000c000efb7                idleFunction(void*)
 *fill*         0x00000000c000f019        0x1 
 .text          0x00000000c000f01a      0x45f core/idt.32
                0x00000000c000f01a                IDTEntry::IDTEntry(bool)
                0x00000000c000f01a                IDTEntry::IDTEntry(bool)
                0x00000000c000f088                IDTEntry::setOffset(unsigned int)
                0x00000000c000f09c                IDT::IDT()
                0x00000000c000f09c                IDT::IDT()
                0x00000000c000f09e                IDT::getPointerToInvalidOpcodeEntryForF00F()
                0x00000000c000f0a6                IDT::addEntry(IDTEntry, int)
                0x00000000c000f0c0                IDT::addEntry(int, void (*)(), bool)
                0x00000000c000f0f8                IDT::flush()
                0x00000000c000f112                IDT::setup()
 .text          0x00000000c000f479      0x203 core/kheap.32
                0x00000000c000f479                sbrk
                0x00000000c000f587                mmap
                0x00000000c000f59d                munmap
                0x00000000c000f5b3                liballoc_lock()
                0x00000000c000f5c4                liballoc_unlock()
                0x00000000c000f5d5                liballoc_alloc(int)
                0x00000000c000f5f0                liballoc_free(void*, int)
                0x00000000c000f60e                realloc
                0x00000000c000f622                malloc
                0x00000000c000f632                free
                0x00000000c000f642                rfree
                0x00000000c000f652                calloc
 .text          0x00000000c000f67c      0x480 core/main.32
                0x00000000c000f67c                hwTextMode_loadInData(VgaText*)
                0x00000000c000f6c7                hwTextMode_loadInTitle(VgaText*, char*)
                0x00000000c000f745                hwTextMode_showCursor(VgaText*, bool)
                0x00000000c000f7a3                hwTextMode_update(VgaText*)
                0x00000000c000f7a4                hwTextMode_updateCursor(VgaText*)
                0x00000000c000f7f5                hwTextMode_disableBlink(VgaText*, bool)
                0x00000000c000f83b                hwTextMode_scrollScreen(VgaText*)
                0x00000000c000f8e8                hwTextMode_writeCharacter(VgaText*, char, VgaColour, VgaColour, int, int)
                0x00000000c000f96a                setupTextMode()
                0x00000000c000f9da                kernel_main
 .text          0x00000000c000fafc      0x54d core/physmgr.32
                0x00000000c000fafc                Phys::allocateDMA(unsigned long)
                0x00000000c000fb9f                Phys::freeDMA(unsigned long, unsigned long)
                0x00000000c000fbe7                Phys::setPageState(unsigned long, bool)
                0x00000000c000fc19                Phys::getPageState(unsigned long)
                0x00000000c000fc35                Phys::freePage(unsigned long)
                0x00000000c000fcbf                Phys::allocatePage()
                0x00000000c000fd87                Phys::allocateContiguousPages(int)
                0x00000000c000fde1                Phys::allowSegmentToBeUsed(unsigned long, unsigned long)
                0x00000000c000fe19                Phys::physicalMemorySetup(unsigned int)
 *fill*         0x00000000c0010049        0x1 
 .text          0x00000000c001004a      0x273 core/pipe.32
                0x00000000c001004a                Pipe::isAtty()
                0x00000000c001004e                Pipe::~Pipe()
                0x00000000c001004e                Pipe::~Pipe()
                0x00000000c0010072                Pipe::~Pipe()
                0x00000000c001009a                Pipe::read(unsigned long long, void*, int*)
                0x00000000c001018e                Pipe::write(unsigned long long, void*, int*)
                0x00000000c0010256                Pipe::Pipe(int)
                0x00000000c0010256                Pipe::Pipe(int)
 *fill*         0x00000000c00102bd        0x1 
 .text          0x00000000c00102be      0xf73 core/terminal.32
                0x00000000c00102be                VgaText::isAtty()
                0x00000000c00102c2                VgaText::~VgaText()
                0x00000000c00102c2                VgaText::~VgaText()
                0x00000000c00102e6                VgaText::~VgaText()
                0x00000000c0010310                VgaText::read(unsigned long long, void*, int*)
                0x00000000c0010330                setTerminalScrollLock(bool)
                0x00000000c0010331                addToTerminalCycle(VgaText*)
                0x00000000c001035e                installVgaTextImplementation()
                0x00000000c0010373                scrollTerminalScrollLock(int)
                0x00000000c0010374                VgaText::load()
                0x00000000c00103c8                VgaText::updateCursor()
                0x00000000c00103e2                VgaText::showCursor(bool)
                0x00000000c00103f2                VgaText::disableBlink(bool)
                0x00000000c001042c                VgaText::doANSI_SGR(int)
                0x00000000c00104b8                VgaText::setDefaultBgColour(VgaColour)
                0x00000000c00104ce                VgaText::setDefaultFgColour(VgaColour)
                0x00000000c00104e4                VgaText::setDefaultColours(VgaColour, VgaColour)
                0x00000000c0010504                VgaText::combineColours(unsigned char, unsigned char)
                0x00000000c0010516                VgaText::scrollScreen()
                0x00000000c00105aa                VgaText::combineCharAndColour(char, unsigned char)
                0x00000000c00105bc                VgaText::writeCharacter(char, VgaColour, VgaColour, int, int)
                0x00000000c001061c                VgaText::getCursorX()
                0x00000000c0010628                VgaText::getCursorY()
                0x00000000c0010634                VgaText::setCursor(int, int)
                0x00000000c0010652                VgaText::setCursorX(int)
                0x00000000c001066e                VgaText::setCursorY(int)
                0x00000000c001068a                VgaText::incrementCursor(bool)
                0x00000000c00106f2                VgaText::updateRAMUsageDisplay(int)
                0x00000000c0010756                VgaText::updateDiskUsage()
                0x00000000c00108c0                VgaText::updateTitle()
                0x00000000c0010906                VgaText::setTitleTextColour(VgaColour)
                0x00000000c0010916                VgaText::setTitleColour(VgaColour)
                0x00000000c0010926                VgaText::setTitle(char*)
                0x00000000c001094c                VgaText::decrementCursor(bool)
                0x00000000c0010974                VgaText::putchar(char, VgaColour, VgaColour)
                0x00000000c0010a70                VgaText::isShowingCursor()
                0x00000000c0010a7c                VgaText::isBlinkDisabled()
                0x00000000c0010a8a                VgaText::setCursorHeight(int)
                0x00000000c0010aa8                VgaText::getCursorHeight()
                0x00000000c0010ab3                setActiveTerminal(VgaText*)
                0x00000000c0010b65                doTerminalCycle()
                0x00000000c0010b82                VgaText::doUpdate()
                0x00000000c0010b94                VgaText::puts(char const*, VgaColour, VgaColour)
                0x00000000c0010d54                VgaText::clearScreen()
                0x00000000c0010db8                VgaText::putchar(char)
                0x00000000c0010ed2                VgaText::puts(char const*)
                0x00000000c0010ef8                VgaText::putx(unsigned int)
                0x00000000c0010f3e                VgaText::VgaText(char const*)
                0x00000000c0010f3e                VgaText::VgaText(char const*)
                0x00000000c00110d0                VgaText::receiveKey(unsigned char)
                0x00000000c00111b8                VgaText::write(unsigned long long, void*, int*)
                0x00000000c001120c                newTerminal(char*)
 *fill*         0x00000000c0011231        0x1 
 .text          0x00000000c0011232      0x1b3 core/tss.32
                0x00000000c0011232                TSS::TSS()
                0x00000000c0011232                TSS::TSS()
                0x00000000c0011240                TSS::setESP(unsigned long)
                0x00000000c0011252                TSS::flush()
                0x00000000c0011272                TSS::setup(unsigned long, unsigned long)
 *fill*         0x00000000c00113e5        0x1 
 .text          0x00000000c00113e6      0x4c2 core/unixfile.32
                0x00000000c00113e6                ReservedFilename::read(unsigned long long, void*, int*)
                0x00000000c001143c                ReservedFilename::isAtty()
                0x00000000c0011458                ReservedFilename::write(unsigned long long, void*, int*)
                0x00000000c00114b6                UnixFile::getFileDescriptor()
                0x00000000c00114be                UnixFile::UnixFile(int)
                0x00000000c00114be                UnixFile::UnixFile(int)
                0x00000000c001166e                ReservedFilename::ReservedFilename(int)
                0x00000000c001166e                ReservedFilename::ReservedFilename(int)
                0x00000000c00116a0                UnixFile::~UnixFile()
                0x00000000c00116a0                UnixFile::~UnixFile()
                0x00000000c0011738                UnixFile::~UnixFile()
                0x00000000c0011760                ReservedFilename::~ReservedFilename()
                0x00000000c0011760                ReservedFilename::~ReservedFilename()
                0x00000000c0011784                ReservedFilename::~ReservedFilename()
                0x00000000c00117ab                getFromFileDescriptor(int)
 .text          0x00000000c00118a8      0xee3 core/virtmgr.32
                0x00000000c00118a8                Virt::setPageState(unsigned long, Virt::VirtPageState)
                0x00000000c00118dd                Virt::getPageState(unsigned long)
                0x00000000c0011901                Virt::allocateKernelVirtualPages(int)
                0x00000000c0011a12                Virt::virtualMemorySetup()
                0x00000000c0011a91                Virt::getAKernelVAS()
                0x00000000c0011a97                Virt::setupPageSwapping(int)
                0x00000000c0011bc6                VAS::VAS()
                0x00000000c0011bc6                VAS::VAS()
                0x00000000c0011bf6                VAS::VAS(VAS*)
                0x00000000c0011bf6                VAS::VAS(VAS*)
                0x00000000c0011c1a                VAS::getForeignPageTableEntry(bool, unsigned long)
                0x00000000c0011c46                VAS::getPageTableEntry(unsigned long)
                0x00000000c0011c65                Virt::freeKernelVirtualPages(unsigned long)
                0x00000000c0011d88                VAS::freeAllocatedPages(unsigned long)
                0x00000000c0011dac                VAS::virtualToPhysical(unsigned long)
                0x00000000c0011dc4                VAS::reflagRange(unsigned long, int, int, int)
                0x00000000c0011e04                VAS::setToWriteCombining(unsigned long, int)
                0x00000000c0011e36                VAS::mapOtherVASIn(bool, VAS*)
                0x00000000c0011e60                VAS::~VAS()
                0x00000000c0011e60                VAS::~VAS()
                0x00000000c0011fcc                VAS::mapPage(unsigned long, unsigned long, int)
                0x00000000c00120cc                VAS::allocatePages(int, int)
                0x00000000c00122a4                VAS::setCPUSpecific(unsigned long)
                0x00000000c00122c0                VAS::mapRange(unsigned long, unsigned long, int, int)
                0x00000000c0012386                VAS::mapForeignPage(bool, VAS*, unsigned long, unsigned long, int)
                0x00000000c0012474                VAS::VAS(bool)
                0x00000000c0012474                VAS::VAS(bool)
                0x00000000c00126cf                mapVASFirstTime
 .text          0x00000000c001278b       0x95 coreobjs/c++.32
                0x00000000c001278b                __cxa_atexit
                0x00000000c001278e                __cxa_finalize
                0x00000000c001278f                __stack_chk_fail
                0x00000000c00127fb                __cxa_pure_virtual
                0x00000000c001280c                operator new[](unsigned long)
                0x00000000c0012811                operator delete(void*, unsigned long)
                0x00000000c0012816                operator delete[](void*)
                0x00000000c001281b                operator delete[](void*, unsigned long)
 .text          0x00000000c0012820      0x1ef dbg/kconsole.32
                0x00000000c0012820                Dbg::stringifyxWithBase(unsigned int, char*, int)
                0x00000000c0012881                Dbg::logc(char)
                0x00000000c0012898                Dbg::logs(char*)
                0x00000000c00128b5                Dbg::logWriteInt(unsigned int)
                0x00000000c00128d2                Dbg::logWriteIntBase(unsigned int, int)
                0x00000000c00128f1                Dbg::kprintf(char const*, ...)
 *fill*         0x00000000c0012a0f        0x1 
 .text          0x00000000c0012a10      0xb7c fs/vfs.32
                0x00000000c0012a10                File::read(unsigned long long, void*, int*)
                0x00000000c0012a68                File::write(unsigned long long, void*, int*)
                0x00000000c0012ac0                Directory::read(unsigned long long, void*, int*)
                0x00000000c0012b18                Directory::write(unsigned long long, void*, int*)
                0x00000000c0012b46                File::isAtty()
                0x00000000c0012b4a                Directory::isAtty()
                0x00000000c0012b4e                Filesystem::getlabel(LogicalDisk*, int, char*, unsigned int*)
                0x00000000c0012b54                Filesystem::setlabel(LogicalDisk*, int, char*)
                0x00000000c0012b5a                File::~File()
                0x00000000c0012b5a                File::~File()
                0x00000000c0012b7e                File::~File()
                0x00000000c0012ba8                Directory::~Directory()
                0x00000000c0012ba8                Directory::~Directory()
                0x00000000c0012bcc                Directory::~Directory()
                0x00000000c0012bf6                Filesystem::Filesystem()
                0x00000000c0012bf6                Filesystem::Filesystem()
                0x00000000c0012c1a                Filesystem::~Filesystem()
                0x00000000c0012c1a                Filesystem::~Filesystem()
                0x00000000c0012c28                Filesystem::~Filesystem()
                0x00000000c0012c4c                Fs::getcwd(Process*, char*, int)
                0x00000000c0012c76                Fs::initVFS()
                0x00000000c0012ca0                Fs::standardiseFiles(char*, char const*, char const*)
                0x00000000c0012e4a                File::File(char const*, Process*)
                0x00000000c0012e4a                File::File(char const*, Process*)
                0x00000000c0012eae                File::open(FileOpenMode)
                0x00000000c0012f0c                File::close()
                0x00000000c0012f6c                File::seek(unsigned long long)
                0x00000000c0012fc2                File::tell(unsigned long long*)
                0x00000000c0013012                File::rewind()
                0x00000000c0013026                File::unlink()
                0x00000000c0013072                File::rename(char const*)
                0x00000000c00130c0                File::chfatattr(unsigned char, unsigned char)
                0x00000000c001311c                File::exists()
                0x00000000c001315a                File::stat(unsigned long long*, bool*)
                0x00000000c00131bb                Fs::setcwd(Process*, char*)
                0x00000000c00132f6                Directory::Directory(char const*, Process*)
                0x00000000c00132f6                Directory::Directory(char const*, Process*)
                0x00000000c001335a                Directory::open()
                0x00000000c00133b6                Directory::close()
                0x00000000c0013416                Directory::unlink()
                0x00000000c0013462                Directory::rename(char const*)
                0x00000000c00134b0                Directory::exists()
                0x00000000c00134ee                Directory::read(dirent*)
                0x00000000c001353a                Directory::create()
                0x00000000c0013586                Filesystem::chfatattr(char const*, unsigned char, unsigned char)
 .text          0x00000000c001358c       0x84 hal/bus.32
                0x00000000c001358c                Bus::Bus(char const*)
                0x00000000c001358c                Bus::Bus(char const*)
                0x00000000c00135c2                Bus::~Bus()
                0x00000000c00135c2                Bus::~Bus()
                0x00000000c00135e6                Bus::~Bus()
 .text          0x00000000c0013610      0x14e hal/buzzer.32
                0x00000000c0013610                Buzzer::Buzzer(char const*)
                0x00000000c0013610                Buzzer::Buzzer(char const*)
                0x00000000c0013654                Buzzer::~Buzzer()
                0x00000000c0013654                Buzzer::~Buzzer()
                0x00000000c0013678                Buzzer::~Buzzer()
                0x00000000c00136a2                Buzzer::stop()
                0x00000000c00136b5                beepThread(void*)
                0x00000000c00136f0                Buzzer::beep(int, int, bool)
 .text          0x00000000c001375e      0x467 hal/clock.32
                0x00000000c001375e                User::loadClockSettings(int)
                0x00000000c00137b0                Clock::Clock(char const*)
                0x00000000c00137b0                Clock::Clock(char const*)
                0x00000000c00137e6                Clock::~Clock()
                0x00000000c00137e6                Clock::~Clock()
                0x00000000c001380a                Clock::~Clock()
                0x00000000c0013834                Clock::timeInSecondsLocal()
                0x00000000c001387c                Clock::setTimeInSecondsLocal(unsigned long long)
                0x00000000c00138d5                datetimeToSeconds(datetime_t)
                0x00000000c00139fc                Clock::setTimeInDatetimeLocal(datetime_t)
                0x00000000c0013a5c                secondsToDatetime(unsigned long long)
                0x00000000c0013ba0                Clock::timeInDatetimeLocal()
 *fill*         0x00000000c0013bc5        0x1 
 .text          0x00000000c0013bc6      0x4de hal/device.32
                0x00000000c0013bc6                Device::hibernate()
                0x00000000c0013bc8                Device::wake()
                0x00000000c0013bca                Device::detect()
                0x00000000c0013bcc                Device::disableLegacy()
                0x00000000c0013bce                Device::powerSaving(PowerSavingLevel)
                0x00000000c0013bd0                DriverlessDevice::close(int, int, void*)
                0x00000000c0013bd4                DriverlessDevice::detect()
                0x00000000c0013bd6                DriverlessDevice::open(int, int, void*)
                0x00000000c0013bea                Device::~Device()
                0x00000000c0013bea                Device::~Device()
                0x00000000c0013bf8                Device::~Device()
                0x00000000c0013c20                Device::findAndLoadDriver()
                0x00000000c0013c22                Device::preOpenPCI(PCIDeviceInfo)
                0x00000000c0013c48                Device::preOpenACPI(void*, char*, char*)
                0x00000000c0013c9c                Device::addIRQHandler(int, void (*)(regs*, void*), bool, void*)
                0x00000000c0013cda                Device::removeIRQHandler(int, void (*)(regs*, void*), bool)
                0x00000000c0013d18                Device::addChild(Device*)
                0x00000000c0013d5c                Device::removeAllChildren()
                0x00000000c0013da2                Device::hibernateAll()
                0x00000000c0013dd2                Device::wakeAll()
                0x00000000c0013e02                Device::detectAll()
                0x00000000c0013e32                Device::disableLegacyAll()
                0x00000000c0013e62                Device::loadDriversForAll()
                0x00000000c0013e8e                Device::closeAll()
                0x00000000c0013ec4                Device::powerSavingAll(PowerSavingLevel)
                0x00000000c0013efa                Device::setName(char const*)
                0x00000000c0013f08                Device::Device(char const*)
                0x00000000c0013f08                Device::Device(char const*)
                0x00000000c0014004                Device::getName()
                0x00000000c001400e                DriverlessDevice::DriverlessDevice(char const*)
                0x00000000c001400e                DriverlessDevice::DriverlessDevice(char const*)
                0x00000000c0014036                Device::addToLinkedList(LinkedList<Device>&, DeviceType)
                0x00000000c001407a                getDevicesOfType(DeviceType)
 .text          0x00000000c00140a4       0x84 hal/diskctrl.32
                0x00000000c00140a4                HardDiskController::HardDiskController(char const*)
                0x00000000c00140a4                HardDiskController::HardDiskController(char const*)
                0x00000000c00140da                HardDiskController::~HardDiskController()
                0x00000000c00140da                HardDiskController::~HardDiskController()
                0x00000000c00140fe                HardDiskController::~HardDiskController()
 .text          0x00000000c0014128       0xf2 hal/diskphys.32
                0x00000000c0014128                PhysicalDisk::eject()
                0x00000000c001413c                PhysicalDisk::PhysicalDisk(char const*, int)
                0x00000000c001413c                PhysicalDisk::PhysicalDisk(char const*, int)
                0x00000000c00141a4                PhysicalDisk::startCache()
                0x00000000c00141cc                PhysicalDisk::~PhysicalDisk()
                0x00000000c00141cc                PhysicalDisk::~PhysicalDisk()
                0x00000000c00141f0                PhysicalDisk::~PhysicalDisk()
 .text          0x00000000c001421a      0x13b hal/fpu.32
                0x00000000c001421a                FPU::FPU(char const*)
                0x00000000c001421a                FPU::FPU(char const*)
                0x00000000c0014250                FPU::~FPU()
                0x00000000c0014250                FPU::~FPU()
                0x00000000c0014274                FPU::~FPU()
                0x00000000c001429e                setupFPU()
 *fill*         0x00000000c0014355        0x1 
 .text          0x00000000c0014356     0x1381 hal/intctrl.32
                0x00000000c0014356                InterruptController::uninstallISRHandler(int, void (*)(regs*, void*))
                0x00000000c001438e                InterruptController::installISRHandler(int, void (*)(regs*, void*), void*)
                0x00000000c00143e0                doubleFault(regs*, void*)
                0x00000000c00143fa                InterruptController::installIRQHandler(int, void (*)(regs*, void*), bool, void*)
                0x00000000c0014496                InterruptController::clearAllHandlers(int, bool)
                0x00000000c001453e                InterruptController::uninstallIRQHandler(int, void (*)(regs*, void*), bool)
                0x00000000c00145c5                nmiHandler(regs*, void*)
                0x00000000c00145d3                int_handler
                0x00000000c0014674                InterruptController::InterruptController(char const*)
                0x00000000c0014674                InterruptController::InterruptController(char const*)
                0x00000000c001471a                InterruptController::~InterruptController()
                0x00000000c001471a                InterruptController::~InterruptController()
                0x00000000c001473e                InterruptController::~InterruptController()
                0x00000000c0014768                displayDebugInfo(regs*)
                0x00000000c0014bf7                x87EmulHandler(regs*, void*)
                0x00000000c0014c26                gpFault(regs*, void*)
                0x00000000c0014c5f                pgFault(regs*, void*)
                0x00000000c0014c76                otherISRHandler(regs*, void*)
                0x00000000c0014c95                opcodeFault(regs*, void*)
                0x00000000c001529b                displayProgramFault(char const*)
                0x00000000c00152c3                setupInterruptController()
                0x00000000c001568a                InterruptController::convertLegacyIRQNumber(int)
 *fill*         0x00000000c00156d7        0x1 
 .text          0x00000000c00156d8      0x69a hal/keybrd.32
                0x00000000c00156d8                startGUI(void*)
                0x00000000c0015734                startGUIVESA(void*)
                0x00000000c0015790                sendKeyToTerminal(unsigned char)
                0x00000000c00157fc                sendKeyboardToken(KeyboardToken)
                0x00000000c0015c0c                clearInternalKeybuffer(VgaText*)
                0x00000000c0015c41                readKeyboard(VgaText*, char*, unsigned long)
                0x00000000c0015ce8                Keyboard::Keyboard(char const*)
                0x00000000c0015ce8                Keyboard::Keyboard(char const*)
                0x00000000c0015d24                Keyboard::~Keyboard()
                0x00000000c0015d24                Keyboard::~Keyboard()
                0x00000000c0015d48                Keyboard::~Keyboard()
 .text          0x00000000c0015d72      0x414 hal/logidisk.32
                0x00000000c0015d72                LogicalDisk::close(int, int, void*)
                0x00000000c0015d76                LogicalDisk::~LogicalDisk()
                0x00000000c0015d76                LogicalDisk::~LogicalDisk()
                0x00000000c0015d9a                LogicalDisk::~LogicalDisk()
                0x00000000c0015dc4                LogicalDisk::open(int, int, void*)
                0x00000000c0015dd8                LogicalDisk::absoluteToRelative(unsigned long long)
                0x00000000c0015e10                LogicalDisk::relativeToAbsolute(unsigned long long)
                0x00000000c0015e56                LogicalDisk::LogicalDisk(char const*, PhysicalDisk*, unsigned long long, unsigned long long)
                0x00000000c0015e56                LogicalDisk::LogicalDisk(char const*, PhysicalDisk*, unsigned long long, unsigned long long)
                0x00000000c0015f0c                LogicalDisk::assignDriveLetter()
                0x00000000c0015fc2                LogicalDisk::mount()
                0x00000000c0016034                LogicalDisk::unmount()
                0x00000000c0016044                LogicalDisk::eject()
                0x00000000c0016058                LogicalDisk::unassignDriveLetter()
                0x00000000c00160ae                LogicalDisk::read(unsigned long long, int, void*)
                0x00000000c001611a                LogicalDisk::write(unsigned long long, int, void*)
 .text          0x00000000c0016186       0x84 hal/mouse.32
                0x00000000c0016186                Mouse::Mouse(char const*)
                0x00000000c0016186                Mouse::Mouse(char const*)
                0x00000000c00161bc                Mouse::~Mouse()
                0x00000000c00161bc                Mouse::~Mouse()
                0x00000000c00161e0                Mouse::~Mouse()
 .text          0x00000000c001620a      0x34d hal/partition.32
                0x00000000c001620a                makePartition(PhysicalDisk*, unsigned long long, unsigned long long)
                0x00000000c00162c6                createPartitionsForDisk(PhysicalDisk*)
 *fill*         0x00000000c0016557        0x1 
 .text          0x00000000c0016558       0x84 hal/serial.32
                0x00000000c0016558                Serial::Serial(char const*)
                0x00000000c0016558                Serial::Serial(char const*)
                0x00000000c001658e                Serial::~Serial()
                0x00000000c001658e                Serial::~Serial()
                0x00000000c00165b2                Serial::~Serial()
 .text          0x00000000c00165dc      0x2b8 hal/timer.32
                0x00000000c00165dc                Timer::Timer(char const*)
                0x00000000c00165dc                Timer::Timer(char const*)
                0x00000000c0016612                Timer::~Timer()
                0x00000000c0016612                Timer::~Timer()
                0x00000000c0016636                Timer::~Timer()
                0x00000000c0016660                Timer::read()
                0x00000000c001666b                timerHandler(unsigned long long)
                0x00000000c00167a2                setupTimer(int)
 .text          0x00000000c0016894      0x4b5 hal/vcache.32
                0x00000000c0016894                VCache::VCache(PhysicalDisk*)
                0x00000000c0016894                VCache::VCache(PhysicalDisk*)
                0x00000000c00169fc                VCache::invalidateReadBuffer()
                0x00000000c0016a1e                VCache::writeWriteBuffer()
                0x00000000c0016a5a                VCache::~VCache()
                0x00000000c0016a5a                VCache::~VCache()
                0x00000000c0016aae                VCache::~VCache()
                0x00000000c0016ad6                VCache::write(unsigned long long, int, void*)
                0x00000000c0016bcc                VCache::read(unsigned long long, int, void*)
 *fill*         0x00000000c0016d49        0x1 
 .text          0x00000000c0016d4a      0x4cd hal/video.32
                0x00000000c0016d4a                Video::putrect(int, int, int, int, unsigned int)
                0x00000000c0016d96                Video::bitblit(int, int, int, int, int, int, int, unsigned int*)
                0x00000000c0016e06                Video::blit(unsigned int*, int, int, int, int)
                0x00000000c0016e84                Video::clearScreen(unsigned int)
                0x00000000c0016eb8                Video::putpixel(int, int, unsigned int)
                0x00000000c0016ec6                Video::Video(char const*)
                0x00000000c0016ec6                Video::Video(char const*)
                0x00000000c0016efc                Video::~Video()
                0x00000000c0016efc                Video::~Video()
                0x00000000c0016f20                Video::~Video()
                0x00000000c0016f4a                Video::isMonochrome()
                0x00000000c0016f56                Video::getWidth()
                0x00000000c0016f62                Video::getHeight()
                0x00000000c0016f6e                Video::drawCursor(int, int, unsigned char*, int)
                0x00000000c001702a                Video::tgaParse(unsigned char*, int, int*, int*)
                0x00000000c00171ac                Video::putTGA(int, int, unsigned char*, int)
 *fill*         0x00000000c0017217        0x1 
 .text          0x00000000c0017218      0xf64 hw/acpi.32
                0x00000000c0017218                ACPI::close(int, int, void*)
                0x00000000c00172cd                findRSDP()
                0x00000000c0017357                loadACPITables(unsigned char*)
                0x00000000c001757e                findRSDT(unsigned char*)
                0x00000000c001769c                findDataTable(unsigned char*, char*)
                0x00000000c0017738                scanMADT()
                0x00000000c0017bbe                ACPI::ACPI()
                0x00000000c0017bbe                ACPI::ACPI()
                0x00000000c0017c28                ACPI::getPCIIRQAssignment(unsigned char, unsigned short, unsigned char)
                0x00000000c0017d0a                ACPI::registerPCIIRQAssignment(void*, unsigned short, unsigned char, unsigned char)
                0x00000000c0017dd0                ACPI::setScreenBrightnessLevel(void*, int)
                0x00000000c0017dd6                ACPI::writeSimpleBootFlag(SimpleBootFlagTable*)
                0x00000000c0017e1e                ACPI::open(int, int, void*)
                0x00000000c0018164                ACPI::sleep()
 .text          0x00000000c001817c     0x1715 hw/cpu.32
                0x00000000c001817c                CPU::close(int, int, void*)
                0x00000000c0018180                CPU::lookupAMDName(unsigned char, unsigned char)
                0x00000000c0018314                CPU::lookupIntelName(unsigned char, unsigned char)
                0x00000000c00185c2                CPU::AMD_K6_write_msr(unsigned int, unsigned int, unsigned int, CPU::REGS*)
                0x00000000c00185de                CPU::AMD_K6_read_msr(unsigned int, CPU::REGS*)
                0x00000000c00185f6                CPU::AMD_K6_writeback(int, int, int)
                0x00000000c001866a                CPU::cpuid(int, unsigned long*, unsigned long*, unsigned long*, unsigned long*)
                0x00000000c00186ee                CPU::cpuidCheckEDX(unsigned int)
                0x00000000c001871c                CPU::cpuidCheckECX(unsigned int)
                0x00000000c001874a                CPU::cpuidCheckExtendedEBX(unsigned int)
                0x00000000c0018778                CPU::cpuidCheckExtendedECX(unsigned int)
                0x00000000c00187a6                CPU::CPU()
                0x00000000c00187a6                CPU::CPU()
                0x00000000c0018834                CPU::displayFeatures()
                0x00000000c0018ab0                CPU::detectFeatures()
                0x00000000c00194a0                CPU::setupSMEP()
                0x00000000c00194ac                CPU::setupUMIP()
                0x00000000c00194b6                CPU::setupTSC()
                0x00000000c00194c0                CPU::setupLargePages()
                0x00000000c00194ca                CPU::setupPAT()
                0x00000000c0019506                CPU::setupMTRR()
                0x00000000c0019508                CPU::setupGlobalPages()
                0x00000000c0019512                CPU::allowUsermodeDataAccess()
                0x00000000c0019524                CPU::prohibitUsermodeDataAccess()
                0x00000000c0019536                CPU::setupSMAP()
                0x00000000c0019544                CPU::setupFeatures()
                0x00000000c00195c4                CPU::open(int, int, void*)
                0x00000000c0019696                CPU::decodeAddress(regs*, int*, bool*, unsigned char*)
 .text          0x00000000c0019891        0x0 hw/ports.32
 *fill*         0x00000000c0019891        0x1 
 .text          0x00000000c0019892      0x5d3 krnl/env.32
                0x00000000c0019892                EnvVarContainer::getEnv(char const*)
                0x00000000c00198d0                EnvVarContainer::setEnv(char const*, char const*)
                0x00000000c001999c                EnvVarContainer::deleteEnv(char const*)
                0x00000000c001999e                EnvVarContainer::loadFrom(char const*, char const*)
                0x00000000c0019b94                EnvVarContainer::__loadSystem()
                0x00000000c0019bae                EnvVarContainer::__loadUser()
                0x00000000c0019bb0                EnvVarContainer::EnvVarContainer(Process*)
                0x00000000c0019bb0                EnvVarContainer::EnvVarContainer(Process*)
                0x00000000c0019bd2                EnvVarContainer::~EnvVarContainer()
                0x00000000c0019bd2                EnvVarContainer::~EnvVarContainer()
                0x00000000c0019c02                Krnl::getEnv(Process*, char const*)
                0x00000000c0019c67                Krnl::setEnvSystem(char const*, char const*)
                0x00000000c0019c81                Krnl::setEnvUser(char const*, char const*)
                0x00000000c0019ca0                Krnl::setEnvProcess(Process*, char const*, char const*)
                0x00000000c0019cb3                Krnl::deleteEnvSystem(char const*)
                0x00000000c0019cb4                Krnl::deleteEnvUser(char const*)
                0x00000000c0019cb5                Krnl::deleteEnvProcess(Process*, char const*)
                0x00000000c0019cb6                Krnl::newProcessEnv(Process*)
                0x00000000c0019cd8                Krnl::copyProcessEnv(Process*, Process*)
                0x00000000c0019d2c                Krnl::loadSystemEnv()
                0x00000000c0019d5a                Krnl::loadUserEnv()
                0x00000000c0019d80                Krnl::flushEnv()
                0x00000000c0019d81                Krnl::getProcessTotalEnvCount(Process*)
                0x00000000c0019da1                Krnl::getProcessEnvPair(Process*, int)
 .text          0x00000000c0019e65      0x396 krnl/panic.32
                0x00000000c0019e65                Krnl::panic(char const*)
 .text          0x00000000c001a1fb      0x3b6 net/ethernet.32
                0x00000000c001a1fb                Net::switchEndian16(unsigned short)
                0x00000000c001a21c                Net::switchEndian32(unsigned int)
                0x00000000c001a24b                Net::crc32Calc(unsigned char*, int)
                0x00000000c001a2dc                Net::wrapEthernetFrame(Net::UnwrappedEthernetFrame, unsigned char*)
                0x00000000c001a418                Net::unwrapEthernetFrame(unsigned char*, int)
 .text          0x00000000c001a5b1      0x513 reg/registry.32
                0x00000000c001a5b1                Reg::findLineFromLoadedData(char*, char*, char*)
                0x00000000c001a709                Reg::getLineFromRegistry(char*, char*, char*, char*)
                0x00000000c001a85e                Reg::getLine(char*, char*, char*)
                0x00000000c001a895                Reg::readInt(char*, char*, int*)
                0x00000000c001a980                Reg::readString(char*, char*, char*, int)
                0x00000000c001aa01                Reg::readBool(char*, char*, bool*)
                0x00000000c001aa26                Reg::readBoolWithDefault(char*, char*, bool)
                0x00000000c001aa52                Reg::readIntWithDefault(char*, char*, int)
                0x00000000c001aa7e                Reg::readStringWithDefault(char*, char*, char*, int, char*)
 .text          0x00000000c001aac4       0x36 sys/sc_eject.32
                0x00000000c001aac4                Sys::eject(regs*)
 .text          0x00000000c001aafa       0x18 sys/sc_exit.32
                0x00000000c001aafa                Sys::exit(regs*)
 .text          0x00000000c001ab12       0x1f sys/sc_getcwd.32
                0x00000000c001ab12                Sys::getCwd(regs*)
 .text          0x00000000c001ab31        0xc sys/sc_getpid.32
                0x00000000c001ab31                Sys::getPID(regs*)
 .text          0x00000000c001ab3d       0xa8 sys/sc_loaddll.32
                0x00000000c001ab3d                Sys::loadDLL(regs*)
 .text          0x00000000c001abe5       0x68 sys/sc_read.32
                0x00000000c001abe5                Sys::read(regs*)
 .text          0x00000000c001ac4d       0x55 sys/sc_sbrk.32
                0x00000000c001ac4d                Sys::sbrk(regs*)
 .text          0x00000000c001aca2       0x1c sys/sc_setcwd.32
                0x00000000c001aca2                Sys::setCwd(regs*)
 .text          0x00000000c001acbe      0x128 sys/sc_settime.32
                0x00000000c001acbe                Sys::setTime(regs*)
 .text          0x00000000c001ade6       0x4a sys/sc_timezone.32
                0x00000000c001ade6                Sys::timezone(regs*)
 .text          0x00000000c001ae30       0x68 sys/sc_write.32
                0x00000000c001ae30                Sys::write(regs*)
 .text          0x00000000c001ae98       0x3b sys/sc_yield.32
                0x00000000c001ae98                Sys::yield(regs*)
 .text          0x00000000c001aed3     0x1028 sys/syscalls.32
                0x00000000c001aed3                sysCallSeekDir(regs*)
                0x00000000c001aed8                sysCallTellDir(regs*)
                0x00000000c001aedd                sysCallVerify(regs*)
                0x00000000c001aee7                sysCallGetArgc(regs*)
                0x00000000c001aef7                sysFormatDisk(regs*)
                0x00000000c001af61                sysSetDiskVolumeLabel(regs*)
                0x00000000c001afa7                sysGetDiskVolumeLabel(regs*)
                0x00000000c001aff8                sysShutdown(regs*)
                0x00000000c001b056                sysCallRealpath(regs*)
                0x00000000c001b099                sysCallReadDir(regs*)
                0x00000000c001b127                sysCallIsATTY(regs*)
                0x00000000c001b181                sysCallSeek(regs*)
                0x00000000c001b1ea                sysCallTell(regs*)
                0x00000000c001b267                sysCallSize(regs*)
                0x00000000c001b2ea                sysCallSizeFromFilename(regs*)
                0x00000000c001b3aa                sysCallClose(regs*)
                0x00000000c001b432                sysCallOpenDir(regs*)
                0x00000000c001b4a7                sysCallCloseDir(regs*)
                0x00000000c001b50d                sysCallMakeDir(regs*)
                0x00000000c001b57d                sysCallWait(regs*)
                0x00000000c001b597                sysCallNotImpl(regs*)
                0x00000000c001b5b2                sysPanic(regs*)
                0x00000000c001b5d8                sysCallRmdir(regs*)
                0x00000000c001b63c                sysCallUnlink(regs*)
                0x00000000c001b6a0                sysCallGetArgv(regs*)
                0x00000000c001b6ec                sysCallTTYName(regs*)
                0x00000000c001b76f                sysCallUSleep(regs*)
                0x00000000c001b796                sysCallSpawn(regs*)
                0x00000000c001b7ee                sysCallGetEnv(regs*)
                0x00000000c001b89b                sysAppSettings(regs*)
                0x00000000c001b9ba                sysSetFatAttrib(regs*)
                0x00000000c001ba2c                sysPipe(regs*)
                0x00000000c001ba71                sysGetUnixTime(regs*)
                0x00000000c001ba85                string_ends_with(char const*, char const*)
                0x00000000c001bacd                sysCallOpen(regs*)
                0x00000000c001bce2                Sys::loadSyscalls()
                0x00000000c001beb9                Sys::systemCall(regs*, void*)
 .text          0x00000000c001befb     0x118b thr/elf.32
                0x00000000c001befb                Thr::allocateMemoryForTask(Process*, File*, unsigned long, unsigned long, unsigned long)
                0x00000000c001c178                Thr::loadProgramIntoMemory(Process*, char const*)
                0x00000000c001c38e                Thr::runtimeReferenceHelper()
                0x00000000c001c3a1                Thr::getAddressOfKernelSymbol(char const*)
                0x00000000c001c3f0                Thr::loadKernelSymbolTable(char const*)
                0x00000000c001c6ae                Thr::loadDriverIntoMemory(char const*, unsigned long, bool)
                0x00000000c001cdca                Thr::getDriverBaseFromAddress(unsigned long)
                0x00000000c001cdfc                Thr::getDriverNameFromAddress(unsigned long)
                0x00000000c001ce33                Thr::getDriverOffsetFromAddress(unsigned long)
                0x00000000c001ce4d                Thr::loadDLL(char const*, bool)
                0x00000000c001d05c                Thr::executeDLL(unsigned long, void*)
 .text          0x00000000c001d086     0x1056 thr/prcssthr.32
                0x00000000c001d086                changeTSS
                0x00000000c001d0b6                Process::addArgs(char**)
                0x00000000c001d110                Process::Process(char const*, Process*, char**)
                0x00000000c001d110                Process::Process(char const*, Process*, char**)
                0x00000000c001d2f4                Process::Process(bool, char const*, Process*, char**)
                0x00000000c001d2f4                Process::Process(bool, char const*, Process*, char**)
                0x00000000c001d4a3                disableIRQs()
                0x00000000c001d4ab                getIRQNestingLevel()
                0x00000000c001d4b1                enableIRQs()
                0x00000000c001d4c0                lockScheduler()
                0x00000000c001d4c2                unlockScheduler()
                0x00000000c001d4c4                userModeEntryPoint(void*)
                0x00000000c001d4e7                lockStuff()
                0x00000000c001d4f3                taskStartupFunction
                0x00000000c001d4fc                updateTimeUsed()
                0x00000000c001d561                switchToThread(ThreadControlBlock*)
                0x00000000c001d5b2                Semaphore::Semaphore(int)
                0x00000000c001d5b2                Semaphore::Semaphore(int)
                0x00000000c001d5e0                Mutex::Mutex()
                0x00000000c001d5e0                Mutex::Mutex()
                0x00000000c001d5f2                Process::createThread(void (*)(void*), void*, int)
                0x00000000c001d6d6                Process::createUserThread()
                0x00000000c001d6f2                setupMultitasking(void (*)())
                0x00000000c001d7fc                schedule()
                0x00000000c001d881                unlockStuff()
                0x00000000c001d8b6                Semaphore::tryAcquire()
                0x00000000c001d8e4                Semaphore::assertLocked(char const*)
                0x00000000c001d914                blockTaskWithSchedulerLockAlreadyHeld(TaskState)
                0x00000000c001d956                blockTask(TaskState)
                0x00000000c001d977                waitTask(int, int*, int)
                0x00000000c001d9b9                nanoSleepUntil(unsigned long long)
                0x00000000c001da10                nanoSleep(unsigned long long)
                0x00000000c001da25                sleep(unsigned long long)
                0x00000000c001da42                Semaphore::acquire()
                0x00000000c001daaa                taskReturned
                0x00000000c001dad8                unblockTask(ThreadControlBlock*)
                0x00000000c001db87                cleanupTerminatedTask(ThreadControlBlock*)
                0x00000000c001de50                cleanerTaskFunction(void*)
                0x00000000c001df03                terminateTask(int)
                0x00000000c001dfe3                Thr::terminateFromIRQ(int)
                0x00000000c001dff0                Semaphore::release()
 .text          0x00000000c001e0dc      0xc26 vm86/vm8086.32
                0x00000000c001e0dc                Vm::inbv(unsigned short)
                0x00000000c001e0ef                Vm::outbv(unsigned short, unsigned char)
                0x00000000c001e142                Vm::realToLinear(unsigned short, unsigned short)
                0x00000000c001e152                Vm::getSegment(unsigned int)
                0x00000000c001e15a                Vm::getOffset(unsigned int)
                0x00000000c001e15f                Vm::mainloop2()
                0x00000000c001e19a                Vm::mainVm8086Loop(void*)
                0x00000000c001e1a7                Vm::mainloop3(unsigned long)
                0x00000000c001e1d1                Vm::initialise8086()
                0x00000000c001e214                Vm::finish8086()
                0x00000000c001e259                Vm::getOutput8086(unsigned char*)
                0x00000000c001e283                Vm::start8086(char const*, unsigned short, unsigned short, unsigned short, unsigned short)
                0x00000000c001e3d3                Vm::doISR(regs*, int, unsigned char*, unsigned short, unsigned short)
                0x00000000c001e45d                Vm::readByteFromReal(unsigned short, unsigned short)
                0x00000000c001e46e                Vm::readWordFromReal(unsigned short, unsigned short)
                0x00000000c001e480                Vm::readDwordFromReal(unsigned short, unsigned short)
                0x00000000c001e491                Vm::writeByteFromReal(unsigned short, unsigned short, unsigned char)
                0x00000000c001e4a6                Vm::writeWordFromReal(unsigned short, unsigned short, unsigned short)
                0x00000000c001e4bc                Vm::writeDwordFromReal(unsigned short, unsigned short, unsigned int)
                0x00000000c001e4d1                Vm::faultHandler(regs*)
 .text          0x00000000c001ed02      0xefd vm86/x87em.32
                0x00000000c001ed02                Vm::fpuInternalTo32(unsigned long long)
                0x00000000c001ed5d                Vm::fpuInternalTo64(unsigned long long)
                0x00000000c001ed66                Vm::fpu32ToInternal(unsigned int)
                0x00000000c001edab                Vm::fpu64ToInternal(unsigned long long)
                0x00000000c001edb4                Vm::fpuFloatToLong(unsigned long long)
                0x00000000c001ee0f                Vm::fpuULongToFloat(unsigned long long)
                0x00000000c001ee45                Vm::fpuLongToFloat(long long)
                0x00000000c001ee9b                Vm::fpuGet0()
                0x00000000c001eea0                Vm::fpuGet1()
                0x00000000c001eea8                Vm::fpuGetPi()
                0x00000000c001eeb0                Vm::fpuGetLog2E()
                0x00000000c001eec8                Vm::fpuGetLogE2()
                0x00000000c001eee0                Vm::fpuGetLog210()
                0x00000000c001eef8                Vm::fpuGetLog102()
                0x00000000c001ef10                Vm::fpuIsSecondLarger(unsigned long long, unsigned long long)
                0x00000000c001ef24                Vm::fpuAreEqual(unsigned long long, unsigned long long)
                0x00000000c001ef3a                Vm::fpuUnorderedCompare(unsigned long long, unsigned long long)
                0x00000000c001ef8d                Vm::fpuAdd(unsigned long long, unsigned long long)
                0x00000000c001ef9e                Vm::fpuAbs(unsigned long long)
                0x00000000c001efa7                Vm::fpuChs(unsigned long long)
                0x00000000c001efb7                Vm::fpuSub(unsigned long long, unsigned long long)
                0x00000000c001efc6                Vm::fpuMultiply(unsigned long long, unsigned long long)
                0x00000000c001efe5                Vm::fpuDivide(unsigned long long, unsigned long long)
                0x00000000c001f001                Vm::fpuSquare(unsigned long long)
                0x00000000c001f017                Vm::fpuGetReg(int)
                0x00000000c001f05a                Vm::fpuSetReg(int, unsigned long long)
                0x00000000c001f0a5                Vm::fpuPush(unsigned long long)
                0x00000000c001f102                Vm::fpuPop()
                0x00000000c001f154                Vm::x87Handler(regs*)
 *fill*         0x00000000c001fbff        0x1 
 .text          0x00000000c001fc00     0x10ed fs/fat/vfslink.32
                0x00000000c001fc00                FAT::getName()
                0x00000000c001fc06                FAT::tell(void*, unsigned long long*)
                0x00000000c001fc3a                FAT::stat(void*, unsigned long long*)
                0x00000000c001fc6e                FAT::~FAT()
                0x00000000c001fc6e                FAT::~FAT()
                0x00000000c001fc92                FAT::~FAT()
                0x00000000c001fcba                FAT::getlabel(LogicalDisk*, int, char*, unsigned int*)
                0x00000000c001fd58                FAT::setlabel(LogicalDisk*, int, char*)
                0x00000000c001fe12                FAT::format(LogicalDisk*, int, char const*, int)
                0x00000000c001fff6                FAT::tryMount(LogicalDisk*, int)
                0x00000000c00201fc                FAT::readDir(void*, unsigned long, void*, int*)
                0x00000000c0020302                FAT::read(void*, unsigned long, void*, int*)
                0x00000000c002035c                FAT::write(void*, unsigned long, void*, int*)
                0x00000000c00203b6                FAT::close(void*)
                0x00000000c0020402                FAT::closeDir(void*)
                0x00000000c002044e                FAT::seek(void*, unsigned long long)
                0x00000000c00204a2                fatWrapperReadDisk
                0x00000000c00204e9                fatWrapperWriteDisk
                0x00000000c0020530                fatWrapperIoctl
                0x00000000c0020634                FAT::FAT()
                0x00000000c0020634                FAT::FAT()
                0x00000000c0020686                FAT::fixFilepath(char*)
                0x00000000c00206be                FAT::open(char const*, void**, FileOpenMode)
                0x00000000c00207e6                FAT::openDir(char const*, void**)
                0x00000000c002088c                FAT::stat(char const*, unsigned long long*, bool*)
                0x00000000c0020976                FAT::unlink(char const*)
                0x00000000c00209f0                FAT::chfatattr(char const*, unsigned char, unsigned char)
                0x00000000c0020b44                FAT::rename(char const*, char const*)
                0x00000000c0020c08                FAT::mkdir(char const*)
                0x00000000c0020c82                FAT::exists(char const*)
 *fill*         0x00000000c0020ced        0x1 
 .text          0x00000000c0020cee      0xbc1 fs/iso9660/vfslink.32
                0x00000000c0020cee                ISO9660::format(LogicalDisk*, int, char const*, int)
                0x00000000c0020cf4                ISO9660::seek(void*, unsigned long long)
                0x00000000c0020d24                ISO9660::tell(void*, unsigned long long*)
                0x00000000c0020d48                ISO9660::getName()
                0x00000000c0020d4e                ISO9660::stat(void*, unsigned long long*)
                0x00000000c0020d72                ISO9660::chfatattr(char const*, unsigned char, unsigned char)
                0x00000000c0020d78                ISO9660::unlink(char const*)
                0x00000000c0020d7e                ISO9660::write(void*, unsigned long, void*, int*)
                0x00000000c0020d84                ISO9660::rename(char const*, char const*)
                0x00000000c0020d8a                ISO9660::mkdir(char const*)
                0x00000000c0020d90                ISO9660::close(void*)
                0x00000000c0020db2                ISO9660::closeDir(void*)
                0x00000000c0020dd4                ISO9660::~ISO9660()
                0x00000000c0020dd4                ISO9660::~ISO9660()
                0x00000000c0020df8                ISO9660::~ISO9660()
                0x00000000c0020e1f                __memmem(unsigned char*, int, unsigned char*, int)
                0x00000000c0020e61                readSectorFromCDROM(unsigned int, unsigned char*, char)
                0x00000000c0020ec8                ISO9660::tryMount(LogicalDisk*, int)
                0x00000000c0020f18                ISO9660::read(void*, unsigned long, void*, int*)
                0x00000000c0021118                ISO9660::readDir(void*, unsigned long, void*, int*)
                0x00000000c00213a5                readRoot(unsigned int*, unsigned int*, char)
                0x00000000c00213fa                readRecursively(char*, unsigned int, unsigned int, unsigned int*, unsigned int*, char, int*)
                0x00000000c00215cd                getFileData(char*, unsigned int*, unsigned int*, char, int*)
                0x00000000c002165c                ISO9660::open(char const*, void**, FileOpenMode)
                0x00000000c002171c                ISO9660::exists(char const*)
                0x00000000c0021740                ISO9660::stat(char const*, unsigned long long*, bool*)
                0x00000000c00217d4                ISO9660::openDir(char const*, void**)
                0x00000000c002188c                ISO9660::ISO9660()
                0x00000000c002188c                ISO9660::ISO9660()
 *fill*         0x00000000c00218af        0x1 
 .text          0x00000000c00218b0      0x326 hal/sound/sndchannel.32
                0x00000000c00218b0                SoundChannel::~SoundChannel()
                0x00000000c00218b0                SoundChannel::~SoundChannel()
                0x00000000c00218cc                SoundChannel::setSpeed(float)
                0x00000000c00218d8                SoundChannel::getSpeed()
                0x00000000c00218e0                SoundChannel::setVolume(int)
                0x00000000c00218fc                SoundChannel::getVolume()
                0x00000000c0021904                SoundChannel::pause()
                0x00000000c002190e                SoundChannel::SoundChannel(int, int, int, int)
                0x00000000c002190e                SoundChannel::SoundChannel(int, int, int, int)
                0x00000000c0021a64                SoundChannel::play()
                0x00000000c0021a6e                SoundChannel::paused()
                0x00000000c0021a76                SoundChannel::getSampleRate()
                0x00000000c0021a7e                SoundChannel::getBits()
                0x00000000c0021a86                SoundChannel::getBufferUsed()
                0x00000000c0021a8e                SoundChannel::getBufferSize()
                0x00000000c0021a96                SoundChannel::unbuffer(float*, int, int)
                0x00000000c0021b36                SoundChannel::buffer8(unsigned char*, int)
 .text          0x00000000c0021bd6      0x3d5 hal/sound/sndhw.32
                0x00000000c0021bd6                SoundDevice::SoundDevice(char const*)
                0x00000000c0021bd6                SoundDevice::SoundDevice(char const*)
                0x00000000c0021c42                SoundDevice::~SoundDevice()
                0x00000000c0021c42                SoundDevice::~SoundDevice()
                0x00000000c0021cbc                SoundDevice::~SoundDevice()
                0x00000000c0021ce6                SoundDevice::getFreeChannelNum()
                0x00000000c0021d00                SoundDevice::addChannel(SoundChannel*)
                0x00000000c0021d70                SoundDevice::removeChannel(int)
                0x00000000c0021da2                SoundDevice::floatTo8(float*, unsigned char*, int)
                0x00000000c0021e8a                SoundDevice::getAudio(int, float*, float*)
 .text          0x00000000c0021fab        0x0 hw/bus/isa.32
 *fill*         0x00000000c0021fab        0x1 
 .text          0x00000000c0021fac      0x6c3 hw/bus/pci.32
                0x00000000c0021fac                PCI::open(int, int, void*)
                0x00000000c0021fc0                PCI::close(int, int, void*)
                0x00000000c0021fc4                PCI::PCI()
                0x00000000c0021fc4                PCI::PCI()
                0x00000000c0022044                PCI::pciReadWord(unsigned char, unsigned char, unsigned char, unsigned char)
                0x00000000c002208c                PCI::getVendorID(unsigned char, unsigned char, unsigned char)
                0x00000000c00220ae                PCI::getHeaderType(unsigned char, unsigned char, unsigned char)
                0x00000000c00220d2                PCI::getClassCode(unsigned char, unsigned char, unsigned char)
                0x00000000c0022116                PCI::getProgIF(unsigned char, unsigned char, unsigned char)
                0x00000000c002213a                PCI::getRevisionID(unsigned char, unsigned char, unsigned char)
                0x00000000c002215c                PCI::getInterruptNumber(unsigned char, unsigned char, unsigned char)
                0x00000000c002217e                PCI::getSecondaryBus(unsigned char, unsigned char, unsigned char)
                0x00000000c00221a2                PCI::getBARAddress(unsigned char, unsigned char, unsigned char, unsigned char)
                0x00000000c0022202                PCI::pciWriteWord(unsigned char, unsigned char, unsigned char, unsigned char, unsigned short)
                0x00000000c002226e                PCI::checkBus(unsigned char)
                0x00000000c0022292                PCI::foundDevice(PCIDeviceInfo)
                0x00000000c0022404                PCI::getDeviceData(unsigned char, unsigned char, unsigned char)
                0x00000000c00225b0                PCI::checkDevice(unsigned char, unsigned char)
                0x00000000c002261c                PCI::detect()
 *fill*         0x00000000c002266f        0x1 
 .text          0x00000000c0022670      0xc70 hw/diskctrl/ide.32
                0x00000000c0022670                IDE::close(int, int, void*)
                0x00000000c0022674                IDE::IDE()
                0x00000000c0022674                IDE::IDE()
                0x00000000c00226a8                IDE::prepareInterrupt(unsigned char)
                0x00000000c00226ba                selectDrive(unsigned char, unsigned char)
                0x00000000c00226bc                IDE::getBase(unsigned char)
                0x00000000c00226ce                IDE::write(unsigned char, unsigned char, unsigned char)
                0x00000000c002278e                IDE::read(unsigned char, unsigned char)
                0x00000000c002283c                IDE::waitInterrupt(unsigned char)
                0x00000000c00228a2                ideChannel0IRQHandler(regs*, void*)
                0x00000000c00228be                ideChannel1IRQHandler(regs*, void*)
                0x00000000c00228da                IDE::enableIRQs(unsigned char, bool)
                0x00000000c0022920                IDE::open(int, int, void*)
                0x00000000c0022d30                IDE::readBuffer(unsigned char, unsigned char, unsigned int, unsigned int)
                0x00000000c0022dfc                IDE::detect()
                0x00000000c00230e4                IDE::printError(unsigned char, unsigned char, unsigned char)
                0x00000000c002327a                IDE::polling(unsigned char, unsigned int)
 .text          0x00000000c00232e0      0x390 hw/diskctrl/satabus.32
                0x00000000c00232e0                SATABus::close(int, int, void*)
                0x00000000c00232e4                SATABus::detect()
                0x00000000c00232e6                SATABus::SATABus()
                0x00000000c00232e6                SATABus::SATABus()
                0x00000000c0023392                SATABus::findCmdslot(SATABus::tagHBA_PORT volatile*)
                0x00000000c00233da                SATABus::checkType(SATABus::tagHBA_PORT volatile*)
                0x00000000c0023422                SATABus::startCmd(SATABus::tagHBA_PORT volatile*)
                0x00000000c0023442                SATABus::stopCmd(SATABus::tagHBA_PORT volatile*)
                0x00000000c002346c                SATABus::portRebase(SATABus::tagHBA_PORT volatile*, int)
                0x00000000c0023572                SATABus::probePort(SATABus::tagHBA_MEM volatile*)
                0x00000000c0023650                SATABus::open(int, int, void*)
 .text          0x00000000c0023670      0x6c4 hw/diskphys/ata.32
                0x00000000c0023670                ATA::close(int, int, void*)
                0x00000000c0023694                ATA::powerSaving(PowerSavingLevel)
                0x00000000c0023696                ATA::ATA()
                0x00000000c0023696                ATA::ATA()
                0x00000000c00236c4                ATA::flush(bool)
                0x00000000c002370e                ATA::readyForCommand()
                0x00000000c002375e                ATA::access(unsigned long long, int, void*, bool)
                0x00000000c0023b6e                ATA::read(unsigned long long, int, void*)
                0x00000000c0023bd6                ATA::write(unsigned long long, int, void*)
                0x00000000c0023c3e                ATA::detectCHS()
                0x00000000c0023c68                ATA::open(int, int, void*)
 .text          0x00000000c0023d34      0x5bd hw/diskphys/atapi.32
                0x00000000c0023d34                ATAPI::write(unsigned long long, int, void*)
                0x00000000c0023d3a                ATAPI::close(int, int, void*)
                0x00000000c0023d5e                ATAPI::ATAPI()
                0x00000000c0023d5e                ATAPI::ATAPI()
                0x00000000c0023d8c                ATAPI::readyForCommand()
                0x00000000c0023ddc                ATAPI::sendPacket(unsigned char*, int, bool, unsigned short*, int)
                0x00000000c002409c                ATAPI::diskRemoved()
                0x00000000c00240b8                ATAPI::eject()
                0x00000000c0024100                ATAPI::diskInserted()
                0x00000000c002412e                ATAPI::detectMedia()
                0x00000000c00241ea                ATAPI::open(int, int, void*)
                0x00000000c0024272                ATAPI::read(unsigned long long, int, void*)
 *fill*         0x00000000c00242f1        0x1 
 .text          0x00000000c00242f2      0x482 hw/diskphys/sata.32
                0x00000000c00242f2                SATA::close(int, int, void*)
                0x00000000c0024316                SATA::powerSaving(PowerSavingLevel)
                0x00000000c0024318                SATA::open(int, int, void*)
                0x00000000c00243c6                SATA::SATA()
                0x00000000c00243c6                SATA::SATA()
                0x00000000c00243f4                SATA::access(unsigned long long, int, void*, bool)
                0x00000000c00246a4                SATA::read(unsigned long long, int, void*)
                0x00000000c002470c                SATA::write(unsigned long long, int, void*)
 .text          0x00000000c0024774      0x500 hw/diskphys/satapi.32
                0x00000000c0024774                SATAPI::write(unsigned long long, int, void*)
                0x00000000c002477a                SATAPI::close(int, int, void*)
                0x00000000c002479e                SATAPI::SATAPI()
                0x00000000c002479e                SATAPI::SATAPI()
                0x00000000c00247cc                SATAPI::diskRemoved()
                0x00000000c00247e8                SATAPI::diskInserted()
                0x00000000c0024816                SATAPI::sendPacket(unsigned char*, int, unsigned long long, unsigned short*, int)
                0x00000000c0024a1a                SATAPI::eject()
                0x00000000c0024a62                SATAPI::detectMedia()
                0x00000000c0024b24                SATAPI::open(int, int, void*)
                0x00000000c0024bd2                SATAPI::read(unsigned long long, int, void*)
 .text          0x00000000c0024c74       0x8e hw/fpu/avx.32
                0x00000000c0024c74                AVX::open(int, int, void*)
                0x00000000c0024c86                AVX::close(int, int, void*)
                0x00000000c0024c98                AVX::available()
                0x00000000c0024caa                AVX::save(void*)
                0x00000000c0024cc2                AVX::load(void*)
                0x00000000c0024cda                AVX::AVX()
                0x00000000c0024cda                AVX::AVX()
 .text          0x00000000c0024d02       0x90 hw/fpu/mmx.32
                0x00000000c0024d02                MMX::available()
                0x00000000c0024d16                MMX::open(int, int, void*)
                0x00000000c0024d28                MMX::close(int, int, void*)
                0x00000000c0024d3a                MMX::save(void*)
                0x00000000c0024d52                MMX::load(void*)
                0x00000000c0024d6a                MMX::MMX()
                0x00000000c0024d6a                MMX::MMX()
 .text          0x00000000c0024d92       0x96 hw/fpu/sse.32
                0x00000000c0024d92                SSE::open(int, int, void*)
                0x00000000c0024da4                SSE::close(int, int, void*)
                0x00000000c0024db6                SSE::available()
                0x00000000c0024dd0                SSE::save(void*)
                0x00000000c0024de8                SSE::load(void*)
                0x00000000c0024e00                SSE::SSE()
                0x00000000c0024e00                SSE::SSE()
 .text          0x00000000c0024e28       0x8e hw/fpu/x87.32
                0x00000000c0024e28                x87::open(int, int, void*)
                0x00000000c0024e3a                x87::close(int, int, void*)
                0x00000000c0024e4c                x87::available()
                0x00000000c0024e5e                x87::save(void*)
                0x00000000c0024e76                x87::load(void*)
                0x00000000c0024e8e                x87::x87()
                0x00000000c0024e8e                x87::x87()
 .text          0x00000000c0024eb6      0x71e hw/intctrl/apic.32
                0x00000000c0024eb6                APIC::disable()
                0x00000000c0024eb8                APIC::close(int, int, void*)
                0x00000000c0024eda                IOAPIC::close(int, int, void*)
                0x00000000c0024ee0                APIC::io_wait()
                0x00000000c0024ee6                APIC::getBase()
                0x00000000c0024f28                APIC::eoi(unsigned char)
                0x00000000c0024f56                APIC::open(int, int, void*)
                0x00000000c00250a4                IOAPIC::IOAPIC()
                0x00000000c00250a4                IOAPIC::IOAPIC()
                0x00000000c00250cc                APIC::APIC()
                0x00000000c00250cc                APIC::APIC()
                0x00000000c00251a8                IOAPIC::handlesGSIWithNumber(unsigned int)
                0x00000000c00251da                IOAPIC::read(int)
                0x00000000c0025202                IOAPIC::open(int, int, void*)
                0x00000000c00252f8                IOAPIC::write(int, int)
                0x00000000c0025324                IOAPIC::redirect(unsigned char, unsigned long long, unsigned char, bool, bool)
                0x00000000c002541e                APIC::installIRQHandler(int, void (*)(regs*, void*), bool, void*)
 .text          0x00000000c00255d4      0x3d3 hw/intctrl/pic.32
                0x00000000c00255d4                PIC::disable()
                0x00000000c0025602                PIC::close(int, int, void*)
                0x00000000c0025624                PIC::PIC()
                0x00000000c0025624                PIC::PIC()
                0x00000000c00256fa                PIC::ioWait()
                0x00000000c0025700                PIC::getIRQReg(int)
                0x00000000c002576a                PIC::eoi(unsigned char)
                0x00000000c00257fc                PIC::remap()
                0x00000000c0025968                PIC::open(int, int, void*)
 *fill*         0x00000000c00259a7        0x1 
 .text          0x00000000c00259a8      0x25e hw/timer/apictimer.32
                0x00000000c00259a8                APICTimer::close(int, int, void*)
                0x00000000c00259ae                apicTimerHandler(regs*, void*)
                0x00000000c00259dc                APICTimer::write(int)
                0x00000000c0025ae0                APICTimer::open(int, int, void*)
                0x00000000c0025bde                APICTimer::APICTimer()
                0x00000000c0025bde                APICTimer::APICTimer()
 .text          0x00000000c0025c06      0x1a7 hw/timer/pit.32
                0x00000000c0025c06                PIT::write(int)
                0x00000000c0025c84                pitHandler(regs*, void*)
                0x00000000c0025cb0                PIT::open(int, int, void*)
                0x00000000c0025cfe                PIT::close(int, int, void*)
                0x00000000c0025d2e                PIT::PIT()
                0x00000000c0025d2e                PIT::PIT()
 *fill*         0x00000000c0025dad        0x3 
 .text          0x00000000c0025db0       0x1e hw/fpu/x86/avx.32
                0x00000000c0025db0                avxDetect
                0x00000000c0025db6                avxSave
                0x00000000c0025db7                avxLoad
                0x00000000c0025db8                avxInit
                0x00000000c0025db9                avxClose
                0x00000000c0025dba                wouldSheSayYes
 *fill*         0x00000000c0025dce        0x2 
 .text          0x00000000c0025dd0       0x35 hw/fpu/x86/sse.32
                0x00000000c0025dd0                absolutelyNoChanceInHell
                0x00000000c0025dd0                sseDetect
                0x00000000c0025de8                sseSave
                0x00000000c0025dee                sseLoad
                0x00000000c0025df4                sseInit
                0x00000000c0025e04                sseClose
 *fill*         0x00000000c0025e05        0xb 
 .text          0x00000000c0025e10       0x47 hw/fpu/x86/x87.32
                0x00000000c0025e16                x87Detect
                0x00000000c0025e31                x87Save
                0x00000000c0025e37                x87Load
                0x00000000c0025e3c                x87Init
                0x00000000c0025e56                x87Close
 *fill*         0x00000000c0025e57        0x1 
 .text          0x00000000c0025e58       0x25 /cygdrive/d/Users/Alex/Desktop/Toolchain/Output/bin/../lib/gcc/i386-banana/8.1.0/crtend.o
 .text          0x00000000c0025e7d        0x0 crtn.32
 *fill*         0x00000000c0025e7d        0x3 
 .text          0x00000000c0025e80      0x14b /cygdrive/d/Users/Alex/Desktop/Toolchain/Output/bin/../lib/gcc/i386-banana/8.1.0/libkgcc.a(_divdi3.o)
                0x00000000c0025e80                __divdi3
 *fill*         0x00000000c0025fcb        0x1 
 .text          0x00000000c0025fcc      0x17e /cygdrive/d/Users/Alex/Desktop/Toolchain/Output/bin/../lib/gcc/i386-banana/8.1.0/libkgcc.a(_moddi3.o)
                0x00000000c0025fcc                __moddi3
 *fill*         0x00000000c002614a        0x2 
 .text          0x00000000c002614c       0xff /cygdrive/d/Users/Alex/Desktop/Toolchain/Output/bin/../lib/gcc/i386-banana/8.1.0/libkgcc.a(_udivdi3.o)
                0x00000000c002614c                __udivdi3
 *fill*         0x00000000c002624b        0x1 
 .text          0x00000000c002624c      0x11a /cygdrive/d/Users/Alex/Desktop/Toolchain/Output/bin/../lib/gcc/i386-banana/8.1.0/libkgcc.a(_umoddi3.o)
                0x00000000c002624c                __umoddi3
 .text          0x00000000c0026366      0x96d D:/Users/Alex/Desktop/Banana/kernel/libsoftfp.a(sfieeelib.o)
                0x00000000c0026366                __addsf3
                0x00000000c0026668                __subsf3
                0x00000000c002667c                __negsf2
                0x00000000c0026689                __mulsf3
                0x00000000c002684c                __divsf3
                0x00000000c0026a77                __floatsisf
                0x00000000c0026aeb                __floatunsisf
                0x00000000c0026b2d                __fixsfsi
                0x00000000c0026b8f                __fixunssfsi
                0x00000000c0026bc0                __cmpsf2
                0x00000000c0026c55                __eqsf2
                0x00000000c0026c90                __nesf2
                0x00000000c0026c92                __gtsf2
                0x00000000c0026ccd                __gesf2
                0x00000000c0026ccf                __ltsf2
                0x00000000c0026cd1                __lesf2
 .text          0x00000000c0026cd3      0xf50 D:/Users/Alex/Desktop/Banana/kernel/libsoftfp.a(dfieeelib.o)
                0x00000000c0026cd3                __adddf3
                0x00000000c0027324                __subdf3
                0x00000000c002733f                __negdf2
                0x00000000c0027350                __muldf3
                0x00000000c0027634                __divdf3
                0x00000000c00279b3                __floatsidf
                0x00000000c0027a0e                __floatunsidf
                0x00000000c0027a4c                __fixdfsi
                0x00000000c0027ab9                __fixunsdfsi
                0x00000000c0027af5                __cmpdf2
                0x00000000c0027be3                __eqdf2
                0x00000000c0027bff                __nedf2
                0x00000000c0027c01                __gtdf2