Archive member included to satisfy reference by file (symbol)

/cygdrive/d/Users/Alex/Desktop/Toolchain/Output/bin/../lib/gcc/i386-banana/8.1.0/libkgcc.a(_divdi3.o)
                              fs/fat/ff.32 (__divdi3)
/cygdrive/d/Users/Alex/Desktop/Toolchain/Output/bin/../lib/gcc/i386-banana/8.1.0/libkgcc.a(_moddi3.o)
                              thr/elf.32 (__moddi3)
/cygdrive/d/Users/Alex/Desktop/Toolchain/Output/bin/../lib/gcc/i386-banana/8.1.0/libkgcc.a(_udivdi3.o)
                              fs/fat/ff.32 (__udivdi3)
/cygdrive/d/Users/Alex/Desktop/Toolchain/Output/bin/../lib/gcc/i386-banana/8.1.0/libkgcc.a(_umoddi3.o)
                              core/pipe.32 (__umoddi3)
D:/Users/Alex/Desktop/Banana/kernel/libsoftfp.a(sfieeelib.o)
                              hal/sound/sndhw.32 (__addsf3)
D:/Users/Alex/Desktop/Banana/kernel/libsoftfp.a(dfieeelib.o)
                              hal/libresample/src_linear.32 (__adddf3)
D:/Users/Alex/Desktop/Banana/kernel/libsoftfp.a(sfdfcvt.o)
                              hal/libresample/samplerate.32 (__truncdfsf2)
D:/Users/Alex/Desktop/Banana/kernel/libk/libm32.a(s_fabs.c.o)
                              hal/libresample/samplerate.32 (fabs)
D:/Users/Alex/Desktop/Banana/kernel/libk/libm32.a(s_lrint.S.o)
                              hal/libresample/samplerate.32 (lrint)
D:/Users/Alex/Desktop/Banana/kernel/libk/libm32.a(s_lrintf.S.o)
                              hal/sound/sndhw.32 (lrintf)

Discarded input sections

 .comment       0x0000000000000000       0x12 /cygdrive/d/Users/Alex/Desktop/Toolchain/Output/bin/../lib/gcc/i386-banana/8.1.0/crtbegin.o
 .comment       0x0000000000000000       0x12 acpica/utclib.32
 .comment       0x0000000000000000       0x12 core/malloc.32
 .comment       0x0000000000000000       0x12 libk/string.32
 .comment       0x0000000000000000       0x12 fs/fat/diskio.32
 .comment       0x0000000000000000       0x12 fs/fat/ff.32
 .comment       0x0000000000000000       0x12 fs/fat/ffsystem.32
 .comment       0x0000000000000000       0x12 fs/fat/ffunicode.32
 .comment       0x0000000000000000       0x12 hal/libresample/samplerate.32
 .comment       0x0000000000000000       0x12 hal/libresample/src_linear.32
 .comment       0x0000000000000000       0x12 hal/libresample/src_sinc.32
 .comment       0x0000000000000000       0x12 hal/libresample/src_zoh.32
 .comment       0x0000000000000000       0x12 compat/inlines.32
 .group         0x0000000000000000       0x14 core/computer.32
 .group         0x0000000000000000        0xc core/computer.32
 .comment       0x0000000000000000       0x12 core/computer.32
 .comment       0x0000000000000000       0x12 core/gdt.32
 .group         0x0000000000000000        0xc core/idle.32
 .comment       0x0000000000000000       0x12 core/idle.32
 .comment       0x0000000000000000       0x12 core/idt.32
 .comment       0x0000000000000000       0x12 core/kheap.32
 .comment       0x0000000000000000       0x12 core/main.32
 .comment       0x0000000000000000       0x12 core/physmgr.32
 .group         0x0000000000000000        0xc core/pipe.32
 .comment       0x0000000000000000       0x12 core/pipe.32
 .group         0x0000000000000000        0xc core/terminal.32
 .comment       0x0000000000000000       0x12 core/terminal.32
 .comment       0x0000000000000000       0x12 core/tss.32
 .group         0x0000000000000000        0x8 core/unixfile.32
 .group         0x0000000000000000        0xc core/unixfile.32
 .group         0x0000000000000000        0xc core/unixfile.32
 .group         0x0000000000000000        0x8 core/unixfile.32
 .group         0x0000000000000000        0xc core/unixfile.32
 .group         0x0000000000000000        0x8 core/unixfile.32
 .group         0x0000000000000000        0xc core/unixfile.32
 .group         0x0000000000000000        0xc core/unixfile.32
 .comment       0x0000000000000000       0x12 core/unixfile.32
 .comment       0x0000000000000000       0x12 core/virtmgr.32
 .comment       0x0000000000000000       0x12 coreobjs/c++.32
 .comment       0x0000000000000000       0x12 dbg/kconsole.32
 .group         0x0000000000000000        0xc fs/vfs.32
 .group         0x0000000000000000        0xc fs/vfs.32
 .group         0x0000000000000000        0xc fs/vfs.32
 .comment       0x0000000000000000       0x12 fs/vfs.32
 .group         0x0000000000000000        0xc hal/bus.32
 .comment       0x0000000000000000       0x12 hal/bus.32
 .group         0x0000000000000000        0xc hal/buzzer.32
 .comment       0x0000000000000000       0x12 hal/buzzer.32
 .group         0x0000000000000000        0xc hal/clock.32
 .comment       0x0000000000000000       0x12 hal/clock.32
 .group         0x0000000000000000       0x14 hal/device.32
 .group         0x0000000000000000        0xc hal/device.32
 .group         0x0000000000000000        0xc hal/device.32
 .group         0x0000000000000000        0xc hal/device.32
 .group         0x0000000000000000        0xc hal/device.32
[...]
Memory Configuration

Name             Origin             Length             Attributes
*default*        0x0000000000000000 0xffffffffffffffff

Linker script and memory map

LOAD D:/Users/Alex/Desktop/Banana/kernel/boot.32
LOAD crti.32
LOAD /cygdrive/d/Users/Alex/Desktop/Toolchain/Output/bin/../lib/gcc/i386-banana/8.1.0/crtbegin.o
LOAD D:/Users/Alex/Desktop/Banana/kernel/morenasm.32
LOAD acpica/utclib.32
LOAD core/malloc.32
LOAD libk/string.32
LOAD fs/fat/diskio.32
LOAD fs/fat/ff.32
LOAD fs/fat/ffsystem.32
LOAD fs/fat/ffunicode.32
LOAD hal/libresample/samplerate.32
LOAD hal/libresample/src_linear.32
LOAD hal/libresample/src_sinc.32
LOAD hal/libresample/src_zoh.32
LOAD compat/inlines.32
LOAD core/computer.32
LOAD core/gdt.32
LOAD core/idle.32
LOAD core/idt.32
LOAD core/kheap.32
LOAD core/main.32
LOAD core/physmgr.32
LOAD core/pipe.32
LOAD core/terminal.32
LOAD core/tss.32
LOAD core/unixfile.32
LOAD core/virtmgr.32
LOAD coreobjs/c++.32
LOAD dbg/kconsole.32
LOAD fs/vfs.32
LOAD hal/bus.32
LOAD hal/buzzer.32
LOAD hal/clock.32
LOAD hal/device.32
LOAD hal/diskctrl.32
LOAD hal/diskphys.32
LOAD hal/fpu.32
LOAD hal/intctrl.32
LOAD hal/keybrd.32
LOAD hal/logidisk.32
LOAD hal/mouse.32
LOAD hal/partition.32
LOAD hal/serial.32
LOAD hal/timer.32
LOAD hal/vcache.32
LOAD hal/video.32
LOAD hw/acpi.32
LOAD hw/cpu.32
LOAD hw/ports.32
LOAD krnl/env.32
LOAD krnl/panic.32
LOAD net/ethernet.32
LOAD reg/registry.32
LOAD sys/sc_exit.32
LOAD sys/sc_getcwd.32
LOAD sys/sc_getpid.32
LOAD sys/sc_loaddll.32
LOAD sys/sc_read.32
LOAD sys/sc_sbrk.32
LOAD sys/sc_setcwd.32
LOAD sys/sc_write.32
LOAD sys/sc_yield.32
LOAD sys/syscalls.32
LOAD thr/elf.32
LOAD thr/prcssthr.32
LOAD vm86/vm8086.32
LOAD vm86/x87em.32
LOAD fs/fat/vfslink.32
LOAD fs/iso9660/vfslink.32
LOAD hal/sound/sndchannel.32
LOAD hal/sound/sndhw.32
LOAD hw/bus/isa.32
LOAD hw/bus/pci.32
LOAD hw/diskctrl/ide.32
LOAD hw/diskctrl/satabus.32
LOAD hw/diskphys/ata.32
LOAD hw/diskphys/atapi.32
LOAD hw/diskphys/sata.32
LOAD hw/fpu/avx.32
LOAD hw/fpu/mmx.32
LOAD hw/fpu/sse.32
LOAD hw/fpu/x87.32
LOAD hw/intctrl/apic.32
LOAD hw/intctrl/pic.32
LOAD hw/timer/apictimer.32
LOAD hw/timer/pit.32
LOAD hw/fpu/x86/avx.32
LOAD hw/fpu/x86/sse.32
LOAD hw/fpu/x86/x87.32
LOAD /cygdrive/d/Users/Alex/Desktop/Toolchain/Output/bin/../lib/gcc/i386-banana/8.1.0/crtend.o
LOAD crtn.32
LOAD /cygdrive/d/Users/Alex/Desktop/Toolchain/Output/bin/../lib/gcc/i386-banana/8.1.0/libkgcc.a
LOAD D:/Users/Alex/Desktop/Banana/kernel/libsoftfp.a
LOAD D:/Users/Alex/Desktop/Banana/kernel/libk/libm32.a
                0x00000000c0000000                . = 0xc0000000

.text           0x00000000c0000000    0x26f58
 *(.text)
 .text          0x00000000c0000000       0x41 D:/Users/Alex/Desktop/Banana/kernel/boot.32
                0x00000000c0000020                callGlobalConstructors
 .text          0x00000000c0000041        0x0 crti.32
 *fill*         0x00000000c0000041        0x3 
 .text          0x00000000c0000044      0x101 /cygdrive/d/Users/Alex/Desktop/Toolchain/Output/bin/../lib/gcc/i386-banana/8.1.0/crtbegin.o
 *fill*         0x00000000c0000145        0xb 
 .text          0x00000000c0000150      0x4a2 D:/Users/Alex/Desktop/Banana/kernel/morenasm.32
                0x00000000c0000150                prepareTramp
                0x00000000c0000169                voodooXADD
                0x00000000c0000234                doTPAUSE
                0x00000000c000023e                hasLegacyFPU
                0x00000000c0000263                is486
                0x00000000c0000299                detectCPUID
                0x00000000c00002af                goToVM86
                0x00000000c00002df                goToUsermode
                0x00000000c0000309                switchToThreadASMFirstTime
                0x00000000c0000317                switchToThreadASM
                0x00000000c000039f                asmQuickAcquireLock
                0x00000000c00003bd                asmQuickReleaseLock
                0x00000000c00003c9                asmAcquireLock
                0x00000000c00003ea                asmReleaseLock
                0x00000000c00003fd                loadGDT
                0x00000000c000041d                isr0
                0x00000000c000042d                isr1
                0x00000000c0000437                isr2
                0x00000000c0000441                isr3
                0x00000000c000044b                isr4
                0x00000000c0000455                isr5
                0x00000000c000045f                isr6
                0x00000000c0000469                isr7
                0x00000000c0000473                isr8
                0x00000000c000047b                isr9
                0x00000000c0000485                isr10
                0x00000000c000048d                isr11
                0x00000000c0000495                isr12
                0x00000000c000049d                isr13
                0x00000000c00004a5                isr14
                0x00000000c00004ad                isr15
                0x00000000c00004b7                isr16
                0x00000000c00004c1                isr17
                0x00000000c00004cb                isr18
                0x00000000c00004d5                irq3
                0x00000000c00004df                irq4
                0x00000000c00004e9                irq5
                0x00000000c00004f3                irq6
                0x00000000c00004fd                irq7
                0x00000000c0000507                irq8
                0x00000000c0000511                irq9
                0x00000000c000051b                irq10
                0x00000000c0000525                irq11
                0x00000000c000052f                irq12
                0x00000000c0000539                irq13
                0x00000000c0000543                irq14
                0x00000000c000054d                irq15
                0x00000000c0000557                irq1
                0x00000000c000055e                irq2
                0x00000000c0000565                isr96
                0x00000000c000056c                irq0
                0x00000000c0000571                syscall_common_stub
                0x00000000c0000571                int_common_stub
                0x00000000c00005a2                irq16
                0x00000000c00005ac                irq17
                0x00000000c00005b6                irq18
                0x00000000c00005c0                irq19
                0x00000000c00005ca                irq20
                0x00000000c00005d4                irq21
                0x00000000c00005de                irq22
                0x00000000c00005e8                irq23
 .text          0x00000000c00005f2      0x40f acpica/utclib.32
                0x00000000c00005f2                memcmp
                0x00000000c000061d                memmove
                0x00000000c0000655                memcpy
                0x00000000c000068b                memset
                0x00000000c00006a8                strlen
                0x00000000c00006b8                strpbrk
                0x00000000c00006db                strtok
                0x00000000c000072a                strcpy
                0x00000000c000074a                strncpy
                0x00000000c000077b                strcmp
                0x00000000c000079c                strchr
                0x00000000c00007b2                strncmp
                0x00000000c00007e1                strcat
                0x00000000c0000808                strncat
                0x00000000c0000842                strstr
                0x00000000c000087f                toupper
                0x00000000c0000893                tolower
                0x00000000c00008a7                simple_strtoul
 .text          0x00000000c0000a01      0xfbf core/malloc.32
                0x00000000c0000b6c                dlfree
                0x00000000c0000ec7                dlmalloc
                0x00000000c0001404                dlrealloc
                0x00000000c00015b9                dlmemalign
                0x00000000c00016dc                dlcalloc
                0x00000000c0001776                dlcfree
                0x00000000c000177b                dlindependent_calloc
                0x00000000c00017a0                dlindependent_comalloc
                0x00000000c00017b7                dlvalloc
                0x00000000c00017e2                dlpvalloc
                0x00000000c0001818                dlmalloc_trim
                0x00000000c0001825                dlmalloc_usable_size
                0x00000000c0001856                dlmallinfo
                0x00000000c0001925                dlmalloc_stats
                0x00000000c0001936                dlmallopt
 .text          0x00000000c00019c0        0x0 libk/string.32
 .text          0x00000000c00019c0       0x51 fs/fat/diskio.32
                0x00000000c00019c0                disk_status
                0x00000000c00019c3                disk_initialize
                0x00000000c00019c6                disk_read
                0x00000000c00019dc                disk_write
                0x00000000c00019f2                disk_ioctl
 .text          0x00000000c0001a11     0x6833 fs/fat/ff.32
                0x00000000c0004cdf                f_mount
                0x00000000c0004d41                f_open
                0x00000000c000517d                f_read
                0x00000000c00053fd                f_write
                0x00000000c00056b7                f_sync
                0x00000000c0005893                f_close
                0x00000000c00058c2                f_lseek
                0x00000000c0005d79                f_opendir
                0x00000000c0005e7b                f_closedir
                0x00000000c0005e9d                f_readdir
                0x00000000c0005f38                f_stat
                0x00000000c0005fc7                f_getfree
                0x00000000c0006192                f_truncate
                0x00000000c000628a                f_unlink
                0x00000000c000640d                f_mkdir
                0x00000000c0006639                f_rename
                0x00000000c000692c                f_chmod
                0x00000000c0006a0a                f_utime
                0x00000000c0006ae8                f_getlabel
                0x00000000c0006cd6                f_setlabel
                0x00000000c0006f43                f_forward
                0x00000000c0007121                f_mkfs
 .text          0x00000000c0008244       0x2d fs/fat/ffsystem.32
                0x00000000c0008244                ff_memalloc
                0x00000000c000825a                ff_memfree
 .text          0x00000000c0008271      0x253 fs/fat/ffunicode.32
                0x00000000c0008271                ff_uni2oem
                0x00000000c0008301                ff_oem2uni
                0x00000000c000836d                ff_wtoupper
 .text          0x00000000c00084c4      0x8fb hal/libresample/samplerate.32
                0x00000000c0008508                src_delete
                0x00000000c0008544                src_process
                0x00000000c00086fa                src_callback_read
                0x00000000c0008877                src_set_ratio
                0x00000000c00088e1                src_get_channels
                0x00000000c0008903                src_reset
                0x00000000c000894f                src_new
                0x00000000c00089dd                src_callback_new
                0x00000000c0008a3f                src_get_name
                0x00000000c0008a76                src_get_description
                0x00000000c0008aad                src_get_version
                0x00000000c0008ab3                src_is_valid_ratio
                0x00000000c0008b07                src_error
                0x00000000c0008b15                src_strerror
                0x00000000c0008b28                src_simple
                0x00000000c0008b7b                src_short_to_float_array
                0x00000000c0008be0                src_float_to_short_array
                0x00000000c0008c9f                src_int_to_float_array
                0x00000000c0008d02                src_float_to_int_array
 .text          0x00000000c0008dbf      0x8cb hal/libresample/src_linear.32
                0x00000000c00095e5                linear_get_name
                0x00000000c00095f4                linear_get_description
                0x00000000c0009603                linear_set_converter
 .text          0x00000000c000968a     0x447c hal/libresample/src_sinc.32
                0x00000000c000da1d                sinc_get_name
                0x00000000c000da30                sinc_get_description
                0x00000000c000da43                sinc_set_converter
 .text          0x00000000c000db06      0x77c hal/libresample/src_zoh.32
                0x00000000c000e1dd                zoh_get_name
                0x00000000c000e1ec                zoh_get_description
                0x00000000c000e1fb                zoh_set_converter
 .text          0x00000000c000e282       0x23 compat/inlines.32
                0x00000000c000e282                CPU::current()
                0x00000000c000e28f                operator new(unsigned long)
 *fill*         0x00000000c000e2a5        0x1 
 .text          0x00000000c000e2a6      0xa0b core/computer.32
                0x00000000c000e2a6                Computer::close(int, int, void*)
                0x00000000c000e2ea                Computer::Computer()
                0x00000000c000e2ea                Computer::Computer()
                0x00000000c000e446                Computer::setBootMessage(char const*)
                0x00000000c000e448                Computer::start()
                0x00000000c000e51e                firstTask()
                0x00000000c000e52c                Computer::detectFeatures()
                0x00000000c000e736                Computer::displayFeatures()
                0x00000000c000ea7c                Computer::rdmsr(unsigned int)
                0x00000000c000eaa8                Computer::wrmsr(unsigned int, unsigned long long)
                0x00000000c000eae0                Computer::nmiEnabled()
                0x00000000c000eaec                Computer::readCMOS(unsigned char)
                0x00000000c000eb06                Computer::enableNMI(bool)
                0x00000000c000eb1e                Computer::open(int, int, void*)
                0x00000000c000ebf4                Computer::disableNMI()
                0x00000000c000ec02                Computer::writeCMOS(unsigned char, unsigned char)
                0x00000000c000ec20                Computer::handleNMI()
                0x00000000c000ec86                Computer::setDiskActivityLight(int, bool)
 *fill*         0x00000000c000ecb1        0x1 
 .text          0x00000000c000ecb2      0x1b7 core/gdt.32
                0x00000000c000ecb2                GDTEntry::setBase(unsigned int)
                0x00000000c000ecce                GDTEntry::setLimit(unsigned int)
                0x00000000c000ecec                GDT::GDT()
                0x00000000c000ecec                GDT::GDT()
                0x00000000c000ed02                GDT::addEntry(GDTEntry)
                0x00000000c000ed3e                GDT::getNumberOfEntries()
                0x00000000c000ed46                GDT::flush()
                0x00000000c000ed68                GDT::setup()
 .text          0x00000000c000ee69       0x62 core/idle.32
                0x00000000c000ee69                idleFunction(void*)
 *fill*         0x00000000c000eecb        0x1 
 .text          0x00000000c000eecc      0x45f core/idt.32
                0x00000000c000eecc                IDTEntry::IDTEntry(bool)
                0x00000000c000eecc                IDTEntry::IDTEntry(bool)
                0x00000000c000ef3a                IDTEntry::setOffset(unsigned int)
                0x00000000c000ef4e                IDT::IDT()
                0x00000000c000ef4e                IDT::IDT()
                0x00000000c000ef50                IDT::getPointerToInvalidOpcodeEntryForF00F()
                0x00000000c000ef58                IDT::addEntry(IDTEntry, int)
                0x00000000c000ef72                IDT::addEntry(int, void (*)(), bool)
                0x00000000c000efaa                IDT::flush()
                0x00000000c000efc4                IDT::setup()
 .text          0x00000000c000f32b      0x203 core/kheap.32
                0x00000000c000f32b                sbrk
                0x00000000c000f439                mmap
                0x00000000c000f44f                munmap
                0x00000000c000f465                liballoc_lock()
                0x00000000c000f476                liballoc_unlock()
                0x00000000c000f487                liballoc_alloc(int)
                0x00000000c000f4a2                liballoc_free(void*, int)
                0x00000000c000f4c0                realloc
                0x00000000c000f4d4                malloc
                0x00000000c000f4e4                free
                0x00000000c000f4f4                rfree
                0x00000000c000f504                calloc
 .text          0x00000000c000f52e      0x2bb core/main.32
                0x00000000c000f52e                hwTextMode_loadInData(VgaText*)
                0x00000000c000f579                hwTextMode_loadInTitle(VgaText*, char*)
                0x00000000c000f5c0                hwTextMode_scrollScreen(VgaText*)
                0x00000000c000f64c                hwTextMode_writeCharacter(VgaText*, char, VgaColour, VgaColour, int, int)
                0x00000000c000f6ac                hwTextMode_showCursor(VgaText*, bool)
                0x00000000c000f700                hwTextMode_update(VgaText*)
                0x00000000c000f701                hwTextMode_updateCursor(VgaText*)
                0x00000000c000f749                hwTextMode_disableBlink(VgaText*, bool)
                0x00000000c000f785                setupTextMode()
                0x00000000c000f7dc                kernel_main
 .text          0x00000000c000f7e9      0x54d core/physmgr.32
                0x00000000c000f7e9                Phys::allocateDMA(unsigned long)
                0x00000000c000f88c                Phys::freeDMA(unsigned long, unsigned long)
                0x00000000c000f8d4                Phys::setPageState(unsigned long, bool)
                0x00000000c000f906                Phys::getPageState(unsigned long)
                0x00000000c000f922                Phys::freePage(unsigned long)
                0x00000000c000f9ac                Phys::allocatePage()
                0x00000000c000fa74                Phys::allocateContiguousPages(int)
                0x00000000c000face                Phys::allowSegmentToBeUsed(unsigned long, unsigned long)
                0x00000000c000fb06                Phys::physicalMemorySetup(unsigned int)
 .text          0x00000000c000fd36      0x273 core/pipe.32
                0x00000000c000fd36                Pipe::isAtty()
                0x00000000c000fd3a                Pipe::~Pipe()
                0x00000000c000fd3a                Pipe::~Pipe()
                0x00000000c000fd5e                Pipe::~Pipe()
                0x00000000c000fd86                Pipe::read(unsigned long long, void*, int*)
                0x00000000c000fe7a                Pipe::write(unsigned long long, void*, int*)
                0x00000000c000ff42                Pipe::Pipe(int)
                0x00000000c000ff42                Pipe::Pipe(int)
 *fill*         0x00000000c000ffa9        0x1 
 .text          0x00000000c000ffaa     0x101b core/terminal.32
                0x00000000c000ffaa                VgaText::isAtty()
                0x00000000c000ffae                VgaText::~VgaText()
                0x00000000c000ffae                VgaText::~VgaText()
                0x00000000c000ffd2                VgaText::~VgaText()
                0x00000000c000fffc                VgaText::read(unsigned long long, void*, int*)
                0x00000000c001001c                setTerminalScrollLock(bool)
                0x00000000c001001d                addToTerminalCycle(VgaText*)
                0x00000000c001004a                installVgaTextImplementation()
                0x00000000c001005f                scrollTerminalScrollLock(int)
                0x00000000c0010060                VgaText::load()
                0x00000000c00100b4                VgaText::updateCursor()
                0x00000000c00100ce                VgaText::showCursor(bool)
                0x00000000c00100de                VgaText::disableBlink(bool)
                0x00000000c0010118                VgaText::doANSI_SGR(int)
                0x00000000c00101a4                VgaText::setDefaultBgColour(VgaColour)
                0x00000000c00101ba                VgaText::setDefaultFgColour(VgaColour)
                0x00000000c00101d0                VgaText::setDefaultColours(VgaColour, VgaColour)
                0x00000000c00101f0                VgaText::combineColours(unsigned char, unsigned char)
                0x00000000c001020e                VgaText::scrollScreen()
                0x00000000c00102aa                VgaText::combineCharAndColour(char, unsigned char)
                0x00000000c00102bc                VgaText::writeCharacter(char, VgaColour, VgaColour, int, int)
                0x00000000c001031c                VgaText::getCursorX()
                0x00000000c0010328                VgaText::getCursorY()
                0x00000000c0010334                VgaText::setCursor(int, int)
                0x00000000c0010352                VgaText::setCursorX(int)
                0x00000000c001036e                VgaText::setCursorY(int)
                0x00000000c001038a                VgaText::incrementCursor(bool)
                0x00000000c00103f2                VgaText::updateRAMUsageDisplay(int)
                0x00000000c0010472                VgaText::updateDiskUsage()
                0x00000000c0010654                VgaText::updateTitle()
                0x00000000c001069a                VgaText::setTitleTextColour(VgaColour)
                0x00000000c00106aa                VgaText::setTitleColour(VgaColour)
                0x00000000c00106ba                VgaText::setTitle(char*)
                0x00000000c00106e0                VgaText::decrementCursor(bool)
                0x00000000c0010708                VgaText::putchar(char, VgaColour, VgaColour)
                0x00000000c0010804                VgaText::isShowingCursor()
                0x00000000c0010810                VgaText::isBlinkDisabled()
                0x00000000c001081e                VgaText::setCursorHeight(int)
                0x00000000c001083c                VgaText::getCursorHeight()
                0x00000000c0010847                setActiveTerminal(VgaText*)
                0x00000000c00108f9                doTerminalCycle()
                0x00000000c0010916                VgaText::doUpdate()
                0x00000000c0010928                VgaText::puts(char const*, VgaColour, VgaColour)
                0x00000000c0010ae8                VgaText::clearScreen()
                0x00000000c0010b4c                VgaText::putchar(char)
                0x00000000c0010c66                VgaText::puts(char const*)
                0x00000000c0010c8c                VgaText::putx(unsigned int)
                0x00000000c0010cd2                VgaText::VgaText(char const*)
                0x00000000c0010cd2                VgaText::VgaText(char const*)
                0x00000000c0010e64                VgaText::receiveKey(unsigned char)
                0x00000000c0010f4c                VgaText::write(unsigned long long, void*, int*)
                0x00000000c0010fa0                newTerminal(char*)
 *fill*         0x00000000c0010fc5        0x1 
 .text          0x00000000c0010fc6      0x1b3 core/tss.32
                0x00000000c0010fc6                TSS::TSS()
                0x00000000c0010fc6                TSS::TSS()
                0x00000000c0010fd4                TSS::setESP(unsigned long)
                0x00000000c0010fe6                TSS::flush()
                0x00000000c0011006                TSS::setup(unsigned long, unsigned long)
 *fill*         0x00000000c0011179        0x1 
 .text          0x00000000c001117a      0x4c2 core/unixfile.32
                0x00000000c001117a                ReservedFilename::read(unsigned long long, void*, int*)
                0x00000000c00111d0                ReservedFilename::isAtty()
                0x00000000c00111ec                ReservedFilename::write(unsigned long long, void*, int*)
                0x00000000c001124a                UnixFile::getFileDescriptor()
                0x00000000c0011252                UnixFile::UnixFile(int)
                0x00000000c0011252                UnixFile::UnixFile(int)
                0x00000000c0011402                ReservedFilename::ReservedFilename(int)
                0x00000000c0011402                ReservedFilename::ReservedFilename(int)
                0x00000000c0011434                UnixFile::~UnixFile()
                0x00000000c0011434                UnixFile::~UnixFile()
                0x00000000c00114cc                UnixFile::~UnixFile()
                0x00000000c00114f4                ReservedFilename::~ReservedFilename()
                0x00000000c00114f4                ReservedFilename::~ReservedFilename()
                0x00000000c0011518                ReservedFilename::~ReservedFilename()
                0x00000000c001153f                getFromFileDescriptor(int)
 .text          0x00000000c001163c      0xee3 core/virtmgr.32
                0x00000000c001163c                Virt::setPageState(unsigned long, Virt::VirtPageState)
                0x00000000c0011671                Virt::getPageState(unsigned long)
                0x00000000c0011695                Virt::allocateKernelVirtualPages(int)
                0x00000000c00117a6                Virt::virtualMemorySetup()
                0x00000000c0011825                Virt::getAKernelVAS()
                0x00000000c001182b                Virt::setupPageSwapping(int)
                0x00000000c001195a                VAS::VAS()
                0x00000000c001195a                VAS::VAS()
                0x00000000c001198a                VAS::VAS(VAS*)
                0x00000000c001198a                VAS::VAS(VAS*)
                0x00000000c00119ae                VAS::getForeignPageTableEntry(bool, unsigned long)
                0x00000000c00119da                VAS::getPageTableEntry(unsigned long)
                0x00000000c00119f9                Virt::freeKernelVirtualPages(unsigned long)
                0x00000000c0011b1c                VAS::freeAllocatedPages(unsigned long)
                0x00000000c0011b40                VAS::virtualToPhysical(unsigned long)
                0x00000000c0011b58                VAS::reflagRange(unsigned long, int, int, int)
                0x00000000c0011b98                VAS::setToWriteCombining(unsigned long, int)
                0x00000000c0011bca                VAS::mapOtherVASIn(bool, VAS*)
                0x00000000c0011bf4                VAS::~VAS()
                0x00000000c0011bf4                VAS::~VAS()
                0x00000000c0011d60                VAS::mapPage(unsigned long, unsigned long, int)
                0x00000000c0011e60                VAS::allocatePages(int, int)
                0x00000000c0012038                VAS::setCPUSpecific(unsigned long)
                0x00000000c0012054                VAS::mapRange(unsigned long, unsigned long, int, int)
                0x00000000c001211a                VAS::mapForeignPage(bool, VAS*, unsigned long, unsigned long, int)
                0x00000000c0012208                VAS::VAS(bool)
                0x00000000c0012208                VAS::VAS(bool)
                0x00000000c0012463                mapVASFirstTime
 .text          0x00000000c001251f       0x95 coreobjs/c++.32
                0x00000000c001251f                __cxa_atexit
                0x00000000c0012522                __cxa_finalize
                0x00000000c0012523                __stack_chk_fail
                0x00000000c001258f                __cxa_pure_virtual
                0x00000000c00125a0                operator new[](unsigned long)
                0x00000000c00125a5                operator delete(void*, unsigned long)
                0x00000000c00125aa                operator delete[](void*)
                0x00000000c00125af                operator delete[](void*, unsigned long)
 .text          0x00000000c00125b4      0x1ef dbg/kconsole.32
                0x00000000c00125b4                Dbg::stringifyxWithBase(unsigned int, char*, int)
                0x00000000c0012615                Dbg::logc(char)
                0x00000000c001262c                Dbg::logs(char*)
                0x00000000c0012649                Dbg::logWriteInt(unsigned int)
                0x00000000c0012666                Dbg::logWriteIntBase(unsigned int, int)
                0x00000000c0012685                Dbg::kprintf(char const*, ...)
 *fill*         0x00000000c00127a3        0x1 
 .text          0x00000000c00127a4      0xb7c fs/vfs.32
                0x00000000c00127a4                File::read(unsigned long long, void*, int*)
                0x00000000c00127fc                File::write(unsigned long long, void*, int*)
                0x00000000c0012854                Directory::read(unsigned long long, void*, int*)
                0x00000000c00128ac                Directory::write(unsigned long long, void*, int*)
                0x00000000c00128da                File::isAtty()
                0x00000000c00128de                Directory::isAtty()
                0x00000000c00128e2                Filesystem::getlabel(LogicalDisk*, int, char*, unsigned int*)
                0x00000000c00128e8                Filesystem::setlabel(LogicalDisk*, int, char*)
                0x00000000c00128ee                File::~File()
                0x00000000c00128ee                File::~File()
                0x00000000c0012912                File::~File()
                0x00000000c001293c                Directory::~Directory()
                0x00000000c001293c                Directory::~Directory()
                0x00000000c0012960                Directory::~Directory()
                0x00000000c001298a                Filesystem::Filesystem()
                0x00000000c001298a                Filesystem::Filesystem()
                0x00000000c00129ae                Filesystem::~Filesystem()
                0x00000000c00129ae                Filesystem::~Filesystem()
                0x00000000c00129bc                Filesystem::~Filesystem()
                0x00000000c00129e0                initVFS()
                0x00000000c0012a0a                standardiseFiles(char*, char const*, char const*)
                0x00000000c0012bb4                File::File(char const*, Process*)
                0x00000000c0012bb4                File::File(char const*, Process*)
                0x00000000c0012c18                File::open(FileOpenMode)
                0x00000000c0012c76                File::close()
                0x00000000c0012cd6                File::seek(unsigned long long)
                0x00000000c0012d2c                File::tell(unsigned long long*)
                0x00000000c0012d7c                File::rewind()
                0x00000000c0012d90                File::unlink()
                0x00000000c0012ddc                File::rename(char const*)
                0x00000000c0012e2a                File::chfatattr(unsigned char, unsigned char)
                0x00000000c0012e86                File::exists()
                0x00000000c0012ec4                File::stat(unsigned long long*, bool*)
                0x00000000c0012f25                getcwd(Process*, char*, int)
                0x00000000c0012f4f                setcwd(Process*, char*)
                0x00000000c001308a                Directory::Directory(char const*, Process*)
                0x00000000c001308a                Directory::Directory(char const*, Process*)
                0x00000000c00130ee                Directory::open()
                0x00000000c001314a                Directory::close()
                0x00000000c00131aa                Directory::unlink()
                0x00000000c00131f6                Directory::rename(char const*)
                0x00000000c0013244                Directory::exists()
                0x00000000c0013282                Directory::read(dirent*)
                0x00000000c00132ce                Directory::create()
                0x00000000c001331a                Filesystem::chfatattr(char const*, unsigned char, unsigned char)
 .text          0x00000000c0013320       0x84 hal/bus.32
                0x00000000c0013320                Bus::Bus(char const*)
                0x00000000c0013320                Bus::Bus(char const*)
                0x00000000c0013356                Bus::~Bus()
                0x00000000c0013356                Bus::~Bus()
                0x00000000c001337a                Bus::~Bus()
 .text          0x00000000c00133a4      0x14e hal/buzzer.32
                0x00000000c00133a4                Buzzer::Buzzer(char const*)
                0x00000000c00133a4                Buzzer::Buzzer(char const*)
                0x00000000c00133e8                Buzzer::~Buzzer()
                0x00000000c00133e8                Buzzer::~Buzzer()
                0x00000000c001340c                Buzzer::~Buzzer()
                0x00000000c0013436                Buzzer::stop()
                0x00000000c0013449                beepThread(void*)
                0x00000000c0013484                Buzzer::beep(int, int, bool)
 .text          0x00000000c00134f2      0x42f hal/clock.32
                0x00000000c00134f2                loadClockSettings()
                0x00000000c001350c                Clock::Clock(char const*)
                0x00000000c001350c                Clock::Clock(char const*)
                0x00000000c0013542                Clock::~Clock()
                0x00000000c0013542                Clock::~Clock()
                0x00000000c0013566                Clock::~Clock()
                0x00000000c0013590                Clock::timeInSecondsLocal()
                0x00000000c00135d8                Clock::setTimeInSecondsLocal(unsigned long long)
                0x00000000c0013631                datetimeToSeconds(datetime_t)
                0x00000000c0013758                Clock::setTimeInDatetimeLocal(datetime_t)
                0x00000000c00137b8                secondsToDatetime(unsigned long long)
                0x00000000c00138fc                Clock::timeInDatetimeLocal()
 *fill*         0x00000000c0013921        0x1 
 .text          0x00000000c0013922      0x4de hal/device.32
                0x00000000c0013922                Device::hibernate()
                0x00000000c0013924                Device::wake()
                0x00000000c0013926                Device::detect()
                0x00000000c0013928                Device::disableLegacy()
                0x00000000c001392a                Device::powerSaving(PowerSavingLevel)
                0x00000000c001392c                DriverlessDevice::close(int, int, void*)
                0x00000000c0013930                DriverlessDevice::detect()
                0x00000000c0013932                DriverlessDevice::open(int, int, void*)
                0x00000000c0013946                Device::~Device()
                0x00000000c0013946                Device::~Device()
                0x00000000c0013954                Device::~Device()
                0x00000000c001397c                Device::findAndLoadDriver()
                0x00000000c001397e                Device::preOpenPCI(PCIDeviceInfo)
                0x00000000c00139a4                Device::preOpenACPI(void*, char*, char*)
                0x00000000c00139f8                Device::addIRQHandler(int, void (*)(regs*, void*), bool, void*)
                0x00000000c0013a36                Device::removeIRQHandler(int, void (*)(regs*, void*), bool)
                0x00000000c0013a74                Device::addChild(Device*)
                0x00000000c0013ab8                Device::removeAllChildren()
                0x00000000c0013afe                Device::hibernateAll()
                0x00000000c0013b2e                Device::wakeAll()
                0x00000000c0013b5e                Device::detectAll()
                0x00000000c0013b8e                Device::disableLegacyAll()
                0x00000000c0013bbe                Device::loadDriversForAll()
                0x00000000c0013bea                Device::closeAll()
                0x00000000c0013c20                Device::powerSavingAll(PowerSavingLevel)
                0x00000000c0013c56                Device::setName(char const*)
                0x00000000c0013c64                Device::Device(char const*)
                0x00000000c0013c64                Device::Device(char const*)
                0x00000000c0013d60                Device::getName()
                0x00000000c0013d6a                DriverlessDevice::DriverlessDevice(char const*)
                0x00000000c0013d6a                DriverlessDevice::DriverlessDevice(char const*)
                0x00000000c0013d92                Device::addToLinkedList(LinkedList<Device>&, DeviceType)
                0x00000000c0013dd6                getDevicesOfType(DeviceType)
 .text          0x00000000c0013e00       0x84 hal/diskctrl.32
                0x00000000c0013e00                HardDiskController::HardDiskController(char const*)
                0x00000000c0013e00                HardDiskController::HardDiskController(char const*)
                0x00000000c0013e36                HardDiskController::~HardDiskController()
                0x00000000c0013e36                HardDiskController::~HardDiskController()
                0x00000000c0013e5a                HardDiskController::~HardDiskController()
 .text          0x00000000c0013e84       0xde hal/diskphys.32
                0x00000000c0013e84                PhysicalDisk::PhysicalDisk(char const*, int)
                0x00000000c0013e84                PhysicalDisk::PhysicalDisk(char const*, int)
                0x00000000c0013eec                PhysicalDisk::startCache()
                0x00000000c0013f14                PhysicalDisk::~PhysicalDisk()
                0x00000000c0013f14                PhysicalDisk::~PhysicalDisk()
                0x00000000c0013f38                PhysicalDisk::~PhysicalDisk()
 .text          0x00000000c0013f62      0x13b hal/fpu.32
                0x00000000c0013f62                FPU::FPU(char const*)
                0x00000000c0013f62                FPU::FPU(char const*)
                0x00000000c0013f98                FPU::~FPU()
                0x00000000c0013f98                FPU::~FPU()
                0x00000000c0013fbc                FPU::~FPU()
                0x00000000c0013fe6                setupFPU()
 *fill*         0x00000000c001409d        0x1 
 .text          0x00000000c001409e     0x12b1 hal/intctrl.32
                0x00000000c001409e                InterruptController::uninstallISRHandler(int, void (*)(regs*, void*))
                0x00000000c00140d6                InterruptController::installISRHandler(int, void (*)(regs*, void*), void*)
                0x00000000c0014128                doubleFault(regs*, void*)
                0x00000000c0014142                InterruptController::installIRQHandler(int, void (*)(regs*, void*), bool, void*)
                0x00000000c00141de                InterruptController::clearAllHandlers(int, bool)
                0x00000000c0014286                InterruptController::uninstallIRQHandler(int, void (*)(regs*, void*), bool)
                0x00000000c001430d                nmiHandler(regs*, void*)
                0x00000000c001431b                int_handler
                0x00000000c00143bc                InterruptController::InterruptController(char const*)
                0x00000000c00143bc                InterruptController::InterruptController(char const*)
                0x00000000c0014462                InterruptController::~InterruptController()
                0x00000000c0014462                InterruptController::~InterruptController()
                0x00000000c0014486                InterruptController::~InterruptController()
                0x00000000c00144b0                displayDebugInfo(regs*)
                0x00000000c00148b5                x87EmulHandler(regs*, void*)
                0x00000000c00148e4                gpFault(regs*, void*)
                0x00000000c001491d                pgFault(regs*, void*)
                0x00000000c0014934                otherISRHandler(regs*, void*)
                0x00000000c0014953                opcodeFault(regs*, void*)
                0x00000000c0014f12                displayProgramFault(char const*)
                0x00000000c0014f3a                setupInterruptController()
                0x00000000c0015302                InterruptController::convertLegacyIRQNumber(int)
 *fill*         0x00000000c001534f        0x1 
 .text          0x00000000c0015350      0x69a hal/keybrd.32
                0x00000000c0015350                startGUI(void*)
                0x00000000c00153ac                startGUIVESA(void*)
                0x00000000c0015408                sendKeyToTerminal(unsigned char)
                0x00000000c0015474                sendKeyboardToken(KeyboardToken)
                0x00000000c0015884                clearInternalKeybuffer(VgaText*)
                0x00000000c00158b9                readKeyboard(VgaText*, char*, unsigned long)
                0x00000000c0015960                Keyboard::Keyboard(char const*)
                0x00000000c0015960                Keyboard::Keyboard(char const*)
                0x00000000c001599c                Keyboard::~Keyboard()
                0x00000000c001599c                Keyboard::~Keyboard()
                0x00000000c00159c0                Keyboard::~Keyboard()
 .text          0x00000000c00159ea      0x400 hal/logidisk.32
                0x00000000c00159ea                LogicalDisk::close(int, int, void*)
                0x00000000c00159ee                LogicalDisk::~LogicalDisk()
                0x00000000c00159ee                LogicalDisk::~LogicalDisk()
                0x00000000c0015a12                LogicalDisk::~LogicalDisk()
                0x00000000c0015a3c                LogicalDisk::open(int, int, void*)
                0x00000000c0015a50                LogicalDisk::absoluteToRelative(unsigned long long)
                0x00000000c0015a88                LogicalDisk::relativeToAbsolute(unsigned long long)
                0x00000000c0015ace                LogicalDisk::LogicalDisk(char const*, PhysicalDisk*, unsigned long long, unsigned long long)
                0x00000000c0015ace                LogicalDisk::LogicalDisk(char const*, PhysicalDisk*, unsigned long long, unsigned long long)
                0x00000000c0015b84                LogicalDisk::assignDriveLetter()
                0x00000000c0015c3a                LogicalDisk::mount()
                0x00000000c0015cac                LogicalDisk::unmount()
                0x00000000c0015cbc                LogicalDisk::unassignDriveLetter()
                0x00000000c0015d12                LogicalDisk::read(unsigned long long, int, void*)
                0x00000000c0015d7e                LogicalDisk::write(unsigned long long, int, void*)
 .text          0x00000000c0015dea       0x84 hal/mouse.32
                0x00000000c0015dea                Mouse::Mouse(char const*)
                0x00000000c0015dea                Mouse::Mouse(char const*)
                0x00000000c0015e20                Mouse::~Mouse()
                0x00000000c0015e20                Mouse::~Mouse()
                0x00000000c0015e44                Mouse::~Mouse()
 .text          0x00000000c0015e6e      0x339 hal/partition.32
                0x00000000c0015e6e                makePartition(PhysicalDisk*, unsigned long long, unsigned long long)
                0x00000000c0015f16                createPartitionsForDisk(PhysicalDisk*)
 *fill*         0x00000000c00161a7        0x1 
 .text          0x00000000c00161a8       0x84 hal/serial.32
                0x00000000c00161a8                Serial::Serial(char const*)
                0x00000000c00161a8                Serial::Serial(char const*)
                0x00000000c00161de                Serial::~Serial()
                0x00000000c00161de                Serial::~Serial()
                0x00000000c0016202                Serial::~Serial()
 .text          0x00000000c001622c      0x2b8 hal/timer.32
                0x00000000c001622c                Timer::Timer(char const*)
                0x00000000c001622c                Timer::Timer(char const*)
                0x00000000c0016262                Timer::~Timer()
                0x00000000c0016262                Timer::~Timer()
                0x00000000c0016286                Timer::~Timer()
                0x00000000c00162b0                Timer::read()
                0x00000000c00162bb                timerHandler(unsigned long long)
                0x00000000c00163f2                setupTimer(int)
 .text          0x00000000c00164e4      0x2db hal/vcache.32
                0x00000000c00164e4                VCache::VCache(PhysicalDisk*)
                0x00000000c00164e4                VCache::VCache(PhysicalDisk*)
                0x00000000c00165de                VCache::writeWriteBuffer()
                0x00000000c001661a                VCache::~VCache()
                0x00000000c001661a                VCache::~VCache()
                0x00000000c001665a                VCache::~VCache()
                0x00000000c0016682                VCache::write(unsigned long long, int, void*)
                0x00000000c0016766                VCache::read(unsigned long long, int, void*)
 *fill*         0x00000000c00167bf        0x1 
 .text          0x00000000c00167c0      0x4cd hal/video.32
                0x00000000c00167c0                Video::putrect(int, int, int, int, unsigned int)
                0x00000000c001680c                Video::bitblit(int, int, int, int, int, int, int, unsigned int*)
                0x00000000c001687c                Video::blit(unsigned int*, int, int, int, int)
                0x00000000c00168fa                Video::clearScreen(unsigned int)
                0x00000000c001692e                Video::putpixel(int, int, unsigned int)
                0x00000000c001693c                Video::Video(char const*)
                0x00000000c001693c                Video::Video(char const*)
                0x00000000c0016972                Video::~Video()
                0x00000000c0016972                Video::~Video()
                0x00000000c0016996                Video::~Video()
                0x00000000c00169c0                Video::isMonochrome()
                0x00000000c00169cc                Video::getWidth()
                0x00000000c00169d8                Video::getHeight()
                0x00000000c00169e4                Video::drawCursor(int, int, unsigned char*, int)
                0x00000000c0016aa0                Video::tgaParse(unsigned char*, int, int*, int*)
                0x00000000c0016c22                Video::putTGA(int, int, unsigned char*, int)
 *fill*         0x00000000c0016c8d        0x1 
 .text          0x00000000c0016c8e      0xe28 hw/acpi.32
                0x00000000c0016c8e                ACPI::close(int, int, void*)
                0x00000000c0016d43                findRSDP()
                0x00000000c0016dcd                loadACPITables(unsigned char*)
                0x00000000c0016ff4                findRSDT(unsigned char*)
                0x00000000c0017112                findDataTable(unsigned char*, char*)
                0x00000000c00171ae                scanMADT()
                0x00000000c0017634                ACPI::ACPI()
                0x00000000c0017634                ACPI::ACPI()
                0x00000000c0017694                ACPI::getPCIIRQAssignment(unsigned char, unsigned short, unsigned char)
                0x00000000c0017776                ACPI::registerPCIIRQAssignment(void*, unsigned short, unsigned char, unsigned char)
                0x00000000c001787c                ACPI::setScreenBrightnessLevel(void*, int)
                0x00000000c0017882                ACPI::writeSimpleBootFlag(SimpleBootFlagTable*)
                0x00000000c00178ca                ACPI::open(int, int, void*)
                0x00000000c0017a9e                ACPI::sleep()
 .text          0x00000000c0017ab6     0x1715 hw/cpu.32
                0x00000000c0017ab6                CPU::close(int, int, void*)
                0x00000000c0017aba                CPU::lookupAMDName(unsigned char, unsigned char)
                0x00000000c0017c4e                CPU::lookupIntelName(unsigned char, unsigned char)
                0x00000000c0017efc                CPU::AMD_K6_write_msr(unsigned int, unsigned int, unsigned int, CPU::REGS*)
                0x00000000c0017f18                CPU::AMD_K6_read_msr(unsigned int, CPU::REGS*)
                0x00000000c0017f30                CPU::AMD_K6_writeback(int, int, int)
                0x00000000c0017fa4                CPU::cpuid(int, unsigned long*, unsigned long*, unsigned long*, unsigned long*)
                0x00000000c0018028                CPU::cpuidCheckEDX(unsigned int)
                0x00000000c0018056                CPU::cpuidCheckECX(unsigned int)
                0x00000000c0018084                CPU::cpuidCheckExtendedEBX(unsigned int)
                0x00000000c00180b2                CPU::cpuidCheckExtendedECX(unsigned int)
                0x00000000c00180e0                CPU::CPU()
                0x00000000c00180e0                CPU::CPU()
                0x00000000c001816e                CPU::displayFeatures()
                0x00000000c00183ea                CPU::detectFeatures()
                0x00000000c0018dda                CPU::setupSMEP()
                0x00000000c0018de6                CPU::setupUMIP()
                0x00000000c0018df0                CPU::setupTSC()
                0x00000000c0018dfa                CPU::setupLargePages()
                0x00000000c0018e04                CPU::setupPAT()
                0x00000000c0018e40                CPU::setupMTRR()
                0x00000000c0018e42                CPU::setupGlobalPages()
                0x00000000c0018e4c                CPU::allowUsermodeDataAccess()
                0x00000000c0018e5e                CPU::prohibitUsermodeDataAccess()
                0x00000000c0018e70                CPU::setupSMAP()
                0x00000000c0018e7e                CPU::setupFeatures()
                0x00000000c0018efe                CPU::open(int, int, void*)
                0x00000000c0018fd0                CPU::decodeAddress(regs*, int*, bool*, unsigned char*)
 .text          0x00000000c00191cb        0x0 hw/ports.32
 *fill*         0x00000000c00191cb        0x1 
 .text          0x00000000c00191cc      0x5d3 krnl/env.32
                0x00000000c00191cc                EnvVarContainer::getEnv(char const*)
                0x00000000c001920a                EnvVarContainer::setEnv(char const*, char const*)
                0x00000000c00192d6                EnvVarContainer::deleteEnv(char const*)
                0x00000000c00192d8                EnvVarContainer::loadFrom(char const*, char const*)
                0x00000000c00194ce                EnvVarContainer::__loadSystem()
                0x00000000c00194e8                EnvVarContainer::__loadUser()
                0x00000000c00194ea                EnvVarContainer::EnvVarContainer(Process*)
                0x00000000c00194ea                EnvVarContainer::EnvVarContainer(Process*)
                0x00000000c001950c                EnvVarContainer::~EnvVarContainer()
                0x00000000c001950c                EnvVarContainer::~EnvVarContainer()
                0x00000000c001953c                Krnl::getEnv(Process*, char const*)
                0x00000000c00195a1                Krnl::setEnvSystem(char const*, char const*)
                0x00000000c00195bb                Krnl::setEnvUser(char const*, char const*)
                0x00000000c00195da                Krnl::setEnvProcess(Process*, char const*, char const*)
                0x00000000c00195ed                Krnl::deleteEnvSystem(char const*)
                0x00000000c00195ee                Krnl::deleteEnvUser(char const*)
                0x00000000c00195ef                Krnl::deleteEnvProcess(Process*, char const*)
                0x00000000c00195f0                Krnl::newProcessEnv(Process*)
                0x00000000c0019612                Krnl::copyProcessEnv(Process*, Process*)
                0x00000000c0019666                Krnl::loadSystemEnv()
                0x00000000c0019694                Krnl::loadUserEnv()
                0x00000000c00196ba                Krnl::flushEnv()
                0x00000000c00196bb                Krnl::getProcessTotalEnvCount(Process*)
                0x00000000c00196db                Krnl::getProcessEnvPair(Process*, int)
 .text          0x00000000c001979f      0x32c krnl/panic.32
                0x00000000c001979f                Krnl::panic(char const*)
 .text          0x00000000c0019acb      0x3b6 net/ethernet.32
                0x00000000c0019acb                Net::switchEndian16(unsigned short)
                0x00000000c0019aec                Net::switchEndian32(unsigned int)
                0x00000000c0019b1b                Net::crc32Calc(unsigned char*, int)
                0x00000000c0019bac                Net::wrapEthernetFrame(Net::UnwrappedEthernetFrame, unsigned char*)
                0x00000000c0019ce8                Net::unwrapEthernetFrame(unsigned char*, int)
 .text          0x00000000c0019e81      0x513 reg/registry.32
                0x00000000c0019e81                Reg::findLineFromLoadedData(char*, char*, char*)
                0x00000000c0019fd9                Reg::getLineFromRegistry(char*, char*, char*, char*)
                0x00000000c001a12e                Reg::getLine(char*, char*, char*)
                0x00000000c001a165                Reg::readInt(char*, char*, int*)
                0x00000000c001a250                Reg::readString(char*, char*, char*, int)
                0x00000000c001a2d1                Reg::readBool(char*, char*, bool*)
                0x00000000c001a2f6                Reg::readBoolWithDefault(char*, char*, bool)
                0x00000000c001a322                Reg::readIntWithDefault(char*, char*, int)
                0x00000000c001a34e                Reg::readStringWithDefault(char*, char*, char*, int, char*)
 .text          0x00000000c001a394       0x18 sys/sc_exit.32
                0x00000000c001a394                Sys::exit(regs*)
 .text          0x00000000c001a3ac       0x1f sys/sc_getcwd.32
                0x00000000c001a3ac                Sys::getCwd(regs*)
 .text          0x00000000c001a3cb        0xc sys/sc_getpid.32
                0x00000000c001a3cb                Sys::getPID(regs*)
 .text          0x00000000c001a3d7       0xa8 sys/sc_loaddll.32
                0x00000000c001a3d7                Sys::loadDLL(regs*)
 .text          0x00000000c001a47f       0x68 sys/sc_read.32
                0x00000000c001a47f                Sys::read(regs*)
 .text          0x00000000c001a4e7       0x55 sys/sc_sbrk.32
                0x00000000c001a4e7                Sys::sbrk(regs*)
 .text          0x00000000c001a53c       0x1c sys/sc_setcwd.32
                0x00000000c001a53c                Sys::setCwd(regs*)
 .text          0x00000000c001a558       0x68 sys/sc_write.32
                0x00000000c001a558                Sys::write(regs*)
 .text          0x00000000c001a5c0       0x3b sys/sc_yield.32
                0x00000000c001a5c0                Sys::yield(regs*)
 .text          0x00000000c001a5fb     0x100a sys/syscalls.32
                0x00000000c001a5fb                sysCallSeekDir(regs*)
                0x00000000c001a600                sysCallTellDir(regs*)
                0x00000000c001a605                sysCallVerify(regs*)
                0x00000000c001a60f                sysCallGetArgc(regs*)
                0x00000000c001a61f                sysFormatDisk(regs*)
                0x00000000c001a689                sysSetDiskVolumeLabel(regs*)
                0x00000000c001a6cf                sysGetDiskVolumeLabel(regs*)
                0x00000000c001a720                sysShutdown(regs*)
                0x00000000c001a77e                sysCallRealpath(regs*)
                0x00000000c001a7c1                sysCallReadDir(regs*)
                0x00000000c001a84f                sysCallIsATTY(regs*)
                0x00000000c001a8a9                sysCallSeek(regs*)
                0x00000000c001a912                sysCallTell(regs*)
                0x00000000c001a98f                sysCallSize(regs*)
                0x00000000c001aa12                sysCallSizeFromFilename(regs*)
                0x00000000c001aad2                sysCallClose(regs*)
                0x00000000c001ab5a                sysCallOpenDir(regs*)
                0x00000000c001abcf                sysCallCloseDir(regs*)
                0x00000000c001ac35                sysCallMakeDir(regs*)
                0x00000000c001aca5                sysCallWait(regs*)
                0x00000000c001acbf                sysCallNotImpl(regs*)
                0x00000000c001acda                sysPanic(regs*)
                0x00000000c001ad00                sysCallRmdir(regs*)
                0x00000000c001ad64                sysCallUnlink(regs*)
                0x00000000c001adc8                sysCallGetArgv(regs*)
                0x00000000c001ae14                sysCallTTYName(regs*)
                0x00000000c001ae97                sysCallUSleep(regs*)
                0x00000000c001aebe                sysCallSpawn(regs*)
                0x00000000c001af16                sysCallGetEnv(regs*)
                0x00000000c001afc3                sysAppSettings(regs*)
                0x00000000c001b0e2                sysSetFatAttrib(regs*)
                0x00000000c001b154                sysPipe(regs*)
                0x00000000c001b199                sysGetUnixTime(regs*)
                0x00000000c001b1ad                string_ends_with(char const*, char const*)
                0x00000000c001b1f5                sysCallOpen(regs*)
                0x00000000c001b40a                setupSystemCalls()
                0x00000000c001b5c3                systemCall(regs*, void*)
 .text          0x00000000c001b605     0x11ee thr/elf.32
                0x00000000c001b605                Thr::allocateMemoryForTask(Process*, File*, unsigned long, unsigned long, unsigned long)
                0x00000000c001b882                Thr::loadProgramIntoMemory(Process*, char const*)
                0x00000000c001ba98                Thr::runtimeReferenceHelper()
                0x00000000c001baab                Thr::getAddressOfKernelSymbol(char const*)
                0x00000000c001bafa                Thr::loadKernelSymbolTable(char const*)
                0x00000000c001bdb6                Thr::loadDriverIntoMemory(char const*, unsigned long, bool)
                0x00000000c001c537                Thr::getDriverBaseFromAddress(unsigned long)
                0x00000000c001c569                Thr::getDriverNameFromAddress(unsigned long)
                0x00000000c001c5a0                Thr::getDriverOffsetFromAddress(unsigned long)
                0x00000000c001c5ba                Thr::loadDLL(char const*, bool)
                0x00000000c001c7c9                Thr::executeDLL(unsigned long, void*)
 *fill*         0x00000000c001c7f3        0x1 
 .text          0x00000000c001c7f4     0x1056 thr/prcssthr.32
                0x00000000c001c7f4                changeTSS
                0x00000000c001c824                Process::addArgs(char**)
                0x00000000c001c87e                Process::Process(char const*, Process*, char**)
                0x00000000c001c87e                Process::Process(char const*, Process*, char**)
                0x00000000c001ca62                Process::Process(bool, char const*, Process*, char**)
                0x00000000c001ca62                Process::Process(bool, char const*, Process*, char**)
                0x00000000c001cc11                disableIRQs()
                0x00000000c001cc19                getIRQNestingLevel()
                0x00000000c001cc1f                enableIRQs()
                0x00000000c001cc2e                lockScheduler()
                0x00000000c001cc30                unlockScheduler()
                0x00000000c001cc32                userModeEntryPoint(void*)
                0x00000000c001cc55                lockStuff()
                0x00000000c001cc61                taskStartupFunction
                0x00000000c001cc6a                updateTimeUsed()
                0x00000000c001cccf                switchToThread(ThreadControlBlock*)
                0x00000000c001cd20                Semaphore::Semaphore(int)
                0x00000000c001cd20                Semaphore::Semaphore(int)
                0x00000000c001cd4e                Mutex::Mutex()
                0x00000000c001cd4e                Mutex::Mutex()
                0x00000000c001cd60                Process::createThread(void (*)(void*), void*, int)
                0x00000000c001ce44                Process::createUserThread()
                0x00000000c001ce60                setupMultitasking(void (*)())
                0x00000000c001cf6a                schedule()
                0x00000000c001cfef                unlockStuff()
                0x00000000c001d024                Semaphore::tryAcquire()
                0x00000000c001d052                Semaphore::assertLocked(char const*)
                0x00000000c001d082                blockTaskWithSchedulerLockAlreadyHeld(TaskState)
                0x00000000c001d0c4                blockTask(TaskState)
                0x00000000c001d0e5                waitTask(int, int*, int)
                0x00000000c001d127                nanoSleepUntil(unsigned long long)
                0x00000000c001d17e                nanoSleep(unsigned long long)
                0x00000000c001d193                sleep(unsigned long long)
                0x00000000c001d1b0                Semaphore::acquire()
                0x00000000c001d218                taskReturned
                0x00000000c001d246                unblockTask(ThreadControlBlock*)
                0x00000000c001d2f5                cleanupTerminatedTask(ThreadControlBlock*)
                0x00000000c001d5be                cleanerTaskFunction(void*)
                0x00000000c001d671                terminateTask(int)
                0x00000000c001d751                Thr::terminateFromIRQ(int)
                0x00000000c001d75e                Semaphore::release()
 .text          0x00000000c001d84a      0xc26 vm86/vm8086.32
                0x00000000c001d84a                Vm::inbv(unsigned short)
                0x00000000c001d85d                Vm::outbv(unsigned short, unsigned char)
                0x00000000c001d8b0                Vm::realToLinear(unsigned short, unsigned short)
                0x00000000c001d8c0                Vm::getSegment(unsigned int)
                0x00000000c001d8c8                Vm::getOffset(unsigned int)
                0x00000000c001d8cd                Vm::mainloop2()
                0x00000000c001d908                Vm::mainVm8086Loop(void*)
                0x00000000c001d915                Vm::mainloop3(unsigned long)
                0x00000000c001d93f                Vm::initialise8086()
                0x00000000c001d982                Vm::finish8086()
                0x00000000c001d9c7                Vm::getOutput8086(unsigned char*)
                0x00000000c001d9f1                Vm::start8086(char const*, unsigned short, unsigned short, unsigned short, unsigned short)
                0x00000000c001db41                Vm::doISR(regs*, int, unsigned char*, unsigned short, unsigned short)
                0x00000000c001dbcb                Vm::readByteFromReal(unsigned short, unsigned short)
                0x00000000c001dbdc                Vm::readWordFromReal(unsigned short, unsigned short)
                0x00000000c001dbee                Vm::readDwordFromReal(unsigned short, unsigned short)
                0x00000000c001dbff                Vm::writeByteFromReal(unsigned short, unsigned short, unsigned char)
                0x00000000c001dc14                Vm::writeWordFromReal(unsigned short, unsigned short, unsigned short)
                0x00000000c001dc2a                Vm::writeDwordFromReal(unsigned short, unsigned short, unsigned int)
                0x00000000c001dc3f                Vm::faultHandler(regs*)
 .text          0x00000000c001e470      0xefd vm86/x87em.32
                0x00000000c001e470                Vm::fpuInternalTo32(unsigned long long)
                0x00000000c001e4cb                Vm::fpuInternalTo64(unsigned long long)
                0x00000000c001e4d4                Vm::fpu32ToInternal(unsigned int)
                0x00000000c001e519                Vm::fpu64ToInternal(unsigned long long)
                0x00000000c001e522                Vm::fpuFloatToLong(unsigned long long)
                0x00000000c001e57d                Vm::fpuULongToFloat(unsigned long long)
                0x00000000c001e5b3                Vm::fpuLongToFloat(long long)
                0x00000000c001e609                Vm::fpuGet0()
                0x00000000c001e60e                Vm::fpuGet1()
                0x00000000c001e616                Vm::fpuGetPi()
                0x00000000c001e61e                Vm::fpuGetLog2E()
                0x00000000c001e636                Vm::fpuGetLogE2()
                0x00000000c001e64e                Vm::fpuGetLog210()
                0x00000000c001e666                Vm::fpuGetLog102()
                0x00000000c001e67e                Vm::fpuIsSecondLarger(unsigned long long, unsigned long long)
                0x00000000c001e692                Vm::fpuAreEqual(unsigned long long, unsigned long long)
                0x00000000c001e6a8                Vm::fpuUnorderedCompare(unsigned long long, unsigned long long)
                0x00000000c001e6fb                Vm::fpuAdd(unsigned long long, unsigned long long)
                0x00000000c001e70c                Vm::fpuAbs(unsigned long long)
                0x00000000c001e715                Vm::fpuChs(unsigned long long)
                0x00000000c001e725                Vm::fpuSub(unsigned long long, unsigned long long)
                0x00000000c001e734                Vm::fpuMultiply(unsigned long long, unsigned long long)
                0x00000000c001e753                Vm::fpuDivide(unsigned long long, unsigned long long)
                0x00000000c001e76f                Vm::fpuSquare(unsigned long long)
                0x00000000c001e785                Vm::fpuGetReg(int)
                0x00000000c001e7c8                Vm::fpuSetReg(int, unsigned long long)
                0x00000000c001e813                Vm::fpuPush(unsigned long long)
                0x00000000c001e870                Vm::fpuPop()
                0x00000000c001e8c2                Vm::x87Handler(regs*)
 *fill*         0x00000000c001f36d        0x1 
 .text          0x00000000c001f36e     0x10ed fs/fat/vfslink.32
                0x00000000c001f36e                FAT::getName()
                0x00000000c001f374                FAT::tell(void*, unsigned long long*)
                0x00000000c001f3a8                FAT::stat(void*, unsigned long long*)
                0x00000000c001f3dc                FAT::~FAT()
                0x00000000c001f3dc                FAT::~FAT()
                0x00000000c001f400                FAT::~FAT()
                0x00000000c001f428                FAT::getlabel(LogicalDisk*, int, char*, unsigned int*)
                0x00000000c001f4c6                FAT::setlabel(LogicalDisk*, int, char*)
                0x00000000c001f580                FAT::format(LogicalDisk*, int, char const*, int)
                0x00000000c001f764                FAT::tryMount(LogicalDisk*, int)
                0x00000000c001f96a                FAT::readDir(void*, unsigned long, void*, int*)
                0x00000000c001fa70                FAT::read(void*, unsigned long, void*, int*)
                0x00000000c001faca                FAT::write(void*, unsigned long, void*, int*)
                0x00000000c001fb24                FAT::close(void*)
                0x00000000c001fb70                FAT::closeDir(void*)
                0x00000000c001fbbc                FAT::seek(void*, unsigned long long)
                0x00000000c001fc10                fatWrapperReadDisk
                0x00000000c001fc57                fatWrapperWriteDisk
                0x00000000c001fc9e                fatWrapperIoctl
                0x00000000c001fda2                FAT::FAT()
                0x00000000c001fda2                FAT::FAT()
                0x00000000c001fdf4                FAT::fixFilepath(char*)
                0x00000000c001fe2c                FAT::open(char const*, void**, FileOpenMode)
                0x00000000c001ff54                FAT::openDir(char const*, void**)
                0x00000000c001fffa                FAT::stat(char const*, unsigned long long*, bool*)
                0x00000000c00200e4                FAT::unlink(char const*)
                0x00000000c002015e                FAT::chfatattr(char const*, unsigned char, unsigned char)
                0x00000000c00202b2                FAT::rename(char const*, char const*)
                0x00000000c0020376                FAT::mkdir(char const*)
                0x00000000c00203f0                FAT::exists(char const*)
 *fill*         0x00000000c002045b        0x1 
 .text          0x00000000c002045c      0xbdf fs/iso9660/vfslink.32
                0x00000000c002045c                ISO9660::format(LogicalDisk*, int, char const*, int)
                0x00000000c0020462                ISO9660::seek(void*, unsigned long long)
                0x00000000c0020492                ISO9660::tell(void*, unsigned long long*)
                0x00000000c00204b6                ISO9660::getName()
                0x00000000c00204bc                ISO9660::stat(void*, unsigned long long*)
                0x00000000c00204e0                ISO9660::chfatattr(char const*, unsigned char, unsigned char)
                0x00000000c00204e6                ISO9660::unlink(char const*)
                0x00000000c00204ec                ISO9660::write(void*, unsigned long, void*, int*)
                0x00000000c00204f2                ISO9660::rename(char const*, char const*)
                0x00000000c00204f8                ISO9660::mkdir(char const*)
                0x00000000c00204fe                ISO9660::close(void*)
                0x00000000c0020520                ISO9660::closeDir(void*)
                0x00000000c0020542                ISO9660::~ISO9660()
                0x00000000c0020542                ISO9660::~ISO9660()
                0x00000000c0020566                ISO9660::~ISO9660()
                0x00000000c002058d                __memmem(unsigned char*, int, unsigned char*, int)
                0x00000000c00205cf                readSectorFromCDROM(unsigned int, unsigned char*, char)
                0x00000000c0020636                ISO9660::tryMount(LogicalDisk*, int)
                0x00000000c0020686                ISO9660::read(void*, unsigned long, void*, int*)
                0x00000000c00208ca                ISO9660::readDir(void*, unsigned long, void*, int*)
                0x00000000c0020b57                readRoot(unsigned int*, unsigned int*, char)
                0x00000000c0020bac                readRecursively(char*, unsigned int, unsigned int, unsigned int*, unsigned int*, char, int*)
                0x00000000c0020d7f                getFileData(char*, unsigned int*, unsigned int*, char, int*)
                0x00000000c0020e0e                ISO9660::open(char const*, void**, FileOpenMode)
                0x00000000c0020ea8                ISO9660::exists(char const*)
                0x00000000c0020ecc                ISO9660::stat(char const*, unsigned long long*, bool*)
                0x00000000c0020f60                ISO9660::openDir(char const*, void**)
                0x00000000c0021018                ISO9660::ISO9660()
                0x00000000c0021018                ISO9660::ISO9660()
 *fill*         0x00000000c002103b        0x1 
 .text          0x00000000c002103c      0x326 hal/sound/sndchannel.32
                0x00000000c002103c                SoundChannel::~SoundChannel()
                0x00000000c002103c                SoundChannel::~SoundChannel()
                0x00000000c0021058                SoundChannel::setSpeed(float)
                0x00000000c0021064                SoundChannel::getSpeed()
                0x00000000c002106c                SoundChannel::setVolume(int)
                0x00000000c0021088                SoundChannel::getVolume()
                0x00000000c0021090                SoundChannel::pause()
                0x00000000c002109a                SoundChannel::SoundChannel(int, int, int, int)
                0x00000000c002109a                SoundChannel::SoundChannel(int, int, int, int)
                0x00000000c00211f0                SoundChannel::play()
                0x00000000c00211fa                SoundChannel::paused()
                0x00000000c0021202                SoundChannel::getSampleRate()
                0x00000000c002120a                SoundChannel::getBits()
                0x00000000c0021212                SoundChannel::getBufferUsed()
                0x00000000c002121a                SoundChannel::getBufferSize()
                0x00000000c0021222                SoundChannel::unbuffer(float*, int, int)
                0x00000000c00212c2                SoundChannel::buffer8(unsigned char*, int)
 .text          0x00000000c0021362      0x3d5 hal/sound/sndhw.32
                0x00000000c0021362                SoundDevice::SoundDevice(char const*)
                0x00000000c0021362                SoundDevice::SoundDevice(char const*)
                0x00000000c00213ce                SoundDevice::~SoundDevice()
                0x00000000c00213ce                SoundDevice::~SoundDevice()
                0x00000000c0021448                SoundDevice::~SoundDevice()
                0x00000000c0021472                SoundDevice::getFreeChannelNum()
                0x00000000c002148c                SoundDevice::addChannel(SoundChannel*)
                0x00000000c00214fc                SoundDevice::removeChannel(int)
                0x00000000c002152e                SoundDevice::floatTo8(float*, unsigned char*, int)
                0x00000000c0021616                SoundDevice::getAudio(int, float*, float*)
 .text          0x00000000c0021737        0x0 hw/bus/isa.32
 *fill*         0x00000000c0021737        0x1 
 .text          0x00000000c0021738      0x6c3 hw/bus/pci.32
                0x00000000c0021738                PCI::open(int, int, void*)
                0x00000000c002174c                PCI::close(int, int, void*)
                0x00000000c0021750                PCI::PCI()
                0x00000000c0021750                PCI::PCI()
                0x00000000c00217d0                PCI::pciReadWord(unsigned char, unsigned char, unsigned char, unsigned char)
                0x00000000c0021818                PCI::getVendorID(unsigned char, unsigned char, unsigned char)
                0x00000000c002183a                PCI::getHeaderType(unsigned char, unsigned char, unsigned char)
                0x00000000c002185e                PCI::getClassCode(unsigned char, unsigned char, unsigned char)
                0x00000000c00218a2                PCI::getProgIF(unsigned char, unsigned char, unsigned char)
                0x00000000c00218c6                PCI::getRevisionID(unsigned char, unsigned char, unsigned char)
                0x00000000c00218e8                PCI::getInterruptNumber(unsigned char, unsigned char, unsigned char)
                0x00000000c002190a                PCI::getSecondaryBus(unsigned char, unsigned char, unsigned char)
                0x00000000c002192e                PCI::getBARAddress(unsigned char, unsigned char, unsigned char, unsigned char)
                0x00000000c002198e                PCI::pciWriteWord(unsigned char, unsigned char, unsigned char, unsigned char, unsigned short)
                0x00000000c00219fa                PCI::checkBus(unsigned char)
                0x00000000c0021a1e                PCI::foundDevice(PCIDeviceInfo)
                0x00000000c0021b90                PCI::getDeviceData(unsigned char, unsigned char, unsigned char)
                0x00000000c0021d3c                PCI::checkDevice(unsigned char, unsigned char)
                0x00000000c0021da8                PCI::detect()
 *fill*         0x00000000c0021dfb        0x1 
 .text          0x00000000c0021dfc      0xc70 hw/diskctrl/ide.32
                0x00000000c0021dfc                IDE::close(int, int, void*)
                0x00000000c0021e00                IDE::IDE()
                0x00000000c0021e00                IDE::IDE()
                0x00000000c0021e34                IDE::prepareInterrupt(unsigned char)
                0x00000000c0021e46                selectDrive(unsigned char, unsigned char)
                0x00000000c0021e48                IDE::getBase(unsigned char)
                0x00000000c0021e5a                IDE::write(unsigned char, unsigned char, unsigned char)
                0x00000000c0021f1a                IDE::read(unsigned char, unsigned char)
                0x00000000c0021fc8                IDE::waitInterrupt(unsigned char)
                0x00000000c002202e                ideChannel0IRQHandler(regs*, void*)
                0x00000000c002204a                ideChannel1IRQHandler(regs*, void*)
                0x00000000c0022066                IDE::enableIRQs(unsigned char, bool)
                0x00000000c00220ac                IDE::open(int, int, void*)
                0x00000000c00224bc                IDE::readBuffer(unsigned char, unsigned char, unsigned int, unsigned int)
                0x00000000c0022588                IDE::detect()
                0x00000000c0022870                IDE::printError(unsigned char, unsigned char, unsigned char)
                0x00000000c0022a06                IDE::polling(unsigned char, unsigned int)
 .text          0x00000000c0022a6c      0x37a hw/diskctrl/satabus.32
                0x00000000c0022a6c                SATABus::close(int, int, void*)
                0x00000000c0022a70                SATABus::detect()
                0x00000000c0022a72                SATABus::SATABus()
                0x00000000c0022a72                SATABus::SATABus()
                0x00000000c0022b1e                SATABus::findCmdslot(SATABus::tagHBA_PORT volatile*)
                0x00000000c0022b66                SATABus::checkType(SATABus::tagHBA_PORT volatile*)
                0x00000000c0022bae                SATABus::startCmd(SATABus::tagHBA_PORT volatile*)
                0x00000000c0022bce                SATABus::stopCmd(SATABus::tagHBA_PORT volatile*)
                0x00000000c0022bf8                SATABus::portRebase(SATABus::tagHBA_PORT volatile*, int)
                0x00000000c0022cfe                SATABus::probePort(SATABus::tagHBA_MEM volatile*)
                0x00000000c0022dc6                SATABus::open(int, int, void*)
 .text          0x00000000c0022de6      0x62b hw/diskphys/ata.32
                0x00000000c0022de6                ATA::close(int, int, void*)
                0x00000000c0022e0a                ATA::powerSaving(PowerSavingLevel)
                0x00000000c0022e0c                ATA::ATA()
                0x00000000c0022e0c                ATA::ATA()
                0x00000000c0022e3a                ATA::flush(bool)
                0x00000000c0022e84                ATA::readyForCommand()
                0x00000000c0022ed4                ATA::access(unsigned long long, int, void*, bool)
                0x00000000c0023252                ATA::read(unsigned long long, int, void*)
                0x00000000c00232ba                ATA::write(unsigned long long, int, void*)
                0x00000000c0023322                ATA::detectCHS()
                0x00000000c002334c                ATA::open(int, int, void*)
 *fill*         0x00000000c0023411        0x1 
 .text          0x00000000c0023412      0x5b3 hw/diskphys/atapi.32
                0x00000000c0023412                ATAPI::write(unsigned long long, int, void*)
                0x00000000c0023418                ATAPI::close(int, int, void*)
                0x00000000c002343c                ATAPI::ATAPI()
                0x00000000c002343c                ATAPI::ATAPI()
                0x00000000c002346a                ATAPI::readyForCommand()
                0x00000000c00234ba                ATAPI::sendPacket(unsigned char*, int, bool, unsigned short*, int)
                0x00000000c002377a                ATAPI::diskRemoved()
                0x00000000c0023796                ATAPI::eject()
                0x00000000c00237dc                ATAPI::diskInserted()
                0x00000000c002380a                ATAPI::detectMedia()
                0x00000000c00238c6                ATAPI::open(int, int, void*)
                0x00000000c0023946                ATAPI::read(unsigned long long, int, void*)
 *fill*         0x00000000c00239c5        0x1 
 .text          0x00000000c00239c6      0x414 hw/diskphys/sata.32
                0x00000000c00239c6                SATA::close(int, int, void*)
                0x00000000c00239ea                SATA::powerSaving(PowerSavingLevel)
                0x00000000c00239ec                SATA::open(int, int, void*)
                0x00000000c0023a48                SATA::SATA()
                0x00000000c0023a48                SATA::SATA()
                0x00000000c0023a76                SATA::access(unsigned long long, int, void*, bool)
                0x00000000c0023d0a                SATA::read(unsigned long long, int, void*)
                0x00000000c0023d72                SATA::write(unsigned long long, int, void*)
 .text          0x00000000c0023dda       0x8e hw/fpu/avx.32
                0x00000000c0023dda                AVX::open(int, int, void*)
                0x00000000c0023dec                AVX::close(int, int, void*)
                0x00000000c0023dfe                AVX::available()
                0x00000000c0023e10                AVX::save(void*)
                0x00000000c0023e28                AVX::load(void*)
                0x00000000c0023e40                AVX::AVX()
                0x00000000c0023e40                AVX::AVX()
 .text          0x00000000c0023e68       0x90 hw/fpu/mmx.32
                0x00000000c0023e68                MMX::available()
                0x00000000c0023e7c                MMX::open(int, int, void*)
                0x00000000c0023e8e                MMX::close(int, int, void*)
                0x00000000c0023ea0                MMX::save(void*)
                0x00000000c0023eb8                MMX::load(void*)
                0x00000000c0023ed0                MMX::MMX()
                0x00000000c0023ed0                MMX::MMX()
 .text          0x00000000c0023ef8       0x96 hw/fpu/sse.32
                0x00000000c0023ef8                SSE::open(int, int, void*)
                0x00000000c0023f0a                SSE::close(int, int, void*)
                0x00000000c0023f1c                SSE::available()
                0x00000000c0023f36                SSE::save(void*)
                0x00000000c0023f4e                SSE::load(void*)
                0x00000000c0023f66                SSE::SSE()
                0x00000000c0023f66                SSE::SSE()
 .text          0x00000000c0023f8e       0x8e hw/fpu/x87.32
                0x00000000c0023f8e                x87::open(int, int, void*)
                0x00000000c0023fa0                x87::close(int, int, void*)
                0x00000000c0023fb2                x87::available()
                0x00000000c0023fc4                x87::save(void*)
                0x00000000c0023fdc                x87::load(void*)
                0x00000000c0023ff4                x87::x87()
                0x00000000c0023ff4                x87::x87()
 .text          0x00000000c002401c      0x71e hw/intctrl/apic.32
                0x00000000c002401c                APIC::disable()
                0x00000000c002401e                APIC::close(int, int, void*)
                0x00000000c0024040                IOAPIC::close(int, int, void*)
                0x00000000c0024046                APIC::io_wait()
                0x00000000c002404c                APIC::getBase()
                0x00000000c002408e                APIC::eoi(unsigned char)
                0x00000000c00240bc                APIC::open(int, int, void*)
                0x00000000c002420a                IOAPIC::IOAPIC()
                0x00000000c002420a                IOAPIC::IOAPIC()
                0x00000000c0024232                APIC::APIC()
                0x00000000c0024232                APIC::APIC()
                0x00000000c002430e                IOAPIC::handlesGSIWithNumber(unsigned int)
                0x00000000c0024340                IOAPIC::read(int)
                0x00000000c0024368                IOAPIC::open(int, int, void*)
                0x00000000c002445e                IOAPIC::write(int, int)
                0x00000000c002448a                IOAPIC::redirect(unsigned char, unsigned long long, unsigned char, bool, bool)
                0x00000000c0024584                APIC::installIRQHandler(int, void (*)(regs*, void*), bool, void*)
 .text          0x00000000c002473a      0x3d3 hw/intctrl/pic.32
                0x00000000c002473a                PIC::disable()
                0x00000000c0024768                PIC::close(int, int, void*)
                0x00000000c002478a                PIC::PIC()
                0x00000000c002478a                PIC::PIC()
                0x00000000c0024860                PIC::ioWait()
                0x00000000c0024866                PIC::getIRQReg(int)
                0x00000000c00248d0                PIC::eoi(unsigned char)
                0x00000000c0024962                PIC::remap()
                0x00000000c0024ace                PIC::open(int, int, void*)
 *fill*         0x00000000c0024b0d        0x1 
 .text          0x00000000c0024b0e      0x25e hw/timer/apictimer.32
                0x00000000c0024b0e                APICTimer::close(int, int, void*)
                0x00000000c0024b14                apicTimerHandler(regs*, void*)
                0x00000000c0024b42                APICTimer::write(int)
                0x00000000c0024c46                APICTimer::open(int, int, void*)
                0x00000000c0024d44                APICTimer::APICTimer()
                0x00000000c0024d44                APICTimer::APICTimer()
 .text          0x00000000c0024d6c      0x1a7 hw/timer/pit.32
                0x00000000c0024d6c                PIT::write(int)
                0x00000000c0024dea                pitHandler(regs*, void*)
                0x00000000c0024e16                PIT::open(int, int, void*)
                0x00000000c0024e64                PIT::close(int, int, void*)
                0x00000000c0024e94                PIT::PIT()
                0x00000000c0024e94                PIT::PIT()
 *fill*         0x00000000c0024f13        0xd 
 .text          0x00000000c0024f20       0x1e hw/fpu/x86/avx.32
                0x00000000c0024f20                avxDetect
                0x00000000c0024f26                avxSave
                0x00000000c0024f27                avxLoad
                0x00000000c0024f28                avxInit
                0x00000000c0024f29                avxClose
                0x00000000c0024f2a                wouldSheSayYes
 *fill*         0x00000000c0024f3e        0x2 
 .text          0x00000000c0024f40       0x35 hw/fpu/x86/sse.32
                0x00000000c0024f40                absolutelyNoChanceInHell
                0x00000000c0024f40                sseDetect
                0x00000000c0024f58                sseSave
                0x00000000c0024f5e                sseLoad
                0x00000000c0024f64                sseInit
                0x00000000c0024f74                sseClose
 *fill*         0x00000000c0024f75        0xb 
 .text          0x00000000c0024f80       0x47 hw/fpu/x86/x87.32
                0x00000000c0024f86                x87Detect
                0x00000000c0024fa1                x87Save
                0x00000000c0024fa7                x87Load
                0x00000000c0024fac                x87Init
                0x00000000c0024fc6                x87Close
 *fill*         0x00000000c0024fc7        0x1 
 .text          0x00000000c0024fc8       0x25 /cygdrive/d/Users/Alex/Desktop/Toolchain/Output/bin/../lib/gcc/i386-banana/8.1.0/crtend.o
 .text          0x00000000c0024fed        0x0 crtn.32
 *fill*         0x00000000c0024fed        0x3 
 .text          0x00000000c0024ff0      0x14b /cygdrive/d/Users/Alex/Desktop/Toolchain/Output/bin/../lib/gcc/i386-banana/8.1.0/libkgcc.a(_divdi3.o)
                0x00000000c0024ff0                __divdi3
 *fill*         0x00000000c002513b        0x1 
 .text          0x00000000c002513c      0x17e /cygdrive/d/Users/Alex/Desktop/Toolchain/Output/bin/../lib/gcc/i386-banana/8.1.0/libkgcc.a(_moddi3.o)
                0x00000000c002513c                __moddi3
 *fill*         0x00000000c00252ba        0x2 
 .text          0x00000000c00252bc       0xff /cygdrive/d/Users/Alex/Desktop/Toolchain/Output/bin/../lib/gcc/i386-banana/8.1.0/libkgcc.a(_udivdi3.o)
                0x00000000c00252bc                __udivdi3
 *fill*         0x00000000c00253bb        0x1 
 .text          0x00000000c00253bc      0x11a /cygdrive/d/Users/Alex/Desktop/Toolchain/Output/bin/../lib/gcc/i386-banana/8.1.0/libkgcc.a(_umoddi3.o)
                0x00000000c00253bc                __umoddi3
 .text          0x00000000c00254d6      0x96d D:/Users/Alex/Desktop/Banana/kernel/libsoftfp.a(sfieeelib.o)
                0x00000000c00254d6                __addsf3
                0x00000000c00257d8                __subsf3
                0x00000000c00257ec                __negsf2
                0x00000000c00257f9                __mulsf3
                0x00000000c00259bc                __divsf3
                0x00000000c0025be7                __floatsisf
                0x00000000c0025c5b                __floatunsisf
                0x00000000c0025c9d                __fixsfsi
                0x00000000c0025cff                __fixunssfsi
                0x00000000c0025d30                __cmpsf2
                0x00000000c0025dc5                __eqsf2
                0x00000000c0025e00                __nesf2
                0x00000000c0025e02                __gtsf2
                0x00000000c0025e3d                __gesf2
                0x00000000c0025e3f                __ltsf2
                0x00000000c0025e41                __lesf2
 .text          0x00000000c0025e43      0xf50 D:/Users/Alex/Desktop/Banana/kernel/libsoftfp.a(dfieeelib.o)
                0x00000000c0025e43                __adddf3
                0x00000000c0026494                __subdf3
                0x00000000c00264af                __negdf2
                0x00000000c00264c0                __muldf3
                0x00000000c00267a4                __divdf3
                0x00000000c0026b23                __floatsidf
                0x00000000c0026b7e                __floatunsidf
                0x00000000c0026bbc                __fixdfsi
                0x00000000c0026c29                __fixunsdfsi
                0x00000000c0026c65                __cmpdf2
                0x00000000c0026d53                __eqdf2
                0x00000000c0026d6f                __nedf2
                0x00000000c0026d71                __gtdf2
                0x00000000c0026d8d                __gedf2
                0x00000000c0026d8f                __ltdf2
                0x00000000c0026d91                __ledf2
 .text          0x00000000c0026d93      0x18d D:/Users/Alex/Desktop/Banana/kernel/libsoftfp.a(sfdfcvt.o)
                0x00000000c0026d93                __truncdfsf2
                0x00000000c0026eb7                __extendsfdf2
 .text          0x00000000c0026f20       0x1e D:/Users/Alex/Desktop/Banana/kernel/libk/libm32.a(s_fabs.c.o)
                0x00000000c0026f20                fabs
 *fill*         0x00000000c0026f3e        0x2 
 .text          0x00000000c0026f40        0xc D:/Users/Alex/Desktop/Banana/kernel/libk/libm32.a(s_lrint.S.o)
                0x00000000c0026f40                lrint
 .text          0x00000000c0026f4c        0xc D:/Users/Alex/Desktop/Banana/kernel/libk/libm32.a(s_lrintf.S.o)
                0x00000000c0026f4c                lrintf
 *(.gnu.linkonce.t*)

.iplt           0x00000000c0026f58        0x0
 .iplt          0x00000000c0026f58        0x0 D:/Users/Alex/Desktop/Banana/kernel/boot.32

.init           0x00000000c0026f58        0xf
 .init          0x00000000c0026f58        0x3 crti.32
                0x00000000c0026f58                _init
 .init          0x00000000c0026f5b        0x5 /cygdrive/d/Users/Alex/Desktop/Toolchain/Output/bin/../lib/gcc/i386-banana/8.1.0/crtbegin.o
 .init          0x00000000c0026f60        0x5 /cygdrive/d/Users/Alex/Desktop/Toolchain/Output/bin/../lib/gcc/i386-banana/8.1.0/crtend.o
 .init          0x00000000c0026f65        0x2 crtn.32

.fini           0x00000000c0026f67        0xa
 .fini          0x00000000c0026f67        0x3 crti.32
                0x00000000c0026f67                _fini
 .fini          0x00000000c0026f6a        0x5 /cygdrive/d/Users/Alex/Desktop/Toolchain/Output/bin/../lib/gcc/i386-banana/8.1.0/crtbegin.o