Archive member included to satisfy reference by file (symbol)

/cygdrive/d/Users/Alex/Desktop/Toolchain/Output/bin/../lib/gcc/i386-banana/8.1.0/libkgcc.a(_divdi3.o)
                              compat/resolve.32 (__divdi3)
/cygdrive/d/Users/Alex/Desktop/Toolchain/Output/bin/../lib/gcc/i386-banana/8.1.0/libkgcc.a(_moddi3.o)
                              compat/resolve.32 (__moddi3)
/cygdrive/d/Users/Alex/Desktop/Toolchain/Output/bin/../lib/gcc/i386-banana/8.1.0/libkgcc.a(_udivdi3.o)
                              compat/resolve.32 (__udivdi3)
/cygdrive/d/Users/Alex/Desktop/Toolchain/Output/bin/../lib/gcc/i386-banana/8.1.0/libkgcc.a(_umoddi3.o)
                              compat/resolve.32 (__umoddi3)

Allocating common symbols
Common symbol       size              file

dcache              0x40              fs/iso9660/iso9660.32
cdDriveLetter       0x1               fs/iso9660/iso9660.32
icache              0x40              fs/iso9660/iso9660.32

Discarded input sections

 .comment       0x0000000000000000       0x12 /cygdrive/d/Users/Alex/Desktop/Toolchain/Output/bin/../lib/gcc/i386-banana/8.1.0/crtbegin.o
 .comment       0x0000000000000000       0x12 acpica/utclib.32
 .comment       0x0000000000000000       0x12 core/malloc.32
 .comment       0x0000000000000000       0x12 libk/ctype.32
 .comment       0x0000000000000000       0x12 libk/string.32
 .comment       0x0000000000000000       0x12 fs/fat/diskio.32
 .comment       0x0000000000000000       0x12 fs/fat/ff.32
 .comment       0x0000000000000000       0x12 fs/fat/ffsystem.32
 .comment       0x0000000000000000       0x12 fs/fat/ffunicode.32
 .comment       0x0000000000000000       0x12 fs/iso9660/iso9660.32
 .comment       0x0000000000000000       0x12 compat/inlines.32
 .comment       0x0000000000000000       0x12 compat/resolve.32
 .group         0x0000000000000000       0x14 core/computer.32
 .group         0x0000000000000000        0xc core/computer.32
 .comment       0x0000000000000000       0x12 core/computer.32
 .comment       0x0000000000000000       0x12 core/gdt.32
 .group         0x0000000000000000        0xc core/idle.32
 .comment       0x0000000000000000       0x12 core/idle.32
 .comment       0x0000000000000000       0x12 core/idt.32
 .comment       0x0000000000000000       0x12 core/kheap.32
 .comment       0x0000000000000000       0x12 core/main.32
 .comment       0x0000000000000000       0x12 core/physmgr.32
 .group         0x0000000000000000        0xc core/pipe.32
 .comment       0x0000000000000000       0x12 core/pipe.32
 .group         0x0000000000000000        0xc core/terminal.32
 .comment       0x0000000000000000       0x12 core/terminal.32
 .comment       0x0000000000000000       0x12 core/tss.32
 .group         0x0000000000000000        0x8 core/unixfile.32
 .group         0x0000000000000000        0x8 core/unixfile.32
 .group         0x0000000000000000        0xc core/unixfile.32
 .group         0x0000000000000000        0x8 core/unixfile.32
 .group         0x0000000000000000        0xc core/unixfile.32
 .group         0x0000000000000000        0x8 core/unixfile.32
 .group         0x0000000000000000        0xc core/unixfile.32
 .group         0x0000000000000000        0xc core/unixfile.32
 .comment       0x0000000000000000       0x12 core/unixfile.32
 .comment       0x0000000000000000       0x12 core/virtmgr.32
 .comment       0x0000000000000000       0x12 coreobjs/c++.32
 .comment       0x0000000000000000       0x12 dbg/kconsole.32
 .group         0x0000000000000000        0xc fs/vfs.32
 .group         0x0000000000000000        0xc fs/vfs.32
 .group         0x0000000000000000        0xc fs/vfs.32
 .comment       0x0000000000000000       0x12 fs/vfs.32
 .group         0x0000000000000000        0xc hal/bus.32
 .comment       0x0000000000000000       0x12 hal/bus.32
 .comment       0x0000000000000000       0x12 hal/buzzer.32
 .group         0x0000000000000000        0xc hal/clock.32
 .comment       0x0000000000000000       0x12 hal/clock.32
 .group         0x0000000000000000       0x14 hal/device.32
 .group         0x0000000000000000        0xc hal/device.32
 .group         0x0000000000000000        0x8 hal/device.32
 .group         0x0000000000000000        0xc hal/device.32
 .group         0x0000000000000000        0xc hal/device.32
 .comment       0x0000000000000000       0x12 hal/device.32
 .group         0x0000000000000000        0xc hal/diskctrl.32
 .comment       0x0000000000000000       0x12 hal/diskctrl.32
 .group         0x0000000000000000        0xc hal/diskphys.32
 .comment       0x0000000000000000       0x12 hal/diskphys.32
 .comment       0x0000000000000000       0x12 hal/fpu.32
 .comment       0x0000000000000000       0x12 hal/intctrl.32
 .group         0x0000000000000000        0xc hal/keybrd.32
 .comment       0x0000000000000000       0x12 hal/keybrd.32
 .group         0x0000000000000000        0xc hal/logidisk.32
 .comment       0x0000000000000000       0x12 hal/logidisk.32
[...]
Memory Configuration

Name             Origin             Length             Attributes
*default*        0x0000000000000000 0xffffffffffffffff

Linker script and memory map

LOAD D:/Users/Alex/Desktop/Banana/kernel/boot.32
LOAD crti.32
LOAD /cygdrive/d/Users/Alex/Desktop/Toolchain/Output/bin/../lib/gcc/i386-banana/8.1.0/crtbegin.o
LOAD D:/Users/Alex/Desktop/Banana/kernel/morenasm.32
LOAD acpica/utclib.32
LOAD core/malloc.32
LOAD libk/ctype.32
LOAD libk/string.32
LOAD fs/fat/diskio.32
LOAD fs/fat/ff.32
LOAD fs/fat/ffsystem.32
LOAD fs/fat/ffunicode.32
LOAD fs/iso9660/iso9660.32
LOAD compat/inlines.32
LOAD compat/resolve.32
LOAD core/computer.32
LOAD core/gdt.32
LOAD core/idle.32
LOAD core/idt.32
LOAD core/kheap.32
LOAD core/main.32
LOAD core/physmgr.32
LOAD core/pipe.32
LOAD core/terminal.32
LOAD core/tss.32
LOAD core/unixfile.32
LOAD core/virtmgr.32
LOAD coreobjs/c++.32
LOAD dbg/kconsole.32
LOAD fs/vfs.32
LOAD hal/bus.32
LOAD hal/buzzer.32
LOAD hal/clock.32
LOAD hal/device.32
LOAD hal/diskctrl.32
LOAD hal/diskphys.32
LOAD hal/fpu.32
LOAD hal/intctrl.32
LOAD hal/keybrd.32
LOAD hal/logidisk.32
LOAD hal/mouse.32
LOAD hal/partition.32
LOAD hal/serial.32
LOAD hal/timer.32
LOAD hal/vcache.32
LOAD hal/video.32
LOAD hw/acpi.32
LOAD hw/cpu.32
LOAD krnl/env.32
LOAD krnl/panic.32
LOAD krnl/powctrl.32
LOAD reg/registry.32
LOAD sys/sc_eject.32
LOAD sys/sc_exit.32
LOAD sys/sc_getcwd.32
LOAD sys/sc_getpid.32
LOAD sys/sc_getramdata.32
LOAD sys/sc_getvgaptr.32
LOAD sys/sc_loaddll.32
LOAD sys/sc_read.32
LOAD sys/sc_sbrk.32
LOAD sys/sc_setcwd.32
LOAD sys/sc_settime.32
LOAD sys/sc_timezone.32
LOAD sys/sc_write.32
LOAD sys/sc_wsbe.32
LOAD sys/sc_yield.32
LOAD sys/syscalls.32
LOAD thr/elf.32
LOAD thr/prcssthr.32
LOAD vm86/vm8086.32
LOAD arch/i386/hal.32
LOAD arch/i386/pic.32
LOAD arch/i386/rtc.32
LOAD arch/i386/vga.32
LOAD fs/fat/vfslink.32
LOAD fs/iso9660/helper.32
LOAD fs/iso9660/vfslink.32
LOAD hal/sound/sndcard.32
LOAD hal/sound/sndport.32
LOAD hw/bus/isa.32
LOAD hw/bus/pci.32
LOAD hw/diskctrl/ide.32
LOAD hw/diskctrl/satabus.32
LOAD hw/diskphys/ata.32
LOAD hw/diskphys/atapi.32
LOAD hw/diskphys/sata.32
LOAD hw/diskphys/satapi.32
LOAD hw/intctrl/apic.32
LOAD hw/timer/apictimer.32
LOAD hw/timer/pit.32
LOAD arch/i386/avx.32
LOAD arch/i386/interrupt.32
LOAD arch/i386/rdrand.32
LOAD arch/i386/sse.32
LOAD arch/i386/x87.32
LOAD /cygdrive/d/Users/Alex/Desktop/Toolchain/Output/bin/../lib/gcc/i386-banana/8.1.0/crtend.o
LOAD crtn.32
LOAD /cygdrive/d/Users/Alex/Desktop/Toolchain/Output/bin/../lib/gcc/i386-banana/8.1.0/libkgcc.a
LOAD D:/Users/Alex/Desktop/Banana/kernel/libsoftfp.a
LOAD D:/Users/Alex/Desktop/Banana/kernel/libk/libm32.a
                0x00000000c0000000                . = 0xc0000000

.text           0x00000000c0000000    0x1c41a
 *(.text)
 .text          0x00000000c0000000       0x41 D:/Users/Alex/Desktop/Banana/kernel/boot.32
                0x00000000c0000020                callGlobalConstructors
 .text          0x00000000c0000041        0x0 crti.32
 *fill*         0x00000000c0000041        0x3 
 .text          0x00000000c0000044      0x101 /cygdrive/d/Users/Alex/Desktop/Toolchain/Output/bin/../lib/gcc/i386-banana/8.1.0/crtbegin.o
 *fill*         0x00000000c0000145        0xb 
 .text          0x00000000c0000150      0x252 D:/Users/Alex/Desktop/Banana/kernel/morenasm.32
                0x00000000c0000150                manualPCIProbe
                0x00000000c000019b                prepareTramp
                0x00000000c00001b4                doTPAUSE
                0x00000000c00001be                hasLegacyFPU
                0x00000000c00001e3                is486
                0x00000000c0000219                detectCPUID
                0x00000000c000022f                goToVM86
                0x00000000c000025f                goToUsermode
                0x00000000c0000289                switchToThreadASMFirstTime
                0x00000000c0000297                switchToThreadASM
                0x00000000c000031f                asmQuickAcquireLock
                0x00000000c000033d                asmQuickReleaseLock
                0x00000000c0000349                asmAcquireLock
                0x00000000c000036a                asmReleaseLock
                0x00000000c000037d                loadGDT
                0x00000000c000039d                memcpy
 *fill*         0x00000000c00003a2        0xe 
 .text          0x00000000c00003b0      0x79e acpica/utclib.32
                0x00000000c00003b0                memcmp
                0x00000000c0000400                memmove
                0x00000000c00004f0                memset
                0x00000000c0000560                strlen
                0x00000000c0000590                strpbrk
                0x00000000c00005d0                strtok
                0x00000000c0000620                strcpy
                0x00000000c0000650                strncpy
                0x00000000c0000700                strcmp
                0x00000000c0000750                strchr
                0x00000000c0000780                strncmp
                0x00000000c00007e0                strcat
                0x00000000c0000810                strncat
                0x00000000c0000870                strstr
                0x00000000c00008d0                toupper
                0x00000000c00008f0                tolower
                0x00000000c0000910                simple_strtoul
 .text          0x00000000c0000b4e      0xfad core/malloc.32
                0x00000000c0000cb9                dlfree
                0x00000000c0001014                dlmalloc
                0x00000000c0001551                dlrealloc
                0x00000000c00016f4                dlmemalign
                0x00000000c0001817                dlcalloc
                0x00000000c00018b1                dlcfree
                0x00000000c00018b6                dlindependent_calloc
                0x00000000c00018db                dlindependent_comalloc
                0x00000000c00018f2                dlvalloc
                0x00000000c000191d                dlpvalloc
                0x00000000c0001953                dlmalloc_trim
                0x00000000c0001960                dlmalloc_usable_size
                0x00000000c0001991                dlmallinfo
                0x00000000c0001a60                dlmalloc_stats
                0x00000000c0001a71                dlmallopt
 *fill*         0x00000000c0001afb        0x1 
 .text          0x00000000c0001afc      0x1f2 libk/ctype.32
                0x00000000c0001afc                isblank
                0x00000000c0001b1c                iscntrl
                0x00000000c0001b3c                isdigit
                0x00000000c0001b58                islower
                0x00000000c0001b74                isspace
                0x00000000c0001b9c                isupper
                0x00000000c0001bb8                isalpha
                0x00000000c0001be8                isalnum
                0x00000000c0001c18                ispunct
                0x00000000c0001c58                isgraph
                0x00000000c0001c88                isprint
                0x00000000c0001cb0                isxdigit
 .text          0x00000000c0001cee        0x0 libk/string.32
 .text          0x00000000c0001cee       0x51 fs/fat/diskio.32
                0x00000000c0001cee                disk_status
                0x00000000c0001cf1                disk_initialize
                0x00000000c0001cf4                disk_read
                0x00000000c0001d0a                disk_write
                0x00000000c0001d20                disk_ioctl
 .text          0x00000000c0001d3f     0x3d4b fs/fat/ff.32
                0x00000000c0003adb                f_mount
                0x00000000c0003b3d                f_open
                0x00000000c0003e08                f_read
                0x00000000c0004007                f_write
                0x00000000c000423b                f_sync
                0x00000000c00042f0                f_close
                0x00000000c000431f                f_lseek
                0x00000000c00044c6                f_opendir
                0x00000000c0004591                f_closedir
                0x00000000c00045b3                f_readdir
                0x00000000c0004645                f_stat
                0x00000000c00046c4                f_getfree
                0x00000000c00047c6                f_truncate
                0x00000000c00048aa                f_unlink
                0x00000000c00049cc                f_mkdir
                0x00000000c0004b67                f_rename
                0x00000000c0004d1d                f_chmod
                0x00000000c0004dc6                f_utime
                0x00000000c0004e74                f_getlabel
                0x00000000c0004fc5                f_setlabel
                0x00000000c0005155                f_expand
                0x00000000c00052b5                f_mkfs
 *fill*         0x00000000c0005a8a        0x2 
 .text          0x00000000c0005a8c       0x2f fs/fat/ffsystem.32
                0x00000000c0005a8c                ff_memalloc
                0x00000000c0005aa4                ff_memfree
 *fill*         0x00000000c0005abb        0x1 
 .text          0x00000000c0005abc      0x2a8 fs/fat/ffunicode.32
                0x00000000c0005abc                ff_uni2oem
                0x00000000c0005b5c                ff_oem2uni
                0x00000000c0005bd4                ff_wtoupper
 .text          0x00000000c0005d64     0x1145 fs/iso9660/iso9660.32
                0x00000000c0006064                isoReadDiscSector
                0x00000000c0006145                strnicmp
                0x00000000c00064a8                stricmp
                0x00000000c0006502                iso_open
                0x00000000c00065e2                iso_close
                0x00000000c0006602                iso_read
                0x00000000c0006800                iso_seek
                0x00000000c00068de                iso_tell
                0x00000000c000693b                iso_total
                0x00000000c0006984                fn_postprocess
                0x00000000c00069b8                iso_readdir
                0x00000000c0006c82                iso_reset
                0x00000000c0006c92                init_percd
                0x00000000c0006d97                iso_ioctl
                0x00000000c0006da2                fs_iso9660_init
                0x00000000c0006e31                fs_iso9660_shutdown
 .text          0x00000000c0006ea9       0x94 compat/inlines.32
                0x00000000c0006ea9                CPU::current()
                0x00000000c0006eb5                operator new(unsigned long)
                0x00000000c0006eba                operator delete(void*)
                0x00000000c0006ebf                disableIRQs()
                0x00000000c0006ec1                enableIRQs()
                0x00000000c0006ec3                lockScheduler()
                0x00000000c0006ecb                unlockScheduler()
                0x00000000c0006eda                lockStuff()
                0x00000000c0006ee8                unlockStuff()
                0x00000000c0006f22                Virt::getAKernelVAS()
                0x00000000c0006f28                __not_memcpy
 *fill*         0x00000000c0006f3d        0x3 
 .text          0x00000000c0006f40      0x118 compat/resolve.32
                0x00000000c0006f40                Krnl::resolveCompatibilitySymbol(char*)
 .text          0x00000000c0007058      0x68b core/computer.32
                0x00000000c0007058                Computer::close(int, int, void*)
                0x00000000c000709d                Krnl::firstTask()
                0x00000000c00071d6                Computer::Computer()
                0x00000000c00071d6                Computer::Computer()
                0x00000000c0007288                Computer::setBootMessage(char const*)
                0x00000000c000728a                Computer::detectFeatures()
                0x00000000c0007494                Computer::displayFeatures()
                0x00000000c0007496                Computer::rdmsr(unsigned int)
                0x00000000c00074c2                Computer::wrmsr(unsigned int, unsigned long long)
                0x00000000c00074fa                Computer::shutdown()
                0x00000000c0007512                Computer::restart()
                0x00000000c000752a                Computer::sleep()
                0x00000000c000753e                Computer::nmiEnabled()
                0x00000000c000754a                Computer::readCMOS(unsigned char)
                0x00000000c0007564                Computer::enableNMI(bool)
                0x00000000c000757c                Computer::open(int, int, void*)
                0x00000000c0007650                Computer::disableNMI()
                0x00000000c0007660                Computer::writeCMOS(unsigned char, unsigned char)
                0x00000000c000767e                Computer::handleNMI()
 *fill*         0x00000000c00076e3        0x1 
 .text          0x00000000c00076e4      0x1cf core/gdt.32
                0x00000000c00076e4                GDTEntry::setBase(unsigned int)
                0x00000000c0007700                GDTEntry::setLimit(unsigned int)
                0x00000000c000771e                GDT::GDT()
                0x00000000c000771e                GDT::GDT()
                0x00000000c0007734                GDT::addEntry(GDTEntry)
                0x00000000c0007756                GDT::getNumberOfEntries()
                0x00000000c000775e                GDT::flush()
                0x00000000c0007780                GDT::setup()
 .text          0x00000000c00078b3       0x19 core/idle.32
                0x00000000c00078b3                idleFunction(void*)
 .text          0x00000000c00078cc      0x464 core/idt.32
                0x00000000c00078cc                IDTEntry::IDTEntry(bool)
                0x00000000c00078cc                IDTEntry::IDTEntry(bool)
                0x00000000c000793e                IDTEntry::setOffset(unsigned int)
                0x00000000c0007954                IDT::IDT()
                0x00000000c0007954                IDT::IDT()
                0x00000000c0007956                IDT::getPointerToInvalidOpcodeEntryForF00F()
                0x00000000c000795e                IDT::addEntry(IDTEntry, int)
                0x00000000c0007978                IDT::addEntry(int, void (*)(), bool)
                0x00000000c00079b0                IDT::flush()
                0x00000000c00079ca                IDT::setup()
 .text          0x00000000c0007d30      0x183 core/kheap.32
                0x00000000c0007d30                sbrk
                0x00000000c0007dc5                mmap
                0x00000000c0007ddb                munmap
                0x00000000c0007df1                liballoc_lock()
                0x00000000c0007dfe                liballoc_unlock()
                0x00000000c0007e12                liballoc_alloc(int)
                0x00000000c0007e2a                liballoc_free(void*, int)
                0x00000000c0007e45                realloc
                0x00000000c0007e59                malloc
                0x00000000c0007e69                free
                0x00000000c0007e79                rfree
                0x00000000c0007e89                calloc
 .text          0x00000000c0007eb3      0x1b4 core/main.32
                0x00000000c0007eb3                Krnl::setBootMessage(char const*)
                0x00000000c0007f1f                kernel_main
 .text          0x00000000c0008067      0x5dc core/physmgr.32
                0x00000000c0008067                Phys::allocateDMA(unsigned long)
                0x00000000c000813e                Phys::freeDMA(unsigned long, unsigned long)
                0x00000000c0008171                Phys::setPageState(unsigned long, bool)
                0x00000000c00081a3                Phys::getPageState(unsigned long)
                0x00000000c00081c4                Phys::freePage(unsigned long)
                0x00000000c0008226                Phys::allocatePage()
                0x00000000c00082e4                Phys::allocateContiguousPages(int)
                0x00000000c0008340                Phys::allowSegmentToBeUsed(unsigned long, unsigned long)
                0x00000000c0008378                Phys::physicalMemorySetup(unsigned int)
 *fill*         0x00000000c0008643        0x1 
 .text          0x00000000c0008644      0x273 core/pipe.32
                0x00000000c0008644                Pipe::isAtty()
                0x00000000c0008648                Pipe::~Pipe()
                0x00000000c0008648                Pipe::~Pipe()
                0x00000000c000866c                Pipe::~Pipe()
                0x00000000c0008694                Pipe::write(unsigned long long, void*, int*)
                0x00000000c0008754                Pipe::read(unsigned long long, void*, int*)
                0x00000000c0008850                Pipe::Pipe(int)
                0x00000000c0008850                Pipe::Pipe(int)
 *fill*         0x00000000c00088b7        0x1 
 .text          0x00000000c00088b8      0xa1e core/terminal.32
                0x00000000c00088b8                VgaText::isAtty()
                0x00000000c00088bc                VgaText::~VgaText()
                0x00000000c00088bc                VgaText::~VgaText()
                0x00000000c00088e0                VgaText::~VgaText()
                0x00000000c000890a                VgaText::read(unsigned long long, void*, int*)
                0x00000000c000892a                setTerminalScrollLock(bool)
                0x00000000c000892b                doTerminalCycle()
                0x00000000c000892c                addToTerminalCycle(VgaText*)
                0x00000000c000892d                scrollTerminalScrollLock(int)
                0x00000000c000892e                VgaText::updateTitle()
                0x00000000c0008930                VgaText::load()
                0x00000000c0008932                VgaText::updateCursor()
                0x00000000c0008948                VgaText::doANSI_SGR(int)
                0x00000000c00089bc                VgaText::setDefaultBgColour(VgaColour)
                0x00000000c00089cc                VgaText::setDefaultFgColour(VgaColour)
                0x00000000c00089dc                VgaText::setDefaultColours(VgaColour, VgaColour)
                0x00000000c00089fc                VgaText::setTitleTextColour(VgaColour)
                0x00000000c0008a08                VgaText::setTitleColour(VgaColour)
                0x00000000c0008a14                VgaText::setTitle(char*)
                0x00000000c0008a16                VgaText::combineColours(unsigned char, unsigned char)
                0x00000000c0008a28                VgaText::scrollScreen()
                0x00000000c0008ac0                VgaText::combineCharAndColour(char, unsigned char)
                0x00000000c0008ad2                VgaText::writeCharacter(char, VgaColour, VgaColour, int, int)
                0x00000000c0008b62                VgaText::getCursorX()
                0x00000000c0008b6a                VgaText::getCursorY()
                0x00000000c0008b72                VgaText::setCursor(int, int)
                0x00000000c0008b89                setActiveTerminal(VgaText*)
                0x00000000c0008bd4                VgaText::clearScreen()
                0x00000000c0008c22                VgaText::setCursorX(int)
                0x00000000c0008c3a                VgaText::setCursorY(int)
                0x00000000c0008c52                VgaText::incrementCursor(bool)
                0x00000000c0008ca6                VgaText::decrementCursor(bool)
                0x00000000c0008cc8                VgaText::putchar(char, VgaColour, VgaColour)
                0x00000000c0008d96                VgaText::putchar(char)
                0x00000000c0008e82                VgaText::putx(unsigned int)
                0x00000000c0008ec8                VgaText::puts(char const*)
                0x00000000c0008eee                VgaText::write(unsigned long long, void*, int*)
                0x00000000c0008f3a                VgaText::puts(char const*, VgaColour, VgaColour)
                0x00000000c000908c                VgaText::VgaText(char const*)
                0x00000000c000908c                VgaText::VgaText(char const*)
                0x00000000c00091d8                VgaText::receiveKey(unsigned char)
                0x00000000c00092b0                VgaText::doUpdate()
                0x00000000c00092b1                newTerminal(char*)
 *fill*         0x00000000c00092d6        0x2 
 .text          0x00000000c00092d8      0x1a1 core/tss.32
                0x00000000c00092d8                TSS::TSS()
                0x00000000c00092d8                TSS::TSS()
                0x00000000c00092e8                TSS::setESP(unsigned long)
                0x00000000c00092fc                TSS::flush()
                0x00000000c000931c                TSS::setup(unsigned long, unsigned long)
 *fill*         0x00000000c0009479        0x1 
 .text          0x00000000c000947a      0x4c2 core/unixfile.32
                0x00000000c000947a                ReservedFilename::read(unsigned long long, void*, int*)
                0x00000000c00094d0                ReservedFilename::isAtty()
                0x00000000c00094ec                ReservedFilename::write(unsigned long long, void*, int*)
                0x00000000c000954a                UnixFile::getFileDescriptor()
                0x00000000c0009552                UnixFile::UnixFile(int)
                0x00000000c0009552                UnixFile::UnixFile(int)
                0x00000000c0009702                ReservedFilename::ReservedFilename(int)
                0x00000000c0009702                ReservedFilename::ReservedFilename(int)
                0x00000000c0009734                UnixFile::~UnixFile()
                0x00000000c0009734                UnixFile::~UnixFile()
                0x00000000c00097cc                UnixFile::~UnixFile()
                0x00000000c00097f4                ReservedFilename::~ReservedFilename()
                0x00000000c00097f4                ReservedFilename::~ReservedFilename()
                0x00000000c0009818                ReservedFilename::~ReservedFilename()
                0x00000000c000983f                getFromFileDescriptor(int)
 .text          0x00000000c000993c     0x1166 core/virtmgr.32
                0x00000000c000993c                Virt::setPageState(unsigned long, Virt::VirtPageState)
                0x00000000c0009971                Virt::getPageState(unsigned long)
                0x00000000c0009995                Virt::allocateKernelVirtualPages(int)
                0x00000000c0009aa6                Virt::freeSwapfilePage(unsigned long)
                0x00000000c0009ac4                Virt::swapIDToSector(unsigned long)
                0x00000000c0009ad6                Virt::allocateSwapfilePage()
                0x00000000c0009b54                Virt::virtualMemorySetup()
                0x00000000c0009b9f                Virt::setupPageSwapping(int)
                0x00000000c0009c10                VAS::VAS()
                0x00000000c0009c10                VAS::VAS()
                0x00000000c0009c4c                VAS::VAS(VAS*)
                0x00000000c0009c4c                VAS::VAS(VAS*)
                0x00000000c0009c7a                VAS::getForeignPageTableEntry(bool, unsigned long)
                0x00000000c0009ca6                VAS::getPageTableEntry(unsigned long)
                0x00000000c0009cc5                Virt::freeKernelVirtualPages(unsigned long)
                0x00000000c0009dea                VAS::freeAllocatedPages(unsigned long)
                0x00000000c0009e0e                VAS::virtualToPhysical(unsigned long)
                0x00000000c0009e28                VAS::reflagRange(unsigned long, int, int, int)
                0x00000000c0009e68                VAS::setToWriteCombining(unsigned long, int)
                0x00000000c0009e9c                VAS::mapOtherVASIn(bool, VAS*)
                0x00000000c0009ec6                VAS::~VAS()
                0x00000000c0009ec6                VAS::~VAS()
                0x00000000c000a02a                VAS::mapPage(unsigned long, unsigned long, int)
                0x00000000c000a12e                VAS::allocatePages(int, int)
                0x00000000c000a306                VAS::setCPUSpecific(unsigned long)
                0x00000000c000a324                VAS::mapRange(unsigned long, unsigned long, int, int)
                0x00000000c000a3ea                VAS::mapForeignPage(bool, VAS*, unsigned long, unsigned long, int)
                0x00000000c000a4d8                VAS::VAS(bool)
                0x00000000c000a4d8                VAS::VAS(bool)
                0x00000000c000a758                VAS::evict(unsigned long)
                0x00000000c000a81a                VAS::tryLoadBackOffDisk(unsigned long)
                0x00000000c000a908                VAS::scanForEviction()
                0x00000000c000a9e8                mapVASFirstTime
 .text          0x00000000c000aaa2       0x5f coreobjs/c++.32
                0x00000000c000aaa2                __cxa_atexit
                0x00000000c000aaa5                __cxa_finalize
                0x00000000c000aaa6                __stack_chk_fail
                0x00000000c000aadc                __cxa_pure_virtual
                0x00000000c000aaed                operator new[](unsigned long)
                0x00000000c000aaf2                operator delete(void*, unsigned long)
                0x00000000c000aaf7                operator delete[](void*)
                0x00000000c000aafc                operator delete[](void*, unsigned long)
 .text          0x00000000c000ab01      0x21c dbg/kconsole.32
                0x00000000c000ab01                Dbg::stringifyxWithBase(unsigned int, char*, int)
                0x00000000c000ab6c                Dbg::logc(char)
                0x00000000c000ab8c                Dbg::logs(char*)
                0x00000000c000aba9                Dbg::logWriteInt(unsigned int)
                0x00000000c000abc7                Dbg::logWriteIntBase(unsigned int, int)
                0x00000000c000abe8                Dbg::kprintf(char const*, ...)
 *fill*         0x00000000c000ad1d        0x1 
 .text          0x00000000c000ad1e      0xc5c fs/vfs.32
                0x00000000c000ad1e                File::read(unsigned long long, void*, int*)
                0x00000000c000ad76                File::write(unsigned long long, void*, int*)
                0x00000000c000adce                Directory::read(unsigned long long, void*, int*)
                0x00000000c000ae26                Directory::write(unsigned long long, void*, int*)
                0x00000000c000ae54                File::isAtty()
                0x00000000c000ae58                Directory::isAtty()
                0x00000000c000ae5c                Filesystem::getlabel(LogicalDisk*, int, char*, unsigned int*)
                0x00000000c000ae62                Filesystem::setlabel(LogicalDisk*, int, char*)
                0x00000000c000ae68                Filesystem::allocateSwapfile(char const*, int)
                0x00000000c000ae6e                File::~File()
                0x00000000c000ae6e                File::~File()
                0x00000000c000ae92                File::~File()
                0x00000000c000aebc                Directory::~Directory()
                0x00000000c000aebc                Directory::~Directory()
                0x00000000c000aee0                Directory::~Directory()
                0x00000000c000af0a                Filesystem::Filesystem()
                0x00000000c000af0a                Filesystem::Filesystem()
                0x00000000c000af2e                Filesystem::~Filesystem()
                0x00000000c000af2e                Filesystem::~Filesystem()
                0x00000000c000af3c                Filesystem::~Filesystem()
                0x00000000c000af60                Fs::getcwd(Process*, char*, int)
                0x00000000c000af8a                Fs::initVFS()
                0x00000000c000afb4                Fs::standardiseFiles(char*, char const*, char const*)
                0x00000000c000b15e                File::File(char const*, Process*)
                0x00000000c000b15e                File::File(char const*, Process*)
                0x00000000c000b21e                File::open(FileOpenMode)
                0x00000000c000b27c                File::close()
                0x00000000c000b2dc                File::seek(unsigned long long)
                0x00000000c000b332                File::tell(unsigned long long*)
                0x00000000c000b382                File::rewind()
                0x00000000c000b396                File::unlink()
                0x00000000c000b3e2                File::rename(char const*)
                0x00000000c000b430                File::chfatattr(unsigned char, unsigned char)
                0x00000000c000b48c                File::exists()
                0x00000000c000b4ca                File::stat(unsigned long long*, bool*)
                0x00000000c000b52b                Fs::setcwd(Process*, char*)
                0x00000000c000b688                Directory::Directory(char const*, Process*)
                0x00000000c000b688                Directory::Directory(char const*, Process*)
                0x00000000c000b748                Directory::open()
                0x00000000c000b7a4                Directory::close()
                0x00000000c000b804                Directory::unlink()
                0x00000000c000b850                Directory::rename(char const*)
                0x00000000c000b89e                Directory::exists()
                0x00000000c000b8dc                Directory::read(dirent*)
                0x00000000c000b928                Directory::create()
                0x00000000c000b974                Filesystem::chfatattr(char const*, unsigned char, unsigned char)
 *fill*         0x00000000c000b97a        0x2 
 .text          0x00000000c000b97c       0x86 hal/bus.32
                0x00000000c000b97c                Bus::Bus(char const*)
                0x00000000c000b97c                Bus::Bus(char const*)
                0x00000000c000b9b4                Bus::~Bus()
                0x00000000c000b9b4                Bus::~Bus()
                0x00000000c000b9d8                Bus::~Bus()
 .text          0x00000000c000ba02       0x96 hal/buzzer.32
                0x00000000c000ba02                beepThread(void*)
                0x00000000c000ba3f                Krnl::beep(int, int, bool)
 .text          0x00000000c000ba98      0x46d hal/clock.32
                0x00000000c000ba98                User::loadClockSettings(int)
                0x00000000c000baea                Clock::Clock(char const*)
                0x00000000c000baea                Clock::Clock(char const*)
                0x00000000c000bb20                Clock::~Clock()
                0x00000000c000bb20                Clock::~Clock()
                0x00000000c000bb44                Clock::~Clock()
                0x00000000c000bb6e                Clock::timeInSecondsLocal()
                0x00000000c000bbb6                Clock::setTimeInSecondsLocal(unsigned long long)
                0x00000000c000bc0f                datetimeToSeconds(datetime_t)
                0x00000000c000bd3c                Clock::setTimeInDatetimeLocal(datetime_t)
                0x00000000c000bd9c                secondsToDatetime(unsigned long long)
                0x00000000c000bee0                Clock::timeInDatetimeLocal()
 *fill*         0x00000000c000bf05        0x1 
 .text          0x00000000c000bf06      0x464 hal/device.32
                0x00000000c000bf06                Device::hibernate()
                0x00000000c000bf08                Device::wake()
                0x00000000c000bf0a                Device::detect()
                0x00000000c000bf0c                Device::disableLegacy()
                0x00000000c000bf0e                Device::powerSaving(PowerSavingLevel)
                0x00000000c000bf10                DriverlessDevice::close(int, int, void*)
                0x00000000c000bf14                DriverlessDevice::detect()
                0x00000000c000bf16                DriverlessDevice::open(int, int, void*)
                0x00000000c000bf2a                Device::~Device()
                0x00000000c000bf2a                Device::~Device()
                0x00000000c000bf38                Device::~Device()
                0x00000000c000bf60                Device::findAndLoadDriver()
                0x00000000c000bf6e                Device::preOpenPCI(PCIDeviceInfo)
                0x00000000c000bf94                Device::preOpenACPI(void*, char*, char*)
                0x00000000c000bfd4                Device::addIRQHandler(int, void (*)(regs*, void*), bool, void*)
                0x00000000c000bffe                Device::getParent()
                0x00000000c000c00a                Device::removeIRQHandler(int, void (*)(regs*, void*), bool)
                0x00000000c000c028                Device::addChild(Device*)
                0x00000000c000c06c                Device::removeAllChildren()
                0x00000000c000c0b2                Device::hibernateAll()
                0x00000000c000c0e2                Device::wakeAll()
                0x00000000c000c112                Device::detectAll()
                0x00000000c000c142                Device::disableLegacyAll()
                0x00000000c000c144                Device::loadDriversForAll()
                0x00000000c000c146                Device::closeAll()
                0x00000000c000c17c                Device::powerSavingAll(PowerSavingLevel)
                0x00000000c000c1b2                Device::setName(char const*)
                0x00000000c000c1c0                Device::Device(char const*)
                0x00000000c000c1c0                Device::Device(char const*)
                0x00000000c000c2bc                Device::getName()
                0x00000000c000c2c6                DriverlessDevice::DriverlessDevice(char const*)
                0x00000000c000c2c6                DriverlessDevice::DriverlessDevice(char const*)
                0x00000000c000c2fc                Device::addToLinkedList(LinkedList<Device>&, DeviceType)
                0x00000000c000c340                getDevicesOfType(DeviceType)
 *fill*         0x00000000c000c36a        0x2 
 .text          0x00000000c000c36c       0x86 hal/diskctrl.32
                0x00000000c000c36c                HardDiskController::HardDiskController(char const*)
                0x00000000c000c36c                HardDiskController::HardDiskController(char const*)
                0x00000000c000c3a4                HardDiskController::~HardDiskController()
                0x00000000c000c3a4                HardDiskController::~HardDiskController()
                0x00000000c000c3c8                HardDiskController::~HardDiskController()
 .text          0x00000000c000c3f2       0xe2 hal/diskphys.32
                0x00000000c000c3f2                PhysicalDisk::eject()
                0x00000000c000c3f6                PhysicalDisk::PhysicalDisk(char const*, int)
                0x00000000c000c3f6                PhysicalDisk::PhysicalDisk(char const*, int)
                0x00000000c000c45e                PhysicalDisk::startCache()
                0x00000000c000c486                PhysicalDisk::~PhysicalDisk()
                0x00000000c000c486                PhysicalDisk::~PhysicalDisk()
                0x00000000c000c4aa                PhysicalDisk::~PhysicalDisk()
 .text          0x00000000c000c4d4        0x0 hal/fpu.32
 .text          0x00000000c000c4d4      0x35d hal/intctrl.32
                0x00000000c000c4d4                int_handler
                0x00000000c000c55c                installISRHandler(int, void (*)(regs*, void*), void*)
                0x00000000c000c5a4                installIRQHandler(int, void (*)(regs*, void*), bool, void*)
                0x00000000c000c6dc                uninstallISRHandler(int, void (*)(regs*, void*))
                0x00000000c000c710                uninstallIRQHandler(int, void (*)(regs*, void*), bool)
                0x00000000c000c78f                setupINTS()
                0x00000000c000c7ec                convertLegacyIRQNumber(int)
 *fill*         0x00000000c000c831        0x1 
 .text          0x00000000c000c832      0x78c hal/keybrd.32
                0x00000000c000c832                startGUI(void*)
                0x00000000c000c89e                startGUIVESA(void*)
                0x00000000c000c90a                sendKeyToTerminal(unsigned char)
                0x00000000c000c9cd                sendKeyboardToken(KeyboardToken)
                0x00000000c000ce0d                clearInternalKeybuffer(VgaText*)
                0x00000000c000ce42                readKeyboard(VgaText*, char*, unsigned long)
                0x00000000c000cf34                Keyboard::Keyboard(char const*)
                0x00000000c000cf34                Keyboard::Keyboard(char const*)
                0x00000000c000cf70                Keyboard::~Keyboard()
                0x00000000c000cf70                Keyboard::~Keyboard()
                0x00000000c000cf94                Keyboard::~Keyboard()
 .text          0x00000000c000cfbe      0x3ea hal/logidisk.32
                0x00000000c000cfbe                LogicalDisk::close(int, int, void*)
                0x00000000c000cfc2                LogicalDisk::~LogicalDisk()
                0x00000000c000cfc2                LogicalDisk::~LogicalDisk()
                0x00000000c000cfe6                LogicalDisk::~LogicalDisk()
                0x00000000c000d010                LogicalDisk::open(int, int, void*)
                0x00000000c000d024                LogicalDisk::absoluteToRelative(unsigned long long)
                0x00000000c000d05c                LogicalDisk::relativeToAbsolute(unsigned long long)
                0x00000000c000d0a2                LogicalDisk::LogicalDisk(char const*, PhysicalDisk*, unsigned long long, unsigned long long)
                0x00000000c000d0a2                LogicalDisk::LogicalDisk(char const*, PhysicalDisk*, unsigned long long, unsigned long long)
                0x00000000c000d158                LogicalDisk::assignDriveLetter()
                0x00000000c000d20e                LogicalDisk::mount()
                0x00000000c000d256                LogicalDisk::unmount()
                0x00000000c000d266                LogicalDisk::eject()
                0x00000000c000d27a                LogicalDisk::unassignDriveLetter()
                0x00000000c000d2d0                LogicalDisk::read(unsigned long long, int, void*)
                0x00000000c000d33c                LogicalDisk::write(unsigned long long, int, void*)
 .text          0x00000000c000d3a8       0x86 hal/mouse.32
                0x00000000c000d3a8                Mouse::Mouse(char const*)
                0x00000000c000d3a8                Mouse::Mouse(char const*)
                0x00000000c000d3e0                Mouse::~Mouse()
                0x00000000c000d3e0                Mouse::~Mouse()
                0x00000000c000d404                Mouse::~Mouse()
 .text          0x00000000c000d42e      0x339 hal/partition.32
                0x00000000c000d42e                makePartition(PhysicalDisk*, unsigned long long, unsigned long long)
                0x00000000c000d4d6                createPartitionsForDisk(PhysicalDisk*)
 *fill*         0x00000000c000d767        0x1 
 .text          0x00000000c000d768       0x86 hal/serial.32
                0x00000000c000d768                Serial::Serial(char const*)
                0x00000000c000d768                Serial::Serial(char const*)
                0x00000000c000d7a0                Serial::~Serial()
                0x00000000c000d7a0                Serial::~Serial()
                0x00000000c000d7c4                Serial::~Serial()
 *fill*         0x00000000c000d7ee        0x2 
 .text          0x00000000c000d7f0      0x234 hal/timer.32
                0x00000000c000d7f0                Timer::Timer(char const*)
                0x00000000c000d7f0                Timer::Timer(char const*)
                0x00000000c000d828                Timer::~Timer()
                0x00000000c000d828                Timer::~Timer()
                0x00000000c000d84c                Timer::~Timer()
                0x00000000c000d876                Timer::read()
                0x00000000c000d881                setupTimer(int)
                0x00000000c000d8bc                timerHandler(unsigned int)
 .text          0x00000000c000da24      0x43e hal/vcache.32
                0x00000000c000da24                VCache::VCache(PhysicalDisk*)
                0x00000000c000da24                VCache::VCache(PhysicalDisk*)
                0x00000000c000db8c                VCache::invalidateReadBuffer()
                0x00000000c000db9c                VCache::writeWriteBuffer()
                0x00000000c000dbe8                VCache::~VCache()
                0x00000000c000dbe8                VCache::~VCache()
                0x00000000c000dc3c                VCache::~VCache()
                0x00000000c000dc64                VCache::write(unsigned long long, int, void*)
                0x00000000c000dd5e                VCache::read(unsigned long long, int, void*)
 .text          0x00000000c000de62      0x4b3 hal/video.32
                0x00000000c000de62                Video::putrect(int, int, int, int, unsigned int)
                0x00000000c000deae                Video::bitblit(int, int, int, int, int, int, int, unsigned int*)
                0x00000000c000df1e                Video::blit(unsigned int*, int, int, int, int)
                0x00000000c000df9c                Video::clearScreen(unsigned int)
                0x00000000c000dfd0                Video::putpixel(int, int, unsigned int)
                0x00000000c000dfde                Video::Video(char const*)
                0x00000000c000dfde                Video::Video(char const*)
                0x00000000c000e014                Video::~Video()
                0x00000000c000e014                Video::~Video()
                0x00000000c000e038                Video::~Video()
                0x00000000c000e062                Video::isMonochrome()
                0x00000000c000e06e                Video::getWidth()
                0x00000000c000e07a                Video::getHeight()
                0x00000000c000e086                Video::drawCursor(int, int, unsigned char*, int)
                0x00000000c000e142                Video::tgaParse(unsigned char*, int, int*, int*)
                0x00000000c000e2aa                Video::putTGA(int, int, unsigned char*, int)
 *fill*         0x00000000c000e315        0x3 
 .text          0x00000000c000e318     0x1307 hw/acpi.32
                0x00000000c000e318                ACPI::close(int, int, void*)
                0x00000000c000e3d0                findRSDP()
                0x00000000c000e460                loadACPITables(unsigned char*)
                0x00000000c000e6c4                findRSDT(unsigned char*)
                0x00000000c000e814                findDataTable(unsigned char*, char*)
                0x00000000c000e88c                scanMADT()
                0x00000000c000ed60                ACPI::ACPI()
                0x00000000c000ed60                ACPI::ACPI()
                0x00000000c000edb4                ACPI::getPCIIRQAssignment(unsigned char, unsigned short, unsigned char)
                0x00000000c000ee9c                ACPI::registerPCIIRQAssignment(void*, unsigned short, unsigned char, unsigned char)
                0x00000000c000ef64                ACPI::setScreenBrightnessLevel(void*, int)
                0x00000000c000ef6c                ACPI::detectPCI()
                0x00000000c000f174                ACPI::writeSimpleBootFlag(SimpleBootFlagTable*)
                0x00000000c000f1c8                ACPI::sleep()
                0x00000000c000f1e4                ACPI::open(int, int, void*)
 *fill*         0x00000000c000f61f        0x1 
 .text          0x00000000c000f620      0xb95 hw/cpu.32
                0x00000000c000f620                CPU::close(int, int, void*)
                0x00000000c000f624                CPU::AMD_K6_write_msr(unsigned int, unsigned int, unsigned int, CPU::REGS*)
                0x00000000c000f640                CPU::AMD_K6_read_msr(unsigned int, CPU::REGS*)
                0x00000000c000f658                CPU::AMD_K6_writeback(int, int, int)
                0x00000000c000f6cc                CPU::cpuid(int, unsigned long*, unsigned long*, unsigned long*, unsigned long*)
                0x00000000c000f750                CPU::cpuidCheckEDX(unsigned int)
                0x00000000c000f77e                CPU::cpuidCheckECX(unsigned int)
                0x00000000c000f7ac                CPU::cpuidCheckExtendedEBX(unsigned int)
                0x00000000c000f7da                CPU::cpuidCheckExtendedECX(unsigned int)
                0x00000000c000f808                CPU::CPU()
                0x00000000c000f808                CPU::CPU()
                0x00000000c000f896                CPU::displayFeatures()
                0x00000000c000f898                CPU::detectFeatures()
                0x00000000c000ff5c                CPU::setupSMEP()
                0x00000000c000ff68                CPU::setupUMIP()
                0x00000000c000ff72                CPU::setupTSC()
                0x00000000c000ff7c                CPU::setupLargePages()
                0x00000000c000ff86                CPU::setupPAT()
                0x00000000c000ffc2                CPU::setupMTRR()
                0x00000000c000ffc4                CPU::setupGlobalPages()
                0x00000000c000ffce                CPU::allowUsermodeDataAccess()
                0x00000000c000ffe0                CPU::prohibitUsermodeDataAccess()
                0x00000000c000fff2                CPU::setupSMAP()
                0x00000000c0010000                CPU::setupFeatures()
                0x00000000c00100cc                CPU::open(int, int, void*)
 *fill*         0x00000000c00101b5        0x1 
 .text          0x00000000c00101b6      0x581 krnl/env.32
                0x00000000c00101b6                EnvVarContainer::getEnv(char const*)
                0x00000000c00101f4                EnvVarContainer::setEnv(char const*, char const*)
                0x00000000c00102b6                EnvVarContainer::deleteEnv(char const*)
                0x00000000c00102b8                EnvVarContainer::loadFrom(char const*, char const*)
                0x00000000c001049e                EnvVarContainer::__loadSystem()
                0x00000000c00104b8                EnvVarContainer::__loadUser()
                0x00000000c00104ba                EnvVarContainer::EnvVarContainer(Process*)
                0x00000000c00104ba                EnvVarContainer::EnvVarContainer(Process*)
                0x00000000c00104dc                EnvVarContainer::~EnvVarContainer()
                0x00000000c00104dc                EnvVarContainer::~EnvVarContainer()
                0x00000000c001050c                Krnl::getEnv(Process*, char const*)
                0x00000000c0010571                Krnl::setEnvSystem(char const*, char const*)
                0x00000000c001058b                Krnl::setEnvUser(char const*, char const*)
                0x00000000c00105aa                Krnl::setEnvProcess(Process*, char const*, char const*)
                0x00000000c00105bd                Krnl::deleteEnvSystem(char const*)
                0x00000000c00105be                Krnl::deleteEnvUser(char const*)
                0x00000000c00105bf                Krnl::deleteEnvProcess(Process*, char const*)
                0x00000000c00105c0                Krnl::newProcessEnv(Process*)
                0x00000000c00105e2                Krnl::copyProcessEnv(Process*, Process*)
                0x00000000c001062e                Krnl::loadSystemEnv()
                0x00000000c001065c                Krnl::loadUserEnv()
                0x00000000c0010682                Krnl::flushEnv()
                0x00000000c0010683                Krnl::getProcessTotalEnvCount(Process*)
                0x00000000c00106a3                Krnl::getProcessEnvPair(Process*, int)
 .text          0x00000000c0010737      0x108 krnl/panic.32
                0x00000000c0010737                Krnl::panic(char const*)
 .text          0x00000000c001083f      0x142 krnl/powctrl.32
                0x00000000c001083f                Krnl::powerThread(void*)
                0x00000000c001086d                Krnl::changePowerSettings(Krnl::PowerSettings)
                0x00000000c0010883                Krnl::userIOReceived()
                0x00000000c001088e                Krnl::handlePowerButton()
                0x00000000c00108c3                Krnl::handleSleepButton()
                0x00000000c00108f8                Krnl::setupPowerManager()
 .text          0x00000000c0010981      0x50e reg/registry.32
                0x00000000c0010981                Reg::findLineFromLoadedData(char*, char*, char*)
                0x00000000c0010ad9                Reg::getLineFromRegistry(char*, char*, char*, char*)
                0x00000000c0010c2e                Reg::getLine(char*, char*, char*)
                0x00000000c0010c65                Reg::readInt(char*, char*, int*)
                0x00000000c0010d50                Reg::readString(char*, char*, char*, int)
                0x00000000c0010dd1                Reg::readBool(char*, char*, bool*)
                0x00000000c0010df6                Reg::readBoolWithDefault(char*, char*, bool)
                0x00000000c0010e22                Reg::readIntWithDefault(char*, char*, int)
                0x00000000c0010e4e                Reg::readStringWithDefault(char*, char*, char*, int, char*)
 .text          0x00000000c0010e8f       0x36 sys/sc_eject.32
                0x00000000c0010e8f                Sys::eject(regs*)
 .text          0x00000000c0010ec5       0x18 sys/sc_exit.32
                0x00000000c0010ec5                Sys::exit(regs*)
 .text          0x00000000c0010edd       0x1f sys/sc_getcwd.32
                0x00000000c0010edd                Sys::getCwd(regs*)
 .text          0x00000000c0010efc        0xc sys/sc_getpid.32
                0x00000000c0010efc                Sys::getPID(regs*)
 .text          0x00000000c0010f08       0x1a sys/sc_getramdata.32
                0x00000000c0010f08                Sys::getRAMData(regs*)
 .text          0x00000000c0010f22       0x82 sys/sc_getvgaptr.32
                0x00000000c0010f22                Sys::getVGAPtr(regs*)
 .text          0x00000000c0010fa4       0xa8 sys/sc_loaddll.32
                0x00000000c0010fa4                Sys::loadDLL(regs*)
 .text          0x00000000c001104c       0x68 sys/sc_read.32
                0x00000000c001104c                Sys::read(regs*)
 .text          0x00000000c00110b4       0x55 sys/sc_sbrk.32
                0x00000000c00110b4                Sys::sbrk(regs*)
 .text          0x00000000c0011109       0x1c sys/sc_setcwd.32
                0x00000000c0011109                Sys::setCwd(regs*)
 .text          0x00000000c0011125       0x95 sys/sc_settime.32
                0x00000000c0011125                Sys::setTime(regs*)
 .text          0x00000000c00111ba       0x4a sys/sc_timezone.32
                0x00000000c00111ba                Sys::timezone(regs*)
 .text          0x00000000c0011204       0x68 sys/sc_write.32
                0x00000000c0011204                Sys::write(regs*)
 .text          0x00000000c001126c       0x62 sys/sc_wsbe.32
                0x00000000c001126c                Sys::wsbe(regs*)
 .text          0x00000000c00112ce       0x25 sys/sc_yield.32
                0x00000000c00112ce                Sys::yield(regs*)
 .text          0x00000000c00112f3      0xe2c sys/syscalls.32
                0x00000000c00112f3                sysCallSeekDir(regs*)
                0x00000000c00112f8                sysCallTellDir(regs*)
                0x00000000c00112fd                sysCallVerify(regs*)
                0x00000000c0011307                sysCallGetArgc(regs*)
                0x00000000c0011317                sysCallTTYName(regs*)
                0x00000000c001131f                sysFormatDisk(regs*)
                0x00000000c001138c                sysSetDiskVolumeLabel(regs*)
                0x00000000c00113d6                sysGetDiskVolumeLabel(regs*)
                0x00000000c001142b                sysShutdown(regs*)
                0x00000000c0011489                sysCallRealpath(regs*)
                0x00000000c00114cc                sysCallReadDir(regs*)
                0x00000000c001154c                sysCallIsATTY(regs*)
                0x00000000c00115a8                sysCallSeek(regs*)
                0x00000000c0011601                sysCallTell(regs*)
                0x00000000c0011670                sysCallSize(regs*)
                0x00000000c00116e5                sysCallSizeFromFilename(regs*)
                0x00000000c0011798                sysCallClose(regs*)
                0x00000000c00117f8                sysCallOpenDir(regs*)
                0x00000000c001186f                sysCallCloseDir(regs*)
                0x00000000c00118c3                sysCallMakeDir(regs*)
                0x00000000c0011935                sysCallWait(regs*)
                0x00000000c0011952                sysCallNotImpl(regs*)
                0x00000000c001196d                sysPanic(regs*)
                0x00000000c0011988                sysCallRmdir(regs*)
                0x00000000c00119ef                sysCallUnlink(regs*)
                0x00000000c0011a56                sysCallGetArgv(regs*)
                0x00000000c0011aa3                sysCallUSleep(regs*)
                0x00000000c0011acc                sysCallSpawn(regs*)
                0x00000000c0011b35                sysCallGetEnv(regs*)
                0x00000000c0011be4                sysSetFatAttrib(regs*)
                0x00000000c0011c5b                sysPipe(regs*)
                0x00000000c0011ca0                sysGetUnixTime(regs*)
                0x00000000c0011cb4                string_ends_with(char const*, char const*)
                0x00000000c0011cfe                sysCallOpen(regs*)
                0x00000000c0011ef2                Sys::loadSyscalls()
                0x00000000c00120dd                Sys::systemCall(regs*, void*)
 .text          0x00000000c001211f     0x11e5 thr/elf.32
                0x00000000c001211f                Thr::allocateMemoryForTask(Process*, File*, unsigned long, unsigned long, unsigned long)
                0x00000000c00123ab                Thr::loadProgramIntoMemory(Process*, char const*)
                0x00000000c00125c1                Thr::runtimeReferenceHelper()
                0x00000000c00125d4                Thr::getAddressOfKernelSymbol(char const*)
                0x00000000c0012623                Thr::loadKernelSymbolTable(char const*)
                0x00000000c00128e1                Thr::loadDriverIntoMemory(char const*, unsigned long, bool)
                0x00000000c0013017                Thr::getDriverBaseFromAddress(unsigned long)
                0x00000000c0013049                Thr::getDriverNameFromAddress(unsigned long)
                0x00000000c0013080                Thr::getDriverOffsetFromAddress(unsigned long)
                0x00000000c001309a                Thr::loadDLL(char const*, bool)
                0x00000000c00132cb                Thr::executeDLL(unsigned long, void*)
 .text          0x00000000c0013304     0x12c5 thr/prcssthr.32
                0x00000000c0013304                userModeEntryPoint(void*)
                0x00000000c001332c                changeTSS
                0x00000000c001335c                switchToThread(ThreadControlBlock*)
                0x00000000c0013410                Process::addArgs(char**)
                0x00000000c0013470                Process::Process(char const*, Process*, char**)
                0x00000000c0013470                Process::Process(char const*, Process*, char**)
                0x00000000c0013660                Process::Process(bool, char const*, Process*, char**)
                0x00000000c0013660                Process::Process(bool, char const*, Process*, char**)
                0x00000000c001381c                taskStartupFunction
                0x00000000c0013828                Semaphore::Semaphore(int)
                0x00000000c0013828                Semaphore::Semaphore(int)
                0x00000000c0013858                Mutex::Mutex()
                0x00000000c0013858                Mutex::Mutex()
                0x00000000c001386c                Process::createThread(void (*)(void*), void*, int)
                0x00000000c0013964                Process::createUserThread()
                0x00000000c0013984                setupMultitasking(void (*)())
                0x00000000c0013a8c                schedule()
                0x00000000c0013b1c                Semaphore::tryAcquire()
                0x00000000c0013be8                Semaphore::assertLocked(char const*)
                0x00000000c0013c60                blockTaskWithSchedulerLockAlreadyHeld(TaskState)
                0x00000000c0013c88                blockTask(TaskState)
                0x00000000c0013cb8                waitTask(int, int*, int)
                0x00000000c0013cfc                milliTenthSleepUntil(unsigned int)
                0x00000000c0013d8c                milliTenthSleep(unsigned int)
                0x00000000c0013d9c                sleep(unsigned int)
                0x00000000c0013db8                Semaphore::acquire()
                0x00000000c0013e74                taskReturned
                0x00000000c0013eb0                Thr::processFromPID(int)
                0x00000000c0013f50                unblockTask(ThreadControlBlock*)
                0x00000000c0013ff4                cleanupTerminatedTask(ThreadControlBlock*)
                0x00000000c00142c0                cleanerTaskFunction(void*)
                0x00000000c00143b0                terminateTask(int)
                0x00000000c001447c                Thr::terminateFromIRQ(int)
                0x00000000c001448c                Semaphore::release()
 .text          0x00000000c00145c9      0xb93 vm86/vm8086.32
                0x00000000c00145c9                Vm::inbv(unsigned short)
                0x00000000c00145dc                Vm::outbv(unsigned short, unsigned char)
                0x00000000c0014612                Vm::realToLinear(unsigned short, unsigned short)
                0x00000000c0014622                Vm::getSegment(unsigned int)
                0x00000000c001462a                Vm::getOffset(unsigned int)
                0x00000000c001462f                Vm::mainloop2()
                0x00000000c0014669                Vm::mainVm8086Loop(void*)
                0x00000000c0014679                Vm::mainloop3(unsigned long)
                0x00000000c001469f                Vm::initialise8086()
                0x00000000c00146e2                Vm::finish8086()
                0x00000000c0014743                Vm::getOutput8086(unsigned char*)
                0x00000000c0014768                Vm::start8086FromBuffer(unsigned char*, int, unsigned short, unsigned short, unsigned short, unsigned short)
                0x00000000c0014821                Vm::start8086(char const*, unsigned short, unsigned short, unsigned short, unsigned short)
                0x00000000c0014989                Vm::doISR(regs*, int, unsigned char*, unsigned short, unsigned short)
                0x00000000c0014a13                Vm::readByteFromReal(unsigned short, unsigned short)
                0x00000000c0014a24                Vm::readWordFromReal(unsigned short, unsigned short)
                0x00000000c0014a36                Vm::readDwordFromReal(unsigned short, unsigned short)
                0x00000000c0014a47                Vm::writeByteFromReal(unsigned short, unsigned short, unsigned char)
                0x00000000c0014a5c                Vm::writeWordFromReal(unsigned short, unsigned short, unsigned short)
                0x00000000c0014a72                Vm::writeDwordFromReal(unsigned short, unsigned short, unsigned int)
                0x00000000c0014a87                Vm::faultHandler(regs*)
 .text          0x00000000c001515c      0x8e9 arch/i386/hal.32
                0x00000000c001515c                noCopro(unsigned long)
                0x00000000c001515d                nmiHandler(regs*, void*)
                0x00000000c0015176                doubleFault(regs*, void*)
                0x00000000c001518f                displayDebugInfo(regs*)
                0x00000000c00154b0                displayProgramFault(char const*)
                0x00000000c00154fc                gpFault(regs*, void*)
                0x00000000c0015561                pgFault(regs*, void*)
                0x00000000c00155e7                otherISRHandler(regs*, void*)
                0x00000000c001561b                opcodeFault(regs*, void*)
                0x00000000c001569b                i386SaveCoprocessor(void*)
                0x00000000c00156af                i386LoadCoprocessor(void*)
                0x00000000c00156c3                x87EmulHandler(regs*, void*)
                0x00000000c0015760                HalInitialiseCoprocessor()
                0x00000000c001580e                HalPanic(char const*)
                0x00000000c0015813                HalQueryPerformanceCounter()
                0x00000000c001582e                HalInitialise()
                0x00000000c00159d4                HalMakeBeep(int)
                0x00000000c0015a0e                HalGetRand()
                0x00000000c0015a11                HalEndOfInterrupt(int)
                0x00000000c0015a42                HalRestart()
                0x00000000c0015a43                HalShutdown()
                0x00000000c0015a44                HalSleep()
 *fill*         0x00000000c0015a45        0x3 
 .text          0x00000000c0015a48      0x2f4 arch/i386/pic.32
                0x00000000c0015a48                picIoWait()
                0x00000000c0015a50                picDisable()
                0x00000000c0015a84                picGetIRQReg(int)
                0x00000000c0015b08                picOpen()
                0x00000000c0015c98                picEOI(int)
 .text          0x00000000c0015d3c      0x64d arch/i386/rtc.32
                0x00000000c0015d3c                RTC::open(int, int, void*)
                0x00000000c0015d40                RTC::close(int, int, void*)
                0x00000000c0015d44                RTC::timeInSecondsUTC()
                0x00000000c0015d56                RTC::timeInDatetimeUTC()
                0x00000000c0015d7c                RTC::setTimeInSecondsUTC(unsigned long long)
                0x00000000c0015dba                RTC::~RTC()
                0x00000000c0015dba                RTC::~RTC()
                0x00000000c0015dde                RTC::~RTC()
                0x00000000c0015e08                RTC::get_update_in_progress_flag()
                0x00000000c0015e20                RTC::completeRTCRefresh()
                0x00000000c00160d8                RTC::setTimeInDatetimeUTC(datetime_t)
                0x00000000c001628b                rtcIRQHandler(regs*, void*)
                0x00000000c00162d0                RTC::RTC()
                0x00000000c00162d0                RTC::RTC()
 *fill*         0x00000000c0016389        0x3 
 .text          0x00000000c001638c      0x203 arch/i386/vga.32
                0x00000000c001638c                HalConsoleScroll(int, int)
                0x00000000c0016494                HalConsoleWriteCharacter(char, int, int, int, int)
                0x00000000c0016500                HalConsoleCursorUpdate(int, int)
 *fill*         0x00000000c001658f        0x1 
 .text          0x00000000c0016590     0x13e7 fs/fat/vfslink.32
                0x00000000c0016590                FAT::getName()
                0x00000000c0016598                FAT::tell(void*, unsigned long long*)
                0x00000000c00165d4                FAT::stat(void*, unsigned long long*)
                0x00000000c0016610                FAT::~FAT()
                0x00000000c0016610                FAT::~FAT()
                0x00000000c0016634                FAT::~FAT()
                0x00000000c001665c                FAT::getlabel(LogicalDisk*, int, char*, unsigned int*)
                0x00000000c0016700                FAT::setlabel(LogicalDisk*, int, char*)
                0x00000000c00167c4                FAT::format(LogicalDisk*, int, char const*, int)
                0x00000000c0016998                FAT::tryMount(LogicalDisk*, int)
                0x00000000c0016bb0                FAT::allocateSwapfile(char const*, int)
                0x00000000c0016d70                FAT::readDir(void*, unsigned long, void*, int*)
                0x00000000c0016edc                FAT::read(void*, unsigned long, void*, int*)
                0x00000000c0016f3c                FAT::write(void*, unsigned long, void*, int*)
                0x00000000c0016f9c                FAT::close(void*)
                0x00000000c0016ff0                FAT::closeDir(void*)
                0x00000000c0017044                FAT::seek(void*, unsigned long long)
                0x00000000c001709c                fatWrapperReadDisk
                0x00000000c00170e0                fatWrapperWriteDisk
                0x00000000c0017124                fatWrapperIoctl
                0x00000000c0017240                FAT::FAT()
                0x00000000c0017240                FAT::FAT()
                0x00000000c0017294                FAT::fixFilepath(char*)
                0x00000000c00172d0                FAT::open(char const*, void**, FileOpenMode)
                0x00000000c0017408                FAT::openDir(char const*, void**)
                0x00000000c00174b8                FAT::stat(char const*, unsigned long long*, bool*)
                0x00000000c00175b0                FAT::unlink(char const*)
                0x00000000c0017630                FAT::chfatattr(char const*, unsigned char, unsigned char)
                0x00000000c00177bc                FAT::rename(char const*, char const*)
                0x00000000c0017888                FAT::mkdir(char const*)
                0x00000000c0017908                FAT::exists(char const*)
 *fill*         0x00000000c0017977        0x1 
 .text          0x00000000c0017978       0x5c fs/iso9660/helper.32
                0x00000000c0017978                isoReadDiscSectorHelper
 .text          0x00000000c00179d4      0x58c fs/iso9660/vfslink.32
                0x00000000c00179d4                ISO9660::format(LogicalDisk*, int, char const*, int)
                0x00000000c00179da                ISO9660::getName()
                0x00000000c00179e0                ISO9660::closeDir(void*)
                0x00000000c00179ea                ISO9660::chfatattr(char const*, unsigned char, unsigned char)
                0x00000000c00179f0                ISO9660::unlink(char const*)
                0x00000000c00179f6                ISO9660::write(void*, unsigned long, void*, int*)
                0x00000000c00179fc                ISO9660::rename(char const*, char const*)
                0x00000000c0017a02                ISO9660::mkdir(char const*)
                0x00000000c0017a08                ISO9660::~ISO9660()
                0x00000000c0017a08                ISO9660::~ISO9660()
                0x00000000c0017a2c                ISO9660::~ISO9660()
                0x00000000c0017a54                ISO9660::exists(char const*)
                0x00000000c0017a68                ISO9660::open(char const*, void**, FileOpenMode)
                0x00000000c0017af4                ISO9660::openDir(char const*, void**)
                0x00000000c0017b74                ISO9660::read(void*, unsigned long, void*, int*)
                0x00000000c0017bb4                ISO9660::seek(void*, unsigned long long)
                0x00000000c0017bec                ISO9660::tell(void*, unsigned long long*)
                0x00000000c0017c22                ISO9660::stat(void*, unsigned long long*)
                0x00000000c0017c5c                ISO9660::stat(char const*, unsigned long long*, bool*)
                0x00000000c0017d48                ISO9660::close(void*)
                0x00000000c0017d6e                ISO9660::readDir(void*, unsigned long, void*, int*)
                0x00000000c0017e3b                readSectorFromCDROM(unsigned int, unsigned char*, char)
                0x00000000c0017ec6                ISO9660::tryMount(LogicalDisk*, int)
                0x00000000c0017f38                ISO9660::ISO9660()
                0x00000000c0017f38                ISO9660::ISO9660()
 .text          0x00000000c0017f60      0x26c hal/sound/sndcard.32
                0x00000000c0017f60                SoundCard::beginPlayback()
                0x00000000c0017f6e                SoundCard::stopPlayback()
                0x00000000c0017f7c                SoundCard::SoundCard(char const*)
                0x00000000c0017f7c                SoundCard::SoundCard(char const*)
                0x00000000c001801a                SoundCard::~SoundCard()
                0x00000000c001801a                SoundCard::~SoundCard()
                0x00000000c001803e                SoundCard::~SoundCard()
                0x00000000c0018068                SoundCard::configureRates(int, int, int)
                0x00000000c0018098                SoundCard::getSamples16(int, short*)
                0x00000000c00180f4                SoundCard::getSamples32(int, int*)
                0x00000000c001817a                SoundCard::addChannel(SoundPort*)
                0x00000000c00181b8                SoundCard::removeChannel(int)
 .text          0x00000000c00181cc      0x377 hal/sound/sndport.32
                0x00000000c00181cc                SoundPort::SoundPort(int, int, int, int)
                0x00000000c00181cc                SoundPort::SoundPort(int, int, int, int)
                0x00000000c0018258                SoundPort::~SoundPort()
                0x00000000c0018258                SoundPort::~SoundPort()
                0x00000000c001828c                SoundPort::unpause()
                0x00000000c0018298                SoundPort::pause()
                0x00000000c00182a4                SoundPort::getBufferUsed()
                0x00000000c00182ac                SoundPort::getBufferSize()
                0x00000000c00182b4                SoundPort::buffer16(short*, int)
                0x00000000c0018340                SoundPort::buffer32(int*, int)
                0x00000000c00183c8                SoundPort::unbufferAndAdd16(int, short*, SoundCard*)
                0x00000000c001848c                SoundPort::unbufferAndAdd32(int, int*, SoundCard*)
 .text          0x00000000c0018543        0x0 hw/bus/isa.32
 *fill*         0x00000000c0018543        0x1 
 .text          0x00000000c0018544      0xb49 hw/bus/pci.32
                0x00000000c0018544                PCI::open(int, int, void*)
                0x00000000c0018562                PCI::close(int, int, void*)
                0x00000000c0018566                PCI::PCI()
                0x00000000c0018566                PCI::PCI()
                0x00000000c0018600                PCI::readBAR8(unsigned int, int)
                0x00000000c001861c                PCI::readBAR16(unsigned int, int)
                0x00000000c001863a                PCI::readBAR32(unsigned int, int)
                0x00000000c0018656                PCI::writeBAR8(unsigned int, unsigned char, int)
                0x00000000c0018676                PCI::writeBAR16(unsigned int, unsigned short, int)
                0x00000000c0018698                PCI::writeBAR32(unsigned int, unsigned int, int)
                0x00000000c00186b8                PCI::legacyMechanism(unsigned char, unsigned char, unsigned char, unsigned char)
                0x00000000c0018726                PCI::pciReadWord(unsigned char, unsigned char, unsigned char, unsigned char)
                0x00000000c00187ce                PCI::getVendorID(unsigned char, unsigned char, unsigned char)
                0x00000000c00187f2                PCI::getHeaderType(unsigned char, unsigned char, unsigned char)
                0x00000000c001881a                PCI::getClassCode(unsigned char, unsigned char, unsigned char)
                0x00000000c0018864                PCI::getProgIF(unsigned char, unsigned char, unsigned char)
                0x00000000c001888c                PCI::getRevisionID(unsigned char, unsigned char, unsigned char)
                0x00000000c00188b0                PCI::getInterruptNumber(unsigned char, unsigned char, unsigned char)
                0x00000000c00188d4                PCI::getSecondaryBus(unsigned char, unsigned char, unsigned char)
                0x00000000c00188fc                PCI::getBARAddress(unsigned char, unsigned char, unsigned char, unsigned char)
                0x00000000c0018960                PCI::pciWriteWord(unsigned char, unsigned char, unsigned char, unsigned char, unsigned short)
                0x00000000c0018a48                PCI::pciDetailsToFilepath(PCIDeviceInfo, char*)
                0x00000000c0018cc2                PCI::checkBus(unsigned char)
                0x00000000c0018ce8                PCI::foundDevice(PCIDeviceInfo)
                0x00000000c0018e5a                PCI::getDeviceData(unsigned char, unsigned char, unsigned char)
                0x00000000c0018fce                PCI::checkDevice(unsigned char, unsigned char)
                0x00000000c001903a                PCI::detect()
 *fill*         0x00000000c001908d        0x1 
 .text          0x00000000c001908e      0xb5a hw/diskctrl/ide.32
                0x00000000c001908e                IDE::close(int, int, void*)
                0x00000000c0019092                IDE::IDE()
                0x00000000c0019092                IDE::IDE()
                0x00000000c00190c6                IDE::prepareInterrupt(unsigned char)
                0x00000000c00190d8                selectDrive(unsigned char, unsigned char)
                0x00000000c00190da                IDE::getBase(unsigned char)
                0x00000000c00190ec                IDE::write(unsigned char, unsigned char, unsigned char)
                0x00000000c00191ac                IDE::read(unsigned char, unsigned char)
                0x00000000c001925a                IDE::waitInterrupt(unsigned char)
                0x00000000c00192c2                ideChannel0IRQHandler(regs*, void*)
                0x00000000c00192de                ideChannel1IRQHandler(regs*, void*)
                0x00000000c00192fa                IDE::enableIRQs(unsigned char, bool)
                0x00000000c0019340                IDE::open(int, int, void*)
                0x00000000c001974e                IDE::readBuffer(unsigned char, unsigned char, unsigned int, unsigned int)
                0x00000000c001981a                IDE::detect()
                0x00000000c0019ada                IDE::printError(unsigned char, unsigned char, unsigned char)
                0x00000000c0019b8a                IDE::polling(unsigned char, unsigned int)
 .text          0x00000000c0019be8      0x32a hw/diskctrl/satabus.32
                0x00000000c0019be8                SATABus::close(int, int, void*)
                0x00000000c0019bec                SATABus::detect()
                0x00000000c0019bee                SATABus::SATABus()
                0x00000000c0019bee                SATABus::SATABus()
                0x00000000c0019c74                SATABus::findCmdslot(SATABus::tagHBA_PORT volatile*)
                0x00000000c0019ca6                SATABus::checkType(SATABus::tagHBA_PORT volatile*)
                0x00000000c0019cee                SATABus::startCmd(SATABus::tagHBA_PORT volatile*)
                0x00000000c0019d0e                SATABus::stopCmd(SATABus::tagHBA_PORT volatile*)
                0x00000000c0019d38                SATABus::portRebase(SATABus::tagHBA_PORT volatile*, int)
                0x00000000c0019e48                SATABus::probePort(SATABus::tagHBA_MEM volatile*)
                0x00000000c0019ef2                SATABus::open(int, int, void*)
 .text          0x00000000c0019f12      0x5f4 hw/diskphys/ata.32
                0x00000000c0019f12                ATA::close(int, int, void*)
                0x00000000c0019f36                ATA::powerSaving(PowerSavingLevel)
                0x00000000c0019f38                ATA::ATA()
                0x00000000c0019f38                ATA::ATA()
                0x00000000c0019f66                ATA::flush(bool)
                0x00000000c0019fb0                ATA::readyForCommand()
                0x00000000c0019ffc                ATA::access(unsigned long long, int, void*, bool)
                0x00000000c001a378                ATA::read(unsigned long long, int, void*)
                0x00000000c001a3c4                ATA::write(unsigned long long, int, void*)
                0x00000000c001a410                ATA::detectCHS()
                0x00000000c001a43a                ATA::open(int, int, void*)
 .text          0x00000000c001a506      0x60e hw/diskphys/atapi.32
                0x00000000c001a506                ATAPI::write(unsigned long long, int, void*)
                0x00000000c001a50c                ATAPI::close(int, int, void*)
                0x00000000c001a530                ATAPI::ATAPI()
                0x00000000c001a530                ATAPI::ATAPI()
                0x00000000c001a55e                ATAPI::readyForCommand()
                0x00000000c001a5b0                ATAPI::sendPacket(unsigned char*, int, bool, unsigned short*, int)
                0x00000000c001a870                ATAPI::diskRemoved()
                0x00000000c001a8aa                ATAPI::eject()
                0x00000000c001a8f2                ATAPI::diskInserted()
                0x00000000c001a8fe                ATAPI::detectMedia()
                0x00000000c001a9ba                ATAPI::open(int, int, void*)
                0x00000000c001aa9a                ATAPI::read(unsigned long long, int, void*)
 .text          0x00000000c001ab14      0x402 hw/diskphys/sata.32
                0x00000000c001ab14                SATA::close(int, int, void*)
                0x00000000c001ab38                SATA::powerSaving(PowerSavingLevel)
                0x00000000c001ab3a                SATA::open(int, int, void*)
                0x00000000c001abe4                SATA::SATA()
                0x00000000c001abe4                SATA::SATA()
                0x00000000c001ac12                SATA::access(unsigned long long, int, void*, bool)
                0x00000000c001ae5e                SATA::read(unsigned long long, int, void*)
                0x00000000c001aeaa                SATA::write(unsigned long long, int, void*)
 .text          0x00000000c001af16      0x5f5 hw/diskphys/satapi.32
                0x00000000c001af16                SATAPI::write(unsigned long long, int, void*)
                0x00000000c001af1c                SATAPI::close(int, int, void*)
                0x00000000c001af40                SATAPI::SATAPI()
                0x00000000c001af40                SATAPI::SATAPI()
                0x00000000c001af6e                SATAPI::diskRemoved()
                0x00000000c001af70                SATAPI::diskInserted()
                0x00000000c001af8c                SATAPI::sendPacket(unsigned char*, int, unsigned long long, unsigned short*, int)
                0x00000000c001b268                SATAPI::eject()
                0x00000000c001b2a4                SATAPI::detectMedia()
                0x00000000c001b2ca                SATAPI::open(int, int, void*)
                0x00000000c001b3ca                SATAPI::read(unsigned long long, int, void*)
 *fill*         0x00000000c001b50b        0x1 
 .text          0x00000000c001b50c      0x455 hw/intctrl/apic.32
                0x00000000c001b50c                IOAPIC::close(int, int, void*)
                0x00000000c001b512                apicGetBase()
                0x00000000c001b554                IOAPIC::IOAPIC()
                0x00000000c001b554                IOAPIC::IOAPIC()
                0x00000000c001b57c                apicOpen()
                0x00000000c001b6e2                IOAPIC::handlesGSIWithNumber(unsigned int)
                0x00000000c001b714                IOAPIC::read(int)
                0x00000000c001b73c                IOAPIC::open(int, int, void*)
                0x00000000c001b830                IOAPIC::write(int, int)
                0x00000000c001b85c                IOAPIC::redirect(unsigned char, unsigned long long, unsigned char, bool, bool)
 *fill*         0x00000000c001b961        0x3 
 .text          0x00000000c001b964       0xf0 hw/timer/apictimer.32
                0x00000000c001b964                APICTimer::close(int, int, void*)
                0x00000000c001b96c                apicTimerHandler(regs*, void*)
                0x00000000c001b994                APICTimer::open(int, int, void*)
                0x00000000c001ba04                APICTimer::write(int)
                0x00000000c001ba2c                APICTimer::APICTimer()
                0x00000000c001ba2c                APICTimer::APICTimer()
 .text          0x00000000c001ba54      0x1aa hw/timer/pit.32
                0x00000000c001ba54                PIT::write(int)
                0x00000000c001bad8                pitHandler(regs*, void*)
                0x00000000c001bafc                PIT::open(int, int, void*)
                0x00000000c001bb4c                PIT::close(int, int, void*)
                0x00000000c001bb7c                PIT::PIT()
                0x00000000c001bb7c                PIT::PIT()
 *fill*         0x00000000c001bbfe        0x2 
 .text          0x00000000c001bc00       0x83 arch/i386/avx.32
                0x00000000c001bc00                avxDetect
                0x00000000c001bc2a                avxSave
                0x00000000c001bc3b                avxLoad
                0x00000000c001bc4c                avxInit
                0x00000000c001bc6e                avxClose
                0x00000000c001bc6f                wouldSheSayYes
 *fill*         0x00000000c001bc83        0xd 
 .text          0x00000000c001bc90      0x1d6 arch/i386/interrupt.32
                0x00000000c001bc90                isr0
                0x00000000c001bca0                isr1
                0x00000000c001bcaa                isr2
                0x00000000c001bcb4                isr3
                0x00000000c001bcbe                isr4
                0x00000000c001bcc8                isr5
                0x00000000c001bcd2                isr6
                0x00000000c001bcdc                isr7
                0x00000000c001bce6                isr8
                0x00000000c001bcee                isr9
                0x00000000c001bcf8                isr10
                0x00000000c001bd00                isr11
                0x00000000c001bd08                isr12
                0x00000000c001bd10                isr13
                0x00000000c001bd18                isr14
                0x00000000c001bd20                isr15
                0x00000000c001bd2a                isr16
                0x00000000c001bd34                isr17
                0x00000000c001bd3e                isr18
                0x00000000c001bd48                irq3
                0x00000000c001bd52                irq4
                0x00000000c001bd5c                irq5
                0x00000000c001bd66                irq6
                0x00000000c001bd70                irq7
                0x00000000c001bd7a                irq8
                0x00000000c001bd84                irq9
                0x00000000c001bd8e                irq10
                0x00000000c001bd98                irq11
                0x00000000c001bda2                irq12
                0x00000000c001bdac                irq13
                0x00000000c001bdb6                irq14
                0x00000000c001bdc0                irq15
                0x00000000c001bdca                irq1
                0x00000000c001bdd1                irq2
                0x00000000c001bdd8                isr96
                0x00000000c001bddf                irq0
                0x00000000c001bde4                int_common_stub
                0x00000000c001bde4                syscall_common_stub
                0x00000000c001be16                irq16
                0x00000000c001be20                irq17
                0x00000000c001be2a                irq18
                0x00000000c001be34                irq19
                0x00000000c001be3e                irq20
                0x00000000c001be48                irq21
                0x00000000c001be52                irq22
                0x00000000c001be5c                irq23
 *fill*         0x00000000c001be66        0xa 
 .text          0x00000000c001be70       0x10 arch/i386/rdrand.32
                0x00000000c001be70                i386GetRDRAND
 .text          0x00000000c001be80       0x39 arch/i386/sse.32
                0x00000000c001be80                absolutelyNoChanceInHell
                0x00000000c001be80                sseDetect
                0x00000000c001be98                sseSave
                0x00000000c001bea0                sseLoad
                0x00000000c001bea8                sseInit
                0x00000000c001beb8                sseClose
 *fill*         0x00000000c001beb9        0x7 
 .text          0x00000000c001bec0       0x49 arch/i386/x87.32
                0x00000000c001bec6                x87Detect
                0x00000000c001bee1                x87Save
                0x00000000c001bee8                x87Load
                0x00000000c001beef                x87Init
                0x00000000c001bf08                x87Close
 *fill*         0x00000000c001bf09        0x3 
 .text          0x00000000c001bf0c       0x25 /cygdrive/d/Users/Alex/Desktop/Toolchain/Output/bin/../lib/gcc/i386-banana/8.1.0/crtend.o
 .text          0x00000000c001bf31        0x0 crtn.32
 *fill*         0x00000000c001bf31        0x3 
 .text          0x00000000c001bf34      0x14b /cygdrive/d/Users/Alex/Desktop/Toolchain/Output/bin/../lib/gcc/i386-banana/8.1.0/libkgcc.a(_divdi3.o)
                0x00000000c001bf34                __divdi3
 *fill*         0x00000000c001c07f        0x1 
 .text          0x00000000c001c080      0x17e /cygdrive/d/Users/Alex/Desktop/Toolchain/Output/bin/../lib/gcc/i386-banana/8.1.0/libkgcc.a(_moddi3.o)
                0x00000000c001c080                __moddi3
 *fill*         0x00000000c001c1fe        0x2 
 .text          0x00000000c001c200       0xff /cygdrive/d/Users/Alex/Desktop/Toolchain/Output/bin/../lib/gcc/i386-banana/8.1.0/libkgcc.a(_udivdi3.o)
                0x00000000c001c200                __udivdi3
 *fill*         0x00000000c001c2ff        0x1 
 .text          0x00000000c001c300      0x11a /cygdrive/d/Users/Alex/Desktop/Toolchain/Output/bin/../lib/gcc/i386-banana/8.1.0/libkgcc.a(_umoddi3.o)
                0x00000000c001c300                __umoddi3
 *(.gnu.linkonce.t*)

.iplt           0x00000000c001c420        0x0
 .iplt          0x00000000c001c420        0x0 D:/Users/Alex/Desktop/Banana/kernel/boot.32

.init           0x00000000c001c41a        0xf
 .init          0x00000000c001c41a        0x3 crti.32
                0x00000000c001c41a                _init
 .init          0x00000000c001c41d        0x5 /cygdrive/d/Users/Alex/Desktop/Toolchain/Output/bin/../lib/gcc/i386-banana/8.1.0/crtbegin.o
 .init          0x00000000c001c422        0x5 /cygdrive/d/Users/Alex/Desktop/Toolchain/Output/bin/../lib/gcc/i386-banana/8.1.0/crtend.o
 .init          0x00000000c001c427        0x2 crtn.32

.fini           0x00000000c001c429        0xa
 .fini          0x00000000c001c429        0x3 crti.32
                0x00000000c001c429                _fini
 .fini          0x00000000c001c42c        0x5 /cygdrive/d/Users/Alex/Desktop/Toolchain/Output/bin/../lib/gcc/i386-banana/8.1.0/crtbegin.o
 .fini          0x00000000c001c431        0x2 crtn.32

.text._ZN8ComputerD2Ev
                0x00000000c001c434       0x23
 .text._ZN8ComputerD2Ev
                0x00000000c001c434       0x23 core/computer.32
                0x00000000c001c434                Computer::~Computer()
                0x00000000c001c434                Computer::~Computer()

.text._ZN8ComputerD0Ev
                0x00000000c001c458       0x2a
 .text._ZN8ComputerD0Ev
                0x00000000c001c458       0x2a core/computer.32
                0x00000000c001c458                Computer::~Computer()

.text._Z10idleCommonv
                0x00000000c001c482       0x21
 .text._Z10idleCommonv
                0x00000000c001c482       0x21 core/idle.32
                0x00000000c001c482                idleCommon()

.text._ZN10LinkedListI8UnixFileED2Ev
                0x00000000c001c4a4        0x2
 .text._ZN10LinkedListI8UnixFileED2Ev
                0x00000000c001c4a4        0x2 core/unixfile.32
                0x00000000c001c4a4                LinkedList<UnixFile>::~LinkedList()
                0x00000000c001c4a4                LinkedList<UnixFile>::~LinkedList()

.text._ZN10LinkedListI8UnixFileEC2Ev
                0x00000000c001c4a6       0x42
 .text._ZN10LinkedListI8UnixFileEC2Ev
                0x00000000c001c4a6       0x42 core/unixfile.32
                0x00000000c001c4a6                LinkedList<UnixFile>::LinkedList()
                0x00000000c001c4a6                LinkedList<UnixFile>::LinkedList()

.text._ZN10LinkedListI8UnixFileE10addElementEPS0_
                0x00000000c001c4e8       0xd3
 .text._ZN10LinkedListI8UnixFileE10addElementEPS0_
                0x00000000c001c4e8       0xd3 core/unixfile.32
                0x00000000c001c4e8                LinkedList<UnixFile>::addElement(UnixFile*)

.text._ZN10LinkedListI8UnixFileE15getFirstElementEv
                0x00000000c001c5bc        0x7
 .text._ZN10LinkedListI8UnixFileE15getFirstElementEv
                0x00000000c001c5bc        0x7 core/unixfile.32
                0x00000000c001c5bc                LinkedList<UnixFile>::getFirstElement()

.text._ZN10LinkedListI8UnixFileE11removeFirstEv
                0x00000000c001c5c4       0xa1
 .text._ZN10LinkedListI8UnixFileE11removeFirstEv
                0x00000000c001c5c4       0xa1 core/unixfile.32
                0x00000000c001c5c4                LinkedList<UnixFile>::removeFirst()

.text._ZN10LinkedListI8UnixFileE7getNextEPS0_
                0x00000000c001c666        0x8
 .text._ZN10LinkedListI8UnixFileE7getNextEPS0_
                0x00000000c001c666        0x8 core/unixfile.32
                0x00000000c001c666                LinkedList<UnixFile>::getNext(UnixFile*)

.text._ZN16DriverlessDeviceD2Ev
                0x00000000c001c66e       0x1a
 .text._ZN16DriverlessDeviceD2Ev
                0x00000000c001c66e       0x1a hal/device.32
                0x00000000c001c66e                DriverlessDevice::~DriverlessDevice()
                0x00000000c001c66e                DriverlessDevice::~DriverlessDevice()

.text._ZN16DriverlessDeviceD0Ev
                0x00000000c001c688       0x2a
 .text._ZN16DriverlessDeviceD0Ev
                0x00000000c001c688       0x2a hal/device.32
                0x00000000c001c688                DriverlessDevice::~DriverlessDevice()

.text._ZN10LinkedListI6DeviceE10addElementEPS0_
                0x00000000c001c6b2       0xdc
 .text._ZN10LinkedListI6DeviceE10addElementEPS0_
                0x00000000c001c6b2       0xdc hal/device.32
                0x00000000c001c6b2                LinkedList<Device>::addElement(Device*)

.text._ZN10LinkedListI6DeviceEC2Ev
                0x00000000c001c78e       0x42
 .text._ZN10LinkedListI6DeviceEC2Ev
                0x00000000c001c78e       0x42 hal/device.32
                0x00000000c001c78e                LinkedList<Device>::LinkedList()
                0x00000000c001c78e                LinkedList<Device>::LinkedList()

.text._ZN10LinkedListIV18ThreadControlBlockE7isEmptyEv
                0x00000000c001c7d0       0x1c
 .text._ZN10LinkedListIV18ThreadControlBlockE7isEmptyEv
                0x00000000c001c7d0       0x1c hal/timer.32
                0x00000000c001c7d0                LinkedList<ThreadControlBlock volatile>::isEmpty()

.text._ZN10LinkedListIV18ThreadControlBlockE15getFirstElementEv
                0x00000000c001c7ec        0x7
 .text._ZN10LinkedListIV18ThreadControlBlockE15getFirstElementEv
                0x00000000c001c7ec        0x7 hal/timer.32
                0x00000000c001c7ec                LinkedList<ThreadControlBlock volatile>::getFirstElement()

.text._ZN10LinkedListIV18ThreadControlBlockE11removeFirstEv
                0x00000000c001c7f4       0xb8
 .text._ZN10LinkedListIV18ThreadControlBlockE11removeFirstEv
                0x00000000c001c7f4       0xb8 hal/timer.32
                0x00000000c001c7f4                LinkedList<ThreadControlBlock volatile>::removeFirst()

.text._ZN10LinkedListIV18ThreadControlBlockE10addElementEPS1_
                0x00000000c001c8ac       0xda
 .text._ZN10LinkedListIV18ThreadControlBlockE10addElementEPS1_
                0x00000000c001c8ac       0xda hal/timer.32
                0x00000000c001c8ac                LinkedList<ThreadControlBlock volatile>::addElement(ThreadControlBlock volatile*)

.text._ZN4ACPID2Ev
                0x00000000c001c988       0x23
 .text._ZN4ACPID2Ev
                0x00000000c001c988       0x23 hw/acpi.32
                0x00000000c001c988                ACPI::~ACPI()
                0x00000000c001c988                ACPI::~ACPI()

.text._ZN4ACPID0Ev
                0x00000000c001c9ac       0x2a