Archive member included to satisfy reference by file (symbol)

/cygdrive/d/Users/Alex/Desktop/Toolchain/Output/bin/../lib/gcc/i386-banana/8.1.0/libkgcc.a(_divdi3.o)
                              krnl/resolve.32 (__divdi3)
/cygdrive/d/Users/Alex/Desktop/Toolchain/Output/bin/../lib/gcc/i386-banana/8.1.0/libkgcc.a(_moddi3.o)
                              krnl/resolve.32 (__moddi3)
/cygdrive/d/Users/Alex/Desktop/Toolchain/Output/bin/../lib/gcc/i386-banana/8.1.0/libkgcc.a(_udivdi3.o)
                              hal/clock.32 (__udivdi3)
/cygdrive/d/Users/Alex/Desktop/Toolchain/Output/bin/../lib/gcc/i386-banana/8.1.0/libkgcc.a(_umoddi3.o)
                              core/pipe.32 (__umoddi3)

Allocating common symbols
Common symbol       size              file

current_iphdr_src   0x4               net/core/ipv4/ip.32
netif_list          0x4               net/core/netif.32
tcp_active_pcbs     0x4               net/core/tcp.32
udp_pcbs            0x4               net/core/udp.32
current_netif       0x4               net/core/ipv4/ip.32
tcp_ticks           0x4               net/core/tcp.32
tcp_listen_pcbs     0x4               net/core/tcp.32
current_iphdr_dest  0x4               net/core/ipv4/ip.32
tcp_tmp_pcb         0x4               net/core/tcp.32
tcp_input_pcb       0x4               net/core/tcp_in.32
dcache              0x40              fs/iso9660/iso9660.32
current_header      0x4               net/core/ipv4/ip.32
tcp_bound_pcbs      0x4               net/core/tcp.32
cdDriveLetter       0x1               fs/iso9660/iso9660.32
tcp_tw_pcbs         0x4               net/core/tcp.32
lwip_stats          0x150             net/core/stats.32
netif_default       0x4               net/core/netif.32
ram_heap            0x64d             net/core/mem.32
icache              0x40              fs/iso9660/iso9660.32

Discarded input sections

 .comment       0x0000000000000000       0x12 /cygdrive/d/Users/Alex/Desktop/Toolchain/Output/bin/../lib/gcc/i386-banana/8.1.0/crtbegin.o
 .comment       0x0000000000000000       0x12 acpica/utclib.32
 .comment       0x0000000000000000       0x12 arch/cc.32
 .comment       0x0000000000000000       0x12 arch/sys_arch.32
 .comment       0x0000000000000000       0x12 core/malloc.32
 .comment       0x0000000000000000       0x12 libk/ctype.32
 .comment       0x0000000000000000       0x12 libk/string.32
 .comment       0x0000000000000000       0x12 fs/fat/diskio.32
 .comment       0x0000000000000000       0x12 fs/fat/ff.32
 .comment       0x0000000000000000       0x12 fs/fat/ffsystem.32
 .comment       0x0000000000000000       0x12 fs/fat/ffunicode.32
 .comment       0x0000000000000000       0x12 fs/iso9660/iso9660.32
 .comment       0x0000000000000000       0x12 net/core/def.32
 .comment       0x0000000000000000       0x12 net/core/dhcp.32
 .comment       0x0000000000000000       0x12 net/core/dns.32
 .comment       0x0000000000000000       0x12 net/core/init.32
 .comment       0x0000000000000000       0x12 net/core/mem.32
 .comment       0x0000000000000000       0x12 net/core/memp.32
 .comment       0x0000000000000000       0x12 net/core/netif.32
 .comment       0x0000000000000000       0x12 net/core/pbuf.32
 .comment       0x0000000000000000       0x12 net/core/raw.32
 .comment       0x0000000000000000       0x12 net/core/stats.32
 .comment       0x0000000000000000       0x12 net/core/sys.32
 .comment       0x0000000000000000       0x12 net/core/tcp.32
 .comment       0x0000000000000000       0x12 net/core/tcp_in.32
 .comment       0x0000000000000000       0x12 net/core/tcp_out.32
 .comment       0x0000000000000000       0x12 net/core/timers.32
 .comment       0x0000000000000000       0x12 net/core/udp.32
 .comment       0x0000000000000000       0x12 net/netif/etharp.32
 .comment       0x0000000000000000       0x12 net/netif/ethernetif.32
 .comment       0x0000000000000000       0x12 net/netif/slipif.32
 .comment       0x0000000000000000       0x12 net/core/ipv4/autoip.32
 .comment       0x0000000000000000       0x12 net/core/ipv4/icmp.32
 .comment       0x0000000000000000       0x12 net/core/ipv4/igmp.32
 .comment       0x0000000000000000       0x12 net/core/ipv4/inet.32
 .comment       0x0000000000000000       0x12 net/core/ipv4/inet_chksum.32
 .comment       0x0000000000000000       0x12 net/core/ipv4/ip.32
 .comment       0x0000000000000000       0x12 net/core/ipv4/ip_addr.32
 .comment       0x0000000000000000       0x12 net/core/ipv4/ip_frag.32
 .comment       0x0000000000000000       0x12 net/core/snmp/asn1_dec.32
 .comment       0x0000000000000000       0x12 net/core/snmp/asn1_enc.32
 .comment       0x0000000000000000       0x12 net/core/snmp/mib2.32
 .comment       0x0000000000000000       0x12 net/core/snmp/mib_structs.32
 .comment       0x0000000000000000       0x12 net/core/snmp/msg_in.32
 .comment       0x0000000000000000       0x12 net/core/snmp/msg_out.32
 .comment       0x0000000000000000       0x12 net/netif/ppp/auth.32
[...]
Memory Configuration

Name             Origin             Length             Attributes
*default*        0x0000000000000000 0xffffffffffffffff

Linker script and memory map

LOAD D:/Users/Alex/Desktop/Banana/kernel/boot.32
LOAD crti.32
LOAD /cygdrive/d/Users/Alex/Desktop/Toolchain/Output/bin/../lib/gcc/i386-banana/8.1.0/crtbegin.o
LOAD D:/Users/Alex/Desktop/Banana/kernel/morenasm.32
LOAD acpica/utclib.32
LOAD arch/cc.32
LOAD arch/sys_arch.32
LOAD core/malloc.32
LOAD libk/ctype.32
LOAD libk/string.32
LOAD fs/fat/diskio.32
LOAD fs/fat/ff.32
LOAD fs/fat/ffsystem.32
LOAD fs/fat/ffunicode.32
LOAD fs/iso9660/iso9660.32
LOAD net/core/def.32
LOAD net/core/dhcp.32
LOAD net/core/dns.32
LOAD net/core/init.32
LOAD net/core/mem.32
LOAD net/core/memp.32
LOAD net/core/netif.32
LOAD net/core/pbuf.32
LOAD net/core/raw.32
LOAD net/core/stats.32
LOAD net/core/sys.32
LOAD net/core/tcp.32
LOAD net/core/tcp_in.32
LOAD net/core/tcp_out.32
LOAD net/core/timers.32
LOAD net/core/udp.32
LOAD net/netif/etharp.32
LOAD net/netif/ethernetif.32
LOAD net/netif/slipif.32
LOAD net/core/ipv4/autoip.32
LOAD net/core/ipv4/icmp.32
LOAD net/core/ipv4/igmp.32
LOAD net/core/ipv4/inet.32
LOAD net/core/ipv4/inet_chksum.32
LOAD net/core/ipv4/ip.32
LOAD net/core/ipv4/ip_addr.32
LOAD net/core/ipv4/ip_frag.32
LOAD net/core/snmp/asn1_dec.32
LOAD net/core/snmp/asn1_enc.32
LOAD net/core/snmp/mib2.32
LOAD net/core/snmp/mib_structs.32
LOAD net/core/snmp/msg_in.32
LOAD net/core/snmp/msg_out.32
LOAD net/netif/ppp/auth.32
LOAD net/netif/ppp/chap.32
LOAD net/netif/ppp/chpms.32
LOAD net/netif/ppp/fsm.32
LOAD net/netif/ppp/ipcp.32
LOAD net/netif/ppp/lcp.32
LOAD net/netif/ppp/magic.32
LOAD net/netif/ppp/md5.32
LOAD net/netif/ppp/pap.32
LOAD net/netif/ppp/ppp.32
LOAD net/netif/ppp/ppp_oe.32
LOAD net/netif/ppp/randm.32
LOAD net/netif/ppp/vj.32
LOAD core/computer.32
LOAD core/gdt.32
LOAD core/idle.32
LOAD core/idt.32
LOAD core/kheap.32
LOAD core/main.32
LOAD core/physmgr.32
LOAD core/pipe.32
LOAD core/terminal.32
LOAD core/tss.32
LOAD core/unixfile.32
LOAD core/virtmgr.32
LOAD coreobjs/c++.32
LOAD dbg/kconsole.32
LOAD dbg/usban.32
LOAD fs/symlink.32
LOAD fs/vfs.32
LOAD hal/bus.32
LOAD hal/buzzer.32
LOAD hal/clock.32
LOAD hal/device.32
LOAD hal/diskctrl.32
LOAD hal/diskphys.32
LOAD hal/fpu.32
LOAD hal/intctrl.32
LOAD hal/keybrd.32
LOAD hal/logidisk.32
LOAD hal/mouse.32
LOAD hal/nic.32
LOAD hal/partition.32
LOAD hal/serial.32
LOAD hal/timer.32
LOAD hal/vcache.32
LOAD hal/video.32
LOAD hw/acpi.32
LOAD hw/cpu.32
LOAD krnl/atexit.32
LOAD krnl/bootmsg.32
LOAD krnl/cdefs.32
LOAD krnl/compat.32
LOAD krnl/crc32.32
LOAD krnl/env.32
LOAD krnl/inlines.32
LOAD krnl/mutex.32
LOAD krnl/panic.32
LOAD krnl/powctrl.32
LOAD krnl/random.32
LOAD krnl/resolve.32
LOAD krnl/semaphore.32
LOAD krnl/signal.32
LOAD krnl/syscalls.32
LOAD net/ethernet.32
LOAD net/netosl.32
LOAD reg/cm.32
LOAD reg/registry.32
LOAD sys/eject.32
LOAD sys/exit.32
LOAD sys/getcwd.32
LOAD sys/getpid.32
LOAD sys/getramdata.32
LOAD sys/getvgaptr.32
LOAD sys/kill.32
LOAD sys/loaddll.32
LOAD sys/read.32
LOAD sys/registersignal.32
LOAD sys/registry.32
LOAD sys/sbrk.32
LOAD sys/setcwd.32
LOAD sys/settime.32
LOAD sys/symlink.32
LOAD sys/timezone.32
LOAD sys/truncate.32
LOAD sys/write.32
LOAD sys/wsbe.32
LOAD sys/yield.32
LOAD thr/elf.32
LOAD thr/prcssthr.32
LOAD vm86/vm8086.32
LOAD arch/i386/hal.32
LOAD arch/i386/pic.32
LOAD arch/i386/rtc.32
LOAD arch/i386/vga.32
LOAD fs/fat/vfslink.32
LOAD fs/iso9660/helper.32
LOAD fs/iso9660/vfslink.32
LOAD hal/sound/sndcard.32
LOAD hal/sound/sndport.32
LOAD hw/bus/isa.32
LOAD hw/bus/pci.32
LOAD hw/diskctrl/ide.32
LOAD hw/diskctrl/satabus.32
LOAD hw/diskphys/ata.32
LOAD hw/diskphys/atapi.32
LOAD hw/diskphys/sata.32
LOAD hw/diskphys/satapi.32
LOAD hw/intctrl/apic.32
LOAD hw/timer/apictimer.32
LOAD hw/timer/pit.32
LOAD arch/i386/avx.32
LOAD arch/i386/interrupt.32
LOAD arch/i386/rdrand.32
LOAD arch/i386/sse.32
LOAD arch/i386/x87.32
LOAD /cygdrive/d/Users/Alex/Desktop/Toolchain/Output/bin/../lib/gcc/i386-banana/8.1.0/crtend.o
LOAD crtn.32
LOAD /cygdrive/d/Users/Alex/Desktop/Toolchain/Output/bin/../lib/gcc/i386-banana/8.1.0/libkgcc.a
LOAD D:/Users/Alex/Desktop/Banana/kernel/libsoftfp.a
LOAD D:/Users/Alex/Desktop/Banana/kernel/libk/libm32.a
                0x00000000c0000000                . = 0xc0000000

.text           0x00000000c0000000    0x2eb1a
 *(.text)
 .text          0x00000000c0000000       0x20 D:/Users/Alex/Desktop/Banana/kernel/boot.32
 .text          0x00000000c0000020        0x0 crti.32
 .text          0x00000000c0000020      0x101 /cygdrive/d/Users/Alex/Desktop/Toolchain/Output/bin/../lib/gcc/i386-banana/8.1.0/crtbegin.o
 *fill*         0x00000000c0000121        0xf 
 .text          0x00000000c0000130      0x24f D:/Users/Alex/Desktop/Banana/kernel/morenasm.32
                0x00000000c0000130                manualPCIProbe
                0x00000000c000017b                prepareTramp
                0x00000000c0000194                doTPAUSE
                0x00000000c000019e                hasLegacyFPU
                0x00000000c00001c3                is486
                0x00000000c00001f9                detectCPUID
                0x00000000c000020f                goToVM86
                0x00000000c000023f                goToUsermode
                0x00000000c0000269                switchToThreadASMFirstTime
                0x00000000c0000277                switchToThreadASM
                0x00000000c00002fc                asmQuickAcquireLock
                0x00000000c000031a                asmQuickReleaseLock
                0x00000000c0000326                asmAcquireLock
                0x00000000c0000347                asmReleaseLock
                0x00000000c000035a                loadGDT
                0x00000000c000037a                memcpy
 *fill*         0x00000000c000037f        0x1 
 .text          0x00000000c0000380      0x868 acpica/utclib.32
                0x00000000c0000380                memcmp
                0x00000000c00003d0                memmove
                0x00000000c00004f0                memset
                0x00000000c0000570                strlen
                0x00000000c00005a0                strpbrk
                0x00000000c00005f0                strtok
                0x00000000c0000640                strcpy
                0x00000000c0000680                strncpy
                0x00000000c0000750                strcmp
                0x00000000c00007a0                strchr
                0x00000000c00007e0                strncmp
                0x00000000c0000840                strcat
                0x00000000c0000870                strncat
                0x00000000c00008d0                strstr
                0x00000000c0000930                toupper
                0x00000000c0000950                tolower
                0x00000000c0000970                simple_strtoul
 .text          0x00000000c0000be8       0x53 arch/cc.32
                0x00000000c0000be8                LWIP_PLATFORM_HTONS
                0x00000000c0000c0c                LWIP_PLATFORM_HTONL
 *fill*         0x00000000c0000c3b        0x1 
 .text          0x00000000c0000c3c      0x162 arch/sys_arch.32
                0x00000000c0000c3c                lwip_socket_init
                0x00000000c0000c54                tcpip_callback_with_block
                0x00000000c0000c6c                sys_sem_new
                0x00000000c0000c94                sys_sem_free
                0x00000000c0000cac                sys_sem_signal
                0x00000000c0000cc4                sys_arch_sem_wait
                0x00000000c0000ce0                sys_mbox_new
                0x00000000c0000cfc                sys_mbox_free
                0x00000000c0000d14                sys_mbox_post
                0x00000000c0000d2c                sys_arch_mbox_fetch
                0x00000000c0000d48                sys_arch_mbox_tryfetch
                0x00000000c0000d64                sys_mbox_trypost
                0x00000000c0000d7c                sys_thread_new
                0x00000000c0000d9c                sys_init
 .text          0x00000000c0000d9e     0x1140 core/malloc.32
                0x00000000c0000f09                dlfree
                0x00000000c00013d0                dlmalloc
                0x00000000c000190d                dlrealloc
                0x00000000c0001aea                dlmemalign
                0x00000000c0001c0d                dlcalloc
                0x00000000c0001c9e                dlcfree
                0x00000000c0001ca3                dlindependent_calloc
                0x00000000c0001cc8                dlindependent_comalloc
                0x00000000c0001cdf                dlvalloc
                0x00000000c0001d0a                dlpvalloc
                0x00000000c0001d40                dlmalloc_trim
                0x00000000c0001d4d                dlmalloc_usable_size
                0x00000000c0001d7e                dlmallinfo
                0x00000000c0001e4d                dlmalloc_stats
                0x00000000c0001e5e                dlmallopt
 *fill*         0x00000000c0001ede        0x2 
 .text          0x00000000c0001ee0      0x1f2 libk/ctype.32
                0x00000000c0001ee0                isblank
                0x00000000c0001f00                iscntrl
                0x00000000c0001f20                isdigit
                0x00000000c0001f3c                islower
                0x00000000c0001f58                isspace
                0x00000000c0001f80                isupper
                0x00000000c0001f9c                isalpha
                0x00000000c0001fcc                isalnum
                0x00000000c0001ffc                ispunct
                0x00000000c000203c                isgraph
                0x00000000c000206c                isprint
                0x00000000c0002094                isxdigit
 .text          0x00000000c00020d2        0x0 libk/string.32
 .text          0x00000000c00020d2       0x51 fs/fat/diskio.32
                0x00000000c00020d2                disk_status
                0x00000000c00020d5                disk_initialize
                0x00000000c00020d8                disk_read
                0x00000000c00020ee                disk_write
                0x00000000c0002104                disk_ioctl
 .text          0x00000000c0002123     0x3e46 fs/fat/ff.32
                0x00000000c0003f44                f_mount
                0x00000000c0003fa6                f_open
                0x00000000c0004269                f_read
                0x00000000c0004468                f_write
                0x00000000c00046b0                f_sync
                0x00000000c0004775                f_close
                0x00000000c00047a4                f_lseek
                0x00000000c0004955                f_opendir
                0x00000000c0004a20                f_closedir
                0x00000000c0004a42                f_readdir
                0x00000000c0004ad4                f_stat
                0x00000000c0004b53                f_getfree
                0x00000000c0004c5c                f_truncate
                0x00000000c0004d46                f_unlink
                0x00000000c0004e68                f_mkdir
                0x00000000c0005003                f_rename
                0x00000000c00051bb                f_chmod
                0x00000000c000526b                f_utime
                0x00000000c000531b                f_getlabel
                0x00000000c000546c                f_setlabel
                0x00000000c00055fc                f_expand
                0x00000000c0005769                f_mkfs
 *fill*         0x00000000c0005f69        0x3 
 .text          0x00000000c0005f6c       0x2f fs/fat/ffsystem.32
                0x00000000c0005f6c                ff_memalloc
                0x00000000c0005f84                ff_memfree
 *fill*         0x00000000c0005f9b        0x1 
 .text          0x00000000c0005f9c      0x2dc fs/fat/ffunicode.32
                0x00000000c0005f9c                ff_uni2oem
                0x00000000c000603c                ff_oem2uni
                0x00000000c00060b4                ff_wtoupper
 .text          0x00000000c0006278      0xd32 fs/iso9660/iso9660.32
                0x00000000c00064c3                isoReadDiscSector
                0x00000000c000655e                strnicmp
                0x00000000c000680d                stricmp
                0x00000000c0006859                iso_open
                0x00000000c00068e3                iso_close
                0x00000000c0006901                iso_read
                0x00000000c0006a17                iso_seek
                0x00000000c0006a9b                iso_tell
                0x00000000c0006acc                iso_total
                0x00000000c0006af7                fn_postprocess
                0x00000000c0006b1e                iso_readdir
                0x00000000c0006d75                iso_reset
                0x00000000c0006d92                init_percd
                0x00000000c0006e8c                iso_ioctl
                0x00000000c0006ea4                fs_iso9660_init
                0x00000000c0006f3a                fs_iso9660_shutdown
 .text          0x00000000c0006faa        0x0 net/core/def.32
 .text          0x00000000c0006faa        0x0 net/core/dhcp.32
 .text          0x00000000c0006faa        0x0 net/core/dns.32
 *fill*         0x00000000c0006faa        0x2 
 .text          0x00000000c0006fac       0x2b net/core/init.32
                0x00000000c0006fac                lwip_init
 *fill*         0x00000000c0006fd7        0x1 
 .text          0x00000000c0006fd8      0x9f0 net/core/mem.32
                0x00000000c000716c                mem_init
                0x00000000c0007214                mem_free
                0x00000000c0007338                mem_trim
                0x00000000c0007648                mem_malloc
                0x00000000c0007964                mem_calloc
 .text          0x00000000c00079c8      0x2e8 net/core/memp.32
                0x00000000c00079c8                memp_init
                0x00000000c0007b0c                memp_malloc
                0x00000000c0007c38                memp_free
 .text          0x00000000c0007cb0      0x4ba net/core/netif.32
                0x00000000c0007cb0                netif_init
                0x00000000c0007cb4                netif_find
                0x00000000c0007d4c                netif_set_ipaddr
                0x00000000c0007e44                netif_set_gw
                0x00000000c0007e68                netif_set_netmask
                0x00000000c0007e8c                netif_set_addr
                0x00000000c0007ed0                netif_add
                0x00000000c0007f9c                netif_set_default
                0x00000000c0007fa8                netif_set_up
                0x00000000c000800c                netif_set_down
                0x00000000c0008034                netif_remove
                0x00000000c00080e0                netif_set_link_up
                0x00000000c0008144                netif_set_link_down
 *fill*         0x00000000c000816a        0x2 
 .text          0x00000000c000816c     0x16ac net/core/pbuf.32
                0x00000000c0008234                pbuf_alloced_custom
                0x00000000c0008358                pbuf_header
                0x00000000c00084f4                pbuf_free
                0x00000000c00086cc                pbuf_alloc
                0x00000000c0008ac4                pbuf_realloc
                0x00000000c0008cc8                pbuf_clen
                0x00000000c0008cfc                pbuf_ref
                0x00000000c0008d2c                pbuf_cat
                0x00000000c0008e0c                pbuf_chain
                0x00000000c0008e38                pbuf_dechain
                0x00000000c0008f2c                pbuf_copy
                0x00000000c0009194                pbuf_copy_partial
                0x00000000c0009338                pbuf_take
                0x00000000c00094b8                pbuf_coalesce
                0x00000000c000954c                pbuf_get_at
                0x00000000c00095e4                pbuf_memcmp
                0x00000000c00096f0                pbuf_memfind
                0x00000000c00097a4                pbuf_strstr
 .text          0x00000000c0009818      0x3e4 net/core/raw.32
                0x00000000c0009818                raw_input
                0x00000000c0009924                raw_bind
                0x00000000c0009948                raw_connect
                0x00000000c000996c                raw_recv
                0x00000000c0009984                raw_sendto
                0x00000000c0009af0                raw_send
                0x00000000c0009b14                raw_remove
                0x00000000c0009b94                raw_new
 .text          0x00000000c0009bfc        0x2 net/core/stats.32
                0x00000000c0009bfc                stats_init
 *fill*         0x00000000c0009bfe        0x2 
 .text          0x00000000c0009c00       0x55 net/core/sys.32
                0x00000000c0009c00                sys_msleep
 *fill*         0x00000000c0009c55        0x3 
 .text          0x00000000c0009c58     0x1dec net/core/tcp.32
                0x00000000c0009c68                tcp_listen_with_backlog
                0x00000000c0009e18                tcp_update_rcv_ann_wnd
                0x00000000c0009ef4                tcp_recved
                0x00000000c000a03c                tcp_bind
                0x00000000c000a16c                tcp_seg_free
                0x00000000c000a1b0                tcp_segs_free
                0x00000000c000a1e8                tcp_setprio
                0x00000000c000a204                tcp_seg_copy
                0x00000000c000a258                tcp_arg
                0x00000000c000a268                tcp_recv
                0x00000000c000a278                tcp_sent
                0x00000000c000a288                tcp_err
                0x00000000c000a298                tcp_accept
                0x00000000c000a2a8                tcp_poll
                0x00000000c000a2d0                tcp_pcb_purge
                0x00000000c000a3b4                tcp_slowtmr
                0x00000000c000ab38                tcp_pcb_remove
                0x00000000c000afe0                tcp_close
                0x00000000c000b01c                tcp_recv_null
                0x00000000c000b080                tcp_fasttmr
                0x00000000c000b1a4                tcp_tmr
                0x00000000c000b1d4                tcp_shutdown
                0x00000000c000b280                tcp_abandon
                0x00000000c000b414                tcp_abort
                0x00000000c000b580                tcp_next_iss
                0x00000000c000b598                tcp_alloc
                0x00000000c000b744                tcp_new
                0x00000000c000b758                tcp_eff_send_mss
                0x00000000c000b7c8                tcp_connect
                0x00000000c000ba38                tcp_debug_state_str
 .text          0x00000000c000ba44     0x3131 net/core/tcp_in.32
                0x00000000c000e0a4                tcp_input
 *fill*         0x00000000c000eb75        0x3 
 .text          0x00000000c000eb78     0x1f81 net/core/tcp_out.32
                0x00000000c000f0e8                tcp_write
                0x00000000c000f988                tcp_enqueue_flags
                0x00000000c000fc74                tcp_send_fin
                0x00000000c000fd14                tcp_send_empty_ack
                0x00000000c0010024                tcp_output
                0x00000000c00104b0                tcp_rst
                0x00000000c0010624                tcp_rexmit_rto
                0x00000000c00106b4                tcp_rexmit
                0x00000000c001077c                tcp_rexmit_fast
                0x00000000c0010860                tcp_keepalive
                0x00000000c0010928                tcp_zero_window_probe
 *fill*         0x00000000c0010af9        0x3 
 .text          0x00000000c0010afc      0x44d net/core/timers.32
                0x00000000c0010afc                sys_timeout
                0x00000000c0010cb4                tcp_timer_needed
                0x00000000c0010d48                sys_timeouts_init
                0x00000000c0010d80                sys_untimeout
                0x00000000c0010e4c                sys_timeouts_mbox_fetch
 *fill*         0x00000000c0010f49        0x3 
 .text          0x00000000c0010f4c      0xae8 net/core/udp.32
                0x00000000c0010f4c                udp_input
                0x00000000c00113c0                udp_bind
                0x00000000c0011540                udp_sendto_if
                0x00000000c00117c0                udp_sendto
                0x00000000c0011824                udp_send
                0x00000000c0011850                udp_connect
                0x00000000c0011930                udp_disconnect
                0x00000000c001195c                udp_recv
                0x00000000c0011974                udp_remove
                0x00000000c00119f4                udp_new
 .text          0x00000000c0011a34     0x1204 net/netif/etharp.32
                0x00000000c0011a8c                etharp_tmr
                0x00000000c001205c                etharp_find_addr
                0x00000000c00125bc                etharp_request
                0x00000000c00125f8                etharp_query
                0x00000000c0012934                etharp_output
                0x00000000c0012af4                ethernet_input
 .text          0x00000000c0012c38        0x0 net/netif/ethernetif.32
 .text          0x00000000c0012c38        0x0 net/netif/slipif.32
 .text          0x00000000c0012c38        0x0 net/core/ipv4/autoip.32
 .text          0x00000000c0012c38      0x5dd net/core/ipv4/icmp.32
                0x00000000c0012c38                icmp_input
                0x00000000c00131d0                icmp_dest_unreach
                0x00000000c00131f4                icmp_time_exceeded
 .text          0x00000000c0013215        0x0 net/core/ipv4/igmp.32
 .text          0x00000000c0013215        0x0 net/core/ipv4/inet.32
 *fill*         0x00000000c0013215        0x3 
 .text          0x00000000c0013218      0x582 net/core/ipv4/inet_chksum.32
                0x00000000c0013310                inet_chksum_pseudo
                0x00000000c00134a0                inet_chksum_pseudo_partial
                0x00000000c0013690                inet_chksum
                0x00000000c00136b8                inet_chksum_pbuf
 *fill*         0x00000000c001379a        0x2 
 .text          0x00000000c001379c      0x84c net/core/ipv4/ip.32
                0x00000000c001379c                ip_route
                0x00000000c0013830                ip_input
                0x00000000c0013c74                ip_output_if
                0x00000000c0013f44                ip_output
 .text          0x00000000c0013fe8      0x5ac net/core/ipv4/ip_addr.32
                0x00000000c0013fe8                ip4_addr_isbroadcast
                0x00000000c0014070                ip4_addr_netmask_valid
                0x00000000c00140d4                ipaddr_aton
                0x00000000c0014404                ipaddr_addr
                0x00000000c0014434                ipaddr_ntoa_r
                0x00000000c0014580                ipaddr_ntoa
 .text          0x00000000c0014594     0x1161 net/core/ipv4/ip_frag.32
                0x00000000c00147f8                ip_reass_tmr
                0x00000000c0014e88                ip_reass
                0x00000000c0015348                ip_frag
 .text          0x00000000c00156f5        0x0 net/core/snmp/asn1_dec.32
 .text          0x00000000c00156f5        0x0 net/core/snmp/asn1_enc.32
 .text          0x00000000c00156f5        0x0 net/core/snmp/mib2.32
 .text          0x00000000c00156f5        0x0 net/core/snmp/mib_structs.32
 .text          0x00000000c00156f5        0x0 net/core/snmp/msg_in.32
 .text          0x00000000c00156f5        0x0 net/core/snmp/msg_out.32
 .text          0x00000000c00156f5        0x0 net/netif/ppp/auth.32
 .text          0x00000000c00156f5        0x0 net/netif/ppp/chap.32
 .text          0x00000000c00156f5        0x0 net/netif/ppp/chpms.32
 .text          0x00000000c00156f5        0x0 net/netif/ppp/fsm.32
 .text          0x00000000c00156f5        0x0 net/netif/ppp/ipcp.32
 .text          0x00000000c00156f5        0x0 net/netif/ppp/lcp.32
 .text          0x00000000c00156f5        0x0 net/netif/ppp/magic.32
 .text          0x00000000c00156f5        0x0 net/netif/ppp/md5.32
 .text          0x00000000c00156f5        0x0 net/netif/ppp/pap.32
 .text          0x00000000c00156f5        0x0 net/netif/ppp/ppp.32
 .text          0x00000000c00156f5        0x0 net/netif/ppp/ppp_oe.32
 .text          0x00000000c00156f5        0x0 net/netif/ppp/randm.32
 .text          0x00000000c00156f5        0x0 net/netif/ppp/vj.32
 *fill*         0x00000000c00156f5        0x1 
 .text          0x00000000c00156f6      0x6cb core/computer.32
                0x00000000c00156f6                Computer::close(int, int, void*)
                0x00000000c0015744                Krnl::firstTask()
                0x00000000c0015886                Computer::Computer()
                0x00000000c0015886                Computer::Computer()
                0x00000000c0015936                Computer::setBootMessage(char const*)
                0x00000000c0015938                Computer::detectFeatures()
                0x00000000c0015b5e                Computer::displayFeatures()
                0x00000000c0015b60                Computer::rdmsr(unsigned int)
                0x00000000c0015b8c                Computer::wrmsr(unsigned int, unsigned long long)
                0x00000000c0015bc8                Computer::shutdown()
                0x00000000c0015be0                Computer::restart()
                0x00000000c0015bf8                Computer::sleep()
                0x00000000c0015c0c                Computer::nmiEnabled()
                0x00000000c0015c18                Computer::readCMOS(unsigned char)
                0x00000000c0015c36                Computer::enableNMI(bool)
                0x00000000c0015c4e                Computer::open(int, int, void*)
                0x00000000c0015d22                Computer::disableNMI()
                0x00000000c0015d32                Computer::writeCMOS(unsigned char, unsigned char)
                0x00000000c0015d56                Computer::handleNMI()
 *fill*         0x00000000c0015dc1        0x1 
 .text          0x00000000c0015dc2      0x1db core/gdt.32
                0x00000000c0015dc2                GDTEntry::setBase(unsigned int)
                0x00000000c0015dde                GDTEntry::setLimit(unsigned int)
                0x00000000c0015dfc                GDT::GDT()
                0x00000000c0015dfc                GDT::GDT()
                0x00000000c0015e12                GDT::addEntry(GDTEntry)
                0x00000000c0015e34                GDT::getNumberOfEntries()
                0x00000000c0015e3c                GDT::flush()
                0x00000000c0015e5e                GDT::setup()
 .text          0x00000000c0015f9d       0x1d core/idle.32
                0x00000000c0015f9d                idleFunction(void*)
 *fill*         0x00000000c0015fba        0x2 
 .text          0x00000000c0015fbc      0x46c core/idt.32
                0x00000000c0015fbc                IDTEntry::IDTEntry(bool)
                0x00000000c0015fbc                IDTEntry::IDTEntry(bool)
                0x00000000c0016036                IDTEntry::setOffset(unsigned int)
                0x00000000c001604c                IDT::IDT()
                0x00000000c001604c                IDT::IDT()
                0x00000000c001604e                IDT::getPointerToInvalidOpcodeEntryForF00F()
                0x00000000c0016056                IDT::addEntry(IDTEntry, int)
                0x00000000c0016070                IDT::addEntry(int, void (*)(), bool)
                0x00000000c00160a8                IDT::flush()
                0x00000000c00160c2                IDT::setup()
 .text          0x00000000c0016428      0x275 core/kheap.32
                0x00000000c0016428                sbrk
                0x00000000c00164bf                sbrk_thunk
                0x00000000c00164f5                mmap
                0x00000000c0016573                munmap
                0x00000000c00165d8                liballoc_lock()
                0x00000000c00165e6                liballoc_unlock()
                0x00000000c00165fc                liballoc_alloc(int)
                0x00000000c0016614                liballoc_free(void*, int)
                0x00000000c001662f                realloc
                0x00000000c0016643                malloc
                0x00000000c0016653                free
                0x00000000c0016663                rfree
                0x00000000c0016673                calloc
 .text          0x00000000c001669d       0xc7 core/main.32
                0x00000000c001669d                KeEntryPoint
 .text          0x00000000c0016764      0x644 core/physmgr.32
                0x00000000c0016764                Phys::allocateDMA(unsigned long)
                0x00000000c001684c                Phys::freeDMA(unsigned long, unsigned long)
                0x00000000c0016887                Phys::setPageState(unsigned long, bool)
                0x00000000c00168c7                Phys::getPageState(unsigned long)
                0x00000000c00168e3                Phys::freePage(unsigned long)
                0x00000000c001694c                Phys::allocatePage()
                0x00000000c0016a1b                Phys::allocateContiguousPages(int)
                0x00000000c0016a82                Phys::allowSegmentToBeUsed(unsigned long, unsigned long)
                0x00000000c0016aba                Phys::physicalMemorySetup(unsigned int)
 .text          0x00000000c0016da8      0x273 core/pipe.32
                0x00000000c0016da8                Pipe::isAtty()
                0x00000000c0016dac                Pipe::~Pipe()
                0x00000000c0016dac                Pipe::~Pipe()
                0x00000000c0016dd0                Pipe::~Pipe()
                0x00000000c0016df8                Pipe::write(unsigned long long, void*, int*)
                0x00000000c0016eb8                Pipe::read(unsigned long long, void*, int*)
                0x00000000c0016fb4                Pipe::Pipe(int)
                0x00000000c0016fb4                Pipe::Pipe(int)
 *fill*         0x00000000c001701b        0x1 
 .text          0x00000000c001701c      0xab3 core/terminal.32
                0x00000000c001701c                VgaText::isAtty()
                0x00000000c0017020                VgaText::~VgaText()
                0x00000000c0017020                VgaText::~VgaText()
                0x00000000c0017044                VgaText::~VgaText()
                0x00000000c001706e                VgaText::read(unsigned long long, void*, int*)
                0x00000000c001708e                setTerminalScrollLock(bool)
                0x00000000c001708f                doTerminalCycle()
                0x00000000c0017090                addToTerminalCycle(VgaText*)
                0x00000000c0017091                scrollTerminalScrollLock(int)
                0x00000000c0017092                VgaText::updateTitle()
                0x00000000c0017094                VgaText::load()
                0x00000000c0017096                VgaText::updateCursor()
                0x00000000c00170ac                VgaText::doANSI_SGR(int)
                0x00000000c0017120                VgaText::setDefaultBgColour(VgaColour)
                0x00000000c0017130                VgaText::setDefaultFgColour(VgaColour)
                0x00000000c0017140                VgaText::setDefaultColours(VgaColour, VgaColour)
                0x00000000c0017160                VgaText::setTitleTextColour(VgaColour)
                0x00000000c001716c                VgaText::setTitleColour(VgaColour)
                0x00000000c0017178                VgaText::setTitle(char*)
                0x00000000c001717a                VgaText::combineColours(unsigned char, unsigned char)
                0x00000000c001718c                VgaText::scrollScreen()
                0x00000000c001721e                VgaText::combineCharAndColour(char, unsigned char)
                0x00000000c001722e                VgaText::writeCharacter(char, VgaColour, VgaColour, int, int)
                0x00000000c00172be                VgaText::getCursorX()
                0x00000000c00172c6                VgaText::getCursorY()
                0x00000000c00172ce                VgaText::setCursor(int, int)
                0x00000000c00172e5                setActiveTerminal(VgaText*)
                0x00000000c0017330                VgaText::clearScreen()
                0x00000000c001737e                VgaText::setCursorX(int)
                0x00000000c0017396                VgaText::setCursorY(int)
                0x00000000c00173ae                VgaText::incrementCursor(bool)
                0x00000000c0017402                VgaText::decrementCursor(bool)
                0x00000000c0017424                VgaText::putchar(char, VgaColour, VgaColour)
                0x00000000c00174f4                VgaText::putchar(char)
                0x00000000c00175ec                VgaText::putx(unsigned int)
                0x00000000c0017632                VgaText::puts(char const*)
                0x00000000c0017658                VgaText::write(unsigned long long, void*, int*)
                0x00000000c00176a4                VgaText::puts(char const*, VgaColour, VgaColour)
                0x00000000c00177f2                VgaText::VgaText(char const*)
                0x00000000c00177f2                VgaText::VgaText(char const*)
                0x00000000c0017942                VgaText::receiveKey(unsigned char)
                0x00000000c0017ace                VgaText::doUpdate()
 *fill*         0x00000000c0017acf        0x1 
 .text          0x00000000c0017ad0      0x1a1 core/tss.32
                0x00000000c0017ad0                TSS::TSS()
                0x00000000c0017ad0                TSS::TSS()
                0x00000000c0017ae0                TSS::setESP(unsigned long)
                0x00000000c0017af4                TSS::flush()
                0x00000000c0017b14                TSS::setup(unsigned long, unsigned long)
 *fill*         0x00000000c0017c71        0x1 
 .text          0x00000000c0017c72      0x4ca core/unixfile.32
                0x00000000c0017c72                ReservedFilename::read(unsigned long long, void*, int*)
                0x00000000c0017cc8                ReservedFilename::isAtty()
                0x00000000c0017ce4                ReservedFilename::write(unsigned long long, void*, int*)
                0x00000000c0017d42                UnixFile::getFileDescriptor()
                0x00000000c0017d4a                UnixFile::UnixFile(int)
                0x00000000c0017d4a                UnixFile::UnixFile(int)
                0x00000000c0017efe                ReservedFilename::ReservedFilename(int)
                0x00000000c0017efe                ReservedFilename::ReservedFilename(int)
                0x00000000c0017f30                UnixFile::~UnixFile()
                0x00000000c0017f30                UnixFile::~UnixFile()
                0x00000000c0017fcc                UnixFile::~UnixFile()
                0x00000000c0017ff4                ReservedFilename::~ReservedFilename()
                0x00000000c0017ff4                ReservedFilename::~ReservedFilename()
                0x00000000c0018018                ReservedFilename::~ReservedFilename()
                0x00000000c001803f                KeGetFileFromDescriptor(int)
 .text          0x00000000c001813c     0x1218 core/virtmgr.32
                0x00000000c001813c                Virt::setPageState(unsigned long, Virt::VirtPageState)
                0x00000000c0018176                Virt::getPageState(unsigned long)
                0x00000000c0018199                Virt::allocateKernelVirtualPages(int)
                0x00000000c00182be                Virt::freeSwapfilePage(unsigned long)
                0x00000000c00182e1                Virt::swapIDToSector(unsigned long)
                0x00000000c00182f7                Virt::allocateSwapfilePage()
                0x00000000c0018377                Virt::virtualMemorySetup()
                0x00000000c00183c8                Virt::setupPageSwapping(int)
                0x00000000c001843a                VAS::setCPUSpecific(unsigned long)
                0x00000000c001843c                VAS::VAS(VAS*)
                0x00000000c001843c                VAS::VAS(VAS*)
                0x00000000c001846a                VAS::getForeignPageTableEntry(bool, unsigned long)
                0x00000000c0018498                VAS::getPageTableEntry(unsigned long)
                0x00000000c00184b7                Virt::freeKernelVirtualPages(unsigned long)
                0x00000000c00185f4                VAS::freeAllocatedPages(unsigned long)
                0x00000000c0018618                VAS::virtualToPhysical(unsigned long)
                0x00000000c0018632                VAS::reflagRange(unsigned long, int, unsigned long, unsigned long)
                0x00000000c0018674                VAS::VAS()
                0x00000000c0018674                VAS::VAS()
                0x00000000c00186de                VAS::setToWriteCombining(unsigned long, int)
                0x00000000c0018712                VAS::mapOtherVASIn(bool, VAS*)
                0x00000000c001873e                VAS::~VAS()
                0x00000000c001873e                VAS::~VAS()
                0x00000000c00188ac                VAS::mapPage(unsigned long, unsigned long, int)
                0x00000000c00189b0                VAS::allocatePages(int, int)
                0x00000000c0018aa6                VAS::mapRange(unsigned long, unsigned long, int, int)
                0x00000000c0018afe                VAS::mapForeignPage(bool, VAS*, unsigned long, unsigned long, int)
                0x00000000c0018bf4                VAS::VAS(bool)
                0x00000000c0018bf4                VAS::VAS(bool)
                0x00000000c0018e3e                VAS::evict(unsigned long)
                0x00000000c0018f1c                VAS::tryLoadBackOffDisk(unsigned long)
                0x00000000c00190b6                VAS::allocateSharedMemoryWithKernel(unsigned long, unsigned long*)
                0x00000000c001912a                VAS::freeSharedMemoryWithKernel(unsigned long, unsigned long)
                0x00000000c0019156                VAS::scanForEviction()
                0x00000000c0019259                mapVASFirstTime
 .text          0x00000000c0019354       0x5f coreobjs/c++.32
                0x00000000c0019354                __cxa_atexit
                0x00000000c0019357                __cxa_finalize
                0x00000000c0019358                __stack_chk_fail
                0x00000000c001938e                __cxa_pure_virtual
                0x00000000c001939f                operator new[](unsigned long)
                0x00000000c00193a4                operator delete(void*, unsigned long)
                0x00000000c00193a9                operator delete[](void*)
                0x00000000c00193ae                operator delete[](void*, unsigned long)
 .text          0x00000000c00193b3      0x254 dbg/kconsole.32
                0x00000000c00193b3                Dbg::stringifyxWithBase(unsigned int, char*, int)
                0x00000000c0019453                Dbg::logc(char)
                0x00000000c0019473                Dbg::logs(char*)
                0x00000000c0019492                Dbg::logWriteInt(unsigned int)
                0x00000000c00194b0                Dbg::logWriteIntBase(unsigned int, int)
                0x00000000c00194d1                Dbg::kprintf(char const*, ...)
 *fill*         0x00000000c0019607        0x1 
 .text          0x00000000c0019608      0x2d4 dbg/usban.32
                0x00000000c0019608                KiUbsanPrintDetails(char const*, void*)
                0x00000000c0019674                __ubsan_handle_type_mismatch_v1
                0x00000000c0019750                __ubsan_handle_pointer_overflow
                0x00000000c001977c                __ubsan_handle_out_of_bounds
                0x00000000c00197a8                __ubsan_handle_add_overflow
                0x00000000c00197d4                __ubsan_handle_load_invalid_value
                0x00000000c0019800                __ubsan_handle_divrem_overflow
                0x00000000c001982c                __ubsan_handle_mul_overflow
                0x00000000c0019858                __ubsan_handle_sub_overflow
                0x00000000c0019884                __ubsan_handle_shift_out_of_bounds
                0x00000000c00198b0                __ubsan_handle_negate_overflow
 .text          0x00000000c00198dc      0x86d fs/symlink.32
                0x00000000c0019a2b                KiDeinitialiseSymlinks(void*)
                0x00000000c0019abe                KeRegisterSymlink(char const*, unsigned long long)
                0x00000000c0019b50                KeInitialiseSymlinks()
                0x00000000c0019cc4                KiIsSymlinkRegistered(char const*)
                0x00000000c0019e48                KeDereferenceSymlink(char const*, char*)
                0x00000000c0019fef                KeCreateSymlink(char const*, char const*)
 *fill*         0x00000000c001a149        0x1 
 .text          0x00000000c001a14a      0xd68 fs/vfs.32
                0x00000000c001a14a                File::read(unsigned long long, void*, int*)
                0x00000000c001a1a2                File::write(unsigned long long, void*, int*)
                0x00000000c001a1fa                Directory::read(unsigned long long, void*, int*)
                0x00000000c001a252                Directory::write(unsigned long long, void*, int*)
                0x00000000c001a280                File::isAtty()
                0x00000000c001a284                Directory::isAtty()
                0x00000000c001a288                Filesystem::getlabel(LogicalDisk*, int, char*, unsigned int*)
                0x00000000c001a28e                Filesystem::setlabel(LogicalDisk*, int, char*)
                0x00000000c001a294                Filesystem::allocateSwapfile(char const*, int)
                0x00000000c001a29a                File::~File()
                0x00000000c001a29a                File::~File()
                0x00000000c001a2be                File::~File()
                0x00000000c001a2e8                Directory::~Directory()
                0x00000000c001a2e8                Directory::~Directory()
                0x00000000c001a30c                Directory::~Directory()
                0x00000000c001a336                Filesystem::Filesystem()
                0x00000000c001a336                Filesystem::Filesystem()
                0x00000000c001a35a                Filesystem::~Filesystem()
                0x00000000c001a35a                Filesystem::~Filesystem()
                0x00000000c001a368                Filesystem::~Filesystem()
                0x00000000c001a38c                Fs::getcwd(Process*, char*, int)
                0x00000000c001a3b6                Fs::initVFS()
                0x00000000c001a3e0                Fs::standardiseFiles(char*, char const*, char const*, bool)
                0x00000000c001a5fa                File::File(char const*, Process*, bool)
                0x00000000c001a5fa                File::File(char const*, Process*, bool)
                0x00000000c001a6d8                File::File(char const*, Process*)
                0x00000000c001a6d8                File::File(char const*, Process*)
                0x00000000c001a6f6                File::open(FileOpenMode)
                0x00000000c001a754                File::close()
                0x00000000c001a7b4                File::seek(unsigned long long)
                0x00000000c001a80a                File::truncate(unsigned long long)
                0x00000000c001a860                File::tell(unsigned long long*)
                0x00000000c001a8b0                File::rewind()
                0x00000000c001a8c4                File::unlink()
                0x00000000c001a910                File::rename(char const*)
                0x00000000c001a95e                File::chfatattr(unsigned char, unsigned char)
                0x00000000c001a9ba                File::exists()
                0x00000000c001a9f8                File::stat(unsigned long long*, bool*)
                0x00000000c001aa59                Fs::setcwd(Process*, char*)
                0x00000000c001abb8                Directory::Directory(char const*, Process*)
                0x00000000c001abb8                Directory::Directory(char const*, Process*)
                0x00000000c001ac80                Directory::open()
                0x00000000c001acdc                Directory::close()
                0x00000000c001ad3c                Directory::unlink()
                0x00000000c001ad88                Directory::rename(char const*)
                0x00000000c001add6                Directory::exists()
                0x00000000c001ae14                Directory::read(dirent*)
                0x00000000c001ae60                Directory::create()
                0x00000000c001aeac                Filesystem::chfatattr(char const*, unsigned char, unsigned char)
 *fill*         0x00000000c001aeb2        0x2 
 .text          0x00000000c001aeb4       0x86 hal/bus.32
                0x00000000c001aeb4                Bus::Bus(char const*)
                0x00000000c001aeb4                Bus::Bus(char const*)
                0x00000000c001aeec                Bus::~Bus()
                0x00000000c001aeec                Bus::~Bus()
                0x00000000c001af10                Bus::~Bus()
 .text          0x00000000c001af3a       0x96 hal/buzzer.32
                0x00000000c001af3a                beepThread(void*)
                0x00000000c001af77                Krnl::beep(int, int, bool)
 .text          0x00000000c001afd0      0x45f hal/clock.32
                0x00000000c001afd0                User::loadClockSettings(int)
                0x00000000c001b022                Clock::Clock(char const*)
                0x00000000c001b022                Clock::Clock(char const*)
                0x00000000c001b058                Clock::~Clock()
                0x00000000c001b058                Clock::~Clock()
                0x00000000c001b07c                Clock::~Clock()
                0x00000000c001b0a6                Clock::timeInSecondsLocal()
                0x00000000c001b0ee                Clock::setTimeInSecondsLocal(unsigned long long)
                0x00000000c001b147                datetimeToSeconds(datetime_t)
                0x00000000c001b266                Clock::setTimeInDatetimeLocal(datetime_t)
                0x00000000c001b2c6                secondsToDatetime(unsigned long long)
                0x00000000c001b40a                Clock::timeInDatetimeLocal()
 *fill*         0x00000000c001b42f        0x1 
 .text          0x00000000c001b430      0x47a hal/device.32
                0x00000000c001b430                Device::hibernate()
                0x00000000c001b432                Device::wake()
                0x00000000c001b434                Device::detect()
                0x00000000c001b436                Device::disableLegacy()
                0x00000000c001b438                Device::powerSaving(PowerSavingLevel)
                0x00000000c001b43a                DriverlessDevice::close(int, int, void*)
                0x00000000c001b43e                DriverlessDevice::detect()
                0x00000000c001b440                DriverlessDevice::open(int, int, void*)
                0x00000000c001b454                Device::~Device()
                0x00000000c001b454                Device::~Device()
                0x00000000c001b462                Device::~Device()
                0x00000000c001b48a                Device::findAndLoadDriver()
                0x00000000c001b498                Device::preOpenPCI(PCIDeviceInfo)
                0x00000000c001b4be                Device::preOpenACPI(void*, char*, char*)
                0x00000000c001b4fe                Device::addIRQHandler(int, void (*)(regs*, void*), bool, void*)
                0x00000000c001b528                Device::getParent()
                0x00000000c001b534                Device::removeIRQHandler(int, void (*)(regs*, void*), bool)
                0x00000000c001b552                Device::addChild(Device*)
                0x00000000c001b596                Device::removeAllChildren()
                0x00000000c001b5dc                Device::hibernateAll()
                0x00000000c001b60c                Device::wakeAll()
                0x00000000c001b63c                Device::detectAll()
                0x00000000c001b66c                Device::disableLegacyAll()
                0x00000000c001b66e                Device::loadDriversForAll()
                0x00000000c001b670                Device::powerSavingAll(PowerSavingLevel)
                0x00000000c001b6a6                Device::setName(char const*)
                0x00000000c001b6b4                Device::Device(char const*)
                0x00000000c001b6b4                Device::Device(char const*)
                0x00000000c001b7b0                Device::getName()
                0x00000000c001b7ba                Device::closeAll()
                0x00000000c001b806                DriverlessDevice::DriverlessDevice(char const*)
                0x00000000c001b806                DriverlessDevice::DriverlessDevice(char const*)
                0x00000000c001b83c                Device::addToLinkedList(LinkedList<Device>&, DeviceType)
                0x00000000c001b880                getDevicesOfType(DeviceType)
 *fill*         0x00000000c001b8aa        0x2 
 .text          0x00000000c001b8ac       0x86 hal/diskctrl.32
                0x00000000c001b8ac                HardDiskController::HardDiskController(char const*)
                0x00000000c001b8ac                HardDiskController::HardDiskController(char const*)
                0x00000000c001b8e4                HardDiskController::~HardDiskController()
                0x00000000c001b8e4                HardDiskController::~HardDiskController()
                0x00000000c001b908                HardDiskController::~HardDiskController()
 .text          0x00000000c001b932       0xe2 hal/diskphys.32
                0x00000000c001b932                PhysicalDisk::eject()
                0x00000000c001b936                PhysicalDisk::PhysicalDisk(char const*, int)
                0x00000000c001b936                PhysicalDisk::PhysicalDisk(char const*, int)
                0x00000000c001b99e                PhysicalDisk::startCache()
                0x00000000c001b9c6                PhysicalDisk::~PhysicalDisk()
                0x00000000c001b9c6                PhysicalDisk::~PhysicalDisk()
                0x00000000c001b9ea                PhysicalDisk::~PhysicalDisk()
 .text          0x00000000c001ba14        0x0 hal/fpu.32
 .text          0x00000000c001ba14      0x359 hal/intctrl.32
                0x00000000c001ba14                int_handler
                0x00000000c001ba9e                installISRHandler(int, void (*)(regs*, void*), void*)
                0x00000000c001bae8                installIRQHandler(int, void (*)(regs*, void*), bool, void*)
                0x00000000c001bc1c                uninstallISRHandler(int, void (*)(regs*, void*))
                0x00000000c001bc50                uninstallIRQHandler(int, void (*)(regs*, void*), bool)
                0x00000000c001bcce                setupINTS()
                0x00000000c001bd2b                convertLegacyIRQNumber(int)
 *fill*         0x00000000c001bd6d        0x1 
 .text          0x00000000c001bd6e      0x8b6 hal/keybrd.32
                0x00000000c001bd6e                startGUI(void*)
                0x00000000c001bdd8                startGUIVESA(void*)
                0x00000000c001be42                sendKeyToTerminal(unsigned char)
                0x00000000c001bf1d                sendKeyboardToken(KeyboardToken)
                0x00000000c001c407                clearInternalKeybuffer(VgaText*)
                0x00000000c001c43c                readKeyboard(VgaText*, char*, unsigned long)
                0x00000000c001c59a                Keyboard::Keyboard(char const*)
                0x00000000c001c59a                Keyboard::Keyboard(char const*)
                0x00000000c001c5d6                Keyboard::~Keyboard()
                0x00000000c001c5d6                Keyboard::~Keyboard()
                0x00000000c001c5fa                Keyboard::~Keyboard()
 .text          0x00000000c001c624      0x3f8 hal/logidisk.32
                0x00000000c001c624                LogicalDisk::close(int, int, void*)
                0x00000000c001c628                LogicalDisk::~LogicalDisk()
                0x00000000c001c628                LogicalDisk::~LogicalDisk()
                0x00000000c001c64c                LogicalDisk::~LogicalDisk()
                0x00000000c001c676                LogicalDisk::open(int, int, void*)
                0x00000000c001c68a                LogicalDisk::absoluteToRelative(unsigned long long)
                0x00000000c001c6c2                LogicalDisk::relativeToAbsolute(unsigned long long)
                0x00000000c001c708                LogicalDisk::LogicalDisk(char const*, PhysicalDisk*, unsigned long long, unsigned long long)
                0x00000000c001c708                LogicalDisk::LogicalDisk(char const*, PhysicalDisk*, unsigned long long, unsigned long long)
                0x00000000c001c7c8                LogicalDisk::assignDriveLetter()
                0x00000000c001c882                LogicalDisk::mount()
                0x00000000c001c8ca                LogicalDisk::unmount()
                0x00000000c001c8da                LogicalDisk::eject()
                0x00000000c001c8ee                LogicalDisk::unassignDriveLetter()
                0x00000000c001c944                LogicalDisk::read(unsigned long long, int, void*)
                0x00000000c001c9b0                LogicalDisk::write(unsigned long long, int, void*)
 .text          0x00000000c001ca1c       0x86 hal/mouse.32
                0x00000000c001ca1c                Mouse::Mouse(char const*)
                0x00000000c001ca1c                Mouse::Mouse(char const*)
                0x00000000c001ca54                Mouse::~Mouse()
                0x00000000c001ca54                Mouse::~Mouse()
                0x00000000c001ca78                Mouse::~Mouse()
 .text          0x00000000c001caa2       0x90 hal/nic.32
                0x00000000c001caa2                NIC::getMAC()
                0x00000000c001caa8                NIC::write(int, unsigned char*, int*)
                0x00000000c001caae                NIC::NIC(char const*)
                0x00000000c001caae                NIC::NIC(char const*)
                0x00000000c001cae4                NIC::~NIC()
                0x00000000c001cae4                NIC::~NIC()
                0x00000000c001cb08                NIC::~NIC()
 .text          0x00000000c001cb32      0x33b hal/partition.32
                0x00000000c001cb32                makePartition(PhysicalDisk*, unsigned long long, unsigned long long)
                0x00000000c001cbda                createPartitionsForDisk(PhysicalDisk*)
 *fill*         0x00000000c001ce6d        0x3 
 .text          0x00000000c001ce70       0x86 hal/serial.32
                0x00000000c001ce70                Serial::Serial(char const*)
                0x00000000c001ce70                Serial::Serial(char const*)
                0x00000000c001cea8                Serial::~Serial()
                0x00000000c001cea8                Serial::~Serial()
                0x00000000c001cecc                Serial::~Serial()
 *fill*         0x00000000c001cef6        0x2 
 .text          0x00000000c001cef8      0x230 hal/timer.32
                0x00000000c001cef8                Timer::Timer(char const*)
                0x00000000c001cef8                Timer::Timer(char const*)
                0x00000000c001cf30                Timer::~Timer()
                0x00000000c001cf30                Timer::~Timer()
                0x00000000c001cf54                Timer::~Timer()
                0x00000000c001cf7e                Timer::read()
                0x00000000c001cf89                setupTimer(int)
                0x00000000c001cfc4                timerHandler(unsigned int)
 .text          0x00000000c001d128      0x444 hal/vcache.32
                0x00000000c001d128                VCache::VCache(PhysicalDisk*)
                0x00000000c001d128                VCache::VCache(PhysicalDisk*)
                0x00000000c001d298                VCache::invalidateReadBuffer()
                0x00000000c001d2a8                VCache::writeWriteBuffer()
                0x00000000c001d2f4                VCache::~VCache()
                0x00000000c001d2f4                VCache::~VCache()
                0x00000000c001d34c                VCache::~VCache()
                0x00000000c001d374                VCache::write(unsigned long long, int, void*)
                0x00000000c001d468                VCache::read(unsigned long long, int, void*)
 .text          0x00000000c001d56c      0x70e hal/video.32
                0x00000000c001d56c                Video::putrect(int, int, int, int, unsigned int)
                0x00000000c001d5b8                Video::bitblit(int, int, int, int, int, int, int, unsigned int*)
                0x00000000c001d628                Video::blit(unsigned int*, int, int, int, int)
                0x00000000c001d6a6                Video::clearScreen(unsigned int)
                0x00000000c001d6da                Video::putpixel(int, int, unsigned int)
                0x00000000c001d6e8                Video::readPixelApprox(int, int)
                0x00000000c001d6fc                Video::Video(char const*)
                0x00000000c001d6fc                Video::Video(char const*)
                0x00000000c001d732                Video::~Video()
                0x00000000c001d732                Video::~Video()
                0x00000000c001d756                Video::~Video()
                0x00000000c001d780                Video::isMonochrome()
                0x00000000c001d78c                Video::getWidth()
                0x00000000c001d798                Video::getHeight()
                0x00000000c001d7a4                Video::drawCursor(int, int, unsigned int*, int)
                0x00000000c001d860                Video::tgaParse(unsigned char*, int, int*, int*)
                0x00000000c001dc0a                Video::putTGA(int, int, unsigned char*, int)
 *fill*         0x00000000c001dc7a        0x2 
 .text          0x00000000c001dc7c     0x1413 hw/acpi.32
                0x00000000c001dc7c                ACPI::close(int, int, void*)
                0x00000000c001ddb8                findRSDP()
                0x00000000c001de50                loadACPITables(unsigned char*)
                0x00000000c001e0bc                findRSDT(unsigned char*)
                0x00000000c001e214                findDataTable(unsigned char*, char*)
                0x00000000c001e294                scanMADT()
                0x00000000c001e74c                ACPI::ACPI()
                0x00000000c001e74c                ACPI::ACPI()
                0x00000000c001e7a0                ACPI::getPCIIRQAssignment(unsigned char, unsigned short, unsigned char)
                0x00000000c001e89c                ACPI::registerPCIIRQAssignment(void*, unsigned short, unsigned char, unsigned char)
                0x00000000c001e968                ACPI::setScreenBrightnessLevel(void*, int)
                0x00000000c001e970                ACPI::detectPCI()
                0x00000000c001eb90                ACPI::writeSimpleBootFlag(SimpleBootFlagTable*)
                0x00000000c001ebd8                ACPI::sleep()
                0x00000000c001ebf4                ACPI::open(int, int, void*)
 *fill*         0x00000000c001f08f        0x1 
 .text          0x00000000c001f090      0xbc5 hw/cpu.32
                0x00000000c001f090                CPU::close(int, int, void*)
                0x00000000c001f094                CPU::AMD_K6_write_msr(unsigned int, unsigned int, unsigned int, CPU::REGS*)
                0x00000000c001f0b0                CPU::AMD_K6_read_msr(unsigned int, CPU::REGS*)
                0x00000000c001f0c8                CPU::AMD_K6_writeback(int, int, int)
                0x00000000c001f13c                CPU::cpuid(int, unsigned long*, unsigned long*, unsigned long*, unsigned long*)
                0x00000000c001f1c0                CPU::cpuidCheckEDX(unsigned int)
                0x00000000c001f1ee                CPU::cpuidCheckECX(unsigned int)
                0x00000000c001f21c                CPU::cpuidCheckExtendedEBX(unsigned int)
                0x00000000c001f24a                CPU::cpuidCheckExtendedECX(unsigned int)
                0x00000000c001f278                CPU::CPU()
                0x00000000c001f278                CPU::CPU()
                0x00000000c001f306                CPU::displayFeatures()
                0x00000000c001f308                CPU::detectFeatures()
                0x00000000c001f9dc                CPU::setupSMEP()
                0x00000000c001f9e8                CPU::setupUMIP()
                0x00000000c001f9f2                CPU::setupTSC()
                0x00000000c001f9fc                CPU::setupLargePages()
                0x00000000c001fa06                CPU::setupPAT()
                0x00000000c001fa42                CPU::setupMTRR()
                0x00000000c001fa44                CPU::setupGlobalPages()
                0x00000000c001fa4e                CPU::allowUsermodeDataAccess()
                0x00000000c001fa60                CPU::prohibitUsermodeDataAccess()
                0x00000000c001fa72                CPU::setupSMAP()
                0x00000000c001fa80                CPU::setupFeatures()
                0x00000000c001fb4c                CPU::open(int, int, void*)
 .text          0x00000000c001fc55       0xb6 krnl/atexit.32
                0x00000000c001fc55                KeInitialiseAtexit()
                0x00000000c001fc74                KeRegisterAtexit(void (*)(void*), void*)
                0x00000000c001fca8                KeExecuteAtexit()
 .text          0x00000000c001fd0b       0xdf krnl/bootmsg.32
                0x00000000c001fd0b                KeDisplaySplashScreen()
                0x00000000c001fd87                KeSetBootMessage(char const*)
 *fill*         0x00000000c001fdea        0x2 
 .text          0x00000000c001fdec       0x48 krnl/cdefs.32
                0x00000000c001fdec                CUnlockScheduler
                0x00000000c001fe08                CLockScheduler
                0x00000000c001fe18                CPrintf
 .text          0x00000000c001fe34       0x1d krnl/compat.32
                0x00000000c001fe34                Krnl::handlePowerButton()
                0x00000000c001fe44                Krnl::handleSleepButton()
 .text          0x00000000c001fe51       0x2b krnl/crc32.32
                0x00000000c001fe51                KeCalculateCRC32(unsigned char*, int)
 .text          0x00000000c001fe7c      0x5bf krnl/env.32
                0x00000000c001fe7c                EnvVarContainer::getEnv(char const*)
                0x00000000c001feba                EnvVarContainer::setEnv(char const*, char const*)
                0x00000000c001ff7c                EnvVarContainer::deleteEnv(char const*)
                0x00000000c001ff7e                EnvVarContainer::loadFrom(char const*, char const*)
                0x00000000c00201a2                EnvVarContainer::__loadSystem()
                0x00000000c00201bc                EnvVarContainer::__loadUser()
                0x00000000c00201be                EnvVarContainer::EnvVarContainer(Process*)
                0x00000000c00201be                EnvVarContainer::EnvVarContainer(Process*)
                0x00000000c00201e0                EnvVarContainer::~EnvVarContainer()
                0x00000000c00201e0                EnvVarContainer::~EnvVarContainer()
                0x00000000c0020210                KeGetEnv(Process*, char const*)
                0x00000000c0020275                KeSetEnvSystem(char const*, char const*)
                0x00000000c002028f                KeSetEnvUser(char const*, char const*)
                0x00000000c00202ae                KeSetEnvProcess(Process*, char const*, char const*)
                0x00000000c00202c1                KeDeleteEnvSystem(char const*)
                0x00000000c00202c2                KeDeleteEnvUser(char const*)
                0x00000000c00202c3                KeDeleteEnvProcess(Process*, char const*)
                0x00000000c00202c4                KeNewProcessEnv(Process*)
                0x00000000c00202e6                KeCopyProcessEnv(Process*, Process*)
                0x00000000c0020332                KeLoadSystemEnv()
                0x00000000c0020360                KeLoadUserEnv()
                0x00000000c0020386                KeFlushEnv()
                0x00000000c0020387                KeGetProcessTotalEnvCount(Process*)
                0x00000000c00203a7                KeGetProcessEnvPair(Process*, int)
 .text          0x00000000c002043b       0x94 krnl/inlines.32
                0x00000000c002043b                CPU::current()
                0x00000000c0020447                operator new(unsigned long)
                0x00000000c002044c                operator delete(void*)
                0x00000000c0020451                disableIRQs()
                0x00000000c0020453                enableIRQs()
                0x00000000c0020455                lockScheduler()
                0x00000000c002045d                unlockScheduler()
                0x00000000c002046c                lockStuff()
                0x00000000c002047a                unlockStuff()
                0x00000000c00204b4                Virt::getAKernelVAS()
                0x00000000c00204ba                __not_memcpy
 *fill*         0x00000000c00204cf        0x1 
 .text          0x00000000c00204d0       0x1a krnl/mutex.32
                0x00000000c00204d0                Mutex::Mutex()
                0x00000000c00204d0                Mutex::Mutex()
 .text          0x00000000c00204ea        0xc krnl/panic.32
                0x00000000c00204ea                KePanic(char const*)
 .text          0x00000000c00204f6      0x142 krnl/powctrl.32
                0x00000000c00204f6                KePowerThread(void*)
                0x00000000c0020524                KeChangePowerSettings(PowerSettings)
                0x00000000c002053a                KeUserIOReceived()
                0x00000000c0020545                KeHandlePowerButton()
                0x00000000c002057a                KeHandleSleepButton()
                0x00000000c00205af                KeSetupPowerManager()
 .text          0x00000000c0020638       0x9d krnl/random.32
                0x00000000c0020638                KeRand()
                0x00000000c002067a                KeSeedRand(unsigned int)
                0x00000000c00206a3                KeInitRand()
 *fill*         0x00000000c00206d5        0x3 
 .text          0x00000000c00206d8      0x1bc krnl/resolve.32
                0x00000000c00206d8                KeResolveCompatibilitySymbol(char*)
 .text          0x00000000c0020894      0x415 krnl/semaphore.32
                0x00000000c0020894                Semaphore::Semaphore(int)
                0x00000000c0020894                Semaphore::Semaphore(int)
                0x00000000c00208c4                Semaphore::tryAcquire()
                0x00000000c00209a0                Semaphore::assertLocked(char const*)
                0x00000000c0020a30                Semaphore::acquire(int)
                0x00000000c0020bd8                Semaphore::acquire()
                0x00000000c0020bf4                Semaphore::release()
 .text          0x00000000c0020ca9      0x322 krnl/signal.32
                0x00000000c0020ca9                KiSigKill(int)
                0x00000000c0020cbd                KiDefaultSignalHandlerIgnore(int)
                0x00000000c0020cbe                KiDefaultSignalHandlerPause(int)
                0x00000000c0020cea                KiDefaultSignalHandlerResume(int)
                0x00000000c0020d16                KeDeinitSignals(SigHandlerBlock*)
                0x00000000c0020d1b                KeInitSignals()
                0x00000000c0020d6d                KeRegisterSignalHandler(SigHandlerBlock*, int, void (*)(int), unsigned int, int)
                0x00000000c0020da3                KeRaiseSignal(SigHandlerBlock*, int)
                0x00000000c0020e20                KeCheckSignal(SigHandlerBlock*, int*)
                0x00000000c0020f17                KiCheckSignalZ
                0x00000000c0020f59                KeCompleteSignal(SigHandlerBlock*, int)
                0x00000000c0020f94                KiFinishSignalZ
 .text          0x00000000c0020fcb      0xe10 krnl/syscalls.32
                0x00000000c0020fcb                SysSeekDir(regs*)
                0x00000000c0020fd0                SysTellDir(regs*)
                0x00000000c0020fd5                SysVerify(regs*)
                0x00000000c0020fdf                SysGetArgc(regs*)
                0x00000000c0020ff3                SysTTYName(regs*)
                0x00000000c0020ffb                SysFormatDisk(regs*)
                0x00000000c0021072                SysSetDiskVolumeLabel(regs*)
                0x00000000c00210c6                SysGetDiskVolumeLabel(regs*)
                0x00000000c002111f                SysShutdown(regs*)
                0x00000000c002117d                SysRealpath(regs*)
                0x00000000c00211c1                SysReadDir(regs*)
                0x00000000c0021241                SysIsATTY(regs*)
                0x00000000c002129b                SysSeek(regs*)
                0x00000000c00212f2                SysTell(regs*)
                0x00000000c002135f                SysSize(regs*)
                0x00000000c00213d2                SysSizeFromFilename(regs*)
                0x00000000c0021503                SysSizeFromFilenameNoSymlink(regs*)
                0x00000000c0021634                SysClose(regs*)
                0x00000000c0021694                SysOpenDir(regs*)
                0x00000000c0021711                SysMakeDir(regs*)
                0x00000000c002177f                SysCloseDir(regs*)
                0x00000000c00217d3                SysWait(regs*)
                0x00000000c00217f4                SysNotImpl(regs*)
                0x00000000c002180f                SysPanic(regs*)
                0x00000000c002182a                SysRmdir(regs*)
                0x00000000c002188f                SysUnlink(regs*)
                0x00000000c00218f4                SysGetArgv(regs*)
                0x00000000c0021941                SysUSleep(regs*)
                0x00000000c002196a                SysSpawn(regs*)
                0x00000000c00219dd                SysGetEnv(regs*)
                0x00000000c0021a8e                SysSetFatAttrib(regs*)
                0x00000000c0021b01                SysPipe(regs*)
                0x00000000c0021b46                SysGetUnixTime(regs*)
                0x00000000c0021b5a                string_ends_with(char const*, char const*)
                0x00000000c0021ba2                SysOpen(regs*)
                0x00000000c0021d99                KeSystemCall(regs*, void*)
 *fill*         0x00000000c0021ddb        0x1 
 .text          0x00000000c0021ddc      0x159 net/ethernet.32
                0x00000000c0021ddc                KeSwitchEndian16(unsigned short)
                0x00000000c0021e00                KeSwitchEndian32(unsigned int)
                0x00000000c0021e30                EthernetCRC32(unsigned char*, int)
                0x00000000c0021ed4                EthernetReceivedPacket(EthernetUnwrappedFrame*, unsigned short)
 *fill*         0x00000000c0021f35        0x3 
 .text          0x00000000c0021f38       0xf4 net/netosl.32
                0x00000000c0021f38                KeNetCreateSemaphore
                0x00000000c0021f7c                KeNetFreeSemaphore
                0x00000000c0021f98                KeNetSignalSemaphore
                0x00000000c0021fb4                KeNetWaitSemaphore
                0x00000000c0021fd4                KeNetCreateThread
                0x00000000c0021ff8                KeCPanic
                0x00000000c0022010                KeCPuts
 .text          0x00000000c002202c      0xd56 reg/cm.32
                0x00000000c002202c                CmOpen(char const*)
                0x00000000c002214a                CmClose(Reghive_Tag*)
                0x00000000c0022160                CmReadExtent(Reghive_Tag*, int, unsigned char*)
                0x00000000c002219c                CmGetString(Reghive_Tag*, int, char*)
                0x00000000c0022213                CmEnterDirectory(Reghive_Tag*, int)
                0x00000000c0022252                CmGetNext(Reghive_Tag*, int)
                0x00000000c0022284                CmWriteExtent(Reghive_Tag*, int, unsigned char*)
                0x00000000c00222c0                CmFreeExtent(Reghive_Tag*, int)
                0x00000000c00222e8                CmUpdateHeader(Reghive_Tag*)
                0x00000000c0022309                CmExpand(Reghive_Tag*, int)
                0x00000000c0022384                CmFindUnusedExtent(Reghive_Tag*)
                0x00000000c002240a                CmCreateExtent(Reghive_Tag*, int, int, unsigned char*)
                0x00000000c00224fe                CmSetString(Reghive_Tag*, int, char const*)
                0x00000000c002263a                CmGetMatch(char*, char*, bool, bool*)
                0x00000000c002269b                CmAddShift(unsigned int*, int*, unsigned char, int)
                0x00000000c00226cb                CmGetShift(unsigned int*, int*, int, bool*)
                0x00000000c0022702                CmGetInteger(Reghive_Tag*, int, unsigned long long*)
                0x00000000c002272c                CmSetInteger(Reghive_Tag*, int, unsigned long long)
                0x00000000c002276c                CmConvertFromInternalFilename(unsigned char const*, char*)
                0x00000000c0022810                CmGetNameAndTypeFromExtent(Reghive_Tag*, int, char*)
                0x00000000c002283e                CmConvertToInternalFilename(char const*, unsigned char*)
                0x00000000c00229dc                CmCreateString(Reghive_Tag*, int, char const*)
                0x00000000c0022a29                CmFindInDirectory(Reghive_Tag*, int, char const*)
                0x00000000c0022aa3                CmCreateInteger(Reghive_Tag*, int, char const*, unsigned long long, int)
                0x00000000c0022af6                CmCreateDirectory(Reghive_Tag*, int, char const*)
                0x00000000c0022bba                zStrtok(char*, char const*)
                0x00000000c0022c2c                CmFindObjectFromPath(Reghive_Tag*, char const*)
                0x00000000c0022cad                CmDisplayTree(Reghive_Tag*, int, int)
                0x00000000c0022d50                CmSplitFinalSlashInPlace(char*)
 .text          0x00000000c0022d82      0x52a reg/registry.32
                0x00000000c0022d82                Reg::findLineFromLoadedData(char*, char*, char*)
                0x00000000c0022ef3                Reg::getLineFromRegistry(char*, char*, char*, char*)
                0x00000000c0023048                Reg::getLine(char*, char*, char*)
                0x00000000c002307f                Reg::readInt(char*, char*, int*)
                0x00000000c002316d                Reg::readString(char*, char*, char*, int)
                0x00000000c00231ee                Reg::readBool(char*, char*, bool*)
                0x00000000c0023213                Reg::readBoolWithDefault(char*, char*, bool)
                0x00000000c002323f                Reg::readIntWithDefault(char*, char*, int)
                0x00000000c002326b                Reg::readStringWithDefault(char*, char*, char*, int, char*)
 .text          0x00000000c00232ac       0x36 sys/eject.32
                0x00000000c00232ac                SysEject(regs*)
 .text          0x00000000c00232e2       0x18 sys/exit.32
                0x00000000c00232e2                SysExit(regs*)
 .text          0x00000000c00232fa       0x1f sys/getcwd.32
                0x00000000c00232fa                SysGetCwd(regs*)
 .text          0x00000000c0023319        0xc sys/getpid.32
                0x00000000c0023319                SysGetPID(regs*)
 .text          0x00000000c0023325       0x1a sys/getramdata.32
                0x00000000c0023325                SysGetRAMData(regs*)
 .text          0x00000000c002333f       0x82 sys/getvgaptr.32
                0x00000000c002333f                SysGetVGAPtr(regs*)
 *fill*         0x00000000c00233c1        0x3 
 .text          0x00000000c00233c4       0xb9 sys/kill.32
                0x00000000c00233c4                SysKill(regs*)
 .text          0x00000000c002347d       0xa8 sys/loaddll.32
                0x00000000c002347d                SysLoadDLL(regs*)
 .text          0x00000000c0023525       0x68 sys/read.32
                0x00000000c0023525                SysRead(regs*)
 .text          0x00000000c002358d       0x29 sys/registersignal.32
                0x00000000c002358d                SysRegisterSignal(regs*)
 .text          0x00000000c00235b6      0x19c sys/registry.32
                0x00000000c00235b6                SysRegistryGetTypeFromPath(regs*)
                0x00000000c002362d                SysRegistryReadExtent(regs*)
                0x00000000c0023675                SysRegistryPathToExtentLookup(regs*)
                0x00000000c002369d                SysRegistryEnterDirectory(regs*)
                0x00000000c00236c5                SysRegistryGetNext(regs*)
                0x00000000c00236ed                SysRegistryGetNameAndTypeFromExtent(regs*)
                0x00000000c0023727                SysRegistryOpen(regs*)
                0x00000000c002373b                SysRegistryClose(regs*)
 .text          0x00000000c0023752       0x55 sys/sbrk.32
                0x00000000c0023752                SysSbrk(regs*)
 .text          0x00000000c00237a7       0x1c sys/setcwd.32
                0x00000000c00237a7                SysSetCwd(regs*)
 .text          0x00000000c00237c3       0x96 sys/settime.32
                0x00000000c00237c3                SysSetTime(regs*)
 .text          0x00000000c0023859       0x73 sys/symlink.32
                0x00000000c0023859                SysSymlink(regs*)
 .text          0x00000000c00238cc       0x4a sys/timezone.32
                0x00000000c00238cc                SysTimezone(regs*)
 .text          0x00000000c0023916       0xfc sys/truncate.32
                0x00000000c0023916                SysTruncate(regs*)
 .text          0x00000000c0023a12       0x68 sys/write.32
                0x00000000c0023a12                SysWrite(regs*)
 .text          0x00000000c0023a7a       0x62 sys/wsbe.32
                0x00000000c0023a7a                SysWsbe(regs*)
 .text          0x00000000c0023adc       0x25 sys/yield.32
                0x00000000c0023adc                SysYield(regs*)
 .text          0x00000000c0023b01     0x1207 thr/elf.32
                0x00000000c0023b01                Thr::allocateMemoryForTask(Process*, File*, unsigned long, unsigned long, unsigned long)
                0x00000000c0023d8f                Thr::loadProgramIntoMemory(Process*, char const*)
                0x00000000c0023fa1                Thr::runtimeReferenceHelper()
                0x00000000c0023fb4                Thr::getAddressOfKernelSymbol(char const*)
                0x00000000c0024003                Thr::loadKernelSymbolTable(char const*)
                0x00000000c00242c1                Thr::loadDriverIntoMemory(char const*, unsigned long, bool)
                0x00000000c00249fa                Thr::getDriverBaseFromAddress(unsigned long)
                0x00000000c0024a2c                Thr::getDriverNameFromAddress(unsigned long)
                0x00000000c0024a63                Thr::getDriverOffsetFromAddress(unsigned long)
                0x00000000c0024a7d                Thr::loadDLL(char const*, bool)
                0x00000000c0024ccf                Thr::executeDLL(unsigned long, void*)
 .text          0x00000000c0024d08     0x1131 thr/prcssthr.32
                0x00000000c0024d08                userModeEntryPoint(void*)
                0x00000000c0024d30                changeTSS
                0x00000000c0024d60                switchToThread(ThreadControlBlock*)
                0x00000000c0024e10                Process::addArgs(char**)
                0x00000000c0024e7c                Process::Process(char const*, Process*, char**)
                0x00000000c0024e7c                Process::Process(char const*, Process*, char**)
                0x00000000c0025088                Process::Process(bool, char const*, Process*, char**)
                0x00000000c0025088                Process::Process(bool, char const*, Process*, char**)
                0x00000000c002525c                taskStartupFunction
                0x00000000c0025268                KeDisablePreemption()
                0x00000000c0025290                KeRestorePreemption()
                0x00000000c00252b0                Process::createThread(void (*)(void*), void*, int)
                0x00000000c00253bc                Process::createUserThread()
                0x00000000c00253dc                setupMultitasking(void (*)())
                0x00000000c0025500                schedule()
                0x00000000c0025594                blockTaskWithSchedulerLockAlreadyHeld(TaskState)
                0x00000000c00255bc                blockTask(TaskState)
                0x00000000c00255f4                waitTask(int, int*, int)
                0x00000000c0025638                milliTenthSleepUntil(unsigned int)
                0x00000000c00256d8                milliTenthSleep(unsigned int)
                0x00000000c00256ec                sleep(unsigned int)
                0x00000000c0025708                taskReturned
                0x00000000c002574c                Thr::processFromPID(int)
                0x00000000c00257f8                unblockTask(ThreadControlBlock*)
                0x00000000c00258a4                cleanupTerminatedTask(ThreadControlBlock*)
                0x00000000c0025b78                cleanerTaskFunction(void*)
                0x00000000c0025c80                terminateTask(int)
                0x00000000c0025d6c                Thr::terminateFromIRQ(int)
 .text          0x00000000c0025e39      0xc27 vm86/vm8086.32
                0x00000000c0025e39                Vm::inbv(unsigned short)
                0x00000000c0025e4c                Vm::outbv(unsigned short, unsigned char)
                0x00000000c0025e82                Vm::realToLinear(unsigned short, unsigned short)
                0x00000000c0025e92                Vm::getSegment(unsigned int)
                0x00000000c0025e9a                Vm::getOffset(unsigned int)
                0x00000000c0025e9f                Vm::mainloop2()
                0x00000000c0025ed9                Vm::mainVm8086Loop(void*)
                0x00000000c0025ee9                Vm::mainloop3(unsigned long)
                0x00000000c0025f0f                Vm::initialise8086()
                0x00000000c0025f52                Vm::finish8086()
                0x00000000c0025fb3                Vm::getOutput8086(unsigned char*)
                0x00000000c0025fd8                Vm::start8086FromBuffer(unsigned char*, int, unsigned short, unsigned short, unsigned short, unsigned short)
                0x00000000c0026091                Vm::start8086(char const*, unsigned short, unsigned short, unsigned short, unsigned short)
                0x00000000c002622f                Vm::doISR(regs*, int, unsigned char*, unsigned short, unsigned short)
                0x00000000c00262c8                Vm::readByteFromReal(unsigned short, unsigned short)
                0x00000000c00262d9                Vm::readWordFromReal(unsigned short, unsigned short)
                0x00000000c00262eb                Vm::readDwordFromReal(unsigned short, unsigned short)
                0x00000000c00262fc                Vm::writeByteFromReal(unsigned short, unsigned short, unsigned char)
                0x00000000c0026311                Vm::writeWordFromReal(unsigned short, unsigned short, unsigned short)
                0x00000000c0026327                Vm::writeDwordFromReal(unsigned short, unsigned short, unsigned int)
                0x00000000c002633c                Vm::faultHandler(regs*)
 .text          0x00000000c0026a60      0xaf0 arch/i386/hal.32
                0x00000000c0026a60                noCopro(unsigned long)
                0x00000000c0026a61                nmiHandler(regs*, void*)
                0x00000000c0026a7a                doubleFault(regs*, void*)
                0x00000000c0026a93                displayDebugInfo(regs*)
                0x00000000c0026e18                HalSystemIdle()
                0x00000000c0026e94                displayProgramFault(char const*)
                0x00000000c0026ee0                gpFault(regs*, void*)
                0x00000000c0026f47                pgFault(regs*, void*)
                0x00000000c0026fd0                otherISRHandler(regs*, void*)
                0x00000000c0027004                opcodeFault(regs*, void*)
                0x00000000c0027087                i386SaveCoprocessor(void*)
                0x00000000c002709b                i386LoadCoprocessor(void*)
                0x00000000c00270af                x87EmulHandler(regs*, void*)
                0x00000000c002714c                HalInitialiseCoprocessor()
                0x00000000c00271fa                HalPanic(char const*)
                0x00000000c002730e                HalQueryPerformanceCounter()
                0x00000000c0027329                HalInitialise()
                0x00000000c00274df                HalMakeBeep(int)
                0x00000000c0027519                HalGetRand()
                0x00000000c002751c                HalEndOfInterrupt(int)
                0x00000000c002754d                HalRestart()
                0x00000000c002754e                HalShutdown()
                0x00000000c002754f                HalSleep()
 .text          0x00000000c0027550      0x2dc arch/i386/pic.32
                0x00000000c0027550                picIoWait()
                0x00000000c0027558                picDisable()
                0x00000000c002758c                picGetIRQReg(int)
                0x00000000c0027608                picOpen()
                0x00000000c002778c                picEOI(int)
 .text          0x00000000c002782c      0x674 arch/i386/rtc.32
                0x00000000c002782c                RTC::open(int, int, void*)
                0x00000000c0027830                RTC::close(int, int, void*)
                0x00000000c0027834                RTC::timeInSecondsUTC()
                0x00000000c0027846                RTC::timeInDatetimeUTC()
                0x00000000c002786c                RTC::setTimeInSecondsUTC(unsigned long long)
                0x00000000c00278aa                RTC::~RTC()
                0x00000000c00278aa                RTC::~RTC()
                0x00000000c00278ce                RTC::~RTC()
                0x00000000c00278f8                RTC::get_update_in_progress_flag()
                0x00000000c0027912                RTC::completeRTCRefresh()
                0x00000000c0027bf2                RTC::setTimeInDatetimeUTC(datetime_t)
                0x00000000c0027da0                rtcIRQHandler(regs*, void*)
                0x00000000c0027de6                RTC::RTC()
                0x00000000c0027de6                RTC::RTC()
 .text          0x00000000c0027ea0      0x1f4 arch/i386/vga.32
                0x00000000c0027ea0                HalConsoleScroll(int, int)
                0x00000000c0027fa8                HalConsoleWriteCharacter(char, int, int, int, int)
                0x00000000c002800c                HalConsoleCursorUpdate(int, int)
 .text          0x00000000c0028094     0x14cf fs/fat/vfslink.32
                0x00000000c0028094                FAT::getName()
                0x00000000c002809c                FAT::tell(void*, unsigned long long*)
                0x00000000c00280d8                FAT::stat(void*, unsigned long long*)
                0x00000000c0028114                FAT::~FAT()
                0x00000000c0028114                FAT::~FAT()
                0x00000000c0028138                FAT::~FAT()
                0x00000000c0028160                FAT::getlabel(LogicalDisk*, int, char*, unsigned int*)
                0x00000000c0028204                FAT::setlabel(LogicalDisk*, int, char*)
                0x00000000c00282c8                FAT::format(LogicalDisk*, int, char const*, int)
                0x00000000c00284ac                FAT::tryMount(LogicalDisk*, int)
                0x00000000c00286c8                FAT::allocateSwapfile(char const*, int)
                0x00000000c0028888                FAT::readDir(void*, unsigned long, void*, int*)
                0x00000000c00289f8                FAT::read(void*, unsigned long, void*, int*)
                0x00000000c0028a58                FAT::write(void*, unsigned long, void*, int*)
                0x00000000c0028ab8                FAT::close(void*)
                0x00000000c0028b0c                FAT::closeDir(void*)
                0x00000000c0028b60                FAT::truncate(void*, unsigned long long)
                0x00000000c0028bcc                FAT::seek(void*, unsigned long long)
                0x00000000c0028c24                fatWrapperReadDisk
                0x00000000c0028c64                fatWrapperWriteDisk
                0x00000000c0028ca4                fatWrapperIoctl
                0x00000000c0028dc0                FAT::FAT()
                0x00000000c0028dc0                FAT::FAT()
                0x00000000c0028e18                FAT::fixFilepath(char*)
                0x00000000c0028e58                FAT::open(char const*, void**, FileOpenMode)
                0x00000000c0028fcc                FAT::openDir(char const*, void**)
                0x00000000c002907c                FAT::stat(char const*, unsigned long long*, bool*)
                0x00000000c0029174                FAT::unlink(char const*)
                0x00000000c00291f4                FAT::chfatattr(char const*, unsigned char, unsigned char)
                0x00000000c00293a8                FAT::rename(char const*, char const*)
                0x00000000c0029474                FAT::mkdir(char const*)
                0x00000000c00294f4                FAT::exists(char const*)
 *fill*         0x00000000c0029563        0x1 
 .text          0x00000000c0029564       0x94 fs/iso9660/helper.32
                0x00000000c0029564                isoReadDiscSectorHelper
                0x00000000c00295c0                iso_kprintf
                0x00000000c00295dc                iso_kprintfd
 .text          0x00000000c00295f8      0x71c fs/iso9660/vfslink.32
                0x00000000c00295f8                ISO9660::format(LogicalDisk*, int, char const*, int)
                0x00000000c00295fe                ISO9660::truncate(void*, unsigned long long)
                0x00000000c0029604                ISO9660::getName()
                0x00000000c002960a                ISO9660::closeDir(void*)
                0x00000000c0029614                ISO9660::chfatattr(char const*, unsigned char, unsigned char)
                0x00000000c002961a                ISO9660::unlink(char const*)
                0x00000000c0029620                ISO9660::write(void*, unsigned long, void*, int*)
                0x00000000c0029626                ISO9660::rename(char const*, char const*)
                0x00000000c002962c                ISO9660::mkdir(char const*)
                0x00000000c0029632                ISO9660::~ISO9660()
                0x00000000c0029632                ISO9660::~ISO9660()
                0x00000000c0029656                ISO9660::~ISO9660()
                0x00000000c002967e                ISO9660::exists(char const*)
                0x00000000c0029692                ISO9660::open(char const*, void**, FileOpenMode)
                0x00000000c0029778                ISO9660::read(void*, unsigned long, void*, int*)
                0x00000000c00297c0                ISO9660::seek(void*, unsigned long long)
                0x00000000c0029802                ISO9660::tell(void*, unsigned long long*)
                0x00000000c0029840                ISO9660::stat(void*, unsigned long long*)
                0x00000000c0029892                ISO9660::stat(char const*, unsigned long long*, bool*)
                0x00000000c00299d4                ISO9660::close(void*)
                0x00000000c0029a04                ISO9660::openDir(char const*, void**)
                0x00000000c0029ade                ISO9660::readDir(void*, unsigned long, void*, int*)
                0x00000000c0029bfb                readSectorFromCDROM(unsigned int, unsigned char*, char)
                0x00000000c0029c7a                ISO9660::tryMount(LogicalDisk*, int)
                0x00000000c0029cec                ISO9660::ISO9660()
                0x00000000c0029cec                ISO9660::ISO9660()