Archive member included to satisfy reference by file (symbol)

/cygdrive/d/Users/Alex/Desktop/Toolchain/Output/bin/../lib/gcc/i386-banana/8.1.0/libkgcc.a(_divdi3.o)
                              fs/fat/ff.32 (__divdi3)
/cygdrive/d/Users/Alex/Desktop/Toolchain/Output/bin/../lib/gcc/i386-banana/8.1.0/libkgcc.a(_moddi3.o)
                              compat/resolve.32 (__moddi3)
/cygdrive/d/Users/Alex/Desktop/Toolchain/Output/bin/../lib/gcc/i386-banana/8.1.0/libkgcc.a(_udivdi3.o)
                              fs/fat/ff.32 (__udivdi3)
/cygdrive/d/Users/Alex/Desktop/Toolchain/Output/bin/../lib/gcc/i386-banana/8.1.0/libkgcc.a(_umoddi3.o)
                              compat/resolve.32 (__umoddi3)
D:/Users/Alex/Desktop/Banana/kernel/libsoftfp.a(sfieeelib.o)
                              hal/libresample/src_linear.32 (__subsf3)
D:/Users/Alex/Desktop/Banana/kernel/libsoftfp.a(dfieeelib.o)
                              hal/libresample/src_linear.32 (__adddf3)
D:/Users/Alex/Desktop/Banana/kernel/libsoftfp.a(sfdfcvt.o)
                              hal/libresample/samplerate.32 (__truncdfsf2)
D:/Users/Alex/Desktop/Banana/kernel/libk/libm32.a(s_fabs.c.o)
                              hal/libresample/samplerate.32 (fabs)
D:/Users/Alex/Desktop/Banana/kernel/libk/libm32.a(s_lrint.S.o)
                              hal/libresample/samplerate.32 (lrint)
D:/Users/Alex/Desktop/Banana/kernel/libk/libm32.a(s_lrintf.S.o)
                              hal/sound/sndhw.32 (lrintf)

Discarded input sections

 .comment       0x0000000000000000       0x12 /cygdrive/d/Users/Alex/Desktop/Toolchain/Output/bin/../lib/gcc/i386-banana/8.1.0/crtbegin.o
 .comment       0x0000000000000000       0x12 acpica/utclib.32
 .comment       0x0000000000000000       0x12 core/malloc.32
 .comment       0x0000000000000000       0x12 libk/string.32
 .comment       0x0000000000000000       0x12 fs/fat/diskio.32
 .comment       0x0000000000000000       0x12 fs/fat/ff.32
 .comment       0x0000000000000000       0x12 fs/fat/ffsystem.32
 .comment       0x0000000000000000       0x12 fs/fat/ffunicode.32
 .comment       0x0000000000000000       0x12 hal/libresample/samplerate.32
 .comment       0x0000000000000000       0x12 hal/libresample/src_linear.32
 .comment       0x0000000000000000       0x12 hal/libresample/src_sinc.32
 .comment       0x0000000000000000       0x12 hal/libresample/src_zoh.32
 .comment       0x0000000000000000       0x12 compat/inlines.32
 .comment       0x0000000000000000       0x12 compat/resolve.32
 .group         0x0000000000000000       0x14 core/computer.32
 .group         0x0000000000000000        0xc core/computer.32
 .comment       0x0000000000000000       0x12 core/computer.32
 .comment       0x0000000000000000       0x12 core/gdt.32
 .group         0x0000000000000000        0xc core/idle.32
 .comment       0x0000000000000000       0x12 core/idle.32
 .comment       0x0000000000000000       0x12 core/idt.32
 .comment       0x0000000000000000       0x12 core/kheap.32
 .comment       0x0000000000000000       0x12 core/main.32
 .comment       0x0000000000000000       0x12 core/physmgr.32
 .group         0x0000000000000000        0xc core/pipe.32
 .comment       0x0000000000000000       0x12 core/pipe.32
 .group         0x0000000000000000        0xc core/terminal.32
 .comment       0x0000000000000000       0x12 core/terminal.32
 .comment       0x0000000000000000       0x12 core/tss.32
 .group         0x0000000000000000        0x8 core/unixfile.32
 .group         0x0000000000000000        0xc core/unixfile.32
 .group         0x0000000000000000        0xc core/unixfile.32
 .group         0x0000000000000000        0x8 core/unixfile.32
 .group         0x0000000000000000        0xc core/unixfile.32
 .group         0x0000000000000000        0x8 core/unixfile.32
 .group         0x0000000000000000        0xc core/unixfile.32
 .group         0x0000000000000000        0xc core/unixfile.32
 .comment       0x0000000000000000       0x12 core/unixfile.32
 .comment       0x0000000000000000       0x12 core/virtmgr.32
 .comment       0x0000000000000000       0x12 coreobjs/c++.32
 .comment       0x0000000000000000       0x12 dbg/kconsole.32
 .group         0x0000000000000000        0xc fs/vfs.32
 .group         0x0000000000000000        0xc fs/vfs.32
 .group         0x0000000000000000        0xc fs/vfs.32
 .comment       0x0000000000000000       0x12 fs/vfs.32
 .group         0x0000000000000000        0xc hal/bus.32
 .comment       0x0000000000000000       0x12 hal/bus.32
 .group         0x0000000000000000        0xc hal/buzzer.32
 .comment       0x0000000000000000       0x12 hal/buzzer.32
 .group         0x0000000000000000        0xc hal/clock.32
 .comment       0x0000000000000000       0x12 hal/clock.32
 .group         0x0000000000000000       0x14 hal/device.32
 .group         0x0000000000000000        0xc hal/device.32
 .group         0x0000000000000000        0xc hal/device.32
 .group         0x0000000000000000        0xc hal/device.32
[...]
Memory Configuration

Name             Origin             Length             Attributes
*default*        0x0000000000000000 0xffffffffffffffff

Linker script and memory map

LOAD D:/Users/Alex/Desktop/Banana/kernel/boot.32
LOAD crti.32
LOAD /cygdrive/d/Users/Alex/Desktop/Toolchain/Output/bin/../lib/gcc/i386-banana/8.1.0/crtbegin.o
LOAD D:/Users/Alex/Desktop/Banana/kernel/morenasm.32
LOAD acpica/utclib.32
LOAD core/malloc.32
LOAD libk/string.32
LOAD fs/fat/diskio.32
LOAD fs/fat/ff.32
LOAD fs/fat/ffsystem.32
LOAD fs/fat/ffunicode.32
LOAD hal/libresample/samplerate.32
LOAD hal/libresample/src_linear.32
LOAD hal/libresample/src_sinc.32
LOAD hal/libresample/src_zoh.32
LOAD compat/inlines.32
LOAD compat/resolve.32
LOAD core/computer.32
LOAD core/gdt.32
LOAD core/idle.32
LOAD core/idt.32
LOAD core/kheap.32
LOAD core/main.32
LOAD core/physmgr.32
LOAD core/pipe.32
LOAD core/terminal.32
LOAD core/tss.32
LOAD core/unixfile.32
LOAD core/virtmgr.32
LOAD coreobjs/c++.32
LOAD dbg/kconsole.32
LOAD fs/vfs.32
LOAD hal/bus.32
LOAD hal/buzzer.32
LOAD hal/clock.32
LOAD hal/device.32
LOAD hal/diskctrl.32
LOAD hal/diskphys.32
LOAD hal/fpu.32
LOAD hal/intctrl.32
LOAD hal/keybrd.32
LOAD hal/logidisk.32
LOAD hal/mouse.32
LOAD hal/partition.32
LOAD hal/serial.32
LOAD hal/timer.32
LOAD hal/vcache.32
LOAD hal/video.32
LOAD hw/acpi.32
LOAD hw/cpu.32
LOAD hw/ports.32
LOAD hw/smp.32
LOAD krnl/env.32
LOAD krnl/panic.32
LOAD net/ethernet.32
LOAD reg/registry.32
LOAD sys/sc_eject.32
LOAD sys/sc_exit.32
LOAD sys/sc_getcwd.32
LOAD sys/sc_getpid.32
LOAD sys/sc_getramdata.32
LOAD sys/sc_getvgaptr.32
LOAD sys/sc_loaddll.32
LOAD sys/sc_read.32
LOAD sys/sc_sbrk.32
LOAD sys/sc_setcwd.32
LOAD sys/sc_settime.32
LOAD sys/sc_timezone.32
LOAD sys/sc_write.32
LOAD sys/sc_wsbe.32
LOAD sys/sc_yield.32
LOAD sys/syscalls.32
LOAD thr/elf.32
LOAD thr/prcssthr.32
LOAD vm86/vm8086.32
LOAD vm86/x87em.32
LOAD fs/fat/vfslink.32
LOAD fs/iso9660/vfslink.32
LOAD hal/sound/sndchannel.32
LOAD hal/sound/sndhw.32
LOAD hw/bus/isa.32
LOAD hw/bus/pci.32
LOAD hw/diskctrl/ide.32
LOAD hw/diskctrl/satabus.32
LOAD hw/diskphys/ata.32
LOAD hw/diskphys/atapi.32
LOAD hw/diskphys/sata.32
LOAD hw/diskphys/satapi.32
LOAD hw/fpu/avx.32
LOAD hw/fpu/mmx.32
LOAD hw/fpu/sse.32
LOAD hw/fpu/x87.32
LOAD hw/intctrl/apic.32
LOAD hw/intctrl/pic.32
LOAD hw/timer/apictimer.32
LOAD hw/timer/pit.32
LOAD hw/fpu/x86/avx.32
LOAD hw/fpu/x86/sse.32
LOAD hw/fpu/x86/x87.32
LOAD /cygdrive/d/Users/Alex/Desktop/Toolchain/Output/bin/../lib/gcc/i386-banana/8.1.0/crtend.o
LOAD crtn.32
LOAD /cygdrive/d/Users/Alex/Desktop/Toolchain/Output/bin/../lib/gcc/i386-banana/8.1.0/libkgcc.a
LOAD D:/Users/Alex/Desktop/Banana/kernel/libsoftfp.a
LOAD D:/Users/Alex/Desktop/Banana/kernel/libk/libm32.a
                0x00000000c0000000                . = 0xc0000000

.text           0x00000000c0000000    0x290f8
 *(.text)
 .text          0x00000000c0000000       0x41 D:/Users/Alex/Desktop/Banana/kernel/boot.32
                0x00000000c0000020                callGlobalConstructors
 .text          0x00000000c0000041        0x0 crti.32
 *fill*         0x00000000c0000041        0x3 
 .text          0x00000000c0000044      0x101 /cygdrive/d/Users/Alex/Desktop/Toolchain/Output/bin/../lib/gcc/i386-banana/8.1.0/crtbegin.o
 *fill*         0x00000000c0000145        0xb 
 .text          0x00000000c0000150      0x4fb D:/Users/Alex/Desktop/Banana/kernel/morenasm.32
                0x00000000c0000150                manualPCIProbe
                0x00000000c000019b                prepareTramp
                0x00000000c00001b4                voodooXADD
                0x00000000c000027f                doTPAUSE
                0x00000000c0000289                hasLegacyFPU
                0x00000000c00002ae                is486
                0x00000000c00002e4                detectCPUID
                0x00000000c00002fa                goToVM86
                0x00000000c000032a                goToUsermode
                0x00000000c0000354                switchToThreadASMFirstTime
                0x00000000c0000362                switchToThreadASM
                0x00000000c00003f2                asmQuickAcquireLock
                0x00000000c0000410                asmQuickReleaseLock
                0x00000000c000041c                asmAcquireLock
                0x00000000c000043d                asmReleaseLock
                0x00000000c0000450                loadGDT
                0x00000000c0000470                isr0
                0x00000000c0000480                isr1
                0x00000000c000048a                isr2
                0x00000000c0000494                isr3
                0x00000000c000049e                isr4
                0x00000000c00004a8                isr5
                0x00000000c00004b2                isr6
                0x00000000c00004bc                isr7
                0x00000000c00004c6                isr8
                0x00000000c00004ce                isr9
                0x00000000c00004d8                isr10
                0x00000000c00004e0                isr11
                0x00000000c00004e8                isr12
                0x00000000c00004f0                isr13
                0x00000000c00004f8                isr14
                0x00000000c0000500                isr15
                0x00000000c000050a                isr16
                0x00000000c0000514                isr17
                0x00000000c000051e                isr18
                0x00000000c0000528                irq3
                0x00000000c0000532                irq4
                0x00000000c000053c                irq5
                0x00000000c0000546                irq6
                0x00000000c0000550                irq7
                0x00000000c000055a                irq8
                0x00000000c0000564                irq9
                0x00000000c000056e                irq10
                0x00000000c0000578                irq11
                0x00000000c0000582                irq12
                0x00000000c000058c                irq13
                0x00000000c0000596                irq14
                0x00000000c00005a0                irq15
                0x00000000c00005aa                irq1
                0x00000000c00005b1                irq2
                0x00000000c00005b8                isr96
                0x00000000c00005bf                irq0
                0x00000000c00005c4                syscall_common_stub
                0x00000000c00005c4                int_common_stub
                0x00000000c00005f6                irq16
                0x00000000c0000600                irq17
                0x00000000c000060a                irq18
                0x00000000c0000614                irq19
                0x00000000c000061e                irq20
                0x00000000c0000628                irq21
                0x00000000c0000632                irq22
                0x00000000c000063c                irq23
                0x00000000c0000646                memcpy
 *fill*         0x00000000c000064b        0x1 
 .text          0x00000000c000064c      0x5dd acpica/utclib.32
                0x00000000c000064c                memcmp
                0x00000000c0000688                memmove
                0x00000000c0000750                memset
                0x00000000c000076c                strlen
                0x00000000c0000784                strpbrk
                0x00000000c00007c0                strtok
                0x00000000c000080c                strcpy
                0x00000000c0000830                strncpy
                0x00000000c0000898                strcmp
                0x00000000c00008d8                strchr
                0x00000000c00008fc                strncmp
                0x00000000c000094c                strcat
                0x00000000c000097c                strncat
                0x00000000c00009b8                strstr
                0x00000000c0000a00                toupper
                0x00000000c0000a14                tolower
                0x00000000c0000a28                simple_strtoul
 .text          0x00000000c0000c29      0xfad core/malloc.32
                0x00000000c0000d94                dlfree
                0x00000000c00010ef                dlmalloc
                0x00000000c000162c                dlrealloc
                0x00000000c00017cf                dlmemalign
                0x00000000c00018f2                dlcalloc
                0x00000000c000198c                dlcfree
                0x00000000c0001991                dlindependent_calloc
                0x00000000c00019b6                dlindependent_comalloc
                0x00000000c00019cd                dlvalloc
                0x00000000c00019f8                dlpvalloc
                0x00000000c0001a2e                dlmalloc_trim
                0x00000000c0001a3b                dlmalloc_usable_size
                0x00000000c0001a6c                dlmallinfo
                0x00000000c0001b3b                dlmalloc_stats
                0x00000000c0001b4c                dlmallopt
 .text          0x00000000c0001bd6        0x0 libk/string.32
 .text          0x00000000c0001bd6       0x51 fs/fat/diskio.32
                0x00000000c0001bd6                disk_status
                0x00000000c0001bd9                disk_initialize
                0x00000000c0001bdc                disk_read
                0x00000000c0001bf2                disk_write
                0x00000000c0001c08                disk_ioctl
 .text          0x00000000c0001c27     0x6833 fs/fat/ff.32
                0x00000000c0004ef5                f_mount
                0x00000000c0004f57                f_open
                0x00000000c0005393                f_read
                0x00000000c0005613                f_write
                0x00000000c00058cd                f_sync
                0x00000000c0005aa9                f_close
                0x00000000c0005ad8                f_lseek
                0x00000000c0005f8f                f_opendir
                0x00000000c0006091                f_closedir
                0x00000000c00060b3                f_readdir
                0x00000000c000614e                f_stat
                0x00000000c00061dd                f_getfree
                0x00000000c00063a8                f_truncate
                0x00000000c00064a0                f_unlink
                0x00000000c0006623                f_mkdir
                0x00000000c000684f                f_rename
                0x00000000c0006b42                f_chmod
                0x00000000c0006c20                f_utime
                0x00000000c0006cfe                f_getlabel
                0x00000000c0006eec                f_setlabel
                0x00000000c0007159                f_forward
                0x00000000c0007337                f_mkfs
 .text          0x00000000c000845a       0x2d fs/fat/ffsystem.32
                0x00000000c000845a                ff_memalloc
                0x00000000c0008470                ff_memfree
 .text          0x00000000c0008487      0x253 fs/fat/ffunicode.32
                0x00000000c0008487                ff_uni2oem
                0x00000000c0008517                ff_oem2uni
                0x00000000c0008583                ff_wtoupper
 .text          0x00000000c00086da      0x8fb hal/libresample/samplerate.32
                0x00000000c000871e                src_delete
                0x00000000c000875a                src_process
                0x00000000c0008910                src_callback_read
                0x00000000c0008a8d                src_set_ratio
                0x00000000c0008af7                src_get_channels
                0x00000000c0008b19                src_reset
                0x00000000c0008b65                src_new
                0x00000000c0008bf3                src_callback_new
                0x00000000c0008c55                src_get_name
                0x00000000c0008c8c                src_get_description
                0x00000000c0008cc3                src_get_version
                0x00000000c0008cc9                src_is_valid_ratio
                0x00000000c0008d1d                src_error
                0x00000000c0008d2b                src_strerror
                0x00000000c0008d3e                src_simple
                0x00000000c0008d91                src_short_to_float_array
                0x00000000c0008df6                src_float_to_short_array
                0x00000000c0008eb5                src_int_to_float_array
                0x00000000c0008f18                src_float_to_int_array
 .text          0x00000000c0008fd5      0x8cb hal/libresample/src_linear.32
                0x00000000c00097fb                linear_get_name
                0x00000000c000980a                linear_get_description
                0x00000000c0009819                linear_set_converter
 .text          0x00000000c00098a0     0x447c hal/libresample/src_sinc.32
                0x00000000c000dc33                sinc_get_name
                0x00000000c000dc46                sinc_get_description
                0x00000000c000dc59                sinc_set_converter
 .text          0x00000000c000dd1c      0x77c hal/libresample/src_zoh.32
                0x00000000c000e3f3                zoh_get_name
                0x00000000c000e402                zoh_get_description
                0x00000000c000e411                zoh_set_converter
 .text          0x00000000c000e498       0xa7 compat/inlines.32
                0x00000000c000e498                CPU::current()
                0x00000000c000e4a4                operator new(unsigned long)
                0x00000000c000e4a9                operator delete(void*)
                0x00000000c000e4ae                disableIRQs()
                0x00000000c000e4b6                enableIRQs()
                0x00000000c000e4c5                lockScheduler()
                0x00000000c000e4cd                unlockScheduler()
                0x00000000c000e4dc                lockStuff()
                0x00000000c000e4ea                unlockStuff()
                0x00000000c000e524                Virt::getAKernelVAS()
                0x00000000c000e52a                __not_memcpy
 .text          0x00000000c000e53f      0x111 compat/resolve.32
                0x00000000c000e53f                Krnl::resolveCompatibilitySymbol(char*)
 .text          0x00000000c000e650      0xa17 core/computer.32
                0x00000000c000e650                Computer::close(int, int, void*)
                0x00000000c000e694                Krnl::firstTask()
                0x00000000c000e784                Computer::Computer()
                0x00000000c000e784                Computer::Computer()
                0x00000000c000e8e0                Computer::setBootMessage(char const*)
                0x00000000c000e8e2                Computer::detectFeatures()
                0x00000000c000eaec                Computer::displayFeatures()
                0x00000000c000ee32                Computer::rdmsr(unsigned int)
                0x00000000c000ee5e                Computer::wrmsr(unsigned int, unsigned long long)
                0x00000000c000ee96                Computer::nmiEnabled()
                0x00000000c000eea2                Computer::readCMOS(unsigned char)
                0x00000000c000eebc                Computer::enableNMI(bool)
                0x00000000c000eed4                Computer::open(int, int, void*)
                0x00000000c000efaa                Computer::disableNMI()
                0x00000000c000efb8                Computer::writeCMOS(unsigned char, unsigned char)
                0x00000000c000efd6                Computer::handleNMI()
                0x00000000c000f03c                Computer::setDiskActivityLight(int, bool)
 *fill*         0x00000000c000f067        0x1 
 .text          0x00000000c000f068      0x1b7 core/gdt.32
                0x00000000c000f068                GDTEntry::setBase(unsigned int)
                0x00000000c000f084                GDTEntry::setLimit(unsigned int)
                0x00000000c000f0a2                GDT::GDT()
                0x00000000c000f0a2                GDT::GDT()
                0x00000000c000f0b8                GDT::addEntry(GDTEntry)
                0x00000000c000f0f4                GDT::getNumberOfEntries()
                0x00000000c000f0fc                GDT::flush()
                0x00000000c000f11e                GDT::setup()
 .text          0x00000000c000f21f       0x6b core/idle.32
                0x00000000c000f21f                idleFunction(void*)
 .text          0x00000000c000f28a      0x45e core/idt.32
                0x00000000c000f28a                IDTEntry::IDTEntry(bool)
                0x00000000c000f28a                IDTEntry::IDTEntry(bool)
                0x00000000c000f2f8                IDTEntry::setOffset(unsigned int)
                0x00000000c000f30c                IDT::IDT()
                0x00000000c000f30c                IDT::IDT()
                0x00000000c000f30e                IDT::getPointerToInvalidOpcodeEntryForF00F()
                0x00000000c000f316                IDT::addEntry(IDTEntry, int)
                0x00000000c000f330                IDT::addEntry(int, void (*)(), bool)
                0x00000000c000f368                IDT::flush()
                0x00000000c000f382                IDT::setup()
 .text          0x00000000c000f6e8      0x1fe core/kheap.32
                0x00000000c000f6e8                sbrk
                0x00000000c000f7f5                mmap
                0x00000000c000f80b                munmap
                0x00000000c000f821                liballoc_lock()
                0x00000000c000f82e                liballoc_unlock()
                0x00000000c000f842                liballoc_alloc(int)
                0x00000000c000f85d                liballoc_free(void*, int)
                0x00000000c000f878                realloc
                0x00000000c000f88c                malloc
                0x00000000c000f89c                free
                0x00000000c000f8ac                rfree
                0x00000000c000f8bc                calloc
 .text          0x00000000c000f8e6      0x145 core/main.32
                0x00000000c000f8e6                setupTextMode()
                0x00000000c000f907                kernel_main
 .text          0x00000000c000fa2b      0x56c core/physmgr.32
                0x00000000c000fa2b                Phys::allocateDMA(unsigned long)
                0x00000000c000face                Phys::freeDMA(unsigned long, unsigned long)
                0x00000000c000fb16                Phys::setPageState(unsigned long, bool)
                0x00000000c000fb48                Phys::getPageState(unsigned long)
                0x00000000c000fb64                Phys::freePage(unsigned long)
                0x00000000c000fbee                Phys::allocatePage()
                0x00000000c000fcd3                Phys::allocateContiguousPages(int)
                0x00000000c000fd2f                Phys::allowSegmentToBeUsed(unsigned long, unsigned long)
                0x00000000c000fd67                Phys::physicalMemorySetup(unsigned int)
 *fill*         0x00000000c000ff97        0x1 
 .text          0x00000000c000ff98      0x273 core/pipe.32
                0x00000000c000ff98                Pipe::isAtty()
                0x00000000c000ff9c                Pipe::~Pipe()
                0x00000000c000ff9c                Pipe::~Pipe()
                0x00000000c000ffc0                Pipe::~Pipe()
                0x00000000c000ffe8                Pipe::read(unsigned long long, void*, int*)
                0x00000000c00100e4                Pipe::write(unsigned long long, void*, int*)
                0x00000000c00101a4                Pipe::Pipe(int)
                0x00000000c00101a4                Pipe::Pipe(int)
 *fill*         0x00000000c001020b        0x1 
 .text          0x00000000c001020c      0xe4b core/terminal.32
                0x00000000c001020c                VgaText::isAtty()
                0x00000000c0010210                VgaText::~VgaText()
                0x00000000c0010210                VgaText::~VgaText()
                0x00000000c0010234                VgaText::~VgaText()
                0x00000000c001025e                VgaText::read(unsigned long long, void*, int*)
                0x00000000c001027e                setTerminalScrollLock(bool)
                0x00000000c001027f                addToTerminalCycle(VgaText*)
                0x00000000c00102a0                installVgaTextImplementation()
                0x00000000c00102b5                scrollTerminalScrollLock(int)
                0x00000000c00102b6                VgaText::load()
                0x00000000c0010304                VgaText::updateCursor()
                0x00000000c001031a                VgaText::showCursor(bool)
                0x00000000c0010326                VgaText::disableBlink(bool)
                0x00000000c001035a                VgaText::doANSI_SGR(int)
                0x00000000c00103ce                VgaText::setDefaultBgColour(VgaColour)
                0x00000000c00103de                VgaText::setDefaultFgColour(VgaColour)
                0x00000000c00103ee                VgaText::setDefaultColours(VgaColour, VgaColour)
                0x00000000c001040e                VgaText::combineColours(unsigned char, unsigned char)
                0x00000000c0010420                VgaText::scrollScreen()
                0x00000000c00104b4                VgaText::combineCharAndColour(char, unsigned char)
                0x00000000c00104c6                VgaText::writeCharacter(char, VgaColour, VgaColour, int, int)
                0x00000000c0010522                VgaText::getCursorX()
                0x00000000c001052a                VgaText::getCursorY()
                0x00000000c0010532                VgaText::setCursor(int, int)
                0x00000000c001054a                VgaText::setCursorX(int)
                0x00000000c0010562                VgaText::setCursorY(int)
                0x00000000c001057a                VgaText::incrementCursor(bool)
                0x00000000c00105ce                VgaText::updateRAMUsageDisplay(int)
                0x00000000c0010632                VgaText::updateDiskUsage()
                0x00000000c001079c                VgaText::updateTitle()
                0x00000000c00107e0                VgaText::setTitleTextColour(VgaColour)
                0x00000000c00107ee                VgaText::setTitleColour(VgaColour)
                0x00000000c00107fc                VgaText::setTitle(char*)
                0x00000000c0010822                VgaText::decrementCursor(bool)
                0x00000000c0010844                VgaText::putchar(char, VgaColour, VgaColour)
                0x00000000c001091c                VgaText::isShowingCursor()
                0x00000000c0010924                VgaText::isBlinkDisabled()
                0x00000000c0010930                VgaText::setCursorHeight(int)
                0x00000000c0010948                VgaText::getCursorHeight()
                0x00000000c0010950                setActiveTerminal(VgaText*)
                0x00000000c00109f6                doTerminalCycle()
                0x00000000c0010a10                VgaText::doUpdate()
                0x00000000c0010a1e                VgaText::puts(char const*, VgaColour, VgaColour)
                0x00000000c0010b96                VgaText::clearScreen()
                0x00000000c0010bf0                VgaText::putchar(char)
                0x00000000c0010cdc                VgaText::puts(char const*)
                0x00000000c0010d02                VgaText::putx(unsigned int)
                0x00000000c0010d48                VgaText::VgaText(char const*)
                0x00000000c0010d48                VgaText::VgaText(char const*)
                0x00000000c0010ef6                VgaText::receiveKey(unsigned char)
                0x00000000c0010fde                VgaText::write(unsigned long long, void*, int*)
                0x00000000c0011032                newTerminal(char*)
 *fill*         0x00000000c0011057        0x1 
 .text          0x00000000c0011058      0x1b3 core/tss.32
                0x00000000c0011058                TSS::TSS()
                0x00000000c0011058                TSS::TSS()
                0x00000000c0011066                TSS::setESP(unsigned long)
                0x00000000c0011078                TSS::flush()
                0x00000000c0011098                TSS::setup(unsigned long, unsigned long)
 *fill*         0x00000000c001120b        0x1 
 .text          0x00000000c001120c      0x4c2 core/unixfile.32
                0x00000000c001120c                ReservedFilename::read(unsigned long long, void*, int*)
                0x00000000c0011262                ReservedFilename::isAtty()
                0x00000000c001127e                ReservedFilename::write(unsigned long long, void*, int*)
                0x00000000c00112dc                UnixFile::getFileDescriptor()
                0x00000000c00112e4                UnixFile::UnixFile(int)
                0x00000000c00112e4                UnixFile::UnixFile(int)
                0x00000000c0011494                ReservedFilename::ReservedFilename(int)
                0x00000000c0011494                ReservedFilename::ReservedFilename(int)
                0x00000000c00114c6                UnixFile::~UnixFile()
                0x00000000c00114c6                UnixFile::~UnixFile()
                0x00000000c001155e                UnixFile::~UnixFile()
                0x00000000c0011586                ReservedFilename::~ReservedFilename()
                0x00000000c0011586                ReservedFilename::~ReservedFilename()
                0x00000000c00115aa                ReservedFilename::~ReservedFilename()
                0x00000000c00115d1                getFromFileDescriptor(int)
 .text          0x00000000c00116ce     0x12f9 core/virtmgr.32
                0x00000000c00116ce                Virt::setPageState(unsigned long, Virt::VirtPageState)
                0x00000000c0011703                Virt::getPageState(unsigned long)
                0x00000000c0011727                Virt::allocateKernelVirtualPages(int)
                0x00000000c0011838                Virt::freeSwapfilePage(unsigned long)
                0x00000000c0011856                Virt::swapIDToSector(unsigned long)
                0x00000000c0011868                Virt::allocateSwapfilePage()
                0x00000000c00118e6                Virt::virtualMemorySetup()
                0x00000000c0011965                Virt::swappingSetup()
                0x00000000c0011966                Virt::setupPageSwapping(int)
                0x00000000c0011b32                VAS::VAS()
                0x00000000c0011b32                VAS::VAS()
                0x00000000c0011b6e                VAS::VAS(VAS*)
                0x00000000c0011b6e                VAS::VAS(VAS*)
                0x00000000c0011b9c                VAS::getForeignPageTableEntry(bool, unsigned long)
                0x00000000c0011bc8                VAS::getPageTableEntry(unsigned long)
                0x00000000c0011be7                Virt::freeKernelVirtualPages(unsigned long)
                0x00000000c0011d0a                VAS::freeAllocatedPages(unsigned long)
                0x00000000c0011d2e                VAS::virtualToPhysical(unsigned long)
                0x00000000c0011d46                VAS::reflagRange(unsigned long, int, int, int)
                0x00000000c0011d86                VAS::setToWriteCombining(unsigned long, int)
                0x00000000c0011db8                VAS::mapOtherVASIn(bool, VAS*)
                0x00000000c0011de2                VAS::~VAS()
                0x00000000c0011de2                VAS::~VAS()
                0x00000000c0011f5e                VAS::mapPage(unsigned long, unsigned long, int)
                0x00000000c0012060                VAS::allocatePages(int, int)
                0x00000000c0012238                VAS::setCPUSpecific(unsigned long)
                0x00000000c0012254                VAS::mapRange(unsigned long, unsigned long, int, int)
                0x00000000c001231a                VAS::mapForeignPage(bool, VAS*, unsigned long, unsigned long, int)
                0x00000000c0012408                VAS::VAS(bool)
                0x00000000c0012408                VAS::VAS(bool)
                0x00000000c0012688                VAS::evict(unsigned long)
                0x00000000c001274a                VAS::tryLoadBackOffDisk(unsigned long)
                0x00000000c001285a                VAS::scanForEviction()
                0x00000000c001290b                mapVASFirstTime
 .text          0x00000000c00129c7       0x95 coreobjs/c++.32
                0x00000000c00129c7                __cxa_atexit
                0x00000000c00129ca                __cxa_finalize
                0x00000000c00129cb                __stack_chk_fail
                0x00000000c0012a37                __cxa_pure_virtual
                0x00000000c0012a48                operator new[](unsigned long)
                0x00000000c0012a4d                operator delete(void*, unsigned long)
                0x00000000c0012a52                operator delete[](void*)
                0x00000000c0012a57                operator delete[](void*, unsigned long)
 .text          0x00000000c0012a5c      0x1ef dbg/kconsole.32
                0x00000000c0012a5c                Dbg::stringifyxWithBase(unsigned int, char*, int)
                0x00000000c0012abd                Dbg::logc(char)
                0x00000000c0012ad4                Dbg::logs(char*)
                0x00000000c0012af1                Dbg::logWriteInt(unsigned int)
                0x00000000c0012b0e                Dbg::logWriteIntBase(unsigned int, int)
                0x00000000c0012b2d                Dbg::kprintf(char const*, ...)
 *fill*         0x00000000c0012c4b        0x1 
 .text          0x00000000c0012c4c      0xb82 fs/vfs.32
                0x00000000c0012c4c                File::read(unsigned long long, void*, int*)
                0x00000000c0012ca4                File::write(unsigned long long, void*, int*)
                0x00000000c0012cfc                Directory::read(unsigned long long, void*, int*)
                0x00000000c0012d54                Directory::write(unsigned long long, void*, int*)
                0x00000000c0012d82                File::isAtty()
                0x00000000c0012d86                Directory::isAtty()
                0x00000000c0012d8a                Filesystem::getlabel(LogicalDisk*, int, char*, unsigned int*)
                0x00000000c0012d90                Filesystem::setlabel(LogicalDisk*, int, char*)
                0x00000000c0012d96                Filesystem::getFileFirstSector(char const*)
                0x00000000c0012d9c                File::~File()
                0x00000000c0012d9c                File::~File()
                0x00000000c0012dc0                File::~File()
                0x00000000c0012dea                Directory::~Directory()
                0x00000000c0012dea                Directory::~Directory()
                0x00000000c0012e0e                Directory::~Directory()
                0x00000000c0012e38                Filesystem::Filesystem()
                0x00000000c0012e38                Filesystem::Filesystem()
                0x00000000c0012e5c                Filesystem::~Filesystem()
                0x00000000c0012e5c                Filesystem::~Filesystem()
                0x00000000c0012e6a                Filesystem::~Filesystem()
                0x00000000c0012e8e                Fs::getcwd(Process*, char*, int)
                0x00000000c0012eb8                Fs::initVFS()
                0x00000000c0012ee2                Fs::standardiseFiles(char*, char const*, char const*)
                0x00000000c001308c                File::File(char const*, Process*)
                0x00000000c001308c                File::File(char const*, Process*)
                0x00000000c00130f0                File::open(FileOpenMode)
                0x00000000c001314e                File::close()
                0x00000000c00131ae                File::seek(unsigned long long)
                0x00000000c0013204                File::tell(unsigned long long*)
                0x00000000c0013254                File::rewind()
                0x00000000c0013268                File::unlink()
                0x00000000c00132b4                File::rename(char const*)
                0x00000000c0013302                File::chfatattr(unsigned char, unsigned char)
                0x00000000c001335e                File::exists()
                0x00000000c001339c                File::stat(unsigned long long*, bool*)
                0x00000000c00133fd                Fs::setcwd(Process*, char*)
                0x00000000c0013538                Directory::Directory(char const*, Process*)
                0x00000000c0013538                Directory::Directory(char const*, Process*)
                0x00000000c001359c                Directory::open()
                0x00000000c00135f8                Directory::close()
                0x00000000c0013658                Directory::unlink()
                0x00000000c00136a4                Directory::rename(char const*)
                0x00000000c00136f2                Directory::exists()
                0x00000000c0013730                Directory::read(dirent*)
                0x00000000c001377c                Directory::create()
                0x00000000c00137c8                Filesystem::chfatattr(char const*, unsigned char, unsigned char)
 .text          0x00000000c00137ce       0x84 hal/bus.32
                0x00000000c00137ce                Bus::Bus(char const*)
                0x00000000c00137ce                Bus::Bus(char const*)
                0x00000000c0013804                Bus::~Bus()
                0x00000000c0013804                Bus::~Bus()
                0x00000000c0013828                Bus::~Bus()
 .text          0x00000000c0013852      0x156 hal/buzzer.32
                0x00000000c0013852                Buzzer::Buzzer(char const*)
                0x00000000c0013852                Buzzer::Buzzer(char const*)
                0x00000000c0013896                Buzzer::~Buzzer()
                0x00000000c0013896                Buzzer::~Buzzer()
                0x00000000c00138ba                Buzzer::~Buzzer()
                0x00000000c00138e4                Buzzer::stop()
                0x00000000c00138f7                beepThread(void*)
                0x00000000c001393a                Buzzer::beep(int, int, bool)
 .text          0x00000000c00139a8      0x467 hal/clock.32
                0x00000000c00139a8                User::loadClockSettings(int)
                0x00000000c00139fa                Clock::Clock(char const*)
                0x00000000c00139fa                Clock::Clock(char const*)
                0x00000000c0013a30                Clock::~Clock()
                0x00000000c0013a30                Clock::~Clock()
                0x00000000c0013a54                Clock::~Clock()
                0x00000000c0013a7e                Clock::timeInSecondsLocal()
                0x00000000c0013ac6                Clock::setTimeInSecondsLocal(unsigned long long)
                0x00000000c0013b1f                datetimeToSeconds(datetime_t)
                0x00000000c0013c46                Clock::setTimeInDatetimeLocal(datetime_t)
                0x00000000c0013ca6                secondsToDatetime(unsigned long long)
                0x00000000c0013dea                Clock::timeInDatetimeLocal()
 *fill*         0x00000000c0013e0f        0x1 
 .text          0x00000000c0013e10      0x504 hal/device.32
                0x00000000c0013e10                Device::hibernate()
                0x00000000c0013e12                Device::wake()
                0x00000000c0013e14                Device::detect()
                0x00000000c0013e16                Device::disableLegacy()
                0x00000000c0013e18                Device::powerSaving(PowerSavingLevel)
                0x00000000c0013e1a                DriverlessDevice::close(int, int, void*)
                0x00000000c0013e1e                DriverlessDevice::detect()
                0x00000000c0013e20                DriverlessDevice::open(int, int, void*)
                0x00000000c0013e34                Device::~Device()
                0x00000000c0013e34                Device::~Device()
                0x00000000c0013e42                Device::~Device()
                0x00000000c0013e6a                Device::findAndLoadDriver()
                0x00000000c0013e78                Device::preOpenPCI(PCIDeviceInfo)
                0x00000000c0013e9e                Device::preOpenACPI(void*, char*, char*)
                0x00000000c0013ede                Device::addIRQHandler(int, void (*)(regs*, void*), bool, void*)
                0x00000000c0013f1c                Device::getParent()
                0x00000000c0013f28                Device::removeIRQHandler(int, void (*)(regs*, void*), bool)
                0x00000000c0013f66                Device::addChild(Device*)
                0x00000000c0013faa                Device::removeAllChildren()
                0x00000000c0013ff0                Device::hibernateAll()
                0x00000000c0014020                Device::wakeAll()
                0x00000000c0014050                Device::detectAll()
                0x00000000c0014080                Device::disableLegacyAll()
                0x00000000c00140b0                Device::loadDriversForAll()
                0x00000000c00140f0                Device::closeAll()
                0x00000000c0014126                Device::powerSavingAll(PowerSavingLevel)
                0x00000000c001415c                Device::setName(char const*)
                0x00000000c001416a                Device::Device(char const*)
                0x00000000c001416a                Device::Device(char const*)
                0x00000000c0014266                Device::getName()
                0x00000000c0014270                DriverlessDevice::DriverlessDevice(char const*)
                0x00000000c0014270                DriverlessDevice::DriverlessDevice(char const*)
                0x00000000c00142a6                Device::addToLinkedList(LinkedList<Device>&, DeviceType)
                0x00000000c00142ea                getDevicesOfType(DeviceType)
 .text          0x00000000c0014314       0x84 hal/diskctrl.32
                0x00000000c0014314                HardDiskController::HardDiskController(char const*)
                0x00000000c0014314                HardDiskController::HardDiskController(char const*)
                0x00000000c001434a                HardDiskController::~HardDiskController()
                0x00000000c001434a                HardDiskController::~HardDiskController()
                0x00000000c001436e                HardDiskController::~HardDiskController()
 .text          0x00000000c0014398       0xf2 hal/diskphys.32
                0x00000000c0014398                PhysicalDisk::eject()
                0x00000000c00143ac                PhysicalDisk::PhysicalDisk(char const*, int)
                0x00000000c00143ac                PhysicalDisk::PhysicalDisk(char const*, int)
                0x00000000c0014414                PhysicalDisk::startCache()
                0x00000000c001443c                PhysicalDisk::~PhysicalDisk()
                0x00000000c001443c                PhysicalDisk::~PhysicalDisk()
                0x00000000c0014460                PhysicalDisk::~PhysicalDisk()
 .text          0x00000000c001448a      0x13b hal/fpu.32
                0x00000000c001448a                FPU::FPU(char const*)
                0x00000000c001448a                FPU::FPU(char const*)
                0x00000000c00144c0                FPU::~FPU()
                0x00000000c00144c0                FPU::~FPU()
                0x00000000c00144e4                FPU::~FPU()
                0x00000000c001450e                setupFPU()
 *fill*         0x00000000c00145c5        0x1 
 .text          0x00000000c00145c6     0x1413 hal/intctrl.32
                0x00000000c00145c6                InterruptController::uninstallISRHandler(int, void (*)(regs*, void*))
                0x00000000c00145fe                InterruptController::installISRHandler(int, void (*)(regs*, void*), void*)
                0x00000000c0014650                doubleFault(regs*, void*)
                0x00000000c001466a                InterruptController::installIRQHandler(int, void (*)(regs*, void*), bool, void*)
                0x00000000c0014706                InterruptController::clearAllHandlers(int, bool)
                0x00000000c00147ae                InterruptController::uninstallIRQHandler(int, void (*)(regs*, void*), bool)
                0x00000000c0014835                nmiHandler(regs*, void*)
                0x00000000c0014843                int_handler
                0x00000000c00148e4                InterruptController::InterruptController(char const*)
                0x00000000c00148e4                InterruptController::InterruptController(char const*)
                0x00000000c001498a                InterruptController::~InterruptController()
                0x00000000c001498a                InterruptController::~InterruptController()
                0x00000000c00149ae                InterruptController::~InterruptController()
                0x00000000c00149d8                displayDebugInfo(regs*)
                0x00000000c0014e67                x87EmulHandler(regs*, void*)
                0x00000000c0014eda                gpFault(regs*, void*)
                0x00000000c0014f13                pgFault(regs*, void*)
                0x00000000c0014f2a                otherISRHandler(regs*, void*)
                0x00000000c0014f49                opcodeFault(regs*, void*)
                0x00000000c0015566                displayProgramFault(char const*)
                0x00000000c001558e                setupInterruptController()
                0x00000000c001598c                InterruptController::convertLegacyIRQNumber(int)
 *fill*         0x00000000c00159d9        0x1 
 .text          0x00000000c00159da      0x794 hal/keybrd.32
                0x00000000c00159da                startGUI(void*)
                0x00000000c0015a46                startGUIVESA(void*)
                0x00000000c0015ab2                sendKeyToTerminal(unsigned char)
                0x00000000c0015b70                sendKeyboardToken(KeyboardToken)
                0x00000000c0015fad                clearInternalKeybuffer(VgaText*)
                0x00000000c0015fe2                readKeyboard(VgaText*, char*, unsigned long)
                0x00000000c00160e4                Keyboard::Keyboard(char const*)
                0x00000000c00160e4                Keyboard::Keyboard(char const*)
                0x00000000c0016120                Keyboard::~Keyboard()
                0x00000000c0016120                Keyboard::~Keyboard()
                0x00000000c0016144                Keyboard::~Keyboard()
 .text          0x00000000c001616e      0x414 hal/logidisk.32
                0x00000000c001616e                LogicalDisk::close(int, int, void*)
                0x00000000c0016172                LogicalDisk::~LogicalDisk()
                0x00000000c0016172                LogicalDisk::~LogicalDisk()
                0x00000000c0016196                LogicalDisk::~LogicalDisk()
                0x00000000c00161c0                LogicalDisk::open(int, int, void*)
                0x00000000c00161d4                LogicalDisk::absoluteToRelative(unsigned long long)
                0x00000000c001620c                LogicalDisk::relativeToAbsolute(unsigned long long)
                0x00000000c0016252                LogicalDisk::LogicalDisk(char const*, PhysicalDisk*, unsigned long long, unsigned long long)
                0x00000000c0016252                LogicalDisk::LogicalDisk(char const*, PhysicalDisk*, unsigned long long, unsigned long long)
                0x00000000c0016308                LogicalDisk::assignDriveLetter()
                0x00000000c00163be                LogicalDisk::mount()
                0x00000000c0016430                LogicalDisk::unmount()
                0x00000000c0016440                LogicalDisk::eject()
                0x00000000c0016454                LogicalDisk::unassignDriveLetter()
                0x00000000c00164aa                LogicalDisk::read(unsigned long long, int, void*)
                0x00000000c0016516                LogicalDisk::write(unsigned long long, int, void*)
 .text          0x00000000c0016582       0x84 hal/mouse.32
                0x00000000c0016582                Mouse::Mouse(char const*)
                0x00000000c0016582                Mouse::Mouse(char const*)
                0x00000000c00165b8                Mouse::~Mouse()
                0x00000000c00165b8                Mouse::~Mouse()
                0x00000000c00165dc                Mouse::~Mouse()
 .text          0x00000000c0016606      0x359 hal/partition.32
                0x00000000c0016606                makePartition(PhysicalDisk*, unsigned long long, unsigned long long)
                0x00000000c00166ce                createPartitionsForDisk(PhysicalDisk*)
 *fill*         0x00000000c001695f        0x1 
 .text          0x00000000c0016960       0x84 hal/serial.32
                0x00000000c0016960                Serial::Serial(char const*)
                0x00000000c0016960                Serial::Serial(char const*)
                0x00000000c0016996                Serial::~Serial()
                0x00000000c0016996                Serial::~Serial()
                0x00000000c00169ba                Serial::~Serial()
 .text          0x00000000c00169e4      0x2f3 hal/timer.32
                0x00000000c00169e4                Timer::Timer(char const*)
                0x00000000c00169e4                Timer::Timer(char const*)
                0x00000000c0016a1a                Timer::~Timer()
                0x00000000c0016a1a                Timer::~Timer()
                0x00000000c0016a3e                Timer::~Timer()
                0x00000000c0016a68                Timer::read()
                0x00000000c0016a73                timerHandler(unsigned long long)
                0x00000000c0016be5                setupTimer(int)
 *fill*         0x00000000c0016cd7        0x1 
 .text          0x00000000c0016cd8      0x409 hal/vcache.32
                0x00000000c0016cd8                VCache::VCache(PhysicalDisk*)
                0x00000000c0016cd8                VCache::VCache(PhysicalDisk*)
                0x00000000c0016e40                VCache::invalidateReadBuffer()
                0x00000000c0016e50                VCache::writeWriteBuffer()
                0x00000000c0016e8c                VCache::~VCache()
                0x00000000c0016e8c                VCache::~VCache()
                0x00000000c0016ee0                VCache::~VCache()
                0x00000000c0016f08                VCache::write(unsigned long long, int, void*)
                0x00000000c0016ff2                VCache::read(unsigned long long, int, void*)
 *fill*         0x00000000c00170e1        0x1 
 .text          0x00000000c00170e2      0x4cd hal/video.32
                0x00000000c00170e2                Video::putrect(int, int, int, int, unsigned int)
                0x00000000c001712e                Video::bitblit(int, int, int, int, int, int, int, unsigned int*)
                0x00000000c001719e                Video::blit(unsigned int*, int, int, int, int)
                0x00000000c001721c                Video::clearScreen(unsigned int)
                0x00000000c0017250                Video::putpixel(int, int, unsigned int)
                0x00000000c001725e                Video::Video(char const*)
                0x00000000c001725e                Video::Video(char const*)
                0x00000000c0017294                Video::~Video()
                0x00000000c0017294                Video::~Video()
                0x00000000c00172b8                Video::~Video()
                0x00000000c00172e2                Video::isMonochrome()
                0x00000000c00172ee                Video::getWidth()
                0x00000000c00172fa                Video::getHeight()
                0x00000000c0017306                Video::drawCursor(int, int, unsigned char*, int)
                0x00000000c00173c2                Video::tgaParse(unsigned char*, int, int*, int*)
                0x00000000c0017544                Video::putTGA(int, int, unsigned char*, int)
 *fill*         0x00000000c00175af        0x1 
 .text          0x00000000c00175b0     0x1275 hw/acpi.32
                0x00000000c00175b0                ACPI::close(int, int, void*)
                0x00000000c0017665                findRSDP()
                0x00000000c00176ff                loadACPITables(unsigned char*)
                0x00000000c0017956                findRSDT(unsigned char*)
                0x00000000c0017aa0                findDataTable(unsigned char*, char*)
                0x00000000c0017b3c                scanMADT()
                0x00000000c0017fc2                ACPI::ACPI()
                0x00000000c0017fc2                ACPI::ACPI()
                0x00000000c001802c                ACPI::getPCIIRQAssignment(unsigned char, unsigned short, unsigned char)
                0x00000000c001810e                ACPI::registerPCIIRQAssignment(void*, unsigned short, unsigned char, unsigned char)
                0x00000000c00181d4                ACPI::setScreenBrightnessLevel(void*, int)
                0x00000000c00181da                ACPI::writeSimpleBootFlag(SimpleBootFlagTable*)
                0x00000000c0018222                ACPI::sleep()
                0x00000000c001823a                ACPI::open(int, int, void*)
 *fill*         0x00000000c0018825        0x1 
 .text          0x00000000c0018826     0x1717 hw/cpu.32
                0x00000000c0018826                CPU::close(int, int, void*)
                0x00000000c001882a                CPU::lookupAMDName(unsigned char, unsigned char)
                0x00000000c00189be                CPU::lookupIntelName(unsigned char, unsigned char)
                0x00000000c0018c6c                CPU::AMD_K6_write_msr(unsigned int, unsigned int, unsigned int, CPU::REGS*)
                0x00000000c0018c88                CPU::AMD_K6_read_msr(unsigned int, CPU::REGS*)
                0x00000000c0018ca0                CPU::AMD_K6_writeback(int, int, int)
                0x00000000c0018d14                CPU::cpuid(int, unsigned long*, unsigned long*, unsigned long*, unsigned long*)
                0x00000000c0018d98                CPU::cpuidCheckEDX(unsigned int)
                0x00000000c0018dc6                CPU::cpuidCheckECX(unsigned int)
                0x00000000c0018df4                CPU::cpuidCheckExtendedEBX(unsigned int)
                0x00000000c0018e22                CPU::cpuidCheckExtendedECX(unsigned int)
                0x00000000c0018e50                CPU::CPU()
                0x00000000c0018e50                CPU::CPU()
                0x00000000c0018ede                CPU::displayFeatures()
                0x00000000c001915a                CPU::detectFeatures()
                0x00000000c0019b4c                CPU::setupSMEP()
                0x00000000c0019b58                CPU::setupUMIP()
                0x00000000c0019b62                CPU::setupTSC()
                0x00000000c0019b6c                CPU::setupLargePages()
                0x00000000c0019b76                CPU::setupPAT()
                0x00000000c0019bb2                CPU::setupMTRR()
                0x00000000c0019bb4                CPU::setupGlobalPages()
                0x00000000c0019bbe                CPU::allowUsermodeDataAccess()
                0x00000000c0019bd0                CPU::prohibitUsermodeDataAccess()
                0x00000000c0019be2                CPU::setupSMAP()
                0x00000000c0019bf0                CPU::setupFeatures()
                0x00000000c0019c70                CPU::open(int, int, void*)
                0x00000000c0019d42                CPU::decodeAddress(regs*, int*, bool*, unsigned char*)
 .text          0x00000000c0019f3d        0x0 hw/ports.32
 .text          0x00000000c0019f3d      0x16a hw/smp.32
                0x00000000c0019f3d                Krnl::smpEntry()
                0x00000000c0019f3f                Krnl::startCPU(int)
                0x00000000c001a088                Krnl::startCPUs()
 *fill*         0x00000000c001a0a7        0x1 
 .text          0x00000000c001a0a8      0x5cd krnl/env.32
                0x00000000c001a0a8                EnvVarContainer::getEnv(char const*)
                0x00000000c001a0e6                EnvVarContainer::setEnv(char const*, char const*)
                0x00000000c001a1a8                EnvVarContainer::deleteEnv(char const*)
                0x00000000c001a1aa                EnvVarContainer::loadFrom(char const*, char const*)
                0x00000000c001a3ac                EnvVarContainer::__loadSystem()
                0x00000000c001a3c6                EnvVarContainer::__loadUser()
                0x00000000c001a3c8                EnvVarContainer::EnvVarContainer(Process*)
                0x00000000c001a3c8                EnvVarContainer::EnvVarContainer(Process*)
                0x00000000c001a3ea                EnvVarContainer::~EnvVarContainer()
                0x00000000c001a3ea                EnvVarContainer::~EnvVarContainer()
                0x00000000c001a41a                Krnl::getEnv(Process*, char const*)
                0x00000000c001a47f                Krnl::setEnvSystem(char const*, char const*)
                0x00000000c001a499                Krnl::setEnvUser(char const*, char const*)
                0x00000000c001a4b8                Krnl::setEnvProcess(Process*, char const*, char const*)
                0x00000000c001a4cb                Krnl::deleteEnvSystem(char const*)
                0x00000000c001a4cc                Krnl::deleteEnvUser(char const*)
                0x00000000c001a4cd                Krnl::deleteEnvProcess(Process*, char const*)
                0x00000000c001a4ce                Krnl::newProcessEnv(Process*)
                0x00000000c001a4f0                Krnl::copyProcessEnv(Process*, Process*)
                0x00000000c001a53c                Krnl::loadSystemEnv()
                0x00000000c001a56a                Krnl::loadUserEnv()
                0x00000000c001a590                Krnl::flushEnv()
                0x00000000c001a591                Krnl::getProcessTotalEnvCount(Process*)
                0x00000000c001a5b1                Krnl::getProcessEnvPair(Process*, int)
 .text          0x00000000c001a675      0x396 krnl/panic.32
                0x00000000c001a675                Krnl::panic(char const*)
 .text          0x00000000c001aa0b      0x57f net/ethernet.32
                0x00000000c001aa0b                Net::switchEndian16(unsigned short)
                0x00000000c001aa2c                Net::switchEndian32(unsigned int)
                0x00000000c001aa5b                Net::crc32Calc(unsigned char*, int)
                0x00000000c001aaec                Net::wrapEthernetFrame(Net::UnwrappedEthernetFrame, unsigned char*)
                0x00000000c001acff                Net::unwrapEthernetFrame(unsigned char*, int)
 .text          0x00000000c001af8a      0x50e reg/registry.32
                0x00000000c001af8a                Reg::findLineFromLoadedData(char*, char*, char*)
                0x00000000c001b0e2                Reg::getLineFromRegistry(char*, char*, char*, char*)
                0x00000000c001b237                Reg::getLine(char*, char*, char*)
                0x00000000c001b26e                Reg::readInt(char*, char*, int*)
                0x00000000c001b359                Reg::readString(char*, char*, char*, int)
                0x00000000c001b3da                Reg::readBool(char*, char*, bool*)
                0x00000000c001b3ff                Reg::readBoolWithDefault(char*, char*, bool)
                0x00000000c001b42b                Reg::readIntWithDefault(char*, char*, int)
                0x00000000c001b457                Reg::readStringWithDefault(char*, char*, char*, int, char*)
 .text          0x00000000c001b498       0x36 sys/sc_eject.32
                0x00000000c001b498                Sys::eject(regs*)
 .text          0x00000000c001b4ce       0x18 sys/sc_exit.32
                0x00000000c001b4ce                Sys::exit(regs*)
 .text          0x00000000c001b4e6       0x1f sys/sc_getcwd.32
                0x00000000c001b4e6                Sys::getCwd(regs*)
 .text          0x00000000c001b505        0xc sys/sc_getpid.32
                0x00000000c001b505                Sys::getPID(regs*)
 .text          0x00000000c001b511       0x17 sys/sc_getramdata.32
                0x00000000c001b511                Sys::getRAMData(regs*)
 .text          0x00000000c001b528       0x84 sys/sc_getvgaptr.32
                0x00000000c001b528                Sys::getVGAPtr(regs*)
 .text          0x00000000c001b5ac       0xa8 sys/sc_loaddll.32
                0x00000000c001b5ac                Sys::loadDLL(regs*)
 .text          0x00000000c001b654       0x68 sys/sc_read.32
                0x00000000c001b654                Sys::read(regs*)
 .text          0x00000000c001b6bc       0x55 sys/sc_sbrk.32
                0x00000000c001b6bc                Sys::sbrk(regs*)
 .text          0x00000000c001b711       0x1c sys/sc_setcwd.32
                0x00000000c001b711                Sys::setCwd(regs*)
 .text          0x00000000c001b72d      0x128 sys/sc_settime.32
                0x00000000c001b72d                Sys::setTime(regs*)
 .text          0x00000000c001b855       0x4a sys/sc_timezone.32
                0x00000000c001b855                Sys::timezone(regs*)
 .text          0x00000000c001b89f       0x68 sys/sc_write.32
                0x00000000c001b89f                Sys::write(regs*)
 .text          0x00000000c001b907       0x62 sys/sc_wsbe.32
                0x00000000c001b907                Sys::wsbe(regs*)
 .text          0x00000000c001b969       0x46 sys/sc_yield.32
                0x00000000c001b969                Sys::yield(regs*)
 .text          0x00000000c001b9af     0x1101 sys/syscalls.32
                0x00000000c001b9af                sysCallSeekDir(regs*)
                0x00000000c001b9b4                sysCallTellDir(regs*)
                0x00000000c001b9b9                sysCallVerify(regs*)
                0x00000000c001b9c3                sysFormatDisk(regs*)
                0x00000000c001ba2d                sysSetDiskVolumeLabel(regs*)
                0x00000000c001ba73                sysGetDiskVolumeLabel(regs*)
                0x00000000c001bac4                sysShutdown(regs*)
                0x00000000c001bb22                sysCallRealpath(regs*)
                0x00000000c001bb65                sysCallGetArgc(regs*)
                0x00000000c001bb93                sysCallReadDir(regs*)
                0x00000000c001bc21                sysCallIsATTY(regs*)
                0x00000000c001bc7b                sysCallSeek(regs*)
                0x00000000c001bce4                sysCallTell(regs*)
                0x00000000c001bd61                sysCallSize(regs*)
                0x00000000c001bde4                sysCallSizeFromFilename(regs*)
                0x00000000c001bea4                sysCallClose(regs*)
                0x00000000c001bf2c                sysCallOpenDir(regs*)
                0x00000000c001bfa1                sysCallCloseDir(regs*)
                0x00000000c001c007                sysCallMakeDir(regs*)
                0x00000000c001c077                sysCallWait(regs*)
                0x00000000c001c091                sysCallNotImpl(regs*)
                0x00000000c001c0ac                sysPanic(regs*)
                0x00000000c001c0d2                sysCallRmdir(regs*)
                0x00000000c001c136                sysCallUnlink(regs*)
                0x00000000c001c19a                sysCallGetArgv(regs*)
                0x00000000c001c1e6                sysCallTTYName(regs*)
                0x00000000c001c269                sysCallUSleep(regs*)
                0x00000000c001c290                sysCallSpawn(regs*)
                0x00000000c001c305                sysCallGetEnv(regs*)
                0x00000000c001c43d                sysAppSettings(regs*)
                0x00000000c001c551                sysSetFatAttrib(regs*)
                0x00000000c001c5c3                sysPipe(regs*)
                0x00000000c001c608                sysGetUnixTime(regs*)
                0x00000000c001c61c                string_ends_with(char const*, char const*)
                0x00000000c001c664                sysCallOpen(regs*)
                0x00000000c001c879                Sys::loadSyscalls()
                0x00000000c001ca6e                Sys::systemCall(regs*, void*)
 .text          0x00000000c001cab0     0x11fd thr/elf.32
                0x00000000c001cab0                Thr::allocateMemoryForTask(Process*, File*, unsigned long, unsigned long, unsigned long)
                0x00000000c001cd5a                Thr::loadProgramIntoMemory(Process*, char const*)
                0x00000000c001cf70                Thr::runtimeReferenceHelper()
                0x00000000c001cf83                Thr::getAddressOfKernelSymbol(char const*)
                0x00000000c001cfd2                Thr::loadKernelSymbolTable(char const*)
                0x00000000c001d290                Thr::loadDriverIntoMemory(char const*, unsigned long, bool)
                0x00000000c001d9c6                Thr::getDriverBaseFromAddress(unsigned long)
                0x00000000c001d9f8                Thr::getDriverNameFromAddress(unsigned long)
                0x00000000c001da2f                Thr::getDriverOffsetFromAddress(unsigned long)
                0x00000000c001da49                Thr::loadDLL(char const*, bool)
                0x00000000c001dc74                Thr::executeDLL(unsigned long, void*)
 *fill*         0x00000000c001dcad        0x1 
 .text          0x00000000c001dcae     0x1315 thr/prcssthr.32
                0x00000000c001dcae                userModeEntryPoint(void*)
                0x00000000c001dcd4                changeTSS
                0x00000000c001dd04                switchToThread(ThreadControlBlock*)
                0x00000000c001ddae                Process::addArgs(char**)
                0x00000000c001de08                Process::Process(char const*, Process*, char**)
                0x00000000c001de08                Process::Process(char const*, Process*, char**)
                0x00000000c001dfec                Process::Process(bool, char const*, Process*, char**)
                0x00000000c001dfec                Process::Process(bool, char const*, Process*, char**)
                0x00000000c001e19b                taskStartupFunction
                0x00000000c001e1a4                Semaphore::Semaphore(int)
                0x00000000c001e1a4                Semaphore::Semaphore(int)
                0x00000000c001e1d2                Mutex::Mutex()
                0x00000000c001e1d2                Mutex::Mutex()
                0x00000000c001e1e4                Process::createThread(void (*)(void*), void*, int)
                0x00000000c001e2ea                Process::createUserThread()
                0x00000000c001e306                setupMultitasking(void (*)())
                0x00000000c001e428                schedule()
                0x00000000c001e4ae                Semaphore::tryAcquire()
                0x00000000c001e56a                Semaphore::assertLocked(char const*)
                0x00000000c001e5d9                blockTaskWithSchedulerLockAlreadyHeld(TaskState)
                0x00000000c001e627                blockTask(TaskState)
                0x00000000c001e654                waitTask(int, int*, int)
                0x00000000c001e696                nanoSleepUntil(unsigned long long)
                0x00000000c001e72b                nanoSleep(unsigned long long)
                0x00000000c001e743                sleep(unsigned long long)
                0x00000000c001e760                Semaphore::acquire()
                0x00000000c001e802                taskReturned
                0x00000000c001e83d                Thr::processFromPID(int)
                0x00000000c001e8ec                unblockTask(ThreadControlBlock*)
                0x00000000c001e999                cleanupTerminatedTask(ThreadControlBlock*)
                0x00000000c001ec62                cleanerTaskFunction(void*)
                0x00000000c001ed5b                terminateTask(int)
                0x00000000c001ee8d                Thr::terminateFromIRQ(int)
                0x00000000c001ee9a                Semaphore::release()
 .text          0x00000000c001efc3      0xada vm86/vm8086.32
                0x00000000c001efc3                Vm::inbv(unsigned short)
                0x00000000c001efd6                Vm::outbv(unsigned short, unsigned char)
                0x00000000c001f00c                Vm::realToLinear(unsigned short, unsigned short)
                0x00000000c001f01c                Vm::getSegment(unsigned int)
                0x00000000c001f024                Vm::getOffset(unsigned int)
                0x00000000c001f029                Vm::mainloop2()
                0x00000000c001f063                Vm::mainVm8086Loop(void*)
                0x00000000c001f073                Vm::mainloop3(unsigned long)
                0x00000000c001f099                Vm::initialise8086()
                0x00000000c001f0dc                Vm::finish8086()
                0x00000000c001f13d                Vm::getOutput8086(unsigned char*)
                0x00000000c001f162                Vm::start8086(char const*, unsigned short, unsigned short, unsigned short, unsigned short)
                0x00000000c001f2ca                Vm::doISR(regs*, int, unsigned char*, unsigned short, unsigned short)
                0x00000000c001f354                Vm::readByteFromReal(unsigned short, unsigned short)
                0x00000000c001f365                Vm::readWordFromReal(unsigned short, unsigned short)
                0x00000000c001f377                Vm::readDwordFromReal(unsigned short, unsigned short)
                0x00000000c001f388                Vm::writeByteFromReal(unsigned short, unsigned short, unsigned char)
                0x00000000c001f39d                Vm::writeWordFromReal(unsigned short, unsigned short, unsigned short)
                0x00000000c001f3b3                Vm::writeDwordFromReal(unsigned short, unsigned short, unsigned int)
                0x00000000c001f3c8                Vm::faultHandler(regs*)
 .text          0x00000000c001fa9d      0xefd vm86/x87em.32
                0x00000000c001fa9d                Vm::fpuInternalTo32(unsigned long long)
                0x00000000c001faf8                Vm::fpuInternalTo64(unsigned long long)
                0x00000000c001fb01                Vm::fpu32ToInternal(unsigned int)
                0x00000000c001fb46                Vm::fpu64ToInternal(unsigned long long)
                0x00000000c001fb4f                Vm::fpuFloatToLong(unsigned long long)
                0x00000000c001fbaa                Vm::fpuULongToFloat(unsigned long long)
                0x00000000c001fbe0                Vm::fpuLongToFloat(long long)
                0x00000000c001fc36                Vm::fpuGet0()
                0x00000000c001fc3b                Vm::fpuGet1()
                0x00000000c001fc43                Vm::fpuGetPi()
                0x00000000c001fc4b                Vm::fpuGetLog2E()
                0x00000000c001fc63                Vm::fpuGetLogE2()
                0x00000000c001fc7b                Vm::fpuGetLog210()
                0x00000000c001fc93                Vm::fpuGetLog102()
                0x00000000c001fcab                Vm::fpuIsSecondLarger(unsigned long long, unsigned long long)
                0x00000000c001fcbf                Vm::fpuAreEqual(unsigned long long, unsigned long long)
                0x00000000c001fcd5                Vm::fpuUnorderedCompare(unsigned long long, unsigned long long)
                0x00000000c001fd28                Vm::fpuAdd(unsigned long long, unsigned long long)
                0x00000000c001fd39                Vm::fpuAbs(unsigned long long)
                0x00000000c001fd42                Vm::fpuChs(unsigned long long)
                0x00000000c001fd52                Vm::fpuSub(unsigned long long, unsigned long long)
                0x00000000c001fd61                Vm::fpuMultiply(unsigned long long, unsigned long long)
                0x00000000c001fd80                Vm::fpuDivide(unsigned long long, unsigned long long)
                0x00000000c001fd9c                Vm::fpuSquare(unsigned long long)
                0x00000000c001fdb2                Vm::fpuGetReg(int)
                0x00000000c001fdf5                Vm::fpuSetReg(int, unsigned long long)
                0x00000000c001fe40                Vm::fpuPush(unsigned long long)
                0x00000000c001fe9d                Vm::fpuPop()
                0x00000000c001feef                Vm::x87Handler(regs*)
 .text          0x00000000c002099a     0x1203 fs/fat/vfslink.32
                0x00000000c002099a                FAT::getName()
                0x00000000c00209a0                FAT::tell(void*, unsigned long long*)
                0x00000000c00209d4                FAT::stat(void*, unsigned long long*)
                0x00000000c0020a08                FAT::~FAT()
                0x00000000c0020a08                FAT::~FAT()
                0x00000000c0020a2c                FAT::~FAT()
                0x00000000c0020a54                FAT::getlabel(LogicalDisk*, int, char*, unsigned int*)
                0x00000000c0020af2                FAT::setlabel(LogicalDisk*, int, char*)
                0x00000000c0020bac                FAT::format(LogicalDisk*, int, char const*, int)
                0x00000000c0020d90                FAT::tryMount(LogicalDisk*, int)
                0x00000000c0020f96                FAT::getFileFirstSector(char const*)
                0x00000000c0021058                FAT::readDir(void*, unsigned long, void*, int*)
                0x00000000c00211b2                FAT::read(void*, unsigned long, void*, int*)
                0x00000000c002120c                FAT::write(void*, unsigned long, void*, int*)
                0x00000000c0021266                FAT::close(void*)
                0x00000000c00212b2                FAT::closeDir(void*)
                0x00000000c00212fe                FAT::seek(void*, unsigned long long)
                0x00000000c0021352                fatWrapperReadDisk
                0x00000000c0021399                fatWrapperWriteDisk
                0x00000000c00213e0                fatWrapperIoctl
                0x00000000c00214e4                FAT::FAT()
                0x00000000c00214e4                FAT::FAT()
                0x00000000c0021536                FAT::fixFilepath(char*)
                0x00000000c002156e                FAT::open(char const*, void**, FileOpenMode)
                0x00000000c0021696                FAT::openDir(char const*, void**)
                0x00000000c002173c                FAT::stat(char const*, unsigned long long*, bool*)
                0x00000000c0021826                FAT::unlink(char const*)
                0x00000000c00218a0                FAT::chfatattr(char const*, unsigned char, unsigned char)
                0x00000000c00219f4                FAT::rename(char const*, char const*)
                0x00000000c0021ab8                FAT::mkdir(char const*)
                0x00000000c0021b32                FAT::exists(char const*)
 *fill*         0x00000000c0021b9d        0x1 
 .text          0x00000000c0021b9e      0xba5 fs/iso9660/vfslink.32
                0x00000000c0021b9e                ISO9660::format(LogicalDisk*, int, char const*, int)
                0x00000000c0021ba4                ISO9660::seek(void*, unsigned long long)
                0x00000000c0021bd4                ISO9660::tell(void*, unsigned long long*)
                0x00000000c0021bf8                ISO9660::getName()
                0x00000000c0021bfe                ISO9660::stat(void*, unsigned long long*)
                0x00000000c0021c22                ISO9660::chfatattr(char const*, unsigned char, unsigned char)
                0x00000000c0021c28                ISO9660::unlink(char const*)
                0x00000000c0021c2e                ISO9660::write(void*, unsigned long, void*, int*)
                0x00000000c0021c34                ISO9660::rename(char const*, char const*)
                0x00000000c0021c3a                ISO9660::mkdir(char const*)
                0x00000000c0021c40                ISO9660::close(void*)
                0x00000000c0021c62                ISO9660::closeDir(void*)
                0x00000000c0021c84                ISO9660::~ISO9660()
                0x00000000c0021c84                ISO9660::~ISO9660()
                0x00000000c0021ca8                ISO9660::~ISO9660()
                0x00000000c0021ccf                __memmem(unsigned char*, int, unsigned char*, int)
                0x00000000c0021d11                readSectorFromCDROM(unsigned int, unsigned char*, char)
                0x00000000c0021d6c                ISO9660::tryMount(LogicalDisk*, int)
                0x00000000c0021dbc                ISO9660::read(void*, unsigned long, void*, int*)
                0x00000000c0021fc0                ISO9660::readDir(void*, unsigned long, void*, int*)
                0x00000000c002223a                readRoot(unsigned int*, unsigned int*, char)
                0x00000000c002228e                readRecursively(char*, unsigned int, unsigned int, unsigned int*, unsigned int*, char, int*)
                0x00000000c0022461                getFileData(char*, unsigned int*, unsigned int*, char, int*)
                0x00000000c00224f0                ISO9660::open(char const*, void**, FileOpenMode)
                0x00000000c00225b0                ISO9660::exists(char const*)
                0x00000000c00225d4                ISO9660::stat(char const*, unsigned long long*, bool*)
                0x00000000c0022668                ISO9660::openDir(char const*, void**)
                0x00000000c0022720                ISO9660::ISO9660()
                0x00000000c0022720                ISO9660::ISO9660()
 *fill*         0x00000000c0022743        0x1 
 .text          0x00000000c0022744      0x3a6 hal/sound/sndchannel.32
                0x00000000c0022744                SoundChannel::SoundChannel(int, int, int, int)
                0x00000000c0022744                SoundChannel::SoundChannel(int, int, int, int)
                0x00000000c002287e                SoundChannel::~SoundChannel()
                0x00000000c002287e                SoundChannel::~SoundChannel()
                0x00000000c002289a                SoundChannel::getSampleRate()
                0x00000000c00228a2                SoundChannel::getBits()
                0x00000000c00228aa                SoundChannel::getBufferUsed()
                0x00000000c00228b2                SoundChannel::getBufferSize()
                0x00000000c00228ba                SoundChannel::unbuffer(float*, int, int)
                0x00000000c002294e                SoundChannel::buffer16(short*, int)
                0x00000000c0022a4a                SoundChannel::buffer8(unsigned char*, int)
 .text          0x00000000c0022aea      0x504 hal/sound/sndhw.32
                0x00000000c0022aea                SoundDevice::SoundDevice(char const*)
                0x00000000c0022aea                SoundDevice::SoundDevice(char const*)
                0x00000000c0022b56                SoundDevice::~SoundDevice()
                0x00000000c0022b56                SoundDevice::~SoundDevice()
                0x00000000c0022bd0                SoundDevice::~SoundDevice()
                0x00000000c0022bfa                SoundDevice::getFreeChannelNum()
                0x00000000c0022c14                SoundDevice::addChannel(SoundChannel*)
                0x00000000c0022c84                SoundDevice::removeChannel(int)
                0x00000000c0022cb6                SoundDevice::floatTo16(float*, short*, int)
                0x00000000c0022da4                SoundDevice::floatTo8(float*, unsigned char*, int)
                0x00000000c0022e8c                SoundDevice::getAudio(int, float*, float*)
 .text          0x00000000c0022fee        0x0 hw/bus/isa.32
 .text          0x00000000c0022fee      0xa31 hw/bus/pci.32
                0x00000000c0022fee                PCI::open(int, int, void*)
                0x00000000c0023002                PCI::close(int, int, void*)
                0x00000000c0023006                PCI::PCI()
                0x00000000c0023006                PCI::PCI()
                0x00000000c002308e                PCI::readBAR8(unsigned int, int)
                0x00000000c00230aa                PCI::readBAR16(unsigned int, int)
                0x00000000c00230c8                PCI::readBAR32(unsigned int, int)
                0x00000000c00230e4                PCI::writeBAR8(unsigned int, unsigned char, int)
                0x00000000c0023104                PCI::writeBAR16(unsigned int, unsigned short, int)
                0x00000000c0023148                PCI::writeBAR32(unsigned int, unsigned int, int)
                0x00000000c0023168                PCI::pciReadWord(unsigned char, unsigned char, unsigned char, unsigned char)
                0x00000000c00231b0                PCI::getVendorID(unsigned char, unsigned char, unsigned char)
                0x00000000c00231d2                PCI::getHeaderType(unsigned char, unsigned char, unsigned char)
                0x00000000c00231f6                PCI::getClassCode(unsigned char, unsigned char, unsigned char)
                0x00000000c002323a                PCI::getProgIF(unsigned char, unsigned char, unsigned char)
                0x00000000c002325e                PCI::getRevisionID(unsigned char, unsigned char, unsigned char)
                0x00000000c0023280                PCI::getInterruptNumber(unsigned char, unsigned char, unsigned char)
                0x00000000c00232a2                PCI::getSecondaryBus(unsigned char, unsigned char, unsigned char)
                0x00000000c00232c6                PCI::getBARAddress(unsigned char, unsigned char, unsigned char, unsigned char)
                0x00000000c0023326                PCI::pciWriteWord(unsigned char, unsigned char, unsigned char, unsigned char, unsigned short)
                0x00000000c0023392                PCI::pciDetailsToFilepath(PCIDeviceInfo, char*)
                0x00000000c002361e                PCI::checkBus(unsigned char)
                0x00000000c0023642                PCI::foundDevice(PCIDeviceInfo)
                0x00000000c00237b4                PCI::getDeviceData(unsigned char, unsigned char, unsigned char)
                0x00000000c0023960                PCI::checkDevice(unsigned char, unsigned char)
                0x00000000c00239cc                PCI::detect()
 *fill*         0x00000000c0023a1f        0x1 
 .text          0x00000000c0023a20      0xc70 hw/diskctrl/ide.32
                0x00000000c0023a20                IDE::close(int, int, void*)
                0x00000000c0023a24                IDE::IDE()
                0x00000000c0023a24                IDE::IDE()
                0x00000000c0023a58                IDE::prepareInterrupt(unsigned char)
                0x00000000c0023a6a                selectDrive(unsigned char, unsigned char)
                0x00000000c0023a6c                IDE::getBase(unsigned char)
                0x00000000c0023a7e                IDE::write(unsigned char, unsigned char, unsigned char)
                0x00000000c0023b3e                IDE::read(unsigned char, unsigned char)
                0x00000000c0023bec                IDE::waitInterrupt(unsigned char)
                0x00000000c0023c52                ideChannel0IRQHandler(regs*, void*)
                0x00000000c0023c6e                ideChannel1IRQHandler(regs*, void*)
                0x00000000c0023c8a                IDE::enableIRQs(unsigned char, bool)
                0x00000000c0023cd0                IDE::open(int, int, void*)
                0x00000000c00240e0                IDE::readBuffer(unsigned char, unsigned char, unsigned int, unsigned int)
                0x00000000c00241ac                IDE::detect()
                0x00000000c0024494                IDE::printError(unsigned char, unsigned char, unsigned char)
                0x00000000c002462a                IDE::polling(unsigned char, unsigned int)
 .text          0x00000000c0024690      0x390 hw/diskctrl/satabus.32
                0x00000000c0024690                SATABus::close(int, int, void*)
                0x00000000c0024694                SATABus::detect()
                0x00000000c0024696                SATABus::SATABus()
                0x00000000c0024696                SATABus::SATABus()
                0x00000000c0024742                SATABus::findCmdslot(SATABus::tagHBA_PORT volatile*)
                0x00000000c002478a                SATABus::checkType(SATABus::tagHBA_PORT volatile*)
                0x00000000c00247d2                SATABus::startCmd(SATABus::tagHBA_PORT volatile*)
                0x00000000c00247f2                SATABus::stopCmd(SATABus::tagHBA_PORT volatile*)
                0x00000000c002481c                SATABus::portRebase(SATABus::tagHBA_PORT volatile*, int)
                0x00000000c0024922                SATABus::probePort(SATABus::tagHBA_MEM volatile*)
                0x00000000c0024a00                SATABus::open(int, int, void*)
 .text          0x00000000c0024a20      0x63c hw/diskphys/ata.32
                0x00000000c0024a20                ATA::close(int, int, void*)
                0x00000000c0024a44                ATA::powerSaving(PowerSavingLevel)
                0x00000000c0024a46                ATA::ATA()
                0x00000000c0024a46                ATA::ATA()
                0x00000000c0024a74                ATA::flush(bool)
                0x00000000c0024abe                ATA::readyForCommand()
                0x00000000c0024b0e                ATA::access(unsigned long long, int, void*, bool)
                0x00000000c0024e96                ATA::read(unsigned long long, int, void*)
                0x00000000c0024efe                ATA::write(unsigned long long, int, void*)
                0x00000000c0024f66                ATA::detectCHS()
                0x00000000c0024f90                ATA::open(int, int, void*)
 .text          0x00000000c002505c      0x5bd hw/diskphys/atapi.32
                0x00000000c002505c                ATAPI::write(unsigned long long, int, void*)
                0x00000000c0025062                ATAPI::close(int, int, void*)
                0x00000000c0025086                ATAPI::ATAPI()
                0x00000000c0025086                ATAPI::ATAPI()
                0x00000000c00250b4                ATAPI::readyForCommand()
                0x00000000c0025104                ATAPI::sendPacket(unsigned char*, int, bool, unsigned short*, int)
                0x00000000c00253c4                ATAPI::diskRemoved()
                0x00000000c00253e0                ATAPI::eject()
                0x00000000c0025428                ATAPI::diskInserted()
                0x00000000c0025456                ATAPI::detectMedia()
                0x00000000c0025512                ATAPI::open(int, int, void*)
                0x00000000c002559a                ATAPI::read(unsigned long long, int, void*)
 *fill*         0x00000000c0025619        0x1 
 .text          0x00000000c002561a      0x451 hw/diskphys/sata.32
                0x00000000c002561a                SATA::close(int, int, void*)
                0x00000000c002563e                SATA::powerSaving(PowerSavingLevel)
                0x00000000c0025640                SATA::open(int, int, void*)
                0x00000000c00256ea                SATA::SATA()
                0x00000000c00256ea                SATA::SATA()
                0x00000000c0025718                SATA::access(unsigned long long, int, void*, bool)
                0x00000000c002597e                SATA::read(unsigned long long, int, void*)
                0x00000000c00259e6                SATA::write(unsigned long long, int, void*)
 *fill*         0x00000000c0025a6b        0x1 
 .text          0x00000000c0025a6c      0x4fe hw/diskphys/satapi.32
                0x00000000c0025a6c                SATAPI::write(unsigned long long, int, void*)
                0x00000000c0025a72                SATAPI::close(int, int, void*)
                0x00000000c0025a96                SATAPI::SATAPI()
                0x00000000c0025a96                SATAPI::SATAPI()
                0x00000000c0025ac4                SATAPI::diskRemoved()
                0x00000000c0025ae0                SATAPI::diskInserted()
                0x00000000c0025b0e                SATAPI::sendPacket(unsigned char*, int, unsigned long long, unsigned short*, int)
                0x00000000c0025d16                SATAPI::eject()
                0x00000000c0025d5e                SATAPI::detectMedia()
                0x00000000c0025e20                SATAPI::open(int, int, void*)
                0x00000000c0025ec8                SATAPI::read(unsigned long long, int, void*)
 .text          0x00000000c0025f6a       0x8e hw/fpu/avx.32
                0x00000000c0025f6a                AVX::open(int, int, void*)
                0x00000000c0025f7c                AVX::close(int, int, void*)
                0x00000000c0025f8e                AVX::available()
                0x00000000c0025fa0                AVX::save(void*)
                0x00000000c0025fb8                AVX::load(void*)
                0x00000000c0025fd0                AVX::AVX()
                0x00000000c0025fd0                AVX::AVX()
 .text          0x00000000c0025ff8       0x90 hw/fpu/mmx.32
                0x00000000c0025ff8                MMX::available()
                0x00000000c002600c                MMX::open(int, int, void*)
                0x00000000c002601e                MMX::close(int, int, void*)
                0x00000000c0026030                MMX::save(void*)
                0x00000000c0026048                MMX::load(void*)
                0x00000000c0026060                MMX::MMX()
                0x00000000c0026060                MMX::MMX()
 .text          0x00000000c0026088       0x96 hw/fpu/sse.32
                0x00000000c0026088                SSE::open(int, int, void*)
                0x00000000c002609a                SSE::close(int, int, void*)
                0x00000000c00260ac                SSE::available()
                0x00000000c00260c6                SSE::save(void*)
                0x00000000c00260de                SSE::load(void*)
                0x00000000c00260f6                SSE::SSE()
                0x00000000c00260f6                SSE::SSE()
 .text          0x00000000c002611e       0x8e hw/fpu/x87.32
                0x00000000c002611e                x87::open(int, int, void*)
                0x00000000c0026130                x87::close(int, int, void*)
                0x00000000c0026142                x87::available()
                0x00000000c0026154                x87::save(void*)
                0x00000000c002616c                x87::load(void*)
                0x00000000c0026184                x87::x87()
                0x00000000c0026184                x87::x87()
 .text          0x00000000c00261ac      0x71e hw/intctrl/apic.32
                0x00000000c00261ac                APIC::disable()
                0x00000000c00261ae                APIC::close(int, int, void*)
                0x00000000c00261d0                IOAPIC::close(int, int, void*)
                0x00000000c00261d6                APIC::io_wait()
                0x00000000c00261dc                APIC::getBase()
                0x00000000c002621e                APIC::eoi(unsigned char)
                0x00000000c002624c                APIC::open(int, int, void*)
                0x00000000c002639a                IOAPIC::IOAPIC()
                0x00000000c002639a                IOAPIC::IOAPIC()
                0x00000000c00263c2                APIC::APIC()
                0x00000000c00263c2                APIC::APIC()
                0x00000000c002649e                IOAPIC::handlesGSIWithNumber(unsigned int)
                0x00000000c00264d0                IOAPIC::read(int)
                0x00000000c00264f8                IOAPIC::open(int, int, void*)
                0x00000000c00265ee                IOAPIC::write(int, int)
                0x00000000c002661a                IOAPIC::redirect(unsigned char, unsigned long long, unsigned char, bool, bool)
                0x00000000c0026714                APIC::installIRQHandler(int, void (*)(regs*, void*), bool, void*)
 .text          0x00000000c00268ca      0x3d3 hw/intctrl/pic.32
                0x00000000c00268ca                PIC::disable()
                0x00000000c00268f8                PIC::close(int, int, void*)
                0x00000000c002691a                PIC::PIC()
                0x00000000c002691a                PIC::PIC()
                0x00000000c00269f0                PIC::ioWait()
                0x00000000c00269f6                PIC::getIRQReg(int)
                0x00000000c0026a60                PIC::eoi(unsigned char)
                0x00000000c0026af2                PIC::remap()
                0x00000000c0026c5e                PIC::open(int, int, void*)
 *fill*         0x00000000c0026c9d        0x1 
 .text          0x00000000c0026c9e      0x25e hw/timer/apictimer.32
                0x00000000c0026c9e                APICTimer::close(int, int, void*)
                0x00000000c0026ca4                apicTimerHandler(regs*, void*)
                0x00000000c0026cd2                APICTimer::write(int)
                0x00000000c0026dd6                APICTimer::open(int, int, void*)
                0x00000000c0026ed4                APICTimer::APICTimer()
                0x00000000c0026ed4                APICTimer::APICTimer()
 .text          0x00000000c0026efc      0x1a7 hw/timer/pit.32
                0x00000000c0026efc                PIT::write(int)
                0x00000000c0026f7a                pitHandler(regs*, void*)
                0x00000000c0026fa6                PIT::open(int, int, void*)
                0x00000000c0026ff4                PIT::close(int, int, void*)
                0x00000000c0027024                PIT::PIT()
                0x00000000c0027024                PIT::PIT()
 *fill*         0x00000000c00270a3        0xd 
 .text          0x00000000c00270b0       0x1e hw/fpu/x86/avx.32
                0x00000000c00270b0                avxDetect
                0x00000000c00270b6                avxSave
                0x00000000c00270b7                avxLoad
                0x00000000c00270b8                avxInit
                0x00000000c00270b9                avxClose
                0x00000000c00270ba                wouldSheSayYes
 *fill*         0x00000000c00270ce        0x2 
 .text          0x00000000c00270d0       0x35 hw/fpu/x86/sse.32
                0x00000000c00270d0                absolutelyNoChanceInHell
                0x00000000c00270d0                sseDetect
                0x00000000c00270e8                sseSave
                0x00000000c00270ee                sseLoad
                0x00000000c00270f4                sseInit
                0x00000000c0027104                sseClose
 *fill*         0x00000000c0027105        0xb 
 .text          0x00000000c0027110       0x4d hw/fpu/x86/x87.32
                0x00000000c0027116                x87Detect
                0x00000000c0027131                x87Save
                0x00000000c002713a                x87Load
                0x00000000c0027142                x87Init
                0x00000000c002715c                x87Close
 *fill*         0x00000000c002715d        0x3 
 .text          0x00000000c0027160       0x25 /cygdrive/d/Users/Alex/Desktop/Toolchain/Output/bin/../lib/gcc/i386-banana/8.1.0/crtend.o
 .text          0x00000000c0027185        0x0 crtn.32
 *fill*         0x00000000c0027185        0x3 
 .text          0x00000000c0027188      0x14b /cygdrive/d/Users/Alex/Desktop/Toolchain/Output/bin/../lib/gcc/i386-banana/8.1.0/libkgcc.a(_divdi3.o)
                0x00000000c0027188                __divdi3
 *fill*         0x00000000c00272d3        0x1 
 .text          0x00000000c00272d4      0x17e /cygdrive/d/Users/Alex/Desktop/Toolchain/Output/bin/../lib/gcc/i386-banana/8.1.0/libkgcc.a(_moddi3.o)
                0x00000000c00272d4                __moddi3
 *fill*         0x00000000c0027452        0x2 
 .text          0x00000000c0027454       0xff /cygdrive/d/Users/Alex/Desktop/Toolchain/Output/bin/../lib/gcc/i386-banana/8.1.0/libkgcc.a(_udivdi3.o)
                0x00000000c0027454                __udivdi3
 *fill*         0x00000000c0027553        0x1 
 .text          0x00000000c0027554      0x11a /cygdrive/d/Users/Alex/Desktop/Toolchain/Output/bin/../lib/gcc/i386-banana/8.1.0/libkgcc.a(_umoddi3.o)
                0x00000000c0027554                __umoddi3
 .text          0x00000000c002766e      0x96d D:/Users/Alex/Desktop/Banana/kernel/libsoftfp.a(sfieeelib.o)
                0x00000000c002766e                __addsf3
                0x00000000c0027970                __subsf3
                0x00000000c0027984                __negsf2
                0x00000000c0027991                __mulsf3
                0x00000000c0027b54                __divsf3
                0x00000000c0027d7f                __floatsisf
                0x00000000c0027df3                __floatunsisf
                0x00000000c0027e35                __fixsfsi
                0x00000000c0027e97                __fixunssfsi
                0x00000000c0027ec8                __cmpsf2