Archive member included to satisfy reference by file (symbol)

/cygdrive/d/Users/Alex/Desktop/Toolchain/Output/bin/../lib/gcc/i386-banana/8.1.0/libkgcc.a(_divdi3.o)
                              krnl/resolve.32 (__divdi3)
/cygdrive/d/Users/Alex/Desktop/Toolchain/Output/bin/../lib/gcc/i386-banana/8.1.0/libkgcc.a(_moddi3.o)
                              krnl/resolve.32 (__moddi3)
/cygdrive/d/Users/Alex/Desktop/Toolchain/Output/bin/../lib/gcc/i386-banana/8.1.0/libkgcc.a(_udivdi3.o)
                              hal/clock.32 (__udivdi3)
/cygdrive/d/Users/Alex/Desktop/Toolchain/Output/bin/../lib/gcc/i386-banana/8.1.0/libkgcc.a(_umoddi3.o)
                              core/pipe.32 (__umoddi3)

Allocating common symbols
Common symbol       size              file

current_iphdr_src   0x4               net/core/ipv4/ip.32
netif_list          0x4               net/core/netif.32
tcp_active_pcbs     0x4               net/core/tcp.32
udp_pcbs            0x4               net/core/udp.32
current_netif       0x4               net/core/ipv4/ip.32
tcp_ticks           0x4               net/core/tcp.32
tcp_listen_pcbs     0x4               net/core/tcp.32
current_iphdr_dest  0x4               net/core/ipv4/ip.32
tcp_tmp_pcb         0x4               net/core/tcp.32
tcp_input_pcb       0x4               net/core/tcp_in.32
dcache              0x40              fs/iso9660/iso9660.32
current_header      0x4               net/core/ipv4/ip.32
tcp_bound_pcbs      0x4               net/core/tcp.32
cdDriveLetter       0x1               fs/iso9660/iso9660.32
tcp_tw_pcbs         0x4               net/core/tcp.32
lwip_stats          0x150             net/core/stats.32
netif_default       0x4               net/core/netif.32
ram_heap            0x64d             net/core/mem.32
icache              0x40              fs/iso9660/iso9660.32

Discarded input sections

 .comment       0x0000000000000000       0x12 /cygdrive/d/Users/Alex/Desktop/Toolchain/Output/bin/../lib/gcc/i386-banana/8.1.0/crtbegin.o
 .comment       0x0000000000000000       0x12 acpica/utclib.32
 .comment       0x0000000000000000       0x12 arch/cc.32
 .comment       0x0000000000000000       0x12 arch/sys_arch.32
 .comment       0x0000000000000000       0x12 core/malloc.32
 .comment       0x0000000000000000       0x12 libk/ctype.32
 .comment       0x0000000000000000       0x12 libk/string.32
 .comment       0x0000000000000000       0x12 fs/fat/diskio.32
 .comment       0x0000000000000000       0x12 fs/fat/ff.32
 .comment       0x0000000000000000       0x12 fs/fat/ffsystem.32
 .comment       0x0000000000000000       0x12 fs/fat/ffunicode.32
 .comment       0x0000000000000000       0x12 fs/iso9660/iso9660.32
 .comment       0x0000000000000000       0x12 net/core/def.32
 .comment       0x0000000000000000       0x12 net/core/dhcp.32
 .comment       0x0000000000000000       0x12 net/core/dns.32
 .comment       0x0000000000000000       0x12 net/core/init.32
 .comment       0x0000000000000000       0x12 net/core/mem.32
 .comment       0x0000000000000000       0x12 net/core/memp.32
 .comment       0x0000000000000000       0x12 net/core/netif.32
 .comment       0x0000000000000000       0x12 net/core/pbuf.32
 .comment       0x0000000000000000       0x12 net/core/raw.32
 .comment       0x0000000000000000       0x12 net/core/stats.32
 .comment       0x0000000000000000       0x12 net/core/sys.32
 .comment       0x0000000000000000       0x12 net/core/tcp.32
 .comment       0x0000000000000000       0x12 net/core/tcp_in.32
 .comment       0x0000000000000000       0x12 net/core/tcp_out.32
 .comment       0x0000000000000000       0x12 net/core/timers.32
 .comment       0x0000000000000000       0x12 net/core/udp.32
 .comment       0x0000000000000000       0x12 net/netif/etharp.32
 .comment       0x0000000000000000       0x12 net/netif/ethernetif.32
 .comment       0x0000000000000000       0x12 net/netif/slipif.32
 .comment       0x0000000000000000       0x12 net/core/ipv4/autoip.32
 .comment       0x0000000000000000       0x12 net/core/ipv4/icmp.32
 .comment       0x0000000000000000       0x12 net/core/ipv4/igmp.32
 .comment       0x0000000000000000       0x12 net/core/ipv4/inet.32
 .comment       0x0000000000000000       0x12 net/core/ipv4/inet_chksum.32
 .comment       0x0000000000000000       0x12 net/core/ipv4/ip.32
 .comment       0x0000000000000000       0x12 net/core/ipv4/ip_addr.32
 .comment       0x0000000000000000       0x12 net/core/ipv4/ip_frag.32
 .comment       0x0000000000000000       0x12 net/core/snmp/asn1_dec.32
 .comment       0x0000000000000000       0x12 net/core/snmp/asn1_enc.32
 .comment       0x0000000000000000       0x12 net/core/snmp/mib2.32
 .comment       0x0000000000000000       0x12 net/core/snmp/mib_structs.32
 .comment       0x0000000000000000       0x12 net/core/snmp/msg_in.32
 .comment       0x0000000000000000       0x12 net/core/snmp/msg_out.32
 .comment       0x0000000000000000       0x12 net/netif/ppp/auth.32
[...]
Memory Configuration

Name             Origin             Length             Attributes
*default*        0x0000000000000000 0xffffffffffffffff

Linker script and memory map

LOAD D:/Users/Alex/Desktop/Banana/kernel/boot.32
LOAD crti.32
LOAD /cygdrive/d/Users/Alex/Desktop/Toolchain/Output/bin/../lib/gcc/i386-banana/8.1.0/crtbegin.o
LOAD D:/Users/Alex/Desktop/Banana/kernel/morenasm.32
LOAD acpica/utclib.32
LOAD arch/cc.32
LOAD arch/sys_arch.32
LOAD core/malloc.32
LOAD libk/ctype.32
LOAD libk/string.32
LOAD fs/fat/diskio.32
LOAD fs/fat/ff.32
LOAD fs/fat/ffsystem.32
LOAD fs/fat/ffunicode.32
LOAD fs/iso9660/iso9660.32
LOAD net/core/def.32
LOAD net/core/dhcp.32
LOAD net/core/dns.32
LOAD net/core/init.32
LOAD net/core/mem.32
LOAD net/core/memp.32
LOAD net/core/netif.32
LOAD net/core/pbuf.32
LOAD net/core/raw.32
LOAD net/core/stats.32
LOAD net/core/sys.32
LOAD net/core/tcp.32
LOAD net/core/tcp_in.32
LOAD net/core/tcp_out.32
LOAD net/core/timers.32
LOAD net/core/udp.32
LOAD net/netif/etharp.32
LOAD net/netif/ethernetif.32
LOAD net/netif/slipif.32
LOAD net/core/ipv4/autoip.32
LOAD net/core/ipv4/icmp.32
LOAD net/core/ipv4/igmp.32
LOAD net/core/ipv4/inet.32
LOAD net/core/ipv4/inet_chksum.32
LOAD net/core/ipv4/ip.32
LOAD net/core/ipv4/ip_addr.32
LOAD net/core/ipv4/ip_frag.32
LOAD net/core/snmp/asn1_dec.32
LOAD net/core/snmp/asn1_enc.32
LOAD net/core/snmp/mib2.32
LOAD net/core/snmp/mib_structs.32
LOAD net/core/snmp/msg_in.32
LOAD net/core/snmp/msg_out.32
LOAD net/netif/ppp/auth.32
LOAD net/netif/ppp/chap.32
LOAD net/netif/ppp/chpms.32
LOAD net/netif/ppp/fsm.32
LOAD net/netif/ppp/ipcp.32
LOAD net/netif/ppp/lcp.32
LOAD net/netif/ppp/magic.32
LOAD net/netif/ppp/md5.32
LOAD net/netif/ppp/pap.32
LOAD net/netif/ppp/ppp.32
LOAD net/netif/ppp/ppp_oe.32
LOAD net/netif/ppp/randm.32
LOAD net/netif/ppp/vj.32
LOAD core/computer.32
LOAD core/gdt.32
LOAD core/idle.32
LOAD core/idt.32
LOAD core/kheap.32
LOAD core/main.32
LOAD core/physmgr.32
LOAD core/pipe.32
LOAD core/terminal.32
LOAD core/tss.32
LOAD core/unixfile.32
LOAD core/virtmgr.32
LOAD coreobjs/c++.32
LOAD dbg/kconsole.32
LOAD dbg/usban.32
LOAD fs/symlink.32
LOAD fs/vfs.32
LOAD hal/bus.32
LOAD hal/buzzer.32
LOAD hal/clock.32
LOAD hal/device.32
LOAD hal/diskctrl.32
LOAD hal/diskphys.32
LOAD hal/fpu.32
LOAD hal/intctrl.32
LOAD hal/keybrd.32
LOAD hal/logidisk.32
LOAD hal/mouse.32
LOAD hal/nic.32
LOAD hal/partition.32
LOAD hal/serial.32
LOAD hal/timer.32
LOAD hal/vcache.32
LOAD hal/video.32
LOAD hw/acpi.32
LOAD hw/cpu.32
LOAD krnl/atexit.32
LOAD krnl/bootmsg.32
LOAD krnl/cdefs.32
LOAD krnl/compat.32
LOAD krnl/crc32.32
LOAD krnl/env.32
LOAD krnl/inlines.32
LOAD krnl/mailbox.32
LOAD krnl/mutex.32
LOAD krnl/panic.32
LOAD krnl/powctrl.32
LOAD krnl/random.32
LOAD krnl/resolve.32
LOAD krnl/semaphore.32
LOAD krnl/signal.32
LOAD krnl/syscalls.32
LOAD net/ethernet.32
LOAD net/netosl.32
LOAD reg/cm.32
LOAD reg/registry.32
LOAD sys/eject.32
LOAD sys/exit.32
LOAD sys/getcwd.32
LOAD sys/getpid.32
LOAD sys/getramdata.32
LOAD sys/getvgaptr.32
LOAD sys/kill.32
LOAD sys/loaddll.32
LOAD sys/read.32
LOAD sys/registersignal.32
LOAD sys/registry.32
LOAD sys/sbrk.32
LOAD sys/setcwd.32
LOAD sys/settime.32
LOAD sys/symlink.32
LOAD sys/timezone.32
LOAD sys/truncate.32
LOAD sys/write.32
LOAD sys/wsbe.32
LOAD sys/yield.32
LOAD thr/elf.32
LOAD thr/exec.32
LOAD thr/prcssthr.32
LOAD vm86/vm8086.32
LOAD arch/i386/hal.32
LOAD arch/i386/pic.32
LOAD arch/i386/rtc.32
LOAD arch/i386/vga.32
LOAD fs/fat/vfslink.32
LOAD fs/iso9660/helper.32
LOAD fs/iso9660/vfslink.32
LOAD hal/sound/sndcard.32
LOAD hal/sound/sndport.32
LOAD hw/bus/isa.32
LOAD hw/bus/pci.32
LOAD hw/diskctrl/ide.32
LOAD hw/diskctrl/satabus.32
LOAD hw/diskphys/ata.32
LOAD hw/diskphys/atapi.32
LOAD hw/diskphys/sata.32
LOAD hw/diskphys/satapi.32
LOAD hw/intctrl/apic.32
LOAD hw/timer/apictimer.32
LOAD hw/timer/pit.32
LOAD arch/i386/avx.32
LOAD arch/i386/interrupt.32
LOAD arch/i386/rdrand.32
LOAD arch/i386/sse.32
LOAD arch/i386/x87.32
LOAD /cygdrive/d/Users/Alex/Desktop/Toolchain/Output/bin/../lib/gcc/i386-banana/8.1.0/crtend.o
LOAD crtn.32
LOAD /cygdrive/d/Users/Alex/Desktop/Toolchain/Output/bin/../lib/gcc/i386-banana/8.1.0/libkgcc.a
LOAD D:/Users/Alex/Desktop/Banana/kernel/libsoftfp.a
LOAD D:/Users/Alex/Desktop/Banana/kernel/libk/libm32.a
                0x00000000c0000000                . = 0xc0000000

.text           0x00000000c0000000    0x2f0da
 *(.text)
 .text          0x00000000c0000000       0x20 D:/Users/Alex/Desktop/Banana/kernel/boot.32
 .text          0x00000000c0000020        0x0 crti.32
 .text          0x00000000c0000020      0x101 /cygdrive/d/Users/Alex/Desktop/Toolchain/Output/bin/../lib/gcc/i386-banana/8.1.0/crtbegin.o
 *fill*         0x00000000c0000121        0xf 
 .text          0x00000000c0000130      0x24f D:/Users/Alex/Desktop/Banana/kernel/morenasm.32
                0x00000000c0000130                manualPCIProbe
                0x00000000c000017b                prepareTramp
                0x00000000c0000194                doTPAUSE
                0x00000000c000019e                hasLegacyFPU
                0x00000000c00001c3                is486
                0x00000000c00001f9                detectCPUID
                0x00000000c000020f                goToVM86
                0x00000000c000023f                goToUsermode
                0x00000000c0000269                switchToThreadASMFirstTime
                0x00000000c0000277                switchToThreadASM
                0x00000000c00002fc                asmQuickAcquireLock
                0x00000000c000031a                asmQuickReleaseLock
                0x00000000c0000326                asmAcquireLock
                0x00000000c0000347                asmReleaseLock
                0x00000000c000035a                loadGDT
                0x00000000c000037a                memcpy
 *fill*         0x00000000c000037f        0x1 
 .text          0x00000000c0000380      0x868 acpica/utclib.32
                0x00000000c0000380                memcmp
                0x00000000c00003d0                memmove
                0x00000000c00004f0                memset
                0x00000000c0000570                strlen
                0x00000000c00005a0                strpbrk
                0x00000000c00005f0                strtok
                0x00000000c0000640                strcpy
                0x00000000c0000680                strncpy
                0x00000000c0000750                strcmp
                0x00000000c00007a0                strchr
                0x00000000c00007e0                strncmp
                0x00000000c0000840                strcat
                0x00000000c0000870                strncat
                0x00000000c00008d0                strstr
                0x00000000c0000930                toupper
                0x00000000c0000950                tolower
                0x00000000c0000970                simple_strtoul
 .text          0x00000000c0000be8       0x53 arch/cc.32
                0x00000000c0000be8                LWIP_PLATFORM_HTONS
                0x00000000c0000c0c                LWIP_PLATFORM_HTONL
 *fill*         0x00000000c0000c3b        0x1 
 .text          0x00000000c0000c3c      0x162 arch/sys_arch.32
                0x00000000c0000c3c                lwip_socket_init
                0x00000000c0000c54                tcpip_callback_with_block
                0x00000000c0000c6c                sys_sem_new
                0x00000000c0000c94                sys_sem_free
                0x00000000c0000cac                sys_sem_signal
                0x00000000c0000cc4                sys_arch_sem_wait
                0x00000000c0000ce0                sys_mbox_new
                0x00000000c0000cfc                sys_mbox_free
                0x00000000c0000d14                sys_mbox_post
                0x00000000c0000d2c                sys_arch_mbox_fetch
                0x00000000c0000d48                sys_arch_mbox_tryfetch
                0x00000000c0000d64                sys_mbox_trypost
                0x00000000c0000d7c                sys_thread_new
                0x00000000c0000d9c                sys_init
 .text          0x00000000c0000d9e     0x1140 core/malloc.32
                0x00000000c0000f09                dlfree
                0x00000000c00013d0                dlmalloc
                0x00000000c000190d                dlrealloc
                0x00000000c0001aea                dlmemalign
                0x00000000c0001c0d                dlcalloc
                0x00000000c0001c9e                dlcfree
                0x00000000c0001ca3                dlindependent_calloc
                0x00000000c0001cc8                dlindependent_comalloc
                0x00000000c0001cdf                dlvalloc
                0x00000000c0001d0a                dlpvalloc
                0x00000000c0001d40                dlmalloc_trim
                0x00000000c0001d4d                dlmalloc_usable_size
                0x00000000c0001d7e                dlmallinfo
                0x00000000c0001e4d                dlmalloc_stats
                0x00000000c0001e5e                dlmallopt
 *fill*         0x00000000c0001ede        0x2 
 .text          0x00000000c0001ee0      0x1f2 libk/ctype.32
                0x00000000c0001ee0                isblank
                0x00000000c0001f00                iscntrl
                0x00000000c0001f20                isdigit
                0x00000000c0001f3c                islower
                0x00000000c0001f58                isspace
                0x00000000c0001f80                isupper
                0x00000000c0001f9c                isalpha
                0x00000000c0001fcc                isalnum
                0x00000000c0001ffc                ispunct
                0x00000000c000203c                isgraph
                0x00000000c000206c                isprint
                0x00000000c0002094                isxdigit
 .text          0x00000000c00020d2        0x0 libk/string.32
 .text          0x00000000c00020d2       0x51 fs/fat/diskio.32
                0x00000000c00020d2                disk_status
                0x00000000c00020d5                disk_initialize
                0x00000000c00020d8                disk_read
                0x00000000c00020ee                disk_write
                0x00000000c0002104                disk_ioctl
 .text          0x00000000c0002123     0x3e46 fs/fat/ff.32
                0x00000000c0003f44                f_mount
                0x00000000c0003fa6                f_open
                0x00000000c0004269                f_read
                0x00000000c0004468                f_write
                0x00000000c00046b0                f_sync
                0x00000000c0004775                f_close
                0x00000000c00047a4                f_lseek
                0x00000000c0004955                f_opendir
                0x00000000c0004a20                f_closedir
                0x00000000c0004a42                f_readdir
                0x00000000c0004ad4                f_stat
                0x00000000c0004b53                f_getfree
                0x00000000c0004c5c                f_truncate
                0x00000000c0004d46                f_unlink
                0x00000000c0004e68                f_mkdir
                0x00000000c0005003                f_rename
                0x00000000c00051bb                f_chmod
                0x00000000c000526b                f_utime
                0x00000000c000531b                f_getlabel
                0x00000000c000546c                f_setlabel
                0x00000000c00055fc                f_expand
                0x00000000c0005769                f_mkfs
 *fill*         0x00000000c0005f69        0x3 
 .text          0x00000000c0005f6c       0x2f fs/fat/ffsystem.32
                0x00000000c0005f6c                ff_memalloc
                0x00000000c0005f84                ff_memfree
 *fill*         0x00000000c0005f9b        0x1 
 .text          0x00000000c0005f9c      0x2dc fs/fat/ffunicode.32
                0x00000000c0005f9c                ff_uni2oem
                0x00000000c000603c                ff_oem2uni
                0x00000000c00060b4                ff_wtoupper
 .text          0x00000000c0006278      0xd32 fs/iso9660/iso9660.32
                0x00000000c00064c3                isoReadDiscSector
                0x00000000c000655e                strnicmp
                0x00000000c000680d                stricmp
                0x00000000c0006859                iso_open
                0x00000000c00068e3                iso_close
                0x00000000c0006901                iso_read
                0x00000000c0006a17                iso_seek
                0x00000000c0006a9b                iso_tell
                0x00000000c0006acc                iso_total
                0x00000000c0006af7                fn_postprocess
                0x00000000c0006b1e                iso_readdir
                0x00000000c0006d75                iso_reset
                0x00000000c0006d92                init_percd
                0x00000000c0006e8c                iso_ioctl
                0x00000000c0006ea4                fs_iso9660_init
                0x00000000c0006f3a                fs_iso9660_shutdown
 .text          0x00000000c0006faa        0x0 net/core/def.32
 .text          0x00000000c0006faa        0x0 net/core/dhcp.32
 .text          0x00000000c0006faa        0x0 net/core/dns.32
 *fill*         0x00000000c0006faa        0x2 
 .text          0x00000000c0006fac       0x2b net/core/init.32
                0x00000000c0006fac                lwip_init
 *fill*         0x00000000c0006fd7        0x1 
 .text          0x00000000c0006fd8      0x9f0 net/core/mem.32
                0x00000000c000716c                mem_init
                0x00000000c0007214                mem_free
                0x00000000c0007338                mem_trim
                0x00000000c0007648                mem_malloc
                0x00000000c0007964                mem_calloc
 .text          0x00000000c00079c8      0x2e8 net/core/memp.32
                0x00000000c00079c8                memp_init
                0x00000000c0007b0c                memp_malloc
                0x00000000c0007c38                memp_free
 .text          0x00000000c0007cb0      0x4ba net/core/netif.32
                0x00000000c0007cb0                netif_init
                0x00000000c0007cb4                netif_find
                0x00000000c0007d4c                netif_set_ipaddr
                0x00000000c0007e44                netif_set_gw
                0x00000000c0007e68                netif_set_netmask
                0x00000000c0007e8c                netif_set_addr
                0x00000000c0007ed0                netif_add
                0x00000000c0007f9c                netif_set_default
                0x00000000c0007fa8                netif_set_up
                0x00000000c000800c                netif_set_down
                0x00000000c0008034                netif_remove
                0x00000000c00080e0                netif_set_link_up
                0x00000000c0008144                netif_set_link_down
 *fill*         0x00000000c000816a        0x2 
 .text          0x00000000c000816c     0x16ac net/core/pbuf.32
                0x00000000c0008234                pbuf_alloced_custom
                0x00000000c0008358                pbuf_header
                0x00000000c00084f4                pbuf_free
                0x00000000c00086cc                pbuf_alloc
                0x00000000c0008ac4                pbuf_realloc
                0x00000000c0008cc8                pbuf_clen
                0x00000000c0008cfc                pbuf_ref
                0x00000000c0008d2c                pbuf_cat
                0x00000000c0008e0c                pbuf_chain
                0x00000000c0008e38                pbuf_dechain
                0x00000000c0008f2c                pbuf_copy
                0x00000000c0009194                pbuf_copy_partial
                0x00000000c0009338                pbuf_take
                0x00000000c00094b8                pbuf_coalesce
                0x00000000c000954c                pbuf_get_at
                0x00000000c00095e4                pbuf_memcmp
                0x00000000c00096f0                pbuf_memfind
                0x00000000c00097a4                pbuf_strstr
 .text          0x00000000c0009818      0x3e4 net/core/raw.32
                0x00000000c0009818                raw_input
                0x00000000c0009924                raw_bind
                0x00000000c0009948                raw_connect
                0x00000000c000996c                raw_recv
                0x00000000c0009984                raw_sendto
                0x00000000c0009af0                raw_send
                0x00000000c0009b14                raw_remove
                0x00000000c0009b94                raw_new
 .text          0x00000000c0009bfc        0x2 net/core/stats.32
                0x00000000c0009bfc                stats_init
 *fill*         0x00000000c0009bfe        0x2 
 .text          0x00000000c0009c00       0x55 net/core/sys.32
                0x00000000c0009c00                sys_msleep
 *fill*         0x00000000c0009c55        0x3 
 .text          0x00000000c0009c58     0x1dec net/core/tcp.32
                0x00000000c0009c68                tcp_listen_with_backlog
                0x00000000c0009e18                tcp_update_rcv_ann_wnd
                0x00000000c0009ef4                tcp_recved
                0x00000000c000a03c                tcp_bind
                0x00000000c000a16c                tcp_seg_free
                0x00000000c000a1b0                tcp_segs_free
                0x00000000c000a1e8                tcp_setprio
                0x00000000c000a204                tcp_seg_copy
                0x00000000c000a258                tcp_arg
                0x00000000c000a268                tcp_recv
                0x00000000c000a278                tcp_sent
                0x00000000c000a288                tcp_err
                0x00000000c000a298                tcp_accept
                0x00000000c000a2a8                tcp_poll
                0x00000000c000a2d0                tcp_pcb_purge
                0x00000000c000a3b4                tcp_slowtmr
                0x00000000c000ab38                tcp_pcb_remove
                0x00000000c000afe0                tcp_close
                0x00000000c000b01c                tcp_recv_null
                0x00000000c000b080                tcp_fasttmr
                0x00000000c000b1a4                tcp_tmr
                0x00000000c000b1d4                tcp_shutdown
                0x00000000c000b280                tcp_abandon
                0x00000000c000b414                tcp_abort
                0x00000000c000b580                tcp_next_iss
                0x00000000c000b598                tcp_alloc
                0x00000000c000b744                tcp_new
                0x00000000c000b758                tcp_eff_send_mss
                0x00000000c000b7c8                tcp_connect
                0x00000000c000ba38                tcp_debug_state_str
 .text          0x00000000c000ba44     0x3131 net/core/tcp_in.32
                0x00000000c000e0a4                tcp_input
 *fill*         0x00000000c000eb75        0x3 
 .text          0x00000000c000eb78     0x1f81 net/core/tcp_out.32
                0x00000000c000f0e8                tcp_write
                0x00000000c000f988                tcp_enqueue_flags
                0x00000000c000fc74                tcp_send_fin
                0x00000000c000fd14                tcp_send_empty_ack
                0x00000000c0010024                tcp_output
                0x00000000c00104b0                tcp_rst
                0x00000000c0010624                tcp_rexmit_rto
                0x00000000c00106b4                tcp_rexmit
                0x00000000c001077c                tcp_rexmit_fast
                0x00000000c0010860                tcp_keepalive
                0x00000000c0010928                tcp_zero_window_probe
 *fill*         0x00000000c0010af9        0x3 
 .text          0x00000000c0010afc      0x44d net/core/timers.32
                0x00000000c0010afc                sys_timeout
                0x00000000c0010cb4                tcp_timer_needed
                0x00000000c0010d48                sys_timeouts_init
                0x00000000c0010d80                sys_untimeout
                0x00000000c0010e4c                sys_timeouts_mbox_fetch
 *fill*         0x00000000c0010f49        0x3 
 .text          0x00000000c0010f4c      0xae8 net/core/udp.32
                0x00000000c0010f4c                udp_input
                0x00000000c00113c0                udp_bind
                0x00000000c0011540                udp_sendto_if
                0x00000000c00117c0                udp_sendto
                0x00000000c0011824                udp_send
                0x00000000c0011850                udp_connect
                0x00000000c0011930                udp_disconnect
                0x00000000c001195c                udp_recv
                0x00000000c0011974                udp_remove
                0x00000000c00119f4                udp_new
 .text          0x00000000c0011a34     0x1204 net/netif/etharp.32
                0x00000000c0011a8c                etharp_tmr
                0x00000000c001205c                etharp_find_addr
                0x00000000c00125bc                etharp_request
                0x00000000c00125f8                etharp_query
                0x00000000c0012934                etharp_output
                0x00000000c0012af4                ethernet_input
 .text          0x00000000c0012c38        0x0 net/netif/ethernetif.32
 .text          0x00000000c0012c38        0x0 net/netif/slipif.32
 .text          0x00000000c0012c38        0x0 net/core/ipv4/autoip.32
 .text          0x00000000c0012c38      0x5dd net/core/ipv4/icmp.32
                0x00000000c0012c38                icmp_input
                0x00000000c00131d0                icmp_dest_unreach
                0x00000000c00131f4                icmp_time_exceeded
 .text          0x00000000c0013215        0x0 net/core/ipv4/igmp.32
 .text          0x00000000c0013215        0x0 net/core/ipv4/inet.32
 *fill*         0x00000000c0013215        0x3 
 .text          0x00000000c0013218      0x582 net/core/ipv4/inet_chksum.32
                0x00000000c0013310                inet_chksum_pseudo
                0x00000000c00134a0                inet_chksum_pseudo_partial
                0x00000000c0013690                inet_chksum
                0x00000000c00136b8                inet_chksum_pbuf
 *fill*         0x00000000c001379a        0x2 
 .text          0x00000000c001379c      0x84c net/core/ipv4/ip.32
                0x00000000c001379c                ip_route
                0x00000000c0013830                ip_input
                0x00000000c0013c74                ip_output_if
                0x00000000c0013f44                ip_output
 .text          0x00000000c0013fe8      0x5ac net/core/ipv4/ip_addr.32
                0x00000000c0013fe8                ip4_addr_isbroadcast
                0x00000000c0014070                ip4_addr_netmask_valid
                0x00000000c00140d4                ipaddr_aton
                0x00000000c0014404                ipaddr_addr
                0x00000000c0014434                ipaddr_ntoa_r
                0x00000000c0014580                ipaddr_ntoa
 .text          0x00000000c0014594     0x1161 net/core/ipv4/ip_frag.32
                0x00000000c00147f8                ip_reass_tmr
                0x00000000c0014e88                ip_reass
                0x00000000c0015348                ip_frag
 .text          0x00000000c00156f5        0x0 net/core/snmp/asn1_dec.32
 .text          0x00000000c00156f5        0x0 net/core/snmp/asn1_enc.32
 .text          0x00000000c00156f5        0x0 net/core/snmp/mib2.32
 .text          0x00000000c00156f5        0x0 net/core/snmp/mib_structs.32
 .text          0x00000000c00156f5        0x0 net/core/snmp/msg_in.32
 .text          0x00000000c00156f5        0x0 net/core/snmp/msg_out.32
 .text          0x00000000c00156f5        0x0 net/netif/ppp/auth.32
 .text          0x00000000c00156f5        0x0 net/netif/ppp/chap.32
 .text          0x00000000c00156f5        0x0 net/netif/ppp/chpms.32
 .text          0x00000000c00156f5        0x0 net/netif/ppp/fsm.32
 .text          0x00000000c00156f5        0x0 net/netif/ppp/ipcp.32
 .text          0x00000000c00156f5        0x0 net/netif/ppp/lcp.32
 .text          0x00000000c00156f5        0x0 net/netif/ppp/magic.32
 .text          0x00000000c00156f5        0x0 net/netif/ppp/md5.32
 .text          0x00000000c00156f5        0x0 net/netif/ppp/pap.32
 .text          0x00000000c00156f5        0x0 net/netif/ppp/ppp.32
 .text          0x00000000c00156f5        0x0 net/netif/ppp/ppp_oe.32
 .text          0x00000000c00156f5        0x0 net/netif/ppp/randm.32
 .text          0x00000000c00156f5        0x0 net/netif/ppp/vj.32
 *fill*         0x00000000c00156f5        0x1 
 .text          0x00000000c00156f6      0x6af core/computer.32
                0x00000000c00156f6                Computer::close(int, int, void*)
                0x00000000c0015744                Krnl::firstTask()
                0x00000000c001586a                Computer::Computer()
                0x00000000c001586a                Computer::Computer()
                0x00000000c001591a                Computer::setBootMessage(char const*)
                0x00000000c001591c                Computer::detectFeatures()
                0x00000000c0015b42                Computer::displayFeatures()
                0x00000000c0015b44                Computer::rdmsr(unsigned int)
                0x00000000c0015b70                Computer::wrmsr(unsigned int, unsigned long long)
                0x00000000c0015bac                Computer::shutdown()
                0x00000000c0015bc4                Computer::restart()
                0x00000000c0015bdc                Computer::sleep()
                0x00000000c0015bf0                Computer::nmiEnabled()
                0x00000000c0015bfc                Computer::readCMOS(unsigned char)
                0x00000000c0015c1a                Computer::enableNMI(bool)
                0x00000000c0015c32                Computer::open(int, int, void*)
                0x00000000c0015d06                Computer::disableNMI()
                0x00000000c0015d16                Computer::writeCMOS(unsigned char, unsigned char)
                0x00000000c0015d3a                Computer::handleNMI()
 *fill*         0x00000000c0015da5        0x1 
 .text          0x00000000c0015da6      0x1db core/gdt.32
                0x00000000c0015da6                GDTEntry::setBase(unsigned int)
                0x00000000c0015dc2                GDTEntry::setLimit(unsigned int)
                0x00000000c0015de0                GDT::GDT()
                0x00000000c0015de0                GDT::GDT()
                0x00000000c0015df6                GDT::addEntry(GDTEntry)
                0x00000000c0015e18                GDT::getNumberOfEntries()
                0x00000000c0015e20                GDT::flush()
                0x00000000c0015e42                GDT::setup()
 .text          0x00000000c0015f81       0x1d core/idle.32
                0x00000000c0015f81                idleFunction(void*)
 *fill*         0x00000000c0015f9e        0x2 
 .text          0x00000000c0015fa0      0x46c core/idt.32
                0x00000000c0015fa0                IDTEntry::IDTEntry(bool)
                0x00000000c0015fa0                IDTEntry::IDTEntry(bool)
                0x00000000c001601a                IDTEntry::setOffset(unsigned int)
                0x00000000c0016030                IDT::IDT()
                0x00000000c0016030                IDT::IDT()
                0x00000000c0016032                IDT::getPointerToInvalidOpcodeEntryForF00F()
                0x00000000c001603a                IDT::addEntry(IDTEntry, int)
                0x00000000c0016054                IDT::addEntry(int, void (*)(), bool)
                0x00000000c001608c                IDT::flush()
                0x00000000c00160a6                IDT::setup()
 .text          0x00000000c001640c      0x205 core/kheap.32
                0x00000000c001640c                sbrk
                0x00000000c00164a3                sbrk_thunk
                0x00000000c00164d9                mmap
                0x00000000c0016537                munmap
                0x00000000c001654c                liballoc_lock()
                0x00000000c001655a                liballoc_unlock()
                0x00000000c0016570                liballoc_alloc(int)
                0x00000000c0016588                liballoc_free(void*, int)
                0x00000000c00165a3                realloc
                0x00000000c00165b7                malloc
                0x00000000c00165c7                free
                0x00000000c00165d7                rfree
                0x00000000c00165e7                calloc
 .text          0x00000000c0016611       0xc7 core/main.32
                0x00000000c0016611                KeEntryPoint
 .text          0x00000000c00166d8      0x644 core/physmgr.32
                0x00000000c00166d8                Phys::allocateDMA(unsigned long)
                0x00000000c00167c0                Phys::freeDMA(unsigned long, unsigned long)
                0x00000000c00167fb                Phys::setPageState(unsigned long, bool)
                0x00000000c001683b                Phys::getPageState(unsigned long)
                0x00000000c0016857                Phys::freePage(unsigned long)
                0x00000000c00168c0                Phys::allocatePage()
                0x00000000c001698f                Phys::allocateContiguousPages(int)
                0x00000000c00169f6                Phys::allowSegmentToBeUsed(unsigned long, unsigned long)
                0x00000000c0016a2e                Phys::physicalMemorySetup(unsigned int)
 .text          0x00000000c0016d1c      0x273 core/pipe.32
                0x00000000c0016d1c                Pipe::isAtty()
                0x00000000c0016d20                Pipe::~Pipe()
                0x00000000c0016d20                Pipe::~Pipe()
                0x00000000c0016d44                Pipe::~Pipe()
                0x00000000c0016d6c                Pipe::write(unsigned long long, void*, int*)
                0x00000000c0016e2c                Pipe::read(unsigned long long, void*, int*)
                0x00000000c0016f28                Pipe::Pipe(int)
                0x00000000c0016f28                Pipe::Pipe(int)
 *fill*         0x00000000c0016f8f        0x1 
 .text          0x00000000c0016f90      0xab3 core/terminal.32
                0x00000000c0016f90                VgaText::isAtty()
                0x00000000c0016f94                VgaText::~VgaText()
                0x00000000c0016f94                VgaText::~VgaText()
                0x00000000c0016fb8                VgaText::~VgaText()
                0x00000000c0016fe2                VgaText::read(unsigned long long, void*, int*)
                0x00000000c0017002                setTerminalScrollLock(bool)
                0x00000000c0017003                doTerminalCycle()
                0x00000000c0017004                addToTerminalCycle(VgaText*)
                0x00000000c0017005                scrollTerminalScrollLock(int)
                0x00000000c0017006                VgaText::updateTitle()
                0x00000000c0017008                VgaText::load()
                0x00000000c001700a                VgaText::updateCursor()
                0x00000000c0017020                VgaText::doANSI_SGR(int)
                0x00000000c0017094                VgaText::setDefaultBgColour(VgaColour)
                0x00000000c00170a4                VgaText::setDefaultFgColour(VgaColour)
                0x00000000c00170b4                VgaText::setDefaultColours(VgaColour, VgaColour)
                0x00000000c00170d4                VgaText::setTitleTextColour(VgaColour)
                0x00000000c00170e0                VgaText::setTitleColour(VgaColour)
                0x00000000c00170ec                VgaText::setTitle(char*)
                0x00000000c00170ee                VgaText::combineColours(unsigned char, unsigned char)
                0x00000000c0017100                VgaText::scrollScreen()
                0x00000000c0017192                VgaText::combineCharAndColour(char, unsigned char)
                0x00000000c00171a2                VgaText::writeCharacter(char, VgaColour, VgaColour, int, int)
                0x00000000c0017232                VgaText::getCursorX()
                0x00000000c001723a                VgaText::getCursorY()
                0x00000000c0017242                VgaText::setCursor(int, int)
                0x00000000c0017259                setActiveTerminal(VgaText*)
                0x00000000c00172a4                VgaText::clearScreen()
                0x00000000c00172f2                VgaText::setCursorX(int)
                0x00000000c001730a                VgaText::setCursorY(int)
                0x00000000c0017322                VgaText::incrementCursor(bool)
                0x00000000c0017376                VgaText::decrementCursor(bool)
                0x00000000c0017398                VgaText::putchar(char, VgaColour, VgaColour)
                0x00000000c0017468                VgaText::putchar(char)
                0x00000000c0017560                VgaText::putx(unsigned int)
                0x00000000c00175a6                VgaText::puts(char const*)
                0x00000000c00175cc                VgaText::write(unsigned long long, void*, int*)
                0x00000000c0017618                VgaText::puts(char const*, VgaColour, VgaColour)
                0x00000000c0017766                VgaText::VgaText(char const*)
                0x00000000c0017766                VgaText::VgaText(char const*)
                0x00000000c00178b6                VgaText::receiveKey(unsigned char)
                0x00000000c0017a42                VgaText::doUpdate()
 *fill*         0x00000000c0017a43        0x1 
 .text          0x00000000c0017a44      0x1a1 core/tss.32
                0x00000000c0017a44                TSS::TSS()
                0x00000000c0017a44                TSS::TSS()
                0x00000000c0017a54                TSS::setESP(unsigned long)
                0x00000000c0017a68                TSS::flush()
                0x00000000c0017a88                TSS::setup(unsigned long, unsigned long)
 *fill*         0x00000000c0017be5        0x1 
 .text          0x00000000c0017be6      0x4ca core/unixfile.32
                0x00000000c0017be6                ReservedFilename::read(unsigned long long, void*, int*)
                0x00000000c0017c3c                ReservedFilename::isAtty()
                0x00000000c0017c58                ReservedFilename::write(unsigned long long, void*, int*)
                0x00000000c0017cb6                UnixFile::getFileDescriptor()
                0x00000000c0017cbe                UnixFile::UnixFile(int)
                0x00000000c0017cbe                UnixFile::UnixFile(int)
                0x00000000c0017e72                ReservedFilename::ReservedFilename(int)
                0x00000000c0017e72                ReservedFilename::ReservedFilename(int)
                0x00000000c0017ea4                UnixFile::~UnixFile()
                0x00000000c0017ea4                UnixFile::~UnixFile()
                0x00000000c0017f40                UnixFile::~UnixFile()
                0x00000000c0017f68                ReservedFilename::~ReservedFilename()
                0x00000000c0017f68                ReservedFilename::~ReservedFilename()
                0x00000000c0017f8c                ReservedFilename::~ReservedFilename()
                0x00000000c0017fb3                KeGetFileFromDescriptor(int)
 .text          0x00000000c00180b0     0x1210 core/virtmgr.32
                0x00000000c00180b0                Virt::setPageState(unsigned long, Virt::VirtPageState)
                0x00000000c00180ea                Virt::getPageState(unsigned long)
                0x00000000c001810d                Virt::allocateKernelVirtualPages(int)
                0x00000000c0018232                Virt::freeSwapfilePage(unsigned long)
                0x00000000c0018255                Virt::swapIDToSector(unsigned long)
                0x00000000c001826b                Virt::allocateSwapfilePage()
                0x00000000c00182eb                Virt::virtualMemorySetup()
                0x00000000c001833c                Virt::setupPageSwapping(int)
                0x00000000c00183ae                VAS::setCPUSpecific(unsigned long)
                0x00000000c00183b0                VAS::VAS(VAS*)
                0x00000000c00183b0                VAS::VAS(VAS*)
                0x00000000c00183c8                VAS::getForeignPageTableEntry(bool, unsigned long)
                0x00000000c00183f6                VAS::getPageTableEntry(unsigned long)
                0x00000000c0018415                Virt::freeKernelVirtualPages(unsigned long)
                0x00000000c0018552                VAS::freeAllocatedPages(unsigned long)
                0x00000000c0018576                VAS::virtualToPhysical(unsigned long)
                0x00000000c0018590                VAS::reflagRange(unsigned long, int, unsigned long, unsigned long)
                0x00000000c00185d2                VAS::VAS()
                0x00000000c00185d2                VAS::VAS()
                0x00000000c001863c                VAS::setToWriteCombining(unsigned long, int)
                0x00000000c0018670                VAS::mapOtherVASIn(bool, VAS*)
                0x00000000c001869c                VAS::~VAS()
                0x00000000c001869c                VAS::~VAS()
                0x00000000c001880a                VAS::mapPage(unsigned long, unsigned long, int)
                0x00000000c001890e                VAS::allocatePages(int, int)
                0x00000000c0018a04                VAS::mapRange(unsigned long, unsigned long, int, int)
                0x00000000c0018a5c                VAS::mapForeignPage(bool, VAS*, unsigned long, unsigned long, int)
                0x00000000c0018b52                VAS::VAS(bool)
                0x00000000c0018b52                VAS::VAS(bool)
                0x00000000c0018d9c                VAS::evict(unsigned long)
                0x00000000c0018e7a                VAS::tryLoadBackOffDisk(unsigned long)
                0x00000000c0019022                VAS::allocateSharedMemoryWithKernel(unsigned long, unsigned long*)
                0x00000000c0019096                VAS::freeSharedMemoryWithKernel(unsigned long, unsigned long)
                0x00000000c00190c2                VAS::scanForEviction()
                0x00000000c00191c5                mapVASFirstTime
 .text          0x00000000c00192c0       0x5f coreobjs/c++.32
                0x00000000c00192c0                __cxa_atexit
                0x00000000c00192c3                __cxa_finalize
                0x00000000c00192c4                __stack_chk_fail
                0x00000000c00192fa                __cxa_pure_virtual
                0x00000000c001930b                operator new[](unsigned long)
                0x00000000c0019310                operator delete(void*, unsigned long)
                0x00000000c0019315                operator delete[](void*)
                0x00000000c001931a                operator delete[](void*, unsigned long)
 .text          0x00000000c001931f      0x254 dbg/kconsole.32
                0x00000000c001931f                Dbg::stringifyxWithBase(unsigned int, char*, int)
                0x00000000c00193bf                Dbg::logc(char)
                0x00000000c00193df                Dbg::logs(char*)
                0x00000000c00193fe                Dbg::logWriteInt(unsigned int)
                0x00000000c001941c                Dbg::logWriteIntBase(unsigned int, int)
                0x00000000c001943d                Dbg::kprintf(char const*, ...)
 *fill*         0x00000000c0019573        0x1 
 .text          0x00000000c0019574      0x2d4 dbg/usban.32
                0x00000000c0019574                KiUbsanPrintDetails(char const*, void*)
                0x00000000c00195e0                __ubsan_handle_type_mismatch_v1
                0x00000000c00196bc                __ubsan_handle_pointer_overflow
                0x00000000c00196e8                __ubsan_handle_out_of_bounds
                0x00000000c0019714                __ubsan_handle_add_overflow
                0x00000000c0019740                __ubsan_handle_load_invalid_value
                0x00000000c001976c                __ubsan_handle_divrem_overflow
                0x00000000c0019798                __ubsan_handle_mul_overflow
                0x00000000c00197c4                __ubsan_handle_sub_overflow
                0x00000000c00197f0                __ubsan_handle_shift_out_of_bounds
                0x00000000c001981c                __ubsan_handle_negate_overflow
 .text          0x00000000c0019848      0x86d fs/symlink.32
                0x00000000c0019997                KiDeinitialiseSymlinks(void*)
                0x00000000c0019a2a                KeRegisterSymlink(char const*, unsigned long long)
                0x00000000c0019abc                KeInitialiseSymlinks()
                0x00000000c0019c30                KiIsSymlinkRegistered(char const*)
                0x00000000c0019db4                KeDereferenceSymlink(char const*, char*)
                0x00000000c0019f5b                KeCreateSymlink(char const*, char const*)
 *fill*         0x00000000c001a0b5        0x1 
 .text          0x00000000c001a0b6      0xd68 fs/vfs.32
                0x00000000c001a0b6                File::read(unsigned long long, void*, int*)
                0x00000000c001a10e                File::write(unsigned long long, void*, int*)
                0x00000000c001a166                Directory::read(unsigned long long, void*, int*)
                0x00000000c001a1be                Directory::write(unsigned long long, void*, int*)
                0x00000000c001a1ec                File::isAtty()
                0x00000000c001a1f0                Directory::isAtty()
                0x00000000c001a1f4                Filesystem::getlabel(LogicalDisk*, int, char*, unsigned int*)
                0x00000000c001a1fa                Filesystem::setlabel(LogicalDisk*, int, char*)
                0x00000000c001a200                Filesystem::allocateSwapfile(char const*, int)
                0x00000000c001a206                File::~File()
                0x00000000c001a206                File::~File()
                0x00000000c001a22a                File::~File()
                0x00000000c001a254                Directory::~Directory()
                0x00000000c001a254                Directory::~Directory()
                0x00000000c001a278                Directory::~Directory()
                0x00000000c001a2a2                Filesystem::Filesystem()
                0x00000000c001a2a2                Filesystem::Filesystem()
                0x00000000c001a2c6                Filesystem::~Filesystem()
                0x00000000c001a2c6                Filesystem::~Filesystem()
                0x00000000c001a2d4                Filesystem::~Filesystem()
                0x00000000c001a2f8                Fs::getcwd(Process*, char*, int)
                0x00000000c001a322                Fs::initVFS()
                0x00000000c001a34c                Fs::standardiseFiles(char*, char const*, char const*, bool)
                0x00000000c001a566                File::File(char const*, Process*, bool)
                0x00000000c001a566                File::File(char const*, Process*, bool)
                0x00000000c001a644                File::File(char const*, Process*)
                0x00000000c001a644                File::File(char const*, Process*)
                0x00000000c001a662                File::open(FileOpenMode)
                0x00000000c001a6c0                File::close()
                0x00000000c001a720                File::seek(unsigned long long)
                0x00000000c001a776                File::truncate(unsigned long long)
                0x00000000c001a7cc                File::tell(unsigned long long*)
                0x00000000c001a81c                File::rewind()
                0x00000000c001a830                File::unlink()
                0x00000000c001a87c                File::rename(char const*)
                0x00000000c001a8ca                File::chfatattr(unsigned char, unsigned char)
                0x00000000c001a926                File::exists()
                0x00000000c001a964                File::stat(unsigned long long*, bool*)
                0x00000000c001a9c5                Fs::setcwd(Process*, char*)
                0x00000000c001ab24                Directory::Directory(char const*, Process*)
                0x00000000c001ab24                Directory::Directory(char const*, Process*)
                0x00000000c001abec                Directory::open()
                0x00000000c001ac48                Directory::close()
                0x00000000c001aca8                Directory::unlink()
                0x00000000c001acf4                Directory::rename(char const*)
                0x00000000c001ad42                Directory::exists()
                0x00000000c001ad80                Directory::read(dirent*)
                0x00000000c001adcc                Directory::create()
                0x00000000c001ae18                Filesystem::chfatattr(char const*, unsigned char, unsigned char)
 *fill*         0x00000000c001ae1e        0x2 
 .text          0x00000000c001ae20       0x86 hal/bus.32
                0x00000000c001ae20                Bus::Bus(char const*)
                0x00000000c001ae20                Bus::Bus(char const*)
                0x00000000c001ae58                Bus::~Bus()
                0x00000000c001ae58                Bus::~Bus()
                0x00000000c001ae7c                Bus::~Bus()
 .text          0x00000000c001aea6       0x96 hal/buzzer.32
                0x00000000c001aea6                beepThread(void*)
                0x00000000c001aee3                Krnl::beep(int, int, bool)
 .text          0x00000000c001af3c      0x513 hal/clock.32
                0x00000000c001af3c                User::loadClockSettings()
                0x00000000c001b042                Clock::Clock(char const*)
                0x00000000c001b042                Clock::Clock(char const*)
                0x00000000c001b078                Clock::~Clock()
                0x00000000c001b078                Clock::~Clock()
                0x00000000c001b09c                Clock::~Clock()
                0x00000000c001b0c6                Clock::timeInSecondsLocal()
                0x00000000c001b10e                Clock::setTimeInSecondsLocal(unsigned long long)
                0x00000000c001b167                datetimeToSeconds(datetime_t)
                0x00000000c001b286                Clock::setTimeInDatetimeLocal(datetime_t)
                0x00000000c001b2e6                secondsToDatetime(unsigned long long)
                0x00000000c001b42a                Clock::timeInDatetimeLocal()
 *fill*         0x00000000c001b44f        0x1 
 .text          0x00000000c001b450      0x47a hal/device.32
                0x00000000c001b450                Device::hibernate()
                0x00000000c001b452                Device::wake()
                0x00000000c001b454                Device::detect()
                0x00000000c001b456                Device::disableLegacy()
                0x00000000c001b458                Device::powerSaving(PowerSavingLevel)
                0x00000000c001b45a                DriverlessDevice::close(int, int, void*)
                0x00000000c001b45e                DriverlessDevice::detect()
                0x00000000c001b460                DriverlessDevice::open(int, int, void*)
                0x00000000c001b474                Device::~Device()
                0x00000000c001b474                Device::~Device()
                0x00000000c001b482                Device::~Device()
                0x00000000c001b4aa                Device::findAndLoadDriver()
                0x00000000c001b4b8                Device::preOpenPCI(PCIDeviceInfo)
                0x00000000c001b4de                Device::preOpenACPI(void*, char*, char*)
                0x00000000c001b51e                Device::addIRQHandler(int, void (*)(regs*, void*), bool, void*)
                0x00000000c001b548                Device::getParent()
                0x00000000c001b554                Device::removeIRQHandler(int, void (*)(regs*, void*), bool)
                0x00000000c001b572                Device::addChild(Device*)
                0x00000000c001b5b6                Device::removeAllChildren()
                0x00000000c001b5fc                Device::hibernateAll()
                0x00000000c001b62c                Device::wakeAll()
                0x00000000c001b65c                Device::detectAll()
                0x00000000c001b68c                Device::disableLegacyAll()
                0x00000000c001b68e                Device::loadDriversForAll()
                0x00000000c001b690                Device::powerSavingAll(PowerSavingLevel)
                0x00000000c001b6c6                Device::setName(char const*)
                0x00000000c001b6d4                Device::Device(char const*)
                0x00000000c001b6d4                Device::Device(char const*)
                0x00000000c001b7d0                Device::getName()
                0x00000000c001b7da                Device::closeAll()
                0x00000000c001b826                DriverlessDevice::DriverlessDevice(char const*)
                0x00000000c001b826                DriverlessDevice::DriverlessDevice(char const*)
                0x00000000c001b85c                Device::addToLinkedList(LinkedList<Device>&, DeviceType)
                0x00000000c001b8a0                getDevicesOfType(DeviceType)
 *fill*         0x00000000c001b8ca        0x2 
 .text          0x00000000c001b8cc       0x86 hal/diskctrl.32
                0x00000000c001b8cc                HardDiskController::HardDiskController(char const*)
                0x00000000c001b8cc                HardDiskController::HardDiskController(char const*)
                0x00000000c001b904                HardDiskController::~HardDiskController()
                0x00000000c001b904                HardDiskController::~HardDiskController()
                0x00000000c001b928                HardDiskController::~HardDiskController()
 .text          0x00000000c001b952       0xe2 hal/diskphys.32
                0x00000000c001b952                PhysicalDisk::eject()
                0x00000000c001b956                PhysicalDisk::PhysicalDisk(char const*, int)
                0x00000000c001b956                PhysicalDisk::PhysicalDisk(char const*, int)
                0x00000000c001b9be                PhysicalDisk::startCache()
                0x00000000c001b9e6                PhysicalDisk::~PhysicalDisk()
                0x00000000c001b9e6                PhysicalDisk::~PhysicalDisk()
                0x00000000c001ba0a                PhysicalDisk::~PhysicalDisk()
 .text          0x00000000c001ba34        0x0 hal/fpu.32
 .text          0x00000000c001ba34      0x359 hal/intctrl.32
                0x00000000c001ba34                int_handler
                0x00000000c001babe                installISRHandler(int, void (*)(regs*, void*), void*)
                0x00000000c001bb08                installIRQHandler(int, void (*)(regs*, void*), bool, void*)
                0x00000000c001bc3c                uninstallISRHandler(int, void (*)(regs*, void*))
                0x00000000c001bc70                uninstallIRQHandler(int, void (*)(regs*, void*), bool)
                0x00000000c001bcee                setupINTS()
                0x00000000c001bd4b                convertLegacyIRQNumber(int)
 *fill*         0x00000000c001bd8d        0x1 
 .text          0x00000000c001bd8e      0x888 hal/keybrd.32
                0x00000000c001bd8e                startGUI(void*)
                0x00000000c001bdf8                startGUIVESA(void*)
                0x00000000c001be62                sendKeyToTerminal(unsigned char)
                0x00000000c001bf3d                sendKeyboardToken(KeyboardToken)
                0x00000000c001c3f9                clearInternalKeybuffer(VgaText*)
                0x00000000c001c42e                readKeyboard(VgaText*, char*, unsigned long)
                0x00000000c001c58c                Keyboard::Keyboard(char const*)
                0x00000000c001c58c                Keyboard::Keyboard(char const*)
                0x00000000c001c5c8                Keyboard::~Keyboard()
                0x00000000c001c5c8                Keyboard::~Keyboard()
                0x00000000c001c5ec                Keyboard::~Keyboard()
 .text          0x00000000c001c616      0x3f8 hal/logidisk.32
                0x00000000c001c616                LogicalDisk::close(int, int, void*)
                0x00000000c001c61a                LogicalDisk::~LogicalDisk()
                0x00000000c001c61a                LogicalDisk::~LogicalDisk()
                0x00000000c001c63e                LogicalDisk::~LogicalDisk()
                0x00000000c001c668                LogicalDisk::open(int, int, void*)
                0x00000000c001c67c                LogicalDisk::absoluteToRelative(unsigned long long)
                0x00000000c001c6b4                LogicalDisk::relativeToAbsolute(unsigned long long)
                0x00000000c001c6fa                LogicalDisk::LogicalDisk(char const*, PhysicalDisk*, unsigned long long, unsigned long long)
                0x00000000c001c6fa                LogicalDisk::LogicalDisk(char const*, PhysicalDisk*, unsigned long long, unsigned long long)
                0x00000000c001c7ba                LogicalDisk::assignDriveLetter()
                0x00000000c001c874                LogicalDisk::mount()
                0x00000000c001c8bc                LogicalDisk::unmount()
                0x00000000c001c8cc                LogicalDisk::eject()
                0x00000000c001c8e0                LogicalDisk::unassignDriveLetter()
                0x00000000c001c936                LogicalDisk::read(unsigned long long, int, void*)
                0x00000000c001c9a2                LogicalDisk::write(unsigned long long, int, void*)
 *fill*         0x00000000c001ca0e        0x2 
 .text          0x00000000c001ca10       0x86 hal/mouse.32
                0x00000000c001ca10                Mouse::Mouse(char const*)
                0x00000000c001ca10                Mouse::Mouse(char const*)
                0x00000000c001ca48                Mouse::~Mouse()
                0x00000000c001ca48                Mouse::~Mouse()
                0x00000000c001ca6c                Mouse::~Mouse()
 .text          0x00000000c001ca96       0x90 hal/nic.32
                0x00000000c001ca96                NIC::getMAC()
                0x00000000c001ca9c                NIC::write(int, unsigned char*, int*)
                0x00000000c001caa2                NIC::NIC(char const*)
                0x00000000c001caa2                NIC::NIC(char const*)
                0x00000000c001cad8                NIC::~NIC()
                0x00000000c001cad8                NIC::~NIC()
                0x00000000c001cafc                NIC::~NIC()
 .text          0x00000000c001cb26      0x33b hal/partition.32
                0x00000000c001cb26                makePartition(PhysicalDisk*, unsigned long long, unsigned long long)
                0x00000000c001cbce                createPartitionsForDisk(PhysicalDisk*)
 *fill*         0x00000000c001ce61        0x3 
 .text          0x00000000c001ce64       0x86 hal/serial.32
                0x00000000c001ce64                Serial::Serial(char const*)
                0x00000000c001ce64                Serial::Serial(char const*)
                0x00000000c001ce9c                Serial::~Serial()
                0x00000000c001ce9c                Serial::~Serial()
                0x00000000c001cec0                Serial::~Serial()
 *fill*         0x00000000c001ceea        0x2 
 .text          0x00000000c001ceec      0x230 hal/timer.32
                0x00000000c001ceec                Timer::Timer(char const*)
                0x00000000c001ceec                Timer::Timer(char const*)
                0x00000000c001cf24                Timer::~Timer()
                0x00000000c001cf24                Timer::~Timer()
                0x00000000c001cf48                Timer::~Timer()
                0x00000000c001cf72                Timer::read()
                0x00000000c001cf7d                setupTimer(int)
                0x00000000c001cfb8                timerHandler(unsigned int)
 .text          0x00000000c001d11c      0x444 hal/vcache.32
                0x00000000c001d11c                VCache::VCache(PhysicalDisk*)
                0x00000000c001d11c                VCache::VCache(PhysicalDisk*)
                0x00000000c001d28c                VCache::invalidateReadBuffer()
                0x00000000c001d29c                VCache::writeWriteBuffer()
                0x00000000c001d2e8                VCache::~VCache()
                0x00000000c001d2e8                VCache::~VCache()
                0x00000000c001d340                VCache::~VCache()
                0x00000000c001d368                VCache::write(unsigned long long, int, void*)
                0x00000000c001d45c                VCache::read(unsigned long long, int, void*)
 .text          0x00000000c001d560      0x70e hal/video.32
                0x00000000c001d560                Video::putrect(int, int, int, int, unsigned int)
                0x00000000c001d5ac                Video::bitblit(int, int, int, int, int, int, int, unsigned int*)
                0x00000000c001d61c                Video::blit(unsigned int*, int, int, int, int)
                0x00000000c001d69a                Video::clearScreen(unsigned int)
                0x00000000c001d6ce                Video::putpixel(int, int, unsigned int)
                0x00000000c001d6dc                Video::readPixelApprox(int, int)
                0x00000000c001d6f0                Video::Video(char const*)
                0x00000000c001d6f0                Video::Video(char const*)
                0x00000000c001d726                Video::~Video()
                0x00000000c001d726                Video::~Video()
                0x00000000c001d74a                Video::~Video()
                0x00000000c001d774                Video::isMonochrome()
                0x00000000c001d780                Video::getWidth()
                0x00000000c001d78c                Video::getHeight()
                0x00000000c001d798                Video::drawCursor(int, int, unsigned int*, int)
                0x00000000c001d854                Video::tgaParse(unsigned char*, int, int*, int*)
                0x00000000c001dbfe                Video::putTGA(int, int, unsigned char*, int)
 *fill*         0x00000000c001dc6e        0x2 
 .text          0x00000000c001dc70     0x1413 hw/acpi.32
                0x00000000c001dc70                ACPI::close(int, int, void*)
                0x00000000c001ddac                findRSDP()
                0x00000000c001de44                loadACPITables(unsigned char*)
                0x00000000c001e0b0                findRSDT(unsigned char*)
                0x00000000c001e208                findDataTable(unsigned char*, char*)
                0x00000000c001e288                scanMADT()
                0x00000000c001e740                ACPI::ACPI()
                0x00000000c001e740                ACPI::ACPI()
                0x00000000c001e794                ACPI::getPCIIRQAssignment(unsigned char, unsigned short, unsigned char)
                0x00000000c001e890                ACPI::registerPCIIRQAssignment(void*, unsigned short, unsigned char, unsigned char)
                0x00000000c001e95c                ACPI::setScreenBrightnessLevel(void*, int)
                0x00000000c001e964                ACPI::detectPCI()
                0x00000000c001eb84                ACPI::writeSimpleBootFlag(SimpleBootFlagTable*)
                0x00000000c001ebcc                ACPI::sleep()
                0x00000000c001ebe8                ACPI::open(int, int, void*)
 *fill*         0x00000000c001f083        0x1 
 .text          0x00000000c001f084      0xbc5 hw/cpu.32
                0x00000000c001f084                CPU::close(int, int, void*)
                0x00000000c001f088                CPU::AMD_K6_write_msr(unsigned int, unsigned int, unsigned int, CPU::REGS*)
                0x00000000c001f0a4                CPU::AMD_K6_read_msr(unsigned int, CPU::REGS*)
                0x00000000c001f0bc                CPU::AMD_K6_writeback(int, int, int)
                0x00000000c001f130                CPU::cpuid(int, unsigned long*, unsigned long*, unsigned long*, unsigned long*)
                0x00000000c001f1b4                CPU::cpuidCheckEDX(unsigned int)
                0x00000000c001f1e2                CPU::cpuidCheckECX(unsigned int)
                0x00000000c001f210                CPU::cpuidCheckExtendedEBX(unsigned int)
                0x00000000c001f23e                CPU::cpuidCheckExtendedECX(unsigned int)
                0x00000000c001f26c                CPU::CPU()
                0x00000000c001f26c                CPU::CPU()
                0x00000000c001f2fa                CPU::displayFeatures()
                0x00000000c001f2fc                CPU::detectFeatures()
                0x00000000c001f9d0                CPU::setupSMEP()
                0x00000000c001f9dc                CPU::setupUMIP()
                0x00000000c001f9e6                CPU::setupTSC()
                0x00000000c001f9f0                CPU::setupLargePages()
                0x00000000c001f9fa                CPU::setupPAT()
                0x00000000c001fa36                CPU::setupMTRR()
                0x00000000c001fa38                CPU::setupGlobalPages()
                0x00000000c001fa42                CPU::allowUsermodeDataAccess()
                0x00000000c001fa54                CPU::prohibitUsermodeDataAccess()
                0x00000000c001fa66                CPU::setupSMAP()
                0x00000000c001fa74                CPU::setupFeatures()
                0x00000000c001fb40                CPU::open(int, int, void*)
 .text          0x00000000c001fc49       0xb6 krnl/atexit.32
                0x00000000c001fc49                KeInitialiseAtexit()
                0x00000000c001fc68                KeRegisterAtexit(void (*)(void*), void*)
                0x00000000c001fc9c                KeExecuteAtexit()
 .text          0x00000000c001fcff       0x90 krnl/bootmsg.32
                0x00000000c001fcff                KeDisplaySplashScreen()
                0x00000000c001fd2c                KeSetBootMessage(char const*)
 *fill*         0x00000000c001fd8f        0x1 
 .text          0x00000000c001fd90       0x48 krnl/cdefs.32
                0x00000000c001fd90                CUnlockScheduler
                0x00000000c001fdac                CLockScheduler
                0x00000000c001fdbc                CPrintf
 .text          0x00000000c001fdd8       0x1d krnl/compat.32
                0x00000000c001fdd8                Krnl::handlePowerButton()
                0x00000000c001fde8                Krnl::handleSleepButton()
 .text          0x00000000c001fdf5       0x2b krnl/crc32.32
                0x00000000c001fdf5                KeCalculateCRC32(unsigned char*, int)
 .text          0x00000000c001fe20      0x5bf krnl/env.32
                0x00000000c001fe20                EnvVarContainer::getEnv(char const*)
                0x00000000c001fe5e                EnvVarContainer::setEnv(char const*, char const*)
                0x00000000c001ff20                EnvVarContainer::deleteEnv(char const*)
                0x00000000c001ff22                EnvVarContainer::loadFrom(char const*, char const*)
                0x00000000c0020146                EnvVarContainer::__loadSystem()
                0x00000000c0020160                EnvVarContainer::__loadUser()
                0x00000000c0020162                EnvVarContainer::EnvVarContainer(Process*)
                0x00000000c0020162                EnvVarContainer::EnvVarContainer(Process*)
                0x00000000c0020184                EnvVarContainer::~EnvVarContainer()
                0x00000000c0020184                EnvVarContainer::~EnvVarContainer()
                0x00000000c00201b4                KeGetEnv(Process*, char const*)
                0x00000000c0020219                KeSetEnvSystem(char const*, char const*)
                0x00000000c0020233                KeSetEnvUser(char const*, char const*)
                0x00000000c0020252                KeSetEnvProcess(Process*, char const*, char const*)
                0x00000000c0020265                KeDeleteEnvSystem(char const*)
                0x00000000c0020266                KeDeleteEnvUser(char const*)
                0x00000000c0020267                KeDeleteEnvProcess(Process*, char const*)
                0x00000000c0020268                KeNewProcessEnv(Process*)
                0x00000000c002028a                KeCopyProcessEnv(Process*, Process*)
                0x00000000c00202d6                KeLoadSystemEnv()
                0x00000000c0020304                KeLoadUserEnv()
                0x00000000c002032a                KeFlushEnv()
                0x00000000c002032b                KeGetProcessTotalEnvCount(Process*)
                0x00000000c002034b                KeGetProcessEnvPair(Process*, int)
 .text          0x00000000c00203df       0x94 krnl/inlines.32
                0x00000000c00203df                CPU::current()
                0x00000000c00203eb                operator new(unsigned long)
                0x00000000c00203f0                operator delete(void*)
                0x00000000c00203f5                disableIRQs()
                0x00000000c00203f7                enableIRQs()
                0x00000000c00203f9                lockScheduler()
                0x00000000c0020401                unlockScheduler()
                0x00000000c0020410                lockStuff()
                0x00000000c002041e                unlockStuff()
                0x00000000c0020458                Virt::getAKernelVAS()
                0x00000000c002045e                __not_memcpy
 *fill*         0x00000000c0020473        0x1 
 .text          0x00000000c0020474      0x1e3 krnl/mailbox.32
                0x00000000c0020474                KeMailboxTryPost(Mailbox*, void*)
                0x00000000c00204d8                KeMailboxTryGet(Mailbox*, void**)
                0x00000000c002053c                KeMailboxCreate()
                0x00000000c0020570                KeMailboxPost(Mailbox*, void*)
                0x00000000c00205d8                KeMailboxGet(Mailbox*, void**)
                0x00000000c0020640                KeMailboxDestroy(Mailbox*)
 *fill*         0x00000000c0020657        0x1 
 .text          0x00000000c0020658       0x1a krnl/mutex.32
                0x00000000c0020658                Mutex::Mutex()
                0x00000000c0020658                Mutex::Mutex()
 .text          0x00000000c0020672        0xc krnl/panic.32
                0x00000000c0020672                KePanic(char const*)
 .text          0x00000000c002067e      0x142 krnl/powctrl.32
                0x00000000c002067e                KePowerThread(void*)
                0x00000000c00206ac                KeChangePowerSettings(PowerSettings)
                0x00000000c00206c2                KeUserIOReceived()
                0x00000000c00206cd                KeHandlePowerButton()
                0x00000000c0020702                KeHandleSleepButton()
                0x00000000c0020737                KeSetupPowerManager()
 .text          0x00000000c00207c0       0x9d krnl/random.32
                0x00000000c00207c0                KeRand()
                0x00000000c0020802                KeSeedRand(unsigned int)
                0x00000000c002082b                KeInitRand()
 *fill*         0x00000000c002085d        0x3 
 .text          0x00000000c0020860      0x1bc krnl/resolve.32
                0x00000000c0020860                KeResolveCompatibilitySymbol(char*)
 .text          0x00000000c0020a1c      0x415 krnl/semaphore.32
                0x00000000c0020a1c                Semaphore::Semaphore(int)
                0x00000000c0020a1c                Semaphore::Semaphore(int)
                0x00000000c0020a4c                Semaphore::tryAcquire()
                0x00000000c0020b28                Semaphore::assertLocked(char const*)
                0x00000000c0020bb8                Semaphore::acquire(int)
                0x00000000c0020d60                Semaphore::acquire()
                0x00000000c0020d7c                Semaphore::release()
 .text          0x00000000c0020e31      0x322 krnl/signal.32
                0x00000000c0020e31                KiSigKill(int)
                0x00000000c0020e45                KiDefaultSignalHandlerIgnore(int)
                0x00000000c0020e46                KiDefaultSignalHandlerPause(int)
                0x00000000c0020e72                KiDefaultSignalHandlerResume(int)
                0x00000000c0020e9e                KeDeinitSignals(SigHandlerBlock*)
                0x00000000c0020ea3                KeInitSignals()
                0x00000000c0020ef5                KeRegisterSignalHandler(SigHandlerBlock*, int, void (*)(int), unsigned int, int)
                0x00000000c0020f2b                KeRaiseSignal(SigHandlerBlock*, int)
                0x00000000c0020fa8                KeCheckSignal(SigHandlerBlock*, int*)
                0x00000000c002109f                KiCheckSignalZ
                0x00000000c00210e1                KeCompleteSignal(SigHandlerBlock*, int)
                0x00000000c002111c                KiFinishSignalZ
 .text          0x00000000c0021153      0xe10 krnl/syscalls.32
                0x00000000c0021153                SysSeekDir(regs*)
                0x00000000c0021158                SysTellDir(regs*)
                0x00000000c002115d                SysVerify(regs*)
                0x00000000c0021167                SysGetArgc(regs*)
                0x00000000c002117b                SysTTYName(regs*)
                0x00000000c0021183                SysFormatDisk(regs*)
                0x00000000c00211fa                SysSetDiskVolumeLabel(regs*)
                0x00000000c002124e                SysGetDiskVolumeLabel(regs*)
                0x00000000c00212a7                SysShutdown(regs*)
                0x00000000c0021305                SysRealpath(regs*)
                0x00000000c0021349                SysReadDir(regs*)
                0x00000000c00213c9                SysIsATTY(regs*)
                0x00000000c0021423                SysSeek(regs*)
                0x00000000c002147a                SysTell(regs*)
                0x00000000c00214e7                SysSize(regs*)
                0x00000000c002155a                SysSizeFromFilename(regs*)
                0x00000000c002168b                SysSizeFromFilenameNoSymlink(regs*)
                0x00000000c00217bc                SysClose(regs*)
                0x00000000c002181c                SysOpenDir(regs*)
                0x00000000c0021899                SysMakeDir(regs*)
                0x00000000c0021907                SysCloseDir(regs*)
                0x00000000c002195b                SysWait(regs*)
                0x00000000c002197c                SysNotImpl(regs*)
                0x00000000c0021997                SysPanic(regs*)
                0x00000000c00219b2                SysRmdir(regs*)
                0x00000000c0021a17                SysUnlink(regs*)
                0x00000000c0021a7c                SysGetArgv(regs*)
                0x00000000c0021ac9                SysUSleep(regs*)
                0x00000000c0021af2                SysSpawn(regs*)
                0x00000000c0021b65                SysGetEnv(regs*)
                0x00000000c0021c16                SysSetFatAttrib(regs*)
                0x00000000c0021c89                SysPipe(regs*)
                0x00000000c0021cce                SysGetUnixTime(regs*)
                0x00000000c0021ce2                string_ends_with(char const*, char const*)
                0x00000000c0021d2a                SysOpen(regs*)
                0x00000000c0021f21                KeSystemCall(regs*, void*)
 *fill*         0x00000000c0021f63        0x1 
 .text          0x00000000c0021f64      0x159 net/ethernet.32
                0x00000000c0021f64                KeSwitchEndian16(unsigned short)
                0x00000000c0021f88                KeSwitchEndian32(unsigned int)
                0x00000000c0021fb8                EthernetCRC32(unsigned char*, int)
                0x00000000c002205c                EthernetReceivedPacket(EthernetUnwrappedFrame*, unsigned short)
 *fill*         0x00000000c00220bd        0x3 
 .text          0x00000000c00220c0       0xf4 net/netosl.32
                0x00000000c00220c0                KeNetCreateSemaphore
                0x00000000c0022104                KeNetFreeSemaphore
                0x00000000c0022120                KeNetSignalSemaphore
                0x00000000c002213c                KeNetWaitSemaphore
                0x00000000c002215c                KeNetCreateThread
                0x00000000c0022180                KeCPanic
                0x00000000c0022198                KeCPuts
 .text          0x00000000c00221b4      0xd56 reg/cm.32
                0x00000000c00221b4                CmOpen(char const*)
                0x00000000c00222d2                CmClose(Reghive_Tag*)
                0x00000000c00222e8                CmReadExtent(Reghive_Tag*, int, unsigned char*)
                0x00000000c0022324                CmGetString(Reghive_Tag*, int, char*)
                0x00000000c002239b                CmEnterDirectory(Reghive_Tag*, int)
                0x00000000c00223da                CmGetNext(Reghive_Tag*, int)
                0x00000000c002240c                CmWriteExtent(Reghive_Tag*, int, unsigned char*)
                0x00000000c0022448                CmFreeExtent(Reghive_Tag*, int)
                0x00000000c0022470                CmUpdateHeader(Reghive_Tag*)
                0x00000000c0022491                CmExpand(Reghive_Tag*, int)
                0x00000000c002250c                CmFindUnusedExtent(Reghive_Tag*)
                0x00000000c0022592                CmCreateExtent(Reghive_Tag*, int, int, unsigned char*)
                0x00000000c0022686                CmSetString(Reghive_Tag*, int, char const*)
                0x00000000c00227c2                CmGetMatch(char*, char*, bool, bool*)
                0x00000000c0022823                CmAddShift(unsigned int*, int*, unsigned char, int)
                0x00000000c0022853                CmGetShift(unsigned int*, int*, int, bool*)
                0x00000000c002288a                CmGetInteger(Reghive_Tag*, int, unsigned long long*)
                0x00000000c00228b4                CmSetInteger(Reghive_Tag*, int, unsigned long long)
                0x00000000c00228f4                CmConvertFromInternalFilename(unsigned char const*, char*)
                0x00000000c0022998                CmGetNameAndTypeFromExtent(Reghive_Tag*, int, char*)
                0x00000000c00229c6                CmConvertToInternalFilename(char const*, unsigned char*)
                0x00000000c0022b64                CmCreateString(Reghive_Tag*, int, char const*)
                0x00000000c0022bb1                CmFindInDirectory(Reghive_Tag*, int, char const*)
                0x00000000c0022c2b                CmCreateInteger(Reghive_Tag*, int, char const*, unsigned long long, int)
                0x00000000c0022c7e                CmCreateDirectory(Reghive_Tag*, int, char const*)
                0x00000000c0022d42                zStrtok(char*, char const*)
                0x00000000c0022db4                CmFindObjectFromPath(Reghive_Tag*, char const*)
                0x00000000c0022e35                CmDisplayTree(Reghive_Tag*, int, int)
                0x00000000c0022ed8                CmSplitFinalSlashInPlace(char*)
 .text          0x00000000c0022f0a      0x52a reg/registry.32
                0x00000000c0022f0a                Reg::findLineFromLoadedData(char*, char*, char*)
                0x00000000c002307b                Reg::getLineFromRegistry(char*, char*, char*, char*)
                0x00000000c00231d0                Reg::getLine(char*, char*, char*)
                0x00000000c0023207                Reg::readInt(char*, char*, int*)
                0x00000000c00232f5                Reg::readString(char*, char*, char*, int)
                0x00000000c0023376                Reg::readBool(char*, char*, bool*)
                0x00000000c002339b                Reg::readBoolWithDefault(char*, char*, bool)
                0x00000000c00233c7                Reg::readIntWithDefault(char*, char*, int)
                0x00000000c00233f3                Reg::readStringWithDefault(char*, char*, char*, int, char*)
 .text          0x00000000c0023434       0x36 sys/eject.32
                0x00000000c0023434                SysEject(regs*)
 .text          0x00000000c002346a       0x18 sys/exit.32
                0x00000000c002346a                SysExit(regs*)
 .text          0x00000000c0023482       0x1f sys/getcwd.32
                0x00000000c0023482                SysGetCwd(regs*)
 .text          0x00000000c00234a1        0xc sys/getpid.32
                0x00000000c00234a1                SysGetPID(regs*)
 .text          0x00000000c00234ad       0x1a sys/getramdata.32
                0x00000000c00234ad                SysGetRAMData(regs*)
 .text          0x00000000c00234c7       0x82 sys/getvgaptr.32
                0x00000000c00234c7                SysGetVGAPtr(regs*)
 *fill*         0x00000000c0023549        0x3 
 .text          0x00000000c002354c       0xb9 sys/kill.32
                0x00000000c002354c                SysKill(regs*)
 .text          0x00000000c0023605       0xa8 sys/loaddll.32
                0x00000000c0023605                SysLoadDLL(regs*)
 .text          0x00000000c00236ad       0x68 sys/read.32
                0x00000000c00236ad                SysRead(regs*)
 .text          0x00000000c0023715       0x29 sys/registersignal.32
                0x00000000c0023715                SysRegisterSignal(regs*)
 .text          0x00000000c002373e      0x19c sys/registry.32
                0x00000000c002373e                SysRegistryGetTypeFromPath(regs*)
                0x00000000c00237b5                SysRegistryReadExtent(regs*)
                0x00000000c00237fd                SysRegistryPathToExtentLookup(regs*)
                0x00000000c0023825                SysRegistryEnterDirectory(regs*)
                0x00000000c002384d                SysRegistryGetNext(regs*)
                0x00000000c0023875                SysRegistryGetNameAndTypeFromExtent(regs*)
                0x00000000c00238af                SysRegistryOpen(regs*)
                0x00000000c00238c3                SysRegistryClose(regs*)
 .text          0x00000000c00238da       0x55 sys/sbrk.32
                0x00000000c00238da                SysSbrk(regs*)
 .text          0x00000000c002392f       0x1c sys/setcwd.32
                0x00000000c002392f                SysSetCwd(regs*)
 .text          0x00000000c002394b       0x96 sys/settime.32
                0x00000000c002394b                SysSetTime(regs*)
 .text          0x00000000c00239e1       0x73 sys/symlink.32
                0x00000000c00239e1                SysSymlink(regs*)
 .text          0x00000000c0023a54       0x3f sys/timezone.32
                0x00000000c0023a54                SysTimezone(regs*)
 .text          0x00000000c0023a93       0xfc sys/truncate.32
                0x00000000c0023a93                SysTruncate(regs*)
 .text          0x00000000c0023b8f       0x68 sys/write.32
                0x00000000c0023b8f                SysWrite(regs*)
 .text          0x00000000c0023bf7       0x62 sys/wsbe.32
                0x00000000c0023bf7                SysWsbe(regs*)
 .text          0x00000000c0023c59       0x25 sys/yield.32
                0x00000000c0023c59                SysYield(regs*)
 .text          0x00000000c0023c7e     0x1207 thr/elf.32
                0x00000000c0023c7e                Thr::allocateMemoryForTask(Process*, File*, unsigned long, unsigned long, unsigned long)
                0x00000000c0023f0c                Thr::loadProgramIntoMemory(Process*, char const*)
                0x00000000c002411e                Thr::runtimeReferenceHelper()
                0x00000000c0024131                Thr::getAddressOfKernelSymbol(char const*)
                0x00000000c0024180                Thr::loadKernelSymbolTable(char const*)
                0x00000000c002443e                Thr::loadDriverIntoMemory(char const*, unsigned long, bool)
                0x00000000c0024b77                Thr::getDriverBaseFromAddress(unsigned long)
                0x00000000c0024ba9                Thr::getDriverNameFromAddress(unsigned long)
                0x00000000c0024be0                Thr::getDriverOffsetFromAddress(unsigned long)
                0x00000000c0024bfa                Thr::loadDLL(char const*, bool)
                0x00000000c0024e4c                Thr::executeDLL(unsigned long, void*)
 .text          0x00000000c0024e85       0x5a thr/exec.32
                0x00000000c0024e85                KeProcessExec(Process*, char const*)
 *fill*         0x00000000c0024edf        0x1 
 .text          0x00000000c0024ee0     0x1131 thr/prcssthr.32
                0x00000000c0024ee0                userModeEntryPoint(void*)
                0x00000000c0024f08                changeTSS
                0x00000000c0024f38                switchToThread(ThreadControlBlock*)
                0x00000000c0024fe8                Process::addArgs(char**)
                0x00000000c0025054                Process::Process(char const*, Process*, char**)
                0x00000000c0025054                Process::Process(char const*, Process*, char**)
                0x00000000c0025260                Process::Process(bool, char const*, Process*, char**)
                0x00000000c0025260                Process::Process(bool, char const*, Process*, char**)
                0x00000000c0025434                taskStartupFunction
                0x00000000c0025440                KeDisablePreemption()
                0x00000000c0025468                KeRestorePreemption()
                0x00000000c0025488                Process::createThread(void (*)(void*), void*, int)
                0x00000000c0025594                Process::createUserThread()
                0x00000000c00255b4                setupMultitasking(void (*)())
                0x00000000c00256d8                schedule()
                0x00000000c002576c                blockTaskWithSchedulerLockAlreadyHeld(TaskState)
                0x00000000c0025794                blockTask(TaskState)
                0x00000000c00257cc                waitTask(int, int*, int)
                0x00000000c0025810                milliTenthSleepUntil(unsigned int)
                0x00000000c00258b0                milliTenthSleep(unsigned int)
                0x00000000c00258c4                sleep(unsigned int)
                0x00000000c00258e0                taskReturned
                0x00000000c0025924                Thr::processFromPID(int)
                0x00000000c00259d0                unblockTask(ThreadControlBlock*)
                0x00000000c0025a7c                cleanupTerminatedTask(ThreadControlBlock*)
                0x00000000c0025d50                cleanerTaskFunction(void*)
                0x00000000c0025e58                terminateTask(int)
                0x00000000c0025f44                Thr::terminateFromIRQ(int)
 .text          0x00000000c0026011      0xd00 vm86/vm8086.32
                0x00000000c0026011                Vm::inbv(unsigned short)
                0x00000000c0026024                Vm::outbv(unsigned short, unsigned char)
                0x00000000c002605a                Vm::realToLinear(unsigned short, unsigned short)
                0x00000000c002606a                Vm::getSegment(unsigned int)
                0x00000000c0026072                Vm::getOffset(unsigned int)
                0x00000000c0026077                Vm::mainloop2()
                0x00000000c00260b1                Vm::mainVm8086Loop(void*)
                0x00000000c00260c1                Vm::mainloop3(unsigned long)
                0x00000000c00260e7                Vm::initialise8086()
                0x00000000c002612a                Vm::resetConventionalMemory8086()
                0x00000000c002612b                Vm::finish8086()
                0x00000000c002618c                Vm::getOutput8086(unsigned char*)
                0x00000000c00261b1                Vm::start8086FromBuffer(unsigned char*, int, unsigned short, unsigned short, unsigned short, unsigned short)
                0x00000000c00262d8                Vm::start8086(char const*, unsigned short, unsigned short, unsigned short, unsigned short)
                0x00000000c00264e0                Vm::doISR(regs*, int, unsigned char*, unsigned short, unsigned short)
                0x00000000c0026579                Vm::readByteFromReal(unsigned short, unsigned short)
                0x00000000c002658a                Vm::readWordFromReal(unsigned short, unsigned short)
                0x00000000c002659c                Vm::readDwordFromReal(unsigned short, unsigned short)
                0x00000000c00265ad                Vm::writeByteFromReal(unsigned short, unsigned short, unsigned char)
                0x00000000c00265c2                Vm::writeWordFromReal(unsigned short, unsigned short, unsigned short)
                0x00000000c00265d8                Vm::writeDwordFromReal(unsigned short, unsigned short, unsigned int)
                0x00000000c00265ed                Vm::faultHandler(regs*)
 .text          0x00000000c0026d11      0xacb arch/i386/hal.32
                0x00000000c0026d11                noCopro(unsigned long)
                0x00000000c0026d12                nmiHandler(regs*, void*)
                0x00000000c0026d2b                doubleFault(regs*, void*)
                0x00000000c0026d44                displayDebugInfo(regs*)
                0x00000000c00270c9                HalSystemIdle()
                0x00000000c0027145                displayProgramFault(char const*)
                0x00000000c0027191                gpFault(regs*, void*)
                0x00000000c00271f8                pgFault(regs*, void*)
                0x00000000c0027281                otherISRHandler(regs*, void*)
                0x00000000c00272b5                opcodeFault(regs*, void*)
                0x00000000c0027338                i386SaveCoprocessor(void*)
                0x00000000c002734c                i386LoadCoprocessor(void*)
                0x00000000c0027360                x87EmulHandler(regs*, void*)
                0x00000000c00273fd                HalInitialiseCoprocessor()
                0x00000000c0027486                HalPanic(char const*)
                0x00000000c002759a                HalQueryPerformanceCounter()
                0x00000000c00275b5                HalInitialise()
                0x00000000c002776b                HalMakeBeep(int)
                0x00000000c00277a5                HalGetRand()
                0x00000000c00277a8                HalEndOfInterrupt(int)
                0x00000000c00277d9                HalRestart()
                0x00000000c00277da                HalShutdown()
                0x00000000c00277db                HalSleep()
 .text          0x00000000c00277dc      0x2dc arch/i386/pic.32
                0x00000000c00277dc                picIoWait()
                0x00000000c00277e4                picDisable()
                0x00000000c0027818                picGetIRQReg(int)
                0x00000000c0027894                picOpen()
                0x00000000c0027a18                picEOI(int)
 .text          0x00000000c0027ab8      0x674 arch/i386/rtc.32
                0x00000000c0027ab8                RTC::open(int, int, void*)
                0x00000000c0027abc                RTC::close(int, int, void*)
                0x00000000c0027ac0                RTC::timeInSecondsUTC()
                0x00000000c0027ad2                RTC::timeInDatetimeUTC()
                0x00000000c0027af8                RTC::setTimeInSecondsUTC(unsigned long long)
                0x00000000c0027b36                RTC::~RTC()
                0x00000000c0027b36                RTC::~RTC()
                0x00000000c0027b5a                RTC::~RTC()
                0x00000000c0027b84                RTC::get_update_in_progress_flag()
                0x00000000c0027b9e                RTC::completeRTCRefresh()
                0x00000000c0027e7e                RTC::setTimeInDatetimeUTC(datetime_t)
                0x00000000c002802c                rtcIRQHandler(regs*, void*)
                0x00000000c0028072                RTC::RTC()
                0x00000000c0028072                RTC::RTC()
 .text          0x00000000c002812c      0x1f4 arch/i386/vga.32
                0x00000000c002812c                HalConsoleScroll(int, int)
                0x00000000c0028234                HalConsoleWriteCharacter(char, int, int, int, int)
                0x00000000c0028298                HalConsoleCursorUpdate(int, int)
 .text          0x00000000c0028320     0x14cf fs/fat/vfslink.32
                0x00000000c0028320                FAT::getName()
                0x00000000c0028328                FAT::tell(void*, unsigned long long*)
                0x00000000c0028364                FAT::stat(void*, unsigned long long*)
                0x00000000c00283a0                FAT::~FAT()
                0x00000000c00283a0                FAT::~FAT()
                0x00000000c00283c4                FAT::~FAT()
                0x00000000c00283ec                FAT::getlabel(LogicalDisk*, int, char*, unsigned int*)
                0x00000000c0028490                FAT::setlabel(LogicalDisk*, int, char*)
                0x00000000c0028554                FAT::format(LogicalDisk*, int, char const*, int)
                0x00000000c0028738                FAT::tryMount(LogicalDisk*, int)
                0x00000000c0028954                FAT::allocateSwapfile(char const*, int)
                0x00000000c0028b14                FAT::readDir(void*, unsigned long, void*, int*)
                0x00000000c0028c84                FAT::read(void*, unsigned long, void*, int*)
                0x00000000c0028ce4                FAT::write(void*, unsigned long, void*, int*)
                0x00000000c0028d44                FAT::close(void*)
                0x00000000c0028d98                FAT::closeDir(void*)
                0x00000000c0028dec                FAT::truncate(void*, unsigned long long)
                0x00000000c0028e58                FAT::seek(void*, unsigned long long)
                0x00000000c0028eb0                fatWrapperReadDisk
                0x00000000c0028ef0                fatWrapperWriteDisk
                0x00000000c0028f30                fatWrapperIoctl
                0x00000000c002904c                FAT::FAT()
                0x00000000c002904c                FAT::FAT()
                0x00000000c00290a4                FAT::fixFilepath(char*)
                0x00000000c00290e4                FAT::open(char const*, void**, FileOpenMode)
                0x00000000c0029258                FAT::openDir(char const*, void**)
                0x00000000c0029308                FAT::stat(char const*, unsigned long long*, bool*)
                0x00000000c0029400                FAT::unlink(char const*)
                0x00000000c0029480                FAT::chfatattr(char const*, unsigned char, unsigned char)
                0x00000000c0029634                FAT::rename(char const*, char const*)
                0x00000000c0029700                FAT::mkdir(char const*)
                0x00000000c0029780                FAT::exists(char const*)
 *fill*         0x00000000c00297ef        0x1 
 .text          0x00000000c00297f0       0x94 fs/iso9660/helper.32
                0x00000000c00297f0                isoReadDiscSectorHelper
                0x00000000c002984c                iso_kprintf
                0x00000000c0029868                iso_kprintfd
 .text          0x00000000c0029884      0x71c fs/iso9660/vfslink.32
                0x00000000c0029884                ISO9660::format(LogicalDisk*, int, char const*, int)
                0x00000000c002988a                ISO9660::truncate(void*, unsigned long long)
                0x00000000c0029890                ISO9660::getName()
                0x00000000c0029896                ISO9660::closeDir(void*)
                0x00000000c00298a0                ISO9660::chfatattr(char const*, unsigned char, unsigned char)
                0x00000000c00298a6                ISO9660::unlink(char const*)
                0x00000000c00298ac                ISO9660::write(void*, unsigned long, void*, int*)
                0x00000000c00298b2                ISO9660::rename(char const*, char const*)
                0x00000000c00298b8                ISO9660::mkdir(char const*)
                0x00000000c00298be                ISO9660::~ISO9660()
                0x00000000c00298be                ISO9660::~ISO9660()
                0x00000000c00298e2                ISO9660::~ISO9660()
                0x00000000c002990a                ISO9660::exists(char const*)
                0x00000000c002991e                ISO9660::open(char const*, void**, FileOpenMode)
                0x00000000c0029a04                ISO9660::read(void*, unsigned long, void*, int*)