Archive member included to satisfy reference by file (symbol)

/cygdrive/d/Users/Alex/Desktop/Toolchain/Output/bin/../lib/gcc/i386-banana/8.1.0/libkgcc.a(_divdi3.o)
                              krnl/resolve.32 (__divdi3)
/cygdrive/d/Users/Alex/Desktop/Toolchain/Output/bin/../lib/gcc/i386-banana/8.1.0/libkgcc.a(_moddi3.o)
                              krnl/resolve.32 (__moddi3)
/cygdrive/d/Users/Alex/Desktop/Toolchain/Output/bin/../lib/gcc/i386-banana/8.1.0/libkgcc.a(_udivdi3.o)
                              hal/clock.32 (__udivdi3)
/cygdrive/d/Users/Alex/Desktop/Toolchain/Output/bin/../lib/gcc/i386-banana/8.1.0/libkgcc.a(_umoddi3.o)
                              core/pipe.32 (__umoddi3)

Allocating common symbols
Common symbol       size              file

dcache              0x40              fs/iso9660/iso9660.32
cdDriveLetter       0x1               fs/iso9660/iso9660.32
icache              0x40              fs/iso9660/iso9660.32

Discarded input sections

 .comment       0x0000000000000000       0x12 /cygdrive/d/Users/Alex/Desktop/Toolchain/Output/bin/../lib/gcc/i386-banana/8.1.0/crtbegin.o
 .comment       0x0000000000000000       0x12 acpica/utclib.32
 .comment       0x0000000000000000       0x12 core/malloc.32
 .comment       0x0000000000000000       0x12 libk/ctype.32
 .comment       0x0000000000000000       0x12 libk/string.32
 .comment       0x0000000000000000       0x12 fs/fat/diskio.32
 .comment       0x0000000000000000       0x12 fs/fat/ff.32
 .comment       0x0000000000000000       0x12 fs/fat/ffsystem.32
 .comment       0x0000000000000000       0x12 fs/fat/ffunicode.32
 .comment       0x0000000000000000       0x12 fs/iso9660/iso9660.32
 .group         0x0000000000000000       0x14 core/computer.32
 .group         0x0000000000000000        0xc core/computer.32
 .comment       0x0000000000000000       0x12 core/computer.32
 .comment       0x0000000000000000       0x12 core/gdt.32
 .group         0x0000000000000000        0xc core/idle.32
 .comment       0x0000000000000000       0x12 core/idle.32
 .comment       0x0000000000000000       0x12 core/idt.32
 .comment       0x0000000000000000       0x12 core/kheap.32
 .comment       0x0000000000000000       0x12 core/main.32
 .comment       0x0000000000000000       0x12 core/physmgr.32
 .group         0x0000000000000000        0xc core/pipe.32
 .comment       0x0000000000000000       0x12 core/pipe.32
 .group         0x0000000000000000        0xc core/terminal.32
 .comment       0x0000000000000000       0x12 core/terminal.32
 .comment       0x0000000000000000       0x12 core/tss.32
 .group         0x0000000000000000        0xc core/unixfile.32
 .group         0x0000000000000000        0xc core/unixfile.32
 .group         0x0000000000000000        0xc core/unixfile.32
 .group         0x0000000000000000        0xc core/unixfile.32
 .group         0x0000000000000000        0xc core/unixfile.32
 .group         0x0000000000000000        0xc core/unixfile.32
 .group         0x0000000000000000        0xc core/unixfile.32
 .group         0x0000000000000000        0xc core/unixfile.32
 .comment       0x0000000000000000       0x12 core/unixfile.32
 .comment       0x0000000000000000       0x12 core/virtmgr.32
 .comment       0x0000000000000000       0x12 coreobjs/c++.32
 .comment       0x0000000000000000       0x12 dbg/kconsole.32
 .comment       0x0000000000000000       0x12 dbg/usban.32
 .group         0x0000000000000000        0xc fs/vfs.32
 .group         0x0000000000000000        0xc fs/vfs.32
 .group         0x0000000000000000        0xc fs/vfs.32
 .comment       0x0000000000000000       0x12 fs/vfs.32
 .group         0x0000000000000000        0xc hal/bus.32
 .comment       0x0000000000000000       0x12 hal/bus.32
 .comment       0x0000000000000000       0x12 hal/buzzer.32
 .group         0x0000000000000000        0xc hal/clock.32
 .comment       0x0000000000000000       0x12 hal/clock.32
 .group         0x0000000000000000       0x14 hal/device.32
 .group         0x0000000000000000        0xc hal/device.32
 .group         0x0000000000000000        0xc hal/device.32
 .group         0x0000000000000000        0xc hal/device.32
 .group         0x0000000000000000        0xc hal/device.32
 .comment       0x0000000000000000       0x12 hal/device.32
 .group         0x0000000000000000        0xc hal/diskctrl.32
 .comment       0x0000000000000000       0x12 hal/diskctrl.32
 .group         0x0000000000000000        0xc hal/diskphys.32
 .comment       0x0000000000000000       0x12 hal/diskphys.32
 .comment       0x0000000000000000       0x12 hal/fpu.32
 .comment       0x0000000000000000       0x12 hal/intctrl.32
 .group         0x0000000000000000        0xc hal/keybrd.32
 .comment       0x0000000000000000       0x12 hal/keybrd.32
 .group         0x0000000000000000        0xc hal/logidisk.32
 .comment       0x0000000000000000       0x12 hal/logidisk.32
 .group         0x0000000000000000        0xc hal/mouse.32
[...]
Memory Configuration

Name             Origin             Length             Attributes
*default*        0x0000000000000000 0xffffffffffffffff

Linker script and memory map

LOAD D:/Users/Alex/Desktop/Banana/kernel/boot.32
LOAD crti.32
LOAD /cygdrive/d/Users/Alex/Desktop/Toolchain/Output/bin/../lib/gcc/i386-banana/8.1.0/crtbegin.o
LOAD D:/Users/Alex/Desktop/Banana/kernel/morenasm.32
LOAD acpica/utclib.32
LOAD core/malloc.32
LOAD libk/ctype.32
LOAD libk/string.32
LOAD fs/fat/diskio.32
LOAD fs/fat/ff.32
LOAD fs/fat/ffsystem.32
LOAD fs/fat/ffunicode.32
LOAD fs/iso9660/iso9660.32
LOAD core/computer.32
LOAD core/gdt.32
LOAD core/idle.32
LOAD core/idt.32
LOAD core/kheap.32
LOAD core/main.32
LOAD core/physmgr.32
LOAD core/pipe.32
LOAD core/terminal.32
LOAD core/tss.32
LOAD core/unixfile.32
LOAD core/virtmgr.32
LOAD coreobjs/c++.32
LOAD dbg/kconsole.32
LOAD dbg/usban.32
LOAD fs/vfs.32
LOAD hal/bus.32
LOAD hal/buzzer.32
LOAD hal/clock.32
LOAD hal/device.32
LOAD hal/diskctrl.32
LOAD hal/diskphys.32
LOAD hal/fpu.32
LOAD hal/intctrl.32
LOAD hal/keybrd.32
LOAD hal/logidisk.32
LOAD hal/mouse.32
LOAD hal/nic.32
LOAD hal/partition.32
LOAD hal/serial.32
LOAD hal/timer.32
LOAD hal/vcache.32
LOAD hal/video.32
LOAD hw/acpi.32
LOAD hw/cpu.32
LOAD krnl/bootmsg.32
LOAD krnl/env.32
LOAD krnl/inlines.32
LOAD krnl/panic.32
LOAD krnl/powctrl.32
LOAD krnl/random.32
LOAD krnl/resolve.32
LOAD krnl/signal.32
LOAD krnl/syscalls.32
LOAD net/ethernet.32
LOAD reg/cm.32
LOAD reg/registry.32
LOAD sys/eject.32
LOAD sys/exit.32
LOAD sys/getcwd.32
LOAD sys/getpid.32
LOAD sys/getramdata.32
LOAD sys/getvgaptr.32
LOAD sys/kill.32
LOAD sys/loaddll.32
LOAD sys/read.32
LOAD sys/registersignal.32
LOAD sys/registry.32
LOAD sys/sbrk.32
LOAD sys/setcwd.32
LOAD sys/settime.32
LOAD sys/timezone.32
LOAD sys/write.32
LOAD sys/wsbe.32
LOAD sys/yield.32
LOAD thr/elf.32
LOAD thr/prcssthr.32
LOAD vm86/vm8086.32
LOAD arch/i386/hal.32
LOAD arch/i386/pic.32
LOAD arch/i386/rtc.32
LOAD arch/i386/vga.32
LOAD fs/fat/vfslink.32
LOAD fs/iso9660/helper.32
LOAD fs/iso9660/vfslink.32
LOAD hal/sound/sndcard.32
LOAD hal/sound/sndport.32
LOAD hw/bus/isa.32
LOAD hw/bus/pci.32
LOAD hw/diskctrl/ide.32
LOAD hw/diskctrl/satabus.32
LOAD hw/diskphys/ata.32
LOAD hw/diskphys/atapi.32
LOAD hw/diskphys/sata.32
LOAD hw/diskphys/satapi.32
LOAD hw/intctrl/apic.32
LOAD hw/timer/apictimer.32
LOAD hw/timer/pit.32
LOAD arch/i386/avx.32
LOAD arch/i386/interrupt.32
LOAD arch/i386/rdrand.32
LOAD arch/i386/sse.32
LOAD arch/i386/x87.32
LOAD /cygdrive/d/Users/Alex/Desktop/Toolchain/Output/bin/../lib/gcc/i386-banana/8.1.0/crtend.o
LOAD crtn.32
LOAD /cygdrive/d/Users/Alex/Desktop/Toolchain/Output/bin/../lib/gcc/i386-banana/8.1.0/libkgcc.a
LOAD D:/Users/Alex/Desktop/Banana/kernel/libsoftfp.a
LOAD D:/Users/Alex/Desktop/Banana/kernel/libk/libm32.a
                0x00000000c0000000                . = 0xc0000000

.text           0x00000000c0000000    0x709ea
 *(.text)
 .text          0x00000000c0000000       0x20 D:/Users/Alex/Desktop/Banana/kernel/boot.32
 .text          0x00000000c0000020        0x0 crti.32
 .text          0x00000000c0000020      0x101 /cygdrive/d/Users/Alex/Desktop/Toolchain/Output/bin/../lib/gcc/i386-banana/8.1.0/crtbegin.o
 *fill*         0x00000000c0000121        0xf 
 .text          0x00000000c0000130      0x24f D:/Users/Alex/Desktop/Banana/kernel/morenasm.32
                0x00000000c0000130                manualPCIProbe
                0x00000000c000017b                prepareTramp
                0x00000000c0000194                doTPAUSE
                0x00000000c000019e                hasLegacyFPU
                0x00000000c00001c3                is486
                0x00000000c00001f9                detectCPUID
                0x00000000c000020f                goToVM86
                0x00000000c000023f                goToUsermode
                0x00000000c0000269                switchToThreadASMFirstTime
                0x00000000c0000277                switchToThreadASM
                0x00000000c00002fc                asmQuickAcquireLock
                0x00000000c000031a                asmQuickReleaseLock
                0x00000000c0000326                asmAcquireLock
                0x00000000c0000347                asmReleaseLock
                0x00000000c000035a                loadGDT
                0x00000000c000037a                memcpy
 *fill*         0x00000000c000037f        0x1 
 .text          0x00000000c0000380     0x1d37 acpica/utclib.32
                0x00000000c0000380                memcmp
                0x00000000c0000520                memmove
                0x00000000c00007a0                memset
                0x00000000c0000830                strlen
                0x00000000c00008d0                strpbrk
                0x00000000c0000a50                strtok
                0x00000000c0000b70                strcpy
                0x00000000c0000cb0                strncpy
                0x00000000c0000ff0                strcmp
                0x00000000c0001190                strchr
                0x00000000c0001240                strncmp
                0x00000000c0001430                strcat
                0x00000000c0001590                strncat
                0x00000000c0001770                strstr
                0x00000000c0001800                toupper
                0x00000000c0001890                tolower
                0x00000000c0001920                simple_strtoul
 .text          0x00000000c00020b7     0x4f41 core/malloc.32
                0x00000000c0002bae                dlfree
                0x00000000c0003b72                dlmalloc
                0x00000000c00056d7                dlrealloc
                0x00000000c0006202                dlmemalign
                0x00000000c00066d2                dlcalloc
                0x00000000c00069c0                dlcfree
                0x00000000c00069c5                dlindependent_calloc
                0x00000000c00069ea                dlindependent_comalloc
                0x00000000c0006a01                dlvalloc
                0x00000000c0006a2c                dlpvalloc
                0x00000000c0006a62                dlmalloc_trim
                0x00000000c0006a75                dlmalloc_usable_size
                0x00000000c0006b9d                dlmallinfo
                0x00000000c0006f58                dlmalloc_stats
                0x00000000c0006f6c                dlmallopt
 .text          0x00000000c0006ff8      0x1f2 libk/ctype.32
                0x00000000c0006ff8                isblank
                0x00000000c0007018                iscntrl
                0x00000000c0007038                isdigit
                0x00000000c0007054                islower
                0x00000000c0007070                isspace
                0x00000000c0007098                isupper
                0x00000000c00070b4                isalpha
                0x00000000c00070e4                isalnum
                0x00000000c0007114                ispunct
                0x00000000c0007154                isgraph
                0x00000000c0007184                isprint
                0x00000000c00071ac                isxdigit
 .text          0x00000000c00071ea        0x0 libk/string.32
 .text          0x00000000c00071ea      0x1c8 fs/fat/diskio.32
                0x00000000c00071ea                disk_status
                0x00000000c00071ed                disk_initialize
                0x00000000c00071f0                disk_read
                0x00000000c000728b                disk_write
                0x00000000c0007326                disk_ioctl
 .text          0x00000000c00073b2     0xc2a5 fs/fat/ff.32
                0x00000000c000dbe3                f_mount
                0x00000000c000dd5d                f_open
                0x00000000c000e4f6                f_read
                0x00000000c000ee43                f_write
                0x00000000c000f954                f_sync
                0x00000000c000fca6                f_close
                0x00000000c000fd0f                f_lseek
                0x00000000c0010515                f_opendir
                0x00000000c0010721                f_closedir
                0x00000000c001077d                f_readdir
                0x00000000c0010865                f_stat
                0x00000000c0010919                f_getfree
                0x00000000c0010cd6                f_truncate
                0x00000000c00110a3                f_unlink
                0x00000000c00111f0                f_mkdir
                0x00000000c0011623                f_rename
                0x00000000c0011946                f_chmod
                0x00000000c0011a9e                f_utime
                0x00000000c0011c3c                f_getlabel
                0x00000000c0011f6e                f_setlabel
                0x00000000c00122dd                f_expand
                0x00000000c0012745                f_mkfs
 *fill*         0x00000000c0013657        0x1 
 .text          0x00000000c0013658       0x2f fs/fat/ffsystem.32
                0x00000000c0013658                ff_memalloc
                0x00000000c0013670                ff_memfree
 *fill*         0x00000000c0013687        0x1 
 .text          0x00000000c0013688      0x4ea fs/fat/ffunicode.32
                0x00000000c0013688                ff_uni2oem
                0x00000000c0013790                ff_oem2uni
                0x00000000c001386c                ff_wtoupper
 .text          0x00000000c0013b72     0x4b94 fs/iso9660/iso9660.32
                0x00000000c00148a6                isoReadDiscSector
                0x00000000c0014aaf                strnicmp
                0x00000000c00151b6                stricmp
                0x00000000c0015286                iso_open
                0x00000000c0015605                iso_close
                0x00000000c0015693                iso_read
                0x00000000c0015e6b                iso_seek
                0x00000000c00164af                iso_tell
                0x00000000c0016650                iso_total
                0x00000000c00167ed                fn_postprocess
                0x00000000c0016877                iso_readdir
                0x00000000c0017fa4                iso_reset
                0x00000000c0017fc1                init_percd
                0x00000000c0018393                iso_ioctl
                0x00000000c00183ab                fs_iso9660_init
                0x00000000c00185de                fs_iso9660_shutdown
 *fill*         0x00000000c0018706        0x2 
 .text          0x00000000c0018708     0x1cd6 core/computer.32
                0x00000000c0018708                Computer::close(int, int, void*)
                0x00000000c00188c4                Krnl::firstTask()
                0x00000000c0018c10                Computer::Computer()
                0x00000000c0018c10                Computer::Computer()
                0x00000000c00190e0                Computer::setBootMessage(char const*)
                0x00000000c00190e4                Computer::detectFeatures()
                0x00000000c0019b28                Computer::displayFeatures()
                0x00000000c0019b2c                Computer::rdmsr(unsigned int)
                0x00000000c0019ba4                Computer::wrmsr(unsigned int, unsigned long long)
                0x00000000c0019c24                Computer::shutdown()
                0x00000000c0019cbc                Computer::restart()
                0x00000000c0019d54                Computer::sleep()
                0x00000000c0019dd4                Computer::nmiEnabled()
                0x00000000c0019e18                Computer::readCMOS(unsigned char)
                0x00000000c0019e78                Computer::enableNMI(bool)
                0x00000000c0019f14                Computer::open(int, int, void*)
                0x00000000c001a2c8                Computer::disableNMI()
                0x00000000c001a300                Computer::writeCMOS(unsigned char, unsigned char)
                0x00000000c001a368                Computer::handleNMI()
 .text          0x00000000c001a3de      0x50f core/gdt.32
                0x00000000c001a3de                GDTEntry::setBase(unsigned int)
                0x00000000c001a46e                GDTEntry::setLimit(unsigned int)
                0x00000000c001a4dc                GDT::GDT()
                0x00000000c001a4dc                GDT::GDT()
                0x00000000c001a562                GDT::addEntry(GDTEntry)
                0x00000000c001a63e                GDT::getNumberOfEntries()
                0x00000000c001a666                GDT::flush()
                0x00000000c001a6d4                GDT::setup()
 .text          0x00000000c001a8ed       0x38 core/idle.32
                0x00000000c001a8ed                idleFunction(void*)
 *fill*         0x00000000c001a925        0x3 
 .text          0x00000000c001a928      0xcf0 core/idt.32
                0x00000000c001a928                IDTEntry::IDTEntry(bool)
                0x00000000c001a928                IDTEntry::IDTEntry(bool)
                0x00000000c001ab94                IDTEntry::setOffset(unsigned int)
                0x00000000c001abf8                IDT::IDT()
                0x00000000c001abf8                IDT::IDT()
                0x00000000c001ac2a                IDT::getPointerToInvalidOpcodeEntryForF00F()
                0x00000000c001ac6a                IDT::addEntry(IDTEntry, int)
                0x00000000c001acd0                IDT::addEntry(int, void (*)(), bool)
                0x00000000c001ad2c                IDT::flush()
                0x00000000c001ad6a                IDT::setup()
 .text          0x00000000c001b618      0x2a5 core/kheap.32
                0x00000000c001b618                sbrk
                0x00000000c001b734                mmap
                0x00000000c001b74a                munmap
                0x00000000c001b760                liballoc_lock()
                0x00000000c001b79a                liballoc_unlock()
                0x00000000c001b7d8                liballoc_alloc(int)
                0x00000000c001b812                liballoc_free(void*, int)
                0x00000000c001b84f                realloc
                0x00000000c001b863                malloc
                0x00000000c001b873                free
                0x00000000c001b883                rfree
                0x00000000c001b893                calloc
 .text          0x00000000c001b8bd      0x134 core/main.32
                0x00000000c001b8bd                KeEntryPoint
 .text          0x00000000c001b9f1      0xd3a core/physmgr.32
                0x00000000c001b9f1                Phys::allocateDMA(unsigned long)
                0x00000000c001bcdf                Phys::freeDMA(unsigned long, unsigned long)
                0x00000000c001bd95                Phys::setPageState(unsigned long, bool)
                0x00000000c001bed2                Phys::getPageState(unsigned long)
                0x00000000c001bf31                Phys::freePage(unsigned long)
                0x00000000c001bfbf                Phys::allocatePage()
                0x00000000c001c187                Phys::allocateContiguousPages(int)
                0x00000000c001c276                Phys::allowSegmentToBeUsed(unsigned long, unsigned long)
                0x00000000c001c2b8                Phys::physicalMemorySetup(unsigned int)
 *fill*         0x00000000c001c72b        0x1 
 .text          0x00000000c001c72c      0xaa5 core/pipe.32
                0x00000000c001c72c                Pipe::isAtty()
                0x00000000c001c730                Pipe::~Pipe()
                0x00000000c001c730                Pipe::~Pipe()
                0x00000000c001c800                Pipe::~Pipe()
                0x00000000c001c828                Pipe::write(unsigned long long, void*, int*)
                0x00000000c001cb90                Pipe::read(unsigned long long, void*, int*)
                0x00000000c001cf6a                Pipe::Pipe(int)
                0x00000000c001cf6a                Pipe::Pipe(int)
 *fill*         0x00000000c001d1d1        0x1 
 .text          0x00000000c001d1d2     0x306f core/terminal.32
                0x00000000c001d1d2                VgaText::isAtty()
                0x00000000c001d1d6                VgaText::~VgaText()
                0x00000000c001d1d6                VgaText::~VgaText()
                0x00000000c001d2a6                VgaText::~VgaText()
                0x00000000c001d2d0                VgaText::read(unsigned long long, void*, int*)
                0x00000000c001d310                setTerminalScrollLock(bool)
                0x00000000c001d311                doTerminalCycle()
                0x00000000c001d312                addToTerminalCycle(VgaText*)
                0x00000000c001d313                scrollTerminalScrollLock(int)
                0x00000000c001d314                VgaText::updateTitle()
                0x00000000c001d316                VgaText::load()
                0x00000000c001d318                VgaText::updateCursor()
                0x00000000c001d364                VgaText::doANSI_SGR(int)
                0x00000000c001d7d8                VgaText::setDefaultBgColour(VgaColour)
                0x00000000c001d850                VgaText::setDefaultFgColour(VgaColour)
                0x00000000c001d8c8                VgaText::setDefaultColours(VgaColour, VgaColour)
                0x00000000c001d926                VgaText::setTitleTextColour(VgaColour)
                0x00000000c001d984                VgaText::setTitleColour(VgaColour)
                0x00000000c001d9e2                VgaText::setTitle(char*)
                0x00000000c001da06                VgaText::combineColours(unsigned char, unsigned char)
                0x00000000c001da1a                VgaText::scrollScreen()
                0x00000000c001dd90                VgaText::combineCharAndColour(char, unsigned char)
                0x00000000c001dda0                VgaText::writeCharacter(char, VgaColour, VgaColour, int, int)
                0x00000000c001dea4                VgaText::getCursorX()
                0x00000000c001dee6                VgaText::getCursorY()
                0x00000000c001df28                VgaText::setCursor(int, int)
                0x00000000c001dfc4                setActiveTerminal(VgaText*)
                0x00000000c001e058                VgaText::clearScreen()
                0x00000000c001e174                VgaText::setCursorX(int)
                0x00000000c001e1c0                VgaText::setCursorY(int)
                0x00000000c001e20c                VgaText::incrementCursor(bool)
                0x00000000c001e40e                VgaText::decrementCursor(bool)
                0x00000000c001e4da                VgaText::putchar(char, VgaColour, VgaColour)
                0x00000000c001e816                VgaText::putchar(char)
                0x00000000c001edf4                VgaText::putx(unsigned int)
                0x00000000c001eea2                VgaText::puts(char const*)
                0x00000000c001ef12                VgaText::write(unsigned long long, void*, int*)
                0x00000000c001f078                VgaText::puts(char const*, VgaColour, VgaColour)
                0x00000000c001f708                VgaText::VgaText(char const*)
                0x00000000c001f708                VgaText::VgaText(char const*)
                0x00000000c001fd96                VgaText::receiveKey(unsigned char)
                0x00000000c0020202                VgaText::doUpdate()
                0x00000000c0020203                newTerminal(char*)
 *fill*         0x00000000c0020241        0x3 
 .text          0x00000000c0020244      0xc60 core/tss.32
                0x00000000c0020244                TSS::TSS()
                0x00000000c0020244                TSS::TSS()
                0x00000000c00202cc                TSS::setESP(unsigned long)
                0x00000000c0020370                TSS::flush()
                0x00000000c00203b8                TSS::setup(unsigned long, unsigned long)
 .text          0x00000000c0020ea4     0x11bd core/unixfile.32
                0x00000000c0020ea4                ReservedFilename::read(unsigned long long, void*, int*)
                0x00000000c002116a                ReservedFilename::isAtty()
                0x00000000c0021268                ReservedFilename::write(unsigned long long, void*, int*)
                0x00000000c0021532                UnixFile::getFileDescriptor()
                0x00000000c0021574                UnixFile::UnixFile(int)
                0x00000000c0021574                UnixFile::UnixFile(int)
                0x00000000c0021a7c                ReservedFilename::ReservedFilename(int)
                0x00000000c0021a7c                ReservedFilename::ReservedFilename(int)
                0x00000000c0021bbc                UnixFile::~UnixFile()
                0x00000000c0021bbc                UnixFile::~UnixFile()
                0x00000000c0021d40                UnixFile::~UnixFile()
                0x00000000c0021d68                ReservedFilename::~ReservedFilename()
                0x00000000c0021d68                ReservedFilename::~ReservedFilename()
                0x00000000c0021e4c                ReservedFilename::~ReservedFilename()
                0x00000000c0021e73                getFromFileDescriptor(int)
 *fill*         0x00000000c0022061        0x1 
 .text          0x00000000c0022062     0x3e47 core/virtmgr.32
                0x00000000c0022062                Virt::setPageState(unsigned long, Virt::VirtPageState)
                0x00000000c0022149                Virt::getPageState(unsigned long)
                0x00000000c00221ef                Virt::allocateKernelVirtualPages(int)
                0x00000000c0022361                Virt::freeSwapfilePage(unsigned long)
                0x00000000c00223ec                Virt::swapIDToSector(unsigned long)
                0x00000000c0022402                Virt::allocateSwapfilePage()
                0x00000000c00225b9                Virt::virtualMemorySetup()
                0x00000000c002261c                Virt::setupPageSwapping(int)
                0x00000000c0022844                VAS::VAS(VAS*)
                0x00000000c0022844                VAS::VAS(VAS*)
                0x00000000c002291e                VAS::getForeignPageTableEntry(bool, unsigned long)
                0x00000000c002296e                VAS::getPageTableEntry(unsigned long)
                0x00000000c00229ad                Virt::freeKernelVirtualPages(unsigned long)
                0x00000000c0022bd4                VAS::freeAllocatedPages(unsigned long)
                0x00000000c0022c30                VAS::virtualToPhysical(unsigned long)
                0x00000000c0022c92                VAS::reflagRange(unsigned long, int, int, int)
                0x00000000c0022d78                VAS::VAS()
                0x00000000c0022d78                VAS::VAS()
                0x00000000c0022f64                VAS::setToWriteCombining(unsigned long, int)
                0x00000000c0023058                VAS::mapOtherVASIn(bool, VAS*)
                0x00000000c0023166                VAS::~VAS()
                0x00000000c0023166                VAS::~VAS()
                0x00000000c0023664                VAS::mapPage(unsigned long, unsigned long, int)
                0x00000000c002399c                VAS::allocatePages(int, int)
                0x00000000c0023e9c                VAS::setCPUSpecific(unsigned long)
                0x00000000c0023ed6                VAS::mapRange(unsigned long, unsigned long, int, int)
                0x00000000c00240f6                VAS::mapForeignPage(bool, VAS*, unsigned long, unsigned long, int)
                0x00000000c0024354                VAS::VAS(bool)
                0x00000000c0024354                VAS::VAS(bool)
                0x00000000c0024fca                VAS::evict(unsigned long)
                0x00000000c002533c                VAS::tryLoadBackOffDisk(unsigned long)
                0x00000000c0025728                VAS::scanForEviction()
                0x00000000c0025bd0                mapVASFirstTime
 .text          0x00000000c0025ea9       0x5f coreobjs/c++.32
                0x00000000c0025ea9                __cxa_atexit
                0x00000000c0025eac                __cxa_finalize
                0x00000000c0025ead                __stack_chk_fail
                0x00000000c0025ee3                __cxa_pure_virtual
                0x00000000c0025ef4                operator new[](unsigned long)
                0x00000000c0025ef9                operator delete(void*, unsigned long)
                0x00000000c0025efe                operator delete[](void*)
                0x00000000c0025f03                operator delete[](void*, unsigned long)
 .text          0x00000000c0025f08      0x623 dbg/kconsole.32
                0x00000000c0025f08                Dbg::stringifyxWithBase(unsigned int, char*, int)
                0x00000000c0026122                Dbg::logc(char)
                0x00000000c0026142                Dbg::logs(char*)
                0x00000000c00261d1                Dbg::logWriteInt(unsigned int)
                0x00000000c00261f1                Dbg::logWriteIntBase(unsigned int, int)
                0x00000000c0026214                Dbg::kprintf(char const*, ...)
 *fill*         0x00000000c002652b        0x1 
 .text          0x00000000c002652c      0x570 dbg/usban.32
                0x00000000c002652c                KiUbsanPrintDetails(char const*, void*)
                0x00000000c002665c                __ubsan_handle_type_mismatch_v1
                0x00000000c002699c                __ubsan_handle_pointer_overflow
                0x00000000c00269c8                __ubsan_handle_out_of_bounds
                0x00000000c00269f4                __ubsan_handle_add_overflow
                0x00000000c0026a0c                __ubsan_handle_load_invalid_value
                0x00000000c0026a24                __ubsan_handle_divrem_overflow
                0x00000000c0026a3c                __ubsan_handle_mul_overflow
                0x00000000c0026a54                __ubsan_handle_sub_overflow
                0x00000000c0026a6c                __ubsan_handle_shift_out_of_bounds
                0x00000000c0026a84                __ubsan_handle_negate_overflow
 .text          0x00000000c0026a9c     0x7506 fs/vfs.32
                0x00000000c0026a9c                File::isAtty()
                0x00000000c0026aa0                Directory::isAtty()
                0x00000000c0026aa4                Filesystem::getlabel(LogicalDisk*, int, char*, unsigned int*)
                0x00000000c0026aaa                Filesystem::setlabel(LogicalDisk*, int, char*)
                0x00000000c0026ab0                Filesystem::allocateSwapfile(char const*, int)
                0x00000000c0026ab6                File::~File()
                0x00000000c0026ab6                File::~File()
                0x00000000c0026b86                File::~File()
                0x00000000c0026bb0                Directory::~Directory()
                0x00000000c0026bb0                Directory::~Directory()
                0x00000000c0026c80                Directory::~Directory()
                0x00000000c0026caa                Directory::write(unsigned long long, void*, int*)
                0x00000000c0026e5a                File::read(unsigned long long, void*, int*)
                0x00000000c00272b0                File::write(unsigned long long, void*, int*)
                0x00000000c0027706                Directory::read(unsigned long long, void*, int*)
                0x00000000c0027b5c                Filesystem::Filesystem()
                0x00000000c0027b5c                Filesystem::Filesystem()
                0x00000000c0027c34                Filesystem::~Filesystem()
                0x00000000c0027c34                Filesystem::~Filesystem()
                0x00000000c0027cb2                Filesystem::~Filesystem()
                0x00000000c0027cd9                Fs::getcwd(Process*, char*, int)
                0x00000000c0027e14                Fs::initVFS()
                0x00000000c0027e3e                Fs::standardiseFiles(char*, char const*, char const*)
                0x00000000c0028c94                File::File(char const*, Process*)
                0x00000000c0028c94                File::File(char const*, Process*)
                0x00000000c0029222                File::open(FileOpenMode)
                0x00000000c0029686                File::close()
                0x00000000c0029ad8                File::seek(unsigned long long)
                0x00000000c0029f0e                File::tell(unsigned long long*)
                0x00000000c002a332                File::rewind()
                0x00000000c002a364                File::unlink()
                0x00000000c002a778                File::rename(char const*)
                0x00000000c002ab7c                File::chfatattr(unsigned char, unsigned char)
                0x00000000c002af9e                File::exists()
                0x00000000c002b332                File::stat(unsigned long long*, bool*)
                0x00000000c002b9ac                Fs::setcwd(Process*, char*)
                0x00000000c002bf64                Directory::Directory(char const*, Process*)
                0x00000000c002bf64                Directory::Directory(char const*, Process*)
                0x00000000c002c4f2                Directory::open()
                0x00000000c002c966                Directory::close()
                0x00000000c002cdb8                Directory::unlink()
                0x00000000c002d1cc                Directory::rename(char const*)
                0x00000000c002d5d0                Directory::exists()
                0x00000000c002d964                Directory::read(dirent*)
                0x00000000c002db88                Directory::create()
                0x00000000c002df9c                Filesystem::chfatattr(char const*, unsigned char, unsigned char)
 *fill*         0x00000000c002dfa2        0x2 
 .text          0x00000000c002dfa4      0x252 hal/bus.32
                0x00000000c002dfa4                Bus::Bus(char const*)
                0x00000000c002dfa4                Bus::Bus(char const*)
                0x00000000c002e0e8                Bus::~Bus()
                0x00000000c002e0e8                Bus::~Bus()
                0x00000000c002e1cc                Bus::~Bus()
 .text          0x00000000c002e1f6       0xee hal/buzzer.32
                0x00000000c002e1f6                beepThread(void*)
                0x00000000c002e262                Krnl::beep(int, int, bool)
 .text          0x00000000c002e2e4      0xad8 hal/clock.32
                0x00000000c002e2e4                User::loadClockSettings(int)
                0x00000000c002e3d0                Clock::Clock(char const*)
                0x00000000c002e3d0                Clock::Clock(char const*)
                0x00000000c002e4fa                Clock::~Clock()
                0x00000000c002e4fa                Clock::~Clock()
                0x00000000c002e5ca                Clock::~Clock()
                0x00000000c002e5f4                Clock::timeInSecondsLocal()
                0x00000000c002e744                Clock::setTimeInSecondsLocal(unsigned long long)
                0x00000000c002e88d                datetimeToSeconds(datetime_t)
                0x00000000c002ea86                Clock::setTimeInDatetimeLocal(datetime_t)
                0x00000000c002ec06                secondsToDatetime(unsigned long long)
                0x00000000c002ed7a                Clock::timeInDatetimeLocal()
 .text          0x00000000c002edbc     0x167b hal/device.32
                0x00000000c002edbc                Device::hibernate()
                0x00000000c002edbe                Device::wake()
                0x00000000c002edc0                Device::detect()
                0x00000000c002edc2                Device::disableLegacy()
                0x00000000c002edc4                Device::powerSaving(PowerSavingLevel)
                0x00000000c002edc6                DriverlessDevice::close(int, int, void*)
                0x00000000c002edca                DriverlessDevice::detect()
                0x00000000c002edcc                DriverlessDevice::open(int, int, void*)
                0x00000000c002ede0                Device::~Device()
                0x00000000c002ede0                Device::~Device()
                0x00000000c002ee5e                Device::~Device()
                0x00000000c002ee88                Device::findAndLoadDriver()
                0x00000000c002ee96                Device::preOpenPCI(PCIDeviceInfo)
                0x00000000c002ef30                Device::preOpenACPI(void*, char*, char*)
                0x00000000c002f042                Device::addIRQHandler(int, void (*)(regs*, void*), bool, void*)
                0x00000000c002f06c                Device::getParent()
                0x00000000c002f0b6                Device::removeIRQHandler(int, void (*)(regs*, void*), bool)
                0x00000000c002f0d4                Device::addChild(Device*)
                0x00000000c002f270                Device::removeAllChildren()
                0x00000000c002f434                Device::hibernateAll()
                0x00000000c002f588                Device::wakeAll()
                0x00000000c002f6dc                Device::detectAll()
                0x00000000c002f830                Device::disableLegacyAll()
                0x00000000c002f832                Device::loadDriversForAll()
                0x00000000c002f834                Device::closeAll()
                0x00000000c002f98c                Device::powerSavingAll(PowerSavingLevel)
                0x00000000c002faec                Device::setName(char const*)
                0x00000000c002fb3e                Device::Device(char const*)
                0x00000000c002fb3e                Device::Device(char const*)
                0x00000000c003012e                Device::getName()
                0x00000000c0030172                DriverlessDevice::DriverlessDevice(char const*)
                0x00000000c0030172                DriverlessDevice::DriverlessDevice(char const*)
                0x00000000c003029c                Device::addToLinkedList(LinkedList<Device>&, DeviceType)
                0x00000000c00303d7                getDevicesOfType(DeviceType)
 *fill*         0x00000000c0030437        0x1 
 .text          0x00000000c0030438      0x252 hal/diskctrl.32
                0x00000000c0030438                HardDiskController::HardDiskController(char const*)
                0x00000000c0030438                HardDiskController::HardDiskController(char const*)
                0x00000000c003057c                HardDiskController::~HardDiskController()
                0x00000000c003057c                HardDiskController::~HardDiskController()
                0x00000000c0030660                HardDiskController::~HardDiskController()
 .text          0x00000000c003068a      0x3f8 hal/diskphys.32
                0x00000000c003068a                PhysicalDisk::eject()
                0x00000000c003068e                PhysicalDisk::PhysicalDisk(char const*, int)
                0x00000000c003068e                PhysicalDisk::PhysicalDisk(char const*, int)
                0x00000000c003090e                PhysicalDisk::startCache()
                0x00000000c0030988                PhysicalDisk::~PhysicalDisk()
                0x00000000c0030988                PhysicalDisk::~PhysicalDisk()
                0x00000000c0030a58                PhysicalDisk::~PhysicalDisk()
 .text          0x00000000c0030a82        0x0 hal/fpu.32
 .text          0x00000000c0030a82     0x1907 hal/intctrl.32
                0x00000000c0030a82                int_handler
                0x00000000c0030e96                installISRHandler(int, void (*)(regs*, void*), void*)
                0x00000000c0031153                installIRQHandler(int, void (*)(regs*, void*), bool, void*)
                0x00000000c00318fc                uninstallISRHandler(int, void (*)(regs*, void*))
                0x00000000c0031bfb                uninstallIRQHandler(int, void (*)(regs*, void*), bool)
                0x00000000c003202d                setupINTS()
                0x00000000c0032256                convertLegacyIRQNumber(int)
 *fill*         0x00000000c0032389        0x1 
 .text          0x00000000c003238a     0x12a0 hal/keybrd.32
                0x00000000c003238a                startGUI(void*)
                0x00000000c0032411                startGUIVESA(void*)
                0x00000000c0032498                sendKeyToTerminal(unsigned char)
                0x00000000c0032633                sendKeyboardToken(KeyboardToken)
                0x00000000c0032e60                clearInternalKeybuffer(VgaText*)
                0x00000000c0032f28                readKeyboard(VgaText*, char*, unsigned long)
                0x00000000c00333fe                Keyboard::Keyboard(char const*)
                0x00000000c00333fe                Keyboard::Keyboard(char const*)
                0x00000000c0033530                Keyboard::~Keyboard()
                0x00000000c0033530                Keyboard::~Keyboard()
                0x00000000c0033600                Keyboard::~Keyboard()
 .text          0x00000000c003362a      0xf99 hal/logidisk.32
                0x00000000c003362a                LogicalDisk::close(int, int, void*)
                0x00000000c003362e                LogicalDisk::~LogicalDisk()
                0x00000000c003362e                LogicalDisk::~LogicalDisk()
                0x00000000c00336fe                LogicalDisk::~LogicalDisk()
                0x00000000c0033728                LogicalDisk::open(int, int, void*)
                0x00000000c003373c                LogicalDisk::absoluteToRelative(unsigned long long)
                0x00000000c0033812                LogicalDisk::relativeToAbsolute(unsigned long long)
                0x00000000c00338a4                LogicalDisk::LogicalDisk(char const*, PhysicalDisk*, unsigned long long, unsigned long long)
                0x00000000c00338a4                LogicalDisk::LogicalDisk(char const*, PhysicalDisk*, unsigned long long, unsigned long long)
                0x00000000c0033c58                LogicalDisk::assignDriveLetter()
                0x00000000c0033ebc                LogicalDisk::mount()
                0x00000000c0034022                LogicalDisk::unmount()
                0x00000000c0034070                LogicalDisk::eject()
                0x00000000c0034128                LogicalDisk::unassignDriveLetter()
                0x00000000c00342b0                LogicalDisk::read(unsigned long long, int, void*)
                0x00000000c003443a                LogicalDisk::write(unsigned long long, int, void*)
 *fill*         0x00000000c00345c3        0x1 
 .text          0x00000000c00345c4      0x252 hal/mouse.32
                0x00000000c00345c4                Mouse::Mouse(char const*)
                0x00000000c00345c4                Mouse::Mouse(char const*)
                0x00000000c0034708                Mouse::~Mouse()
                0x00000000c0034708                Mouse::~Mouse()
                0x00000000c00347ec                Mouse::~Mouse()
 .text          0x00000000c0034816      0x230 hal/nic.32
                0x00000000c0034816                NIC::getMAC()
                0x00000000c003481c                NIC::write(int, unsigned char*, int*)
                0x00000000c0034822                NIC::NIC(char const*)
                0x00000000c0034822                NIC::NIC(char const*)
                0x00000000c003494c                NIC::~NIC()
                0x00000000c003494c                NIC::~NIC()
                0x00000000c0034a1c                NIC::~NIC()
 .text          0x00000000c0034a46      0xe6c hal/partition.32
                0x00000000c0034a46                makePartition(PhysicalDisk*, unsigned long long, unsigned long long)
                0x00000000c0034bb0                createPartitionsForDisk(PhysicalDisk*)
 *fill*         0x00000000c00358b2        0x2 
 .text          0x00000000c00358b4      0x252 hal/serial.32
                0x00000000c00358b4                Serial::Serial(char const*)
                0x00000000c00358b4                Serial::Serial(char const*)
                0x00000000c00359f8                Serial::~Serial()
                0x00000000c00359f8                Serial::~Serial()
                0x00000000c0035adc                Serial::~Serial()
 *fill*         0x00000000c0035b06        0x2 
 .text          0x00000000c0035b08      0x7a4 hal/timer.32
                0x00000000c0035b08                Timer::Timer(char const*)
                0x00000000c0035b08                Timer::Timer(char const*)
                0x00000000c0035c4c                Timer::~Timer()
                0x00000000c0035c4c                Timer::~Timer()
                0x00000000c0035d30                Timer::~Timer()
                0x00000000c0035d5a                Timer::read()
                0x00000000c0035da7                setupTimer(int)
                0x00000000c0035e95                timerHandler(unsigned int)
 .text          0x00000000c00362ac     0x1a4c hal/vcache.32
                0x00000000c00362ac                VCache::VCache(PhysicalDisk*)
                0x00000000c00362ac                VCache::VCache(PhysicalDisk*)
                0x00000000c0036c52                VCache::invalidateReadBuffer()
                0x00000000c0036cee                VCache::writeWriteBuffer()
                0x00000000c0036ef0                VCache::~VCache()
                0x00000000c0036ef0                VCache::~VCache()
                0x00000000c00370cc                VCache::~VCache()
                0x00000000c00370f4                VCache::write(unsigned long long, int, void*)
                0x00000000c00376c2                VCache::read(unsigned long long, int, void*)
 .text          0x00000000c0037cf8     0x123e hal/video.32
                0x00000000c0037cf8                Video::putpixel(int, int, unsigned int)
                0x00000000c0037d06                Video::readPixelApprox(int, int)
                0x00000000c0037d1a                Video::putrect(int, int, int, int, unsigned int)
                0x00000000c0037e42                Video::bitblit(int, int, int, int, int, int, int, unsigned int*)
                0x00000000c0038052                Video::blit(unsigned int*, int, int, int, int)
                0x00000000c0038258                Video::clearScreen(unsigned int)
                0x00000000c003838e                Video::Video(char const*)
                0x00000000c003838e                Video::Video(char const*)
                0x00000000c00384b8                Video::~Video()
                0x00000000c00384b8                Video::~Video()
                0x00000000c0038588                Video::~Video()
                0x00000000c00385b2                Video::isMonochrome()
                0x00000000c00385fc                Video::getWidth()
                0x00000000c0038646                Video::getHeight()
                0x00000000c0038690                Video::drawCursor(int, int, unsigned int*, int)
                0x00000000c003893e                Video::tgaParse(unsigned char*, int, int*, int*)
                0x00000000c0038d88                Video::putTGA(int, int, unsigned char*, int)
 *fill*         0x00000000c0038f36        0x2 
 .text          0x00000000c0038f38     0x3d8f hw/acpi.32
                0x00000000c0038f38                ACPI::close(int, int, void*)
                0x00000000c0038fec                findRSDP()
                0x00000000c0039140                loadACPITables(unsigned char*)
                0x00000000c0039a08                findRSDT(unsigned char*)
                0x00000000c0039bf0                findDataTable(unsigned char*, char*)
                0x00000000c0039dfc                scanMADT()
                0x00000000c003b334                ACPI::ACPI()
                0x00000000c003b334                ACPI::ACPI()
                0x00000000c003b538                ACPI::getPCIIRQAssignment(unsigned char, unsigned short, unsigned char)
                0x00000000c003b90c                ACPI::registerPCIIRQAssignment(void*, unsigned short, unsigned char, unsigned char)
                0x00000000c003be40                ACPI::setScreenBrightnessLevel(void*, int)
                0x00000000c003be48                ACPI::detectPCI()
                0x00000000c003c380                ACPI::writeSimpleBootFlag(SimpleBootFlagTable*)
                0x00000000c003c454                ACPI::sleep()
                0x00000000c003c470                ACPI::open(int, int, void*)
 *fill*         0x00000000c003ccc7        0x1 
 .text          0x00000000c003ccc8     0x21ab hw/cpu.32
                0x00000000c003ccc8                CPU::close(int, int, void*)
                0x00000000c003cccc                CPU::AMD_K6_write_msr(unsigned int, unsigned int, unsigned int, CPU::REGS*)
                0x00000000c003cce8                CPU::AMD_K6_read_msr(unsigned int, CPU::REGS*)
                0x00000000c003cd00                CPU::AMD_K6_writeback(int, int, int)
                0x00000000c003cd74                CPU::cpuid(int, unsigned long*, unsigned long*, unsigned long*, unsigned long*)
                0x00000000c003cef2                CPU::cpuidCheckEDX(unsigned int)
                0x00000000c003cf20                CPU::cpuidCheckECX(unsigned int)
                0x00000000c003cf4e                CPU::cpuidCheckExtendedEBX(unsigned int)
                0x00000000c003cf7c                CPU::cpuidCheckExtendedECX(unsigned int)
                0x00000000c003cfaa                CPU::CPU()
                0x00000000c003cfaa                CPU::CPU()
                0x00000000c003d2f8                CPU::displayFeatures()
                0x00000000c003d2fa                CPU::detectFeatures()
                0x00000000c003e65c                CPU::setupSMEP()
                0x00000000c003e668                CPU::setupUMIP()
                0x00000000c003e672                CPU::setupTSC()
                0x00000000c003e67c                CPU::setupLargePages()
                0x00000000c003e686                CPU::setupPAT()
                0x00000000c003e736                CPU::setupMTRR()
                0x00000000c003e738                CPU::setupGlobalPages()
                0x00000000c003e742                CPU::allowUsermodeDataAccess()
                0x00000000c003e792                CPU::prohibitUsermodeDataAccess()
                0x00000000c003e7e2                CPU::setupSMAP()
                0x00000000c003e81c                CPU::setupFeatures()
                0x00000000c003eab4                CPU::open(int, int, void*)
 .text          0x00000000c003ee73      0x501 krnl/bootmsg.32
                0x00000000c003ee73                KeDisplaySplashScreen()
                0x00000000c003f206                KeSetBootMessage(char const*)
 .text          0x00000000c003f374     0x175a krnl/env.32
                0x00000000c003f374                EnvVarContainer::getEnv(char const*)
                0x00000000c003f4cc                EnvVarContainer::setEnv(char const*, char const*)
                0x00000000c003f694                EnvVarContainer::deleteEnv(char const*)
                0x00000000c003f696                EnvVarContainer::loadFrom(char const*, char const*)
                0x00000000c003fcbc                EnvVarContainer::__loadSystem()
                0x00000000c003fcf4                EnvVarContainer::__loadUser()
                0x00000000c003fcf6                EnvVarContainer::EnvVarContainer(Process*)
                0x00000000c003fcf6                EnvVarContainer::EnvVarContainer(Process*)
                0x00000000c003fdec                EnvVarContainer::~EnvVarContainer()
                0x00000000c003fdec                EnvVarContainer::~EnvVarContainer()
                0x00000000c003feee                Krnl::getEnv(Process*, char const*)
                0x00000000c003ffce                Krnl::setEnvSystem(char const*, char const*)
                0x00000000c0040005                Krnl::setEnvUser(char const*, char const*)
                0x00000000c004003f                Krnl::setEnvProcess(Process*, char const*, char const*)
                0x00000000c00400b4                Krnl::deleteEnvSystem(char const*)
                0x00000000c00400d4                Krnl::deleteEnvUser(char const*)
                0x00000000c00400f4                Krnl::deleteEnvProcess(Process*, char const*)
                0x00000000c0040152                Krnl::newProcessEnv(Process*)
                0x00000000c004018d                Krnl::copyProcessEnv(Process*, Process*)
                0x00000000c0040326                Krnl::loadSystemEnv()
                0x00000000c004038c                Krnl::loadUserEnv()
                0x00000000c00403e9                Krnl::flushEnv()
                0x00000000c00403ea                Krnl::getProcessTotalEnvCount(Process*)
                0x00000000c004055f                Krnl::getProcessEnvPair(Process*, int)
 .text          0x00000000c0040ace      0x193 krnl/inlines.32
                0x00000000c0040ace                CPU::current()
                0x00000000c0040b1a                operator new(unsigned long)
                0x00000000c0040b1f                operator delete(void*)
                0x00000000c0040b24                disableIRQs()
                0x00000000c0040b26                enableIRQs()
                0x00000000c0040b28                lockScheduler()
                0x00000000c0040b55                unlockScheduler()
                0x00000000c0040b86                lockStuff()
                0x00000000c0040bd6                unlockStuff()
                0x00000000c0040c46                Virt::getAKernelVAS()
                0x00000000c0040c4c                __not_memcpy
 .text          0x00000000c0040c61        0xc krnl/panic.32
                0x00000000c0040c61                KePanic(char const*)
 .text          0x00000000c0040c6d      0x1fd krnl/powctrl.32
                0x00000000c0040c6d                Krnl::powerThread(void*)
                0x00000000c0040cd2                Krnl::changePowerSettings(Krnl::PowerSettings)
                0x00000000c0040ce8                Krnl::userIOReceived()
                0x00000000c0040cf3                Krnl::handlePowerButton()
                0x00000000c0040d5e                Krnl::handleSleepButton()
                0x00000000c0040dc9                Krnl::setupPowerManager()
 .text          0x00000000c0040e6a       0x9d krnl/random.32
                0x00000000c0040e6a                KeRand()
                0x00000000c0040eac                KeSeedRand(unsigned int)
                0x00000000c0040ed5                KeInitRand()
 *fill*         0x00000000c0040f07        0x1 
 .text          0x00000000c0040f08      0x1bc krnl/resolve.32
                0x00000000c0040f08                KeResolveCompatibilitySymbol(char*)
 .text          0x00000000c00410c4      0xde7 krnl/signal.32
                0x00000000c00410c4                KiSigKill(int)
                0x00000000c00410d8                KiDefaultSignalHandlerIgnore(int)
                0x00000000c00410d9                KiDefaultSignalHandlerPause(int)
                0x00000000c0041105                KiDefaultSignalHandlerResume(int)
                0x00000000c0041131                KeDeinitSignals(SigHandlerBlock*)
                0x00000000c0041136                KeInitSignals()
                0x00000000c0041222                KeRegisterSignalHandler(SigHandlerBlock*, int, void (*)(int), unsigned int, int)
                0x00000000c0041399                KeRaiseSignal(SigHandlerBlock*, int)
                0x00000000c0041526                KeCheckSignal(SigHandlerBlock*, int*)
                0x00000000c0041b22                KiCheckSignalZ
                0x00000000c0041c82                KeCompleteSignal(SigHandlerBlock*, int)
                0x00000000c0041d83                KiFinishSignalZ
 .text          0x00000000c0041eab     0x4829 krnl/syscalls.32
                0x00000000c0041eab                SysSeekDir(regs*)
                0x00000000c0041eb0                SysTellDir(regs*)
                0x00000000c0041eb5                SysTTYName(regs*)
                0x00000000c0041ebd                SysNotImpl(regs*)
                0x00000000c0041ed8                SysVerify(regs*)
                0x00000000c0041f1f                SysGetArgc(regs*)
                0x00000000c0041fa4                SysFormatDisk(regs*)
                0x00000000c00422d8                SysSetDiskVolumeLabel(regs*)
                0x00000000c00429a6                SysGetDiskVolumeLabel(regs*)
                0x00000000c00430c6                SysShutdown(regs*)
                0x00000000c00432e1                SysRealpath(regs*)
                0x00000000c0043479                SysReadDir(regs*)
                0x00000000c00436a8                SysIsATTY(regs*)
                0x00000000c00438a1                SysSeek(regs*)
                0x00000000c0043a17                SysTell(regs*)
                0x00000000c0043c15                SysSize(regs*)
                0x00000000c0043e18                SysClose(regs*)
                0x00000000c0043ff7                SysCloseDir(regs*)
                0x00000000c0044172                SysWait(regs*)
                0x00000000c0044204                SysPanic(regs*)
                0x00000000c0044259                SysGetArgv(regs*)
                0x00000000c0044512                SysUSleep(regs*)
                0x00000000c00445ae                SysGetEnv(regs*)
                0x00000000c00447b6                SysGetUnixTime(regs*)
                0x00000000c0044829                SysSizeFromFilename(regs*)
                0x00000000c0044b3c                SysOpenDir(regs*)
                0x00000000c0044d66                SysMakeDir(regs*)
                0x00000000c0044f1e                SysRmdir(regs*)
                0x00000000c00450d9                SysUnlink(regs*)
                0x00000000c0045294                SysSetFatAttrib(regs*)
                0x00000000c00454df                SysPipe(regs*)
                0x00000000c004569c                SysSpawn(regs*)
                0x00000000c004587d                string_ends_with(char const*, char const*)
                0x00000000c0045903                SysOpen(regs*)
                0x00000000c004652a                KeSystemCall(regs*, void*)
 .text          0x00000000c00466d4      0x2cd net/ethernet.32
                0x00000000c00466d4                KeSwitchEndian16(unsigned short)
                0x00000000c0046728                KeSwitchEndian32(unsigned int)
                0x00000000c004675c                EthernetCRC32(unsigned char*, int)
                0x00000000c00468a8                EthernetReceivedPacket(EthernetUnwrappedFrame*, unsigned short)
 .text          0x00000000c00469a1     0x238f reg/cm.32
                0x00000000c00469a1                CmOpen(char const*)
                0x00000000c0046d40                CmClose(Reghive_Tag*)
                0x00000000c0046db1                CmReadExtent(Reghive_Tag*, int, unsigned char*)
                0x00000000c0046ecc                CmGetString(Reghive_Tag*, int, char*)
                0x00000000c0047061                CmEnterDirectory(Reghive_Tag*, int)
                0x00000000c00470a0                CmGetNext(Reghive_Tag*, int)
                0x00000000c00470d2                CmWriteExtent(Reghive_Tag*, int, unsigned char*)
                0x00000000c00471ed                CmFreeExtent(Reghive_Tag*, int)
                0x00000000c0047215                CmUpdateHeader(Reghive_Tag*)
                0x00000000c0047285                CmExpand(Reghive_Tag*, int)
                0x00000000c0047402                CmFindUnusedExtent(Reghive_Tag*)
                0x00000000c00475b3                CmCreateExtent(Reghive_Tag*, int, int, unsigned char*)
                0x00000000c00476a7                CmSetString(Reghive_Tag*, int, char const*)
                0x00000000c0047b73                CmGetMatch(char*, char*, bool, bool*)
                0x00000000c0047c67                CmAddShift(unsigned int*, int*, unsigned char, int)
                0x00000000c0047d61                CmGetShift(unsigned int*, int*, int, bool*)
                0x00000000c0047ead                CmGetInteger(Reghive_Tag*, int, unsigned long long*)
                0x00000000c0047ef9                CmSetInteger(Reghive_Tag*, int, unsigned long long)
                0x00000000c0047f39                CmConvertFromInternalFilename(unsigned char const*, char*)
                0x00000000c0048172                CmGetNameAndTypeFromExtent(Reghive_Tag*, int, char*)
                0x00000000c00481a0                CmConvertToInternalFilename(char const*, unsigned char*)
                0x00000000c004874b                CmCreateString(Reghive_Tag*, int, char const*)
                0x00000000c0048798                CmFindInDirectory(Reghive_Tag*, int, char const*)
                0x00000000c0048812                CmCreateInteger(Reghive_Tag*, int, char const*, unsigned long long, int)
                0x00000000c0048865                CmCreateDirectory(Reghive_Tag*, int, char const*)
                0x00000000c0048929                zStrtok(char*, char const*)
                0x00000000c0048b0a                CmFindObjectFromPath(Reghive_Tag*, char const*)
                0x00000000c0048b8b                CmDisplayTree(Reghive_Tag*, int, int)
                0x00000000c0048c66                CmSplitFinalSlashInPlace(char*)
 .text          0x00000000c0048d30     0x1267 reg/registry.32
                0x00000000c0048d30                Reg::findLineFromLoadedData(char*, char*, char*)
                0x00000000c0049161                Reg::getLineFromRegistry(char*, char*, char*, char*)
                0x00000000c0049506                Reg::getLine(char*, char*, char*)
                0x00000000c004953d                Reg::readInt(char*, char*, int*)
                0x00000000c0049bfd                Reg::readString(char*, char*, char*, int)
                0x00000000c0049e81                Reg::readBool(char*, char*, bool*)
                0x00000000c0049ecc                Reg::readBoolWithDefault(char*, char*, bool)
                0x00000000c0049f13                Reg::readIntWithDefault(char*, char*, int)
                0x00000000c0049f3f                Reg::readStringWithDefault(char*, char*, char*, int, char*)
 .text          0x00000000c0049f97      0x172 sys/eject.32
                0x00000000c0049f97                SysEject(regs*)
 .text          0x00000000c004a109       0x4e sys/exit.32
                0x00000000c004a109                SysExit(regs*)
 .text          0x00000000c004a157       0x9d sys/getcwd.32
                0x00000000c004a157                SysGetCwd(regs*)
 .text          0x00000000c004a1f4       0x57 sys/getpid.32
                0x00000000c004a1f4                SysGetPID(regs*)
 .text          0x00000000c004a24b       0x86 sys/getramdata.32
                0x00000000c004a24b                SysGetRAMData(regs*)
 .text          0x00000000c004a2d1      0x23f sys/getvgaptr.32
                0x00000000c004a2d1                SysGetVGAPtr(regs*)
 .text          0x00000000c004a510      0x330 sys/kill.32
                0x00000000c004a510                SysKill(regs*)
 .text          0x00000000c004a840      0x21f sys/loaddll.32
                0x00000000c004a840                SysLoadDLL(regs*)
 .text          0x00000000c004aa5f      0x1e6 sys/read.32
                0x00000000c004aa5f                SysRead(regs*)
 .text          0x00000000c004ac45       0xdc sys/registersignal.32
                0x00000000c004ac45                SysRegisterSignal(regs*)
 .text          0x00000000c004ad21      0x4e1 sys/registry.32
                0x00000000c004ad21                SysRegistryGetTypeFromPath(regs*)
                0x00000000c004ae18                SysRegistryReadExtent(regs*)
                0x00000000c004af16                SysRegistryPathToExtentLookup(regs*)
                0x00000000c004afa7                SysRegistryEnterDirectory(regs*)
                0x00000000c004b038                SysRegistryGetNext(regs*)
                0x00000000c004b0c9                SysRegistryGetNameAndTypeFromExtent(regs*)
                0x00000000c004b16b                SysRegistryOpen(regs*)
                0x00000000c004b1b5                SysRegistryClose(regs*)
 .text          0x00000000c004b202      0x18c sys/sbrk.32
                0x00000000c004b202                SysSbrk(regs*)
 .text          0x00000000c004b38e       0x80 sys/setcwd.32
                0x00000000c004b38e                SysSetCwd(regs*)
 .text          0x00000000c004b40e      0x206 sys/settime.32
                0x00000000c004b40e                SysSetTime(regs*)
 .text          0x00000000c004b614       0x99 sys/timezone.32
                0x00000000c004b614                SysTimezone(regs*)
 .text          0x00000000c004b6ad      0x1e6 sys/write.32
                0x00000000c004b6ad                SysWrite(regs*)
 .text          0x00000000c004b893      0x166 sys/wsbe.32
                0x00000000c004b893                SysWsbe(regs*)
 .text          0x00000000c004b9f9       0x5e sys/yield.32
                0x00000000c004b9f9                SysYield(regs*)
 .text          0x00000000c004ba57     0x4466 thr/elf.32
                0x00000000c004ba57                Thr::allocateMemoryForTask(Process*, File*, unsigned long, unsigned long, unsigned long)
                0x00000000c004c135                Thr::loadProgramIntoMemory(Process*, char const*)
                0x00000000c004c99a                Thr::runtimeReferenceHelper()
                0x00000000c004c9ad                Thr::getAddressOfKernelSymbol(char const*)
                0x00000000c004cc4e                Thr::loadKernelSymbolTable(char const*)
                0x00000000c004d6d8                Thr::loadDriverIntoMemory(char const*, unsigned long, bool)
                0x00000000c004f4f1                Thr::getDriverBaseFromAddress(unsigned long)
                0x00000000c004f6fc                Thr::getDriverNameFromAddress(unsigned long)
                0x00000000c004f902                Thr::getDriverOffsetFromAddress(unsigned long)
                0x00000000c004f924                Thr::loadDLL(char const*, bool)
                0x00000000c004fe84                Thr::executeDLL(unsigned long, void*)
 *fill*         0x00000000c004febd        0x3 
 .text          0x00000000c004fec0     0x4ced thr/prcssthr.32
                0x00000000c004fec0                userModeEntryPoint(void*)
                0x00000000c004ff88                changeTSS
                0x00000000c00500c4                switchToThread(ThreadControlBlock*)
                0x00000000c00502b0                Process::addArgs(char**)
                0x00000000c00506bc                Process::Process(char const*, Process*, char**)
                0x00000000c00506bc                Process::Process(char const*, Process*, char**)
                0x00000000c0050f28                Process::Process(bool, char const*, Process*, char**)
                0x00000000c0050f28                Process::Process(bool, char const*, Process*, char**)
                0x00000000c005171c                taskStartupFunction
                0x00000000c0051764                Semaphore::Semaphore(int)
                0x00000000c0051764                Semaphore::Semaphore(int)
                0x00000000c00518cc                Mutex::Mutex()
                0x00000000c00518cc                Mutex::Mutex()
                0x00000000c005195c                Process::createThread(void (*)(void*), void*, int)
                0x00000000c0051fe4                Process::createUserThread()
                0x00000000c005201c                setupMultitasking(void (*)())
                0x00000000c0052238                schedule()
                0x00000000c0052344                Semaphore::tryAcquire()
                0x00000000c00525ec                Semaphore::assertLocked(char const*)
                0x00000000c0052760                blockTaskWithSchedulerLockAlreadyHeld(TaskState)
                0x00000000c00527e0                blockTask(TaskState)
                0x00000000c005288c                waitTask(int, int*, int)
                0x00000000c0052a34                milliTenthSleepUntil(unsigned int)
                0x00000000c0052ba4                milliTenthSleep(unsigned int)
                0x00000000c0052bb8                sleep(unsigned int)
                0x00000000c0052bd4                Semaphore::acquire()
                0x00000000c0052f64                taskReturned
                0x00000000c0052fec                Thr::processFromPID(int)
                0x00000000c0053170                unblockTask(ThreadControlBlock*)
                0x00000000c00532c4                cleanupTerminatedTask(ThreadControlBlock*)
                0x00000000c0054300                cleanerTaskFunction(void*)
                0x00000000c005455c                terminateTask(int)
                0x00000000c0054844                Thr::terminateFromIRQ(int)
                0x00000000c0054854                Semaphore::release()
 .text          0x00000000c0054bad     0x2e23 vm86/vm8086.32
                0x00000000c0054bad                Vm::inbv(unsigned short)
                0x00000000c0054bc0                Vm::outbv(unsigned short, unsigned char)
                0x00000000c0054c87                Vm::realToLinear(unsigned short, unsigned short)
                0x00000000c0054c97                Vm::getSegment(unsigned int)
                0x00000000c0054c9f                Vm::getOffset(unsigned int)
                0x00000000c0054ca4                Vm::mainloop2()
                0x00000000c0054d31                Vm::mainVm8086Loop(void*)
                0x00000000c0054d66                Vm::mainloop3(unsigned long)
                0x00000000c0054db2                Vm::initialise8086()
                0x00000000c0054e5c                Vm::finish8086()
                0x00000000c0054f21                Vm::getOutput8086(unsigned char*)
                0x00000000c0054f46                Vm::start8086FromBuffer(unsigned char*, int, unsigned short, unsigned short, unsigned short, unsigned short)
                0x00000000c0055107                Vm::start8086(char const*, unsigned short, unsigned short, unsigned short, unsigned short)
                0x00000000c00554e1                Vm::doISR(regs*, int, unsigned char*, unsigned short, unsigned short)
                0x00000000c00557ca                Vm::readByteFromReal(unsigned short, unsigned short)
                0x00000000c00557f7                Vm::readWordFromReal(unsigned short, unsigned short)
                0x00000000c0055829                Vm::readDwordFromReal(unsigned short, unsigned short)
                0x00000000c005585a                Vm::writeByteFromReal(unsigned short, unsigned short, unsigned char)
                0x00000000c005588b                Vm::writeWordFromReal(unsigned short, unsigned short, unsigned short)
                0x00000000c00558bf                Vm::writeDwordFromReal(unsigned short, unsigned short, unsigned int)
                0x00000000c00558f4                Vm::faultHandler(regs*)
 .text          0x00000000c00579d0     0x20ed arch/i386/hal.32
                0x00000000c00579d0                noCopro(unsigned long)
                0x00000000c00579d1                nmiHandler(regs*, void*)
                0x00000000c0057a0b                doubleFault(regs*, void*)
                0x00000000c0057a24                displayDebugInfo(regs*)
                0x00000000c00589e9                HalSystemIdle()
                0x00000000c0058b2a                displayProgramFault(char const*)
                0x00000000c0058caa                gpFault(regs*, void*)
                0x00000000c0058d11                pgFault(regs*, void*)
                0x00000000c0058e86                otherISRHandler(regs*, void*)
                0x00000000c0058eba                opcodeFault(regs*, void*)
                0x00000000c0059091                i386SaveCoprocessor(void*)
                0x00000000c00590a5                i386LoadCoprocessor(void*)
                0x00000000c00590b9                x87EmulHandler(regs*, void*)
                0x00000000c00591fe                HalInitialiseCoprocessor()
                0x00000000c0059307                HalPanic(char const*)
                0x00000000c005958a                HalQueryPerformanceCounter()
                0x00000000c005961c                HalInitialise()
                0x00000000c00599ee                HalMakeBeep(int)
                0x00000000c0059a28                HalGetRand()
                0x00000000c0059a2b                HalEndOfInterrupt(int)
                0x00000000c0059aba                HalRestart()
                0x00000000c0059abb                HalShutdown()
                0x00000000c0059abc                HalSleep()
 *fill*         0x00000000c0059abd        0x3 
 .text          0x00000000c0059ac0      0x30c arch/i386/pic.32
                0x00000000c0059ac0                picIoWait()
                0x00000000c0059ac8                picDisable()
                0x00000000c0059afc                picGetIRQReg(int)
                0x00000000c0059ba4                picOpen()
                0x00000000c0059d28                picEOI(int)
 .text          0x00000000c0059dcc      0xdd9 arch/i386/rtc.32
                0x00000000c0059dcc                RTC::open(int, int, void*)
                0x00000000c0059dd0                RTC::close(int, int, void*)
                0x00000000c0059dd4                RTC::~RTC()
                0x00000000c0059dd4                RTC::~RTC()
                0x00000000c0059ea4                RTC::~RTC()
                0x00000000c0059ece                RTC::timeInSecondsUTC()
                0x00000000c0059f1e                RTC::timeInDatetimeUTC()
                0x00000000c0059fb4                RTC::setTimeInSecondsUTC(unsigned long long)
                0x00000000c005a062                RTC::get_update_in_progress_flag()
                0x00000000c005a09a                RTC::completeRTCRefresh()
                0x00000000c005a568                RTC::setTimeInDatetimeUTC(datetime_t)
                0x00000000c005a844                rtcIRQHandler(regs*, void*)
                0x00000000c005a922                RTC::RTC()
                0x00000000c005a922                RTC::RTC()
 *fill*         0x00000000c005aba5        0x3 
 .text          0x00000000c005aba8      0x590 arch/i386/vga.32
                0x00000000c005aba8                HalConsoleScroll(int, int)
                0x00000000c005af54                HalConsoleWriteCharacter(char, int, int, int, int)
                0x00000000c005b0b0                HalConsoleCursorUpdate(int, int)
 .text          0x00000000c005b138     0x30f7 fs/fat/vfslink.32
                0x00000000c005b138                FAT::getName()
                0x00000000c005b140                FAT::tell(void*, unsigned long long*)
                0x00000000c005b204                FAT::stat(void*, unsigned long long*)
                0x00000000c005b2c8                FAT::~FAT()
                0x00000000c005b2c8                FAT::~FAT()
                0x00000000c005b3ac                FAT::~FAT()
                0x00000000c005b3d4                FAT::getlabel(LogicalDisk*, int, char*, unsigned int*)
                0x00000000c005b758                FAT::setlabel(LogicalDisk*, int, char*)
                0x00000000c005baf8                FAT::format(LogicalDisk*, int, char const*, int)
                0x00000000c005bfc0                FAT::tryMount(LogicalDisk*, int)
                0x00000000c005c4a8                FAT::allocateSwapfile(char const*, int)
                0x00000000c005c9c8                FAT::readDir(void*, unsigned long, void*, int*)
                0x00000000c005cb68                FAT::read(void*, unsigned long, void*, int*)
                0x00000000c005cbf8                FAT::write(void*, unsigned long, void*, int*)
                0x00000000c005cc88                FAT::close(void*)
                0x00000000c005ccdc                FAT::closeDir(void*)
                0x00000000c005cd30                FAT::seek(void*, unsigned long long)
                0x00000000c005cd88                fatWrapperReadDisk
                0x00000000c005ce90                fatWrapperWriteDisk
                0x00000000c005cf98                fatWrapperIoctl
                0x00000000c005d518                FAT::FAT()
                0x00000000c005d518                FAT::FAT()
                0x00000000c005d6e0                FAT::fixFilepath(char*)
                0x00000000c005d874                FAT::open(char const*, void**, FileOpenMode)
                0x00000000c005da70                FAT::openDir(char const*, void**)
                0x00000000c005dbac                FAT::stat(char const*, unsigned long long*, bool*)
                0x00000000c005dd28                FAT::unlink(char const*)
                0x00000000c005ddd8                FAT::chfatattr(char const*, unsigned char, unsigned char)
                0x00000000c005dfb8                FAT::rename(char const*, char const*)
                0x00000000c005e0e0                FAT::mkdir(char const*)
                0x00000000c005e190                FAT::exists(char const*)
 *fill*         0x00000000c005e22f        0x1 
 .text          0x00000000c005e230      0x198 fs/iso9660/helper.32
                0x00000000c005e230                isoReadDiscSectorHelper
                0x00000000c005e390                iso_kprintf
                0x00000000c005e3ac                iso_kprintfd
 .text          0x00000000c005e3c8     0x14a6 fs/iso9660/vfslink.32
                0x00000000c005e3c8                ISO9660::format(LogicalDisk*, int, char const*, int)
                0x00000000c005e3ce                ISO9660::getName()
                0x00000000c005e3d4                ISO9660::chfatattr(char const*, unsigned char, unsigned char)
                0x00000000c005e3da                ISO9660::unlink(char const*)
                0x00000000c005e3e0                ISO9660::write(void*, unsigned long, void*, int*)
                0x00000000c005e3e6                ISO9660::rename(char const*, char const*)
                0x00000000c005e3ec                ISO9660::mkdir(char const*)
                0x00000000c005e3f2                ISO9660::~ISO9660()
                0x00000000c005e3f2                ISO9660::~ISO9660()
                0x00000000c005e4c2                ISO9660::~ISO9660()
                0x00000000c005e4ea                ISO9660::exists(char const*)
                0x00000000c005e4fe                ISO9660::seek(void*, unsigned long long)
                0x00000000c005e540                ISO9660::close(void*)
                0x00000000c005e570                ISO9660::closeDir(void*)
                0x00000000c005e5fc                ISO9660::read(void*, unsigned long, void*, int*)
                0x00000000c005e65e                ISO9660::tell(void*, unsigned long long*)
                0x00000000c005e6c6                ISO9660::stat(void*, unsigned long long*)
                0x00000000c005e732                ISO9660::readDir(void*, unsigned long, void*, int*)
                0x00000000c005e986                ISO9660::open(char const*, void**, FileOpenMode)
                0x00000000c005ed4e                ISO9660::stat(char const*, unsigned long long*, bool*)
                0x00000000c005f18e                ISO9660::openDir(char const*, void**)
                0x00000000c005f5f2                readSectorFromCDROM(unsigned int, unsigned char*, char)
                0x00000000c005f712                ISO9660::tryMount(LogicalDisk*, int)
                0x00000000c005f79a                ISO9660::ISO9660()
                0x00000000c005f79a                ISO9660::ISO9660()
 .text          0x00000000c005f86e      0xb96 hal/sound/sndcard.32
                0x00000000c005f86e                SoundCard::beginPlayback()
                0x00000000c005f87c                SoundCard::stopPlayback()
                0x00000000c005f88a                SoundCard::SoundCard(char const*)
                0x00000000c005f88a                SoundCard::SoundCard(char const*)
                0x00000000c005fc12                SoundCard::~SoundCard()
                0x00000000c005fc12                SoundCard::~SoundCard()
                0x00000000c005fce2                SoundCard::~SoundCard()
                0x00000000c005fd0c                SoundCard::configureRates(int, int, int)
                0x00000000c005fe0a                SoundCard::getSamples16(int, short*)
                0x00000000c005ffb2                SoundCard::getSamples32(int, int*)
                0x00000000c00602ca                SoundCard::addChannel(SoundPort*)
                0x00000000c0060394                SoundCard::removeChannel(int)
 .text          0x00000000c0060404     0x1c81 hal/sound/sndport.32
                0x00000000c0060404                SoundPort::SoundPort(int, int, int, int)
                0x00000000c0060404                SoundPort::SoundPort(int, int, int, int)
                0x00000000c00607a0                SoundPort::~SoundPort()
                0x00000000c00607a0                SoundPort::~SoundPort()
                0x00000000c00608e8                SoundPort::unpause()
                0x00000000c0060938                SoundPort::pause()
                0x00000000c0060988                SoundPort::getBufferUsed()
                0x00000000c00609d4                SoundPort::getBufferSize()
                0x00000000c0060a20                SoundPort::buffer16(short*, int)
                0x00000000c0060f90                SoundPort::buffer32(int*, int)
                0x00000000c00614f0                SoundPort::unbufferAndAdd16(int, short*, SoundCard*)
                0x00000000c0061a48                SoundPort::unbufferAndAdd32(int, int*, SoundCard*)
 .text          0x00000000c0062085        0x0 hw/bus/isa.32
 *fill*         0x00000000c0062085        0x1 
 .text          0x00000000c0062086     0x243f hw/bus/pci.32
                0x00000000c0062086                PCI::close(int, int, void*)
                0x00000000c006208a                PCI::open(int, int, void*)
                0x00000000c006214a                PCI::PCI()
                0x00000000c006214a                PCI::PCI()
                0x00000000c006251c                PCI::readBAR8(unsigned int, int)
                0x00000000c0062556                PCI::readBAR16(unsigned int, int)
                0x00000000c0062596                PCI::readBAR32(unsigned int, int)
                0x00000000c00625d4                PCI::writeBAR8(unsigned int, unsigned char, int)
                0x00000000c0062618                PCI::writeBAR16(unsigned int, unsigned short, int)
                0x00000000c006265a                PCI::writeBAR32(unsigned int, unsigned int, int)
                0x00000000c006269e                PCI::legacyMechanism(unsigned char, unsigned char, unsigned char, unsigned char)
                0x00000000c0062714                PCI::pciReadWord(unsigned char, unsigned char, unsigned char, unsigned char)
                0x00000000c006284c                PCI::getVendorID(unsigned char, unsigned char, unsigned char)
                0x00000000c00628a2                PCI::getHeaderType(unsigned char, unsigned char, unsigned char)
                0x00000000c00628fa                PCI::getClassCode(unsigned char, unsigned char, unsigned char)
                0x00000000c006298e                PCI::getProgIF(unsigned char, unsigned char, unsigned char)
                0x00000000c00629e6                PCI::getRevisionID(unsigned char, unsigned char, unsigned char)
                0x00000000c0062a3c                PCI::getInterruptNumber(unsigned char, unsigned char, unsigned char)
                0x00000000c0062a92                PCI::getSecondaryBus(unsigned char, unsigned char, unsigned char)
                0x00000000c0062aea                PCI::getBARAddress(unsigned char, unsigned char, unsigned char, unsigned char)
                0x00000000c0062b9c                PCI::pciWriteWord(unsigned char, unsigned char, unsigned char, unsigned char, unsigned short)
                0x00000000c0062d08                PCI::pciDetailsToFilepath(PCIDeviceInfo, char*)
                0x00000000c00637ae                PCI::checkBus(unsigned char)
                0x00000000c00637ee                PCI::foundDevice(PCIDeviceInfo)
                0x00000000c0063d8c                PCI::getDeviceData(unsigned char, unsigned char, unsigned char)
                0x00000000c006430a                PCI::checkDevice(unsigned char, unsigned char)
                0x00000000c0064404                PCI::detect()
 *fill*         0x00000000c00644c5        0x1 
 .text          0x00000000c00644c6     0x33da hw/diskctrl/ide.32
                0x00000000c00644c6                IDE::close(int, int, void*)
                0x00000000c00644ca                IDE::IDE()
                0x00000000c00644ca                IDE::IDE()
                0x00000000c00645f2                IDE::prepareInterrupt(unsigned char)
                0x00000000c0064653                selectDrive(unsigned char, unsigned char)
                0x00000000c0064654                IDE::getBase(unsigned char)
                0x00000000c00646b6                IDE::write(unsigned char, unsigned char, unsigned char)
                0x00000000c006498c                IDE::read(unsigned char, unsigned char)
                0x00000000c0064c54                IDE::waitInterrupt(unsigned char)
                0x00000000c0064d79                ideChannel0IRQHandler(regs*, void*)
                0x00000000c0064de8                ideChannel1IRQHandler(regs*, void*)
                0x00000000c0064e58                IDE::enableIRQs(unsigned char, bool)
                0x00000000c0064f6e                IDE::open(int, int, void*)
                0x00000000c0066604                IDE::readBuffer(unsigned char, unsigned char, unsigned int, unsigned int)
                0x00000000c00668f6                IDE::detect()
                0x00000000c00676ea                IDE::printError(unsigned char, unsigned char, unsigned char)
                0x00000000c006781a                IDE::polling(unsigned char, unsigned int)
 .text          0x00000000c00678a0      0xf7b hw/diskctrl/satabus.32
                0x00000000c00678a0                SATABus::close(int, int, void*)
                0x00000000c00678a4                SATABus::detect()
                0x00000000c00678a6                SATABus::SATABus()
                0x00000000c00678a6                SATABus::SATABus()
                0x00000000c0067b1c                SATABus::findCmdslot(SATABus::tagHBA_PORT volatile*)
                0x00000000c0067c10                SATABus::checkType(SATABus::tagHBA_PORT volatile*)
                0x00000000c0067caa                SATABus::startCmd(SATABus::tagHBA_PORT volatile*)
                0x00000000c0067d36                SATABus::stopCmd(SATABus::tagHBA_PORT volatile*)
                0x00000000c0067de4                SATABus::portRebase(SATABus::tagHBA_PORT volatile*, int)
                0x00000000c006841c                SATABus::probePort(SATABus::tagHBA_MEM volatile*)
                0x00000000c0068770                SATABus::open(int, int, void*)
 *fill*         0x00000000c006881b        0x1 
 .text          0x00000000c006881c     0x195e hw/diskphys/ata.32
                0x00000000c006881c                ATA::powerSaving(PowerSavingLevel)
                0x00000000c006881e                ATA::close(int, int, void*)
                0x00000000c00688c2                ATA::ATA()
                0x00000000c00688c2                ATA::ATA()
                0x00000000c006899c                ATA::flush(bool)
                0x00000000c0068aca                ATA::readyForCommand()
                0x00000000c0068bc2                ATA::access(unsigned long long, int, void*, bool)
                0x00000000c006976c                ATA::detectCHS()
                0x00000000c0069866                ATA::open(int, int, void*)
                0x00000000c0069d6d                combineCharAndColour(char, unsigned char)
                0x00000000c0069d7e                combineColours(unsigned char, unsigned char)
                0x00000000c0069d8c                ATA::read(unsigned long long, int, void*)
                0x00000000c0069f82                ATA::write(unsigned long long, int, void*)
 .text          0x00000000c006a17a     0x1731 hw/diskphys/atapi.32
                0x00000000c006a17a                ATAPI::write(unsigned long long, int, void*)
                0x00000000c006a180                ATAPI::close(int, int, void*)
                0x00000000c006a224                ATAPI::ATAPI()
                0x00000000c006a224                ATAPI::ATAPI()
                0x00000000c006a2fe                ATAPI::readyForCommand()
                0x00000000c006a3fc                ATAPI::sendPacket(unsigned char*, int, bool, unsigned short*, int)
                0x00000000c006aed8                ATAPI::diskRemoved()
                0x00000000c006b00e                ATAPI::eject()
                0x00000000c006b08a                ATAPI::diskInserted()
                0x00000000c006b0d6                ATAPI::detectMedia()
                0x00000000c006b2cc                ATAPI::open(int, int, void*)
                0x00000000c006b76e                ATAPI::read(unsigned long long, int, void*)
 *fill*         0x00000000c006b8ab        0x1 
 .text          0x00000000c006b8ac     0x131b hw/diskphys/sata.32
                0x00000000c006b8ac                SATA::powerSaving(PowerSavingLevel)
                0x00000000c006b8ae                SATA::close(int, int, void*)
                0x00000000c006b952                SATA::open(int, int, void*)
                0x00000000c006bbac                SATA::SATA()
                0x00000000c006bbac                SATA::SATA()
                0x00000000c006bc86                SATA::access(unsigned long long, int, void*, bool)
                0x00000000c006c696                SATA::read(unsigned long long, int, void*)
                0x00000000c006c912                SATA::write(unsigned long long, int, void*)
 *fill*         0x00000000c006cbc7        0x1 
 .text          0x00000000c006cbc8     0x16c5 hw/diskphys/satapi.32
                0x00000000c006cbc8                SATAPI::write(unsigned long long, int, void*)
                0x00000000c006cbce                SATAPI::close(int, int, void*)
                0x00000000c006cc72                SATAPI::SATAPI()
                0x00000000c006cc72                SATAPI::SATAPI()
                0x00000000c006cd4c                SATAPI::diskRemoved()
                0x00000000c006cd4e                SATAPI::diskInserted()
                0x00000000c006cda6                SATAPI::sendPacket(unsigned char*, int, unsigned long long, unsigned short*, int)
                0x00000000c006d942                SATAPI::eject()
                0x00000000c006d9fa                SATAPI::detectMedia()
                0x00000000c006dc9a                SATAPI::open(int, int, void*)
                0x00000000c006e002                SATAPI::read(unsigned long long, int, void*)
 *fill*         0x00000000c006e28d        0x1 
 .text          0x00000000c006e28e     0x128b hw/intctrl/apic.32
                0x00000000c006e28e                IOAPIC::close(int, int, void*)
                0x00000000c006e294                apicGetBase()
                0x00000000c006e342                IOAPIC::IOAPIC()
                0x00000000c006e342                IOAPIC::IOAPIC()
                0x00000000c006e416                apicOpen()
                0x00000000c006ea0e                IOAPIC::handlesGSIWithNumber(unsigned int)
                0x00000000c006eb20                IOAPIC::read(int)
                0x00000000c006ebf4                IOAPIC::open(int, int, void*)
                0x00000000c006f220                IOAPIC::write(int, int)
                0x00000000c006f2fc                IOAPIC::redirect(unsigned char, unsigned long long, unsigned char, bool, bool)
 *fill*         0x00000000c006f519        0x3 
 .text          0x00000000c006f51c      0x45c hw/timer/apictimer.32
                0x00000000c006f51c                APICTimer::close(int, int, void*)
                0x00000000c006f524                apicTimerHandler(regs*, void*)
                0x00000000c006f590                APICTimer::open(int, int, void*)
                0x00000000c006f818                APICTimer::write(int)
                0x00000000c006f890                APICTimer::APICTimer()
                0x00000000c006f890                APICTimer::APICTimer()
 .text          0x00000000c006f978      0x741 hw/timer/pit.32
                0x00000000c006f978                PIT::write(int)
                0x00000000c006fa74                pitHandler(regs*, void*)
                0x00000000c006fac4                PIT::open(int, int, void*)
                0x00000000c006fc3c                PIT::close(int, int, void*)
                0x00000000c006fd08                PIT::PIT()
                0x00000000c006fd08                PIT::PIT()
 *fill*         0x00000000c00700b9        0x7 
 .text          0x00000000c00700c0       0x83 arch/i386/avx.32
                0x00000000c00700c0                avxDetect
                0x00000000c00700ea                avxSave
                0x00000000c00700fb                avxLoad
                0x00000000c007010c                avxInit
                0x00000000c007012e                avxClose
                0x00000000c007012f                wouldSheSayYes
 *fill*         0x00000000c0070143        0xd 
 .text          0x00000000c0070150      0x2ec arch/i386/interrupt.32
                0x00000000c0070150                isr0
                0x00000000c0070160                isr1
                0x00000000c007016a                isr2
                0x00000000c0070174                isr3
                0x00000000c007017e                isr4
                0x00000000c0070188                isr5
                0x00000000c0070192                isr6
                0x00000000c007019c                isr7
                0x00000000c00701a6                isr8
                0x00000000c00701ae                isr9
                0x00000000c00701b8                isr10
                0x00000000c00701c0                isr11
                0x00000000c00701c8                isr12
                0x00000000c00701d0                isr13
                0x00000000c00701ea                isr14
                0x00000000c00701f2                isr15
                0x00000000c00701fc                isr16
                0x00000000c0070206                isr17
                0x00000000c0070210                isr18
                0x00000000c007021a                irq3
                0x00000000c0070224                irq4
                0x00000000c007022e                irq5
                0x00000000c0070238                irq6
                0x00000000c0070242                irq7
                0x00000000c007024c                irq8
                0x00000000c0070256                irq9
                0x00000000c0070260                irq10
                0x00000000c007026a                irq11
                0x00000000c0070274                irq12
                0x00000000c007027e                irq13
                0x00000000c0070288                irq14
                0x00000000c0070292                irq15
                0x00000000c007029c                irq1
                0x00000000c00702a3                irq2
                0x00000000c00702aa                isr96
                0x00000000c00702b1                irq0
                0x00000000c00702b6                int_common_stub
                0x00000000c00702e8                syscall_common_stub
                0x00000000c00703ec                irq16
                0x00000000c00703f6                irq17
                0x00000000c0070400                irq18
                0x00000000c007040a                irq19
                0x00000000c0070414                irq20
                0x00000000c007041e                irq21
                0x00000000c0070428                irq22
                0x00000000c0070432                irq23
 *fill*         0x00000000c007043c        0x4 
 .text          0x00000000c0070440       0x10 arch/i386/rdrand.32
                0x00000000c0070440                i386GetRDRAND
 .text          0x00000000c0070450       0x39 arch/i386/sse.32
                0x00000000c0070450                absolutelyNoChanceInHell
                0x00000000c0070450                sseDetect
                0x00000000c0070468                sseSave
                0x00000000c0070470                sseLoad
                0x00000000c0070478                sseInit
                0x00000000c0070488                sseClose
 *fill*         0x00000000c0070489        0x7 
 .text          0x00000000c0070490       0x49 arch/i386/x87.32
                0x00000000c0070496                x87Detect
                0x00000000c00704b1                x87Save
                0x00000000c00704b8                x87Load
                0x00000000c00704bf                x87Init
                0x00000000c00704d8                x87Close
 *fill*         0x00000000c00704d9        0x3 
 .text          0x00000000c00704dc       0x25 /cygdrive/d/Users/Alex/Desktop/Toolchain/Output/bin/../lib/gcc/i386-banana/8.1.0/crtend.o
 .text          0x00000000c0070501        0x0 crtn.32
 *fill*         0x00000000c0070501        0x3 
 .text          0x00000000c0070504      0x14b /cygdrive/d/Users/Alex/Desktop/Toolchain/Output/bin/../lib/gcc/i386-banana/8.1.0/libkgcc.a(_divdi3.o)