Archive member included to satisfy reference by file (symbol)

/cygdrive/d/Users/Alex/Desktop/Toolchain/Output/bin/../lib/gcc/i386-banana/8.1.0/libkgcc.a(_divdi3.o)
                              fs/fat/ff.32 (__divdi3)
/cygdrive/d/Users/Alex/Desktop/Toolchain/Output/bin/../lib/gcc/i386-banana/8.1.0/libkgcc.a(_moddi3.o)
                              compat/resolve.32 (__moddi3)
/cygdrive/d/Users/Alex/Desktop/Toolchain/Output/bin/../lib/gcc/i386-banana/8.1.0/libkgcc.a(_udivdi3.o)
                              fs/fat/ff.32 (__udivdi3)
/cygdrive/d/Users/Alex/Desktop/Toolchain/Output/bin/../lib/gcc/i386-banana/8.1.0/libkgcc.a(_umoddi3.o)
                              compat/resolve.32 (__umoddi3)
D:/Users/Alex/Desktop/Banana/kernel/libsoftfp.a(sfieeelib.o)
                              hal/libresample/src_linear.32 (__subsf3)
D:/Users/Alex/Desktop/Banana/kernel/libsoftfp.a(dfieeelib.o)
                              hal/libresample/src_linear.32 (__adddf3)
D:/Users/Alex/Desktop/Banana/kernel/libsoftfp.a(sfdfcvt.o)
                              hal/libresample/samplerate.32 (__truncdfsf2)
D:/Users/Alex/Desktop/Banana/kernel/libk/libm32.a(s_fabs.c.o)
                              hal/libresample/samplerate.32 (fabs)
D:/Users/Alex/Desktop/Banana/kernel/libk/libm32.a(s_lrint.S.o)
                              hal/libresample/samplerate.32 (lrint)
D:/Users/Alex/Desktop/Banana/kernel/libk/libm32.a(s_lrintf.S.o)
                              hal/sound/sndhw.32 (lrintf)

Discarded input sections

 .comment       0x0000000000000000       0x12 /cygdrive/d/Users/Alex/Desktop/Toolchain/Output/bin/../lib/gcc/i386-banana/8.1.0/crtbegin.o
 .comment       0x0000000000000000       0x12 acpica/utclib.32
 .comment       0x0000000000000000       0x12 core/malloc.32
 .comment       0x0000000000000000       0x12 libk/string.32
 .comment       0x0000000000000000       0x12 fs/fat/diskio.32
 .comment       0x0000000000000000       0x12 fs/fat/ff.32
 .comment       0x0000000000000000       0x12 fs/fat/ffsystem.32
 .comment       0x0000000000000000       0x12 fs/fat/ffunicode.32
 .comment       0x0000000000000000       0x12 hal/libresample/samplerate.32
 .comment       0x0000000000000000       0x12 hal/libresample/src_linear.32
 .comment       0x0000000000000000       0x12 hal/libresample/src_sinc.32
 .comment       0x0000000000000000       0x12 hal/libresample/src_zoh.32
 .comment       0x0000000000000000       0x12 compat/inlines.32
 .comment       0x0000000000000000       0x12 compat/resolve.32
 .group         0x0000000000000000       0x14 core/computer.32
 .group         0x0000000000000000        0xc core/computer.32
 .comment       0x0000000000000000       0x12 core/computer.32
 .comment       0x0000000000000000       0x12 core/gdt.32
 .group         0x0000000000000000        0xc core/idle.32
 .comment       0x0000000000000000       0x12 core/idle.32
 .comment       0x0000000000000000       0x12 core/idt.32
 .comment       0x0000000000000000       0x12 core/kheap.32
 .comment       0x0000000000000000       0x12 core/main.32
 .comment       0x0000000000000000       0x12 core/physmgr.32
 .group         0x0000000000000000        0xc core/pipe.32
 .comment       0x0000000000000000       0x12 core/pipe.32
 .group         0x0000000000000000        0xc core/terminal.32
 .comment       0x0000000000000000       0x12 core/terminal.32
 .comment       0x0000000000000000       0x12 core/tss.32
 .group         0x0000000000000000        0x8 core/unixfile.32
 .group         0x0000000000000000        0xc core/unixfile.32
 .group         0x0000000000000000        0xc core/unixfile.32
 .group         0x0000000000000000        0x8 core/unixfile.32
 .group         0x0000000000000000        0xc core/unixfile.32
 .group         0x0000000000000000        0x8 core/unixfile.32
 .group         0x0000000000000000        0xc core/unixfile.32
 .group         0x0000000000000000        0xc core/unixfile.32
 .comment       0x0000000000000000       0x12 core/unixfile.32
 .comment       0x0000000000000000       0x12 core/virtmgr.32
 .comment       0x0000000000000000       0x12 coreobjs/c++.32
 .comment       0x0000000000000000       0x12 dbg/kconsole.32
 .group         0x0000000000000000        0xc fs/vfs.32
 .group         0x0000000000000000        0xc fs/vfs.32
 .group         0x0000000000000000        0xc fs/vfs.32
 .comment       0x0000000000000000       0x12 fs/vfs.32
 .group         0x0000000000000000        0xc hal/bus.32
 .comment       0x0000000000000000       0x12 hal/bus.32
 .group         0x0000000000000000        0xc hal/buzzer.32
 .comment       0x0000000000000000       0x12 hal/buzzer.32
 .group         0x0000000000000000        0xc hal/clock.32
 .comment       0x0000000000000000       0x12 hal/clock.32
 .group         0x0000000000000000       0x14 hal/device.32
 .group         0x0000000000000000        0xc hal/device.32
 .group         0x0000000000000000        0xc hal/device.32
 .group         0x0000000000000000        0xc hal/device.32
[...]
Memory Configuration

Name             Origin             Length             Attributes
*default*        0x0000000000000000 0xffffffffffffffff

Linker script and memory map

LOAD D:/Users/Alex/Desktop/Banana/kernel/boot.32
LOAD crti.32
LOAD /cygdrive/d/Users/Alex/Desktop/Toolchain/Output/bin/../lib/gcc/i386-banana/8.1.0/crtbegin.o
LOAD D:/Users/Alex/Desktop/Banana/kernel/morenasm.32
LOAD acpica/utclib.32
LOAD core/malloc.32
LOAD libk/string.32
LOAD fs/fat/diskio.32
LOAD fs/fat/ff.32
LOAD fs/fat/ffsystem.32
LOAD fs/fat/ffunicode.32
LOAD hal/libresample/samplerate.32
LOAD hal/libresample/src_linear.32
LOAD hal/libresample/src_sinc.32
LOAD hal/libresample/src_zoh.32
LOAD compat/inlines.32
LOAD compat/resolve.32
LOAD core/computer.32
LOAD core/gdt.32
LOAD core/idle.32
LOAD core/idt.32
LOAD core/kheap.32
LOAD core/main.32
LOAD core/physmgr.32
LOAD core/pipe.32
LOAD core/terminal.32
LOAD core/tss.32
LOAD core/unixfile.32
LOAD core/virtmgr.32
LOAD coreobjs/c++.32
LOAD dbg/kconsole.32
LOAD fs/vfs.32
LOAD hal/bus.32
LOAD hal/buzzer.32
LOAD hal/clock.32
LOAD hal/device.32
LOAD hal/diskctrl.32
LOAD hal/diskphys.32
LOAD hal/fpu.32
LOAD hal/intctrl.32
LOAD hal/keybrd.32
LOAD hal/logidisk.32
LOAD hal/mouse.32
LOAD hal/partition.32
LOAD hal/serial.32
LOAD hal/timer.32
LOAD hal/vcache.32
LOAD hal/video.32
LOAD hw/acpi.32
LOAD hw/cpu.32
LOAD hw/ports.32
LOAD hw/smp.32
LOAD krnl/env.32
LOAD krnl/panic.32
LOAD net/ethernet.32
LOAD reg/registry.32
LOAD sys/sc_eject.32
LOAD sys/sc_exit.32
LOAD sys/sc_getcwd.32
LOAD sys/sc_getpid.32
LOAD sys/sc_getramdata.32
LOAD sys/sc_getvgaptr.32
LOAD sys/sc_loaddll.32
LOAD sys/sc_read.32
LOAD sys/sc_sbrk.32
LOAD sys/sc_setcwd.32
LOAD sys/sc_settime.32
LOAD sys/sc_timezone.32
LOAD sys/sc_write.32
LOAD sys/sc_wsbe.32
LOAD sys/sc_yield.32
LOAD sys/syscalls.32
LOAD thr/elf.32
LOAD thr/prcssthr.32
LOAD vm86/vm8086.32
LOAD vm86/x87em.32
LOAD fs/fat/vfslink.32
LOAD fs/iso9660/vfslink.32
LOAD hal/sound/sndchannel.32
LOAD hal/sound/sndhw.32
LOAD hw/bus/isa.32
LOAD hw/bus/pci.32
LOAD hw/diskctrl/ide.32
LOAD hw/diskctrl/satabus.32
LOAD hw/diskphys/ata.32
LOAD hw/diskphys/atapi.32
LOAD hw/diskphys/sata.32
LOAD hw/diskphys/satapi.32
LOAD hw/fpu/avx.32
LOAD hw/fpu/mmx.32
LOAD hw/fpu/sse.32
LOAD hw/fpu/x87.32
LOAD hw/intctrl/apic.32
LOAD hw/intctrl/pic.32
LOAD hw/timer/apictimer.32
LOAD hw/timer/pit.32
LOAD hw/fpu/x86/avx.32
LOAD hw/fpu/x86/sse.32
LOAD hw/fpu/x86/x87.32
LOAD /cygdrive/d/Users/Alex/Desktop/Toolchain/Output/bin/../lib/gcc/i386-banana/8.1.0/crtend.o
LOAD crtn.32
LOAD /cygdrive/d/Users/Alex/Desktop/Toolchain/Output/bin/../lib/gcc/i386-banana/8.1.0/libkgcc.a
LOAD D:/Users/Alex/Desktop/Banana/kernel/libsoftfp.a
LOAD D:/Users/Alex/Desktop/Banana/kernel/libk/libm32.a
                0x00000000c0000000                . = 0xc0000000

.text           0x00000000c0000000    0x28f38
 *(.text)
 .text          0x00000000c0000000       0x41 D:/Users/Alex/Desktop/Banana/kernel/boot.32
                0x00000000c0000020                callGlobalConstructors
 .text          0x00000000c0000041        0x0 crti.32
 *fill*         0x00000000c0000041        0x3 
 .text          0x00000000c0000044      0x101 /cygdrive/d/Users/Alex/Desktop/Toolchain/Output/bin/../lib/gcc/i386-banana/8.1.0/crtbegin.o
 *fill*         0x00000000c0000145        0xb 
 .text          0x00000000c0000150      0x4fb D:/Users/Alex/Desktop/Banana/kernel/morenasm.32
                0x00000000c0000150                manualPCIProbe
                0x00000000c000019b                prepareTramp
                0x00000000c00001b4                voodooXADD
                0x00000000c000027f                doTPAUSE
                0x00000000c0000289                hasLegacyFPU
                0x00000000c00002ae                is486
                0x00000000c00002e4                detectCPUID
                0x00000000c00002fa                goToVM86
                0x00000000c000032a                goToUsermode
                0x00000000c0000354                switchToThreadASMFirstTime
                0x00000000c0000362                switchToThreadASM
                0x00000000c00003f2                asmQuickAcquireLock
                0x00000000c0000410                asmQuickReleaseLock
                0x00000000c000041c                asmAcquireLock
                0x00000000c000043d                asmReleaseLock
                0x00000000c0000450                loadGDT
                0x00000000c0000470                isr0
                0x00000000c0000480                isr1
                0x00000000c000048a                isr2
                0x00000000c0000494                isr3
                0x00000000c000049e                isr4
                0x00000000c00004a8                isr5
                0x00000000c00004b2                isr6
                0x00000000c00004bc                isr7
                0x00000000c00004c6                isr8
                0x00000000c00004ce                isr9
                0x00000000c00004d8                isr10
                0x00000000c00004e0                isr11
                0x00000000c00004e8                isr12
                0x00000000c00004f0                isr13
                0x00000000c00004f8                isr14
                0x00000000c0000500                isr15
                0x00000000c000050a                isr16
                0x00000000c0000514                isr17
                0x00000000c000051e                isr18
                0x00000000c0000528                irq3
                0x00000000c0000532                irq4
                0x00000000c000053c                irq5
                0x00000000c0000546                irq6
                0x00000000c0000550                irq7
                0x00000000c000055a                irq8
                0x00000000c0000564                irq9
                0x00000000c000056e                irq10
                0x00000000c0000578                irq11
                0x00000000c0000582                irq12
                0x00000000c000058c                irq13
                0x00000000c0000596                irq14
                0x00000000c00005a0                irq15
                0x00000000c00005aa                irq1
                0x00000000c00005b1                irq2
                0x00000000c00005b8                isr96
                0x00000000c00005bf                irq0
                0x00000000c00005c4                syscall_common_stub
                0x00000000c00005c4                int_common_stub
                0x00000000c00005f6                irq16
                0x00000000c0000600                irq17
                0x00000000c000060a                irq18
                0x00000000c0000614                irq19
                0x00000000c000061e                irq20
                0x00000000c0000628                irq21
                0x00000000c0000632                irq22
                0x00000000c000063c                irq23
                0x00000000c0000646                memcpy
 *fill*         0x00000000c000064b        0x1 
 .text          0x00000000c000064c      0x5dd acpica/utclib.32
                0x00000000c000064c                memcmp
                0x00000000c0000688                memmove
                0x00000000c0000750                memset
                0x00000000c000076c                strlen
                0x00000000c0000784                strpbrk
                0x00000000c00007c0                strtok
                0x00000000c000080c                strcpy
                0x00000000c0000830                strncpy
                0x00000000c0000898                strcmp
                0x00000000c00008d8                strchr
                0x00000000c00008fc                strncmp
                0x00000000c000094c                strcat
                0x00000000c000097c                strncat
                0x00000000c00009b8                strstr
                0x00000000c0000a00                toupper
                0x00000000c0000a14                tolower
                0x00000000c0000a28                simple_strtoul
 .text          0x00000000c0000c29      0xfad core/malloc.32
                0x00000000c0000d94                dlfree
                0x00000000c00010ef                dlmalloc
                0x00000000c000162c                dlrealloc
                0x00000000c00017cf                dlmemalign
                0x00000000c00018f2                dlcalloc
                0x00000000c000198c                dlcfree
                0x00000000c0001991                dlindependent_calloc
                0x00000000c00019b6                dlindependent_comalloc
                0x00000000c00019cd                dlvalloc
                0x00000000c00019f8                dlpvalloc
                0x00000000c0001a2e                dlmalloc_trim
                0x00000000c0001a3b                dlmalloc_usable_size
                0x00000000c0001a6c                dlmallinfo
                0x00000000c0001b3b                dlmalloc_stats
                0x00000000c0001b4c                dlmallopt
 .text          0x00000000c0001bd6        0x0 libk/string.32
 .text          0x00000000c0001bd6       0x51 fs/fat/diskio.32
                0x00000000c0001bd6                disk_status
                0x00000000c0001bd9                disk_initialize
                0x00000000c0001bdc                disk_read
                0x00000000c0001bf2                disk_write
                0x00000000c0001c08                disk_ioctl
 .text          0x00000000c0001c27     0x6833 fs/fat/ff.32
                0x00000000c0004ef5                f_mount
                0x00000000c0004f57                f_open
                0x00000000c0005393                f_read
                0x00000000c0005613                f_write
                0x00000000c00058cd                f_sync
                0x00000000c0005aa9                f_close
                0x00000000c0005ad8                f_lseek
                0x00000000c0005f8f                f_opendir
                0x00000000c0006091                f_closedir
                0x00000000c00060b3                f_readdir
                0x00000000c000614e                f_stat
                0x00000000c00061dd                f_getfree
                0x00000000c00063a8                f_truncate
                0x00000000c00064a0                f_unlink
                0x00000000c0006623                f_mkdir
                0x00000000c000684f                f_rename
                0x00000000c0006b42                f_chmod
                0x00000000c0006c20                f_utime
                0x00000000c0006cfe                f_getlabel
                0x00000000c0006eec                f_setlabel
                0x00000000c0007159                f_forward
                0x00000000c0007337                f_mkfs
 .text          0x00000000c000845a       0x2d fs/fat/ffsystem.32
                0x00000000c000845a                ff_memalloc
                0x00000000c0008470                ff_memfree
 .text          0x00000000c0008487      0x253 fs/fat/ffunicode.32
                0x00000000c0008487                ff_uni2oem
                0x00000000c0008517                ff_oem2uni
                0x00000000c0008583                ff_wtoupper
 .text          0x00000000c00086da      0x8fb hal/libresample/samplerate.32
                0x00000000c000871e                src_delete
                0x00000000c000875a                src_process
                0x00000000c0008910                src_callback_read
                0x00000000c0008a8d                src_set_ratio
                0x00000000c0008af7                src_get_channels
                0x00000000c0008b19                src_reset
                0x00000000c0008b65                src_new
                0x00000000c0008bf3                src_callback_new
                0x00000000c0008c55                src_get_name
                0x00000000c0008c8c                src_get_description
                0x00000000c0008cc3                src_get_version
                0x00000000c0008cc9                src_is_valid_ratio
                0x00000000c0008d1d                src_error
                0x00000000c0008d2b                src_strerror
                0x00000000c0008d3e                src_simple
                0x00000000c0008d91                src_short_to_float_array
                0x00000000c0008df6                src_float_to_short_array
                0x00000000c0008eb5                src_int_to_float_array
                0x00000000c0008f18                src_float_to_int_array
 .text          0x00000000c0008fd5      0x8cb hal/libresample/src_linear.32
                0x00000000c00097fb                linear_get_name
                0x00000000c000980a                linear_get_description
                0x00000000c0009819                linear_set_converter
 .text          0x00000000c00098a0     0x447c hal/libresample/src_sinc.32
                0x00000000c000dc33                sinc_get_name
                0x00000000c000dc46                sinc_get_description
                0x00000000c000dc59                sinc_set_converter
 .text          0x00000000c000dd1c      0x77c hal/libresample/src_zoh.32
                0x00000000c000e3f3                zoh_get_name
                0x00000000c000e402                zoh_get_description
                0x00000000c000e411                zoh_set_converter
 .text          0x00000000c000e498       0xa7 compat/inlines.32
                0x00000000c000e498                CPU::current()
                0x00000000c000e4a4                operator new(unsigned long)
                0x00000000c000e4a9                operator delete(void*)
                0x00000000c000e4ae                disableIRQs()
                0x00000000c000e4b6                enableIRQs()
                0x00000000c000e4c5                lockScheduler()
                0x00000000c000e4cd                unlockScheduler()
                0x00000000c000e4dc                lockStuff()
                0x00000000c000e4ea                unlockStuff()
                0x00000000c000e524                Virt::getAKernelVAS()
                0x00000000c000e52a                __not_memcpy
 .text          0x00000000c000e53f      0x111 compat/resolve.32
                0x00000000c000e53f                Krnl::resolveCompatibilitySymbol(char*)
 .text          0x00000000c000e650      0xa17 core/computer.32
                0x00000000c000e650                Computer::close(int, int, void*)
                0x00000000c000e694                Krnl::firstTask()
                0x00000000c000e784                Computer::Computer()
                0x00000000c000e784                Computer::Computer()
                0x00000000c000e8e0                Computer::setBootMessage(char const*)
                0x00000000c000e8e2                Computer::detectFeatures()
                0x00000000c000eaec                Computer::displayFeatures()
                0x00000000c000ee32                Computer::rdmsr(unsigned int)
                0x00000000c000ee5e                Computer::wrmsr(unsigned int, unsigned long long)
                0x00000000c000ee96                Computer::nmiEnabled()
                0x00000000c000eea2                Computer::readCMOS(unsigned char)
                0x00000000c000eebc                Computer::enableNMI(bool)
                0x00000000c000eed4                Computer::open(int, int, void*)
                0x00000000c000efaa                Computer::disableNMI()
                0x00000000c000efb8                Computer::writeCMOS(unsigned char, unsigned char)
                0x00000000c000efd6                Computer::handleNMI()
                0x00000000c000f03c                Computer::setDiskActivityLight(int, bool)
 *fill*         0x00000000c000f067        0x1 
 .text          0x00000000c000f068      0x1b7 core/gdt.32
                0x00000000c000f068                GDTEntry::setBase(unsigned int)
                0x00000000c000f084                GDTEntry::setLimit(unsigned int)
                0x00000000c000f0a2                GDT::GDT()
                0x00000000c000f0a2                GDT::GDT()
                0x00000000c000f0b8                GDT::addEntry(GDTEntry)
                0x00000000c000f0f4                GDT::getNumberOfEntries()
                0x00000000c000f0fc                GDT::flush()
                0x00000000c000f11e                GDT::setup()
 .text          0x00000000c000f21f       0x6b core/idle.32
                0x00000000c000f21f                idleFunction(void*)
 .text          0x00000000c000f28a      0x45e core/idt.32
                0x00000000c000f28a                IDTEntry::IDTEntry(bool)
                0x00000000c000f28a                IDTEntry::IDTEntry(bool)
                0x00000000c000f2f8                IDTEntry::setOffset(unsigned int)
                0x00000000c000f30c                IDT::IDT()
                0x00000000c000f30c                IDT::IDT()
                0x00000000c000f30e                IDT::getPointerToInvalidOpcodeEntryForF00F()
                0x00000000c000f316                IDT::addEntry(IDTEntry, int)
                0x00000000c000f330                IDT::addEntry(int, void (*)(), bool)
                0x00000000c000f368                IDT::flush()
                0x00000000c000f382                IDT::setup()
 .text          0x00000000c000f6e8      0x1fe core/kheap.32
                0x00000000c000f6e8                sbrk
                0x00000000c000f7f5                mmap
                0x00000000c000f80b                munmap
                0x00000000c000f821                liballoc_lock()
                0x00000000c000f82e                liballoc_unlock()
                0x00000000c000f842                liballoc_alloc(int)
                0x00000000c000f85d                liballoc_free(void*, int)
                0x00000000c000f878                realloc
                0x00000000c000f88c                malloc
                0x00000000c000f89c                free
                0x00000000c000f8ac                rfree
                0x00000000c000f8bc                calloc
 .text          0x00000000c000f8e6      0x1b3 core/main.32
                0x00000000c000f8e6                Krnl::setBootMessage(char const*)
                0x00000000c000f94f                kernel_main
 .text          0x00000000c000fa99      0x50d core/physmgr.32
                0x00000000c000fa99                Phys::allocateDMA(unsigned long)
                0x00000000c000fb3c                Phys::freeDMA(unsigned long, unsigned long)
                0x00000000c000fb84                Phys::setPageState(unsigned long, bool)
                0x00000000c000fbb6                Phys::getPageState(unsigned long)
                0x00000000c000fbd2                Phys::freePage(unsigned long)
                0x00000000c000fc2d                Phys::allocatePage()
                0x00000000c000fce2                Phys::allocateContiguousPages(int)
                0x00000000c000fd3e                Phys::allowSegmentToBeUsed(unsigned long, unsigned long)
                0x00000000c000fd76                Phys::physicalMemorySetup(unsigned int)
 .text          0x00000000c000ffa6      0x273 core/pipe.32
                0x00000000c000ffa6                Pipe::isAtty()
                0x00000000c000ffaa                Pipe::~Pipe()
                0x00000000c000ffaa                Pipe::~Pipe()
                0x00000000c000ffce                Pipe::~Pipe()
                0x00000000c000fff6                Pipe::read(unsigned long long, void*, int*)
                0x00000000c00100f2                Pipe::write(unsigned long long, void*, int*)
                0x00000000c00101b2                Pipe::Pipe(int)
                0x00000000c00101b2                Pipe::Pipe(int)
 *fill*         0x00000000c0010219        0x1 
 .text          0x00000000c001021a      0xc7b core/terminal.32
                0x00000000c001021a                VgaText::isAtty()
                0x00000000c001021e                VgaText::~VgaText()
                0x00000000c001021e                VgaText::~VgaText()
                0x00000000c0010242                VgaText::~VgaText()
                0x00000000c001026c                VgaText::read(unsigned long long, void*, int*)
                0x00000000c001028c                setTerminalScrollLock(bool)
                0x00000000c001028d                addToTerminalCycle(VgaText*)
                0x00000000c00102ae                installVgaTextImplementation()
                0x00000000c00102c3                scrollTerminalScrollLock(int)
                0x00000000c00102c4                VgaText::updateTitle()
                0x00000000c0010302                VgaText::load()
                0x00000000c0010350                VgaText::updateCursor()
                0x00000000c0010366                VgaText::showCursor(bool)
                0x00000000c0010372                VgaText::disableBlink(bool)
                0x00000000c00103a6                VgaText::doANSI_SGR(int)
                0x00000000c001041a                VgaText::setDefaultBgColour(VgaColour)
                0x00000000c001042a                VgaText::setDefaultFgColour(VgaColour)
                0x00000000c001043a                VgaText::setDefaultColours(VgaColour, VgaColour)
                0x00000000c001045a                VgaText::setTitleTextColour(VgaColour)
                0x00000000c001046a                VgaText::setTitleColour(VgaColour)
                0x00000000c001047a                VgaText::setTitle(char*)
                0x00000000c00104a0                VgaText::combineColours(unsigned char, unsigned char)
                0x00000000c00104b2                VgaText::scrollScreen()
                0x00000000c0010546                VgaText::combineCharAndColour(char, unsigned char)
                0x00000000c0010558                VgaText::writeCharacter(char, VgaColour, VgaColour, int, int)
                0x00000000c00105b4                VgaText::getCursorX()
                0x00000000c00105bc                VgaText::getCursorY()
                0x00000000c00105c4                VgaText::setCursor(int, int)
                0x00000000c00105dc                VgaText::setCursorX(int)
                0x00000000c00105f4                VgaText::setCursorY(int)
                0x00000000c001060c                VgaText::incrementCursor(bool)
                0x00000000c0010660                VgaText::decrementCursor(bool)
                0x00000000c0010682                VgaText::putchar(char, VgaColour, VgaColour)
                0x00000000c001075a                VgaText::isShowingCursor()
                0x00000000c0010762                VgaText::isBlinkDisabled()
                0x00000000c001076e                VgaText::setCursorHeight(int)
                0x00000000c0010786                VgaText::getCursorHeight()
                0x00000000c001078e                setActiveTerminal(VgaText*)
                0x00000000c0010834                doTerminalCycle()
                0x00000000c001084e                VgaText::doUpdate()
                0x00000000c001085c                VgaText::puts(char const*, VgaColour, VgaColour)
                0x00000000c00109d4                VgaText::clearScreen()
                0x00000000c0010a2e                VgaText::putchar(char)
                0x00000000c0010b1a                VgaText::putx(unsigned int)
                0x00000000c0010b60                VgaText::puts(char const*)
                0x00000000c0010b86                VgaText::VgaText(char const*)
                0x00000000c0010b86                VgaText::VgaText(char const*)
                0x00000000c0010d34                VgaText::receiveKey(unsigned char)
                0x00000000c0010e1c                VgaText::write(unsigned long long, void*, int*)
                0x00000000c0010e70                newTerminal(char*)
 *fill*         0x00000000c0010e95        0x1 
 .text          0x00000000c0010e96      0x1b3 core/tss.32
                0x00000000c0010e96                TSS::TSS()
                0x00000000c0010e96                TSS::TSS()
                0x00000000c0010ea4                TSS::setESP(unsigned long)
                0x00000000c0010eb6                TSS::flush()
                0x00000000c0010ed6                TSS::setup(unsigned long, unsigned long)
 *fill*         0x00000000c0011049        0x1 
 .text          0x00000000c001104a      0x4c2 core/unixfile.32
                0x00000000c001104a                ReservedFilename::read(unsigned long long, void*, int*)
                0x00000000c00110a0                ReservedFilename::isAtty()
                0x00000000c00110bc                ReservedFilename::write(unsigned long long, void*, int*)
                0x00000000c001111a                UnixFile::getFileDescriptor()
                0x00000000c0011122                UnixFile::UnixFile(int)
                0x00000000c0011122                UnixFile::UnixFile(int)
                0x00000000c00112d2                ReservedFilename::ReservedFilename(int)
                0x00000000c00112d2                ReservedFilename::ReservedFilename(int)
                0x00000000c0011304                UnixFile::~UnixFile()
                0x00000000c0011304                UnixFile::~UnixFile()
                0x00000000c001139c                UnixFile::~UnixFile()
                0x00000000c00113c4                ReservedFilename::~ReservedFilename()
                0x00000000c00113c4                ReservedFilename::~ReservedFilename()
                0x00000000c00113e8                ReservedFilename::~ReservedFilename()
                0x00000000c001140f                getFromFileDescriptor(int)
 .text          0x00000000c001150c     0x12f9 core/virtmgr.32
                0x00000000c001150c                Virt::setPageState(unsigned long, Virt::VirtPageState)
                0x00000000c0011541                Virt::getPageState(unsigned long)
                0x00000000c0011565                Virt::allocateKernelVirtualPages(int)
                0x00000000c0011676                Virt::freeSwapfilePage(unsigned long)
                0x00000000c0011694                Virt::swapIDToSector(unsigned long)
                0x00000000c00116a6                Virt::allocateSwapfilePage()
                0x00000000c0011724                Virt::virtualMemorySetup()
                0x00000000c00117a3                Virt::setupPageSwapping(int)
                0x00000000c0011970                VAS::VAS()
                0x00000000c0011970                VAS::VAS()
                0x00000000c00119ac                VAS::VAS(VAS*)
                0x00000000c00119ac                VAS::VAS(VAS*)
                0x00000000c00119da                VAS::getForeignPageTableEntry(bool, unsigned long)
                0x00000000c0011a06                VAS::getPageTableEntry(unsigned long)
                0x00000000c0011a25                Virt::freeKernelVirtualPages(unsigned long)
                0x00000000c0011b48                VAS::freeAllocatedPages(unsigned long)
                0x00000000c0011b6c                VAS::virtualToPhysical(unsigned long)
                0x00000000c0011b84                VAS::reflagRange(unsigned long, int, int, int)
                0x00000000c0011bc4                VAS::setToWriteCombining(unsigned long, int)
                0x00000000c0011bf6                VAS::mapOtherVASIn(bool, VAS*)
                0x00000000c0011c20                VAS::~VAS()
                0x00000000c0011c20                VAS::~VAS()
                0x00000000c0011d9c                VAS::mapPage(unsigned long, unsigned long, int)
                0x00000000c0011e9e                VAS::allocatePages(int, int)
                0x00000000c0012076                VAS::setCPUSpecific(unsigned long)
                0x00000000c0012092                VAS::mapRange(unsigned long, unsigned long, int, int)
                0x00000000c0012158                VAS::mapForeignPage(bool, VAS*, unsigned long, unsigned long, int)
                0x00000000c0012246                VAS::VAS(bool)
                0x00000000c0012246                VAS::VAS(bool)
                0x00000000c00124c6                VAS::evict(unsigned long)
                0x00000000c0012588                VAS::tryLoadBackOffDisk(unsigned long)
                0x00000000c0012698                VAS::scanForEviction()
                0x00000000c0012749                mapVASFirstTime
 .text          0x00000000c0012805       0x95 coreobjs/c++.32
                0x00000000c0012805                __cxa_atexit
                0x00000000c0012808                __cxa_finalize
                0x00000000c0012809                __stack_chk_fail
                0x00000000c0012875                __cxa_pure_virtual
                0x00000000c0012886                operator new[](unsigned long)
                0x00000000c001288b                operator delete(void*, unsigned long)
                0x00000000c0012890                operator delete[](void*)
                0x00000000c0012895                operator delete[](void*, unsigned long)
 .text          0x00000000c001289a      0x1ef dbg/kconsole.32
                0x00000000c001289a                Dbg::stringifyxWithBase(unsigned int, char*, int)
                0x00000000c00128fb                Dbg::logc(char)
                0x00000000c0012912                Dbg::logs(char*)
                0x00000000c001292f                Dbg::logWriteInt(unsigned int)
                0x00000000c001294c                Dbg::logWriteIntBase(unsigned int, int)
                0x00000000c001296b                Dbg::kprintf(char const*, ...)
 *fill*         0x00000000c0012a89        0x1 
 .text          0x00000000c0012a8a      0xb82 fs/vfs.32
                0x00000000c0012a8a                File::read(unsigned long long, void*, int*)
                0x00000000c0012ae2                File::write(unsigned long long, void*, int*)
                0x00000000c0012b3a                Directory::read(unsigned long long, void*, int*)
                0x00000000c0012b92                Directory::write(unsigned long long, void*, int*)
                0x00000000c0012bc0                File::isAtty()
                0x00000000c0012bc4                Directory::isAtty()
                0x00000000c0012bc8                Filesystem::getlabel(LogicalDisk*, int, char*, unsigned int*)
                0x00000000c0012bce                Filesystem::setlabel(LogicalDisk*, int, char*)
                0x00000000c0012bd4                Filesystem::getFileFirstSector(char const*)
                0x00000000c0012bda                File::~File()
                0x00000000c0012bda                File::~File()
                0x00000000c0012bfe                File::~File()
                0x00000000c0012c28                Directory::~Directory()
                0x00000000c0012c28                Directory::~Directory()
                0x00000000c0012c4c                Directory::~Directory()
                0x00000000c0012c76                Filesystem::Filesystem()
                0x00000000c0012c76                Filesystem::Filesystem()
                0x00000000c0012c9a                Filesystem::~Filesystem()
                0x00000000c0012c9a                Filesystem::~Filesystem()
                0x00000000c0012ca8                Filesystem::~Filesystem()
                0x00000000c0012ccc                Fs::getcwd(Process*, char*, int)
                0x00000000c0012cf6                Fs::initVFS()
                0x00000000c0012d20                Fs::standardiseFiles(char*, char const*, char const*)
                0x00000000c0012eca                File::File(char const*, Process*)
                0x00000000c0012eca                File::File(char const*, Process*)
                0x00000000c0012f2e                File::open(FileOpenMode)
                0x00000000c0012f8c                File::close()
                0x00000000c0012fec                File::seek(unsigned long long)
                0x00000000c0013042                File::tell(unsigned long long*)
                0x00000000c0013092                File::rewind()
                0x00000000c00130a6                File::unlink()
                0x00000000c00130f2                File::rename(char const*)
                0x00000000c0013140                File::chfatattr(unsigned char, unsigned char)
                0x00000000c001319c                File::exists()
                0x00000000c00131da                File::stat(unsigned long long*, bool*)
                0x00000000c001323b                Fs::setcwd(Process*, char*)
                0x00000000c0013376                Directory::Directory(char const*, Process*)
                0x00000000c0013376                Directory::Directory(char const*, Process*)
                0x00000000c00133da                Directory::open()
                0x00000000c0013436                Directory::close()
                0x00000000c0013496                Directory::unlink()
                0x00000000c00134e2                Directory::rename(char const*)
                0x00000000c0013530                Directory::exists()
                0x00000000c001356e                Directory::read(dirent*)
                0x00000000c00135ba                Directory::create()
                0x00000000c0013606                Filesystem::chfatattr(char const*, unsigned char, unsigned char)
 .text          0x00000000c001360c       0x84 hal/bus.32
                0x00000000c001360c                Bus::Bus(char const*)
                0x00000000c001360c                Bus::Bus(char const*)
                0x00000000c0013642                Bus::~Bus()
                0x00000000c0013642                Bus::~Bus()
                0x00000000c0013666                Bus::~Bus()
 .text          0x00000000c0013690      0x156 hal/buzzer.32
                0x00000000c0013690                Buzzer::Buzzer(char const*)
                0x00000000c0013690                Buzzer::Buzzer(char const*)
                0x00000000c00136d4                Buzzer::~Buzzer()
                0x00000000c00136d4                Buzzer::~Buzzer()
                0x00000000c00136f8                Buzzer::~Buzzer()
                0x00000000c0013722                Buzzer::stop()
                0x00000000c0013735                beepThread(void*)
                0x00000000c0013778                Buzzer::beep(int, int, bool)
 .text          0x00000000c00137e6      0x467 hal/clock.32
                0x00000000c00137e6                User::loadClockSettings(int)
                0x00000000c0013838                Clock::Clock(char const*)
                0x00000000c0013838                Clock::Clock(char const*)
                0x00000000c001386e                Clock::~Clock()
                0x00000000c001386e                Clock::~Clock()
                0x00000000c0013892                Clock::~Clock()
                0x00000000c00138bc                Clock::timeInSecondsLocal()
                0x00000000c0013904                Clock::setTimeInSecondsLocal(unsigned long long)
                0x00000000c001395d                datetimeToSeconds(datetime_t)
                0x00000000c0013a84                Clock::setTimeInDatetimeLocal(datetime_t)
                0x00000000c0013ae4                secondsToDatetime(unsigned long long)
                0x00000000c0013c28                Clock::timeInDatetimeLocal()
 *fill*         0x00000000c0013c4d        0x1 
 .text          0x00000000c0013c4e      0x504 hal/device.32
                0x00000000c0013c4e                Device::hibernate()
                0x00000000c0013c50                Device::wake()
                0x00000000c0013c52                Device::detect()
                0x00000000c0013c54                Device::disableLegacy()
                0x00000000c0013c56                Device::powerSaving(PowerSavingLevel)
                0x00000000c0013c58                DriverlessDevice::close(int, int, void*)
                0x00000000c0013c5c                DriverlessDevice::detect()
                0x00000000c0013c5e                DriverlessDevice::open(int, int, void*)
                0x00000000c0013c72                Device::~Device()
                0x00000000c0013c72                Device::~Device()
                0x00000000c0013c80                Device::~Device()
                0x00000000c0013ca8                Device::findAndLoadDriver()
                0x00000000c0013cb6                Device::preOpenPCI(PCIDeviceInfo)
                0x00000000c0013cdc                Device::preOpenACPI(void*, char*, char*)
                0x00000000c0013d1c                Device::addIRQHandler(int, void (*)(regs*, void*), bool, void*)
                0x00000000c0013d5a                Device::getParent()
                0x00000000c0013d66                Device::removeIRQHandler(int, void (*)(regs*, void*), bool)
                0x00000000c0013da4                Device::addChild(Device*)
                0x00000000c0013de8                Device::removeAllChildren()
                0x00000000c0013e2e                Device::hibernateAll()
                0x00000000c0013e5e                Device::wakeAll()
                0x00000000c0013e8e                Device::detectAll()
                0x00000000c0013ebe                Device::disableLegacyAll()
                0x00000000c0013eee                Device::loadDriversForAll()
                0x00000000c0013f2e                Device::closeAll()
                0x00000000c0013f64                Device::powerSavingAll(PowerSavingLevel)
                0x00000000c0013f9a                Device::setName(char const*)
                0x00000000c0013fa8                Device::Device(char const*)
                0x00000000c0013fa8                Device::Device(char const*)
                0x00000000c00140a4                Device::getName()
                0x00000000c00140ae                DriverlessDevice::DriverlessDevice(char const*)
                0x00000000c00140ae                DriverlessDevice::DriverlessDevice(char const*)
                0x00000000c00140e4                Device::addToLinkedList(LinkedList<Device>&, DeviceType)
                0x00000000c0014128                getDevicesOfType(DeviceType)
 .text          0x00000000c0014152       0x84 hal/diskctrl.32
                0x00000000c0014152                HardDiskController::HardDiskController(char const*)
                0x00000000c0014152                HardDiskController::HardDiskController(char const*)
                0x00000000c0014188                HardDiskController::~HardDiskController()
                0x00000000c0014188                HardDiskController::~HardDiskController()
                0x00000000c00141ac                HardDiskController::~HardDiskController()
 .text          0x00000000c00141d6       0xf2 hal/diskphys.32
                0x00000000c00141d6                PhysicalDisk::eject()
                0x00000000c00141ea                PhysicalDisk::PhysicalDisk(char const*, int)
                0x00000000c00141ea                PhysicalDisk::PhysicalDisk(char const*, int)
                0x00000000c0014252                PhysicalDisk::startCache()
                0x00000000c001427a                PhysicalDisk::~PhysicalDisk()
                0x00000000c001427a                PhysicalDisk::~PhysicalDisk()
                0x00000000c001429e                PhysicalDisk::~PhysicalDisk()
 .text          0x00000000c00142c8      0x13b hal/fpu.32
                0x00000000c00142c8                FPU::FPU(char const*)
                0x00000000c00142c8                FPU::FPU(char const*)
                0x00000000c00142fe                FPU::~FPU()
                0x00000000c00142fe                FPU::~FPU()
                0x00000000c0014322                FPU::~FPU()
                0x00000000c001434c                setupFPU()
 *fill*         0x00000000c0014403        0x1 
 .text          0x00000000c0014404     0x1413 hal/intctrl.32
                0x00000000c0014404                InterruptController::uninstallISRHandler(int, void (*)(regs*, void*))
                0x00000000c001443c                InterruptController::installISRHandler(int, void (*)(regs*, void*), void*)
                0x00000000c001448e                doubleFault(regs*, void*)
                0x00000000c00144a8                InterruptController::installIRQHandler(int, void (*)(regs*, void*), bool, void*)
                0x00000000c0014544                InterruptController::clearAllHandlers(int, bool)
                0x00000000c00145ec                InterruptController::uninstallIRQHandler(int, void (*)(regs*, void*), bool)
                0x00000000c0014673                nmiHandler(regs*, void*)
                0x00000000c0014681                int_handler
                0x00000000c0014722                InterruptController::InterruptController(char const*)
                0x00000000c0014722                InterruptController::InterruptController(char const*)
                0x00000000c00147c8                InterruptController::~InterruptController()
                0x00000000c00147c8                InterruptController::~InterruptController()
                0x00000000c00147ec                InterruptController::~InterruptController()
                0x00000000c0014816                displayDebugInfo(regs*)
                0x00000000c0014ca5                x87EmulHandler(regs*, void*)
                0x00000000c0014d18                gpFault(regs*, void*)
                0x00000000c0014d51                pgFault(regs*, void*)
                0x00000000c0014d68                otherISRHandler(regs*, void*)
                0x00000000c0014d87                opcodeFault(regs*, void*)
                0x00000000c00153a4                displayProgramFault(char const*)
                0x00000000c00153cc                setupInterruptController()
                0x00000000c00157ca                InterruptController::convertLegacyIRQNumber(int)
 *fill*         0x00000000c0015817        0x1 
 .text          0x00000000c0015818      0x794 hal/keybrd.32
                0x00000000c0015818                startGUI(void*)
                0x00000000c0015884                startGUIVESA(void*)
                0x00000000c00158f0                sendKeyToTerminal(unsigned char)
                0x00000000c00159ae                sendKeyboardToken(KeyboardToken)
                0x00000000c0015deb                clearInternalKeybuffer(VgaText*)
                0x00000000c0015e20                readKeyboard(VgaText*, char*, unsigned long)
                0x00000000c0015f22                Keyboard::Keyboard(char const*)
                0x00000000c0015f22                Keyboard::Keyboard(char const*)
                0x00000000c0015f5e                Keyboard::~Keyboard()
                0x00000000c0015f5e                Keyboard::~Keyboard()
                0x00000000c0015f82                Keyboard::~Keyboard()
 .text          0x00000000c0015fac      0x414 hal/logidisk.32
                0x00000000c0015fac                LogicalDisk::close(int, int, void*)
                0x00000000c0015fb0                LogicalDisk::~LogicalDisk()
                0x00000000c0015fb0                LogicalDisk::~LogicalDisk()
                0x00000000c0015fd4                LogicalDisk::~LogicalDisk()
                0x00000000c0015ffe                LogicalDisk::open(int, int, void*)
                0x00000000c0016012                LogicalDisk::absoluteToRelative(unsigned long long)
                0x00000000c001604a                LogicalDisk::relativeToAbsolute(unsigned long long)
                0x00000000c0016090                LogicalDisk::LogicalDisk(char const*, PhysicalDisk*, unsigned long long, unsigned long long)
                0x00000000c0016090                LogicalDisk::LogicalDisk(char const*, PhysicalDisk*, unsigned long long, unsigned long long)
                0x00000000c0016146                LogicalDisk::assignDriveLetter()
                0x00000000c00161fc                LogicalDisk::mount()
                0x00000000c001626e                LogicalDisk::unmount()
                0x00000000c001627e                LogicalDisk::eject()
                0x00000000c0016292                LogicalDisk::unassignDriveLetter()
                0x00000000c00162e8                LogicalDisk::read(unsigned long long, int, void*)
                0x00000000c0016354                LogicalDisk::write(unsigned long long, int, void*)
 .text          0x00000000c00163c0       0x84 hal/mouse.32
                0x00000000c00163c0                Mouse::Mouse(char const*)
                0x00000000c00163c0                Mouse::Mouse(char const*)
                0x00000000c00163f6                Mouse::~Mouse()
                0x00000000c00163f6                Mouse::~Mouse()
                0x00000000c001641a                Mouse::~Mouse()
 .text          0x00000000c0016444      0x359 hal/partition.32
                0x00000000c0016444                makePartition(PhysicalDisk*, unsigned long long, unsigned long long)
                0x00000000c001650c                createPartitionsForDisk(PhysicalDisk*)
 *fill*         0x00000000c001679d        0x1 
 .text          0x00000000c001679e       0x84 hal/serial.32
                0x00000000c001679e                Serial::Serial(char const*)
                0x00000000c001679e                Serial::Serial(char const*)
                0x00000000c00167d4                Serial::~Serial()
                0x00000000c00167d4                Serial::~Serial()
                0x00000000c00167f8                Serial::~Serial()
 .text          0x00000000c0016822      0x2f3 hal/timer.32
                0x00000000c0016822                Timer::Timer(char const*)
                0x00000000c0016822                Timer::Timer(char const*)
                0x00000000c0016858                Timer::~Timer()
                0x00000000c0016858                Timer::~Timer()
                0x00000000c001687c                Timer::~Timer()
                0x00000000c00168a6                Timer::read()
                0x00000000c00168b1                timerHandler(unsigned long long)
                0x00000000c0016a23                setupTimer(int)
 *fill*         0x00000000c0016b15        0x1 
 .text          0x00000000c0016b16      0x409 hal/vcache.32
                0x00000000c0016b16                VCache::VCache(PhysicalDisk*)
                0x00000000c0016b16                VCache::VCache(PhysicalDisk*)
                0x00000000c0016c7e                VCache::invalidateReadBuffer()
                0x00000000c0016c8e                VCache::writeWriteBuffer()
                0x00000000c0016cca                VCache::~VCache()
                0x00000000c0016cca                VCache::~VCache()
                0x00000000c0016d1e                VCache::~VCache()
                0x00000000c0016d46                VCache::write(unsigned long long, int, void*)
                0x00000000c0016e30                VCache::read(unsigned long long, int, void*)
 *fill*         0x00000000c0016f1f        0x1 
 .text          0x00000000c0016f20      0x4cd hal/video.32
                0x00000000c0016f20                Video::putrect(int, int, int, int, unsigned int)
                0x00000000c0016f6c                Video::bitblit(int, int, int, int, int, int, int, unsigned int*)
                0x00000000c0016fdc                Video::blit(unsigned int*, int, int, int, int)
                0x00000000c001705a                Video::clearScreen(unsigned int)
                0x00000000c001708e                Video::putpixel(int, int, unsigned int)
                0x00000000c001709c                Video::Video(char const*)
                0x00000000c001709c                Video::Video(char const*)
                0x00000000c00170d2                Video::~Video()
                0x00000000c00170d2                Video::~Video()
                0x00000000c00170f6                Video::~Video()
                0x00000000c0017120                Video::isMonochrome()
                0x00000000c001712c                Video::getWidth()
                0x00000000c0017138                Video::getHeight()
                0x00000000c0017144                Video::drawCursor(int, int, unsigned char*, int)
                0x00000000c0017200                Video::tgaParse(unsigned char*, int, int*, int*)
                0x00000000c0017382                Video::putTGA(int, int, unsigned char*, int)
 *fill*         0x00000000c00173ed        0x1 
 .text          0x00000000c00173ee     0x1163 hw/acpi.32
                0x00000000c00173ee                ACPI::close(int, int, void*)
                0x00000000c00174a3                findRSDP()
                0x00000000c001753d                loadACPITables(unsigned char*)
                0x00000000c0017794                findRSDT(unsigned char*)
                0x00000000c00178de                findDataTable(unsigned char*, char*)
                0x00000000c001797a                scanMADT()
                0x00000000c0017e00                ACPI::ACPI()
                0x00000000c0017e00                ACPI::ACPI()
                0x00000000c0017e54                ACPI::getPCIIRQAssignment(unsigned char, unsigned short, unsigned char)
                0x00000000c0017f36                ACPI::registerPCIIRQAssignment(void*, unsigned short, unsigned char, unsigned char)
                0x00000000c0017ffc                ACPI::setScreenBrightnessLevel(void*, int)
                0x00000000c0018002                ACPI::detectPCI()
                0x00000000c001817c                ACPI::writeSimpleBootFlag(SimpleBootFlagTable*)
                0x00000000c00181c4                ACPI::sleep()
                0x00000000c00181dc                ACPI::open(int, int, void*)
 *fill*         0x00000000c0018551        0x1 
 .text          0x00000000c0018552     0x1717 hw/cpu.32
                0x00000000c0018552                CPU::close(int, int, void*)
                0x00000000c0018556                CPU::lookupAMDName(unsigned char, unsigned char)
                0x00000000c00186ea                CPU::lookupIntelName(unsigned char, unsigned char)
                0x00000000c0018998                CPU::AMD_K6_write_msr(unsigned int, unsigned int, unsigned int, CPU::REGS*)
                0x00000000c00189b4                CPU::AMD_K6_read_msr(unsigned int, CPU::REGS*)
                0x00000000c00189cc                CPU::AMD_K6_writeback(int, int, int)
                0x00000000c0018a40                CPU::cpuid(int, unsigned long*, unsigned long*, unsigned long*, unsigned long*)
                0x00000000c0018ac4                CPU::cpuidCheckEDX(unsigned int)
                0x00000000c0018af2                CPU::cpuidCheckECX(unsigned int)
                0x00000000c0018b20                CPU::cpuidCheckExtendedEBX(unsigned int)
                0x00000000c0018b4e                CPU::cpuidCheckExtendedECX(unsigned int)
                0x00000000c0018b7c                CPU::CPU()
                0x00000000c0018b7c                CPU::CPU()
                0x00000000c0018c0a                CPU::displayFeatures()
                0x00000000c0018e86                CPU::detectFeatures()
                0x00000000c0019878                CPU::setupSMEP()
                0x00000000c0019884                CPU::setupUMIP()
                0x00000000c001988e                CPU::setupTSC()
                0x00000000c0019898                CPU::setupLargePages()
                0x00000000c00198a2                CPU::setupPAT()
                0x00000000c00198de                CPU::setupMTRR()
                0x00000000c00198e0                CPU::setupGlobalPages()
                0x00000000c00198ea                CPU::allowUsermodeDataAccess()
                0x00000000c00198fc                CPU::prohibitUsermodeDataAccess()
                0x00000000c001990e                CPU::setupSMAP()
                0x00000000c001991c                CPU::setupFeatures()
                0x00000000c001999c                CPU::open(int, int, void*)
                0x00000000c0019a6e                CPU::decodeAddress(regs*, int*, bool*, unsigned char*)
 .text          0x00000000c0019c69        0x0 hw/ports.32
 .text          0x00000000c0019c69      0x16a hw/smp.32
                0x00000000c0019c69                Krnl::smpEntry()
                0x00000000c0019c6b                Krnl::startCPU(int)
                0x00000000c0019db4                Krnl::startCPUs()
 *fill*         0x00000000c0019dd3        0x1 
 .text          0x00000000c0019dd4      0x5cd krnl/env.32
                0x00000000c0019dd4                EnvVarContainer::getEnv(char const*)
                0x00000000c0019e12                EnvVarContainer::setEnv(char const*, char const*)
                0x00000000c0019ed4                EnvVarContainer::deleteEnv(char const*)
                0x00000000c0019ed6                EnvVarContainer::loadFrom(char const*, char const*)
                0x00000000c001a0d8                EnvVarContainer::__loadSystem()
                0x00000000c001a0f2                EnvVarContainer::__loadUser()
                0x00000000c001a0f4                EnvVarContainer::EnvVarContainer(Process*)
                0x00000000c001a0f4                EnvVarContainer::EnvVarContainer(Process*)
                0x00000000c001a116                EnvVarContainer::~EnvVarContainer()
                0x00000000c001a116                EnvVarContainer::~EnvVarContainer()
                0x00000000c001a146                Krnl::getEnv(Process*, char const*)
                0x00000000c001a1ab                Krnl::setEnvSystem(char const*, char const*)
                0x00000000c001a1c5                Krnl::setEnvUser(char const*, char const*)
                0x00000000c001a1e4                Krnl::setEnvProcess(Process*, char const*, char const*)
                0x00000000c001a1f7                Krnl::deleteEnvSystem(char const*)
                0x00000000c001a1f8                Krnl::deleteEnvUser(char const*)
                0x00000000c001a1f9                Krnl::deleteEnvProcess(Process*, char const*)
                0x00000000c001a1fa                Krnl::newProcessEnv(Process*)
                0x00000000c001a21c                Krnl::copyProcessEnv(Process*, Process*)
                0x00000000c001a268                Krnl::loadSystemEnv()
                0x00000000c001a296                Krnl::loadUserEnv()
                0x00000000c001a2bc                Krnl::flushEnv()
                0x00000000c001a2bd                Krnl::getProcessTotalEnvCount(Process*)
                0x00000000c001a2dd                Krnl::getProcessEnvPair(Process*, int)
 .text          0x00000000c001a3a1      0x396 krnl/panic.32
                0x00000000c001a3a1                Krnl::panic(char const*)
 .text          0x00000000c001a737      0x57f net/ethernet.32
                0x00000000c001a737                Net::switchEndian16(unsigned short)
                0x00000000c001a758                Net::switchEndian32(unsigned int)
                0x00000000c001a787                Net::crc32Calc(unsigned char*, int)
                0x00000000c001a818                Net::wrapEthernetFrame(Net::UnwrappedEthernetFrame, unsigned char*)
                0x00000000c001aa2b                Net::unwrapEthernetFrame(unsigned char*, int)
 .text          0x00000000c001acb6      0x50e reg/registry.32
                0x00000000c001acb6                Reg::findLineFromLoadedData(char*, char*, char*)
                0x00000000c001ae0e                Reg::getLineFromRegistry(char*, char*, char*, char*)
                0x00000000c001af63                Reg::getLine(char*, char*, char*)
                0x00000000c001af9a                Reg::readInt(char*, char*, int*)
                0x00000000c001b085                Reg::readString(char*, char*, char*, int)
                0x00000000c001b106                Reg::readBool(char*, char*, bool*)
                0x00000000c001b12b                Reg::readBoolWithDefault(char*, char*, bool)
                0x00000000c001b157                Reg::readIntWithDefault(char*, char*, int)
                0x00000000c001b183                Reg::readStringWithDefault(char*, char*, char*, int, char*)
 .text          0x00000000c001b1c4       0x36 sys/sc_eject.32
                0x00000000c001b1c4                Sys::eject(regs*)
 .text          0x00000000c001b1fa       0x18 sys/sc_exit.32
                0x00000000c001b1fa                Sys::exit(regs*)
 .text          0x00000000c001b212       0x1f sys/sc_getcwd.32
                0x00000000c001b212                Sys::getCwd(regs*)
 .text          0x00000000c001b231        0xc sys/sc_getpid.32
                0x00000000c001b231                Sys::getPID(regs*)
 .text          0x00000000c001b23d       0x17 sys/sc_getramdata.32
                0x00000000c001b23d                Sys::getRAMData(regs*)
 .text          0x00000000c001b254       0x84 sys/sc_getvgaptr.32
                0x00000000c001b254                Sys::getVGAPtr(regs*)
 .text          0x00000000c001b2d8       0xa8 sys/sc_loaddll.32
                0x00000000c001b2d8                Sys::loadDLL(regs*)
 .text          0x00000000c001b380       0x68 sys/sc_read.32
                0x00000000c001b380                Sys::read(regs*)
 .text          0x00000000c001b3e8       0x55 sys/sc_sbrk.32
                0x00000000c001b3e8                Sys::sbrk(regs*)
 .text          0x00000000c001b43d       0x1c sys/sc_setcwd.32
                0x00000000c001b43d                Sys::setCwd(regs*)
 .text          0x00000000c001b459      0x128 sys/sc_settime.32
                0x00000000c001b459                Sys::setTime(regs*)
 .text          0x00000000c001b581       0x4a sys/sc_timezone.32
                0x00000000c001b581                Sys::timezone(regs*)
 .text          0x00000000c001b5cb       0x68 sys/sc_write.32
                0x00000000c001b5cb                Sys::write(regs*)
 .text          0x00000000c001b633       0x62 sys/sc_wsbe.32
                0x00000000c001b633                Sys::wsbe(regs*)
 .text          0x00000000c001b695       0x46 sys/sc_yield.32
                0x00000000c001b695                Sys::yield(regs*)
 .text          0x00000000c001b6db     0x1101 sys/syscalls.32
                0x00000000c001b6db                sysCallSeekDir(regs*)
                0x00000000c001b6e0                sysCallTellDir(regs*)
                0x00000000c001b6e5                sysCallVerify(regs*)
                0x00000000c001b6ef                sysFormatDisk(regs*)
                0x00000000c001b759                sysSetDiskVolumeLabel(regs*)
                0x00000000c001b79f                sysGetDiskVolumeLabel(regs*)
                0x00000000c001b7f0                sysShutdown(regs*)
                0x00000000c001b84e                sysCallRealpath(regs*)
                0x00000000c001b891                sysCallGetArgc(regs*)
                0x00000000c001b8bf                sysCallReadDir(regs*)
                0x00000000c001b94d                sysCallIsATTY(regs*)
                0x00000000c001b9a7                sysCallSeek(regs*)
                0x00000000c001ba10                sysCallTell(regs*)
                0x00000000c001ba8d                sysCallSize(regs*)
                0x00000000c001bb10                sysCallSizeFromFilename(regs*)
                0x00000000c001bbd0                sysCallClose(regs*)
                0x00000000c001bc58                sysCallOpenDir(regs*)
                0x00000000c001bccd                sysCallCloseDir(regs*)
                0x00000000c001bd33                sysCallMakeDir(regs*)
                0x00000000c001bda3                sysCallWait(regs*)
                0x00000000c001bdbd                sysCallNotImpl(regs*)
                0x00000000c001bdd8                sysPanic(regs*)
                0x00000000c001bdfe                sysCallRmdir(regs*)
                0x00000000c001be62                sysCallUnlink(regs*)
                0x00000000c001bec6                sysCallGetArgv(regs*)
                0x00000000c001bf12                sysCallTTYName(regs*)
                0x00000000c001bf95                sysCallUSleep(regs*)
                0x00000000c001bfbc                sysCallSpawn(regs*)
                0x00000000c001c031                sysCallGetEnv(regs*)
                0x00000000c001c169                sysAppSettings(regs*)
                0x00000000c001c27d                sysSetFatAttrib(regs*)
                0x00000000c001c2ef                sysPipe(regs*)
                0x00000000c001c334                sysGetUnixTime(regs*)
                0x00000000c001c348                string_ends_with(char const*, char const*)
                0x00000000c001c390                sysCallOpen(regs*)
                0x00000000c001c5a5                Sys::loadSyscalls()
                0x00000000c001c79a                Sys::systemCall(regs*, void*)
 .text          0x00000000c001c7dc     0x11fd thr/elf.32
                0x00000000c001c7dc                Thr::allocateMemoryForTask(Process*, File*, unsigned long, unsigned long, unsigned long)
                0x00000000c001ca86                Thr::loadProgramIntoMemory(Process*, char const*)
                0x00000000c001cc9c                Thr::runtimeReferenceHelper()
                0x00000000c001ccaf                Thr::getAddressOfKernelSymbol(char const*)
                0x00000000c001ccfe                Thr::loadKernelSymbolTable(char const*)
                0x00000000c001cfbc                Thr::loadDriverIntoMemory(char const*, unsigned long, bool)
                0x00000000c001d6f2                Thr::getDriverBaseFromAddress(unsigned long)
                0x00000000c001d724                Thr::getDriverNameFromAddress(unsigned long)
                0x00000000c001d75b                Thr::getDriverOffsetFromAddress(unsigned long)
                0x00000000c001d775                Thr::loadDLL(char const*, bool)
                0x00000000c001d9a0                Thr::executeDLL(unsigned long, void*)
 *fill*         0x00000000c001d9d9        0x1 
 .text          0x00000000c001d9da     0x1315 thr/prcssthr.32
                0x00000000c001d9da                userModeEntryPoint(void*)
                0x00000000c001da00                changeTSS
                0x00000000c001da30                switchToThread(ThreadControlBlock*)
                0x00000000c001dada                Process::addArgs(char**)
                0x00000000c001db34                Process::Process(char const*, Process*, char**)
                0x00000000c001db34                Process::Process(char const*, Process*, char**)
                0x00000000c001dd18                Process::Process(bool, char const*, Process*, char**)
                0x00000000c001dd18                Process::Process(bool, char const*, Process*, char**)
                0x00000000c001dec7                taskStartupFunction
                0x00000000c001ded0                Semaphore::Semaphore(int)
                0x00000000c001ded0                Semaphore::Semaphore(int)
                0x00000000c001defe                Mutex::Mutex()
                0x00000000c001defe                Mutex::Mutex()
                0x00000000c001df10                Process::createThread(void (*)(void*), void*, int)
                0x00000000c001e016                Process::createUserThread()
                0x00000000c001e032                setupMultitasking(void (*)())
                0x00000000c001e154                schedule()
                0x00000000c001e1da                Semaphore::tryAcquire()
                0x00000000c001e296                Semaphore::assertLocked(char const*)
                0x00000000c001e305                blockTaskWithSchedulerLockAlreadyHeld(TaskState)
                0x00000000c001e353                blockTask(TaskState)
                0x00000000c001e380                waitTask(int, int*, int)
                0x00000000c001e3c2                nanoSleepUntil(unsigned long long)
                0x00000000c001e457                nanoSleep(unsigned long long)
                0x00000000c001e46f                sleep(unsigned long long)
                0x00000000c001e48c                Semaphore::acquire()
                0x00000000c001e52e                taskReturned
                0x00000000c001e569                Thr::processFromPID(int)
                0x00000000c001e618                unblockTask(ThreadControlBlock*)
                0x00000000c001e6c5                cleanupTerminatedTask(ThreadControlBlock*)
                0x00000000c001e98e                cleanerTaskFunction(void*)
                0x00000000c001ea87                terminateTask(int)
                0x00000000c001ebb9                Thr::terminateFromIRQ(int)
                0x00000000c001ebc6                Semaphore::release()
 .text          0x00000000c001ecef      0xada vm86/vm8086.32
                0x00000000c001ecef                Vm::inbv(unsigned short)
                0x00000000c001ed02                Vm::outbv(unsigned short, unsigned char)
                0x00000000c001ed38                Vm::realToLinear(unsigned short, unsigned short)
                0x00000000c001ed48                Vm::getSegment(unsigned int)
                0x00000000c001ed50                Vm::getOffset(unsigned int)
                0x00000000c001ed55                Vm::mainloop2()
                0x00000000c001ed8f                Vm::mainVm8086Loop(void*)
                0x00000000c001ed9f                Vm::mainloop3(unsigned long)
                0x00000000c001edc5                Vm::initialise8086()
                0x00000000c001ee08                Vm::finish8086()
                0x00000000c001ee69                Vm::getOutput8086(unsigned char*)
                0x00000000c001ee8e                Vm::start8086(char const*, unsigned short, unsigned short, unsigned short, unsigned short)
                0x00000000c001eff6                Vm::doISR(regs*, int, unsigned char*, unsigned short, unsigned short)
                0x00000000c001f080                Vm::readByteFromReal(unsigned short, unsigned short)
                0x00000000c001f091                Vm::readWordFromReal(unsigned short, unsigned short)
                0x00000000c001f0a3                Vm::readDwordFromReal(unsigned short, unsigned short)
                0x00000000c001f0b4                Vm::writeByteFromReal(unsigned short, unsigned short, unsigned char)
                0x00000000c001f0c9                Vm::writeWordFromReal(unsigned short, unsigned short, unsigned short)
                0x00000000c001f0df                Vm::writeDwordFromReal(unsigned short, unsigned short, unsigned int)
                0x00000000c001f0f4                Vm::faultHandler(regs*)
 .text          0x00000000c001f7c9      0xefd vm86/x87em.32
                0x00000000c001f7c9                Vm::fpuInternalTo32(unsigned long long)
                0x00000000c001f824                Vm::fpuInternalTo64(unsigned long long)
                0x00000000c001f82d                Vm::fpu32ToInternal(unsigned int)
                0x00000000c001f872                Vm::fpu64ToInternal(unsigned long long)
                0x00000000c001f87b                Vm::fpuFloatToLong(unsigned long long)
                0x00000000c001f8d6                Vm::fpuULongToFloat(unsigned long long)
                0x00000000c001f90c                Vm::fpuLongToFloat(long long)
                0x00000000c001f962                Vm::fpuGet0()
                0x00000000c001f967                Vm::fpuGet1()
                0x00000000c001f96f                Vm::fpuGetPi()
                0x00000000c001f977                Vm::fpuGetLog2E()
                0x00000000c001f98f                Vm::fpuGetLogE2()
                0x00000000c001f9a7                Vm::fpuGetLog210()
                0x00000000c001f9bf                Vm::fpuGetLog102()
                0x00000000c001f9d7                Vm::fpuIsSecondLarger(unsigned long long, unsigned long long)
                0x00000000c001f9eb                Vm::fpuAreEqual(unsigned long long, unsigned long long)
                0x00000000c001fa01                Vm::fpuUnorderedCompare(unsigned long long, unsigned long long)
                0x00000000c001fa54                Vm::fpuAdd(unsigned long long, unsigned long long)
                0x00000000c001fa65                Vm::fpuAbs(unsigned long long)
                0x00000000c001fa6e                Vm::fpuChs(unsigned long long)
                0x00000000c001fa7e                Vm::fpuSub(unsigned long long, unsigned long long)
                0x00000000c001fa8d                Vm::fpuMultiply(unsigned long long, unsigned long long)
                0x00000000c001faac                Vm::fpuDivide(unsigned long long, unsigned long long)
                0x00000000c001fac8                Vm::fpuSquare(unsigned long long)
                0x00000000c001fade                Vm::fpuGetReg(int)
                0x00000000c001fb21                Vm::fpuSetReg(int, unsigned long long)
                0x00000000c001fb6c                Vm::fpuPush(unsigned long long)
                0x00000000c001fbc9                Vm::fpuPop()
                0x00000000c001fc1b                Vm::x87Handler(regs*)
 .text          0x00000000c00206c6     0x1203 fs/fat/vfslink.32
                0x00000000c00206c6                FAT::getName()
                0x00000000c00206cc                FAT::tell(void*, unsigned long long*)
                0x00000000c0020700                FAT::stat(void*, unsigned long long*)
                0x00000000c0020734                FAT::~FAT()
                0x00000000c0020734                FAT::~FAT()
                0x00000000c0020758                FAT::~FAT()
                0x00000000c0020780                FAT::getlabel(LogicalDisk*, int, char*, unsigned int*)
                0x00000000c002081e                FAT::setlabel(LogicalDisk*, int, char*)
                0x00000000c00208d8                FAT::format(LogicalDisk*, int, char const*, int)
                0x00000000c0020abc                FAT::tryMount(LogicalDisk*, int)
                0x00000000c0020cc2                FAT::getFileFirstSector(char const*)
                0x00000000c0020d84                FAT::readDir(void*, unsigned long, void*, int*)
                0x00000000c0020ede                FAT::read(void*, unsigned long, void*, int*)
                0x00000000c0020f38                FAT::write(void*, unsigned long, void*, int*)
                0x00000000c0020f92                FAT::close(void*)
                0x00000000c0020fde                FAT::closeDir(void*)
                0x00000000c002102a                FAT::seek(void*, unsigned long long)
                0x00000000c002107e                fatWrapperReadDisk
                0x00000000c00210c5                fatWrapperWriteDisk
                0x00000000c002110c                fatWrapperIoctl
                0x00000000c0021210                FAT::FAT()
                0x00000000c0021210                FAT::FAT()
                0x00000000c0021262                FAT::fixFilepath(char*)
                0x00000000c002129a                FAT::open(char const*, void**, FileOpenMode)
                0x00000000c00213c2                FAT::openDir(char const*, void**)
                0x00000000c0021468                FAT::stat(char const*, unsigned long long*, bool*)
                0x00000000c0021552                FAT::unlink(char const*)
                0x00000000c00215cc                FAT::chfatattr(char const*, unsigned char, unsigned char)
                0x00000000c0021720                FAT::rename(char const*, char const*)
                0x00000000c00217e4                FAT::mkdir(char const*)
                0x00000000c002185e                FAT::exists(char const*)
 *fill*         0x00000000c00218c9        0x1 
 .text          0x00000000c00218ca      0xba5 fs/iso9660/vfslink.32
                0x00000000c00218ca                ISO9660::format(LogicalDisk*, int, char const*, int)
                0x00000000c00218d0                ISO9660::seek(void*, unsigned long long)
                0x00000000c0021900                ISO9660::tell(void*, unsigned long long*)
                0x00000000c0021924                ISO9660::getName()
                0x00000000c002192a                ISO9660::stat(void*, unsigned long long*)
                0x00000000c002194e                ISO9660::chfatattr(char const*, unsigned char, unsigned char)
                0x00000000c0021954                ISO9660::unlink(char const*)
                0x00000000c002195a                ISO9660::write(void*, unsigned long, void*, int*)
                0x00000000c0021960                ISO9660::rename(char const*, char const*)
                0x00000000c0021966                ISO9660::mkdir(char const*)
                0x00000000c002196c                ISO9660::close(void*)
                0x00000000c002198e                ISO9660::closeDir(void*)
                0x00000000c00219b0                ISO9660::~ISO9660()
                0x00000000c00219b0                ISO9660::~ISO9660()
                0x00000000c00219d4                ISO9660::~ISO9660()
                0x00000000c00219fb                __memmem(unsigned char*, int, unsigned char*, int)
                0x00000000c0021a3d                readSectorFromCDROM(unsigned int, unsigned char*, char)
                0x00000000c0021a98                ISO9660::tryMount(LogicalDisk*, int)
                0x00000000c0021ae8                ISO9660::read(void*, unsigned long, void*, int*)
                0x00000000c0021cec                ISO9660::readDir(void*, unsigned long, void*, int*)
                0x00000000c0021f66                readRoot(unsigned int*, unsigned int*, char)
                0x00000000c0021fba                readRecursively(char*, unsigned int, unsigned int, unsigned int*, unsigned int*, char, int*)
                0x00000000c002218d                getFileData(char*, unsigned int*, unsigned int*, char, int*)
                0x00000000c002221c                ISO9660::open(char const*, void**, FileOpenMode)
                0x00000000c00222dc                ISO9660::exists(char const*)
                0x00000000c0022300                ISO9660::stat(char const*, unsigned long long*, bool*)
                0x00000000c0022394                ISO9660::openDir(char const*, void**)
                0x00000000c002244c                ISO9660::ISO9660()
                0x00000000c002244c                ISO9660::ISO9660()
 *fill*         0x00000000c002246f        0x1 
 .text          0x00000000c0022470      0x3a6 hal/sound/sndchannel.32
                0x00000000c0022470                SoundChannel::SoundChannel(int, int, int, int)
                0x00000000c0022470                SoundChannel::SoundChannel(int, int, int, int)
                0x00000000c00225aa                SoundChannel::~SoundChannel()
                0x00000000c00225aa                SoundChannel::~SoundChannel()
                0x00000000c00225c6                SoundChannel::getSampleRate()
                0x00000000c00225ce                SoundChannel::getBits()
                0x00000000c00225d6                SoundChannel::getBufferUsed()
                0x00000000c00225de                SoundChannel::getBufferSize()
                0x00000000c00225e6                SoundChannel::unbuffer(float*, int, int)
                0x00000000c002267a                SoundChannel::buffer16(short*, int)
                0x00000000c0022776                SoundChannel::buffer8(unsigned char*, int)
 .text          0x00000000c0022816      0x504 hal/sound/sndhw.32
                0x00000000c0022816                SoundDevice::SoundDevice(char const*)
                0x00000000c0022816                SoundDevice::SoundDevice(char const*)
                0x00000000c0022882                SoundDevice::~SoundDevice()
                0x00000000c0022882                SoundDevice::~SoundDevice()
                0x00000000c00228fc                SoundDevice::~SoundDevice()
                0x00000000c0022926                SoundDevice::getFreeChannelNum()
                0x00000000c0022940                SoundDevice::addChannel(SoundChannel*)
                0x00000000c00229b0                SoundDevice::removeChannel(int)
                0x00000000c00229e2                SoundDevice::floatTo16(float*, short*, int)
                0x00000000c0022ad0                SoundDevice::floatTo8(float*, unsigned char*, int)
                0x00000000c0022bb8                SoundDevice::getAudio(int, float*, float*)
 .text          0x00000000c0022d1a        0x0 hw/bus/isa.32
 .text          0x00000000c0022d1a      0xbbb hw/bus/pci.32
                0x00000000c0022d1a                PCI::open(int, int, void*)
                0x00000000c0022d38                PCI::close(int, int, void*)
                0x00000000c0022d3c                PCI::PCI()
                0x00000000c0022d3c                PCI::PCI()
                0x00000000c0022dd2                PCI::readBAR8(unsigned int, int)
                0x00000000c0022dee                PCI::readBAR16(unsigned int, int)
                0x00000000c0022e0c                PCI::readBAR32(unsigned int, int)
                0x00000000c0022e28                PCI::writeBAR8(unsigned int, unsigned char, int)
                0x00000000c0022e48                PCI::writeBAR16(unsigned int, unsigned short, int)
                0x00000000c0022e8c                PCI::writeBAR32(unsigned int, unsigned int, int)
                0x00000000c0022eac                PCI::legacyMechanism(unsigned char, unsigned char, unsigned char, unsigned char)
                0x00000000c0022f1a                PCI::pciReadWord(unsigned char, unsigned char, unsigned char, unsigned char)
                0x00000000c0022fc2                PCI::getVendorID(unsigned char, unsigned char, unsigned char)
                0x00000000c0022fe6                PCI::getHeaderType(unsigned char, unsigned char, unsigned char)
                0x00000000c002300e                PCI::getClassCode(unsigned char, unsigned char, unsigned char)
                0x00000000c0023058                PCI::getProgIF(unsigned char, unsigned char, unsigned char)
                0x00000000c0023080                PCI::getRevisionID(unsigned char, unsigned char, unsigned char)
                0x00000000c00230a4                PCI::getInterruptNumber(unsigned char, unsigned char, unsigned char)
                0x00000000c00230c8                PCI::getSecondaryBus(unsigned char, unsigned char, unsigned char)
                0x00000000c00230f0                PCI::getBARAddress(unsigned char, unsigned char, unsigned char, unsigned char)
                0x00000000c0023154                PCI::pciWriteWord(unsigned char, unsigned char, unsigned char, unsigned char, unsigned short)
                0x00000000c002323c                PCI::pciDetailsToFilepath(PCIDeviceInfo, char*)
                0x00000000c00234c8                PCI::checkBus(unsigned char)
                0x00000000c00234ec                PCI::foundDevice(PCIDeviceInfo)
                0x00000000c002365e                PCI::getDeviceData(unsigned char, unsigned char, unsigned char)
                0x00000000c0023816                PCI::checkDevice(unsigned char, unsigned char)
                0x00000000c0023882                PCI::detect()
 *fill*         0x00000000c00238d5        0x1 
 .text          0x00000000c00238d6      0xc70 hw/diskctrl/ide.32
                0x00000000c00238d6                IDE::close(int, int, void*)
                0x00000000c00238da                IDE::IDE()
                0x00000000c00238da                IDE::IDE()
                0x00000000c002390e                IDE::prepareInterrupt(unsigned char)
                0x00000000c0023920                selectDrive(unsigned char, unsigned char)
                0x00000000c0023922                IDE::getBase(unsigned char)
                0x00000000c0023934                IDE::write(unsigned char, unsigned char, unsigned char)
                0x00000000c00239f4                IDE::read(unsigned char, unsigned char)
                0x00000000c0023aa2                IDE::waitInterrupt(unsigned char)
                0x00000000c0023b08                ideChannel0IRQHandler(regs*, void*)
                0x00000000c0023b24                ideChannel1IRQHandler(regs*, void*)
                0x00000000c0023b40                IDE::enableIRQs(unsigned char, bool)
                0x00000000c0023b86                IDE::open(int, int, void*)
                0x00000000c0023f96                IDE::readBuffer(unsigned char, unsigned char, unsigned int, unsigned int)
                0x00000000c0024062                IDE::detect()
                0x00000000c002434a                IDE::printError(unsigned char, unsigned char, unsigned char)
                0x00000000c00244e0                IDE::polling(unsigned char, unsigned int)
 .text          0x00000000c0024546      0x390 hw/diskctrl/satabus.32
                0x00000000c0024546                SATABus::close(int, int, void*)
                0x00000000c002454a                SATABus::detect()
                0x00000000c002454c                SATABus::SATABus()
                0x00000000c002454c                SATABus::SATABus()
                0x00000000c00245f8                SATABus::findCmdslot(SATABus::tagHBA_PORT volatile*)
                0x00000000c0024640                SATABus::checkType(SATABus::tagHBA_PORT volatile*)
                0x00000000c0024688                SATABus::startCmd(SATABus::tagHBA_PORT volatile*)
                0x00000000c00246a8                SATABus::stopCmd(SATABus::tagHBA_PORT volatile*)
                0x00000000c00246d2                SATABus::portRebase(SATABus::tagHBA_PORT volatile*, int)
                0x00000000c00247d8                SATABus::probePort(SATABus::tagHBA_MEM volatile*)
                0x00000000c00248b6                SATABus::open(int, int, void*)
 .text          0x00000000c00248d6      0x604 hw/diskphys/ata.32
                0x00000000c00248d6                ATA::close(int, int, void*)
                0x00000000c00248fa                ATA::powerSaving(PowerSavingLevel)
                0x00000000c00248fc                ATA::ATA()
                0x00000000c00248fc                ATA::ATA()
                0x00000000c002492a                ATA::flush(bool)
                0x00000000c0024974                ATA::readyForCommand()
                0x00000000c00249c4                ATA::access(unsigned long long, int, void*, bool)
                0x00000000c0024d4c                ATA::read(unsigned long long, int, void*)
                0x00000000c0024d98                ATA::write(unsigned long long, int, void*)
                0x00000000c0024de4                ATA::detectCHS()
                0x00000000c0024e0e                ATA::open(int, int, void*)
 .text          0x00000000c0024eda      0x5bd hw/diskphys/atapi.32
                0x00000000c0024eda                ATAPI::write(unsigned long long, int, void*)
                0x00000000c0024ee0                ATAPI::close(int, int, void*)
                0x00000000c0024f04                ATAPI::ATAPI()
                0x00000000c0024f04                ATAPI::ATAPI()
                0x00000000c0024f32                ATAPI::readyForCommand()
                0x00000000c0024f82                ATAPI::sendPacket(unsigned char*, int, bool, unsigned short*, int)
                0x00000000c0025242                ATAPI::diskRemoved()
                0x00000000c002525e                ATAPI::eject()
                0x00000000c00252a6                ATAPI::diskInserted()
                0x00000000c00252d4                ATAPI::detectMedia()
                0x00000000c0025390                ATAPI::open(int, int, void*)
                0x00000000c0025418                ATAPI::read(unsigned long long, int, void*)
 *fill*         0x00000000c0025497        0x1 
 .text          0x00000000c0025498      0x41c hw/diskphys/sata.32
                0x00000000c0025498                SATA::close(int, int, void*)
                0x00000000c00254bc                SATA::powerSaving(PowerSavingLevel)
                0x00000000c00254be                SATA::open(int, int, void*)
                0x00000000c0025568                SATA::SATA()
                0x00000000c0025568                SATA::SATA()
                0x00000000c0025596                SATA::access(unsigned long long, int, void*, bool)
                0x00000000c00257fc                SATA::read(unsigned long long, int, void*)
                0x00000000c0025848                SATA::write(unsigned long long, int, void*)
 .text          0x00000000c00258b4      0x4fe hw/diskphys/satapi.32
                0x00000000c00258b4                SATAPI::write(unsigned long long, int, void*)
                0x00000000c00258ba                SATAPI::close(int, int, void*)
                0x00000000c00258de                SATAPI::SATAPI()
                0x00000000c00258de                SATAPI::SATAPI()
                0x00000000c002590c                SATAPI::diskRemoved()
                0x00000000c0025928                SATAPI::diskInserted()
                0x00000000c0025956                SATAPI::sendPacket(unsigned char*, int, unsigned long long, unsigned short*, int)
                0x00000000c0025b5e                SATAPI::eject()
                0x00000000c0025ba6                SATAPI::detectMedia()
                0x00000000c0025c68                SATAPI::open(int, int, void*)
                0x00000000c0025d10                SATAPI::read(unsigned long long, int, void*)
 .text          0x00000000c0025db2       0x8e hw/fpu/avx.32
                0x00000000c0025db2                AVX::open(int, int, void*)
                0x00000000c0025dc4                AVX::close(int, int, void*)
                0x00000000c0025dd6                AVX::available()
                0x00000000c0025de8                AVX::save(void*)
                0x00000000c0025e00                AVX::load(void*)
                0x00000000c0025e18                AVX::AVX()
                0x00000000c0025e18                AVX::AVX()
 .text          0x00000000c0025e40       0x90 hw/fpu/mmx.32
                0x00000000c0025e40                MMX::available()
                0x00000000c0025e54                MMX::open(int, int, void*)
                0x00000000c0025e66                MMX::close(int, int, void*)
                0x00000000c0025e78                MMX::save(void*)
                0x00000000c0025e90                MMX::load(void*)
                0x00000000c0025ea8                MMX::MMX()
                0x00000000c0025ea8                MMX::MMX()
 .text          0x00000000c0025ed0       0x96 hw/fpu/sse.32
                0x00000000c0025ed0                SSE::open(int, int, void*)
                0x00000000c0025ee2                SSE::close(int, int, void*)
                0x00000000c0025ef4                SSE::available()
                0x00000000c0025f0e                SSE::save(void*)
                0x00000000c0025f26                SSE::load(void*)
                0x00000000c0025f3e                SSE::SSE()
                0x00000000c0025f3e                SSE::SSE()
 .text          0x00000000c0025f66       0x8e hw/fpu/x87.32
                0x00000000c0025f66                x87::open(int, int, void*)
                0x00000000c0025f78                x87::close(int, int, void*)
                0x00000000c0025f8a                x87::available()
                0x00000000c0025f9c                x87::save(void*)
                0x00000000c0025fb4                x87::load(void*)
                0x00000000c0025fcc                x87::x87()
                0x00000000c0025fcc                x87::x87()
 .text          0x00000000c0025ff4      0x71e hw/intctrl/apic.32
                0x00000000c0025ff4                APIC::disable()
                0x00000000c0025ff6                APIC::close(int, int, void*)
                0x00000000c0026018                IOAPIC::close(int, int, void*)
                0x00000000c002601e                APIC::io_wait()
                0x00000000c0026024                APIC::getBase()
                0x00000000c0026066                APIC::eoi(unsigned char)
                0x00000000c0026094                APIC::open(int, int, void*)
                0x00000000c00261e2                IOAPIC::IOAPIC()
                0x00000000c00261e2                IOAPIC::IOAPIC()
                0x00000000c002620a                APIC::APIC()
                0x00000000c002620a                APIC::APIC()
                0x00000000c00262e6                IOAPIC::handlesGSIWithNumber(unsigned int)
                0x00000000c0026318                IOAPIC::read(int)
                0x00000000c0026340                IOAPIC::open(int, int, void*)
                0x00000000c0026436                IOAPIC::write(int, int)
                0x00000000c0026462                IOAPIC::redirect(unsigned char, unsigned long long, unsigned char, bool, bool)
                0x00000000c002655c                APIC::installIRQHandler(int, void (*)(regs*, void*), bool, void*)
 .text          0x00000000c0026712      0x3d3 hw/intctrl/pic.32
                0x00000000c0026712                PIC::disable()
                0x00000000c0026740                PIC::close(int, int, void*)
                0x00000000c0026762                PIC::PIC()
                0x00000000c0026762                PIC::PIC()
                0x00000000c0026838                PIC::ioWait()
                0x00000000c002683e                PIC::getIRQReg(int)
                0x00000000c00268a8                PIC::eoi(unsigned char)
                0x00000000c002693a                PIC::remap()
                0x00000000c0026aa6                PIC::open(int, int, void*)
 *fill*         0x00000000c0026ae5        0x1 
 .text          0x00000000c0026ae6      0x25e hw/timer/apictimer.32
                0x00000000c0026ae6                APICTimer::close(int, int, void*)
                0x00000000c0026aec                apicTimerHandler(regs*, void*)
                0x00000000c0026b1a                APICTimer::write(int)
                0x00000000c0026c1e                APICTimer::open(int, int, void*)
                0x00000000c0026d1c                APICTimer::APICTimer()
                0x00000000c0026d1c                APICTimer::APICTimer()
 .text          0x00000000c0026d44      0x1a7 hw/timer/pit.32
                0x00000000c0026d44                PIT::write(int)
                0x00000000c0026dc2                pitHandler(regs*, void*)
                0x00000000c0026dee                PIT::open(int, int, void*)
                0x00000000c0026e3c                PIT::close(int, int, void*)
                0x00000000c0026e6c                PIT::PIT()
                0x00000000c0026e6c                PIT::PIT()
 *fill*         0x00000000c0026eeb        0x5 
 .text          0x00000000c0026ef0       0x1e hw/fpu/x86/avx.32
                0x00000000c0026ef0                avxDetect
                0x00000000c0026ef6                avxSave
                0x00000000c0026ef7                avxLoad
                0x00000000c0026ef8                avxInit
                0x00000000c0026ef9                avxClose
                0x00000000c0026efa                wouldSheSayYes
 *fill*         0x00000000c0026f0e        0x2 
 .text          0x00000000c0026f10       0x35 hw/fpu/x86/sse.32
                0x00000000c0026f10                absolutelyNoChanceInHell
                0x00000000c0026f10                sseDetect
                0x00000000c0026f28                sseSave
                0x00000000c0026f2e                sseLoad
                0x00000000c0026f34                sseInit
                0x00000000c0026f44                sseClose
 *fill*         0x00000000c0026f45        0xb 
 .text          0x00000000c0026f50       0x4d hw/fpu/x86/x87.32
                0x00000000c0026f56                x87Detect
                0x00000000c0026f71                x87Save
                0x00000000c0026f7a                x87Load
                0x00000000c0026f82                x87Init
                0x00000000c0026f9c                x87Close
 *fill*         0x00000000c0026f9d        0x3 
 .text          0x00000000c0026fa0       0x25 /cygdrive/d/Users/Alex/Desktop/Toolchain/Output/bin/../lib/gcc/i386-banana/8.1.0/crtend.o
 .text          0x00000000c0026fc5        0x0 crtn.32
 *fill*         0x00000000c0026fc5        0x3 
 .text          0x00000000c0026fc8      0x14b /cygdrive/d/Users/Alex/Desktop/Toolchain/Output/bin/../lib/gcc/i386-banana/8.1.0/libkgcc.a(_divdi3.o)
                0x00000000c0026fc8                __divdi3
 *fill*         0x00000000c0027113        0x1 
 .text          0x00000000c0027114      0x17e /cygdrive/d/Users/Alex/Desktop/Toolchain/Output/bin/../lib/gcc/i386-banana/8.1.0/libkgcc.a(_moddi3.o)
                0x00000000c0027114                __moddi3
 *fill*         0x00000000c0027292        0x2 
 .text          0x00000000c0027294       0xff /cygdrive/d/Users/Alex/Desktop/Toolchain/Output/bin/../lib/gcc/i386-banana/8.1.0/libkgcc.a(_udivdi3.o)
                0x00000000c0027294                __udivdi3
 *fill*         0x00000000c0027393        0x1 
 .text          0x00000000c0027394      0x11a /cygdrive/d/Users/Alex/Desktop/Toolchain/Output/bin/../lib/gcc/i386-banana/8.1.0/libkgcc.a(_umoddi3.o)
                0x00000000c0027394                __umoddi3
 .text          0x00000000c00274ae      0x96d D:/Users/Alex/Desktop/Banana/kernel/libsoftfp.a(sfieeelib.o)
                0x00000000c00274ae                __addsf3
                0x00000000c00277b0                __subsf3
                0x00000000c00277c4                __negsf2
                0x00000000c00277d1                __mulsf3
                0x00000000c0027994                __divsf3
                0x00000000c0027bbf                __floatsisf
                0x00000000c0027c33                __floatunsisf
                0x00000000c0027c75                __fixsfsi
                0x00000000c0027cd7                __fixunssfsi
                0x00000000c0027d08                __cmpsf2
                0x00000000c0027d9d                __eqsf2
                0x00000000c0027dd8                __nesf2