Archive member included to satisfy reference by file (symbol)

/cygdrive/d/Users/Alex/Desktop/Toolchain/Output/bin/../lib/gcc/i386-banana/8.1.0/libkgcc.a(_divdi3.o)
                              krnl/resolve.32 (__divdi3)
/cygdrive/d/Users/Alex/Desktop/Toolchain/Output/bin/../lib/gcc/i386-banana/8.1.0/libkgcc.a(_moddi3.o)
                              krnl/resolve.32 (__moddi3)
/cygdrive/d/Users/Alex/Desktop/Toolchain/Output/bin/../lib/gcc/i386-banana/8.1.0/libkgcc.a(_udivdi3.o)
                              hal/clock.32 (__udivdi3)
/cygdrive/d/Users/Alex/Desktop/Toolchain/Output/bin/../lib/gcc/i386-banana/8.1.0/libkgcc.a(_umoddi3.o)
                              core/pipe.32 (__umoddi3)

Allocating common symbols
Common symbol       size              file

current_iphdr_src   0x4               net/core/ipv4/ip.32
netif_list          0x4               net/core/netif.32
tcp_active_pcbs     0x4               net/core/tcp.32
udp_pcbs            0x4               net/core/udp.32
current_netif       0x4               net/core/ipv4/ip.32
tcp_ticks           0x4               net/core/tcp.32
tcp_listen_pcbs     0x4               net/core/tcp.32
current_iphdr_dest  0x4               net/core/ipv4/ip.32
tcp_tmp_pcb         0x4               net/core/tcp.32
tcp_input_pcb       0x4               net/core/tcp_in.32
dcache              0x40              fs/iso9660/iso9660.32
current_header      0x4               net/core/ipv4/ip.32
tcp_bound_pcbs      0x4               net/core/tcp.32
cdDriveLetter       0x1               fs/iso9660/iso9660.32
tcp_tw_pcbs         0x4               net/core/tcp.32
lwip_stats          0x150             net/core/stats.32
netif_default       0x4               net/core/netif.32
ram_heap            0x64d             net/core/mem.32
icache              0x40              fs/iso9660/iso9660.32

Discarded input sections

 .comment       0x0000000000000000       0x12 /cygdrive/d/Users/Alex/Desktop/Toolchain/Output/bin/../lib/gcc/i386-banana/8.1.0/crtbegin.o
 .comment       0x0000000000000000       0x12 acpica/utclib.32
 .comment       0x0000000000000000       0x12 arch/cc.32
 .comment       0x0000000000000000       0x12 arch/sys_arch.32
 .comment       0x0000000000000000       0x12 core/malloc.32
 .comment       0x0000000000000000       0x12 libk/ctype.32
 .comment       0x0000000000000000       0x12 libk/string.32
 .comment       0x0000000000000000       0x12 fs/fat/diskio.32
 .comment       0x0000000000000000       0x12 fs/fat/ff.32
 .comment       0x0000000000000000       0x12 fs/fat/ffsystem.32
 .comment       0x0000000000000000       0x12 fs/fat/ffunicode.32
 .comment       0x0000000000000000       0x12 fs/iso9660/iso9660.32
 .comment       0x0000000000000000       0x12 net/core/def.32
 .comment       0x0000000000000000       0x12 net/core/dhcp.32
 .comment       0x0000000000000000       0x12 net/core/dns.32
 .comment       0x0000000000000000       0x12 net/core/init.32
 .comment       0x0000000000000000       0x12 net/core/mem.32
 .comment       0x0000000000000000       0x12 net/core/memp.32
 .comment       0x0000000000000000       0x12 net/core/netif.32
 .comment       0x0000000000000000       0x12 net/core/pbuf.32
 .comment       0x0000000000000000       0x12 net/core/raw.32
 .comment       0x0000000000000000       0x12 net/core/stats.32
 .comment       0x0000000000000000       0x12 net/core/sys.32
 .comment       0x0000000000000000       0x12 net/core/tcp.32
 .comment       0x0000000000000000       0x12 net/core/tcp_in.32
 .comment       0x0000000000000000       0x12 net/core/tcp_out.32
 .comment       0x0000000000000000       0x12 net/core/timers.32
 .comment       0x0000000000000000       0x12 net/core/udp.32
 .comment       0x0000000000000000       0x12 net/netif/etharp.32
 .comment       0x0000000000000000       0x12 net/netif/ethernetif.32
 .comment       0x0000000000000000       0x12 net/netif/slipif.32
 .comment       0x0000000000000000       0x12 net/core/ipv4/autoip.32
 .comment       0x0000000000000000       0x12 net/core/ipv4/icmp.32
 .comment       0x0000000000000000       0x12 net/core/ipv4/igmp.32
 .comment       0x0000000000000000       0x12 net/core/ipv4/inet.32
 .comment       0x0000000000000000       0x12 net/core/ipv4/inet_chksum.32
 .comment       0x0000000000000000       0x12 net/core/ipv4/ip.32
 .comment       0x0000000000000000       0x12 net/core/ipv4/ip_addr.32
 .comment       0x0000000000000000       0x12 net/core/ipv4/ip_frag.32
 .comment       0x0000000000000000       0x12 net/core/snmp/asn1_dec.32
 .comment       0x0000000000000000       0x12 net/core/snmp/asn1_enc.32
 .comment       0x0000000000000000       0x12 net/core/snmp/mib2.32
 .comment       0x0000000000000000       0x12 net/core/snmp/mib_structs.32
 .comment       0x0000000000000000       0x12 net/core/snmp/msg_in.32
 .comment       0x0000000000000000       0x12 net/core/snmp/msg_out.32
 .comment       0x0000000000000000       0x12 net/netif/ppp/auth.32
[...]
Memory Configuration

Name             Origin             Length             Attributes
*default*        0x0000000000000000 0xffffffffffffffff

Linker script and memory map

LOAD D:/Users/Alex/Desktop/Banana/kernel/boot.32
LOAD crti.32
LOAD /cygdrive/d/Users/Alex/Desktop/Toolchain/Output/bin/../lib/gcc/i386-banana/8.1.0/crtbegin.o
LOAD D:/Users/Alex/Desktop/Banana/kernel/morenasm.32
LOAD acpica/utclib.32
LOAD arch/cc.32
LOAD arch/sys_arch.32
LOAD core/malloc.32
LOAD libk/ctype.32
LOAD libk/string.32
LOAD fs/fat/diskio.32
LOAD fs/fat/ff.32
LOAD fs/fat/ffsystem.32
LOAD fs/fat/ffunicode.32
LOAD fs/iso9660/iso9660.32
LOAD net/core/def.32
LOAD net/core/dhcp.32
LOAD net/core/dns.32
LOAD net/core/init.32
LOAD net/core/mem.32
LOAD net/core/memp.32
LOAD net/core/netif.32
LOAD net/core/pbuf.32
LOAD net/core/raw.32
LOAD net/core/stats.32
LOAD net/core/sys.32
LOAD net/core/tcp.32
LOAD net/core/tcp_in.32
LOAD net/core/tcp_out.32
LOAD net/core/timers.32
LOAD net/core/udp.32
LOAD net/netif/etharp.32
LOAD net/netif/ethernetif.32
LOAD net/netif/slipif.32
LOAD net/core/ipv4/autoip.32
LOAD net/core/ipv4/icmp.32
LOAD net/core/ipv4/igmp.32
LOAD net/core/ipv4/inet.32
LOAD net/core/ipv4/inet_chksum.32
LOAD net/core/ipv4/ip.32
LOAD net/core/ipv4/ip_addr.32
LOAD net/core/ipv4/ip_frag.32
LOAD net/core/snmp/asn1_dec.32
LOAD net/core/snmp/asn1_enc.32
LOAD net/core/snmp/mib2.32
LOAD net/core/snmp/mib_structs.32
LOAD net/core/snmp/msg_in.32
LOAD net/core/snmp/msg_out.32
LOAD net/netif/ppp/auth.32
LOAD net/netif/ppp/chap.32
LOAD net/netif/ppp/chpms.32
LOAD net/netif/ppp/fsm.32
LOAD net/netif/ppp/ipcp.32
LOAD net/netif/ppp/lcp.32
LOAD net/netif/ppp/magic.32
LOAD net/netif/ppp/md5.32
LOAD net/netif/ppp/pap.32
LOAD net/netif/ppp/ppp.32
LOAD net/netif/ppp/ppp_oe.32
LOAD net/netif/ppp/randm.32
LOAD net/netif/ppp/vj.32
LOAD core/computer.32
LOAD core/gdt.32
LOAD core/idle.32
LOAD core/idt.32
LOAD core/kheap.32
LOAD core/main.32
LOAD core/physmgr.32
LOAD core/pipe.32
LOAD core/terminal.32
LOAD core/tss.32
LOAD core/unixfile.32
LOAD core/virtmgr.32
LOAD coreobjs/c++.32
LOAD dbg/kconsole.32
LOAD dbg/usban.32
LOAD fs/symlink.32
LOAD fs/vfs.32
LOAD hal/bus.32
LOAD hal/buzzer.32
LOAD hal/clock.32
LOAD hal/device.32
LOAD hal/diskctrl.32
LOAD hal/diskphys.32
LOAD hal/fpu.32
LOAD hal/intctrl.32
LOAD hal/keybrd.32
LOAD hal/logidisk.32
LOAD hal/mouse.32
LOAD hal/nic.32
LOAD hal/partition.32
LOAD hal/serial.32
LOAD hal/timer.32
LOAD hal/vcache.32
LOAD hal/video.32
LOAD hw/acpi.32
LOAD hw/cpu.32
LOAD krnl/atexit.32
LOAD krnl/bootmsg.32
LOAD krnl/cdefs.32
LOAD krnl/compat.32
LOAD krnl/crc32.32
LOAD krnl/env.32
LOAD krnl/inlines.32
LOAD krnl/mailbox.32
LOAD krnl/mutex.32
LOAD krnl/panic.32
LOAD krnl/powctrl.32
LOAD krnl/random.32
LOAD krnl/resolve.32
LOAD krnl/semaphore.32
LOAD krnl/signal.32
LOAD krnl/syscalls.32
LOAD net/ethernet.32
LOAD net/netosl.32
LOAD reg/cm.32
LOAD reg/registry.32
LOAD sys/eject.32
LOAD sys/exit.32
LOAD sys/getcwd.32
LOAD sys/getpid.32
LOAD sys/getramdata.32
LOAD sys/getvgaptr.32
LOAD sys/kill.32
LOAD sys/loaddll.32
LOAD sys/read.32
LOAD sys/registersignal.32
LOAD sys/registry.32
LOAD sys/sbrk.32
LOAD sys/setcwd.32
LOAD sys/settime.32
LOAD sys/symlink.32
LOAD sys/timezone.32
LOAD sys/truncate.32
LOAD sys/write.32
LOAD sys/wsbe.32
LOAD sys/yield.32
LOAD thr/elf.32
LOAD thr/prcssthr.32
LOAD vm86/vm8086.32
LOAD arch/i386/hal.32
LOAD arch/i386/pic.32
LOAD arch/i386/rtc.32
LOAD arch/i386/vga.32
LOAD fs/fat/vfslink.32
LOAD fs/iso9660/helper.32
LOAD fs/iso9660/vfslink.32
LOAD hal/sound/sndcard.32
LOAD hal/sound/sndport.32
LOAD hw/bus/isa.32
LOAD hw/bus/pci.32
LOAD hw/diskctrl/ide.32
LOAD hw/diskctrl/satabus.32
LOAD hw/diskphys/ata.32
LOAD hw/diskphys/atapi.32
LOAD hw/diskphys/sata.32
LOAD hw/diskphys/satapi.32
LOAD hw/intctrl/apic.32
LOAD hw/timer/apictimer.32
LOAD hw/timer/pit.32
LOAD arch/i386/avx.32
LOAD arch/i386/interrupt.32
LOAD arch/i386/rdrand.32
LOAD arch/i386/sse.32
LOAD arch/i386/x87.32
LOAD /cygdrive/d/Users/Alex/Desktop/Toolchain/Output/bin/../lib/gcc/i386-banana/8.1.0/crtend.o
LOAD crtn.32
LOAD /cygdrive/d/Users/Alex/Desktop/Toolchain/Output/bin/../lib/gcc/i386-banana/8.1.0/libkgcc.a
LOAD D:/Users/Alex/Desktop/Banana/kernel/libsoftfp.a
LOAD D:/Users/Alex/Desktop/Banana/kernel/libk/libm32.a
                0x00000000c0000000                . = 0xc0000000

.text           0x00000000c0000000    0x2ee5a
 *(.text)
 .text          0x00000000c0000000       0x20 D:/Users/Alex/Desktop/Banana/kernel/boot.32
 .text          0x00000000c0000020        0x0 crti.32
 .text          0x00000000c0000020      0x101 /cygdrive/d/Users/Alex/Desktop/Toolchain/Output/bin/../lib/gcc/i386-banana/8.1.0/crtbegin.o
 *fill*         0x00000000c0000121        0xf 
 .text          0x00000000c0000130      0x24f D:/Users/Alex/Desktop/Banana/kernel/morenasm.32
                0x00000000c0000130                manualPCIProbe
                0x00000000c000017b                prepareTramp
                0x00000000c0000194                doTPAUSE
                0x00000000c000019e                hasLegacyFPU
                0x00000000c00001c3                is486
                0x00000000c00001f9                detectCPUID
                0x00000000c000020f                goToVM86
                0x00000000c000023f                goToUsermode
                0x00000000c0000269                switchToThreadASMFirstTime
                0x00000000c0000277                switchToThreadASM
                0x00000000c00002fc                asmQuickAcquireLock
                0x00000000c000031a                asmQuickReleaseLock
                0x00000000c0000326                asmAcquireLock
                0x00000000c0000347                asmReleaseLock
                0x00000000c000035a                loadGDT
                0x00000000c000037a                memcpy
 *fill*         0x00000000c000037f        0x1 
 .text          0x00000000c0000380      0x868 acpica/utclib.32
                0x00000000c0000380                memcmp
                0x00000000c00003d0                memmove
                0x00000000c00004f0                memset
                0x00000000c0000570                strlen
                0x00000000c00005a0                strpbrk
                0x00000000c00005f0                strtok
                0x00000000c0000640                strcpy
                0x00000000c0000680                strncpy
                0x00000000c0000750                strcmp
                0x00000000c00007a0                strchr
                0x00000000c00007e0                strncmp
                0x00000000c0000840                strcat
                0x00000000c0000870                strncat
                0x00000000c00008d0                strstr
                0x00000000c0000930                toupper
                0x00000000c0000950                tolower
                0x00000000c0000970                simple_strtoul
 .text          0x00000000c0000be8       0x53 arch/cc.32
                0x00000000c0000be8                LWIP_PLATFORM_HTONS
                0x00000000c0000c0c                LWIP_PLATFORM_HTONL
 *fill*         0x00000000c0000c3b        0x1 
 .text          0x00000000c0000c3c      0x162 arch/sys_arch.32
                0x00000000c0000c3c                lwip_socket_init
                0x00000000c0000c54                tcpip_callback_with_block
                0x00000000c0000c6c                sys_sem_new
                0x00000000c0000c94                sys_sem_free
                0x00000000c0000cac                sys_sem_signal
                0x00000000c0000cc4                sys_arch_sem_wait
                0x00000000c0000ce0                sys_mbox_new
                0x00000000c0000cfc                sys_mbox_free
                0x00000000c0000d14                sys_mbox_post
                0x00000000c0000d2c                sys_arch_mbox_fetch
                0x00000000c0000d48                sys_arch_mbox_tryfetch
                0x00000000c0000d64                sys_mbox_trypost
                0x00000000c0000d7c                sys_thread_new
                0x00000000c0000d9c                sys_init
 .text          0x00000000c0000d9e     0x1140 core/malloc.32
                0x00000000c0000f09                dlfree
                0x00000000c00013d0                dlmalloc
                0x00000000c000190d                dlrealloc
                0x00000000c0001aea                dlmemalign
                0x00000000c0001c0d                dlcalloc
                0x00000000c0001c9e                dlcfree
                0x00000000c0001ca3                dlindependent_calloc
                0x00000000c0001cc8                dlindependent_comalloc
                0x00000000c0001cdf                dlvalloc
                0x00000000c0001d0a                dlpvalloc
                0x00000000c0001d40                dlmalloc_trim
                0x00000000c0001d4d                dlmalloc_usable_size
                0x00000000c0001d7e                dlmallinfo
                0x00000000c0001e4d                dlmalloc_stats
                0x00000000c0001e5e                dlmallopt
 *fill*         0x00000000c0001ede        0x2 
 .text          0x00000000c0001ee0      0x1f2 libk/ctype.32
                0x00000000c0001ee0                isblank
                0x00000000c0001f00                iscntrl
                0x00000000c0001f20                isdigit
                0x00000000c0001f3c                islower
                0x00000000c0001f58                isspace
                0x00000000c0001f80                isupper
                0x00000000c0001f9c                isalpha
                0x00000000c0001fcc                isalnum
                0x00000000c0001ffc                ispunct
                0x00000000c000203c                isgraph
                0x00000000c000206c                isprint
                0x00000000c0002094                isxdigit
 .text          0x00000000c00020d2        0x0 libk/string.32
 .text          0x00000000c00020d2       0x51 fs/fat/diskio.32
                0x00000000c00020d2                disk_status
                0x00000000c00020d5                disk_initialize
                0x00000000c00020d8                disk_read
                0x00000000c00020ee                disk_write
                0x00000000c0002104                disk_ioctl
 .text          0x00000000c0002123     0x3e46 fs/fat/ff.32
                0x00000000c0003f44                f_mount
                0x00000000c0003fa6                f_open
                0x00000000c0004269                f_read
                0x00000000c0004468                f_write
                0x00000000c00046b0                f_sync
                0x00000000c0004775                f_close
                0x00000000c00047a4                f_lseek
                0x00000000c0004955                f_opendir
                0x00000000c0004a20                f_closedir
                0x00000000c0004a42                f_readdir
                0x00000000c0004ad4                f_stat
                0x00000000c0004b53                f_getfree
                0x00000000c0004c5c                f_truncate
                0x00000000c0004d46                f_unlink
                0x00000000c0004e68                f_mkdir
                0x00000000c0005003                f_rename
                0x00000000c00051bb                f_chmod
                0x00000000c000526b                f_utime
                0x00000000c000531b                f_getlabel
                0x00000000c000546c                f_setlabel
                0x00000000c00055fc                f_expand
                0x00000000c0005769                f_mkfs
 *fill*         0x00000000c0005f69        0x3 
 .text          0x00000000c0005f6c       0x2f fs/fat/ffsystem.32
                0x00000000c0005f6c                ff_memalloc
                0x00000000c0005f84                ff_memfree
 *fill*         0x00000000c0005f9b        0x1 
 .text          0x00000000c0005f9c      0x2dc fs/fat/ffunicode.32
                0x00000000c0005f9c                ff_uni2oem
                0x00000000c000603c                ff_oem2uni
                0x00000000c00060b4                ff_wtoupper
 .text          0x00000000c0006278      0xd32 fs/iso9660/iso9660.32
                0x00000000c00064c3                isoReadDiscSector
                0x00000000c000655e                strnicmp
                0x00000000c000680d                stricmp
                0x00000000c0006859                iso_open
                0x00000000c00068e3                iso_close
                0x00000000c0006901                iso_read
                0x00000000c0006a17                iso_seek
                0x00000000c0006a9b                iso_tell
                0x00000000c0006acc                iso_total
                0x00000000c0006af7                fn_postprocess
                0x00000000c0006b1e                iso_readdir
                0x00000000c0006d75                iso_reset
                0x00000000c0006d92                init_percd
                0x00000000c0006e8c                iso_ioctl
                0x00000000c0006ea4                fs_iso9660_init
                0x00000000c0006f3a                fs_iso9660_shutdown
 .text          0x00000000c0006faa        0x0 net/core/def.32
 .text          0x00000000c0006faa        0x0 net/core/dhcp.32
 .text          0x00000000c0006faa        0x0 net/core/dns.32
 *fill*         0x00000000c0006faa        0x2 
 .text          0x00000000c0006fac       0x2b net/core/init.32
                0x00000000c0006fac                lwip_init
 *fill*         0x00000000c0006fd7        0x1 
 .text          0x00000000c0006fd8      0x9f0 net/core/mem.32
                0x00000000c000716c                mem_init
                0x00000000c0007214                mem_free
                0x00000000c0007338                mem_trim
                0x00000000c0007648                mem_malloc
                0x00000000c0007964                mem_calloc
 .text          0x00000000c00079c8      0x2e8 net/core/memp.32
                0x00000000c00079c8                memp_init
                0x00000000c0007b0c                memp_malloc
                0x00000000c0007c38                memp_free
 .text          0x00000000c0007cb0      0x4ba net/core/netif.32
                0x00000000c0007cb0                netif_init
                0x00000000c0007cb4                netif_find
                0x00000000c0007d4c                netif_set_ipaddr
                0x00000000c0007e44                netif_set_gw
                0x00000000c0007e68                netif_set_netmask
                0x00000000c0007e8c                netif_set_addr
                0x00000000c0007ed0                netif_add
                0x00000000c0007f9c                netif_set_default
                0x00000000c0007fa8                netif_set_up
                0x00000000c000800c                netif_set_down
                0x00000000c0008034                netif_remove
                0x00000000c00080e0                netif_set_link_up
                0x00000000c0008144                netif_set_link_down
 *fill*         0x00000000c000816a        0x2 
 .text          0x00000000c000816c     0x16ac net/core/pbuf.32
                0x00000000c0008234                pbuf_alloced_custom
                0x00000000c0008358                pbuf_header
                0x00000000c00084f4                pbuf_free
                0x00000000c00086cc                pbuf_alloc
                0x00000000c0008ac4                pbuf_realloc
                0x00000000c0008cc8                pbuf_clen
                0x00000000c0008cfc                pbuf_ref
                0x00000000c0008d2c                pbuf_cat
                0x00000000c0008e0c                pbuf_chain
                0x00000000c0008e38                pbuf_dechain
                0x00000000c0008f2c                pbuf_copy
                0x00000000c0009194                pbuf_copy_partial
                0x00000000c0009338                pbuf_take
                0x00000000c00094b8                pbuf_coalesce
                0x00000000c000954c                pbuf_get_at
                0x00000000c00095e4                pbuf_memcmp
                0x00000000c00096f0                pbuf_memfind
                0x00000000c00097a4                pbuf_strstr
 .text          0x00000000c0009818      0x3e4 net/core/raw.32
                0x00000000c0009818                raw_input
                0x00000000c0009924                raw_bind
                0x00000000c0009948                raw_connect
                0x00000000c000996c                raw_recv
                0x00000000c0009984                raw_sendto
                0x00000000c0009af0                raw_send
                0x00000000c0009b14                raw_remove
                0x00000000c0009b94                raw_new
 .text          0x00000000c0009bfc        0x2 net/core/stats.32
                0x00000000c0009bfc                stats_init
 *fill*         0x00000000c0009bfe        0x2 
 .text          0x00000000c0009c00       0x55 net/core/sys.32
                0x00000000c0009c00                sys_msleep
 *fill*         0x00000000c0009c55        0x3 
 .text          0x00000000c0009c58     0x1dec net/core/tcp.32
                0x00000000c0009c68                tcp_listen_with_backlog
                0x00000000c0009e18                tcp_update_rcv_ann_wnd
                0x00000000c0009ef4                tcp_recved
                0x00000000c000a03c                tcp_bind
                0x00000000c000a16c                tcp_seg_free
                0x00000000c000a1b0                tcp_segs_free
                0x00000000c000a1e8                tcp_setprio
                0x00000000c000a204                tcp_seg_copy
                0x00000000c000a258                tcp_arg
                0x00000000c000a268                tcp_recv
                0x00000000c000a278                tcp_sent
                0x00000000c000a288                tcp_err
                0x00000000c000a298                tcp_accept
                0x00000000c000a2a8                tcp_poll
                0x00000000c000a2d0                tcp_pcb_purge
                0x00000000c000a3b4                tcp_slowtmr
                0x00000000c000ab38                tcp_pcb_remove
                0x00000000c000afe0                tcp_close
                0x00000000c000b01c                tcp_recv_null
                0x00000000c000b080                tcp_fasttmr
                0x00000000c000b1a4                tcp_tmr
                0x00000000c000b1d4                tcp_shutdown
                0x00000000c000b280                tcp_abandon
                0x00000000c000b414                tcp_abort
                0x00000000c000b580                tcp_next_iss
                0x00000000c000b598                tcp_alloc
                0x00000000c000b744                tcp_new
                0x00000000c000b758                tcp_eff_send_mss
                0x00000000c000b7c8                tcp_connect
                0x00000000c000ba38                tcp_debug_state_str
 .text          0x00000000c000ba44     0x3131 net/core/tcp_in.32
                0x00000000c000e0a4                tcp_input
 *fill*         0x00000000c000eb75        0x3 
 .text          0x00000000c000eb78     0x1f81 net/core/tcp_out.32
                0x00000000c000f0e8                tcp_write
                0x00000000c000f988                tcp_enqueue_flags
                0x00000000c000fc74                tcp_send_fin
                0x00000000c000fd14                tcp_send_empty_ack
                0x00000000c0010024                tcp_output
                0x00000000c00104b0                tcp_rst
                0x00000000c0010624                tcp_rexmit_rto
                0x00000000c00106b4                tcp_rexmit
                0x00000000c001077c                tcp_rexmit_fast
                0x00000000c0010860                tcp_keepalive
                0x00000000c0010928                tcp_zero_window_probe
 *fill*         0x00000000c0010af9        0x3 
 .text          0x00000000c0010afc      0x44d net/core/timers.32
                0x00000000c0010afc                sys_timeout
                0x00000000c0010cb4                tcp_timer_needed
                0x00000000c0010d48                sys_timeouts_init
                0x00000000c0010d80                sys_untimeout
                0x00000000c0010e4c                sys_timeouts_mbox_fetch
 *fill*         0x00000000c0010f49        0x3 
 .text          0x00000000c0010f4c      0xae8 net/core/udp.32
                0x00000000c0010f4c                udp_input
                0x00000000c00113c0                udp_bind
                0x00000000c0011540                udp_sendto_if
                0x00000000c00117c0                udp_sendto
                0x00000000c0011824                udp_send
                0x00000000c0011850                udp_connect
                0x00000000c0011930                udp_disconnect
                0x00000000c001195c                udp_recv
                0x00000000c0011974                udp_remove
                0x00000000c00119f4                udp_new
 .text          0x00000000c0011a34     0x1204 net/netif/etharp.32
                0x00000000c0011a8c                etharp_tmr
                0x00000000c001205c                etharp_find_addr
                0x00000000c00125bc                etharp_request
                0x00000000c00125f8                etharp_query
                0x00000000c0012934                etharp_output
                0x00000000c0012af4                ethernet_input
 .text          0x00000000c0012c38        0x0 net/netif/ethernetif.32
 .text          0x00000000c0012c38        0x0 net/netif/slipif.32
 .text          0x00000000c0012c38        0x0 net/core/ipv4/autoip.32
 .text          0x00000000c0012c38      0x5dd net/core/ipv4/icmp.32
                0x00000000c0012c38                icmp_input
                0x00000000c00131d0                icmp_dest_unreach
                0x00000000c00131f4                icmp_time_exceeded
 .text          0x00000000c0013215        0x0 net/core/ipv4/igmp.32
 .text          0x00000000c0013215        0x0 net/core/ipv4/inet.32
 *fill*         0x00000000c0013215        0x3 
 .text          0x00000000c0013218      0x582 net/core/ipv4/inet_chksum.32
                0x00000000c0013310                inet_chksum_pseudo
                0x00000000c00134a0                inet_chksum_pseudo_partial
                0x00000000c0013690                inet_chksum
                0x00000000c00136b8                inet_chksum_pbuf
 *fill*         0x00000000c001379a        0x2 
 .text          0x00000000c001379c      0x84c net/core/ipv4/ip.32
                0x00000000c001379c                ip_route
                0x00000000c0013830                ip_input
                0x00000000c0013c74                ip_output_if
                0x00000000c0013f44                ip_output
 .text          0x00000000c0013fe8      0x5ac net/core/ipv4/ip_addr.32
                0x00000000c0013fe8                ip4_addr_isbroadcast
                0x00000000c0014070                ip4_addr_netmask_valid
                0x00000000c00140d4                ipaddr_aton
                0x00000000c0014404                ipaddr_addr
                0x00000000c0014434                ipaddr_ntoa_r
                0x00000000c0014580                ipaddr_ntoa
 .text          0x00000000c0014594     0x1161 net/core/ipv4/ip_frag.32
                0x00000000c00147f8                ip_reass_tmr
                0x00000000c0014e88                ip_reass
                0x00000000c0015348                ip_frag
 .text          0x00000000c00156f5        0x0 net/core/snmp/asn1_dec.32
 .text          0x00000000c00156f5        0x0 net/core/snmp/asn1_enc.32
 .text          0x00000000c00156f5        0x0 net/core/snmp/mib2.32
 .text          0x00000000c00156f5        0x0 net/core/snmp/mib_structs.32
 .text          0x00000000c00156f5        0x0 net/core/snmp/msg_in.32
 .text          0x00000000c00156f5        0x0 net/core/snmp/msg_out.32
 .text          0x00000000c00156f5        0x0 net/netif/ppp/auth.32
 .text          0x00000000c00156f5        0x0 net/netif/ppp/chap.32
 .text          0x00000000c00156f5        0x0 net/netif/ppp/chpms.32
 .text          0x00000000c00156f5        0x0 net/netif/ppp/fsm.32
 .text          0x00000000c00156f5        0x0 net/netif/ppp/ipcp.32
 .text          0x00000000c00156f5        0x0 net/netif/ppp/lcp.32
 .text          0x00000000c00156f5        0x0 net/netif/ppp/magic.32
 .text          0x00000000c00156f5        0x0 net/netif/ppp/md5.32
 .text          0x00000000c00156f5        0x0 net/netif/ppp/pap.32
 .text          0x00000000c00156f5        0x0 net/netif/ppp/ppp.32
 .text          0x00000000c00156f5        0x0 net/netif/ppp/ppp_oe.32
 .text          0x00000000c00156f5        0x0 net/netif/ppp/randm.32
 .text          0x00000000c00156f5        0x0 net/netif/ppp/vj.32
 *fill*         0x00000000c00156f5        0x1 
 .text          0x00000000c00156f6      0x6af core/computer.32
                0x00000000c00156f6                Computer::close(int, int, void*)
                0x00000000c0015744                Krnl::firstTask()
                0x00000000c001586a                Computer::Computer()
                0x00000000c001586a                Computer::Computer()
                0x00000000c001591a                Computer::setBootMessage(char const*)
                0x00000000c001591c                Computer::detectFeatures()
                0x00000000c0015b42                Computer::displayFeatures()
                0x00000000c0015b44                Computer::rdmsr(unsigned int)
                0x00000000c0015b70                Computer::wrmsr(unsigned int, unsigned long long)
                0x00000000c0015bac                Computer::shutdown()
                0x00000000c0015bc4                Computer::restart()
                0x00000000c0015bdc                Computer::sleep()
                0x00000000c0015bf0                Computer::nmiEnabled()
                0x00000000c0015bfc                Computer::readCMOS(unsigned char)
                0x00000000c0015c1a                Computer::enableNMI(bool)
                0x00000000c0015c32                Computer::open(int, int, void*)
                0x00000000c0015d06                Computer::disableNMI()
                0x00000000c0015d16                Computer::writeCMOS(unsigned char, unsigned char)
                0x00000000c0015d3a                Computer::handleNMI()
 *fill*         0x00000000c0015da5        0x1 
 .text          0x00000000c0015da6      0x1db core/gdt.32
                0x00000000c0015da6                GDTEntry::setBase(unsigned int)
                0x00000000c0015dc2                GDTEntry::setLimit(unsigned int)
                0x00000000c0015de0                GDT::GDT()
                0x00000000c0015de0                GDT::GDT()
                0x00000000c0015df6                GDT::addEntry(GDTEntry)
                0x00000000c0015e18                GDT::getNumberOfEntries()
                0x00000000c0015e20                GDT::flush()
                0x00000000c0015e42                GDT::setup()
 .text          0x00000000c0015f81       0x1d core/idle.32
                0x00000000c0015f81                idleFunction(void*)
 *fill*         0x00000000c0015f9e        0x2 
 .text          0x00000000c0015fa0      0x46c core/idt.32
                0x00000000c0015fa0                IDTEntry::IDTEntry(bool)
                0x00000000c0015fa0                IDTEntry::IDTEntry(bool)
                0x00000000c001601a                IDTEntry::setOffset(unsigned int)
                0x00000000c0016030                IDT::IDT()
                0x00000000c0016030                IDT::IDT()
                0x00000000c0016032                IDT::getPointerToInvalidOpcodeEntryForF00F()
                0x00000000c001603a                IDT::addEntry(IDTEntry, int)
                0x00000000c0016054                IDT::addEntry(int, void (*)(), bool)
                0x00000000c001608c                IDT::flush()
                0x00000000c00160a6                IDT::setup()
 .text          0x00000000c001640c      0x205 core/kheap.32
                0x00000000c001640c                sbrk
                0x00000000c00164a3                sbrk_thunk
                0x00000000c00164d9                mmap
                0x00000000c0016537                munmap
                0x00000000c001654c                liballoc_lock()
                0x00000000c001655a                liballoc_unlock()
                0x00000000c0016570                liballoc_alloc(int)
                0x00000000c0016588                liballoc_free(void*, int)
                0x00000000c00165a3                realloc
                0x00000000c00165b7                malloc
                0x00000000c00165c7                free
                0x00000000c00165d7                rfree
                0x00000000c00165e7                calloc
 .text          0x00000000c0016611       0xc7 core/main.32
                0x00000000c0016611                KeEntryPoint
 .text          0x00000000c00166d8      0x644 core/physmgr.32
                0x00000000c00166d8                Phys::allocateDMA(unsigned long)
                0x00000000c00167c0                Phys::freeDMA(unsigned long, unsigned long)
                0x00000000c00167fb                Phys::setPageState(unsigned long, bool)
                0x00000000c001683b                Phys::getPageState(unsigned long)
                0x00000000c0016857                Phys::freePage(unsigned long)
                0x00000000c00168c0                Phys::allocatePage()
                0x00000000c001698f                Phys::allocateContiguousPages(int)
                0x00000000c00169f6                Phys::allowSegmentToBeUsed(unsigned long, unsigned long)
                0x00000000c0016a2e                Phys::physicalMemorySetup(unsigned int)
 .text          0x00000000c0016d1c      0x273 core/pipe.32
                0x00000000c0016d1c                Pipe::isAtty()
                0x00000000c0016d20                Pipe::~Pipe()
                0x00000000c0016d20                Pipe::~Pipe()
                0x00000000c0016d44                Pipe::~Pipe()
                0x00000000c0016d6c                Pipe::write(unsigned long long, void*, int*)
                0x00000000c0016e2c                Pipe::read(unsigned long long, void*, int*)
                0x00000000c0016f28                Pipe::Pipe(int)
                0x00000000c0016f28                Pipe::Pipe(int)
 *fill*         0x00000000c0016f8f        0x1 
 .text          0x00000000c0016f90      0xab3 core/terminal.32
                0x00000000c0016f90                VgaText::isAtty()
                0x00000000c0016f94                VgaText::~VgaText()
                0x00000000c0016f94                VgaText::~VgaText()
                0x00000000c0016fb8                VgaText::~VgaText()
                0x00000000c0016fe2                VgaText::read(unsigned long long, void*, int*)
                0x00000000c0017002                setTerminalScrollLock(bool)
                0x00000000c0017003                doTerminalCycle()
                0x00000000c0017004                addToTerminalCycle(VgaText*)
                0x00000000c0017005                scrollTerminalScrollLock(int)
                0x00000000c0017006                VgaText::updateTitle()
                0x00000000c0017008                VgaText::load()
                0x00000000c001700a                VgaText::updateCursor()
                0x00000000c0017020                VgaText::doANSI_SGR(int)
                0x00000000c0017094                VgaText::setDefaultBgColour(VgaColour)
                0x00000000c00170a4                VgaText::setDefaultFgColour(VgaColour)
                0x00000000c00170b4                VgaText::setDefaultColours(VgaColour, VgaColour)
                0x00000000c00170d4                VgaText::setTitleTextColour(VgaColour)
                0x00000000c00170e0                VgaText::setTitleColour(VgaColour)
                0x00000000c00170ec                VgaText::setTitle(char*)
                0x00000000c00170ee                VgaText::combineColours(unsigned char, unsigned char)
                0x00000000c0017100                VgaText::scrollScreen()
                0x00000000c0017192                VgaText::combineCharAndColour(char, unsigned char)
                0x00000000c00171a2                VgaText::writeCharacter(char, VgaColour, VgaColour, int, int)
                0x00000000c0017232                VgaText::getCursorX()
                0x00000000c001723a                VgaText::getCursorY()
                0x00000000c0017242                VgaText::setCursor(int, int)
                0x00000000c0017259                setActiveTerminal(VgaText*)
                0x00000000c00172a4                VgaText::clearScreen()
                0x00000000c00172f2                VgaText::setCursorX(int)
                0x00000000c001730a                VgaText::setCursorY(int)
                0x00000000c0017322                VgaText::incrementCursor(bool)
                0x00000000c0017376                VgaText::decrementCursor(bool)
                0x00000000c0017398                VgaText::putchar(char, VgaColour, VgaColour)
                0x00000000c0017468                VgaText::putchar(char)
                0x00000000c0017560                VgaText::putx(unsigned int)
                0x00000000c00175a6                VgaText::puts(char const*)
                0x00000000c00175cc                VgaText::write(unsigned long long, void*, int*)
                0x00000000c0017618                VgaText::puts(char const*, VgaColour, VgaColour)
                0x00000000c0017766                VgaText::VgaText(char const*)
                0x00000000c0017766                VgaText::VgaText(char const*)
                0x00000000c00178b6                VgaText::receiveKey(unsigned char)
                0x00000000c0017a42                VgaText::doUpdate()
 *fill*         0x00000000c0017a43        0x1 
 .text          0x00000000c0017a44      0x1a1 core/tss.32
                0x00000000c0017a44                TSS::TSS()
                0x00000000c0017a44                TSS::TSS()
                0x00000000c0017a54                TSS::setESP(unsigned long)
                0x00000000c0017a68                TSS::flush()
                0x00000000c0017a88                TSS::setup(unsigned long, unsigned long)
 *fill*         0x00000000c0017be5        0x1 
 .text          0x00000000c0017be6      0x4ca core/unixfile.32
                0x00000000c0017be6                ReservedFilename::read(unsigned long long, void*, int*)
                0x00000000c0017c3c                ReservedFilename::isAtty()
                0x00000000c0017c58                ReservedFilename::write(unsigned long long, void*, int*)
                0x00000000c0017cb6                UnixFile::getFileDescriptor()
                0x00000000c0017cbe                UnixFile::UnixFile(int)
                0x00000000c0017cbe                UnixFile::UnixFile(int)
                0x00000000c0017e72                ReservedFilename::ReservedFilename(int)
                0x00000000c0017e72                ReservedFilename::ReservedFilename(int)
                0x00000000c0017ea4                UnixFile::~UnixFile()
                0x00000000c0017ea4                UnixFile::~UnixFile()
                0x00000000c0017f40                UnixFile::~UnixFile()
                0x00000000c0017f68                ReservedFilename::~ReservedFilename()
                0x00000000c0017f68                ReservedFilename::~ReservedFilename()
                0x00000000c0017f8c                ReservedFilename::~ReservedFilename()
                0x00000000c0017fb3                KeGetFileFromDescriptor(int)
 .text          0x00000000c00180b0     0x1218 core/virtmgr.32
                0x00000000c00180b0                Virt::setPageState(unsigned long, Virt::VirtPageState)
                0x00000000c00180ea                Virt::getPageState(unsigned long)
                0x00000000c001810d                Virt::allocateKernelVirtualPages(int)
                0x00000000c0018232                Virt::freeSwapfilePage(unsigned long)
                0x00000000c0018255                Virt::swapIDToSector(unsigned long)
                0x00000000c001826b                Virt::allocateSwapfilePage()
                0x00000000c00182eb                Virt::virtualMemorySetup()
                0x00000000c001833c                Virt::setupPageSwapping(int)
                0x00000000c00183ae                VAS::setCPUSpecific(unsigned long)
                0x00000000c00183b0                VAS::VAS(VAS*)
                0x00000000c00183b0                VAS::VAS(VAS*)
                0x00000000c00183de                VAS::getForeignPageTableEntry(bool, unsigned long)
                0x00000000c001840c                VAS::getPageTableEntry(unsigned long)
                0x00000000c001842b                Virt::freeKernelVirtualPages(unsigned long)
                0x00000000c0018568                VAS::freeAllocatedPages(unsigned long)
                0x00000000c001858c                VAS::virtualToPhysical(unsigned long)
                0x00000000c00185a6                VAS::reflagRange(unsigned long, int, unsigned long, unsigned long)
                0x00000000c00185e8                VAS::VAS()
                0x00000000c00185e8                VAS::VAS()
                0x00000000c0018652                VAS::setToWriteCombining(unsigned long, int)
                0x00000000c0018686                VAS::mapOtherVASIn(bool, VAS*)
                0x00000000c00186b2                VAS::~VAS()
                0x00000000c00186b2                VAS::~VAS()
                0x00000000c0018820                VAS::mapPage(unsigned long, unsigned long, int)
                0x00000000c0018924                VAS::allocatePages(int, int)
                0x00000000c0018a1a                VAS::mapRange(unsigned long, unsigned long, int, int)
                0x00000000c0018a72                VAS::mapForeignPage(bool, VAS*, unsigned long, unsigned long, int)
                0x00000000c0018b68                VAS::VAS(bool)
                0x00000000c0018b68                VAS::VAS(bool)
                0x00000000c0018db2                VAS::evict(unsigned long)
                0x00000000c0018e90                VAS::tryLoadBackOffDisk(unsigned long)
                0x00000000c001902a                VAS::allocateSharedMemoryWithKernel(unsigned long, unsigned long*)
                0x00000000c001909e                VAS::freeSharedMemoryWithKernel(unsigned long, unsigned long)
                0x00000000c00190ca                VAS::scanForEviction()
                0x00000000c00191cd                mapVASFirstTime
 .text          0x00000000c00192c8       0x5f coreobjs/c++.32
                0x00000000c00192c8                __cxa_atexit
                0x00000000c00192cb                __cxa_finalize
                0x00000000c00192cc                __stack_chk_fail
                0x00000000c0019302                __cxa_pure_virtual
                0x00000000c0019313                operator new[](unsigned long)
                0x00000000c0019318                operator delete(void*, unsigned long)
                0x00000000c001931d                operator delete[](void*)
                0x00000000c0019322                operator delete[](void*, unsigned long)
 .text          0x00000000c0019327      0x254 dbg/kconsole.32
                0x00000000c0019327                Dbg::stringifyxWithBase(unsigned int, char*, int)
                0x00000000c00193c7                Dbg::logc(char)
                0x00000000c00193e7                Dbg::logs(char*)
                0x00000000c0019406                Dbg::logWriteInt(unsigned int)
                0x00000000c0019424                Dbg::logWriteIntBase(unsigned int, int)
                0x00000000c0019445                Dbg::kprintf(char const*, ...)
 *fill*         0x00000000c001957b        0x1 
 .text          0x00000000c001957c      0x2d4 dbg/usban.32
                0x00000000c001957c                KiUbsanPrintDetails(char const*, void*)
                0x00000000c00195e8                __ubsan_handle_type_mismatch_v1
                0x00000000c00196c4                __ubsan_handle_pointer_overflow
                0x00000000c00196f0                __ubsan_handle_out_of_bounds
                0x00000000c001971c                __ubsan_handle_add_overflow
                0x00000000c0019748                __ubsan_handle_load_invalid_value
                0x00000000c0019774                __ubsan_handle_divrem_overflow
                0x00000000c00197a0                __ubsan_handle_mul_overflow
                0x00000000c00197cc                __ubsan_handle_sub_overflow
                0x00000000c00197f8                __ubsan_handle_shift_out_of_bounds
                0x00000000c0019824                __ubsan_handle_negate_overflow
 .text          0x00000000c0019850      0x86d fs/symlink.32
                0x00000000c001999f                KiDeinitialiseSymlinks(void*)
                0x00000000c0019a32                KeRegisterSymlink(char const*, unsigned long long)
                0x00000000c0019ac4                KeInitialiseSymlinks()
                0x00000000c0019c38                KiIsSymlinkRegistered(char const*)
                0x00000000c0019dbc                KeDereferenceSymlink(char const*, char*)
                0x00000000c0019f63                KeCreateSymlink(char const*, char const*)
 *fill*         0x00000000c001a0bd        0x1 
 .text          0x00000000c001a0be      0xd68 fs/vfs.32
                0x00000000c001a0be                File::read(unsigned long long, void*, int*)
                0x00000000c001a116                File::write(unsigned long long, void*, int*)
                0x00000000c001a16e                Directory::read(unsigned long long, void*, int*)
                0x00000000c001a1c6                Directory::write(unsigned long long, void*, int*)
                0x00000000c001a1f4                File::isAtty()
                0x00000000c001a1f8                Directory::isAtty()
                0x00000000c001a1fc                Filesystem::getlabel(LogicalDisk*, int, char*, unsigned int*)
                0x00000000c001a202                Filesystem::setlabel(LogicalDisk*, int, char*)
                0x00000000c001a208                Filesystem::allocateSwapfile(char const*, int)
                0x00000000c001a20e                File::~File()
                0x00000000c001a20e                File::~File()
                0x00000000c001a232                File::~File()
                0x00000000c001a25c                Directory::~Directory()
                0x00000000c001a25c                Directory::~Directory()
                0x00000000c001a280                Directory::~Directory()
                0x00000000c001a2aa                Filesystem::Filesystem()
                0x00000000c001a2aa                Filesystem::Filesystem()
                0x00000000c001a2ce                Filesystem::~Filesystem()
                0x00000000c001a2ce                Filesystem::~Filesystem()
                0x00000000c001a2dc                Filesystem::~Filesystem()
                0x00000000c001a300                Fs::getcwd(Process*, char*, int)
                0x00000000c001a32a                Fs::initVFS()
                0x00000000c001a354                Fs::standardiseFiles(char*, char const*, char const*, bool)
                0x00000000c001a56e                File::File(char const*, Process*, bool)
                0x00000000c001a56e                File::File(char const*, Process*, bool)
                0x00000000c001a64c                File::File(char const*, Process*)
                0x00000000c001a64c                File::File(char const*, Process*)
                0x00000000c001a66a                File::open(FileOpenMode)
                0x00000000c001a6c8                File::close()
                0x00000000c001a728                File::seek(unsigned long long)
                0x00000000c001a77e                File::truncate(unsigned long long)
                0x00000000c001a7d4                File::tell(unsigned long long*)
                0x00000000c001a824                File::rewind()
                0x00000000c001a838                File::unlink()
                0x00000000c001a884                File::rename(char const*)
                0x00000000c001a8d2                File::chfatattr(unsigned char, unsigned char)
                0x00000000c001a92e                File::exists()
                0x00000000c001a96c                File::stat(unsigned long long*, bool*)
                0x00000000c001a9cd                Fs::setcwd(Process*, char*)
                0x00000000c001ab2c                Directory::Directory(char const*, Process*)
                0x00000000c001ab2c                Directory::Directory(char const*, Process*)
                0x00000000c001abf4                Directory::open()
                0x00000000c001ac50                Directory::close()
                0x00000000c001acb0                Directory::unlink()
                0x00000000c001acfc                Directory::rename(char const*)
                0x00000000c001ad4a                Directory::exists()
                0x00000000c001ad88                Directory::read(dirent*)
                0x00000000c001add4                Directory::create()
                0x00000000c001ae20                Filesystem::chfatattr(char const*, unsigned char, unsigned char)
 *fill*         0x00000000c001ae26        0x2 
 .text          0x00000000c001ae28       0x86 hal/bus.32
                0x00000000c001ae28                Bus::Bus(char const*)
                0x00000000c001ae28                Bus::Bus(char const*)
                0x00000000c001ae60                Bus::~Bus()
                0x00000000c001ae60                Bus::~Bus()
                0x00000000c001ae84                Bus::~Bus()
 .text          0x00000000c001aeae       0x96 hal/buzzer.32
                0x00000000c001aeae                beepThread(void*)
                0x00000000c001aeeb                Krnl::beep(int, int, bool)
 .text          0x00000000c001af44      0x50d hal/clock.32
                0x00000000c001af44                User::loadClockSettings()
                0x00000000c001b044                Clock::Clock(char const*)
                0x00000000c001b044                Clock::Clock(char const*)
                0x00000000c001b07a                Clock::~Clock()
                0x00000000c001b07a                Clock::~Clock()
                0x00000000c001b09e                Clock::~Clock()
                0x00000000c001b0c8                Clock::timeInSecondsLocal()
                0x00000000c001b110                Clock::setTimeInSecondsLocal(unsigned long long)
                0x00000000c001b169                datetimeToSeconds(datetime_t)
                0x00000000c001b288                Clock::setTimeInDatetimeLocal(datetime_t)
                0x00000000c001b2e8                secondsToDatetime(unsigned long long)
                0x00000000c001b42c                Clock::timeInDatetimeLocal()
 *fill*         0x00000000c001b451        0x1 
 .text          0x00000000c001b452      0x47a hal/device.32
                0x00000000c001b452                Device::hibernate()
                0x00000000c001b454                Device::wake()
                0x00000000c001b456                Device::detect()
                0x00000000c001b458                Device::disableLegacy()
                0x00000000c001b45a                Device::powerSaving(PowerSavingLevel)
                0x00000000c001b45c                DriverlessDevice::close(int, int, void*)
                0x00000000c001b460                DriverlessDevice::detect()
                0x00000000c001b462                DriverlessDevice::open(int, int, void*)
                0x00000000c001b476                Device::~Device()
                0x00000000c001b476                Device::~Device()
                0x00000000c001b484                Device::~Device()
                0x00000000c001b4ac                Device::findAndLoadDriver()
                0x00000000c001b4ba                Device::preOpenPCI(PCIDeviceInfo)
                0x00000000c001b4e0                Device::preOpenACPI(void*, char*, char*)
                0x00000000c001b520                Device::addIRQHandler(int, void (*)(regs*, void*), bool, void*)
                0x00000000c001b54a                Device::getParent()
                0x00000000c001b556                Device::removeIRQHandler(int, void (*)(regs*, void*), bool)
                0x00000000c001b574                Device::addChild(Device*)
                0x00000000c001b5b8                Device::removeAllChildren()
                0x00000000c001b5fe                Device::hibernateAll()
                0x00000000c001b62e                Device::wakeAll()
                0x00000000c001b65e                Device::detectAll()
                0x00000000c001b68e                Device::disableLegacyAll()
                0x00000000c001b690                Device::loadDriversForAll()
                0x00000000c001b692                Device::powerSavingAll(PowerSavingLevel)
                0x00000000c001b6c8                Device::setName(char const*)
                0x00000000c001b6d6                Device::Device(char const*)
                0x00000000c001b6d6                Device::Device(char const*)
                0x00000000c001b7d2                Device::getName()
                0x00000000c001b7dc                Device::closeAll()
                0x00000000c001b828                DriverlessDevice::DriverlessDevice(char const*)
                0x00000000c001b828                DriverlessDevice::DriverlessDevice(char const*)
                0x00000000c001b85e                Device::addToLinkedList(LinkedList<Device>&, DeviceType)
                0x00000000c001b8a2                getDevicesOfType(DeviceType)
 .text          0x00000000c001b8cc       0x86 hal/diskctrl.32
                0x00000000c001b8cc                HardDiskController::HardDiskController(char const*)
                0x00000000c001b8cc                HardDiskController::HardDiskController(char const*)
                0x00000000c001b904                HardDiskController::~HardDiskController()
                0x00000000c001b904                HardDiskController::~HardDiskController()
                0x00000000c001b928                HardDiskController::~HardDiskController()
 .text          0x00000000c001b952       0xe2 hal/diskphys.32
                0x00000000c001b952                PhysicalDisk::eject()
                0x00000000c001b956                PhysicalDisk::PhysicalDisk(char const*, int)
                0x00000000c001b956                PhysicalDisk::PhysicalDisk(char const*, int)
                0x00000000c001b9be                PhysicalDisk::startCache()
                0x00000000c001b9e6                PhysicalDisk::~PhysicalDisk()
                0x00000000c001b9e6                PhysicalDisk::~PhysicalDisk()
                0x00000000c001ba0a                PhysicalDisk::~PhysicalDisk()
 .text          0x00000000c001ba34        0x0 hal/fpu.32
 .text          0x00000000c001ba34      0x359 hal/intctrl.32
                0x00000000c001ba34                int_handler
                0x00000000c001babe                installISRHandler(int, void (*)(regs*, void*), void*)
                0x00000000c001bb08                installIRQHandler(int, void (*)(regs*, void*), bool, void*)
                0x00000000c001bc3c                uninstallISRHandler(int, void (*)(regs*, void*))
                0x00000000c001bc70                uninstallIRQHandler(int, void (*)(regs*, void*), bool)
                0x00000000c001bcee                setupINTS()
                0x00000000c001bd4b                convertLegacyIRQNumber(int)
 *fill*         0x00000000c001bd8d        0x1 
 .text          0x00000000c001bd8e      0x8b6 hal/keybrd.32
                0x00000000c001bd8e                startGUI(void*)
                0x00000000c001bdf8                startGUIVESA(void*)
                0x00000000c001be62                sendKeyToTerminal(unsigned char)
                0x00000000c001bf3d                sendKeyboardToken(KeyboardToken)
                0x00000000c001c427                clearInternalKeybuffer(VgaText*)
                0x00000000c001c45c                readKeyboard(VgaText*, char*, unsigned long)
                0x00000000c001c5ba                Keyboard::Keyboard(char const*)
                0x00000000c001c5ba                Keyboard::Keyboard(char const*)
                0x00000000c001c5f6                Keyboard::~Keyboard()
                0x00000000c001c5f6                Keyboard::~Keyboard()
                0x00000000c001c61a                Keyboard::~Keyboard()
 .text          0x00000000c001c644      0x3f8 hal/logidisk.32
                0x00000000c001c644                LogicalDisk::close(int, int, void*)
                0x00000000c001c648                LogicalDisk::~LogicalDisk()
                0x00000000c001c648                LogicalDisk::~LogicalDisk()
                0x00000000c001c66c                LogicalDisk::~LogicalDisk()
                0x00000000c001c696                LogicalDisk::open(int, int, void*)
                0x00000000c001c6aa                LogicalDisk::absoluteToRelative(unsigned long long)
                0x00000000c001c6e2                LogicalDisk::relativeToAbsolute(unsigned long long)
                0x00000000c001c728                LogicalDisk::LogicalDisk(char const*, PhysicalDisk*, unsigned long long, unsigned long long)
                0x00000000c001c728                LogicalDisk::LogicalDisk(char const*, PhysicalDisk*, unsigned long long, unsigned long long)
                0x00000000c001c7e8                LogicalDisk::assignDriveLetter()
                0x00000000c001c8a2                LogicalDisk::mount()
                0x00000000c001c8ea                LogicalDisk::unmount()
                0x00000000c001c8fa                LogicalDisk::eject()
                0x00000000c001c90e                LogicalDisk::unassignDriveLetter()
                0x00000000c001c964                LogicalDisk::read(unsigned long long, int, void*)
                0x00000000c001c9d0                LogicalDisk::write(unsigned long long, int, void*)
 .text          0x00000000c001ca3c       0x86 hal/mouse.32
                0x00000000c001ca3c                Mouse::Mouse(char const*)
                0x00000000c001ca3c                Mouse::Mouse(char const*)
                0x00000000c001ca74                Mouse::~Mouse()
                0x00000000c001ca74                Mouse::~Mouse()
                0x00000000c001ca98                Mouse::~Mouse()
 .text          0x00000000c001cac2       0x90 hal/nic.32
                0x00000000c001cac2                NIC::getMAC()
                0x00000000c001cac8                NIC::write(int, unsigned char*, int*)
                0x00000000c001cace                NIC::NIC(char const*)
                0x00000000c001cace                NIC::NIC(char const*)
                0x00000000c001cb04                NIC::~NIC()
                0x00000000c001cb04                NIC::~NIC()
                0x00000000c001cb28                NIC::~NIC()
 .text          0x00000000c001cb52      0x33b hal/partition.32
                0x00000000c001cb52                makePartition(PhysicalDisk*, unsigned long long, unsigned long long)
                0x00000000c001cbfa                createPartitionsForDisk(PhysicalDisk*)
 *fill*         0x00000000c001ce8d        0x3 
 .text          0x00000000c001ce90       0x86 hal/serial.32
                0x00000000c001ce90                Serial::Serial(char const*)
                0x00000000c001ce90                Serial::Serial(char const*)
                0x00000000c001cec8                Serial::~Serial()
                0x00000000c001cec8                Serial::~Serial()
                0x00000000c001ceec                Serial::~Serial()
 *fill*         0x00000000c001cf16        0x2 
 .text          0x00000000c001cf18      0x230 hal/timer.32
                0x00000000c001cf18                Timer::Timer(char const*)
                0x00000000c001cf18                Timer::Timer(char const*)
                0x00000000c001cf50                Timer::~Timer()
                0x00000000c001cf50                Timer::~Timer()
                0x00000000c001cf74                Timer::~Timer()
                0x00000000c001cf9e                Timer::read()
                0x00000000c001cfa9                setupTimer(int)
                0x00000000c001cfe4                timerHandler(unsigned int)
 .text          0x00000000c001d148      0x444 hal/vcache.32
                0x00000000c001d148                VCache::VCache(PhysicalDisk*)
                0x00000000c001d148                VCache::VCache(PhysicalDisk*)
                0x00000000c001d2b8                VCache::invalidateReadBuffer()
                0x00000000c001d2c8                VCache::writeWriteBuffer()
                0x00000000c001d314                VCache::~VCache()
                0x00000000c001d314                VCache::~VCache()
                0x00000000c001d36c                VCache::~VCache()
                0x00000000c001d394                VCache::write(unsigned long long, int, void*)
                0x00000000c001d488                VCache::read(unsigned long long, int, void*)
 .text          0x00000000c001d58c      0x70e hal/video.32
                0x00000000c001d58c                Video::putrect(int, int, int, int, unsigned int)
                0x00000000c001d5d8                Video::bitblit(int, int, int, int, int, int, int, unsigned int*)
                0x00000000c001d648                Video::blit(unsigned int*, int, int, int, int)
                0x00000000c001d6c6                Video::clearScreen(unsigned int)
                0x00000000c001d6fa                Video::putpixel(int, int, unsigned int)
                0x00000000c001d708                Video::readPixelApprox(int, int)
                0x00000000c001d71c                Video::Video(char const*)
                0x00000000c001d71c                Video::Video(char const*)
                0x00000000c001d752                Video::~Video()
                0x00000000c001d752                Video::~Video()
                0x00000000c001d776                Video::~Video()
                0x00000000c001d7a0                Video::isMonochrome()
                0x00000000c001d7ac                Video::getWidth()
                0x00000000c001d7b8                Video::getHeight()
                0x00000000c001d7c4                Video::drawCursor(int, int, unsigned int*, int)
                0x00000000c001d880                Video::tgaParse(unsigned char*, int, int*, int*)
                0x00000000c001dc2a                Video::putTGA(int, int, unsigned char*, int)
 *fill*         0x00000000c001dc9a        0x2 
 .text          0x00000000c001dc9c     0x1413 hw/acpi.32
                0x00000000c001dc9c                ACPI::close(int, int, void*)
                0x00000000c001ddd8                findRSDP()
                0x00000000c001de70                loadACPITables(unsigned char*)
                0x00000000c001e0dc                findRSDT(unsigned char*)
                0x00000000c001e234                findDataTable(unsigned char*, char*)
                0x00000000c001e2b4                scanMADT()
                0x00000000c001e76c                ACPI::ACPI()
                0x00000000c001e76c                ACPI::ACPI()
                0x00000000c001e7c0                ACPI::getPCIIRQAssignment(unsigned char, unsigned short, unsigned char)
                0x00000000c001e8bc                ACPI::registerPCIIRQAssignment(void*, unsigned short, unsigned char, unsigned char)
                0x00000000c001e988                ACPI::setScreenBrightnessLevel(void*, int)
                0x00000000c001e990                ACPI::detectPCI()
                0x00000000c001ebb0                ACPI::writeSimpleBootFlag(SimpleBootFlagTable*)
                0x00000000c001ebf8                ACPI::sleep()
                0x00000000c001ec14                ACPI::open(int, int, void*)
 *fill*         0x00000000c001f0af        0x1 
 .text          0x00000000c001f0b0      0xbc5 hw/cpu.32
                0x00000000c001f0b0                CPU::close(int, int, void*)
                0x00000000c001f0b4                CPU::AMD_K6_write_msr(unsigned int, unsigned int, unsigned int, CPU::REGS*)
                0x00000000c001f0d0                CPU::AMD_K6_read_msr(unsigned int, CPU::REGS*)
                0x00000000c001f0e8                CPU::AMD_K6_writeback(int, int, int)
                0x00000000c001f15c                CPU::cpuid(int, unsigned long*, unsigned long*, unsigned long*, unsigned long*)
                0x00000000c001f1e0                CPU::cpuidCheckEDX(unsigned int)
                0x00000000c001f20e                CPU::cpuidCheckECX(unsigned int)
                0x00000000c001f23c                CPU::cpuidCheckExtendedEBX(unsigned int)
                0x00000000c001f26a                CPU::cpuidCheckExtendedECX(unsigned int)
                0x00000000c001f298                CPU::CPU()
                0x00000000c001f298                CPU::CPU()
                0x00000000c001f326                CPU::displayFeatures()
                0x00000000c001f328                CPU::detectFeatures()
                0x00000000c001f9fc                CPU::setupSMEP()
                0x00000000c001fa08                CPU::setupUMIP()
                0x00000000c001fa12                CPU::setupTSC()
                0x00000000c001fa1c                CPU::setupLargePages()
                0x00000000c001fa26                CPU::setupPAT()
                0x00000000c001fa62                CPU::setupMTRR()
                0x00000000c001fa64                CPU::setupGlobalPages()
                0x00000000c001fa6e                CPU::allowUsermodeDataAccess()
                0x00000000c001fa80                CPU::prohibitUsermodeDataAccess()
                0x00000000c001fa92                CPU::setupSMAP()
                0x00000000c001faa0                CPU::setupFeatures()
                0x00000000c001fb6c                CPU::open(int, int, void*)
 .text          0x00000000c001fc75       0xb6 krnl/atexit.32
                0x00000000c001fc75                KeInitialiseAtexit()
                0x00000000c001fc94                KeRegisterAtexit(void (*)(void*), void*)
                0x00000000c001fcc8                KeExecuteAtexit()
 .text          0x00000000c001fd2b       0xdf krnl/bootmsg.32
                0x00000000c001fd2b                KeDisplaySplashScreen()
                0x00000000c001fda7                KeSetBootMessage(char const*)
 *fill*         0x00000000c001fe0a        0x2 
 .text          0x00000000c001fe0c       0x48 krnl/cdefs.32
                0x00000000c001fe0c                CUnlockScheduler
                0x00000000c001fe28                CLockScheduler
                0x00000000c001fe38                CPrintf
 .text          0x00000000c001fe54       0x1d krnl/compat.32
                0x00000000c001fe54                Krnl::handlePowerButton()
                0x00000000c001fe64                Krnl::handleSleepButton()
 .text          0x00000000c001fe71       0x2b krnl/crc32.32
                0x00000000c001fe71                KeCalculateCRC32(unsigned char*, int)
 .text          0x00000000c001fe9c      0x5bf krnl/env.32
                0x00000000c001fe9c                EnvVarContainer::getEnv(char const*)
                0x00000000c001feda                EnvVarContainer::setEnv(char const*, char const*)
                0x00000000c001ff9c                EnvVarContainer::deleteEnv(char const*)
                0x00000000c001ff9e                EnvVarContainer::loadFrom(char const*, char const*)
                0x00000000c00201c2                EnvVarContainer::__loadSystem()
                0x00000000c00201dc                EnvVarContainer::__loadUser()
                0x00000000c00201de                EnvVarContainer::EnvVarContainer(Process*)
                0x00000000c00201de                EnvVarContainer::EnvVarContainer(Process*)
                0x00000000c0020200                EnvVarContainer::~EnvVarContainer()
                0x00000000c0020200                EnvVarContainer::~EnvVarContainer()
                0x00000000c0020230                KeGetEnv(Process*, char const*)
                0x00000000c0020295                KeSetEnvSystem(char const*, char const*)
                0x00000000c00202af                KeSetEnvUser(char const*, char const*)
                0x00000000c00202ce                KeSetEnvProcess(Process*, char const*, char const*)
                0x00000000c00202e1                KeDeleteEnvSystem(char const*)
                0x00000000c00202e2                KeDeleteEnvUser(char const*)
                0x00000000c00202e3                KeDeleteEnvProcess(Process*, char const*)
                0x00000000c00202e4                KeNewProcessEnv(Process*)
                0x00000000c0020306                KeCopyProcessEnv(Process*, Process*)
                0x00000000c0020352                KeLoadSystemEnv()
                0x00000000c0020380                KeLoadUserEnv()
                0x00000000c00203a6                KeFlushEnv()
                0x00000000c00203a7                KeGetProcessTotalEnvCount(Process*)
                0x00000000c00203c7                KeGetProcessEnvPair(Process*, int)
 .text          0x00000000c002045b       0x94 krnl/inlines.32
                0x00000000c002045b                CPU::current()
                0x00000000c0020467                operator new(unsigned long)
                0x00000000c002046c                operator delete(void*)
                0x00000000c0020471                disableIRQs()
                0x00000000c0020473                enableIRQs()
                0x00000000c0020475                lockScheduler()
                0x00000000c002047d                unlockScheduler()
                0x00000000c002048c                lockStuff()
                0x00000000c002049a                unlockStuff()
                0x00000000c00204d4                Virt::getAKernelVAS()
                0x00000000c00204da                __not_memcpy
 *fill*         0x00000000c00204ef        0x1 
 .text          0x00000000c00204f0      0x1e3 krnl/mailbox.32
                0x00000000c00204f0                KeMailboxTryPost(Mailbox*, void*)
                0x00000000c0020554                KeMailboxTryGet(Mailbox*, void**)
                0x00000000c00205b8                KeMailboxCreate()
                0x00000000c00205ec                KeMailboxPost(Mailbox*, void*)
                0x00000000c0020654                KeMailboxGet(Mailbox*, void**)
                0x00000000c00206bc                KeMailboxDestroy(Mailbox*)
 *fill*         0x00000000c00206d3        0x1 
 .text          0x00000000c00206d4       0x1a krnl/mutex.32
                0x00000000c00206d4                Mutex::Mutex()
                0x00000000c00206d4                Mutex::Mutex()
 .text          0x00000000c00206ee        0xc krnl/panic.32
                0x00000000c00206ee                KePanic(char const*)
 .text          0x00000000c00206fa      0x142 krnl/powctrl.32
                0x00000000c00206fa                KePowerThread(void*)
                0x00000000c0020728                KeChangePowerSettings(PowerSettings)
                0x00000000c002073e                KeUserIOReceived()
                0x00000000c0020749                KeHandlePowerButton()
                0x00000000c002077e                KeHandleSleepButton()
                0x00000000c00207b3                KeSetupPowerManager()
 .text          0x00000000c002083c       0x9d krnl/random.32
                0x00000000c002083c                KeRand()
                0x00000000c002087e                KeSeedRand(unsigned int)
                0x00000000c00208a7                KeInitRand()
 *fill*         0x00000000c00208d9        0x3 
 .text          0x00000000c00208dc      0x1bc krnl/resolve.32
                0x00000000c00208dc                KeResolveCompatibilitySymbol(char*)
 .text          0x00000000c0020a98      0x415 krnl/semaphore.32
                0x00000000c0020a98                Semaphore::Semaphore(int)
                0x00000000c0020a98                Semaphore::Semaphore(int)
                0x00000000c0020ac8                Semaphore::tryAcquire()
                0x00000000c0020ba4                Semaphore::assertLocked(char const*)
                0x00000000c0020c34                Semaphore::acquire(int)
                0x00000000c0020ddc                Semaphore::acquire()
                0x00000000c0020df8                Semaphore::release()
 .text          0x00000000c0020ead      0x322 krnl/signal.32
                0x00000000c0020ead                KiSigKill(int)
                0x00000000c0020ec1                KiDefaultSignalHandlerIgnore(int)
                0x00000000c0020ec2                KiDefaultSignalHandlerPause(int)
                0x00000000c0020eee                KiDefaultSignalHandlerResume(int)
                0x00000000c0020f1a                KeDeinitSignals(SigHandlerBlock*)
                0x00000000c0020f1f                KeInitSignals()
                0x00000000c0020f71                KeRegisterSignalHandler(SigHandlerBlock*, int, void (*)(int), unsigned int, int)
                0x00000000c0020fa7                KeRaiseSignal(SigHandlerBlock*, int)
                0x00000000c0021024                KeCheckSignal(SigHandlerBlock*, int*)
                0x00000000c002111b                KiCheckSignalZ
                0x00000000c002115d                KeCompleteSignal(SigHandlerBlock*, int)
                0x00000000c0021198                KiFinishSignalZ
 .text          0x00000000c00211cf      0xe10 krnl/syscalls.32
                0x00000000c00211cf                SysSeekDir(regs*)
                0x00000000c00211d4                SysTellDir(regs*)
                0x00000000c00211d9                SysVerify(regs*)
                0x00000000c00211e3                SysGetArgc(regs*)
                0x00000000c00211f7                SysTTYName(regs*)
                0x00000000c00211ff                SysFormatDisk(regs*)
                0x00000000c0021276                SysSetDiskVolumeLabel(regs*)
                0x00000000c00212ca                SysGetDiskVolumeLabel(regs*)
                0x00000000c0021323                SysShutdown(regs*)
                0x00000000c0021381                SysRealpath(regs*)
                0x00000000c00213c5                SysReadDir(regs*)
                0x00000000c0021445                SysIsATTY(regs*)
                0x00000000c002149f                SysSeek(regs*)
                0x00000000c00214f6                SysTell(regs*)
                0x00000000c0021563                SysSize(regs*)
                0x00000000c00215d6                SysSizeFromFilename(regs*)
                0x00000000c0021707                SysSizeFromFilenameNoSymlink(regs*)
                0x00000000c0021838                SysClose(regs*)
                0x00000000c0021898                SysOpenDir(regs*)
                0x00000000c0021915                SysMakeDir(regs*)
                0x00000000c0021983                SysCloseDir(regs*)
                0x00000000c00219d7                SysWait(regs*)
                0x00000000c00219f8                SysNotImpl(regs*)
                0x00000000c0021a13                SysPanic(regs*)
                0x00000000c0021a2e                SysRmdir(regs*)
                0x00000000c0021a93                SysUnlink(regs*)
                0x00000000c0021af8                SysGetArgv(regs*)
                0x00000000c0021b45                SysUSleep(regs*)
                0x00000000c0021b6e                SysSpawn(regs*)
                0x00000000c0021be1                SysGetEnv(regs*)
                0x00000000c0021c92                SysSetFatAttrib(regs*)
                0x00000000c0021d05                SysPipe(regs*)
                0x00000000c0021d4a                SysGetUnixTime(regs*)
                0x00000000c0021d5e                string_ends_with(char const*, char const*)
                0x00000000c0021da6                SysOpen(regs*)
                0x00000000c0021f9d                KeSystemCall(regs*, void*)
 *fill*         0x00000000c0021fdf        0x1 
 .text          0x00000000c0021fe0      0x159 net/ethernet.32
                0x00000000c0021fe0                KeSwitchEndian16(unsigned short)
                0x00000000c0022004                KeSwitchEndian32(unsigned int)
                0x00000000c0022034                EthernetCRC32(unsigned char*, int)
                0x00000000c00220d8                EthernetReceivedPacket(EthernetUnwrappedFrame*, unsigned short)
 *fill*         0x00000000c0022139        0x3 
 .text          0x00000000c002213c       0xf4 net/netosl.32
                0x00000000c002213c                KeNetCreateSemaphore
                0x00000000c0022180                KeNetFreeSemaphore
                0x00000000c002219c                KeNetSignalSemaphore
                0x00000000c00221b8                KeNetWaitSemaphore
                0x00000000c00221d8                KeNetCreateThread
                0x00000000c00221fc                KeCPanic
                0x00000000c0022214                KeCPuts
 .text          0x00000000c0022230      0xd56 reg/cm.32
                0x00000000c0022230                CmOpen(char const*)
                0x00000000c002234e                CmClose(Reghive_Tag*)
                0x00000000c0022364                CmReadExtent(Reghive_Tag*, int, unsigned char*)
                0x00000000c00223a0                CmGetString(Reghive_Tag*, int, char*)
                0x00000000c0022417                CmEnterDirectory(Reghive_Tag*, int)
                0x00000000c0022456                CmGetNext(Reghive_Tag*, int)
                0x00000000c0022488                CmWriteExtent(Reghive_Tag*, int, unsigned char*)
                0x00000000c00224c4                CmFreeExtent(Reghive_Tag*, int)
                0x00000000c00224ec                CmUpdateHeader(Reghive_Tag*)
                0x00000000c002250d                CmExpand(Reghive_Tag*, int)
                0x00000000c0022588                CmFindUnusedExtent(Reghive_Tag*)
                0x00000000c002260e                CmCreateExtent(Reghive_Tag*, int, int, unsigned char*)
                0x00000000c0022702                CmSetString(Reghive_Tag*, int, char const*)
                0x00000000c002283e                CmGetMatch(char*, char*, bool, bool*)
                0x00000000c002289f                CmAddShift(unsigned int*, int*, unsigned char, int)
                0x00000000c00228cf                CmGetShift(unsigned int*, int*, int, bool*)
                0x00000000c0022906                CmGetInteger(Reghive_Tag*, int, unsigned long long*)
                0x00000000c0022930                CmSetInteger(Reghive_Tag*, int, unsigned long long)
                0x00000000c0022970                CmConvertFromInternalFilename(unsigned char const*, char*)
                0x00000000c0022a14                CmGetNameAndTypeFromExtent(Reghive_Tag*, int, char*)
                0x00000000c0022a42                CmConvertToInternalFilename(char const*, unsigned char*)
                0x00000000c0022be0                CmCreateString(Reghive_Tag*, int, char const*)
                0x00000000c0022c2d                CmFindInDirectory(Reghive_Tag*, int, char const*)
                0x00000000c0022ca7                CmCreateInteger(Reghive_Tag*, int, char const*, unsigned long long, int)
                0x00000000c0022cfa                CmCreateDirectory(Reghive_Tag*, int, char const*)
                0x00000000c0022dbe                zStrtok(char*, char const*)
                0x00000000c0022e30                CmFindObjectFromPath(Reghive_Tag*, char const*)
                0x00000000c0022eb1                CmDisplayTree(Reghive_Tag*, int, int)
                0x00000000c0022f54                CmSplitFinalSlashInPlace(char*)
 .text          0x00000000c0022f86      0x52a reg/registry.32
                0x00000000c0022f86                Reg::findLineFromLoadedData(char*, char*, char*)
                0x00000000c00230f7                Reg::getLineFromRegistry(char*, char*, char*, char*)
                0x00000000c002324c                Reg::getLine(char*, char*, char*)
                0x00000000c0023283                Reg::readInt(char*, char*, int*)
                0x00000000c0023371                Reg::readString(char*, char*, char*, int)
                0x00000000c00233f2                Reg::readBool(char*, char*, bool*)
                0x00000000c0023417                Reg::readBoolWithDefault(char*, char*, bool)
                0x00000000c0023443                Reg::readIntWithDefault(char*, char*, int)
                0x00000000c002346f                Reg::readStringWithDefault(char*, char*, char*, int, char*)
 .text          0x00000000c00234b0       0x36 sys/eject.32
                0x00000000c00234b0                SysEject(regs*)
 .text          0x00000000c00234e6       0x18 sys/exit.32
                0x00000000c00234e6                SysExit(regs*)
 .text          0x00000000c00234fe       0x1f sys/getcwd.32
                0x00000000c00234fe                SysGetCwd(regs*)
 .text          0x00000000c002351d        0xc sys/getpid.32
                0x00000000c002351d                SysGetPID(regs*)
 .text          0x00000000c0023529       0x1a sys/getramdata.32
                0x00000000c0023529                SysGetRAMData(regs*)
 .text          0x00000000c0023543       0x82 sys/getvgaptr.32
                0x00000000c0023543                SysGetVGAPtr(regs*)
 *fill*         0x00000000c00235c5        0x3 
 .text          0x00000000c00235c8       0xb9 sys/kill.32
                0x00000000c00235c8                SysKill(regs*)
 .text          0x00000000c0023681       0xa8 sys/loaddll.32
                0x00000000c0023681                SysLoadDLL(regs*)
 .text          0x00000000c0023729       0x68 sys/read.32
                0x00000000c0023729                SysRead(regs*)
 .text          0x00000000c0023791       0x29 sys/registersignal.32
                0x00000000c0023791                SysRegisterSignal(regs*)
 .text          0x00000000c00237ba      0x19c sys/registry.32
                0x00000000c00237ba                SysRegistryGetTypeFromPath(regs*)
                0x00000000c0023831                SysRegistryReadExtent(regs*)
                0x00000000c0023879                SysRegistryPathToExtentLookup(regs*)
                0x00000000c00238a1                SysRegistryEnterDirectory(regs*)
                0x00000000c00238c9                SysRegistryGetNext(regs*)
                0x00000000c00238f1                SysRegistryGetNameAndTypeFromExtent(regs*)
                0x00000000c002392b                SysRegistryOpen(regs*)
                0x00000000c002393f                SysRegistryClose(regs*)
 .text          0x00000000c0023956       0x55 sys/sbrk.32
                0x00000000c0023956                SysSbrk(regs*)
 .text          0x00000000c00239ab       0x1c sys/setcwd.32
                0x00000000c00239ab                SysSetCwd(regs*)
 .text          0x00000000c00239c7       0x96 sys/settime.32
                0x00000000c00239c7                SysSetTime(regs*)
 .text          0x00000000c0023a5d       0x73 sys/symlink.32
                0x00000000c0023a5d                SysSymlink(regs*)
 .text          0x00000000c0023ad0       0x3f sys/timezone.32
                0x00000000c0023ad0                SysTimezone(regs*)
 .text          0x00000000c0023b0f       0xfc sys/truncate.32
                0x00000000c0023b0f                SysTruncate(regs*)
 .text          0x00000000c0023c0b       0x68 sys/write.32
                0x00000000c0023c0b                SysWrite(regs*)
 .text          0x00000000c0023c73       0x62 sys/wsbe.32
                0x00000000c0023c73                SysWsbe(regs*)
 .text          0x00000000c0023cd5       0x25 sys/yield.32
                0x00000000c0023cd5                SysYield(regs*)
 .text          0x00000000c0023cfa     0x1207 thr/elf.32
                0x00000000c0023cfa                Thr::allocateMemoryForTask(Process*, File*, unsigned long, unsigned long, unsigned long)
                0x00000000c0023f88                Thr::loadProgramIntoMemory(Process*, char const*)
                0x00000000c002419a                Thr::runtimeReferenceHelper()
                0x00000000c00241ad                Thr::getAddressOfKernelSymbol(char const*)
                0x00000000c00241fc                Thr::loadKernelSymbolTable(char const*)
                0x00000000c00244ba                Thr::loadDriverIntoMemory(char const*, unsigned long, bool)
                0x00000000c0024bf3                Thr::getDriverBaseFromAddress(unsigned long)
                0x00000000c0024c25                Thr::getDriverNameFromAddress(unsigned long)
                0x00000000c0024c5c                Thr::getDriverOffsetFromAddress(unsigned long)
                0x00000000c0024c76                Thr::loadDLL(char const*, bool)
                0x00000000c0024ec8                Thr::executeDLL(unsigned long, void*)
 *fill*         0x00000000c0024f01        0x3 
 .text          0x00000000c0024f04     0x1131 thr/prcssthr.32
                0x00000000c0024f04                userModeEntryPoint(void*)
                0x00000000c0024f2c                changeTSS
                0x00000000c0024f5c                switchToThread(ThreadControlBlock*)
                0x00000000c002500c                Process::addArgs(char**)
                0x00000000c0025078                Process::Process(char const*, Process*, char**)
                0x00000000c0025078                Process::Process(char const*, Process*, char**)
                0x00000000c0025284                Process::Process(bool, char const*, Process*, char**)
                0x00000000c0025284                Process::Process(bool, char const*, Process*, char**)
                0x00000000c0025458                taskStartupFunction
                0x00000000c0025464                KeDisablePreemption()
                0x00000000c002548c                KeRestorePreemption()
                0x00000000c00254ac                Process::createThread(void (*)(void*), void*, int)
                0x00000000c00255b8                Process::createUserThread()
                0x00000000c00255d8                setupMultitasking(void (*)())
                0x00000000c00256fc                schedule()
                0x00000000c0025790                blockTaskWithSchedulerLockAlreadyHeld(TaskState)
                0x00000000c00257b8                blockTask(TaskState)
                0x00000000c00257f0                waitTask(int, int*, int)
                0x00000000c0025834                milliTenthSleepUntil(unsigned int)
                0x00000000c00258d4                milliTenthSleep(unsigned int)
                0x00000000c00258e8                sleep(unsigned int)
                0x00000000c0025904                taskReturned
                0x00000000c0025948                Thr::processFromPID(int)
                0x00000000c00259f4                unblockTask(ThreadControlBlock*)
                0x00000000c0025aa0                cleanupTerminatedTask(ThreadControlBlock*)
                0x00000000c0025d74                cleanerTaskFunction(void*)
                0x00000000c0025e7c                terminateTask(int)
                0x00000000c0025f68                Thr::terminateFromIRQ(int)
 .text          0x00000000c0026035      0xd00 vm86/vm8086.32
                0x00000000c0026035                Vm::inbv(unsigned short)
                0x00000000c0026048                Vm::outbv(unsigned short, unsigned char)
                0x00000000c002607e                Vm::realToLinear(unsigned short, unsigned short)
                0x00000000c002608e                Vm::getSegment(unsigned int)
                0x00000000c0026096                Vm::getOffset(unsigned int)
                0x00000000c002609b                Vm::mainloop2()
                0x00000000c00260d5                Vm::mainVm8086Loop(void*)
                0x00000000c00260e5                Vm::mainloop3(unsigned long)
                0x00000000c002610b                Vm::initialise8086()
                0x00000000c002614e                Vm::resetConventionalMemory8086()
                0x00000000c002614f                Vm::finish8086()
                0x00000000c00261b0                Vm::getOutput8086(unsigned char*)
                0x00000000c00261d5                Vm::start8086FromBuffer(unsigned char*, int, unsigned short, unsigned short, unsigned short, unsigned short)
                0x00000000c00262fc                Vm::start8086(char const*, unsigned short, unsigned short, unsigned short, unsigned short)
                0x00000000c0026504                Vm::doISR(regs*, int, unsigned char*, unsigned short, unsigned short)
                0x00000000c002659d                Vm::readByteFromReal(unsigned short, unsigned short)
                0x00000000c00265ae                Vm::readWordFromReal(unsigned short, unsigned short)
                0x00000000c00265c0                Vm::readDwordFromReal(unsigned short, unsigned short)
                0x00000000c00265d1                Vm::writeByteFromReal(unsigned short, unsigned short, unsigned char)
                0x00000000c00265e6                Vm::writeWordFromReal(unsigned short, unsigned short, unsigned short)
                0x00000000c00265fc                Vm::writeDwordFromReal(unsigned short, unsigned short, unsigned int)
                0x00000000c0026611                Vm::faultHandler(regs*)
 .text          0x00000000c0026d35      0xaf0 arch/i386/hal.32
                0x00000000c0026d35                noCopro(unsigned long)
                0x00000000c0026d36                nmiHandler(regs*, void*)
                0x00000000c0026d4f                doubleFault(regs*, void*)
                0x00000000c0026d68                displayDebugInfo(regs*)
                0x00000000c00270ed                HalSystemIdle()
                0x00000000c0027169                displayProgramFault(char const*)
                0x00000000c00271b5                gpFault(regs*, void*)
                0x00000000c002721c                pgFault(regs*, void*)
                0x00000000c00272a5                otherISRHandler(regs*, void*)
                0x00000000c00272d9                opcodeFault(regs*, void*)
                0x00000000c002735c                i386SaveCoprocessor(void*)
                0x00000000c0027370                i386LoadCoprocessor(void*)
                0x00000000c0027384                x87EmulHandler(regs*, void*)
                0x00000000c0027421                HalInitialiseCoprocessor()
                0x00000000c00274cf                HalPanic(char const*)
                0x00000000c00275e3                HalQueryPerformanceCounter()
                0x00000000c00275fe                HalInitialise()
                0x00000000c00277b4                HalMakeBeep(int)
                0x00000000c00277ee                HalGetRand()
                0x00000000c00277f1                HalEndOfInterrupt(int)
                0x00000000c0027822                HalRestart()
                0x00000000c0027823                HalShutdown()
                0x00000000c0027824                HalSleep()
 *fill*         0x00000000c0027825        0x3 
 .text          0x00000000c0027828      0x2dc arch/i386/pic.32
                0x00000000c0027828                picIoWait()
                0x00000000c0027830                picDisable()
                0x00000000c0027864                picGetIRQReg(int)
                0x00000000c00278e0                picOpen()
                0x00000000c0027a64                picEOI(int)
 .text          0x00000000c0027b04      0x674 arch/i386/rtc.32
                0x00000000c0027b04                RTC::open(int, int, void*)
                0x00000000c0027b08                RTC::close(int, int, void*)
                0x00000000c0027b0c                RTC::timeInSecondsUTC()
                0x00000000c0027b1e                RTC::timeInDatetimeUTC()
                0x00000000c0027b44                RTC::setTimeInSecondsUTC(unsigned long long)
                0x00000000c0027b82                RTC::~RTC()
                0x00000000c0027b82                RTC::~RTC()
                0x00000000c0027ba6                RTC::~RTC()
                0x00000000c0027bd0                RTC::get_update_in_progress_flag()
                0x00000000c0027bea                RTC::completeRTCRefresh()
                0x00000000c0027eca                RTC::setTimeInDatetimeUTC(datetime_t)
                0x00000000c0028078                rtcIRQHandler(regs*, void*)
                0x00000000c00280be                RTC::RTC()
                0x00000000c00280be                RTC::RTC()
 .text          0x00000000c0028178      0x1f4 arch/i386/vga.32
                0x00000000c0028178                HalConsoleScroll(int, int)
                0x00000000c0028280                HalConsoleWriteCharacter(char, int, int, int, int)
                0x00000000c00282e4                HalConsoleCursorUpdate(int, int)
 .text          0x00000000c002836c     0x14cf fs/fat/vfslink.32
                0x00000000c002836c                FAT::getName()
                0x00000000c0028374                FAT::tell(void*, unsigned long long*)
                0x00000000c00283b0                FAT::stat(void*, unsigned long long*)
                0x00000000c00283ec                FAT::~FAT()
                0x00000000c00283ec                FAT::~FAT()
                0x00000000c0028410                FAT::~FAT()
                0x00000000c0028438                FAT::getlabel(LogicalDisk*, int, char*, unsigned int*)
                0x00000000c00284dc                FAT::setlabel(LogicalDisk*, int, char*)
                0x00000000c00285a0                FAT::format(LogicalDisk*, int, char const*, int)
                0x00000000c0028784                FAT::tryMount(LogicalDisk*, int)
                0x00000000c00289a0                FAT::allocateSwapfile(char const*, int)
                0x00000000c0028b60                FAT::readDir(void*, unsigned long, void*, int*)
                0x00000000c0028cd0                FAT::read(void*, unsigned long, void*, int*)
                0x00000000c0028d30                FAT::write(void*, unsigned long, void*, int*)
                0x00000000c0028d90                FAT::close(void*)
                0x00000000c0028de4                FAT::closeDir(void*)
                0x00000000c0028e38                FAT::truncate(void*, unsigned long long)
                0x00000000c0028ea4                FAT::seek(void*, unsigned long long)
                0x00000000c0028efc                fatWrapperReadDisk
                0x00000000c0028f3c                fatWrapperWriteDisk
                0x00000000c0028f7c                fatWrapperIoctl
                0x00000000c0029098                FAT::FAT()
                0x00000000c0029098                FAT::FAT()
                0x00000000c00290f0                FAT::fixFilepath(char*)
                0x00000000c0029130                FAT::open(char const*, void**, FileOpenMode)
                0x00000000c00292a4                FAT::openDir(char const*, void**)
                0x00000000c0029354                FAT::stat(char const*, unsigned long long*, bool*)
                0x00000000c002944c                FAT::unlink(char const*)
                0x00000000c00294cc                FAT::chfatattr(char const*, unsigned char, unsigned char)
                0x00000000c0029680                FAT::rename(char const*, char const*)
                0x00000000c002974c                FAT::mkdir(char const*)
                0x00000000c00297cc                FAT::exists(char const*)
 *fill*         0x00000000c002983b        0x1 
 .text          0x00000000c002983c       0x94 fs/iso9660/helper.32
                0x00000000c002983c                isoReadDiscSectorHelper
                0x00000000c0029898                iso_kprintf
                0x00000000c00298b4                iso_kprintfd
 .text          0x00000000c00298d0      0x71c fs/iso9660/vfslink.32
                0x00000000c00298d0                ISO9660::format(LogicalDisk*, int, char const*, int)
                0x00000000c00298d6                ISO9660::truncate(void*, unsigned long long)
                0x00000000c00298dc                ISO9660::getName()
                0x00000000c00298e2                ISO9660::closeDir(void*)
                0x00000000c00298ec                ISO9660::chfatattr(char const*, unsigned char, unsigned char)
                0x00000000c00298f2                ISO9660::unlink(char const*)
                0x00000000c00298f8                ISO9660::write(void*, unsigned long, void*, int*)
                0x00000000c00298fe                ISO9660::rename(char const*, char const*)
                0x00000000c0029904                ISO9660::mkdir(char const*)
                0x00000000c002990a                ISO9660::~ISO9660()
                0x00000000c002990a                ISO9660::~ISO9660()
                0x00000000c002992e                ISO9660::~ISO9660()
                0x00000000c0029956                ISO9660::exists(char const*)
                0x00000000c002996a                ISO9660::open(char const*, void**, FileOpenMode)
                0x00000000c0029a50                ISO9660::read(void*, unsigned long, void*, int*)
                0x00000000c0029a98                ISO9660::seek(void*, unsigned long long)
                0x00000000c0029ada                ISO9660::tell(void*, unsigned long long*)
                0x00000000c0029b18                ISO9660::stat(void*, unsigned long long*)