Archive member included to satisfy reference by file (symbol)

/cygdrive/d/Users/Alex/Desktop/Toolchain/Output/bin/../lib/gcc/i386-banana/8.1.0/libkgcc.a(_divdi3.o)
                              fs/fat/ff.32 (__divdi3)
/cygdrive/d/Users/Alex/Desktop/Toolchain/Output/bin/../lib/gcc/i386-banana/8.1.0/libkgcc.a(_moddi3.o)
                              compat/resolve.32 (__moddi3)
/cygdrive/d/Users/Alex/Desktop/Toolchain/Output/bin/../lib/gcc/i386-banana/8.1.0/libkgcc.a(_udivdi3.o)
                              fs/fat/ff.32 (__udivdi3)
/cygdrive/d/Users/Alex/Desktop/Toolchain/Output/bin/../lib/gcc/i386-banana/8.1.0/libkgcc.a(_umoddi3.o)
                              compat/resolve.32 (__umoddi3)
D:/Users/Alex/Desktop/Banana/kernel/libsoftfp.a(sfieeelib.o)
                              hal/sound/sndhw.32 (__addsf3)
D:/Users/Alex/Desktop/Banana/kernel/libsoftfp.a(dfieeelib.o)
                              hal/libresample/src_linear.32 (__adddf3)
D:/Users/Alex/Desktop/Banana/kernel/libsoftfp.a(sfdfcvt.o)
                              hal/libresample/samplerate.32 (__truncdfsf2)
D:/Users/Alex/Desktop/Banana/kernel/libk/libm32.a(s_fabs.c.o)
                              hal/libresample/samplerate.32 (fabs)
D:/Users/Alex/Desktop/Banana/kernel/libk/libm32.a(s_lrint.S.o)
                              hal/libresample/samplerate.32 (lrint)
D:/Users/Alex/Desktop/Banana/kernel/libk/libm32.a(s_lrintf.S.o)
                              hal/sound/sndhw.32 (lrintf)

Discarded input sections

 .comment       0x0000000000000000       0x12 /cygdrive/d/Users/Alex/Desktop/Toolchain/Output/bin/../lib/gcc/i386-banana/8.1.0/crtbegin.o
 .comment       0x0000000000000000       0x12 acpica/utclib.32
 .comment       0x0000000000000000       0x12 core/malloc.32
 .comment       0x0000000000000000       0x12 libk/string.32
 .comment       0x0000000000000000       0x12 fs/fat/diskio.32
 .comment       0x0000000000000000       0x12 fs/fat/ff.32
 .comment       0x0000000000000000       0x12 fs/fat/ffsystem.32
 .comment       0x0000000000000000       0x12 fs/fat/ffunicode.32
 .comment       0x0000000000000000       0x12 hal/libresample/samplerate.32
 .comment       0x0000000000000000       0x12 hal/libresample/src_linear.32
 .comment       0x0000000000000000       0x12 hal/libresample/src_sinc.32
 .comment       0x0000000000000000       0x12 hal/libresample/src_zoh.32
 .comment       0x0000000000000000       0x12 compat/inlines.32
 .comment       0x0000000000000000       0x12 compat/resolve.32
 .group         0x0000000000000000       0x14 core/computer.32
 .group         0x0000000000000000        0xc core/computer.32
 .comment       0x0000000000000000       0x12 core/computer.32
 .comment       0x0000000000000000       0x12 core/gdt.32
 .group         0x0000000000000000        0xc core/idle.32
 .comment       0x0000000000000000       0x12 core/idle.32
 .comment       0x0000000000000000       0x12 core/idt.32
 .comment       0x0000000000000000       0x12 core/kheap.32
 .comment       0x0000000000000000       0x12 core/main.32
 .comment       0x0000000000000000       0x12 core/physmgr.32
 .group         0x0000000000000000        0xc core/pipe.32
 .comment       0x0000000000000000       0x12 core/pipe.32
 .group         0x0000000000000000        0xc core/terminal.32
 .comment       0x0000000000000000       0x12 core/terminal.32
 .comment       0x0000000000000000       0x12 core/tss.32
 .group         0x0000000000000000        0x8 core/unixfile.32
 .group         0x0000000000000000        0xc core/unixfile.32
 .group         0x0000000000000000        0xc core/unixfile.32
 .group         0x0000000000000000        0x8 core/unixfile.32
 .group         0x0000000000000000        0xc core/unixfile.32
 .group         0x0000000000000000        0x8 core/unixfile.32
 .group         0x0000000000000000        0xc core/unixfile.32
 .group         0x0000000000000000        0xc core/unixfile.32
 .comment       0x0000000000000000       0x12 core/unixfile.32
 .comment       0x0000000000000000       0x12 core/virtmgr.32
 .comment       0x0000000000000000       0x12 coreobjs/c++.32
 .comment       0x0000000000000000       0x12 dbg/kconsole.32
 .group         0x0000000000000000        0xc fs/vfs.32
 .group         0x0000000000000000        0xc fs/vfs.32
 .group         0x0000000000000000        0xc fs/vfs.32
 .comment       0x0000000000000000       0x12 fs/vfs.32
 .group         0x0000000000000000        0xc hal/bus.32
 .comment       0x0000000000000000       0x12 hal/bus.32
 .group         0x0000000000000000        0xc hal/buzzer.32
 .comment       0x0000000000000000       0x12 hal/buzzer.32
 .group         0x0000000000000000        0xc hal/clock.32
 .comment       0x0000000000000000       0x12 hal/clock.32
 .group         0x0000000000000000       0x14 hal/device.32
 .group         0x0000000000000000        0xc hal/device.32
 .group         0x0000000000000000        0xc hal/device.32
 .group         0x0000000000000000        0xc hal/device.32
[...]
Memory Configuration

Name             Origin             Length             Attributes
*default*        0x0000000000000000 0xffffffffffffffff

Linker script and memory map

LOAD D:/Users/Alex/Desktop/Banana/kernel/boot.32
LOAD crti.32
LOAD /cygdrive/d/Users/Alex/Desktop/Toolchain/Output/bin/../lib/gcc/i386-banana/8.1.0/crtbegin.o
LOAD D:/Users/Alex/Desktop/Banana/kernel/morenasm.32
LOAD acpica/utclib.32
LOAD core/malloc.32
LOAD libk/string.32
LOAD fs/fat/diskio.32
LOAD fs/fat/ff.32
LOAD fs/fat/ffsystem.32
LOAD fs/fat/ffunicode.32
LOAD hal/libresample/samplerate.32
LOAD hal/libresample/src_linear.32
LOAD hal/libresample/src_sinc.32
LOAD hal/libresample/src_zoh.32
LOAD compat/inlines.32
LOAD compat/resolve.32
LOAD core/computer.32
LOAD core/gdt.32
LOAD core/idle.32
LOAD core/idt.32
LOAD core/kheap.32
LOAD core/main.32
LOAD core/physmgr.32
LOAD core/pipe.32
LOAD core/terminal.32
LOAD core/tss.32
LOAD core/unixfile.32
LOAD core/virtmgr.32
LOAD coreobjs/c++.32
LOAD dbg/kconsole.32
LOAD fs/vfs.32
LOAD hal/bus.32
LOAD hal/buzzer.32
LOAD hal/clock.32
LOAD hal/device.32
LOAD hal/diskctrl.32
LOAD hal/diskphys.32
LOAD hal/fpu.32
LOAD hal/intctrl.32
LOAD hal/keybrd.32
LOAD hal/logidisk.32
LOAD hal/mouse.32
LOAD hal/partition.32
LOAD hal/serial.32
LOAD hal/timer.32
LOAD hal/vcache.32
LOAD hal/video.32
LOAD hw/acpi.32
LOAD hw/cpu.32
LOAD hw/ports.32
LOAD hw/smp.32
LOAD krnl/env.32
LOAD krnl/panic.32
LOAD net/ethernet.32
LOAD reg/registry.32
LOAD sys/sc_eject.32
LOAD sys/sc_exit.32
LOAD sys/sc_getcwd.32
LOAD sys/sc_getpid.32
LOAD sys/sc_getramdata.32
LOAD sys/sc_loaddll.32
LOAD sys/sc_read.32
LOAD sys/sc_sbrk.32
LOAD sys/sc_setcwd.32
LOAD sys/sc_settime.32
LOAD sys/sc_timezone.32
LOAD sys/sc_write.32
LOAD sys/sc_wsbe.32
LOAD sys/sc_yield.32
LOAD sys/syscalls.32
LOAD thr/elf.32
LOAD thr/prcssthr.32
LOAD vm86/vm8086.32
LOAD vm86/x87em.32
LOAD fs/fat/vfslink.32
LOAD fs/iso9660/vfslink.32
LOAD hal/sound/sndchannel.32
LOAD hal/sound/sndhw.32
LOAD hw/bus/isa.32
LOAD hw/bus/pci.32
LOAD hw/diskctrl/ide.32
LOAD hw/diskctrl/satabus.32
LOAD hw/diskphys/ata.32
LOAD hw/diskphys/atapi.32
LOAD hw/diskphys/sata.32
LOAD hw/diskphys/satapi.32
LOAD hw/fpu/avx.32
LOAD hw/fpu/mmx.32
LOAD hw/fpu/sse.32
LOAD hw/fpu/x87.32
LOAD hw/intctrl/apic.32
LOAD hw/intctrl/pic.32
LOAD hw/timer/apictimer.32
LOAD hw/timer/pit.32
LOAD hw/fpu/x86/avx.32
LOAD hw/fpu/x86/sse.32
LOAD hw/fpu/x86/x87.32
LOAD /cygdrive/d/Users/Alex/Desktop/Toolchain/Output/bin/../lib/gcc/i386-banana/8.1.0/crtend.o
LOAD crtn.32
LOAD /cygdrive/d/Users/Alex/Desktop/Toolchain/Output/bin/../lib/gcc/i386-banana/8.1.0/libkgcc.a
LOAD D:/Users/Alex/Desktop/Banana/kernel/libsoftfp.a
LOAD D:/Users/Alex/Desktop/Banana/kernel/libk/libm32.a
                0x00000000c0000000                . = 0xc0000000

.text           0x00000000c0000000    0x284f8
 *(.text)
 .text          0x00000000c0000000       0x41 D:/Users/Alex/Desktop/Banana/kernel/boot.32
                0x00000000c0000020                callGlobalConstructors
 .text          0x00000000c0000041        0x0 crti.32
 *fill*         0x00000000c0000041        0x3 
 .text          0x00000000c0000044      0x101 /cygdrive/d/Users/Alex/Desktop/Toolchain/Output/bin/../lib/gcc/i386-banana/8.1.0/crtbegin.o
 *fill*         0x00000000c0000145        0xb 
 .text          0x00000000c0000150      0x4ed D:/Users/Alex/Desktop/Banana/kernel/morenasm.32
                0x00000000c0000150                manualPCIProbe
                0x00000000c000019b                prepareTramp
                0x00000000c00001b4                voodooXADD
                0x00000000c000027f                doTPAUSE
                0x00000000c0000289                hasLegacyFPU
                0x00000000c00002ae                is486
                0x00000000c00002e4                detectCPUID
                0x00000000c00002fa                goToVM86
                0x00000000c000032a                goToUsermode
                0x00000000c0000354                switchToThreadASMFirstTime
                0x00000000c0000362                switchToThreadASM
                0x00000000c00003ea                asmQuickAcquireLock
                0x00000000c0000408                asmQuickReleaseLock
                0x00000000c0000414                asmAcquireLock
                0x00000000c0000435                asmReleaseLock
                0x00000000c0000448                loadGDT
                0x00000000c0000468                isr0
                0x00000000c0000478                isr1
                0x00000000c0000482                isr2
                0x00000000c000048c                isr3
                0x00000000c0000496                isr4
                0x00000000c00004a0                isr5
                0x00000000c00004aa                isr6
                0x00000000c00004b4                isr7
                0x00000000c00004be                isr8
                0x00000000c00004c6                isr9
                0x00000000c00004d0                isr10
                0x00000000c00004d8                isr11
                0x00000000c00004e0                isr12
                0x00000000c00004e8                isr13
                0x00000000c00004f0                isr14
                0x00000000c00004f8                isr15
                0x00000000c0000502                isr16
                0x00000000c000050c                isr17
                0x00000000c0000516                isr18
                0x00000000c0000520                irq3
                0x00000000c000052a                irq4
                0x00000000c0000534                irq5
                0x00000000c000053e                irq6
                0x00000000c0000548                irq7
                0x00000000c0000552                irq8
                0x00000000c000055c                irq9
                0x00000000c0000566                irq10
                0x00000000c0000570                irq11
                0x00000000c000057a                irq12
                0x00000000c0000584                irq13
                0x00000000c000058e                irq14
                0x00000000c0000598                irq15
                0x00000000c00005a2                irq1
                0x00000000c00005a9                irq2
                0x00000000c00005b0                isr96
                0x00000000c00005b7                irq0
                0x00000000c00005bc                int_common_stub
                0x00000000c00005bc                syscall_common_stub
                0x00000000c00005ed                irq16
                0x00000000c00005f7                irq17
                0x00000000c0000601                irq18
                0x00000000c000060b                irq19
                0x00000000c0000615                irq20
                0x00000000c000061f                irq21
                0x00000000c0000629                irq22
                0x00000000c0000633                irq23
 *fill*         0x00000000c000063d        0x3 
 .text          0x00000000c0000640      0x611 acpica/utclib.32
                0x00000000c0000640                memcmp
                0x00000000c000067c                memmove
                0x00000000c0000744                memcpy
                0x00000000c0000778                memset
                0x00000000c0000794                strlen
                0x00000000c00007ac                strpbrk
                0x00000000c00007e8                strtok
                0x00000000c0000834                strcpy
                0x00000000c0000858                strncpy
                0x00000000c00008c0                strcmp
                0x00000000c0000900                strchr
                0x00000000c0000924                strncmp
                0x00000000c0000974                strcat
                0x00000000c00009a4                strncat
                0x00000000c00009e0                strstr
                0x00000000c0000a28                toupper
                0x00000000c0000a3c                tolower
                0x00000000c0000a50                simple_strtoul
 .text          0x00000000c0000c51      0xfbf core/malloc.32
                0x00000000c0000dbc                dlfree
                0x00000000c0001117                dlmalloc
                0x00000000c0001654                dlrealloc
                0x00000000c0001809                dlmemalign
                0x00000000c000192c                dlcalloc
                0x00000000c00019c6                dlcfree
                0x00000000c00019cb                dlindependent_calloc
                0x00000000c00019f0                dlindependent_comalloc
                0x00000000c0001a07                dlvalloc
                0x00000000c0001a32                dlpvalloc
                0x00000000c0001a68                dlmalloc_trim
                0x00000000c0001a75                dlmalloc_usable_size
                0x00000000c0001aa6                dlmallinfo
                0x00000000c0001b75                dlmalloc_stats
                0x00000000c0001b86                dlmallopt
 .text          0x00000000c0001c10        0x0 libk/string.32
 .text          0x00000000c0001c10       0x51 fs/fat/diskio.32
                0x00000000c0001c10                disk_status
                0x00000000c0001c13                disk_initialize
                0x00000000c0001c16                disk_read
                0x00000000c0001c2c                disk_write
                0x00000000c0001c42                disk_ioctl
 .text          0x00000000c0001c61     0x6833 fs/fat/ff.32
                0x00000000c0004f2f                f_mount
                0x00000000c0004f91                f_open
                0x00000000c00053cd                f_read
                0x00000000c000564d                f_write
                0x00000000c0005907                f_sync
                0x00000000c0005ae3                f_close
                0x00000000c0005b12                f_lseek
                0x00000000c0005fc9                f_opendir
                0x00000000c00060cb                f_closedir
                0x00000000c00060ed                f_readdir
                0x00000000c0006188                f_stat
                0x00000000c0006217                f_getfree
                0x00000000c00063e2                f_truncate
                0x00000000c00064da                f_unlink
                0x00000000c000665d                f_mkdir
                0x00000000c0006889                f_rename
                0x00000000c0006b7c                f_chmod
                0x00000000c0006c5a                f_utime
                0x00000000c0006d38                f_getlabel
                0x00000000c0006f26                f_setlabel
                0x00000000c0007193                f_forward
                0x00000000c0007371                f_mkfs
 .text          0x00000000c0008494       0x2d fs/fat/ffsystem.32
                0x00000000c0008494                ff_memalloc
                0x00000000c00084aa                ff_memfree
 .text          0x00000000c00084c1      0x253 fs/fat/ffunicode.32
                0x00000000c00084c1                ff_uni2oem
                0x00000000c0008551                ff_oem2uni
                0x00000000c00085bd                ff_wtoupper
 .text          0x00000000c0008714      0x8fb hal/libresample/samplerate.32
                0x00000000c0008758                src_delete
                0x00000000c0008794                src_process
                0x00000000c000894a                src_callback_read
                0x00000000c0008ac7                src_set_ratio
                0x00000000c0008b31                src_get_channels
                0x00000000c0008b53                src_reset
                0x00000000c0008b9f                src_new
                0x00000000c0008c2d                src_callback_new
                0x00000000c0008c8f                src_get_name
                0x00000000c0008cc6                src_get_description
                0x00000000c0008cfd                src_get_version
                0x00000000c0008d03                src_is_valid_ratio
                0x00000000c0008d57                src_error
                0x00000000c0008d65                src_strerror
                0x00000000c0008d78                src_simple
                0x00000000c0008dcb                src_short_to_float_array
                0x00000000c0008e30                src_float_to_short_array
                0x00000000c0008eef                src_int_to_float_array
                0x00000000c0008f52                src_float_to_int_array
 .text          0x00000000c000900f      0x8cb hal/libresample/src_linear.32
                0x00000000c0009835                linear_get_name
                0x00000000c0009844                linear_get_description
                0x00000000c0009853                linear_set_converter
 .text          0x00000000c00098da     0x447c hal/libresample/src_sinc.32
                0x00000000c000dc6d                sinc_get_name
                0x00000000c000dc80                sinc_get_description
                0x00000000c000dc93                sinc_set_converter
 .text          0x00000000c000dd56      0x77c hal/libresample/src_zoh.32
                0x00000000c000e42d                zoh_get_name
                0x00000000c000e43c                zoh_get_description
                0x00000000c000e44b                zoh_set_converter
 .text          0x00000000c000e4d2       0x23 compat/inlines.32
                0x00000000c000e4d2                CPU::current()
                0x00000000c000e4df                operator new(unsigned long)
 .text          0x00000000c000e4f5      0x111 compat/resolve.32
                0x00000000c000e4f5                Krnl::resolveCompatibilitySymbol(char*)
 .text          0x00000000c000e606      0xa17 core/computer.32
                0x00000000c000e606                Computer::close(int, int, void*)
                0x00000000c000e64a                Krnl::firstTask()
                0x00000000c000e73a                Computer::Computer()
                0x00000000c000e73a                Computer::Computer()
                0x00000000c000e896                Computer::setBootMessage(char const*)
                0x00000000c000e898                Computer::detectFeatures()
                0x00000000c000eaa2                Computer::displayFeatures()
                0x00000000c000ede8                Computer::rdmsr(unsigned int)
                0x00000000c000ee14                Computer::wrmsr(unsigned int, unsigned long long)
                0x00000000c000ee4c                Computer::nmiEnabled()
                0x00000000c000ee58                Computer::readCMOS(unsigned char)
                0x00000000c000ee72                Computer::enableNMI(bool)
                0x00000000c000ee8a                Computer::open(int, int, void*)
                0x00000000c000ef60                Computer::disableNMI()
                0x00000000c000ef6e                Computer::writeCMOS(unsigned char, unsigned char)
                0x00000000c000ef8c                Computer::handleNMI()
                0x00000000c000eff2                Computer::setDiskActivityLight(int, bool)
 *fill*         0x00000000c000f01d        0x1 
 .text          0x00000000c000f01e      0x1b7 core/gdt.32
                0x00000000c000f01e                GDTEntry::setBase(unsigned int)
                0x00000000c000f03a                GDTEntry::setLimit(unsigned int)
                0x00000000c000f058                GDT::GDT()
                0x00000000c000f058                GDT::GDT()
                0x00000000c000f06e                GDT::addEntry(GDTEntry)
                0x00000000c000f0aa                GDT::getNumberOfEntries()
                0x00000000c000f0b2                GDT::flush()
                0x00000000c000f0d4                GDT::setup()
 .text          0x00000000c000f1d5       0x62 core/idle.32
                0x00000000c000f1d5                idleFunction(void*)
 *fill*         0x00000000c000f237        0x1 
 .text          0x00000000c000f238      0x45f core/idt.32
                0x00000000c000f238                IDTEntry::IDTEntry(bool)
                0x00000000c000f238                IDTEntry::IDTEntry(bool)
                0x00000000c000f2a6                IDTEntry::setOffset(unsigned int)
                0x00000000c000f2ba                IDT::IDT()
                0x00000000c000f2ba                IDT::IDT()
                0x00000000c000f2bc                IDT::getPointerToInvalidOpcodeEntryForF00F()
                0x00000000c000f2c4                IDT::addEntry(IDTEntry, int)
                0x00000000c000f2de                IDT::addEntry(int, void (*)(), bool)
                0x00000000c000f316                IDT::flush()
                0x00000000c000f330                IDT::setup()
 .text          0x00000000c000f697      0x206 core/kheap.32
                0x00000000c000f697                sbrk
                0x00000000c000f7a5                mmap
                0x00000000c000f7bb                munmap
                0x00000000c000f7d1                liballoc_lock()
                0x00000000c000f7e2                liballoc_unlock()
                0x00000000c000f7f3                liballoc_alloc(int)
                0x00000000c000f811                liballoc_free(void*, int)
                0x00000000c000f82f                realloc
                0x00000000c000f843                malloc
                0x00000000c000f853                free
                0x00000000c000f863                rfree
                0x00000000c000f873                calloc
 .text          0x00000000c000f89d      0x480 core/main.32
                0x00000000c000f89d                hwTextMode_loadInData(VgaText*)
                0x00000000c000f8e8                hwTextMode_loadInTitle(VgaText*, char*)
                0x00000000c000f966                hwTextMode_showCursor(VgaText*, bool)
                0x00000000c000f9c4                hwTextMode_update(VgaText*)
                0x00000000c000f9c5                hwTextMode_updateCursor(VgaText*)
                0x00000000c000fa16                hwTextMode_disableBlink(VgaText*, bool)
                0x00000000c000fa5c                hwTextMode_scrollScreen(VgaText*)
                0x00000000c000fb09                hwTextMode_writeCharacter(VgaText*, char, VgaColour, VgaColour, int, int)
                0x00000000c000fb8b                setupTextMode()
                0x00000000c000fbfb                kernel_main
 .text          0x00000000c000fd1d      0x56a core/physmgr.32
                0x00000000c000fd1d                Phys::allocateDMA(unsigned long)
                0x00000000c000fdc0                Phys::freeDMA(unsigned long, unsigned long)
                0x00000000c000fe08                Phys::setPageState(unsigned long, bool)
                0x00000000c000fe3a                Phys::getPageState(unsigned long)
                0x00000000c000fe56                Phys::freePage(unsigned long)
                0x00000000c000fee0                Phys::allocatePage()
                0x00000000c000ffc5                Phys::allocateContiguousPages(int)
                0x00000000c001001f                Phys::allowSegmentToBeUsed(unsigned long, unsigned long)
                0x00000000c0010057                Phys::physicalMemorySetup(unsigned int)
 *fill*         0x00000000c0010287        0x1 
 .text          0x00000000c0010288      0x273 core/pipe.32
                0x00000000c0010288                Pipe::isAtty()
                0x00000000c001028c                Pipe::~Pipe()
                0x00000000c001028c                Pipe::~Pipe()
                0x00000000c00102b0                Pipe::~Pipe()
                0x00000000c00102d8                Pipe::read(unsigned long long, void*, int*)
                0x00000000c00103cc                Pipe::write(unsigned long long, void*, int*)
                0x00000000c0010494                Pipe::Pipe(int)
                0x00000000c0010494                Pipe::Pipe(int)
 *fill*         0x00000000c00104fb        0x1 
 .text          0x00000000c00104fc      0xf73 core/terminal.32
                0x00000000c00104fc                VgaText::isAtty()
                0x00000000c0010500                VgaText::~VgaText()
                0x00000000c0010500                VgaText::~VgaText()
                0x00000000c0010524                VgaText::~VgaText()
                0x00000000c001054e                VgaText::read(unsigned long long, void*, int*)
                0x00000000c001056e                setTerminalScrollLock(bool)
                0x00000000c001056f                addToTerminalCycle(VgaText*)
                0x00000000c001059c                installVgaTextImplementation()
                0x00000000c00105b1                scrollTerminalScrollLock(int)
                0x00000000c00105b2                VgaText::load()
                0x00000000c0010606                VgaText::updateCursor()
                0x00000000c0010620                VgaText::showCursor(bool)
                0x00000000c0010630                VgaText::disableBlink(bool)
                0x00000000c001066a                VgaText::doANSI_SGR(int)
                0x00000000c00106f6                VgaText::setDefaultBgColour(VgaColour)
                0x00000000c001070c                VgaText::setDefaultFgColour(VgaColour)
                0x00000000c0010722                VgaText::setDefaultColours(VgaColour, VgaColour)
                0x00000000c0010742                VgaText::combineColours(unsigned char, unsigned char)
                0x00000000c0010754                VgaText::scrollScreen()
                0x00000000c00107e8                VgaText::combineCharAndColour(char, unsigned char)
                0x00000000c00107fa                VgaText::writeCharacter(char, VgaColour, VgaColour, int, int)
                0x00000000c001085a                VgaText::getCursorX()
                0x00000000c0010866                VgaText::getCursorY()
                0x00000000c0010872                VgaText::setCursor(int, int)
                0x00000000c0010890                VgaText::setCursorX(int)
                0x00000000c00108ac                VgaText::setCursorY(int)
                0x00000000c00108c8                VgaText::incrementCursor(bool)
                0x00000000c0010930                VgaText::updateRAMUsageDisplay(int)
                0x00000000c0010994                VgaText::updateDiskUsage()
                0x00000000c0010afe                VgaText::updateTitle()
                0x00000000c0010b44                VgaText::setTitleTextColour(VgaColour)
                0x00000000c0010b54                VgaText::setTitleColour(VgaColour)
                0x00000000c0010b64                VgaText::setTitle(char*)
                0x00000000c0010b8a                VgaText::decrementCursor(bool)
                0x00000000c0010bb2                VgaText::putchar(char, VgaColour, VgaColour)
                0x00000000c0010cae                VgaText::isShowingCursor()
                0x00000000c0010cba                VgaText::isBlinkDisabled()
                0x00000000c0010cc8                VgaText::setCursorHeight(int)
                0x00000000c0010ce6                VgaText::getCursorHeight()
                0x00000000c0010cf1                setActiveTerminal(VgaText*)
                0x00000000c0010da3                doTerminalCycle()
                0x00000000c0010dc0                VgaText::doUpdate()
                0x00000000c0010dd2                VgaText::puts(char const*, VgaColour, VgaColour)
                0x00000000c0010f92                VgaText::clearScreen()
                0x00000000c0010ff6                VgaText::putchar(char)
                0x00000000c0011110                VgaText::puts(char const*)
                0x00000000c0011136                VgaText::putx(unsigned int)
                0x00000000c001117c                VgaText::VgaText(char const*)
                0x00000000c001117c                VgaText::VgaText(char const*)
                0x00000000c001130e                VgaText::receiveKey(unsigned char)
                0x00000000c00113f6                VgaText::write(unsigned long long, void*, int*)
                0x00000000c001144a                newTerminal(char*)
 *fill*         0x00000000c001146f        0x1 
 .text          0x00000000c0011470      0x1b3 core/tss.32
                0x00000000c0011470                TSS::TSS()
                0x00000000c0011470                TSS::TSS()
                0x00000000c001147e                TSS::setESP(unsigned long)
                0x00000000c0011490                TSS::flush()
                0x00000000c00114b0                TSS::setup(unsigned long, unsigned long)
 *fill*         0x00000000c0011623        0x1 
 .text          0x00000000c0011624      0x4c2 core/unixfile.32
                0x00000000c0011624                ReservedFilename::read(unsigned long long, void*, int*)
                0x00000000c001167a                ReservedFilename::isAtty()
                0x00000000c0011696                ReservedFilename::write(unsigned long long, void*, int*)
                0x00000000c00116f4                UnixFile::getFileDescriptor()
                0x00000000c00116fc                UnixFile::UnixFile(int)
                0x00000000c00116fc                UnixFile::UnixFile(int)
                0x00000000c00118ac                ReservedFilename::ReservedFilename(int)
                0x00000000c00118ac                ReservedFilename::ReservedFilename(int)
                0x00000000c00118de                UnixFile::~UnixFile()
                0x00000000c00118de                UnixFile::~UnixFile()
                0x00000000c0011976                UnixFile::~UnixFile()
                0x00000000c001199e                ReservedFilename::~ReservedFilename()
                0x00000000c001199e                ReservedFilename::~ReservedFilename()
                0x00000000c00119c2                ReservedFilename::~ReservedFilename()
                0x00000000c00119e9                getFromFileDescriptor(int)
 .text          0x00000000c0011ae6     0x112c core/virtmgr.32
                0x00000000c0011ae6                Virt::setPageState(unsigned long, Virt::VirtPageState)
                0x00000000c0011b1b                Virt::getPageState(unsigned long)
                0x00000000c0011b3f                Virt::allocateKernelVirtualPages(int)
                0x00000000c0011c50                Virt::freeSwapfilePage(unsigned long)
                0x00000000c0011c6e                Virt::swapIDToSector(unsigned long)
                0x00000000c0011c80                Virt::allocateSwapfilePage()
                0x00000000c0011cfe                Virt::virtualMemorySetup()
                0x00000000c0011d7d                Virt::swappingSetup()
                0x00000000c0011de6                Virt::getAKernelVAS()
                0x00000000c0011dec                VAS::VAS()
                0x00000000c0011dec                VAS::VAS()
                0x00000000c0011e28                VAS::VAS(VAS*)
                0x00000000c0011e28                VAS::VAS(VAS*)
                0x00000000c0011e56                VAS::getForeignPageTableEntry(bool, unsigned long)
                0x00000000c0011e82                VAS::getPageTableEntry(unsigned long)
                0x00000000c0011ea1                Virt::freeKernelVirtualPages(unsigned long)
                0x00000000c0011fc4                VAS::freeAllocatedPages(unsigned long)
                0x00000000c0011fe8                VAS::virtualToPhysical(unsigned long)
                0x00000000c0012000                VAS::reflagRange(unsigned long, int, int, int)
                0x00000000c0012040                VAS::setToWriteCombining(unsigned long, int)
                0x00000000c0012072                VAS::mapOtherVASIn(bool, VAS*)
                0x00000000c001209c                VAS::~VAS()
                0x00000000c001209c                VAS::~VAS()
                0x00000000c0012208                VAS::mapPage(unsigned long, unsigned long, int)
                0x00000000c0012308                VAS::allocatePages(int, int)
                0x00000000c00124e0                VAS::setCPUSpecific(unsigned long)
                0x00000000c00124fc                VAS::mapRange(unsigned long, unsigned long, int, int)
                0x00000000c00125c2                VAS::mapForeignPage(bool, VAS*, unsigned long, unsigned long, int)
                0x00000000c00126b0                VAS::VAS(bool)
                0x00000000c00126b0                VAS::VAS(bool)
                0x00000000c0012916                VAS::evict(unsigned long)
                0x00000000c001299e                VAS::tryLoadBackOffDisk(unsigned long)
                0x00000000c0012a74                VAS::scanForEviction()
                0x00000000c0012b56                mapVASFirstTime
 .text          0x00000000c0012c12       0x95 coreobjs/c++.32
                0x00000000c0012c12                __cxa_atexit
                0x00000000c0012c15                __cxa_finalize
                0x00000000c0012c16                __stack_chk_fail
                0x00000000c0012c82                __cxa_pure_virtual
                0x00000000c0012c93                operator new[](unsigned long)
                0x00000000c0012c98                operator delete(void*, unsigned long)
                0x00000000c0012c9d                operator delete[](void*)
                0x00000000c0012ca2                operator delete[](void*, unsigned long)
 .text          0x00000000c0012ca7      0x1ef dbg/kconsole.32
                0x00000000c0012ca7                Dbg::stringifyxWithBase(unsigned int, char*, int)
                0x00000000c0012d08                Dbg::logc(char)
                0x00000000c0012d1f                Dbg::logs(char*)
                0x00000000c0012d3c                Dbg::logWriteInt(unsigned int)
                0x00000000c0012d59                Dbg::logWriteIntBase(unsigned int, int)
                0x00000000c0012d78                Dbg::kprintf(char const*, ...)
 .text          0x00000000c0012e96      0xb7c fs/vfs.32
                0x00000000c0012e96                File::read(unsigned long long, void*, int*)
                0x00000000c0012eee                File::write(unsigned long long, void*, int*)
                0x00000000c0012f46                Directory::read(unsigned long long, void*, int*)
                0x00000000c0012f9e                Directory::write(unsigned long long, void*, int*)
                0x00000000c0012fcc                File::isAtty()
                0x00000000c0012fd0                Directory::isAtty()
                0x00000000c0012fd4                Filesystem::getlabel(LogicalDisk*, int, char*, unsigned int*)
                0x00000000c0012fda                Filesystem::setlabel(LogicalDisk*, int, char*)
                0x00000000c0012fe0                File::~File()
                0x00000000c0012fe0                File::~File()
                0x00000000c0013004                File::~File()
                0x00000000c001302e                Directory::~Directory()
                0x00000000c001302e                Directory::~Directory()
                0x00000000c0013052                Directory::~Directory()
                0x00000000c001307c                Filesystem::Filesystem()
                0x00000000c001307c                Filesystem::Filesystem()
                0x00000000c00130a0                Filesystem::~Filesystem()
                0x00000000c00130a0                Filesystem::~Filesystem()
                0x00000000c00130ae                Filesystem::~Filesystem()
                0x00000000c00130d2                Fs::getcwd(Process*, char*, int)
                0x00000000c00130fc                Fs::initVFS()
                0x00000000c0013126                Fs::standardiseFiles(char*, char const*, char const*)
                0x00000000c00132d0                File::File(char const*, Process*)
                0x00000000c00132d0                File::File(char const*, Process*)
                0x00000000c0013334                File::open(FileOpenMode)
                0x00000000c0013392                File::close()
                0x00000000c00133f2                File::seek(unsigned long long)
                0x00000000c0013448                File::tell(unsigned long long*)
                0x00000000c0013498                File::rewind()
                0x00000000c00134ac                File::unlink()
                0x00000000c00134f8                File::rename(char const*)
                0x00000000c0013546                File::chfatattr(unsigned char, unsigned char)
                0x00000000c00135a2                File::exists()
                0x00000000c00135e0                File::stat(unsigned long long*, bool*)
                0x00000000c0013641                Fs::setcwd(Process*, char*)
                0x00000000c001377c                Directory::Directory(char const*, Process*)
                0x00000000c001377c                Directory::Directory(char const*, Process*)
                0x00000000c00137e0                Directory::open()
                0x00000000c001383c                Directory::close()
                0x00000000c001389c                Directory::unlink()
                0x00000000c00138e8                Directory::rename(char const*)
                0x00000000c0013936                Directory::exists()
                0x00000000c0013974                Directory::read(dirent*)
                0x00000000c00139c0                Directory::create()
                0x00000000c0013a0c                Filesystem::chfatattr(char const*, unsigned char, unsigned char)
 .text          0x00000000c0013a12       0x84 hal/bus.32
                0x00000000c0013a12                Bus::Bus(char const*)
                0x00000000c0013a12                Bus::Bus(char const*)
                0x00000000c0013a48                Bus::~Bus()
                0x00000000c0013a48                Bus::~Bus()
                0x00000000c0013a6c                Bus::~Bus()
 .text          0x00000000c0013a96      0x14e hal/buzzer.32
                0x00000000c0013a96                Buzzer::Buzzer(char const*)
                0x00000000c0013a96                Buzzer::Buzzer(char const*)
                0x00000000c0013ada                Buzzer::~Buzzer()
                0x00000000c0013ada                Buzzer::~Buzzer()
                0x00000000c0013afe                Buzzer::~Buzzer()
                0x00000000c0013b28                Buzzer::stop()
                0x00000000c0013b3b                beepThread(void*)
                0x00000000c0013b76                Buzzer::beep(int, int, bool)
 .text          0x00000000c0013be4      0x467 hal/clock.32
                0x00000000c0013be4                User::loadClockSettings(int)
                0x00000000c0013c36                Clock::Clock(char const*)
                0x00000000c0013c36                Clock::Clock(char const*)
                0x00000000c0013c6c                Clock::~Clock()
                0x00000000c0013c6c                Clock::~Clock()
                0x00000000c0013c90                Clock::~Clock()
                0x00000000c0013cba                Clock::timeInSecondsLocal()
                0x00000000c0013d02                Clock::setTimeInSecondsLocal(unsigned long long)
                0x00000000c0013d5b                datetimeToSeconds(datetime_t)
                0x00000000c0013e82                Clock::setTimeInDatetimeLocal(datetime_t)
                0x00000000c0013ee2                secondsToDatetime(unsigned long long)
                0x00000000c0014026                Clock::timeInDatetimeLocal()
 *fill*         0x00000000c001404b        0x1 
 .text          0x00000000c001404c      0x4de hal/device.32
                0x00000000c001404c                Device::hibernate()
                0x00000000c001404e                Device::wake()
                0x00000000c0014050                Device::detect()
                0x00000000c0014052                Device::disableLegacy()
                0x00000000c0014054                Device::powerSaving(PowerSavingLevel)
                0x00000000c0014056                DriverlessDevice::close(int, int, void*)
                0x00000000c001405a                DriverlessDevice::detect()
                0x00000000c001405c                DriverlessDevice::open(int, int, void*)
                0x00000000c0014070                Device::~Device()
                0x00000000c0014070                Device::~Device()
                0x00000000c001407e                Device::~Device()
                0x00000000c00140a6                Device::findAndLoadDriver()
                0x00000000c00140a8                Device::preOpenPCI(PCIDeviceInfo)
                0x00000000c00140ce                Device::preOpenACPI(void*, char*, char*)
                0x00000000c0014122                Device::addIRQHandler(int, void (*)(regs*, void*), bool, void*)
                0x00000000c0014160                Device::removeIRQHandler(int, void (*)(regs*, void*), bool)
                0x00000000c001419e                Device::addChild(Device*)
                0x00000000c00141e2                Device::removeAllChildren()
                0x00000000c0014228                Device::hibernateAll()
                0x00000000c0014258                Device::wakeAll()
                0x00000000c0014288                Device::detectAll()
                0x00000000c00142b8                Device::disableLegacyAll()
                0x00000000c00142e8                Device::loadDriversForAll()
                0x00000000c0014314                Device::closeAll()
                0x00000000c001434a                Device::powerSavingAll(PowerSavingLevel)
                0x00000000c0014380                Device::setName(char const*)
                0x00000000c001438e                Device::Device(char const*)
                0x00000000c001438e                Device::Device(char const*)
                0x00000000c001448a                Device::getName()
                0x00000000c0014494                DriverlessDevice::DriverlessDevice(char const*)
                0x00000000c0014494                DriverlessDevice::DriverlessDevice(char const*)
                0x00000000c00144bc                Device::addToLinkedList(LinkedList<Device>&, DeviceType)
                0x00000000c0014500                getDevicesOfType(DeviceType)
 .text          0x00000000c001452a       0x84 hal/diskctrl.32
                0x00000000c001452a                HardDiskController::HardDiskController(char const*)
                0x00000000c001452a                HardDiskController::HardDiskController(char const*)
                0x00000000c0014560                HardDiskController::~HardDiskController()
                0x00000000c0014560                HardDiskController::~HardDiskController()
                0x00000000c0014584                HardDiskController::~HardDiskController()
 .text          0x00000000c00145ae       0xf2 hal/diskphys.32
                0x00000000c00145ae                PhysicalDisk::eject()
                0x00000000c00145c2                PhysicalDisk::PhysicalDisk(char const*, int)
                0x00000000c00145c2                PhysicalDisk::PhysicalDisk(char const*, int)
                0x00000000c001462a                PhysicalDisk::startCache()
                0x00000000c0014652                PhysicalDisk::~PhysicalDisk()
                0x00000000c0014652                PhysicalDisk::~PhysicalDisk()
                0x00000000c0014676                PhysicalDisk::~PhysicalDisk()
 .text          0x00000000c00146a0      0x13b hal/fpu.32
                0x00000000c00146a0                FPU::FPU(char const*)
                0x00000000c00146a0                FPU::FPU(char const*)
                0x00000000c00146d6                FPU::~FPU()
                0x00000000c00146d6                FPU::~FPU()
                0x00000000c00146fa                FPU::~FPU()
                0x00000000c0014724                setupFPU()
 *fill*         0x00000000c00147db        0x1 
 .text          0x00000000c00147dc     0x13dd hal/intctrl.32
                0x00000000c00147dc                InterruptController::uninstallISRHandler(int, void (*)(regs*, void*))
                0x00000000c0014814                InterruptController::installISRHandler(int, void (*)(regs*, void*), void*)
                0x00000000c0014866                doubleFault(regs*, void*)
                0x00000000c0014880                InterruptController::installIRQHandler(int, void (*)(regs*, void*), bool, void*)
                0x00000000c001491c                InterruptController::clearAllHandlers(int, bool)
                0x00000000c00149c4                InterruptController::uninstallIRQHandler(int, void (*)(regs*, void*), bool)
                0x00000000c0014a4b                nmiHandler(regs*, void*)
                0x00000000c0014a59                int_handler
                0x00000000c0014afa                InterruptController::InterruptController(char const*)
                0x00000000c0014afa                InterruptController::InterruptController(char const*)
                0x00000000c0014ba0                InterruptController::~InterruptController()
                0x00000000c0014ba0                InterruptController::~InterruptController()
                0x00000000c0014bc4                InterruptController::~InterruptController()
                0x00000000c0014bee                displayDebugInfo(regs*)
                0x00000000c001507d                x87EmulHandler(regs*, void*)
                0x00000000c00150ac                gpFault(regs*, void*)
                0x00000000c00150e5                pgFault(regs*, void*)
                0x00000000c0015121                otherISRHandler(regs*, void*)
                0x00000000c0015140                opcodeFault(regs*, void*)
                0x00000000c0015746                displayProgramFault(char const*)
                0x00000000c001576e                setupInterruptController()
                0x00000000c0015b6c                InterruptController::convertLegacyIRQNumber(int)
 *fill*         0x00000000c0015bb9        0x1 
 .text          0x00000000c0015bba      0x6c8 hal/keybrd.32
                0x00000000c0015bba                startGUI(void*)
                0x00000000c0015c16                startGUIVESA(void*)
                0x00000000c0015c72                sendKeyToTerminal(unsigned char)
                0x00000000c0015cde                sendKeyboardToken(KeyboardToken)
                0x00000000c001611b                clearInternalKeybuffer(VgaText*)
                0x00000000c0016150                readKeyboard(VgaText*, char*, unsigned long)
                0x00000000c00161f8                Keyboard::Keyboard(char const*)
                0x00000000c00161f8                Keyboard::Keyboard(char const*)
                0x00000000c0016234                Keyboard::~Keyboard()
                0x00000000c0016234                Keyboard::~Keyboard()
                0x00000000c0016258                Keyboard::~Keyboard()
 .text          0x00000000c0016282      0x414 hal/logidisk.32
                0x00000000c0016282                LogicalDisk::close(int, int, void*)
                0x00000000c0016286                LogicalDisk::~LogicalDisk()
                0x00000000c0016286                LogicalDisk::~LogicalDisk()
                0x00000000c00162aa                LogicalDisk::~LogicalDisk()
                0x00000000c00162d4                LogicalDisk::open(int, int, void*)
                0x00000000c00162e8                LogicalDisk::absoluteToRelative(unsigned long long)
                0x00000000c0016320                LogicalDisk::relativeToAbsolute(unsigned long long)
                0x00000000c0016366                LogicalDisk::LogicalDisk(char const*, PhysicalDisk*, unsigned long long, unsigned long long)
                0x00000000c0016366                LogicalDisk::LogicalDisk(char const*, PhysicalDisk*, unsigned long long, unsigned long long)
                0x00000000c001641c                LogicalDisk::assignDriveLetter()
                0x00000000c00164d2                LogicalDisk::mount()
                0x00000000c0016544                LogicalDisk::unmount()
                0x00000000c0016554                LogicalDisk::eject()
                0x00000000c0016568                LogicalDisk::unassignDriveLetter()
                0x00000000c00165be                LogicalDisk::read(unsigned long long, int, void*)
                0x00000000c001662a                LogicalDisk::write(unsigned long long, int, void*)
 .text          0x00000000c0016696       0x84 hal/mouse.32
                0x00000000c0016696                Mouse::Mouse(char const*)
                0x00000000c0016696                Mouse::Mouse(char const*)
                0x00000000c00166cc                Mouse::~Mouse()
                0x00000000c00166cc                Mouse::~Mouse()
                0x00000000c00166f0                Mouse::~Mouse()
 .text          0x00000000c001671a      0x34d hal/partition.32
                0x00000000c001671a                makePartition(PhysicalDisk*, unsigned long long, unsigned long long)
                0x00000000c00167d6                createPartitionsForDisk(PhysicalDisk*)
 *fill*         0x00000000c0016a67        0x1 
 .text          0x00000000c0016a68       0x84 hal/serial.32
                0x00000000c0016a68                Serial::Serial(char const*)
                0x00000000c0016a68                Serial::Serial(char const*)
                0x00000000c0016a9e                Serial::~Serial()
                0x00000000c0016a9e                Serial::~Serial()
                0x00000000c0016ac2                Serial::~Serial()
 .text          0x00000000c0016aec      0x2b8 hal/timer.32
                0x00000000c0016aec                Timer::Timer(char const*)
                0x00000000c0016aec                Timer::Timer(char const*)
                0x00000000c0016b22                Timer::~Timer()
                0x00000000c0016b22                Timer::~Timer()
                0x00000000c0016b46                Timer::~Timer()
                0x00000000c0016b70                Timer::read()
                0x00000000c0016b7b                timerHandler(unsigned long long)
                0x00000000c0016cb2                setupTimer(int)
 .text          0x00000000c0016da4      0x425 hal/vcache.32
                0x00000000c0016da4                VCache::VCache(PhysicalDisk*)
                0x00000000c0016da4                VCache::VCache(PhysicalDisk*)
                0x00000000c0016f0c                VCache::invalidateReadBuffer()
                0x00000000c0016f1c                VCache::writeWriteBuffer()
                0x00000000c0016f58                VCache::~VCache()
                0x00000000c0016f58                VCache::~VCache()
                0x00000000c0016fac                VCache::~VCache()
                0x00000000c0016fd4                VCache::write(unsigned long long, int, void*)
                0x00000000c00170ca                VCache::read(unsigned long long, int, void*)
 *fill*         0x00000000c00171c9        0x1 
 .text          0x00000000c00171ca      0x4cd hal/video.32
                0x00000000c00171ca                Video::putrect(int, int, int, int, unsigned int)
                0x00000000c0017216                Video::bitblit(int, int, int, int, int, int, int, unsigned int*)
                0x00000000c0017286                Video::blit(unsigned int*, int, int, int, int)
                0x00000000c0017304                Video::clearScreen(unsigned int)
                0x00000000c0017338                Video::putpixel(int, int, unsigned int)
                0x00000000c0017346                Video::Video(char const*)
                0x00000000c0017346                Video::Video(char const*)
                0x00000000c001737c                Video::~Video()
                0x00000000c001737c                Video::~Video()
                0x00000000c00173a0                Video::~Video()
                0x00000000c00173ca                Video::isMonochrome()
                0x00000000c00173d6                Video::getWidth()
                0x00000000c00173e2                Video::getHeight()
                0x00000000c00173ee                Video::drawCursor(int, int, unsigned char*, int)
                0x00000000c00174aa                Video::tgaParse(unsigned char*, int, int*, int*)
                0x00000000c001762c                Video::putTGA(int, int, unsigned char*, int)
 *fill*         0x00000000c0017697        0x1 
 .text          0x00000000c0017698      0xf68 hw/acpi.32
                0x00000000c0017698                ACPI::close(int, int, void*)
                0x00000000c001774d                findRSDP()
                0x00000000c00177d7                loadACPITables(unsigned char*)
                0x00000000c00179fe                findRSDT(unsigned char*)
                0x00000000c0017b1c                findDataTable(unsigned char*, char*)
                0x00000000c0017bb8                scanMADT()
                0x00000000c001803e                ACPI::ACPI()
                0x00000000c001803e                ACPI::ACPI()
                0x00000000c00180a8                ACPI::getPCIIRQAssignment(unsigned char, unsigned short, unsigned char)
                0x00000000c001818a                ACPI::registerPCIIRQAssignment(void*, unsigned short, unsigned char, unsigned char)
                0x00000000c0018250                ACPI::setScreenBrightnessLevel(void*, int)
                0x00000000c0018256                ACPI::writeSimpleBootFlag(SimpleBootFlagTable*)
                0x00000000c001829e                ACPI::open(int, int, void*)
                0x00000000c00185e8                ACPI::sleep()
 .text          0x00000000c0018600     0x1715 hw/cpu.32
                0x00000000c0018600                CPU::close(int, int, void*)
                0x00000000c0018604                CPU::lookupAMDName(unsigned char, unsigned char)
                0x00000000c0018798                CPU::lookupIntelName(unsigned char, unsigned char)
                0x00000000c0018a46                CPU::AMD_K6_write_msr(unsigned int, unsigned int, unsigned int, CPU::REGS*)
                0x00000000c0018a62                CPU::AMD_K6_read_msr(unsigned int, CPU::REGS*)
                0x00000000c0018a7a                CPU::AMD_K6_writeback(int, int, int)
                0x00000000c0018aee                CPU::cpuid(int, unsigned long*, unsigned long*, unsigned long*, unsigned long*)
                0x00000000c0018b72                CPU::cpuidCheckEDX(unsigned int)
                0x00000000c0018ba0                CPU::cpuidCheckECX(unsigned int)
                0x00000000c0018bce                CPU::cpuidCheckExtendedEBX(unsigned int)
                0x00000000c0018bfc                CPU::cpuidCheckExtendedECX(unsigned int)
                0x00000000c0018c2a                CPU::CPU()
                0x00000000c0018c2a                CPU::CPU()
                0x00000000c0018cb8                CPU::displayFeatures()
                0x00000000c0018f34                CPU::detectFeatures()
                0x00000000c0019924                CPU::setupSMEP()
                0x00000000c0019930                CPU::setupUMIP()
                0x00000000c001993a                CPU::setupTSC()
                0x00000000c0019944                CPU::setupLargePages()
                0x00000000c001994e                CPU::setupPAT()
                0x00000000c001998a                CPU::setupMTRR()
                0x00000000c001998c                CPU::setupGlobalPages()
                0x00000000c0019996                CPU::allowUsermodeDataAccess()
                0x00000000c00199a8                CPU::prohibitUsermodeDataAccess()
                0x00000000c00199ba                CPU::setupSMAP()
                0x00000000c00199c8                CPU::setupFeatures()
                0x00000000c0019a48                CPU::open(int, int, void*)
                0x00000000c0019b1a                CPU::decodeAddress(regs*, int*, bool*, unsigned char*)
 .text          0x00000000c0019d15        0x0 hw/ports.32
 .text          0x00000000c0019d15      0x16a hw/smp.32
                0x00000000c0019d15                Krnl::smpEntry()
                0x00000000c0019d17                Krnl::startCPU(int)
                0x00000000c0019e60                Krnl::startCPUs()
 *fill*         0x00000000c0019e7f        0x1 
 .text          0x00000000c0019e80      0x5d3 krnl/env.32
                0x00000000c0019e80                EnvVarContainer::getEnv(char const*)
                0x00000000c0019ebe                EnvVarContainer::setEnv(char const*, char const*)
                0x00000000c0019f8a                EnvVarContainer::deleteEnv(char const*)
                0x00000000c0019f8c                EnvVarContainer::loadFrom(char const*, char const*)
                0x00000000c001a182                EnvVarContainer::__loadSystem()
                0x00000000c001a19c                EnvVarContainer::__loadUser()
                0x00000000c001a19e                EnvVarContainer::EnvVarContainer(Process*)
                0x00000000c001a19e                EnvVarContainer::EnvVarContainer(Process*)
                0x00000000c001a1c0                EnvVarContainer::~EnvVarContainer()
                0x00000000c001a1c0                EnvVarContainer::~EnvVarContainer()
                0x00000000c001a1f0                Krnl::getEnv(Process*, char const*)
                0x00000000c001a255                Krnl::setEnvSystem(char const*, char const*)
                0x00000000c001a26f                Krnl::setEnvUser(char const*, char const*)
                0x00000000c001a28e                Krnl::setEnvProcess(Process*, char const*, char const*)
                0x00000000c001a2a1                Krnl::deleteEnvSystem(char const*)
                0x00000000c001a2a2                Krnl::deleteEnvUser(char const*)
                0x00000000c001a2a3                Krnl::deleteEnvProcess(Process*, char const*)
                0x00000000c001a2a4                Krnl::newProcessEnv(Process*)
                0x00000000c001a2c6                Krnl::copyProcessEnv(Process*, Process*)
                0x00000000c001a31a                Krnl::loadSystemEnv()
                0x00000000c001a348                Krnl::loadUserEnv()
                0x00000000c001a36e                Krnl::flushEnv()
                0x00000000c001a36f                Krnl::getProcessTotalEnvCount(Process*)
                0x00000000c001a38f                Krnl::getProcessEnvPair(Process*, int)
 .text          0x00000000c001a453      0x396 krnl/panic.32
                0x00000000c001a453                Krnl::panic(char const*)
 .text          0x00000000c001a7e9      0x3b6 net/ethernet.32
                0x00000000c001a7e9                Net::switchEndian16(unsigned short)
                0x00000000c001a80a                Net::switchEndian32(unsigned int)
                0x00000000c001a839                Net::crc32Calc(unsigned char*, int)
                0x00000000c001a8ca                Net::wrapEthernetFrame(Net::UnwrappedEthernetFrame, unsigned char*)
                0x00000000c001aa06                Net::unwrapEthernetFrame(unsigned char*, int)
 .text          0x00000000c001ab9f      0x513 reg/registry.32
                0x00000000c001ab9f                Reg::findLineFromLoadedData(char*, char*, char*)
                0x00000000c001acf7                Reg::getLineFromRegistry(char*, char*, char*, char*)
                0x00000000c001ae4c                Reg::getLine(char*, char*, char*)
                0x00000000c001ae83                Reg::readInt(char*, char*, int*)
                0x00000000c001af6e                Reg::readString(char*, char*, char*, int)
                0x00000000c001afef                Reg::readBool(char*, char*, bool*)
                0x00000000c001b014                Reg::readBoolWithDefault(char*, char*, bool)
                0x00000000c001b040                Reg::readIntWithDefault(char*, char*, int)
                0x00000000c001b06c                Reg::readStringWithDefault(char*, char*, char*, int, char*)
 .text          0x00000000c001b0b2       0x36 sys/sc_eject.32
                0x00000000c001b0b2                Sys::eject(regs*)
 .text          0x00000000c001b0e8       0x18 sys/sc_exit.32
                0x00000000c001b0e8                Sys::exit(regs*)
 .text          0x00000000c001b100       0x1f sys/sc_getcwd.32
                0x00000000c001b100                Sys::getCwd(regs*)
 .text          0x00000000c001b11f        0xc sys/sc_getpid.32
                0x00000000c001b11f                Sys::getPID(regs*)
 .text          0x00000000c001b12b       0x17 sys/sc_getramdata.32
                0x00000000c001b12b                Sys::getRAMData(regs*)
 .text          0x00000000c001b142       0xa8 sys/sc_loaddll.32
                0x00000000c001b142                Sys::loadDLL(regs*)
 .text          0x00000000c001b1ea       0x68 sys/sc_read.32
                0x00000000c001b1ea                Sys::read(regs*)
 .text          0x00000000c001b252       0x55 sys/sc_sbrk.32
                0x00000000c001b252                Sys::sbrk(regs*)
 .text          0x00000000c001b2a7       0x1c sys/sc_setcwd.32
                0x00000000c001b2a7                Sys::setCwd(regs*)
 .text          0x00000000c001b2c3      0x128 sys/sc_settime.32
                0x00000000c001b2c3                Sys::setTime(regs*)
 .text          0x00000000c001b3eb       0x4a sys/sc_timezone.32
                0x00000000c001b3eb                Sys::timezone(regs*)
 .text          0x00000000c001b435       0x68 sys/sc_write.32
                0x00000000c001b435                Sys::write(regs*)
 .text          0x00000000c001b49d       0x62 sys/sc_wsbe.32
                0x00000000c001b49d                Sys::wsbe(regs*)
 .text          0x00000000c001b4ff       0x3b sys/sc_yield.32
                0x00000000c001b4ff                Sys::yield(regs*)
 .text          0x00000000c001b53a     0x10e5 sys/syscalls.32
                0x00000000c001b53a                sysCallSeekDir(regs*)
                0x00000000c001b53f                sysCallTellDir(regs*)
                0x00000000c001b544                sysCallVerify(regs*)
                0x00000000c001b54e                sysFormatDisk(regs*)
                0x00000000c001b5b8                sysSetDiskVolumeLabel(regs*)
                0x00000000c001b5fe                sysGetDiskVolumeLabel(regs*)
                0x00000000c001b64f                sysShutdown(regs*)
                0x00000000c001b6ad                sysCallRealpath(regs*)
                0x00000000c001b6f0                sysCallGetArgc(regs*)
                0x00000000c001b71e                sysCallReadDir(regs*)
                0x00000000c001b7ac                sysCallIsATTY(regs*)
                0x00000000c001b806                sysCallSeek(regs*)
                0x00000000c001b86f                sysCallTell(regs*)
                0x00000000c001b8ec                sysCallSize(regs*)
                0x00000000c001b96f                sysCallSizeFromFilename(regs*)
                0x00000000c001ba2f                sysCallClose(regs*)
                0x00000000c001bab7                sysCallOpenDir(regs*)
                0x00000000c001bb2c                sysCallCloseDir(regs*)
                0x00000000c001bb92                sysCallMakeDir(regs*)
                0x00000000c001bc02                sysCallWait(regs*)
                0x00000000c001bc1c                sysCallNotImpl(regs*)
                0x00000000c001bc37                sysPanic(regs*)
                0x00000000c001bc5d                sysCallRmdir(regs*)
                0x00000000c001bcc1                sysCallUnlink(regs*)
                0x00000000c001bd25                sysCallGetArgv(regs*)
                0x00000000c001bd71                sysCallTTYName(regs*)
                0x00000000c001bdf4                sysCallUSleep(regs*)
                0x00000000c001be1b                sysCallSpawn(regs*)
                0x00000000c001be73                sysCallGetEnv(regs*)
                0x00000000c001bfab                sysAppSettings(regs*)
                0x00000000c001c0ca                sysSetFatAttrib(regs*)
                0x00000000c001c13c                sysPipe(regs*)
                0x00000000c001c181                sysGetUnixTime(regs*)
                0x00000000c001c195                string_ends_with(char const*, char const*)
                0x00000000c001c1dd                sysCallOpen(regs*)
                0x00000000c001c3f2                Sys::loadSyscalls()
                0x00000000c001c5dd                Sys::systemCall(regs*, void*)
 .text          0x00000000c001c61f     0x11ef thr/elf.32
                0x00000000c001c61f                Thr::allocateMemoryForTask(Process*, File*, unsigned long, unsigned long, unsigned long)
                0x00000000c001c8b1                Thr::loadProgramIntoMemory(Process*, char const*)
                0x00000000c001cac7                Thr::runtimeReferenceHelper()
                0x00000000c001cada                Thr::getAddressOfKernelSymbol(char const*)
                0x00000000c001cb29                Thr::loadKernelSymbolTable(char const*)
                0x00000000c001cde7                Thr::loadDriverIntoMemory(char const*, unsigned long, bool)
                0x00000000c001d503                Thr::getDriverBaseFromAddress(unsigned long)
                0x00000000c001d535                Thr::getDriverNameFromAddress(unsigned long)
                0x00000000c001d56c                Thr::getDriverOffsetFromAddress(unsigned long)
                0x00000000c001d586                Thr::loadDLL(char const*, bool)
                0x00000000c001d7d5                Thr::executeDLL(unsigned long, void*)
 .text          0x00000000c001d80e     0x105a thr/prcssthr.32
                0x00000000c001d80e                changeTSS
                0x00000000c001d83e                Process::addArgs(char**)
                0x00000000c001d898                Process::Process(char const*, Process*, char**)
                0x00000000c001d898                Process::Process(char const*, Process*, char**)
                0x00000000c001da7e                Process::Process(bool, char const*, Process*, char**)
                0x00000000c001da7e                Process::Process(bool, char const*, Process*, char**)
                0x00000000c001dc30                disableIRQs()
                0x00000000c001dc38                getIRQNestingLevel()
                0x00000000c001dc3e                enableIRQs()
                0x00000000c001dc4d                lockScheduler()
                0x00000000c001dc4f                unlockScheduler()
                0x00000000c001dc51                userModeEntryPoint(void*)
                0x00000000c001dc74                lockStuff()
                0x00000000c001dc80                taskStartupFunction
                0x00000000c001dc89                updateTimeUsed()
                0x00000000c001dcee                switchToThread(ThreadControlBlock*)
                0x00000000c001dd3e                Semaphore::Semaphore(int)
                0x00000000c001dd3e                Semaphore::Semaphore(int)
                0x00000000c001dd6c                Mutex::Mutex()
                0x00000000c001dd6c                Mutex::Mutex()
                0x00000000c001dd7e                Process::createThread(void (*)(void*), void*, int)
                0x00000000c001de62                Process::createUserThread()
                0x00000000c001de7e                setupMultitasking(void (*)())
                0x00000000c001df88                schedule()
                0x00000000c001e00d                unlockStuff()
                0x00000000c001e042                Semaphore::tryAcquire()
                0x00000000c001e070                Semaphore::assertLocked(char const*)
                0x00000000c001e0a0                blockTaskWithSchedulerLockAlreadyHeld(TaskState)
                0x00000000c001e0e2                blockTask(TaskState)
                0x00000000c001e103                waitTask(int, int*, int)
                0x00000000c001e145                nanoSleepUntil(unsigned long long)
                0x00000000c001e19c                nanoSleep(unsigned long long)
                0x00000000c001e1b1                sleep(unsigned long long)
                0x00000000c001e1ce                Semaphore::acquire()
                0x00000000c001e236                taskReturned
                0x00000000c001e264                unblockTask(ThreadControlBlock*)
                0x00000000c001e313                cleanupTerminatedTask(ThreadControlBlock*)
                0x00000000c001e5dd                cleanerTaskFunction(void*)
                0x00000000c001e690                terminateTask(int)
                0x00000000c001e770                Thr::terminateFromIRQ(int)
                0x00000000c001e77c                Semaphore::release()
 .text          0x00000000c001e868      0xc26 vm86/vm8086.32
                0x00000000c001e868                Vm::inbv(unsigned short)
                0x00000000c001e87b                Vm::outbv(unsigned short, unsigned char)
                0x00000000c001e8ce                Vm::realToLinear(unsigned short, unsigned short)
                0x00000000c001e8de                Vm::getSegment(unsigned int)
                0x00000000c001e8e6                Vm::getOffset(unsigned int)
                0x00000000c001e8eb                Vm::mainloop2()
                0x00000000c001e926                Vm::mainVm8086Loop(void*)
                0x00000000c001e933                Vm::mainloop3(unsigned long)
                0x00000000c001e95d                Vm::initialise8086()
                0x00000000c001e9a0                Vm::finish8086()
                0x00000000c001e9e5                Vm::getOutput8086(unsigned char*)
                0x00000000c001ea0f                Vm::start8086(char const*, unsigned short, unsigned short, unsigned short, unsigned short)
                0x00000000c001eb5f                Vm::doISR(regs*, int, unsigned char*, unsigned short, unsigned short)
                0x00000000c001ebe9                Vm::readByteFromReal(unsigned short, unsigned short)
                0x00000000c001ebfa                Vm::readWordFromReal(unsigned short, unsigned short)
                0x00000000c001ec0c                Vm::readDwordFromReal(unsigned short, unsigned short)
                0x00000000c001ec1d                Vm::writeByteFromReal(unsigned short, unsigned short, unsigned char)
                0x00000000c001ec32                Vm::writeWordFromReal(unsigned short, unsigned short, unsigned short)
                0x00000000c001ec48                Vm::writeDwordFromReal(unsigned short, unsigned short, unsigned int)
                0x00000000c001ec5d                Vm::faultHandler(regs*)
 .text          0x00000000c001f48e      0xf2b vm86/x87em.32
                0x00000000c001f48e                Vm::x87Save(void*)
                0x00000000c001f4a5                Vm::x87Load(void*)
                0x00000000c001f4bc                Vm::fpuInternalTo32(unsigned long long)
                0x00000000c001f517                Vm::fpuInternalTo64(unsigned long long)
                0x00000000c001f520                Vm::fpu32ToInternal(unsigned int)
                0x00000000c001f565                Vm::fpu64ToInternal(unsigned long long)
                0x00000000c001f56e                Vm::fpuFloatToLong(unsigned long long)
                0x00000000c001f5c9                Vm::fpuULongToFloat(unsigned long long)
                0x00000000c001f5ff                Vm::fpuLongToFloat(long long)
                0x00000000c001f655                Vm::fpuGet0()
                0x00000000c001f65a                Vm::fpuGet1()
                0x00000000c001f662                Vm::fpuGetPi()
                0x00000000c001f66a                Vm::fpuGetLog2E()
                0x00000000c001f682                Vm::fpuGetLogE2()
                0x00000000c001f69a                Vm::fpuGetLog210()
                0x00000000c001f6b2                Vm::fpuGetLog102()
                0x00000000c001f6ca                Vm::fpuIsSecondLarger(unsigned long long, unsigned long long)
                0x00000000c001f6de                Vm::fpuAreEqual(unsigned long long, unsigned long long)
                0x00000000c001f6f4                Vm::fpuUnorderedCompare(unsigned long long, unsigned long long)
                0x00000000c001f747                Vm::fpuAdd(unsigned long long, unsigned long long)
                0x00000000c001f758                Vm::fpuAbs(unsigned long long)
                0x00000000c001f761                Vm::fpuChs(unsigned long long)
                0x00000000c001f771                Vm::fpuSub(unsigned long long, unsigned long long)
                0x00000000c001f780                Vm::fpuMultiply(unsigned long long, unsigned long long)
                0x00000000c001f79f                Vm::fpuDivide(unsigned long long, unsigned long long)
                0x00000000c001f7bb                Vm::fpuSquare(unsigned long long)
                0x00000000c001f7d1                Vm::fpuGetReg(int)
                0x00000000c001f814                Vm::fpuSetReg(int, unsigned long long)
                0x00000000c001f85f                Vm::fpuPush(unsigned long long)
                0x00000000c001f8bc                Vm::fpuPop()
                0x00000000c001f90e                Vm::x87Handler(regs*)
 *fill*         0x00000000c00203b9        0x1 
 .text          0x00000000c00203ba     0x10ed fs/fat/vfslink.32
                0x00000000c00203ba                FAT::getName()
                0x00000000c00203c0                FAT::tell(void*, unsigned long long*)
                0x00000000c00203f4                FAT::stat(void*, unsigned long long*)
                0x00000000c0020428                FAT::~FAT()
                0x00000000c0020428                FAT::~FAT()
                0x00000000c002044c                FAT::~FAT()
                0x00000000c0020474                FAT::getlabel(LogicalDisk*, int, char*, unsigned int*)
                0x00000000c0020512                FAT::setlabel(LogicalDisk*, int, char*)
                0x00000000c00205cc                FAT::format(LogicalDisk*, int, char const*, int)
                0x00000000c00207b0                FAT::tryMount(LogicalDisk*, int)
                0x00000000c00209b6                FAT::readDir(void*, unsigned long, void*, int*)
                0x00000000c0020abc                FAT::read(void*, unsigned long, void*, int*)
                0x00000000c0020b16                FAT::write(void*, unsigned long, void*, int*)
                0x00000000c0020b70                FAT::close(void*)
                0x00000000c0020bbc                FAT::closeDir(void*)
                0x00000000c0020c08                FAT::seek(void*, unsigned long long)
                0x00000000c0020c5c                fatWrapperReadDisk
                0x00000000c0020ca3                fatWrapperWriteDisk
                0x00000000c0020cea                fatWrapperIoctl
                0x00000000c0020dee                FAT::FAT()
                0x00000000c0020dee                FAT::FAT()
                0x00000000c0020e40                FAT::fixFilepath(char*)
                0x00000000c0020e78                FAT::open(char const*, void**, FileOpenMode)
                0x00000000c0020fa0                FAT::openDir(char const*, void**)
                0x00000000c0021046                FAT::stat(char const*, unsigned long long*, bool*)
                0x00000000c0021130                FAT::unlink(char const*)
                0x00000000c00211aa                FAT::chfatattr(char const*, unsigned char, unsigned char)
                0x00000000c00212fe                FAT::rename(char const*, char const*)
                0x00000000c00213c2                FAT::mkdir(char const*)
                0x00000000c002143c                FAT::exists(char const*)
 *fill*         0x00000000c00214a7        0x1 
 .text          0x00000000c00214a8      0xbc1 fs/iso9660/vfslink.32
                0x00000000c00214a8                ISO9660::format(LogicalDisk*, int, char const*, int)
                0x00000000c00214ae                ISO9660::seek(void*, unsigned long long)
                0x00000000c00214de                ISO9660::tell(void*, unsigned long long*)
                0x00000000c0021502                ISO9660::getName()
                0x00000000c0021508                ISO9660::stat(void*, unsigned long long*)
                0x00000000c002152c                ISO9660::chfatattr(char const*, unsigned char, unsigned char)
                0x00000000c0021532                ISO9660::unlink(char const*)
                0x00000000c0021538                ISO9660::write(void*, unsigned long, void*, int*)
                0x00000000c002153e                ISO9660::rename(char const*, char const*)
                0x00000000c0021544                ISO9660::mkdir(char const*)
                0x00000000c002154a                ISO9660::close(void*)
                0x00000000c002156c                ISO9660::closeDir(void*)
                0x00000000c002158e                ISO9660::~ISO9660()
                0x00000000c002158e                ISO9660::~ISO9660()
                0x00000000c00215b2                ISO9660::~ISO9660()
                0x00000000c00215d9                __memmem(unsigned char*, int, unsigned char*, int)
                0x00000000c002161b                readSectorFromCDROM(unsigned int, unsigned char*, char)
                0x00000000c0021682                ISO9660::tryMount(LogicalDisk*, int)
                0x00000000c00216d2                ISO9660::read(void*, unsigned long, void*, int*)
                0x00000000c00218d2                ISO9660::readDir(void*, unsigned long, void*, int*)
                0x00000000c0021b5f                readRoot(unsigned int*, unsigned int*, char)
                0x00000000c0021bb4                readRecursively(char*, unsigned int, unsigned int, unsigned int*, unsigned int*, char, int*)
                0x00000000c0021d87                getFileData(char*, unsigned int*, unsigned int*, char, int*)
                0x00000000c0021e16                ISO9660::open(char const*, void**, FileOpenMode)
                0x00000000c0021ed6                ISO9660::exists(char const*)
                0x00000000c0021efa                ISO9660::stat(char const*, unsigned long long*, bool*)
                0x00000000c0021f8e                ISO9660::openDir(char const*, void**)
                0x00000000c0022046                ISO9660::ISO9660()
                0x00000000c0022046                ISO9660::ISO9660()
 *fill*         0x00000000c0022069        0x1 
 .text          0x00000000c002206a      0x326 hal/sound/sndchannel.32
                0x00000000c002206a                SoundChannel::~SoundChannel()
                0x00000000c002206a                SoundChannel::~SoundChannel()
                0x00000000c0022086                SoundChannel::setSpeed(float)
                0x00000000c0022092                SoundChannel::getSpeed()
                0x00000000c002209a                SoundChannel::setVolume(int)
                0x00000000c00220b6                SoundChannel::getVolume()
                0x00000000c00220be                SoundChannel::pause()
                0x00000000c00220c8                SoundChannel::SoundChannel(int, int, int, int)
                0x00000000c00220c8                SoundChannel::SoundChannel(int, int, int, int)
                0x00000000c002221e                SoundChannel::play()
                0x00000000c0022228                SoundChannel::paused()
                0x00000000c0022230                SoundChannel::getSampleRate()
                0x00000000c0022238                SoundChannel::getBits()
                0x00000000c0022240                SoundChannel::getBufferUsed()
                0x00000000c0022248                SoundChannel::getBufferSize()
                0x00000000c0022250                SoundChannel::unbuffer(float*, int, int)
                0x00000000c00222f0                SoundChannel::buffer8(unsigned char*, int)
 .text          0x00000000c0022390      0x3d5 hal/sound/sndhw.32
                0x00000000c0022390                SoundDevice::SoundDevice(char const*)
                0x00000000c0022390                SoundDevice::SoundDevice(char const*)
                0x00000000c00223fc                SoundDevice::~SoundDevice()
                0x00000000c00223fc                SoundDevice::~SoundDevice()
                0x00000000c0022476                SoundDevice::~SoundDevice()
                0x00000000c00224a0                SoundDevice::getFreeChannelNum()
                0x00000000c00224ba                SoundDevice::addChannel(SoundChannel*)
                0x00000000c002252a                SoundDevice::removeChannel(int)
                0x00000000c002255c                SoundDevice::floatTo8(float*, unsigned char*, int)
                0x00000000c0022644                SoundDevice::getAudio(int, float*, float*)
 .text          0x00000000c0022765        0x0 hw/bus/isa.32
 *fill*         0x00000000c0022765        0x1 
 .text          0x00000000c0022766      0x6c3 hw/bus/pci.32
                0x00000000c0022766                PCI::open(int, int, void*)
                0x00000000c002277a                PCI::close(int, int, void*)
                0x00000000c002277e                PCI::PCI()
                0x00000000c002277e                PCI::PCI()
                0x00000000c00227fe                PCI::pciReadWord(unsigned char, unsigned char, unsigned char, unsigned char)
                0x00000000c0022846                PCI::getVendorID(unsigned char, unsigned char, unsigned char)
                0x00000000c0022868                PCI::getHeaderType(unsigned char, unsigned char, unsigned char)
                0x00000000c002288c                PCI::getClassCode(unsigned char, unsigned char, unsigned char)
                0x00000000c00228d0                PCI::getProgIF(unsigned char, unsigned char, unsigned char)
                0x00000000c00228f4                PCI::getRevisionID(unsigned char, unsigned char, unsigned char)
                0x00000000c0022916                PCI::getInterruptNumber(unsigned char, unsigned char, unsigned char)
                0x00000000c0022938                PCI::getSecondaryBus(unsigned char, unsigned char, unsigned char)
                0x00000000c002295c                PCI::getBARAddress(unsigned char, unsigned char, unsigned char, unsigned char)
                0x00000000c00229bc                PCI::pciWriteWord(unsigned char, unsigned char, unsigned char, unsigned char, unsigned short)
                0x00000000c0022a28                PCI::checkBus(unsigned char)
                0x00000000c0022a4c                PCI::foundDevice(PCIDeviceInfo)
                0x00000000c0022bbe                PCI::getDeviceData(unsigned char, unsigned char, unsigned char)
                0x00000000c0022d6a                PCI::checkDevice(unsigned char, unsigned char)
                0x00000000c0022dd6                PCI::detect()
 *fill*         0x00000000c0022e29        0x1 
 .text          0x00000000c0022e2a      0xc70 hw/diskctrl/ide.32
                0x00000000c0022e2a                IDE::close(int, int, void*)
                0x00000000c0022e2e                IDE::IDE()
                0x00000000c0022e2e                IDE::IDE()
                0x00000000c0022e62                IDE::prepareInterrupt(unsigned char)
                0x00000000c0022e74                selectDrive(unsigned char, unsigned char)
                0x00000000c0022e76                IDE::getBase(unsigned char)
                0x00000000c0022e88                IDE::write(unsigned char, unsigned char, unsigned char)
                0x00000000c0022f48                IDE::read(unsigned char, unsigned char)
                0x00000000c0022ff6                IDE::waitInterrupt(unsigned char)
                0x00000000c002305c                ideChannel0IRQHandler(regs*, void*)
                0x00000000c0023078                ideChannel1IRQHandler(regs*, void*)
                0x00000000c0023094                IDE::enableIRQs(unsigned char, bool)
                0x00000000c00230da                IDE::open(int, int, void*)
                0x00000000c00234ea                IDE::readBuffer(unsigned char, unsigned char, unsigned int, unsigned int)
                0x00000000c00235b6                IDE::detect()
                0x00000000c002389e                IDE::printError(unsigned char, unsigned char, unsigned char)
                0x00000000c0023a34                IDE::polling(unsigned char, unsigned int)
 .text          0x00000000c0023a9a      0x390 hw/diskctrl/satabus.32
                0x00000000c0023a9a                SATABus::close(int, int, void*)
                0x00000000c0023a9e                SATABus::detect()
                0x00000000c0023aa0                SATABus::SATABus()
                0x00000000c0023aa0                SATABus::SATABus()
                0x00000000c0023b4c                SATABus::findCmdslot(SATABus::tagHBA_PORT volatile*)
                0x00000000c0023b94                SATABus::checkType(SATABus::tagHBA_PORT volatile*)
                0x00000000c0023bdc                SATABus::startCmd(SATABus::tagHBA_PORT volatile*)
                0x00000000c0023bfc                SATABus::stopCmd(SATABus::tagHBA_PORT volatile*)
                0x00000000c0023c26                SATABus::portRebase(SATABus::tagHBA_PORT volatile*, int)
                0x00000000c0023d2c                SATABus::probePort(SATABus::tagHBA_MEM volatile*)
                0x00000000c0023e0a                SATABus::open(int, int, void*)
 .text          0x00000000c0023e2a      0x63c hw/diskphys/ata.32
                0x00000000c0023e2a                ATA::close(int, int, void*)
                0x00000000c0023e4e                ATA::powerSaving(PowerSavingLevel)
                0x00000000c0023e50                ATA::ATA()
                0x00000000c0023e50                ATA::ATA()
                0x00000000c0023e7e                ATA::flush(bool)
                0x00000000c0023ec8                ATA::readyForCommand()
                0x00000000c0023f18                ATA::access(unsigned long long, int, void*, bool)
                0x00000000c00242a0                ATA::read(unsigned long long, int, void*)
                0x00000000c0024308                ATA::write(unsigned long long, int, void*)
                0x00000000c0024370                ATA::detectCHS()
                0x00000000c002439a                ATA::open(int, int, void*)
 .text          0x00000000c0024466      0x5bd hw/diskphys/atapi.32
                0x00000000c0024466                ATAPI::write(unsigned long long, int, void*)
                0x00000000c002446c                ATAPI::close(int, int, void*)
                0x00000000c0024490                ATAPI::ATAPI()
                0x00000000c0024490                ATAPI::ATAPI()
                0x00000000c00244be                ATAPI::readyForCommand()
                0x00000000c002450e                ATAPI::sendPacket(unsigned char*, int, bool, unsigned short*, int)
                0x00000000c00247ce                ATAPI::diskRemoved()
                0x00000000c00247ea                ATAPI::eject()
                0x00000000c0024832                ATAPI::diskInserted()
                0x00000000c0024860                ATAPI::detectMedia()
                0x00000000c002491c                ATAPI::open(int, int, void*)
                0x00000000c00249a4                ATAPI::read(unsigned long long, int, void*)
 *fill*         0x00000000c0024a23        0x1 
 .text          0x00000000c0024a24      0x455 hw/diskphys/sata.32
                0x00000000c0024a24                SATA::close(int, int, void*)
                0x00000000c0024a48                SATA::powerSaving(PowerSavingLevel)
                0x00000000c0024a4a                SATA::open(int, int, void*)
                0x00000000c0024af8                SATA::SATA()
                0x00000000c0024af8                SATA::SATA()
                0x00000000c0024b26                SATA::access(unsigned long long, int, void*, bool)
                0x00000000c0024d8c                SATA::read(unsigned long long, int, void*)
                0x00000000c0024df4                SATA::write(unsigned long long, int, void*)
 *fill*         0x00000000c0024e79        0x1 
 .text          0x00000000c0024e7a      0x500 hw/diskphys/satapi.32
                0x00000000c0024e7a                SATAPI::write(unsigned long long, int, void*)
                0x00000000c0024e80                SATAPI::close(int, int, void*)
                0x00000000c0024ea4                SATAPI::SATAPI()
                0x00000000c0024ea4                SATAPI::SATAPI()
                0x00000000c0024ed2                SATAPI::diskRemoved()
                0x00000000c0024eee                SATAPI::diskInserted()
                0x00000000c0024f1c                SATAPI::sendPacket(unsigned char*, int, unsigned long long, unsigned short*, int)
                0x00000000c0025120                SATAPI::eject()
                0x00000000c0025168                SATAPI::detectMedia()
                0x00000000c002522a                SATAPI::open(int, int, void*)
                0x00000000c00252d8                SATAPI::read(unsigned long long, int, void*)
 .text          0x00000000c002537a       0x8e hw/fpu/avx.32
                0x00000000c002537a                AVX::open(int, int, void*)
                0x00000000c002538c                AVX::close(int, int, void*)
                0x00000000c002539e                AVX::available()
                0x00000000c00253b0                AVX::save(void*)
                0x00000000c00253c8                AVX::load(void*)
                0x00000000c00253e0                AVX::AVX()
                0x00000000c00253e0                AVX::AVX()
 .text          0x00000000c0025408       0x90 hw/fpu/mmx.32
                0x00000000c0025408                MMX::available()
                0x00000000c002541c                MMX::open(int, int, void*)
                0x00000000c002542e                MMX::close(int, int, void*)
                0x00000000c0025440                MMX::save(void*)
                0x00000000c0025458                MMX::load(void*)
                0x00000000c0025470                MMX::MMX()
                0x00000000c0025470                MMX::MMX()
 .text          0x00000000c0025498       0x96 hw/fpu/sse.32
                0x00000000c0025498                SSE::open(int, int, void*)
                0x00000000c00254aa                SSE::close(int, int, void*)
                0x00000000c00254bc                SSE::available()
                0x00000000c00254d6                SSE::save(void*)
                0x00000000c00254ee                SSE::load(void*)
                0x00000000c0025506                SSE::SSE()
                0x00000000c0025506                SSE::SSE()
 .text          0x00000000c002552e       0x8e hw/fpu/x87.32
                0x00000000c002552e                x87::open(int, int, void*)
                0x00000000c0025540                x87::close(int, int, void*)
                0x00000000c0025552                x87::available()
                0x00000000c0025564                x87::save(void*)
                0x00000000c002557c                x87::load(void*)
                0x00000000c0025594                x87::x87()
                0x00000000c0025594                x87::x87()
 .text          0x00000000c00255bc      0x71e hw/intctrl/apic.32
                0x00000000c00255bc                APIC::disable()
                0x00000000c00255be                APIC::close(int, int, void*)
                0x00000000c00255e0                IOAPIC::close(int, int, void*)
                0x00000000c00255e6                APIC::io_wait()
                0x00000000c00255ec                APIC::getBase()
                0x00000000c002562e                APIC::eoi(unsigned char)
                0x00000000c002565c                APIC::open(int, int, void*)
                0x00000000c00257aa                IOAPIC::IOAPIC()
                0x00000000c00257aa                IOAPIC::IOAPIC()
                0x00000000c00257d2                APIC::APIC()
                0x00000000c00257d2                APIC::APIC()
                0x00000000c00258ae                IOAPIC::handlesGSIWithNumber(unsigned int)
                0x00000000c00258e0                IOAPIC::read(int)
                0x00000000c0025908                IOAPIC::open(int, int, void*)
                0x00000000c00259fe                IOAPIC::write(int, int)
                0x00000000c0025a2a                IOAPIC::redirect(unsigned char, unsigned long long, unsigned char, bool, bool)
                0x00000000c0025b24                APIC::installIRQHandler(int, void (*)(regs*, void*), bool, void*)
 .text          0x00000000c0025cda      0x3d3 hw/intctrl/pic.32
                0x00000000c0025cda                PIC::disable()
                0x00000000c0025d08                PIC::close(int, int, void*)
                0x00000000c0025d2a                PIC::PIC()
                0x00000000c0025d2a                PIC::PIC()
                0x00000000c0025e00                PIC::ioWait()
                0x00000000c0025e06                PIC::getIRQReg(int)
                0x00000000c0025e70                PIC::eoi(unsigned char)
                0x00000000c0025f02                PIC::remap()
                0x00000000c002606e                PIC::open(int, int, void*)
 *fill*         0x00000000c00260ad        0x1 
 .text          0x00000000c00260ae      0x25e hw/timer/apictimer.32
                0x00000000c00260ae                APICTimer::close(int, int, void*)
                0x00000000c00260b4                apicTimerHandler(regs*, void*)
                0x00000000c00260e2                APICTimer::write(int)
                0x00000000c00261e6                APICTimer::open(int, int, void*)
                0x00000000c00262e4                APICTimer::APICTimer()
                0x00000000c00262e4                APICTimer::APICTimer()
 .text          0x00000000c002630c      0x1a7 hw/timer/pit.32
                0x00000000c002630c                PIT::write(int)
                0x00000000c002638a                pitHandler(regs*, void*)
                0x00000000c00263b6                PIT::open(int, int, void*)
                0x00000000c0026404                PIT::close(int, int, void*)
                0x00000000c0026434                PIT::PIT()
                0x00000000c0026434                PIT::PIT()
 *fill*         0x00000000c00264b3        0xd 
 .text          0x00000000c00264c0       0x1e hw/fpu/x86/avx.32
                0x00000000c00264c0                avxDetect
                0x00000000c00264c6                avxSave
                0x00000000c00264c7                avxLoad
                0x00000000c00264c8                avxInit
                0x00000000c00264c9                avxClose
                0x00000000c00264ca                wouldSheSayYes
 *fill*         0x00000000c00264de        0x2 
 .text          0x00000000c00264e0       0x35 hw/fpu/x86/sse.32
                0x00000000c00264e0                absolutelyNoChanceInHell
                0x00000000c00264e0                sseDetect
                0x00000000c00264f8                sseSave
                0x00000000c00264fe                sseLoad
                0x00000000c0026504                sseInit
                0x00000000c0026514                sseClose
 *fill*         0x00000000c0026515        0xb 
 .text          0x00000000c0026520       0x47 hw/fpu/x86/x87.32
                0x00000000c0026526                x87Detect
                0x00000000c0026541                x87Save
                0x00000000c0026547                x87Load
                0x00000000c002654c                x87Init
                0x00000000c0026566                x87Close
 *fill*         0x00000000c0026567        0x1 
 .text          0x00000000c0026568       0x25 /cygdrive/d/Users/Alex/Desktop/Toolchain/Output/bin/../lib/gcc/i386-banana/8.1.0/crtend.o
 .text          0x00000000c002658d        0x0 crtn.32
 *fill*         0x00000000c002658d        0x3 
 .text          0x00000000c0026590      0x14b /cygdrive/d/Users/Alex/Desktop/Toolchain/Output/bin/../lib/gcc/i386-banana/8.1.0/libkgcc.a(_divdi3.o)
                0x00000000c0026590                __divdi3
 *fill*         0x00000000c00266db        0x1 
 .text          0x00000000c00266dc      0x17e /cygdrive/d/Users/Alex/Desktop/Toolchain/Output/bin/../lib/gcc/i386-banana/8.1.0/libkgcc.a(_moddi3.o)
                0x00000000c00266dc                __moddi3
 *fill*         0x00000000c002685a        0x2 
 .text          0x00000000c002685c       0xff /cygdrive/d/Users/Alex/Desktop/Toolchain/Output/bin/../lib/gcc/i386-banana/8.1.0/libkgcc.a(_udivdi3.o)
                0x00000000c002685c                __udivdi3
 *fill*         0x00000000c002695b        0x1 
 .text          0x00000000c002695c      0x11a /cygdrive/d/Users/Alex/Desktop/Toolchain/Output/bin/../lib/gcc/i386-banana/8.1.0/libkgcc.a(_umoddi3.o)
                0x00000000c002695c                __umoddi3
 .text          0x00000000c0026a76      0x96d D:/Users/Alex/Desktop/Banana/kernel/libsoftfp.a(sfieeelib.o)
                0x00000000c0026a76                __addsf3
                0x00000000c0026d78                __subsf3
                0x00000000c0026d8c                __negsf2
                0x00000000c0026d99                __mulsf3
                0x00000000c0026f5c                __divsf3
                0x00000000c0027187                __floatsisf
                0x00000000c00271fb                __floatunsisf
                0x00000000c002723d                __fixsfsi
                0x00000000c002729f                __fixunssfsi
                0x00000000c00272d0                __cmpsf2
                0x00000000c0027365                __eqsf2