Archive member included to satisfy reference by file (symbol)

/cygdrive/d/Users/Alex/Desktop/Toolchain/Output/bin/../lib/gcc/i386-banana/8.1.0/libkgcc.a(_divdi3.o)
                              krnl/resolve.32 (__divdi3)
/cygdrive/d/Users/Alex/Desktop/Toolchain/Output/bin/../lib/gcc/i386-banana/8.1.0/libkgcc.a(_moddi3.o)
                              krnl/resolve.32 (__moddi3)
/cygdrive/d/Users/Alex/Desktop/Toolchain/Output/bin/../lib/gcc/i386-banana/8.1.0/libkgcc.a(_udivdi3.o)
                              hal/clock.32 (__udivdi3)
/cygdrive/d/Users/Alex/Desktop/Toolchain/Output/bin/../lib/gcc/i386-banana/8.1.0/libkgcc.a(_umoddi3.o)
                              core/pipe.32 (__umoddi3)

Allocating common symbols
Common symbol       size              file

current_iphdr_src   0x4               net/core/ipv4/ip.32
netif_list          0x4               net/core/netif.32
tcp_active_pcbs     0x4               net/core/tcp.32
udp_pcbs            0x4               net/core/udp.32
current_netif       0x4               net/core/ipv4/ip.32
tcp_ticks           0x4               net/core/tcp.32
tcp_listen_pcbs     0x4               net/core/tcp.32
current_iphdr_dest  0x4               net/core/ipv4/ip.32
tcp_tmp_pcb         0x4               net/core/tcp.32
tcp_input_pcb       0x4               net/core/tcp_in.32
dcache              0x40              fs/iso9660/iso9660.32
current_header      0x4               net/core/ipv4/ip.32
tcp_bound_pcbs      0x4               net/core/tcp.32
cdDriveLetter       0x1               fs/iso9660/iso9660.32
tcp_tw_pcbs         0x4               net/core/tcp.32
lwip_stats          0x150             net/core/stats.32
netif_default       0x4               net/core/netif.32
ram_heap            0x64d             net/core/mem.32
icache              0x40              fs/iso9660/iso9660.32

Discarded input sections

 .comment       0x0000000000000000       0x12 /cygdrive/d/Users/Alex/Desktop/Toolchain/Output/bin/../lib/gcc/i386-banana/8.1.0/crtbegin.o
 .comment       0x0000000000000000       0x12 acpica/utclib.32
 .comment       0x0000000000000000       0x12 arch/cc.32
 .comment       0x0000000000000000       0x12 arch/sys_arch.32
 .comment       0x0000000000000000       0x12 core/malloc.32
 .comment       0x0000000000000000       0x12 libk/ctype.32
 .comment       0x0000000000000000       0x12 libk/string.32
 .comment       0x0000000000000000       0x12 fs/fat/diskio.32
 .comment       0x0000000000000000       0x12 fs/fat/ff.32
 .comment       0x0000000000000000       0x12 fs/fat/ffsystem.32
 .comment       0x0000000000000000       0x12 fs/fat/ffunicode.32
 .comment       0x0000000000000000       0x12 fs/iso9660/iso9660.32
 .comment       0x0000000000000000       0x12 net/core/def.32
 .comment       0x0000000000000000       0x12 net/core/dhcp.32
 .comment       0x0000000000000000       0x12 net/core/dns.32
 .comment       0x0000000000000000       0x12 net/core/init.32
 .comment       0x0000000000000000       0x12 net/core/mem.32
 .comment       0x0000000000000000       0x12 net/core/memp.32
 .comment       0x0000000000000000       0x12 net/core/netif.32
 .comment       0x0000000000000000       0x12 net/core/pbuf.32
 .comment       0x0000000000000000       0x12 net/core/raw.32
 .comment       0x0000000000000000       0x12 net/core/stats.32
 .comment       0x0000000000000000       0x12 net/core/sys.32
 .comment       0x0000000000000000       0x12 net/core/tcp.32
 .comment       0x0000000000000000       0x12 net/core/tcp_in.32
 .comment       0x0000000000000000       0x12 net/core/tcp_out.32
 .comment       0x0000000000000000       0x12 net/core/timers.32
 .comment       0x0000000000000000       0x12 net/core/udp.32
 .comment       0x0000000000000000       0x12 net/netif/etharp.32
 .comment       0x0000000000000000       0x12 net/netif/ethernetif.32
 .comment       0x0000000000000000       0x12 net/netif/slipif.32
 .comment       0x0000000000000000       0x12 net/core/ipv4/autoip.32
 .comment       0x0000000000000000       0x12 net/core/ipv4/icmp.32
 .comment       0x0000000000000000       0x12 net/core/ipv4/igmp.32
 .comment       0x0000000000000000       0x12 net/core/ipv4/inet.32
 .comment       0x0000000000000000       0x12 net/core/ipv4/inet_chksum.32
 .comment       0x0000000000000000       0x12 net/core/ipv4/ip.32
 .comment       0x0000000000000000       0x12 net/core/ipv4/ip_addr.32
 .comment       0x0000000000000000       0x12 net/core/ipv4/ip_frag.32
 .comment       0x0000000000000000       0x12 net/core/snmp/asn1_dec.32
 .comment       0x0000000000000000       0x12 net/core/snmp/asn1_enc.32
 .comment       0x0000000000000000       0x12 net/core/snmp/mib2.32
 .comment       0x0000000000000000       0x12 net/core/snmp/mib_structs.32
 .comment       0x0000000000000000       0x12 net/core/snmp/msg_in.32
 .comment       0x0000000000000000       0x12 net/core/snmp/msg_out.32
 .comment       0x0000000000000000       0x12 net/netif/ppp/auth.32
[...]
Memory Configuration

Name             Origin             Length             Attributes
*default*        0x0000000000000000 0xffffffffffffffff

Linker script and memory map

LOAD D:/Users/Alex/Desktop/Banana/kernel/boot.32
LOAD crti.32
LOAD /cygdrive/d/Users/Alex/Desktop/Toolchain/Output/bin/../lib/gcc/i386-banana/8.1.0/crtbegin.o
LOAD D:/Users/Alex/Desktop/Banana/kernel/morenasm.32
LOAD acpica/utclib.32
LOAD arch/cc.32
LOAD arch/sys_arch.32
LOAD core/malloc.32
LOAD libk/ctype.32
LOAD libk/string.32
LOAD fs/fat/diskio.32
LOAD fs/fat/ff.32
LOAD fs/fat/ffsystem.32
LOAD fs/fat/ffunicode.32
LOAD fs/iso9660/iso9660.32
LOAD net/core/def.32
LOAD net/core/dhcp.32
LOAD net/core/dns.32
LOAD net/core/init.32
LOAD net/core/mem.32
LOAD net/core/memp.32
LOAD net/core/netif.32
LOAD net/core/pbuf.32
LOAD net/core/raw.32
LOAD net/core/stats.32
LOAD net/core/sys.32
LOAD net/core/tcp.32
LOAD net/core/tcp_in.32
LOAD net/core/tcp_out.32
LOAD net/core/timers.32
LOAD net/core/udp.32
LOAD net/netif/etharp.32
LOAD net/netif/ethernetif.32
LOAD net/netif/slipif.32
LOAD net/core/ipv4/autoip.32
LOAD net/core/ipv4/icmp.32
LOAD net/core/ipv4/igmp.32
LOAD net/core/ipv4/inet.32
LOAD net/core/ipv4/inet_chksum.32
LOAD net/core/ipv4/ip.32
LOAD net/core/ipv4/ip_addr.32
LOAD net/core/ipv4/ip_frag.32
LOAD net/core/snmp/asn1_dec.32
LOAD net/core/snmp/asn1_enc.32
LOAD net/core/snmp/mib2.32
LOAD net/core/snmp/mib_structs.32
LOAD net/core/snmp/msg_in.32
LOAD net/core/snmp/msg_out.32
LOAD net/netif/ppp/auth.32
LOAD net/netif/ppp/chap.32
LOAD net/netif/ppp/chpms.32
LOAD net/netif/ppp/fsm.32
LOAD net/netif/ppp/ipcp.32
LOAD net/netif/ppp/lcp.32
LOAD net/netif/ppp/magic.32
LOAD net/netif/ppp/md5.32
LOAD net/netif/ppp/pap.32
LOAD net/netif/ppp/ppp.32
LOAD net/netif/ppp/ppp_oe.32
LOAD net/netif/ppp/randm.32
LOAD net/netif/ppp/vj.32
LOAD core/computer.32
LOAD core/gdt.32
LOAD core/idle.32
LOAD core/idt.32
LOAD core/kheap.32
LOAD core/main.32
LOAD core/physmgr.32
LOAD core/pipe.32
LOAD core/terminal.32
LOAD core/tss.32
LOAD core/unixfile.32
LOAD core/virtmgr.32
LOAD coreobjs/c++.32
LOAD dbg/kconsole.32
LOAD dbg/usban.32
LOAD fs/symlink.32
LOAD fs/vfs.32
LOAD hal/bus.32
LOAD hal/buzzer.32
LOAD hal/clock.32
LOAD hal/device.32
LOAD hal/diskctrl.32
LOAD hal/diskphys.32
LOAD hal/fpu.32
LOAD hal/intctrl.32
LOAD hal/keybrd.32
LOAD hal/logidisk.32
LOAD hal/mouse.32
LOAD hal/nic.32
LOAD hal/partition.32
LOAD hal/serial.32
LOAD hal/timer.32
LOAD hal/vcache.32
LOAD hal/video.32
LOAD hw/acpi.32
LOAD hw/cpu.32
LOAD krnl/atexit.32
LOAD krnl/bootmsg.32
LOAD krnl/cdefs.32
LOAD krnl/compat.32
LOAD krnl/crc32.32
LOAD krnl/env.32
LOAD krnl/inlines.32
LOAD krnl/mailbox.32
LOAD krnl/mutex.32
LOAD krnl/panic.32
LOAD krnl/powctrl.32
LOAD krnl/random.32
LOAD krnl/resolve.32
LOAD krnl/semaphore.32
LOAD krnl/signal.32
LOAD krnl/syscalls.32
LOAD net/ethernet.32
LOAD net/netosl.32
LOAD reg/cm.32
LOAD reg/registry.32
LOAD sys/eject.32
LOAD sys/exit.32
LOAD sys/getcwd.32
LOAD sys/getpid.32
LOAD sys/getramdata.32
LOAD sys/getvgaptr.32
LOAD sys/kill.32
LOAD sys/loaddll.32
LOAD sys/read.32
LOAD sys/registersignal.32
LOAD sys/registry.32
LOAD sys/sbrk.32
LOAD sys/setcwd.32
LOAD sys/settime.32
LOAD sys/symlink.32
LOAD sys/timezone.32
LOAD sys/truncate.32
LOAD sys/write.32
LOAD sys/wsbe.32
LOAD sys/yield.32
LOAD thr/elf.32
LOAD thr/exec.32
LOAD thr/prcssthr.32
LOAD vm86/vm8086.32
LOAD arch/i386/hal.32
LOAD arch/i386/pic.32
LOAD arch/i386/rtc.32
LOAD arch/i386/vga.32
LOAD fs/fat/vfslink.32
LOAD fs/iso9660/helper.32
LOAD fs/iso9660/vfslink.32
LOAD hal/sound/sndcard.32
LOAD hal/sound/sndport.32
LOAD hw/bus/isa.32
LOAD hw/bus/pci.32
LOAD hw/diskctrl/ide.32
LOAD hw/diskctrl/satabus.32
LOAD hw/diskphys/ata.32
LOAD hw/diskphys/atapi.32
LOAD hw/diskphys/sata.32
LOAD hw/diskphys/satapi.32
LOAD hw/intctrl/apic.32
LOAD hw/timer/apictimer.32
LOAD hw/timer/pit.32
LOAD arch/i386/avx.32
LOAD arch/i386/interrupt.32
LOAD arch/i386/rdrand.32
LOAD arch/i386/sse.32
LOAD arch/i386/x87.32
LOAD /cygdrive/d/Users/Alex/Desktop/Toolchain/Output/bin/../lib/gcc/i386-banana/8.1.0/crtend.o
LOAD crtn.32
LOAD /cygdrive/d/Users/Alex/Desktop/Toolchain/Output/bin/../lib/gcc/i386-banana/8.1.0/libkgcc.a
LOAD D:/Users/Alex/Desktop/Banana/kernel/libsoftfp.a
LOAD D:/Users/Alex/Desktop/Banana/kernel/libk/libm32.a
                0x00000000c0000000                . = 0xc0000000

.text           0x00000000c0000000    0x2f0ea
 *(.text)
 .text          0x00000000c0000000       0x20 D:/Users/Alex/Desktop/Banana/kernel/boot.32
 .text          0x00000000c0000020        0x0 crti.32
 .text          0x00000000c0000020      0x101 /cygdrive/d/Users/Alex/Desktop/Toolchain/Output/bin/../lib/gcc/i386-banana/8.1.0/crtbegin.o
 *fill*         0x00000000c0000121        0xf 
 .text          0x00000000c0000130      0x24f D:/Users/Alex/Desktop/Banana/kernel/morenasm.32
                0x00000000c0000130                manualPCIProbe
                0x00000000c000017b                prepareTramp
                0x00000000c0000194                doTPAUSE
                0x00000000c000019e                hasLegacyFPU
                0x00000000c00001c3                is486
                0x00000000c00001f9                detectCPUID
                0x00000000c000020f                goToVM86
                0x00000000c000023f                goToUsermode
                0x00000000c0000269                switchToThreadASMFirstTime
                0x00000000c0000277                switchToThreadASM
                0x00000000c00002fc                asmQuickAcquireLock
                0x00000000c000031a                asmQuickReleaseLock
                0x00000000c0000326                asmAcquireLock
                0x00000000c0000347                asmReleaseLock
                0x00000000c000035a                loadGDT
                0x00000000c000037a                memcpy
 *fill*         0x00000000c000037f        0x1 
 .text          0x00000000c0000380      0x868 acpica/utclib.32
                0x00000000c0000380                memcmp
                0x00000000c00003d0                memmove
                0x00000000c00004f0                memset
                0x00000000c0000570                strlen
                0x00000000c00005a0                strpbrk
                0x00000000c00005f0                strtok
                0x00000000c0000640                strcpy
                0x00000000c0000680                strncpy
                0x00000000c0000750                strcmp
                0x00000000c00007a0                strchr
                0x00000000c00007e0                strncmp
                0x00000000c0000840                strcat
                0x00000000c0000870                strncat
                0x00000000c00008d0                strstr
                0x00000000c0000930                toupper
                0x00000000c0000950                tolower
                0x00000000c0000970                simple_strtoul
 .text          0x00000000c0000be8       0x53 arch/cc.32
                0x00000000c0000be8                LWIP_PLATFORM_HTONS
                0x00000000c0000c0c                LWIP_PLATFORM_HTONL
 *fill*         0x00000000c0000c3b        0x1 
 .text          0x00000000c0000c3c      0x162 arch/sys_arch.32
                0x00000000c0000c3c                lwip_socket_init
                0x00000000c0000c54                tcpip_callback_with_block
                0x00000000c0000c6c                sys_sem_new
                0x00000000c0000c94                sys_sem_free
                0x00000000c0000cac                sys_sem_signal
                0x00000000c0000cc4                sys_arch_sem_wait
                0x00000000c0000ce0                sys_mbox_new
                0x00000000c0000cfc                sys_mbox_free
                0x00000000c0000d14                sys_mbox_post
                0x00000000c0000d2c                sys_arch_mbox_fetch
                0x00000000c0000d48                sys_arch_mbox_tryfetch
                0x00000000c0000d64                sys_mbox_trypost
                0x00000000c0000d7c                sys_thread_new
                0x00000000c0000d9c                sys_init
 .text          0x00000000c0000d9e     0x1140 core/malloc.32
                0x00000000c0000f09                dlfree
                0x00000000c00013d0                dlmalloc
                0x00000000c000190d                dlrealloc
                0x00000000c0001aea                dlmemalign
                0x00000000c0001c0d                dlcalloc
                0x00000000c0001c9e                dlcfree
                0x00000000c0001ca3                dlindependent_calloc
                0x00000000c0001cc8                dlindependent_comalloc
                0x00000000c0001cdf                dlvalloc
                0x00000000c0001d0a                dlpvalloc
                0x00000000c0001d40                dlmalloc_trim
                0x00000000c0001d4d                dlmalloc_usable_size
                0x00000000c0001d7e                dlmallinfo
                0x00000000c0001e4d                dlmalloc_stats
                0x00000000c0001e5e                dlmallopt
 *fill*         0x00000000c0001ede        0x2 
 .text          0x00000000c0001ee0      0x1f2 libk/ctype.32
                0x00000000c0001ee0                isblank
                0x00000000c0001f00                iscntrl
                0x00000000c0001f20                isdigit
                0x00000000c0001f3c                islower
                0x00000000c0001f58                isspace
                0x00000000c0001f80                isupper
                0x00000000c0001f9c                isalpha
                0x00000000c0001fcc                isalnum
                0x00000000c0001ffc                ispunct
                0x00000000c000203c                isgraph
                0x00000000c000206c                isprint
                0x00000000c0002094                isxdigit
 .text          0x00000000c00020d2        0x0 libk/string.32
 .text          0x00000000c00020d2       0x51 fs/fat/diskio.32
                0x00000000c00020d2                disk_status
                0x00000000c00020d5                disk_initialize
                0x00000000c00020d8                disk_read
                0x00000000c00020ee                disk_write
                0x00000000c0002104                disk_ioctl
 .text          0x00000000c0002123     0x3e46 fs/fat/ff.32
                0x00000000c0003f44                f_mount
                0x00000000c0003fa6                f_open
                0x00000000c0004269                f_read
                0x00000000c0004468                f_write
                0x00000000c00046b0                f_sync
                0x00000000c0004775                f_close
                0x00000000c00047a4                f_lseek
                0x00000000c0004955                f_opendir
                0x00000000c0004a20                f_closedir
                0x00000000c0004a42                f_readdir
                0x00000000c0004ad4                f_stat
                0x00000000c0004b53                f_getfree
                0x00000000c0004c5c                f_truncate
                0x00000000c0004d46                f_unlink
                0x00000000c0004e68                f_mkdir
                0x00000000c0005003                f_rename
                0x00000000c00051bb                f_chmod
                0x00000000c000526b                f_utime
                0x00000000c000531b                f_getlabel
                0x00000000c000546c                f_setlabel
                0x00000000c00055fc                f_expand
                0x00000000c0005769                f_mkfs
 *fill*         0x00000000c0005f69        0x3 
 .text          0x00000000c0005f6c       0x2f fs/fat/ffsystem.32
                0x00000000c0005f6c                ff_memalloc
                0x00000000c0005f84                ff_memfree
 *fill*         0x00000000c0005f9b        0x1 
 .text          0x00000000c0005f9c      0x2dc fs/fat/ffunicode.32
                0x00000000c0005f9c                ff_uni2oem
                0x00000000c000603c                ff_oem2uni
                0x00000000c00060b4                ff_wtoupper
 .text          0x00000000c0006278      0xd32 fs/iso9660/iso9660.32
                0x00000000c00064c3                isoReadDiscSector
                0x00000000c000655e                strnicmp
                0x00000000c000680d                stricmp
                0x00000000c0006859                iso_open
                0x00000000c00068e3                iso_close
                0x00000000c0006901                iso_read
                0x00000000c0006a17                iso_seek
                0x00000000c0006a9b                iso_tell
                0x00000000c0006acc                iso_total
                0x00000000c0006af7                fn_postprocess
                0x00000000c0006b1e                iso_readdir
                0x00000000c0006d75                iso_reset
                0x00000000c0006d92                init_percd
                0x00000000c0006e8c                iso_ioctl
                0x00000000c0006ea4                fs_iso9660_init
                0x00000000c0006f3a                fs_iso9660_shutdown
 .text          0x00000000c0006faa        0x0 net/core/def.32
 .text          0x00000000c0006faa        0x0 net/core/dhcp.32
 .text          0x00000000c0006faa        0x0 net/core/dns.32
 *fill*         0x00000000c0006faa        0x2 
 .text          0x00000000c0006fac       0x2b net/core/init.32
                0x00000000c0006fac                lwip_init
 *fill*         0x00000000c0006fd7        0x1 
 .text          0x00000000c0006fd8      0x9f0 net/core/mem.32
                0x00000000c000716c                mem_init
                0x00000000c0007214                mem_free
                0x00000000c0007338                mem_trim
                0x00000000c0007648                mem_malloc
                0x00000000c0007964                mem_calloc
 .text          0x00000000c00079c8      0x2e8 net/core/memp.32
                0x00000000c00079c8                memp_init
                0x00000000c0007b0c                memp_malloc
                0x00000000c0007c38                memp_free
 .text          0x00000000c0007cb0      0x4ba net/core/netif.32
                0x00000000c0007cb0                netif_init
                0x00000000c0007cb4                netif_find
                0x00000000c0007d4c                netif_set_ipaddr
                0x00000000c0007e44                netif_set_gw
                0x00000000c0007e68                netif_set_netmask
                0x00000000c0007e8c                netif_set_addr
                0x00000000c0007ed0                netif_add
                0x00000000c0007f9c                netif_set_default
                0x00000000c0007fa8                netif_set_up
                0x00000000c000800c                netif_set_down
                0x00000000c0008034                netif_remove
                0x00000000c00080e0                netif_set_link_up
                0x00000000c0008144                netif_set_link_down
 *fill*         0x00000000c000816a        0x2 
 .text          0x00000000c000816c     0x16ac net/core/pbuf.32
                0x00000000c0008234                pbuf_alloced_custom
                0x00000000c0008358                pbuf_header
                0x00000000c00084f4                pbuf_free
                0x00000000c00086cc                pbuf_alloc
                0x00000000c0008ac4                pbuf_realloc
                0x00000000c0008cc8                pbuf_clen
                0x00000000c0008cfc                pbuf_ref
                0x00000000c0008d2c                pbuf_cat
                0x00000000c0008e0c                pbuf_chain
                0x00000000c0008e38                pbuf_dechain
                0x00000000c0008f2c                pbuf_copy
                0x00000000c0009194                pbuf_copy_partial
                0x00000000c0009338                pbuf_take
                0x00000000c00094b8                pbuf_coalesce
                0x00000000c000954c                pbuf_get_at
                0x00000000c00095e4                pbuf_memcmp
                0x00000000c00096f0                pbuf_memfind
                0x00000000c00097a4                pbuf_strstr
 .text          0x00000000c0009818      0x3e4 net/core/raw.32
                0x00000000c0009818                raw_input
                0x00000000c0009924                raw_bind
                0x00000000c0009948                raw_connect
                0x00000000c000996c                raw_recv
                0x00000000c0009984                raw_sendto
                0x00000000c0009af0                raw_send
                0x00000000c0009b14                raw_remove
                0x00000000c0009b94                raw_new
 .text          0x00000000c0009bfc        0x2 net/core/stats.32
                0x00000000c0009bfc                stats_init
 *fill*         0x00000000c0009bfe        0x2 
 .text          0x00000000c0009c00       0x55 net/core/sys.32
                0x00000000c0009c00                sys_msleep
 *fill*         0x00000000c0009c55        0x3 
 .text          0x00000000c0009c58     0x1dec net/core/tcp.32
                0x00000000c0009c68                tcp_listen_with_backlog
                0x00000000c0009e18                tcp_update_rcv_ann_wnd
                0x00000000c0009ef4                tcp_recved
                0x00000000c000a03c                tcp_bind
                0x00000000c000a16c                tcp_seg_free
                0x00000000c000a1b0                tcp_segs_free
                0x00000000c000a1e8                tcp_setprio
                0x00000000c000a204                tcp_seg_copy
                0x00000000c000a258                tcp_arg
                0x00000000c000a268                tcp_recv
                0x00000000c000a278                tcp_sent
                0x00000000c000a288                tcp_err
                0x00000000c000a298                tcp_accept
                0x00000000c000a2a8                tcp_poll
                0x00000000c000a2d0                tcp_pcb_purge
                0x00000000c000a3b4                tcp_slowtmr
                0x00000000c000ab38                tcp_pcb_remove
                0x00000000c000afe0                tcp_close
                0x00000000c000b01c                tcp_recv_null
                0x00000000c000b080                tcp_fasttmr
                0x00000000c000b1a4                tcp_tmr
                0x00000000c000b1d4                tcp_shutdown
                0x00000000c000b280                tcp_abandon
                0x00000000c000b414                tcp_abort
                0x00000000c000b580                tcp_next_iss
                0x00000000c000b598                tcp_alloc
                0x00000000c000b744                tcp_new
                0x00000000c000b758                tcp_eff_send_mss
                0x00000000c000b7c8                tcp_connect
                0x00000000c000ba38                tcp_debug_state_str
 .text          0x00000000c000ba44     0x3131 net/core/tcp_in.32
                0x00000000c000e0a4                tcp_input
 *fill*         0x00000000c000eb75        0x3 
 .text          0x00000000c000eb78     0x1f81 net/core/tcp_out.32
                0x00000000c000f0e8                tcp_write
                0x00000000c000f988                tcp_enqueue_flags
                0x00000000c000fc74                tcp_send_fin
                0x00000000c000fd14                tcp_send_empty_ack
                0x00000000c0010024                tcp_output
                0x00000000c00104b0                tcp_rst
                0x00000000c0010624                tcp_rexmit_rto
                0x00000000c00106b4                tcp_rexmit
                0x00000000c001077c                tcp_rexmit_fast
                0x00000000c0010860                tcp_keepalive
                0x00000000c0010928                tcp_zero_window_probe
 *fill*         0x00000000c0010af9        0x3 
 .text          0x00000000c0010afc      0x44d net/core/timers.32
                0x00000000c0010afc                sys_timeout
                0x00000000c0010cb4                tcp_timer_needed
                0x00000000c0010d48                sys_timeouts_init
                0x00000000c0010d80                sys_untimeout
                0x00000000c0010e4c                sys_timeouts_mbox_fetch
 *fill*         0x00000000c0010f49        0x3 
 .text          0x00000000c0010f4c      0xae8 net/core/udp.32
                0x00000000c0010f4c                udp_input
                0x00000000c00113c0                udp_bind
                0x00000000c0011540                udp_sendto_if
                0x00000000c00117c0                udp_sendto
                0x00000000c0011824                udp_send
                0x00000000c0011850                udp_connect
                0x00000000c0011930                udp_disconnect
                0x00000000c001195c                udp_recv
                0x00000000c0011974                udp_remove
                0x00000000c00119f4                udp_new
 .text          0x00000000c0011a34     0x1204 net/netif/etharp.32
                0x00000000c0011a8c                etharp_tmr
                0x00000000c001205c                etharp_find_addr
                0x00000000c00125bc                etharp_request
                0x00000000c00125f8                etharp_query
                0x00000000c0012934                etharp_output
                0x00000000c0012af4                ethernet_input
 .text          0x00000000c0012c38        0x0 net/netif/ethernetif.32
 .text          0x00000000c0012c38        0x0 net/netif/slipif.32
 .text          0x00000000c0012c38        0x0 net/core/ipv4/autoip.32
 .text          0x00000000c0012c38      0x5dd net/core/ipv4/icmp.32
                0x00000000c0012c38                icmp_input
                0x00000000c00131d0                icmp_dest_unreach
                0x00000000c00131f4                icmp_time_exceeded
 .text          0x00000000c0013215        0x0 net/core/ipv4/igmp.32
 .text          0x00000000c0013215        0x0 net/core/ipv4/inet.32
 *fill*         0x00000000c0013215        0x3 
 .text          0x00000000c0013218      0x582 net/core/ipv4/inet_chksum.32
                0x00000000c0013310                inet_chksum_pseudo
                0x00000000c00134a0                inet_chksum_pseudo_partial
                0x00000000c0013690                inet_chksum
                0x00000000c00136b8                inet_chksum_pbuf
 *fill*         0x00000000c001379a        0x2 
 .text          0x00000000c001379c      0x84c net/core/ipv4/ip.32
                0x00000000c001379c                ip_route
                0x00000000c0013830                ip_input
                0x00000000c0013c74                ip_output_if
                0x00000000c0013f44                ip_output
 .text          0x00000000c0013fe8      0x5ac net/core/ipv4/ip_addr.32
                0x00000000c0013fe8                ip4_addr_isbroadcast
                0x00000000c0014070                ip4_addr_netmask_valid
                0x00000000c00140d4                ipaddr_aton
                0x00000000c0014404                ipaddr_addr
                0x00000000c0014434                ipaddr_ntoa_r
                0x00000000c0014580                ipaddr_ntoa
 .text          0x00000000c0014594     0x1161 net/core/ipv4/ip_frag.32
                0x00000000c00147f8                ip_reass_tmr
                0x00000000c0014e88                ip_reass
                0x00000000c0015348                ip_frag
 .text          0x00000000c00156f5        0x0 net/core/snmp/asn1_dec.32
 .text          0x00000000c00156f5        0x0 net/core/snmp/asn1_enc.32
 .text          0x00000000c00156f5        0x0 net/core/snmp/mib2.32
 .text          0x00000000c00156f5        0x0 net/core/snmp/mib_structs.32
 .text          0x00000000c00156f5        0x0 net/core/snmp/msg_in.32
 .text          0x00000000c00156f5        0x0 net/core/snmp/msg_out.32
 .text          0x00000000c00156f5        0x0 net/netif/ppp/auth.32
 .text          0x00000000c00156f5        0x0 net/netif/ppp/chap.32
 .text          0x00000000c00156f5        0x0 net/netif/ppp/chpms.32
 .text          0x00000000c00156f5        0x0 net/netif/ppp/fsm.32
 .text          0x00000000c00156f5        0x0 net/netif/ppp/ipcp.32
 .text          0x00000000c00156f5        0x0 net/netif/ppp/lcp.32
 .text          0x00000000c00156f5        0x0 net/netif/ppp/magic.32
 .text          0x00000000c00156f5        0x0 net/netif/ppp/md5.32
 .text          0x00000000c00156f5        0x0 net/netif/ppp/pap.32
 .text          0x00000000c00156f5        0x0 net/netif/ppp/ppp.32
 .text          0x00000000c00156f5        0x0 net/netif/ppp/ppp_oe.32
 .text          0x00000000c00156f5        0x0 net/netif/ppp/randm.32
 .text          0x00000000c00156f5        0x0 net/netif/ppp/vj.32
 *fill*         0x00000000c00156f5        0x1 
 .text          0x00000000c00156f6      0x6af core/computer.32
                0x00000000c00156f6                Computer::close(int, int, void*)
                0x00000000c0015744                Krnl::firstTask()
                0x00000000c001586a                Computer::Computer()
                0x00000000c001586a                Computer::Computer()
                0x00000000c001591a                Computer::setBootMessage(char const*)
                0x00000000c001591c                Computer::detectFeatures()
                0x00000000c0015b42                Computer::displayFeatures()
                0x00000000c0015b44                Computer::rdmsr(unsigned int)
                0x00000000c0015b70                Computer::wrmsr(unsigned int, unsigned long long)
                0x00000000c0015bac                Computer::shutdown()
                0x00000000c0015bc4                Computer::restart()
                0x00000000c0015bdc                Computer::sleep()
                0x00000000c0015bf0                Computer::nmiEnabled()
                0x00000000c0015bfc                Computer::readCMOS(unsigned char)
                0x00000000c0015c1a                Computer::enableNMI(bool)
                0x00000000c0015c32                Computer::open(int, int, void*)
                0x00000000c0015d06                Computer::disableNMI()
                0x00000000c0015d16                Computer::writeCMOS(unsigned char, unsigned char)
                0x00000000c0015d3a                Computer::handleNMI()
 *fill*         0x00000000c0015da5        0x1 
 .text          0x00000000c0015da6      0x1db core/gdt.32
                0x00000000c0015da6                GDTEntry::setBase(unsigned int)
                0x00000000c0015dc2                GDTEntry::setLimit(unsigned int)
                0x00000000c0015de0                GDT::GDT()
                0x00000000c0015de0                GDT::GDT()
                0x00000000c0015df6                GDT::addEntry(GDTEntry)
                0x00000000c0015e18                GDT::getNumberOfEntries()
                0x00000000c0015e20                GDT::flush()
                0x00000000c0015e42                GDT::setup()
 .text          0x00000000c0015f81       0x1d core/idle.32
                0x00000000c0015f81                idleFunction(void*)
 *fill*         0x00000000c0015f9e        0x2 
 .text          0x00000000c0015fa0      0x46c core/idt.32
                0x00000000c0015fa0                IDTEntry::IDTEntry(bool)
                0x00000000c0015fa0                IDTEntry::IDTEntry(bool)
                0x00000000c001601a                IDTEntry::setOffset(unsigned int)
                0x00000000c0016030                IDT::IDT()
                0x00000000c0016030                IDT::IDT()
                0x00000000c0016032                IDT::getPointerToInvalidOpcodeEntryForF00F()
                0x00000000c001603a                IDT::addEntry(IDTEntry, int)
                0x00000000c0016054                IDT::addEntry(int, void (*)(), bool)
                0x00000000c001608c                IDT::flush()
                0x00000000c00160a6                IDT::setup()
 .text          0x00000000c001640c      0x205 core/kheap.32
                0x00000000c001640c                sbrk
                0x00000000c00164a3                sbrk_thunk
                0x00000000c00164d9                mmap
                0x00000000c0016537                munmap
                0x00000000c001654c                liballoc_lock()
                0x00000000c001655a                liballoc_unlock()
                0x00000000c0016570                liballoc_alloc(int)
                0x00000000c0016588                liballoc_free(void*, int)
                0x00000000c00165a3                realloc
                0x00000000c00165b7                malloc
                0x00000000c00165c7                free
                0x00000000c00165d7                rfree
                0x00000000c00165e7                calloc
 .text          0x00000000c0016611       0xc7 core/main.32
                0x00000000c0016611                KeEntryPoint
 .text          0x00000000c00166d8      0x644 core/physmgr.32
                0x00000000c00166d8                Phys::allocateDMA(unsigned long)
                0x00000000c00167c0                Phys::freeDMA(unsigned long, unsigned long)
                0x00000000c00167fb                Phys::setPageState(unsigned long, bool)
                0x00000000c001683b                Phys::getPageState(unsigned long)
                0x00000000c0016857                Phys::freePage(unsigned long)
                0x00000000c00168c0                Phys::allocatePage()
                0x00000000c001698f                Phys::allocateContiguousPages(int)
                0x00000000c00169f6                Phys::allowSegmentToBeUsed(unsigned long, unsigned long)
                0x00000000c0016a2e                Phys::physicalMemorySetup(unsigned int)
 .text          0x00000000c0016d1c      0x273 core/pipe.32
                0x00000000c0016d1c                Pipe::isAtty()
                0x00000000c0016d20                Pipe::~Pipe()
                0x00000000c0016d20                Pipe::~Pipe()
                0x00000000c0016d44                Pipe::~Pipe()
                0x00000000c0016d6c                Pipe::write(unsigned long long, void*, int*)
                0x00000000c0016e2c                Pipe::read(unsigned long long, void*, int*)
                0x00000000c0016f28                Pipe::Pipe(int)
                0x00000000c0016f28                Pipe::Pipe(int)
 *fill*         0x00000000c0016f8f        0x1 
 .text          0x00000000c0016f90      0xab3 core/terminal.32
                0x00000000c0016f90                VgaText::isAtty()
                0x00000000c0016f94                VgaText::~VgaText()
                0x00000000c0016f94                VgaText::~VgaText()
                0x00000000c0016fb8                VgaText::~VgaText()
                0x00000000c0016fe2                VgaText::read(unsigned long long, void*, int*)
                0x00000000c0017002                setTerminalScrollLock(bool)
                0x00000000c0017003                doTerminalCycle()
                0x00000000c0017004                addToTerminalCycle(VgaText*)
                0x00000000c0017005                scrollTerminalScrollLock(int)
                0x00000000c0017006                VgaText::updateTitle()
                0x00000000c0017008                VgaText::load()
                0x00000000c001700a                VgaText::updateCursor()
                0x00000000c0017020                VgaText::doANSI_SGR(int)
                0x00000000c0017094                VgaText::setDefaultBgColour(VgaColour)
                0x00000000c00170a4                VgaText::setDefaultFgColour(VgaColour)
                0x00000000c00170b4                VgaText::setDefaultColours(VgaColour, VgaColour)
                0x00000000c00170d4                VgaText::setTitleTextColour(VgaColour)
                0x00000000c00170e0                VgaText::setTitleColour(VgaColour)
                0x00000000c00170ec                VgaText::setTitle(char*)
                0x00000000c00170ee                VgaText::combineColours(unsigned char, unsigned char)
                0x00000000c0017100                VgaText::scrollScreen()
                0x00000000c0017192                VgaText::combineCharAndColour(char, unsigned char)
                0x00000000c00171a2                VgaText::writeCharacter(char, VgaColour, VgaColour, int, int)
                0x00000000c0017232                VgaText::getCursorX()
                0x00000000c001723a                VgaText::getCursorY()
                0x00000000c0017242                VgaText::setCursor(int, int)
                0x00000000c0017259                setActiveTerminal(VgaText*)
                0x00000000c00172a4                VgaText::clearScreen()
                0x00000000c00172f2                VgaText::setCursorX(int)
                0x00000000c001730a                VgaText::setCursorY(int)
                0x00000000c0017322                VgaText::incrementCursor(bool)
                0x00000000c0017376                VgaText::decrementCursor(bool)
                0x00000000c0017398                VgaText::putchar(char, VgaColour, VgaColour)
                0x00000000c0017468                VgaText::putchar(char)
                0x00000000c0017560                VgaText::putx(unsigned int)
                0x00000000c00175a6                VgaText::puts(char const*)
                0x00000000c00175cc                VgaText::write(unsigned long long, void*, int*)
                0x00000000c0017618                VgaText::puts(char const*, VgaColour, VgaColour)
                0x00000000c0017766                VgaText::VgaText(char const*)
                0x00000000c0017766                VgaText::VgaText(char const*)
                0x00000000c00178b6                VgaText::receiveKey(unsigned char)
                0x00000000c0017a42                VgaText::doUpdate()
 *fill*         0x00000000c0017a43        0x1 
 .text          0x00000000c0017a44      0x1a1 core/tss.32
                0x00000000c0017a44                TSS::TSS()
                0x00000000c0017a44                TSS::TSS()
                0x00000000c0017a54                TSS::setESP(unsigned long)
                0x00000000c0017a68                TSS::flush()
                0x00000000c0017a88                TSS::setup(unsigned long, unsigned long)
 *fill*         0x00000000c0017be5        0x1 
 .text          0x00000000c0017be6      0x4ca core/unixfile.32
                0x00000000c0017be6                ReservedFilename::read(unsigned long long, void*, int*)
                0x00000000c0017c3c                ReservedFilename::isAtty()
                0x00000000c0017c58                ReservedFilename::write(unsigned long long, void*, int*)
                0x00000000c0017cb6                UnixFile::getFileDescriptor()
                0x00000000c0017cbe                UnixFile::UnixFile(int)
                0x00000000c0017cbe                UnixFile::UnixFile(int)
                0x00000000c0017e72                ReservedFilename::ReservedFilename(int)
                0x00000000c0017e72                ReservedFilename::ReservedFilename(int)
                0x00000000c0017ea4                UnixFile::~UnixFile()
                0x00000000c0017ea4                UnixFile::~UnixFile()
                0x00000000c0017f40                UnixFile::~UnixFile()
                0x00000000c0017f68                ReservedFilename::~ReservedFilename()
                0x00000000c0017f68                ReservedFilename::~ReservedFilename()
                0x00000000c0017f8c                ReservedFilename::~ReservedFilename()
                0x00000000c0017fb3                KeGetFileFromDescriptor(int)
 .text          0x00000000c00180b0     0x1210 core/virtmgr.32
                0x00000000c00180b0                Virt::setPageState(unsigned long, Virt::VirtPageState)
                0x00000000c00180ea                Virt::getPageState(unsigned long)
                0x00000000c001810d                Virt::allocateKernelVirtualPages(int)
                0x00000000c0018232                Virt::freeSwapfilePage(unsigned long)
                0x00000000c0018255                Virt::swapIDToSector(unsigned long)
                0x00000000c001826b                Virt::allocateSwapfilePage()
                0x00000000c00182eb                Virt::virtualMemorySetup()
                0x00000000c001833c                Virt::setupPageSwapping(int)
                0x00000000c00183ae                VAS::setCPUSpecific(unsigned long)
                0x00000000c00183b0                VAS::VAS(VAS*)
                0x00000000c00183b0                VAS::VAS(VAS*)
                0x00000000c00183c8                VAS::getForeignPageTableEntry(bool, unsigned long)
                0x00000000c00183f6                VAS::getPageTableEntry(unsigned long)
                0x00000000c0018415                Virt::freeKernelVirtualPages(unsigned long)
                0x00000000c0018552                VAS::freeAllocatedPages(unsigned long)
                0x00000000c0018576                VAS::virtualToPhysical(unsigned long)
                0x00000000c0018590                VAS::reflagRange(unsigned long, int, unsigned long, unsigned long)
                0x00000000c00185d2                VAS::VAS()
                0x00000000c00185d2                VAS::VAS()
                0x00000000c001863c                VAS::setToWriteCombining(unsigned long, int)
                0x00000000c0018670                VAS::mapOtherVASIn(bool, VAS*)
                0x00000000c001869c                VAS::~VAS()
                0x00000000c001869c                VAS::~VAS()
                0x00000000c001880a                VAS::mapPage(unsigned long, unsigned long, int)
                0x00000000c001890e                VAS::allocatePages(int, int)
                0x00000000c0018a04                VAS::mapRange(unsigned long, unsigned long, int, int)
                0x00000000c0018a5c                VAS::mapForeignPage(bool, VAS*, unsigned long, unsigned long, int)
                0x00000000c0018b52                VAS::VAS(bool)
                0x00000000c0018b52                VAS::VAS(bool)
                0x00000000c0018d9c                VAS::evict(unsigned long)
                0x00000000c0018e7a                VAS::tryLoadBackOffDisk(unsigned long)
                0x00000000c0019022                VAS::allocateSharedMemoryWithKernel(unsigned long, unsigned long*)
                0x00000000c0019096                VAS::freeSharedMemoryWithKernel(unsigned long, unsigned long)
                0x00000000c00190c2                VAS::scanForEviction()
                0x00000000c00191c5                mapVASFirstTime
 .text          0x00000000c00192c0       0x5f coreobjs/c++.32
                0x00000000c00192c0                __cxa_atexit
                0x00000000c00192c3                __cxa_finalize
                0x00000000c00192c4                __stack_chk_fail
                0x00000000c00192fa                __cxa_pure_virtual
                0x00000000c001930b                operator new[](unsigned long)
                0x00000000c0019310                operator delete(void*, unsigned long)
                0x00000000c0019315                operator delete[](void*)
                0x00000000c001931a                operator delete[](void*, unsigned long)
 .text          0x00000000c001931f      0x254 dbg/kconsole.32
                0x00000000c001931f                Dbg::stringifyxWithBase(unsigned int, char*, int)
                0x00000000c00193bf                Dbg::logc(char)
                0x00000000c00193df                Dbg::logs(char*)
                0x00000000c00193fe                Dbg::logWriteInt(unsigned int)
                0x00000000c001941c                Dbg::logWriteIntBase(unsigned int, int)
                0x00000000c001943d                Dbg::kprintf(char const*, ...)
 *fill*         0x00000000c0019573        0x1 
 .text          0x00000000c0019574      0x2d4 dbg/usban.32
                0x00000000c0019574                KiUbsanPrintDetails(char const*, void*)
                0x00000000c00195e0                __ubsan_handle_type_mismatch_v1
                0x00000000c00196bc                __ubsan_handle_pointer_overflow
                0x00000000c00196e8                __ubsan_handle_out_of_bounds
                0x00000000c0019714                __ubsan_handle_add_overflow
                0x00000000c0019740                __ubsan_handle_load_invalid_value
                0x00000000c001976c                __ubsan_handle_divrem_overflow
                0x00000000c0019798                __ubsan_handle_mul_overflow
                0x00000000c00197c4                __ubsan_handle_sub_overflow
                0x00000000c00197f0                __ubsan_handle_shift_out_of_bounds
                0x00000000c001981c                __ubsan_handle_negate_overflow
 .text          0x00000000c0019848      0x814 fs/symlink.32
                0x00000000c0019997                KiDeinitialiseSymlinks(void*)
                0x00000000c0019a2a                KeRegisterSymlink(char const*, unsigned long long)
                0x00000000c0019aad                KeInitialiseSymlinks()
                0x00000000c0019c0f                KiIsSymlinkRegistered(char const*)
                0x00000000c0019d79                KeDereferenceSymlink(char const*, char*)
                0x00000000c0019f20                KeCreateSymlink(char const*, char const*)
 .text          0x00000000c001a05c      0xd68 fs/vfs.32
                0x00000000c001a05c                File::read(unsigned long long, void*, int*)
                0x00000000c001a0b4                File::write(unsigned long long, void*, int*)
                0x00000000c001a10c                Directory::read(unsigned long long, void*, int*)
                0x00000000c001a164                Directory::write(unsigned long long, void*, int*)
                0x00000000c001a192                File::isAtty()
                0x00000000c001a196                Directory::isAtty()
                0x00000000c001a19a                Filesystem::getlabel(LogicalDisk*, int, char*, unsigned int*)
                0x00000000c001a1a0                Filesystem::setlabel(LogicalDisk*, int, char*)
                0x00000000c001a1a6                Filesystem::allocateSwapfile(char const*, int)
                0x00000000c001a1ac                File::~File()
                0x00000000c001a1ac                File::~File()
                0x00000000c001a1d0                File::~File()
                0x00000000c001a1fa                Directory::~Directory()
                0x00000000c001a1fa                Directory::~Directory()
                0x00000000c001a21e                Directory::~Directory()
                0x00000000c001a248                Filesystem::Filesystem()
                0x00000000c001a248                Filesystem::Filesystem()
                0x00000000c001a26c                Filesystem::~Filesystem()
                0x00000000c001a26c                Filesystem::~Filesystem()
                0x00000000c001a27a                Filesystem::~Filesystem()
                0x00000000c001a29e                Fs::getcwd(Process*, char*, int)
                0x00000000c001a2c8                Fs::initVFS()
                0x00000000c001a2f2                Fs::standardiseFiles(char*, char const*, char const*, bool)
                0x00000000c001a50c                File::File(char const*, Process*, bool)
                0x00000000c001a50c                File::File(char const*, Process*, bool)
                0x00000000c001a5ea                File::File(char const*, Process*)
                0x00000000c001a5ea                File::File(char const*, Process*)
                0x00000000c001a608                File::open(FileOpenMode)
                0x00000000c001a666                File::close()
                0x00000000c001a6c6                File::seek(unsigned long long)
                0x00000000c001a71c                File::truncate(unsigned long long)
                0x00000000c001a772                File::tell(unsigned long long*)
                0x00000000c001a7c2                File::rewind()
                0x00000000c001a7d6                File::unlink()
                0x00000000c001a822                File::rename(char const*)
                0x00000000c001a870                File::chfatattr(unsigned char, unsigned char)
                0x00000000c001a8cc                File::exists()
                0x00000000c001a90a                File::stat(unsigned long long*, bool*)
                0x00000000c001a96b                Fs::setcwd(Process*, char*)
                0x00000000c001aaca                Directory::Directory(char const*, Process*)
                0x00000000c001aaca                Directory::Directory(char const*, Process*)
                0x00000000c001ab92                Directory::open()
                0x00000000c001abee                Directory::close()
                0x00000000c001ac4e                Directory::unlink()
                0x00000000c001ac9a                Directory::rename(char const*)
                0x00000000c001ace8                Directory::exists()
                0x00000000c001ad26                Directory::read(dirent*)
                0x00000000c001ad72                Directory::create()
                0x00000000c001adbe                Filesystem::chfatattr(char const*, unsigned char, unsigned char)
 .text          0x00000000c001adc4       0x86 hal/bus.32
                0x00000000c001adc4                Bus::Bus(char const*)
                0x00000000c001adc4                Bus::Bus(char const*)
                0x00000000c001adfc                Bus::~Bus()
                0x00000000c001adfc                Bus::~Bus()
                0x00000000c001ae20                Bus::~Bus()
 .text          0x00000000c001ae4a       0x96 hal/buzzer.32
                0x00000000c001ae4a                beepThread(void*)
                0x00000000c001ae87                Krnl::beep(int, int, bool)
 .text          0x00000000c001aee0      0x513 hal/clock.32
                0x00000000c001aee0                User::loadClockSettings()
                0x00000000c001afe6                Clock::Clock(char const*)
                0x00000000c001afe6                Clock::Clock(char const*)
                0x00000000c001b01c                Clock::~Clock()
                0x00000000c001b01c                Clock::~Clock()
                0x00000000c001b040                Clock::~Clock()
                0x00000000c001b06a                Clock::timeInSecondsLocal()
                0x00000000c001b0b2                Clock::setTimeInSecondsLocal(unsigned long long)
                0x00000000c001b10b                datetimeToSeconds(datetime_t)
                0x00000000c001b22a                Clock::setTimeInDatetimeLocal(datetime_t)
                0x00000000c001b28a                secondsToDatetime(unsigned long long)
                0x00000000c001b3ce                Clock::timeInDatetimeLocal()
 *fill*         0x00000000c001b3f3        0x1 
 .text          0x00000000c001b3f4      0x47a hal/device.32
                0x00000000c001b3f4                Device::hibernate()
                0x00000000c001b3f6                Device::wake()
                0x00000000c001b3f8                Device::detect()
                0x00000000c001b3fa                Device::disableLegacy()
                0x00000000c001b3fc                Device::powerSaving(PowerSavingLevel)
                0x00000000c001b3fe                DriverlessDevice::close(int, int, void*)
                0x00000000c001b402                DriverlessDevice::detect()
                0x00000000c001b404                DriverlessDevice::open(int, int, void*)
                0x00000000c001b418                Device::~Device()
                0x00000000c001b418                Device::~Device()
                0x00000000c001b426                Device::~Device()
                0x00000000c001b44e                Device::findAndLoadDriver()
                0x00000000c001b45c                Device::preOpenPCI(PCIDeviceInfo)
                0x00000000c001b482                Device::preOpenACPI(void*, char*, char*)
                0x00000000c001b4c2                Device::addIRQHandler(int, void (*)(regs*, void*), bool, void*)
                0x00000000c001b4ec                Device::getParent()
                0x00000000c001b4f8                Device::removeIRQHandler(int, void (*)(regs*, void*), bool)
                0x00000000c001b516                Device::addChild(Device*)
                0x00000000c001b55a                Device::removeAllChildren()
                0x00000000c001b5a0                Device::hibernateAll()
                0x00000000c001b5d0                Device::wakeAll()
                0x00000000c001b600                Device::detectAll()
                0x00000000c001b630                Device::disableLegacyAll()
                0x00000000c001b632                Device::loadDriversForAll()
                0x00000000c001b634                Device::powerSavingAll(PowerSavingLevel)
                0x00000000c001b66a                Device::setName(char const*)
                0x00000000c001b678                Device::Device(char const*)
                0x00000000c001b678                Device::Device(char const*)
                0x00000000c001b774                Device::getName()
                0x00000000c001b77e                Device::closeAll()
                0x00000000c001b7ca                DriverlessDevice::DriverlessDevice(char const*)
                0x00000000c001b7ca                DriverlessDevice::DriverlessDevice(char const*)
                0x00000000c001b800                Device::addToLinkedList(LinkedList<Device>&, DeviceType)
                0x00000000c001b844                getDevicesOfType(DeviceType)
 *fill*         0x00000000c001b86e        0x2 
 .text          0x00000000c001b870       0x86 hal/diskctrl.32
                0x00000000c001b870                HardDiskController::HardDiskController(char const*)
                0x00000000c001b870                HardDiskController::HardDiskController(char const*)
                0x00000000c001b8a8                HardDiskController::~HardDiskController()
                0x00000000c001b8a8                HardDiskController::~HardDiskController()
                0x00000000c001b8cc                HardDiskController::~HardDiskController()
 .text          0x00000000c001b8f6       0xe2 hal/diskphys.32
                0x00000000c001b8f6                PhysicalDisk::eject()
                0x00000000c001b8fa                PhysicalDisk::PhysicalDisk(char const*, int)
                0x00000000c001b8fa                PhysicalDisk::PhysicalDisk(char const*, int)
                0x00000000c001b962                PhysicalDisk::startCache()
                0x00000000c001b98a                PhysicalDisk::~PhysicalDisk()
                0x00000000c001b98a                PhysicalDisk::~PhysicalDisk()
                0x00000000c001b9ae                PhysicalDisk::~PhysicalDisk()
 .text          0x00000000c001b9d8        0x0 hal/fpu.32
 .text          0x00000000c001b9d8      0x359 hal/intctrl.32
                0x00000000c001b9d8                int_handler
                0x00000000c001ba62                installISRHandler(int, void (*)(regs*, void*), void*)
                0x00000000c001baac                installIRQHandler(int, void (*)(regs*, void*), bool, void*)
                0x00000000c001bbe0                uninstallISRHandler(int, void (*)(regs*, void*))
                0x00000000c001bc14                uninstallIRQHandler(int, void (*)(regs*, void*), bool)
                0x00000000c001bc92                setupINTS()
                0x00000000c001bcef                convertLegacyIRQNumber(int)
 *fill*         0x00000000c001bd31        0x1 
 .text          0x00000000c001bd32      0x888 hal/keybrd.32
                0x00000000c001bd32                startGUI(void*)
                0x00000000c001bd9c                startGUIVESA(void*)
                0x00000000c001be06                sendKeyToTerminal(unsigned char)
                0x00000000c001bee1                sendKeyboardToken(KeyboardToken)
                0x00000000c001c39d                clearInternalKeybuffer(VgaText*)
                0x00000000c001c3d2                readKeyboard(VgaText*, char*, unsigned long)
                0x00000000c001c530                Keyboard::Keyboard(char const*)
                0x00000000c001c530                Keyboard::Keyboard(char const*)
                0x00000000c001c56c                Keyboard::~Keyboard()
                0x00000000c001c56c                Keyboard::~Keyboard()
                0x00000000c001c590                Keyboard::~Keyboard()
 .text          0x00000000c001c5ba      0x3f8 hal/logidisk.32
                0x00000000c001c5ba                LogicalDisk::close(int, int, void*)
                0x00000000c001c5be                LogicalDisk::~LogicalDisk()
                0x00000000c001c5be                LogicalDisk::~LogicalDisk()
                0x00000000c001c5e2                LogicalDisk::~LogicalDisk()
                0x00000000c001c60c                LogicalDisk::open(int, int, void*)
                0x00000000c001c620                LogicalDisk::absoluteToRelative(unsigned long long)
                0x00000000c001c658                LogicalDisk::relativeToAbsolute(unsigned long long)
                0x00000000c001c69e                LogicalDisk::LogicalDisk(char const*, PhysicalDisk*, unsigned long long, unsigned long long)
                0x00000000c001c69e                LogicalDisk::LogicalDisk(char const*, PhysicalDisk*, unsigned long long, unsigned long long)
                0x00000000c001c75e                LogicalDisk::assignDriveLetter()
                0x00000000c001c818                LogicalDisk::mount()
                0x00000000c001c860                LogicalDisk::unmount()
                0x00000000c001c870                LogicalDisk::eject()
                0x00000000c001c884                LogicalDisk::unassignDriveLetter()
                0x00000000c001c8da                LogicalDisk::read(unsigned long long, int, void*)
                0x00000000c001c946                LogicalDisk::write(unsigned long long, int, void*)
 *fill*         0x00000000c001c9b2        0x2 
 .text          0x00000000c001c9b4       0x86 hal/mouse.32
                0x00000000c001c9b4                Mouse::Mouse(char const*)
                0x00000000c001c9b4                Mouse::Mouse(char const*)
                0x00000000c001c9ec                Mouse::~Mouse()
                0x00000000c001c9ec                Mouse::~Mouse()
                0x00000000c001ca10                Mouse::~Mouse()
 .text          0x00000000c001ca3a       0x90 hal/nic.32
                0x00000000c001ca3a                NIC::getMAC()
                0x00000000c001ca40                NIC::write(int, unsigned char*, int*)
                0x00000000c001ca46                NIC::NIC(char const*)
                0x00000000c001ca46                NIC::NIC(char const*)
                0x00000000c001ca7c                NIC::~NIC()
                0x00000000c001ca7c                NIC::~NIC()
                0x00000000c001caa0                NIC::~NIC()
 .text          0x00000000c001caca      0x33b hal/partition.32
                0x00000000c001caca                makePartition(PhysicalDisk*, unsigned long long, unsigned long long)
                0x00000000c001cb72                createPartitionsForDisk(PhysicalDisk*)
 *fill*         0x00000000c001ce05        0x3 
 .text          0x00000000c001ce08       0x86 hal/serial.32
                0x00000000c001ce08                Serial::Serial(char const*)
                0x00000000c001ce08                Serial::Serial(char const*)
                0x00000000c001ce40                Serial::~Serial()
                0x00000000c001ce40                Serial::~Serial()
                0x00000000c001ce64                Serial::~Serial()
 *fill*         0x00000000c001ce8e        0x2 
 .text          0x00000000c001ce90      0x230 hal/timer.32
                0x00000000c001ce90                Timer::Timer(char const*)
                0x00000000c001ce90                Timer::Timer(char const*)
                0x00000000c001cec8                Timer::~Timer()
                0x00000000c001cec8                Timer::~Timer()
                0x00000000c001ceec                Timer::~Timer()
                0x00000000c001cf16                Timer::read()
                0x00000000c001cf21                setupTimer(int)
                0x00000000c001cf5c                timerHandler(unsigned int)
 .text          0x00000000c001d0c0      0x444 hal/vcache.32
                0x00000000c001d0c0                VCache::VCache(PhysicalDisk*)
                0x00000000c001d0c0                VCache::VCache(PhysicalDisk*)
                0x00000000c001d230                VCache::invalidateReadBuffer()
                0x00000000c001d240                VCache::writeWriteBuffer()
                0x00000000c001d28c                VCache::~VCache()
                0x00000000c001d28c                VCache::~VCache()
                0x00000000c001d2e4                VCache::~VCache()
                0x00000000c001d30c                VCache::write(unsigned long long, int, void*)
                0x00000000c001d400                VCache::read(unsigned long long, int, void*)
 .text          0x00000000c001d504      0x70e hal/video.32
                0x00000000c001d504                Video::putrect(int, int, int, int, unsigned int)
                0x00000000c001d550                Video::bitblit(int, int, int, int, int, int, int, unsigned int*)
                0x00000000c001d5c0                Video::blit(unsigned int*, int, int, int, int)
                0x00000000c001d63e                Video::clearScreen(unsigned int)
                0x00000000c001d672                Video::putpixel(int, int, unsigned int)
                0x00000000c001d680                Video::readPixelApprox(int, int)
                0x00000000c001d694                Video::Video(char const*)
                0x00000000c001d694                Video::Video(char const*)
                0x00000000c001d6ca                Video::~Video()
                0x00000000c001d6ca                Video::~Video()
                0x00000000c001d6ee                Video::~Video()
                0x00000000c001d718                Video::isMonochrome()
                0x00000000c001d724                Video::getWidth()
                0x00000000c001d730                Video::getHeight()
                0x00000000c001d73c                Video::drawCursor(int, int, unsigned int*, int)
                0x00000000c001d7f8                Video::tgaParse(unsigned char*, int, int*, int*)
                0x00000000c001dba2                Video::putTGA(int, int, unsigned char*, int)
 *fill*         0x00000000c001dc12        0x2 
 .text          0x00000000c001dc14     0x1413 hw/acpi.32
                0x00000000c001dc14                ACPI::close(int, int, void*)
                0x00000000c001dd50                findRSDP()
                0x00000000c001dde8                loadACPITables(unsigned char*)
                0x00000000c001e054                findRSDT(unsigned char*)
                0x00000000c001e1ac                findDataTable(unsigned char*, char*)
                0x00000000c001e22c                scanMADT()
                0x00000000c001e6e4                ACPI::ACPI()
                0x00000000c001e6e4                ACPI::ACPI()
                0x00000000c001e738                ACPI::getPCIIRQAssignment(unsigned char, unsigned short, unsigned char)
                0x00000000c001e834                ACPI::registerPCIIRQAssignment(void*, unsigned short, unsigned char, unsigned char)
                0x00000000c001e900                ACPI::setScreenBrightnessLevel(void*, int)
                0x00000000c001e908                ACPI::detectPCI()
                0x00000000c001eb28                ACPI::writeSimpleBootFlag(SimpleBootFlagTable*)
                0x00000000c001eb70                ACPI::sleep()
                0x00000000c001eb8c                ACPI::open(int, int, void*)
 *fill*         0x00000000c001f027        0x1 
 .text          0x00000000c001f028      0xbc5 hw/cpu.32
                0x00000000c001f028                CPU::close(int, int, void*)
                0x00000000c001f02c                CPU::AMD_K6_write_msr(unsigned int, unsigned int, unsigned int, CPU::REGS*)
                0x00000000c001f048                CPU::AMD_K6_read_msr(unsigned int, CPU::REGS*)
                0x00000000c001f060                CPU::AMD_K6_writeback(int, int, int)
                0x00000000c001f0d4                CPU::cpuid(int, unsigned long*, unsigned long*, unsigned long*, unsigned long*)
                0x00000000c001f158                CPU::cpuidCheckEDX(unsigned int)
                0x00000000c001f186                CPU::cpuidCheckECX(unsigned int)
                0x00000000c001f1b4                CPU::cpuidCheckExtendedEBX(unsigned int)
                0x00000000c001f1e2                CPU::cpuidCheckExtendedECX(unsigned int)
                0x00000000c001f210                CPU::CPU()
                0x00000000c001f210                CPU::CPU()
                0x00000000c001f29e                CPU::displayFeatures()
                0x00000000c001f2a0                CPU::detectFeatures()
                0x00000000c001f974                CPU::setupSMEP()
                0x00000000c001f980                CPU::setupUMIP()
                0x00000000c001f98a                CPU::setupTSC()
                0x00000000c001f994                CPU::setupLargePages()
                0x00000000c001f99e                CPU::setupPAT()
                0x00000000c001f9da                CPU::setupMTRR()
                0x00000000c001f9dc                CPU::setupGlobalPages()
                0x00000000c001f9e6                CPU::allowUsermodeDataAccess()
                0x00000000c001f9f8                CPU::prohibitUsermodeDataAccess()
                0x00000000c001fa0a                CPU::setupSMAP()
                0x00000000c001fa18                CPU::setupFeatures()
                0x00000000c001fae4                CPU::open(int, int, void*)
 .text          0x00000000c001fbed       0xb6 krnl/atexit.32
                0x00000000c001fbed                KeInitialiseAtexit()
                0x00000000c001fc0c                KeRegisterAtexit(void (*)(void*), void*)
                0x00000000c001fc40                KeExecuteAtexit()
 .text          0x00000000c001fca3       0x92 krnl/bootmsg.32
                0x00000000c001fca3                KeDisplaySplashScreen()
                0x00000000c001fcd2                KeSetBootMessage(char const*)
 *fill*         0x00000000c001fd35        0x3 
 .text          0x00000000c001fd38       0x48 krnl/cdefs.32
                0x00000000c001fd38                CUnlockScheduler
                0x00000000c001fd54                CLockScheduler
                0x00000000c001fd64                CPrintf
 .text          0x00000000c001fd80       0x1d krnl/compat.32
                0x00000000c001fd80                Krnl::handlePowerButton()
                0x00000000c001fd90                Krnl::handleSleepButton()
 .text          0x00000000c001fd9d       0x2b krnl/crc32.32
                0x00000000c001fd9d                KeCalculateCRC32(unsigned char*, int)
 .text          0x00000000c001fdc8      0x5bf krnl/env.32
                0x00000000c001fdc8                EnvVarContainer::getEnv(char const*)
                0x00000000c001fe06                EnvVarContainer::setEnv(char const*, char const*)
                0x00000000c001fec8                EnvVarContainer::deleteEnv(char const*)
                0x00000000c001feca                EnvVarContainer::loadFrom(char const*, char const*)
                0x00000000c00200ee                EnvVarContainer::__loadSystem()
                0x00000000c0020108                EnvVarContainer::__loadUser()
                0x00000000c002010a                EnvVarContainer::EnvVarContainer(Process*)
                0x00000000c002010a                EnvVarContainer::EnvVarContainer(Process*)
                0x00000000c002012c                EnvVarContainer::~EnvVarContainer()
                0x00000000c002012c                EnvVarContainer::~EnvVarContainer()
                0x00000000c002015c                KeGetEnv(Process*, char const*)
                0x00000000c00201c1                KeSetEnvSystem(char const*, char const*)
                0x00000000c00201db                KeSetEnvUser(char const*, char const*)
                0x00000000c00201fa                KeSetEnvProcess(Process*, char const*, char const*)
                0x00000000c002020d                KeDeleteEnvSystem(char const*)
                0x00000000c002020e                KeDeleteEnvUser(char const*)
                0x00000000c002020f                KeDeleteEnvProcess(Process*, char const*)
                0x00000000c0020210                KeNewProcessEnv(Process*)
                0x00000000c0020232                KeCopyProcessEnv(Process*, Process*)
                0x00000000c002027e                KeLoadSystemEnv()
                0x00000000c00202ac                KeLoadUserEnv()
                0x00000000c00202d2                KeFlushEnv()
                0x00000000c00202d3                KeGetProcessTotalEnvCount(Process*)
                0x00000000c00202f3                KeGetProcessEnvPair(Process*, int)
 .text          0x00000000c0020387       0x94 krnl/inlines.32
                0x00000000c0020387                CPU::current()
                0x00000000c0020393                operator new(unsigned long)
                0x00000000c0020398                operator delete(void*)
                0x00000000c002039d                disableIRQs()
                0x00000000c002039f                enableIRQs()
                0x00000000c00203a1                lockScheduler()
                0x00000000c00203a9                unlockScheduler()
                0x00000000c00203b8                lockStuff()
                0x00000000c00203c6                unlockStuff()
                0x00000000c0020400                Virt::getAKernelVAS()
                0x00000000c0020406                __not_memcpy
 *fill*         0x00000000c002041b        0x1 
 .text          0x00000000c002041c      0x1e3 krnl/mailbox.32
                0x00000000c002041c                KeMailboxTryPost(Mailbox*, void*)
                0x00000000c0020480                KeMailboxTryGet(Mailbox*, void**)
                0x00000000c00204e4                KeMailboxCreate()
                0x00000000c0020518                KeMailboxPost(Mailbox*, void*)
                0x00000000c0020580                KeMailboxGet(Mailbox*, void**)
                0x00000000c00205e8                KeMailboxDestroy(Mailbox*)
 *fill*         0x00000000c00205ff        0x1 
 .text          0x00000000c0020600       0x1a krnl/mutex.32
                0x00000000c0020600                Mutex::Mutex()
                0x00000000c0020600                Mutex::Mutex()
 .text          0x00000000c002061a        0xc krnl/panic.32
                0x00000000c002061a                KePanic(char const*)
 .text          0x00000000c0020626      0x142 krnl/powctrl.32
                0x00000000c0020626                KePowerThread(void*)
                0x00000000c0020654                KeChangePowerSettings(PowerSettings)
                0x00000000c002066a                KeUserIOReceived()
                0x00000000c0020675                KeHandlePowerButton()
                0x00000000c00206aa                KeHandleSleepButton()
                0x00000000c00206df                KeSetupPowerManager()
 .text          0x00000000c0020768       0x9d krnl/random.32
                0x00000000c0020768                KeRand()
                0x00000000c00207aa                KeSeedRand(unsigned int)
                0x00000000c00207d3                KeInitRand()
 *fill*         0x00000000c0020805        0x3 
 .text          0x00000000c0020808      0x1bc krnl/resolve.32
                0x00000000c0020808                KeResolveCompatibilitySymbol(char*)
 .text          0x00000000c00209c4      0x415 krnl/semaphore.32
                0x00000000c00209c4                Semaphore::Semaphore(int)
                0x00000000c00209c4                Semaphore::Semaphore(int)
                0x00000000c00209f4                Semaphore::tryAcquire()
                0x00000000c0020ad0                Semaphore::assertLocked(char const*)
                0x00000000c0020b60                Semaphore::acquire(int)
                0x00000000c0020d08                Semaphore::acquire()
                0x00000000c0020d24                Semaphore::release()
 .text          0x00000000c0020dd9      0x322 krnl/signal.32
                0x00000000c0020dd9                KiSigKill(int)
                0x00000000c0020ded                KiDefaultSignalHandlerIgnore(int)
                0x00000000c0020dee                KiDefaultSignalHandlerPause(int)
                0x00000000c0020e1a                KiDefaultSignalHandlerResume(int)
                0x00000000c0020e46                KeDeinitSignals(SigHandlerBlock*)
                0x00000000c0020e4b                KeInitSignals()
                0x00000000c0020e9d                KeRegisterSignalHandler(SigHandlerBlock*, int, void (*)(int), unsigned int, int)
                0x00000000c0020ed3                KeRaiseSignal(SigHandlerBlock*, int)
                0x00000000c0020f50                KeCheckSignal(SigHandlerBlock*, int*)
                0x00000000c0021047                KiCheckSignalZ
                0x00000000c0021089                KeCompleteSignal(SigHandlerBlock*, int)
                0x00000000c00210c4                KiFinishSignalZ
 .text          0x00000000c00210fb      0xe10 krnl/syscalls.32
                0x00000000c00210fb                SysSeekDir(regs*)
                0x00000000c0021100                SysTellDir(regs*)
                0x00000000c0021105                SysVerify(regs*)
                0x00000000c002110f                SysGetArgc(regs*)
                0x00000000c0021123                SysTTYName(regs*)
                0x00000000c002112b                SysFormatDisk(regs*)
                0x00000000c00211a2                SysSetDiskVolumeLabel(regs*)
                0x00000000c00211f6                SysGetDiskVolumeLabel(regs*)
                0x00000000c002124f                SysShutdown(regs*)
                0x00000000c00212ad                SysRealpath(regs*)
                0x00000000c00212f1                SysReadDir(regs*)
                0x00000000c0021371                SysIsATTY(regs*)
                0x00000000c00213cb                SysSeek(regs*)
                0x00000000c0021422                SysTell(regs*)
                0x00000000c002148f                SysSize(regs*)
                0x00000000c0021502                SysSizeFromFilename(regs*)
                0x00000000c0021633                SysSizeFromFilenameNoSymlink(regs*)
                0x00000000c0021764                SysClose(regs*)
                0x00000000c00217c4                SysOpenDir(regs*)
                0x00000000c0021841                SysMakeDir(regs*)
                0x00000000c00218af                SysCloseDir(regs*)
                0x00000000c0021903                SysWait(regs*)
                0x00000000c0021924                SysNotImpl(regs*)
                0x00000000c002193f                SysPanic(regs*)
                0x00000000c002195a                SysRmdir(regs*)
                0x00000000c00219bf                SysUnlink(regs*)
                0x00000000c0021a24                SysGetArgv(regs*)
                0x00000000c0021a71                SysUSleep(regs*)
                0x00000000c0021a9a                SysSpawn(regs*)
                0x00000000c0021b0d                SysGetEnv(regs*)
                0x00000000c0021bbe                SysSetFatAttrib(regs*)
                0x00000000c0021c31                SysPipe(regs*)
                0x00000000c0021c76                SysGetUnixTime(regs*)
                0x00000000c0021c8a                string_ends_with(char const*, char const*)
                0x00000000c0021cd2                SysOpen(regs*)
                0x00000000c0021ec9                KeSystemCall(regs*, void*)
 *fill*         0x00000000c0021f0b        0x1 
 .text          0x00000000c0021f0c      0x159 net/ethernet.32
                0x00000000c0021f0c                KeSwitchEndian16(unsigned short)
                0x00000000c0021f30                KeSwitchEndian32(unsigned int)
                0x00000000c0021f60                EthernetCRC32(unsigned char*, int)
                0x00000000c0022004                EthernetReceivedPacket(EthernetUnwrappedFrame*, unsigned short)
 *fill*         0x00000000c0022065        0x3 
 .text          0x00000000c0022068       0xf4 net/netosl.32
                0x00000000c0022068                KeNetCreateSemaphore
                0x00000000c00220ac                KeNetFreeSemaphore
                0x00000000c00220c8                KeNetSignalSemaphore
                0x00000000c00220e4                KeNetWaitSemaphore
                0x00000000c0022104                KeNetCreateThread
                0x00000000c0022128                KeCPanic
                0x00000000c0022140                KeCPuts
 .text          0x00000000c002215c      0xd56 reg/cm.32
                0x00000000c002215c                CmOpen(char const*)
                0x00000000c002227a                CmClose(Reghive_Tag*)
                0x00000000c0022290                CmReadExtent(Reghive_Tag*, int, unsigned char*)
                0x00000000c00222cc                CmGetString(Reghive_Tag*, int, char*)
                0x00000000c0022343                CmEnterDirectory(Reghive_Tag*, int)
                0x00000000c0022382                CmGetNext(Reghive_Tag*, int)
                0x00000000c00223b4                CmWriteExtent(Reghive_Tag*, int, unsigned char*)
                0x00000000c00223f0                CmFreeExtent(Reghive_Tag*, int)
                0x00000000c0022418                CmUpdateHeader(Reghive_Tag*)
                0x00000000c0022439                CmExpand(Reghive_Tag*, int)
                0x00000000c00224b4                CmFindUnusedExtent(Reghive_Tag*)
                0x00000000c002253a                CmCreateExtent(Reghive_Tag*, int, int, unsigned char*)
                0x00000000c002262e                CmSetString(Reghive_Tag*, int, char const*)
                0x00000000c002276a                CmGetMatch(char*, char*, bool, bool*)
                0x00000000c00227cb                CmAddShift(unsigned int*, int*, unsigned char, int)
                0x00000000c00227fb                CmGetShift(unsigned int*, int*, int, bool*)
                0x00000000c0022832                CmGetInteger(Reghive_Tag*, int, unsigned long long*)
                0x00000000c002285c                CmSetInteger(Reghive_Tag*, int, unsigned long long)
                0x00000000c002289c                CmConvertFromInternalFilename(unsigned char const*, char*)
                0x00000000c0022940                CmGetNameAndTypeFromExtent(Reghive_Tag*, int, char*)
                0x00000000c002296e                CmConvertToInternalFilename(char const*, unsigned char*)
                0x00000000c0022b0c                CmCreateString(Reghive_Tag*, int, char const*)
                0x00000000c0022b59                CmFindInDirectory(Reghive_Tag*, int, char const*)
                0x00000000c0022bd3                CmCreateInteger(Reghive_Tag*, int, char const*, unsigned long long, int)
                0x00000000c0022c26                CmCreateDirectory(Reghive_Tag*, int, char const*)
                0x00000000c0022cea                zStrtok(char*, char const*)
                0x00000000c0022d5c                CmFindObjectFromPath(Reghive_Tag*, char const*)
                0x00000000c0022ddd                CmDisplayTree(Reghive_Tag*, int, int)
                0x00000000c0022e80                CmSplitFinalSlashInPlace(char*)
 .text          0x00000000c0022eb2      0x52a reg/registry.32
                0x00000000c0022eb2                Reg::findLineFromLoadedData(char*, char*, char*)
                0x00000000c0023023                Reg::getLineFromRegistry(char*, char*, char*, char*)
                0x00000000c0023178                Reg::getLine(char*, char*, char*)
                0x00000000c00231af                Reg::readInt(char*, char*, int*)
                0x00000000c002329d                Reg::readString(char*, char*, char*, int)
                0x00000000c002331e                Reg::readBool(char*, char*, bool*)
                0x00000000c0023343                Reg::readBoolWithDefault(char*, char*, bool)
                0x00000000c002336f                Reg::readIntWithDefault(char*, char*, int)
                0x00000000c002339b                Reg::readStringWithDefault(char*, char*, char*, int, char*)
 .text          0x00000000c00233dc       0x36 sys/eject.32
                0x00000000c00233dc                SysEject(regs*)
 .text          0x00000000c0023412       0x18 sys/exit.32
                0x00000000c0023412                SysExit(regs*)
 .text          0x00000000c002342a       0x1f sys/getcwd.32
                0x00000000c002342a                SysGetCwd(regs*)
 .text          0x00000000c0023449        0xc sys/getpid.32
                0x00000000c0023449                SysGetPID(regs*)
 .text          0x00000000c0023455       0x1a sys/getramdata.32
                0x00000000c0023455                SysGetRAMData(regs*)
 .text          0x00000000c002346f       0x82 sys/getvgaptr.32
                0x00000000c002346f                SysGetVGAPtr(regs*)
 *fill*         0x00000000c00234f1        0x3 
 .text          0x00000000c00234f4       0xb9 sys/kill.32
                0x00000000c00234f4                SysKill(regs*)
 .text          0x00000000c00235ad       0xa8 sys/loaddll.32
                0x00000000c00235ad                SysLoadDLL(regs*)
 .text          0x00000000c0023655       0x68 sys/read.32
                0x00000000c0023655                SysRead(regs*)
 .text          0x00000000c00236bd       0x29 sys/registersignal.32
                0x00000000c00236bd                SysRegisterSignal(regs*)
 .text          0x00000000c00236e6      0x1cc sys/registry.32
                0x00000000c00236e6                SysRegistryGetTypeFromPath(regs*)
                0x00000000c002372a                SysRegistryReadExtent(regs*)
                0x00000000c0023772                SysRegistryPathToExtentLookup(regs*)
                0x00000000c0023789                SysRegistryEnterDirectory(regs*)
                0x00000000c00237a0                SysRegistryGetNext(regs*)
                0x00000000c00237b7                SysRegistryGetNameAndTypeFromExtent(regs*)
                0x00000000c00237f1                SysRegistryOpen(regs*)
                0x00000000c0023805                SysRegistryClose(regs*)
                0x00000000c002381c                SysRegistryEasyReadString(regs*)
                0x00000000c0023868                SysRegistryEasyReadInteger(regs*)
 .text          0x00000000c00238b2       0x55 sys/sbrk.32
                0x00000000c00238b2                SysSbrk(regs*)
 .text          0x00000000c0023907       0x1c sys/setcwd.32
                0x00000000c0023907                SysSetCwd(regs*)
 .text          0x00000000c0023923       0x96 sys/settime.32
                0x00000000c0023923                SysSetTime(regs*)
 .text          0x00000000c00239b9       0x73 sys/symlink.32
                0x00000000c00239b9                SysSymlink(regs*)
 .text          0x00000000c0023a2c       0x3f sys/timezone.32
                0x00000000c0023a2c                SysTimezone(regs*)
 .text          0x00000000c0023a6b       0xfc sys/truncate.32
                0x00000000c0023a6b                SysTruncate(regs*)
 .text          0x00000000c0023b67       0x68 sys/write.32
                0x00000000c0023b67                SysWrite(regs*)
 .text          0x00000000c0023bcf       0x9d sys/wsbe.32
                0x00000000c0023bcf                SysWsbe(regs*)
 .text          0x00000000c0023c6c       0x25 sys/yield.32
                0x00000000c0023c6c                SysYield(regs*)
 .text          0x00000000c0023c91     0x1207 thr/elf.32
                0x00000000c0023c91                Thr::allocateMemoryForTask(Process*, File*, unsigned long, unsigned long, unsigned long)
                0x00000000c0023f1f                Thr::loadProgramIntoMemory(Process*, char const*)
                0x00000000c0024131                Thr::runtimeReferenceHelper()
                0x00000000c0024144                Thr::getAddressOfKernelSymbol(char const*)
                0x00000000c0024193                Thr::loadKernelSymbolTable(char const*)
                0x00000000c0024451                Thr::loadDriverIntoMemory(char const*, unsigned long, bool)
                0x00000000c0024b8a                Thr::getDriverBaseFromAddress(unsigned long)
                0x00000000c0024bbc                Thr::getDriverNameFromAddress(unsigned long)
                0x00000000c0024bf3                Thr::getDriverOffsetFromAddress(unsigned long)
                0x00000000c0024c0d                Thr::loadDLL(char const*, bool)
                0x00000000c0024e5f                Thr::executeDLL(unsigned long, void*)
 .text          0x00000000c0024e98       0x5a thr/exec.32
                0x00000000c0024e98                KeProcessExec(Process*, char const*)
 *fill*         0x00000000c0024ef2        0x2 
 .text          0x00000000c0024ef4     0x1131 thr/prcssthr.32
                0x00000000c0024ef4                userModeEntryPoint(void*)
                0x00000000c0024f1c                changeTSS
                0x00000000c0024f4c                switchToThread(ThreadControlBlock*)
                0x00000000c0024ffc                Process::addArgs(char**)
                0x00000000c0025068                Process::Process(char const*, Process*, char**)
                0x00000000c0025068                Process::Process(char const*, Process*, char**)
                0x00000000c0025274                Process::Process(bool, char const*, Process*, char**)
                0x00000000c0025274                Process::Process(bool, char const*, Process*, char**)
                0x00000000c0025448                taskStartupFunction
                0x00000000c0025454                KeDisablePreemption()
                0x00000000c002547c                KeRestorePreemption()
                0x00000000c002549c                Process::createThread(void (*)(void*), void*, int)
                0x00000000c00255a8                Process::createUserThread()
                0x00000000c00255c8                setupMultitasking(void (*)())
                0x00000000c00256ec                schedule()
                0x00000000c0025780                blockTaskWithSchedulerLockAlreadyHeld(TaskState)
                0x00000000c00257a8                blockTask(TaskState)
                0x00000000c00257e0                waitTask(int, int*, int)
                0x00000000c0025824                milliTenthSleepUntil(unsigned int)
                0x00000000c00258c4                milliTenthSleep(unsigned int)
                0x00000000c00258d8                sleep(unsigned int)
                0x00000000c00258f4                taskReturned
                0x00000000c0025938                Thr::processFromPID(int)
                0x00000000c00259e4                unblockTask(ThreadControlBlock*)
                0x00000000c0025a90                cleanupTerminatedTask(ThreadControlBlock*)
                0x00000000c0025d64                cleanerTaskFunction(void*)
                0x00000000c0025e6c                terminateTask(int)
                0x00000000c0025f58                Thr::terminateFromIRQ(int)
 .text          0x00000000c0026025      0xd00 vm86/vm8086.32
                0x00000000c0026025                Vm::inbv(unsigned short)
                0x00000000c0026038                Vm::outbv(unsigned short, unsigned char)
                0x00000000c002606e                Vm::realToLinear(unsigned short, unsigned short)
                0x00000000c002607e                Vm::getSegment(unsigned int)
                0x00000000c0026086                Vm::getOffset(unsigned int)
                0x00000000c002608b                Vm::mainloop2()
                0x00000000c00260c5                Vm::mainVm8086Loop(void*)
                0x00000000c00260d5                Vm::mainloop3(unsigned long)
                0x00000000c00260fb                Vm::initialise8086()
                0x00000000c002613e                Vm::resetConventionalMemory8086()
                0x00000000c002613f                Vm::finish8086()
                0x00000000c00261a0                Vm::getOutput8086(unsigned char*)
                0x00000000c00261c5                Vm::start8086FromBuffer(unsigned char*, int, unsigned short, unsigned short, unsigned short, unsigned short)
                0x00000000c00262ec                Vm::start8086(char const*, unsigned short, unsigned short, unsigned short, unsigned short)
                0x00000000c00264f4                Vm::doISR(regs*, int, unsigned char*, unsigned short, unsigned short)
                0x00000000c002658d                Vm::readByteFromReal(unsigned short, unsigned short)
                0x00000000c002659e                Vm::readWordFromReal(unsigned short, unsigned short)
                0x00000000c00265b0                Vm::readDwordFromReal(unsigned short, unsigned short)
                0x00000000c00265c1                Vm::writeByteFromReal(unsigned short, unsigned short, unsigned char)
                0x00000000c00265d6                Vm::writeWordFromReal(unsigned short, unsigned short, unsigned short)
                0x00000000c00265ec                Vm::writeDwordFromReal(unsigned short, unsigned short, unsigned int)
                0x00000000c0026601                Vm::faultHandler(regs*)
 .text          0x00000000c0026d25      0xacb arch/i386/hal.32
                0x00000000c0026d25                noCopro(unsigned long)
                0x00000000c0026d26                nmiHandler(regs*, void*)
                0x00000000c0026d3f                doubleFault(regs*, void*)
                0x00000000c0026d58                displayDebugInfo(regs*)
                0x00000000c00270dd                HalSystemIdle()
                0x00000000c0027159                displayProgramFault(char const*)
                0x00000000c00271a5                gpFault(regs*, void*)
                0x00000000c002720c                pgFault(regs*, void*)
                0x00000000c0027295                otherISRHandler(regs*, void*)
                0x00000000c00272c9                opcodeFault(regs*, void*)
                0x00000000c002734c                i386SaveCoprocessor(void*)
                0x00000000c0027360                i386LoadCoprocessor(void*)
                0x00000000c0027374                x87EmulHandler(regs*, void*)
                0x00000000c0027411                HalInitialiseCoprocessor()
                0x00000000c002749a                HalPanic(char const*)
                0x00000000c00275ae                HalQueryPerformanceCounter()
                0x00000000c00275c9                HalInitialise()
                0x00000000c002777f                HalMakeBeep(int)
                0x00000000c00277b9                HalGetRand()
                0x00000000c00277bc                HalEndOfInterrupt(int)
                0x00000000c00277ed                HalRestart()
                0x00000000c00277ee                HalShutdown()
                0x00000000c00277ef                HalSleep()
 .text          0x00000000c00277f0      0x2dc arch/i386/pic.32
                0x00000000c00277f0                picIoWait()
                0x00000000c00277f8                picDisable()
                0x00000000c002782c                picGetIRQReg(int)
                0x00000000c00278a8                picOpen()
                0x00000000c0027a2c                picEOI(int)
 .text          0x00000000c0027acc      0x674 arch/i386/rtc.32
                0x00000000c0027acc                RTC::open(int, int, void*)
                0x00000000c0027ad0                RTC::close(int, int, void*)
                0x00000000c0027ad4                RTC::timeInSecondsUTC()
                0x00000000c0027ae6                RTC::timeInDatetimeUTC()
                0x00000000c0027b0c                RTC::setTimeInSecondsUTC(unsigned long long)
                0x00000000c0027b4a                RTC::~RTC()
                0x00000000c0027b4a                RTC::~RTC()
                0x00000000c0027b6e                RTC::~RTC()
                0x00000000c0027b98                RTC::get_update_in_progress_flag()
                0x00000000c0027bb2                RTC::completeRTCRefresh()
                0x00000000c0027e92                RTC::setTimeInDatetimeUTC(datetime_t)
                0x00000000c0028040                rtcIRQHandler(regs*, void*)
                0x00000000c0028086                RTC::RTC()
                0x00000000c0028086                RTC::RTC()
 .text          0x00000000c0028140      0x1f4 arch/i386/vga.32
                0x00000000c0028140                HalConsoleScroll(int, int)
                0x00000000c0028248                HalConsoleWriteCharacter(char, int, int, int, int)
                0x00000000c00282ac                HalConsoleCursorUpdate(int, int)
 .text          0x00000000c0028334     0x14cf fs/fat/vfslink.32
                0x00000000c0028334                FAT::getName()
                0x00000000c002833c                FAT::tell(void*, unsigned long long*)
                0x00000000c0028378                FAT::stat(void*, unsigned long long*)
                0x00000000c00283b4                FAT::~FAT()
                0x00000000c00283b4                FAT::~FAT()
                0x00000000c00283d8                FAT::~FAT()
                0x00000000c0028400                FAT::getlabel(LogicalDisk*, int, char*, unsigned int*)
                0x00000000c00284a4                FAT::setlabel(LogicalDisk*, int, char*)
                0x00000000c0028568                FAT::format(LogicalDisk*, int, char const*, int)
                0x00000000c002874c                FAT::tryMount(LogicalDisk*, int)
                0x00000000c0028968                FAT::allocateSwapfile(char const*, int)
                0x00000000c0028b28                FAT::readDir(void*, unsigned long, void*, int*)
                0x00000000c0028c98                FAT::read(void*, unsigned long, void*, int*)
                0x00000000c0028cf8                FAT::write(void*, unsigned long, void*, int*)
                0x00000000c0028d58                FAT::close(void*)
                0x00000000c0028dac                FAT::closeDir(void*)
                0x00000000c0028e00                FAT::truncate(void*, unsigned long long)
                0x00000000c0028e6c                FAT::seek(void*, unsigned long long)
                0x00000000c0028ec4                fatWrapperReadDisk
                0x00000000c0028f04                fatWrapperWriteDisk
                0x00000000c0028f44                fatWrapperIoctl
                0x00000000c0029060                FAT::FAT()
                0x00000000c0029060                FAT::FAT()
                0x00000000c00290b8                FAT::fixFilepath(char*)
                0x00000000c00290f8                FAT::open(char const*, void**, FileOpenMode)
                0x00000000c002926c                FAT::openDir(char const*, void**)
                0x00000000c002931c                FAT::stat(char const*, unsigned long long*, bool*)
                0x00000000c0029414                FAT::unlink(char const*)
                0x00000000c0029494                FAT::chfatattr(char const*, unsigned char, unsigned char)
                0x00000000c0029648                FAT::rename(char const*, char const*)
                0x00000000c0029714                FAT::mkdir(char const*)
                0x00000000c0029794                FAT::exists(char const*)
 *fill*         0x00000000c0029803        0x1 
 .text          0x00000000c0029804       0x94 fs/iso9660/helper.32
                0x00000000c0029804                isoReadDiscSectorHelper
                0x00000000c0029860                iso_kprintf
                0x00000000c002987c                iso_kprintfd
 .text          0x00000000c0029898      0x71c fs/iso9660/vfslink.32
                0x00000000c0029898                ISO9660::format(LogicalDisk*, int, char const*, int)
                0x00000000c002989e                ISO9660::truncate(void*, unsigned long long)
                0x00000000c00298a4                ISO9660::getName()
                0x00000000c00298aa                ISO9660::closeDir(void*)
                0x00000000c00298b4                ISO9660::chfatattr(char const*, unsigned char, unsigned char)
                0x00000000c00298ba                ISO9660::unlink(char const*)
                0x00000000c00298c0                ISO9660::write(void*, unsigned long, void*, int*)
                0x00000000c00298c6                ISO9660::rename(char const*, char const*)
                0x00000000c00298cc                ISO9660::mkdir(char const*)
                0x00000000c00298d2                ISO9660::~ISO9660()
                0x00000000c00298d2                ISO9660::~ISO9660()
                0x00000000c00298f6                ISO9660::~ISO9660()
                0x00000000c002991e                ISO9660::exists(char const*)
                0x00000000c0029932                ISO9660::open(char const*, void**, FileOpenMode)