Archive member included to satisfy reference by file (symbol)

/cygdrive/d/Users/Alex/Desktop/Toolchain/Output/bin/../lib/gcc/i386-banana/8.1.0/libkgcc.a(_divdi3.o)
                              fs/fat/ff.32 (__divdi3)
/cygdrive/d/Users/Alex/Desktop/Toolchain/Output/bin/../lib/gcc/i386-banana/8.1.0/libkgcc.a(_moddi3.o)
                              compat/resolve.32 (__moddi3)
/cygdrive/d/Users/Alex/Desktop/Toolchain/Output/bin/../lib/gcc/i386-banana/8.1.0/libkgcc.a(_udivdi3.o)
                              fs/fat/ff.32 (__udivdi3)
/cygdrive/d/Users/Alex/Desktop/Toolchain/Output/bin/../lib/gcc/i386-banana/8.1.0/libkgcc.a(_umoddi3.o)
                              compat/resolve.32 (__umoddi3)
D:/Users/Alex/Desktop/Banana/kernel/libsoftfp.a(sfieeelib.o)
                              hal/libresample/src_linear.32 (__subsf3)
D:/Users/Alex/Desktop/Banana/kernel/libsoftfp.a(dfieeelib.o)
                              hal/libresample/src_linear.32 (__adddf3)
D:/Users/Alex/Desktop/Banana/kernel/libsoftfp.a(sfdfcvt.o)
                              hal/libresample/samplerate.32 (__truncdfsf2)
D:/Users/Alex/Desktop/Banana/kernel/libk/libm32.a(s_fabs.c.o)
                              hal/libresample/samplerate.32 (fabs)
D:/Users/Alex/Desktop/Banana/kernel/libk/libm32.a(s_lrint.S.o)
                              hal/libresample/samplerate.32 (lrint)
D:/Users/Alex/Desktop/Banana/kernel/libk/libm32.a(s_lrintf.S.o)
                              hal/sound/sndhw.32 (lrintf)

Discarded input sections

 .comment       0x0000000000000000       0x12 /cygdrive/d/Users/Alex/Desktop/Toolchain/Output/bin/../lib/gcc/i386-banana/8.1.0/crtbegin.o
 .comment       0x0000000000000000       0x12 acpica/utclib.32
 .comment       0x0000000000000000       0x12 core/malloc.32
 .comment       0x0000000000000000       0x12 libk/string.32
 .comment       0x0000000000000000       0x12 fs/fat/diskio.32
 .comment       0x0000000000000000       0x12 fs/fat/ff.32
 .comment       0x0000000000000000       0x12 fs/fat/ffsystem.32
 .comment       0x0000000000000000       0x12 fs/fat/ffunicode.32
 .comment       0x0000000000000000       0x12 hal/libresample/samplerate.32
 .comment       0x0000000000000000       0x12 hal/libresample/src_linear.32
 .comment       0x0000000000000000       0x12 hal/libresample/src_sinc.32
 .comment       0x0000000000000000       0x12 hal/libresample/src_zoh.32
 .comment       0x0000000000000000       0x12 compat/inlines.32
 .comment       0x0000000000000000       0x12 compat/resolve.32
 .group         0x0000000000000000       0x14 core/computer.32
 .group         0x0000000000000000        0xc core/computer.32
 .comment       0x0000000000000000       0x12 core/computer.32
 .comment       0x0000000000000000       0x12 core/gdt.32
 .group         0x0000000000000000        0xc core/idle.32
 .comment       0x0000000000000000       0x12 core/idle.32
 .comment       0x0000000000000000       0x12 core/idt.32
 .comment       0x0000000000000000       0x12 core/kheap.32
 .comment       0x0000000000000000       0x12 core/main.32
 .comment       0x0000000000000000       0x12 core/physmgr.32
 .group         0x0000000000000000        0xc core/pipe.32
 .comment       0x0000000000000000       0x12 core/pipe.32
 .group         0x0000000000000000        0xc core/terminal.32
 .comment       0x0000000000000000       0x12 core/terminal.32
 .comment       0x0000000000000000       0x12 core/tss.32
 .group         0x0000000000000000        0x8 core/unixfile.32
 .group         0x0000000000000000        0x8 core/unixfile.32
 .group         0x0000000000000000        0xc core/unixfile.32
 .group         0x0000000000000000        0x8 core/unixfile.32
 .group         0x0000000000000000        0xc core/unixfile.32
 .group         0x0000000000000000        0x8 core/unixfile.32
 .group         0x0000000000000000        0xc core/unixfile.32
 .group         0x0000000000000000        0xc core/unixfile.32
 .comment       0x0000000000000000       0x12 core/unixfile.32
 .comment       0x0000000000000000       0x12 core/virtmgr.32
 .comment       0x0000000000000000       0x12 coreobjs/c++.32
 .comment       0x0000000000000000       0x12 dbg/kconsole.32
 .group         0x0000000000000000        0xc fs/vfs.32
 .group         0x0000000000000000        0xc fs/vfs.32
 .group         0x0000000000000000        0xc fs/vfs.32
 .comment       0x0000000000000000       0x12 fs/vfs.32
 .group         0x0000000000000000        0xc hal/bus.32
 .comment       0x0000000000000000       0x12 hal/bus.32
 .group         0x0000000000000000        0xc hal/buzzer.32
 .comment       0x0000000000000000       0x12 hal/buzzer.32
 .group         0x0000000000000000        0xc hal/clock.32
 .comment       0x0000000000000000       0x12 hal/clock.32
 .group         0x0000000000000000       0x14 hal/device.32
 .group         0x0000000000000000        0xc hal/device.32
 .group         0x0000000000000000        0x8 hal/device.32
 .group         0x0000000000000000        0xc hal/device.32
[...]
Memory Configuration

Name             Origin             Length             Attributes
*default*        0x0000000000000000 0xffffffffffffffff

Linker script and memory map

LOAD D:/Users/Alex/Desktop/Banana/kernel/boot.32
LOAD crti.32
LOAD /cygdrive/d/Users/Alex/Desktop/Toolchain/Output/bin/../lib/gcc/i386-banana/8.1.0/crtbegin.o
LOAD D:/Users/Alex/Desktop/Banana/kernel/morenasm.32
LOAD acpica/utclib.32
LOAD core/malloc.32
LOAD libk/string.32
LOAD fs/fat/diskio.32
LOAD fs/fat/ff.32
LOAD fs/fat/ffsystem.32
LOAD fs/fat/ffunicode.32
LOAD hal/libresample/samplerate.32
LOAD hal/libresample/src_linear.32
LOAD hal/libresample/src_sinc.32
LOAD hal/libresample/src_zoh.32
LOAD compat/inlines.32
LOAD compat/resolve.32
LOAD core/computer.32
LOAD core/gdt.32
LOAD core/idle.32
LOAD core/idt.32
LOAD core/kheap.32
LOAD core/main.32
LOAD core/physmgr.32
LOAD core/pipe.32
LOAD core/terminal.32
LOAD core/tss.32
LOAD core/unixfile.32
LOAD core/virtmgr.32
LOAD coreobjs/c++.32
LOAD dbg/kconsole.32
LOAD fs/vfs.32
LOAD hal/bus.32
LOAD hal/buzzer.32
LOAD hal/clock.32
LOAD hal/device.32
LOAD hal/diskctrl.32
LOAD hal/diskphys.32
LOAD hal/fpu.32
LOAD hal/intctrl.32
LOAD hal/keybrd.32
LOAD hal/logidisk.32
LOAD hal/mouse.32
LOAD hal/partition.32
LOAD hal/serial.32
LOAD hal/timer.32
LOAD hal/vcache.32
LOAD hal/video.32
LOAD hw/acpi.32
LOAD hw/cpu.32
LOAD hw/ports.32
LOAD hw/smp.32
LOAD krnl/env.32
LOAD krnl/panic.32
LOAD net/ethernet.32
LOAD reg/registry.32
LOAD sys/sc_eject.32
LOAD sys/sc_exit.32
LOAD sys/sc_getcwd.32
LOAD sys/sc_getpid.32
LOAD sys/sc_getramdata.32
LOAD sys/sc_getvgaptr.32
LOAD sys/sc_loaddll.32
LOAD sys/sc_read.32
LOAD sys/sc_sbrk.32
LOAD sys/sc_setcwd.32
LOAD sys/sc_settime.32
LOAD sys/sc_timezone.32
LOAD sys/sc_write.32
LOAD sys/sc_wsbe.32
LOAD sys/sc_yield.32
LOAD sys/syscalls.32
LOAD thr/elf.32
LOAD thr/prcssthr.32
LOAD vm86/vm8086.32
LOAD vm86/x87em.32
LOAD fs/fat/vfslink.32
LOAD fs/iso9660/vfslink.32
LOAD hal/sound/sndchannel.32
LOAD hal/sound/sndhw.32
LOAD hw/bus/isa.32
LOAD hw/bus/pci.32
LOAD hw/diskctrl/ide.32
LOAD hw/diskctrl/satabus.32
LOAD hw/diskphys/ata.32
LOAD hw/diskphys/atapi.32
LOAD hw/diskphys/sata.32
LOAD hw/diskphys/satapi.32
LOAD hw/fpu/avx.32
LOAD hw/fpu/mmx.32
LOAD hw/fpu/sse.32
LOAD hw/fpu/x87.32
LOAD hw/intctrl/apic.32
LOAD hw/intctrl/pic.32
LOAD hw/timer/apictimer.32
LOAD hw/timer/pit.32
LOAD hw/fpu/x86/avx.32
LOAD hw/fpu/x86/sse.32
LOAD hw/fpu/x86/x87.32
LOAD /cygdrive/d/Users/Alex/Desktop/Toolchain/Output/bin/../lib/gcc/i386-banana/8.1.0/crtend.o
LOAD crtn.32
LOAD /cygdrive/d/Users/Alex/Desktop/Toolchain/Output/bin/../lib/gcc/i386-banana/8.1.0/libkgcc.a
LOAD D:/Users/Alex/Desktop/Banana/kernel/libsoftfp.a
LOAD D:/Users/Alex/Desktop/Banana/kernel/libk/libm32.a
                0x00000000c0000000                . = 0xc0000000

.text           0x00000000c0000000    0x28968
 *(.text)
 .text          0x00000000c0000000       0x41 D:/Users/Alex/Desktop/Banana/kernel/boot.32
                0x00000000c0000020                callGlobalConstructors
 .text          0x00000000c0000041        0x0 crti.32
 *fill*         0x00000000c0000041        0x3 
 .text          0x00000000c0000044      0x101 /cygdrive/d/Users/Alex/Desktop/Toolchain/Output/bin/../lib/gcc/i386-banana/8.1.0/crtbegin.o
 *fill*         0x00000000c0000145        0xb 
 .text          0x00000000c0000150      0x4fb D:/Users/Alex/Desktop/Banana/kernel/morenasm.32
                0x00000000c0000150                manualPCIProbe
                0x00000000c000019b                prepareTramp
                0x00000000c00001b4                voodooXADD
                0x00000000c000027f                doTPAUSE
                0x00000000c0000289                hasLegacyFPU
                0x00000000c00002ae                is486
                0x00000000c00002e4                detectCPUID
                0x00000000c00002fa                goToVM86
                0x00000000c000032a                goToUsermode
                0x00000000c0000354                switchToThreadASMFirstTime
                0x00000000c0000362                switchToThreadASM
                0x00000000c00003f2                asmQuickAcquireLock
                0x00000000c0000410                asmQuickReleaseLock
                0x00000000c000041c                asmAcquireLock
                0x00000000c000043d                asmReleaseLock
                0x00000000c0000450                loadGDT
                0x00000000c0000470                isr0
                0x00000000c0000480                isr1
                0x00000000c000048a                isr2
                0x00000000c0000494                isr3
                0x00000000c000049e                isr4
                0x00000000c00004a8                isr5
                0x00000000c00004b2                isr6
                0x00000000c00004bc                isr7
                0x00000000c00004c6                isr8
                0x00000000c00004ce                isr9
                0x00000000c00004d8                isr10
                0x00000000c00004e0                isr11
                0x00000000c00004e8                isr12
                0x00000000c00004f0                isr13
                0x00000000c00004f8                isr14
                0x00000000c0000500                isr15
                0x00000000c000050a                isr16
                0x00000000c0000514                isr17
                0x00000000c000051e                isr18
                0x00000000c0000528                irq3
                0x00000000c0000532                irq4
                0x00000000c000053c                irq5
                0x00000000c0000546                irq6
                0x00000000c0000550                irq7
                0x00000000c000055a                irq8
                0x00000000c0000564                irq9
                0x00000000c000056e                irq10
                0x00000000c0000578                irq11
                0x00000000c0000582                irq12
                0x00000000c000058c                irq13
                0x00000000c0000596                irq14
                0x00000000c00005a0                irq15
                0x00000000c00005aa                irq1
                0x00000000c00005b1                irq2
                0x00000000c00005b8                isr96
                0x00000000c00005bf                irq0
                0x00000000c00005c4                syscall_common_stub
                0x00000000c00005c4                int_common_stub
                0x00000000c00005f6                irq16
                0x00000000c0000600                irq17
                0x00000000c000060a                irq18
                0x00000000c0000614                irq19
                0x00000000c000061e                irq20
                0x00000000c0000628                irq21
                0x00000000c0000632                irq22
                0x00000000c000063c                irq23
                0x00000000c0000646                memcpy
 *fill*         0x00000000c000064b        0x1 
 .text          0x00000000c000064c      0x5dd acpica/utclib.32
                0x00000000c000064c                memcmp
                0x00000000c0000688                memmove
                0x00000000c0000750                memset
                0x00000000c000076c                strlen
                0x00000000c0000784                strpbrk
                0x00000000c00007c0                strtok
                0x00000000c000080c                strcpy
                0x00000000c0000830                strncpy
                0x00000000c0000898                strcmp
                0x00000000c00008d8                strchr
                0x00000000c00008fc                strncmp
                0x00000000c000094c                strcat
                0x00000000c000097c                strncat
                0x00000000c00009b8                strstr
                0x00000000c0000a00                toupper
                0x00000000c0000a14                tolower
                0x00000000c0000a28                simple_strtoul
 .text          0x00000000c0000c29      0xfad core/malloc.32
                0x00000000c0000d94                dlfree
                0x00000000c00010ef                dlmalloc
                0x00000000c000162c                dlrealloc
                0x00000000c00017cf                dlmemalign
                0x00000000c00018f2                dlcalloc
                0x00000000c000198c                dlcfree
                0x00000000c0001991                dlindependent_calloc
                0x00000000c00019b6                dlindependent_comalloc
                0x00000000c00019cd                dlvalloc
                0x00000000c00019f8                dlpvalloc
                0x00000000c0001a2e                dlmalloc_trim
                0x00000000c0001a3b                dlmalloc_usable_size
                0x00000000c0001a6c                dlmallinfo
                0x00000000c0001b3b                dlmalloc_stats
                0x00000000c0001b4c                dlmallopt
 .text          0x00000000c0001bd6        0x0 libk/string.32
 .text          0x00000000c0001bd6       0x51 fs/fat/diskio.32
                0x00000000c0001bd6                disk_status
                0x00000000c0001bd9                disk_initialize
                0x00000000c0001bdc                disk_read
                0x00000000c0001bf2                disk_write
                0x00000000c0001c08                disk_ioctl
 .text          0x00000000c0001c27     0x6a69 fs/fat/ff.32
                0x00000000c0004ef5                f_mount
                0x00000000c0004f57                f_open
                0x00000000c0005393                f_read
                0x00000000c0005613                f_write
                0x00000000c00058cd                f_sync
                0x00000000c0005aa9                f_close
                0x00000000c0005ad8                f_lseek
                0x00000000c0005f8f                f_opendir
                0x00000000c0006091                f_closedir
                0x00000000c00060b3                f_readdir
                0x00000000c000614e                f_stat
                0x00000000c00061dd                f_getfree
                0x00000000c00063a8                f_truncate
                0x00000000c00064a0                f_unlink
                0x00000000c0006623                f_mkdir
                0x00000000c000684f                f_rename
                0x00000000c0006b42                f_chmod
                0x00000000c0006c20                f_utime
                0x00000000c0006cfe                f_getlabel
                0x00000000c0006eec                f_setlabel
                0x00000000c0007159                f_expand
                0x00000000c000738f                f_forward
                0x00000000c000756d                f_mkfs
 .text          0x00000000c0008690       0x2d fs/fat/ffsystem.32
                0x00000000c0008690                ff_memalloc
                0x00000000c00086a6                ff_memfree
 .text          0x00000000c00086bd      0x253 fs/fat/ffunicode.32
                0x00000000c00086bd                ff_uni2oem
                0x00000000c000874d                ff_oem2uni
                0x00000000c00087b9                ff_wtoupper
 .text          0x00000000c0008910      0x8fb hal/libresample/samplerate.32
                0x00000000c0008954                src_delete
                0x00000000c0008990                src_process
                0x00000000c0008b46                src_callback_read
                0x00000000c0008cc3                src_set_ratio
                0x00000000c0008d2d                src_get_channels
                0x00000000c0008d4f                src_reset
                0x00000000c0008d9b                src_new
                0x00000000c0008e29                src_callback_new
                0x00000000c0008e8b                src_get_name
                0x00000000c0008ec2                src_get_description
                0x00000000c0008ef9                src_get_version
                0x00000000c0008eff                src_is_valid_ratio
                0x00000000c0008f53                src_error
                0x00000000c0008f61                src_strerror
                0x00000000c0008f74                src_simple
                0x00000000c0008fc7                src_short_to_float_array
                0x00000000c000902c                src_float_to_short_array
                0x00000000c00090eb                src_int_to_float_array
                0x00000000c000914e                src_float_to_int_array
 .text          0x00000000c000920b      0x8cb hal/libresample/src_linear.32
                0x00000000c0009a31                linear_get_name
                0x00000000c0009a40                linear_get_description
                0x00000000c0009a4f                linear_set_converter
 .text          0x00000000c0009ad6     0x447c hal/libresample/src_sinc.32
                0x00000000c000de69                sinc_get_name
                0x00000000c000de7c                sinc_get_description
                0x00000000c000de8f                sinc_set_converter
 .text          0x00000000c000df52      0x77c hal/libresample/src_zoh.32
                0x00000000c000e629                zoh_get_name
                0x00000000c000e638                zoh_get_description
                0x00000000c000e647                zoh_set_converter
 .text          0x00000000c000e6ce       0xa7 compat/inlines.32
                0x00000000c000e6ce                CPU::current()
                0x00000000c000e6da                operator new(unsigned long)
                0x00000000c000e6df                operator delete(void*)
                0x00000000c000e6e4                disableIRQs()
                0x00000000c000e6ec                enableIRQs()
                0x00000000c000e6fb                lockScheduler()
                0x00000000c000e703                unlockScheduler()
                0x00000000c000e712                lockStuff()
                0x00000000c000e720                unlockStuff()
                0x00000000c000e75a                Virt::getAKernelVAS()
                0x00000000c000e760                __not_memcpy
 .text          0x00000000c000e775      0x111 compat/resolve.32
                0x00000000c000e775                Krnl::resolveCompatibilitySymbol(char*)
 .text          0x00000000c000e886      0x7f7 core/computer.32
                0x00000000c000e886                Computer::close(int, int, void*)
                0x00000000c000e8ca                Krnl::firstTask()
                0x00000000c000ea18                Computer::Computer()
                0x00000000c000ea18                Computer::Computer()
                0x00000000c000eb74                Computer::setBootMessage(char const*)
                0x00000000c000eb76                Computer::detectFeatures()
                0x00000000c000ed80                Computer::displayFeatures()
                0x00000000c000ed82                Computer::rdmsr(unsigned int)
                0x00000000c000edae                Computer::wrmsr(unsigned int, unsigned long long)
                0x00000000c000ede6                Computer::nmiEnabled()
                0x00000000c000edf2                Computer::readCMOS(unsigned char)
                0x00000000c000ee0c                Computer::enableNMI(bool)
                0x00000000c000ee24                Computer::open(int, int, void*)
                0x00000000c000efc0                Computer::disableNMI()
                0x00000000c000efce                Computer::writeCMOS(unsigned char, unsigned char)
                0x00000000c000efec                Computer::handleNMI()
                0x00000000c000f052                Computer::setDiskActivityLight(int, bool)
 *fill*         0x00000000c000f07d        0x1 
 .text          0x00000000c000f07e      0x19d core/gdt.32
                0x00000000c000f07e                GDTEntry::setBase(unsigned int)
                0x00000000c000f09a                GDTEntry::setLimit(unsigned int)
                0x00000000c000f0b8                GDT::GDT()
                0x00000000c000f0b8                GDT::GDT()
                0x00000000c000f0ce                GDT::addEntry(GDTEntry)
                0x00000000c000f0f0                GDT::getNumberOfEntries()
                0x00000000c000f0f8                GDT::flush()
                0x00000000c000f11a                GDT::setup()
 .text          0x00000000c000f21b       0x6b core/idle.32
                0x00000000c000f21b                idleFunction(void*)
 .text          0x00000000c000f286      0x45e core/idt.32
                0x00000000c000f286                IDTEntry::IDTEntry(bool)
                0x00000000c000f286                IDTEntry::IDTEntry(bool)
                0x00000000c000f2f4                IDTEntry::setOffset(unsigned int)
                0x00000000c000f308                IDT::IDT()
                0x00000000c000f308                IDT::IDT()
                0x00000000c000f30a                IDT::getPointerToInvalidOpcodeEntryForF00F()
                0x00000000c000f312                IDT::addEntry(IDTEntry, int)
                0x00000000c000f32c                IDT::addEntry(int, void (*)(), bool)
                0x00000000c000f364                IDT::flush()
                0x00000000c000f37e                IDT::setup()
 .text          0x00000000c000f6e4      0x191 core/kheap.32
                0x00000000c000f6e4                sbrk
                0x00000000c000f787                mmap
                0x00000000c000f79d                munmap
                0x00000000c000f7b3                liballoc_lock()
                0x00000000c000f7c0                liballoc_unlock()
                0x00000000c000f7d4                liballoc_alloc(int)
                0x00000000c000f7ec                liballoc_free(void*, int)
                0x00000000c000f807                realloc
                0x00000000c000f81b                malloc
                0x00000000c000f82b                free
                0x00000000c000f83b                rfree
                0x00000000c000f84b                calloc
 .text          0x00000000c000f875      0x1b6 core/main.32
                0x00000000c000f875                Krnl::setBootMessage(char const*)
                0x00000000c000f8e1                kernel_main
 .text          0x00000000c000fa2b      0x5b5 core/physmgr.32
                0x00000000c000fa2b                Phys::allocateDMA(unsigned long)
                0x00000000c000faf9                Phys::freeDMA(unsigned long, unsigned long)
                0x00000000c000fb58                Phys::setPageState(unsigned long, bool)
                0x00000000c000fb8a                Phys::getPageState(unsigned long)
                0x00000000c000fba6                Phys::freePage(unsigned long)
                0x00000000c000fc17                Phys::allocatePage()
                0x00000000c000fd0f                Phys::allocateContiguousPages(int)
                0x00000000c000fd6b                Phys::allowSegmentToBeUsed(unsigned long, unsigned long)
                0x00000000c000fda3                Phys::physicalMemorySetup(unsigned int)
 .text          0x00000000c000ffe0      0x273 core/pipe.32
                0x00000000c000ffe0                Pipe::isAtty()
                0x00000000c000ffe4                Pipe::~Pipe()
                0x00000000c000ffe4                Pipe::~Pipe()
                0x00000000c0010008                Pipe::~Pipe()
                0x00000000c0010030                Pipe::read(unsigned long long, void*, int*)
                0x00000000c001012c                Pipe::write(unsigned long long, void*, int*)
                0x00000000c00101ec                Pipe::Pipe(int)
                0x00000000c00101ec                Pipe::Pipe(int)
 *fill*         0x00000000c0010253        0x1 
 .text          0x00000000c0010254      0xb93 core/terminal.32
                0x00000000c0010254                VgaText::isAtty()
                0x00000000c0010258                VgaText::~VgaText()
                0x00000000c0010258                VgaText::~VgaText()
                0x00000000c001027c                VgaText::~VgaText()
                0x00000000c00102a6                VgaText::read(unsigned long long, void*, int*)
                0x00000000c00102c6                setTerminalScrollLock(bool)
                0x00000000c00102c7                addToTerminalCycle(VgaText*)
                0x00000000c00102e8                installVgaTextImplementation()
                0x00000000c00102fd                scrollTerminalScrollLock(int)
                0x00000000c00102fe                VgaText::updateTitle()
                0x00000000c001033c                VgaText::load()
                0x00000000c001038a                VgaText::updateCursor()
                0x00000000c00103a0                VgaText::doANSI_SGR(int)
                0x00000000c0010414                VgaText::setDefaultBgColour(VgaColour)
                0x00000000c0010424                VgaText::setDefaultFgColour(VgaColour)
                0x00000000c0010434                VgaText::setDefaultColours(VgaColour, VgaColour)
                0x00000000c0010454                VgaText::setTitleTextColour(VgaColour)
                0x00000000c0010464                VgaText::setTitleColour(VgaColour)
                0x00000000c0010474                VgaText::setTitle(char*)
                0x00000000c001049a                VgaText::combineColours(unsigned char, unsigned char)
                0x00000000c00104ac                VgaText::scrollScreen()
                0x00000000c0010540                VgaText::combineCharAndColour(char, unsigned char)
                0x00000000c0010552                VgaText::writeCharacter(char, VgaColour, VgaColour, int, int)
                0x00000000c00105ae                VgaText::getCursorX()
                0x00000000c00105b6                VgaText::getCursorY()
                0x00000000c00105be                VgaText::setCursor(int, int)
                0x00000000c00105d5                setActiveTerminal(VgaText*)
                0x00000000c0010637                doTerminalCycle()
                0x00000000c0010652                VgaText::setCursorX(int)
                0x00000000c001066a                VgaText::setCursorY(int)
                0x00000000c0010682                VgaText::incrementCursor(bool)
                0x00000000c00106d6                VgaText::decrementCursor(bool)
                0x00000000c00106f8                VgaText::putchar(char, VgaColour, VgaColour)
                0x00000000c00107d0                VgaText::doUpdate()
                0x00000000c00107de                VgaText::puts(char const*, VgaColour, VgaColour)
                0x00000000c0010956                VgaText::clearScreen()
                0x00000000c00109b0                VgaText::putchar(char)
                0x00000000c0010a9c                VgaText::putx(unsigned int)
                0x00000000c0010ae2                VgaText::puts(char const*)
                0x00000000c0010b08                VgaText::VgaText(char const*)
                0x00000000c0010b08                VgaText::VgaText(char const*)
                0x00000000c0010c86                VgaText::receiveKey(unsigned char)
                0x00000000c0010d6e                VgaText::write(unsigned long long, void*, int*)
                0x00000000c0010dc2                newTerminal(char*)
 *fill*         0x00000000c0010de7        0x1 
 .text          0x00000000c0010de8      0x19d core/tss.32
                0x00000000c0010de8                TSS::TSS()
                0x00000000c0010de8                TSS::TSS()
                0x00000000c0010df6                TSS::setESP(unsigned long)
                0x00000000c0010e08                TSS::flush()
                0x00000000c0010e28                TSS::setup(unsigned long, unsigned long)
 *fill*         0x00000000c0010f85        0x1 
 .text          0x00000000c0010f86      0x4c2 core/unixfile.32
                0x00000000c0010f86                ReservedFilename::read(unsigned long long, void*, int*)
                0x00000000c0010fdc                ReservedFilename::isAtty()
                0x00000000c0010ff8                ReservedFilename::write(unsigned long long, void*, int*)
                0x00000000c0011056                UnixFile::getFileDescriptor()
                0x00000000c001105e                UnixFile::UnixFile(int)
                0x00000000c001105e                UnixFile::UnixFile(int)
                0x00000000c001120e                ReservedFilename::ReservedFilename(int)
                0x00000000c001120e                ReservedFilename::ReservedFilename(int)
                0x00000000c0011240                UnixFile::~UnixFile()
                0x00000000c0011240                UnixFile::~UnixFile()
                0x00000000c00112d8                UnixFile::~UnixFile()
                0x00000000c0011300                ReservedFilename::~ReservedFilename()
                0x00000000c0011300                ReservedFilename::~ReservedFilename()
                0x00000000c0011324                ReservedFilename::~ReservedFilename()
                0x00000000c001134b                getFromFileDescriptor(int)
 .text          0x00000000c0011448     0x12cd core/virtmgr.32
                0x00000000c0011448                Virt::setPageState(unsigned long, Virt::VirtPageState)
                0x00000000c001147d                Virt::getPageState(unsigned long)
                0x00000000c00114a1                Virt::allocateKernelVirtualPages(int)
                0x00000000c00115b2                Virt::freeSwapfilePage(unsigned long)
                0x00000000c00115d0                Virt::swapIDToSector(unsigned long)
                0x00000000c00115e2                Virt::allocateSwapfilePage()
                0x00000000c0011660                Virt::virtualMemorySetup()
                0x00000000c00116ab                Virt::setupPageSwapping(int)
                0x00000000c001171c                VAS::VAS()
                0x00000000c001171c                VAS::VAS()
                0x00000000c0011758                VAS::VAS(VAS*)
                0x00000000c0011758                VAS::VAS(VAS*)
                0x00000000c0011786                VAS::getForeignPageTableEntry(bool, unsigned long)
                0x00000000c00117b2                VAS::getPageTableEntry(unsigned long)
                0x00000000c00117d1                Virt::freeKernelVirtualPages(unsigned long)
                0x00000000c00118f4                VAS::freeAllocatedPages(unsigned long)
                0x00000000c0011918                VAS::virtualToPhysical(unsigned long)
                0x00000000c0011930                VAS::reflagRange(unsigned long, int, int, int)
                0x00000000c0011970                VAS::setToWriteCombining(unsigned long, int)
                0x00000000c00119a2                VAS::mapOtherVASIn(bool, VAS*)
                0x00000000c00119cc                VAS::~VAS()
                0x00000000c00119cc                VAS::~VAS()
                0x00000000c0011b48                VAS::mapPage(unsigned long, unsigned long, int)
                0x00000000c0011c4a                VAS::allocatePages(int, int)
                0x00000000c0011e22                VAS::setCPUSpecific(unsigned long)
                0x00000000c0011e3e                VAS::mapRange(unsigned long, unsigned long, int, int)
                0x00000000c0011f04                VAS::mapForeignPage(bool, VAS*, unsigned long, unsigned long, int)
                0x00000000c0011ff2                VAS::VAS(bool)
                0x00000000c0011ff2                VAS::VAS(bool)
                0x00000000c0012272                VAS::evict(unsigned long)
                0x00000000c001237a                VAS::tryLoadBackOffDisk(unsigned long)
                0x00000000c0012502                VAS::scanForEviction()
                0x00000000c00125e9                mapVASFirstTime
 .text          0x00000000c0012715       0x95 coreobjs/c++.32
                0x00000000c0012715                __cxa_atexit
                0x00000000c0012718                __cxa_finalize
                0x00000000c0012719                __stack_chk_fail
                0x00000000c0012785                __cxa_pure_virtual
                0x00000000c0012796                operator new[](unsigned long)
                0x00000000c001279b                operator delete(void*, unsigned long)
                0x00000000c00127a0                operator delete[](void*)
                0x00000000c00127a5                operator delete[](void*, unsigned long)
 .text          0x00000000c00127aa      0x1fc dbg/kconsole.32
                0x00000000c00127aa                Dbg::stringifyxWithBase(unsigned int, char*, int)
                0x00000000c0012803                Dbg::logc(char)
                0x00000000c0012823                Dbg::logs(char*)
                0x00000000c0012840                Dbg::logWriteInt(unsigned int)
                0x00000000c001285d                Dbg::logWriteIntBase(unsigned int, int)
                0x00000000c001287c                Dbg::kprintf(char const*, ...)
 .text          0x00000000c00129a6      0xb82 fs/vfs.32
                0x00000000c00129a6                File::read(unsigned long long, void*, int*)
                0x00000000c00129fe                File::write(unsigned long long, void*, int*)
                0x00000000c0012a56                Directory::read(unsigned long long, void*, int*)
                0x00000000c0012aae                Directory::write(unsigned long long, void*, int*)
                0x00000000c0012adc                File::isAtty()
                0x00000000c0012ae0                Directory::isAtty()
                0x00000000c0012ae4                Filesystem::getlabel(LogicalDisk*, int, char*, unsigned int*)
                0x00000000c0012aea                Filesystem::setlabel(LogicalDisk*, int, char*)
                0x00000000c0012af0                Filesystem::allocateSwapfile(char const*, int)
                0x00000000c0012af6                File::~File()
                0x00000000c0012af6                File::~File()
                0x00000000c0012b1a                File::~File()
                0x00000000c0012b44                Directory::~Directory()
                0x00000000c0012b44                Directory::~Directory()
                0x00000000c0012b68                Directory::~Directory()
                0x00000000c0012b92                Filesystem::Filesystem()
                0x00000000c0012b92                Filesystem::Filesystem()
                0x00000000c0012bb6                Filesystem::~Filesystem()
                0x00000000c0012bb6                Filesystem::~Filesystem()
                0x00000000c0012bc4                Filesystem::~Filesystem()
                0x00000000c0012be8                Fs::getcwd(Process*, char*, int)
                0x00000000c0012c12                Fs::initVFS()
                0x00000000c0012c3c                Fs::standardiseFiles(char*, char const*, char const*)
                0x00000000c0012de6                File::File(char const*, Process*)
                0x00000000c0012de6                File::File(char const*, Process*)
                0x00000000c0012e4a                File::open(FileOpenMode)
                0x00000000c0012ea8                File::close()
                0x00000000c0012f08                File::seek(unsigned long long)
                0x00000000c0012f5e                File::tell(unsigned long long*)
                0x00000000c0012fae                File::rewind()
                0x00000000c0012fc2                File::unlink()
                0x00000000c001300e                File::rename(char const*)
                0x00000000c001305c                File::chfatattr(unsigned char, unsigned char)
                0x00000000c00130b8                File::exists()
                0x00000000c00130f6                File::stat(unsigned long long*, bool*)
                0x00000000c0013157                Fs::setcwd(Process*, char*)
                0x00000000c0013292                Directory::Directory(char const*, Process*)
                0x00000000c0013292                Directory::Directory(char const*, Process*)
                0x00000000c00132f6                Directory::open()
                0x00000000c0013352                Directory::close()
                0x00000000c00133b2                Directory::unlink()
                0x00000000c00133fe                Directory::rename(char const*)
                0x00000000c001344c                Directory::exists()
                0x00000000c001348a                Directory::read(dirent*)
                0x00000000c00134d6                Directory::create()
                0x00000000c0013522                Filesystem::chfatattr(char const*, unsigned char, unsigned char)
 .text          0x00000000c0013528       0x84 hal/bus.32
                0x00000000c0013528                Bus::Bus(char const*)
                0x00000000c0013528                Bus::Bus(char const*)
                0x00000000c001355e                Bus::~Bus()
                0x00000000c001355e                Bus::~Bus()
                0x00000000c0013582                Bus::~Bus()
 .text          0x00000000c00135ac      0x156 hal/buzzer.32
                0x00000000c00135ac                Buzzer::Buzzer(char const*)
                0x00000000c00135ac                Buzzer::Buzzer(char const*)
                0x00000000c00135f0                Buzzer::~Buzzer()
                0x00000000c00135f0                Buzzer::~Buzzer()
                0x00000000c0013614                Buzzer::~Buzzer()
                0x00000000c001363e                Buzzer::stop()
                0x00000000c0013651                beepThread(void*)
                0x00000000c0013694                Buzzer::beep(int, int, bool)
 .text          0x00000000c0013702      0x467 hal/clock.32
                0x00000000c0013702                User::loadClockSettings(int)
                0x00000000c0013754                Clock::Clock(char const*)
                0x00000000c0013754                Clock::Clock(char const*)
                0x00000000c001378a                Clock::~Clock()
                0x00000000c001378a                Clock::~Clock()
                0x00000000c00137ae                Clock::~Clock()
                0x00000000c00137d8                Clock::timeInSecondsLocal()
                0x00000000c0013820                Clock::setTimeInSecondsLocal(unsigned long long)
                0x00000000c0013879                datetimeToSeconds(datetime_t)
                0x00000000c00139a0                Clock::setTimeInDatetimeLocal(datetime_t)
                0x00000000c0013a00                secondsToDatetime(unsigned long long)
                0x00000000c0013b44                Clock::timeInDatetimeLocal()
 *fill*         0x00000000c0013b69        0x1 
 .text          0x00000000c0013b6a      0x504 hal/device.32
                0x00000000c0013b6a                Device::hibernate()
                0x00000000c0013b6c                Device::wake()
                0x00000000c0013b6e                Device::detect()
                0x00000000c0013b70                Device::disableLegacy()
                0x00000000c0013b72                Device::powerSaving(PowerSavingLevel)
                0x00000000c0013b74                DriverlessDevice::close(int, int, void*)
                0x00000000c0013b78                DriverlessDevice::detect()
                0x00000000c0013b7a                DriverlessDevice::open(int, int, void*)
                0x00000000c0013b8e                Device::~Device()
                0x00000000c0013b8e                Device::~Device()
                0x00000000c0013b9c                Device::~Device()
                0x00000000c0013bc4                Device::findAndLoadDriver()
                0x00000000c0013bd2                Device::preOpenPCI(PCIDeviceInfo)
                0x00000000c0013bf8                Device::preOpenACPI(void*, char*, char*)
                0x00000000c0013c38                Device::addIRQHandler(int, void (*)(regs*, void*), bool, void*)
                0x00000000c0013c76                Device::getParent()
                0x00000000c0013c82                Device::removeIRQHandler(int, void (*)(regs*, void*), bool)
                0x00000000c0013cc0                Device::addChild(Device*)
                0x00000000c0013d04                Device::removeAllChildren()
                0x00000000c0013d4a                Device::hibernateAll()
                0x00000000c0013d7a                Device::wakeAll()
                0x00000000c0013daa                Device::detectAll()
                0x00000000c0013dda                Device::disableLegacyAll()
                0x00000000c0013e0a                Device::loadDriversForAll()
                0x00000000c0013e4a                Device::closeAll()
                0x00000000c0013e80                Device::powerSavingAll(PowerSavingLevel)
                0x00000000c0013eb6                Device::setName(char const*)
                0x00000000c0013ec4                Device::Device(char const*)
                0x00000000c0013ec4                Device::Device(char const*)
                0x00000000c0013fc0                Device::getName()
                0x00000000c0013fca                DriverlessDevice::DriverlessDevice(char const*)
                0x00000000c0013fca                DriverlessDevice::DriverlessDevice(char const*)
                0x00000000c0014000                Device::addToLinkedList(LinkedList<Device>&, DeviceType)
                0x00000000c0014044                getDevicesOfType(DeviceType)
 .text          0x00000000c001406e       0x84 hal/diskctrl.32
                0x00000000c001406e                HardDiskController::HardDiskController(char const*)
                0x00000000c001406e                HardDiskController::HardDiskController(char const*)
                0x00000000c00140a4                HardDiskController::~HardDiskController()
                0x00000000c00140a4                HardDiskController::~HardDiskController()
                0x00000000c00140c8                HardDiskController::~HardDiskController()
 .text          0x00000000c00140f2       0xe2 hal/diskphys.32
                0x00000000c00140f2                PhysicalDisk::eject()
                0x00000000c00140f6                PhysicalDisk::PhysicalDisk(char const*, int)
                0x00000000c00140f6                PhysicalDisk::PhysicalDisk(char const*, int)
                0x00000000c001415e                PhysicalDisk::startCache()
                0x00000000c0014186                PhysicalDisk::~PhysicalDisk()
                0x00000000c0014186                PhysicalDisk::~PhysicalDisk()
                0x00000000c00141aa                PhysicalDisk::~PhysicalDisk()
 .text          0x00000000c00141d4      0x13b hal/fpu.32
                0x00000000c00141d4                FPU::FPU(char const*)
                0x00000000c00141d4                FPU::FPU(char const*)
                0x00000000c001420a                FPU::~FPU()
                0x00000000c001420a                FPU::~FPU()
                0x00000000c001422e                FPU::~FPU()
                0x00000000c0014258                setupFPU()
 *fill*         0x00000000c001430f        0x1 
 .text          0x00000000c0014310     0x143b hal/intctrl.32
                0x00000000c0014310                InterruptController::uninstallISRHandler(int, void (*)(regs*, void*))
                0x00000000c0014348                InterruptController::installISRHandler(int, void (*)(regs*, void*), void*)
                0x00000000c001439a                doubleFault(regs*, void*)
                0x00000000c00143b4                InterruptController::installIRQHandler(int, void (*)(regs*, void*), bool, void*)
                0x00000000c0014450                InterruptController::clearAllHandlers(int, bool)
                0x00000000c00144f8                InterruptController::uninstallIRQHandler(int, void (*)(regs*, void*), bool)
                0x00000000c001457f                nmiHandler(regs*, void*)
                0x00000000c001458d                int_handler
                0x00000000c001462e                InterruptController::InterruptController(char const*)
                0x00000000c001462e                InterruptController::InterruptController(char const*)
                0x00000000c00146d4                InterruptController::~InterruptController()
                0x00000000c00146d4                InterruptController::~InterruptController()
                0x00000000c00146f8                InterruptController::~InterruptController()
                0x00000000c0014722                displayDebugInfo(regs*)
                0x00000000c0014bb1                x87EmulHandler(regs*, void*)
                0x00000000c0014c24                gpFault(regs*, void*)
                0x00000000c0014c5d                pgFault(regs*, void*)
                0x00000000c0014cac                otherISRHandler(regs*, void*)
                0x00000000c0014ccb                opcodeFault(regs*, void*)
                0x00000000c00152e8                displayProgramFault(char const*)
                0x00000000c0015310                setupInterruptController()
                0x00000000c00156fe                InterruptController::convertLegacyIRQNumber(int)
 *fill*         0x00000000c001574b        0x1 
 .text          0x00000000c001574c      0x784 hal/keybrd.32
                0x00000000c001574c                startGUI(void*)
                0x00000000c00157b8                startGUIVESA(void*)
                0x00000000c0015824                sendKeyToTerminal(unsigned char)
                0x00000000c00158e2                sendKeyboardToken(KeyboardToken)
                0x00000000c0015d1f                clearInternalKeybuffer(VgaText*)
                0x00000000c0015d54                readKeyboard(VgaText*, char*, unsigned long)
                0x00000000c0015e46                Keyboard::Keyboard(char const*)
                0x00000000c0015e46                Keyboard::Keyboard(char const*)
                0x00000000c0015e82                Keyboard::~Keyboard()
                0x00000000c0015e82                Keyboard::~Keyboard()
                0x00000000c0015ea6                Keyboard::~Keyboard()
 .text          0x00000000c0015ed0      0x3ea hal/logidisk.32
                0x00000000c0015ed0                LogicalDisk::close(int, int, void*)
                0x00000000c0015ed4                LogicalDisk::~LogicalDisk()
                0x00000000c0015ed4                LogicalDisk::~LogicalDisk()
                0x00000000c0015ef8                LogicalDisk::~LogicalDisk()
                0x00000000c0015f22                LogicalDisk::open(int, int, void*)
                0x00000000c0015f36                LogicalDisk::absoluteToRelative(unsigned long long)
                0x00000000c0015f6e                LogicalDisk::relativeToAbsolute(unsigned long long)
                0x00000000c0015fb4                LogicalDisk::LogicalDisk(char const*, PhysicalDisk*, unsigned long long, unsigned long long)
                0x00000000c0015fb4                LogicalDisk::LogicalDisk(char const*, PhysicalDisk*, unsigned long long, unsigned long long)
                0x00000000c001606a                LogicalDisk::assignDriveLetter()
                0x00000000c0016120                LogicalDisk::mount()
                0x00000000c0016168                LogicalDisk::unmount()
                0x00000000c0016178                LogicalDisk::eject()
                0x00000000c001618c                LogicalDisk::unassignDriveLetter()
                0x00000000c00161e2                LogicalDisk::read(unsigned long long, int, void*)
                0x00000000c001624e                LogicalDisk::write(unsigned long long, int, void*)
 .text          0x00000000c00162ba       0x84 hal/mouse.32
                0x00000000c00162ba                Mouse::Mouse(char const*)
                0x00000000c00162ba                Mouse::Mouse(char const*)
                0x00000000c00162f0                Mouse::~Mouse()
                0x00000000c00162f0                Mouse::~Mouse()
                0x00000000c0016314                Mouse::~Mouse()
 .text          0x00000000c001633e      0x339 hal/partition.32
                0x00000000c001633e                makePartition(PhysicalDisk*, unsigned long long, unsigned long long)
                0x00000000c00163e6                createPartitionsForDisk(PhysicalDisk*)
 *fill*         0x00000000c0016677        0x1 
 .text          0x00000000c0016678       0x84 hal/serial.32
                0x00000000c0016678                Serial::Serial(char const*)
                0x00000000c0016678                Serial::Serial(char const*)
                0x00000000c00166ae                Serial::~Serial()
                0x00000000c00166ae                Serial::~Serial()
                0x00000000c00166d2                Serial::~Serial()
 .text          0x00000000c00166fc      0x2f3 hal/timer.32
                0x00000000c00166fc                Timer::Timer(char const*)
                0x00000000c00166fc                Timer::Timer(char const*)
                0x00000000c0016732                Timer::~Timer()
                0x00000000c0016732                Timer::~Timer()
                0x00000000c0016756                Timer::~Timer()
                0x00000000c0016780                Timer::read()
                0x00000000c001678b                timerHandler(unsigned long long)
                0x00000000c00168fd                setupTimer(int)
 *fill*         0x00000000c00169ef        0x1 
 .text          0x00000000c00169f0      0x49a hal/vcache.32
                0x00000000c00169f0                VCache::VCache(PhysicalDisk*)
                0x00000000c00169f0                VCache::VCache(PhysicalDisk*)
                0x00000000c0016b58                VCache::invalidateReadBuffer()
                0x00000000c0016b68                VCache::writeWriteBuffer()
                0x00000000c0016bb4                VCache::~VCache()
                0x00000000c0016bb4                VCache::~VCache()
                0x00000000c0016c08                VCache::~VCache()
                0x00000000c0016c30                VCache::write(unsigned long long, int, void*)
                0x00000000c0016d66                VCache::read(unsigned long long, int, void*)
 .text          0x00000000c0016e8a      0x4b3 hal/video.32
                0x00000000c0016e8a                Video::putrect(int, int, int, int, unsigned int)
                0x00000000c0016ed6                Video::bitblit(int, int, int, int, int, int, int, unsigned int*)
                0x00000000c0016f46                Video::blit(unsigned int*, int, int, int, int)
                0x00000000c0016fc4                Video::clearScreen(unsigned int)
                0x00000000c0016ff8                Video::putpixel(int, int, unsigned int)
                0x00000000c0017006                Video::Video(char const*)
                0x00000000c0017006                Video::Video(char const*)
                0x00000000c001703c                Video::~Video()
                0x00000000c001703c                Video::~Video()
                0x00000000c0017060                Video::~Video()
                0x00000000c001708a                Video::isMonochrome()
                0x00000000c0017096                Video::getWidth()
                0x00000000c00170a2                Video::getHeight()
                0x00000000c00170ae                Video::drawCursor(int, int, unsigned char*, int)
                0x00000000c001716a                Video::tgaParse(unsigned char*, int, int*, int*)
                0x00000000c00172d2                Video::putTGA(int, int, unsigned char*, int)
 *fill*         0x00000000c001733d        0x1 
 .text          0x00000000c001733e     0x12eb hw/acpi.32
                0x00000000c001733e                ACPI::close(int, int, void*)
                0x00000000c00173e3                findRSDP()
                0x00000000c00174b0                loadACPITables(unsigned char*)
                0x00000000c0017707                findRSDT(unsigned char*)
                0x00000000c00178c1                findDataTable(unsigned char*, char*)
                0x00000000c0017933                scanMADT()
                0x00000000c0017e00                ACPI::ACPI()
                0x00000000c0017e00                ACPI::ACPI()
                0x00000000c0017e64                ACPI::getPCIIRQAssignment(unsigned char, unsigned short, unsigned char)
                0x00000000c0017f46                ACPI::registerPCIIRQAssignment(void*, unsigned short, unsigned char, unsigned char)
                0x00000000c001800c                ACPI::setScreenBrightnessLevel(void*, int)
                0x00000000c0018012                ACPI::detectPCI()
                0x00000000c0018214                ACPI::writeSimpleBootFlag(SimpleBootFlagTable*)
                0x00000000c001825c                ACPI::sleep()
                0x00000000c0018274                ACPI::open(int, int, void*)
 *fill*         0x00000000c0018629        0x1 
 .text          0x00000000c001862a     0x1525 hw/cpu.32
                0x00000000c001862a                CPU::close(int, int, void*)
                0x00000000c001862e                CPU::lookupAMDName(unsigned char, unsigned char)
                0x00000000c00187c2                CPU::lookupIntelName(unsigned char, unsigned char)
                0x00000000c0018a70                CPU::AMD_K6_write_msr(unsigned int, unsigned int, unsigned int, CPU::REGS*)
                0x00000000c0018a8c                CPU::AMD_K6_read_msr(unsigned int, CPU::REGS*)
                0x00000000c0018aa4                CPU::AMD_K6_writeback(int, int, int)
                0x00000000c0018b18                CPU::cpuid(int, unsigned long*, unsigned long*, unsigned long*, unsigned long*)
                0x00000000c0018b9c                CPU::cpuidCheckEDX(unsigned int)
                0x00000000c0018bca                CPU::cpuidCheckECX(unsigned int)
                0x00000000c0018bf8                CPU::cpuidCheckExtendedEBX(unsigned int)
                0x00000000c0018c26                CPU::cpuidCheckExtendedECX(unsigned int)
                0x00000000c0018c54                CPU::CPU()
                0x00000000c0018c54                CPU::CPU()
                0x00000000c0018ce2                CPU::displayFeatures()
                0x00000000c0018ce4                CPU::detectFeatures()
                0x00000000c00196d6                CPU::setupSMEP()
                0x00000000c00196e2                CPU::setupUMIP()
                0x00000000c00196ec                CPU::setupTSC()
                0x00000000c00196f6                CPU::setupLargePages()
                0x00000000c0019700                CPU::setupPAT()
                0x00000000c001973c                CPU::setupMTRR()
                0x00000000c001973e                CPU::setupGlobalPages()
                0x00000000c0019748                CPU::allowUsermodeDataAccess()
                0x00000000c001975a                CPU::prohibitUsermodeDataAccess()
                0x00000000c001976c                CPU::setupSMAP()
                0x00000000c001977a                CPU::setupFeatures()
                0x00000000c00197fa                CPU::open(int, int, void*)
                0x00000000c0019954                CPU::decodeAddress(regs*, int*, bool*, unsigned char*)
 .text          0x00000000c0019b4f        0x0 hw/ports.32
 .text          0x00000000c0019b4f      0x16a hw/smp.32
                0x00000000c0019b4f                Krnl::smpEntry()
                0x00000000c0019b51                Krnl::startCPU(int)
                0x00000000c0019c9a                Krnl::startCPUs()
 *fill*         0x00000000c0019cb9        0x1 
 .text          0x00000000c0019cba      0x581 krnl/env.32
                0x00000000c0019cba                EnvVarContainer::getEnv(char const*)
                0x00000000c0019cf8                EnvVarContainer::setEnv(char const*, char const*)
                0x00000000c0019dba                EnvVarContainer::deleteEnv(char const*)
                0x00000000c0019dbc                EnvVarContainer::loadFrom(char const*, char const*)
                0x00000000c0019fa2                EnvVarContainer::__loadSystem()
                0x00000000c0019fbc                EnvVarContainer::__loadUser()
                0x00000000c0019fbe                EnvVarContainer::EnvVarContainer(Process*)
                0x00000000c0019fbe                EnvVarContainer::EnvVarContainer(Process*)
                0x00000000c0019fe0                EnvVarContainer::~EnvVarContainer()
                0x00000000c0019fe0                EnvVarContainer::~EnvVarContainer()
                0x00000000c001a010                Krnl::getEnv(Process*, char const*)
                0x00000000c001a075                Krnl::setEnvSystem(char const*, char const*)
                0x00000000c001a08f                Krnl::setEnvUser(char const*, char const*)
                0x00000000c001a0ae                Krnl::setEnvProcess(Process*, char const*, char const*)
                0x00000000c001a0c1                Krnl::deleteEnvSystem(char const*)
                0x00000000c001a0c2                Krnl::deleteEnvUser(char const*)
                0x00000000c001a0c3                Krnl::deleteEnvProcess(Process*, char const*)
                0x00000000c001a0c4                Krnl::newProcessEnv(Process*)
                0x00000000c001a0e6                Krnl::copyProcessEnv(Process*, Process*)
                0x00000000c001a132                Krnl::loadSystemEnv()
                0x00000000c001a160                Krnl::loadUserEnv()
                0x00000000c001a186                Krnl::flushEnv()
                0x00000000c001a187                Krnl::getProcessTotalEnvCount(Process*)
                0x00000000c001a1a7                Krnl::getProcessEnvPair(Process*, int)
 .text          0x00000000c001a23b      0x39c krnl/panic.32
                0x00000000c001a23b                Krnl::panic(char const*)
 .text          0x00000000c001a5d7      0x57f net/ethernet.32
                0x00000000c001a5d7                Net::switchEndian16(unsigned short)
                0x00000000c001a5f8                Net::switchEndian32(unsigned int)
                0x00000000c001a627                Net::crc32Calc(unsigned char*, int)
                0x00000000c001a6b8                Net::wrapEthernetFrame(Net::UnwrappedEthernetFrame, unsigned char*)
                0x00000000c001a8cb                Net::unwrapEthernetFrame(unsigned char*, int)
 .text          0x00000000c001ab56      0x50e reg/registry.32
                0x00000000c001ab56                Reg::findLineFromLoadedData(char*, char*, char*)
                0x00000000c001acae                Reg::getLineFromRegistry(char*, char*, char*, char*)
                0x00000000c001ae03                Reg::getLine(char*, char*, char*)
                0x00000000c001ae3a                Reg::readInt(char*, char*, int*)
                0x00000000c001af25                Reg::readString(char*, char*, char*, int)
                0x00000000c001afa6                Reg::readBool(char*, char*, bool*)
                0x00000000c001afcb                Reg::readBoolWithDefault(char*, char*, bool)
                0x00000000c001aff7                Reg::readIntWithDefault(char*, char*, int)
                0x00000000c001b023                Reg::readStringWithDefault(char*, char*, char*, int, char*)
 .text          0x00000000c001b064       0x36 sys/sc_eject.32
                0x00000000c001b064                Sys::eject(regs*)
 .text          0x00000000c001b09a       0x18 sys/sc_exit.32
                0x00000000c001b09a                Sys::exit(regs*)
 .text          0x00000000c001b0b2       0x1f sys/sc_getcwd.32
                0x00000000c001b0b2                Sys::getCwd(regs*)
 .text          0x00000000c001b0d1        0xc sys/sc_getpid.32
                0x00000000c001b0d1                Sys::getPID(regs*)
 .text          0x00000000c001b0dd       0x1a sys/sc_getramdata.32
                0x00000000c001b0dd                Sys::getRAMData(regs*)
 .text          0x00000000c001b0f7       0x84 sys/sc_getvgaptr.32
                0x00000000c001b0f7                Sys::getVGAPtr(regs*)
 .text          0x00000000c001b17b       0xa8 sys/sc_loaddll.32
                0x00000000c001b17b                Sys::loadDLL(regs*)
 .text          0x00000000c001b223       0x68 sys/sc_read.32
                0x00000000c001b223                Sys::read(regs*)
 .text          0x00000000c001b28b       0x55 sys/sc_sbrk.32
                0x00000000c001b28b                Sys::sbrk(regs*)
 .text          0x00000000c001b2e0       0x1c sys/sc_setcwd.32
                0x00000000c001b2e0                Sys::setCwd(regs*)
 .text          0x00000000c001b2fc       0x95 sys/sc_settime.32
                0x00000000c001b2fc                Sys::setTime(regs*)
 .text          0x00000000c001b391       0x4a sys/sc_timezone.32
                0x00000000c001b391                Sys::timezone(regs*)
 .text          0x00000000c001b3db       0x68 sys/sc_write.32
                0x00000000c001b3db                Sys::write(regs*)
 .text          0x00000000c001b443       0x62 sys/sc_wsbe.32
                0x00000000c001b443                Sys::wsbe(regs*)
 .text          0x00000000c001b4a5       0x46 sys/sc_yield.32
                0x00000000c001b4a5                Sys::yield(regs*)
 .text          0x00000000c001b4eb      0xf84 sys/syscalls.32
                0x00000000c001b4eb                sysCallSeekDir(regs*)
                0x00000000c001b4f0                sysCallTellDir(regs*)
                0x00000000c001b4f5                sysCallVerify(regs*)
                0x00000000c001b4ff                sysCallGetArgc(regs*)
                0x00000000c001b50f                sysFormatDisk(regs*)
                0x00000000c001b579                sysSetDiskVolumeLabel(regs*)
                0x00000000c001b5bf                sysGetDiskVolumeLabel(regs*)
                0x00000000c001b610                sysShutdown(regs*)
                0x00000000c001b66e                sysCallRealpath(regs*)
                0x00000000c001b6b1                sysCallReadDir(regs*)
                0x00000000c001b730                sysCallIsATTY(regs*)
                0x00000000c001b78a                sysCallSeek(regs*)
                0x00000000c001b7e1                sysCallTell(regs*)
                0x00000000c001b84d                sysCallSize(regs*)
                0x00000000c001b8bf                sysCallSizeFromFilename(regs*)
                0x00000000c001b96e                sysCallClose(regs*)
                0x00000000c001b9ce                sysCallOpenDir(regs*)
                0x00000000c001ba43                sysCallCloseDir(regs*)
                0x00000000c001ba97                sysCallMakeDir(regs*)
                0x00000000c001bb07                sysCallWait(regs*)
                0x00000000c001bb21                sysCallNotImpl(regs*)
                0x00000000c001bb3c                sysPanic(regs*)
                0x00000000c001bb56                sysCallRmdir(regs*)
                0x00000000c001bbba                sysCallUnlink(regs*)
                0x00000000c001bc1e                sysCallGetArgv(regs*)
                0x00000000c001bc6a                sysCallTTYName(regs*)
                0x00000000c001bced                sysCallUSleep(regs*)
                0x00000000c001bd14                sysCallSpawn(regs*)
                0x00000000c001bd7c                sysCallGetEnv(regs*)
                0x00000000c001be29                sysAppSettings(regs*)
                0x00000000c001bf3d                sysSetFatAttrib(regs*)
                0x00000000c001bfaf                sysPipe(regs*)
                0x00000000c001bff4                sysGetUnixTime(regs*)
                0x00000000c001c008                string_ends_with(char const*, char const*)
                0x00000000c001c050                sysCallOpen(regs*)
                0x00000000c001c238                Sys::loadSyscalls()
                0x00000000c001c42d                Sys::systemCall(regs*, void*)
 .text          0x00000000c001c46f     0x1203 thr/elf.32
                0x00000000c001c46f                Thr::allocateMemoryForTask(Process*, File*, unsigned long, unsigned long, unsigned long)
                0x00000000c001c719                Thr::loadProgramIntoMemory(Process*, char const*)
                0x00000000c001c92f                Thr::runtimeReferenceHelper()
                0x00000000c001c942                Thr::getAddressOfKernelSymbol(char const*)
                0x00000000c001c991                Thr::loadKernelSymbolTable(char const*)
                0x00000000c001cc4f                Thr::loadDriverIntoMemory(char const*, unsigned long, bool)
                0x00000000c001d385                Thr::getDriverBaseFromAddress(unsigned long)
                0x00000000c001d3b7                Thr::getDriverNameFromAddress(unsigned long)
                0x00000000c001d3ee                Thr::getDriverOffsetFromAddress(unsigned long)
                0x00000000c001d408                Thr::loadDLL(char const*, bool)
                0x00000000c001d639                Thr::executeDLL(unsigned long, void*)
 .text          0x00000000c001d672     0x11ff thr/prcssthr.32
                0x00000000c001d672                userModeEntryPoint(void*)
                0x00000000c001d698                changeTSS
                0x00000000c001d6c8                switchToThread(ThreadControlBlock*)
                0x00000000c001d772                Process::addArgs(char**)
                0x00000000c001d7cc                Process::Process(char const*, Process*, char**)
                0x00000000c001d7cc                Process::Process(char const*, Process*, char**)
                0x00000000c001d9b0                Process::Process(bool, char const*, Process*, char**)
                0x00000000c001d9b0                Process::Process(bool, char const*, Process*, char**)
                0x00000000c001db5f                taskStartupFunction
                0x00000000c001db68                Semaphore::Semaphore(int)
                0x00000000c001db68                Semaphore::Semaphore(int)
                0x00000000c001db96                Mutex::Mutex()
                0x00000000c001db96                Mutex::Mutex()
                0x00000000c001dba8                Process::createThread(void (*)(void*), void*, int)
                0x00000000c001dcae                Process::createUserThread()
                0x00000000c001dcca                setupMultitasking(void (*)())
                0x00000000c001ddcd                schedule()
                0x00000000c001de52                Semaphore::tryAcquire()
                0x00000000c001df0e                Semaphore::assertLocked(char const*)
                0x00000000c001df7d                blockTaskWithSchedulerLockAlreadyHeld(TaskState)
                0x00000000c001dfa3                blockTask(TaskState)
                0x00000000c001dfd0                waitTask(int, int*, int)
                0x00000000c001e012                nanoSleepUntil(unsigned long long)
                0x00000000c001e0a7                nanoSleep(unsigned long long)
                0x00000000c001e0bf                sleep(unsigned long long)
                0x00000000c001e0dc                Semaphore::acquire()
                0x00000000c001e18d                taskReturned
                0x00000000c001e1c8                Thr::processFromPID(int)
                0x00000000c001e25f                unblockTask(ThreadControlBlock*)
                0x00000000c001e2f4                cleanupTerminatedTask(ThreadControlBlock*)
                0x00000000c001e59b                cleanerTaskFunction(void*)
                0x00000000c001e67c                terminateTask(int)
                0x00000000c001e73b                Thr::terminateFromIRQ(int)
                0x00000000c001e748                Semaphore::release()
 .text          0x00000000c001e871      0xada vm86/vm8086.32
                0x00000000c001e871                Vm::inbv(unsigned short)
                0x00000000c001e884                Vm::outbv(unsigned short, unsigned char)
                0x00000000c001e8ba                Vm::realToLinear(unsigned short, unsigned short)
                0x00000000c001e8ca                Vm::getSegment(unsigned int)
                0x00000000c001e8d2                Vm::getOffset(unsigned int)
                0x00000000c001e8d7                Vm::mainloop2()
                0x00000000c001e911                Vm::mainVm8086Loop(void*)
                0x00000000c001e921                Vm::mainloop3(unsigned long)
                0x00000000c001e947                Vm::initialise8086()
                0x00000000c001e98a                Vm::finish8086()
                0x00000000c001e9eb                Vm::getOutput8086(unsigned char*)
                0x00000000c001ea10                Vm::start8086(char const*, unsigned short, unsigned short, unsigned short, unsigned short)
                0x00000000c001eb78                Vm::doISR(regs*, int, unsigned char*, unsigned short, unsigned short)
                0x00000000c001ec02                Vm::readByteFromReal(unsigned short, unsigned short)
                0x00000000c001ec13                Vm::readWordFromReal(unsigned short, unsigned short)
                0x00000000c001ec25                Vm::readDwordFromReal(unsigned short, unsigned short)
                0x00000000c001ec36                Vm::writeByteFromReal(unsigned short, unsigned short, unsigned char)
                0x00000000c001ec4b                Vm::writeWordFromReal(unsigned short, unsigned short, unsigned short)
                0x00000000c001ec61                Vm::writeDwordFromReal(unsigned short, unsigned short, unsigned int)
                0x00000000c001ec76                Vm::faultHandler(regs*)
 .text          0x00000000c001f34b      0xefd vm86/x87em.32
                0x00000000c001f34b                Vm::fpuInternalTo32(unsigned long long)
                0x00000000c001f3a6                Vm::fpuInternalTo64(unsigned long long)
                0x00000000c001f3af                Vm::fpu32ToInternal(unsigned int)
                0x00000000c001f3f4                Vm::fpu64ToInternal(unsigned long long)
                0x00000000c001f3fd                Vm::fpuFloatToLong(unsigned long long)
                0x00000000c001f458                Vm::fpuULongToFloat(unsigned long long)
                0x00000000c001f48e                Vm::fpuLongToFloat(long long)
                0x00000000c001f4e4                Vm::fpuGet0()
                0x00000000c001f4e9                Vm::fpuGet1()
                0x00000000c001f4f1                Vm::fpuGetPi()
                0x00000000c001f4f9                Vm::fpuGetLog2E()
                0x00000000c001f511                Vm::fpuGetLogE2()
                0x00000000c001f529                Vm::fpuGetLog210()
                0x00000000c001f541                Vm::fpuGetLog102()
                0x00000000c001f559                Vm::fpuIsSecondLarger(unsigned long long, unsigned long long)
                0x00000000c001f56d                Vm::fpuAreEqual(unsigned long long, unsigned long long)
                0x00000000c001f583                Vm::fpuUnorderedCompare(unsigned long long, unsigned long long)
                0x00000000c001f5d6                Vm::fpuAdd(unsigned long long, unsigned long long)
                0x00000000c001f5e7                Vm::fpuAbs(unsigned long long)
                0x00000000c001f5f0                Vm::fpuChs(unsigned long long)
                0x00000000c001f600                Vm::fpuSub(unsigned long long, unsigned long long)
                0x00000000c001f60f                Vm::fpuMultiply(unsigned long long, unsigned long long)
                0x00000000c001f62e                Vm::fpuDivide(unsigned long long, unsigned long long)
                0x00000000c001f64a                Vm::fpuSquare(unsigned long long)
                0x00000000c001f660                Vm::fpuGetReg(int)
                0x00000000c001f6a3                Vm::fpuSetReg(int, unsigned long long)
                0x00000000c001f6ee                Vm::fpuPush(unsigned long long)
                0x00000000c001f74b                Vm::fpuPop()
                0x00000000c001f79d                Vm::x87Handler(regs*)
 .text          0x00000000c0020248     0x12d7 fs/fat/vfslink.32
                0x00000000c0020248                FAT::getName()
                0x00000000c002024e                FAT::tell(void*, unsigned long long*)
                0x00000000c0020282                FAT::stat(void*, unsigned long long*)
                0x00000000c00202b6                FAT::~FAT()
                0x00000000c00202b6                FAT::~FAT()
                0x00000000c00202da                FAT::~FAT()
                0x00000000c0020302                FAT::getlabel(LogicalDisk*, int, char*, unsigned int*)
                0x00000000c00203a0                FAT::setlabel(LogicalDisk*, int, char*)
                0x00000000c002045a                FAT::format(LogicalDisk*, int, char const*, int)
                0x00000000c0020618                FAT::tryMount(LogicalDisk*, int)
                0x00000000c002081e                FAT::allocateSwapfile(char const*, int)
                0x00000000c00209da                FAT::readDir(void*, unsigned long, void*, int*)
                0x00000000c0020b34                FAT::read(void*, unsigned long, void*, int*)
                0x00000000c0020b8e                FAT::write(void*, unsigned long, void*, int*)
                0x00000000c0020be8                FAT::close(void*)
                0x00000000c0020c34                FAT::closeDir(void*)
                0x00000000c0020c80                FAT::seek(void*, unsigned long long)
                0x00000000c0020cd4                fatWrapperReadDisk
                0x00000000c0020d1b                fatWrapperWriteDisk
                0x00000000c0020d62                fatWrapperIoctl
                0x00000000c0020e66                FAT::FAT()
                0x00000000c0020e66                FAT::FAT()
                0x00000000c0020eb8                FAT::fixFilepath(char*)
                0x00000000c0020ef0                FAT::open(char const*, void**, FileOpenMode)
                0x00000000c0021018                FAT::openDir(char const*, void**)
                0x00000000c00210be                FAT::stat(char const*, unsigned long long*, bool*)
                0x00000000c00211a8                FAT::unlink(char const*)
                0x00000000c0021222                FAT::chfatattr(char const*, unsigned char, unsigned char)
                0x00000000c0021376                FAT::rename(char const*, char const*)
                0x00000000c002143a                FAT::mkdir(char const*)
                0x00000000c00214b4                FAT::exists(char const*)
 *fill*         0x00000000c002151f        0x1 
 .text          0x00000000c0021520      0xb75 fs/iso9660/vfslink.32
                0x00000000c0021520                ISO9660::format(LogicalDisk*, int, char const*, int)
                0x00000000c0021526                ISO9660::seek(void*, unsigned long long)
                0x00000000c0021556                ISO9660::tell(void*, unsigned long long*)
                0x00000000c002157a                ISO9660::getName()
                0x00000000c0021580                ISO9660::stat(void*, unsigned long long*)
                0x00000000c00215a4                ISO9660::chfatattr(char const*, unsigned char, unsigned char)
                0x00000000c00215aa                ISO9660::unlink(char const*)
                0x00000000c00215b0                ISO9660::write(void*, unsigned long, void*, int*)
                0x00000000c00215b6                ISO9660::rename(char const*, char const*)
                0x00000000c00215bc                ISO9660::mkdir(char const*)
                0x00000000c00215c2                ISO9660::close(void*)
                0x00000000c00215e4                ISO9660::closeDir(void*)
                0x00000000c0021606                ISO9660::~ISO9660()
                0x00000000c0021606                ISO9660::~ISO9660()
                0x00000000c002162a                ISO9660::~ISO9660()
                0x00000000c0021651                __memmem(unsigned char*, int, unsigned char*, int)
                0x00000000c0021693                readSectorFromCDROM(unsigned int, unsigned char*, char)
                0x00000000c00216ee                ISO9660::tryMount(LogicalDisk*, int)
                0x00000000c002173e                ISO9660::read(void*, unsigned long, void*, int*)
                0x00000000c0021942                ISO9660::readDir(void*, unsigned long, void*, int*)
                0x00000000c0021bbc                readRoot(unsigned int*, unsigned int*, char)
                0x00000000c0021c10                readRecursively(char*, unsigned int, unsigned int, unsigned int*, unsigned int*, char, int*)
                0x00000000c0021de3                getFileData(char*, unsigned int*, unsigned int*, char, int*)
                0x00000000c0021e72                ISO9660::open(char const*, void**, FileOpenMode)
                0x00000000c0021f20                ISO9660::exists(char const*)
                0x00000000c0021f44                ISO9660::stat(char const*, unsigned long long*, bool*)
                0x00000000c0021fd8                ISO9660::openDir(char const*, void**)
                0x00000000c0022072                ISO9660::ISO9660()
                0x00000000c0022072                ISO9660::ISO9660()
 *fill*         0x00000000c0022095        0x1 
 .text          0x00000000c0022096      0x396 hal/sound/sndchannel.32
                0x00000000c0022096                SoundChannel::SoundChannel(int, int, int, int)
                0x00000000c0022096                SoundChannel::SoundChannel(int, int, int, int)
                0x00000000c00221c0                SoundChannel::~SoundChannel()
                0x00000000c00221c0                SoundChannel::~SoundChannel()
                0x00000000c00221dc                SoundChannel::getSampleRate()
                0x00000000c00221e4                SoundChannel::getBits()
                0x00000000c00221ec                SoundChannel::getBufferUsed()
                0x00000000c00221f4                SoundChannel::getBufferSize()
                0x00000000c00221fc                SoundChannel::unbuffer(float*, int, int)
                0x00000000c0022290                SoundChannel::buffer16(short*, int)
                0x00000000c002238c                SoundChannel::buffer8(unsigned char*, int)
 .text          0x00000000c002242c      0x43e hal/sound/sndhw.32
                0x00000000c002242c                SoundDevice::SoundDevice(char const*)
                0x00000000c002242c                SoundDevice::SoundDevice(char const*)
                0x00000000c0022498                SoundDevice::~SoundDevice()
                0x00000000c0022498                SoundDevice::~SoundDevice()
                0x00000000c0022512                SoundDevice::~SoundDevice()
                0x00000000c002253c                SoundDevice::getFreeChannelNum()
                0x00000000c0022556                SoundDevice::addChannel(SoundChannel*)
                0x00000000c00225c6                SoundDevice::removeChannel(int)
                0x00000000c00225f8                SoundDevice::floatTo16(float*, short*, int)
                0x00000000c00226e6                SoundDevice::floatTo8(float*, unsigned char*, int)
                0x00000000c00227ce                SoundDevice::getAudio(int, float*, float*)
 .text          0x00000000c002286a        0x0 hw/bus/isa.32
 .text          0x00000000c002286a      0xb87 hw/bus/pci.32
                0x00000000c002286a                PCI::open(int, int, void*)
                0x00000000c0022888                PCI::close(int, int, void*)
                0x00000000c002288c                PCI::PCI()
                0x00000000c002288c                PCI::PCI()
                0x00000000c0022922                PCI::readBAR8(unsigned int, int)
                0x00000000c002293e                PCI::readBAR16(unsigned int, int)
                0x00000000c002295c                PCI::readBAR32(unsigned int, int)
                0x00000000c0022978                PCI::writeBAR8(unsigned int, unsigned char, int)
                0x00000000c0022998                PCI::writeBAR16(unsigned int, unsigned short, int)
                0x00000000c00229ba                PCI::writeBAR32(unsigned int, unsigned int, int)
                0x00000000c00229da                PCI::legacyMechanism(unsigned char, unsigned char, unsigned char, unsigned char)
                0x00000000c0022a48                PCI::pciReadWord(unsigned char, unsigned char, unsigned char, unsigned char)
                0x00000000c0022af0                PCI::getVendorID(unsigned char, unsigned char, unsigned char)
                0x00000000c0022b14                PCI::getHeaderType(unsigned char, unsigned char, unsigned char)
                0x00000000c0022b3c                PCI::getClassCode(unsigned char, unsigned char, unsigned char)
                0x00000000c0022b86                PCI::getProgIF(unsigned char, unsigned char, unsigned char)
                0x00000000c0022bae                PCI::getRevisionID(unsigned char, unsigned char, unsigned char)
                0x00000000c0022bd2                PCI::getInterruptNumber(unsigned char, unsigned char, unsigned char)
                0x00000000c0022bf6                PCI::getSecondaryBus(unsigned char, unsigned char, unsigned char)
                0x00000000c0022c1e                PCI::getBARAddress(unsigned char, unsigned char, unsigned char, unsigned char)
                0x00000000c0022c82                PCI::pciWriteWord(unsigned char, unsigned char, unsigned char, unsigned char, unsigned short)
                0x00000000c0022d6a                PCI::pciDetailsToFilepath(PCIDeviceInfo, char*)
                0x00000000c0022fe4                PCI::checkBus(unsigned char)
                0x00000000c0023008                PCI::foundDevice(PCIDeviceInfo)
                0x00000000c002317a                PCI::getDeviceData(unsigned char, unsigned char, unsigned char)
                0x00000000c0023332                PCI::checkDevice(unsigned char, unsigned char)
                0x00000000c002339e                PCI::detect()
 *fill*         0x00000000c00233f1        0x1 
 .text          0x00000000c00233f2      0xb54 hw/diskctrl/ide.32
                0x00000000c00233f2                IDE::close(int, int, void*)
                0x00000000c00233f6                IDE::IDE()
                0x00000000c00233f6                IDE::IDE()
                0x00000000c002342a                IDE::prepareInterrupt(unsigned char)
                0x00000000c002343c                selectDrive(unsigned char, unsigned char)
                0x00000000c002343e                IDE::getBase(unsigned char)
                0x00000000c0023450                IDE::write(unsigned char, unsigned char, unsigned char)
                0x00000000c0023510                IDE::read(unsigned char, unsigned char)
                0x00000000c00235be                IDE::waitInterrupt(unsigned char)
                0x00000000c0023624                ideChannel0IRQHandler(regs*, void*)
                0x00000000c0023640                ideChannel1IRQHandler(regs*, void*)
                0x00000000c002365c                IDE::enableIRQs(unsigned char, bool)
                0x00000000c00236a2                IDE::open(int, int, void*)
                0x00000000c0023ab0                IDE::readBuffer(unsigned char, unsigned char, unsigned int, unsigned int)
                0x00000000c0023b7c                IDE::detect()
                0x00000000c0023e42                IDE::printError(unsigned char, unsigned char, unsigned char)
                0x00000000c0023ef2                IDE::polling(unsigned char, unsigned int)
 .text          0x00000000c0023f46      0x336 hw/diskctrl/satabus.32
                0x00000000c0023f46                SATABus::close(int, int, void*)
                0x00000000c0023f4a                SATABus::detect()
                0x00000000c0023f4c                SATABus::SATABus()
                0x00000000c0023f4c                SATABus::SATABus()
                0x00000000c0023fd2                SATABus::findCmdslot(SATABus::tagHBA_PORT volatile*)
                0x00000000c002401a                SATABus::checkType(SATABus::tagHBA_PORT volatile*)
                0x00000000c0024062                SATABus::startCmd(SATABus::tagHBA_PORT volatile*)
                0x00000000c0024082                SATABus::stopCmd(SATABus::tagHBA_PORT volatile*)
                0x00000000c00240ac                SATABus::portRebase(SATABus::tagHBA_PORT volatile*, int)
                0x00000000c00241b2                SATABus::probePort(SATABus::tagHBA_MEM volatile*)
                0x00000000c002425c                SATABus::open(int, int, void*)
 .text          0x00000000c002427c      0x688 hw/diskphys/ata.32
                0x00000000c002427c                ATA::close(int, int, void*)
                0x00000000c00242a0                ATA::powerSaving(PowerSavingLevel)
                0x00000000c00242a2                ATA::ATA()
                0x00000000c00242a2                ATA::ATA()
                0x00000000c00242d0                ATA::flush(bool)
                0x00000000c002431a                ATA::readyForCommand()
                0x00000000c002436a                ATA::access(unsigned long long, int, void*, bool)
                0x00000000c0024760                ATA::read(unsigned long long, int, void*)
                0x00000000c00247ac                ATA::write(unsigned long long, int, void*)
                0x00000000c002480e                ATA::detectCHS()
                0x00000000c0024838                ATA::open(int, int, void*)
 .text          0x00000000c0024904      0x5bd hw/diskphys/atapi.32
                0x00000000c0024904                ATAPI::write(unsigned long long, int, void*)
                0x00000000c002490a                ATAPI::close(int, int, void*)
                0x00000000c002492e                ATAPI::ATAPI()
                0x00000000c002492e                ATAPI::ATAPI()
                0x00000000c002495c                ATAPI::readyForCommand()
                0x00000000c00249ac                ATAPI::sendPacket(unsigned char*, int, bool, unsigned short*, int)
                0x00000000c0024c6c                ATAPI::diskRemoved()
                0x00000000c0024c88                ATAPI::eject()
                0x00000000c0024cd0                ATAPI::diskInserted()
                0x00000000c0024cfe                ATAPI::detectMedia()
                0x00000000c0024dba                ATAPI::open(int, int, void*)
                0x00000000c0024e42                ATAPI::read(unsigned long long, int, void*)
 *fill*         0x00000000c0024ec1        0x1 
 .text          0x00000000c0024ec2      0x41c hw/diskphys/sata.32
                0x00000000c0024ec2                SATA::close(int, int, void*)
                0x00000000c0024ee6                SATA::powerSaving(PowerSavingLevel)
                0x00000000c0024ee8                SATA::open(int, int, void*)
                0x00000000c0024f92                SATA::SATA()
                0x00000000c0024f92                SATA::SATA()
                0x00000000c0024fc0                SATA::access(unsigned long long, int, void*, bool)
                0x00000000c0025226                SATA::read(unsigned long long, int, void*)
                0x00000000c0025272                SATA::write(unsigned long long, int, void*)
 .text          0x00000000c00252de      0x4fe hw/diskphys/satapi.32
                0x00000000c00252de                SATAPI::write(unsigned long long, int, void*)
                0x00000000c00252e4                SATAPI::close(int, int, void*)
                0x00000000c0025308                SATAPI::SATAPI()
                0x00000000c0025308                SATAPI::SATAPI()
                0x00000000c0025336                SATAPI::diskRemoved()
                0x00000000c0025352                SATAPI::diskInserted()
                0x00000000c0025380                SATAPI::sendPacket(unsigned char*, int, unsigned long long, unsigned short*, int)
                0x00000000c0025588                SATAPI::eject()
                0x00000000c00255d0                SATAPI::detectMedia()
                0x00000000c0025692                SATAPI::open(int, int, void*)
                0x00000000c002573a                SATAPI::read(unsigned long long, int, void*)
 .text          0x00000000c00257dc       0x8e hw/fpu/avx.32
                0x00000000c00257dc                AVX::open(int, int, void*)
                0x00000000c00257ee                AVX::close(int, int, void*)
                0x00000000c0025800                AVX::available()
                0x00000000c0025812                AVX::save(void*)
                0x00000000c002582a                AVX::load(void*)
                0x00000000c0025842                AVX::AVX()
                0x00000000c0025842                AVX::AVX()
 .text          0x00000000c002586a       0x90 hw/fpu/mmx.32
                0x00000000c002586a                MMX::available()
                0x00000000c002587e                MMX::open(int, int, void*)
                0x00000000c0025890                MMX::close(int, int, void*)
                0x00000000c00258a2                MMX::save(void*)
                0x00000000c00258ba                MMX::load(void*)
                0x00000000c00258d2                MMX::MMX()
                0x00000000c00258d2                MMX::MMX()
 .text          0x00000000c00258fa       0x96 hw/fpu/sse.32
                0x00000000c00258fa                SSE::open(int, int, void*)
                0x00000000c002590c                SSE::close(int, int, void*)
                0x00000000c002591e                SSE::available()
                0x00000000c0025938                SSE::save(void*)
                0x00000000c0025950                SSE::load(void*)
                0x00000000c0025968                SSE::SSE()
                0x00000000c0025968                SSE::SSE()
 .text          0x00000000c0025990       0x8e hw/fpu/x87.32
                0x00000000c0025990                x87::open(int, int, void*)
                0x00000000c00259a2                x87::close(int, int, void*)
                0x00000000c00259b4                x87::available()
                0x00000000c00259c6                x87::save(void*)
                0x00000000c00259de                x87::load(void*)
                0x00000000c00259f6                x87::x87()
                0x00000000c00259f6                x87::x87()
 .text          0x00000000c0025a1e      0x71e hw/intctrl/apic.32
                0x00000000c0025a1e                APIC::disable()
                0x00000000c0025a20                APIC::close(int, int, void*)
                0x00000000c0025a42                IOAPIC::close(int, int, void*)
                0x00000000c0025a48                APIC::io_wait()
                0x00000000c0025a4e                APIC::getBase()
                0x00000000c0025a90                APIC::eoi(unsigned char)
                0x00000000c0025abe                APIC::open(int, int, void*)
                0x00000000c0025c0c                IOAPIC::IOAPIC()
                0x00000000c0025c0c                IOAPIC::IOAPIC()
                0x00000000c0025c34                APIC::APIC()
                0x00000000c0025c34                APIC::APIC()
                0x00000000c0025d10                IOAPIC::handlesGSIWithNumber(unsigned int)
                0x00000000c0025d42                IOAPIC::read(int)
                0x00000000c0025d6a                IOAPIC::open(int, int, void*)
                0x00000000c0025e60                IOAPIC::write(int, int)
                0x00000000c0025e8c                IOAPIC::redirect(unsigned char, unsigned long long, unsigned char, bool, bool)
                0x00000000c0025f86                APIC::installIRQHandler(int, void (*)(regs*, void*), bool, void*)
 .text          0x00000000c002613c      0x3d3 hw/intctrl/pic.32
                0x00000000c002613c                PIC::disable()
                0x00000000c002616a                PIC::close(int, int, void*)
                0x00000000c002618c                PIC::PIC()
                0x00000000c002618c                PIC::PIC()
                0x00000000c0026262                PIC::ioWait()
                0x00000000c0026268                PIC::getIRQReg(int)
                0x00000000c00262d2                PIC::eoi(unsigned char)
                0x00000000c0026364                PIC::remap()
                0x00000000c00264d0                PIC::open(int, int, void*)
 *fill*         0x00000000c002650f        0x1 
 .text          0x00000000c0026510      0x25e hw/timer/apictimer.32
                0x00000000c0026510                APICTimer::close(int, int, void*)
                0x00000000c0026516                apicTimerHandler(regs*, void*)
                0x00000000c0026544                APICTimer::write(int)
                0x00000000c0026648                APICTimer::open(int, int, void*)
                0x00000000c0026746                APICTimer::APICTimer()
                0x00000000c0026746                APICTimer::APICTimer()
 .text          0x00000000c002676e      0x1a7 hw/timer/pit.32
                0x00000000c002676e                PIT::write(int)
                0x00000000c00267ec                pitHandler(regs*, void*)
                0x00000000c0026818                PIT::open(int, int, void*)
                0x00000000c0026866                PIT::close(int, int, void*)
                0x00000000c0026896                PIT::PIT()
                0x00000000c0026896                PIT::PIT()
 *fill*         0x00000000c0026915        0xb 
 .text          0x00000000c0026920       0x1e hw/fpu/x86/avx.32
                0x00000000c0026920                avxDetect
                0x00000000c0026926                avxSave
                0x00000000c0026927                avxLoad
                0x00000000c0026928                avxInit
                0x00000000c0026929                avxClose
                0x00000000c002692a                wouldSheSayYes
 *fill*         0x00000000c002693e        0x2 
 .text          0x00000000c0026940       0x35 hw/fpu/x86/sse.32
                0x00000000c0026940                absolutelyNoChanceInHell
                0x00000000c0026940                sseDetect
                0x00000000c0026958                sseSave
                0x00000000c002695e                sseLoad
                0x00000000c0026964                sseInit
                0x00000000c0026974                sseClose
 *fill*         0x00000000c0026975        0xb 
 .text          0x00000000c0026980       0x4d hw/fpu/x86/x87.32
                0x00000000c0026986                x87Detect
                0x00000000c00269a1                x87Save
                0x00000000c00269aa                x87Load
                0x00000000c00269b2                x87Init
                0x00000000c00269cc                x87Close
 *fill*         0x00000000c00269cd        0x3 
 .text          0x00000000c00269d0       0x25 /cygdrive/d/Users/Alex/Desktop/Toolchain/Output/bin/../lib/gcc/i386-banana/8.1.0/crtend.o
 .text          0x00000000c00269f5        0x0 crtn.32
 *fill*         0x00000000c00269f5        0x3 
 .text          0x00000000c00269f8      0x14b /cygdrive/d/Users/Alex/Desktop/Toolchain/Output/bin/../lib/gcc/i386-banana/8.1.0/libkgcc.a(_divdi3.o)
                0x00000000c00269f8                __divdi3
 *fill*         0x00000000c0026b43        0x1 
 .text          0x00000000c0026b44      0x17e /cygdrive/d/Users/Alex/Desktop/Toolchain/Output/bin/../lib/gcc/i386-banana/8.1.0/libkgcc.a(_moddi3.o)
                0x00000000c0026b44                __moddi3
 *fill*         0x00000000c0026cc2        0x2 
 .text          0x00000000c0026cc4       0xff /cygdrive/d/Users/Alex/Desktop/Toolchain/Output/bin/../lib/gcc/i386-banana/8.1.0/libkgcc.a(_udivdi3.o)
                0x00000000c0026cc4                __udivdi3
 *fill*         0x00000000c0026dc3        0x1 
 .text          0x00000000c0026dc4      0x11a /cygdrive/d/Users/Alex/Desktop/Toolchain/Output/bin/../lib/gcc/i386-banana/8.1.0/libkgcc.a(_umoddi3.o)
                0x00000000c0026dc4                __umoddi3
 .text          0x00000000c0026ede      0x96d D:/Users/Alex/Desktop/Banana/kernel/libsoftfp.a(sfieeelib.o)
                0x00000000c0026ede                __addsf3
                0x00000000c00271e0                __subsf3
                0x00000000c00271f4                __negsf2
                0x00000000c0027201                __mulsf3
                0x00000000c00273c4                __divsf3
                0x00000000c00275ef                __floatsisf
                0x00000000c0027663                __floatunsisf
                0x00000000c00276a5                __fixsfsi
                0x00000000c0027707                __fixunssfsi
                0x00000000c0027738                __cmpsf2
                0x00000000c00277cd                __eqsf2
                0x00000000c0027808                __nesf2
                0x00000000c002780a                __gtsf2
                0x00000000c0027845                __gesf2
                0x00000000c0027847                __ltsf2
                0x00000000c0027849                __lesf2
 .text          0x00000000c002784b      0xf50 D:/Users/Alex/Desktop/Banana/kernel/libsoftfp.a(dfieeelib.o)
                0x00000000c002784b                __adddf3
                0x00000000c0027e9c                __subdf3
                0x00000000c0027eb7                __negdf2