Archive member included to satisfy reference by file (symbol)

/cygdrive/d/Users/Alex/Desktop/Toolchain/Output/bin/../lib/gcc/i386-banana/8.1.0/libkgcc.a(_divdi3.o)
                              krnl/resolve.32 (__divdi3)
/cygdrive/d/Users/Alex/Desktop/Toolchain/Output/bin/../lib/gcc/i386-banana/8.1.0/libkgcc.a(_moddi3.o)
                              krnl/resolve.32 (__moddi3)
/cygdrive/d/Users/Alex/Desktop/Toolchain/Output/bin/../lib/gcc/i386-banana/8.1.0/libkgcc.a(_udivdi3.o)
                              hal/clock.32 (__udivdi3)
/cygdrive/d/Users/Alex/Desktop/Toolchain/Output/bin/../lib/gcc/i386-banana/8.1.0/libkgcc.a(_umoddi3.o)
                              core/pipe.32 (__umoddi3)

Allocating common symbols
Common symbol       size              file

dcache              0x40              fs/iso9660/iso9660.32
cdDriveLetter       0x1               fs/iso9660/iso9660.32
icache              0x40              fs/iso9660/iso9660.32

Discarded input sections

 .comment       0x0000000000000000       0x12 /cygdrive/d/Users/Alex/Desktop/Toolchain/Output/bin/../lib/gcc/i386-banana/8.1.0/crtbegin.o
 .comment       0x0000000000000000       0x12 acpica/utclib.32
 .comment       0x0000000000000000       0x12 core/malloc.32
 .comment       0x0000000000000000       0x12 libk/ctype.32
 .comment       0x0000000000000000       0x12 libk/string.32
 .comment       0x0000000000000000       0x12 fs/fat/diskio.32
 .comment       0x0000000000000000       0x12 fs/fat/ff.32
 .comment       0x0000000000000000       0x12 fs/fat/ffsystem.32
 .comment       0x0000000000000000       0x12 fs/fat/ffunicode.32
 .comment       0x0000000000000000       0x12 fs/iso9660/iso9660.32
 .group         0x0000000000000000       0x14 core/computer.32
 .group         0x0000000000000000        0xc core/computer.32
 .comment       0x0000000000000000       0x12 core/computer.32
 .comment       0x0000000000000000       0x12 core/gdt.32
 .group         0x0000000000000000        0xc core/idle.32
 .comment       0x0000000000000000       0x12 core/idle.32
 .comment       0x0000000000000000       0x12 core/idt.32
 .comment       0x0000000000000000       0x12 core/kheap.32
 .comment       0x0000000000000000       0x12 core/main.32
 .comment       0x0000000000000000       0x12 core/physmgr.32
 .group         0x0000000000000000        0xc core/pipe.32
 .comment       0x0000000000000000       0x12 core/pipe.32
 .group         0x0000000000000000        0xc core/terminal.32
 .comment       0x0000000000000000       0x12 core/terminal.32
 .comment       0x0000000000000000       0x12 core/tss.32
 .group         0x0000000000000000        0x8 core/unixfile.32
 .group         0x0000000000000000        0x8 core/unixfile.32
 .group         0x0000000000000000        0xc core/unixfile.32
 .group         0x0000000000000000        0x8 core/unixfile.32
 .group         0x0000000000000000        0xc core/unixfile.32
 .group         0x0000000000000000        0x8 core/unixfile.32
 .group         0x0000000000000000        0xc core/unixfile.32
 .group         0x0000000000000000        0xc core/unixfile.32
 .comment       0x0000000000000000       0x12 core/unixfile.32
 .comment       0x0000000000000000       0x12 core/virtmgr.32
 .comment       0x0000000000000000       0x12 coreobjs/c++.32
 .comment       0x0000000000000000       0x12 dbg/kconsole.32
 .comment       0x0000000000000000       0x12 dbg/usban.32
 .comment       0x0000000000000000       0x12 fs/symlink.32
 .group         0x0000000000000000        0xc fs/vfs.32
 .group         0x0000000000000000        0xc fs/vfs.32
 .group         0x0000000000000000        0xc fs/vfs.32
 .comment       0x0000000000000000       0x12 fs/vfs.32
 .group         0x0000000000000000        0xc hal/bus.32
 .comment       0x0000000000000000       0x12 hal/bus.32
 .comment       0x0000000000000000       0x12 hal/buzzer.32
 .group         0x0000000000000000        0xc hal/clock.32
 .comment       0x0000000000000000       0x12 hal/clock.32
 .group         0x0000000000000000       0x14 hal/device.32
 .group         0x0000000000000000        0xc hal/device.32
 .group         0x0000000000000000        0x8 hal/device.32
 .group         0x0000000000000000        0xc hal/device.32
 .group         0x0000000000000000        0xc hal/device.32
 .comment       0x0000000000000000       0x12 hal/device.32
 .group         0x0000000000000000        0xc hal/diskctrl.32
 .comment       0x0000000000000000       0x12 hal/diskctrl.32
 .group         0x0000000000000000        0xc hal/diskphys.32
 .comment       0x0000000000000000       0x12 hal/diskphys.32
 .comment       0x0000000000000000       0x12 hal/fpu.32
 .comment       0x0000000000000000       0x12 hal/intctrl.32
 .group         0x0000000000000000        0xc hal/keybrd.32
 .comment       0x0000000000000000       0x12 hal/keybrd.32
 .group         0x0000000000000000        0xc hal/logidisk.32
 .comment       0x0000000000000000       0x12 hal/logidisk.32
[...]
Memory Configuration

Name             Origin             Length             Attributes
*default*        0x0000000000000000 0xffffffffffffffff

Linker script and memory map

LOAD D:/Users/Alex/Desktop/Banana/kernel/boot.32
LOAD crti.32
LOAD /cygdrive/d/Users/Alex/Desktop/Toolchain/Output/bin/../lib/gcc/i386-banana/8.1.0/crtbegin.o
LOAD D:/Users/Alex/Desktop/Banana/kernel/morenasm.32
LOAD acpica/utclib.32
LOAD core/malloc.32
LOAD libk/ctype.32
LOAD libk/string.32
LOAD fs/fat/diskio.32
LOAD fs/fat/ff.32
LOAD fs/fat/ffsystem.32
LOAD fs/fat/ffunicode.32
LOAD fs/iso9660/iso9660.32
LOAD core/computer.32
LOAD core/gdt.32
LOAD core/idle.32
LOAD core/idt.32
LOAD core/kheap.32
LOAD core/main.32
LOAD core/physmgr.32
LOAD core/pipe.32
LOAD core/terminal.32
LOAD core/tss.32
LOAD core/unixfile.32
LOAD core/virtmgr.32
LOAD coreobjs/c++.32
LOAD dbg/kconsole.32
LOAD dbg/usban.32
LOAD fs/symlink.32
LOAD fs/vfs.32
LOAD hal/bus.32
LOAD hal/buzzer.32
LOAD hal/clock.32
LOAD hal/device.32
LOAD hal/diskctrl.32
LOAD hal/diskphys.32
LOAD hal/fpu.32
LOAD hal/intctrl.32
LOAD hal/keybrd.32
LOAD hal/logidisk.32
LOAD hal/mouse.32
LOAD hal/nic.32
LOAD hal/partition.32
LOAD hal/serial.32
LOAD hal/timer.32
LOAD hal/vcache.32
LOAD hal/video.32
LOAD hw/acpi.32
LOAD hw/cpu.32
LOAD krnl/atexit.32
LOAD krnl/bootmsg.32
LOAD krnl/compat.32
LOAD krnl/crc32.32
LOAD krnl/env.32
LOAD krnl/inlines.32
LOAD krnl/panic.32
LOAD krnl/powctrl.32
LOAD krnl/random.32
LOAD krnl/resolve.32
LOAD krnl/signal.32
LOAD krnl/syscalls.32
LOAD net/ethernet.32
LOAD reg/cm.32
LOAD reg/registry.32
LOAD sys/eject.32
LOAD sys/exit.32
LOAD sys/getcwd.32
LOAD sys/getpid.32
LOAD sys/getramdata.32
LOAD sys/getvgaptr.32
LOAD sys/kill.32
LOAD sys/loaddll.32
LOAD sys/read.32
LOAD sys/registersignal.32
LOAD sys/registry.32
LOAD sys/sbrk.32
LOAD sys/setcwd.32
LOAD sys/settime.32
LOAD sys/symlink.32
LOAD sys/timezone.32
LOAD sys/truncate.32
LOAD sys/write.32
LOAD sys/wsbe.32
LOAD sys/yield.32
LOAD thr/elf.32
LOAD thr/prcssthr.32
LOAD vm86/vm8086.32
LOAD arch/i386/hal.32
LOAD arch/i386/pic.32
LOAD arch/i386/rtc.32
LOAD arch/i386/vga.32
LOAD fs/fat/vfslink.32
LOAD fs/iso9660/helper.32
LOAD fs/iso9660/vfslink.32
LOAD hal/sound/sndcard.32
LOAD hal/sound/sndport.32
LOAD hw/bus/isa.32
LOAD hw/bus/pci.32
LOAD hw/diskctrl/ide.32
LOAD hw/diskctrl/satabus.32
LOAD hw/diskphys/ata.32
LOAD hw/diskphys/atapi.32
LOAD hw/diskphys/sata.32
LOAD hw/diskphys/satapi.32
LOAD hw/intctrl/apic.32
LOAD hw/timer/apictimer.32
LOAD hw/timer/pit.32
LOAD arch/i386/avx.32
LOAD arch/i386/interrupt.32
LOAD arch/i386/rdrand.32
LOAD arch/i386/sse.32
LOAD arch/i386/x87.32
LOAD /cygdrive/d/Users/Alex/Desktop/Toolchain/Output/bin/../lib/gcc/i386-banana/8.1.0/crtend.o
LOAD crtn.32
LOAD /cygdrive/d/Users/Alex/Desktop/Toolchain/Output/bin/../lib/gcc/i386-banana/8.1.0/libkgcc.a
LOAD D:/Users/Alex/Desktop/Banana/kernel/libsoftfp.a
LOAD D:/Users/Alex/Desktop/Banana/kernel/libk/libm32.a
                0x00000000c0000000                . = 0xc0000000

.text           0x00000000c0000000    0x1f9aa
 *(.text)
 .text          0x00000000c0000000       0x20 D:/Users/Alex/Desktop/Banana/kernel/boot.32
 .text          0x00000000c0000020        0x0 crti.32
 .text          0x00000000c0000020      0x101 /cygdrive/d/Users/Alex/Desktop/Toolchain/Output/bin/../lib/gcc/i386-banana/8.1.0/crtbegin.o
 *fill*         0x00000000c0000121        0xf 
 .text          0x00000000c0000130      0x24f D:/Users/Alex/Desktop/Banana/kernel/morenasm.32
                0x00000000c0000130                manualPCIProbe
                0x00000000c000017b                prepareTramp
                0x00000000c0000194                doTPAUSE
                0x00000000c000019e                hasLegacyFPU
                0x00000000c00001c3                is486
                0x00000000c00001f9                detectCPUID
                0x00000000c000020f                goToVM86
                0x00000000c000023f                goToUsermode
                0x00000000c0000269                switchToThreadASMFirstTime
                0x00000000c0000277                switchToThreadASM
                0x00000000c00002fc                asmQuickAcquireLock
                0x00000000c000031a                asmQuickReleaseLock
                0x00000000c0000326                asmAcquireLock
                0x00000000c0000347                asmReleaseLock
                0x00000000c000035a                loadGDT
                0x00000000c000037a                memcpy
 *fill*         0x00000000c000037f        0x1 
 .text          0x00000000c0000380      0x868 acpica/utclib.32
                0x00000000c0000380                memcmp
                0x00000000c00003d0                memmove
                0x00000000c00004f0                memset
                0x00000000c0000570                strlen
                0x00000000c00005a0                strpbrk
                0x00000000c00005f0                strtok
                0x00000000c0000640                strcpy
                0x00000000c0000680                strncpy
                0x00000000c0000750                strcmp
                0x00000000c00007a0                strchr
                0x00000000c00007e0                strncmp
                0x00000000c0000840                strcat
                0x00000000c0000870                strncat
                0x00000000c00008d0                strstr
                0x00000000c0000930                toupper
                0x00000000c0000950                tolower
                0x00000000c0000970                simple_strtoul
 .text          0x00000000c0000be8      0xfaa core/malloc.32
                0x00000000c0000d53                dlfree
                0x00000000c00010ab                dlmalloc
                0x00000000c00015e8                dlrealloc
                0x00000000c000178b                dlmemalign
                0x00000000c00018ae                dlcalloc
                0x00000000c0001948                dlcfree
                0x00000000c000194d                dlindependent_calloc
                0x00000000c0001972                dlindependent_comalloc
                0x00000000c0001989                dlvalloc
                0x00000000c00019b4                dlpvalloc
                0x00000000c00019ea                dlmalloc_trim
                0x00000000c00019f7                dlmalloc_usable_size
                0x00000000c0001a28                dlmallinfo
                0x00000000c0001af7                dlmalloc_stats
                0x00000000c0001b08                dlmallopt
 *fill*         0x00000000c0001b92        0x2 
 .text          0x00000000c0001b94      0x1f2 libk/ctype.32
                0x00000000c0001b94                isblank
                0x00000000c0001bb4                iscntrl
                0x00000000c0001bd4                isdigit
                0x00000000c0001bf0                islower
                0x00000000c0001c0c                isspace
                0x00000000c0001c34                isupper
                0x00000000c0001c50                isalpha
                0x00000000c0001c80                isalnum
                0x00000000c0001cb0                ispunct
                0x00000000c0001cf0                isgraph
                0x00000000c0001d20                isprint
                0x00000000c0001d48                isxdigit
 .text          0x00000000c0001d86        0x0 libk/string.32
 .text          0x00000000c0001d86       0x51 fs/fat/diskio.32
                0x00000000c0001d86                disk_status
                0x00000000c0001d89                disk_initialize
                0x00000000c0001d8c                disk_read
                0x00000000c0001da2                disk_write
                0x00000000c0001db8                disk_ioctl
 .text          0x00000000c0001dd7     0x3e46 fs/fat/ff.32
                0x00000000c0003bf8                f_mount
                0x00000000c0003c5a                f_open
                0x00000000c0003f1d                f_read
                0x00000000c000411c                f_write
                0x00000000c0004364                f_sync
                0x00000000c0004429                f_close
                0x00000000c0004458                f_lseek
                0x00000000c0004609                f_opendir
                0x00000000c00046d4                f_closedir
                0x00000000c00046f6                f_readdir
                0x00000000c0004788                f_stat
                0x00000000c0004807                f_getfree
                0x00000000c0004910                f_truncate
                0x00000000c00049fa                f_unlink
                0x00000000c0004b1c                f_mkdir
                0x00000000c0004cb7                f_rename
                0x00000000c0004e6f                f_chmod
                0x00000000c0004f1f                f_utime
                0x00000000c0004fcf                f_getlabel
                0x00000000c0005120                f_setlabel
                0x00000000c00052b0                f_expand
                0x00000000c000541d                f_mkfs
 *fill*         0x00000000c0005c1d        0x3 
 .text          0x00000000c0005c20       0x2f fs/fat/ffsystem.32
                0x00000000c0005c20                ff_memalloc
                0x00000000c0005c38                ff_memfree
 *fill*         0x00000000c0005c4f        0x1 
 .text          0x00000000c0005c50      0x2dc fs/fat/ffunicode.32
                0x00000000c0005c50                ff_uni2oem
                0x00000000c0005cf0                ff_oem2uni
                0x00000000c0005d68                ff_wtoupper
 .text          0x00000000c0005f2c      0xd32 fs/iso9660/iso9660.32
                0x00000000c0006177                isoReadDiscSector
                0x00000000c0006212                strnicmp
                0x00000000c00064c1                stricmp
                0x00000000c000650d                iso_open
                0x00000000c0006597                iso_close
                0x00000000c00065b5                iso_read
                0x00000000c00066cb                iso_seek
                0x00000000c000674f                iso_tell
                0x00000000c0006780                iso_total
                0x00000000c00067ab                fn_postprocess
                0x00000000c00067d2                iso_readdir
                0x00000000c0006a29                iso_reset
                0x00000000c0006a46                init_percd
                0x00000000c0006b40                iso_ioctl
                0x00000000c0006b58                fs_iso9660_init
                0x00000000c0006bee                fs_iso9660_shutdown
 .text          0x00000000c0006c5e      0x6c3 core/computer.32
                0x00000000c0006c5e                Computer::close(int, int, void*)
                0x00000000c0006ca8                Krnl::firstTask()
                0x00000000c0006de6                Computer::Computer()
                0x00000000c0006de6                Computer::Computer()
                0x00000000c0006e96                Computer::setBootMessage(char const*)
                0x00000000c0006e98                Computer::detectFeatures()
                0x00000000c00070be                Computer::displayFeatures()
                0x00000000c00070c0                Computer::rdmsr(unsigned int)
                0x00000000c00070ec                Computer::wrmsr(unsigned int, unsigned long long)
                0x00000000c0007128                Computer::shutdown()
                0x00000000c0007140                Computer::restart()
                0x00000000c0007158                Computer::sleep()
                0x00000000c000716c                Computer::nmiEnabled()
                0x00000000c0007178                Computer::readCMOS(unsigned char)
                0x00000000c0007196                Computer::enableNMI(bool)
                0x00000000c00071ae                Computer::open(int, int, void*)
                0x00000000c0007282                Computer::disableNMI()
                0x00000000c0007292                Computer::writeCMOS(unsigned char, unsigned char)
                0x00000000c00072b6                Computer::handleNMI()
 *fill*         0x00000000c0007321        0x1 
 .text          0x00000000c0007322      0x1db core/gdt.32
                0x00000000c0007322                GDTEntry::setBase(unsigned int)
                0x00000000c000733e                GDTEntry::setLimit(unsigned int)
                0x00000000c000735c                GDT::GDT()
                0x00000000c000735c                GDT::GDT()
                0x00000000c0007372                GDT::addEntry(GDTEntry)
                0x00000000c0007394                GDT::getNumberOfEntries()
                0x00000000c000739c                GDT::flush()
                0x00000000c00073be                GDT::setup()
 .text          0x00000000c00074fd       0x1d core/idle.32
                0x00000000c00074fd                idleFunction(void*)
 *fill*         0x00000000c000751a        0x2 
 .text          0x00000000c000751c      0x46c core/idt.32
                0x00000000c000751c                IDTEntry::IDTEntry(bool)
                0x00000000c000751c                IDTEntry::IDTEntry(bool)
                0x00000000c0007596                IDTEntry::setOffset(unsigned int)
                0x00000000c00075ac                IDT::IDT()
                0x00000000c00075ac                IDT::IDT()
                0x00000000c00075ae                IDT::getPointerToInvalidOpcodeEntryForF00F()
                0x00000000c00075b6                IDT::addEntry(IDTEntry, int)
                0x00000000c00075d0                IDT::addEntry(int, void (*)(), bool)
                0x00000000c0007608                IDT::flush()
                0x00000000c0007622                IDT::setup()
 .text          0x00000000c0007988      0x188 core/kheap.32
                0x00000000c0007988                sbrk
                0x00000000c0007a1f                mmap
                0x00000000c0007a35                munmap
                0x00000000c0007a4b                liballoc_lock()
                0x00000000c0007a59                liballoc_unlock()
                0x00000000c0007a6f                liballoc_alloc(int)
                0x00000000c0007a87                liballoc_free(void*, int)
                0x00000000c0007aa2                realloc
                0x00000000c0007ab6                malloc
                0x00000000c0007ac6                free
                0x00000000c0007ad6                rfree
                0x00000000c0007ae6                calloc
 .text          0x00000000c0007b10       0xc7 core/main.32
                0x00000000c0007b10                KeEntryPoint
 .text          0x00000000c0007bd7      0x644 core/physmgr.32
                0x00000000c0007bd7                Phys::allocateDMA(unsigned long)
                0x00000000c0007cbf                Phys::freeDMA(unsigned long, unsigned long)
                0x00000000c0007cfa                Phys::setPageState(unsigned long, bool)
                0x00000000c0007d3a                Phys::getPageState(unsigned long)
                0x00000000c0007d56                Phys::freePage(unsigned long)
                0x00000000c0007dbf                Phys::allocatePage()
                0x00000000c0007e8e                Phys::allocateContiguousPages(int)
                0x00000000c0007ef5                Phys::allowSegmentToBeUsed(unsigned long, unsigned long)
                0x00000000c0007f2d                Phys::physicalMemorySetup(unsigned int)
 *fill*         0x00000000c000821b        0x1 
 .text          0x00000000c000821c      0x273 core/pipe.32
                0x00000000c000821c                Pipe::isAtty()
                0x00000000c0008220                Pipe::~Pipe()
                0x00000000c0008220                Pipe::~Pipe()
                0x00000000c0008244                Pipe::~Pipe()
                0x00000000c000826c                Pipe::write(unsigned long long, void*, int*)
                0x00000000c000832c                Pipe::read(unsigned long long, void*, int*)
                0x00000000c0008428                Pipe::Pipe(int)
                0x00000000c0008428                Pipe::Pipe(int)
 *fill*         0x00000000c000848f        0x1 
 .text          0x00000000c0008490      0xab3 core/terminal.32
                0x00000000c0008490                VgaText::isAtty()
                0x00000000c0008494                VgaText::~VgaText()
                0x00000000c0008494                VgaText::~VgaText()
                0x00000000c00084b8                VgaText::~VgaText()
                0x00000000c00084e2                VgaText::read(unsigned long long, void*, int*)
                0x00000000c0008502                setTerminalScrollLock(bool)
                0x00000000c0008503                doTerminalCycle()
                0x00000000c0008504                addToTerminalCycle(VgaText*)
                0x00000000c0008505                scrollTerminalScrollLock(int)
                0x00000000c0008506                VgaText::updateTitle()
                0x00000000c0008508                VgaText::load()
                0x00000000c000850a                VgaText::updateCursor()
                0x00000000c0008520                VgaText::doANSI_SGR(int)
                0x00000000c0008594                VgaText::setDefaultBgColour(VgaColour)
                0x00000000c00085a4                VgaText::setDefaultFgColour(VgaColour)
                0x00000000c00085b4                VgaText::setDefaultColours(VgaColour, VgaColour)
                0x00000000c00085d4                VgaText::setTitleTextColour(VgaColour)
                0x00000000c00085e0                VgaText::setTitleColour(VgaColour)
                0x00000000c00085ec                VgaText::setTitle(char*)
                0x00000000c00085ee                VgaText::combineColours(unsigned char, unsigned char)
                0x00000000c0008600                VgaText::scrollScreen()
                0x00000000c0008692                VgaText::combineCharAndColour(char, unsigned char)
                0x00000000c00086a2                VgaText::writeCharacter(char, VgaColour, VgaColour, int, int)
                0x00000000c0008732                VgaText::getCursorX()
                0x00000000c000873a                VgaText::getCursorY()
                0x00000000c0008742                VgaText::setCursor(int, int)
                0x00000000c0008759                setActiveTerminal(VgaText*)
                0x00000000c00087a4                VgaText::clearScreen()
                0x00000000c00087f2                VgaText::setCursorX(int)
                0x00000000c000880a                VgaText::setCursorY(int)
                0x00000000c0008822                VgaText::incrementCursor(bool)
                0x00000000c0008876                VgaText::decrementCursor(bool)
                0x00000000c0008898                VgaText::putchar(char, VgaColour, VgaColour)
                0x00000000c0008968                VgaText::putchar(char)
                0x00000000c0008a60                VgaText::putx(unsigned int)
                0x00000000c0008aa6                VgaText::puts(char const*)
                0x00000000c0008acc                VgaText::write(unsigned long long, void*, int*)
                0x00000000c0008b18                VgaText::puts(char const*, VgaColour, VgaColour)
                0x00000000c0008c66                VgaText::VgaText(char const*)
                0x00000000c0008c66                VgaText::VgaText(char const*)
                0x00000000c0008db6                VgaText::receiveKey(unsigned char)
                0x00000000c0008f42                VgaText::doUpdate()
 *fill*         0x00000000c0008f43        0x1 
 .text          0x00000000c0008f44      0x1a1 core/tss.32
                0x00000000c0008f44                TSS::TSS()
                0x00000000c0008f44                TSS::TSS()
                0x00000000c0008f54                TSS::setESP(unsigned long)
                0x00000000c0008f68                TSS::flush()
                0x00000000c0008f88                TSS::setup(unsigned long, unsigned long)
 *fill*         0x00000000c00090e5        0x1 
 .text          0x00000000c00090e6      0x4ca core/unixfile.32
                0x00000000c00090e6                ReservedFilename::read(unsigned long long, void*, int*)
                0x00000000c000913c                ReservedFilename::isAtty()
                0x00000000c0009158                ReservedFilename::write(unsigned long long, void*, int*)
                0x00000000c00091b6                UnixFile::getFileDescriptor()
                0x00000000c00091be                UnixFile::UnixFile(int)
                0x00000000c00091be                UnixFile::UnixFile(int)
                0x00000000c0009372                ReservedFilename::ReservedFilename(int)
                0x00000000c0009372                ReservedFilename::ReservedFilename(int)
                0x00000000c00093a4                UnixFile::~UnixFile()
                0x00000000c00093a4                UnixFile::~UnixFile()
                0x00000000c0009440                UnixFile::~UnixFile()
                0x00000000c0009468                ReservedFilename::~ReservedFilename()
                0x00000000c0009468                ReservedFilename::~ReservedFilename()
                0x00000000c000948c                ReservedFilename::~ReservedFilename()
                0x00000000c00094b3                KeGetFileFromDescriptor(int)
 .text          0x00000000c00095b0     0x1218 core/virtmgr.32
                0x00000000c00095b0                Virt::setPageState(unsigned long, Virt::VirtPageState)
                0x00000000c00095ea                Virt::getPageState(unsigned long)
                0x00000000c000960d                Virt::allocateKernelVirtualPages(int)
                0x00000000c0009732                Virt::freeSwapfilePage(unsigned long)
                0x00000000c0009755                Virt::swapIDToSector(unsigned long)
                0x00000000c000976b                Virt::allocateSwapfilePage()
                0x00000000c00097eb                Virt::virtualMemorySetup()
                0x00000000c000983c                Virt::setupPageSwapping(int)
                0x00000000c00098ae                VAS::setCPUSpecific(unsigned long)
                0x00000000c00098b0                VAS::VAS(VAS*)
                0x00000000c00098b0                VAS::VAS(VAS*)
                0x00000000c00098de                VAS::getForeignPageTableEntry(bool, unsigned long)
                0x00000000c000990c                VAS::getPageTableEntry(unsigned long)
                0x00000000c000992b                Virt::freeKernelVirtualPages(unsigned long)
                0x00000000c0009a68                VAS::freeAllocatedPages(unsigned long)
                0x00000000c0009a8c                VAS::virtualToPhysical(unsigned long)
                0x00000000c0009aa6                VAS::reflagRange(unsigned long, int, unsigned long, unsigned long)
                0x00000000c0009ae8                VAS::VAS()
                0x00000000c0009ae8                VAS::VAS()
                0x00000000c0009b52                VAS::setToWriteCombining(unsigned long, int)
                0x00000000c0009b86                VAS::mapOtherVASIn(bool, VAS*)
                0x00000000c0009bb2                VAS::~VAS()
                0x00000000c0009bb2                VAS::~VAS()
                0x00000000c0009d20                VAS::mapPage(unsigned long, unsigned long, int)
                0x00000000c0009e24                VAS::allocatePages(int, int)
                0x00000000c0009f1a                VAS::mapRange(unsigned long, unsigned long, int, int)
                0x00000000c0009f72                VAS::mapForeignPage(bool, VAS*, unsigned long, unsigned long, int)
                0x00000000c000a068                VAS::VAS(bool)
                0x00000000c000a068                VAS::VAS(bool)
                0x00000000c000a2b2                VAS::evict(unsigned long)
                0x00000000c000a390                VAS::tryLoadBackOffDisk(unsigned long)
                0x00000000c000a52a                VAS::allocateSharedMemoryWithKernel(unsigned long, unsigned long*)
                0x00000000c000a59e                VAS::freeSharedMemoryWithKernel(unsigned long, unsigned long)
                0x00000000c000a5ca                VAS::scanForEviction()
                0x00000000c000a6cd                mapVASFirstTime
 .text          0x00000000c000a7c8       0x5f coreobjs/c++.32
                0x00000000c000a7c8                __cxa_atexit
                0x00000000c000a7cb                __cxa_finalize
                0x00000000c000a7cc                __stack_chk_fail
                0x00000000c000a802                __cxa_pure_virtual
                0x00000000c000a813                operator new[](unsigned long)
                0x00000000c000a818                operator delete(void*, unsigned long)
                0x00000000c000a81d                operator delete[](void*)
                0x00000000c000a822                operator delete[](void*, unsigned long)
 .text          0x00000000c000a827      0x254 dbg/kconsole.32
                0x00000000c000a827                Dbg::stringifyxWithBase(unsigned int, char*, int)
                0x00000000c000a8c7                Dbg::logc(char)
                0x00000000c000a8e7                Dbg::logs(char*)
                0x00000000c000a906                Dbg::logWriteInt(unsigned int)
                0x00000000c000a924                Dbg::logWriteIntBase(unsigned int, int)
                0x00000000c000a945                Dbg::kprintf(char const*, ...)
 *fill*         0x00000000c000aa7b        0x1 
 .text          0x00000000c000aa7c      0x2d4 dbg/usban.32
                0x00000000c000aa7c                KiUbsanPrintDetails(char const*, void*)
                0x00000000c000aae8                __ubsan_handle_type_mismatch_v1
                0x00000000c000abc4                __ubsan_handle_pointer_overflow
                0x00000000c000abf0                __ubsan_handle_out_of_bounds
                0x00000000c000ac1c                __ubsan_handle_add_overflow
                0x00000000c000ac48                __ubsan_handle_load_invalid_value
                0x00000000c000ac74                __ubsan_handle_divrem_overflow
                0x00000000c000aca0                __ubsan_handle_mul_overflow
                0x00000000c000accc                __ubsan_handle_sub_overflow
                0x00000000c000acf8                __ubsan_handle_shift_out_of_bounds
                0x00000000c000ad24                __ubsan_handle_negate_overflow
 .text          0x00000000c000ad50      0x8f3 fs/symlink.32
                0x00000000c000ae55                KiDeinitialiseSymlinks(void*)
                0x00000000c000af72                KeRegisterSymlink(char const*, unsigned long long)
                0x00000000c000aff5                KiIsSymlinkRegistered(char const*)
                0x00000000c000b17c                KeDereferenceSymlink(char const*, char*)
                0x00000000c000b397                KeCreateSymlink(char const*, char const*)
                0x00000000c000b4d3                KeInitialiseSymlinks()
 *fill*         0x00000000c000b643        0x1 
 .text          0x00000000c000b644      0xd58 fs/vfs.32
                0x00000000c000b644                File::read(unsigned long long, void*, int*)
                0x00000000c000b69c                File::write(unsigned long long, void*, int*)
                0x00000000c000b6f4                Directory::read(unsigned long long, void*, int*)
                0x00000000c000b74c                Directory::write(unsigned long long, void*, int*)
                0x00000000c000b77a                File::isAtty()
                0x00000000c000b77e                Directory::isAtty()
                0x00000000c000b782                Filesystem::getlabel(LogicalDisk*, int, char*, unsigned int*)
                0x00000000c000b788                Filesystem::setlabel(LogicalDisk*, int, char*)
                0x00000000c000b78e                Filesystem::allocateSwapfile(char const*, int)
                0x00000000c000b794                File::~File()
                0x00000000c000b794                File::~File()
                0x00000000c000b7b8                File::~File()
                0x00000000c000b7e2                Directory::~Directory()
                0x00000000c000b7e2                Directory::~Directory()
                0x00000000c000b806                Directory::~Directory()
                0x00000000c000b830                Filesystem::Filesystem()
                0x00000000c000b830                Filesystem::Filesystem()
                0x00000000c000b854                Filesystem::~Filesystem()
                0x00000000c000b854                Filesystem::~Filesystem()
                0x00000000c000b862                Filesystem::~Filesystem()
                0x00000000c000b886                Fs::getcwd(Process*, char*, int)
                0x00000000c000b8b0                Fs::initVFS()
                0x00000000c000b8da                Fs::standardiseFiles(char*, char const*, char const*, bool)
                0x00000000c000bae4                File::File(char const*, Process*, bool)
                0x00000000c000bae4                File::File(char const*, Process*, bool)
                0x00000000c000bbc2                File::File(char const*, Process*)
                0x00000000c000bbc2                File::File(char const*, Process*)
                0x00000000c000bbe0                File::open(FileOpenMode)
                0x00000000c000bc3e                File::close()
                0x00000000c000bc9e                File::seek(unsigned long long)
                0x00000000c000bcf4                File::truncate(unsigned long long)
                0x00000000c000bd4a                File::tell(unsigned long long*)
                0x00000000c000bd9a                File::rewind()
                0x00000000c000bdae                File::unlink()
                0x00000000c000bdfa                File::rename(char const*)
                0x00000000c000be48                File::chfatattr(unsigned char, unsigned char)
                0x00000000c000bea4                File::exists()
                0x00000000c000bee2                File::stat(unsigned long long*, bool*)
                0x00000000c000bf43                Fs::setcwd(Process*, char*)
                0x00000000c000c0a2                Directory::Directory(char const*, Process*)
                0x00000000c000c0a2                Directory::Directory(char const*, Process*)
                0x00000000c000c16a                Directory::open()
                0x00000000c000c1c6                Directory::close()
                0x00000000c000c226                Directory::unlink()
                0x00000000c000c272                Directory::rename(char const*)
                0x00000000c000c2c0                Directory::exists()
                0x00000000c000c2fe                Directory::read(dirent*)
                0x00000000c000c34a                Directory::create()
                0x00000000c000c396                Filesystem::chfatattr(char const*, unsigned char, unsigned char)
 .text          0x00000000c000c39c       0x86 hal/bus.32
                0x00000000c000c39c                Bus::Bus(char const*)
                0x00000000c000c39c                Bus::Bus(char const*)
                0x00000000c000c3d4                Bus::~Bus()
                0x00000000c000c3d4                Bus::~Bus()
                0x00000000c000c3f8                Bus::~Bus()
 .text          0x00000000c000c422       0x96 hal/buzzer.32
                0x00000000c000c422                beepThread(void*)
                0x00000000c000c45f                Krnl::beep(int, int, bool)
 .text          0x00000000c000c4b8      0x45f hal/clock.32
                0x00000000c000c4b8                User::loadClockSettings(int)
                0x00000000c000c50a                Clock::Clock(char const*)
                0x00000000c000c50a                Clock::Clock(char const*)
                0x00000000c000c540                Clock::~Clock()
                0x00000000c000c540                Clock::~Clock()
                0x00000000c000c564                Clock::~Clock()
                0x00000000c000c58e                Clock::timeInSecondsLocal()
                0x00000000c000c5d6                Clock::setTimeInSecondsLocal(unsigned long long)
                0x00000000c000c62f                datetimeToSeconds(datetime_t)
                0x00000000c000c74e                Clock::setTimeInDatetimeLocal(datetime_t)
                0x00000000c000c7ae                secondsToDatetime(unsigned long long)
                0x00000000c000c8f2                Clock::timeInDatetimeLocal()
 *fill*         0x00000000c000c917        0x1 
 .text          0x00000000c000c918      0x464 hal/device.32
                0x00000000c000c918                Device::hibernate()
                0x00000000c000c91a                Device::wake()
                0x00000000c000c91c                Device::detect()
                0x00000000c000c91e                Device::disableLegacy()
                0x00000000c000c920                Device::powerSaving(PowerSavingLevel)
                0x00000000c000c922                DriverlessDevice::close(int, int, void*)
                0x00000000c000c926                DriverlessDevice::detect()
                0x00000000c000c928                DriverlessDevice::open(int, int, void*)
                0x00000000c000c93c                Device::~Device()
                0x00000000c000c93c                Device::~Device()
                0x00000000c000c94a                Device::~Device()
                0x00000000c000c972                Device::findAndLoadDriver()
                0x00000000c000c980                Device::preOpenPCI(PCIDeviceInfo)
                0x00000000c000c9a6                Device::preOpenACPI(void*, char*, char*)
                0x00000000c000c9e6                Device::addIRQHandler(int, void (*)(regs*, void*), bool, void*)
                0x00000000c000ca10                Device::getParent()
                0x00000000c000ca1c                Device::removeIRQHandler(int, void (*)(regs*, void*), bool)
                0x00000000c000ca3a                Device::addChild(Device*)
                0x00000000c000ca7e                Device::removeAllChildren()
                0x00000000c000cac4                Device::hibernateAll()
                0x00000000c000caf4                Device::wakeAll()
                0x00000000c000cb24                Device::detectAll()
                0x00000000c000cb54                Device::disableLegacyAll()
                0x00000000c000cb56                Device::loadDriversForAll()
                0x00000000c000cb58                Device::closeAll()
                0x00000000c000cb8e                Device::powerSavingAll(PowerSavingLevel)
                0x00000000c000cbc4                Device::setName(char const*)
                0x00000000c000cbd2                Device::Device(char const*)
                0x00000000c000cbd2                Device::Device(char const*)
                0x00000000c000ccce                Device::getName()
                0x00000000c000ccd8                DriverlessDevice::DriverlessDevice(char const*)
                0x00000000c000ccd8                DriverlessDevice::DriverlessDevice(char const*)
                0x00000000c000cd0e                Device::addToLinkedList(LinkedList<Device>&, DeviceType)
                0x00000000c000cd52                getDevicesOfType(DeviceType)
 .text          0x00000000c000cd7c       0x86 hal/diskctrl.32
                0x00000000c000cd7c                HardDiskController::HardDiskController(char const*)
                0x00000000c000cd7c                HardDiskController::HardDiskController(char const*)
                0x00000000c000cdb4                HardDiskController::~HardDiskController()
                0x00000000c000cdb4                HardDiskController::~HardDiskController()
                0x00000000c000cdd8                HardDiskController::~HardDiskController()
 .text          0x00000000c000ce02       0xe2 hal/diskphys.32
                0x00000000c000ce02                PhysicalDisk::eject()
                0x00000000c000ce06                PhysicalDisk::PhysicalDisk(char const*, int)
                0x00000000c000ce06                PhysicalDisk::PhysicalDisk(char const*, int)
                0x00000000c000ce6e                PhysicalDisk::startCache()
                0x00000000c000ce96                PhysicalDisk::~PhysicalDisk()
                0x00000000c000ce96                PhysicalDisk::~PhysicalDisk()
                0x00000000c000ceba                PhysicalDisk::~PhysicalDisk()
 .text          0x00000000c000cee4        0x0 hal/fpu.32
 .text          0x00000000c000cee4      0x359 hal/intctrl.32
                0x00000000c000cee4                int_handler
                0x00000000c000cf6e                installISRHandler(int, void (*)(regs*, void*), void*)
                0x00000000c000cfb8                installIRQHandler(int, void (*)(regs*, void*), bool, void*)
                0x00000000c000d0ec                uninstallISRHandler(int, void (*)(regs*, void*))
                0x00000000c000d120                uninstallIRQHandler(int, void (*)(regs*, void*), bool)
                0x00000000c000d19e                setupINTS()
                0x00000000c000d1fb                convertLegacyIRQNumber(int)
 *fill*         0x00000000c000d23d        0x1 
 .text          0x00000000c000d23e      0x8be hal/keybrd.32
                0x00000000c000d23e                startGUI(void*)
                0x00000000c000d2ac                startGUIVESA(void*)
                0x00000000c000d31a                sendKeyToTerminal(unsigned char)
                0x00000000c000d3f5                sendKeyboardToken(KeyboardToken)
                0x00000000c000d8df                clearInternalKeybuffer(VgaText*)
                0x00000000c000d914                readKeyboard(VgaText*, char*, unsigned long)
                0x00000000c000da72                Keyboard::Keyboard(char const*)
                0x00000000c000da72                Keyboard::Keyboard(char const*)
                0x00000000c000daae                Keyboard::~Keyboard()
                0x00000000c000daae                Keyboard::~Keyboard()
                0x00000000c000dad2                Keyboard::~Keyboard()
 .text          0x00000000c000dafc      0x3f8 hal/logidisk.32
                0x00000000c000dafc                LogicalDisk::close(int, int, void*)
                0x00000000c000db00                LogicalDisk::~LogicalDisk()
                0x00000000c000db00                LogicalDisk::~LogicalDisk()
                0x00000000c000db24                LogicalDisk::~LogicalDisk()
                0x00000000c000db4e                LogicalDisk::open(int, int, void*)
                0x00000000c000db62                LogicalDisk::absoluteToRelative(unsigned long long)
                0x00000000c000db9a                LogicalDisk::relativeToAbsolute(unsigned long long)
                0x00000000c000dbe0                LogicalDisk::LogicalDisk(char const*, PhysicalDisk*, unsigned long long, unsigned long long)
                0x00000000c000dbe0                LogicalDisk::LogicalDisk(char const*, PhysicalDisk*, unsigned long long, unsigned long long)
                0x00000000c000dca0                LogicalDisk::assignDriveLetter()
                0x00000000c000dd5a                LogicalDisk::mount()
                0x00000000c000dda2                LogicalDisk::unmount()
                0x00000000c000ddb2                LogicalDisk::eject()
                0x00000000c000ddc6                LogicalDisk::unassignDriveLetter()
                0x00000000c000de1c                LogicalDisk::read(unsigned long long, int, void*)
                0x00000000c000de88                LogicalDisk::write(unsigned long long, int, void*)
 .text          0x00000000c000def4       0x86 hal/mouse.32
                0x00000000c000def4                Mouse::Mouse(char const*)
                0x00000000c000def4                Mouse::Mouse(char const*)
                0x00000000c000df2c                Mouse::~Mouse()
                0x00000000c000df2c                Mouse::~Mouse()
                0x00000000c000df50                Mouse::~Mouse()
 .text          0x00000000c000df7a       0x90 hal/nic.32
                0x00000000c000df7a                NIC::getMAC()
                0x00000000c000df80                NIC::write(int, unsigned char*, int*)
                0x00000000c000df86                NIC::NIC(char const*)
                0x00000000c000df86                NIC::NIC(char const*)
                0x00000000c000dfbc                NIC::~NIC()
                0x00000000c000dfbc                NIC::~NIC()
                0x00000000c000dfe0                NIC::~NIC()
 .text          0x00000000c000e00a      0x33b hal/partition.32
                0x00000000c000e00a                makePartition(PhysicalDisk*, unsigned long long, unsigned long long)
                0x00000000c000e0b2                createPartitionsForDisk(PhysicalDisk*)
 *fill*         0x00000000c000e345        0x3 
 .text          0x00000000c000e348       0x86 hal/serial.32
                0x00000000c000e348                Serial::Serial(char const*)
                0x00000000c000e348                Serial::Serial(char const*)
                0x00000000c000e380                Serial::~Serial()
                0x00000000c000e380                Serial::~Serial()
                0x00000000c000e3a4                Serial::~Serial()
 *fill*         0x00000000c000e3ce        0x2 
 .text          0x00000000c000e3d0      0x234 hal/timer.32
                0x00000000c000e3d0                Timer::Timer(char const*)
                0x00000000c000e3d0                Timer::Timer(char const*)
                0x00000000c000e408                Timer::~Timer()
                0x00000000c000e408                Timer::~Timer()
                0x00000000c000e42c                Timer::~Timer()
                0x00000000c000e456                Timer::read()
                0x00000000c000e461                setupTimer(int)
                0x00000000c000e49c                timerHandler(unsigned int)
 .text          0x00000000c000e604      0x444 hal/vcache.32
                0x00000000c000e604                VCache::VCache(PhysicalDisk*)
                0x00000000c000e604                VCache::VCache(PhysicalDisk*)
                0x00000000c000e774                VCache::invalidateReadBuffer()
                0x00000000c000e784                VCache::writeWriteBuffer()
                0x00000000c000e7d0                VCache::~VCache()
                0x00000000c000e7d0                VCache::~VCache()
                0x00000000c000e828                VCache::~VCache()
                0x00000000c000e850                VCache::write(unsigned long long, int, void*)
                0x00000000c000e93e                VCache::read(unsigned long long, int, void*)
 .text          0x00000000c000ea48      0x4c7 hal/video.32
                0x00000000c000ea48                Video::putrect(int, int, int, int, unsigned int)
                0x00000000c000ea94                Video::bitblit(int, int, int, int, int, int, int, unsigned int*)
                0x00000000c000eb04                Video::blit(unsigned int*, int, int, int, int)
                0x00000000c000eb82                Video::clearScreen(unsigned int)
                0x00000000c000ebb6                Video::putpixel(int, int, unsigned int)
                0x00000000c000ebc4                Video::readPixelApprox(int, int)
                0x00000000c000ebd8                Video::Video(char const*)
                0x00000000c000ebd8                Video::Video(char const*)
                0x00000000c000ec0e                Video::~Video()
                0x00000000c000ec0e                Video::~Video()
                0x00000000c000ec32                Video::~Video()
                0x00000000c000ec5c                Video::isMonochrome()
                0x00000000c000ec68                Video::getWidth()
                0x00000000c000ec74                Video::getHeight()
                0x00000000c000ec80                Video::drawCursor(int, int, unsigned int*, int)
                0x00000000c000ed3c                Video::tgaParse(unsigned char*, int, int*, int*)
                0x00000000c000eea4                Video::putTGA(int, int, unsigned char*, int)
 *fill*         0x00000000c000ef0f        0x1 
 .text          0x00000000c000ef10     0x138b hw/acpi.32
                0x00000000c000ef10                ACPI::close(int, int, void*)
                0x00000000c000efc4                findRSDP()
                0x00000000c000f05c                loadACPITables(unsigned char*)
                0x00000000c000f2c8                findRSDT(unsigned char*)
                0x00000000c000f420                findDataTable(unsigned char*, char*)
                0x00000000c000f4a0                scanMADT()
                0x00000000c000f958                ACPI::ACPI()
                0x00000000c000f958                ACPI::ACPI()
                0x00000000c000f9ac                ACPI::getPCIIRQAssignment(unsigned char, unsigned short, unsigned char)
                0x00000000c000faa8                ACPI::registerPCIIRQAssignment(void*, unsigned short, unsigned char, unsigned char)
                0x00000000c000fb74                ACPI::setScreenBrightnessLevel(void*, int)
                0x00000000c000fb7c                ACPI::detectPCI()
                0x00000000c000fd9c                ACPI::writeSimpleBootFlag(SimpleBootFlagTable*)
                0x00000000c000fde4                ACPI::sleep()
                0x00000000c000fe00                ACPI::open(int, int, void*)
 *fill*         0x00000000c001029b        0x1 
 .text          0x00000000c001029c      0xbc5 hw/cpu.32
                0x00000000c001029c                CPU::close(int, int, void*)
                0x00000000c00102a0                CPU::AMD_K6_write_msr(unsigned int, unsigned int, unsigned int, CPU::REGS*)
                0x00000000c00102bc                CPU::AMD_K6_read_msr(unsigned int, CPU::REGS*)
                0x00000000c00102d4                CPU::AMD_K6_writeback(int, int, int)
                0x00000000c0010348                CPU::cpuid(int, unsigned long*, unsigned long*, unsigned long*, unsigned long*)
                0x00000000c00103cc                CPU::cpuidCheckEDX(unsigned int)
                0x00000000c00103fa                CPU::cpuidCheckECX(unsigned int)
                0x00000000c0010428                CPU::cpuidCheckExtendedEBX(unsigned int)
                0x00000000c0010456                CPU::cpuidCheckExtendedECX(unsigned int)
                0x00000000c0010484                CPU::CPU()
                0x00000000c0010484                CPU::CPU()
                0x00000000c0010512                CPU::displayFeatures()
                0x00000000c0010514                CPU::detectFeatures()
                0x00000000c0010be8                CPU::setupSMEP()
                0x00000000c0010bf4                CPU::setupUMIP()
                0x00000000c0010bfe                CPU::setupTSC()
                0x00000000c0010c08                CPU::setupLargePages()
                0x00000000c0010c12                CPU::setupPAT()
                0x00000000c0010c4e                CPU::setupMTRR()
                0x00000000c0010c50                CPU::setupGlobalPages()
                0x00000000c0010c5a                CPU::allowUsermodeDataAccess()
                0x00000000c0010c6c                CPU::prohibitUsermodeDataAccess()
                0x00000000c0010c7e                CPU::setupSMAP()
                0x00000000c0010c8c                CPU::setupFeatures()
                0x00000000c0010d58                CPU::open(int, int, void*)
 .text          0x00000000c0010e61       0xb6 krnl/atexit.32
                0x00000000c0010e61                KeInitialiseAtexit()
                0x00000000c0010e80                KeRegisterAtexit(void (*)(void*), void*)
                0x00000000c0010eb4                KeExecuteAtexit()
 .text          0x00000000c0010f17       0xdf krnl/bootmsg.32
                0x00000000c0010f17                KeDisplaySplashScreen()
                0x00000000c0010f93                KeSetBootMessage(char const*)
 *fill*         0x00000000c0010ff6        0x2 
 .text          0x00000000c0010ff8       0x1d krnl/compat.32
                0x00000000c0010ff8                Krnl::handlePowerButton()
                0x00000000c0011008                Krnl::handleSleepButton()
 .text          0x00000000c0011015       0x2b krnl/crc32.32
                0x00000000c0011015                KeCalculateCRC32(unsigned char*, int)
 .text          0x00000000c0011040      0x5bf krnl/env.32
                0x00000000c0011040                EnvVarContainer::getEnv(char const*)
                0x00000000c001107e                EnvVarContainer::setEnv(char const*, char const*)
                0x00000000c0011140                EnvVarContainer::deleteEnv(char const*)
                0x00000000c0011142                EnvVarContainer::loadFrom(char const*, char const*)
                0x00000000c0011366                EnvVarContainer::__loadSystem()
                0x00000000c0011380                EnvVarContainer::__loadUser()
                0x00000000c0011382                EnvVarContainer::EnvVarContainer(Process*)
                0x00000000c0011382                EnvVarContainer::EnvVarContainer(Process*)
                0x00000000c00113a4                EnvVarContainer::~EnvVarContainer()
                0x00000000c00113a4                EnvVarContainer::~EnvVarContainer()
                0x00000000c00113d4                KeGetEnv(Process*, char const*)
                0x00000000c0011439                KeSetEnvSystem(char const*, char const*)
                0x00000000c0011453                KeSetEnvUser(char const*, char const*)
                0x00000000c0011472                KeSetEnvProcess(Process*, char const*, char const*)
                0x00000000c0011485                KeDeleteEnvSystem(char const*)
                0x00000000c0011486                KeDeleteEnvUser(char const*)
                0x00000000c0011487                KeDeleteEnvProcess(Process*, char const*)
                0x00000000c0011488                KeNewProcessEnv(Process*)
                0x00000000c00114aa                KeCopyProcessEnv(Process*, Process*)
                0x00000000c00114f6                KeLoadSystemEnv()
                0x00000000c0011524                KeLoadUserEnv()
                0x00000000c001154a                KeFlushEnv()
                0x00000000c001154b                KeGetProcessTotalEnvCount(Process*)
                0x00000000c001156b                KeGetProcessEnvPair(Process*, int)
 .text          0x00000000c00115ff       0x94 krnl/inlines.32
                0x00000000c00115ff                CPU::current()
                0x00000000c001160b                operator new(unsigned long)
                0x00000000c0011610                operator delete(void*)
                0x00000000c0011615                disableIRQs()
                0x00000000c0011617                enableIRQs()
                0x00000000c0011619                lockScheduler()
                0x00000000c0011621                unlockScheduler()
                0x00000000c0011630                lockStuff()
                0x00000000c001163e                unlockStuff()
                0x00000000c0011678                Virt::getAKernelVAS()
                0x00000000c001167e                __not_memcpy
 .text          0x00000000c0011693        0xc krnl/panic.32
                0x00000000c0011693                KePanic(char const*)
 .text          0x00000000c001169f      0x142 krnl/powctrl.32
                0x00000000c001169f                KePowerThread(void*)
                0x00000000c00116cd                KeChangePowerSettings(PowerSettings)
                0x00000000c00116e3                KeUserIOReceived()
                0x00000000c00116ee                KeHandlePowerButton()
                0x00000000c0011723                KeHandleSleepButton()
                0x00000000c0011758                KeSetupPowerManager()
 .text          0x00000000c00117e1       0x9d krnl/random.32
                0x00000000c00117e1                KeRand()
                0x00000000c0011823                KeSeedRand(unsigned int)
                0x00000000c001184c                KeInitRand()
 *fill*         0x00000000c001187e        0x2 
 .text          0x00000000c0011880      0x1bc krnl/resolve.32
                0x00000000c0011880                KeResolveCompatibilitySymbol(char*)
 .text          0x00000000c0011a3c      0x322 krnl/signal.32
                0x00000000c0011a3c                KiSigKill(int)
                0x00000000c0011a50                KiDefaultSignalHandlerIgnore(int)
                0x00000000c0011a51                KiDefaultSignalHandlerPause(int)
                0x00000000c0011a7d                KiDefaultSignalHandlerResume(int)
                0x00000000c0011aa9                KeDeinitSignals(SigHandlerBlock*)
                0x00000000c0011aae                KeInitSignals()
                0x00000000c0011b00                KeRegisterSignalHandler(SigHandlerBlock*, int, void (*)(int), unsigned int, int)
                0x00000000c0011b36                KeRaiseSignal(SigHandlerBlock*, int)
                0x00000000c0011bb3                KeCheckSignal(SigHandlerBlock*, int*)
                0x00000000c0011caa                KiCheckSignalZ
                0x00000000c0011cec                KeCompleteSignal(SigHandlerBlock*, int)
                0x00000000c0011d27                KiFinishSignalZ
 .text          0x00000000c0011d5e      0xdf3 krnl/syscalls.32
                0x00000000c0011d5e                SysSeekDir(regs*)
                0x00000000c0011d63                SysTellDir(regs*)
                0x00000000c0011d68                SysVerify(regs*)
                0x00000000c0011d72                SysGetArgc(regs*)
                0x00000000c0011d86                SysTTYName(regs*)
                0x00000000c0011d8e                SysFormatDisk(regs*)
                0x00000000c0011e05                SysSetDiskVolumeLabel(regs*)
                0x00000000c0011e59                SysGetDiskVolumeLabel(regs*)
                0x00000000c0011eb2                SysShutdown(regs*)
                0x00000000c0011f10                SysRealpath(regs*)
                0x00000000c0011f54                SysReadDir(regs*)
                0x00000000c0011fd4                SysIsATTY(regs*)
                0x00000000c001202e                SysSeek(regs*)
                0x00000000c0012085                SysTell(regs*)
                0x00000000c00120f2                SysSize(regs*)
                0x00000000c0012165                SysSizeFromFilename(regs*)
                0x00000000c0012279                SysSizeFromFilenameNoSymlink(regs*)
                0x00000000c00123aa                SysClose(regs*)
                0x00000000c001240a                SysOpenDir(regs*)
                0x00000000c0012487                SysMakeDir(regs*)
                0x00000000c00124f5                SysCloseDir(regs*)
                0x00000000c0012549                SysWait(regs*)
                0x00000000c001256a                SysNotImpl(regs*)
                0x00000000c0012585                SysPanic(regs*)
                0x00000000c00125a0                SysRmdir(regs*)
                0x00000000c0012605                SysUnlink(regs*)
                0x00000000c001266a                SysGetArgv(regs*)
                0x00000000c00126b7                SysUSleep(regs*)
                0x00000000c00126e0                SysSpawn(regs*)
                0x00000000c0012753                SysGetEnv(regs*)
                0x00000000c0012804                SysSetFatAttrib(regs*)
                0x00000000c0012877                SysPipe(regs*)
                0x00000000c00128bc                SysGetUnixTime(regs*)
                0x00000000c00128d0                string_ends_with(char const*, char const*)
                0x00000000c0012918                SysOpen(regs*)
                0x00000000c0012b0f                KeSystemCall(regs*, void*)
 *fill*         0x00000000c0012b51        0x3 
 .text          0x00000000c0012b54      0x159 net/ethernet.32
                0x00000000c0012b54                KeSwitchEndian16(unsigned short)
                0x00000000c0012b78                KeSwitchEndian32(unsigned int)
                0x00000000c0012ba8                EthernetCRC32(unsigned char*, int)
                0x00000000c0012c4c                EthernetReceivedPacket(EthernetUnwrappedFrame*, unsigned short)
 .text          0x00000000c0012cad      0xd56 reg/cm.32
                0x00000000c0012cad                CmOpen(char const*)
                0x00000000c0012dcb                CmClose(Reghive_Tag*)
                0x00000000c0012de1                CmReadExtent(Reghive_Tag*, int, unsigned char*)
                0x00000000c0012e1d                CmGetString(Reghive_Tag*, int, char*)
                0x00000000c0012e94                CmEnterDirectory(Reghive_Tag*, int)
                0x00000000c0012ed3                CmGetNext(Reghive_Tag*, int)
                0x00000000c0012f05                CmWriteExtent(Reghive_Tag*, int, unsigned char*)
                0x00000000c0012f41                CmFreeExtent(Reghive_Tag*, int)
                0x00000000c0012f69                CmUpdateHeader(Reghive_Tag*)
                0x00000000c0012f8a                CmExpand(Reghive_Tag*, int)
                0x00000000c0013005                CmFindUnusedExtent(Reghive_Tag*)
                0x00000000c001308b                CmCreateExtent(Reghive_Tag*, int, int, unsigned char*)
                0x00000000c001317f                CmSetString(Reghive_Tag*, int, char const*)
                0x00000000c00132bb                CmGetMatch(char*, char*, bool, bool*)
                0x00000000c001331c                CmAddShift(unsigned int*, int*, unsigned char, int)
                0x00000000c001334c                CmGetShift(unsigned int*, int*, int, bool*)
                0x00000000c0013383                CmGetInteger(Reghive_Tag*, int, unsigned long long*)
                0x00000000c00133ad                CmSetInteger(Reghive_Tag*, int, unsigned long long)
                0x00000000c00133ed                CmConvertFromInternalFilename(unsigned char const*, char*)
                0x00000000c0013491                CmGetNameAndTypeFromExtent(Reghive_Tag*, int, char*)
                0x00000000c00134bf                CmConvertToInternalFilename(char const*, unsigned char*)
                0x00000000c001365d                CmCreateString(Reghive_Tag*, int, char const*)
                0x00000000c00136aa                CmFindInDirectory(Reghive_Tag*, int, char const*)
                0x00000000c0013724                CmCreateInteger(Reghive_Tag*, int, char const*, unsigned long long, int)
                0x00000000c0013777                CmCreateDirectory(Reghive_Tag*, int, char const*)
                0x00000000c001383b                zStrtok(char*, char const*)
                0x00000000c00138ad                CmFindObjectFromPath(Reghive_Tag*, char const*)
                0x00000000c001392e                CmDisplayTree(Reghive_Tag*, int, int)
                0x00000000c00139d1                CmSplitFinalSlashInPlace(char*)
 .text          0x00000000c0013a03      0x52a reg/registry.32
                0x00000000c0013a03                Reg::findLineFromLoadedData(char*, char*, char*)
                0x00000000c0013b74                Reg::getLineFromRegistry(char*, char*, char*, char*)
                0x00000000c0013cc9                Reg::getLine(char*, char*, char*)
                0x00000000c0013d00                Reg::readInt(char*, char*, int*)
                0x00000000c0013dee                Reg::readString(char*, char*, char*, int)
                0x00000000c0013e6f                Reg::readBool(char*, char*, bool*)
                0x00000000c0013e94                Reg::readBoolWithDefault(char*, char*, bool)
                0x00000000c0013ec0                Reg::readIntWithDefault(char*, char*, int)
                0x00000000c0013eec                Reg::readStringWithDefault(char*, char*, char*, int, char*)
 .text          0x00000000c0013f2d       0x36 sys/eject.32
                0x00000000c0013f2d                SysEject(regs*)
 .text          0x00000000c0013f63       0x18 sys/exit.32
                0x00000000c0013f63                SysExit(regs*)
 .text          0x00000000c0013f7b       0x1f sys/getcwd.32
                0x00000000c0013f7b                SysGetCwd(regs*)
 .text          0x00000000c0013f9a        0xc sys/getpid.32
                0x00000000c0013f9a                SysGetPID(regs*)
 .text          0x00000000c0013fa6       0x1a sys/getramdata.32
                0x00000000c0013fa6                SysGetRAMData(regs*)
 .text          0x00000000c0013fc0       0x82 sys/getvgaptr.32
                0x00000000c0013fc0                SysGetVGAPtr(regs*)
 *fill*         0x00000000c0014042        0x2 
 .text          0x00000000c0014044       0xb9 sys/kill.32
                0x00000000c0014044                SysKill(regs*)
 .text          0x00000000c00140fd       0xa8 sys/loaddll.32
                0x00000000c00140fd                SysLoadDLL(regs*)
 .text          0x00000000c00141a5       0x68 sys/read.32
                0x00000000c00141a5                SysRead(regs*)
 .text          0x00000000c001420d       0x29 sys/registersignal.32
                0x00000000c001420d                SysRegisterSignal(regs*)
 .text          0x00000000c0014236      0x19c sys/registry.32
                0x00000000c0014236                SysRegistryGetTypeFromPath(regs*)
                0x00000000c00142ad                SysRegistryReadExtent(regs*)
                0x00000000c00142f5                SysRegistryPathToExtentLookup(regs*)
                0x00000000c001431d                SysRegistryEnterDirectory(regs*)
                0x00000000c0014345                SysRegistryGetNext(regs*)
                0x00000000c001436d                SysRegistryGetNameAndTypeFromExtent(regs*)
                0x00000000c00143a7                SysRegistryOpen(regs*)
                0x00000000c00143bb                SysRegistryClose(regs*)
 .text          0x00000000c00143d2       0x55 sys/sbrk.32
                0x00000000c00143d2                SysSbrk(regs*)
 .text          0x00000000c0014427       0x1c sys/setcwd.32
                0x00000000c0014427                SysSetCwd(regs*)
 .text          0x00000000c0014443       0x96 sys/settime.32
                0x00000000c0014443                SysSetTime(regs*)
 .text          0x00000000c00144d9       0x2d sys/symlink.32
                0x00000000c00144d9                SysSymlink(regs*)
 .text          0x00000000c0014506       0x4a sys/timezone.32
                0x00000000c0014506                SysTimezone(regs*)
 .text          0x00000000c0014550       0xfc sys/truncate.32
                0x00000000c0014550                SysTruncate(regs*)
 .text          0x00000000c001464c       0x68 sys/write.32
                0x00000000c001464c                SysWrite(regs*)
 .text          0x00000000c00146b4       0x62 sys/wsbe.32
                0x00000000c00146b4                SysWsbe(regs*)
 .text          0x00000000c0014716       0x25 sys/yield.32
                0x00000000c0014716                SysYield(regs*)
 .text          0x00000000c001473b     0x11e6 thr/elf.32
                0x00000000c001473b                Thr::allocateMemoryForTask(Process*, File*, unsigned long, unsigned long, unsigned long)
                0x00000000c00149c9                Thr::loadProgramIntoMemory(Process*, char const*)
                0x00000000c0014bdb                Thr::runtimeReferenceHelper()
                0x00000000c0014bee                Thr::getAddressOfKernelSymbol(char const*)
                0x00000000c0014c3d                Thr::loadKernelSymbolTable(char const*)
                0x00000000c0014efb                Thr::loadDriverIntoMemory(char const*, unsigned long, bool)
                0x00000000c0015634                Thr::getDriverBaseFromAddress(unsigned long)
                0x00000000c0015666                Thr::getDriverNameFromAddress(unsigned long)
                0x00000000c001569d                Thr::getDriverOffsetFromAddress(unsigned long)
                0x00000000c00156b7                Thr::loadDLL(char const*, bool)
                0x00000000c00158e8                Thr::executeDLL(unsigned long, void*)
 *fill*         0x00000000c0015921        0x3 
 .text          0x00000000c0015924     0x13d9 thr/prcssthr.32
                0x00000000c0015924                userModeEntryPoint(void*)
                0x00000000c001594c                changeTSS
                0x00000000c001597c                switchToThread(ThreadControlBlock*)
                0x00000000c0015a2c                Process::addArgs(char**)
                0x00000000c0015a98                Process::Process(char const*, Process*, char**)
                0x00000000c0015a98                Process::Process(char const*, Process*, char**)
                0x00000000c0015ca4                Process::Process(bool, char const*, Process*, char**)
                0x00000000c0015ca4                Process::Process(bool, char const*, Process*, char**)
                0x00000000c0015e78                taskStartupFunction
                0x00000000c0015e84                Semaphore::Semaphore(int)
                0x00000000c0015e84                Semaphore::Semaphore(int)
                0x00000000c0015eb4                Mutex::Mutex()
                0x00000000c0015eb4                Mutex::Mutex()
                0x00000000c0015ec8                Process::createThread(void (*)(void*), void*, int)
                0x00000000c0015fd4                Process::createUserThread()
                0x00000000c0015ff4                setupMultitasking(void (*)())
                0x00000000c0016118                schedule()
                0x00000000c00161ac                Semaphore::tryAcquire()
                0x00000000c0016280                Semaphore::assertLocked(char const*)
                0x00000000c0016304                blockTaskWithSchedulerLockAlreadyHeld(TaskState)
                0x00000000c001632c                blockTask(TaskState)
                0x00000000c0016364                waitTask(int, int*, int)
                0x00000000c00163a8                milliTenthSleepUntil(unsigned int)
                0x00000000c0016448                milliTenthSleep(unsigned int)
                0x00000000c001645c                sleep(unsigned int)
                0x00000000c0016478                Semaphore::acquire()
                0x00000000c0016540                taskReturned
                0x00000000c0016584                Thr::processFromPID(int)
                0x00000000c0016630                unblockTask(ThreadControlBlock*)
                0x00000000c00166dc                cleanupTerminatedTask(ThreadControlBlock*)
                0x00000000c00169b0                cleanerTaskFunction(void*)
                0x00000000c0016ab8                terminateTask(int)
                0x00000000c0016ba4                Thr::terminateFromIRQ(int)
                0x00000000c0016bb4                Semaphore::release()
 .text          0x00000000c0016cfd      0xc27 vm86/vm8086.32
                0x00000000c0016cfd                Vm::inbv(unsigned short)
                0x00000000c0016d10                Vm::outbv(unsigned short, unsigned char)
                0x00000000c0016d46                Vm::realToLinear(unsigned short, unsigned short)
                0x00000000c0016d56                Vm::getSegment(unsigned int)
                0x00000000c0016d5e                Vm::getOffset(unsigned int)
                0x00000000c0016d63                Vm::mainloop2()
                0x00000000c0016d9d                Vm::mainVm8086Loop(void*)
                0x00000000c0016dad                Vm::mainloop3(unsigned long)
                0x00000000c0016dd3                Vm::initialise8086()
                0x00000000c0016e16                Vm::finish8086()
                0x00000000c0016e77                Vm::getOutput8086(unsigned char*)
                0x00000000c0016e9c                Vm::start8086FromBuffer(unsigned char*, int, unsigned short, unsigned short, unsigned short, unsigned short)
                0x00000000c0016f55                Vm::start8086(char const*, unsigned short, unsigned short, unsigned short, unsigned short)
                0x00000000c00170f3                Vm::doISR(regs*, int, unsigned char*, unsigned short, unsigned short)
                0x00000000c001718c                Vm::readByteFromReal(unsigned short, unsigned short)
                0x00000000c001719d                Vm::readWordFromReal(unsigned short, unsigned short)
                0x00000000c00171af                Vm::readDwordFromReal(unsigned short, unsigned short)
                0x00000000c00171c0                Vm::writeByteFromReal(unsigned short, unsigned short, unsigned char)
                0x00000000c00171d5                Vm::writeWordFromReal(unsigned short, unsigned short, unsigned short)
                0x00000000c00171eb                Vm::writeDwordFromReal(unsigned short, unsigned short, unsigned int)
                0x00000000c0017200                Vm::faultHandler(regs*)
 .text          0x00000000c0017924      0xaf0 arch/i386/hal.32
                0x00000000c0017924                noCopro(unsigned long)
                0x00000000c0017925                nmiHandler(regs*, void*)
                0x00000000c001793e                doubleFault(regs*, void*)
                0x00000000c0017957                displayDebugInfo(regs*)
                0x00000000c0017cdc                HalSystemIdle()
                0x00000000c0017d58                displayProgramFault(char const*)
                0x00000000c0017da4                gpFault(regs*, void*)
                0x00000000c0017e0b                pgFault(regs*, void*)
                0x00000000c0017e94                otherISRHandler(regs*, void*)
                0x00000000c0017ec8                opcodeFault(regs*, void*)
                0x00000000c0017f4b                i386SaveCoprocessor(void*)
                0x00000000c0017f5f                i386LoadCoprocessor(void*)
                0x00000000c0017f73                x87EmulHandler(regs*, void*)
                0x00000000c0018010                HalInitialiseCoprocessor()
                0x00000000c00180be                HalPanic(char const*)
                0x00000000c00181d2                HalQueryPerformanceCounter()
                0x00000000c00181ed                HalInitialise()
                0x00000000c00183a3                HalMakeBeep(int)
                0x00000000c00183dd                HalGetRand()
                0x00000000c00183e0                HalEndOfInterrupt(int)
                0x00000000c0018411                HalRestart()
                0x00000000c0018412                HalShutdown()
                0x00000000c0018413                HalSleep()
 .text          0x00000000c0018414      0x2dc arch/i386/pic.32
                0x00000000c0018414                picIoWait()
                0x00000000c001841c                picDisable()
                0x00000000c0018450                picGetIRQReg(int)
                0x00000000c00184cc                picOpen()
                0x00000000c0018650                picEOI(int)
 .text          0x00000000c00186f0      0x674 arch/i386/rtc.32
                0x00000000c00186f0                RTC::open(int, int, void*)
                0x00000000c00186f4                RTC::close(int, int, void*)
                0x00000000c00186f8                RTC::timeInSecondsUTC()
                0x00000000c001870a                RTC::timeInDatetimeUTC()
                0x00000000c0018730                RTC::setTimeInSecondsUTC(unsigned long long)
                0x00000000c001876e                RTC::~RTC()
                0x00000000c001876e                RTC::~RTC()
                0x00000000c0018792                RTC::~RTC()
                0x00000000c00187bc                RTC::get_update_in_progress_flag()
                0x00000000c00187d6                RTC::completeRTCRefresh()
                0x00000000c0018ab6                RTC::setTimeInDatetimeUTC(datetime_t)
                0x00000000c0018c64                rtcIRQHandler(regs*, void*)
                0x00000000c0018caa                RTC::RTC()
                0x00000000c0018caa                RTC::RTC()
 .text          0x00000000c0018d64      0x1f4 arch/i386/vga.32
                0x00000000c0018d64                HalConsoleScroll(int, int)
                0x00000000c0018e6c                HalConsoleWriteCharacter(char, int, int, int, int)
                0x00000000c0018ed0                HalConsoleCursorUpdate(int, int)
 .text          0x00000000c0018f58     0x14cf fs/fat/vfslink.32
                0x00000000c0018f58                FAT::getName()
                0x00000000c0018f60                FAT::tell(void*, unsigned long long*)
                0x00000000c0018f9c                FAT::stat(void*, unsigned long long*)
                0x00000000c0018fd8                FAT::~FAT()
                0x00000000c0018fd8                FAT::~FAT()
                0x00000000c0018ffc                FAT::~FAT()
                0x00000000c0019024                FAT::getlabel(LogicalDisk*, int, char*, unsigned int*)
                0x00000000c00190c8                FAT::setlabel(LogicalDisk*, int, char*)
                0x00000000c001918c                FAT::format(LogicalDisk*, int, char const*, int)
                0x00000000c0019370                FAT::tryMount(LogicalDisk*, int)
                0x00000000c001958c                FAT::allocateSwapfile(char const*, int)
                0x00000000c001974c                FAT::readDir(void*, unsigned long, void*, int*)
                0x00000000c00198bc                FAT::read(void*, unsigned long, void*, int*)
                0x00000000c001991c                FAT::write(void*, unsigned long, void*, int*)
                0x00000000c001997c                FAT::close(void*)
                0x00000000c00199d0                FAT::closeDir(void*)
                0x00000000c0019a24                FAT::truncate(void*, unsigned long long)
                0x00000000c0019a90                FAT::seek(void*, unsigned long long)
                0x00000000c0019ae8                fatWrapperReadDisk
                0x00000000c0019b28                fatWrapperWriteDisk
                0x00000000c0019b68                fatWrapperIoctl
                0x00000000c0019c84                FAT::FAT()
                0x00000000c0019c84                FAT::FAT()
                0x00000000c0019cdc                FAT::fixFilepath(char*)
                0x00000000c0019d1c                FAT::open(char const*, void**, FileOpenMode)
                0x00000000c0019e90                FAT::openDir(char const*, void**)
                0x00000000c0019f40                FAT::stat(char const*, unsigned long long*, bool*)
                0x00000000c001a038                FAT::unlink(char const*)
                0x00000000c001a0b8                FAT::chfatattr(char const*, unsigned char, unsigned char)
                0x00000000c001a26c                FAT::rename(char const*, char const*)
                0x00000000c001a338                FAT::mkdir(char const*)
                0x00000000c001a3b8                FAT::exists(char const*)
 *fill*         0x00000000c001a427        0x1 
 .text          0x00000000c001a428       0x94 fs/iso9660/helper.32
                0x00000000c001a428                isoReadDiscSectorHelper
                0x00000000c001a484                iso_kprintf
                0x00000000c001a4a0                iso_kprintfd
 .text          0x00000000c001a4bc      0x71c fs/iso9660/vfslink.32
                0x00000000c001a4bc                ISO9660::format(LogicalDisk*, int, char const*, int)
                0x00000000c001a4c2                ISO9660::truncate(void*, unsigned long long)
                0x00000000c001a4c8                ISO9660::getName()
                0x00000000c001a4ce                ISO9660::closeDir(void*)
                0x00000000c001a4d8                ISO9660::chfatattr(char const*, unsigned char, unsigned char)
                0x00000000c001a4de                ISO9660::unlink(char const*)
                0x00000000c001a4e4                ISO9660::write(void*, unsigned long, void*, int*)
                0x00000000c001a4ea                ISO9660::rename(char const*, char const*)
                0x00000000c001a4f0                ISO9660::mkdir(char const*)
                0x00000000c001a4f6                ISO9660::~ISO9660()
                0x00000000c001a4f6                ISO9660::~ISO9660()
                0x00000000c001a51a                ISO9660::~ISO9660()
                0x00000000c001a542                ISO9660::exists(char const*)
                0x00000000c001a556                ISO9660::open(char const*, void**, FileOpenMode)
                0x00000000c001a63c                ISO9660::read(void*, unsigned long, void*, int*)
                0x00000000c001a684                ISO9660::seek(void*, unsigned long long)
                0x00000000c001a6c6                ISO9660::tell(void*, unsigned long long*)
                0x00000000c001a704                ISO9660::stat(void*, unsigned long long*)
                0x00000000c001a756                ISO9660::stat(char const*, unsigned long long*, bool*)
                0x00000000c001a898                ISO9660::close(void*)
                0x00000000c001a8c8                ISO9660::openDir(char const*, void**)
                0x00000000c001a9a2                ISO9660::readDir(void*, unsigned long, void*, int*)
                0x00000000c001aabf                readSectorFromCDROM(unsigned int, unsigned char*, char)
                0x00000000c001ab3e                ISO9660::tryMount(LogicalDisk*, int)
                0x00000000c001abb0                ISO9660::ISO9660()
                0x00000000c001abb0                ISO9660::ISO9660()
 .text          0x00000000c001abd8      0x26c hal/sound/sndcard.32
                0x00000000c001abd8                SoundCard::beginPlayback()
                0x00000000c001abe6                SoundCard::stopPlayback()
                0x00000000c001abf4                SoundCard::SoundCard(char const*)
                0x00000000c001abf4                SoundCard::SoundCard(char const*)
                0x00000000c001ac92                SoundCard::~SoundCard()
                0x00000000c001ac92                SoundCard::~SoundCard()
                0x00000000c001acb6                SoundCard::~SoundCard()
                0x00000000c001ace0                SoundCard::configureRates(int, int, int)
                0x00000000c001ad10                SoundCard::getSamples16(int, short*)
                0x00000000c001ad6c                SoundCard::getSamples32(int, int*)
                0x00000000c001adf2                SoundCard::addChannel(SoundPort*)
                0x00000000c001ae30                SoundCard::removeChannel(int)
 .text          0x00000000c001ae44      0x38a hal/sound/sndport.32
                0x00000000c001ae44                SoundPort::SoundPort(int, int, int, int)
                0x00000000c001ae44                SoundPort::SoundPort(int, int, int, int)
                0x00000000c001aed0                SoundPort::~SoundPort()
                0x00000000c001aed0                SoundPort::~SoundPort()
                0x00000000c001af04                SoundPort::unpause()
                0x00000000c001af10                SoundPort::pause()
                0x00000000c001af1c                SoundPort::getBufferUsed()
                0x00000000c001af24                SoundPort::getBufferSize()
                0x00000000c001af2c                SoundPort::buffer16(short*, int)
                0x00000000c001afb8                SoundPort::buffer32(int*, int)
                0x00000000c001b044                SoundPort::unbufferAndAdd16(int, short*, SoundCard*)
                0x00000000c001b110                SoundPort::unbufferAndAdd32(int, int*, SoundCard*)
 .text          0x00000000c001b1ce        0x0 hw/bus/isa.32
 .text          0x00000000c001b1ce      0xbb7 hw/bus/pci.32
                0x00000000c001b1ce                PCI::open(int, int, void*)
                0x00000000c001b1ec                PCI::close(int, int, void*)
                0x00000000c001b1f0                PCI::PCI()
                0x00000000c001b1f0                PCI::PCI()
                0x00000000c001b288                PCI::readBAR8(unsigned int, int)
                0x00000000c001b2a4                PCI::readBAR16(unsigned int, int)
                0x00000000c001b2c2                PCI::readBAR32(unsigned int, int)
                0x00000000c001b2de                PCI::writeBAR8(unsigned int, unsigned char, int)
                0x00000000c001b2fe                PCI::writeBAR16(unsigned int, unsigned short, int)
                0x00000000c001b320                PCI::writeBAR32(unsigned int, unsigned int, int)
                0x00000000c001b340                PCI::legacyMechanism(unsigned char, unsigned char, unsigned char, unsigned char)
                0x00000000c001b3b6                PCI::pciReadWord(unsigned char, unsigned char, unsigned char, unsigned char)
                0x00000000c001b460                PCI::getVendorID(unsigned char, unsigned char, unsigned char)
                0x00000000c001b484                PCI::getHeaderType(unsigned char, unsigned char, unsigned char)
                0x00000000c001b4ac                PCI::getClassCode(unsigned char, unsigned char, unsigned char)
                0x00000000c001b4f6                PCI::getProgIF(unsigned char, unsigned char, unsigned char)
                0x00000000c001b51e                PCI::getRevisionID(unsigned char, unsigned char, unsigned char)
                0x00000000c001b542                PCI::getInterruptNumber(unsigned char, unsigned char, unsigned char)
                0x00000000c001b566                PCI::getSecondaryBus(unsigned char, unsigned char, unsigned char)
                0x00000000c001b58e                PCI::getBARAddress(unsigned char, unsigned char, unsigned char, unsigned char)
                0x00000000c001b5f2                PCI::pciWriteWord(unsigned char, unsigned char, unsigned char, unsigned char, unsigned short)
                0x00000000c001b6da                PCI::pciDetailsToFilepath(PCIDeviceInfo, char*)
                0x00000000c001b9a0                PCI::checkBus(unsigned char)
                0x00000000c001b9c4                PCI::foundDevice(PCIDeviceInfo)
                0x00000000c001bb3e                PCI::getDeviceData(unsigned char, unsigned char, unsigned char)
                0x00000000c001bcba                PCI::checkDevice(unsigned char, unsigned char)
                0x00000000c001bd2c                PCI::detect()
 *fill*         0x00000000c001bd85        0x1 
 .text          0x00000000c001bd86      0xb9a hw/diskctrl/ide.32
                0x00000000c001bd86                IDE::close(int, int, void*)
                0x00000000c001bd8a                IDE::IDE()
                0x00000000c001bd8a                IDE::IDE()
                0x00000000c001bdbe                IDE::prepareInterrupt(unsigned char)
                0x00000000c001bdd0                selectDrive(unsigned char, unsigned char)
                0x00000000c001bdd2                IDE::getBase(unsigned char)
                0x00000000c001bde4                IDE::write(unsigned char, unsigned char, unsigned char)
                0x00000000c001bea4                IDE::read(unsigned char, unsigned char)
                0x00000000c001bf52                IDE::waitInterrupt(unsigned char)
                0x00000000c001bfb4                ideChannel0IRQHandler(regs*, void*)
                0x00000000c001bfd0                ideChannel1IRQHandler(regs*, void*)
                0x00000000c001bfec                IDE::enableIRQs(unsigned char, bool)
                0x00000000c001c036                IDE::open(int, int, void*)
                0x00000000c001c474                IDE::readBuffer(unsigned char, unsigned char, unsigned int, unsigned int)
                0x00000000c001c544                IDE::detect()
                0x00000000c001c812                IDE::printError(unsigned char, unsigned char, unsigned char)
                0x00000000c001c8cc                IDE::polling(unsigned char, unsigned int)
 .text          0x00000000c001c920      0x32a hw/diskctrl/satabus.32
                0x00000000c001c920                SATABus::close(int, int, void*)
                0x00000000c001c924                SATABus::detect()
                0x00000000c001c926                SATABus::SATABus()
                0x00000000c001c926                SATABus::SATABus()
                0x00000000c001c9ac                SATABus::findCmdslot(SATABus::tagHBA_PORT volatile*)
                0x00000000c001c9de                SATABus::checkType(SATABus::tagHBA_PORT volatile*)
                0x00000000c001ca26                SATABus::startCmd(SATABus::tagHBA_PORT volatile*)
                0x00000000c001ca46                SATABus::stopCmd(SATABus::tagHBA_PORT volatile*)
                0x00000000c001ca70                SATABus::portRebase(SATABus::tagHBA_PORT volatile*, int)
                0x00000000c001cb80                SATABus::probePort(SATABus::tagHBA_MEM volatile*)
                0x00000000c001cc2a                SATABus::open(int, int, void*)
 .text          0x00000000c001cc4a      0x93f hw/diskphys/ata.32
                0x00000000c001cc4a                ATA::close(int, int, void*)
                0x00000000c001cc6e                ATA::powerSaving(PowerSavingLevel)
                0x00000000c001cc70                ATA::ATA()
                0x00000000c001cc70                ATA::ATA()
                0x00000000c001cc9e                ATA::flush(bool)
                0x00000000c001ccec                ATA::readyForCommand()
                0x00000000c001cd38                ATA::access(unsigned long long, int, void*, bool)
                0x00000000c001d0ce                ATA::detectCHS()
                0x00000000c001d0f8                ATA::open(int, int, void*)
                0x00000000c001d1c4                combineCharAndColour(char, unsigned char)
                0x00000000c001d1d5                combineColours(unsigned char, unsigned char)
                0x00000000c001d1e2                ATA::read(unsigned long long, int, void*)
                0x00000000c001d3b8                ATA::write(unsigned long long, int, void*)
 *fill*         0x00000000c001d589        0x1 
 .text          0x00000000c001d58a      0x618 hw/diskphys/atapi.32
                0x00000000c001d58a                ATAPI::write(unsigned long long, int, void*)
                0x00000000c001d590                ATAPI::close(int, int, void*)
                0x00000000c001d5b4                ATAPI::ATAPI()
                0x00000000c001d5b4                ATAPI::ATAPI()
                0x00000000c001d5e2                ATAPI::readyForCommand()
                0x00000000c001d634                ATAPI::sendPacket(unsigned char*, int, bool, unsigned short*, int)
                0x00000000c001d8fc                ATAPI::diskRemoved()
                0x00000000c001d936                ATAPI::eject()
                0x00000000c001d97e                ATAPI::diskInserted()
                0x00000000c001d98a                ATAPI::detectMedia()
                0x00000000c001da48                ATAPI::open(int, int, void*)
                0x00000000c001db28                ATAPI::read(unsigned long long, int, void*)
 .text          0x00000000c001dba2      0x807 hw/diskphys/sata.32
                0x00000000c001dba2                SATA::close(int, int, void*)
                0x00000000c001dbc6                SATA::powerSaving(PowerSavingLevel)
                0x00000000c001dbc8                SATA::open(int, int, void*)
                0x00000000c001dc72                SATA::SATA()
                0x00000000c001dc72                SATA::SATA()
                0x00000000c001dca0                SATA::access(unsigned long long, int, void*, bool)
                0x00000000c001def4                SATA::read(unsigned long long, int, void*)
                0x00000000c001e144                SATA::write(unsigned long long, int, void*)
 *fill*         0x00000000c001e3a9        0x1 
 .text          0x00000000c001e3aa      0x5d0 hw/diskphys/satapi.32
                0x00000000c001e3aa                SATAPI::write(unsigned long long, int, void*)
                0x00000000c001e3b0                SATAPI::close(int, int, void*)
                0x00000000c001e3d4                SATAPI::SATAPI()
                0x00000000c001e3d4                SATAPI::SATAPI()
                0x00000000c001e402                SATAPI::diskRemoved()
                0x00000000c001e404                SATAPI::diskInserted()
                0x00000000c001e420                SATAPI::sendPacket(unsigned char*, int, unsigned long long, unsigned short*, int)
                0x00000000c001e6fe                SATAPI::eject()
                0x00000000c001e73a                SATAPI::detectMedia()
                0x00000000c001e790                SATAPI::open(int, int, void*)
                0x00000000c001e890                SATAPI::read(unsigned long long, int, void*)
 .text          0x00000000c001e97a      0x45b hw/intctrl/apic.32
                0x00000000c001e97a                IOAPIC::close(int, int, void*)
                0x00000000c001e980                apicGetBase()
                0x00000000c001e9c6                IOAPIC::IOAPIC()
                0x00000000c001e9c6                IOAPIC::IOAPIC()
                0x00000000c001e9ee                apicOpen()
                0x00000000c001eb6a                IOAPIC::handlesGSIWithNumber(unsigned int)
                0x00000000c001eb9c                IOAPIC::read(int)
                0x00000000c001ebc4                IOAPIC::open(int, int, void*)
                0x00000000c001ecaa                IOAPIC::write(int, int)
                0x00000000c001ecd6                IOAPIC::redirect(unsigned char, unsigned long long, unsigned char, bool, bool)
 *fill*         0x00000000c001edd5        0x3 
 .text          0x00000000c001edd8       0xf0 hw/timer/apictimer.32
                0x00000000c001edd8                APICTimer::close(int, int, void*)
                0x00000000c001ede0                apicTimerHandler(regs*, void*)
                0x00000000c001ee08                APICTimer::open(int, int, void*)
                0x00000000c001ee78                APICTimer::write(int)
                0x00000000c001eea0                APICTimer::APICTimer()
                0x00000000c001eea0                APICTimer::APICTimer()
 .text          0x00000000c001eec8      0x1ad hw/timer/pit.32
                0x00000000c001eec8                PIT::write(int)
                0x00000000c001ef4c                pitHandler(regs*, void*)
                0x00000000c001ef74                PIT::open(int, int, void*)
                0x00000000c001efc4                PIT::close(int, int, void*)
                0x00000000c001eff4                PIT::PIT()
                0x00000000c001eff4                PIT::PIT()
 *fill*         0x00000000c001f075        0xb 
 .text          0x00000000c001f080       0x83 arch/i386/avx.32
                0x00000000c001f080                avxDetect
                0x00000000c001f0aa                avxSave
                0x00000000c001f0bb                avxLoad
                0x00000000c001f0cc                avxInit
                0x00000000c001f0ee                avxClose
                0x00000000c001f0ef                wouldSheSayYes
 *fill*         0x00000000c001f103        0xd 
 .text          0x00000000c001f110      0x2ec arch/i386/interrupt.32
                0x00000000c001f110                isr0
                0x00000000c001f120                isr1
                0x00000000c001f12a                isr2
                0x00000000c001f134                isr3
                0x00000000c001f13e                isr4
                0x00000000c001f148                isr5
                0x00000000c001f152                isr6
                0x00000000c001f15c                isr7
                0x00000000c001f166                isr8
                0x00000000c001f16e                isr9
                0x00000000c001f178                isr10
                0x00000000c001f180                isr11
                0x00000000c001f188                isr12
                0x00000000c001f190                isr13
                0x00000000c001f1aa                isr14
                0x00000000c001f1b2                isr15
                0x00000000c001f1bc                isr16
                0x00000000c001f1c6                isr17
                0x00000000c001f1d0                isr18
                0x00000000c001f1da                irq3
                0x00000000c001f1e4                irq4
                0x00000000c001f1ee                irq5
                0x00000000c001f1f8                irq6
                0x00000000c001f202                irq7
                0x00000000c001f20c                irq8
                0x00000000c001f216                irq9
                0x00000000c001f220                irq10
                0x00000000c001f22a                irq11
                0x00000000c001f234                irq12
                0x00000000c001f23e                irq13
                0x00000000c001f248                irq14
                0x00000000c001f252                irq15
                0x00000000c001f25c                irq1