Archive member included to satisfy reference by file (symbol)

/cygdrive/d/Users/Alex/Desktop/Toolchain/Output/bin/../lib/gcc/i386-banana/8.1.0/libkgcc.a(_divdi3.o)
                              fs/fat/ff.32 (__divdi3)
/cygdrive/d/Users/Alex/Desktop/Toolchain/Output/bin/../lib/gcc/i386-banana/8.1.0/libkgcc.a(_moddi3.o)
                              compat/resolve.32 (__moddi3)
/cygdrive/d/Users/Alex/Desktop/Toolchain/Output/bin/../lib/gcc/i386-banana/8.1.0/libkgcc.a(_udivdi3.o)
                              fs/fat/ff.32 (__udivdi3)
/cygdrive/d/Users/Alex/Desktop/Toolchain/Output/bin/../lib/gcc/i386-banana/8.1.0/libkgcc.a(_umoddi3.o)
                              compat/resolve.32 (__umoddi3)

Discarded input sections

 .comment       0x0000000000000000       0x12 /cygdrive/d/Users/Alex/Desktop/Toolchain/Output/bin/../lib/gcc/i386-banana/8.1.0/crtbegin.o
 .comment       0x0000000000000000       0x12 acpica/utclib.32
 .comment       0x0000000000000000       0x12 core/malloc.32
 .comment       0x0000000000000000       0x12 libk/string.32
 .comment       0x0000000000000000       0x12 fs/fat/diskio.32
 .comment       0x0000000000000000       0x12 fs/fat/ff.32
 .comment       0x0000000000000000       0x12 fs/fat/ffsystem.32
 .comment       0x0000000000000000       0x12 fs/fat/ffunicode.32
 .comment       0x0000000000000000       0x12 compat/inlines.32
 .comment       0x0000000000000000       0x12 compat/resolve.32
 .group         0x0000000000000000       0x14 core/computer.32
 .group         0x0000000000000000        0xc core/computer.32
 .comment       0x0000000000000000       0x12 core/computer.32
 .comment       0x0000000000000000       0x12 core/gdt.32
 .group         0x0000000000000000        0xc core/idle.32
 .comment       0x0000000000000000       0x12 core/idle.32
 .comment       0x0000000000000000       0x12 core/idt.32
 .comment       0x0000000000000000       0x12 core/kheap.32
 .comment       0x0000000000000000       0x12 core/main.32
 .comment       0x0000000000000000       0x12 core/physmgr.32
 .group         0x0000000000000000        0xc core/pipe.32
 .comment       0x0000000000000000       0x12 core/pipe.32
 .group         0x0000000000000000        0xc core/terminal.32
 .comment       0x0000000000000000       0x12 core/terminal.32
 .comment       0x0000000000000000       0x12 core/tss.32
 .group         0x0000000000000000        0x8 core/unixfile.32
 .group         0x0000000000000000        0x8 core/unixfile.32
 .group         0x0000000000000000        0xc core/unixfile.32
 .group         0x0000000000000000        0x8 core/unixfile.32
 .group         0x0000000000000000        0xc core/unixfile.32
 .group         0x0000000000000000        0x8 core/unixfile.32
 .group         0x0000000000000000        0xc core/unixfile.32
 .group         0x0000000000000000        0xc core/unixfile.32
 .comment       0x0000000000000000       0x12 core/unixfile.32
 .comment       0x0000000000000000       0x12 core/virtmgr.32
 .comment       0x0000000000000000       0x12 coreobjs/c++.32
 .comment       0x0000000000000000       0x12 dbg/kconsole.32
 .group         0x0000000000000000        0xc fs/vfs.32
 .group         0x0000000000000000        0xc fs/vfs.32
 .group         0x0000000000000000        0xc fs/vfs.32
 .comment       0x0000000000000000       0x12 fs/vfs.32
 .group         0x0000000000000000        0xc hal/bus.32
 .comment       0x0000000000000000       0x12 hal/bus.32
 .group         0x0000000000000000        0xc hal/buzzer.32
 .comment       0x0000000000000000       0x12 hal/buzzer.32
 .group         0x0000000000000000        0xc hal/clock.32
 .comment       0x0000000000000000       0x12 hal/clock.32
 .group         0x0000000000000000       0x14 hal/device.32
 .group         0x0000000000000000        0xc hal/device.32
 .group         0x0000000000000000        0x8 hal/device.32
 .group         0x0000000000000000        0xc hal/device.32
 .group         0x0000000000000000        0xc hal/device.32
 .comment       0x0000000000000000       0x12 hal/device.32
 .group         0x0000000000000000        0xc hal/diskctrl.32
 .comment       0x0000000000000000       0x12 hal/diskctrl.32
 .group         0x0000000000000000        0xc hal/diskphys.32
 .comment       0x0000000000000000       0x12 hal/diskphys.32
 .group         0x0000000000000000        0xc hal/fpu.32
 .comment       0x0000000000000000       0x12 hal/fpu.32
 .group         0x0000000000000000        0xc hal/intctrl.32
 .comment       0x0000000000000000       0x12 hal/intctrl.32
 .group         0x0000000000000000        0xc hal/keybrd.32
 .comment       0x0000000000000000       0x12 hal/keybrd.32
 .group         0x0000000000000000        0xc hal/logidisk.32
 .comment       0x0000000000000000       0x12 hal/logidisk.32
 .group         0x0000000000000000        0xc hal/mouse.32
 .comment       0x0000000000000000       0x12 hal/mouse.32
 .comment       0x0000000000000000       0x12 hal/partition.32
 .group         0x0000000000000000        0xc hal/serial.32
[...]
Memory Configuration

Name             Origin             Length             Attributes
*default*        0x0000000000000000 0xffffffffffffffff

Linker script and memory map

LOAD D:/Users/Alex/Desktop/Banana/kernel/boot.32
LOAD crti.32
LOAD /cygdrive/d/Users/Alex/Desktop/Toolchain/Output/bin/../lib/gcc/i386-banana/8.1.0/crtbegin.o
LOAD D:/Users/Alex/Desktop/Banana/kernel/morenasm.32
LOAD acpica/utclib.32
LOAD core/malloc.32
LOAD libk/string.32
LOAD fs/fat/diskio.32
LOAD fs/fat/ff.32
LOAD fs/fat/ffsystem.32
LOAD fs/fat/ffunicode.32
LOAD compat/inlines.32
LOAD compat/resolve.32
LOAD core/computer.32
LOAD core/gdt.32
LOAD core/idle.32
LOAD core/idt.32
LOAD core/kheap.32
LOAD core/main.32
LOAD core/physmgr.32
LOAD core/pipe.32
LOAD core/terminal.32
LOAD core/tss.32
LOAD core/unixfile.32
LOAD core/virtmgr.32
LOAD coreobjs/c++.32
LOAD dbg/kconsole.32
LOAD fs/vfs.32
LOAD hal/bus.32
LOAD hal/buzzer.32
LOAD hal/clock.32
LOAD hal/device.32
LOAD hal/diskctrl.32
LOAD hal/diskphys.32
LOAD hal/fpu.32
LOAD hal/intctrl.32
LOAD hal/keybrd.32
LOAD hal/logidisk.32
LOAD hal/mouse.32
LOAD hal/partition.32
LOAD hal/serial.32
LOAD hal/timer.32
LOAD hal/vcache.32
LOAD hal/video.32
LOAD hw/acpi.32
LOAD hw/cpu.32
LOAD hw/ports.32
LOAD hw/smp.32
LOAD krnl/env.32
LOAD krnl/panic.32
LOAD krnl/powctrl.32
LOAD krnl/rand.32
LOAD net/ethernet.32
LOAD reg/registry.32
LOAD sys/sc_eject.32
LOAD sys/sc_exit.32
LOAD sys/sc_getcwd.32
LOAD sys/sc_getpid.32
LOAD sys/sc_getramdata.32
LOAD sys/sc_getvgaptr.32
LOAD sys/sc_loaddll.32
LOAD sys/sc_read.32
LOAD sys/sc_sbrk.32
LOAD sys/sc_setcwd.32
LOAD sys/sc_settime.32
LOAD sys/sc_timezone.32
LOAD sys/sc_write.32
LOAD sys/sc_wsbe.32
LOAD sys/sc_yield.32
LOAD sys/syscalls.32
LOAD thr/elf.32
LOAD thr/prcssthr.32
LOAD vm86/vm8086.32
LOAD vm86/x87em.32
LOAD fs/fat/vfslink.32
LOAD fs/iso9660/vfslink.32
LOAD hal/sound/sndcard.32
LOAD hal/sound/sndport.32
LOAD hw/bus/isa.32
LOAD hw/bus/pci.32
LOAD hw/diskctrl/ide.32
LOAD hw/diskctrl/satabus.32
LOAD hw/diskphys/ata.32
LOAD hw/diskphys/atapi.32
LOAD hw/diskphys/sata.32
LOAD hw/diskphys/satapi.32
LOAD hw/fpu/avx.32
LOAD hw/fpu/mmx.32
LOAD hw/fpu/sse.32
LOAD hw/fpu/x87.32
LOAD hw/intctrl/apic.32
LOAD hw/intctrl/pic.32
LOAD hw/timer/apictimer.32
LOAD hw/timer/pit.32
LOAD hw/fpu/x86/avx.32
LOAD hw/fpu/x86/sse.32
LOAD hw/fpu/x86/x87.32
LOAD /cygdrive/d/Users/Alex/Desktop/Toolchain/Output/bin/../lib/gcc/i386-banana/8.1.0/crtend.o
LOAD crtn.32
LOAD /cygdrive/d/Users/Alex/Desktop/Toolchain/Output/bin/../lib/gcc/i386-banana/8.1.0/libkgcc.a
LOAD D:/Users/Alex/Desktop/Banana/kernel/libsoftfp.a
LOAD D:/Users/Alex/Desktop/Banana/kernel/libk/libm32.a
                0x00000000c0000000                . = 0xc0000000

.text           0x00000000c0000000    0x2320a
 *(.text)
 .text          0x00000000c0000000       0x41 D:/Users/Alex/Desktop/Banana/kernel/boot.32
                0x00000000c0000020                callGlobalConstructors
 .text          0x00000000c0000041        0x0 crti.32
 *fill*         0x00000000c0000041        0x3 
 .text          0x00000000c0000044      0x101 /cygdrive/d/Users/Alex/Desktop/Toolchain/Output/bin/../lib/gcc/i386-banana/8.1.0/crtbegin.o
 *fill*         0x00000000c0000145        0xb 
 .text          0x00000000c0000150      0x440 D:/Users/Alex/Desktop/Banana/kernel/morenasm.32
                0x00000000c0000150                manualPCIProbe
                0x00000000c000019b                prepareTramp
                0x00000000c00001b4                doTPAUSE
                0x00000000c00001be                hasLegacyFPU
                0x00000000c00001e3                is486
                0x00000000c0000219                getRDRAND
                0x00000000c0000229                detectCPUID
                0x00000000c000023f                goToVM86
                0x00000000c000026f                goToUsermode
                0x00000000c0000299                switchToThreadASMFirstTime
                0x00000000c00002a7                switchToThreadASM
                0x00000000c0000337                asmQuickAcquireLock
                0x00000000c0000355                asmQuickReleaseLock
                0x00000000c0000361                asmAcquireLock
                0x00000000c0000382                asmReleaseLock
                0x00000000c0000395                loadGDT
                0x00000000c00003b5                isr0
                0x00000000c00003c5                isr1
                0x00000000c00003cf                isr2
                0x00000000c00003d9                isr3
                0x00000000c00003e3                isr4
                0x00000000c00003ed                isr5
                0x00000000c00003f7                isr6
                0x00000000c0000401                isr7
                0x00000000c000040b                isr8
                0x00000000c0000413                isr9
                0x00000000c000041d                isr10
                0x00000000c0000425                isr11
                0x00000000c000042d                isr12
                0x00000000c0000435                isr13
                0x00000000c000043d                isr14
                0x00000000c0000445                isr15
                0x00000000c000044f                isr16
                0x00000000c0000459                isr17
                0x00000000c0000463                isr18
                0x00000000c000046d                irq3
                0x00000000c0000477                irq4
                0x00000000c0000481                irq5
                0x00000000c000048b                irq6
                0x00000000c0000495                irq7
                0x00000000c000049f                irq8
                0x00000000c00004a9                irq9
                0x00000000c00004b3                irq10
                0x00000000c00004bd                irq11
                0x00000000c00004c7                irq12
                0x00000000c00004d1                irq13
                0x00000000c00004db                irq14
                0x00000000c00004e5                irq15
                0x00000000c00004ef                irq1
                0x00000000c00004f6                irq2
                0x00000000c00004fd                isr96
                0x00000000c0000504                irq0
                0x00000000c0000509                int_common_stub
                0x00000000c0000509                syscall_common_stub
                0x00000000c000053b                irq16
                0x00000000c0000545                irq17
                0x00000000c000054f                irq18
                0x00000000c0000559                irq19
                0x00000000c0000563                irq20
                0x00000000c000056d                irq21
                0x00000000c0000577                irq22
                0x00000000c0000581                irq23
                0x00000000c000058b                memcpy
 .text          0x00000000c0000590      0x5dd acpica/utclib.32
                0x00000000c0000590                memcmp
                0x00000000c00005cc                memmove
                0x00000000c0000694                memset
                0x00000000c00006b0                strlen
                0x00000000c00006c8                strpbrk
                0x00000000c0000704                strtok
                0x00000000c0000750                strcpy
                0x00000000c0000774                strncpy
                0x00000000c00007dc                strcmp
                0x00000000c000081c                strchr
                0x00000000c0000840                strncmp
                0x00000000c0000890                strcat
                0x00000000c00008c0                strncat
                0x00000000c00008fc                strstr
                0x00000000c0000944                toupper
                0x00000000c0000958                tolower
                0x00000000c000096c                simple_strtoul
 .text          0x00000000c0000b6d      0xfad core/malloc.32
                0x00000000c0000cd8                dlfree
                0x00000000c0001033                dlmalloc
                0x00000000c0001570                dlrealloc
                0x00000000c0001713                dlmemalign
                0x00000000c0001836                dlcalloc
                0x00000000c00018d0                dlcfree
                0x00000000c00018d5                dlindependent_calloc
                0x00000000c00018fa                dlindependent_comalloc
                0x00000000c0001911                dlvalloc
                0x00000000c000193c                dlpvalloc
                0x00000000c0001972                dlmalloc_trim
                0x00000000c000197f                dlmalloc_usable_size
                0x00000000c00019b0                dlmallinfo
                0x00000000c0001a7f                dlmalloc_stats
                0x00000000c0001a90                dlmallopt
 .text          0x00000000c0001b1a        0x0 libk/string.32
 .text          0x00000000c0001b1a       0x51 fs/fat/diskio.32
                0x00000000c0001b1a                disk_status
                0x00000000c0001b1d                disk_initialize
                0x00000000c0001b20                disk_read
                0x00000000c0001b36                disk_write
                0x00000000c0001b4c                disk_ioctl
 .text          0x00000000c0001b6b     0x6a69 fs/fat/ff.32
                0x00000000c0004e39                f_mount
                0x00000000c0004e9b                f_open
                0x00000000c00052d7                f_read
                0x00000000c0005557                f_write
                0x00000000c0005811                f_sync
                0x00000000c00059ed                f_close
                0x00000000c0005a1c                f_lseek
                0x00000000c0005ed3                f_opendir
                0x00000000c0005fd5                f_closedir
                0x00000000c0005ff7                f_readdir
                0x00000000c0006092                f_stat
                0x00000000c0006121                f_getfree
                0x00000000c00062ec                f_truncate
                0x00000000c00063e4                f_unlink
                0x00000000c0006567                f_mkdir
                0x00000000c0006793                f_rename
                0x00000000c0006a86                f_chmod
                0x00000000c0006b64                f_utime
                0x00000000c0006c42                f_getlabel
                0x00000000c0006e30                f_setlabel
                0x00000000c000709d                f_expand
                0x00000000c00072d3                f_forward
                0x00000000c00074b1                f_mkfs
 .text          0x00000000c00085d4       0x2f fs/fat/ffsystem.32
                0x00000000c00085d4                ff_memalloc
                0x00000000c00085ec                ff_memfree
 *fill*         0x00000000c0008603        0x1 
 .text          0x00000000c0008604      0x274 fs/fat/ffunicode.32
                0x00000000c0008604                ff_uni2oem
                0x00000000c000869c                ff_oem2uni
                0x00000000c0008710                ff_wtoupper
 .text          0x00000000c0008878       0xa7 compat/inlines.32
                0x00000000c0008878                CPU::current()
                0x00000000c0008884                operator new(unsigned long)
                0x00000000c0008889                operator delete(void*)
                0x00000000c000888e                disableIRQs()
                0x00000000c0008896                enableIRQs()
                0x00000000c00088a5                lockScheduler()
                0x00000000c00088ad                unlockScheduler()
                0x00000000c00088bc                lockStuff()
                0x00000000c00088ca                unlockStuff()
                0x00000000c0008904                Virt::getAKernelVAS()
                0x00000000c000890a                __not_memcpy
 *fill*         0x00000000c000891f        0x1 
 .text          0x00000000c0008920      0x118 compat/resolve.32
                0x00000000c0008920                Krnl::resolveCompatibilitySymbol(char*)
 .text          0x00000000c0008a38      0xb95 core/computer.32
                0x00000000c0008a38                Computer::close(int, int, void*)
                0x00000000c0008a7c                Krnl::firstTask()
                0x00000000c0008bd0                Computer::Computer()
                0x00000000c0008bd0                Computer::Computer()
                0x00000000c0008d2c                Computer::setBootMessage(char const*)
                0x00000000c0008d2e                Computer::detectFeatures()
                0x00000000c0008f38                Computer::displayFeatures()
                0x00000000c000927e                Computer::rdmsr(unsigned int)
                0x00000000c00092aa                Computer::wrmsr(unsigned int, unsigned long long)
                0x00000000c00092e2                Computer::shutdown()
                0x00000000c00092fa                Computer::restart()
                0x00000000c0009312                Computer::sleep()
                0x00000000c0009326                Computer::nmiEnabled()
                0x00000000c0009332                Computer::readCMOS(unsigned char)
                0x00000000c000934c                Computer::enableNMI(bool)
                0x00000000c0009364                Computer::open(int, int, void*)
                0x00000000c0009510                Computer::disableNMI()
                0x00000000c000951e                Computer::writeCMOS(unsigned char, unsigned char)
                0x00000000c000953c                Computer::handleNMI()
                0x00000000c00095a2                Computer::setDiskActivityLight(int, bool)
 *fill*         0x00000000c00095cd        0x1 
 .text          0x00000000c00095ce      0x211 core/gdt.32
                0x00000000c00095ce                GDTEntry::setBase(unsigned int)
                0x00000000c00095ea                GDTEntry::setLimit(unsigned int)
                0x00000000c0009608                GDT::GDT()
                0x00000000c0009608                GDT::GDT()
                0x00000000c000961e                GDT::addEntry(GDTEntry)
                0x00000000c0009640                GDT::getNumberOfEntries()
                0x00000000c0009648                GDT::flush()
                0x00000000c000966a                GDT::setup()
 .text          0x00000000c00097df       0x6b core/idle.32
                0x00000000c00097df                idleFunction(void*)
 *fill*         0x00000000c000984a        0x2 
 .text          0x00000000c000984c      0x464 core/idt.32
                0x00000000c000984c                IDTEntry::IDTEntry(bool)
                0x00000000c000984c                IDTEntry::IDTEntry(bool)
                0x00000000c00098be                IDTEntry::setOffset(unsigned int)
                0x00000000c00098d4                IDT::IDT()
                0x00000000c00098d4                IDT::IDT()
                0x00000000c00098d6                IDT::getPointerToInvalidOpcodeEntryForF00F()
                0x00000000c00098de                IDT::addEntry(IDTEntry, int)
                0x00000000c00098f8                IDT::addEntry(int, void (*)(), bool)
                0x00000000c0009930                IDT::flush()
                0x00000000c000994a                IDT::setup()
 .text          0x00000000c0009cb0      0x191 core/kheap.32
                0x00000000c0009cb0                sbrk
                0x00000000c0009d53                mmap
                0x00000000c0009d69                munmap
                0x00000000c0009d7f                liballoc_lock()
                0x00000000c0009d8c                liballoc_unlock()
                0x00000000c0009da0                liballoc_alloc(int)
                0x00000000c0009db8                liballoc_free(void*, int)
                0x00000000c0009dd3                realloc
                0x00000000c0009de7                malloc
                0x00000000c0009df7                free
                0x00000000c0009e07                rfree
                0x00000000c0009e17                calloc
 .text          0x00000000c0009e41      0x437 core/main.32
                0x00000000c0009e41                Krnl::setBootMessage(char const*)
                0x00000000c0009ead                kernel_main
 .text          0x00000000c000a278      0x668 core/physmgr.32
                0x00000000c000a278                Phys::allocateDMA(unsigned long)
                0x00000000c000a387                Phys::freeDMA(unsigned long, unsigned long)
                0x00000000c000a3cd                Phys::setPageState(unsigned long, bool)
                0x00000000c000a3ff                Phys::getPageState(unsigned long)
                0x00000000c000a41b                Phys::freePage(unsigned long)
                0x00000000c000a49e                Phys::allocatePage()
                0x00000000c000a589                Phys::allocateContiguousPages(int)
                0x00000000c000a5e5                Phys::allowSegmentToBeUsed(unsigned long, unsigned long)
                0x00000000c000a61d                Phys::physicalMemorySetup(unsigned int)
 .text          0x00000000c000a8e0      0x273 core/pipe.32
                0x00000000c000a8e0                Pipe::isAtty()
                0x00000000c000a8e4                Pipe::~Pipe()
                0x00000000c000a8e4                Pipe::~Pipe()
                0x00000000c000a908                Pipe::~Pipe()
                0x00000000c000a930                Pipe::read(unsigned long long, void*, int*)
                0x00000000c000aa2c                Pipe::write(unsigned long long, void*, int*)
                0x00000000c000aaec                Pipe::Pipe(int)
                0x00000000c000aaec                Pipe::Pipe(int)
 *fill*         0x00000000c000ab53        0x1 
 .text          0x00000000c000ab54      0xb8f core/terminal.32
                0x00000000c000ab54                VgaText::isAtty()
                0x00000000c000ab58                VgaText::~VgaText()
                0x00000000c000ab58                VgaText::~VgaText()
                0x00000000c000ab7c                VgaText::~VgaText()
                0x00000000c000aba6                VgaText::read(unsigned long long, void*, int*)
                0x00000000c000abc6                setTerminalScrollLock(bool)
                0x00000000c000abc7                addToTerminalCycle(VgaText*)
                0x00000000c000abe8                installVgaTextImplementation()
                0x00000000c000abfd                scrollTerminalScrollLock(int)
                0x00000000c000abfe                VgaText::updateTitle()
                0x00000000c000ac3c                VgaText::load()
                0x00000000c000ac8a                VgaText::updateCursor()
                0x00000000c000aca0                VgaText::doANSI_SGR(int)
                0x00000000c000ad14                VgaText::setDefaultBgColour(VgaColour)
                0x00000000c000ad24                VgaText::setDefaultFgColour(VgaColour)
                0x00000000c000ad34                VgaText::setDefaultColours(VgaColour, VgaColour)
                0x00000000c000ad54                VgaText::setTitleTextColour(VgaColour)
                0x00000000c000ad64                VgaText::setTitleColour(VgaColour)
                0x00000000c000ad74                VgaText::setTitle(char*)
                0x00000000c000ad9a                VgaText::combineColours(unsigned char, unsigned char)
                0x00000000c000adac                VgaText::scrollScreen()
                0x00000000c000ae40                VgaText::combineCharAndColour(char, unsigned char)
                0x00000000c000ae52                VgaText::writeCharacter(char, VgaColour, VgaColour, int, int)
                0x00000000c000aeae                VgaText::getCursorX()
                0x00000000c000aeb6                VgaText::getCursorY()
                0x00000000c000aebe                VgaText::setCursor(int, int)
                0x00000000c000aed5                setActiveTerminal(VgaText*)
                0x00000000c000af37                doTerminalCycle()
                0x00000000c000af52                VgaText::setCursorX(int)
                0x00000000c000af6a                VgaText::setCursorY(int)
                0x00000000c000af82                VgaText::incrementCursor(bool)
                0x00000000c000afd6                VgaText::decrementCursor(bool)
                0x00000000c000aff8                VgaText::putchar(char, VgaColour, VgaColour)
                0x00000000c000b0d0                VgaText::doUpdate()
                0x00000000c000b0de                VgaText::puts(char const*, VgaColour, VgaColour)
                0x00000000c000b256                VgaText::clearScreen()
                0x00000000c000b2b0                VgaText::putchar(char)
                0x00000000c000b39c                VgaText::putx(unsigned int)
                0x00000000c000b3e2                VgaText::puts(char const*)
                0x00000000c000b408                VgaText::VgaText(char const*)
                0x00000000c000b408                VgaText::VgaText(char const*)
                0x00000000c000b584                VgaText::receiveKey(unsigned char)
                0x00000000c000b66a                VgaText::write(unsigned long long, void*, int*)
                0x00000000c000b6be                newTerminal(char*)
 *fill*         0x00000000c000b6e3        0x1 
 .text          0x00000000c000b6e4      0x1a1 core/tss.32
                0x00000000c000b6e4                TSS::TSS()
                0x00000000c000b6e4                TSS::TSS()
                0x00000000c000b6f4                TSS::setESP(unsigned long)
                0x00000000c000b708                TSS::flush()
                0x00000000c000b728                TSS::setup(unsigned long, unsigned long)
 *fill*         0x00000000c000b885        0x1 
 .text          0x00000000c000b886      0x4c2 core/unixfile.32
                0x00000000c000b886                ReservedFilename::read(unsigned long long, void*, int*)
                0x00000000c000b8dc                ReservedFilename::isAtty()
                0x00000000c000b8f8                ReservedFilename::write(unsigned long long, void*, int*)
                0x00000000c000b956                UnixFile::getFileDescriptor()
                0x00000000c000b95e                UnixFile::UnixFile(int)
                0x00000000c000b95e                UnixFile::UnixFile(int)
                0x00000000c000bb0e                ReservedFilename::ReservedFilename(int)
                0x00000000c000bb0e                ReservedFilename::ReservedFilename(int)
                0x00000000c000bb40                UnixFile::~UnixFile()
                0x00000000c000bb40                UnixFile::~UnixFile()
                0x00000000c000bbd8                UnixFile::~UnixFile()
                0x00000000c000bc00                ReservedFilename::~ReservedFilename()
                0x00000000c000bc00                ReservedFilename::~ReservedFilename()
                0x00000000c000bc24                ReservedFilename::~ReservedFilename()
                0x00000000c000bc4b                getFromFileDescriptor(int)
 .text          0x00000000c000bd48     0x124c core/virtmgr.32
                0x00000000c000bd48                Virt::setPageState(unsigned long, Virt::VirtPageState)
                0x00000000c000bd7d                Virt::getPageState(unsigned long)
                0x00000000c000bda1                Virt::allocateKernelVirtualPages(int)
                0x00000000c000beb2                Virt::freeSwapfilePage(unsigned long)
                0x00000000c000bed0                Virt::swapIDToSector(unsigned long)
                0x00000000c000bee2                Virt::allocateSwapfilePage()
                0x00000000c000bf60                Virt::virtualMemorySetup()
                0x00000000c000bfab                Virt::setupPageSwapping(int)
                0x00000000c000c01c                VAS::VAS(VAS*)
                0x00000000c000c01c                VAS::VAS(VAS*)
                0x00000000c000c04a                VAS::getForeignPageTableEntry(bool, unsigned long)
                0x00000000c000c076                VAS::getPageTableEntry(unsigned long)
                0x00000000c000c095                Virt::freeKernelVirtualPages(unsigned long)
                0x00000000c000c1b8                VAS::freeAllocatedPages(unsigned long)
                0x00000000c000c1dc                VAS::virtualToPhysical(unsigned long)
                0x00000000c000c1f4                VAS::reflagRange(unsigned long, int, int, int)
                0x00000000c000c234                VAS::setToWriteCombining(unsigned long, int)
                0x00000000c000c266                VAS::mapOtherVASIn(bool, VAS*)
                0x00000000c000c290                VAS::~VAS()
                0x00000000c000c290                VAS::~VAS()
                0x00000000c000c40c                VAS::mapPage(unsigned long, unsigned long, int)
                0x00000000c000c50e                VAS::allocatePages(int, int)
                0x00000000c000c6e6                VAS::setCPUSpecific(unsigned long)
                0x00000000c000c702                VAS::mapRange(unsigned long, unsigned long, int, int)
                0x00000000c000c7c8                VAS::mapForeignPage(bool, VAS*, unsigned long, unsigned long, int)
                0x00000000c000c8b6                VAS::VAS(bool)
                0x00000000c000c8b6                VAS::VAS(bool)
                0x00000000c000cb36                VAS::VAS()
                0x00000000c000cb36                VAS::VAS()
                0x00000000c000cba6                VAS::evict(unsigned long)
                0x00000000c000cc76                VAS::tryLoadBackOffDisk(unsigned long)
                0x00000000c000cd8a                VAS::scanForEviction()
                0x00000000c000ce68                mapVASFirstTime
 .text          0x00000000c000cf94       0x95 coreobjs/c++.32
                0x00000000c000cf94                __cxa_atexit
                0x00000000c000cf97                __cxa_finalize
                0x00000000c000cf98                __stack_chk_fail
                0x00000000c000d004                __cxa_pure_virtual
                0x00000000c000d015                operator new[](unsigned long)
                0x00000000c000d01a                operator delete(void*, unsigned long)
                0x00000000c000d01f                operator delete[](void*)
                0x00000000c000d024                operator delete[](void*, unsigned long)
 .text          0x00000000c000d029      0x1fc dbg/kconsole.32
                0x00000000c000d029                Dbg::stringifyxWithBase(unsigned int, char*, int)
                0x00000000c000d082                Dbg::logc(char)
                0x00000000c000d0a2                Dbg::logs(char*)
                0x00000000c000d0bf                Dbg::logWriteInt(unsigned int)
                0x00000000c000d0dc                Dbg::logWriteIntBase(unsigned int, int)
                0x00000000c000d0fb                Dbg::kprintf(char const*, ...)
 *fill*         0x00000000c000d225        0x1 
 .text          0x00000000c000d226      0xcac fs/vfs.32
                0x00000000c000d226                File::read(unsigned long long, void*, int*)
                0x00000000c000d27e                File::write(unsigned long long, void*, int*)
                0x00000000c000d2d6                Directory::read(unsigned long long, void*, int*)
                0x00000000c000d32e                Directory::write(unsigned long long, void*, int*)
                0x00000000c000d35c                File::isAtty()
                0x00000000c000d360                Directory::isAtty()
                0x00000000c000d364                Filesystem::getlabel(LogicalDisk*, int, char*, unsigned int*)
                0x00000000c000d36a                Filesystem::setlabel(LogicalDisk*, int, char*)
                0x00000000c000d370                Filesystem::allocateSwapfile(char const*, int)
                0x00000000c000d376                File::~File()
                0x00000000c000d376                File::~File()
                0x00000000c000d39a                File::~File()
                0x00000000c000d3c4                Directory::~Directory()
                0x00000000c000d3c4                Directory::~Directory()
                0x00000000c000d3e8                Directory::~Directory()
                0x00000000c000d412                Filesystem::Filesystem()
                0x00000000c000d412                Filesystem::Filesystem()
                0x00000000c000d436                Filesystem::~Filesystem()
                0x00000000c000d436                Filesystem::~Filesystem()
                0x00000000c000d444                Filesystem::~Filesystem()
                0x00000000c000d468                Fs::getcwd(Process*, char*, int)
                0x00000000c000d492                Fs::initVFS()
                0x00000000c000d4bc                Fs::standardiseFiles(char*, char const*, char const*)
                0x00000000c000d666                File::File(char const*, Process*)
                0x00000000c000d666                File::File(char const*, Process*)
                0x00000000c000d740                File::open(FileOpenMode)
                0x00000000c000d79e                File::close()
                0x00000000c000d7fe                File::seek(unsigned long long)
                0x00000000c000d854                File::tell(unsigned long long*)
                0x00000000c000d8a4                File::rewind()
                0x00000000c000d8b8                File::unlink()
                0x00000000c000d904                File::rename(char const*)
                0x00000000c000d952                File::chfatattr(unsigned char, unsigned char)
                0x00000000c000d9ae                File::exists()
                0x00000000c000d9ec                File::stat(unsigned long long*, bool*)
                0x00000000c000da4d                Fs::setcwd(Process*, char*)
                0x00000000c000dbc6                Directory::Directory(char const*, Process*)
                0x00000000c000dbc6                Directory::Directory(char const*, Process*)
                0x00000000c000dca0                Directory::open()
                0x00000000c000dcfc                Directory::close()
                0x00000000c000dd5c                Directory::unlink()
                0x00000000c000dda8                Directory::rename(char const*)
                0x00000000c000ddf6                Directory::exists()
                0x00000000c000de34                Directory::read(dirent*)
                0x00000000c000de80                Directory::create()
                0x00000000c000decc                Filesystem::chfatattr(char const*, unsigned char, unsigned char)
 *fill*         0x00000000c000ded2        0x2 
 .text          0x00000000c000ded4       0x86 hal/bus.32
                0x00000000c000ded4                Bus::Bus(char const*)
                0x00000000c000ded4                Bus::Bus(char const*)
                0x00000000c000df0c                Bus::~Bus()
                0x00000000c000df0c                Bus::~Bus()
                0x00000000c000df30                Bus::~Bus()
 *fill*         0x00000000c000df5a        0x2 
 .text          0x00000000c000df5c      0x153 hal/buzzer.32
                0x00000000c000df5c                Buzzer::Buzzer(char const*)
                0x00000000c000df5c                Buzzer::Buzzer(char const*)
                0x00000000c000dfa0                Buzzer::~Buzzer()
                0x00000000c000dfa0                Buzzer::~Buzzer()
                0x00000000c000dfc4                Buzzer::~Buzzer()
                0x00000000c000dfee                Buzzer::stop()
                0x00000000c000e001                beepThread(void*)
                0x00000000c000e042                Buzzer::beep(int, int, bool)
 *fill*         0x00000000c000e0af        0x1 
 .text          0x00000000c000e0b0      0x467 hal/clock.32
                0x00000000c000e0b0                User::loadClockSettings(int)
                0x00000000c000e102                Clock::Clock(char const*)
                0x00000000c000e102                Clock::Clock(char const*)
                0x00000000c000e138                Clock::~Clock()
                0x00000000c000e138                Clock::~Clock()
                0x00000000c000e15c                Clock::~Clock()
                0x00000000c000e186                Clock::timeInSecondsLocal()
                0x00000000c000e1ce                Clock::setTimeInSecondsLocal(unsigned long long)
                0x00000000c000e227                datetimeToSeconds(datetime_t)
                0x00000000c000e34e                Clock::setTimeInDatetimeLocal(datetime_t)
                0x00000000c000e3ae                secondsToDatetime(unsigned long long)
                0x00000000c000e4f2                Clock::timeInDatetimeLocal()
 *fill*         0x00000000c000e517        0x1 
 .text          0x00000000c000e518      0x504 hal/device.32
                0x00000000c000e518                Device::hibernate()
                0x00000000c000e51a                Device::wake()
                0x00000000c000e51c                Device::detect()
                0x00000000c000e51e                Device::disableLegacy()
                0x00000000c000e520                Device::powerSaving(PowerSavingLevel)
                0x00000000c000e522                DriverlessDevice::close(int, int, void*)
                0x00000000c000e526                DriverlessDevice::detect()
                0x00000000c000e528                DriverlessDevice::open(int, int, void*)
                0x00000000c000e53c                Device::~Device()
                0x00000000c000e53c                Device::~Device()
                0x00000000c000e54a                Device::~Device()
                0x00000000c000e572                Device::findAndLoadDriver()
                0x00000000c000e580                Device::preOpenPCI(PCIDeviceInfo)
                0x00000000c000e5a6                Device::preOpenACPI(void*, char*, char*)
                0x00000000c000e5e6                Device::addIRQHandler(int, void (*)(regs*, void*), bool, void*)
                0x00000000c000e624                Device::getParent()
                0x00000000c000e630                Device::removeIRQHandler(int, void (*)(regs*, void*), bool)
                0x00000000c000e66e                Device::addChild(Device*)
                0x00000000c000e6b2                Device::removeAllChildren()
                0x00000000c000e6f8                Device::hibernateAll()
                0x00000000c000e728                Device::wakeAll()
                0x00000000c000e758                Device::detectAll()
                0x00000000c000e788                Device::disableLegacyAll()
                0x00000000c000e7b8                Device::loadDriversForAll()
                0x00000000c000e7f8                Device::closeAll()
                0x00000000c000e82e                Device::powerSavingAll(PowerSavingLevel)
                0x00000000c000e864                Device::setName(char const*)
                0x00000000c000e872                Device::Device(char const*)
                0x00000000c000e872                Device::Device(char const*)
                0x00000000c000e96e                Device::getName()
                0x00000000c000e978                DriverlessDevice::DriverlessDevice(char const*)
                0x00000000c000e978                DriverlessDevice::DriverlessDevice(char const*)
                0x00000000c000e9ae                Device::addToLinkedList(LinkedList<Device>&, DeviceType)
                0x00000000c000e9f2                getDevicesOfType(DeviceType)
 .text          0x00000000c000ea1c       0x86 hal/diskctrl.32
                0x00000000c000ea1c                HardDiskController::HardDiskController(char const*)
                0x00000000c000ea1c                HardDiskController::HardDiskController(char const*)
                0x00000000c000ea54                HardDiskController::~HardDiskController()
                0x00000000c000ea54                HardDiskController::~HardDiskController()
                0x00000000c000ea78                HardDiskController::~HardDiskController()
 .text          0x00000000c000eaa2       0xe2 hal/diskphys.32
                0x00000000c000eaa2                PhysicalDisk::eject()
                0x00000000c000eaa6                PhysicalDisk::PhysicalDisk(char const*, int)
                0x00000000c000eaa6                PhysicalDisk::PhysicalDisk(char const*, int)
                0x00000000c000eb0e                PhysicalDisk::startCache()
                0x00000000c000eb36                PhysicalDisk::~PhysicalDisk()
                0x00000000c000eb36                PhysicalDisk::~PhysicalDisk()
                0x00000000c000eb5a                PhysicalDisk::~PhysicalDisk()
 .text          0x00000000c000eb84      0x15f hal/fpu.32
                0x00000000c000eb84                FPU::FPU(char const*)
                0x00000000c000eb84                FPU::FPU(char const*)
                0x00000000c000ebbc                FPU::~FPU()
                0x00000000c000ebbc                FPU::~FPU()
                0x00000000c000ebe0                FPU::~FPU()
                0x00000000c000ec0a                setupFPU()
 *fill*         0x00000000c000ece3        0x1 
 .text          0x00000000c000ece4     0x12cf hal/intctrl.32
                0x00000000c000ece4                InterruptController::uninstallISRHandler(int, void (*)(regs*, void*))
                0x00000000c000ed1c                InterruptController::installISRHandler(int, void (*)(regs*, void*), void*)
                0x00000000c000ed6e                doubleFault(regs*, void*)
                0x00000000c000ed88                InterruptController::installIRQHandler(int, void (*)(regs*, void*), bool, void*)
                0x00000000c000ee24                InterruptController::clearAllHandlers(int, bool)
                0x00000000c000eecc                InterruptController::uninstallIRQHandler(int, void (*)(regs*, void*), bool)
                0x00000000c000ef53                nmiHandler(regs*, void*)
                0x00000000c000ef61                int_handler
                0x00000000c000f002                InterruptController::InterruptController(char const*)
                0x00000000c000f002                InterruptController::InterruptController(char const*)
                0x00000000c000f0a8                InterruptController::~InterruptController()
                0x00000000c000f0a8                InterruptController::~InterruptController()
                0x00000000c000f0cc                InterruptController::~InterruptController()
                0x00000000c000f0f6                displayDebugInfo(regs*)
                0x00000000c000f585                x87EmulHandler(regs*, void*)
                0x00000000c000f6ce                gpFault(regs*, void*)
                0x00000000c000f707                pgFault(regs*, void*)
                0x00000000c000f756                otherISRHandler(regs*, void*)
                0x00000000c000f775                opcodeFault(regs*, void*)
                0x00000000c000fb4f                displayProgramFault(char const*)
                0x00000000c000fb77                setupInterruptController()
                0x00000000c000ff66                InterruptController::convertLegacyIRQNumber(int)
 *fill*         0x00000000c000ffb3        0x1 
 .text          0x00000000c000ffb4      0x778 hal/keybrd.32
                0x00000000c000ffb4                startGUI(void*)
                0x00000000c0010020                startGUIVESA(void*)
                0x00000000c001008c                sendKeyToTerminal(unsigned char)
                0x00000000c001014a                sendKeyboardToken(KeyboardToken)
                0x00000000c001057c                clearInternalKeybuffer(VgaText*)
                0x00000000c00105b1                readKeyboard(VgaText*, char*, unsigned long)
                0x00000000c00106a2                Keyboard::Keyboard(char const*)
                0x00000000c00106a2                Keyboard::Keyboard(char const*)
                0x00000000c00106de                Keyboard::~Keyboard()
                0x00000000c00106de                Keyboard::~Keyboard()
                0x00000000c0010702                Keyboard::~Keyboard()
 .text          0x00000000c001072c      0x42a hal/logidisk.32
                0x00000000c001072c                LogicalDisk::close(int, int, void*)
                0x00000000c0010730                LogicalDisk::~LogicalDisk()
                0x00000000c0010730                LogicalDisk::~LogicalDisk()
                0x00000000c0010754                LogicalDisk::~LogicalDisk()
                0x00000000c001077e                LogicalDisk::open(int, int, void*)
                0x00000000c0010792                LogicalDisk::absoluteToRelative(unsigned long long)
                0x00000000c00107ca                LogicalDisk::relativeToAbsolute(unsigned long long)
                0x00000000c0010810                LogicalDisk::LogicalDisk(char const*, PhysicalDisk*, unsigned long long, unsigned long long)
                0x00000000c0010810                LogicalDisk::LogicalDisk(char const*, PhysicalDisk*, unsigned long long, unsigned long long)
                0x00000000c00108c6                LogicalDisk::assignDriveLetter()
                0x00000000c001097c                LogicalDisk::mount()
                0x00000000c0010a04                LogicalDisk::unmount()
                0x00000000c0010a14                LogicalDisk::eject()
                0x00000000c0010a28                LogicalDisk::unassignDriveLetter()
                0x00000000c0010a7e                LogicalDisk::read(unsigned long long, int, void*)
                0x00000000c0010aea                LogicalDisk::write(unsigned long long, int, void*)
 *fill*         0x00000000c0010b56        0x2 
 .text          0x00000000c0010b58       0x86 hal/mouse.32
                0x00000000c0010b58                Mouse::Mouse(char const*)
                0x00000000c0010b58                Mouse::Mouse(char const*)
                0x00000000c0010b90                Mouse::~Mouse()
                0x00000000c0010b90                Mouse::~Mouse()
                0x00000000c0010bb4                Mouse::~Mouse()
 .text          0x00000000c0010bde      0x339 hal/partition.32
                0x00000000c0010bde                makePartition(PhysicalDisk*, unsigned long long, unsigned long long)
                0x00000000c0010c86                createPartitionsForDisk(PhysicalDisk*)
 *fill*         0x00000000c0010f17        0x1 
 .text          0x00000000c0010f18       0x86 hal/serial.32
                0x00000000c0010f18                Serial::Serial(char const*)
                0x00000000c0010f18                Serial::Serial(char const*)
                0x00000000c0010f50                Serial::~Serial()
                0x00000000c0010f50                Serial::~Serial()
                0x00000000c0010f74                Serial::~Serial()
 *fill*         0x00000000c0010f9e        0x2 
 .text          0x00000000c0010fa0      0x2f2 hal/timer.32
                0x00000000c0010fa0                Timer::Timer(char const*)
                0x00000000c0010fa0                Timer::Timer(char const*)
                0x00000000c0010fd8                Timer::~Timer()
                0x00000000c0010fd8                Timer::~Timer()
                0x00000000c0010ffc                Timer::~Timer()
                0x00000000c0011026                Timer::read()
                0x00000000c0011031                timerHandler(unsigned int)
                0x00000000c0011198                setupTimer(int)
 *fill*         0x00000000c0011292        0x2 
 .text          0x00000000c0011294      0x43e hal/vcache.32
                0x00000000c0011294                VCache::VCache(PhysicalDisk*)
                0x00000000c0011294                VCache::VCache(PhysicalDisk*)
                0x00000000c00113fc                VCache::invalidateReadBuffer()
                0x00000000c001140c                VCache::writeWriteBuffer()
                0x00000000c0011458                VCache::~VCache()
                0x00000000c0011458                VCache::~VCache()
                0x00000000c00114ac                VCache::~VCache()
                0x00000000c00114d4                VCache::write(unsigned long long, int, void*)
                0x00000000c00115ce                VCache::read(unsigned long long, int, void*)
 .text          0x00000000c00116d2      0x4b3 hal/video.32
                0x00000000c00116d2                Video::putrect(int, int, int, int, unsigned int)
                0x00000000c001171e                Video::bitblit(int, int, int, int, int, int, int, unsigned int*)
                0x00000000c001178e                Video::blit(unsigned int*, int, int, int, int)
                0x00000000c001180c                Video::clearScreen(unsigned int)
                0x00000000c0011840                Video::putpixel(int, int, unsigned int)
                0x00000000c001184e                Video::Video(char const*)
                0x00000000c001184e                Video::Video(char const*)
                0x00000000c0011884                Video::~Video()
                0x00000000c0011884                Video::~Video()
                0x00000000c00118a8                Video::~Video()
                0x00000000c00118d2                Video::isMonochrome()
                0x00000000c00118de                Video::getWidth()
                0x00000000c00118ea                Video::getHeight()
                0x00000000c00118f6                Video::drawCursor(int, int, unsigned char*, int)
                0x00000000c00119b2                Video::tgaParse(unsigned char*, int, int*, int*)
                0x00000000c0011b1a                Video::putTGA(int, int, unsigned char*, int)
 *fill*         0x00000000c0011b85        0x3 
 .text          0x00000000c0011b88     0x1707 hw/acpi.32
                0x00000000c0011b88                ACPI::close(int, int, void*)
                0x00000000c0011c3c                findRSDP()
                0x00000000c0011d10                loadACPITables(unsigned char*)
                0x00000000c0011f74                findRSDT(unsigned char*)
                0x00000000c0012134                findDataTable(unsigned char*, char*)
                0x00000000c00121ac                scanMADT()
                0x00000000c0012688                ACPI::ACPI()
                0x00000000c0012688                ACPI::ACPI()
                0x00000000c00126ec                ACPI::getPCIIRQAssignment(unsigned char, unsigned short, unsigned char)
                0x00000000c00127d4                ACPI::registerPCIIRQAssignment(void*, unsigned short, unsigned char, unsigned char)
                0x00000000c001289c                ACPI::setScreenBrightnessLevel(void*, int)
                0x00000000c00128a4                ACPI::detectPCI()
                0x00000000c0012d88                ACPI::writeSimpleBootFlag(SimpleBootFlagTable*)
                0x00000000c0012dd0                ACPI::sleep()
                0x00000000c0012e0c                ACPI::open(int, int, void*)
 *fill*         0x00000000c001328f        0x1 
 .text          0x00000000c0013290     0x1861 hw/cpu.32
                0x00000000c0013290                CPU::close(int, int, void*)
                0x00000000c0013294                CPU::lookupAMDName(unsigned char, unsigned char)
                0x00000000c0013428                CPU::lookupIntelName(unsigned char, unsigned char)
                0x00000000c00136d6                CPU::AMD_K6_write_msr(unsigned int, unsigned int, unsigned int, CPU::REGS*)
                0x00000000c00136f2                CPU::AMD_K6_read_msr(unsigned int, CPU::REGS*)
                0x00000000c001370a                CPU::AMD_K6_writeback(int, int, int)
                0x00000000c001377e                CPU::cpuid(int, unsigned long*, unsigned long*, unsigned long*, unsigned long*)
                0x00000000c0013802                CPU::cpuidCheckEDX(unsigned int)
                0x00000000c0013830                CPU::cpuidCheckECX(unsigned int)
                0x00000000c001385e                CPU::cpuidCheckExtendedEBX(unsigned int)
                0x00000000c001388c                CPU::cpuidCheckExtendedECX(unsigned int)
                0x00000000c00138ba                CPU::CPU()
                0x00000000c00138ba                CPU::CPU()
                0x00000000c0013948                CPU::displayFeatures()
                0x00000000c0013be8                CPU::detectFeatures()
                0x00000000c0014612                CPU::setupSMEP()
                0x00000000c001461e                CPU::setupUMIP()
                0x00000000c0014628                CPU::setupTSC()
                0x00000000c0014632                CPU::setupLargePages()
                0x00000000c001463c                CPU::setupPAT()
                0x00000000c0014678                CPU::setupMTRR()
                0x00000000c001467a                CPU::setupGlobalPages()
                0x00000000c0014684                CPU::allowUsermodeDataAccess()
                0x00000000c0014696                CPU::prohibitUsermodeDataAccess()
                0x00000000c00146a8                CPU::setupSMAP()
                0x00000000c00146b6                CPU::setupFeatures()
                0x00000000c0014782                CPU::open(int, int, void*)
                0x00000000c00148f6                CPU::decodeAddress(regs*, int*, bool*, unsigned char*)
 .text          0x00000000c0014af1        0x0 hw/ports.32
 .text          0x00000000c0014af1      0x16a hw/smp.32
                0x00000000c0014af1                Krnl::smpEntry()
                0x00000000c0014af3                Krnl::startCPU(int)
                0x00000000c0014c3c                Krnl::startCPUs()
 *fill*         0x00000000c0014c5b        0x1 
 .text          0x00000000c0014c5c      0x581 krnl/env.32
                0x00000000c0014c5c                EnvVarContainer::getEnv(char const*)
                0x00000000c0014c9a                EnvVarContainer::setEnv(char const*, char const*)
                0x00000000c0014d5c                EnvVarContainer::deleteEnv(char const*)
                0x00000000c0014d5e                EnvVarContainer::loadFrom(char const*, char const*)
                0x00000000c0014f44                EnvVarContainer::__loadSystem()
                0x00000000c0014f5e                EnvVarContainer::__loadUser()
                0x00000000c0014f60                EnvVarContainer::EnvVarContainer(Process*)
                0x00000000c0014f60                EnvVarContainer::EnvVarContainer(Process*)
                0x00000000c0014f82                EnvVarContainer::~EnvVarContainer()
                0x00000000c0014f82                EnvVarContainer::~EnvVarContainer()
                0x00000000c0014fb2                Krnl::getEnv(Process*, char const*)
                0x00000000c0015017                Krnl::setEnvSystem(char const*, char const*)
                0x00000000c0015031                Krnl::setEnvUser(char const*, char const*)
                0x00000000c0015050                Krnl::setEnvProcess(Process*, char const*, char const*)
                0x00000000c0015063                Krnl::deleteEnvSystem(char const*)
                0x00000000c0015064                Krnl::deleteEnvUser(char const*)
                0x00000000c0015065                Krnl::deleteEnvProcess(Process*, char const*)
                0x00000000c0015066                Krnl::newProcessEnv(Process*)
                0x00000000c0015088                Krnl::copyProcessEnv(Process*, Process*)
                0x00000000c00150d4                Krnl::loadSystemEnv()
                0x00000000c0015102                Krnl::loadUserEnv()
                0x00000000c0015128                Krnl::flushEnv()
                0x00000000c0015129                Krnl::getProcessTotalEnvCount(Process*)
                0x00000000c0015149                Krnl::getProcessEnvPair(Process*, int)
 .text          0x00000000c00151dd      0x276 krnl/panic.32
                0x00000000c00151dd                Krnl::panic(char const*)
 .text          0x00000000c0015453      0x194 krnl/powctrl.32
                0x00000000c0015453                Krnl::powerThread(void*)
                0x00000000c00154d3                Krnl::changePowerSettings(Krnl::PowerSettings)
                0x00000000c00154e9                Krnl::userIOReceived()
                0x00000000c00154f4                Krnl::handlePowerButton()
                0x00000000c0015529                Krnl::handleSleepButton()
                0x00000000c001555e                Krnl::setupPowerManager()
 .text          0x00000000c00155e7      0x13a krnl/rand.32
                0x00000000c00155e7                Krnl::initRNG()
                0x00000000c00156c0                Krnl::rand()
 *fill*         0x00000000c0015721        0x3 
 .text          0x00000000c0015724      0x5a0 net/ethernet.32
                0x00000000c0015724                Net::switchEndian16(unsigned short)
                0x00000000c0015748                Net::switchEndian32(unsigned int)
                0x00000000c0015778                Net::crc32Calc(unsigned char*, int)
                0x00000000c001581c                Net::wrapEthernetFrame(Net::UnwrappedEthernetFrame, unsigned char*)
                0x00000000c0015a38                Net::unwrapEthernetFrame(unsigned char*, int)
 .text          0x00000000c0015cc4      0x50e reg/registry.32
                0x00000000c0015cc4                Reg::findLineFromLoadedData(char*, char*, char*)
                0x00000000c0015e1c                Reg::getLineFromRegistry(char*, char*, char*, char*)
                0x00000000c0015f71                Reg::getLine(char*, char*, char*)
                0x00000000c0015fa8                Reg::readInt(char*, char*, int*)
                0x00000000c0016093                Reg::readString(char*, char*, char*, int)
                0x00000000c0016114                Reg::readBool(char*, char*, bool*)
                0x00000000c0016139                Reg::readBoolWithDefault(char*, char*, bool)
                0x00000000c0016165                Reg::readIntWithDefault(char*, char*, int)
                0x00000000c0016191                Reg::readStringWithDefault(char*, char*, char*, int, char*)
 .text          0x00000000c00161d2       0x36 sys/sc_eject.32
                0x00000000c00161d2                Sys::eject(regs*)
 .text          0x00000000c0016208       0x18 sys/sc_exit.32
                0x00000000c0016208                Sys::exit(regs*)
 .text          0x00000000c0016220       0x1f sys/sc_getcwd.32
                0x00000000c0016220                Sys::getCwd(regs*)
 .text          0x00000000c001623f        0xc sys/sc_getpid.32
                0x00000000c001623f                Sys::getPID(regs*)
 .text          0x00000000c001624b       0x1a sys/sc_getramdata.32
                0x00000000c001624b                Sys::getRAMData(regs*)
 .text          0x00000000c0016265       0x84 sys/sc_getvgaptr.32
                0x00000000c0016265                Sys::getVGAPtr(regs*)
 .text          0x00000000c00162e9       0xa8 sys/sc_loaddll.32
                0x00000000c00162e9                Sys::loadDLL(regs*)
 .text          0x00000000c0016391       0x68 sys/sc_read.32
                0x00000000c0016391                Sys::read(regs*)
 .text          0x00000000c00163f9       0x55 sys/sc_sbrk.32
                0x00000000c00163f9                Sys::sbrk(regs*)
 .text          0x00000000c001644e       0x1c sys/sc_setcwd.32
                0x00000000c001644e                Sys::setCwd(regs*)
 .text          0x00000000c001646a       0x95 sys/sc_settime.32
                0x00000000c001646a                Sys::setTime(regs*)
 .text          0x00000000c00164ff       0x4a sys/sc_timezone.32
                0x00000000c00164ff                Sys::timezone(regs*)
 .text          0x00000000c0016549       0x68 sys/sc_write.32
                0x00000000c0016549                Sys::write(regs*)
 .text          0x00000000c00165b1       0x62 sys/sc_wsbe.32
                0x00000000c00165b1                Sys::wsbe(regs*)
 .text          0x00000000c0016613       0x38 sys/sc_yield.32
                0x00000000c0016613                Sys::yield(regs*)
 .text          0x00000000c001664b      0xf8e sys/syscalls.32
                0x00000000c001664b                sysCallSeekDir(regs*)
                0x00000000c0016650                sysCallTellDir(regs*)
                0x00000000c0016655                sysCallVerify(regs*)
                0x00000000c001665f                sysCallGetArgc(regs*)
                0x00000000c001666f                sysFormatDisk(regs*)
                0x00000000c00166d9                sysSetDiskVolumeLabel(regs*)
                0x00000000c0016723                sysGetDiskVolumeLabel(regs*)
                0x00000000c0016778                sysShutdown(regs*)
                0x00000000c00167d6                sysCallRealpath(regs*)
                0x00000000c0016819                sysCallReadDir(regs*)
                0x00000000c0016898                sysCallIsATTY(regs*)
                0x00000000c00168f2                sysCallSeek(regs*)
                0x00000000c0016949                sysCallTell(regs*)
                0x00000000c00169b5                sysCallSize(regs*)
                0x00000000c0016a27                sysCallSizeFromFilename(regs*)
                0x00000000c0016ad6                sysCallClose(regs*)
                0x00000000c0016b36                sysCallOpenDir(regs*)
                0x00000000c0016bab                sysCallCloseDir(regs*)
                0x00000000c0016bff                sysCallMakeDir(regs*)
                0x00000000c0016c6f                sysCallWait(regs*)
                0x00000000c0016c89                sysCallNotImpl(regs*)
                0x00000000c0016ca4                sysPanic(regs*)
                0x00000000c0016cbe                sysCallRmdir(regs*)
                0x00000000c0016d22                sysCallUnlink(regs*)
                0x00000000c0016d86                sysCallGetArgv(regs*)
                0x00000000c0016dd2                sysCallTTYName(regs*)
                0x00000000c0016e55                sysCallUSleep(regs*)
                0x00000000c0016e7e                sysCallSpawn(regs*)
                0x00000000c0016ee6                sysCallGetEnv(regs*)
                0x00000000c0016f93                sysAppSettings(regs*)
                0x00000000c00170a7                sysSetFatAttrib(regs*)
                0x00000000c0017119                sysPipe(regs*)
                0x00000000c001715e                sysGetUnixTime(regs*)
                0x00000000c0017172                string_ends_with(char const*, char const*)
                0x00000000c00171ba                sysCallOpen(regs*)
                0x00000000c00173a2                Sys::loadSyscalls()
                0x00000000c0017597                Sys::systemCall(regs*, void*)
 .text          0x00000000c00175d9     0x1203 thr/elf.32
                0x00000000c00175d9                Thr::allocateMemoryForTask(Process*, File*, unsigned long, unsigned long, unsigned long)
                0x00000000c0017883                Thr::loadProgramIntoMemory(Process*, char const*)
                0x00000000c0017a99                Thr::runtimeReferenceHelper()
                0x00000000c0017aac                Thr::getAddressOfKernelSymbol(char const*)
                0x00000000c0017afb                Thr::loadKernelSymbolTable(char const*)
                0x00000000c0017db9                Thr::loadDriverIntoMemory(char const*, unsigned long, bool)
                0x00000000c00184ef                Thr::getDriverBaseFromAddress(unsigned long)
                0x00000000c0018521                Thr::getDriverNameFromAddress(unsigned long)
                0x00000000c0018558                Thr::getDriverOffsetFromAddress(unsigned long)
                0x00000000c0018572                Thr::loadDLL(char const*, bool)
                0x00000000c00187a3                Thr::executeDLL(unsigned long, void*)
 .text          0x00000000c00187dc     0x12a9 thr/prcssthr.32
                0x00000000c00187dc                userModeEntryPoint(void*)
                0x00000000c0018804                changeTSS
                0x00000000c0018834                switchToThread(ThreadControlBlock*)
                0x00000000c00188e8                Process::addArgs(char**)
                0x00000000c0018948                Process::Process(char const*, Process*, char**)
                0x00000000c0018948                Process::Process(char const*, Process*, char**)
                0x00000000c0018b34                Process::Process(bool, char const*, Process*, char**)
                0x00000000c0018b34                Process::Process(bool, char const*, Process*, char**)
                0x00000000c0018cec                taskStartupFunction
                0x00000000c0018cf8                Semaphore::Semaphore(int)
                0x00000000c0018cf8                Semaphore::Semaphore(int)
                0x00000000c0018d28                Mutex::Mutex()
                0x00000000c0018d28                Mutex::Mutex()
                0x00000000c0018d3c                Process::createThread(void (*)(void*), void*, int)
                0x00000000c0018e34                Process::createUserThread()
                0x00000000c0018e50                setupMultitasking(void (*)())
                0x00000000c0018f58                schedule()
                0x00000000c0018fe4                Semaphore::tryAcquire()
                0x00000000c00190b0                Semaphore::assertLocked(char const*)
                0x00000000c0019128                blockTaskWithSchedulerLockAlreadyHeld(TaskState)
                0x00000000c0019150                blockTask(TaskState)
                0x00000000c0019180                waitTask(int, int*, int)
                0x00000000c00191c4                milliTenthSleepUntil(unsigned int)
                0x00000000c0019250                milliTenthSleep(unsigned int)
                0x00000000c0019260                sleep(unsigned int)
                0x00000000c001927c                Semaphore::acquire()
                0x00000000c0019338                taskReturned
                0x00000000c0019374                Thr::processFromPID(int)
                0x00000000c0019414                unblockTask(ThreadControlBlock*)
                0x00000000c00194b8                cleanupTerminatedTask(ThreadControlBlock*)
                0x00000000c0019780                cleanerTaskFunction(void*)
                0x00000000c0019870                terminateTask(int)
                0x00000000c001993c                Thr::terminateFromIRQ(int)
                0x00000000c0019948                Semaphore::release()
 .text          0x00000000c0019a85      0xb93 vm86/vm8086.32
                0x00000000c0019a85                Vm::inbv(unsigned short)
                0x00000000c0019a98                Vm::outbv(unsigned short, unsigned char)
                0x00000000c0019ace                Vm::realToLinear(unsigned short, unsigned short)
                0x00000000c0019ade                Vm::getSegment(unsigned int)
                0x00000000c0019ae6                Vm::getOffset(unsigned int)
                0x00000000c0019aeb                Vm::mainloop2()
                0x00000000c0019b25                Vm::mainVm8086Loop(void*)
                0x00000000c0019b35                Vm::mainloop3(unsigned long)
                0x00000000c0019b5b                Vm::initialise8086()
                0x00000000c0019b9e                Vm::finish8086()
                0x00000000c0019bff                Vm::getOutput8086(unsigned char*)
                0x00000000c0019c24                Vm::start8086FromBuffer(unsigned char*, int, unsigned short, unsigned short, unsigned short, unsigned short)
                0x00000000c0019cdd                Vm::start8086(char const*, unsigned short, unsigned short, unsigned short, unsigned short)
                0x00000000c0019e45                Vm::doISR(regs*, int, unsigned char*, unsigned short, unsigned short)
                0x00000000c0019ecf                Vm::readByteFromReal(unsigned short, unsigned short)
                0x00000000c0019ee0                Vm::readWordFromReal(unsigned short, unsigned short)
                0x00000000c0019ef2                Vm::readDwordFromReal(unsigned short, unsigned short)
                0x00000000c0019f03                Vm::writeByteFromReal(unsigned short, unsigned short, unsigned char)
                0x00000000c0019f18                Vm::writeWordFromReal(unsigned short, unsigned short, unsigned short)
                0x00000000c0019f2e                Vm::writeDwordFromReal(unsigned short, unsigned short, unsigned int)
                0x00000000c0019f43                Vm::faultHandler(regs*)
 .text          0x00000000c001a618      0xfcd vm86/x87em.32
                0x00000000c001a618                Vm::fpuInternalTo32(unsigned long long)
                0x00000000c001a676                Vm::fpuInternalTo64(unsigned long long)
                0x00000000c001a67f                Vm::fpu32ToInternal(unsigned int)
                0x00000000c001a6c4                Vm::fpu64ToInternal(unsigned long long)
                0x00000000c001a6cd                Vm::fpuFloatToLong(unsigned long long)
                0x00000000c001a72c                Vm::fpuULongToFloat(unsigned long long)
                0x00000000c001a768                Vm::fpuLongToFloat(long long)
                0x00000000c001a7c7                Vm::fpuGet0()
                0x00000000c001a7cc                Vm::fpuGet1()
                0x00000000c001a7d4                Vm::fpuGetPi()
                0x00000000c001a7dc                Vm::fpuGetLog2E()
                0x00000000c001a7f4                Vm::fpuGetLogE2()
                0x00000000c001a80c                Vm::fpuGetLog210()
                0x00000000c001a824                Vm::fpuGetLog102()
                0x00000000c001a83c                Vm::fpuIsSecondLarger(unsigned long long, unsigned long long)
                0x00000000c001a850                Vm::fpuAreEqual(unsigned long long, unsigned long long)
                0x00000000c001a866                Vm::fpuUnorderedCompare(unsigned long long, unsigned long long)
                0x00000000c001a8bc                Vm::fpuAdd(unsigned long long, unsigned long long)
                0x00000000c001a8cd                Vm::fpuAbs(unsigned long long)
                0x00000000c001a8d6                Vm::fpuChs(unsigned long long)
                0x00000000c001a8e6                Vm::fpuSub(unsigned long long, unsigned long long)
                0x00000000c001a8f5                Vm::fpuMultiply(unsigned long long, unsigned long long)
                0x00000000c001a914                Vm::fpuDivide(unsigned long long, unsigned long long)
                0x00000000c001a930                Vm::fpuSquare(unsigned long long)
                0x00000000c001a946                Vm::fpuGetReg(int)
                0x00000000c001a989                Vm::fpuSetReg(int, unsigned long long)
                0x00000000c001a9d5                Vm::fpuPush(unsigned long long)
                0x00000000c001aa33                Vm::fpuPop()
                0x00000000c001aa86                Vm::x87Handler(regs*)
 *fill*         0x00000000c001b5e5        0x3 
 .text          0x00000000c001b5e8     0x13b7 fs/fat/vfslink.32
                0x00000000c001b5e8                FAT::getName()
                0x00000000c001b5f0                FAT::tell(void*, unsigned long long*)
                0x00000000c001b62c                FAT::stat(void*, unsigned long long*)
                0x00000000c001b668                FAT::~FAT()
                0x00000000c001b668                FAT::~FAT()
                0x00000000c001b68c                FAT::~FAT()
                0x00000000c001b6b4                FAT::getlabel(LogicalDisk*, int, char*, unsigned int*)
                0x00000000c001b758                FAT::setlabel(LogicalDisk*, int, char*)
                0x00000000c001b81c                FAT::format(LogicalDisk*, int, char const*, int)
                0x00000000c001b9f0                FAT::tryMount(LogicalDisk*, int)
                0x00000000c001bc08                FAT::allocateSwapfile(char const*, int)
                0x00000000c001bdc4                FAT::readDir(void*, unsigned long, void*, int*)
                0x00000000c001bf30                FAT::read(void*, unsigned long, void*, int*)
                0x00000000c001bf90                FAT::write(void*, unsigned long, void*, int*)
                0x00000000c001bff0                FAT::close(void*)
                0x00000000c001c044                FAT::closeDir(void*)
                0x00000000c001c098                FAT::seek(void*, unsigned long long)
                0x00000000c001c0f4                fatWrapperReadDisk
                0x00000000c001c13c                fatWrapperWriteDisk
                0x00000000c001c184                fatWrapperIoctl
                0x00000000c001c294                FAT::FAT()
                0x00000000c001c294                FAT::FAT()
                0x00000000c001c2e8                FAT::fixFilepath(char*)
                0x00000000c001c324                FAT::open(char const*, void**, FileOpenMode)
                0x00000000c001c458                FAT::openDir(char const*, void**)
                0x00000000c001c508                FAT::stat(char const*, unsigned long long*, bool*)
                0x00000000c001c5fc                FAT::unlink(char const*)
                0x00000000c001c67c                FAT::chfatattr(char const*, unsigned char, unsigned char)
                0x00000000c001c7e4                FAT::rename(char const*, char const*)
                0x00000000c001c8b0                FAT::mkdir(char const*)
                0x00000000c001c930                FAT::exists(char const*)
 *fill*         0x00000000c001c99f        0x1 
 .text          0x00000000c001c9a0      0xba7 fs/iso9660/vfslink.32
                0x00000000c001c9a0                ISO9660::format(LogicalDisk*, int, char const*, int)
                0x00000000c001c9a6                ISO9660::seek(void*, unsigned long long)
                0x00000000c001c9d6                ISO9660::tell(void*, unsigned long long*)
                0x00000000c001c9fa                ISO9660::getName()
                0x00000000c001ca00                ISO9660::stat(void*, unsigned long long*)
                0x00000000c001ca24                ISO9660::chfatattr(char const*, unsigned char, unsigned char)
                0x00000000c001ca2a                ISO9660::unlink(char const*)
                0x00000000c001ca30                ISO9660::write(void*, unsigned long, void*, int*)
                0x00000000c001ca36                ISO9660::rename(char const*, char const*)
                0x00000000c001ca3c                ISO9660::mkdir(char const*)
                0x00000000c001ca42                ISO9660::close(void*)
                0x00000000c001ca64                ISO9660::closeDir(void*)
                0x00000000c001ca86                ISO9660::~ISO9660()
                0x00000000c001ca86                ISO9660::~ISO9660()
                0x00000000c001caaa                ISO9660::~ISO9660()
                0x00000000c001cad1                __memmem(unsigned char*, int, unsigned char*, int)
                0x00000000c001cb13                readSectorFromCDROM(unsigned int, unsigned char*, char)
                0x00000000c001cb8e                ISO9660::tryMount(LogicalDisk*, int)
                0x00000000c001cbee                ISO9660::read(void*, unsigned long, void*, int*)
                0x00000000c001cdf2                ISO9660::readDir(void*, unsigned long, void*, int*)
                0x00000000c001d06c                readRoot(unsigned int*, unsigned int*, char)
                0x00000000c001d0c0                readRecursively(char*, unsigned int, unsigned int, unsigned int*, unsigned int*, char, int*)
                0x00000000c001d296                getFileData(char*, unsigned int*, unsigned int*, char, int*)
                0x00000000c001d324                ISO9660::open(char const*, void**, FileOpenMode)
                0x00000000c001d3d2                ISO9660::exists(char const*)
                0x00000000c001d3f6                ISO9660::stat(char const*, unsigned long long*, bool*)
                0x00000000c001d48a                ISO9660::openDir(char const*, void**)
                0x00000000c001d524                ISO9660::ISO9660()
                0x00000000c001d524                ISO9660::ISO9660()
 *fill*         0x00000000c001d547        0x1 
 .text          0x00000000c001d548      0x298 hal/sound/sndcard.32
                0x00000000c001d548                SoundCard::beginPlayback()
                0x00000000c001d556                SoundCard::stopPlayback()
                0x00000000c001d564                SoundCard::SoundCard(char const*)
                0x00000000c001d564                SoundCard::SoundCard(char const*)
                0x00000000c001d602                SoundCard::~SoundCard()
                0x00000000c001d602                SoundCard::~SoundCard()
                0x00000000c001d626                SoundCard::~SoundCard()
                0x00000000c001d650                SoundCard::configureRates(int, int, int)
                0x00000000c001d680                SoundCard::getSamples16(int, short*)
                0x00000000c001d6ea                SoundCard::getSamples32(int, int*)
                0x00000000c001d770                SoundCard::addChannel(SoundPort*)
                0x00000000c001d7cc                SoundCard::removeChannel(int)
 .text          0x00000000c001d7e0      0x3fb hal/sound/sndport.32
                0x00000000c001d7e0                SoundPort::SoundPort(int, int, int, int)
                0x00000000c001d7e0                SoundPort::SoundPort(int, int, int, int)
                0x00000000c001d86c                SoundPort::~SoundPort()
                0x00000000c001d86c                SoundPort::~SoundPort()
                0x00000000c001d8a0                SoundPort::unpause()
                0x00000000c001d8ac                SoundPort::pause()
                0x00000000c001d8b8                SoundPort::getBufferUsed()
                0x00000000c001d8c0                SoundPort::getBufferSize()
                0x00000000c001d8c8                SoundPort::buffer16(short*, int)
                0x00000000c001d97c                SoundPort::buffer32(int*, int)
                0x00000000c001da28                SoundPort::unbufferAndAdd16(int, short*, SoundCard*)
                0x00000000c001db24                SoundPort::unbufferAndAdd32(int, int*, SoundCard*)
 .text          0x00000000c001dbdb        0x0 hw/bus/isa.32
 *fill*         0x00000000c001dbdb        0x1 
 .text          0x00000000c001dbdc     0x1187 hw/bus/pci.32
                0x00000000c001dbdc                PCI::open(int, int, void*)
                0x00000000c001dbfa                PCI::close(int, int, void*)
                0x00000000c001dbfe                PCI::PCI()
                0x00000000c001dbfe                PCI::PCI()
                0x00000000c001dc94                PCI::readBAR8(unsigned int, int)
                0x00000000c001dcb0                PCI::readBAR16(unsigned int, int)
                0x00000000c001dcce                PCI::readBAR32(unsigned int, int)
                0x00000000c001dcea                PCI::writeBAR8(unsigned int, unsigned char, int)
                0x00000000c001dd0a                PCI::writeBAR16(unsigned int, unsigned short, int)
                0x00000000c001dd2c                PCI::writeBAR32(unsigned int, unsigned int, int)
                0x00000000c001dd4c                PCI::legacyMechanism(unsigned char, unsigned char, unsigned char, unsigned char)
                0x00000000c001ddba                PCI::pciReadWord(unsigned char, unsigned char, unsigned char, unsigned char)
                0x00000000c001de62                PCI::getVendorID(unsigned char, unsigned char, unsigned char)
                0x00000000c001de86                PCI::getHeaderType(unsigned char, unsigned char, unsigned char)
                0x00000000c001deae                PCI::getClassCode(unsigned char, unsigned char, unsigned char)
                0x00000000c001def8                PCI::getProgIF(unsigned char, unsigned char, unsigned char)
                0x00000000c001df20                PCI::getRevisionID(unsigned char, unsigned char, unsigned char)
                0x00000000c001df44                PCI::getInterruptNumber(unsigned char, unsigned char, unsigned char)
                0x00000000c001df68                PCI::getSecondaryBus(unsigned char, unsigned char, unsigned char)
                0x00000000c001df90                PCI::getBARAddress(unsigned char, unsigned char, unsigned char, unsigned char)
                0x00000000c001dff4                PCI::pciWriteWord(unsigned char, unsigned char, unsigned char, unsigned char, unsigned short)
                0x00000000c001e0dc                PCI::pciDetailsToFilepath(PCIDeviceInfo, char*)
                0x00000000c001e4ce                PCI::checkBus(unsigned char)
                0x00000000c001e4f2                PCI::foundDevice(PCIDeviceInfo)
                0x00000000c001e932                PCI::getDeviceData(unsigned char, unsigned char, unsigned char)
                0x00000000c001eca4                PCI::checkDevice(unsigned char, unsigned char)
                0x00000000c001ed10                PCI::detect()
 *fill*         0x00000000c001ed63        0x1 
 .text          0x00000000c001ed64      0xb66 hw/diskctrl/ide.32
                0x00000000c001ed64                IDE::close(int, int, void*)
                0x00000000c001ed68                IDE::IDE()
                0x00000000c001ed68                IDE::IDE()
                0x00000000c001ed9c                IDE::prepareInterrupt(unsigned char)
                0x00000000c001edae                selectDrive(unsigned char, unsigned char)
                0x00000000c001edb0                IDE::getBase(unsigned char)
                0x00000000c001edc2                IDE::write(unsigned char, unsigned char, unsigned char)
                0x00000000c001ee82                IDE::read(unsigned char, unsigned char)
                0x00000000c001ef30                IDE::waitInterrupt(unsigned char)
                0x00000000c001ef92                ideChannel0IRQHandler(regs*, void*)
                0x00000000c001efae                ideChannel1IRQHandler(regs*, void*)
                0x00000000c001efca                IDE::enableIRQs(unsigned char, bool)
                0x00000000c001f010                IDE::open(int, int, void*)
                0x00000000c001f43a                IDE::readBuffer(unsigned char, unsigned char, unsigned int, unsigned int)
                0x00000000c001f506                IDE::detect()
                0x00000000c001f7c6                IDE::printError(unsigned char, unsigned char, unsigned char)
                0x00000000c001f876                IDE::polling(unsigned char, unsigned int)
 .text          0x00000000c001f8ca      0x46c hw/diskctrl/satabus.32
                0x00000000c001f8ca                SATABus::close(int, int, void*)
                0x00000000c001f8ce                SATABus::detect()
                0x00000000c001f8d0                SATABus::SATABus()
                0x00000000c001f8d0                SATABus::SATABus()
                0x00000000c001f956                SATABus::findCmdslot(SATABus::tagHBA_PORT volatile*)
                0x00000000c001f988                SATABus::checkType(SATABus::tagHBA_PORT volatile*)
                0x00000000c001f9d0                SATABus::startCmd(SATABus::tagHBA_PORT volatile*)
                0x00000000c001f9f0                SATABus::stopCmd(SATABus::tagHBA_PORT volatile*)
                0x00000000c001fa1a                SATABus::portRebase(SATABus::tagHBA_PORT volatile*, int)
                0x00000000c001fb20                SATABus::probePort(SATABus::tagHBA_MEM volatile*)
                0x00000000c001fd02                SATABus::open(int, int, void*)
 .text          0x00000000c001fd36      0x684 hw/diskphys/ata.32
                0x00000000c001fd36                ATA::close(int, int, void*)
                0x00000000c001fd5a                ATA::powerSaving(PowerSavingLevel)
                0x00000000c001fd5c                ATA::ATA()
                0x00000000c001fd5c                ATA::ATA()
                0x00000000c001fd8a                ATA::flush(bool)
                0x00000000c001fdd4                ATA::readyForCommand()
                0x00000000c001fe20                ATA::access(unsigned long long, int, void*, bool)
                0x00000000c0020216                ATA::read(unsigned long long, int, void*)
                0x00000000c0020262                ATA::write(unsigned long long, int, void*)
                0x00000000c00202c4                ATA::detectCHS()
                0x00000000c00202ee                ATA::open(int, int, void*)
 .text          0x00000000c00203ba      0x645 hw/diskphys/atapi.32
                0x00000000c00203ba                ATAPI::write(unsigned long long, int, void*)
                0x00000000c00203c0                ATAPI::close(int, int, void*)
                0x00000000c00203e4                ATAPI::ATAPI()
                0x00000000c00203e4                ATAPI::ATAPI()
                0x00000000c0020412                ATAPI::readyForCommand()
                0x00000000c0020464                ATAPI::sendPacket(unsigned char*, int, bool, unsigned short*, int)
                0x00000000c0020724                ATAPI::diskRemoved()
                0x00000000c0020780                ATAPI::eject()
                0x00000000c00207c8                ATAPI::diskInserted()
                0x00000000c00207e4                ATAPI::detectMedia()
                0x00000000c00208a0                ATAPI::open(int, int, void*)
                0x00000000c0020980                ATAPI::read(unsigned long long, int, void*)
 *fill*         0x00000000c00209ff        0x1 
 .text          0x00000000c0020a00      0xa68 hw/diskphys/sata.32
                0x00000000c0020a00                SATA::close(int, int, void*)
                0x00000000c0020a24                SATA::powerSaving(PowerSavingLevel)
                0x00000000c0020a26                SATA::open(int, int, void*)
                0x00000000c0020c1c                SATA::SATA()
                0x00000000c0020c1c                SATA::SATA()
                0x00000000c0020c4a                SATA::access(unsigned long long, int, void*, bool)
                0x00000000c0021242                SATA::read(unsigned long long, int, void*)
                0x00000000c0021342                SATA::write(unsigned long long, int, void*)
 .text          0x00000000c0021468      0x642 hw/diskphys/satapi.32
                0x00000000c0021468                SATAPI::write(unsigned long long, int, void*)
                0x00000000c002146e                SATAPI::close(int, int, void*)
                0x00000000c0021492                SATAPI::SATAPI()
                0x00000000c0021492                SATAPI::SATAPI()
                0x00000000c00214c0                SATAPI::diskRemoved()
                0x00000000c00214c2                SATAPI::diskInserted()
                0x00000000c00214de                SATAPI::sendPacket(unsigned char*, int, unsigned long long, unsigned short*, int)
                0x00000000c002176c                SATAPI::eject()
                0x00000000c00217a8                SATAPI::detectMedia()
                0x00000000c00218d2                SATAPI::open(int, int, void*)
                0x00000000c00219d2                SATAPI::read(unsigned long long, int, void*)
 *fill*         0x00000000c0021aaa        0x2 
 .text          0x00000000c0021aac       0x94 hw/fpu/avx.32
                0x00000000c0021aac                AVX::open(int, int, void*)
                0x00000000c0021ac0                AVX::close(int, int, void*)
                0x00000000c0021ad4                AVX::available()
                0x00000000c0021ae8                AVX::save(void*)
                0x00000000c0021b00                AVX::load(void*)
                0x00000000c0021b18                AVX::AVX()
                0x00000000c0021b18                AVX::AVX()
 .text          0x00000000c0021b40       0x94 hw/fpu/mmx.32
                0x00000000c0021b40                MMX::available()
                0x00000000c0021b54                MMX::open(int, int, void*)
                0x00000000c0021b68                MMX::close(int, int, void*)
                0x00000000c0021b7c                MMX::save(void*)
                0x00000000c0021b94                MMX::load(void*)
                0x00000000c0021bac                MMX::MMX()
                0x00000000c0021bac                MMX::MMX()
 .text          0x00000000c0021bd4       0x9c hw/fpu/sse.32
                0x00000000c0021bd4                SSE::open(int, int, void*)
                0x00000000c0021be8                SSE::close(int, int, void*)
                0x00000000c0021bfc                SSE::available()
                0x00000000c0021c18                SSE::save(void*)
                0x00000000c0021c30                SSE::load(void*)
                0x00000000c0021c48                SSE::SSE()
                0x00000000c0021c48                SSE::SSE()
 .text          0x00000000c0021c70       0x8e hw/fpu/x87.32
                0x00000000c0021c70                x87::open(int, int, void*)
                0x00000000c0021c82                x87::close(int, int, void*)
                0x00000000c0021c94                x87::available()
                0x00000000c0021ca6                x87::save(void*)
                0x00000000c0021cbe                x87::load(void*)
                0x00000000c0021cd6                x87::x87()
                0x00000000c0021cd6                x87::x87()
 .text          0x00000000c0021cfe      0x71e hw/intctrl/apic.32
                0x00000000c0021cfe                APIC::disable()
                0x00000000c0021d00                APIC::close(int, int, void*)
                0x00000000c0021d22                IOAPIC::close(int, int, void*)
                0x00000000c0021d28                APIC::io_wait()
                0x00000000c0021d2e                APIC::getBase()
                0x00000000c0021d70                APIC::eoi(unsigned char)
                0x00000000c0021d9e                APIC::open(int, int, void*)
                0x00000000c0021eec                IOAPIC::IOAPIC()
                0x00000000c0021eec                IOAPIC::IOAPIC()
                0x00000000c0021f14                APIC::APIC()
                0x00000000c0021f14                APIC::APIC()
                0x00000000c0021ff0                IOAPIC::handlesGSIWithNumber(unsigned int)
                0x00000000c0022022                IOAPIC::read(int)
                0x00000000c002204a                IOAPIC::open(int, int, void*)
                0x00000000c0022140                IOAPIC::write(int, int)
                0x00000000c002216c                IOAPIC::redirect(unsigned char, unsigned long long, unsigned char, bool, bool)
                0x00000000c0022266                APIC::installIRQHandler(int, void (*)(regs*, void*), bool, void*)
 .text          0x00000000c002241c      0x3d3 hw/intctrl/pic.32
                0x00000000c002241c                PIC::disable()
                0x00000000c002244a                PIC::close(int, int, void*)
                0x00000000c002246c                PIC::PIC()
                0x00000000c002246c                PIC::PIC()
                0x00000000c0022542                PIC::ioWait()
                0x00000000c0022548                PIC::getIRQReg(int)
                0x00000000c00225b2                PIC::eoi(unsigned char)
                0x00000000c0022644                PIC::remap()
                0x00000000c00227b0                PIC::open(int, int, void*)
 *fill*         0x00000000c00227ef        0x1 
 .text          0x00000000c00227f0      0x240 hw/timer/apictimer.32
                0x00000000c00227f0                APICTimer::close(int, int, void*)
                0x00000000c00227f8                apicTimerHandler(regs*, void*)
                0x00000000c0022820                APICTimer::write(int)
                0x00000000c0022908                APICTimer::open(int, int, void*)
                0x00000000c0022a08                APICTimer::APICTimer()
                0x00000000c0022a08                APICTimer::APICTimer()
 .text          0x00000000c0022a30      0x1a3 hw/timer/pit.32
                0x00000000c0022a30                PIT::write(int)
                0x00000000c0022ab0                pitHandler(regs*, void*)
                0x00000000c0022ad4                PIT::open(int, int, void*)
                0x00000000c0022b24                PIT::close(int, int, void*)
                0x00000000c0022b54                PIT::PIT()
                0x00000000c0022b54                PIT::PIT()
 *fill*         0x00000000c0022bd3        0xd 
 .text          0x00000000c0022be0       0x83 hw/fpu/x86/avx.32
                0x00000000c0022be0                avxDetect
                0x00000000c0022c0a                avxSave
                0x00000000c0022c1b                avxLoad
                0x00000000c0022c2c                avxInit
                0x00000000c0022c4e                avxClose
                0x00000000c0022c4f                wouldSheSayYes
 *fill*         0x00000000c0022c63        0xd 
 .text          0x00000000c0022c70       0x39 hw/fpu/x86/sse.32
                0x00000000c0022c70                absolutelyNoChanceInHell
                0x00000000c0022c70                sseDetect
                0x00000000c0022c88                sseSave
                0x00000000c0022c90                sseLoad
                0x00000000c0022c98                sseInit
                0x00000000c0022ca8                sseClose
 *fill*         0x00000000c0022ca9        0x7 
 .text          0x00000000c0022cb0       0x49 hw/fpu/x86/x87.32
                0x00000000c0022cb6                x87Detect
                0x00000000c0022cd1                x87Save
                0x00000000c0022cd8                x87Load
                0x00000000c0022cdf                x87Init
                0x00000000c0022cf8                x87Close
 *fill*         0x00000000c0022cf9        0x3 
 .text          0x00000000c0022cfc       0x25 /cygdrive/d/Users/Alex/Desktop/Toolchain/Output/bin/../lib/gcc/i386-banana/8.1.0/crtend.o
 .text          0x00000000c0022d21        0x0 crtn.32
 *fill*         0x00000000c0022d21        0x3 
 .text          0x00000000c0022d24      0x14b /cygdrive/d/Users/Alex/Desktop/Toolchain/Output/bin/../lib/gcc/i386-banana/8.1.0/libkgcc.a(_divdi3.o)
                0x00000000c0022d24                __divdi3
 *fill*         0x00000000c0022e6f        0x1 
 .text          0x00000000c0022e70      0x17e /cygdrive/d/Users/Alex/Desktop/Toolchain/Output/bin/../lib/gcc/i386-banana/8.1.0/libkgcc.a(_moddi3.o)
                0x00000000c0022e70                __moddi3
 *fill*         0x00000000c0022fee        0x2 
 .text          0x00000000c0022ff0       0xff /cygdrive/d/Users/Alex/Desktop/Toolchain/Output/bin/../lib/gcc/i386-banana/8.1.0/libkgcc.a(_udivdi3.o)
                0x00000000c0022ff0                __udivdi3
 *fill*         0x00000000c00230ef        0x1 
 .text          0x00000000c00230f0      0x11a /cygdrive/d/Users/Alex/Desktop/Toolchain/Output/bin/../lib/gcc/i386-banana/8.1.0/libkgcc.a(_umoddi3.o)
                0x00000000c00230f0                __umoddi3
 *(.gnu.linkonce.t*)

.iplt           0x00000000c0023210        0x0
 .iplt          0x00000000c0023210        0x0 D:/Users/Alex/Desktop/Banana/kernel/boot.32

.init           0x00000000c002320a        0xf
 .init          0x00000000c002320a        0x3 crti.32
                0x00000000c002320a                _init
 .init          0x00000000c002320d        0x5 /cygdrive/d/Users/Alex/Desktop/Toolchain/Output/bin/../lib/gcc/i386-banana/8.1.0/crtbegin.o
 .init          0x00000000c0023212        0x5 /cygdrive/d/Users/Alex/Desktop/Toolchain/Output/bin/../lib/gcc/i386-banana/8.1.0/crtend.o
 .init          0x00000000c0023217        0x2 crtn.32

.fini           0x00000000c0023219        0xa
 .fini          0x00000000c0023219        0x3 crti.32
                0x00000000c0023219                _fini
 .fini          0x00000000c002321c        0x5 /cygdrive/d/Users/Alex/Desktop/Toolchain/Output/bin/../lib/gcc/i386-banana/8.1.0/crtbegin.o
 .fini          0x00000000c0023221        0x2 crtn.32

.text._ZN8ComputerD2Ev
                0x00000000c0023224       0x23
 .text._ZN8ComputerD2Ev
                0x00000000c0023224       0x23 core/computer.32
                0x00000000c0023224                Computer::~Computer()
                0x00000000c0023224                Computer::~Computer()

.text._ZN8ComputerD0Ev
                0x00000000c0023248       0x2a
 .text._ZN8ComputerD0Ev
                0x00000000c0023248       0x2a core/computer.32
                0x00000000c0023248                Computer::~Computer()

.text._Z10idleCommonv
                0x00000000c0023272       0x21
 .text._Z10idleCommonv
                0x00000000c0023272       0x21 core/idle.32
                0x00000000c0023272                idleCommon()

.text._ZN10LinkedListI8UnixFileED2Ev
                0x00000000c0023294        0x2
 .text._ZN10LinkedListI8UnixFileED2Ev
                0x00000000c0023294        0x2 core/unixfile.32