Archive member included to satisfy reference by file (symbol)

/cygdrive/d/Users/Alex/Desktop/Toolchain/Output/bin/../lib/gcc/i386-banana/8.1.0/libkgcc.a(_divdi3.o)
                              fs/fat/ff.32 (__divdi3)
/cygdrive/d/Users/Alex/Desktop/Toolchain/Output/bin/../lib/gcc/i386-banana/8.1.0/libkgcc.a(_moddi3.o)
                              compat/resolve.32 (__moddi3)
/cygdrive/d/Users/Alex/Desktop/Toolchain/Output/bin/../lib/gcc/i386-banana/8.1.0/libkgcc.a(_udivdi3.o)
                              fs/fat/ff.32 (__udivdi3)
/cygdrive/d/Users/Alex/Desktop/Toolchain/Output/bin/../lib/gcc/i386-banana/8.1.0/libkgcc.a(_umoddi3.o)
                              compat/resolve.32 (__umoddi3)
D:/Users/Alex/Desktop/Banana/kernel/libsoftfp.a(sfieeelib.o)
                              hal/sound/sndhw.32 (__addsf3)
D:/Users/Alex/Desktop/Banana/kernel/libsoftfp.a(dfieeelib.o)
                              hal/libresample/src_linear.32 (__adddf3)
D:/Users/Alex/Desktop/Banana/kernel/libsoftfp.a(sfdfcvt.o)
                              hal/libresample/samplerate.32 (__truncdfsf2)
D:/Users/Alex/Desktop/Banana/kernel/libk/libm32.a(s_fabs.c.o)
                              hal/libresample/samplerate.32 (fabs)
D:/Users/Alex/Desktop/Banana/kernel/libk/libm32.a(s_lrint.S.o)
                              hal/libresample/samplerate.32 (lrint)
D:/Users/Alex/Desktop/Banana/kernel/libk/libm32.a(s_lrintf.S.o)
                              hal/sound/sndhw.32 (lrintf)

Discarded input sections

 .comment       0x0000000000000000       0x12 /cygdrive/d/Users/Alex/Desktop/Toolchain/Output/bin/../lib/gcc/i386-banana/8.1.0/crtbegin.o
 .comment       0x0000000000000000       0x12 acpica/utclib.32
 .comment       0x0000000000000000       0x12 core/malloc.32
 .comment       0x0000000000000000       0x12 libk/string.32
 .comment       0x0000000000000000       0x12 fs/fat/diskio.32
 .comment       0x0000000000000000       0x12 fs/fat/ff.32
 .comment       0x0000000000000000       0x12 fs/fat/ffsystem.32
 .comment       0x0000000000000000       0x12 fs/fat/ffunicode.32
 .comment       0x0000000000000000       0x12 hal/libresample/samplerate.32
 .comment       0x0000000000000000       0x12 hal/libresample/src_linear.32
 .comment       0x0000000000000000       0x12 hal/libresample/src_sinc.32
 .comment       0x0000000000000000       0x12 hal/libresample/src_zoh.32
 .comment       0x0000000000000000       0x12 compat/inlines.32
 .comment       0x0000000000000000       0x12 compat/resolve.32
 .group         0x0000000000000000       0x14 core/computer.32
 .group         0x0000000000000000        0xc core/computer.32
 .comment       0x0000000000000000       0x12 core/computer.32
 .comment       0x0000000000000000       0x12 core/gdt.32
 .group         0x0000000000000000        0xc core/idle.32
 .comment       0x0000000000000000       0x12 core/idle.32
 .comment       0x0000000000000000       0x12 core/idt.32
 .comment       0x0000000000000000       0x12 core/kheap.32
 .comment       0x0000000000000000       0x12 core/main.32
 .comment       0x0000000000000000       0x12 core/physmgr.32
 .group         0x0000000000000000        0xc core/pipe.32
 .comment       0x0000000000000000       0x12 core/pipe.32
 .group         0x0000000000000000        0xc core/terminal.32
 .comment       0x0000000000000000       0x12 core/terminal.32
 .comment       0x0000000000000000       0x12 core/tss.32
 .group         0x0000000000000000        0x8 core/unixfile.32
 .group         0x0000000000000000        0xc core/unixfile.32
 .group         0x0000000000000000        0xc core/unixfile.32
 .group         0x0000000000000000        0x8 core/unixfile.32
 .group         0x0000000000000000        0xc core/unixfile.32
 .group         0x0000000000000000        0x8 core/unixfile.32
 .group         0x0000000000000000        0xc core/unixfile.32
 .group         0x0000000000000000        0xc core/unixfile.32
 .comment       0x0000000000000000       0x12 core/unixfile.32
 .comment       0x0000000000000000       0x12 core/virtmgr.32
 .comment       0x0000000000000000       0x12 coreobjs/c++.32
 .comment       0x0000000000000000       0x12 dbg/kconsole.32
 .group         0x0000000000000000        0xc fs/vfs.32
 .group         0x0000000000000000        0xc fs/vfs.32
 .group         0x0000000000000000        0xc fs/vfs.32
 .comment       0x0000000000000000       0x12 fs/vfs.32
 .group         0x0000000000000000        0xc hal/bus.32
 .comment       0x0000000000000000       0x12 hal/bus.32
 .group         0x0000000000000000        0xc hal/buzzer.32
 .comment       0x0000000000000000       0x12 hal/buzzer.32
 .group         0x0000000000000000        0xc hal/clock.32
 .comment       0x0000000000000000       0x12 hal/clock.32
 .group         0x0000000000000000       0x14 hal/device.32
 .group         0x0000000000000000        0xc hal/device.32
 .group         0x0000000000000000        0xc hal/device.32
 .group         0x0000000000000000        0xc hal/device.32
[...]
Memory Configuration

Name             Origin             Length             Attributes
*default*        0x0000000000000000 0xffffffffffffffff

Linker script and memory map

LOAD D:/Users/Alex/Desktop/Banana/kernel/boot.32
LOAD crti.32
LOAD /cygdrive/d/Users/Alex/Desktop/Toolchain/Output/bin/../lib/gcc/i386-banana/8.1.0/crtbegin.o
LOAD D:/Users/Alex/Desktop/Banana/kernel/morenasm.32
LOAD acpica/utclib.32
LOAD core/malloc.32
LOAD libk/string.32
LOAD fs/fat/diskio.32
LOAD fs/fat/ff.32
LOAD fs/fat/ffsystem.32
LOAD fs/fat/ffunicode.32
LOAD hal/libresample/samplerate.32
LOAD hal/libresample/src_linear.32
LOAD hal/libresample/src_sinc.32
LOAD hal/libresample/src_zoh.32
LOAD compat/inlines.32
LOAD compat/resolve.32
LOAD core/computer.32
LOAD core/gdt.32
LOAD core/idle.32
LOAD core/idt.32
LOAD core/kheap.32
LOAD core/main.32
LOAD core/physmgr.32
LOAD core/pipe.32
LOAD core/terminal.32
LOAD core/tss.32
LOAD core/unixfile.32
LOAD core/virtmgr.32
LOAD coreobjs/c++.32
LOAD dbg/kconsole.32
LOAD fs/vfs.32
LOAD hal/bus.32
LOAD hal/buzzer.32
LOAD hal/clock.32
LOAD hal/device.32
LOAD hal/diskctrl.32
LOAD hal/diskphys.32
LOAD hal/fpu.32
LOAD hal/intctrl.32
LOAD hal/keybrd.32
LOAD hal/logidisk.32
LOAD hal/mouse.32
LOAD hal/partition.32
LOAD hal/serial.32
LOAD hal/timer.32
LOAD hal/vcache.32
LOAD hal/video.32
LOAD hw/acpi.32
LOAD hw/cpu.32
LOAD hw/ports.32
LOAD hw/smp.32
LOAD krnl/env.32
LOAD krnl/panic.32
LOAD net/ethernet.32
LOAD reg/registry.32
LOAD sys/sc_eject.32
LOAD sys/sc_exit.32
LOAD sys/sc_getcwd.32
LOAD sys/sc_getpid.32
LOAD sys/sc_getramdata.32
LOAD sys/sc_loaddll.32
LOAD sys/sc_read.32
LOAD sys/sc_sbrk.32
LOAD sys/sc_setcwd.32
LOAD sys/sc_settime.32
LOAD sys/sc_timezone.32
LOAD sys/sc_write.32
LOAD sys/sc_wsbe.32
LOAD sys/sc_yield.32
LOAD sys/syscalls.32
LOAD thr/elf.32
LOAD thr/prcssthr.32
LOAD vm86/vm8086.32
LOAD vm86/x87em.32
LOAD fs/fat/vfslink.32
LOAD fs/iso9660/vfslink.32
LOAD hal/sound/sndchannel.32
LOAD hal/sound/sndhw.32
LOAD hw/bus/isa.32
LOAD hw/bus/pci.32
LOAD hw/diskctrl/ide.32
LOAD hw/diskctrl/satabus.32
LOAD hw/diskphys/ata.32
LOAD hw/diskphys/atapi.32
LOAD hw/diskphys/sata.32
LOAD hw/diskphys/satapi.32
LOAD hw/fpu/avx.32
LOAD hw/fpu/mmx.32
LOAD hw/fpu/sse.32
LOAD hw/fpu/x87.32
LOAD hw/intctrl/apic.32
LOAD hw/intctrl/pic.32
LOAD hw/timer/apictimer.32
LOAD hw/timer/pit.32
LOAD hw/fpu/x86/avx.32
LOAD hw/fpu/x86/sse.32
LOAD hw/fpu/x86/x87.32
LOAD /cygdrive/d/Users/Alex/Desktop/Toolchain/Output/bin/../lib/gcc/i386-banana/8.1.0/crtend.o
LOAD crtn.32
LOAD /cygdrive/d/Users/Alex/Desktop/Toolchain/Output/bin/../lib/gcc/i386-banana/8.1.0/libkgcc.a
LOAD D:/Users/Alex/Desktop/Banana/kernel/libsoftfp.a
LOAD D:/Users/Alex/Desktop/Banana/kernel/libk/libm32.a
                0x00000000c0000000                . = 0xc0000000

.text           0x00000000c0000000    0x28778
 *(.text)
 .text          0x00000000c0000000       0x41 D:/Users/Alex/Desktop/Banana/kernel/boot.32
                0x00000000c0000020                callGlobalConstructors
 .text          0x00000000c0000041        0x0 crti.32
 *fill*         0x00000000c0000041        0x3 
 .text          0x00000000c0000044      0x101 /cygdrive/d/Users/Alex/Desktop/Toolchain/Output/bin/../lib/gcc/i386-banana/8.1.0/crtbegin.o
 *fill*         0x00000000c0000145        0xb 
 .text          0x00000000c0000150      0x4f5 D:/Users/Alex/Desktop/Banana/kernel/morenasm.32
                0x00000000c0000150                manualPCIProbe
                0x00000000c000019b                prepareTramp
                0x00000000c00001b4                voodooXADD
                0x00000000c000027f                doTPAUSE
                0x00000000c0000289                hasLegacyFPU
                0x00000000c00002ae                is486
                0x00000000c00002e4                detectCPUID
                0x00000000c00002fa                goToVM86
                0x00000000c000032a                goToUsermode
                0x00000000c0000354                switchToThreadASMFirstTime
                0x00000000c0000362                switchToThreadASM
                0x00000000c00003f2                asmQuickAcquireLock
                0x00000000c0000410                asmQuickReleaseLock
                0x00000000c000041c                asmAcquireLock
                0x00000000c000043d                asmReleaseLock
                0x00000000c0000450                loadGDT
                0x00000000c0000470                isr0
                0x00000000c0000480                isr1
                0x00000000c000048a                isr2
                0x00000000c0000494                isr3
                0x00000000c000049e                isr4
                0x00000000c00004a8                isr5
                0x00000000c00004b2                isr6
                0x00000000c00004bc                isr7
                0x00000000c00004c6                isr8
                0x00000000c00004ce                isr9
                0x00000000c00004d8                isr10
                0x00000000c00004e0                isr11
                0x00000000c00004e8                isr12
                0x00000000c00004f0                isr13
                0x00000000c00004f8                isr14
                0x00000000c0000500                isr15
                0x00000000c000050a                isr16
                0x00000000c0000514                isr17
                0x00000000c000051e                isr18
                0x00000000c0000528                irq3
                0x00000000c0000532                irq4
                0x00000000c000053c                irq5
                0x00000000c0000546                irq6
                0x00000000c0000550                irq7
                0x00000000c000055a                irq8
                0x00000000c0000564                irq9
                0x00000000c000056e                irq10
                0x00000000c0000578                irq11
                0x00000000c0000582                irq12
                0x00000000c000058c                irq13
                0x00000000c0000596                irq14
                0x00000000c00005a0                irq15
                0x00000000c00005aa                irq1
                0x00000000c00005b1                irq2
                0x00000000c00005b8                isr96
                0x00000000c00005bf                irq0
                0x00000000c00005c4                int_common_stub
                0x00000000c00005c4                syscall_common_stub
                0x00000000c00005f5                irq16
                0x00000000c00005ff                irq17
                0x00000000c0000609                irq18
                0x00000000c0000613                irq19
                0x00000000c000061d                irq20
                0x00000000c0000627                irq21
                0x00000000c0000631                irq22
                0x00000000c000063b                irq23
 *fill*         0x00000000c0000645        0x3 
 .text          0x00000000c0000648      0x611 acpica/utclib.32
                0x00000000c0000648                memcmp
                0x00000000c0000684                memmove
                0x00000000c000074c                memcpy
                0x00000000c0000780                memset
                0x00000000c000079c                strlen
                0x00000000c00007b4                strpbrk
                0x00000000c00007f0                strtok
                0x00000000c000083c                strcpy
                0x00000000c0000860                strncpy
                0x00000000c00008c8                strcmp
                0x00000000c0000908                strchr
                0x00000000c000092c                strncmp
                0x00000000c000097c                strcat
                0x00000000c00009ac                strncat
                0x00000000c00009e8                strstr
                0x00000000c0000a30                toupper
                0x00000000c0000a44                tolower
                0x00000000c0000a58                simple_strtoul
 .text          0x00000000c0000c59      0xfbf core/malloc.32
                0x00000000c0000dc4                dlfree
                0x00000000c000111f                dlmalloc
                0x00000000c000165c                dlrealloc
                0x00000000c0001811                dlmemalign
                0x00000000c0001934                dlcalloc
                0x00000000c00019ce                dlcfree
                0x00000000c00019d3                dlindependent_calloc
                0x00000000c00019f8                dlindependent_comalloc
                0x00000000c0001a0f                dlvalloc
                0x00000000c0001a3a                dlpvalloc
                0x00000000c0001a70                dlmalloc_trim
                0x00000000c0001a7d                dlmalloc_usable_size
                0x00000000c0001aae                dlmallinfo
                0x00000000c0001b7d                dlmalloc_stats
                0x00000000c0001b8e                dlmallopt
 .text          0x00000000c0001c18        0x0 libk/string.32
 .text          0x00000000c0001c18       0x51 fs/fat/diskio.32
                0x00000000c0001c18                disk_status
                0x00000000c0001c1b                disk_initialize
                0x00000000c0001c1e                disk_read
                0x00000000c0001c34                disk_write
                0x00000000c0001c4a                disk_ioctl
 .text          0x00000000c0001c69     0x6833 fs/fat/ff.32
                0x00000000c0004f37                f_mount
                0x00000000c0004f99                f_open
                0x00000000c00053d5                f_read
                0x00000000c0005655                f_write
                0x00000000c000590f                f_sync
                0x00000000c0005aeb                f_close
                0x00000000c0005b1a                f_lseek
                0x00000000c0005fd1                f_opendir
                0x00000000c00060d3                f_closedir
                0x00000000c00060f5                f_readdir
                0x00000000c0006190                f_stat
                0x00000000c000621f                f_getfree
                0x00000000c00063ea                f_truncate
                0x00000000c00064e2                f_unlink
                0x00000000c0006665                f_mkdir
                0x00000000c0006891                f_rename
                0x00000000c0006b84                f_chmod
                0x00000000c0006c62                f_utime
                0x00000000c0006d40                f_getlabel
                0x00000000c0006f2e                f_setlabel
                0x00000000c000719b                f_forward
                0x00000000c0007379                f_mkfs
 .text          0x00000000c000849c       0x2d fs/fat/ffsystem.32
                0x00000000c000849c                ff_memalloc
                0x00000000c00084b2                ff_memfree
 .text          0x00000000c00084c9      0x253 fs/fat/ffunicode.32
                0x00000000c00084c9                ff_uni2oem
                0x00000000c0008559                ff_oem2uni
                0x00000000c00085c5                ff_wtoupper
 .text          0x00000000c000871c      0x8fb hal/libresample/samplerate.32
                0x00000000c0008760                src_delete
                0x00000000c000879c                src_process
                0x00000000c0008952                src_callback_read
                0x00000000c0008acf                src_set_ratio
                0x00000000c0008b39                src_get_channels
                0x00000000c0008b5b                src_reset
                0x00000000c0008ba7                src_new
                0x00000000c0008c35                src_callback_new
                0x00000000c0008c97                src_get_name
                0x00000000c0008cce                src_get_description
                0x00000000c0008d05                src_get_version
                0x00000000c0008d0b                src_is_valid_ratio
                0x00000000c0008d5f                src_error
                0x00000000c0008d6d                src_strerror
                0x00000000c0008d80                src_simple
                0x00000000c0008dd3                src_short_to_float_array
                0x00000000c0008e38                src_float_to_short_array
                0x00000000c0008ef7                src_int_to_float_array
                0x00000000c0008f5a                src_float_to_int_array
 .text          0x00000000c0009017      0x8cb hal/libresample/src_linear.32
                0x00000000c000983d                linear_get_name
                0x00000000c000984c                linear_get_description
                0x00000000c000985b                linear_set_converter
 .text          0x00000000c00098e2     0x447c hal/libresample/src_sinc.32
                0x00000000c000dc75                sinc_get_name
                0x00000000c000dc88                sinc_get_description
                0x00000000c000dc9b                sinc_set_converter
 .text          0x00000000c000dd5e      0x77c hal/libresample/src_zoh.32
                0x00000000c000e435                zoh_get_name
                0x00000000c000e444                zoh_get_description
                0x00000000c000e453                zoh_set_converter
 .text          0x00000000c000e4da       0x23 compat/inlines.32
                0x00000000c000e4da                CPU::current()
                0x00000000c000e4e7                operator new(unsigned long)
 .text          0x00000000c000e4fd      0x111 compat/resolve.32
                0x00000000c000e4fd                Krnl::resolveCompatibilitySymbol(char*)
 .text          0x00000000c000e60e      0xa17 core/computer.32
                0x00000000c000e60e                Computer::close(int, int, void*)
                0x00000000c000e652                Krnl::firstTask()
                0x00000000c000e742                Computer::Computer()
                0x00000000c000e742                Computer::Computer()
                0x00000000c000e89e                Computer::setBootMessage(char const*)
                0x00000000c000e8a0                Computer::detectFeatures()
                0x00000000c000eaaa                Computer::displayFeatures()
                0x00000000c000edf0                Computer::rdmsr(unsigned int)
                0x00000000c000ee1c                Computer::wrmsr(unsigned int, unsigned long long)
                0x00000000c000ee54                Computer::nmiEnabled()
                0x00000000c000ee60                Computer::readCMOS(unsigned char)
                0x00000000c000ee7a                Computer::enableNMI(bool)
                0x00000000c000ee92                Computer::open(int, int, void*)
                0x00000000c000ef68                Computer::disableNMI()
                0x00000000c000ef76                Computer::writeCMOS(unsigned char, unsigned char)
                0x00000000c000ef94                Computer::handleNMI()
                0x00000000c000effa                Computer::setDiskActivityLight(int, bool)
 *fill*         0x00000000c000f025        0x1 
 .text          0x00000000c000f026      0x1b7 core/gdt.32
                0x00000000c000f026                GDTEntry::setBase(unsigned int)
                0x00000000c000f042                GDTEntry::setLimit(unsigned int)
                0x00000000c000f060                GDT::GDT()
                0x00000000c000f060                GDT::GDT()
                0x00000000c000f076                GDT::addEntry(GDTEntry)
                0x00000000c000f0b2                GDT::getNumberOfEntries()
                0x00000000c000f0ba                GDT::flush()
                0x00000000c000f0dc                GDT::setup()
 .text          0x00000000c000f1dd       0x62 core/idle.32
                0x00000000c000f1dd                idleFunction(void*)
 *fill*         0x00000000c000f23f        0x1 
 .text          0x00000000c000f240      0x45f core/idt.32
                0x00000000c000f240                IDTEntry::IDTEntry(bool)
                0x00000000c000f240                IDTEntry::IDTEntry(bool)
                0x00000000c000f2ae                IDTEntry::setOffset(unsigned int)
                0x00000000c000f2c2                IDT::IDT()
                0x00000000c000f2c2                IDT::IDT()
                0x00000000c000f2c4                IDT::getPointerToInvalidOpcodeEntryForF00F()
                0x00000000c000f2cc                IDT::addEntry(IDTEntry, int)
                0x00000000c000f2e6                IDT::addEntry(int, void (*)(), bool)
                0x00000000c000f31e                IDT::flush()
                0x00000000c000f338                IDT::setup()
 .text          0x00000000c000f69f      0x206 core/kheap.32
                0x00000000c000f69f                sbrk
                0x00000000c000f7ad                mmap
                0x00000000c000f7c3                munmap
                0x00000000c000f7d9                liballoc_lock()
                0x00000000c000f7ea                liballoc_unlock()
                0x00000000c000f7fb                liballoc_alloc(int)
                0x00000000c000f819                liballoc_free(void*, int)
                0x00000000c000f837                realloc
                0x00000000c000f84b                malloc
                0x00000000c000f85b                free
                0x00000000c000f86b                rfree
                0x00000000c000f87b                calloc
 .text          0x00000000c000f8a5      0x485 core/main.32
                0x00000000c000f8a5                hwTextMode_loadInData(VgaText*)
                0x00000000c000f8f0                hwTextMode_loadInTitle(VgaText*, char*)
                0x00000000c000f96e                hwTextMode_showCursor(VgaText*, bool)
                0x00000000c000f9cc                hwTextMode_update(VgaText*)
                0x00000000c000f9cd                hwTextMode_updateCursor(VgaText*)
                0x00000000c000fa1e                hwTextMode_disableBlink(VgaText*, bool)
                0x00000000c000fa64                hwTextMode_scrollScreen(VgaText*)
                0x00000000c000fb11                hwTextMode_writeCharacter(VgaText*, char, VgaColour, VgaColour, int, int)
                0x00000000c000fb93                setupTextMode()
                0x00000000c000fc03                kernel_main
 .text          0x00000000c000fd2a      0x56a core/physmgr.32
                0x00000000c000fd2a                Phys::allocateDMA(unsigned long)
                0x00000000c000fdcd                Phys::freeDMA(unsigned long, unsigned long)
                0x00000000c000fe15                Phys::setPageState(unsigned long, bool)
                0x00000000c000fe47                Phys::getPageState(unsigned long)
                0x00000000c000fe63                Phys::freePage(unsigned long)
                0x00000000c000feed                Phys::allocatePage()
                0x00000000c000ffd2                Phys::allocateContiguousPages(int)
                0x00000000c001002c                Phys::allowSegmentToBeUsed(unsigned long, unsigned long)
                0x00000000c0010064                Phys::physicalMemorySetup(unsigned int)
 .text          0x00000000c0010294      0x273 core/pipe.32
                0x00000000c0010294                Pipe::isAtty()
                0x00000000c0010298                Pipe::~Pipe()
                0x00000000c0010298                Pipe::~Pipe()
                0x00000000c00102bc                Pipe::~Pipe()
                0x00000000c00102e4                Pipe::read(unsigned long long, void*, int*)
                0x00000000c00103d8                Pipe::write(unsigned long long, void*, int*)
                0x00000000c00104a0                Pipe::Pipe(int)
                0x00000000c00104a0                Pipe::Pipe(int)
 *fill*         0x00000000c0010507        0x1 
 .text          0x00000000c0010508      0xf73 core/terminal.32
                0x00000000c0010508                VgaText::isAtty()
                0x00000000c001050c                VgaText::~VgaText()
                0x00000000c001050c                VgaText::~VgaText()
                0x00000000c0010530                VgaText::~VgaText()
                0x00000000c001055a                VgaText::read(unsigned long long, void*, int*)
                0x00000000c001057a                setTerminalScrollLock(bool)
                0x00000000c001057b                addToTerminalCycle(VgaText*)
                0x00000000c00105a8                installVgaTextImplementation()
                0x00000000c00105bd                scrollTerminalScrollLock(int)
                0x00000000c00105be                VgaText::load()
                0x00000000c0010612                VgaText::updateCursor()
                0x00000000c001062c                VgaText::showCursor(bool)
                0x00000000c001063c                VgaText::disableBlink(bool)
                0x00000000c0010676                VgaText::doANSI_SGR(int)
                0x00000000c0010702                VgaText::setDefaultBgColour(VgaColour)
                0x00000000c0010718                VgaText::setDefaultFgColour(VgaColour)
                0x00000000c001072e                VgaText::setDefaultColours(VgaColour, VgaColour)
                0x00000000c001074e                VgaText::combineColours(unsigned char, unsigned char)
                0x00000000c0010760                VgaText::scrollScreen()
                0x00000000c00107f4                VgaText::combineCharAndColour(char, unsigned char)
                0x00000000c0010806                VgaText::writeCharacter(char, VgaColour, VgaColour, int, int)
                0x00000000c0010866                VgaText::getCursorX()
                0x00000000c0010872                VgaText::getCursorY()
                0x00000000c001087e                VgaText::setCursor(int, int)
                0x00000000c001089c                VgaText::setCursorX(int)
                0x00000000c00108b8                VgaText::setCursorY(int)
                0x00000000c00108d4                VgaText::incrementCursor(bool)
                0x00000000c001093c                VgaText::updateRAMUsageDisplay(int)
                0x00000000c00109a0                VgaText::updateDiskUsage()
                0x00000000c0010b0a                VgaText::updateTitle()
                0x00000000c0010b50                VgaText::setTitleTextColour(VgaColour)
                0x00000000c0010b60                VgaText::setTitleColour(VgaColour)
                0x00000000c0010b70                VgaText::setTitle(char*)
                0x00000000c0010b96                VgaText::decrementCursor(bool)
                0x00000000c0010bbe                VgaText::putchar(char, VgaColour, VgaColour)
                0x00000000c0010cba                VgaText::isShowingCursor()
                0x00000000c0010cc6                VgaText::isBlinkDisabled()
                0x00000000c0010cd4                VgaText::setCursorHeight(int)
                0x00000000c0010cf2                VgaText::getCursorHeight()
                0x00000000c0010cfd                setActiveTerminal(VgaText*)
                0x00000000c0010daf                doTerminalCycle()
                0x00000000c0010dcc                VgaText::doUpdate()
                0x00000000c0010dde                VgaText::puts(char const*, VgaColour, VgaColour)
                0x00000000c0010f9e                VgaText::clearScreen()
                0x00000000c0011002                VgaText::putchar(char)
                0x00000000c001111c                VgaText::puts(char const*)
                0x00000000c0011142                VgaText::putx(unsigned int)
                0x00000000c0011188                VgaText::VgaText(char const*)
                0x00000000c0011188                VgaText::VgaText(char const*)
                0x00000000c001131a                VgaText::receiveKey(unsigned char)
                0x00000000c0011402                VgaText::write(unsigned long long, void*, int*)
                0x00000000c0011456                newTerminal(char*)
 *fill*         0x00000000c001147b        0x1 
 .text          0x00000000c001147c      0x1b3 core/tss.32
                0x00000000c001147c                TSS::TSS()
                0x00000000c001147c                TSS::TSS()
                0x00000000c001148a                TSS::setESP(unsigned long)
                0x00000000c001149c                TSS::flush()
                0x00000000c00114bc                TSS::setup(unsigned long, unsigned long)
 *fill*         0x00000000c001162f        0x1 
 .text          0x00000000c0011630      0x4c2 core/unixfile.32
                0x00000000c0011630                ReservedFilename::read(unsigned long long, void*, int*)
                0x00000000c0011686                ReservedFilename::isAtty()
                0x00000000c00116a2                ReservedFilename::write(unsigned long long, void*, int*)
                0x00000000c0011700                UnixFile::getFileDescriptor()
                0x00000000c0011708                UnixFile::UnixFile(int)
                0x00000000c0011708                UnixFile::UnixFile(int)
                0x00000000c00118b8                ReservedFilename::ReservedFilename(int)
                0x00000000c00118b8                ReservedFilename::ReservedFilename(int)
                0x00000000c00118ea                UnixFile::~UnixFile()
                0x00000000c00118ea                UnixFile::~UnixFile()
                0x00000000c0011982                UnixFile::~UnixFile()
                0x00000000c00119aa                ReservedFilename::~ReservedFilename()
                0x00000000c00119aa                ReservedFilename::~ReservedFilename()
                0x00000000c00119ce                ReservedFilename::~ReservedFilename()
                0x00000000c00119f5                getFromFileDescriptor(int)
 .text          0x00000000c0011af2     0x1287 core/virtmgr.32
                0x00000000c0011af2                Virt::setPageState(unsigned long, Virt::VirtPageState)
                0x00000000c0011b27                Virt::getPageState(unsigned long)
                0x00000000c0011b4b                Virt::allocateKernelVirtualPages(int)
                0x00000000c0011c5c                Virt::freeSwapfilePage(unsigned long)
                0x00000000c0011c7a                Virt::swapIDToSector(unsigned long)
                0x00000000c0011c8c                Virt::allocateSwapfilePage()
                0x00000000c0011d0a                Virt::virtualMemorySetup()
                0x00000000c0011d89                Virt::swappingSetup()
                0x00000000c0011de6                Virt::getAKernelVAS()
                0x00000000c0011dec                Virt::setupPageSwapping(int)
                0x00000000c0011f1c                VAS::VAS()
                0x00000000c0011f1c                VAS::VAS()
                0x00000000c0011f58                VAS::VAS(VAS*)
                0x00000000c0011f58                VAS::VAS(VAS*)
                0x00000000c0011f86                VAS::getForeignPageTableEntry(bool, unsigned long)
                0x00000000c0011fb2                VAS::getPageTableEntry(unsigned long)
                0x00000000c0011fd1                Virt::freeKernelVirtualPages(unsigned long)
                0x00000000c00120f4                VAS::freeAllocatedPages(unsigned long)
                0x00000000c0012118                VAS::virtualToPhysical(unsigned long)
                0x00000000c0012130                VAS::reflagRange(unsigned long, int, int, int)
                0x00000000c0012170                VAS::setToWriteCombining(unsigned long, int)
                0x00000000c00121a2                VAS::mapOtherVASIn(bool, VAS*)
                0x00000000c00121cc                VAS::~VAS()
                0x00000000c00121cc                VAS::~VAS()
                0x00000000c0012338                VAS::mapPage(unsigned long, unsigned long, int)
                0x00000000c0012438                VAS::allocatePages(int, int)
                0x00000000c0012610                VAS::setCPUSpecific(unsigned long)
                0x00000000c001262c                VAS::mapRange(unsigned long, unsigned long, int, int)
                0x00000000c00126f2                VAS::mapForeignPage(bool, VAS*, unsigned long, unsigned long, int)
                0x00000000c00127e0                VAS::VAS(bool)
                0x00000000c00127e0                VAS::VAS(bool)
                0x00000000c0012a46                VAS::evict(unsigned long)
                0x00000000c0012b08                VAS::tryLoadBackOffDisk(unsigned long)
                0x00000000c0012c0c                VAS::scanForEviction()
                0x00000000c0012cbd                mapVASFirstTime
 .text          0x00000000c0012d79       0x95 coreobjs/c++.32
                0x00000000c0012d79                __cxa_atexit
                0x00000000c0012d7c                __cxa_finalize
                0x00000000c0012d7d                __stack_chk_fail
                0x00000000c0012de9                __cxa_pure_virtual
                0x00000000c0012dfa                operator new[](unsigned long)
                0x00000000c0012dff                operator delete(void*, unsigned long)
                0x00000000c0012e04                operator delete[](void*)
                0x00000000c0012e09                operator delete[](void*, unsigned long)
 .text          0x00000000c0012e0e      0x1ef dbg/kconsole.32
                0x00000000c0012e0e                Dbg::stringifyxWithBase(unsigned int, char*, int)
                0x00000000c0012e6f                Dbg::logc(char)
                0x00000000c0012e86                Dbg::logs(char*)
                0x00000000c0012ea3                Dbg::logWriteInt(unsigned int)
                0x00000000c0012ec0                Dbg::logWriteIntBase(unsigned int, int)
                0x00000000c0012edf                Dbg::kprintf(char const*, ...)
 *fill*         0x00000000c0012ffd        0x1 
 .text          0x00000000c0012ffe      0xb82 fs/vfs.32
                0x00000000c0012ffe                File::read(unsigned long long, void*, int*)
                0x00000000c0013056                File::write(unsigned long long, void*, int*)
                0x00000000c00130ae                Directory::read(unsigned long long, void*, int*)
                0x00000000c0013106                Directory::write(unsigned long long, void*, int*)
                0x00000000c0013134                File::isAtty()
                0x00000000c0013138                Directory::isAtty()
                0x00000000c001313c                Filesystem::getlabel(LogicalDisk*, int, char*, unsigned int*)
                0x00000000c0013142                Filesystem::setlabel(LogicalDisk*, int, char*)
                0x00000000c0013148                Filesystem::getFileFirstSector(char const*)
                0x00000000c001314e                File::~File()
                0x00000000c001314e                File::~File()
                0x00000000c0013172                File::~File()
                0x00000000c001319c                Directory::~Directory()
                0x00000000c001319c                Directory::~Directory()
                0x00000000c00131c0                Directory::~Directory()
                0x00000000c00131ea                Filesystem::Filesystem()
                0x00000000c00131ea                Filesystem::Filesystem()
                0x00000000c001320e                Filesystem::~Filesystem()
                0x00000000c001320e                Filesystem::~Filesystem()
                0x00000000c001321c                Filesystem::~Filesystem()
                0x00000000c0013240                Fs::getcwd(Process*, char*, int)
                0x00000000c001326a                Fs::initVFS()
                0x00000000c0013294                Fs::standardiseFiles(char*, char const*, char const*)
                0x00000000c001343e                File::File(char const*, Process*)
                0x00000000c001343e                File::File(char const*, Process*)
                0x00000000c00134a2                File::open(FileOpenMode)
                0x00000000c0013500                File::close()
                0x00000000c0013560                File::seek(unsigned long long)
                0x00000000c00135b6                File::tell(unsigned long long*)
                0x00000000c0013606                File::rewind()
                0x00000000c001361a                File::unlink()
                0x00000000c0013666                File::rename(char const*)
                0x00000000c00136b4                File::chfatattr(unsigned char, unsigned char)
                0x00000000c0013710                File::exists()
                0x00000000c001374e                File::stat(unsigned long long*, bool*)
                0x00000000c00137af                Fs::setcwd(Process*, char*)
                0x00000000c00138ea                Directory::Directory(char const*, Process*)
                0x00000000c00138ea                Directory::Directory(char const*, Process*)
                0x00000000c001394e                Directory::open()
                0x00000000c00139aa                Directory::close()
                0x00000000c0013a0a                Directory::unlink()
                0x00000000c0013a56                Directory::rename(char const*)
                0x00000000c0013aa4                Directory::exists()
                0x00000000c0013ae2                Directory::read(dirent*)
                0x00000000c0013b2e                Directory::create()
                0x00000000c0013b7a                Filesystem::chfatattr(char const*, unsigned char, unsigned char)
 .text          0x00000000c0013b80       0x84 hal/bus.32
                0x00000000c0013b80                Bus::Bus(char const*)
                0x00000000c0013b80                Bus::Bus(char const*)
                0x00000000c0013bb6                Bus::~Bus()
                0x00000000c0013bb6                Bus::~Bus()
                0x00000000c0013bda                Bus::~Bus()
 .text          0x00000000c0013c04      0x14e hal/buzzer.32
                0x00000000c0013c04                Buzzer::Buzzer(char const*)
                0x00000000c0013c04                Buzzer::Buzzer(char const*)
                0x00000000c0013c48                Buzzer::~Buzzer()
                0x00000000c0013c48                Buzzer::~Buzzer()
                0x00000000c0013c6c                Buzzer::~Buzzer()
                0x00000000c0013c96                Buzzer::stop()
                0x00000000c0013ca9                beepThread(void*)
                0x00000000c0013ce4                Buzzer::beep(int, int, bool)
 .text          0x00000000c0013d52      0x467 hal/clock.32
                0x00000000c0013d52                User::loadClockSettings(int)
                0x00000000c0013da4                Clock::Clock(char const*)
                0x00000000c0013da4                Clock::Clock(char const*)
                0x00000000c0013dda                Clock::~Clock()
                0x00000000c0013dda                Clock::~Clock()
                0x00000000c0013dfe                Clock::~Clock()
                0x00000000c0013e28                Clock::timeInSecondsLocal()
                0x00000000c0013e70                Clock::setTimeInSecondsLocal(unsigned long long)
                0x00000000c0013ec9                datetimeToSeconds(datetime_t)
                0x00000000c0013ff0                Clock::setTimeInDatetimeLocal(datetime_t)
                0x00000000c0014050                secondsToDatetime(unsigned long long)
                0x00000000c0014194                Clock::timeInDatetimeLocal()
 *fill*         0x00000000c00141b9        0x1 
 .text          0x00000000c00141ba      0x4de hal/device.32
                0x00000000c00141ba                Device::hibernate()
                0x00000000c00141bc                Device::wake()
                0x00000000c00141be                Device::detect()
                0x00000000c00141c0                Device::disableLegacy()
                0x00000000c00141c2                Device::powerSaving(PowerSavingLevel)
                0x00000000c00141c4                DriverlessDevice::close(int, int, void*)
                0x00000000c00141c8                DriverlessDevice::detect()
                0x00000000c00141ca                DriverlessDevice::open(int, int, void*)
                0x00000000c00141de                Device::~Device()
                0x00000000c00141de                Device::~Device()
                0x00000000c00141ec                Device::~Device()
                0x00000000c0014214                Device::findAndLoadDriver()
                0x00000000c0014216                Device::preOpenPCI(PCIDeviceInfo)
                0x00000000c001423c                Device::preOpenACPI(void*, char*, char*)
                0x00000000c0014290                Device::addIRQHandler(int, void (*)(regs*, void*), bool, void*)
                0x00000000c00142ce                Device::removeIRQHandler(int, void (*)(regs*, void*), bool)
                0x00000000c001430c                Device::addChild(Device*)
                0x00000000c0014350                Device::removeAllChildren()
                0x00000000c0014396                Device::hibernateAll()
                0x00000000c00143c6                Device::wakeAll()
                0x00000000c00143f6                Device::detectAll()
                0x00000000c0014426                Device::disableLegacyAll()
                0x00000000c0014456                Device::loadDriversForAll()
                0x00000000c0014482                Device::closeAll()
                0x00000000c00144b8                Device::powerSavingAll(PowerSavingLevel)
                0x00000000c00144ee                Device::setName(char const*)
                0x00000000c00144fc                Device::Device(char const*)
                0x00000000c00144fc                Device::Device(char const*)
                0x00000000c00145f8                Device::getName()
                0x00000000c0014602                DriverlessDevice::DriverlessDevice(char const*)
                0x00000000c0014602                DriverlessDevice::DriverlessDevice(char const*)
                0x00000000c001462a                Device::addToLinkedList(LinkedList<Device>&, DeviceType)
                0x00000000c001466e                getDevicesOfType(DeviceType)
 .text          0x00000000c0014698       0x84 hal/diskctrl.32
                0x00000000c0014698                HardDiskController::HardDiskController(char const*)
                0x00000000c0014698                HardDiskController::HardDiskController(char const*)
                0x00000000c00146ce                HardDiskController::~HardDiskController()
                0x00000000c00146ce                HardDiskController::~HardDiskController()
                0x00000000c00146f2                HardDiskController::~HardDiskController()
 .text          0x00000000c001471c       0xf2 hal/diskphys.32
                0x00000000c001471c                PhysicalDisk::eject()
                0x00000000c0014730                PhysicalDisk::PhysicalDisk(char const*, int)
                0x00000000c0014730                PhysicalDisk::PhysicalDisk(char const*, int)
                0x00000000c0014798                PhysicalDisk::startCache()
                0x00000000c00147c0                PhysicalDisk::~PhysicalDisk()
                0x00000000c00147c0                PhysicalDisk::~PhysicalDisk()
                0x00000000c00147e4                PhysicalDisk::~PhysicalDisk()
 .text          0x00000000c001480e      0x13b hal/fpu.32
                0x00000000c001480e                FPU::FPU(char const*)
                0x00000000c001480e                FPU::FPU(char const*)
                0x00000000c0014844                FPU::~FPU()
                0x00000000c0014844                FPU::~FPU()
                0x00000000c0014868                FPU::~FPU()
                0x00000000c0014892                setupFPU()
 *fill*         0x00000000c0014949        0x1 
 .text          0x00000000c001494a     0x1421 hal/intctrl.32
                0x00000000c001494a                InterruptController::uninstallISRHandler(int, void (*)(regs*, void*))
                0x00000000c0014982                InterruptController::installISRHandler(int, void (*)(regs*, void*), void*)
                0x00000000c00149d4                doubleFault(regs*, void*)
                0x00000000c00149ee                InterruptController::installIRQHandler(int, void (*)(regs*, void*), bool, void*)
                0x00000000c0014a8a                InterruptController::clearAllHandlers(int, bool)
                0x00000000c0014b32                InterruptController::uninstallIRQHandler(int, void (*)(regs*, void*), bool)
                0x00000000c0014bb9                nmiHandler(regs*, void*)
                0x00000000c0014bc7                int_handler
                0x00000000c0014c68                InterruptController::InterruptController(char const*)
                0x00000000c0014c68                InterruptController::InterruptController(char const*)
                0x00000000c0014d0e                InterruptController::~InterruptController()
                0x00000000c0014d0e                InterruptController::~InterruptController()
                0x00000000c0014d32                InterruptController::~InterruptController()
                0x00000000c0014d5c                displayDebugInfo(regs*)
                0x00000000c00151eb                x87EmulHandler(regs*, void*)
                0x00000000c001525e                gpFault(regs*, void*)
                0x00000000c0015297                pgFault(regs*, void*)
                0x00000000c00152d3                otherISRHandler(regs*, void*)
                0x00000000c00152f2                opcodeFault(regs*, void*)
                0x00000000c00158f8                displayProgramFault(char const*)
                0x00000000c0015920                setupInterruptController()
                0x00000000c0015d1e                InterruptController::convertLegacyIRQNumber(int)
 *fill*         0x00000000c0015d6b        0x1 
 .text          0x00000000c0015d6c      0x6c8 hal/keybrd.32
                0x00000000c0015d6c                startGUI(void*)
                0x00000000c0015dc8                startGUIVESA(void*)
                0x00000000c0015e24                sendKeyToTerminal(unsigned char)
                0x00000000c0015e90                sendKeyboardToken(KeyboardToken)
                0x00000000c00162cd                clearInternalKeybuffer(VgaText*)
                0x00000000c0016302                readKeyboard(VgaText*, char*, unsigned long)
                0x00000000c00163aa                Keyboard::Keyboard(char const*)
                0x00000000c00163aa                Keyboard::Keyboard(char const*)
                0x00000000c00163e6                Keyboard::~Keyboard()
                0x00000000c00163e6                Keyboard::~Keyboard()
                0x00000000c001640a                Keyboard::~Keyboard()
 .text          0x00000000c0016434      0x414 hal/logidisk.32
                0x00000000c0016434                LogicalDisk::close(int, int, void*)
                0x00000000c0016438                LogicalDisk::~LogicalDisk()
                0x00000000c0016438                LogicalDisk::~LogicalDisk()
                0x00000000c001645c                LogicalDisk::~LogicalDisk()
                0x00000000c0016486                LogicalDisk::open(int, int, void*)
                0x00000000c001649a                LogicalDisk::absoluteToRelative(unsigned long long)
                0x00000000c00164d2                LogicalDisk::relativeToAbsolute(unsigned long long)
                0x00000000c0016518                LogicalDisk::LogicalDisk(char const*, PhysicalDisk*, unsigned long long, unsigned long long)
                0x00000000c0016518                LogicalDisk::LogicalDisk(char const*, PhysicalDisk*, unsigned long long, unsigned long long)
                0x00000000c00165ce                LogicalDisk::assignDriveLetter()
                0x00000000c0016684                LogicalDisk::mount()
                0x00000000c00166f6                LogicalDisk::unmount()
                0x00000000c0016706                LogicalDisk::eject()
                0x00000000c001671a                LogicalDisk::unassignDriveLetter()
                0x00000000c0016770                LogicalDisk::read(unsigned long long, int, void*)
                0x00000000c00167dc                LogicalDisk::write(unsigned long long, int, void*)
 .text          0x00000000c0016848       0x84 hal/mouse.32
                0x00000000c0016848                Mouse::Mouse(char const*)
                0x00000000c0016848                Mouse::Mouse(char const*)
                0x00000000c001687e                Mouse::~Mouse()
                0x00000000c001687e                Mouse::~Mouse()
                0x00000000c00168a2                Mouse::~Mouse()
 .text          0x00000000c00168cc      0x34d hal/partition.32
                0x00000000c00168cc                makePartition(PhysicalDisk*, unsigned long long, unsigned long long)
                0x00000000c0016988                createPartitionsForDisk(PhysicalDisk*)
 *fill*         0x00000000c0016c19        0x1 
 .text          0x00000000c0016c1a       0x84 hal/serial.32
                0x00000000c0016c1a                Serial::Serial(char const*)
                0x00000000c0016c1a                Serial::Serial(char const*)
                0x00000000c0016c50                Serial::~Serial()
                0x00000000c0016c50                Serial::~Serial()
                0x00000000c0016c74                Serial::~Serial()
 .text          0x00000000c0016c9e      0x2b8 hal/timer.32
                0x00000000c0016c9e                Timer::Timer(char const*)
                0x00000000c0016c9e                Timer::Timer(char const*)
                0x00000000c0016cd4                Timer::~Timer()
                0x00000000c0016cd4                Timer::~Timer()
                0x00000000c0016cf8                Timer::~Timer()
                0x00000000c0016d22                Timer::read()
                0x00000000c0016d2d                timerHandler(unsigned long long)
                0x00000000c0016e64                setupTimer(int)
 .text          0x00000000c0016f56      0x425 hal/vcache.32
                0x00000000c0016f56                VCache::VCache(PhysicalDisk*)
                0x00000000c0016f56                VCache::VCache(PhysicalDisk*)
                0x00000000c00170be                VCache::invalidateReadBuffer()
                0x00000000c00170ce                VCache::writeWriteBuffer()
                0x00000000c001710a                VCache::~VCache()
                0x00000000c001710a                VCache::~VCache()
                0x00000000c001715e                VCache::~VCache()
                0x00000000c0017186                VCache::write(unsigned long long, int, void*)
                0x00000000c001727c                VCache::read(unsigned long long, int, void*)
 *fill*         0x00000000c001737b        0x1 
 .text          0x00000000c001737c      0x4cd hal/video.32
                0x00000000c001737c                Video::putrect(int, int, int, int, unsigned int)
                0x00000000c00173c8                Video::bitblit(int, int, int, int, int, int, int, unsigned int*)
                0x00000000c0017438                Video::blit(unsigned int*, int, int, int, int)
                0x00000000c00174b6                Video::clearScreen(unsigned int)
                0x00000000c00174ea                Video::putpixel(int, int, unsigned int)
                0x00000000c00174f8                Video::Video(char const*)
                0x00000000c00174f8                Video::Video(char const*)
                0x00000000c001752e                Video::~Video()
                0x00000000c001752e                Video::~Video()
                0x00000000c0017552                Video::~Video()
                0x00000000c001757c                Video::isMonochrome()
                0x00000000c0017588                Video::getWidth()
                0x00000000c0017594                Video::getHeight()
                0x00000000c00175a0                Video::drawCursor(int, int, unsigned char*, int)
                0x00000000c001765c                Video::tgaParse(unsigned char*, int, int*, int*)
                0x00000000c00177de                Video::putTGA(int, int, unsigned char*, int)
 *fill*         0x00000000c0017849        0x1 
 .text          0x00000000c001784a      0xf74 hw/acpi.32
                0x00000000c001784a                ACPI::close(int, int, void*)
                0x00000000c00178ff                findRSDP()
                0x00000000c0017999                loadACPITables(unsigned char*)
                0x00000000c0017bc0                findRSDT(unsigned char*)
                0x00000000c0017cde                findDataTable(unsigned char*, char*)
                0x00000000c0017d7a                scanMADT()
                0x00000000c0018200                ACPI::ACPI()
                0x00000000c0018200                ACPI::ACPI()
                0x00000000c001826a                ACPI::getPCIIRQAssignment(unsigned char, unsigned short, unsigned char)
                0x00000000c001834c                ACPI::registerPCIIRQAssignment(void*, unsigned short, unsigned char, unsigned char)
                0x00000000c0018412                ACPI::setScreenBrightnessLevel(void*, int)
                0x00000000c0018418                ACPI::writeSimpleBootFlag(SimpleBootFlagTable*)
                0x00000000c0018460                ACPI::open(int, int, void*)
                0x00000000c00187a6                ACPI::sleep()
 .text          0x00000000c00187be     0x1715 hw/cpu.32
                0x00000000c00187be                CPU::close(int, int, void*)
                0x00000000c00187c2                CPU::lookupAMDName(unsigned char, unsigned char)
                0x00000000c0018956                CPU::lookupIntelName(unsigned char, unsigned char)
                0x00000000c0018c04                CPU::AMD_K6_write_msr(unsigned int, unsigned int, unsigned int, CPU::REGS*)
                0x00000000c0018c20                CPU::AMD_K6_read_msr(unsigned int, CPU::REGS*)
                0x00000000c0018c38                CPU::AMD_K6_writeback(int, int, int)
                0x00000000c0018cac                CPU::cpuid(int, unsigned long*, unsigned long*, unsigned long*, unsigned long*)
                0x00000000c0018d30                CPU::cpuidCheckEDX(unsigned int)
                0x00000000c0018d5e                CPU::cpuidCheckECX(unsigned int)
                0x00000000c0018d8c                CPU::cpuidCheckExtendedEBX(unsigned int)
                0x00000000c0018dba                CPU::cpuidCheckExtendedECX(unsigned int)
                0x00000000c0018de8                CPU::CPU()
                0x00000000c0018de8                CPU::CPU()
                0x00000000c0018e76                CPU::displayFeatures()
                0x00000000c00190f2                CPU::detectFeatures()
                0x00000000c0019ae2                CPU::setupSMEP()
                0x00000000c0019aee                CPU::setupUMIP()
                0x00000000c0019af8                CPU::setupTSC()
                0x00000000c0019b02                CPU::setupLargePages()
                0x00000000c0019b0c                CPU::setupPAT()
                0x00000000c0019b48                CPU::setupMTRR()
                0x00000000c0019b4a                CPU::setupGlobalPages()
                0x00000000c0019b54                CPU::allowUsermodeDataAccess()
                0x00000000c0019b66                CPU::prohibitUsermodeDataAccess()
                0x00000000c0019b78                CPU::setupSMAP()
                0x00000000c0019b86                CPU::setupFeatures()
                0x00000000c0019c06                CPU::open(int, int, void*)
                0x00000000c0019cd8                CPU::decodeAddress(regs*, int*, bool*, unsigned char*)
 .text          0x00000000c0019ed3        0x0 hw/ports.32
 .text          0x00000000c0019ed3      0x16a hw/smp.32
                0x00000000c0019ed3                Krnl::smpEntry()
                0x00000000c0019ed5                Krnl::startCPU(int)
                0x00000000c001a01e                Krnl::startCPUs()
 *fill*         0x00000000c001a03d        0x1 
 .text          0x00000000c001a03e      0x5d3 krnl/env.32
                0x00000000c001a03e                EnvVarContainer::getEnv(char const*)
                0x00000000c001a07c                EnvVarContainer::setEnv(char const*, char const*)
                0x00000000c001a148                EnvVarContainer::deleteEnv(char const*)
                0x00000000c001a14a                EnvVarContainer::loadFrom(char const*, char const*)
                0x00000000c001a340                EnvVarContainer::__loadSystem()
                0x00000000c001a35a                EnvVarContainer::__loadUser()
                0x00000000c001a35c                EnvVarContainer::EnvVarContainer(Process*)
                0x00000000c001a35c                EnvVarContainer::EnvVarContainer(Process*)
                0x00000000c001a37e                EnvVarContainer::~EnvVarContainer()
                0x00000000c001a37e                EnvVarContainer::~EnvVarContainer()
                0x00000000c001a3ae                Krnl::getEnv(Process*, char const*)
                0x00000000c001a413                Krnl::setEnvSystem(char const*, char const*)
                0x00000000c001a42d                Krnl::setEnvUser(char const*, char const*)
                0x00000000c001a44c                Krnl::setEnvProcess(Process*, char const*, char const*)
                0x00000000c001a45f                Krnl::deleteEnvSystem(char const*)
                0x00000000c001a460                Krnl::deleteEnvUser(char const*)
                0x00000000c001a461                Krnl::deleteEnvProcess(Process*, char const*)
                0x00000000c001a462                Krnl::newProcessEnv(Process*)
                0x00000000c001a484                Krnl::copyProcessEnv(Process*, Process*)
                0x00000000c001a4d8                Krnl::loadSystemEnv()
                0x00000000c001a506                Krnl::loadUserEnv()
                0x00000000c001a52c                Krnl::flushEnv()
                0x00000000c001a52d                Krnl::getProcessTotalEnvCount(Process*)
                0x00000000c001a54d                Krnl::getProcessEnvPair(Process*, int)
 .text          0x00000000c001a611      0x396 krnl/panic.32
                0x00000000c001a611                Krnl::panic(char const*)
 .text          0x00000000c001a9a7      0x3b6 net/ethernet.32
                0x00000000c001a9a7                Net::switchEndian16(unsigned short)
                0x00000000c001a9c8                Net::switchEndian32(unsigned int)
                0x00000000c001a9f7                Net::crc32Calc(unsigned char*, int)
                0x00000000c001aa88                Net::wrapEthernetFrame(Net::UnwrappedEthernetFrame, unsigned char*)
                0x00000000c001abc4                Net::unwrapEthernetFrame(unsigned char*, int)
 .text          0x00000000c001ad5d      0x513 reg/registry.32
                0x00000000c001ad5d                Reg::findLineFromLoadedData(char*, char*, char*)
                0x00000000c001aeb5                Reg::getLineFromRegistry(char*, char*, char*, char*)
                0x00000000c001b00a                Reg::getLine(char*, char*, char*)
                0x00000000c001b041                Reg::readInt(char*, char*, int*)
                0x00000000c001b12c                Reg::readString(char*, char*, char*, int)
                0x00000000c001b1ad                Reg::readBool(char*, char*, bool*)
                0x00000000c001b1d2                Reg::readBoolWithDefault(char*, char*, bool)
                0x00000000c001b1fe                Reg::readIntWithDefault(char*, char*, int)
                0x00000000c001b22a                Reg::readStringWithDefault(char*, char*, char*, int, char*)
 .text          0x00000000c001b270       0x36 sys/sc_eject.32
                0x00000000c001b270                Sys::eject(regs*)
 .text          0x00000000c001b2a6       0x18 sys/sc_exit.32
                0x00000000c001b2a6                Sys::exit(regs*)
 .text          0x00000000c001b2be       0x1f sys/sc_getcwd.32
                0x00000000c001b2be                Sys::getCwd(regs*)
 .text          0x00000000c001b2dd        0xc sys/sc_getpid.32
                0x00000000c001b2dd                Sys::getPID(regs*)
 .text          0x00000000c001b2e9       0x17 sys/sc_getramdata.32
                0x00000000c001b2e9                Sys::getRAMData(regs*)
 .text          0x00000000c001b300       0xa8 sys/sc_loaddll.32
                0x00000000c001b300                Sys::loadDLL(regs*)
 .text          0x00000000c001b3a8       0x68 sys/sc_read.32
                0x00000000c001b3a8                Sys::read(regs*)
 .text          0x00000000c001b410       0x55 sys/sc_sbrk.32
                0x00000000c001b410                Sys::sbrk(regs*)
 .text          0x00000000c001b465       0x1c sys/sc_setcwd.32
                0x00000000c001b465                Sys::setCwd(regs*)
 .text          0x00000000c001b481      0x128 sys/sc_settime.32
                0x00000000c001b481                Sys::setTime(regs*)
 .text          0x00000000c001b5a9       0x4a sys/sc_timezone.32
                0x00000000c001b5a9                Sys::timezone(regs*)
 .text          0x00000000c001b5f3       0x68 sys/sc_write.32
                0x00000000c001b5f3                Sys::write(regs*)
 .text          0x00000000c001b65b       0x62 sys/sc_wsbe.32
                0x00000000c001b65b                Sys::wsbe(regs*)
 .text          0x00000000c001b6bd       0x3b sys/sc_yield.32
                0x00000000c001b6bd                Sys::yield(regs*)
 .text          0x00000000c001b6f8     0x10e5 sys/syscalls.32
                0x00000000c001b6f8                sysCallSeekDir(regs*)
                0x00000000c001b6fd                sysCallTellDir(regs*)
                0x00000000c001b702                sysCallVerify(regs*)
                0x00000000c001b70c                sysFormatDisk(regs*)
                0x00000000c001b776                sysSetDiskVolumeLabel(regs*)
                0x00000000c001b7bc                sysGetDiskVolumeLabel(regs*)
                0x00000000c001b80d                sysShutdown(regs*)
                0x00000000c001b86b                sysCallRealpath(regs*)
                0x00000000c001b8ae                sysCallGetArgc(regs*)
                0x00000000c001b8dc                sysCallReadDir(regs*)
                0x00000000c001b96a                sysCallIsATTY(regs*)
                0x00000000c001b9c4                sysCallSeek(regs*)
                0x00000000c001ba2d                sysCallTell(regs*)
                0x00000000c001baaa                sysCallSize(regs*)
                0x00000000c001bb2d                sysCallSizeFromFilename(regs*)
                0x00000000c001bbed                sysCallClose(regs*)
                0x00000000c001bc75                sysCallOpenDir(regs*)
                0x00000000c001bcea                sysCallCloseDir(regs*)
                0x00000000c001bd50                sysCallMakeDir(regs*)
                0x00000000c001bdc0                sysCallWait(regs*)
                0x00000000c001bdda                sysCallNotImpl(regs*)
                0x00000000c001bdf5                sysPanic(regs*)
                0x00000000c001be1b                sysCallRmdir(regs*)
                0x00000000c001be7f                sysCallUnlink(regs*)
                0x00000000c001bee3                sysCallGetArgv(regs*)
                0x00000000c001bf2f                sysCallTTYName(regs*)
                0x00000000c001bfb2                sysCallUSleep(regs*)
                0x00000000c001bfd9                sysCallSpawn(regs*)
                0x00000000c001c031                sysCallGetEnv(regs*)
                0x00000000c001c169                sysAppSettings(regs*)
                0x00000000c001c288                sysSetFatAttrib(regs*)
                0x00000000c001c2fa                sysPipe(regs*)
                0x00000000c001c33f                sysGetUnixTime(regs*)
                0x00000000c001c353                string_ends_with(char const*, char const*)
                0x00000000c001c39b                sysCallOpen(regs*)
                0x00000000c001c5b0                Sys::loadSyscalls()
                0x00000000c001c79b                Sys::systemCall(regs*, void*)
 .text          0x00000000c001c7dd     0x11d4 thr/elf.32
                0x00000000c001c7dd                Thr::allocateMemoryForTask(Process*, File*, unsigned long, unsigned long, unsigned long)
                0x00000000c001ca6f                Thr::loadProgramIntoMemory(Process*, char const*)
                0x00000000c001cc85                Thr::runtimeReferenceHelper()
                0x00000000c001cc98                Thr::getAddressOfKernelSymbol(char const*)
                0x00000000c001cce7                Thr::loadKernelSymbolTable(char const*)
                0x00000000c001cfa5                Thr::loadDriverIntoMemory(char const*, unsigned long, bool)
                0x00000000c001d6c1                Thr::getDriverBaseFromAddress(unsigned long)
                0x00000000c001d6f3                Thr::getDriverNameFromAddress(unsigned long)
                0x00000000c001d72a                Thr::getDriverOffsetFromAddress(unsigned long)
                0x00000000c001d744                Thr::loadDLL(char const*, bool)
                0x00000000c001d978                Thr::executeDLL(unsigned long, void*)
 *fill*         0x00000000c001d9b1        0x1 
 .text          0x00000000c001d9b2     0x1090 thr/prcssthr.32
                0x00000000c001d9b2                changeTSS
                0x00000000c001d9e2                Process::addArgs(char**)
                0x00000000c001da3c                Process::Process(char const*, Process*, char**)
                0x00000000c001da3c                Process::Process(char const*, Process*, char**)
                0x00000000c001dc20                Process::Process(bool, char const*, Process*, char**)
                0x00000000c001dc20                Process::Process(bool, char const*, Process*, char**)
                0x00000000c001ddcf                disableIRQs()
                0x00000000c001ddd7                getIRQNestingLevel()
                0x00000000c001dddd                enableIRQs()
                0x00000000c001ddec                lockScheduler()
                0x00000000c001ddee                unlockScheduler()
                0x00000000c001ddf0                userModeEntryPoint(void*)
                0x00000000c001de13                lockStuff()
                0x00000000c001de1f                taskStartupFunction
                0x00000000c001de28                updateTimeUsed()
                0x00000000c001de8d                switchToThread(ThreadControlBlock*)
                0x00000000c001dede                Semaphore::Semaphore(int)
                0x00000000c001dede                Semaphore::Semaphore(int)
                0x00000000c001df0c                Mutex::Mutex()
                0x00000000c001df0c                Mutex::Mutex()
                0x00000000c001df1e                Process::createThread(void (*)(void*), void*, int)
                0x00000000c001e024                Process::createUserThread()
                0x00000000c001e040                setupMultitasking(void (*)())
                0x00000000c001e162                schedule()
                0x00000000c001e1e7                unlockStuff()
                0x00000000c001e21c                Semaphore::tryAcquire()
                0x00000000c001e24a                Semaphore::assertLocked(char const*)
                0x00000000c001e27a                blockTaskWithSchedulerLockAlreadyHeld(TaskState)
                0x00000000c001e2bc                blockTask(TaskState)
                0x00000000c001e2dd                waitTask(int, int*, int)
                0x00000000c001e31f                nanoSleepUntil(unsigned long long)
                0x00000000c001e376                nanoSleep(unsigned long long)
                0x00000000c001e38b                sleep(unsigned long long)
                0x00000000c001e3a8                Semaphore::acquire()
                0x00000000c001e410                taskReturned
                0x00000000c001e43e                unblockTask(ThreadControlBlock*)
                0x00000000c001e4ed                cleanupTerminatedTask(ThreadControlBlock*)
                0x00000000c001e7b6                cleanerTaskFunction(void*)
                0x00000000c001e869                terminateTask(int)
                0x00000000c001e949                Thr::terminateFromIRQ(int)
                0x00000000c001e956                Semaphore::release()
 .text          0x00000000c001ea42      0xc26 vm86/vm8086.32
                0x00000000c001ea42                Vm::inbv(unsigned short)
                0x00000000c001ea55                Vm::outbv(unsigned short, unsigned char)
                0x00000000c001eaa8                Vm::realToLinear(unsigned short, unsigned short)
                0x00000000c001eab8                Vm::getSegment(unsigned int)
                0x00000000c001eac0                Vm::getOffset(unsigned int)
                0x00000000c001eac5                Vm::mainloop2()
                0x00000000c001eb00                Vm::mainVm8086Loop(void*)
                0x00000000c001eb0d                Vm::mainloop3(unsigned long)
                0x00000000c001eb37                Vm::initialise8086()
                0x00000000c001eb7a                Vm::finish8086()
                0x00000000c001ebbf                Vm::getOutput8086(unsigned char*)
                0x00000000c001ebe9                Vm::start8086(char const*, unsigned short, unsigned short, unsigned short, unsigned short)
                0x00000000c001ed39                Vm::doISR(regs*, int, unsigned char*, unsigned short, unsigned short)
                0x00000000c001edc3                Vm::readByteFromReal(unsigned short, unsigned short)
                0x00000000c001edd4                Vm::readWordFromReal(unsigned short, unsigned short)
                0x00000000c001ede6                Vm::readDwordFromReal(unsigned short, unsigned short)
                0x00000000c001edf7                Vm::writeByteFromReal(unsigned short, unsigned short, unsigned char)
                0x00000000c001ee0c                Vm::writeWordFromReal(unsigned short, unsigned short, unsigned short)
                0x00000000c001ee22                Vm::writeDwordFromReal(unsigned short, unsigned short, unsigned int)
                0x00000000c001ee37                Vm::faultHandler(regs*)
 .text          0x00000000c001f668      0xefd vm86/x87em.32
                0x00000000c001f668                Vm::fpuInternalTo32(unsigned long long)
                0x00000000c001f6c3                Vm::fpuInternalTo64(unsigned long long)
                0x00000000c001f6cc                Vm::fpu32ToInternal(unsigned int)
                0x00000000c001f711                Vm::fpu64ToInternal(unsigned long long)
                0x00000000c001f71a                Vm::fpuFloatToLong(unsigned long long)
                0x00000000c001f775                Vm::fpuULongToFloat(unsigned long long)
                0x00000000c001f7ab                Vm::fpuLongToFloat(long long)
                0x00000000c001f801                Vm::fpuGet0()
                0x00000000c001f806                Vm::fpuGet1()
                0x00000000c001f80e                Vm::fpuGetPi()
                0x00000000c001f816                Vm::fpuGetLog2E()
                0x00000000c001f82e                Vm::fpuGetLogE2()
                0x00000000c001f846                Vm::fpuGetLog210()
                0x00000000c001f85e                Vm::fpuGetLog102()
                0x00000000c001f876                Vm::fpuIsSecondLarger(unsigned long long, unsigned long long)
                0x00000000c001f88a                Vm::fpuAreEqual(unsigned long long, unsigned long long)
                0x00000000c001f8a0                Vm::fpuUnorderedCompare(unsigned long long, unsigned long long)
                0x00000000c001f8f3                Vm::fpuAdd(unsigned long long, unsigned long long)
                0x00000000c001f904                Vm::fpuAbs(unsigned long long)
                0x00000000c001f90d                Vm::fpuChs(unsigned long long)
                0x00000000c001f91d                Vm::fpuSub(unsigned long long, unsigned long long)
                0x00000000c001f92c                Vm::fpuMultiply(unsigned long long, unsigned long long)
                0x00000000c001f94b                Vm::fpuDivide(unsigned long long, unsigned long long)
                0x00000000c001f967                Vm::fpuSquare(unsigned long long)
                0x00000000c001f97d                Vm::fpuGetReg(int)
                0x00000000c001f9c0                Vm::fpuSetReg(int, unsigned long long)
                0x00000000c001fa0b                Vm::fpuPush(unsigned long long)
                0x00000000c001fa68                Vm::fpuPop()
                0x00000000c001faba                Vm::x87Handler(regs*)
 *fill*         0x00000000c0020565        0x1 
 .text          0x00000000c0020566     0x11b7 fs/fat/vfslink.32
                0x00000000c0020566                FAT::getName()
                0x00000000c002056c                FAT::tell(void*, unsigned long long*)
                0x00000000c00205a0                FAT::stat(void*, unsigned long long*)
                0x00000000c00205d4                FAT::~FAT()
                0x00000000c00205d4                FAT::~FAT()
                0x00000000c00205f8                FAT::~FAT()
                0x00000000c0020620                FAT::getlabel(LogicalDisk*, int, char*, unsigned int*)
                0x00000000c00206be                FAT::setlabel(LogicalDisk*, int, char*)
                0x00000000c0020778                FAT::format(LogicalDisk*, int, char const*, int)
                0x00000000c002095c                FAT::tryMount(LogicalDisk*, int)
                0x00000000c0020b62                FAT::getFileFirstSector(char const*)
                0x00000000c0020c2c                FAT::readDir(void*, unsigned long, void*, int*)
                0x00000000c0020d32                FAT::read(void*, unsigned long, void*, int*)
                0x00000000c0020d8c                FAT::write(void*, unsigned long, void*, int*)
                0x00000000c0020de6                FAT::close(void*)
                0x00000000c0020e32                FAT::closeDir(void*)
                0x00000000c0020e7e                FAT::seek(void*, unsigned long long)
                0x00000000c0020ed2                fatWrapperReadDisk
                0x00000000c0020f19                fatWrapperWriteDisk
                0x00000000c0020f60                fatWrapperIoctl
                0x00000000c0021064                FAT::FAT()
                0x00000000c0021064                FAT::FAT()
                0x00000000c00210b6                FAT::fixFilepath(char*)
                0x00000000c00210ee                FAT::open(char const*, void**, FileOpenMode)
                0x00000000c0021216                FAT::openDir(char const*, void**)
                0x00000000c00212bc                FAT::stat(char const*, unsigned long long*, bool*)
                0x00000000c00213a6                FAT::unlink(char const*)
                0x00000000c0021420                FAT::chfatattr(char const*, unsigned char, unsigned char)
                0x00000000c0021574                FAT::rename(char const*, char const*)
                0x00000000c0021638                FAT::mkdir(char const*)
                0x00000000c00216b2                FAT::exists(char const*)
 *fill*         0x00000000c002171d        0x1 
 .text          0x00000000c002171e      0xbc1 fs/iso9660/vfslink.32
                0x00000000c002171e                ISO9660::format(LogicalDisk*, int, char const*, int)
                0x00000000c0021724                ISO9660::seek(void*, unsigned long long)
                0x00000000c0021754                ISO9660::tell(void*, unsigned long long*)
                0x00000000c0021778                ISO9660::getName()
                0x00000000c002177e                ISO9660::stat(void*, unsigned long long*)
                0x00000000c00217a2                ISO9660::chfatattr(char const*, unsigned char, unsigned char)
                0x00000000c00217a8                ISO9660::unlink(char const*)
                0x00000000c00217ae                ISO9660::write(void*, unsigned long, void*, int*)
                0x00000000c00217b4                ISO9660::rename(char const*, char const*)
                0x00000000c00217ba                ISO9660::mkdir(char const*)
                0x00000000c00217c0                ISO9660::close(void*)
                0x00000000c00217e2                ISO9660::closeDir(void*)
                0x00000000c0021804                ISO9660::~ISO9660()
                0x00000000c0021804                ISO9660::~ISO9660()
                0x00000000c0021828                ISO9660::~ISO9660()
                0x00000000c002184f                __memmem(unsigned char*, int, unsigned char*, int)
                0x00000000c0021891                readSectorFromCDROM(unsigned int, unsigned char*, char)
                0x00000000c00218f8                ISO9660::tryMount(LogicalDisk*, int)
                0x00000000c0021948                ISO9660::read(void*, unsigned long, void*, int*)
                0x00000000c0021b48                ISO9660::readDir(void*, unsigned long, void*, int*)
                0x00000000c0021dd5                readRoot(unsigned int*, unsigned int*, char)
                0x00000000c0021e2a                readRecursively(char*, unsigned int, unsigned int, unsigned int*, unsigned int*, char, int*)
                0x00000000c0021ffd                getFileData(char*, unsigned int*, unsigned int*, char, int*)
                0x00000000c002208c                ISO9660::open(char const*, void**, FileOpenMode)
                0x00000000c002214c                ISO9660::exists(char const*)
                0x00000000c0022170                ISO9660::stat(char const*, unsigned long long*, bool*)
                0x00000000c0022204                ISO9660::openDir(char const*, void**)
                0x00000000c00222bc                ISO9660::ISO9660()
                0x00000000c00222bc                ISO9660::ISO9660()
 *fill*         0x00000000c00222df        0x1 
 .text          0x00000000c00222e0      0x326 hal/sound/sndchannel.32
                0x00000000c00222e0                SoundChannel::~SoundChannel()
                0x00000000c00222e0                SoundChannel::~SoundChannel()
                0x00000000c00222fc                SoundChannel::setSpeed(float)
                0x00000000c0022308                SoundChannel::getSpeed()
                0x00000000c0022310                SoundChannel::setVolume(int)
                0x00000000c002232c                SoundChannel::getVolume()
                0x00000000c0022334                SoundChannel::pause()
                0x00000000c002233e                SoundChannel::SoundChannel(int, int, int, int)
                0x00000000c002233e                SoundChannel::SoundChannel(int, int, int, int)
                0x00000000c0022494                SoundChannel::play()
                0x00000000c002249e                SoundChannel::paused()
                0x00000000c00224a6                SoundChannel::getSampleRate()
                0x00000000c00224ae                SoundChannel::getBits()
                0x00000000c00224b6                SoundChannel::getBufferUsed()
                0x00000000c00224be                SoundChannel::getBufferSize()
                0x00000000c00224c6                SoundChannel::unbuffer(float*, int, int)
                0x00000000c0022566                SoundChannel::buffer8(unsigned char*, int)
 .text          0x00000000c0022606      0x3d5 hal/sound/sndhw.32
                0x00000000c0022606                SoundDevice::SoundDevice(char const*)
                0x00000000c0022606                SoundDevice::SoundDevice(char const*)
                0x00000000c0022672                SoundDevice::~SoundDevice()
                0x00000000c0022672                SoundDevice::~SoundDevice()
                0x00000000c00226ec                SoundDevice::~SoundDevice()
                0x00000000c0022716                SoundDevice::getFreeChannelNum()
                0x00000000c0022730                SoundDevice::addChannel(SoundChannel*)
                0x00000000c00227a0                SoundDevice::removeChannel(int)
                0x00000000c00227d2                SoundDevice::floatTo8(float*, unsigned char*, int)
                0x00000000c00228ba                SoundDevice::getAudio(int, float*, float*)
 .text          0x00000000c00229db        0x0 hw/bus/isa.32
 *fill*         0x00000000c00229db        0x1 
 .text          0x00000000c00229dc      0x6c3 hw/bus/pci.32
                0x00000000c00229dc                PCI::open(int, int, void*)
                0x00000000c00229f0                PCI::close(int, int, void*)
                0x00000000c00229f4                PCI::PCI()
                0x00000000c00229f4                PCI::PCI()
                0x00000000c0022a74                PCI::pciReadWord(unsigned char, unsigned char, unsigned char, unsigned char)
                0x00000000c0022abc                PCI::getVendorID(unsigned char, unsigned char, unsigned char)
                0x00000000c0022ade                PCI::getHeaderType(unsigned char, unsigned char, unsigned char)
                0x00000000c0022b02                PCI::getClassCode(unsigned char, unsigned char, unsigned char)
                0x00000000c0022b46                PCI::getProgIF(unsigned char, unsigned char, unsigned char)
                0x00000000c0022b6a                PCI::getRevisionID(unsigned char, unsigned char, unsigned char)
                0x00000000c0022b8c                PCI::getInterruptNumber(unsigned char, unsigned char, unsigned char)
                0x00000000c0022bae                PCI::getSecondaryBus(unsigned char, unsigned char, unsigned char)
                0x00000000c0022bd2                PCI::getBARAddress(unsigned char, unsigned char, unsigned char, unsigned char)
                0x00000000c0022c32                PCI::pciWriteWord(unsigned char, unsigned char, unsigned char, unsigned char, unsigned short)
                0x00000000c0022c9e                PCI::checkBus(unsigned char)
                0x00000000c0022cc2                PCI::foundDevice(PCIDeviceInfo)
                0x00000000c0022e34                PCI::getDeviceData(unsigned char, unsigned char, unsigned char)
                0x00000000c0022fe0                PCI::checkDevice(unsigned char, unsigned char)
                0x00000000c002304c                PCI::detect()
 *fill*         0x00000000c002309f        0x1 
 .text          0x00000000c00230a0      0xc70 hw/diskctrl/ide.32
                0x00000000c00230a0                IDE::close(int, int, void*)
                0x00000000c00230a4                IDE::IDE()
                0x00000000c00230a4                IDE::IDE()
                0x00000000c00230d8                IDE::prepareInterrupt(unsigned char)
                0x00000000c00230ea                selectDrive(unsigned char, unsigned char)
                0x00000000c00230ec                IDE::getBase(unsigned char)
                0x00000000c00230fe                IDE::write(unsigned char, unsigned char, unsigned char)
                0x00000000c00231be                IDE::read(unsigned char, unsigned char)
                0x00000000c002326c                IDE::waitInterrupt(unsigned char)
                0x00000000c00232d2                ideChannel0IRQHandler(regs*, void*)
                0x00000000c00232ee                ideChannel1IRQHandler(regs*, void*)
                0x00000000c002330a                IDE::enableIRQs(unsigned char, bool)
                0x00000000c0023350                IDE::open(int, int, void*)
                0x00000000c0023760                IDE::readBuffer(unsigned char, unsigned char, unsigned int, unsigned int)
                0x00000000c002382c                IDE::detect()
                0x00000000c0023b14                IDE::printError(unsigned char, unsigned char, unsigned char)
                0x00000000c0023caa                IDE::polling(unsigned char, unsigned int)
 .text          0x00000000c0023d10      0x390 hw/diskctrl/satabus.32
                0x00000000c0023d10                SATABus::close(int, int, void*)
                0x00000000c0023d14                SATABus::detect()
                0x00000000c0023d16                SATABus::SATABus()
                0x00000000c0023d16                SATABus::SATABus()
                0x00000000c0023dc2                SATABus::findCmdslot(SATABus::tagHBA_PORT volatile*)
                0x00000000c0023e0a                SATABus::checkType(SATABus::tagHBA_PORT volatile*)
                0x00000000c0023e52                SATABus::startCmd(SATABus::tagHBA_PORT volatile*)
                0x00000000c0023e72                SATABus::stopCmd(SATABus::tagHBA_PORT volatile*)
                0x00000000c0023e9c                SATABus::portRebase(SATABus::tagHBA_PORT volatile*, int)
                0x00000000c0023fa2                SATABus::probePort(SATABus::tagHBA_MEM volatile*)
                0x00000000c0024080                SATABus::open(int, int, void*)
 .text          0x00000000c00240a0      0x63c hw/diskphys/ata.32
                0x00000000c00240a0                ATA::close(int, int, void*)
                0x00000000c00240c4                ATA::powerSaving(PowerSavingLevel)
                0x00000000c00240c6                ATA::ATA()
                0x00000000c00240c6                ATA::ATA()
                0x00000000c00240f4                ATA::flush(bool)
                0x00000000c002413e                ATA::readyForCommand()
                0x00000000c002418e                ATA::access(unsigned long long, int, void*, bool)
                0x00000000c0024516                ATA::read(unsigned long long, int, void*)
                0x00000000c002457e                ATA::write(unsigned long long, int, void*)
                0x00000000c00245e6                ATA::detectCHS()
                0x00000000c0024610                ATA::open(int, int, void*)
 .text          0x00000000c00246dc      0x5bd hw/diskphys/atapi.32
                0x00000000c00246dc                ATAPI::write(unsigned long long, int, void*)
                0x00000000c00246e2                ATAPI::close(int, int, void*)
                0x00000000c0024706                ATAPI::ATAPI()
                0x00000000c0024706                ATAPI::ATAPI()
                0x00000000c0024734                ATAPI::readyForCommand()
                0x00000000c0024784                ATAPI::sendPacket(unsigned char*, int, bool, unsigned short*, int)
                0x00000000c0024a44                ATAPI::diskRemoved()
                0x00000000c0024a60                ATAPI::eject()
                0x00000000c0024aa8                ATAPI::diskInserted()
                0x00000000c0024ad6                ATAPI::detectMedia()
                0x00000000c0024b92                ATAPI::open(int, int, void*)
                0x00000000c0024c1a                ATAPI::read(unsigned long long, int, void*)
 *fill*         0x00000000c0024c99        0x1 
 .text          0x00000000c0024c9a      0x455 hw/diskphys/sata.32
                0x00000000c0024c9a                SATA::close(int, int, void*)
                0x00000000c0024cbe                SATA::powerSaving(PowerSavingLevel)
                0x00000000c0024cc0                SATA::open(int, int, void*)
                0x00000000c0024d6e                SATA::SATA()
                0x00000000c0024d6e                SATA::SATA()
                0x00000000c0024d9c                SATA::access(unsigned long long, int, void*, bool)
                0x00000000c0025002                SATA::read(unsigned long long, int, void*)
                0x00000000c002506a                SATA::write(unsigned long long, int, void*)
 *fill*         0x00000000c00250ef        0x1 
 .text          0x00000000c00250f0      0x500 hw/diskphys/satapi.32
                0x00000000c00250f0                SATAPI::write(unsigned long long, int, void*)
                0x00000000c00250f6                SATAPI::close(int, int, void*)
                0x00000000c002511a                SATAPI::SATAPI()
                0x00000000c002511a                SATAPI::SATAPI()
                0x00000000c0025148                SATAPI::diskRemoved()
                0x00000000c0025164                SATAPI::diskInserted()
                0x00000000c0025192                SATAPI::sendPacket(unsigned char*, int, unsigned long long, unsigned short*, int)
                0x00000000c0025396                SATAPI::eject()
                0x00000000c00253de                SATAPI::detectMedia()
                0x00000000c00254a0                SATAPI::open(int, int, void*)
                0x00000000c002554e                SATAPI::read(unsigned long long, int, void*)
 .text          0x00000000c00255f0       0x8e hw/fpu/avx.32
                0x00000000c00255f0                AVX::open(int, int, void*)
                0x00000000c0025602                AVX::close(int, int, void*)
                0x00000000c0025614                AVX::available()
                0x00000000c0025626                AVX::save(void*)
                0x00000000c002563e                AVX::load(void*)
                0x00000000c0025656                AVX::AVX()
                0x00000000c0025656                AVX::AVX()
 .text          0x00000000c002567e       0x90 hw/fpu/mmx.32
                0x00000000c002567e                MMX::available()
                0x00000000c0025692                MMX::open(int, int, void*)
                0x00000000c00256a4                MMX::close(int, int, void*)
                0x00000000c00256b6                MMX::save(void*)
                0x00000000c00256ce                MMX::load(void*)
                0x00000000c00256e6                MMX::MMX()
                0x00000000c00256e6                MMX::MMX()
 .text          0x00000000c002570e       0x96 hw/fpu/sse.32
                0x00000000c002570e                SSE::open(int, int, void*)
                0x00000000c0025720                SSE::close(int, int, void*)
                0x00000000c0025732                SSE::available()
                0x00000000c002574c                SSE::save(void*)
                0x00000000c0025764                SSE::load(void*)
                0x00000000c002577c                SSE::SSE()
                0x00000000c002577c                SSE::SSE()
 .text          0x00000000c00257a4       0x8e hw/fpu/x87.32
                0x00000000c00257a4                x87::open(int, int, void*)
                0x00000000c00257b6                x87::close(int, int, void*)
                0x00000000c00257c8                x87::available()
                0x00000000c00257da                x87::save(void*)
                0x00000000c00257f2                x87::load(void*)
                0x00000000c002580a                x87::x87()
                0x00000000c002580a                x87::x87()
 .text          0x00000000c0025832      0x71e hw/intctrl/apic.32
                0x00000000c0025832                APIC::disable()
                0x00000000c0025834                APIC::close(int, int, void*)
                0x00000000c0025856                IOAPIC::close(int, int, void*)
                0x00000000c002585c                APIC::io_wait()
                0x00000000c0025862                APIC::getBase()
                0x00000000c00258a4                APIC::eoi(unsigned char)
                0x00000000c00258d2                APIC::open(int, int, void*)
                0x00000000c0025a20                IOAPIC::IOAPIC()
                0x00000000c0025a20                IOAPIC::IOAPIC()
                0x00000000c0025a48                APIC::APIC()
                0x00000000c0025a48                APIC::APIC()
                0x00000000c0025b24                IOAPIC::handlesGSIWithNumber(unsigned int)
                0x00000000c0025b56                IOAPIC::read(int)
                0x00000000c0025b7e                IOAPIC::open(int, int, void*)
                0x00000000c0025c74                IOAPIC::write(int, int)
                0x00000000c0025ca0                IOAPIC::redirect(unsigned char, unsigned long long, unsigned char, bool, bool)
                0x00000000c0025d9a                APIC::installIRQHandler(int, void (*)(regs*, void*), bool, void*)
 .text          0x00000000c0025f50      0x3d3 hw/intctrl/pic.32
                0x00000000c0025f50                PIC::disable()
                0x00000000c0025f7e                PIC::close(int, int, void*)
                0x00000000c0025fa0                PIC::PIC()
                0x00000000c0025fa0                PIC::PIC()
                0x00000000c0026076                PIC::ioWait()
                0x00000000c002607c                PIC::getIRQReg(int)
                0x00000000c00260e6                PIC::eoi(unsigned char)
                0x00000000c0026178                PIC::remap()
                0x00000000c00262e4                PIC::open(int, int, void*)
 *fill*         0x00000000c0026323        0x1 
 .text          0x00000000c0026324      0x25e hw/timer/apictimer.32
                0x00000000c0026324                APICTimer::close(int, int, void*)
                0x00000000c002632a                apicTimerHandler(regs*, void*)
                0x00000000c0026358                APICTimer::write(int)
                0x00000000c002645c                APICTimer::open(int, int, void*)
                0x00000000c002655a                APICTimer::APICTimer()
                0x00000000c002655a                APICTimer::APICTimer()
 .text          0x00000000c0026582      0x1a7 hw/timer/pit.32
                0x00000000c0026582                PIT::write(int)
                0x00000000c0026600                pitHandler(regs*, void*)
                0x00000000c002662c                PIT::open(int, int, void*)
                0x00000000c002667a                PIT::close(int, int, void*)
                0x00000000c00266aa                PIT::PIT()
                0x00000000c00266aa                PIT::PIT()
 *fill*         0x00000000c0026729        0x7 
 .text          0x00000000c0026730       0x1e hw/fpu/x86/avx.32
                0x00000000c0026730                avxDetect
                0x00000000c0026736                avxSave
                0x00000000c0026737                avxLoad
                0x00000000c0026738                avxInit
                0x00000000c0026739                avxClose
                0x00000000c002673a                wouldSheSayYes
 *fill*         0x00000000c002674e        0x2 
 .text          0x00000000c0026750       0x35 hw/fpu/x86/sse.32
                0x00000000c0026750                absolutelyNoChanceInHell
                0x00000000c0026750                sseDetect
                0x00000000c0026768                sseSave
                0x00000000c002676e                sseLoad
                0x00000000c0026774                sseInit
                0x00000000c0026784                sseClose
 *fill*         0x00000000c0026785        0xb 
 .text          0x00000000c0026790       0x4d hw/fpu/x86/x87.32
                0x00000000c0026796                x87Detect
                0x00000000c00267b1                x87Save
                0x00000000c00267ba                x87Load
                0x00000000c00267c2                x87Init
                0x00000000c00267dc                x87Close
 *fill*         0x00000000c00267dd        0x3 
 .text          0x00000000c00267e0       0x25 /cygdrive/d/Users/Alex/Desktop/Toolchain/Output/bin/../lib/gcc/i386-banana/8.1.0/crtend.o
 .text          0x00000000c0026805        0x0 crtn.32
 *fill*         0x00000000c0026805        0x3 
 .text          0x00000000c0026808      0x14b /cygdrive/d/Users/Alex/Desktop/Toolchain/Output/bin/../lib/gcc/i386-banana/8.1.0/libkgcc.a(_divdi3.o)
                0x00000000c0026808                __divdi3
 *fill*         0x00000000c0026953        0x1 
 .text          0x00000000c0026954      0x17e /cygdrive/d/Users/Alex/Desktop/Toolchain/Output/bin/../lib/gcc/i386-banana/8.1.0/libkgcc.a(_moddi3.o)
                0x00000000c0026954                __moddi3
 *fill*         0x00000000c0026ad2        0x2 
 .text          0x00000000c0026ad4       0xff /cygdrive/d/Users/Alex/Desktop/Toolchain/Output/bin/../lib/gcc/i386-banana/8.1.0/libkgcc.a(_udivdi3.o)
                0x00000000c0026ad4                __udivdi3
 *fill*         0x00000000c0026bd3        0x1 
 .text          0x00000000c0026bd4      0x11a /cygdrive/d/Users/Alex/Desktop/Toolchain/Output/bin/../lib/gcc/i386-banana/8.1.0/libkgcc.a(_umoddi3.o)
                0x00000000c0026bd4                __umoddi3
 .text          0x00000000c0026cee      0x96d D:/Users/Alex/Desktop/Banana/kernel/libsoftfp.a(sfieeelib.o)
                0x00000000c0026cee                __addsf3
                0x00000000c0026ff0                __subsf3
                0x00000000c0027004                __negsf2
                0x00000000c0027011                __mulsf3
                0x00000000c00271d4                __divsf3
                0x00000000c00273ff                __floatsisf
                0x00000000c0027473                __floatunsisf
                0x00000000c00274b5                __fixsfsi