Archive member included to satisfy reference by file (symbol)

/cygdrive/d/Users/Alex/Desktop/Toolchain/Output/bin/../lib/gcc/i386-banana/8.1.0/libkgcc.a(_divdi3.o)
                              fs/fat/ff.32 (__divdi3)
/cygdrive/d/Users/Alex/Desktop/Toolchain/Output/bin/../lib/gcc/i386-banana/8.1.0/libkgcc.a(_moddi3.o)
                              compat/resolve.32 (__moddi3)
/cygdrive/d/Users/Alex/Desktop/Toolchain/Output/bin/../lib/gcc/i386-banana/8.1.0/libkgcc.a(_udivdi3.o)
                              fs/fat/ff.32 (__udivdi3)
/cygdrive/d/Users/Alex/Desktop/Toolchain/Output/bin/../lib/gcc/i386-banana/8.1.0/libkgcc.a(_umoddi3.o)
                              compat/resolve.32 (__umoddi3)
D:/Users/Alex/Desktop/Banana/kernel/libsoftfp.a(sfieeelib.o)
                              hal/sound/sndhw.32 (__addsf3)
D:/Users/Alex/Desktop/Banana/kernel/libsoftfp.a(dfieeelib.o)
                              hal/libresample/src_linear.32 (__adddf3)
D:/Users/Alex/Desktop/Banana/kernel/libsoftfp.a(sfdfcvt.o)
                              hal/libresample/samplerate.32 (__truncdfsf2)
D:/Users/Alex/Desktop/Banana/kernel/libk/libm32.a(s_fabs.c.o)
                              hal/libresample/samplerate.32 (fabs)
D:/Users/Alex/Desktop/Banana/kernel/libk/libm32.a(s_lrint.S.o)
                              hal/libresample/samplerate.32 (lrint)
D:/Users/Alex/Desktop/Banana/kernel/libk/libm32.a(s_lrintf.S.o)
                              hal/sound/sndhw.32 (lrintf)

Discarded input sections

 .comment       0x0000000000000000       0x12 /cygdrive/d/Users/Alex/Desktop/Toolchain/Output/bin/../lib/gcc/i386-banana/8.1.0/crtbegin.o
 .comment       0x0000000000000000       0x12 acpica/utclib.32
 .comment       0x0000000000000000       0x12 core/malloc.32
 .comment       0x0000000000000000       0x12 libk/string.32
 .comment       0x0000000000000000       0x12 fs/fat/diskio.32
 .comment       0x0000000000000000       0x12 fs/fat/ff.32
 .comment       0x0000000000000000       0x12 fs/fat/ffsystem.32
 .comment       0x0000000000000000       0x12 fs/fat/ffunicode.32
 .comment       0x0000000000000000       0x12 hal/libresample/samplerate.32
 .comment       0x0000000000000000       0x12 hal/libresample/src_linear.32
 .comment       0x0000000000000000       0x12 hal/libresample/src_sinc.32
 .comment       0x0000000000000000       0x12 hal/libresample/src_zoh.32
 .comment       0x0000000000000000       0x12 compat/inlines.32
 .comment       0x0000000000000000       0x12 compat/resolve.32
 .group         0x0000000000000000       0x14 core/computer.32
 .group         0x0000000000000000        0xc core/computer.32
 .comment       0x0000000000000000       0x12 core/computer.32
 .comment       0x0000000000000000       0x12 core/gdt.32
 .group         0x0000000000000000        0xc core/idle.32
 .comment       0x0000000000000000       0x12 core/idle.32
 .comment       0x0000000000000000       0x12 core/idt.32
 .comment       0x0000000000000000       0x12 core/kheap.32
 .comment       0x0000000000000000       0x12 core/main.32
 .comment       0x0000000000000000       0x12 core/physmgr.32
 .group         0x0000000000000000        0xc core/pipe.32
 .comment       0x0000000000000000       0x12 core/pipe.32
 .group         0x0000000000000000        0xc core/terminal.32
 .comment       0x0000000000000000       0x12 core/terminal.32
 .comment       0x0000000000000000       0x12 core/tss.32
 .group         0x0000000000000000        0x8 core/unixfile.32
 .group         0x0000000000000000        0xc core/unixfile.32
 .group         0x0000000000000000        0xc core/unixfile.32
 .group         0x0000000000000000        0x8 core/unixfile.32
 .group         0x0000000000000000        0xc core/unixfile.32
 .group         0x0000000000000000        0x8 core/unixfile.32
 .group         0x0000000000000000        0xc core/unixfile.32
 .group         0x0000000000000000        0xc core/unixfile.32
 .comment       0x0000000000000000       0x12 core/unixfile.32
 .comment       0x0000000000000000       0x12 core/virtmgr.32
 .comment       0x0000000000000000       0x12 coreobjs/c++.32
 .comment       0x0000000000000000       0x12 dbg/kconsole.32
 .group         0x0000000000000000        0xc fs/vfs.32
 .group         0x0000000000000000        0xc fs/vfs.32
 .group         0x0000000000000000        0xc fs/vfs.32
 .comment       0x0000000000000000       0x12 fs/vfs.32
 .group         0x0000000000000000        0xc hal/bus.32
 .comment       0x0000000000000000       0x12 hal/bus.32
 .group         0x0000000000000000        0xc hal/buzzer.32
 .comment       0x0000000000000000       0x12 hal/buzzer.32
 .group         0x0000000000000000        0xc hal/clock.32
 .comment       0x0000000000000000       0x12 hal/clock.32
 .group         0x0000000000000000       0x14 hal/device.32
 .group         0x0000000000000000        0xc hal/device.32
 .group         0x0000000000000000        0xc hal/device.32
 .group         0x0000000000000000        0xc hal/device.32
[...]
Memory Configuration

Name             Origin             Length             Attributes
*default*        0x0000000000000000 0xffffffffffffffff

Linker script and memory map

LOAD D:/Users/Alex/Desktop/Banana/kernel/boot.32
LOAD crti.32
LOAD /cygdrive/d/Users/Alex/Desktop/Toolchain/Output/bin/../lib/gcc/i386-banana/8.1.0/crtbegin.o
LOAD D:/Users/Alex/Desktop/Banana/kernel/morenasm.32
LOAD acpica/utclib.32
LOAD core/malloc.32
LOAD libk/string.32
LOAD fs/fat/diskio.32
LOAD fs/fat/ff.32
LOAD fs/fat/ffsystem.32
LOAD fs/fat/ffunicode.32
LOAD hal/libresample/samplerate.32
LOAD hal/libresample/src_linear.32
LOAD hal/libresample/src_sinc.32
LOAD hal/libresample/src_zoh.32
LOAD compat/inlines.32
LOAD compat/resolve.32
LOAD core/computer.32
LOAD core/gdt.32
LOAD core/idle.32
LOAD core/idt.32
LOAD core/kheap.32
LOAD core/main.32
LOAD core/physmgr.32
LOAD core/pipe.32
LOAD core/terminal.32
LOAD core/tss.32
LOAD core/unixfile.32
LOAD core/virtmgr.32
LOAD coreobjs/c++.32
LOAD dbg/kconsole.32
LOAD fs/vfs.32
LOAD hal/bus.32
LOAD hal/buzzer.32
LOAD hal/clock.32
LOAD hal/device.32
LOAD hal/diskctrl.32
LOAD hal/diskphys.32
LOAD hal/fpu.32
LOAD hal/intctrl.32
LOAD hal/keybrd.32
LOAD hal/logidisk.32
LOAD hal/mouse.32
LOAD hal/partition.32
LOAD hal/serial.32
LOAD hal/timer.32
LOAD hal/vcache.32
LOAD hal/video.32
LOAD hw/acpi.32
LOAD hw/cpu.32
LOAD hw/ports.32
LOAD hw/smp.32
LOAD krnl/env.32
LOAD krnl/panic.32
LOAD net/ethernet.32
LOAD reg/registry.32
LOAD sys/sc_eject.32
LOAD sys/sc_exit.32
LOAD sys/sc_getcwd.32
LOAD sys/sc_getpid.32
LOAD sys/sc_getramdata.32
LOAD sys/sc_loaddll.32
LOAD sys/sc_read.32
LOAD sys/sc_sbrk.32
LOAD sys/sc_setcwd.32
LOAD sys/sc_settime.32
LOAD sys/sc_timezone.32
LOAD sys/sc_write.32
LOAD sys/sc_wsbe.32
LOAD sys/sc_yield.32
LOAD sys/syscalls.32
LOAD thr/elf.32
LOAD thr/prcssthr.32
LOAD vm86/vm8086.32
LOAD vm86/x87em.32
LOAD fs/fat/vfslink.32
LOAD fs/iso9660/vfslink.32
LOAD hal/sound/sndchannel.32
LOAD hal/sound/sndhw.32
LOAD hw/bus/isa.32
LOAD hw/bus/pci.32
LOAD hw/diskctrl/ide.32
LOAD hw/diskctrl/satabus.32
LOAD hw/diskphys/ata.32
LOAD hw/diskphys/atapi.32
LOAD hw/diskphys/sata.32
LOAD hw/diskphys/satapi.32
LOAD hw/fpu/avx.32
LOAD hw/fpu/mmx.32
LOAD hw/fpu/sse.32
LOAD hw/fpu/x87.32
LOAD hw/intctrl/apic.32
LOAD hw/intctrl/pic.32
LOAD hw/timer/apictimer.32
LOAD hw/timer/pit.32
LOAD hw/fpu/x86/avx.32
LOAD hw/fpu/x86/sse.32
LOAD hw/fpu/x86/x87.32
LOAD /cygdrive/d/Users/Alex/Desktop/Toolchain/Output/bin/../lib/gcc/i386-banana/8.1.0/crtend.o
LOAD crtn.32
LOAD /cygdrive/d/Users/Alex/Desktop/Toolchain/Output/bin/../lib/gcc/i386-banana/8.1.0/libkgcc.a
LOAD D:/Users/Alex/Desktop/Banana/kernel/libsoftfp.a
LOAD D:/Users/Alex/Desktop/Banana/kernel/libk/libm32.a
                0x00000000c0000000                . = 0xc0000000

.text           0x00000000c0000000    0x28648
 *(.text)
 .text          0x00000000c0000000       0x41 D:/Users/Alex/Desktop/Banana/kernel/boot.32
                0x00000000c0000020                callGlobalConstructors
 .text          0x00000000c0000041        0x0 crti.32
 *fill*         0x00000000c0000041        0x3 
 .text          0x00000000c0000044      0x101 /cygdrive/d/Users/Alex/Desktop/Toolchain/Output/bin/../lib/gcc/i386-banana/8.1.0/crtbegin.o
 *fill*         0x00000000c0000145        0xb 
 .text          0x00000000c0000150      0x4f5 D:/Users/Alex/Desktop/Banana/kernel/morenasm.32
                0x00000000c0000150                manualPCIProbe
                0x00000000c000019b                prepareTramp
                0x00000000c00001b4                voodooXADD
                0x00000000c000027f                doTPAUSE
                0x00000000c0000289                hasLegacyFPU
                0x00000000c00002ae                is486
                0x00000000c00002e4                detectCPUID
                0x00000000c00002fa                goToVM86
                0x00000000c000032a                goToUsermode
                0x00000000c0000354                switchToThreadASMFirstTime
                0x00000000c0000362                switchToThreadASM
                0x00000000c00003f2                asmQuickAcquireLock
                0x00000000c0000410                asmQuickReleaseLock
                0x00000000c000041c                asmAcquireLock
                0x00000000c000043d                asmReleaseLock
                0x00000000c0000450                loadGDT
                0x00000000c0000470                isr0
                0x00000000c0000480                isr1
                0x00000000c000048a                isr2
                0x00000000c0000494                isr3
                0x00000000c000049e                isr4
                0x00000000c00004a8                isr5
                0x00000000c00004b2                isr6
                0x00000000c00004bc                isr7
                0x00000000c00004c6                isr8
                0x00000000c00004ce                isr9
                0x00000000c00004d8                isr10
                0x00000000c00004e0                isr11
                0x00000000c00004e8                isr12
                0x00000000c00004f0                isr13
                0x00000000c00004f8                isr14
                0x00000000c0000500                isr15
                0x00000000c000050a                isr16
                0x00000000c0000514                isr17
                0x00000000c000051e                isr18
                0x00000000c0000528                irq3
                0x00000000c0000532                irq4
                0x00000000c000053c                irq5
                0x00000000c0000546                irq6
                0x00000000c0000550                irq7
                0x00000000c000055a                irq8
                0x00000000c0000564                irq9
                0x00000000c000056e                irq10
                0x00000000c0000578                irq11
                0x00000000c0000582                irq12
                0x00000000c000058c                irq13
                0x00000000c0000596                irq14
                0x00000000c00005a0                irq15
                0x00000000c00005aa                irq1
                0x00000000c00005b1                irq2
                0x00000000c00005b8                isr96
                0x00000000c00005bf                irq0
                0x00000000c00005c4                int_common_stub
                0x00000000c00005c4                syscall_common_stub
                0x00000000c00005f5                irq16
                0x00000000c00005ff                irq17
                0x00000000c0000609                irq18
                0x00000000c0000613                irq19
                0x00000000c000061d                irq20
                0x00000000c0000627                irq21
                0x00000000c0000631                irq22
                0x00000000c000063b                irq23
 *fill*         0x00000000c0000645        0x3 
 .text          0x00000000c0000648      0x611 acpica/utclib.32
                0x00000000c0000648                memcmp
                0x00000000c0000684                memmove
                0x00000000c000074c                memcpy
                0x00000000c0000780                memset
                0x00000000c000079c                strlen
                0x00000000c00007b4                strpbrk
                0x00000000c00007f0                strtok
                0x00000000c000083c                strcpy
                0x00000000c0000860                strncpy
                0x00000000c00008c8                strcmp
                0x00000000c0000908                strchr
                0x00000000c000092c                strncmp
                0x00000000c000097c                strcat
                0x00000000c00009ac                strncat
                0x00000000c00009e8                strstr
                0x00000000c0000a30                toupper
                0x00000000c0000a44                tolower
                0x00000000c0000a58                simple_strtoul
 .text          0x00000000c0000c59      0xfbf core/malloc.32
                0x00000000c0000dc4                dlfree
                0x00000000c000111f                dlmalloc
                0x00000000c000165c                dlrealloc
                0x00000000c0001811                dlmemalign
                0x00000000c0001934                dlcalloc
                0x00000000c00019ce                dlcfree
                0x00000000c00019d3                dlindependent_calloc
                0x00000000c00019f8                dlindependent_comalloc
                0x00000000c0001a0f                dlvalloc
                0x00000000c0001a3a                dlpvalloc
                0x00000000c0001a70                dlmalloc_trim
                0x00000000c0001a7d                dlmalloc_usable_size
                0x00000000c0001aae                dlmallinfo
                0x00000000c0001b7d                dlmalloc_stats
                0x00000000c0001b8e                dlmallopt
 .text          0x00000000c0001c18        0x0 libk/string.32
 .text          0x00000000c0001c18       0x51 fs/fat/diskio.32
                0x00000000c0001c18                disk_status
                0x00000000c0001c1b                disk_initialize
                0x00000000c0001c1e                disk_read
                0x00000000c0001c34                disk_write
                0x00000000c0001c4a                disk_ioctl
 .text          0x00000000c0001c69     0x6833 fs/fat/ff.32
                0x00000000c0004f37                f_mount
                0x00000000c0004f99                f_open
                0x00000000c00053d5                f_read
                0x00000000c0005655                f_write
                0x00000000c000590f                f_sync
                0x00000000c0005aeb                f_close
                0x00000000c0005b1a                f_lseek
                0x00000000c0005fd1                f_opendir
                0x00000000c00060d3                f_closedir
                0x00000000c00060f5                f_readdir
                0x00000000c0006190                f_stat
                0x00000000c000621f                f_getfree
                0x00000000c00063ea                f_truncate
                0x00000000c00064e2                f_unlink
                0x00000000c0006665                f_mkdir
                0x00000000c0006891                f_rename
                0x00000000c0006b84                f_chmod
                0x00000000c0006c62                f_utime
                0x00000000c0006d40                f_getlabel
                0x00000000c0006f2e                f_setlabel
                0x00000000c000719b                f_forward
                0x00000000c0007379                f_mkfs
 .text          0x00000000c000849c       0x2d fs/fat/ffsystem.32
                0x00000000c000849c                ff_memalloc
                0x00000000c00084b2                ff_memfree
 .text          0x00000000c00084c9      0x253 fs/fat/ffunicode.32
                0x00000000c00084c9                ff_uni2oem
                0x00000000c0008559                ff_oem2uni
                0x00000000c00085c5                ff_wtoupper
 .text          0x00000000c000871c      0x8fb hal/libresample/samplerate.32
                0x00000000c0008760                src_delete
                0x00000000c000879c                src_process
                0x00000000c0008952                src_callback_read
                0x00000000c0008acf                src_set_ratio
                0x00000000c0008b39                src_get_channels
                0x00000000c0008b5b                src_reset
                0x00000000c0008ba7                src_new
                0x00000000c0008c35                src_callback_new
                0x00000000c0008c97                src_get_name
                0x00000000c0008cce                src_get_description
                0x00000000c0008d05                src_get_version
                0x00000000c0008d0b                src_is_valid_ratio
                0x00000000c0008d5f                src_error
                0x00000000c0008d6d                src_strerror
                0x00000000c0008d80                src_simple
                0x00000000c0008dd3                src_short_to_float_array
                0x00000000c0008e38                src_float_to_short_array
                0x00000000c0008ef7                src_int_to_float_array
                0x00000000c0008f5a                src_float_to_int_array
 .text          0x00000000c0009017      0x8cb hal/libresample/src_linear.32
                0x00000000c000983d                linear_get_name
                0x00000000c000984c                linear_get_description
                0x00000000c000985b                linear_set_converter
 .text          0x00000000c00098e2     0x447c hal/libresample/src_sinc.32
                0x00000000c000dc75                sinc_get_name
                0x00000000c000dc88                sinc_get_description
                0x00000000c000dc9b                sinc_set_converter
 .text          0x00000000c000dd5e      0x77c hal/libresample/src_zoh.32
                0x00000000c000e435                zoh_get_name
                0x00000000c000e444                zoh_get_description
                0x00000000c000e453                zoh_set_converter
 .text          0x00000000c000e4da       0x23 compat/inlines.32
                0x00000000c000e4da                CPU::current()
                0x00000000c000e4e7                operator new(unsigned long)
 .text          0x00000000c000e4fd      0x111 compat/resolve.32
                0x00000000c000e4fd                Krnl::resolveCompatibilitySymbol(char*)
 .text          0x00000000c000e60e      0xa17 core/computer.32
                0x00000000c000e60e                Computer::close(int, int, void*)
                0x00000000c000e652                Krnl::firstTask()
                0x00000000c000e742                Computer::Computer()
                0x00000000c000e742                Computer::Computer()
                0x00000000c000e89e                Computer::setBootMessage(char const*)
                0x00000000c000e8a0                Computer::detectFeatures()
                0x00000000c000eaaa                Computer::displayFeatures()
                0x00000000c000edf0                Computer::rdmsr(unsigned int)
                0x00000000c000ee1c                Computer::wrmsr(unsigned int, unsigned long long)
                0x00000000c000ee54                Computer::nmiEnabled()
                0x00000000c000ee60                Computer::readCMOS(unsigned char)
                0x00000000c000ee7a                Computer::enableNMI(bool)
                0x00000000c000ee92                Computer::open(int, int, void*)
                0x00000000c000ef68                Computer::disableNMI()
                0x00000000c000ef76                Computer::writeCMOS(unsigned char, unsigned char)
                0x00000000c000ef94                Computer::handleNMI()
                0x00000000c000effa                Computer::setDiskActivityLight(int, bool)
 *fill*         0x00000000c000f025        0x1 
 .text          0x00000000c000f026      0x1b7 core/gdt.32
                0x00000000c000f026                GDTEntry::setBase(unsigned int)
                0x00000000c000f042                GDTEntry::setLimit(unsigned int)
                0x00000000c000f060                GDT::GDT()
                0x00000000c000f060                GDT::GDT()
                0x00000000c000f076                GDT::addEntry(GDTEntry)
                0x00000000c000f0b2                GDT::getNumberOfEntries()
                0x00000000c000f0ba                GDT::flush()
                0x00000000c000f0dc                GDT::setup()
 .text          0x00000000c000f1dd       0x62 core/idle.32
                0x00000000c000f1dd                idleFunction(void*)
 *fill*         0x00000000c000f23f        0x1 
 .text          0x00000000c000f240      0x45f core/idt.32
                0x00000000c000f240                IDTEntry::IDTEntry(bool)
                0x00000000c000f240                IDTEntry::IDTEntry(bool)
                0x00000000c000f2ae                IDTEntry::setOffset(unsigned int)
                0x00000000c000f2c2                IDT::IDT()
                0x00000000c000f2c2                IDT::IDT()
                0x00000000c000f2c4                IDT::getPointerToInvalidOpcodeEntryForF00F()
                0x00000000c000f2cc                IDT::addEntry(IDTEntry, int)
                0x00000000c000f2e6                IDT::addEntry(int, void (*)(), bool)
                0x00000000c000f31e                IDT::flush()
                0x00000000c000f338                IDT::setup()
 .text          0x00000000c000f69f      0x206 core/kheap.32
                0x00000000c000f69f                sbrk
                0x00000000c000f7ad                mmap
                0x00000000c000f7c3                munmap
                0x00000000c000f7d9                liballoc_lock()
                0x00000000c000f7ea                liballoc_unlock()
                0x00000000c000f7fb                liballoc_alloc(int)
                0x00000000c000f819                liballoc_free(void*, int)
                0x00000000c000f837                realloc
                0x00000000c000f84b                malloc
                0x00000000c000f85b                free
                0x00000000c000f86b                rfree
                0x00000000c000f87b                calloc
 .text          0x00000000c000f8a5      0x44f core/main.32
                0x00000000c000f8a5                hwTextMode_loadInData(VgaText*)
                0x00000000c000f8ea                hwTextMode_loadInTitle(VgaText*, char*)
                0x00000000c000f956                hwTextMode_showCursor(VgaText*, bool)
                0x00000000c000f9b1                hwTextMode_update(VgaText*)
                0x00000000c000f9b2                hwTextMode_updateCursor(VgaText*)
                0x00000000c000f9fa                hwTextMode_disableBlink(VgaText*, bool)
                0x00000000c000fa40                hwTextMode_scrollScreen(VgaText*)
                0x00000000c000fae1                hwTextMode_writeCharacter(VgaText*, char, VgaColour, VgaColour, int, int)
                0x00000000c000fb60                setupTextMode()
                0x00000000c000fbd0                kernel_main
 .text          0x00000000c000fcf4      0x56a core/physmgr.32
                0x00000000c000fcf4                Phys::allocateDMA(unsigned long)
                0x00000000c000fd97                Phys::freeDMA(unsigned long, unsigned long)
                0x00000000c000fddf                Phys::setPageState(unsigned long, bool)
                0x00000000c000fe11                Phys::getPageState(unsigned long)
                0x00000000c000fe2d                Phys::freePage(unsigned long)
                0x00000000c000feb7                Phys::allocatePage()
                0x00000000c000ff9c                Phys::allocateContiguousPages(int)
                0x00000000c000fff6                Phys::allowSegmentToBeUsed(unsigned long, unsigned long)
                0x00000000c001002e                Phys::physicalMemorySetup(unsigned int)
 .text          0x00000000c001025e      0x273 core/pipe.32
                0x00000000c001025e                Pipe::isAtty()
                0x00000000c0010262                Pipe::~Pipe()
                0x00000000c0010262                Pipe::~Pipe()
                0x00000000c0010286                Pipe::~Pipe()
                0x00000000c00102ae                Pipe::read(unsigned long long, void*, int*)
                0x00000000c00103a2                Pipe::write(unsigned long long, void*, int*)
                0x00000000c001046a                Pipe::Pipe(int)
                0x00000000c001046a                Pipe::Pipe(int)
 *fill*         0x00000000c00104d1        0x1 
 .text          0x00000000c00104d2      0xe2d core/terminal.32
                0x00000000c00104d2                VgaText::isAtty()
                0x00000000c00104d6                VgaText::~VgaText()
                0x00000000c00104d6                VgaText::~VgaText()
                0x00000000c00104fa                VgaText::~VgaText()
                0x00000000c0010524                VgaText::read(unsigned long long, void*, int*)
                0x00000000c0010544                setTerminalScrollLock(bool)
                0x00000000c0010545                addToTerminalCycle(VgaText*)
                0x00000000c0010566                installVgaTextImplementation()
                0x00000000c001057b                scrollTerminalScrollLock(int)
                0x00000000c001057c                VgaText::load()
                0x00000000c00105ca                VgaText::updateCursor()
                0x00000000c00105e0                VgaText::showCursor(bool)
                0x00000000c00105ec                VgaText::disableBlink(bool)
                0x00000000c0010620                VgaText::doANSI_SGR(int)
                0x00000000c0010694                VgaText::setDefaultBgColour(VgaColour)
                0x00000000c00106a4                VgaText::setDefaultFgColour(VgaColour)
                0x00000000c00106b4                VgaText::setDefaultColours(VgaColour, VgaColour)
                0x00000000c00106d4                VgaText::combineColours(unsigned char, unsigned char)
                0x00000000c00106e6                VgaText::scrollScreen()
                0x00000000c001077a                VgaText::combineCharAndColour(char, unsigned char)
                0x00000000c001078c                VgaText::writeCharacter(char, VgaColour, VgaColour, int, int)
                0x00000000c00107e8                VgaText::getCursorX()
                0x00000000c00107f0                VgaText::getCursorY()
                0x00000000c00107f8                VgaText::setCursor(int, int)
                0x00000000c0010810                VgaText::setCursorX(int)
                0x00000000c0010828                VgaText::setCursorY(int)
                0x00000000c0010840                VgaText::incrementCursor(bool)
                0x00000000c0010894                VgaText::updateRAMUsageDisplay(int)
                0x00000000c00108f8                VgaText::updateDiskUsage()
                0x00000000c0010a62                VgaText::updateTitle()
                0x00000000c0010aa6                VgaText::setTitleTextColour(VgaColour)
                0x00000000c0010ab4                VgaText::setTitleColour(VgaColour)
                0x00000000c0010ac2                VgaText::setTitle(char*)
                0x00000000c0010ae8                VgaText::decrementCursor(bool)
                0x00000000c0010b0a                VgaText::putchar(char, VgaColour, VgaColour)
                0x00000000c0010be2                VgaText::isShowingCursor()
                0x00000000c0010bea                VgaText::isBlinkDisabled()
                0x00000000c0010bf6                VgaText::setCursorHeight(int)
                0x00000000c0010c0e                VgaText::getCursorHeight()
                0x00000000c0010c16                setActiveTerminal(VgaText*)
                0x00000000c0010cbc                doTerminalCycle()
                0x00000000c0010cd6                VgaText::doUpdate()
                0x00000000c0010ce4                VgaText::puts(char const*, VgaColour, VgaColour)
                0x00000000c0010e5c                VgaText::clearScreen()
                0x00000000c0010eb6                VgaText::putchar(char)
                0x00000000c0010fa2                VgaText::puts(char const*)
                0x00000000c0010fc8                VgaText::putx(unsigned int)
                0x00000000c001100e                VgaText::VgaText(char const*)
                0x00000000c001100e                VgaText::VgaText(char const*)
                0x00000000c001119e                VgaText::receiveKey(unsigned char)
                0x00000000c0011286                VgaText::write(unsigned long long, void*, int*)
                0x00000000c00112da                newTerminal(char*)
 *fill*         0x00000000c00112ff        0x1 
 .text          0x00000000c0011300      0x1b3 core/tss.32
                0x00000000c0011300                TSS::TSS()
                0x00000000c0011300                TSS::TSS()
                0x00000000c001130e                TSS::setESP(unsigned long)
                0x00000000c0011320                TSS::flush()
                0x00000000c0011340                TSS::setup(unsigned long, unsigned long)
 *fill*         0x00000000c00114b3        0x1 
 .text          0x00000000c00114b4      0x4c2 core/unixfile.32
                0x00000000c00114b4                ReservedFilename::read(unsigned long long, void*, int*)
                0x00000000c001150a                ReservedFilename::isAtty()
                0x00000000c0011526                ReservedFilename::write(unsigned long long, void*, int*)
                0x00000000c0011584                UnixFile::getFileDescriptor()
                0x00000000c001158c                UnixFile::UnixFile(int)
                0x00000000c001158c                UnixFile::UnixFile(int)
                0x00000000c001173c                ReservedFilename::ReservedFilename(int)
                0x00000000c001173c                ReservedFilename::ReservedFilename(int)
                0x00000000c001176e                UnixFile::~UnixFile()
                0x00000000c001176e                UnixFile::~UnixFile()
                0x00000000c0011806                UnixFile::~UnixFile()
                0x00000000c001182e                ReservedFilename::~ReservedFilename()
                0x00000000c001182e                ReservedFilename::~ReservedFilename()
                0x00000000c0011852                ReservedFilename::~ReservedFilename()
                0x00000000c0011879                getFromFileDescriptor(int)
 .text          0x00000000c0011976     0x12c7 core/virtmgr.32
                0x00000000c0011976                Virt::setPageState(unsigned long, Virt::VirtPageState)
                0x00000000c00119ab                Virt::getPageState(unsigned long)
                0x00000000c00119cf                Virt::allocateKernelVirtualPages(int)
                0x00000000c0011ae0                Virt::freeSwapfilePage(unsigned long)
                0x00000000c0011afe                Virt::swapIDToSector(unsigned long)
                0x00000000c0011b10                Virt::allocateSwapfilePage()
                0x00000000c0011b8e                Virt::virtualMemorySetup()
                0x00000000c0011c0d                Virt::swappingSetup()
                0x00000000c0011c0e                Virt::getAKernelVAS()
                0x00000000c0011c14                Virt::setupPageSwapping(int)
                0x00000000c0011de0                VAS::VAS()
                0x00000000c0011de0                VAS::VAS()
                0x00000000c0011e1c                VAS::VAS(VAS*)
                0x00000000c0011e1c                VAS::VAS(VAS*)
                0x00000000c0011e4a                VAS::getForeignPageTableEntry(bool, unsigned long)
                0x00000000c0011e76                VAS::getPageTableEntry(unsigned long)
                0x00000000c0011e95                Virt::freeKernelVirtualPages(unsigned long)
                0x00000000c0011fb8                VAS::freeAllocatedPages(unsigned long)
                0x00000000c0011fdc                VAS::virtualToPhysical(unsigned long)
                0x00000000c0011ff4                VAS::reflagRange(unsigned long, int, int, int)
                0x00000000c0012034                VAS::setToWriteCombining(unsigned long, int)
                0x00000000c0012066                VAS::mapOtherVASIn(bool, VAS*)
                0x00000000c0012090                VAS::~VAS()
                0x00000000c0012090                VAS::~VAS()
                0x00000000c00121fc                VAS::mapPage(unsigned long, unsigned long, int)
                0x00000000c00122fc                VAS::allocatePages(int, int)
                0x00000000c00124d4                VAS::setCPUSpecific(unsigned long)
                0x00000000c00124f0                VAS::mapRange(unsigned long, unsigned long, int, int)
                0x00000000c00125b6                VAS::mapForeignPage(bool, VAS*, unsigned long, unsigned long, int)
                0x00000000c00126a4                VAS::VAS(bool)
                0x00000000c00126a4                VAS::VAS(bool)
                0x00000000c001290a                VAS::evict(unsigned long)
                0x00000000c00129cc                VAS::tryLoadBackOffDisk(unsigned long)
                0x00000000c0012ad0                VAS::scanForEviction()
                0x00000000c0012b81                mapVASFirstTime
 .text          0x00000000c0012c3d       0x95 coreobjs/c++.32
                0x00000000c0012c3d                __cxa_atexit
                0x00000000c0012c40                __cxa_finalize
                0x00000000c0012c41                __stack_chk_fail
                0x00000000c0012cad                __cxa_pure_virtual
                0x00000000c0012cbe                operator new[](unsigned long)
                0x00000000c0012cc3                operator delete(void*, unsigned long)
                0x00000000c0012cc8                operator delete[](void*)
                0x00000000c0012ccd                operator delete[](void*, unsigned long)
 .text          0x00000000c0012cd2      0x1ef dbg/kconsole.32
                0x00000000c0012cd2                Dbg::stringifyxWithBase(unsigned int, char*, int)
                0x00000000c0012d33                Dbg::logc(char)
                0x00000000c0012d4a                Dbg::logs(char*)
                0x00000000c0012d67                Dbg::logWriteInt(unsigned int)
                0x00000000c0012d84                Dbg::logWriteIntBase(unsigned int, int)
                0x00000000c0012da3                Dbg::kprintf(char const*, ...)
 *fill*         0x00000000c0012ec1        0x1 
 .text          0x00000000c0012ec2      0xb82 fs/vfs.32
                0x00000000c0012ec2                File::read(unsigned long long, void*, int*)
                0x00000000c0012f1a                File::write(unsigned long long, void*, int*)
                0x00000000c0012f72                Directory::read(unsigned long long, void*, int*)
                0x00000000c0012fca                Directory::write(unsigned long long, void*, int*)
                0x00000000c0012ff8                File::isAtty()
                0x00000000c0012ffc                Directory::isAtty()
                0x00000000c0013000                Filesystem::getlabel(LogicalDisk*, int, char*, unsigned int*)
                0x00000000c0013006                Filesystem::setlabel(LogicalDisk*, int, char*)
                0x00000000c001300c                Filesystem::getFileFirstSector(char const*)
                0x00000000c0013012                File::~File()
                0x00000000c0013012                File::~File()
                0x00000000c0013036                File::~File()
                0x00000000c0013060                Directory::~Directory()
                0x00000000c0013060                Directory::~Directory()
                0x00000000c0013084                Directory::~Directory()
                0x00000000c00130ae                Filesystem::Filesystem()
                0x00000000c00130ae                Filesystem::Filesystem()
                0x00000000c00130d2                Filesystem::~Filesystem()
                0x00000000c00130d2                Filesystem::~Filesystem()
                0x00000000c00130e0                Filesystem::~Filesystem()
                0x00000000c0013104                Fs::getcwd(Process*, char*, int)
                0x00000000c001312e                Fs::initVFS()
                0x00000000c0013158                Fs::standardiseFiles(char*, char const*, char const*)
                0x00000000c0013302                File::File(char const*, Process*)
                0x00000000c0013302                File::File(char const*, Process*)
                0x00000000c0013366                File::open(FileOpenMode)
                0x00000000c00133c4                File::close()
                0x00000000c0013424                File::seek(unsigned long long)
                0x00000000c001347a                File::tell(unsigned long long*)
                0x00000000c00134ca                File::rewind()
                0x00000000c00134de                File::unlink()
                0x00000000c001352a                File::rename(char const*)
                0x00000000c0013578                File::chfatattr(unsigned char, unsigned char)
                0x00000000c00135d4                File::exists()
                0x00000000c0013612                File::stat(unsigned long long*, bool*)
                0x00000000c0013673                Fs::setcwd(Process*, char*)
                0x00000000c00137ae                Directory::Directory(char const*, Process*)
                0x00000000c00137ae                Directory::Directory(char const*, Process*)
                0x00000000c0013812                Directory::open()
                0x00000000c001386e                Directory::close()
                0x00000000c00138ce                Directory::unlink()
                0x00000000c001391a                Directory::rename(char const*)
                0x00000000c0013968                Directory::exists()
                0x00000000c00139a6                Directory::read(dirent*)
                0x00000000c00139f2                Directory::create()
                0x00000000c0013a3e                Filesystem::chfatattr(char const*, unsigned char, unsigned char)
 .text          0x00000000c0013a44       0x84 hal/bus.32
                0x00000000c0013a44                Bus::Bus(char const*)
                0x00000000c0013a44                Bus::Bus(char const*)
                0x00000000c0013a7a                Bus::~Bus()
                0x00000000c0013a7a                Bus::~Bus()
                0x00000000c0013a9e                Bus::~Bus()
 .text          0x00000000c0013ac8      0x14e hal/buzzer.32
                0x00000000c0013ac8                Buzzer::Buzzer(char const*)
                0x00000000c0013ac8                Buzzer::Buzzer(char const*)
                0x00000000c0013b0c                Buzzer::~Buzzer()
                0x00000000c0013b0c                Buzzer::~Buzzer()
                0x00000000c0013b30                Buzzer::~Buzzer()
                0x00000000c0013b5a                Buzzer::stop()
                0x00000000c0013b6d                beepThread(void*)
                0x00000000c0013ba8                Buzzer::beep(int, int, bool)
 .text          0x00000000c0013c16      0x467 hal/clock.32
                0x00000000c0013c16                User::loadClockSettings(int)
                0x00000000c0013c68                Clock::Clock(char const*)
                0x00000000c0013c68                Clock::Clock(char const*)
                0x00000000c0013c9e                Clock::~Clock()
                0x00000000c0013c9e                Clock::~Clock()
                0x00000000c0013cc2                Clock::~Clock()
                0x00000000c0013cec                Clock::timeInSecondsLocal()
                0x00000000c0013d34                Clock::setTimeInSecondsLocal(unsigned long long)
                0x00000000c0013d8d                datetimeToSeconds(datetime_t)
                0x00000000c0013eb4                Clock::setTimeInDatetimeLocal(datetime_t)
                0x00000000c0013f14                secondsToDatetime(unsigned long long)
                0x00000000c0014058                Clock::timeInDatetimeLocal()
 *fill*         0x00000000c001407d        0x1 
 .text          0x00000000c001407e      0x4de hal/device.32
                0x00000000c001407e                Device::hibernate()
                0x00000000c0014080                Device::wake()
                0x00000000c0014082                Device::detect()
                0x00000000c0014084                Device::disableLegacy()
                0x00000000c0014086                Device::powerSaving(PowerSavingLevel)
                0x00000000c0014088                DriverlessDevice::close(int, int, void*)
                0x00000000c001408c                DriverlessDevice::detect()
                0x00000000c001408e                DriverlessDevice::open(int, int, void*)
                0x00000000c00140a2                Device::~Device()
                0x00000000c00140a2                Device::~Device()
                0x00000000c00140b0                Device::~Device()
                0x00000000c00140d8                Device::findAndLoadDriver()
                0x00000000c00140da                Device::preOpenPCI(PCIDeviceInfo)
                0x00000000c0014100                Device::preOpenACPI(void*, char*, char*)
                0x00000000c0014154                Device::addIRQHandler(int, void (*)(regs*, void*), bool, void*)
                0x00000000c0014192                Device::removeIRQHandler(int, void (*)(regs*, void*), bool)
                0x00000000c00141d0                Device::addChild(Device*)
                0x00000000c0014214                Device::removeAllChildren()
                0x00000000c001425a                Device::hibernateAll()
                0x00000000c001428a                Device::wakeAll()
                0x00000000c00142ba                Device::detectAll()
                0x00000000c00142ea                Device::disableLegacyAll()
                0x00000000c001431a                Device::loadDriversForAll()
                0x00000000c0014346                Device::closeAll()
                0x00000000c001437c                Device::powerSavingAll(PowerSavingLevel)
                0x00000000c00143b2                Device::setName(char const*)
                0x00000000c00143c0                Device::Device(char const*)
                0x00000000c00143c0                Device::Device(char const*)
                0x00000000c00144bc                Device::getName()
                0x00000000c00144c6                DriverlessDevice::DriverlessDevice(char const*)
                0x00000000c00144c6                DriverlessDevice::DriverlessDevice(char const*)
                0x00000000c00144ee                Device::addToLinkedList(LinkedList<Device>&, DeviceType)
                0x00000000c0014532                getDevicesOfType(DeviceType)
 .text          0x00000000c001455c       0x84 hal/diskctrl.32
                0x00000000c001455c                HardDiskController::HardDiskController(char const*)
                0x00000000c001455c                HardDiskController::HardDiskController(char const*)
                0x00000000c0014592                HardDiskController::~HardDiskController()
                0x00000000c0014592                HardDiskController::~HardDiskController()
                0x00000000c00145b6                HardDiskController::~HardDiskController()
 .text          0x00000000c00145e0       0xf2 hal/diskphys.32
                0x00000000c00145e0                PhysicalDisk::eject()
                0x00000000c00145f4                PhysicalDisk::PhysicalDisk(char const*, int)
                0x00000000c00145f4                PhysicalDisk::PhysicalDisk(char const*, int)
                0x00000000c001465c                PhysicalDisk::startCache()
                0x00000000c0014684                PhysicalDisk::~PhysicalDisk()
                0x00000000c0014684                PhysicalDisk::~PhysicalDisk()
                0x00000000c00146a8                PhysicalDisk::~PhysicalDisk()
 .text          0x00000000c00146d2      0x13b hal/fpu.32
                0x00000000c00146d2                FPU::FPU(char const*)
                0x00000000c00146d2                FPU::FPU(char const*)
                0x00000000c0014708                FPU::~FPU()
                0x00000000c0014708                FPU::~FPU()
                0x00000000c001472c                FPU::~FPU()
                0x00000000c0014756                setupFPU()
 *fill*         0x00000000c001480d        0x1 
 .text          0x00000000c001480e     0x1421 hal/intctrl.32
                0x00000000c001480e                InterruptController::uninstallISRHandler(int, void (*)(regs*, void*))
                0x00000000c0014846                InterruptController::installISRHandler(int, void (*)(regs*, void*), void*)
                0x00000000c0014898                doubleFault(regs*, void*)
                0x00000000c00148b2                InterruptController::installIRQHandler(int, void (*)(regs*, void*), bool, void*)
                0x00000000c001494e                InterruptController::clearAllHandlers(int, bool)
                0x00000000c00149f6                InterruptController::uninstallIRQHandler(int, void (*)(regs*, void*), bool)
                0x00000000c0014a7d                nmiHandler(regs*, void*)
                0x00000000c0014a8b                int_handler
                0x00000000c0014b2c                InterruptController::InterruptController(char const*)
                0x00000000c0014b2c                InterruptController::InterruptController(char const*)
                0x00000000c0014bd2                InterruptController::~InterruptController()
                0x00000000c0014bd2                InterruptController::~InterruptController()
                0x00000000c0014bf6                InterruptController::~InterruptController()
                0x00000000c0014c20                displayDebugInfo(regs*)
                0x00000000c00150af                x87EmulHandler(regs*, void*)
                0x00000000c0015122                gpFault(regs*, void*)
                0x00000000c001515b                pgFault(regs*, void*)
                0x00000000c0015197                otherISRHandler(regs*, void*)
                0x00000000c00151b6                opcodeFault(regs*, void*)
                0x00000000c00157bc                displayProgramFault(char const*)
                0x00000000c00157e4                setupInterruptController()
                0x00000000c0015be2                InterruptController::convertLegacyIRQNumber(int)
 *fill*         0x00000000c0015c2f        0x1 
 .text          0x00000000c0015c30      0x6c8 hal/keybrd.32
                0x00000000c0015c30                startGUI(void*)
                0x00000000c0015c8c                startGUIVESA(void*)
                0x00000000c0015ce8                sendKeyToTerminal(unsigned char)
                0x00000000c0015d54                sendKeyboardToken(KeyboardToken)
                0x00000000c0016191                clearInternalKeybuffer(VgaText*)
                0x00000000c00161c6                readKeyboard(VgaText*, char*, unsigned long)
                0x00000000c001626e                Keyboard::Keyboard(char const*)
                0x00000000c001626e                Keyboard::Keyboard(char const*)
                0x00000000c00162aa                Keyboard::~Keyboard()
                0x00000000c00162aa                Keyboard::~Keyboard()
                0x00000000c00162ce                Keyboard::~Keyboard()
 .text          0x00000000c00162f8      0x414 hal/logidisk.32
                0x00000000c00162f8                LogicalDisk::close(int, int, void*)
                0x00000000c00162fc                LogicalDisk::~LogicalDisk()
                0x00000000c00162fc                LogicalDisk::~LogicalDisk()
                0x00000000c0016320                LogicalDisk::~LogicalDisk()
                0x00000000c001634a                LogicalDisk::open(int, int, void*)
                0x00000000c001635e                LogicalDisk::absoluteToRelative(unsigned long long)
                0x00000000c0016396                LogicalDisk::relativeToAbsolute(unsigned long long)
                0x00000000c00163dc                LogicalDisk::LogicalDisk(char const*, PhysicalDisk*, unsigned long long, unsigned long long)
                0x00000000c00163dc                LogicalDisk::LogicalDisk(char const*, PhysicalDisk*, unsigned long long, unsigned long long)
                0x00000000c0016492                LogicalDisk::assignDriveLetter()
                0x00000000c0016548                LogicalDisk::mount()
                0x00000000c00165ba                LogicalDisk::unmount()
                0x00000000c00165ca                LogicalDisk::eject()
                0x00000000c00165de                LogicalDisk::unassignDriveLetter()
                0x00000000c0016634                LogicalDisk::read(unsigned long long, int, void*)
                0x00000000c00166a0                LogicalDisk::write(unsigned long long, int, void*)
 .text          0x00000000c001670c       0x84 hal/mouse.32
                0x00000000c001670c                Mouse::Mouse(char const*)
                0x00000000c001670c                Mouse::Mouse(char const*)
                0x00000000c0016742                Mouse::~Mouse()
                0x00000000c0016742                Mouse::~Mouse()
                0x00000000c0016766                Mouse::~Mouse()
 .text          0x00000000c0016790      0x34d hal/partition.32
                0x00000000c0016790                makePartition(PhysicalDisk*, unsigned long long, unsigned long long)
                0x00000000c001684c                createPartitionsForDisk(PhysicalDisk*)
 *fill*         0x00000000c0016add        0x1 
 .text          0x00000000c0016ade       0x84 hal/serial.32
                0x00000000c0016ade                Serial::Serial(char const*)
                0x00000000c0016ade                Serial::Serial(char const*)
                0x00000000c0016b14                Serial::~Serial()
                0x00000000c0016b14                Serial::~Serial()
                0x00000000c0016b38                Serial::~Serial()
 .text          0x00000000c0016b62      0x2b8 hal/timer.32
                0x00000000c0016b62                Timer::Timer(char const*)
                0x00000000c0016b62                Timer::Timer(char const*)
                0x00000000c0016b98                Timer::~Timer()
                0x00000000c0016b98                Timer::~Timer()
                0x00000000c0016bbc                Timer::~Timer()
                0x00000000c0016be6                Timer::read()
                0x00000000c0016bf1                timerHandler(unsigned long long)
                0x00000000c0016d28                setupTimer(int)
 .text          0x00000000c0016e1a      0x425 hal/vcache.32
                0x00000000c0016e1a                VCache::VCache(PhysicalDisk*)
                0x00000000c0016e1a                VCache::VCache(PhysicalDisk*)
                0x00000000c0016f82                VCache::invalidateReadBuffer()
                0x00000000c0016f92                VCache::writeWriteBuffer()
                0x00000000c0016fce                VCache::~VCache()
                0x00000000c0016fce                VCache::~VCache()
                0x00000000c0017022                VCache::~VCache()
                0x00000000c001704a                VCache::write(unsigned long long, int, void*)
                0x00000000c0017140                VCache::read(unsigned long long, int, void*)
 *fill*         0x00000000c001723f        0x1 
 .text          0x00000000c0017240      0x4cd hal/video.32
                0x00000000c0017240                Video::putrect(int, int, int, int, unsigned int)
                0x00000000c001728c                Video::bitblit(int, int, int, int, int, int, int, unsigned int*)
                0x00000000c00172fc                Video::blit(unsigned int*, int, int, int, int)
                0x00000000c001737a                Video::clearScreen(unsigned int)
                0x00000000c00173ae                Video::putpixel(int, int, unsigned int)
                0x00000000c00173bc                Video::Video(char const*)
                0x00000000c00173bc                Video::Video(char const*)
                0x00000000c00173f2                Video::~Video()
                0x00000000c00173f2                Video::~Video()
                0x00000000c0017416                Video::~Video()
                0x00000000c0017440                Video::isMonochrome()
                0x00000000c001744c                Video::getWidth()
                0x00000000c0017458                Video::getHeight()
                0x00000000c0017464                Video::drawCursor(int, int, unsigned char*, int)
                0x00000000c0017520                Video::tgaParse(unsigned char*, int, int*, int*)
                0x00000000c00176a2                Video::putTGA(int, int, unsigned char*, int)
 *fill*         0x00000000c001770d        0x1 
 .text          0x00000000c001770e      0xf80 hw/acpi.32
                0x00000000c001770e                ACPI::close(int, int, void*)
                0x00000000c00177c3                findRSDP()
                0x00000000c001785d                loadACPITables(unsigned char*)
                0x00000000c0017a84                findRSDT(unsigned char*)
                0x00000000c0017ba2                findDataTable(unsigned char*, char*)
                0x00000000c0017c3e                scanMADT()
                0x00000000c00180c4                ACPI::ACPI()
                0x00000000c00180c4                ACPI::ACPI()
                0x00000000c001812e                ACPI::getPCIIRQAssignment(unsigned char, unsigned short, unsigned char)
                0x00000000c0018210                ACPI::registerPCIIRQAssignment(void*, unsigned short, unsigned char, unsigned char)
                0x00000000c00182d6                ACPI::setScreenBrightnessLevel(void*, int)
                0x00000000c00182dc                ACPI::writeSimpleBootFlag(SimpleBootFlagTable*)
                0x00000000c0018324                ACPI::open(int, int, void*)
                0x00000000c0018676                ACPI::sleep()
 .text          0x00000000c001868e     0x1715 hw/cpu.32
                0x00000000c001868e                CPU::close(int, int, void*)
                0x00000000c0018692                CPU::lookupAMDName(unsigned char, unsigned char)
                0x00000000c0018826                CPU::lookupIntelName(unsigned char, unsigned char)
                0x00000000c0018ad4                CPU::AMD_K6_write_msr(unsigned int, unsigned int, unsigned int, CPU::REGS*)
                0x00000000c0018af0                CPU::AMD_K6_read_msr(unsigned int, CPU::REGS*)
                0x00000000c0018b08                CPU::AMD_K6_writeback(int, int, int)
                0x00000000c0018b7c                CPU::cpuid(int, unsigned long*, unsigned long*, unsigned long*, unsigned long*)
                0x00000000c0018c00                CPU::cpuidCheckEDX(unsigned int)
                0x00000000c0018c2e                CPU::cpuidCheckECX(unsigned int)
                0x00000000c0018c5c                CPU::cpuidCheckExtendedEBX(unsigned int)
                0x00000000c0018c8a                CPU::cpuidCheckExtendedECX(unsigned int)
                0x00000000c0018cb8                CPU::CPU()
                0x00000000c0018cb8                CPU::CPU()
                0x00000000c0018d46                CPU::displayFeatures()
                0x00000000c0018fc2                CPU::detectFeatures()
                0x00000000c00199b2                CPU::setupSMEP()
                0x00000000c00199be                CPU::setupUMIP()
                0x00000000c00199c8                CPU::setupTSC()
                0x00000000c00199d2                CPU::setupLargePages()
                0x00000000c00199dc                CPU::setupPAT()
                0x00000000c0019a18                CPU::setupMTRR()
                0x00000000c0019a1a                CPU::setupGlobalPages()
                0x00000000c0019a24                CPU::allowUsermodeDataAccess()
                0x00000000c0019a36                CPU::prohibitUsermodeDataAccess()
                0x00000000c0019a48                CPU::setupSMAP()
                0x00000000c0019a56                CPU::setupFeatures()
                0x00000000c0019ad6                CPU::open(int, int, void*)
                0x00000000c0019ba8                CPU::decodeAddress(regs*, int*, bool*, unsigned char*)
 .text          0x00000000c0019da3        0x0 hw/ports.32
 .text          0x00000000c0019da3      0x16a hw/smp.32
                0x00000000c0019da3                Krnl::smpEntry()
                0x00000000c0019da5                Krnl::startCPU(int)
                0x00000000c0019eee                Krnl::startCPUs()
 *fill*         0x00000000c0019f0d        0x1 
 .text          0x00000000c0019f0e      0x5d3 krnl/env.32
                0x00000000c0019f0e                EnvVarContainer::getEnv(char const*)
                0x00000000c0019f4c                EnvVarContainer::setEnv(char const*, char const*)
                0x00000000c001a018                EnvVarContainer::deleteEnv(char const*)
                0x00000000c001a01a                EnvVarContainer::loadFrom(char const*, char const*)
                0x00000000c001a210                EnvVarContainer::__loadSystem()
                0x00000000c001a22a                EnvVarContainer::__loadUser()
                0x00000000c001a22c                EnvVarContainer::EnvVarContainer(Process*)
                0x00000000c001a22c                EnvVarContainer::EnvVarContainer(Process*)
                0x00000000c001a24e                EnvVarContainer::~EnvVarContainer()
                0x00000000c001a24e                EnvVarContainer::~EnvVarContainer()
                0x00000000c001a27e                Krnl::getEnv(Process*, char const*)
                0x00000000c001a2e3                Krnl::setEnvSystem(char const*, char const*)
                0x00000000c001a2fd                Krnl::setEnvUser(char const*, char const*)
                0x00000000c001a31c                Krnl::setEnvProcess(Process*, char const*, char const*)
                0x00000000c001a32f                Krnl::deleteEnvSystem(char const*)
                0x00000000c001a330                Krnl::deleteEnvUser(char const*)
                0x00000000c001a331                Krnl::deleteEnvProcess(Process*, char const*)
                0x00000000c001a332                Krnl::newProcessEnv(Process*)
                0x00000000c001a354                Krnl::copyProcessEnv(Process*, Process*)
                0x00000000c001a3a8                Krnl::loadSystemEnv()
                0x00000000c001a3d6                Krnl::loadUserEnv()
                0x00000000c001a3fc                Krnl::flushEnv()
                0x00000000c001a3fd                Krnl::getProcessTotalEnvCount(Process*)
                0x00000000c001a41d                Krnl::getProcessEnvPair(Process*, int)
 .text          0x00000000c001a4e1      0x396 krnl/panic.32
                0x00000000c001a4e1                Krnl::panic(char const*)
 .text          0x00000000c001a877      0x3b6 net/ethernet.32
                0x00000000c001a877                Net::switchEndian16(unsigned short)
                0x00000000c001a898                Net::switchEndian32(unsigned int)
                0x00000000c001a8c7                Net::crc32Calc(unsigned char*, int)
                0x00000000c001a958                Net::wrapEthernetFrame(Net::UnwrappedEthernetFrame, unsigned char*)
                0x00000000c001aa94                Net::unwrapEthernetFrame(unsigned char*, int)
 .text          0x00000000c001ac2d      0x513 reg/registry.32
                0x00000000c001ac2d                Reg::findLineFromLoadedData(char*, char*, char*)
                0x00000000c001ad85                Reg::getLineFromRegistry(char*, char*, char*, char*)
                0x00000000c001aeda                Reg::getLine(char*, char*, char*)
                0x00000000c001af11                Reg::readInt(char*, char*, int*)
                0x00000000c001affc                Reg::readString(char*, char*, char*, int)
                0x00000000c001b07d                Reg::readBool(char*, char*, bool*)
                0x00000000c001b0a2                Reg::readBoolWithDefault(char*, char*, bool)
                0x00000000c001b0ce                Reg::readIntWithDefault(char*, char*, int)
                0x00000000c001b0fa                Reg::readStringWithDefault(char*, char*, char*, int, char*)
 .text          0x00000000c001b140       0x36 sys/sc_eject.32
                0x00000000c001b140                Sys::eject(regs*)
 .text          0x00000000c001b176       0x18 sys/sc_exit.32
                0x00000000c001b176                Sys::exit(regs*)
 .text          0x00000000c001b18e       0x1f sys/sc_getcwd.32
                0x00000000c001b18e                Sys::getCwd(regs*)
 .text          0x00000000c001b1ad        0xc sys/sc_getpid.32
                0x00000000c001b1ad                Sys::getPID(regs*)
 .text          0x00000000c001b1b9       0x17 sys/sc_getramdata.32
                0x00000000c001b1b9                Sys::getRAMData(regs*)
 .text          0x00000000c001b1d0       0xa8 sys/sc_loaddll.32
                0x00000000c001b1d0                Sys::loadDLL(regs*)
 .text          0x00000000c001b278       0x68 sys/sc_read.32
                0x00000000c001b278                Sys::read(regs*)
 .text          0x00000000c001b2e0       0x55 sys/sc_sbrk.32
                0x00000000c001b2e0                Sys::sbrk(regs*)
 .text          0x00000000c001b335       0x1c sys/sc_setcwd.32
                0x00000000c001b335                Sys::setCwd(regs*)
 .text          0x00000000c001b351      0x128 sys/sc_settime.32
                0x00000000c001b351                Sys::setTime(regs*)
 .text          0x00000000c001b479       0x4a sys/sc_timezone.32
                0x00000000c001b479                Sys::timezone(regs*)
 .text          0x00000000c001b4c3       0x68 sys/sc_write.32
                0x00000000c001b4c3                Sys::write(regs*)
 .text          0x00000000c001b52b       0x62 sys/sc_wsbe.32
                0x00000000c001b52b                Sys::wsbe(regs*)
 .text          0x00000000c001b58d       0x3b sys/sc_yield.32
                0x00000000c001b58d                Sys::yield(regs*)
 .text          0x00000000c001b5c8     0x10e5 sys/syscalls.32
                0x00000000c001b5c8                sysCallSeekDir(regs*)
                0x00000000c001b5cd                sysCallTellDir(regs*)
                0x00000000c001b5d2                sysCallVerify(regs*)
                0x00000000c001b5dc                sysFormatDisk(regs*)
                0x00000000c001b646                sysSetDiskVolumeLabel(regs*)
                0x00000000c001b68c                sysGetDiskVolumeLabel(regs*)
                0x00000000c001b6dd                sysShutdown(regs*)
                0x00000000c001b73b                sysCallRealpath(regs*)
                0x00000000c001b77e                sysCallGetArgc(regs*)
                0x00000000c001b7ac                sysCallReadDir(regs*)
                0x00000000c001b83a                sysCallIsATTY(regs*)
                0x00000000c001b894                sysCallSeek(regs*)
                0x00000000c001b8fd                sysCallTell(regs*)
                0x00000000c001b97a                sysCallSize(regs*)
                0x00000000c001b9fd                sysCallSizeFromFilename(regs*)
                0x00000000c001babd                sysCallClose(regs*)
                0x00000000c001bb45                sysCallOpenDir(regs*)
                0x00000000c001bbba                sysCallCloseDir(regs*)
                0x00000000c001bc20                sysCallMakeDir(regs*)
                0x00000000c001bc90                sysCallWait(regs*)
                0x00000000c001bcaa                sysCallNotImpl(regs*)
                0x00000000c001bcc5                sysPanic(regs*)
                0x00000000c001bceb                sysCallRmdir(regs*)
                0x00000000c001bd4f                sysCallUnlink(regs*)
                0x00000000c001bdb3                sysCallGetArgv(regs*)
                0x00000000c001bdff                sysCallTTYName(regs*)
                0x00000000c001be82                sysCallUSleep(regs*)
                0x00000000c001bea9                sysCallSpawn(regs*)
                0x00000000c001bf01                sysCallGetEnv(regs*)
                0x00000000c001c039                sysAppSettings(regs*)
                0x00000000c001c158                sysSetFatAttrib(regs*)
                0x00000000c001c1ca                sysPipe(regs*)
                0x00000000c001c20f                sysGetUnixTime(regs*)
                0x00000000c001c223                string_ends_with(char const*, char const*)
                0x00000000c001c26b                sysCallOpen(regs*)
                0x00000000c001c480                Sys::loadSyscalls()
                0x00000000c001c66b                Sys::systemCall(regs*, void*)
 .text          0x00000000c001c6ad     0x11d4 thr/elf.32
                0x00000000c001c6ad                Thr::allocateMemoryForTask(Process*, File*, unsigned long, unsigned long, unsigned long)
                0x00000000c001c93f                Thr::loadProgramIntoMemory(Process*, char const*)
                0x00000000c001cb55                Thr::runtimeReferenceHelper()
                0x00000000c001cb68                Thr::getAddressOfKernelSymbol(char const*)
                0x00000000c001cbb7                Thr::loadKernelSymbolTable(char const*)
                0x00000000c001ce75                Thr::loadDriverIntoMemory(char const*, unsigned long, bool)
                0x00000000c001d591                Thr::getDriverBaseFromAddress(unsigned long)
                0x00000000c001d5c3                Thr::getDriverNameFromAddress(unsigned long)
                0x00000000c001d5fa                Thr::getDriverOffsetFromAddress(unsigned long)
                0x00000000c001d614                Thr::loadDLL(char const*, bool)
                0x00000000c001d848                Thr::executeDLL(unsigned long, void*)
 *fill*         0x00000000c001d881        0x1 
 .text          0x00000000c001d882     0x1090 thr/prcssthr.32
                0x00000000c001d882                changeTSS
                0x00000000c001d8b2                Process::addArgs(char**)
                0x00000000c001d90c                Process::Process(char const*, Process*, char**)
                0x00000000c001d90c                Process::Process(char const*, Process*, char**)
                0x00000000c001daf0                Process::Process(bool, char const*, Process*, char**)
                0x00000000c001daf0                Process::Process(bool, char const*, Process*, char**)
                0x00000000c001dc9f                disableIRQs()
                0x00000000c001dca7                getIRQNestingLevel()
                0x00000000c001dcad                enableIRQs()
                0x00000000c001dcbc                lockScheduler()
                0x00000000c001dcbe                unlockScheduler()
                0x00000000c001dcc0                userModeEntryPoint(void*)
                0x00000000c001dce3                lockStuff()
                0x00000000c001dcef                taskStartupFunction
                0x00000000c001dcf8                updateTimeUsed()
                0x00000000c001dd5d                switchToThread(ThreadControlBlock*)
                0x00000000c001ddae                Semaphore::Semaphore(int)
                0x00000000c001ddae                Semaphore::Semaphore(int)
                0x00000000c001dddc                Mutex::Mutex()
                0x00000000c001dddc                Mutex::Mutex()
                0x00000000c001ddee                Process::createThread(void (*)(void*), void*, int)
                0x00000000c001def4                Process::createUserThread()
                0x00000000c001df10                setupMultitasking(void (*)())
                0x00000000c001e032                schedule()
                0x00000000c001e0b7                unlockStuff()
                0x00000000c001e0ec                Semaphore::tryAcquire()
                0x00000000c001e11a                Semaphore::assertLocked(char const*)
                0x00000000c001e14a                blockTaskWithSchedulerLockAlreadyHeld(TaskState)
                0x00000000c001e18c                blockTask(TaskState)
                0x00000000c001e1ad                waitTask(int, int*, int)
                0x00000000c001e1ef                nanoSleepUntil(unsigned long long)
                0x00000000c001e246                nanoSleep(unsigned long long)
                0x00000000c001e25b                sleep(unsigned long long)
                0x00000000c001e278                Semaphore::acquire()
                0x00000000c001e2e0                taskReturned
                0x00000000c001e30e                unblockTask(ThreadControlBlock*)
                0x00000000c001e3bd                cleanupTerminatedTask(ThreadControlBlock*)
                0x00000000c001e686                cleanerTaskFunction(void*)
                0x00000000c001e739                terminateTask(int)
                0x00000000c001e819                Thr::terminateFromIRQ(int)
                0x00000000c001e826                Semaphore::release()
 .text          0x00000000c001e912      0xc26 vm86/vm8086.32
                0x00000000c001e912                Vm::inbv(unsigned short)
                0x00000000c001e925                Vm::outbv(unsigned short, unsigned char)
                0x00000000c001e978                Vm::realToLinear(unsigned short, unsigned short)
                0x00000000c001e988                Vm::getSegment(unsigned int)
                0x00000000c001e990                Vm::getOffset(unsigned int)
                0x00000000c001e995                Vm::mainloop2()
                0x00000000c001e9d0                Vm::mainVm8086Loop(void*)
                0x00000000c001e9dd                Vm::mainloop3(unsigned long)
                0x00000000c001ea07                Vm::initialise8086()
                0x00000000c001ea4a                Vm::finish8086()
                0x00000000c001ea8f                Vm::getOutput8086(unsigned char*)
                0x00000000c001eab9                Vm::start8086(char const*, unsigned short, unsigned short, unsigned short, unsigned short)
                0x00000000c001ec09                Vm::doISR(regs*, int, unsigned char*, unsigned short, unsigned short)
                0x00000000c001ec93                Vm::readByteFromReal(unsigned short, unsigned short)
                0x00000000c001eca4                Vm::readWordFromReal(unsigned short, unsigned short)
                0x00000000c001ecb6                Vm::readDwordFromReal(unsigned short, unsigned short)
                0x00000000c001ecc7                Vm::writeByteFromReal(unsigned short, unsigned short, unsigned char)
                0x00000000c001ecdc                Vm::writeWordFromReal(unsigned short, unsigned short, unsigned short)
                0x00000000c001ecf2                Vm::writeDwordFromReal(unsigned short, unsigned short, unsigned int)
                0x00000000c001ed07                Vm::faultHandler(regs*)
 .text          0x00000000c001f538      0xefd vm86/x87em.32
                0x00000000c001f538                Vm::fpuInternalTo32(unsigned long long)
                0x00000000c001f593                Vm::fpuInternalTo64(unsigned long long)
                0x00000000c001f59c                Vm::fpu32ToInternal(unsigned int)
                0x00000000c001f5e1                Vm::fpu64ToInternal(unsigned long long)
                0x00000000c001f5ea                Vm::fpuFloatToLong(unsigned long long)
                0x00000000c001f645                Vm::fpuULongToFloat(unsigned long long)
                0x00000000c001f67b                Vm::fpuLongToFloat(long long)
                0x00000000c001f6d1                Vm::fpuGet0()
                0x00000000c001f6d6                Vm::fpuGet1()
                0x00000000c001f6de                Vm::fpuGetPi()
                0x00000000c001f6e6                Vm::fpuGetLog2E()
                0x00000000c001f6fe                Vm::fpuGetLogE2()
                0x00000000c001f716                Vm::fpuGetLog210()
                0x00000000c001f72e                Vm::fpuGetLog102()
                0x00000000c001f746                Vm::fpuIsSecondLarger(unsigned long long, unsigned long long)
                0x00000000c001f75a                Vm::fpuAreEqual(unsigned long long, unsigned long long)
                0x00000000c001f770                Vm::fpuUnorderedCompare(unsigned long long, unsigned long long)
                0x00000000c001f7c3                Vm::fpuAdd(unsigned long long, unsigned long long)
                0x00000000c001f7d4                Vm::fpuAbs(unsigned long long)
                0x00000000c001f7dd                Vm::fpuChs(unsigned long long)
                0x00000000c001f7ed                Vm::fpuSub(unsigned long long, unsigned long long)
                0x00000000c001f7fc                Vm::fpuMultiply(unsigned long long, unsigned long long)
                0x00000000c001f81b                Vm::fpuDivide(unsigned long long, unsigned long long)
                0x00000000c001f837                Vm::fpuSquare(unsigned long long)
                0x00000000c001f84d                Vm::fpuGetReg(int)
                0x00000000c001f890                Vm::fpuSetReg(int, unsigned long long)
                0x00000000c001f8db                Vm::fpuPush(unsigned long long)
                0x00000000c001f938                Vm::fpuPop()
                0x00000000c001f98a                Vm::x87Handler(regs*)
 *fill*         0x00000000c0020435        0x1 
 .text          0x00000000c0020436     0x11af fs/fat/vfslink.32
                0x00000000c0020436                FAT::getName()
                0x00000000c002043c                FAT::tell(void*, unsigned long long*)
                0x00000000c0020470                FAT::stat(void*, unsigned long long*)
                0x00000000c00204a4                FAT::~FAT()
                0x00000000c00204a4                FAT::~FAT()
                0x00000000c00204c8                FAT::~FAT()
                0x00000000c00204f0                FAT::getlabel(LogicalDisk*, int, char*, unsigned int*)
                0x00000000c002058e                FAT::setlabel(LogicalDisk*, int, char*)
                0x00000000c0020648                FAT::format(LogicalDisk*, int, char const*, int)
                0x00000000c002082c                FAT::tryMount(LogicalDisk*, int)
                0x00000000c0020a32                FAT::getFileFirstSector(char const*)
                0x00000000c0020af4                FAT::readDir(void*, unsigned long, void*, int*)
                0x00000000c0020bfa                FAT::read(void*, unsigned long, void*, int*)
                0x00000000c0020c54                FAT::write(void*, unsigned long, void*, int*)
                0x00000000c0020cae                FAT::close(void*)
                0x00000000c0020cfa                FAT::closeDir(void*)
                0x00000000c0020d46                FAT::seek(void*, unsigned long long)
                0x00000000c0020d9a                fatWrapperReadDisk
                0x00000000c0020de1                fatWrapperWriteDisk
                0x00000000c0020e28                fatWrapperIoctl
                0x00000000c0020f2c                FAT::FAT()
                0x00000000c0020f2c                FAT::FAT()
                0x00000000c0020f7e                FAT::fixFilepath(char*)
                0x00000000c0020fb6                FAT::open(char const*, void**, FileOpenMode)
                0x00000000c00210de                FAT::openDir(char const*, void**)
                0x00000000c0021184                FAT::stat(char const*, unsigned long long*, bool*)
                0x00000000c002126e                FAT::unlink(char const*)
                0x00000000c00212e8                FAT::chfatattr(char const*, unsigned char, unsigned char)
                0x00000000c002143c                FAT::rename(char const*, char const*)
                0x00000000c0021500                FAT::mkdir(char const*)
                0x00000000c002157a                FAT::exists(char const*)
 *fill*         0x00000000c00215e5        0x1 
 .text          0x00000000c00215e6      0xbc1 fs/iso9660/vfslink.32
                0x00000000c00215e6                ISO9660::format(LogicalDisk*, int, char const*, int)
                0x00000000c00215ec                ISO9660::seek(void*, unsigned long long)
                0x00000000c002161c                ISO9660::tell(void*, unsigned long long*)
                0x00000000c0021640                ISO9660::getName()
                0x00000000c0021646                ISO9660::stat(void*, unsigned long long*)
                0x00000000c002166a                ISO9660::chfatattr(char const*, unsigned char, unsigned char)
                0x00000000c0021670                ISO9660::unlink(char const*)
                0x00000000c0021676                ISO9660::write(void*, unsigned long, void*, int*)
                0x00000000c002167c                ISO9660::rename(char const*, char const*)
                0x00000000c0021682                ISO9660::mkdir(char const*)
                0x00000000c0021688                ISO9660::close(void*)
                0x00000000c00216aa                ISO9660::closeDir(void*)
                0x00000000c00216cc                ISO9660::~ISO9660()
                0x00000000c00216cc                ISO9660::~ISO9660()
                0x00000000c00216f0                ISO9660::~ISO9660()
                0x00000000c0021717                __memmem(unsigned char*, int, unsigned char*, int)
                0x00000000c0021759                readSectorFromCDROM(unsigned int, unsigned char*, char)
                0x00000000c00217c0                ISO9660::tryMount(LogicalDisk*, int)
                0x00000000c0021810                ISO9660::read(void*, unsigned long, void*, int*)
                0x00000000c0021a10                ISO9660::readDir(void*, unsigned long, void*, int*)
                0x00000000c0021c9d                readRoot(unsigned int*, unsigned int*, char)
                0x00000000c0021cf2                readRecursively(char*, unsigned int, unsigned int, unsigned int*, unsigned int*, char, int*)
                0x00000000c0021ec5                getFileData(char*, unsigned int*, unsigned int*, char, int*)
                0x00000000c0021f54                ISO9660::open(char const*, void**, FileOpenMode)
                0x00000000c0022014                ISO9660::exists(char const*)
                0x00000000c0022038                ISO9660::stat(char const*, unsigned long long*, bool*)
                0x00000000c00220cc                ISO9660::openDir(char const*, void**)
                0x00000000c0022184                ISO9660::ISO9660()
                0x00000000c0022184                ISO9660::ISO9660()
 *fill*         0x00000000c00221a7        0x1 
 .text          0x00000000c00221a8      0x326 hal/sound/sndchannel.32
                0x00000000c00221a8                SoundChannel::~SoundChannel()
                0x00000000c00221a8                SoundChannel::~SoundChannel()
                0x00000000c00221c4                SoundChannel::setSpeed(float)
                0x00000000c00221d0                SoundChannel::getSpeed()
                0x00000000c00221d8                SoundChannel::setVolume(int)
                0x00000000c00221f4                SoundChannel::getVolume()
                0x00000000c00221fc                SoundChannel::pause()
                0x00000000c0022206                SoundChannel::SoundChannel(int, int, int, int)
                0x00000000c0022206                SoundChannel::SoundChannel(int, int, int, int)
                0x00000000c002235c                SoundChannel::play()
                0x00000000c0022366                SoundChannel::paused()
                0x00000000c002236e                SoundChannel::getSampleRate()
                0x00000000c0022376                SoundChannel::getBits()
                0x00000000c002237e                SoundChannel::getBufferUsed()
                0x00000000c0022386                SoundChannel::getBufferSize()
                0x00000000c002238e                SoundChannel::unbuffer(float*, int, int)
                0x00000000c002242e                SoundChannel::buffer8(unsigned char*, int)
 .text          0x00000000c00224ce      0x3d5 hal/sound/sndhw.32
                0x00000000c00224ce                SoundDevice::SoundDevice(char const*)
                0x00000000c00224ce                SoundDevice::SoundDevice(char const*)
                0x00000000c002253a                SoundDevice::~SoundDevice()
                0x00000000c002253a                SoundDevice::~SoundDevice()
                0x00000000c00225b4                SoundDevice::~SoundDevice()
                0x00000000c00225de                SoundDevice::getFreeChannelNum()
                0x00000000c00225f8                SoundDevice::addChannel(SoundChannel*)
                0x00000000c0022668                SoundDevice::removeChannel(int)
                0x00000000c002269a                SoundDevice::floatTo8(float*, unsigned char*, int)
                0x00000000c0022782                SoundDevice::getAudio(int, float*, float*)
 .text          0x00000000c00228a3        0x0 hw/bus/isa.32
 *fill*         0x00000000c00228a3        0x1 
 .text          0x00000000c00228a4      0x6c3 hw/bus/pci.32
                0x00000000c00228a4                PCI::open(int, int, void*)
                0x00000000c00228b8                PCI::close(int, int, void*)
                0x00000000c00228bc                PCI::PCI()
                0x00000000c00228bc                PCI::PCI()
                0x00000000c002293c                PCI::pciReadWord(unsigned char, unsigned char, unsigned char, unsigned char)
                0x00000000c0022984                PCI::getVendorID(unsigned char, unsigned char, unsigned char)
                0x00000000c00229a6                PCI::getHeaderType(unsigned char, unsigned char, unsigned char)
                0x00000000c00229ca                PCI::getClassCode(unsigned char, unsigned char, unsigned char)
                0x00000000c0022a0e                PCI::getProgIF(unsigned char, unsigned char, unsigned char)
                0x00000000c0022a32                PCI::getRevisionID(unsigned char, unsigned char, unsigned char)
                0x00000000c0022a54                PCI::getInterruptNumber(unsigned char, unsigned char, unsigned char)
                0x00000000c0022a76                PCI::getSecondaryBus(unsigned char, unsigned char, unsigned char)
                0x00000000c0022a9a                PCI::getBARAddress(unsigned char, unsigned char, unsigned char, unsigned char)
                0x00000000c0022afa                PCI::pciWriteWord(unsigned char, unsigned char, unsigned char, unsigned char, unsigned short)
                0x00000000c0022b66                PCI::checkBus(unsigned char)
                0x00000000c0022b8a                PCI::foundDevice(PCIDeviceInfo)
                0x00000000c0022cfc                PCI::getDeviceData(unsigned char, unsigned char, unsigned char)
                0x00000000c0022ea8                PCI::checkDevice(unsigned char, unsigned char)
                0x00000000c0022f14                PCI::detect()
 *fill*         0x00000000c0022f67        0x1 
 .text          0x00000000c0022f68      0xc70 hw/diskctrl/ide.32
                0x00000000c0022f68                IDE::close(int, int, void*)
                0x00000000c0022f6c                IDE::IDE()
                0x00000000c0022f6c                IDE::IDE()
                0x00000000c0022fa0                IDE::prepareInterrupt(unsigned char)
                0x00000000c0022fb2                selectDrive(unsigned char, unsigned char)
                0x00000000c0022fb4                IDE::getBase(unsigned char)
                0x00000000c0022fc6                IDE::write(unsigned char, unsigned char, unsigned char)
                0x00000000c0023086                IDE::read(unsigned char, unsigned char)
                0x00000000c0023134                IDE::waitInterrupt(unsigned char)
                0x00000000c002319a                ideChannel0IRQHandler(regs*, void*)
                0x00000000c00231b6                ideChannel1IRQHandler(regs*, void*)
                0x00000000c00231d2                IDE::enableIRQs(unsigned char, bool)
                0x00000000c0023218                IDE::open(int, int, void*)
                0x00000000c0023628                IDE::readBuffer(unsigned char, unsigned char, unsigned int, unsigned int)
                0x00000000c00236f4                IDE::detect()
                0x00000000c00239dc                IDE::printError(unsigned char, unsigned char, unsigned char)
                0x00000000c0023b72                IDE::polling(unsigned char, unsigned int)
 .text          0x00000000c0023bd8      0x390 hw/diskctrl/satabus.32
                0x00000000c0023bd8                SATABus::close(int, int, void*)
                0x00000000c0023bdc                SATABus::detect()
                0x00000000c0023bde                SATABus::SATABus()
                0x00000000c0023bde                SATABus::SATABus()
                0x00000000c0023c8a                SATABus::findCmdslot(SATABus::tagHBA_PORT volatile*)
                0x00000000c0023cd2                SATABus::checkType(SATABus::tagHBA_PORT volatile*)
                0x00000000c0023d1a                SATABus::startCmd(SATABus::tagHBA_PORT volatile*)
                0x00000000c0023d3a                SATABus::stopCmd(SATABus::tagHBA_PORT volatile*)
                0x00000000c0023d64                SATABus::portRebase(SATABus::tagHBA_PORT volatile*, int)
                0x00000000c0023e6a                SATABus::probePort(SATABus::tagHBA_MEM volatile*)
                0x00000000c0023f48                SATABus::open(int, int, void*)
 .text          0x00000000c0023f68      0x63c hw/diskphys/ata.32
                0x00000000c0023f68                ATA::close(int, int, void*)
                0x00000000c0023f8c                ATA::powerSaving(PowerSavingLevel)
                0x00000000c0023f8e                ATA::ATA()
                0x00000000c0023f8e                ATA::ATA()
                0x00000000c0023fbc                ATA::flush(bool)
                0x00000000c0024006                ATA::readyForCommand()
                0x00000000c0024056                ATA::access(unsigned long long, int, void*, bool)
                0x00000000c00243de                ATA::read(unsigned long long, int, void*)
                0x00000000c0024446                ATA::write(unsigned long long, int, void*)
                0x00000000c00244ae                ATA::detectCHS()
                0x00000000c00244d8                ATA::open(int, int, void*)
 .text          0x00000000c00245a4      0x5bd hw/diskphys/atapi.32
                0x00000000c00245a4                ATAPI::write(unsigned long long, int, void*)
                0x00000000c00245aa                ATAPI::close(int, int, void*)
                0x00000000c00245ce                ATAPI::ATAPI()
                0x00000000c00245ce                ATAPI::ATAPI()
                0x00000000c00245fc                ATAPI::readyForCommand()
                0x00000000c002464c                ATAPI::sendPacket(unsigned char*, int, bool, unsigned short*, int)
                0x00000000c002490c                ATAPI::diskRemoved()
                0x00000000c0024928                ATAPI::eject()
                0x00000000c0024970                ATAPI::diskInserted()
                0x00000000c002499e                ATAPI::detectMedia()
                0x00000000c0024a5a                ATAPI::open(int, int, void*)
                0x00000000c0024ae2                ATAPI::read(unsigned long long, int, void*)
 *fill*         0x00000000c0024b61        0x1 
 .text          0x00000000c0024b62      0x455 hw/diskphys/sata.32
                0x00000000c0024b62                SATA::close(int, int, void*)
                0x00000000c0024b86                SATA::powerSaving(PowerSavingLevel)
                0x00000000c0024b88                SATA::open(int, int, void*)
                0x00000000c0024c36                SATA::SATA()
                0x00000000c0024c36                SATA::SATA()
                0x00000000c0024c64                SATA::access(unsigned long long, int, void*, bool)
                0x00000000c0024eca                SATA::read(unsigned long long, int, void*)
                0x00000000c0024f32                SATA::write(unsigned long long, int, void*)
 *fill*         0x00000000c0024fb7        0x1 
 .text          0x00000000c0024fb8      0x500 hw/diskphys/satapi.32
                0x00000000c0024fb8                SATAPI::write(unsigned long long, int, void*)
                0x00000000c0024fbe                SATAPI::close(int, int, void*)
                0x00000000c0024fe2                SATAPI::SATAPI()
                0x00000000c0024fe2                SATAPI::SATAPI()
                0x00000000c0025010                SATAPI::diskRemoved()
                0x00000000c002502c                SATAPI::diskInserted()
                0x00000000c002505a                SATAPI::sendPacket(unsigned char*, int, unsigned long long, unsigned short*, int)
                0x00000000c002525e                SATAPI::eject()
                0x00000000c00252a6                SATAPI::detectMedia()
                0x00000000c0025368                SATAPI::open(int, int, void*)
                0x00000000c0025416                SATAPI::read(unsigned long long, int, void*)
 .text          0x00000000c00254b8       0x8e hw/fpu/avx.32
                0x00000000c00254b8                AVX::open(int, int, void*)
                0x00000000c00254ca                AVX::close(int, int, void*)
                0x00000000c00254dc                AVX::available()
                0x00000000c00254ee                AVX::save(void*)
                0x00000000c0025506                AVX::load(void*)
                0x00000000c002551e                AVX::AVX()
                0x00000000c002551e                AVX::AVX()
 .text          0x00000000c0025546       0x90 hw/fpu/mmx.32
                0x00000000c0025546                MMX::available()
                0x00000000c002555a                MMX::open(int, int, void*)
                0x00000000c002556c                MMX::close(int, int, void*)
                0x00000000c002557e                MMX::save(void*)
                0x00000000c0025596                MMX::load(void*)
                0x00000000c00255ae                MMX::MMX()
                0x00000000c00255ae                MMX::MMX()
 .text          0x00000000c00255d6       0x96 hw/fpu/sse.32
                0x00000000c00255d6                SSE::open(int, int, void*)
                0x00000000c00255e8                SSE::close(int, int, void*)
                0x00000000c00255fa                SSE::available()
                0x00000000c0025614                SSE::save(void*)
                0x00000000c002562c                SSE::load(void*)
                0x00000000c0025644                SSE::SSE()
                0x00000000c0025644                SSE::SSE()
 .text          0x00000000c002566c       0x8e hw/fpu/x87.32
                0x00000000c002566c                x87::open(int, int, void*)
                0x00000000c002567e                x87::close(int, int, void*)
                0x00000000c0025690                x87::available()
                0x00000000c00256a2                x87::save(void*)
                0x00000000c00256ba                x87::load(void*)
                0x00000000c00256d2                x87::x87()
                0x00000000c00256d2                x87::x87()
 .text          0x00000000c00256fa      0x71e hw/intctrl/apic.32
                0x00000000c00256fa                APIC::disable()
                0x00000000c00256fc                APIC::close(int, int, void*)
                0x00000000c002571e                IOAPIC::close(int, int, void*)
                0x00000000c0025724                APIC::io_wait()
                0x00000000c002572a                APIC::getBase()
                0x00000000c002576c                APIC::eoi(unsigned char)
                0x00000000c002579a                APIC::open(int, int, void*)
                0x00000000c00258e8                IOAPIC::IOAPIC()
                0x00000000c00258e8                IOAPIC::IOAPIC()
                0x00000000c0025910                APIC::APIC()
                0x00000000c0025910                APIC::APIC()
                0x00000000c00259ec                IOAPIC::handlesGSIWithNumber(unsigned int)
                0x00000000c0025a1e                IOAPIC::read(int)
                0x00000000c0025a46                IOAPIC::open(int, int, void*)
                0x00000000c0025b3c                IOAPIC::write(int, int)
                0x00000000c0025b68                IOAPIC::redirect(unsigned char, unsigned long long, unsigned char, bool, bool)
                0x00000000c0025c62                APIC::installIRQHandler(int, void (*)(regs*, void*), bool, void*)
 .text          0x00000000c0025e18      0x3d3 hw/intctrl/pic.32
                0x00000000c0025e18                PIC::disable()
                0x00000000c0025e46                PIC::close(int, int, void*)
                0x00000000c0025e68                PIC::PIC()
                0x00000000c0025e68                PIC::PIC()
                0x00000000c0025f3e                PIC::ioWait()
                0x00000000c0025f44                PIC::getIRQReg(int)
                0x00000000c0025fae                PIC::eoi(unsigned char)
                0x00000000c0026040                PIC::remap()
                0x00000000c00261ac                PIC::open(int, int, void*)
 *fill*         0x00000000c00261eb        0x1 
 .text          0x00000000c00261ec      0x25e hw/timer/apictimer.32
                0x00000000c00261ec                APICTimer::close(int, int, void*)
                0x00000000c00261f2                apicTimerHandler(regs*, void*)
                0x00000000c0026220                APICTimer::write(int)
                0x00000000c0026324                APICTimer::open(int, int, void*)
                0x00000000c0026422                APICTimer::APICTimer()
                0x00000000c0026422                APICTimer::APICTimer()
 .text          0x00000000c002644a      0x1a7 hw/timer/pit.32
                0x00000000c002644a                PIT::write(int)
                0x00000000c00264c8                pitHandler(regs*, void*)
                0x00000000c00264f4                PIT::open(int, int, void*)
                0x00000000c0026542                PIT::close(int, int, void*)
                0x00000000c0026572                PIT::PIT()
                0x00000000c0026572                PIT::PIT()
 *fill*         0x00000000c00265f1        0xf 
 .text          0x00000000c0026600       0x1e hw/fpu/x86/avx.32
                0x00000000c0026600                avxDetect
                0x00000000c0026606                avxSave
                0x00000000c0026607                avxLoad
                0x00000000c0026608                avxInit
                0x00000000c0026609                avxClose
                0x00000000c002660a                wouldSheSayYes
 *fill*         0x00000000c002661e        0x2 
 .text          0x00000000c0026620       0x35 hw/fpu/x86/sse.32
                0x00000000c0026620                absolutelyNoChanceInHell
                0x00000000c0026620                sseDetect
                0x00000000c0026638                sseSave
                0x00000000c002663e                sseLoad
                0x00000000c0026644                sseInit
                0x00000000c0026654                sseClose
 *fill*         0x00000000c0026655        0xb 
 .text          0x00000000c0026660       0x4d hw/fpu/x86/x87.32
                0x00000000c0026666                x87Detect
                0x00000000c0026681                x87Save
                0x00000000c002668a                x87Load
                0x00000000c0026692                x87Init
                0x00000000c00266ac                x87Close
 *fill*         0x00000000c00266ad        0x3 
 .text          0x00000000c00266b0       0x25 /cygdrive/d/Users/Alex/Desktop/Toolchain/Output/bin/../lib/gcc/i386-banana/8.1.0/crtend.o
 .text          0x00000000c00266d5        0x0 crtn.32
 *fill*         0x00000000c00266d5        0x3 
 .text          0x00000000c00266d8      0x14b /cygdrive/d/Users/Alex/Desktop/Toolchain/Output/bin/../lib/gcc/i386-banana/8.1.0/libkgcc.a(_divdi3.o)
                0x00000000c00266d8                __divdi3
 *fill*         0x00000000c0026823        0x1 
 .text          0x00000000c0026824      0x17e /cygdrive/d/Users/Alex/Desktop/Toolchain/Output/bin/../lib/gcc/i386-banana/8.1.0/libkgcc.a(_moddi3.o)
                0x00000000c0026824                __moddi3
 *fill*         0x00000000c00269a2        0x2 
 .text          0x00000000c00269a4       0xff /cygdrive/d/Users/Alex/Desktop/Toolchain/Output/bin/../lib/gcc/i386-banana/8.1.0/libkgcc.a(_udivdi3.o)
                0x00000000c00269a4                __udivdi3
 *fill*         0x00000000c0026aa3        0x1 
 .text          0x00000000c0026aa4      0x11a /cygdrive/d/Users/Alex/Desktop/Toolchain/Output/bin/../lib/gcc/i386-banana/8.1.0/libkgcc.a(_umoddi3.o)
                0x00000000c0026aa4                __umoddi3
 .text          0x00000000c0026bbe      0x96d D:/Users/Alex/Desktop/Banana/kernel/libsoftfp.a(sfieeelib.o)
                0x00000000c0026bbe                __addsf3
                0x00000000c0026ec0                __subsf3
                0x00000000c0026ed4                __negsf2
                0x00000000c0026ee1                __mulsf3
                0x00000000c00270a4                __divsf3
                0x00000000c00272cf                __floatsisf
                0x00000000c0027343                __floatunsisf
                0x00000000c0027385                __fixsfsi