Archive member included to satisfy reference by file (symbol)

/cygdrive/d/Users/Alex/Desktop/Toolchain/Output/bin/../lib/gcc/i386-banana/8.1.0/libkgcc.a(_divdi3.o)
                              fs/fat/ff.32 (__divdi3)
/cygdrive/d/Users/Alex/Desktop/Toolchain/Output/bin/../lib/gcc/i386-banana/8.1.0/libkgcc.a(_moddi3.o)
                              thr/elf.32 (__moddi3)
/cygdrive/d/Users/Alex/Desktop/Toolchain/Output/bin/../lib/gcc/i386-banana/8.1.0/libkgcc.a(_udivdi3.o)
                              fs/fat/ff.32 (__udivdi3)
/cygdrive/d/Users/Alex/Desktop/Toolchain/Output/bin/../lib/gcc/i386-banana/8.1.0/libkgcc.a(_umoddi3.o)
                              core/pipe.32 (__umoddi3)
D:/Users/Alex/Desktop/Banana/kernel/libsoftfp.a(sfieeelib.o)
                              hal/sound/sndhw.32 (__addsf3)
D:/Users/Alex/Desktop/Banana/kernel/libsoftfp.a(dfieeelib.o)
                              hal/libresample/src_linear.32 (__adddf3)
D:/Users/Alex/Desktop/Banana/kernel/libsoftfp.a(sfdfcvt.o)
                              hal/libresample/samplerate.32 (__truncdfsf2)
D:/Users/Alex/Desktop/Banana/kernel/libk/libm32.a(s_fabs.c.o)
                              hal/libresample/samplerate.32 (fabs)
D:/Users/Alex/Desktop/Banana/kernel/libk/libm32.a(s_lrint.S.o)
                              hal/libresample/samplerate.32 (lrint)
D:/Users/Alex/Desktop/Banana/kernel/libk/libm32.a(s_lrintf.S.o)
                              hal/sound/sndhw.32 (lrintf)

Discarded input sections

 .comment       0x0000000000000000       0x12 /cygdrive/d/Users/Alex/Desktop/Toolchain/Output/bin/../lib/gcc/i386-banana/8.1.0/crtbegin.o
 .comment       0x0000000000000000       0x12 acpica/utclib.32
 .comment       0x0000000000000000       0x12 core/malloc.32
 .comment       0x0000000000000000       0x12 libk/string.32
 .comment       0x0000000000000000       0x12 fs/fat/diskio.32
 .comment       0x0000000000000000       0x12 fs/fat/ff.32
 .comment       0x0000000000000000       0x12 fs/fat/ffsystem.32
 .comment       0x0000000000000000       0x12 fs/fat/ffunicode.32
 .comment       0x0000000000000000       0x12 hal/libresample/samplerate.32
 .comment       0x0000000000000000       0x12 hal/libresample/src_linear.32
 .comment       0x0000000000000000       0x12 hal/libresample/src_sinc.32
 .comment       0x0000000000000000       0x12 hal/libresample/src_zoh.32
 .comment       0x0000000000000000       0x12 compat/inlines.32
 .group         0x0000000000000000       0x14 core/computer.32
 .group         0x0000000000000000        0xc core/computer.32
 .comment       0x0000000000000000       0x12 core/computer.32
 .comment       0x0000000000000000       0x12 core/gdt.32
 .group         0x0000000000000000        0xc core/idle.32
 .comment       0x0000000000000000       0x12 core/idle.32
 .comment       0x0000000000000000       0x12 core/idt.32
 .comment       0x0000000000000000       0x12 core/kheap.32
 .comment       0x0000000000000000       0x12 core/main.32
 .comment       0x0000000000000000       0x12 core/physmgr.32
 .group         0x0000000000000000        0xc core/pipe.32
 .comment       0x0000000000000000       0x12 core/pipe.32
 .group         0x0000000000000000        0xc core/terminal.32
 .comment       0x0000000000000000       0x12 core/terminal.32
 .comment       0x0000000000000000       0x12 core/tss.32
 .group         0x0000000000000000        0x8 core/unixfile.32
 .group         0x0000000000000000        0xc core/unixfile.32
 .group         0x0000000000000000        0xc core/unixfile.32
 .group         0x0000000000000000        0x8 core/unixfile.32
 .group         0x0000000000000000        0xc core/unixfile.32
 .group         0x0000000000000000        0x8 core/unixfile.32
 .group         0x0000000000000000        0xc core/unixfile.32
 .group         0x0000000000000000        0xc core/unixfile.32
 .comment       0x0000000000000000       0x12 core/unixfile.32
 .comment       0x0000000000000000       0x12 core/virtmgr.32
 .comment       0x0000000000000000       0x12 coreobjs/c++.32
 .comment       0x0000000000000000       0x12 dbg/kconsole.32
 .group         0x0000000000000000        0xc fs/vfs.32
 .group         0x0000000000000000        0xc fs/vfs.32
 .group         0x0000000000000000        0xc fs/vfs.32
 .comment       0x0000000000000000       0x12 fs/vfs.32
 .group         0x0000000000000000        0xc hal/bus.32
 .comment       0x0000000000000000       0x12 hal/bus.32
 .group         0x0000000000000000        0xc hal/buzzer.32
 .comment       0x0000000000000000       0x12 hal/buzzer.32
 .group         0x0000000000000000        0xc hal/clock.32
 .comment       0x0000000000000000       0x12 hal/clock.32
 .group         0x0000000000000000       0x14 hal/device.32
 .group         0x0000000000000000        0xc hal/device.32
 .group         0x0000000000000000        0xc hal/device.32
 .group         0x0000000000000000        0xc hal/device.32
 .group         0x0000000000000000        0xc hal/device.32
[...]
Memory Configuration

Name             Origin             Length             Attributes
*default*        0x0000000000000000 0xffffffffffffffff

Linker script and memory map

LOAD D:/Users/Alex/Desktop/Banana/kernel/boot.32
LOAD crti.32
LOAD /cygdrive/d/Users/Alex/Desktop/Toolchain/Output/bin/../lib/gcc/i386-banana/8.1.0/crtbegin.o
LOAD D:/Users/Alex/Desktop/Banana/kernel/morenasm.32
LOAD acpica/utclib.32
LOAD core/malloc.32
LOAD libk/string.32
LOAD fs/fat/diskio.32
LOAD fs/fat/ff.32
LOAD fs/fat/ffsystem.32
LOAD fs/fat/ffunicode.32
LOAD hal/libresample/samplerate.32
LOAD hal/libresample/src_linear.32
LOAD hal/libresample/src_sinc.32
LOAD hal/libresample/src_zoh.32
LOAD compat/inlines.32
LOAD core/computer.32
LOAD core/gdt.32
LOAD core/idle.32
LOAD core/idt.32
LOAD core/kheap.32
LOAD core/main.32
LOAD core/physmgr.32
LOAD core/pipe.32
LOAD core/terminal.32
LOAD core/tss.32
LOAD core/unixfile.32
LOAD core/virtmgr.32
LOAD coreobjs/c++.32
LOAD dbg/kconsole.32
LOAD fs/vfs.32
LOAD hal/bus.32
LOAD hal/buzzer.32
LOAD hal/clock.32
LOAD hal/device.32
LOAD hal/diskctrl.32
LOAD hal/diskphys.32
LOAD hal/fpu.32
LOAD hal/intctrl.32
LOAD hal/keybrd.32
LOAD hal/logidisk.32
LOAD hal/mouse.32
LOAD hal/partition.32
LOAD hal/serial.32
LOAD hal/timer.32
LOAD hal/vcache.32
LOAD hal/video.32
LOAD hw/acpi.32
LOAD hw/cpu.32
LOAD hw/ports.32
LOAD krnl/env.32
LOAD krnl/panic.32
LOAD reg/registry.32
LOAD sys/sc_exit.32
LOAD sys/sc_getcwd.32
LOAD sys/sc_getpid.32
LOAD sys/sc_loaddll.32
LOAD sys/sc_read.32
LOAD sys/sc_sbrk.32
LOAD sys/sc_setcwd.32
LOAD sys/sc_write.32
LOAD sys/sc_yield.32
LOAD sys/syscalls.32
LOAD thr/elf.32
LOAD thr/prcssthr.32
LOAD vm86/vm8086.32
LOAD vm86/x87em.32
LOAD fs/fat/vfslink.32
LOAD fs/iso9660/vfslink.32
LOAD hal/sound/sndchannel.32
LOAD hal/sound/sndhw.32
LOAD hw/bus/isa.32
LOAD hw/bus/pci.32
LOAD hw/diskctrl/ide.32
LOAD hw/diskctrl/satabus.32
LOAD hw/diskphys/ata.32
LOAD hw/diskphys/atapi.32
LOAD hw/diskphys/sata.32
LOAD hw/fpu/avx.32
LOAD hw/fpu/mmx.32
LOAD hw/fpu/sse.32
LOAD hw/fpu/x87.32
LOAD hw/intctrl/apic.32
LOAD hw/intctrl/pic.32
LOAD hw/timer/apictimer.32
LOAD hw/timer/pit.32
LOAD hw/fpu/x86/avx.32
LOAD hw/fpu/x86/sse.32
LOAD hw/fpu/x86/x87.32
LOAD /cygdrive/d/Users/Alex/Desktop/Toolchain/Output/bin/../lib/gcc/i386-banana/8.1.0/crtend.o
LOAD crtn.32
LOAD /cygdrive/d/Users/Alex/Desktop/Toolchain/Output/bin/../lib/gcc/i386-banana/8.1.0/libkgcc.a
LOAD D:/Users/Alex/Desktop/Banana/kernel/libsoftfp.a
LOAD D:/Users/Alex/Desktop/Banana/kernel/libk/libm32.a
                0x00000000c0000000                . = 0xc0000000

.text           0x00000000c0000000    0x265e8
 *(.text)
 .text          0x00000000c0000000       0x41 D:/Users/Alex/Desktop/Banana/kernel/boot.32
                0x00000000c0000020                callGlobalConstructors
 .text          0x00000000c0000041        0x0 crti.32
 *fill*         0x00000000c0000041        0x3 
 .text          0x00000000c0000044      0x101 /cygdrive/d/Users/Alex/Desktop/Toolchain/Output/bin/../lib/gcc/i386-banana/8.1.0/crtbegin.o
 *fill*         0x00000000c0000145        0xb 
 .text          0x00000000c0000150      0x4a2 D:/Users/Alex/Desktop/Banana/kernel/morenasm.32
                0x00000000c0000150                prepareTramp
                0x00000000c0000169                voodooXADD
                0x00000000c0000234                doTPAUSE
                0x00000000c000023e                hasLegacyFPU
                0x00000000c0000263                is486
                0x00000000c0000299                detectCPUID
                0x00000000c00002af                goToVM86
                0x00000000c00002df                goToUsermode
                0x00000000c0000309                switchToThreadASMFirstTime
                0x00000000c0000317                switchToThreadASM
                0x00000000c000039f                asmQuickAcquireLock
                0x00000000c00003bd                asmQuickReleaseLock
                0x00000000c00003c9                asmAcquireLock
                0x00000000c00003ea                asmReleaseLock
                0x00000000c00003fd                loadGDT
                0x00000000c000041d                isr0
                0x00000000c000042d                isr1
                0x00000000c0000437                isr2
                0x00000000c0000441                isr3
                0x00000000c000044b                isr4
                0x00000000c0000455                isr5
                0x00000000c000045f                isr6
                0x00000000c0000469                isr7
                0x00000000c0000473                isr8
                0x00000000c000047b                isr9
                0x00000000c0000485                isr10
                0x00000000c000048d                isr11
                0x00000000c0000495                isr12
                0x00000000c000049d                isr13
                0x00000000c00004a5                isr14
                0x00000000c00004ad                isr15
                0x00000000c00004b7                isr16
                0x00000000c00004c1                isr17
                0x00000000c00004cb                isr18
                0x00000000c00004d5                irq3
                0x00000000c00004df                irq4
                0x00000000c00004e9                irq5
                0x00000000c00004f3                irq6
                0x00000000c00004fd                irq7
                0x00000000c0000507                irq8
                0x00000000c0000511                irq9
                0x00000000c000051b                irq10
                0x00000000c0000525                irq11
                0x00000000c000052f                irq12
                0x00000000c0000539                irq13
                0x00000000c0000543                irq14
                0x00000000c000054d                irq15
                0x00000000c0000557                irq1
                0x00000000c000055e                irq2
                0x00000000c0000565                isr96
                0x00000000c000056c                irq0
                0x00000000c0000571                syscall_common_stub
                0x00000000c0000571                int_common_stub
                0x00000000c00005a2                irq16
                0x00000000c00005ac                irq17
                0x00000000c00005b6                irq18
                0x00000000c00005c0                irq19
                0x00000000c00005ca                irq20
                0x00000000c00005d4                irq21
                0x00000000c00005de                irq22
                0x00000000c00005e8                irq23
 .text          0x00000000c00005f2      0x40f acpica/utclib.32
                0x00000000c00005f2                memcmp
                0x00000000c000061d                memmove
                0x00000000c0000655                memcpy
                0x00000000c000068b                memset
                0x00000000c00006a8                strlen
                0x00000000c00006b8                strpbrk
                0x00000000c00006db                strtok
                0x00000000c000072a                strcpy
                0x00000000c000074a                strncpy
                0x00000000c000077b                strcmp
                0x00000000c000079c                strchr
                0x00000000c00007b2                strncmp
                0x00000000c00007e1                strcat
                0x00000000c0000808                strncat
                0x00000000c0000842                strstr
                0x00000000c000087f                toupper
                0x00000000c0000893                tolower
                0x00000000c00008a7                simple_strtoul
 .text          0x00000000c0000a01      0xfbf core/malloc.32
                0x00000000c0000b6c                dlfree
                0x00000000c0000ec7                dlmalloc
                0x00000000c0001404                dlrealloc
                0x00000000c00015b9                dlmemalign
                0x00000000c00016dc                dlcalloc
                0x00000000c0001776                dlcfree
                0x00000000c000177b                dlindependent_calloc
                0x00000000c00017a0                dlindependent_comalloc
                0x00000000c00017b7                dlvalloc
                0x00000000c00017e2                dlpvalloc
                0x00000000c0001818                dlmalloc_trim
                0x00000000c0001825                dlmalloc_usable_size
                0x00000000c0001856                dlmallinfo
                0x00000000c0001925                dlmalloc_stats
                0x00000000c0001936                dlmallopt
 .text          0x00000000c00019c0        0x0 libk/string.32
 .text          0x00000000c00019c0       0x51 fs/fat/diskio.32
                0x00000000c00019c0                disk_status
                0x00000000c00019c3                disk_initialize
                0x00000000c00019c6                disk_read
                0x00000000c00019dc                disk_write
                0x00000000c00019f2                disk_ioctl
 .text          0x00000000c0001a11     0x6833 fs/fat/ff.32
                0x00000000c0004cdf                f_mount
                0x00000000c0004d41                f_open
                0x00000000c000517d                f_read
                0x00000000c00053fd                f_write
                0x00000000c00056b7                f_sync
                0x00000000c0005893                f_close
                0x00000000c00058c2                f_lseek
                0x00000000c0005d79                f_opendir
                0x00000000c0005e7b                f_closedir
                0x00000000c0005e9d                f_readdir
                0x00000000c0005f38                f_stat
                0x00000000c0005fc7                f_getfree
                0x00000000c0006192                f_truncate
                0x00000000c000628a                f_unlink
                0x00000000c000640d                f_mkdir
                0x00000000c0006639                f_rename
                0x00000000c000692c                f_chmod
                0x00000000c0006a0a                f_utime
                0x00000000c0006ae8                f_getlabel
                0x00000000c0006cd6                f_setlabel
                0x00000000c0006f43                f_forward
                0x00000000c0007121                f_mkfs
 .text          0x00000000c0008244       0x2d fs/fat/ffsystem.32
                0x00000000c0008244                ff_memalloc
                0x00000000c000825a                ff_memfree
 .text          0x00000000c0008271      0x253 fs/fat/ffunicode.32
                0x00000000c0008271                ff_uni2oem
                0x00000000c0008301                ff_oem2uni
                0x00000000c000836d                ff_wtoupper
 .text          0x00000000c00084c4      0x8fb hal/libresample/samplerate.32
                0x00000000c0008508                src_delete
                0x00000000c0008544                src_process
                0x00000000c00086fa                src_callback_read
                0x00000000c0008877                src_set_ratio
                0x00000000c00088e1                src_get_channels
                0x00000000c0008903                src_reset
                0x00000000c000894f                src_new
                0x00000000c00089dd                src_callback_new
                0x00000000c0008a3f                src_get_name
                0x00000000c0008a76                src_get_description
                0x00000000c0008aad                src_get_version
                0x00000000c0008ab3                src_is_valid_ratio
                0x00000000c0008b07                src_error
                0x00000000c0008b15                src_strerror
                0x00000000c0008b28                src_simple
                0x00000000c0008b7b                src_short_to_float_array
                0x00000000c0008be0                src_float_to_short_array
                0x00000000c0008c9f                src_int_to_float_array
                0x00000000c0008d02                src_float_to_int_array
 .text          0x00000000c0008dbf      0x8cb hal/libresample/src_linear.32
                0x00000000c00095e5                linear_get_name
                0x00000000c00095f4                linear_get_description
                0x00000000c0009603                linear_set_converter
 .text          0x00000000c000968a     0x447c hal/libresample/src_sinc.32
                0x00000000c000da1d                sinc_get_name
                0x00000000c000da30                sinc_get_description
                0x00000000c000da43                sinc_set_converter
 .text          0x00000000c000db06      0x77c hal/libresample/src_zoh.32
                0x00000000c000e1dd                zoh_get_name
                0x00000000c000e1ec                zoh_get_description
                0x00000000c000e1fb                zoh_set_converter
 .text          0x00000000c000e282       0x23 compat/inlines.32
                0x00000000c000e282                CPU::current()
                0x00000000c000e28f                operator new(unsigned long)
 *fill*         0x00000000c000e2a5        0x1 
 .text          0x00000000c000e2a6      0xa0b core/computer.32
                0x00000000c000e2a6                Computer::close(int, int, void*)
                0x00000000c000e2ea                Computer::Computer()
                0x00000000c000e2ea                Computer::Computer()
                0x00000000c000e446                Computer::setBootMessage(char const*)
                0x00000000c000e448                Computer::start()
                0x00000000c000e51e                firstTask()
                0x00000000c000e52c                Computer::detectFeatures()
                0x00000000c000e736                Computer::displayFeatures()
                0x00000000c000ea7c                Computer::rdmsr(unsigned int)
                0x00000000c000eaa8                Computer::wrmsr(unsigned int, unsigned long long)
                0x00000000c000eae0                Computer::nmiEnabled()
                0x00000000c000eaec                Computer::readCMOS(unsigned char)
                0x00000000c000eb06                Computer::enableNMI(bool)
                0x00000000c000eb1e                Computer::open(int, int, void*)
                0x00000000c000ebf4                Computer::disableNMI()
                0x00000000c000ec02                Computer::writeCMOS(unsigned char, unsigned char)
                0x00000000c000ec20                Computer::handleNMI()
                0x00000000c000ec86                Computer::setDiskActivityLight(int, bool)
 *fill*         0x00000000c000ecb1        0x1 
 .text          0x00000000c000ecb2      0x1b7 core/gdt.32
                0x00000000c000ecb2                GDTEntry::setBase(unsigned int)
                0x00000000c000ecce                GDTEntry::setLimit(unsigned int)
                0x00000000c000ecec                GDT::GDT()
                0x00000000c000ecec                GDT::GDT()
                0x00000000c000ed02                GDT::addEntry(GDTEntry)
                0x00000000c000ed3e                GDT::getNumberOfEntries()
                0x00000000c000ed46                GDT::flush()
                0x00000000c000ed68                GDT::setup()
 .text          0x00000000c000ee69       0x62 core/idle.32
                0x00000000c000ee69                idleFunction(void*)
 *fill*         0x00000000c000eecb        0x1 
 .text          0x00000000c000eecc      0x45f core/idt.32
                0x00000000c000eecc                IDTEntry::IDTEntry(bool)
                0x00000000c000eecc                IDTEntry::IDTEntry(bool)
                0x00000000c000ef3a                IDTEntry::setOffset(unsigned int)
                0x00000000c000ef4e                IDT::IDT()
                0x00000000c000ef4e                IDT::IDT()
                0x00000000c000ef50                IDT::getPointerToInvalidOpcodeEntryForF00F()
                0x00000000c000ef58                IDT::addEntry(IDTEntry, int)
                0x00000000c000ef72                IDT::addEntry(int, void (*)(), bool)
                0x00000000c000efaa                IDT::flush()
                0x00000000c000efc4                IDT::setup()
 .text          0x00000000c000f32b      0x203 core/kheap.32
                0x00000000c000f32b                sbrk
                0x00000000c000f439                mmap
                0x00000000c000f44f                munmap
                0x00000000c000f465                liballoc_lock()
                0x00000000c000f476                liballoc_unlock()
                0x00000000c000f487                liballoc_alloc(int)
                0x00000000c000f4a2                liballoc_free(void*, int)
                0x00000000c000f4c0                realloc
                0x00000000c000f4d4                malloc
                0x00000000c000f4e4                free
                0x00000000c000f4f4                rfree
                0x00000000c000f504                calloc
 .text          0x00000000c000f52e      0x38d core/main.32
                0x00000000c000f52e                hwTextMode_loadInData(VgaText*)
                0x00000000c000f573                hwTextMode_loadInTitle(VgaText*, char*)
                0x00000000c000f5b5                hwTextMode_showCursor(VgaText*, bool)
                0x00000000c000f609                hwTextMode_update(VgaText*)
                0x00000000c000f60a                hwTextMode_updateCursor(VgaText*)
                0x00000000c000f652                hwTextMode_disableBlink(VgaText*, bool)
                0x00000000c000f68e                hwTextMode_scrollScreen(VgaText*)
                0x00000000c000f714                hwTextMode_writeCharacter(VgaText*, char, VgaColour, VgaColour, int, int)
                0x00000000c000f772                setupTextMode()
                0x00000000c000f7c3                kernel_main
 .text          0x00000000c000f8bb      0x54d core/physmgr.32
                0x00000000c000f8bb                Phys::allocateDMA(unsigned long)
                0x00000000c000f95e                Phys::freeDMA(unsigned long, unsigned long)
                0x00000000c000f9a6                Phys::setPageState(unsigned long, bool)
                0x00000000c000f9d8                Phys::getPageState(unsigned long)
                0x00000000c000f9f4                Phys::freePage(unsigned long)
                0x00000000c000fa7e                Phys::allocatePage()
                0x00000000c000fb46                Phys::allocateContiguousPages(int)
                0x00000000c000fba0                Phys::allowSegmentToBeUsed(unsigned long, unsigned long)
                0x00000000c000fbd8                Phys::physicalMemorySetup(unsigned int)
 .text          0x00000000c000fe08      0x273 core/pipe.32
                0x00000000c000fe08                Pipe::isAtty()
                0x00000000c000fe0c                Pipe::~Pipe()
                0x00000000c000fe0c                Pipe::~Pipe()
                0x00000000c000fe30                Pipe::~Pipe()
                0x00000000c000fe58                Pipe::read(unsigned long long, void*, int*)
                0x00000000c000ff4c                Pipe::write(unsigned long long, void*, int*)
                0x00000000c0010014                Pipe::Pipe(int)
                0x00000000c0010014                Pipe::Pipe(int)
 *fill*         0x00000000c001007b        0x1 
 .text          0x00000000c001007c      0xf65 core/terminal.32
                0x00000000c001007c                VgaText::isAtty()
                0x00000000c0010080                VgaText::~VgaText()
                0x00000000c0010080                VgaText::~VgaText()
                0x00000000c00100a4                VgaText::~VgaText()
                0x00000000c00100ce                VgaText::read(unsigned long long, void*, int*)
                0x00000000c00100ee                setTerminalScrollLock(bool)
                0x00000000c00100ef                addToTerminalCycle(VgaText*)
                0x00000000c001011c                installVgaTextImplementation()
                0x00000000c0010131                scrollTerminalScrollLock(int)
                0x00000000c0010132                VgaText::load()
                0x00000000c0010186                VgaText::updateCursor()
                0x00000000c00101a0                VgaText::showCursor(bool)
                0x00000000c00101b0                VgaText::disableBlink(bool)
                0x00000000c00101ea                VgaText::doANSI_SGR(int)
                0x00000000c0010276                VgaText::setDefaultBgColour(VgaColour)
                0x00000000c001028c                VgaText::setDefaultFgColour(VgaColour)
                0x00000000c00102a2                VgaText::setDefaultColours(VgaColour, VgaColour)
                0x00000000c00102c2                VgaText::combineColours(unsigned char, unsigned char)
                0x00000000c00102d4                VgaText::scrollScreen()
                0x00000000c0010368                VgaText::combineCharAndColour(char, unsigned char)
                0x00000000c001037a                VgaText::writeCharacter(char, VgaColour, VgaColour, int, int)
                0x00000000c00103da                VgaText::getCursorX()
                0x00000000c00103e6                VgaText::getCursorY()
                0x00000000c00103f2                VgaText::setCursor(int, int)
                0x00000000c0010410                VgaText::setCursorX(int)
                0x00000000c001042c                VgaText::setCursorY(int)
                0x00000000c0010448                VgaText::incrementCursor(bool)
                0x00000000c00104b0                VgaText::updateRAMUsageDisplay(int)
                0x00000000c001050a                VgaText::updateDiskUsage()
                0x00000000c0010670                VgaText::updateTitle()
                0x00000000c00106b6                VgaText::setTitleTextColour(VgaColour)
                0x00000000c00106c6                VgaText::setTitleColour(VgaColour)
                0x00000000c00106d6                VgaText::setTitle(char*)
                0x00000000c00106fc                VgaText::decrementCursor(bool)
                0x00000000c0010724                VgaText::putchar(char, VgaColour, VgaColour)
                0x00000000c0010820                VgaText::isShowingCursor()
                0x00000000c001082c                VgaText::isBlinkDisabled()
                0x00000000c001083a                VgaText::setCursorHeight(int)
                0x00000000c0010858                VgaText::getCursorHeight()
                0x00000000c0010863                setActiveTerminal(VgaText*)
                0x00000000c0010915                doTerminalCycle()
                0x00000000c0010932                VgaText::doUpdate()
                0x00000000c0010944                VgaText::puts(char const*, VgaColour, VgaColour)
                0x00000000c0010b04                VgaText::clearScreen()
                0x00000000c0010b68                VgaText::putchar(char)
                0x00000000c0010c82                VgaText::puts(char const*)
                0x00000000c0010ca8                VgaText::putx(unsigned int)
                0x00000000c0010cee                VgaText::VgaText(char const*)
                0x00000000c0010cee                VgaText::VgaText(char const*)
                0x00000000c0010e80                VgaText::receiveKey(unsigned char)
                0x00000000c0010f68                VgaText::write(unsigned long long, void*, int*)
                0x00000000c0010fbc                newTerminal(char*)
 *fill*         0x00000000c0010fe1        0x1 
 .text          0x00000000c0010fe2      0x1b3 core/tss.32
                0x00000000c0010fe2                TSS::TSS()
                0x00000000c0010fe2                TSS::TSS()
                0x00000000c0010ff0                TSS::setESP(unsigned long)
                0x00000000c0011002                TSS::flush()
                0x00000000c0011022                TSS::setup(unsigned long, unsigned long)
 *fill*         0x00000000c0011195        0x1 
 .text          0x00000000c0011196      0x4c2 core/unixfile.32
                0x00000000c0011196                ReservedFilename::read(unsigned long long, void*, int*)
                0x00000000c00111ec                ReservedFilename::isAtty()
                0x00000000c0011208                ReservedFilename::write(unsigned long long, void*, int*)
                0x00000000c0011266                UnixFile::getFileDescriptor()
                0x00000000c001126e                UnixFile::UnixFile(int)
                0x00000000c001126e                UnixFile::UnixFile(int)
                0x00000000c001141e                ReservedFilename::ReservedFilename(int)
                0x00000000c001141e                ReservedFilename::ReservedFilename(int)
                0x00000000c0011450                UnixFile::~UnixFile()
                0x00000000c0011450                UnixFile::~UnixFile()
                0x00000000c00114e8                UnixFile::~UnixFile()
                0x00000000c0011510                ReservedFilename::~ReservedFilename()
                0x00000000c0011510                ReservedFilename::~ReservedFilename()
                0x00000000c0011534                ReservedFilename::~ReservedFilename()
                0x00000000c001155b                getFromFileDescriptor(int)
 .text          0x00000000c0011658      0xee3 core/virtmgr.32
                0x00000000c0011658                Virt::setPageState(unsigned long, Virt::VirtPageState)
                0x00000000c001168d                Virt::getPageState(unsigned long)
                0x00000000c00116b1                Virt::allocateKernelVirtualPages(int)
                0x00000000c00117c2                Virt::virtualMemorySetup()
                0x00000000c0011841                Virt::getAKernelVAS()
                0x00000000c0011847                Virt::setupPageSwapping(int)
                0x00000000c0011976                VAS::VAS()
                0x00000000c0011976                VAS::VAS()
                0x00000000c00119a6                VAS::VAS(VAS*)
                0x00000000c00119a6                VAS::VAS(VAS*)
                0x00000000c00119ca                VAS::getForeignPageTableEntry(bool, unsigned long)
                0x00000000c00119f6                VAS::getPageTableEntry(unsigned long)
                0x00000000c0011a15                Virt::freeKernelVirtualPages(unsigned long)
                0x00000000c0011b38                VAS::freeAllocatedPages(unsigned long)
                0x00000000c0011b5c                VAS::virtualToPhysical(unsigned long)
                0x00000000c0011b74                VAS::reflagRange(unsigned long, int, int, int)
                0x00000000c0011bb4                VAS::setToWriteCombining(unsigned long, int)
                0x00000000c0011be6                VAS::mapOtherVASIn(bool, VAS*)
                0x00000000c0011c10                VAS::~VAS()
                0x00000000c0011c10                VAS::~VAS()
                0x00000000c0011d7c                VAS::mapPage(unsigned long, unsigned long, int)
                0x00000000c0011e7c                VAS::allocatePages(int, int)
                0x00000000c0012054                VAS::setCPUSpecific(unsigned long)
                0x00000000c0012070                VAS::mapRange(unsigned long, unsigned long, int, int)
                0x00000000c0012136                VAS::mapForeignPage(bool, VAS*, unsigned long, unsigned long, int)
                0x00000000c0012224                VAS::VAS(bool)
                0x00000000c0012224                VAS::VAS(bool)
                0x00000000c001247f                mapVASFirstTime
 .text          0x00000000c001253b       0x95 coreobjs/c++.32
                0x00000000c001253b                __cxa_atexit
                0x00000000c001253e                __cxa_finalize
                0x00000000c001253f                __stack_chk_fail
                0x00000000c00125ab                __cxa_pure_virtual
                0x00000000c00125bc                operator new[](unsigned long)
                0x00000000c00125c1                operator delete(void*, unsigned long)
                0x00000000c00125c6                operator delete[](void*)
                0x00000000c00125cb                operator delete[](void*, unsigned long)
 .text          0x00000000c00125d0      0x1ef dbg/kconsole.32
                0x00000000c00125d0                Dbg::stringifyxWithBase(unsigned int, char*, int)
                0x00000000c0012631                Dbg::logc(char)
                0x00000000c0012648                Dbg::logs(char*)
                0x00000000c0012665                Dbg::logWriteInt(unsigned int)
                0x00000000c0012682                Dbg::logWriteIntBase(unsigned int, int)
                0x00000000c00126a1                Dbg::kprintf(char const*, ...)
 *fill*         0x00000000c00127bf        0x1 
 .text          0x00000000c00127c0      0xb7c fs/vfs.32
                0x00000000c00127c0                File::read(unsigned long long, void*, int*)
                0x00000000c0012818                File::write(unsigned long long, void*, int*)
                0x00000000c0012870                Directory::read(unsigned long long, void*, int*)
                0x00000000c00128c8                Directory::write(unsigned long long, void*, int*)
                0x00000000c00128f6                File::isAtty()
                0x00000000c00128fa                Directory::isAtty()
                0x00000000c00128fe                Filesystem::getlabel(LogicalDisk*, int, char*, unsigned int*)
                0x00000000c0012904                Filesystem::setlabel(LogicalDisk*, int, char*)
                0x00000000c001290a                File::~File()
                0x00000000c001290a                File::~File()
                0x00000000c001292e                File::~File()
                0x00000000c0012958                Directory::~Directory()
                0x00000000c0012958                Directory::~Directory()
                0x00000000c001297c                Directory::~Directory()
                0x00000000c00129a6                Filesystem::Filesystem()
                0x00000000c00129a6                Filesystem::Filesystem()
                0x00000000c00129ca                Filesystem::~Filesystem()
                0x00000000c00129ca                Filesystem::~Filesystem()
                0x00000000c00129d8                Filesystem::~Filesystem()
                0x00000000c00129fc                initVFS()
                0x00000000c0012a26                standardiseFiles(char*, char const*, char const*)
                0x00000000c0012bd0                File::File(char const*, Process*)
                0x00000000c0012bd0                File::File(char const*, Process*)
                0x00000000c0012c34                File::open(FileOpenMode)
                0x00000000c0012c92                File::close()
                0x00000000c0012cf2                File::seek(unsigned long long)
                0x00000000c0012d48                File::tell(unsigned long long*)
                0x00000000c0012d98                File::rewind()
                0x00000000c0012dac                File::unlink()
                0x00000000c0012df8                File::rename(char const*)
                0x00000000c0012e46                File::chfatattr(unsigned char, unsigned char)
                0x00000000c0012ea2                File::exists()
                0x00000000c0012ee0                File::stat(unsigned long long*, bool*)
                0x00000000c0012f41                getcwd(Process*, char*, int)
                0x00000000c0012f6b                setcwd(Process*, char*)
                0x00000000c00130a6                Directory::Directory(char const*, Process*)
                0x00000000c00130a6                Directory::Directory(char const*, Process*)
                0x00000000c001310a                Directory::open()
                0x00000000c0013166                Directory::close()
                0x00000000c00131c6                Directory::unlink()
                0x00000000c0013212                Directory::rename(char const*)
                0x00000000c0013260                Directory::exists()
                0x00000000c001329e                Directory::read(dirent*)
                0x00000000c00132ea                Directory::create()
                0x00000000c0013336                Filesystem::chfatattr(char const*, unsigned char, unsigned char)
 .text          0x00000000c001333c       0x84 hal/bus.32
                0x00000000c001333c                Bus::Bus(char const*)
                0x00000000c001333c                Bus::Bus(char const*)
                0x00000000c0013372                Bus::~Bus()
                0x00000000c0013372                Bus::~Bus()
                0x00000000c0013396                Bus::~Bus()
 .text          0x00000000c00133c0      0x14e hal/buzzer.32
                0x00000000c00133c0                Buzzer::Buzzer(char const*)
                0x00000000c00133c0                Buzzer::Buzzer(char const*)
                0x00000000c0013404                Buzzer::~Buzzer()
                0x00000000c0013404                Buzzer::~Buzzer()
                0x00000000c0013428                Buzzer::~Buzzer()
                0x00000000c0013452                Buzzer::stop()
                0x00000000c0013465                beepThread(void*)
                0x00000000c00134a0                Buzzer::beep(int, int, bool)
 .text          0x00000000c001350e      0x42f hal/clock.32
                0x00000000c001350e                loadClockSettings()
                0x00000000c0013528                Clock::Clock(char const*)
                0x00000000c0013528                Clock::Clock(char const*)
                0x00000000c001355e                Clock::~Clock()
                0x00000000c001355e                Clock::~Clock()
                0x00000000c0013582                Clock::~Clock()
                0x00000000c00135ac                Clock::timeInSecondsLocal()
                0x00000000c00135f4                Clock::setTimeInSecondsLocal(unsigned long long)
                0x00000000c001364d                datetimeToSeconds(datetime_t)
                0x00000000c0013774                Clock::setTimeInDatetimeLocal(datetime_t)
                0x00000000c00137d4                secondsToDatetime(unsigned long long)
                0x00000000c0013918                Clock::timeInDatetimeLocal()
 *fill*         0x00000000c001393d        0x1 
 .text          0x00000000c001393e      0x4de hal/device.32
                0x00000000c001393e                Device::hibernate()
                0x00000000c0013940                Device::wake()
                0x00000000c0013942                Device::detect()
                0x00000000c0013944                Device::disableLegacy()
                0x00000000c0013946                Device::powerSaving(PowerSavingLevel)
                0x00000000c0013948                DriverlessDevice::close(int, int, void*)
                0x00000000c001394c                DriverlessDevice::detect()
                0x00000000c001394e                DriverlessDevice::open(int, int, void*)
                0x00000000c0013962                Device::~Device()
                0x00000000c0013962                Device::~Device()
                0x00000000c0013970                Device::~Device()
                0x00000000c0013998                Device::findAndLoadDriver()
                0x00000000c001399a                Device::preOpenPCI(PCIDeviceInfo)
                0x00000000c00139c0                Device::preOpenACPI(void*, char*, char*)
                0x00000000c0013a14                Device::addIRQHandler(int, void (*)(regs*, void*), bool, void*)
                0x00000000c0013a52                Device::removeIRQHandler(int, void (*)(regs*, void*), bool)
                0x00000000c0013a90                Device::addChild(Device*)
                0x00000000c0013ad4                Device::removeAllChildren()
                0x00000000c0013b1a                Device::hibernateAll()
                0x00000000c0013b4a                Device::wakeAll()
                0x00000000c0013b7a                Device::detectAll()
                0x00000000c0013baa                Device::disableLegacyAll()
                0x00000000c0013bda                Device::loadDriversForAll()
                0x00000000c0013c06                Device::closeAll()
                0x00000000c0013c3c                Device::powerSavingAll(PowerSavingLevel)
                0x00000000c0013c72                Device::setName(char const*)
                0x00000000c0013c80                Device::Device(char const*)
                0x00000000c0013c80                Device::Device(char const*)
                0x00000000c0013d7c                Device::getName()
                0x00000000c0013d86                DriverlessDevice::DriverlessDevice(char const*)
                0x00000000c0013d86                DriverlessDevice::DriverlessDevice(char const*)
                0x00000000c0013dae                Device::addToLinkedList(LinkedList<Device>&, DeviceType)
                0x00000000c0013df2                getDevicesOfType(DeviceType)
 .text          0x00000000c0013e1c       0x84 hal/diskctrl.32
                0x00000000c0013e1c                HardDiskController::HardDiskController(char const*)
                0x00000000c0013e1c                HardDiskController::HardDiskController(char const*)
                0x00000000c0013e52                HardDiskController::~HardDiskController()
                0x00000000c0013e52                HardDiskController::~HardDiskController()
                0x00000000c0013e76                HardDiskController::~HardDiskController()
 .text          0x00000000c0013ea0       0xde hal/diskphys.32
                0x00000000c0013ea0                PhysicalDisk::PhysicalDisk(char const*, int)
                0x00000000c0013ea0                PhysicalDisk::PhysicalDisk(char const*, int)
                0x00000000c0013f08                PhysicalDisk::startCache()
                0x00000000c0013f30                PhysicalDisk::~PhysicalDisk()
                0x00000000c0013f30                PhysicalDisk::~PhysicalDisk()
                0x00000000c0013f54                PhysicalDisk::~PhysicalDisk()
 .text          0x00000000c0013f7e      0x13b hal/fpu.32
                0x00000000c0013f7e                FPU::FPU(char const*)
                0x00000000c0013f7e                FPU::FPU(char const*)
                0x00000000c0013fb4                FPU::~FPU()
                0x00000000c0013fb4                FPU::~FPU()
                0x00000000c0013fd8                FPU::~FPU()
                0x00000000c0014002                setupFPU()
 *fill*         0x00000000c00140b9        0x1 
 .text          0x00000000c00140ba     0x12b1 hal/intctrl.32
                0x00000000c00140ba                InterruptController::uninstallISRHandler(int, void (*)(regs*, void*))
                0x00000000c00140f2                InterruptController::installISRHandler(int, void (*)(regs*, void*), void*)
                0x00000000c0014144                doubleFault(regs*, void*)
                0x00000000c001415e                InterruptController::installIRQHandler(int, void (*)(regs*, void*), bool, void*)
                0x00000000c00141fa                InterruptController::clearAllHandlers(int, bool)
                0x00000000c00142a2                InterruptController::uninstallIRQHandler(int, void (*)(regs*, void*), bool)
                0x00000000c0014329                nmiHandler(regs*, void*)
                0x00000000c0014337                int_handler
                0x00000000c00143d8                InterruptController::InterruptController(char const*)
                0x00000000c00143d8                InterruptController::InterruptController(char const*)
                0x00000000c001447e                InterruptController::~InterruptController()
                0x00000000c001447e                InterruptController::~InterruptController()
                0x00000000c00144a2                InterruptController::~InterruptController()
                0x00000000c00144cc                displayDebugInfo(regs*)
                0x00000000c00148d1                x87EmulHandler(regs*, void*)
                0x00000000c0014900                gpFault(regs*, void*)
                0x00000000c0014939                pgFault(regs*, void*)
                0x00000000c0014950                otherISRHandler(regs*, void*)
                0x00000000c001496f                opcodeFault(regs*, void*)
                0x00000000c0014f2e                displayProgramFault(char const*)
                0x00000000c0014f56                setupInterruptController()
                0x00000000c001531e                InterruptController::convertLegacyIRQNumber(int)
 *fill*         0x00000000c001536b        0x1 
 .text          0x00000000c001536c      0x69a hal/keybrd.32
                0x00000000c001536c                startGUI(void*)
                0x00000000c00153c8                startGUIVESA(void*)
                0x00000000c0015424                sendKeyToTerminal(unsigned char)
                0x00000000c0015490                sendKeyboardToken(KeyboardToken)
                0x00000000c00158a0                clearInternalKeybuffer(VgaText*)
                0x00000000c00158d5                readKeyboard(VgaText*, char*, unsigned long)
                0x00000000c001597c                Keyboard::Keyboard(char const*)
                0x00000000c001597c                Keyboard::Keyboard(char const*)
                0x00000000c00159b8                Keyboard::~Keyboard()
                0x00000000c00159b8                Keyboard::~Keyboard()
                0x00000000c00159dc                Keyboard::~Keyboard()
 .text          0x00000000c0015a06      0x400 hal/logidisk.32
                0x00000000c0015a06                LogicalDisk::close(int, int, void*)
                0x00000000c0015a0a                LogicalDisk::~LogicalDisk()
                0x00000000c0015a0a                LogicalDisk::~LogicalDisk()
                0x00000000c0015a2e                LogicalDisk::~LogicalDisk()
                0x00000000c0015a58                LogicalDisk::open(int, int, void*)
                0x00000000c0015a6c                LogicalDisk::absoluteToRelative(unsigned long long)
                0x00000000c0015aa4                LogicalDisk::relativeToAbsolute(unsigned long long)
                0x00000000c0015aea                LogicalDisk::LogicalDisk(char const*, PhysicalDisk*, unsigned long long, unsigned long long)
                0x00000000c0015aea                LogicalDisk::LogicalDisk(char const*, PhysicalDisk*, unsigned long long, unsigned long long)
                0x00000000c0015ba0                LogicalDisk::assignDriveLetter()
                0x00000000c0015c56                LogicalDisk::mount()
                0x00000000c0015cc8                LogicalDisk::unmount()
                0x00000000c0015cd8                LogicalDisk::unassignDriveLetter()
                0x00000000c0015d2e                LogicalDisk::read(unsigned long long, int, void*)
                0x00000000c0015d9a                LogicalDisk::write(unsigned long long, int, void*)
 .text          0x00000000c0015e06       0x84 hal/mouse.32
                0x00000000c0015e06                Mouse::Mouse(char const*)
                0x00000000c0015e06                Mouse::Mouse(char const*)
                0x00000000c0015e3c                Mouse::~Mouse()
                0x00000000c0015e3c                Mouse::~Mouse()
                0x00000000c0015e60                Mouse::~Mouse()
 .text          0x00000000c0015e8a      0x339 hal/partition.32
                0x00000000c0015e8a                makePartition(PhysicalDisk*, unsigned long long, unsigned long long)
                0x00000000c0015f32                createPartitionsForDisk(PhysicalDisk*)
 *fill*         0x00000000c00161c3        0x1 
 .text          0x00000000c00161c4       0x84 hal/serial.32
                0x00000000c00161c4                Serial::Serial(char const*)
                0x00000000c00161c4                Serial::Serial(char const*)
                0x00000000c00161fa                Serial::~Serial()
                0x00000000c00161fa                Serial::~Serial()
                0x00000000c001621e                Serial::~Serial()
 .text          0x00000000c0016248      0x2b8 hal/timer.32
                0x00000000c0016248                Timer::Timer(char const*)
                0x00000000c0016248                Timer::Timer(char const*)
                0x00000000c001627e                Timer::~Timer()
                0x00000000c001627e                Timer::~Timer()
                0x00000000c00162a2                Timer::~Timer()
                0x00000000c00162cc                Timer::read()
                0x00000000c00162d7                timerHandler(unsigned long long)
                0x00000000c001640e                setupTimer(int)
 .text          0x00000000c0016500      0x2db hal/vcache.32
                0x00000000c0016500                VCache::VCache(PhysicalDisk*)
                0x00000000c0016500                VCache::VCache(PhysicalDisk*)
                0x00000000c00165fa                VCache::writeWriteBuffer()
                0x00000000c0016636                VCache::~VCache()
                0x00000000c0016636                VCache::~VCache()
                0x00000000c0016676                VCache::~VCache()
                0x00000000c001669e                VCache::write(unsigned long long, int, void*)
                0x00000000c0016782                VCache::read(unsigned long long, int, void*)
 *fill*         0x00000000c00167db        0x1 
 .text          0x00000000c00167dc      0x4cd hal/video.32
                0x00000000c00167dc                Video::putrect(int, int, int, int, unsigned int)
                0x00000000c0016828                Video::bitblit(int, int, int, int, int, int, int, unsigned int*)
                0x00000000c0016898                Video::blit(unsigned int*, int, int, int, int)
                0x00000000c0016916                Video::clearScreen(unsigned int)
                0x00000000c001694a                Video::putpixel(int, int, unsigned int)
                0x00000000c0016958                Video::Video(char const*)
                0x00000000c0016958                Video::Video(char const*)
                0x00000000c001698e                Video::~Video()
                0x00000000c001698e                Video::~Video()
                0x00000000c00169b2                Video::~Video()
                0x00000000c00169dc                Video::isMonochrome()
                0x00000000c00169e8                Video::getWidth()
                0x00000000c00169f4                Video::getHeight()
                0x00000000c0016a00                Video::drawCursor(int, int, unsigned char*, int)
                0x00000000c0016abc                Video::tgaParse(unsigned char*, int, int*, int*)
                0x00000000c0016c3e                Video::putTGA(int, int, unsigned char*, int)
 *fill*         0x00000000c0016ca9        0x1 
 .text          0x00000000c0016caa      0xe28 hw/acpi.32
                0x00000000c0016caa                ACPI::close(int, int, void*)
                0x00000000c0016d5f                findRSDP()
                0x00000000c0016de9                loadACPITables(unsigned char*)
                0x00000000c0017010                findRSDT(unsigned char*)
                0x00000000c001712e                findDataTable(unsigned char*, char*)
                0x00000000c00171ca                scanMADT()
                0x00000000c0017650                ACPI::ACPI()
                0x00000000c0017650                ACPI::ACPI()
                0x00000000c00176b0                ACPI::getPCIIRQAssignment(unsigned char, unsigned short, unsigned char)
                0x00000000c0017792                ACPI::registerPCIIRQAssignment(void*, unsigned short, unsigned char, unsigned char)
                0x00000000c0017898                ACPI::setScreenBrightnessLevel(void*, int)
                0x00000000c001789e                ACPI::writeSimpleBootFlag(SimpleBootFlagTable*)
                0x00000000c00178e6                ACPI::open(int, int, void*)
                0x00000000c0017aba                ACPI::sleep()
 .text          0x00000000c0017ad2     0x1715 hw/cpu.32
                0x00000000c0017ad2                CPU::close(int, int, void*)
                0x00000000c0017ad6                CPU::lookupAMDName(unsigned char, unsigned char)
                0x00000000c0017c6a                CPU::lookupIntelName(unsigned char, unsigned char)
                0x00000000c0017f18                CPU::AMD_K6_write_msr(unsigned int, unsigned int, unsigned int, CPU::REGS*)
                0x00000000c0017f34                CPU::AMD_K6_read_msr(unsigned int, CPU::REGS*)
                0x00000000c0017f4c                CPU::AMD_K6_writeback(int, int, int)
                0x00000000c0017fc0                CPU::cpuid(int, unsigned long*, unsigned long*, unsigned long*, unsigned long*)
                0x00000000c0018044                CPU::cpuidCheckEDX(unsigned int)
                0x00000000c0018072                CPU::cpuidCheckECX(unsigned int)
                0x00000000c00180a0                CPU::cpuidCheckExtendedEBX(unsigned int)
                0x00000000c00180ce                CPU::cpuidCheckExtendedECX(unsigned int)
                0x00000000c00180fc                CPU::CPU()
                0x00000000c00180fc                CPU::CPU()
                0x00000000c001818a                CPU::displayFeatures()
                0x00000000c0018406                CPU::detectFeatures()
                0x00000000c0018df6                CPU::setupSMEP()
                0x00000000c0018e02                CPU::setupUMIP()
                0x00000000c0018e0c                CPU::setupTSC()
                0x00000000c0018e16                CPU::setupLargePages()
                0x00000000c0018e20                CPU::setupPAT()
                0x00000000c0018e5c                CPU::setupMTRR()
                0x00000000c0018e5e                CPU::setupGlobalPages()
                0x00000000c0018e68                CPU::allowUsermodeDataAccess()
                0x00000000c0018e7a                CPU::prohibitUsermodeDataAccess()
                0x00000000c0018e8c                CPU::setupSMAP()
                0x00000000c0018e9a                CPU::setupFeatures()
                0x00000000c0018f1a                CPU::open(int, int, void*)
                0x00000000c0018fec                CPU::decodeAddress(regs*, int*, bool*, unsigned char*)
 .text          0x00000000c00191e7        0x0 hw/ports.32
 *fill*         0x00000000c00191e7        0x1 
 .text          0x00000000c00191e8      0x1bc krnl/env.32
                0x00000000c00191e8                EnvVarContainer::getEnv(char const*)
                0x00000000c00191ec                EnvVarContainer::setEnv(char const*, char const*)
                0x00000000c00191ee                EnvVarContainer::deleteEnv(char const*)
                0x00000000c00191f0                EnvVarContainer::__loadUser()
                0x00000000c00191f2                EnvVarContainer::__loadSystem()
                0x00000000c00191f4                EnvVarContainer::EnvVarContainer(Process*)
                0x00000000c00191f4                EnvVarContainer::EnvVarContainer(Process*)
                0x00000000c001923c                EnvVarContainer::~EnvVarContainer()
                0x00000000c001923c                EnvVarContainer::~EnvVarContainer()
                0x00000000c001928c                Krnl::getEnv(Process*, char const*)
                0x00000000c00192db                Krnl::setEnvSystem(char const*, char const*)
                0x00000000c00192dc                Krnl::setEnvUser(char const*, char const*)
                0x00000000c00192dd                Krnl::setEnvProcess(Process*, char const*, char const*)
                0x00000000c00192de                Krnl::deleteEnvSystem(char const*)
                0x00000000c00192df                Krnl::deleteEnvUser(char const*)
                0x00000000c00192e0                Krnl::deleteEnvProcess(Process*, char const*)
                0x00000000c00192e1                Krnl::newProcessEnv(Process*)
                0x00000000c0019303                Krnl::copyProcessEnv(Process*, Process*)
                0x00000000c0019357                Krnl::loadSystemEnv()
                0x00000000c001937d                Krnl::loadUserEnv()
                0x00000000c00193a3                Krnl::flushEnv()
 .text          0x00000000c00193a4      0x32c krnl/panic.32
                0x00000000c00193a4                Krnl::panic(char const*)
 .text          0x00000000c00196d0      0x513 reg/registry.32
                0x00000000c00196d0                Reg::findLineFromLoadedData(char*, char*, char*)
                0x00000000c0019828                Reg::getLineFromRegistry(char*, char*, char*, char*)
                0x00000000c001997d                Reg::getLine(char*, char*, char*)
                0x00000000c00199b4                Reg::readInt(char*, char*, int*)
                0x00000000c0019a9f                Reg::readString(char*, char*, char*, int)
                0x00000000c0019b20                Reg::readBool(char*, char*, bool*)
                0x00000000c0019b45                Reg::readBoolWithDefault(char*, char*, bool)
                0x00000000c0019b71                Reg::readIntWithDefault(char*, char*, int)
                0x00000000c0019b9d                Reg::readStringWithDefault(char*, char*, char*, int, char*)
 .text          0x00000000c0019be3       0x18 sys/sc_exit.32
                0x00000000c0019be3                Sys::exit(regs*)
 .text          0x00000000c0019bfb       0x1f sys/sc_getcwd.32
                0x00000000c0019bfb                Sys::getCwd(regs*)
 .text          0x00000000c0019c1a        0xc sys/sc_getpid.32
                0x00000000c0019c1a                Sys::getPID(regs*)
 .text          0x00000000c0019c26       0xa8 sys/sc_loaddll.32
                0x00000000c0019c26                Sys::loadDLL(regs*)
 .text          0x00000000c0019cce       0x68 sys/sc_read.32
                0x00000000c0019cce                Sys::read(regs*)
 .text          0x00000000c0019d36       0x55 sys/sc_sbrk.32
                0x00000000c0019d36                Sys::sbrk(regs*)
 .text          0x00000000c0019d8b       0x1c sys/sc_setcwd.32
                0x00000000c0019d8b                Sys::setCwd(regs*)
 .text          0x00000000c0019da7       0x68 sys/sc_write.32
                0x00000000c0019da7                Sys::write(regs*)
 .text          0x00000000c0019e0f       0x3b sys/sc_yield.32
                0x00000000c0019e0f                Sys::yield(regs*)
 .text          0x00000000c0019e4a      0xfaf sys/syscalls.32
                0x00000000c0019e4a                sysCallSeekDir(regs*)
                0x00000000c0019e4f                sysCallTellDir(regs*)
                0x00000000c0019e54                sysCallVerify(regs*)
                0x00000000c0019e5e                sysCallGetArgc(regs*)
                0x00000000c0019e6e                sysFormatDisk(regs*)
                0x00000000c0019ed8                sysSetDiskVolumeLabel(regs*)
                0x00000000c0019f1e                sysGetDiskVolumeLabel(regs*)
                0x00000000c0019f6f                sysShutdown(regs*)
                0x00000000c0019fcd                sysCallRealpath(regs*)
                0x00000000c001a010                sysCallReadDir(regs*)
                0x00000000c001a09e                sysCallIsATTY(regs*)
                0x00000000c001a0f8                sysCallSeek(regs*)
                0x00000000c001a161                sysCallTell(regs*)
                0x00000000c001a1de                sysCallSize(regs*)
                0x00000000c001a261                sysCallSizeFromFilename(regs*)
                0x00000000c001a321                sysCallClose(regs*)
                0x00000000c001a3a9                sysCallOpenDir(regs*)
                0x00000000c001a41e                sysCallCloseDir(regs*)
                0x00000000c001a484                sysCallMakeDir(regs*)
                0x00000000c001a4f4                sysCallWait(regs*)
                0x00000000c001a50e                sysCallNotImpl(regs*)
                0x00000000c001a529                sysPanic(regs*)
                0x00000000c001a54f                sysCallRmdir(regs*)
                0x00000000c001a5b3                sysCallUnlink(regs*)
                0x00000000c001a617                sysCallGetArgv(regs*)
                0x00000000c001a663                sysCallTTYName(regs*)
                0x00000000c001a6e6                sysCallGetEnv(regs*)
                0x00000000c001a738                sysCallUSleep(regs*)
                0x00000000c001a75f                sysCallSpawn(regs*)
                0x00000000c001a7b7                sysAppSettings(regs*)
                0x00000000c001a8d6                sysSetFatAttrib(regs*)
                0x00000000c001a948                sysPipe(regs*)
                0x00000000c001a98d                sysGetUnixTime(regs*)
                0x00000000c001a9a1                string_ends_with(char const*, char const*)
                0x00000000c001a9e9                sysCallOpen(regs*)
                0x00000000c001abfe                setupSystemCalls()
                0x00000000c001adb7                systemCall(regs*, void*)
 .text          0x00000000c001adf9     0x11ee thr/elf.32
                0x00000000c001adf9                Thr::allocateMemoryForTask(Process*, File*, unsigned long, unsigned long, unsigned long)
                0x00000000c001b076                Thr::loadProgramIntoMemory(Process*, char const*)
                0x00000000c001b28c                Thr::runtimeReferenceHelper()
                0x00000000c001b29f                Thr::getAddressOfKernelSymbol(char const*)
                0x00000000c001b2ee                Thr::loadKernelSymbolTable(char const*)
                0x00000000c001b5aa                Thr::loadDriverIntoMemory(char const*, unsigned long, bool)
                0x00000000c001bd2b                Thr::getDriverBaseFromAddress(unsigned long)
                0x00000000c001bd5d                Thr::getDriverNameFromAddress(unsigned long)
                0x00000000c001bd94                Thr::getDriverOffsetFromAddress(unsigned long)
                0x00000000c001bdae                Thr::loadDLL(char const*, bool)
                0x00000000c001bfbd                Thr::executeDLL(unsigned long, void*)
 *fill*         0x00000000c001bfe7        0x1 
 .text          0x00000000c001bfe8     0x1056 thr/prcssthr.32
                0x00000000c001bfe8                changeTSS
                0x00000000c001c018                Process::addArgs(char**)
                0x00000000c001c072                Process::Process(char const*, Process*, char**)
                0x00000000c001c072                Process::Process(char const*, Process*, char**)
                0x00000000c001c256                Process::Process(bool, char const*, Process*, char**)
                0x00000000c001c256                Process::Process(bool, char const*, Process*, char**)
                0x00000000c001c405                disableIRQs()
                0x00000000c001c40d                getIRQNestingLevel()
                0x00000000c001c413                enableIRQs()
                0x00000000c001c422                lockScheduler()
                0x00000000c001c424                unlockScheduler()
                0x00000000c001c426                userModeEntryPoint(void*)
                0x00000000c001c449                lockStuff()
                0x00000000c001c455                taskStartupFunction
                0x00000000c001c45e                updateTimeUsed()
                0x00000000c001c4c3                switchToThread(ThreadControlBlock*)
                0x00000000c001c514                Semaphore::Semaphore(int)
                0x00000000c001c514                Semaphore::Semaphore(int)
                0x00000000c001c542                Mutex::Mutex()
                0x00000000c001c542                Mutex::Mutex()
                0x00000000c001c554                Process::createThread(void (*)(void*), void*, int)
                0x00000000c001c638                Process::createUserThread()
                0x00000000c001c654                setupMultitasking(void (*)())
                0x00000000c001c75e                schedule()
                0x00000000c001c7e3                unlockStuff()
                0x00000000c001c818                Semaphore::tryAcquire()
                0x00000000c001c846                Semaphore::assertLocked(char const*)
                0x00000000c001c876                blockTaskWithSchedulerLockAlreadyHeld(TaskState)
                0x00000000c001c8b8                blockTask(TaskState)
                0x00000000c001c8d9                waitTask(int, int*, int)
                0x00000000c001c91b                nanoSleepUntil(unsigned long long)
                0x00000000c001c972                nanoSleep(unsigned long long)
                0x00000000c001c987                sleep(unsigned long long)
                0x00000000c001c9a4                Semaphore::acquire()
                0x00000000c001ca0c                taskReturned
                0x00000000c001ca3a                unblockTask(ThreadControlBlock*)
                0x00000000c001cae9                cleanupTerminatedTask(ThreadControlBlock*)
                0x00000000c001cdb2                cleanerTaskFunction(void*)
                0x00000000c001ce65                terminateTask(int)
                0x00000000c001cf45                Thr::terminateFromIRQ(int)
                0x00000000c001cf52                Semaphore::release()
 .text          0x00000000c001d03e      0xac9 vm86/vm8086.32
                0x00000000c001d03e                Vm::inbv(unsigned short)
                0x00000000c001d051                Vm::outbv(unsigned short, unsigned char)
                0x00000000c001d0a4                Vm::realToLinear(unsigned short, unsigned short)
                0x00000000c001d0b4                Vm::getSegment(unsigned int)
                0x00000000c001d0bc                Vm::getOffset(unsigned int)
                0x00000000c001d0c1                Vm::mainloop2()
                0x00000000c001d0fc                Vm::mainVm8086Loop(void*)
                0x00000000c001d109                Vm::mainloop3(unsigned long)
                0x00000000c001d133                Vm::initialise8086()
                0x00000000c001d176                Vm::finish8086()
                0x00000000c001d1bb                Vm::getOutput8086(unsigned char*)
                0x00000000c001d1e5                Vm::start8086(char const*, unsigned short, unsigned short, unsigned short, unsigned short)
                0x00000000c001d335                Vm::doISR(regs*, int, unsigned char*, unsigned short, unsigned short)
                0x00000000c001d3bf                Vm::readByteFromReal(unsigned short, unsigned short)
                0x00000000c001d3d0                Vm::readWordFromReal(unsigned short, unsigned short)
                0x00000000c001d3e2                Vm::readDwordFromReal(unsigned short, unsigned short)
                0x00000000c001d3f3                Vm::writeByteFromReal(unsigned short, unsigned short, unsigned char)
                0x00000000c001d408                Vm::writeWordFromReal(unsigned short, unsigned short, unsigned short)
                0x00000000c001d41e                Vm::writeDwordFromReal(unsigned short, unsigned short, unsigned int)
                0x00000000c001d433                Vm::faultHandler(regs*)
 .text          0x00000000c001db07      0xefd vm86/x87em.32
                0x00000000c001db07                Vm::fpuInternalTo32(unsigned long long)
                0x00000000c001db62                Vm::fpuInternalTo64(unsigned long long)
                0x00000000c001db6b                Vm::fpu32ToInternal(unsigned int)
                0x00000000c001dbb0                Vm::fpu64ToInternal(unsigned long long)
                0x00000000c001dbb9                Vm::fpuFloatToLong(unsigned long long)
                0x00000000c001dc14                Vm::fpuULongToFloat(unsigned long long)
                0x00000000c001dc4a                Vm::fpuLongToFloat(long long)
                0x00000000c001dca0                Vm::fpuGet0()
                0x00000000c001dca5                Vm::fpuGet1()
                0x00000000c001dcad                Vm::fpuGetPi()
                0x00000000c001dcb5                Vm::fpuGetLog2E()
                0x00000000c001dccd                Vm::fpuGetLogE2()
                0x00000000c001dce5                Vm::fpuGetLog210()
                0x00000000c001dcfd                Vm::fpuGetLog102()
                0x00000000c001dd15                Vm::fpuIsSecondLarger(unsigned long long, unsigned long long)
                0x00000000c001dd29                Vm::fpuAreEqual(unsigned long long, unsigned long long)
                0x00000000c001dd3f                Vm::fpuUnorderedCompare(unsigned long long, unsigned long long)
                0x00000000c001dd92                Vm::fpuAdd(unsigned long long, unsigned long long)
                0x00000000c001dda3                Vm::fpuAbs(unsigned long long)
                0x00000000c001ddac                Vm::fpuChs(unsigned long long)
                0x00000000c001ddbc                Vm::fpuSub(unsigned long long, unsigned long long)
                0x00000000c001ddcb                Vm::fpuMultiply(unsigned long long, unsigned long long)
                0x00000000c001ddea                Vm::fpuDivide(unsigned long long, unsigned long long)
                0x00000000c001de06                Vm::fpuSquare(unsigned long long)
                0x00000000c001de1c                Vm::fpuGetReg(int)
                0x00000000c001de5f                Vm::fpuSetReg(int, unsigned long long)
                0x00000000c001deaa                Vm::fpuPush(unsigned long long)
                0x00000000c001df07                Vm::fpuPop()
                0x00000000c001df59                Vm::x87Handler(regs*)
 .text          0x00000000c001ea04     0x10ed fs/fat/vfslink.32
                0x00000000c001ea04                FAT::getName()
                0x00000000c001ea0a                FAT::tell(void*, unsigned long long*)
                0x00000000c001ea3e                FAT::stat(void*, unsigned long long*)
                0x00000000c001ea72                FAT::~FAT()
                0x00000000c001ea72                FAT::~FAT()
                0x00000000c001ea96                FAT::~FAT()
                0x00000000c001eabe                FAT::getlabel(LogicalDisk*, int, char*, unsigned int*)
                0x00000000c001eb5c                FAT::setlabel(LogicalDisk*, int, char*)
                0x00000000c001ec16                FAT::format(LogicalDisk*, int, char const*, int)
                0x00000000c001edfa                FAT::tryMount(LogicalDisk*, int)
                0x00000000c001f000                FAT::readDir(void*, unsigned long, void*, int*)
                0x00000000c001f106                FAT::read(void*, unsigned long, void*, int*)
                0x00000000c001f160                FAT::write(void*, unsigned long, void*, int*)
                0x00000000c001f1ba                FAT::close(void*)
                0x00000000c001f206                FAT::closeDir(void*)
                0x00000000c001f252                FAT::seek(void*, unsigned long long)
                0x00000000c001f2a6                fatWrapperReadDisk
                0x00000000c001f2ed                fatWrapperWriteDisk
                0x00000000c001f334                fatWrapperIoctl
                0x00000000c001f438                FAT::FAT()
                0x00000000c001f438                FAT::FAT()
                0x00000000c001f48a                FAT::fixFilepath(char*)
                0x00000000c001f4c2                FAT::open(char const*, void**, FileOpenMode)
                0x00000000c001f5ea                FAT::openDir(char const*, void**)
                0x00000000c001f690                FAT::stat(char const*, unsigned long long*, bool*)
                0x00000000c001f77a                FAT::unlink(char const*)
                0x00000000c001f7f4                FAT::chfatattr(char const*, unsigned char, unsigned char)
                0x00000000c001f948                FAT::rename(char const*, char const*)
                0x00000000c001fa0c                FAT::mkdir(char const*)
                0x00000000c001fa86                FAT::exists(char const*)
 *fill*         0x00000000c001faf1        0x1 
 .text          0x00000000c001faf2      0xbdf fs/iso9660/vfslink.32
                0x00000000c001faf2                ISO9660::format(LogicalDisk*, int, char const*, int)
                0x00000000c001faf8                ISO9660::seek(void*, unsigned long long)
                0x00000000c001fb28                ISO9660::tell(void*, unsigned long long*)
                0x00000000c001fb4c                ISO9660::getName()
                0x00000000c001fb52                ISO9660::stat(void*, unsigned long long*)
                0x00000000c001fb76                ISO9660::chfatattr(char const*, unsigned char, unsigned char)
                0x00000000c001fb7c                ISO9660::unlink(char const*)
                0x00000000c001fb82                ISO9660::write(void*, unsigned long, void*, int*)
                0x00000000c001fb88                ISO9660::rename(char const*, char const*)
                0x00000000c001fb8e                ISO9660::mkdir(char const*)
                0x00000000c001fb94                ISO9660::close(void*)
                0x00000000c001fbb6                ISO9660::closeDir(void*)
                0x00000000c001fbd8                ISO9660::~ISO9660()
                0x00000000c001fbd8                ISO9660::~ISO9660()
                0x00000000c001fbfc                ISO9660::~ISO9660()
                0x00000000c001fc23                __memmem(unsigned char*, int, unsigned char*, int)
                0x00000000c001fc65                readSectorFromCDROM(unsigned int, unsigned char*, char)
                0x00000000c001fccc                ISO9660::tryMount(LogicalDisk*, int)
                0x00000000c001fd1c                ISO9660::read(void*, unsigned long, void*, int*)
                0x00000000c001ff60                ISO9660::readDir(void*, unsigned long, void*, int*)
                0x00000000c00201ed                readRoot(unsigned int*, unsigned int*, char)
                0x00000000c0020242                readRecursively(char*, unsigned int, unsigned int, unsigned int*, unsigned int*, char, int*)
                0x00000000c0020415                getFileData(char*, unsigned int*, unsigned int*, char, int*)
                0x00000000c00204a4                ISO9660::open(char const*, void**, FileOpenMode)
                0x00000000c002053e                ISO9660::exists(char const*)
                0x00000000c0020562                ISO9660::stat(char const*, unsigned long long*, bool*)
                0x00000000c00205f6                ISO9660::openDir(char const*, void**)
                0x00000000c00206ae                ISO9660::ISO9660()
                0x00000000c00206ae                ISO9660::ISO9660()
 *fill*         0x00000000c00206d1        0x1 
 .text          0x00000000c00206d2      0x326 hal/sound/sndchannel.32
                0x00000000c00206d2                SoundChannel::~SoundChannel()
                0x00000000c00206d2                SoundChannel::~SoundChannel()
                0x00000000c00206ee                SoundChannel::setSpeed(float)
                0x00000000c00206fa                SoundChannel::getSpeed()
                0x00000000c0020702                SoundChannel::setVolume(int)
                0x00000000c002071e                SoundChannel::getVolume()
                0x00000000c0020726                SoundChannel::pause()
                0x00000000c0020730                SoundChannel::SoundChannel(int, int, int, int)
                0x00000000c0020730                SoundChannel::SoundChannel(int, int, int, int)
                0x00000000c0020886                SoundChannel::play()
                0x00000000c0020890                SoundChannel::paused()
                0x00000000c0020898                SoundChannel::getSampleRate()
                0x00000000c00208a0                SoundChannel::getBits()
                0x00000000c00208a8                SoundChannel::getBufferUsed()
                0x00000000c00208b0                SoundChannel::getBufferSize()
                0x00000000c00208b8                SoundChannel::unbuffer(float*, int, int)
                0x00000000c0020958                SoundChannel::buffer8(unsigned char*, int)
 .text          0x00000000c00209f8      0x3d5 hal/sound/sndhw.32
                0x00000000c00209f8                SoundDevice::SoundDevice(char const*)
                0x00000000c00209f8                SoundDevice::SoundDevice(char const*)
                0x00000000c0020a64                SoundDevice::~SoundDevice()
                0x00000000c0020a64                SoundDevice::~SoundDevice()
                0x00000000c0020ade                SoundDevice::~SoundDevice()
                0x00000000c0020b08                SoundDevice::getFreeChannelNum()
                0x00000000c0020b22                SoundDevice::addChannel(SoundChannel*)
                0x00000000c0020b92                SoundDevice::removeChannel(int)
                0x00000000c0020bc4                SoundDevice::floatTo8(float*, unsigned char*, int)
                0x00000000c0020cac                SoundDevice::getAudio(int, float*, float*)
 .text          0x00000000c0020dcd        0x0 hw/bus/isa.32
 *fill*         0x00000000c0020dcd        0x1 
 .text          0x00000000c0020dce      0x6c3 hw/bus/pci.32
                0x00000000c0020dce                PCI::open(int, int, void*)
                0x00000000c0020de2                PCI::close(int, int, void*)
                0x00000000c0020de6                PCI::PCI()
                0x00000000c0020de6                PCI::PCI()
                0x00000000c0020e66                PCI::pciReadWord(unsigned char, unsigned char, unsigned char, unsigned char)
                0x00000000c0020eae                PCI::getVendorID(unsigned char, unsigned char, unsigned char)
                0x00000000c0020ed0                PCI::getHeaderType(unsigned char, unsigned char, unsigned char)
                0x00000000c0020ef4                PCI::getClassCode(unsigned char, unsigned char, unsigned char)
                0x00000000c0020f38                PCI::getProgIF(unsigned char, unsigned char, unsigned char)
                0x00000000c0020f5c                PCI::getRevisionID(unsigned char, unsigned char, unsigned char)
                0x00000000c0020f7e                PCI::getInterruptNumber(unsigned char, unsigned char, unsigned char)
                0x00000000c0020fa0                PCI::getSecondaryBus(unsigned char, unsigned char, unsigned char)
                0x00000000c0020fc4                PCI::getBARAddress(unsigned char, unsigned char, unsigned char, unsigned char)
                0x00000000c0021024                PCI::pciWriteWord(unsigned char, unsigned char, unsigned char, unsigned char, unsigned short)
                0x00000000c0021090                PCI::checkBus(unsigned char)
                0x00000000c00210b4                PCI::foundDevice(PCIDeviceInfo)
                0x00000000c0021226                PCI::getDeviceData(unsigned char, unsigned char, unsigned char)
                0x00000000c00213d2                PCI::checkDevice(unsigned char, unsigned char)
                0x00000000c002143e                PCI::detect()
 *fill*         0x00000000c0021491        0x1 
 .text          0x00000000c0021492      0xc70 hw/diskctrl/ide.32
                0x00000000c0021492                IDE::close(int, int, void*)
                0x00000000c0021496                IDE::IDE()
                0x00000000c0021496                IDE::IDE()
                0x00000000c00214ca                IDE::prepareInterrupt(unsigned char)
                0x00000000c00214dc                selectDrive(unsigned char, unsigned char)
                0x00000000c00214de                IDE::getBase(unsigned char)
                0x00000000c00214f0                IDE::write(unsigned char, unsigned char, unsigned char)
                0x00000000c00215b0                IDE::read(unsigned char, unsigned char)
                0x00000000c002165e                IDE::waitInterrupt(unsigned char)
                0x00000000c00216c4                ideChannel0IRQHandler(regs*, void*)
                0x00000000c00216e0                ideChannel1IRQHandler(regs*, void*)
                0x00000000c00216fc                IDE::enableIRQs(unsigned char, bool)
                0x00000000c0021742                IDE::open(int, int, void*)
                0x00000000c0021b52                IDE::readBuffer(unsigned char, unsigned char, unsigned int, unsigned int)
                0x00000000c0021c1e                IDE::detect()
                0x00000000c0021f06                IDE::printError(unsigned char, unsigned char, unsigned char)
                0x00000000c002209c                IDE::polling(unsigned char, unsigned int)
 .text          0x00000000c0022102      0x37a hw/diskctrl/satabus.32
                0x00000000c0022102                SATABus::close(int, int, void*)
                0x00000000c0022106                SATABus::detect()
                0x00000000c0022108                SATABus::SATABus()
                0x00000000c0022108                SATABus::SATABus()
                0x00000000c00221b4                SATABus::findCmdslot(SATABus::tagHBA_PORT volatile*)
                0x00000000c00221fc                SATABus::checkType(SATABus::tagHBA_PORT volatile*)
                0x00000000c0022244                SATABus::startCmd(SATABus::tagHBA_PORT volatile*)
                0x00000000c0022264                SATABus::stopCmd(SATABus::tagHBA_PORT volatile*)
                0x00000000c002228e                SATABus::portRebase(SATABus::tagHBA_PORT volatile*, int)
                0x00000000c0022394                SATABus::probePort(SATABus::tagHBA_MEM volatile*)
                0x00000000c002245c                SATABus::open(int, int, void*)
 .text          0x00000000c002247c      0x62b hw/diskphys/ata.32
                0x00000000c002247c                ATA::close(int, int, void*)
                0x00000000c00224a0                ATA::powerSaving(PowerSavingLevel)
                0x00000000c00224a2                ATA::ATA()
                0x00000000c00224a2                ATA::ATA()
                0x00000000c00224d0                ATA::flush(bool)
                0x00000000c002251a                ATA::readyForCommand()
                0x00000000c002256a                ATA::access(unsigned long long, int, void*, bool)
                0x00000000c00228e8                ATA::read(unsigned long long, int, void*)
                0x00000000c0022950                ATA::write(unsigned long long, int, void*)
                0x00000000c00229b8                ATA::detectCHS()
                0x00000000c00229e2                ATA::open(int, int, void*)
 *fill*         0x00000000c0022aa7        0x1 
 .text          0x00000000c0022aa8      0x5b3 hw/diskphys/atapi.32
                0x00000000c0022aa8                ATAPI::write(unsigned long long, int, void*)
                0x00000000c0022aae                ATAPI::close(int, int, void*)
                0x00000000c0022ad2                ATAPI::ATAPI()
                0x00000000c0022ad2                ATAPI::ATAPI()
                0x00000000c0022b00                ATAPI::readyForCommand()
                0x00000000c0022b50                ATAPI::sendPacket(unsigned char*, int, bool, unsigned short*, int)
                0x00000000c0022e10                ATAPI::diskRemoved()
                0x00000000c0022e2c                ATAPI::eject()
                0x00000000c0022e72                ATAPI::diskInserted()
                0x00000000c0022ea0                ATAPI::detectMedia()
                0x00000000c0022f5c                ATAPI::open(int, int, void*)
                0x00000000c0022fdc                ATAPI::read(unsigned long long, int, void*)
 *fill*         0x00000000c002305b        0x1 
 .text          0x00000000c002305c      0x414 hw/diskphys/sata.32
                0x00000000c002305c                SATA::close(int, int, void*)
                0x00000000c0023080                SATA::powerSaving(PowerSavingLevel)
                0x00000000c0023082                SATA::open(int, int, void*)
                0x00000000c00230de                SATA::SATA()
                0x00000000c00230de                SATA::SATA()
                0x00000000c002310c                SATA::access(unsigned long long, int, void*, bool)
                0x00000000c00233a0                SATA::read(unsigned long long, int, void*)
                0x00000000c0023408                SATA::write(unsigned long long, int, void*)
 .text          0x00000000c0023470       0x8e hw/fpu/avx.32
                0x00000000c0023470                AVX::open(int, int, void*)
                0x00000000c0023482                AVX::close(int, int, void*)
                0x00000000c0023494                AVX::available()
                0x00000000c00234a6                AVX::save(void*)
                0x00000000c00234be                AVX::load(void*)
                0x00000000c00234d6                AVX::AVX()
                0x00000000c00234d6                AVX::AVX()
 .text          0x00000000c00234fe       0x90 hw/fpu/mmx.32
                0x00000000c00234fe                MMX::available()
                0x00000000c0023512                MMX::open(int, int, void*)
                0x00000000c0023524                MMX::close(int, int, void*)
                0x00000000c0023536                MMX::save(void*)
                0x00000000c002354e                MMX::load(void*)
                0x00000000c0023566                MMX::MMX()
                0x00000000c0023566                MMX::MMX()
 .text          0x00000000c002358e       0x96 hw/fpu/sse.32
                0x00000000c002358e                SSE::open(int, int, void*)
                0x00000000c00235a0                SSE::close(int, int, void*)
                0x00000000c00235b2                SSE::available()
                0x00000000c00235cc                SSE::save(void*)
                0x00000000c00235e4                SSE::load(void*)
                0x00000000c00235fc                SSE::SSE()
                0x00000000c00235fc                SSE::SSE()
 .text          0x00000000c0023624       0x8e hw/fpu/x87.32
                0x00000000c0023624                x87::open(int, int, void*)
                0x00000000c0023636                x87::close(int, int, void*)
                0x00000000c0023648                x87::available()
                0x00000000c002365a                x87::save(void*)
                0x00000000c0023672                x87::load(void*)
                0x00000000c002368a                x87::x87()
                0x00000000c002368a                x87::x87()
 .text          0x00000000c00236b2      0x71e hw/intctrl/apic.32
                0x00000000c00236b2                APIC::disable()
                0x00000000c00236b4                APIC::close(int, int, void*)
                0x00000000c00236d6                IOAPIC::close(int, int, void*)
                0x00000000c00236dc                APIC::io_wait()
                0x00000000c00236e2                APIC::getBase()
                0x00000000c0023724                APIC::eoi(unsigned char)
                0x00000000c0023752                APIC::open(int, int, void*)
                0x00000000c00238a0                IOAPIC::IOAPIC()
                0x00000000c00238a0                IOAPIC::IOAPIC()
                0x00000000c00238c8                APIC::APIC()
                0x00000000c00238c8                APIC::APIC()
                0x00000000c00239a4                IOAPIC::handlesGSIWithNumber(unsigned int)
                0x00000000c00239d6                IOAPIC::read(int)
                0x00000000c00239fe                IOAPIC::open(int, int, void*)
                0x00000000c0023af4                IOAPIC::write(int, int)
                0x00000000c0023b20                IOAPIC::redirect(unsigned char, unsigned long long, unsigned char, bool, bool)
                0x00000000c0023c1a                APIC::installIRQHandler(int, void (*)(regs*, void*), bool, void*)
 .text          0x00000000c0023dd0      0x3d3 hw/intctrl/pic.32
                0x00000000c0023dd0                PIC::disable()
                0x00000000c0023dfe                PIC::close(int, int, void*)
                0x00000000c0023e20                PIC::PIC()
                0x00000000c0023e20                PIC::PIC()
                0x00000000c0023ef6                PIC::ioWait()
                0x00000000c0023efc                PIC::getIRQReg(int)
                0x00000000c0023f66                PIC::eoi(unsigned char)
                0x00000000c0023ff8                PIC::remap()
                0x00000000c0024164                PIC::open(int, int, void*)
 *fill*         0x00000000c00241a3        0x1 
 .text          0x00000000c00241a4      0x25e hw/timer/apictimer.32
                0x00000000c00241a4                APICTimer::close(int, int, void*)
                0x00000000c00241aa                apicTimerHandler(regs*, void*)
                0x00000000c00241d8                APICTimer::write(int)
                0x00000000c00242dc                APICTimer::open(int, int, void*)
                0x00000000c00243da                APICTimer::APICTimer()
                0x00000000c00243da                APICTimer::APICTimer()
 .text          0x00000000c0024402      0x1a7 hw/timer/pit.32
                0x00000000c0024402                PIT::write(int)
                0x00000000c0024480                pitHandler(regs*, void*)
                0x00000000c00244ac                PIT::open(int, int, void*)
                0x00000000c00244fa                PIT::close(int, int, void*)
                0x00000000c002452a                PIT::PIT()
                0x00000000c002452a                PIT::PIT()
 *fill*         0x00000000c00245a9        0x7 
 .text          0x00000000c00245b0       0x1e hw/fpu/x86/avx.32
                0x00000000c00245b0                avxDetect
                0x00000000c00245b6                avxSave
                0x00000000c00245b7                avxLoad
                0x00000000c00245b8                avxInit
                0x00000000c00245b9                avxClose
                0x00000000c00245ba                wouldSheSayYes
 *fill*         0x00000000c00245ce        0x2 
 .text          0x00000000c00245d0       0x35 hw/fpu/x86/sse.32
                0x00000000c00245d0                absolutelyNoChanceInHell
                0x00000000c00245d0                sseDetect
                0x00000000c00245e8                sseSave
                0x00000000c00245ee                sseLoad
                0x00000000c00245f4                sseInit
                0x00000000c0024604                sseClose
 *fill*         0x00000000c0024605        0xb 
 .text          0x00000000c0024610       0x47 hw/fpu/x86/x87.32
                0x00000000c0024616                x87Detect
                0x00000000c0024631                x87Save
                0x00000000c0024637                x87Load
                0x00000000c002463c                x87Init
                0x00000000c0024656                x87Close
 *fill*         0x00000000c0024657        0x1 
 .text          0x00000000c0024658       0x25 /cygdrive/d/Users/Alex/Desktop/Toolchain/Output/bin/../lib/gcc/i386-banana/8.1.0/crtend.o
 .text          0x00000000c002467d        0x0 crtn.32
 *fill*         0x00000000c002467d        0x3 
 .text          0x00000000c0024680      0x14b /cygdrive/d/Users/Alex/Desktop/Toolchain/Output/bin/../lib/gcc/i386-banana/8.1.0/libkgcc.a(_divdi3.o)
                0x00000000c0024680                __divdi3
 *fill*         0x00000000c00247cb        0x1 
 .text          0x00000000c00247cc      0x17e /cygdrive/d/Users/Alex/Desktop/Toolchain/Output/bin/../lib/gcc/i386-banana/8.1.0/libkgcc.a(_moddi3.o)
                0x00000000c00247cc                __moddi3
 *fill*         0x00000000c002494a        0x2 
 .text          0x00000000c002494c       0xff /cygdrive/d/Users/Alex/Desktop/Toolchain/Output/bin/../lib/gcc/i386-banana/8.1.0/libkgcc.a(_udivdi3.o)
                0x00000000c002494c                __udivdi3
 *fill*         0x00000000c0024a4b        0x1 
 .text          0x00000000c0024a4c      0x11a /cygdrive/d/Users/Alex/Desktop/Toolchain/Output/bin/../lib/gcc/i386-banana/8.1.0/libkgcc.a(_umoddi3.o)
                0x00000000c0024a4c                __umoddi3
 .text          0x00000000c0024b66      0x96d D:/Users/Alex/Desktop/Banana/kernel/libsoftfp.a(sfieeelib.o)
                0x00000000c0024b66                __addsf3
                0x00000000c0024e68                __subsf3
                0x00000000c0024e7c                __negsf2
                0x00000000c0024e89                __mulsf3
                0x00000000c002504c                __divsf3
                0x00000000c0025277                __floatsisf
                0x00000000c00252eb                __floatunsisf
                0x00000000c002532d                __fixsfsi
                0x00000000c002538f                __fixunssfsi
                0x00000000c00253c0                __cmpsf2
                0x00000000c0025455                __eqsf2
                0x00000000c0025490                __nesf2
                0x00000000c0025492                __gtsf2
                0x00000000c00254cd                __gesf2
                0x00000000c00254cf                __ltsf2
                0x00000000c00254d1                __lesf2
 .text          0x00000000c00254d3      0xf50 D:/Users/Alex/Desktop/Banana/kernel/libsoftfp.a(dfieeelib.o)
                0x00000000c00254d3                __adddf3
                0x00000000c0025b24                __subdf3
                0x00000000c0025b3f                __negdf2
                0x00000000c0025b50                __muldf3
                0x00000000c0025e34                __divdf3
                0x00000000c00261b3                __floatsidf
                0x00000000c002620e                __floatunsidf
                0x00000000c002624c                __fixdfsi
                0x00000000c00262b9                __fixunsdfsi
                0x00000000c00262f5                __cmpdf2
                0x00000000c00263e3                __eqdf2
                0x00000000c00263ff                __nedf2
                0x00000000c0026401                __gtdf2
                0x00000000c002641d                __gedf2
                0x00000000c002641f                __ltdf2
                0x00000000c0026421                __ledf2
 .text          0x00000000c0026423      0x18d D:/Users/Alex/Desktop/Banana/kernel/libsoftfp.a(sfdfcvt.o)
                0x00000000c0026423                __truncdfsf2
                0x00000000c0026547                __extendsfdf2
 .text          0x00000000c00265b0       0x1e D:/Users/Alex/Desktop/Banana/kernel/libk/libm32.a(s_fabs.c.o)
                0x00000000c00265b0                fabs
 *fill*         0x00000000c00265ce        0x2 
 .text          0x00000000c00265d0        0xc D:/Users/Alex/Desktop/Banana/kernel/libk/libm32.a(s_lrint.S.o)
                0x00000000c00265d0                lrint
 .text          0x00000000c00265dc        0xc D:/Users/Alex/Desktop/Banana/kernel/libk/libm32.a(s_lrintf.S.o)
                0x00000000c00265dc                lrintf
 *(.gnu.linkonce.t*)

.iplt           0x00000000c00265e8        0x0
 .iplt          0x00000000c00265e8        0x0 D:/Users/Alex/Desktop/Banana/kernel/boot.32

.init           0x00000000c00265e8        0xf
 .init          0x00000000c00265e8        0x3 crti.32
                0x00000000c00265e8                _init
 .init          0x00000000c00265eb        0x5 /cygdrive/d/Users/Alex/Desktop/Toolchain/Output/bin/../lib/gcc/i386-banana/8.1.0/crtbegin.o
 .init          0x00000000c00265f0        0x5 /cygdrive/d/Users/Alex/Desktop/Toolchain/Output/bin/../lib/gcc/i386-banana/8.1.0/crtend.o
 .init          0x00000000c00265f5        0x2 crtn.32

.fini           0x00000000c00265f7        0xa
 .fini          0x00000000c00265f7        0x3 crti.32
                0x00000000c00265f7                _fini
 .fini          0x00000000c00265fa        0x5 /cygdrive/d/Users/Alex/Desktop/Toolchain/Output/bin/../lib/gcc/i386-banana/8.1.0/crtbegin.o
 .fini          0x00000000c00265ff        0x2 crtn.32

.text._ZN8ComputerD2Ev
                0x00000000c0026602       0x23
 .text._ZN8ComputerD2Ev
                0x00000000c0026602       0x23 core/computer.32
                0x00000000c0026602                Computer::~Computer()
                0x00000000c0026602                Computer::~Computer()

.text._ZN8ComputerD0Ev
                0x00000000c0026626       0x2a
 .text._ZN8ComputerD0Ev
                0x00000000c0026626       0x2a core/computer.32
                0x00000000c0026626                Computer::~Computer()

.text._Z10idleCommonv
                0x00000000c0026650       0x15
 .text._Z10idleCommonv
                0x00000000c0026650       0x15 core/idle.32
                0x00000000c0026650                idleCommon()

.text._ZN10LinkedListI8UnixFileED2Ev
                0x00000000c0026666        0x2