Archive member included to satisfy reference by file (symbol)

/cygdrive/d/Users/Alex/Desktop/Toolchain/Output/bin/../lib/gcc/i386-banana/8.1.0/libkgcc.a(_divdi3.o)
                              fs/fat/ff.32 (__divdi3)
/cygdrive/d/Users/Alex/Desktop/Toolchain/Output/bin/../lib/gcc/i386-banana/8.1.0/libkgcc.a(_moddi3.o)
                              compat/resolve.32 (__moddi3)
/cygdrive/d/Users/Alex/Desktop/Toolchain/Output/bin/../lib/gcc/i386-banana/8.1.0/libkgcc.a(_udivdi3.o)
                              fs/fat/ff.32 (__udivdi3)
/cygdrive/d/Users/Alex/Desktop/Toolchain/Output/bin/../lib/gcc/i386-banana/8.1.0/libkgcc.a(_umoddi3.o)
                              compat/resolve.32 (__umoddi3)
D:/Users/Alex/Desktop/Banana/kernel/libsoftfp.a(sfieeelib.o)
                              hal/sound/sndhw.32 (__addsf3)
D:/Users/Alex/Desktop/Banana/kernel/libsoftfp.a(dfieeelib.o)
                              hal/libresample/src_linear.32 (__adddf3)
D:/Users/Alex/Desktop/Banana/kernel/libsoftfp.a(sfdfcvt.o)
                              hal/libresample/samplerate.32 (__truncdfsf2)
D:/Users/Alex/Desktop/Banana/kernel/libk/libm32.a(s_fabs.c.o)
                              hal/libresample/samplerate.32 (fabs)
D:/Users/Alex/Desktop/Banana/kernel/libk/libm32.a(s_lrint.S.o)
                              hal/libresample/samplerate.32 (lrint)
D:/Users/Alex/Desktop/Banana/kernel/libk/libm32.a(s_lrintf.S.o)
                              hal/sound/sndhw.32 (lrintf)

Discarded input sections

 .comment       0x0000000000000000       0x12 /cygdrive/d/Users/Alex/Desktop/Toolchain/Output/bin/../lib/gcc/i386-banana/8.1.0/crtbegin.o
 .comment       0x0000000000000000       0x12 acpica/utclib.32
 .comment       0x0000000000000000       0x12 core/malloc.32
 .comment       0x0000000000000000       0x12 libk/string.32
 .comment       0x0000000000000000       0x12 fs/fat/diskio.32
 .comment       0x0000000000000000       0x12 fs/fat/ff.32
 .comment       0x0000000000000000       0x12 fs/fat/ffsystem.32
 .comment       0x0000000000000000       0x12 fs/fat/ffunicode.32
 .comment       0x0000000000000000       0x12 hal/libresample/samplerate.32
 .comment       0x0000000000000000       0x12 hal/libresample/src_linear.32
 .comment       0x0000000000000000       0x12 hal/libresample/src_sinc.32
 .comment       0x0000000000000000       0x12 hal/libresample/src_zoh.32
 .comment       0x0000000000000000       0x12 compat/inlines.32
 .comment       0x0000000000000000       0x12 compat/resolve.32
 .group         0x0000000000000000       0x14 core/computer.32
 .group         0x0000000000000000        0xc core/computer.32
 .comment       0x0000000000000000       0x12 core/computer.32
 .comment       0x0000000000000000       0x12 core/gdt.32
 .group         0x0000000000000000        0xc core/idle.32
 .comment       0x0000000000000000       0x12 core/idle.32
 .comment       0x0000000000000000       0x12 core/idt.32
 .comment       0x0000000000000000       0x12 core/kheap.32
 .comment       0x0000000000000000       0x12 core/main.32
 .comment       0x0000000000000000       0x12 core/physmgr.32
 .group         0x0000000000000000        0xc core/pipe.32
 .comment       0x0000000000000000       0x12 core/pipe.32
 .group         0x0000000000000000        0xc core/terminal.32
 .comment       0x0000000000000000       0x12 core/terminal.32
 .comment       0x0000000000000000       0x12 core/tss.32
 .group         0x0000000000000000        0x8 core/unixfile.32
 .group         0x0000000000000000        0xc core/unixfile.32
 .group         0x0000000000000000        0xc core/unixfile.32
 .group         0x0000000000000000        0x8 core/unixfile.32
 .group         0x0000000000000000        0xc core/unixfile.32
 .group         0x0000000000000000        0x8 core/unixfile.32
 .group         0x0000000000000000        0xc core/unixfile.32
 .group         0x0000000000000000        0xc core/unixfile.32
 .comment       0x0000000000000000       0x12 core/unixfile.32
 .comment       0x0000000000000000       0x12 core/virtmgr.32
 .comment       0x0000000000000000       0x12 coreobjs/c++.32
 .comment       0x0000000000000000       0x12 dbg/kconsole.32
 .group         0x0000000000000000        0xc fs/vfs.32
 .group         0x0000000000000000        0xc fs/vfs.32
 .group         0x0000000000000000        0xc fs/vfs.32
 .comment       0x0000000000000000       0x12 fs/vfs.32
 .group         0x0000000000000000        0xc hal/bus.32
 .comment       0x0000000000000000       0x12 hal/bus.32
 .group         0x0000000000000000        0xc hal/buzzer.32
 .comment       0x0000000000000000       0x12 hal/buzzer.32
 .group         0x0000000000000000        0xc hal/clock.32
 .comment       0x0000000000000000       0x12 hal/clock.32
 .group         0x0000000000000000       0x14 hal/device.32
 .group         0x0000000000000000        0xc hal/device.32
 .group         0x0000000000000000        0xc hal/device.32
 .group         0x0000000000000000        0xc hal/device.32
[...]
Memory Configuration

Name             Origin             Length             Attributes
*default*        0x0000000000000000 0xffffffffffffffff

Linker script and memory map

LOAD D:/Users/Alex/Desktop/Banana/kernel/boot.32
LOAD crti.32
LOAD /cygdrive/d/Users/Alex/Desktop/Toolchain/Output/bin/../lib/gcc/i386-banana/8.1.0/crtbegin.o
LOAD D:/Users/Alex/Desktop/Banana/kernel/morenasm.32
LOAD acpica/utclib.32
LOAD core/malloc.32
LOAD libk/string.32
LOAD fs/fat/diskio.32
LOAD fs/fat/ff.32
LOAD fs/fat/ffsystem.32
LOAD fs/fat/ffunicode.32
LOAD hal/libresample/samplerate.32
LOAD hal/libresample/src_linear.32
LOAD hal/libresample/src_sinc.32
LOAD hal/libresample/src_zoh.32
LOAD compat/inlines.32
LOAD compat/resolve.32
LOAD core/computer.32
LOAD core/gdt.32
LOAD core/idle.32
LOAD core/idt.32
LOAD core/kheap.32
LOAD core/main.32
LOAD core/physmgr.32
LOAD core/pipe.32
LOAD core/terminal.32
LOAD core/tss.32
LOAD core/unixfile.32
LOAD core/virtmgr.32
LOAD coreobjs/c++.32
LOAD dbg/kconsole.32
LOAD fs/vfs.32
LOAD hal/bus.32
LOAD hal/buzzer.32
LOAD hal/clock.32
LOAD hal/device.32
LOAD hal/diskctrl.32
LOAD hal/diskphys.32
LOAD hal/fpu.32
LOAD hal/intctrl.32
LOAD hal/keybrd.32
LOAD hal/logidisk.32
LOAD hal/mouse.32
LOAD hal/partition.32
LOAD hal/serial.32
LOAD hal/timer.32
LOAD hal/vcache.32
LOAD hal/video.32
LOAD hw/acpi.32
LOAD hw/cpu.32
LOAD hw/ports.32
LOAD hw/smp.32
LOAD krnl/env.32
LOAD krnl/panic.32
LOAD net/ethernet.32
LOAD reg/registry.32
LOAD sys/sc_eject.32
LOAD sys/sc_exit.32
LOAD sys/sc_getcwd.32
LOAD sys/sc_getpid.32
LOAD sys/sc_getramdata.32
LOAD sys/sc_getvgaptr.32
LOAD sys/sc_loaddll.32
LOAD sys/sc_read.32
LOAD sys/sc_sbrk.32
LOAD sys/sc_setcwd.32
LOAD sys/sc_settime.32
LOAD sys/sc_timezone.32
LOAD sys/sc_write.32
LOAD sys/sc_wsbe.32
LOAD sys/sc_yield.32
LOAD sys/syscalls.32
LOAD thr/elf.32
LOAD thr/prcssthr.32
LOAD vm86/vm8086.32
LOAD vm86/x87em.32
LOAD fs/fat/vfslink.32
LOAD fs/iso9660/vfslink.32
LOAD hal/sound/sndchannel.32
LOAD hal/sound/sndhw.32
LOAD hw/bus/isa.32
LOAD hw/bus/pci.32
LOAD hw/diskctrl/ide.32
LOAD hw/diskctrl/satabus.32
LOAD hw/diskphys/ata.32
LOAD hw/diskphys/atapi.32
LOAD hw/diskphys/sata.32
LOAD hw/diskphys/satapi.32
LOAD hw/fpu/avx.32
LOAD hw/fpu/mmx.32
LOAD hw/fpu/sse.32
LOAD hw/fpu/x87.32
LOAD hw/intctrl/apic.32
LOAD hw/intctrl/pic.32
LOAD hw/timer/apictimer.32
LOAD hw/timer/pit.32
LOAD hw/fpu/x86/avx.32
LOAD hw/fpu/x86/sse.32
LOAD hw/fpu/x86/x87.32
LOAD /cygdrive/d/Users/Alex/Desktop/Toolchain/Output/bin/../lib/gcc/i386-banana/8.1.0/crtend.o
LOAD crtn.32
LOAD /cygdrive/d/Users/Alex/Desktop/Toolchain/Output/bin/../lib/gcc/i386-banana/8.1.0/libkgcc.a
LOAD D:/Users/Alex/Desktop/Banana/kernel/libsoftfp.a
LOAD D:/Users/Alex/Desktop/Banana/kernel/libk/libm32.a
                0x00000000c0000000                . = 0xc0000000

.text           0x00000000c0000000    0x294e8
 *(.text)
 .text          0x00000000c0000000       0x41 D:/Users/Alex/Desktop/Banana/kernel/boot.32
                0x00000000c0000020                callGlobalConstructors
 .text          0x00000000c0000041        0x0 crti.32
 *fill*         0x00000000c0000041        0x3 
 .text          0x00000000c0000044      0x101 /cygdrive/d/Users/Alex/Desktop/Toolchain/Output/bin/../lib/gcc/i386-banana/8.1.0/crtbegin.o
 *fill*         0x00000000c0000145        0xb 
 .text          0x00000000c0000150      0x4fb D:/Users/Alex/Desktop/Banana/kernel/morenasm.32
                0x00000000c0000150                manualPCIProbe
                0x00000000c000019b                prepareTramp
                0x00000000c00001b4                voodooXADD
                0x00000000c000027f                doTPAUSE
                0x00000000c0000289                hasLegacyFPU
                0x00000000c00002ae                is486
                0x00000000c00002e4                detectCPUID
                0x00000000c00002fa                goToVM86
                0x00000000c000032a                goToUsermode
                0x00000000c0000354                switchToThreadASMFirstTime
                0x00000000c0000362                switchToThreadASM
                0x00000000c00003f2                asmQuickAcquireLock
                0x00000000c0000410                asmQuickReleaseLock
                0x00000000c000041c                asmAcquireLock
                0x00000000c000043d                asmReleaseLock
                0x00000000c0000450                loadGDT
                0x00000000c0000470                isr0
                0x00000000c0000480                isr1
                0x00000000c000048a                isr2
                0x00000000c0000494                isr3
                0x00000000c000049e                isr4
                0x00000000c00004a8                isr5
                0x00000000c00004b2                isr6
                0x00000000c00004bc                isr7
                0x00000000c00004c6                isr8
                0x00000000c00004ce                isr9
                0x00000000c00004d8                isr10
                0x00000000c00004e0                isr11
                0x00000000c00004e8                isr12
                0x00000000c00004f0                isr13
                0x00000000c00004f8                isr14
                0x00000000c0000500                isr15
                0x00000000c000050a                isr16
                0x00000000c0000514                isr17
                0x00000000c000051e                isr18
                0x00000000c0000528                irq3
                0x00000000c0000532                irq4
                0x00000000c000053c                irq5
                0x00000000c0000546                irq6
                0x00000000c0000550                irq7
                0x00000000c000055a                irq8
                0x00000000c0000564                irq9
                0x00000000c000056e                irq10
                0x00000000c0000578                irq11
                0x00000000c0000582                irq12
                0x00000000c000058c                irq13
                0x00000000c0000596                irq14
                0x00000000c00005a0                irq15
                0x00000000c00005aa                irq1
                0x00000000c00005b1                irq2
                0x00000000c00005b8                isr96
                0x00000000c00005bf                irq0
                0x00000000c00005c4                syscall_common_stub
                0x00000000c00005c4                int_common_stub
                0x00000000c00005f6                irq16
                0x00000000c0000600                irq17
                0x00000000c000060a                irq18
                0x00000000c0000614                irq19
                0x00000000c000061e                irq20
                0x00000000c0000628                irq21
                0x00000000c0000632                irq22
                0x00000000c000063c                irq23
                0x00000000c0000646                memcpy
 *fill*         0x00000000c000064b        0x1 
 .text          0x00000000c000064c      0x5dd acpica/utclib.32
                0x00000000c000064c                memcmp
                0x00000000c0000688                memmove
                0x00000000c0000750                memset
                0x00000000c000076c                strlen
                0x00000000c0000784                strpbrk
                0x00000000c00007c0                strtok
                0x00000000c000080c                strcpy
                0x00000000c0000830                strncpy
                0x00000000c0000898                strcmp
                0x00000000c00008d8                strchr
                0x00000000c00008fc                strncmp
                0x00000000c000094c                strcat
                0x00000000c000097c                strncat
                0x00000000c00009b8                strstr
                0x00000000c0000a00                toupper
                0x00000000c0000a14                tolower
                0x00000000c0000a28                simple_strtoul
 .text          0x00000000c0000c29      0xfad core/malloc.32
                0x00000000c0000d94                dlfree
                0x00000000c00010ef                dlmalloc
                0x00000000c000162c                dlrealloc
                0x00000000c00017cf                dlmemalign
                0x00000000c00018f2                dlcalloc
                0x00000000c000198c                dlcfree
                0x00000000c0001991                dlindependent_calloc
                0x00000000c00019b6                dlindependent_comalloc
                0x00000000c00019cd                dlvalloc
                0x00000000c00019f8                dlpvalloc
                0x00000000c0001a2e                dlmalloc_trim
                0x00000000c0001a3b                dlmalloc_usable_size
                0x00000000c0001a6c                dlmallinfo
                0x00000000c0001b3b                dlmalloc_stats
                0x00000000c0001b4c                dlmallopt
 .text          0x00000000c0001bd6        0x0 libk/string.32
 .text          0x00000000c0001bd6       0x51 fs/fat/diskio.32
                0x00000000c0001bd6                disk_status
                0x00000000c0001bd9                disk_initialize
                0x00000000c0001bdc                disk_read
                0x00000000c0001bf2                disk_write
                0x00000000c0001c08                disk_ioctl
 .text          0x00000000c0001c27     0x6833 fs/fat/ff.32
                0x00000000c0004ef5                f_mount
                0x00000000c0004f57                f_open
                0x00000000c0005393                f_read
                0x00000000c0005613                f_write
                0x00000000c00058cd                f_sync
                0x00000000c0005aa9                f_close
                0x00000000c0005ad8                f_lseek
                0x00000000c0005f8f                f_opendir
                0x00000000c0006091                f_closedir
                0x00000000c00060b3                f_readdir
                0x00000000c000614e                f_stat
                0x00000000c00061dd                f_getfree
                0x00000000c00063a8                f_truncate
                0x00000000c00064a0                f_unlink
                0x00000000c0006623                f_mkdir
                0x00000000c000684f                f_rename
                0x00000000c0006b42                f_chmod
                0x00000000c0006c20                f_utime
                0x00000000c0006cfe                f_getlabel
                0x00000000c0006eec                f_setlabel
                0x00000000c0007159                f_forward
                0x00000000c0007337                f_mkfs
 .text          0x00000000c000845a       0x2d fs/fat/ffsystem.32
                0x00000000c000845a                ff_memalloc
                0x00000000c0008470                ff_memfree
 .text          0x00000000c0008487      0x253 fs/fat/ffunicode.32
                0x00000000c0008487                ff_uni2oem
                0x00000000c0008517                ff_oem2uni
                0x00000000c0008583                ff_wtoupper
 .text          0x00000000c00086da      0x8fb hal/libresample/samplerate.32
                0x00000000c000871e                src_delete
                0x00000000c000875a                src_process
                0x00000000c0008910                src_callback_read
                0x00000000c0008a8d                src_set_ratio
                0x00000000c0008af7                src_get_channels
                0x00000000c0008b19                src_reset
                0x00000000c0008b65                src_new
                0x00000000c0008bf3                src_callback_new
                0x00000000c0008c55                src_get_name
                0x00000000c0008c8c                src_get_description
                0x00000000c0008cc3                src_get_version
                0x00000000c0008cc9                src_is_valid_ratio
                0x00000000c0008d1d                src_error
                0x00000000c0008d2b                src_strerror
                0x00000000c0008d3e                src_simple
                0x00000000c0008d91                src_short_to_float_array
                0x00000000c0008df6                src_float_to_short_array
                0x00000000c0008eb5                src_int_to_float_array
                0x00000000c0008f18                src_float_to_int_array
 .text          0x00000000c0008fd5      0x8cb hal/libresample/src_linear.32
                0x00000000c00097fb                linear_get_name
                0x00000000c000980a                linear_get_description
                0x00000000c0009819                linear_set_converter
 .text          0x00000000c00098a0     0x447c hal/libresample/src_sinc.32
                0x00000000c000dc33                sinc_get_name
                0x00000000c000dc46                sinc_get_description
                0x00000000c000dc59                sinc_set_converter
 .text          0x00000000c000dd1c      0x77c hal/libresample/src_zoh.32
                0x00000000c000e3f3                zoh_get_name
                0x00000000c000e402                zoh_get_description
                0x00000000c000e411                zoh_set_converter
 .text          0x00000000c000e498       0xa7 compat/inlines.32
                0x00000000c000e498                CPU::current()
                0x00000000c000e4a4                operator new(unsigned long)
                0x00000000c000e4a9                operator delete(void*)
                0x00000000c000e4ae                disableIRQs()
                0x00000000c000e4b6                enableIRQs()
                0x00000000c000e4c5                lockScheduler()
                0x00000000c000e4cd                unlockScheduler()
                0x00000000c000e4dc                lockStuff()
                0x00000000c000e4ea                unlockStuff()
                0x00000000c000e524                Virt::getAKernelVAS()
                0x00000000c000e52a                __not_memcpy
 .text          0x00000000c000e53f      0x111 compat/resolve.32
                0x00000000c000e53f                Krnl::resolveCompatibilitySymbol(char*)
 .text          0x00000000c000e650      0xa17 core/computer.32
                0x00000000c000e650                Computer::close(int, int, void*)
                0x00000000c000e694                Krnl::firstTask()
                0x00000000c000e784                Computer::Computer()
                0x00000000c000e784                Computer::Computer()
                0x00000000c000e8e0                Computer::setBootMessage(char const*)
                0x00000000c000e8e2                Computer::detectFeatures()
                0x00000000c000eaec                Computer::displayFeatures()
                0x00000000c000ee32                Computer::rdmsr(unsigned int)
                0x00000000c000ee5e                Computer::wrmsr(unsigned int, unsigned long long)
                0x00000000c000ee96                Computer::nmiEnabled()
                0x00000000c000eea2                Computer::readCMOS(unsigned char)
                0x00000000c000eebc                Computer::enableNMI(bool)
                0x00000000c000eed4                Computer::open(int, int, void*)
                0x00000000c000efaa                Computer::disableNMI()
                0x00000000c000efb8                Computer::writeCMOS(unsigned char, unsigned char)
                0x00000000c000efd6                Computer::handleNMI()
                0x00000000c000f03c                Computer::setDiskActivityLight(int, bool)
 *fill*         0x00000000c000f067        0x1 
 .text          0x00000000c000f068      0x1b7 core/gdt.32
                0x00000000c000f068                GDTEntry::setBase(unsigned int)
                0x00000000c000f084                GDTEntry::setLimit(unsigned int)
                0x00000000c000f0a2                GDT::GDT()
                0x00000000c000f0a2                GDT::GDT()
                0x00000000c000f0b8                GDT::addEntry(GDTEntry)
                0x00000000c000f0f4                GDT::getNumberOfEntries()
                0x00000000c000f0fc                GDT::flush()
                0x00000000c000f11e                GDT::setup()
 .text          0x00000000c000f21f       0x6b core/idle.32
                0x00000000c000f21f                idleFunction(void*)
 .text          0x00000000c000f28a      0x45e core/idt.32
                0x00000000c000f28a                IDTEntry::IDTEntry(bool)
                0x00000000c000f28a                IDTEntry::IDTEntry(bool)
                0x00000000c000f2f8                IDTEntry::setOffset(unsigned int)
                0x00000000c000f30c                IDT::IDT()
                0x00000000c000f30c                IDT::IDT()
                0x00000000c000f30e                IDT::getPointerToInvalidOpcodeEntryForF00F()
                0x00000000c000f316                IDT::addEntry(IDTEntry, int)
                0x00000000c000f330                IDT::addEntry(int, void (*)(), bool)
                0x00000000c000f368                IDT::flush()
                0x00000000c000f382                IDT::setup()
 .text          0x00000000c000f6e8      0x1fe core/kheap.32
                0x00000000c000f6e8                sbrk
                0x00000000c000f7f5                mmap
                0x00000000c000f80b                munmap
                0x00000000c000f821                liballoc_lock()
                0x00000000c000f82e                liballoc_unlock()
                0x00000000c000f842                liballoc_alloc(int)
                0x00000000c000f85d                liballoc_free(void*, int)
                0x00000000c000f878                realloc
                0x00000000c000f88c                malloc
                0x00000000c000f89c                free
                0x00000000c000f8ac                rfree
                0x00000000c000f8bc                calloc
 .text          0x00000000c000f8e6      0x44f core/main.32
                0x00000000c000f8e6                hwTextMode_loadInData(VgaText*)
                0x00000000c000f92b                hwTextMode_loadInTitle(VgaText*, char*)
                0x00000000c000f997                hwTextMode_showCursor(VgaText*, bool)
                0x00000000c000f9f2                hwTextMode_update(VgaText*)
                0x00000000c000f9f3                hwTextMode_updateCursor(VgaText*)
                0x00000000c000fa3b                hwTextMode_disableBlink(VgaText*, bool)
                0x00000000c000fa81                hwTextMode_scrollScreen(VgaText*)
                0x00000000c000fb22                hwTextMode_writeCharacter(VgaText*, char, VgaColour, VgaColour, int, int)
                0x00000000c000fba1                setupTextMode()
                0x00000000c000fc11                kernel_main
 .text          0x00000000c000fd35      0x56c core/physmgr.32
                0x00000000c000fd35                Phys::allocateDMA(unsigned long)
                0x00000000c000fdd8                Phys::freeDMA(unsigned long, unsigned long)
                0x00000000c000fe20                Phys::setPageState(unsigned long, bool)
                0x00000000c000fe52                Phys::getPageState(unsigned long)
                0x00000000c000fe6e                Phys::freePage(unsigned long)
                0x00000000c000fef8                Phys::allocatePage()
                0x00000000c000ffdd                Phys::allocateContiguousPages(int)
                0x00000000c0010039                Phys::allowSegmentToBeUsed(unsigned long, unsigned long)
                0x00000000c0010071                Phys::physicalMemorySetup(unsigned int)
 *fill*         0x00000000c00102a1        0x1 
 .text          0x00000000c00102a2      0x273 core/pipe.32
                0x00000000c00102a2                Pipe::isAtty()
                0x00000000c00102a6                Pipe::~Pipe()
                0x00000000c00102a6                Pipe::~Pipe()
                0x00000000c00102ca                Pipe::~Pipe()
                0x00000000c00102f2                Pipe::read(unsigned long long, void*, int*)
                0x00000000c00103ee                Pipe::write(unsigned long long, void*, int*)
                0x00000000c00104ae                Pipe::Pipe(int)
                0x00000000c00104ae                Pipe::Pipe(int)
 *fill*         0x00000000c0010515        0x1 
 .text          0x00000000c0010516      0xe4b core/terminal.32
                0x00000000c0010516                VgaText::isAtty()
                0x00000000c001051a                VgaText::~VgaText()
                0x00000000c001051a                VgaText::~VgaText()
                0x00000000c001053e                VgaText::~VgaText()
                0x00000000c0010568                VgaText::read(unsigned long long, void*, int*)
                0x00000000c0010588                setTerminalScrollLock(bool)
                0x00000000c0010589                addToTerminalCycle(VgaText*)
                0x00000000c00105aa                installVgaTextImplementation()
                0x00000000c00105bf                scrollTerminalScrollLock(int)
                0x00000000c00105c0                VgaText::load()
                0x00000000c001060e                VgaText::updateCursor()
                0x00000000c0010624                VgaText::showCursor(bool)
                0x00000000c0010630                VgaText::disableBlink(bool)
                0x00000000c0010664                VgaText::doANSI_SGR(int)
                0x00000000c00106d8                VgaText::setDefaultBgColour(VgaColour)
                0x00000000c00106e8                VgaText::setDefaultFgColour(VgaColour)
                0x00000000c00106f8                VgaText::setDefaultColours(VgaColour, VgaColour)
                0x00000000c0010718                VgaText::combineColours(unsigned char, unsigned char)
                0x00000000c001072a                VgaText::scrollScreen()
                0x00000000c00107be                VgaText::combineCharAndColour(char, unsigned char)
                0x00000000c00107d0                VgaText::writeCharacter(char, VgaColour, VgaColour, int, int)
                0x00000000c001082c                VgaText::getCursorX()
                0x00000000c0010834                VgaText::getCursorY()
                0x00000000c001083c                VgaText::setCursor(int, int)
                0x00000000c0010854                VgaText::setCursorX(int)
                0x00000000c001086c                VgaText::setCursorY(int)
                0x00000000c0010884                VgaText::incrementCursor(bool)
                0x00000000c00108d8                VgaText::updateRAMUsageDisplay(int)
                0x00000000c001093c                VgaText::updateDiskUsage()
                0x00000000c0010aa6                VgaText::updateTitle()
                0x00000000c0010aea                VgaText::setTitleTextColour(VgaColour)
                0x00000000c0010af8                VgaText::setTitleColour(VgaColour)
                0x00000000c0010b06                VgaText::setTitle(char*)
                0x00000000c0010b2c                VgaText::decrementCursor(bool)
                0x00000000c0010b4e                VgaText::putchar(char, VgaColour, VgaColour)
                0x00000000c0010c26                VgaText::isShowingCursor()
                0x00000000c0010c2e                VgaText::isBlinkDisabled()
                0x00000000c0010c3a                VgaText::setCursorHeight(int)
                0x00000000c0010c52                VgaText::getCursorHeight()
                0x00000000c0010c5a                setActiveTerminal(VgaText*)
                0x00000000c0010d00                doTerminalCycle()
                0x00000000c0010d1a                VgaText::doUpdate()
                0x00000000c0010d28                VgaText::puts(char const*, VgaColour, VgaColour)
                0x00000000c0010ea0                VgaText::clearScreen()
                0x00000000c0010efa                VgaText::putchar(char)
                0x00000000c0010fe6                VgaText::puts(char const*)
                0x00000000c001100c                VgaText::putx(unsigned int)
                0x00000000c0011052                VgaText::VgaText(char const*)
                0x00000000c0011052                VgaText::VgaText(char const*)
                0x00000000c0011200                VgaText::receiveKey(unsigned char)
                0x00000000c00112e8                VgaText::write(unsigned long long, void*, int*)
                0x00000000c001133c                newTerminal(char*)
 *fill*         0x00000000c0011361        0x1 
 .text          0x00000000c0011362      0x1b3 core/tss.32
                0x00000000c0011362                TSS::TSS()
                0x00000000c0011362                TSS::TSS()
                0x00000000c0011370                TSS::setESP(unsigned long)
                0x00000000c0011382                TSS::flush()
                0x00000000c00113a2                TSS::setup(unsigned long, unsigned long)
 *fill*         0x00000000c0011515        0x1 
 .text          0x00000000c0011516      0x4c2 core/unixfile.32
                0x00000000c0011516                ReservedFilename::read(unsigned long long, void*, int*)
                0x00000000c001156c                ReservedFilename::isAtty()
                0x00000000c0011588                ReservedFilename::write(unsigned long long, void*, int*)
                0x00000000c00115e6                UnixFile::getFileDescriptor()
                0x00000000c00115ee                UnixFile::UnixFile(int)
                0x00000000c00115ee                UnixFile::UnixFile(int)
                0x00000000c001179e                ReservedFilename::ReservedFilename(int)
                0x00000000c001179e                ReservedFilename::ReservedFilename(int)
                0x00000000c00117d0                UnixFile::~UnixFile()
                0x00000000c00117d0                UnixFile::~UnixFile()
                0x00000000c0011868                UnixFile::~UnixFile()
                0x00000000c0011890                ReservedFilename::~ReservedFilename()
                0x00000000c0011890                ReservedFilename::~ReservedFilename()
                0x00000000c00118b4                ReservedFilename::~ReservedFilename()
                0x00000000c00118db                getFromFileDescriptor(int)
 .text          0x00000000c00119d8     0x1313 core/virtmgr.32
                0x00000000c00119d8                Virt::setPageState(unsigned long, Virt::VirtPageState)
                0x00000000c0011a0d                Virt::getPageState(unsigned long)
                0x00000000c0011a31                Virt::allocateKernelVirtualPages(int)
                0x00000000c0011b42                Virt::freeSwapfilePage(unsigned long)
                0x00000000c0011b60                Virt::swapIDToSector(unsigned long)
                0x00000000c0011b72                Virt::allocateSwapfilePage()
                0x00000000c0011bf0                Virt::virtualMemorySetup()
                0x00000000c0011c6f                Virt::swappingSetup()
                0x00000000c0011c70                Virt::setupPageSwapping(int)
                0x00000000c0011e3c                VAS::VAS()
                0x00000000c0011e3c                VAS::VAS()
                0x00000000c0011e78                VAS::VAS(VAS*)
                0x00000000c0011e78                VAS::VAS(VAS*)
                0x00000000c0011ea6                VAS::getForeignPageTableEntry(bool, unsigned long)
                0x00000000c0011ed2                VAS::getPageTableEntry(unsigned long)
                0x00000000c0011ef1                Virt::freeKernelVirtualPages(unsigned long)
                0x00000000c0012014                VAS::freeAllocatedPages(unsigned long)
                0x00000000c0012038                VAS::virtualToPhysical(unsigned long)
                0x00000000c0012050                VAS::reflagRange(unsigned long, int, int, int)
                0x00000000c0012090                VAS::setToWriteCombining(unsigned long, int)
                0x00000000c00120c2                VAS::mapOtherVASIn(bool, VAS*)
                0x00000000c00120ec                VAS::~VAS()
                0x00000000c00120ec                VAS::~VAS()
                0x00000000c0012268                VAS::mapPage(unsigned long, unsigned long, int)
                0x00000000c001236a                VAS::allocatePages(int, int)
                0x00000000c0012542                VAS::setCPUSpecific(unsigned long)
                0x00000000c001255e                VAS::mapRange(unsigned long, unsigned long, int, int)
                0x00000000c0012624                VAS::mapForeignPage(bool, VAS*, unsigned long, unsigned long, int)
                0x00000000c0012712                VAS::VAS(bool)
                0x00000000c0012712                VAS::VAS(bool)
                0x00000000c0012992                VAS::evict(unsigned long)
                0x00000000c0012a54                VAS::tryLoadBackOffDisk(unsigned long)
                0x00000000c0012b7e                VAS::scanForEviction()
                0x00000000c0012c2f                mapVASFirstTime
 .text          0x00000000c0012ceb       0x95 coreobjs/c++.32
                0x00000000c0012ceb                __cxa_atexit
                0x00000000c0012cee                __cxa_finalize
                0x00000000c0012cef                __stack_chk_fail
                0x00000000c0012d5b                __cxa_pure_virtual
                0x00000000c0012d6c                operator new[](unsigned long)
                0x00000000c0012d71                operator delete(void*, unsigned long)
                0x00000000c0012d76                operator delete[](void*)
                0x00000000c0012d7b                operator delete[](void*, unsigned long)
 .text          0x00000000c0012d80      0x1ef dbg/kconsole.32
                0x00000000c0012d80                Dbg::stringifyxWithBase(unsigned int, char*, int)
                0x00000000c0012de1                Dbg::logc(char)
                0x00000000c0012df8                Dbg::logs(char*)
                0x00000000c0012e15                Dbg::logWriteInt(unsigned int)
                0x00000000c0012e32                Dbg::logWriteIntBase(unsigned int, int)
                0x00000000c0012e51                Dbg::kprintf(char const*, ...)
 *fill*         0x00000000c0012f6f        0x1 
 .text          0x00000000c0012f70      0xb82 fs/vfs.32
                0x00000000c0012f70                File::read(unsigned long long, void*, int*)
                0x00000000c0012fc8                File::write(unsigned long long, void*, int*)
                0x00000000c0013020                Directory::read(unsigned long long, void*, int*)
                0x00000000c0013078                Directory::write(unsigned long long, void*, int*)
                0x00000000c00130a6                File::isAtty()
                0x00000000c00130aa                Directory::isAtty()
                0x00000000c00130ae                Filesystem::getlabel(LogicalDisk*, int, char*, unsigned int*)
                0x00000000c00130b4                Filesystem::setlabel(LogicalDisk*, int, char*)
                0x00000000c00130ba                Filesystem::getFileFirstSector(char const*)
                0x00000000c00130c0                File::~File()
                0x00000000c00130c0                File::~File()
                0x00000000c00130e4                File::~File()
                0x00000000c001310e                Directory::~Directory()
                0x00000000c001310e                Directory::~Directory()
                0x00000000c0013132                Directory::~Directory()
                0x00000000c001315c                Filesystem::Filesystem()
                0x00000000c001315c                Filesystem::Filesystem()
                0x00000000c0013180                Filesystem::~Filesystem()
                0x00000000c0013180                Filesystem::~Filesystem()
                0x00000000c001318e                Filesystem::~Filesystem()
                0x00000000c00131b2                Fs::getcwd(Process*, char*, int)
                0x00000000c00131dc                Fs::initVFS()
                0x00000000c0013206                Fs::standardiseFiles(char*, char const*, char const*)
                0x00000000c00133b0                File::File(char const*, Process*)
                0x00000000c00133b0                File::File(char const*, Process*)
                0x00000000c0013414                File::open(FileOpenMode)
                0x00000000c0013472                File::close()
                0x00000000c00134d2                File::seek(unsigned long long)
                0x00000000c0013528                File::tell(unsigned long long*)
                0x00000000c0013578                File::rewind()
                0x00000000c001358c                File::unlink()
                0x00000000c00135d8                File::rename(char const*)
                0x00000000c0013626                File::chfatattr(unsigned char, unsigned char)
                0x00000000c0013682                File::exists()
                0x00000000c00136c0                File::stat(unsigned long long*, bool*)
                0x00000000c0013721                Fs::setcwd(Process*, char*)
                0x00000000c001385c                Directory::Directory(char const*, Process*)
                0x00000000c001385c                Directory::Directory(char const*, Process*)
                0x00000000c00138c0                Directory::open()
                0x00000000c001391c                Directory::close()
                0x00000000c001397c                Directory::unlink()
                0x00000000c00139c8                Directory::rename(char const*)
                0x00000000c0013a16                Directory::exists()
                0x00000000c0013a54                Directory::read(dirent*)
                0x00000000c0013aa0                Directory::create()
                0x00000000c0013aec                Filesystem::chfatattr(char const*, unsigned char, unsigned char)
 .text          0x00000000c0013af2       0x84 hal/bus.32
                0x00000000c0013af2                Bus::Bus(char const*)
                0x00000000c0013af2                Bus::Bus(char const*)
                0x00000000c0013b28                Bus::~Bus()
                0x00000000c0013b28                Bus::~Bus()
                0x00000000c0013b4c                Bus::~Bus()
 .text          0x00000000c0013b76      0x156 hal/buzzer.32
                0x00000000c0013b76                Buzzer::Buzzer(char const*)
                0x00000000c0013b76                Buzzer::Buzzer(char const*)
                0x00000000c0013bba                Buzzer::~Buzzer()
                0x00000000c0013bba                Buzzer::~Buzzer()
                0x00000000c0013bde                Buzzer::~Buzzer()
                0x00000000c0013c08                Buzzer::stop()
                0x00000000c0013c1b                beepThread(void*)
                0x00000000c0013c5e                Buzzer::beep(int, int, bool)
 .text          0x00000000c0013ccc      0x467 hal/clock.32
                0x00000000c0013ccc                User::loadClockSettings(int)
                0x00000000c0013d1e                Clock::Clock(char const*)
                0x00000000c0013d1e                Clock::Clock(char const*)
                0x00000000c0013d54                Clock::~Clock()
                0x00000000c0013d54                Clock::~Clock()
                0x00000000c0013d78                Clock::~Clock()
                0x00000000c0013da2                Clock::timeInSecondsLocal()
                0x00000000c0013dea                Clock::setTimeInSecondsLocal(unsigned long long)
                0x00000000c0013e43                datetimeToSeconds(datetime_t)
                0x00000000c0013f6a                Clock::setTimeInDatetimeLocal(datetime_t)
                0x00000000c0013fca                secondsToDatetime(unsigned long long)
                0x00000000c001410e                Clock::timeInDatetimeLocal()
 *fill*         0x00000000c0014133        0x1 
 .text          0x00000000c0014134      0x504 hal/device.32
                0x00000000c0014134                Device::hibernate()
                0x00000000c0014136                Device::wake()
                0x00000000c0014138                Device::detect()
                0x00000000c001413a                Device::disableLegacy()
                0x00000000c001413c                Device::powerSaving(PowerSavingLevel)
                0x00000000c001413e                DriverlessDevice::close(int, int, void*)
                0x00000000c0014142                DriverlessDevice::detect()
                0x00000000c0014144                DriverlessDevice::open(int, int, void*)
                0x00000000c0014158                Device::~Device()
                0x00000000c0014158                Device::~Device()
                0x00000000c0014166                Device::~Device()
                0x00000000c001418e                Device::findAndLoadDriver()
                0x00000000c001419c                Device::preOpenPCI(PCIDeviceInfo)
                0x00000000c00141c2                Device::preOpenACPI(void*, char*, char*)
                0x00000000c0014202                Device::addIRQHandler(int, void (*)(regs*, void*), bool, void*)
                0x00000000c0014240                Device::getParent()
                0x00000000c001424c                Device::removeIRQHandler(int, void (*)(regs*, void*), bool)
                0x00000000c001428a                Device::addChild(Device*)
                0x00000000c00142ce                Device::removeAllChildren()
                0x00000000c0014314                Device::hibernateAll()
                0x00000000c0014344                Device::wakeAll()
                0x00000000c0014374                Device::detectAll()
                0x00000000c00143a4                Device::disableLegacyAll()
                0x00000000c00143d4                Device::loadDriversForAll()
                0x00000000c0014414                Device::closeAll()
                0x00000000c001444a                Device::powerSavingAll(PowerSavingLevel)
                0x00000000c0014480                Device::setName(char const*)
                0x00000000c001448e                Device::Device(char const*)
                0x00000000c001448e                Device::Device(char const*)
                0x00000000c001458a                Device::getName()
                0x00000000c0014594                DriverlessDevice::DriverlessDevice(char const*)
                0x00000000c0014594                DriverlessDevice::DriverlessDevice(char const*)
                0x00000000c00145ca                Device::addToLinkedList(LinkedList<Device>&, DeviceType)
                0x00000000c001460e                getDevicesOfType(DeviceType)
 .text          0x00000000c0014638       0x84 hal/diskctrl.32
                0x00000000c0014638                HardDiskController::HardDiskController(char const*)
                0x00000000c0014638                HardDiskController::HardDiskController(char const*)
                0x00000000c001466e                HardDiskController::~HardDiskController()
                0x00000000c001466e                HardDiskController::~HardDiskController()
                0x00000000c0014692                HardDiskController::~HardDiskController()
 .text          0x00000000c00146bc       0xf2 hal/diskphys.32
                0x00000000c00146bc                PhysicalDisk::eject()
                0x00000000c00146d0                PhysicalDisk::PhysicalDisk(char const*, int)
                0x00000000c00146d0                PhysicalDisk::PhysicalDisk(char const*, int)
                0x00000000c0014738                PhysicalDisk::startCache()
                0x00000000c0014760                PhysicalDisk::~PhysicalDisk()
                0x00000000c0014760                PhysicalDisk::~PhysicalDisk()
                0x00000000c0014784                PhysicalDisk::~PhysicalDisk()
 .text          0x00000000c00147ae      0x13b hal/fpu.32
                0x00000000c00147ae                FPU::FPU(char const*)
                0x00000000c00147ae                FPU::FPU(char const*)
                0x00000000c00147e4                FPU::~FPU()
                0x00000000c00147e4                FPU::~FPU()
                0x00000000c0014808                FPU::~FPU()
                0x00000000c0014832                setupFPU()
 *fill*         0x00000000c00148e9        0x1 
 .text          0x00000000c00148ea     0x1413 hal/intctrl.32
                0x00000000c00148ea                InterruptController::uninstallISRHandler(int, void (*)(regs*, void*))
                0x00000000c0014922                InterruptController::installISRHandler(int, void (*)(regs*, void*), void*)
                0x00000000c0014974                doubleFault(regs*, void*)
                0x00000000c001498e                InterruptController::installIRQHandler(int, void (*)(regs*, void*), bool, void*)
                0x00000000c0014a2a                InterruptController::clearAllHandlers(int, bool)
                0x00000000c0014ad2                InterruptController::uninstallIRQHandler(int, void (*)(regs*, void*), bool)
                0x00000000c0014b59                nmiHandler(regs*, void*)
                0x00000000c0014b67                int_handler
                0x00000000c0014c08                InterruptController::InterruptController(char const*)
                0x00000000c0014c08                InterruptController::InterruptController(char const*)
                0x00000000c0014cae                InterruptController::~InterruptController()
                0x00000000c0014cae                InterruptController::~InterruptController()
                0x00000000c0014cd2                InterruptController::~InterruptController()
                0x00000000c0014cfc                displayDebugInfo(regs*)
                0x00000000c001518b                x87EmulHandler(regs*, void*)
                0x00000000c00151fe                gpFault(regs*, void*)
                0x00000000c0015237                pgFault(regs*, void*)
                0x00000000c001524e                otherISRHandler(regs*, void*)
                0x00000000c001526d                opcodeFault(regs*, void*)
                0x00000000c001588a                displayProgramFault(char const*)
                0x00000000c00158b2                setupInterruptController()
                0x00000000c0015cb0                InterruptController::convertLegacyIRQNumber(int)
 *fill*         0x00000000c0015cfd        0x1 
 .text          0x00000000c0015cfe      0x794 hal/keybrd.32
                0x00000000c0015cfe                startGUI(void*)
                0x00000000c0015d6a                startGUIVESA(void*)
                0x00000000c0015dd6                sendKeyToTerminal(unsigned char)
                0x00000000c0015e94                sendKeyboardToken(KeyboardToken)
                0x00000000c00162d1                clearInternalKeybuffer(VgaText*)
                0x00000000c0016306                readKeyboard(VgaText*, char*, unsigned long)
                0x00000000c0016408                Keyboard::Keyboard(char const*)
                0x00000000c0016408                Keyboard::Keyboard(char const*)
                0x00000000c0016444                Keyboard::~Keyboard()
                0x00000000c0016444                Keyboard::~Keyboard()
                0x00000000c0016468                Keyboard::~Keyboard()
 .text          0x00000000c0016492      0x414 hal/logidisk.32
                0x00000000c0016492                LogicalDisk::close(int, int, void*)
                0x00000000c0016496                LogicalDisk::~LogicalDisk()
                0x00000000c0016496                LogicalDisk::~LogicalDisk()
                0x00000000c00164ba                LogicalDisk::~LogicalDisk()
                0x00000000c00164e4                LogicalDisk::open(int, int, void*)
                0x00000000c00164f8                LogicalDisk::absoluteToRelative(unsigned long long)
                0x00000000c0016530                LogicalDisk::relativeToAbsolute(unsigned long long)
                0x00000000c0016576                LogicalDisk::LogicalDisk(char const*, PhysicalDisk*, unsigned long long, unsigned long long)
                0x00000000c0016576                LogicalDisk::LogicalDisk(char const*, PhysicalDisk*, unsigned long long, unsigned long long)
                0x00000000c001662c                LogicalDisk::assignDriveLetter()
                0x00000000c00166e2                LogicalDisk::mount()
                0x00000000c0016754                LogicalDisk::unmount()
                0x00000000c0016764                LogicalDisk::eject()
                0x00000000c0016778                LogicalDisk::unassignDriveLetter()
                0x00000000c00167ce                LogicalDisk::read(unsigned long long, int, void*)
                0x00000000c001683a                LogicalDisk::write(unsigned long long, int, void*)
 .text          0x00000000c00168a6       0x84 hal/mouse.32
                0x00000000c00168a6                Mouse::Mouse(char const*)
                0x00000000c00168a6                Mouse::Mouse(char const*)
                0x00000000c00168dc                Mouse::~Mouse()
                0x00000000c00168dc                Mouse::~Mouse()
                0x00000000c0016900                Mouse::~Mouse()
 .text          0x00000000c001692a      0x359 hal/partition.32
                0x00000000c001692a                makePartition(PhysicalDisk*, unsigned long long, unsigned long long)
                0x00000000c00169f2                createPartitionsForDisk(PhysicalDisk*)
 *fill*         0x00000000c0016c83        0x1 
 .text          0x00000000c0016c84       0x84 hal/serial.32
                0x00000000c0016c84                Serial::Serial(char const*)
                0x00000000c0016c84                Serial::Serial(char const*)
                0x00000000c0016cba                Serial::~Serial()
                0x00000000c0016cba                Serial::~Serial()
                0x00000000c0016cde                Serial::~Serial()
 .text          0x00000000c0016d08      0x2f3 hal/timer.32
                0x00000000c0016d08                Timer::Timer(char const*)
                0x00000000c0016d08                Timer::Timer(char const*)
                0x00000000c0016d3e                Timer::~Timer()
                0x00000000c0016d3e                Timer::~Timer()
                0x00000000c0016d62                Timer::~Timer()
                0x00000000c0016d8c                Timer::read()
                0x00000000c0016d97                timerHandler(unsigned long long)
                0x00000000c0016f09                setupTimer(int)
 *fill*         0x00000000c0016ffb        0x1 
 .text          0x00000000c0016ffc      0x40a hal/vcache.32
                0x00000000c0016ffc                VCache::VCache(PhysicalDisk*)
                0x00000000c0016ffc                VCache::VCache(PhysicalDisk*)
                0x00000000c0017164                VCache::invalidateReadBuffer()
                0x00000000c0017174                VCache::writeWriteBuffer()
                0x00000000c00171b0                VCache::~VCache()
                0x00000000c00171b0                VCache::~VCache()
                0x00000000c0017204                VCache::~VCache()
                0x00000000c001722c                VCache::write(unsigned long long, int, void*)
                0x00000000c0017316                VCache::read(unsigned long long, int, void*)
 .text          0x00000000c0017406      0x4cd hal/video.32
                0x00000000c0017406                Video::putrect(int, int, int, int, unsigned int)
                0x00000000c0017452                Video::bitblit(int, int, int, int, int, int, int, unsigned int*)
                0x00000000c00174c2                Video::blit(unsigned int*, int, int, int, int)
                0x00000000c0017540                Video::clearScreen(unsigned int)
                0x00000000c0017574                Video::putpixel(int, int, unsigned int)
                0x00000000c0017582                Video::Video(char const*)
                0x00000000c0017582                Video::Video(char const*)
                0x00000000c00175b8                Video::~Video()
                0x00000000c00175b8                Video::~Video()
                0x00000000c00175dc                Video::~Video()
                0x00000000c0017606                Video::isMonochrome()
                0x00000000c0017612                Video::getWidth()
                0x00000000c001761e                Video::getHeight()
                0x00000000c001762a                Video::drawCursor(int, int, unsigned char*, int)
                0x00000000c00176e6                Video::tgaParse(unsigned char*, int, int*, int*)
                0x00000000c0017868                Video::putTGA(int, int, unsigned char*, int)
 *fill*         0x00000000c00178d3        0x1 
 .text          0x00000000c00178d4     0x1275 hw/acpi.32
                0x00000000c00178d4                ACPI::close(int, int, void*)
                0x00000000c0017989                findRSDP()
                0x00000000c0017a23                loadACPITables(unsigned char*)
                0x00000000c0017c7a                findRSDT(unsigned char*)
                0x00000000c0017dc4                findDataTable(unsigned char*, char*)
                0x00000000c0017e60                scanMADT()
                0x00000000c00182e6                ACPI::ACPI()
                0x00000000c00182e6                ACPI::ACPI()
                0x00000000c0018350                ACPI::getPCIIRQAssignment(unsigned char, unsigned short, unsigned char)
                0x00000000c0018432                ACPI::registerPCIIRQAssignment(void*, unsigned short, unsigned char, unsigned char)
                0x00000000c00184f8                ACPI::setScreenBrightnessLevel(void*, int)
                0x00000000c00184fe                ACPI::writeSimpleBootFlag(SimpleBootFlagTable*)
                0x00000000c0018546                ACPI::sleep()
                0x00000000c001855e                ACPI::open(int, int, void*)
 *fill*         0x00000000c0018b49        0x1 
 .text          0x00000000c0018b4a     0x1717 hw/cpu.32
                0x00000000c0018b4a                CPU::close(int, int, void*)
                0x00000000c0018b4e                CPU::lookupAMDName(unsigned char, unsigned char)
                0x00000000c0018ce2                CPU::lookupIntelName(unsigned char, unsigned char)
                0x00000000c0018f90                CPU::AMD_K6_write_msr(unsigned int, unsigned int, unsigned int, CPU::REGS*)
                0x00000000c0018fac                CPU::AMD_K6_read_msr(unsigned int, CPU::REGS*)
                0x00000000c0018fc4                CPU::AMD_K6_writeback(int, int, int)
                0x00000000c0019038                CPU::cpuid(int, unsigned long*, unsigned long*, unsigned long*, unsigned long*)
                0x00000000c00190bc                CPU::cpuidCheckEDX(unsigned int)
                0x00000000c00190ea                CPU::cpuidCheckECX(unsigned int)
                0x00000000c0019118                CPU::cpuidCheckExtendedEBX(unsigned int)
                0x00000000c0019146                CPU::cpuidCheckExtendedECX(unsigned int)
                0x00000000c0019174                CPU::CPU()
                0x00000000c0019174                CPU::CPU()
                0x00000000c0019202                CPU::displayFeatures()
                0x00000000c001947e                CPU::detectFeatures()
                0x00000000c0019e70                CPU::setupSMEP()
                0x00000000c0019e7c                CPU::setupUMIP()
                0x00000000c0019e86                CPU::setupTSC()
                0x00000000c0019e90                CPU::setupLargePages()
                0x00000000c0019e9a                CPU::setupPAT()
                0x00000000c0019ed6                CPU::setupMTRR()
                0x00000000c0019ed8                CPU::setupGlobalPages()
                0x00000000c0019ee2                CPU::allowUsermodeDataAccess()
                0x00000000c0019ef4                CPU::prohibitUsermodeDataAccess()
                0x00000000c0019f06                CPU::setupSMAP()
                0x00000000c0019f14                CPU::setupFeatures()
                0x00000000c0019f94                CPU::open(int, int, void*)
                0x00000000c001a066                CPU::decodeAddress(regs*, int*, bool*, unsigned char*)
 .text          0x00000000c001a261        0x0 hw/ports.32
 .text          0x00000000c001a261      0x16a hw/smp.32
                0x00000000c001a261                Krnl::smpEntry()
                0x00000000c001a263                Krnl::startCPU(int)
                0x00000000c001a3ac                Krnl::startCPUs()
 *fill*         0x00000000c001a3cb        0x1 
 .text          0x00000000c001a3cc      0x5cd krnl/env.32
                0x00000000c001a3cc                EnvVarContainer::getEnv(char const*)
                0x00000000c001a40a                EnvVarContainer::setEnv(char const*, char const*)
                0x00000000c001a4cc                EnvVarContainer::deleteEnv(char const*)
                0x00000000c001a4ce                EnvVarContainer::loadFrom(char const*, char const*)
                0x00000000c001a6d0                EnvVarContainer::__loadSystem()
                0x00000000c001a6ea                EnvVarContainer::__loadUser()
                0x00000000c001a6ec                EnvVarContainer::EnvVarContainer(Process*)
                0x00000000c001a6ec                EnvVarContainer::EnvVarContainer(Process*)
                0x00000000c001a70e                EnvVarContainer::~EnvVarContainer()
                0x00000000c001a70e                EnvVarContainer::~EnvVarContainer()
                0x00000000c001a73e                Krnl::getEnv(Process*, char const*)
                0x00000000c001a7a3                Krnl::setEnvSystem(char const*, char const*)
                0x00000000c001a7bd                Krnl::setEnvUser(char const*, char const*)
                0x00000000c001a7dc                Krnl::setEnvProcess(Process*, char const*, char const*)
                0x00000000c001a7ef                Krnl::deleteEnvSystem(char const*)
                0x00000000c001a7f0                Krnl::deleteEnvUser(char const*)
                0x00000000c001a7f1                Krnl::deleteEnvProcess(Process*, char const*)
                0x00000000c001a7f2                Krnl::newProcessEnv(Process*)
                0x00000000c001a814                Krnl::copyProcessEnv(Process*, Process*)
                0x00000000c001a860                Krnl::loadSystemEnv()
                0x00000000c001a88e                Krnl::loadUserEnv()
                0x00000000c001a8b4                Krnl::flushEnv()
                0x00000000c001a8b5                Krnl::getProcessTotalEnvCount(Process*)
                0x00000000c001a8d5                Krnl::getProcessEnvPair(Process*, int)
 .text          0x00000000c001a999      0x396 krnl/panic.32
                0x00000000c001a999                Krnl::panic(char const*)
 .text          0x00000000c001ad2f      0x57f net/ethernet.32
                0x00000000c001ad2f                Net::switchEndian16(unsigned short)
                0x00000000c001ad50                Net::switchEndian32(unsigned int)
                0x00000000c001ad7f                Net::crc32Calc(unsigned char*, int)
                0x00000000c001ae10                Net::wrapEthernetFrame(Net::UnwrappedEthernetFrame, unsigned char*)
                0x00000000c001b023                Net::unwrapEthernetFrame(unsigned char*, int)
 .text          0x00000000c001b2ae      0x50e reg/registry.32
                0x00000000c001b2ae                Reg::findLineFromLoadedData(char*, char*, char*)
                0x00000000c001b406                Reg::getLineFromRegistry(char*, char*, char*, char*)
                0x00000000c001b55b                Reg::getLine(char*, char*, char*)
                0x00000000c001b592                Reg::readInt(char*, char*, int*)
                0x00000000c001b67d                Reg::readString(char*, char*, char*, int)
                0x00000000c001b6fe                Reg::readBool(char*, char*, bool*)
                0x00000000c001b723                Reg::readBoolWithDefault(char*, char*, bool)
                0x00000000c001b74f                Reg::readIntWithDefault(char*, char*, int)
                0x00000000c001b77b                Reg::readStringWithDefault(char*, char*, char*, int, char*)
 .text          0x00000000c001b7bc       0x36 sys/sc_eject.32
                0x00000000c001b7bc                Sys::eject(regs*)
 .text          0x00000000c001b7f2       0x18 sys/sc_exit.32
                0x00000000c001b7f2                Sys::exit(regs*)
 .text          0x00000000c001b80a       0x1f sys/sc_getcwd.32
                0x00000000c001b80a                Sys::getCwd(regs*)
 .text          0x00000000c001b829        0xc sys/sc_getpid.32
                0x00000000c001b829                Sys::getPID(regs*)
 .text          0x00000000c001b835       0x17 sys/sc_getramdata.32
                0x00000000c001b835                Sys::getRAMData(regs*)
 .text          0x00000000c001b84c       0x84 sys/sc_getvgaptr.32
                0x00000000c001b84c                Sys::getVGAPtr(regs*)
 .text          0x00000000c001b8d0       0xa8 sys/sc_loaddll.32
                0x00000000c001b8d0                Sys::loadDLL(regs*)
 .text          0x00000000c001b978       0x68 sys/sc_read.32
                0x00000000c001b978                Sys::read(regs*)
 .text          0x00000000c001b9e0       0x55 sys/sc_sbrk.32
                0x00000000c001b9e0                Sys::sbrk(regs*)
 .text          0x00000000c001ba35       0x1c sys/sc_setcwd.32
                0x00000000c001ba35                Sys::setCwd(regs*)
 .text          0x00000000c001ba51      0x128 sys/sc_settime.32
                0x00000000c001ba51                Sys::setTime(regs*)
 .text          0x00000000c001bb79       0x4a sys/sc_timezone.32
                0x00000000c001bb79                Sys::timezone(regs*)
 .text          0x00000000c001bbc3       0x68 sys/sc_write.32
                0x00000000c001bbc3                Sys::write(regs*)
 .text          0x00000000c001bc2b       0x62 sys/sc_wsbe.32
                0x00000000c001bc2b                Sys::wsbe(regs*)
 .text          0x00000000c001bc8d       0x46 sys/sc_yield.32
                0x00000000c001bc8d                Sys::yield(regs*)
 .text          0x00000000c001bcd3     0x1101 sys/syscalls.32
                0x00000000c001bcd3                sysCallSeekDir(regs*)
                0x00000000c001bcd8                sysCallTellDir(regs*)
                0x00000000c001bcdd                sysCallVerify(regs*)
                0x00000000c001bce7                sysFormatDisk(regs*)
                0x00000000c001bd51                sysSetDiskVolumeLabel(regs*)
                0x00000000c001bd97                sysGetDiskVolumeLabel(regs*)
                0x00000000c001bde8                sysShutdown(regs*)
                0x00000000c001be46                sysCallRealpath(regs*)
                0x00000000c001be89                sysCallGetArgc(regs*)
                0x00000000c001beb7                sysCallReadDir(regs*)
                0x00000000c001bf45                sysCallIsATTY(regs*)
                0x00000000c001bf9f                sysCallSeek(regs*)
                0x00000000c001c008                sysCallTell(regs*)
                0x00000000c001c085                sysCallSize(regs*)
                0x00000000c001c108                sysCallSizeFromFilename(regs*)
                0x00000000c001c1c8                sysCallClose(regs*)
                0x00000000c001c250                sysCallOpenDir(regs*)
                0x00000000c001c2c5                sysCallCloseDir(regs*)
                0x00000000c001c32b                sysCallMakeDir(regs*)
                0x00000000c001c39b                sysCallWait(regs*)
                0x00000000c001c3b5                sysCallNotImpl(regs*)
                0x00000000c001c3d0                sysPanic(regs*)
                0x00000000c001c3f6                sysCallRmdir(regs*)
                0x00000000c001c45a                sysCallUnlink(regs*)
                0x00000000c001c4be                sysCallGetArgv(regs*)
                0x00000000c001c50a                sysCallTTYName(regs*)
                0x00000000c001c58d                sysCallUSleep(regs*)
                0x00000000c001c5b4                sysCallSpawn(regs*)
                0x00000000c001c629                sysCallGetEnv(regs*)
                0x00000000c001c761                sysAppSettings(regs*)
                0x00000000c001c875                sysSetFatAttrib(regs*)
                0x00000000c001c8e7                sysPipe(regs*)
                0x00000000c001c92c                sysGetUnixTime(regs*)
                0x00000000c001c940                string_ends_with(char const*, char const*)
                0x00000000c001c988                sysCallOpen(regs*)
                0x00000000c001cb9d                Sys::loadSyscalls()
                0x00000000c001cd92                Sys::systemCall(regs*, void*)
 .text          0x00000000c001cdd4     0x11fd thr/elf.32
                0x00000000c001cdd4                Thr::allocateMemoryForTask(Process*, File*, unsigned long, unsigned long, unsigned long)
                0x00000000c001d07e                Thr::loadProgramIntoMemory(Process*, char const*)
                0x00000000c001d294                Thr::runtimeReferenceHelper()
                0x00000000c001d2a7                Thr::getAddressOfKernelSymbol(char const*)
                0x00000000c001d2f6                Thr::loadKernelSymbolTable(char const*)
                0x00000000c001d5b4                Thr::loadDriverIntoMemory(char const*, unsigned long, bool)
                0x00000000c001dcea                Thr::getDriverBaseFromAddress(unsigned long)
                0x00000000c001dd1c                Thr::getDriverNameFromAddress(unsigned long)
                0x00000000c001dd53                Thr::getDriverOffsetFromAddress(unsigned long)
                0x00000000c001dd6d                Thr::loadDLL(char const*, bool)
                0x00000000c001df98                Thr::executeDLL(unsigned long, void*)
 *fill*         0x00000000c001dfd1        0x1 
 .text          0x00000000c001dfd2     0x1315 thr/prcssthr.32
                0x00000000c001dfd2                userModeEntryPoint(void*)
                0x00000000c001dff8                changeTSS
                0x00000000c001e028                switchToThread(ThreadControlBlock*)
                0x00000000c001e0d2                Process::addArgs(char**)
                0x00000000c001e12c                Process::Process(char const*, Process*, char**)
                0x00000000c001e12c                Process::Process(char const*, Process*, char**)
                0x00000000c001e310                Process::Process(bool, char const*, Process*, char**)
                0x00000000c001e310                Process::Process(bool, char const*, Process*, char**)
                0x00000000c001e4bf                taskStartupFunction
                0x00000000c001e4c8                Semaphore::Semaphore(int)
                0x00000000c001e4c8                Semaphore::Semaphore(int)
                0x00000000c001e4f6                Mutex::Mutex()
                0x00000000c001e4f6                Mutex::Mutex()
                0x00000000c001e508                Process::createThread(void (*)(void*), void*, int)
                0x00000000c001e60e                Process::createUserThread()
                0x00000000c001e62a                setupMultitasking(void (*)())
                0x00000000c001e74c                schedule()
                0x00000000c001e7d2                Semaphore::tryAcquire()
                0x00000000c001e88e                Semaphore::assertLocked(char const*)
                0x00000000c001e8fd                blockTaskWithSchedulerLockAlreadyHeld(TaskState)
                0x00000000c001e94b                blockTask(TaskState)
                0x00000000c001e978                waitTask(int, int*, int)
                0x00000000c001e9ba                nanoSleepUntil(unsigned long long)
                0x00000000c001ea4f                nanoSleep(unsigned long long)
                0x00000000c001ea67                sleep(unsigned long long)
                0x00000000c001ea84                Semaphore::acquire()
                0x00000000c001eb26                taskReturned
                0x00000000c001eb61                Thr::processFromPID(int)
                0x00000000c001ec10                unblockTask(ThreadControlBlock*)
                0x00000000c001ecbd                cleanupTerminatedTask(ThreadControlBlock*)
                0x00000000c001ef86                cleanerTaskFunction(void*)
                0x00000000c001f07f                terminateTask(int)
                0x00000000c001f1b1                Thr::terminateFromIRQ(int)
                0x00000000c001f1be                Semaphore::release()
 .text          0x00000000c001f2e7      0xc53 vm86/vm8086.32
                0x00000000c001f2e7                Vm::inbv(unsigned short)
                0x00000000c001f2fa                Vm::outbv(unsigned short, unsigned char)
                0x00000000c001f34d                Vm::realToLinear(unsigned short, unsigned short)
                0x00000000c001f35d                Vm::getSegment(unsigned int)
                0x00000000c001f365                Vm::getOffset(unsigned int)
                0x00000000c001f36a                Vm::mainloop2()
                0x00000000c001f3a4                Vm::mainVm8086Loop(void*)
                0x00000000c001f3b4                Vm::mainloop3(unsigned long)
                0x00000000c001f3da                Vm::initialise8086()
                0x00000000c001f41d                Vm::finish8086()
                0x00000000c001f47e                Vm::getOutput8086(unsigned char*)
                0x00000000c001f4a3                Vm::start8086(char const*, unsigned short, unsigned short, unsigned short, unsigned short)
                0x00000000c001f60b                Vm::doISR(regs*, int, unsigned char*, unsigned short, unsigned short)
                0x00000000c001f695                Vm::readByteFromReal(unsigned short, unsigned short)
                0x00000000c001f6a6                Vm::readWordFromReal(unsigned short, unsigned short)
                0x00000000c001f6b8                Vm::readDwordFromReal(unsigned short, unsigned short)
                0x00000000c001f6c9                Vm::writeByteFromReal(unsigned short, unsigned short, unsigned char)
                0x00000000c001f6de                Vm::writeWordFromReal(unsigned short, unsigned short, unsigned short)
                0x00000000c001f6f4                Vm::writeDwordFromReal(unsigned short, unsigned short, unsigned int)
                0x00000000c001f709                Vm::faultHandler(regs*)
 .text          0x00000000c001ff3a      0xefd vm86/x87em.32
                0x00000000c001ff3a                Vm::fpuInternalTo32(unsigned long long)
                0x00000000c001ff95                Vm::fpuInternalTo64(unsigned long long)
                0x00000000c001ff9e                Vm::fpu32ToInternal(unsigned int)
                0x00000000c001ffe3                Vm::fpu64ToInternal(unsigned long long)
                0x00000000c001ffec                Vm::fpuFloatToLong(unsigned long long)
                0x00000000c0020047                Vm::fpuULongToFloat(unsigned long long)
                0x00000000c002007d                Vm::fpuLongToFloat(long long)
                0x00000000c00200d3                Vm::fpuGet0()
                0x00000000c00200d8                Vm::fpuGet1()
                0x00000000c00200e0                Vm::fpuGetPi()
                0x00000000c00200e8                Vm::fpuGetLog2E()
                0x00000000c0020100                Vm::fpuGetLogE2()
                0x00000000c0020118                Vm::fpuGetLog210()
                0x00000000c0020130                Vm::fpuGetLog102()
                0x00000000c0020148                Vm::fpuIsSecondLarger(unsigned long long, unsigned long long)
                0x00000000c002015c                Vm::fpuAreEqual(unsigned long long, unsigned long long)
                0x00000000c0020172                Vm::fpuUnorderedCompare(unsigned long long, unsigned long long)
                0x00000000c00201c5                Vm::fpuAdd(unsigned long long, unsigned long long)
                0x00000000c00201d6                Vm::fpuAbs(unsigned long long)
                0x00000000c00201df                Vm::fpuChs(unsigned long long)
                0x00000000c00201ef                Vm::fpuSub(unsigned long long, unsigned long long)
                0x00000000c00201fe                Vm::fpuMultiply(unsigned long long, unsigned long long)
                0x00000000c002021d                Vm::fpuDivide(unsigned long long, unsigned long long)
                0x00000000c0020239                Vm::fpuSquare(unsigned long long)
                0x00000000c002024f                Vm::fpuGetReg(int)
                0x00000000c0020292                Vm::fpuSetReg(int, unsigned long long)
                0x00000000c00202dd                Vm::fpuPush(unsigned long long)
                0x00000000c002033a                Vm::fpuPop()
                0x00000000c002038c                Vm::x87Handler(regs*)
 *fill*         0x00000000c0020e37        0x1 
 .text          0x00000000c0020e38     0x1203 fs/fat/vfslink.32
                0x00000000c0020e38                FAT::getName()
                0x00000000c0020e3e                FAT::tell(void*, unsigned long long*)
                0x00000000c0020e72                FAT::stat(void*, unsigned long long*)
                0x00000000c0020ea6                FAT::~FAT()
                0x00000000c0020ea6                FAT::~FAT()
                0x00000000c0020eca                FAT::~FAT()
                0x00000000c0020ef2                FAT::getlabel(LogicalDisk*, int, char*, unsigned int*)
                0x00000000c0020f90                FAT::setlabel(LogicalDisk*, int, char*)
                0x00000000c002104a                FAT::format(LogicalDisk*, int, char const*, int)
                0x00000000c002122e                FAT::tryMount(LogicalDisk*, int)
                0x00000000c0021434                FAT::getFileFirstSector(char const*)
                0x00000000c00214f6                FAT::readDir(void*, unsigned long, void*, int*)
                0x00000000c0021650                FAT::read(void*, unsigned long, void*, int*)
                0x00000000c00216aa                FAT::write(void*, unsigned long, void*, int*)
                0x00000000c0021704                FAT::close(void*)
                0x00000000c0021750                FAT::closeDir(void*)
                0x00000000c002179c                FAT::seek(void*, unsigned long long)
                0x00000000c00217f0                fatWrapperReadDisk
                0x00000000c0021837                fatWrapperWriteDisk
                0x00000000c002187e                fatWrapperIoctl
                0x00000000c0021982                FAT::FAT()
                0x00000000c0021982                FAT::FAT()
                0x00000000c00219d4                FAT::fixFilepath(char*)
                0x00000000c0021a0c                FAT::open(char const*, void**, FileOpenMode)
                0x00000000c0021b34                FAT::openDir(char const*, void**)
                0x00000000c0021bda                FAT::stat(char const*, unsigned long long*, bool*)
                0x00000000c0021cc4                FAT::unlink(char const*)
                0x00000000c0021d3e                FAT::chfatattr(char const*, unsigned char, unsigned char)
                0x00000000c0021e92                FAT::rename(char const*, char const*)
                0x00000000c0021f56                FAT::mkdir(char const*)
                0x00000000c0021fd0                FAT::exists(char const*)
 *fill*         0x00000000c002203b        0x1 
 .text          0x00000000c002203c      0xba5 fs/iso9660/vfslink.32
                0x00000000c002203c                ISO9660::format(LogicalDisk*, int, char const*, int)
                0x00000000c0022042                ISO9660::seek(void*, unsigned long long)
                0x00000000c0022072                ISO9660::tell(void*, unsigned long long*)
                0x00000000c0022096                ISO9660::getName()
                0x00000000c002209c                ISO9660::stat(void*, unsigned long long*)
                0x00000000c00220c0                ISO9660::chfatattr(char const*, unsigned char, unsigned char)
                0x00000000c00220c6                ISO9660::unlink(char const*)
                0x00000000c00220cc                ISO9660::write(void*, unsigned long, void*, int*)
                0x00000000c00220d2                ISO9660::rename(char const*, char const*)
                0x00000000c00220d8                ISO9660::mkdir(char const*)
                0x00000000c00220de                ISO9660::close(void*)
                0x00000000c0022100                ISO9660::closeDir(void*)
                0x00000000c0022122                ISO9660::~ISO9660()
                0x00000000c0022122                ISO9660::~ISO9660()
                0x00000000c0022146                ISO9660::~ISO9660()
                0x00000000c002216d                __memmem(unsigned char*, int, unsigned char*, int)
                0x00000000c00221af                readSectorFromCDROM(unsigned int, unsigned char*, char)
                0x00000000c002220a                ISO9660::tryMount(LogicalDisk*, int)
                0x00000000c002225a                ISO9660::read(void*, unsigned long, void*, int*)
                0x00000000c002245e                ISO9660::readDir(void*, unsigned long, void*, int*)
                0x00000000c00226d8                readRoot(unsigned int*, unsigned int*, char)
                0x00000000c002272c                readRecursively(char*, unsigned int, unsigned int, unsigned int*, unsigned int*, char, int*)
                0x00000000c00228ff                getFileData(char*, unsigned int*, unsigned int*, char, int*)
                0x00000000c002298e                ISO9660::open(char const*, void**, FileOpenMode)
                0x00000000c0022a4e                ISO9660::exists(char const*)
                0x00000000c0022a72                ISO9660::stat(char const*, unsigned long long*, bool*)
                0x00000000c0022b06                ISO9660::openDir(char const*, void**)
                0x00000000c0022bbe                ISO9660::ISO9660()
                0x00000000c0022bbe                ISO9660::ISO9660()
 *fill*         0x00000000c0022be1        0x1 
 .text          0x00000000c0022be2      0x33a hal/sound/sndchannel.32
                0x00000000c0022be2                SoundChannel::~SoundChannel()
                0x00000000c0022be2                SoundChannel::~SoundChannel()
                0x00000000c0022bfe                SoundChannel::setSpeed(float)
                0x00000000c0022c0a                SoundChannel::getSpeed()
                0x00000000c0022c12                SoundChannel::setVolume(int)
                0x00000000c0022c2e                SoundChannel::getVolume()
                0x00000000c0022c36                SoundChannel::pause()
                0x00000000c0022c40                SoundChannel::SoundChannel(int, int, int, int)
                0x00000000c0022c40                SoundChannel::SoundChannel(int, int, int, int)
                0x00000000c0022d96                SoundChannel::play()
                0x00000000c0022da0                SoundChannel::paused()
                0x00000000c0022da8                SoundChannel::getSampleRate()
                0x00000000c0022db0                SoundChannel::getBits()
                0x00000000c0022db8                SoundChannel::getBufferUsed()
                0x00000000c0022dc0                SoundChannel::getBufferSize()
                0x00000000c0022dc8                SoundChannel::unbuffer(float*, int, int)
                0x00000000c0022e68                SoundChannel::buffer16(unsigned short*, int)
                0x00000000c0022e7c                SoundChannel::buffer8(unsigned char*, int)
 .text          0x00000000c0022f1c      0x4c3 hal/sound/sndhw.32
                0x00000000c0022f1c                SoundDevice::SoundDevice(char const*)
                0x00000000c0022f1c                SoundDevice::SoundDevice(char const*)
                0x00000000c0022f88                SoundDevice::~SoundDevice()
                0x00000000c0022f88                SoundDevice::~SoundDevice()
                0x00000000c0023002                SoundDevice::~SoundDevice()
                0x00000000c002302c                SoundDevice::getFreeChannelNum()
                0x00000000c0023046                SoundDevice::addChannel(SoundChannel*)
                0x00000000c00230b6                SoundDevice::removeChannel(int)
                0x00000000c00230e8                SoundDevice::floatTo16(float*, unsigned short*, int)
                0x00000000c00231d6                SoundDevice::floatTo8(float*, unsigned char*, int)
                0x00000000c00232be                SoundDevice::getAudio(int, float*, float*)
 .text          0x00000000c00233df        0x0 hw/bus/isa.32
 *fill*         0x00000000c00233df        0x1 
 .text          0x00000000c00233e0      0xa31 hw/bus/pci.32
                0x00000000c00233e0                PCI::open(int, int, void*)
                0x00000000c00233f4                PCI::close(int, int, void*)
                0x00000000c00233f8                PCI::PCI()
                0x00000000c00233f8                PCI::PCI()
                0x00000000c0023480                PCI::readBAR8(unsigned int, int)
                0x00000000c002349c                PCI::readBAR16(unsigned int, int)
                0x00000000c00234ba                PCI::readBAR32(unsigned int, int)
                0x00000000c00234d6                PCI::writeBAR8(unsigned int, unsigned char, int)
                0x00000000c00234f6                PCI::writeBAR16(unsigned int, unsigned short, int)
                0x00000000c002353a                PCI::writeBAR32(unsigned int, unsigned int, int)
                0x00000000c002355a                PCI::pciReadWord(unsigned char, unsigned char, unsigned char, unsigned char)
                0x00000000c00235a2                PCI::getVendorID(unsigned char, unsigned char, unsigned char)
                0x00000000c00235c4                PCI::getHeaderType(unsigned char, unsigned char, unsigned char)
                0x00000000c00235e8                PCI::getClassCode(unsigned char, unsigned char, unsigned char)
                0x00000000c002362c                PCI::getProgIF(unsigned char, unsigned char, unsigned char)
                0x00000000c0023650                PCI::getRevisionID(unsigned char, unsigned char, unsigned char)
                0x00000000c0023672                PCI::getInterruptNumber(unsigned char, unsigned char, unsigned char)
                0x00000000c0023694                PCI::getSecondaryBus(unsigned char, unsigned char, unsigned char)
                0x00000000c00236b8                PCI::getBARAddress(unsigned char, unsigned char, unsigned char, unsigned char)
                0x00000000c0023718                PCI::pciWriteWord(unsigned char, unsigned char, unsigned char, unsigned char, unsigned short)
                0x00000000c0023784                PCI::pciDetailsToFilepath(PCIDeviceInfo, char*)
                0x00000000c0023a10                PCI::checkBus(unsigned char)
                0x00000000c0023a34                PCI::foundDevice(PCIDeviceInfo)
                0x00000000c0023ba6                PCI::getDeviceData(unsigned char, unsigned char, unsigned char)
                0x00000000c0023d52                PCI::checkDevice(unsigned char, unsigned char)
                0x00000000c0023dbe                PCI::detect()
 *fill*         0x00000000c0023e11        0x1 
 .text          0x00000000c0023e12      0xc70 hw/diskctrl/ide.32
                0x00000000c0023e12                IDE::close(int, int, void*)
                0x00000000c0023e16                IDE::IDE()
                0x00000000c0023e16                IDE::IDE()
                0x00000000c0023e4a                IDE::prepareInterrupt(unsigned char)
                0x00000000c0023e5c                selectDrive(unsigned char, unsigned char)
                0x00000000c0023e5e                IDE::getBase(unsigned char)
                0x00000000c0023e70                IDE::write(unsigned char, unsigned char, unsigned char)
                0x00000000c0023f30                IDE::read(unsigned char, unsigned char)
                0x00000000c0023fde                IDE::waitInterrupt(unsigned char)
                0x00000000c0024044                ideChannel0IRQHandler(regs*, void*)
                0x00000000c0024060                ideChannel1IRQHandler(regs*, void*)
                0x00000000c002407c                IDE::enableIRQs(unsigned char, bool)
                0x00000000c00240c2                IDE::open(int, int, void*)
                0x00000000c00244d2                IDE::readBuffer(unsigned char, unsigned char, unsigned int, unsigned int)
                0x00000000c002459e                IDE::detect()
                0x00000000c0024886                IDE::printError(unsigned char, unsigned char, unsigned char)
                0x00000000c0024a1c                IDE::polling(unsigned char, unsigned int)
 .text          0x00000000c0024a82      0x390 hw/diskctrl/satabus.32
                0x00000000c0024a82                SATABus::close(int, int, void*)
                0x00000000c0024a86                SATABus::detect()
                0x00000000c0024a88                SATABus::SATABus()
                0x00000000c0024a88                SATABus::SATABus()
                0x00000000c0024b34                SATABus::findCmdslot(SATABus::tagHBA_PORT volatile*)
                0x00000000c0024b7c                SATABus::checkType(SATABus::tagHBA_PORT volatile*)
                0x00000000c0024bc4                SATABus::startCmd(SATABus::tagHBA_PORT volatile*)
                0x00000000c0024be4                SATABus::stopCmd(SATABus::tagHBA_PORT volatile*)
                0x00000000c0024c0e                SATABus::portRebase(SATABus::tagHBA_PORT volatile*, int)
                0x00000000c0024d14                SATABus::probePort(SATABus::tagHBA_MEM volatile*)
                0x00000000c0024df2                SATABus::open(int, int, void*)
 .text          0x00000000c0024e12      0x63c hw/diskphys/ata.32
                0x00000000c0024e12                ATA::close(int, int, void*)
                0x00000000c0024e36                ATA::powerSaving(PowerSavingLevel)
                0x00000000c0024e38                ATA::ATA()
                0x00000000c0024e38                ATA::ATA()
                0x00000000c0024e66                ATA::flush(bool)
                0x00000000c0024eb0                ATA::readyForCommand()
                0x00000000c0024f00                ATA::access(unsigned long long, int, void*, bool)
                0x00000000c0025288                ATA::read(unsigned long long, int, void*)
                0x00000000c00252f0                ATA::write(unsigned long long, int, void*)
                0x00000000c0025358                ATA::detectCHS()
                0x00000000c0025382                ATA::open(int, int, void*)
 .text          0x00000000c002544e      0x5bd hw/diskphys/atapi.32
                0x00000000c002544e                ATAPI::write(unsigned long long, int, void*)
                0x00000000c0025454                ATAPI::close(int, int, void*)
                0x00000000c0025478                ATAPI::ATAPI()
                0x00000000c0025478                ATAPI::ATAPI()
                0x00000000c00254a6                ATAPI::readyForCommand()
                0x00000000c00254f6                ATAPI::sendPacket(unsigned char*, int, bool, unsigned short*, int)
                0x00000000c00257b6                ATAPI::diskRemoved()
                0x00000000c00257d2                ATAPI::eject()
                0x00000000c002581a                ATAPI::diskInserted()
                0x00000000c0025848                ATAPI::detectMedia()
                0x00000000c0025904                ATAPI::open(int, int, void*)
                0x00000000c002598c                ATAPI::read(unsigned long long, int, void*)
 *fill*         0x00000000c0025a0b        0x1 
 .text          0x00000000c0025a0c      0x451 hw/diskphys/sata.32
                0x00000000c0025a0c                SATA::close(int, int, void*)
                0x00000000c0025a30                SATA::powerSaving(PowerSavingLevel)
                0x00000000c0025a32                SATA::open(int, int, void*)
                0x00000000c0025adc                SATA::SATA()
                0x00000000c0025adc                SATA::SATA()
                0x00000000c0025b0a                SATA::access(unsigned long long, int, void*, bool)
                0x00000000c0025d70                SATA::read(unsigned long long, int, void*)
                0x00000000c0025dd8                SATA::write(unsigned long long, int, void*)
 *fill*         0x00000000c0025e5d        0x1 
 .text          0x00000000c0025e5e      0x4fe hw/diskphys/satapi.32
                0x00000000c0025e5e                SATAPI::write(unsigned long long, int, void*)
                0x00000000c0025e64                SATAPI::close(int, int, void*)
                0x00000000c0025e88                SATAPI::SATAPI()
                0x00000000c0025e88                SATAPI::SATAPI()
                0x00000000c0025eb6                SATAPI::diskRemoved()
                0x00000000c0025ed2                SATAPI::diskInserted()
                0x00000000c0025f00                SATAPI::sendPacket(unsigned char*, int, unsigned long long, unsigned short*, int)
                0x00000000c0026108                SATAPI::eject()
                0x00000000c0026150                SATAPI::detectMedia()
                0x00000000c0026212                SATAPI::open(int, int, void*)
                0x00000000c00262ba                SATAPI::read(unsigned long long, int, void*)
 .text          0x00000000c002635c       0x8e hw/fpu/avx.32
                0x00000000c002635c                AVX::open(int, int, void*)
                0x00000000c002636e                AVX::close(int, int, void*)
                0x00000000c0026380                AVX::available()
                0x00000000c0026392                AVX::save(void*)
                0x00000000c00263aa                AVX::load(void*)
                0x00000000c00263c2                AVX::AVX()
                0x00000000c00263c2                AVX::AVX()
 .text          0x00000000c00263ea       0x90 hw/fpu/mmx.32
                0x00000000c00263ea                MMX::available()
                0x00000000c00263fe                MMX::open(int, int, void*)
                0x00000000c0026410                MMX::close(int, int, void*)
                0x00000000c0026422                MMX::save(void*)
                0x00000000c002643a                MMX::load(void*)
                0x00000000c0026452                MMX::MMX()
                0x00000000c0026452                MMX::MMX()
 .text          0x00000000c002647a       0x96 hw/fpu/sse.32
                0x00000000c002647a                SSE::open(int, int, void*)
                0x00000000c002648c                SSE::close(int, int, void*)
                0x00000000c002649e                SSE::available()
                0x00000000c00264b8                SSE::save(void*)
                0x00000000c00264d0                SSE::load(void*)
                0x00000000c00264e8                SSE::SSE()
                0x00000000c00264e8                SSE::SSE()
 .text          0x00000000c0026510       0x8e hw/fpu/x87.32
                0x00000000c0026510                x87::open(int, int, void*)
                0x00000000c0026522                x87::close(int, int, void*)
                0x00000000c0026534                x87::available()
                0x00000000c0026546                x87::save(void*)
                0x00000000c002655e                x87::load(void*)
                0x00000000c0026576                x87::x87()
                0x00000000c0026576                x87::x87()
 .text          0x00000000c002659e      0x71e hw/intctrl/apic.32
                0x00000000c002659e                APIC::disable()
                0x00000000c00265a0                APIC::close(int, int, void*)
                0x00000000c00265c2                IOAPIC::close(int, int, void*)
                0x00000000c00265c8                APIC::io_wait()
                0x00000000c00265ce                APIC::getBase()
                0x00000000c0026610                APIC::eoi(unsigned char)
                0x00000000c002663e                APIC::open(int, int, void*)
                0x00000000c002678c                IOAPIC::IOAPIC()
                0x00000000c002678c                IOAPIC::IOAPIC()
                0x00000000c00267b4                APIC::APIC()
                0x00000000c00267b4                APIC::APIC()
                0x00000000c0026890                IOAPIC::handlesGSIWithNumber(unsigned int)
                0x00000000c00268c2                IOAPIC::read(int)
                0x00000000c00268ea                IOAPIC::open(int, int, void*)
                0x00000000c00269e0                IOAPIC::write(int, int)
                0x00000000c0026a0c                IOAPIC::redirect(unsigned char, unsigned long long, unsigned char, bool, bool)
                0x00000000c0026b06                APIC::installIRQHandler(int, void (*)(regs*, void*), bool, void*)
 .text          0x00000000c0026cbc      0x3d3 hw/intctrl/pic.32
                0x00000000c0026cbc                PIC::disable()
                0x00000000c0026cea                PIC::close(int, int, void*)
                0x00000000c0026d0c                PIC::PIC()
                0x00000000c0026d0c                PIC::PIC()
                0x00000000c0026de2                PIC::ioWait()
                0x00000000c0026de8                PIC::getIRQReg(int)
                0x00000000c0026e52                PIC::eoi(unsigned char)
                0x00000000c0026ee4                PIC::remap()
                0x00000000c0027050                PIC::open(int, int, void*)
 *fill*         0x00000000c002708f        0x1 
 .text          0x00000000c0027090      0x25e hw/timer/apictimer.32
                0x00000000c0027090                APICTimer::close(int, int, void*)
                0x00000000c0027096                apicTimerHandler(regs*, void*)
                0x00000000c00270c4                APICTimer::write(int)
                0x00000000c00271c8                APICTimer::open(int, int, void*)
                0x00000000c00272c6                APICTimer::APICTimer()
                0x00000000c00272c6                APICTimer::APICTimer()
 .text          0x00000000c00272ee      0x1a7 hw/timer/pit.32
                0x00000000c00272ee                PIT::write(int)
                0x00000000c002736c                pitHandler(regs*, void*)
                0x00000000c0027398                PIT::open(int, int, void*)
                0x00000000c00273e6                PIT::close(int, int, void*)
                0x00000000c0027416                PIT::PIT()
                0x00000000c0027416                PIT::PIT()
 *fill*         0x00000000c0027495        0xb 
 .text          0x00000000c00274a0       0x1e hw/fpu/x86/avx.32
                0x00000000c00274a0                avxDetect
                0x00000000c00274a6                avxSave
                0x00000000c00274a7                avxLoad
                0x00000000c00274a8                avxInit
                0x00000000c00274a9                avxClose
                0x00000000c00274aa                wouldSheSayYes
 *fill*         0x00000000c00274be        0x2 
 .text          0x00000000c00274c0       0x35 hw/fpu/x86/sse.32
                0x00000000c00274c0                absolutelyNoChanceInHell
                0x00000000c00274c0                sseDetect
                0x00000000c00274d8                sseSave
                0x00000000c00274de                sseLoad
                0x00000000c00274e4                sseInit
                0x00000000c00274f4                sseClose
 *fill*         0x00000000c00274f5        0xb 
 .text          0x00000000c0027500       0x4d hw/fpu/x86/x87.32
                0x00000000c0027506                x87Detect
                0x00000000c0027521                x87Save
                0x00000000c002752a                x87Load
                0x00000000c0027532                x87Init
                0x00000000c002754c                x87Close
 *fill*         0x00000000c002754d        0x3 
 .text          0x00000000c0027550       0x25 /cygdrive/d/Users/Alex/Desktop/Toolchain/Output/bin/../lib/gcc/i386-banana/8.1.0/crtend.o
 .text          0x00000000c0027575        0x0 crtn.32
 *fill*         0x00000000c0027575        0x3 
 .text          0x00000000c0027578      0x14b /cygdrive/d/Users/Alex/Desktop/Toolchain/Output/bin/../lib/gcc/i386-banana/8.1.0/libkgcc.a(_divdi3.o)
                0x00000000c0027578                __divdi3
 *fill*         0x00000000c00276c3        0x1 