Archive member included to satisfy reference by file (symbol)

/cygdrive/d/Users/Alex/Desktop/Toolchain/Output/bin/../lib/gcc/i386-banana/8.1.0/libkgcc.a(_divdi3.o)
                              krnl/resolve.32 (__divdi3)
/cygdrive/d/Users/Alex/Desktop/Toolchain/Output/bin/../lib/gcc/i386-banana/8.1.0/libkgcc.a(_moddi3.o)
                              krnl/resolve.32 (__moddi3)
/cygdrive/d/Users/Alex/Desktop/Toolchain/Output/bin/../lib/gcc/i386-banana/8.1.0/libkgcc.a(_udivdi3.o)
                              hal/clock.32 (__udivdi3)
/cygdrive/d/Users/Alex/Desktop/Toolchain/Output/bin/../lib/gcc/i386-banana/8.1.0/libkgcc.a(_umoddi3.o)
                              core/pipe.32 (__umoddi3)

Allocating common symbols
Common symbol       size              file

dcache              0x40              fs/iso9660/iso9660.32
cdDriveLetter       0x1               fs/iso9660/iso9660.32
icache              0x40              fs/iso9660/iso9660.32

Discarded input sections

 .comment       0x0000000000000000       0x12 /cygdrive/d/Users/Alex/Desktop/Toolchain/Output/bin/../lib/gcc/i386-banana/8.1.0/crtbegin.o
 .comment       0x0000000000000000       0x12 acpica/utclib.32
 .comment       0x0000000000000000       0x12 core/malloc.32
 .comment       0x0000000000000000       0x12 libk/ctype.32
 .comment       0x0000000000000000       0x12 libk/string.32
 .comment       0x0000000000000000       0x12 fs/fat/diskio.32
 .comment       0x0000000000000000       0x12 fs/fat/ff.32
 .comment       0x0000000000000000       0x12 fs/fat/ffsystem.32
 .comment       0x0000000000000000       0x12 fs/fat/ffunicode.32
 .comment       0x0000000000000000       0x12 fs/iso9660/iso9660.32
 .group         0x0000000000000000       0x14 core/computer.32
 .group         0x0000000000000000        0xc core/computer.32
 .comment       0x0000000000000000       0x12 core/computer.32
 .comment       0x0000000000000000       0x12 core/gdt.32
 .group         0x0000000000000000        0xc core/idle.32
 .comment       0x0000000000000000       0x12 core/idle.32
 .comment       0x0000000000000000       0x12 core/idt.32
 .comment       0x0000000000000000       0x12 core/kheap.32
 .comment       0x0000000000000000       0x12 core/main.32
 .comment       0x0000000000000000       0x12 core/physmgr.32
 .group         0x0000000000000000        0xc core/pipe.32
 .comment       0x0000000000000000       0x12 core/pipe.32
 .group         0x0000000000000000        0xc core/terminal.32
 .comment       0x0000000000000000       0x12 core/terminal.32
 .comment       0x0000000000000000       0x12 core/tss.32
 .group         0x0000000000000000        0x8 core/unixfile.32
 .group         0x0000000000000000        0x8 core/unixfile.32
 .group         0x0000000000000000        0xc core/unixfile.32
 .group         0x0000000000000000        0x8 core/unixfile.32
 .group         0x0000000000000000        0xc core/unixfile.32
 .group         0x0000000000000000        0x8 core/unixfile.32
 .group         0x0000000000000000        0xc core/unixfile.32
 .group         0x0000000000000000        0xc core/unixfile.32
 .comment       0x0000000000000000       0x12 core/unixfile.32
 .comment       0x0000000000000000       0x12 core/virtmgr.32
 .comment       0x0000000000000000       0x12 coreobjs/c++.32
 .comment       0x0000000000000000       0x12 dbg/kconsole.32
 .comment       0x0000000000000000       0x12 dbg/usban.32
 .group         0x0000000000000000        0xc fs/vfs.32
 .group         0x0000000000000000        0xc fs/vfs.32
 .group         0x0000000000000000        0xc fs/vfs.32
 .comment       0x0000000000000000       0x12 fs/vfs.32
 .group         0x0000000000000000        0xc hal/bus.32
 .comment       0x0000000000000000       0x12 hal/bus.32
 .comment       0x0000000000000000       0x12 hal/buzzer.32
 .group         0x0000000000000000        0xc hal/clock.32
 .comment       0x0000000000000000       0x12 hal/clock.32
 .group         0x0000000000000000       0x14 hal/device.32
 .group         0x0000000000000000        0xc hal/device.32
 .group         0x0000000000000000        0x8 hal/device.32
 .group         0x0000000000000000        0xc hal/device.32
 .group         0x0000000000000000        0xc hal/device.32
 .comment       0x0000000000000000       0x12 hal/device.32
 .group         0x0000000000000000        0xc hal/diskctrl.32
 .comment       0x0000000000000000       0x12 hal/diskctrl.32
 .group         0x0000000000000000        0xc hal/diskphys.32
 .comment       0x0000000000000000       0x12 hal/diskphys.32
 .comment       0x0000000000000000       0x12 hal/fpu.32
 .comment       0x0000000000000000       0x12 hal/intctrl.32
 .group         0x0000000000000000        0xc hal/keybrd.32
 .comment       0x0000000000000000       0x12 hal/keybrd.32
 .group         0x0000000000000000        0xc hal/logidisk.32
 .comment       0x0000000000000000       0x12 hal/logidisk.32
 .group         0x0000000000000000        0xc hal/mouse.32
[...]
Memory Configuration

Name             Origin             Length             Attributes
*default*        0x0000000000000000 0xffffffffffffffff

Linker script and memory map

LOAD D:/Users/Alex/Desktop/Banana/kernel/boot.32
LOAD crti.32
LOAD /cygdrive/d/Users/Alex/Desktop/Toolchain/Output/bin/../lib/gcc/i386-banana/8.1.0/crtbegin.o
LOAD D:/Users/Alex/Desktop/Banana/kernel/morenasm.32
LOAD acpica/utclib.32
LOAD core/malloc.32
LOAD libk/ctype.32
LOAD libk/string.32
LOAD fs/fat/diskio.32
LOAD fs/fat/ff.32
LOAD fs/fat/ffsystem.32
LOAD fs/fat/ffunicode.32
LOAD fs/iso9660/iso9660.32
LOAD core/computer.32
LOAD core/gdt.32
LOAD core/idle.32
LOAD core/idt.32
LOAD core/kheap.32
LOAD core/main.32
LOAD core/physmgr.32
LOAD core/pipe.32
LOAD core/terminal.32
LOAD core/tss.32
LOAD core/unixfile.32
LOAD core/virtmgr.32
LOAD coreobjs/c++.32
LOAD dbg/kconsole.32
LOAD dbg/usban.32
LOAD fs/vfs.32
LOAD hal/bus.32
LOAD hal/buzzer.32
LOAD hal/clock.32
LOAD hal/device.32
LOAD hal/diskctrl.32
LOAD hal/diskphys.32
LOAD hal/fpu.32
LOAD hal/intctrl.32
LOAD hal/keybrd.32
LOAD hal/logidisk.32
LOAD hal/mouse.32
LOAD hal/nic.32
LOAD hal/partition.32
LOAD hal/serial.32
LOAD hal/timer.32
LOAD hal/vcache.32
LOAD hal/video.32
LOAD hw/acpi.32
LOAD hw/cpu.32
LOAD krnl/bootmsg.32
LOAD krnl/env.32
LOAD krnl/inlines.32
LOAD krnl/panic.32
LOAD krnl/powctrl.32
LOAD krnl/random.32
LOAD krnl/resolve.32
LOAD krnl/signal.32
LOAD krnl/syscalls.32
LOAD net/ethernet.32
LOAD reg/cm.32
LOAD reg/registry.32
LOAD sys/eject.32
LOAD sys/exit.32
LOAD sys/getcwd.32
LOAD sys/getpid.32
LOAD sys/getramdata.32
LOAD sys/getvgaptr.32
LOAD sys/kill.32
LOAD sys/loaddll.32
LOAD sys/read.32
LOAD sys/registersignal.32
LOAD sys/registry.32
LOAD sys/sbrk.32
LOAD sys/setcwd.32
LOAD sys/settime.32
LOAD sys/timezone.32
LOAD sys/write.32
LOAD sys/wsbe.32
LOAD sys/yield.32
LOAD thr/elf.32
LOAD thr/prcssthr.32
LOAD vm86/vm8086.32
LOAD arch/i386/hal.32
LOAD arch/i386/pic.32
LOAD arch/i386/rtc.32
LOAD arch/i386/vga.32
LOAD fs/fat/vfslink.32
LOAD fs/iso9660/helper.32
LOAD fs/iso9660/vfslink.32
LOAD hal/sound/sndcard.32
LOAD hal/sound/sndport.32
LOAD hw/bus/isa.32
LOAD hw/bus/pci.32
LOAD hw/diskctrl/ide.32
LOAD hw/diskctrl/satabus.32
LOAD hw/diskphys/ata.32
LOAD hw/diskphys/atapi.32
LOAD hw/diskphys/sata.32
LOAD hw/diskphys/satapi.32
LOAD hw/intctrl/apic.32
LOAD hw/timer/apictimer.32
LOAD hw/timer/pit.32
LOAD arch/i386/avx.32
LOAD arch/i386/interrupt.32
LOAD arch/i386/rdrand.32
LOAD arch/i386/sse.32
LOAD arch/i386/x87.32
LOAD /cygdrive/d/Users/Alex/Desktop/Toolchain/Output/bin/../lib/gcc/i386-banana/8.1.0/crtend.o
LOAD crtn.32
LOAD /cygdrive/d/Users/Alex/Desktop/Toolchain/Output/bin/../lib/gcc/i386-banana/8.1.0/libkgcc.a
LOAD D:/Users/Alex/Desktop/Banana/kernel/libsoftfp.a
LOAD D:/Users/Alex/Desktop/Banana/kernel/libk/libm32.a
                0x00000000c0000000                . = 0xc0000000

.text           0x00000000c0000000    0x1ebba
 *(.text)
 .text          0x00000000c0000000       0x20 D:/Users/Alex/Desktop/Banana/kernel/boot.32
 .text          0x00000000c0000020        0x0 crti.32
 .text          0x00000000c0000020      0x101 /cygdrive/d/Users/Alex/Desktop/Toolchain/Output/bin/../lib/gcc/i386-banana/8.1.0/crtbegin.o
 *fill*         0x00000000c0000121        0xf 
 .text          0x00000000c0000130      0x24f D:/Users/Alex/Desktop/Banana/kernel/morenasm.32
                0x00000000c0000130                manualPCIProbe
                0x00000000c000017b                prepareTramp
                0x00000000c0000194                doTPAUSE
                0x00000000c000019e                hasLegacyFPU
                0x00000000c00001c3                is486
                0x00000000c00001f9                detectCPUID
                0x00000000c000020f                goToVM86
                0x00000000c000023f                goToUsermode
                0x00000000c0000269                switchToThreadASMFirstTime
                0x00000000c0000277                switchToThreadASM
                0x00000000c00002fc                asmQuickAcquireLock
                0x00000000c000031a                asmQuickReleaseLock
                0x00000000c0000326                asmAcquireLock
                0x00000000c0000347                asmReleaseLock
                0x00000000c000035a                loadGDT
                0x00000000c000037a                memcpy
 *fill*         0x00000000c000037f        0x1 
 .text          0x00000000c0000380      0x868 acpica/utclib.32
                0x00000000c0000380                memcmp
                0x00000000c00003d0                memmove
                0x00000000c00004f0                memset
                0x00000000c0000570                strlen
                0x00000000c00005a0                strpbrk
                0x00000000c00005f0                strtok
                0x00000000c0000640                strcpy
                0x00000000c0000680                strncpy
                0x00000000c0000750                strcmp
                0x00000000c00007a0                strchr
                0x00000000c00007e0                strncmp
                0x00000000c0000840                strcat
                0x00000000c0000870                strncat
                0x00000000c00008d0                strstr
                0x00000000c0000930                toupper
                0x00000000c0000950                tolower
                0x00000000c0000970                simple_strtoul
 .text          0x00000000c0000be8      0xfaa core/malloc.32
                0x00000000c0000d53                dlfree
                0x00000000c00010ab                dlmalloc
                0x00000000c00015e8                dlrealloc
                0x00000000c000178b                dlmemalign
                0x00000000c00018ae                dlcalloc
                0x00000000c0001948                dlcfree
                0x00000000c000194d                dlindependent_calloc
                0x00000000c0001972                dlindependent_comalloc
                0x00000000c0001989                dlvalloc
                0x00000000c00019b4                dlpvalloc
                0x00000000c00019ea                dlmalloc_trim
                0x00000000c00019f7                dlmalloc_usable_size
                0x00000000c0001a28                dlmallinfo
                0x00000000c0001af7                dlmalloc_stats
                0x00000000c0001b08                dlmallopt
 *fill*         0x00000000c0001b92        0x2 
 .text          0x00000000c0001b94      0x1f2 libk/ctype.32
                0x00000000c0001b94                isblank
                0x00000000c0001bb4                iscntrl
                0x00000000c0001bd4                isdigit
                0x00000000c0001bf0                islower
                0x00000000c0001c0c                isspace
                0x00000000c0001c34                isupper
                0x00000000c0001c50                isalpha
                0x00000000c0001c80                isalnum
                0x00000000c0001cb0                ispunct
                0x00000000c0001cf0                isgraph
                0x00000000c0001d20                isprint
                0x00000000c0001d48                isxdigit
 .text          0x00000000c0001d86        0x0 libk/string.32
 .text          0x00000000c0001d86       0x51 fs/fat/diskio.32
                0x00000000c0001d86                disk_status
                0x00000000c0001d89                disk_initialize
                0x00000000c0001d8c                disk_read
                0x00000000c0001da2                disk_write
                0x00000000c0001db8                disk_ioctl
 .text          0x00000000c0001dd7     0x3e46 fs/fat/ff.32
                0x00000000c0003bf8                f_mount
                0x00000000c0003c5a                f_open
                0x00000000c0003f1d                f_read
                0x00000000c000411c                f_write
                0x00000000c0004364                f_sync
                0x00000000c0004429                f_close
                0x00000000c0004458                f_lseek
                0x00000000c0004609                f_opendir
                0x00000000c00046d4                f_closedir
                0x00000000c00046f6                f_readdir
                0x00000000c0004788                f_stat
                0x00000000c0004807                f_getfree
                0x00000000c0004910                f_truncate
                0x00000000c00049fa                f_unlink
                0x00000000c0004b1c                f_mkdir
                0x00000000c0004cb7                f_rename
                0x00000000c0004e6f                f_chmod
                0x00000000c0004f1f                f_utime
                0x00000000c0004fcf                f_getlabel
                0x00000000c0005120                f_setlabel
                0x00000000c00052b0                f_expand
                0x00000000c000541d                f_mkfs
 *fill*         0x00000000c0005c1d        0x3 
 .text          0x00000000c0005c20       0x2f fs/fat/ffsystem.32
                0x00000000c0005c20                ff_memalloc
                0x00000000c0005c38                ff_memfree
 *fill*         0x00000000c0005c4f        0x1 
 .text          0x00000000c0005c50      0x2dc fs/fat/ffunicode.32
                0x00000000c0005c50                ff_uni2oem
                0x00000000c0005cf0                ff_oem2uni
                0x00000000c0005d68                ff_wtoupper
 .text          0x00000000c0005f2c      0xd32 fs/iso9660/iso9660.32
                0x00000000c0006177                isoReadDiscSector
                0x00000000c0006212                strnicmp
                0x00000000c00064c1                stricmp
                0x00000000c000650d                iso_open
                0x00000000c0006597                iso_close
                0x00000000c00065b5                iso_read
                0x00000000c00066cb                iso_seek
                0x00000000c000674f                iso_tell
                0x00000000c0006780                iso_total
                0x00000000c00067ab                fn_postprocess
                0x00000000c00067d2                iso_readdir
                0x00000000c0006a29                iso_reset
                0x00000000c0006a46                init_percd
                0x00000000c0006b40                iso_ioctl
                0x00000000c0006b58                fs_iso9660_init
                0x00000000c0006bee                fs_iso9660_shutdown
 .text          0x00000000c0006c5e      0x6bb core/computer.32
                0x00000000c0006c5e                Computer::close(int, int, void*)
                0x00000000c0006ca3                Krnl::firstTask()
                0x00000000c0006dde                Computer::Computer()
                0x00000000c0006dde                Computer::Computer()
                0x00000000c0006e8e                Computer::setBootMessage(char const*)
                0x00000000c0006e90                Computer::detectFeatures()
                0x00000000c00070b6                Computer::displayFeatures()
                0x00000000c00070b8                Computer::rdmsr(unsigned int)
                0x00000000c00070e4                Computer::wrmsr(unsigned int, unsigned long long)
                0x00000000c0007120                Computer::shutdown()
                0x00000000c0007138                Computer::restart()
                0x00000000c0007150                Computer::sleep()
                0x00000000c0007164                Computer::nmiEnabled()
                0x00000000c0007170                Computer::readCMOS(unsigned char)
                0x00000000c000718e                Computer::enableNMI(bool)
                0x00000000c00071a6                Computer::open(int, int, void*)
                0x00000000c000727a                Computer::disableNMI()
                0x00000000c000728a                Computer::writeCMOS(unsigned char, unsigned char)
                0x00000000c00072ae                Computer::handleNMI()
 *fill*         0x00000000c0007319        0x1 
 .text          0x00000000c000731a      0x1db core/gdt.32
                0x00000000c000731a                GDTEntry::setBase(unsigned int)
                0x00000000c0007336                GDTEntry::setLimit(unsigned int)
                0x00000000c0007354                GDT::GDT()
                0x00000000c0007354                GDT::GDT()
                0x00000000c000736a                GDT::addEntry(GDTEntry)
                0x00000000c000738c                GDT::getNumberOfEntries()
                0x00000000c0007394                GDT::flush()
                0x00000000c00073b6                GDT::setup()
 .text          0x00000000c00074f5       0x1d core/idle.32
                0x00000000c00074f5                idleFunction(void*)
 *fill*         0x00000000c0007512        0x2 
 .text          0x00000000c0007514      0x46c core/idt.32
                0x00000000c0007514                IDTEntry::IDTEntry(bool)
                0x00000000c0007514                IDTEntry::IDTEntry(bool)
                0x00000000c000758e                IDTEntry::setOffset(unsigned int)
                0x00000000c00075a4                IDT::IDT()
                0x00000000c00075a4                IDT::IDT()
                0x00000000c00075a6                IDT::getPointerToInvalidOpcodeEntryForF00F()
                0x00000000c00075ae                IDT::addEntry(IDTEntry, int)
                0x00000000c00075c8                IDT::addEntry(int, void (*)(), bool)
                0x00000000c0007600                IDT::flush()
                0x00000000c000761a                IDT::setup()
 .text          0x00000000c0007980      0x188 core/kheap.32
                0x00000000c0007980                sbrk
                0x00000000c0007a17                mmap
                0x00000000c0007a2d                munmap
                0x00000000c0007a43                liballoc_lock()
                0x00000000c0007a51                liballoc_unlock()
                0x00000000c0007a67                liballoc_alloc(int)
                0x00000000c0007a7f                liballoc_free(void*, int)
                0x00000000c0007a9a                realloc
                0x00000000c0007aae                malloc
                0x00000000c0007abe                free
                0x00000000c0007ace                rfree
                0x00000000c0007ade                calloc
 .text          0x00000000c0007b08       0xc2 core/main.32
                0x00000000c0007b08                KeEntryPoint
 .text          0x00000000c0007bca      0x644 core/physmgr.32
                0x00000000c0007bca                Phys::allocateDMA(unsigned long)
                0x00000000c0007cb2                Phys::freeDMA(unsigned long, unsigned long)
                0x00000000c0007ced                Phys::setPageState(unsigned long, bool)
                0x00000000c0007d2d                Phys::getPageState(unsigned long)
                0x00000000c0007d49                Phys::freePage(unsigned long)
                0x00000000c0007db2                Phys::allocatePage()
                0x00000000c0007e81                Phys::allocateContiguousPages(int)
                0x00000000c0007ee8                Phys::allowSegmentToBeUsed(unsigned long, unsigned long)
                0x00000000c0007f20                Phys::physicalMemorySetup(unsigned int)
 .text          0x00000000c000820e      0x273 core/pipe.32
                0x00000000c000820e                Pipe::isAtty()
                0x00000000c0008212                Pipe::~Pipe()
                0x00000000c0008212                Pipe::~Pipe()
                0x00000000c0008236                Pipe::~Pipe()
                0x00000000c000825e                Pipe::write(unsigned long long, void*, int*)
                0x00000000c000831e                Pipe::read(unsigned long long, void*, int*)
                0x00000000c000841a                Pipe::Pipe(int)
                0x00000000c000841a                Pipe::Pipe(int)
 *fill*         0x00000000c0008481        0x1 
 .text          0x00000000c0008482      0xab3 core/terminal.32
                0x00000000c0008482                VgaText::isAtty()
                0x00000000c0008486                VgaText::~VgaText()
                0x00000000c0008486                VgaText::~VgaText()
                0x00000000c00084aa                VgaText::~VgaText()
                0x00000000c00084d4                VgaText::read(unsigned long long, void*, int*)
                0x00000000c00084f4                setTerminalScrollLock(bool)
                0x00000000c00084f5                doTerminalCycle()
                0x00000000c00084f6                addToTerminalCycle(VgaText*)
                0x00000000c00084f7                scrollTerminalScrollLock(int)
                0x00000000c00084f8                VgaText::updateTitle()
                0x00000000c00084fa                VgaText::load()
                0x00000000c00084fc                VgaText::updateCursor()
                0x00000000c0008512                VgaText::doANSI_SGR(int)
                0x00000000c0008586                VgaText::setDefaultBgColour(VgaColour)
                0x00000000c0008596                VgaText::setDefaultFgColour(VgaColour)
                0x00000000c00085a6                VgaText::setDefaultColours(VgaColour, VgaColour)
                0x00000000c00085c6                VgaText::setTitleTextColour(VgaColour)
                0x00000000c00085d2                VgaText::setTitleColour(VgaColour)
                0x00000000c00085de                VgaText::setTitle(char*)
                0x00000000c00085e0                VgaText::combineColours(unsigned char, unsigned char)
                0x00000000c00085f2                VgaText::scrollScreen()
                0x00000000c0008684                VgaText::combineCharAndColour(char, unsigned char)
                0x00000000c0008694                VgaText::writeCharacter(char, VgaColour, VgaColour, int, int)
                0x00000000c0008724                VgaText::getCursorX()
                0x00000000c000872c                VgaText::getCursorY()
                0x00000000c0008734                VgaText::setCursor(int, int)
                0x00000000c000874b                setActiveTerminal(VgaText*)
                0x00000000c0008796                VgaText::clearScreen()
                0x00000000c00087e4                VgaText::setCursorX(int)
                0x00000000c00087fc                VgaText::setCursorY(int)
                0x00000000c0008814                VgaText::incrementCursor(bool)
                0x00000000c0008868                VgaText::decrementCursor(bool)
                0x00000000c000888a                VgaText::putchar(char, VgaColour, VgaColour)
                0x00000000c000895a                VgaText::putchar(char)
                0x00000000c0008a52                VgaText::putx(unsigned int)
                0x00000000c0008a98                VgaText::puts(char const*)
                0x00000000c0008abe                VgaText::write(unsigned long long, void*, int*)
                0x00000000c0008b0a                VgaText::puts(char const*, VgaColour, VgaColour)
                0x00000000c0008c58                VgaText::VgaText(char const*)
                0x00000000c0008c58                VgaText::VgaText(char const*)
                0x00000000c0008da8                VgaText::receiveKey(unsigned char)
                0x00000000c0008f34                VgaText::doUpdate()
 *fill*         0x00000000c0008f35        0x3 
 .text          0x00000000c0008f38      0x1a1 core/tss.32
                0x00000000c0008f38                TSS::TSS()
                0x00000000c0008f38                TSS::TSS()
                0x00000000c0008f48                TSS::setESP(unsigned long)
                0x00000000c0008f5c                TSS::flush()
                0x00000000c0008f7c                TSS::setup(unsigned long, unsigned long)
 *fill*         0x00000000c00090d9        0x1 
 .text          0x00000000c00090da      0x4ca core/unixfile.32
                0x00000000c00090da                ReservedFilename::read(unsigned long long, void*, int*)
                0x00000000c0009130                ReservedFilename::isAtty()
                0x00000000c000914c                ReservedFilename::write(unsigned long long, void*, int*)
                0x00000000c00091aa                UnixFile::getFileDescriptor()
                0x00000000c00091b2                UnixFile::UnixFile(int)
                0x00000000c00091b2                UnixFile::UnixFile(int)
                0x00000000c0009366                ReservedFilename::ReservedFilename(int)
                0x00000000c0009366                ReservedFilename::ReservedFilename(int)
                0x00000000c0009398                UnixFile::~UnixFile()
                0x00000000c0009398                UnixFile::~UnixFile()
                0x00000000c0009434                UnixFile::~UnixFile()
                0x00000000c000945c                ReservedFilename::~ReservedFilename()
                0x00000000c000945c                ReservedFilename::~ReservedFilename()
                0x00000000c0009480                ReservedFilename::~ReservedFilename()
                0x00000000c00094a7                KeGetFileFromDescriptor(int)
 .text          0x00000000c00095a4     0x1256 core/virtmgr.32
                0x00000000c00095a4                Virt::setPageState(unsigned long, Virt::VirtPageState)
                0x00000000c00095de                Virt::getPageState(unsigned long)
                0x00000000c0009601                Virt::allocateKernelVirtualPages(int)
                0x00000000c0009726                Virt::freeSwapfilePage(unsigned long)
                0x00000000c0009749                Virt::swapIDToSector(unsigned long)
                0x00000000c000975f                Virt::allocateSwapfilePage()
                0x00000000c00097df                Virt::virtualMemorySetup()
                0x00000000c0009830                Virt::setupPageSwapping(int)
                0x00000000c00098a2                VAS::VAS(VAS*)
                0x00000000c00098a2                VAS::VAS(VAS*)
                0x00000000c00098d0                VAS::getForeignPageTableEntry(bool, unsigned long)
                0x00000000c00098fe                VAS::getPageTableEntry(unsigned long)
                0x00000000c000991d                Virt::freeKernelVirtualPages(unsigned long)
                0x00000000c0009a5a                VAS::freeAllocatedPages(unsigned long)
                0x00000000c0009a7e                VAS::virtualToPhysical(unsigned long)
                0x00000000c0009a98                VAS::reflagRange(unsigned long, int, unsigned long, unsigned long)
                0x00000000c0009ada                VAS::VAS()
                0x00000000c0009ada                VAS::VAS()
                0x00000000c0009b44                VAS::setToWriteCombining(unsigned long, int)
                0x00000000c0009b78                VAS::mapOtherVASIn(bool, VAS*)
                0x00000000c0009ba4                VAS::~VAS()
                0x00000000c0009ba4                VAS::~VAS()
                0x00000000c0009d12                VAS::mapPage(unsigned long, unsigned long, int)
                0x00000000c0009e16                VAS::allocatePages(int, int)
                0x00000000c0009f0c                VAS::setCPUSpecific(unsigned long)
                0x00000000c0009f2a                VAS::mapRange(unsigned long, unsigned long, int, int)
                0x00000000c0009f82                VAS::mapForeignPage(bool, VAS*, unsigned long, unsigned long, int)
                0x00000000c000a078                VAS::VAS(bool)
                0x00000000c000a078                VAS::VAS(bool)
                0x00000000c000a2e4                VAS::evict(unsigned long)
                0x00000000c000a3c2                VAS::tryLoadBackOffDisk(unsigned long)
                0x00000000c000a55c                VAS::allocateSharedMemoryWithKernel(unsigned long, unsigned long*)
                0x00000000c000a5d0                VAS::freeSharedMemoryWithKernel(unsigned long, unsigned long)
                0x00000000c000a5fc                VAS::scanForEviction()
                0x00000000c000a6ff                mapVASFirstTime
 .text          0x00000000c000a7fa       0x5f coreobjs/c++.32
                0x00000000c000a7fa                __cxa_atexit
                0x00000000c000a7fd                __cxa_finalize
                0x00000000c000a7fe                __stack_chk_fail
                0x00000000c000a834                __cxa_pure_virtual
                0x00000000c000a845                operator new[](unsigned long)
                0x00000000c000a84a                operator delete(void*, unsigned long)
                0x00000000c000a84f                operator delete[](void*)
                0x00000000c000a854                operator delete[](void*, unsigned long)
 .text          0x00000000c000a859      0x254 dbg/kconsole.32
                0x00000000c000a859                Dbg::stringifyxWithBase(unsigned int, char*, int)
                0x00000000c000a8f9                Dbg::logc(char)
                0x00000000c000a919                Dbg::logs(char*)
                0x00000000c000a938                Dbg::logWriteInt(unsigned int)
                0x00000000c000a956                Dbg::logWriteIntBase(unsigned int, int)
                0x00000000c000a977                Dbg::kprintf(char const*, ...)
 *fill*         0x00000000c000aaad        0x3 
 .text          0x00000000c000aab0      0x2d4 dbg/usban.32
                0x00000000c000aab0                KiUbsanPrintDetails(char const*, void*)
                0x00000000c000ab1c                __ubsan_handle_type_mismatch_v1
                0x00000000c000abf8                __ubsan_handle_pointer_overflow
                0x00000000c000ac24                __ubsan_handle_out_of_bounds
                0x00000000c000ac50                __ubsan_handle_add_overflow
                0x00000000c000ac7c                __ubsan_handle_load_invalid_value
                0x00000000c000aca8                __ubsan_handle_divrem_overflow
                0x00000000c000acd4                __ubsan_handle_mul_overflow
                0x00000000c000ad00                __ubsan_handle_sub_overflow
                0x00000000c000ad2c                __ubsan_handle_shift_out_of_bounds
                0x00000000c000ad58                __ubsan_handle_negate_overflow
 .text          0x00000000c000ad84      0xc60 fs/vfs.32
                0x00000000c000ad84                File::read(unsigned long long, void*, int*)
                0x00000000c000addc                File::write(unsigned long long, void*, int*)
                0x00000000c000ae34                Directory::read(unsigned long long, void*, int*)
                0x00000000c000ae8c                Directory::write(unsigned long long, void*, int*)
                0x00000000c000aeba                File::isAtty()
                0x00000000c000aebe                Directory::isAtty()
                0x00000000c000aec2                Filesystem::getlabel(LogicalDisk*, int, char*, unsigned int*)
                0x00000000c000aec8                Filesystem::setlabel(LogicalDisk*, int, char*)
                0x00000000c000aece                Filesystem::allocateSwapfile(char const*, int)
                0x00000000c000aed4                File::~File()
                0x00000000c000aed4                File::~File()
                0x00000000c000aef8                File::~File()
                0x00000000c000af22                Directory::~Directory()
                0x00000000c000af22                Directory::~Directory()
                0x00000000c000af46                Directory::~Directory()
                0x00000000c000af70                Filesystem::Filesystem()
                0x00000000c000af70                Filesystem::Filesystem()
                0x00000000c000af94                Filesystem::~Filesystem()
                0x00000000c000af94                Filesystem::~Filesystem()
                0x00000000c000afa2                Filesystem::~Filesystem()
                0x00000000c000afc6                Fs::getcwd(Process*, char*, int)
                0x00000000c000aff0                Fs::initVFS()
                0x00000000c000b01a                Fs::standardiseFiles(char*, char const*, char const*)
                0x00000000c000b1d0                File::File(char const*, Process*)
                0x00000000c000b1d0                File::File(char const*, Process*)
                0x00000000c000b28c                File::open(FileOpenMode)
                0x00000000c000b2ea                File::close()
                0x00000000c000b34a                File::seek(unsigned long long)
                0x00000000c000b3a0                File::tell(unsigned long long*)
                0x00000000c000b3f0                File::rewind()
                0x00000000c000b404                File::unlink()
                0x00000000c000b450                File::rename(char const*)
                0x00000000c000b49e                File::chfatattr(unsigned char, unsigned char)
                0x00000000c000b4fa                File::exists()
                0x00000000c000b538                File::stat(unsigned long long*, bool*)
                0x00000000c000b599                Fs::setcwd(Process*, char*)
                0x00000000c000b6f6                Directory::Directory(char const*, Process*)
                0x00000000c000b6f6                Directory::Directory(char const*, Process*)
                0x00000000c000b7b2                Directory::open()
                0x00000000c000b80e                Directory::close()
                0x00000000c000b86e                Directory::unlink()
                0x00000000c000b8ba                Directory::rename(char const*)
                0x00000000c000b908                Directory::exists()
                0x00000000c000b946                Directory::read(dirent*)
                0x00000000c000b992                Directory::create()
                0x00000000c000b9de                Filesystem::chfatattr(char const*, unsigned char, unsigned char)
 .text          0x00000000c000b9e4       0x86 hal/bus.32
                0x00000000c000b9e4                Bus::Bus(char const*)
                0x00000000c000b9e4                Bus::Bus(char const*)
                0x00000000c000ba1c                Bus::~Bus()
                0x00000000c000ba1c                Bus::~Bus()
                0x00000000c000ba40                Bus::~Bus()
 .text          0x00000000c000ba6a       0x96 hal/buzzer.32
                0x00000000c000ba6a                beepThread(void*)
                0x00000000c000baa7                Krnl::beep(int, int, bool)
 .text          0x00000000c000bb00      0x45f hal/clock.32
                0x00000000c000bb00                User::loadClockSettings(int)
                0x00000000c000bb52                Clock::Clock(char const*)
                0x00000000c000bb52                Clock::Clock(char const*)
                0x00000000c000bb88                Clock::~Clock()
                0x00000000c000bb88                Clock::~Clock()
                0x00000000c000bbac                Clock::~Clock()
                0x00000000c000bbd6                Clock::timeInSecondsLocal()
                0x00000000c000bc1e                Clock::setTimeInSecondsLocal(unsigned long long)
                0x00000000c000bc77                datetimeToSeconds(datetime_t)
                0x00000000c000bd96                Clock::setTimeInDatetimeLocal(datetime_t)
                0x00000000c000bdf6                secondsToDatetime(unsigned long long)
                0x00000000c000bf3a                Clock::timeInDatetimeLocal()
 *fill*         0x00000000c000bf5f        0x1 
 .text          0x00000000c000bf60      0x464 hal/device.32
                0x00000000c000bf60                Device::hibernate()
                0x00000000c000bf62                Device::wake()
                0x00000000c000bf64                Device::detect()
                0x00000000c000bf66                Device::disableLegacy()
                0x00000000c000bf68                Device::powerSaving(PowerSavingLevel)
                0x00000000c000bf6a                DriverlessDevice::close(int, int, void*)
                0x00000000c000bf6e                DriverlessDevice::detect()
                0x00000000c000bf70                DriverlessDevice::open(int, int, void*)
                0x00000000c000bf84                Device::~Device()
                0x00000000c000bf84                Device::~Device()
                0x00000000c000bf92                Device::~Device()
                0x00000000c000bfba                Device::findAndLoadDriver()
                0x00000000c000bfc8                Device::preOpenPCI(PCIDeviceInfo)
                0x00000000c000bfee                Device::preOpenACPI(void*, char*, char*)
                0x00000000c000c02e                Device::addIRQHandler(int, void (*)(regs*, void*), bool, void*)
                0x00000000c000c058                Device::getParent()
                0x00000000c000c064                Device::removeIRQHandler(int, void (*)(regs*, void*), bool)
                0x00000000c000c082                Device::addChild(Device*)
                0x00000000c000c0c6                Device::removeAllChildren()
                0x00000000c000c10c                Device::hibernateAll()
                0x00000000c000c13c                Device::wakeAll()
                0x00000000c000c16c                Device::detectAll()
                0x00000000c000c19c                Device::disableLegacyAll()
                0x00000000c000c19e                Device::loadDriversForAll()
                0x00000000c000c1a0                Device::closeAll()
                0x00000000c000c1d6                Device::powerSavingAll(PowerSavingLevel)
                0x00000000c000c20c                Device::setName(char const*)
                0x00000000c000c21a                Device::Device(char const*)
                0x00000000c000c21a                Device::Device(char const*)
                0x00000000c000c316                Device::getName()
                0x00000000c000c320                DriverlessDevice::DriverlessDevice(char const*)
                0x00000000c000c320                DriverlessDevice::DriverlessDevice(char const*)
                0x00000000c000c356                Device::addToLinkedList(LinkedList<Device>&, DeviceType)
                0x00000000c000c39a                getDevicesOfType(DeviceType)
 .text          0x00000000c000c3c4       0x86 hal/diskctrl.32
                0x00000000c000c3c4                HardDiskController::HardDiskController(char const*)
                0x00000000c000c3c4                HardDiskController::HardDiskController(char const*)
                0x00000000c000c3fc                HardDiskController::~HardDiskController()
                0x00000000c000c3fc                HardDiskController::~HardDiskController()
                0x00000000c000c420                HardDiskController::~HardDiskController()
 .text          0x00000000c000c44a       0xe2 hal/diskphys.32
                0x00000000c000c44a                PhysicalDisk::eject()
                0x00000000c000c44e                PhysicalDisk::PhysicalDisk(char const*, int)
                0x00000000c000c44e                PhysicalDisk::PhysicalDisk(char const*, int)
                0x00000000c000c4b6                PhysicalDisk::startCache()
                0x00000000c000c4de                PhysicalDisk::~PhysicalDisk()
                0x00000000c000c4de                PhysicalDisk::~PhysicalDisk()
                0x00000000c000c502                PhysicalDisk::~PhysicalDisk()
 .text          0x00000000c000c52c        0x0 hal/fpu.32
 .text          0x00000000c000c52c      0x359 hal/intctrl.32
                0x00000000c000c52c                int_handler
                0x00000000c000c5b6                installISRHandler(int, void (*)(regs*, void*), void*)
                0x00000000c000c600                installIRQHandler(int, void (*)(regs*, void*), bool, void*)
                0x00000000c000c734                uninstallISRHandler(int, void (*)(regs*, void*))
                0x00000000c000c768                uninstallIRQHandler(int, void (*)(regs*, void*), bool)
                0x00000000c000c7e6                setupINTS()
                0x00000000c000c843                convertLegacyIRQNumber(int)
 *fill*         0x00000000c000c885        0x1 
 .text          0x00000000c000c886      0x8be hal/keybrd.32
                0x00000000c000c886                startGUI(void*)
                0x00000000c000c8f4                startGUIVESA(void*)
                0x00000000c000c962                sendKeyToTerminal(unsigned char)
                0x00000000c000ca3d                sendKeyboardToken(KeyboardToken)
                0x00000000c000cf27                clearInternalKeybuffer(VgaText*)
                0x00000000c000cf5c                readKeyboard(VgaText*, char*, unsigned long)
                0x00000000c000d0ba                Keyboard::Keyboard(char const*)
                0x00000000c000d0ba                Keyboard::Keyboard(char const*)
                0x00000000c000d0f6                Keyboard::~Keyboard()
                0x00000000c000d0f6                Keyboard::~Keyboard()
                0x00000000c000d11a                Keyboard::~Keyboard()
 .text          0x00000000c000d144      0x3f8 hal/logidisk.32
                0x00000000c000d144                LogicalDisk::close(int, int, void*)
                0x00000000c000d148                LogicalDisk::~LogicalDisk()
                0x00000000c000d148                LogicalDisk::~LogicalDisk()
                0x00000000c000d16c                LogicalDisk::~LogicalDisk()
                0x00000000c000d196                LogicalDisk::open(int, int, void*)
                0x00000000c000d1aa                LogicalDisk::absoluteToRelative(unsigned long long)
                0x00000000c000d1e2                LogicalDisk::relativeToAbsolute(unsigned long long)
                0x00000000c000d228                LogicalDisk::LogicalDisk(char const*, PhysicalDisk*, unsigned long long, unsigned long long)
                0x00000000c000d228                LogicalDisk::LogicalDisk(char const*, PhysicalDisk*, unsigned long long, unsigned long long)
                0x00000000c000d2e8                LogicalDisk::assignDriveLetter()
                0x00000000c000d3a2                LogicalDisk::mount()
                0x00000000c000d3ea                LogicalDisk::unmount()
                0x00000000c000d3fa                LogicalDisk::eject()
                0x00000000c000d40e                LogicalDisk::unassignDriveLetter()
                0x00000000c000d464                LogicalDisk::read(unsigned long long, int, void*)
                0x00000000c000d4d0                LogicalDisk::write(unsigned long long, int, void*)
 .text          0x00000000c000d53c       0x86 hal/mouse.32
                0x00000000c000d53c                Mouse::Mouse(char const*)
                0x00000000c000d53c                Mouse::Mouse(char const*)
                0x00000000c000d574                Mouse::~Mouse()
                0x00000000c000d574                Mouse::~Mouse()
                0x00000000c000d598                Mouse::~Mouse()
 .text          0x00000000c000d5c2       0x90 hal/nic.32
                0x00000000c000d5c2                NIC::getMAC()
                0x00000000c000d5c8                NIC::write(int, unsigned char*, int*)
                0x00000000c000d5ce                NIC::NIC(char const*)
                0x00000000c000d5ce                NIC::NIC(char const*)
                0x00000000c000d604                NIC::~NIC()
                0x00000000c000d604                NIC::~NIC()
                0x00000000c000d628                NIC::~NIC()
 .text          0x00000000c000d652      0x33b hal/partition.32
                0x00000000c000d652                makePartition(PhysicalDisk*, unsigned long long, unsigned long long)
                0x00000000c000d6fa                createPartitionsForDisk(PhysicalDisk*)
 *fill*         0x00000000c000d98d        0x3 
 .text          0x00000000c000d990       0x86 hal/serial.32
                0x00000000c000d990                Serial::Serial(char const*)
                0x00000000c000d990                Serial::Serial(char const*)
                0x00000000c000d9c8                Serial::~Serial()
                0x00000000c000d9c8                Serial::~Serial()
                0x00000000c000d9ec                Serial::~Serial()
 *fill*         0x00000000c000da16        0x2 
 .text          0x00000000c000da18      0x234 hal/timer.32
                0x00000000c000da18                Timer::Timer(char const*)
                0x00000000c000da18                Timer::Timer(char const*)
                0x00000000c000da50                Timer::~Timer()
                0x00000000c000da50                Timer::~Timer()
                0x00000000c000da74                Timer::~Timer()
                0x00000000c000da9e                Timer::read()
                0x00000000c000daa9                setupTimer(int)
                0x00000000c000dae4                timerHandler(unsigned int)
 .text          0x00000000c000dc4c      0x444 hal/vcache.32
                0x00000000c000dc4c                VCache::VCache(PhysicalDisk*)
                0x00000000c000dc4c                VCache::VCache(PhysicalDisk*)
                0x00000000c000ddbc                VCache::invalidateReadBuffer()
                0x00000000c000ddcc                VCache::writeWriteBuffer()
                0x00000000c000de18                VCache::~VCache()
                0x00000000c000de18                VCache::~VCache()
                0x00000000c000de70                VCache::~VCache()
                0x00000000c000de98                VCache::write(unsigned long long, int, void*)
                0x00000000c000df86                VCache::read(unsigned long long, int, void*)
 .text          0x00000000c000e090      0x4c7 hal/video.32
                0x00000000c000e090                Video::putrect(int, int, int, int, unsigned int)
                0x00000000c000e0dc                Video::bitblit(int, int, int, int, int, int, int, unsigned int*)
                0x00000000c000e14c                Video::blit(unsigned int*, int, int, int, int)
                0x00000000c000e1ca                Video::clearScreen(unsigned int)
                0x00000000c000e1fe                Video::putpixel(int, int, unsigned int)
                0x00000000c000e20c                Video::readPixelApprox(int, int)
                0x00000000c000e220                Video::Video(char const*)
                0x00000000c000e220                Video::Video(char const*)
                0x00000000c000e256                Video::~Video()
                0x00000000c000e256                Video::~Video()
                0x00000000c000e27a                Video::~Video()
                0x00000000c000e2a4                Video::isMonochrome()
                0x00000000c000e2b0                Video::getWidth()
                0x00000000c000e2bc                Video::getHeight()
                0x00000000c000e2c8                Video::drawCursor(int, int, unsigned int*, int)
                0x00000000c000e384                Video::tgaParse(unsigned char*, int, int*, int*)
                0x00000000c000e4ec                Video::putTGA(int, int, unsigned char*, int)
 *fill*         0x00000000c000e557        0x1 
 .text          0x00000000c000e558     0x138b hw/acpi.32
                0x00000000c000e558                ACPI::close(int, int, void*)
                0x00000000c000e60c                findRSDP()
                0x00000000c000e6a4                loadACPITables(unsigned char*)
                0x00000000c000e910                findRSDT(unsigned char*)
                0x00000000c000ea68                findDataTable(unsigned char*, char*)
                0x00000000c000eae8                scanMADT()
                0x00000000c000efa0                ACPI::ACPI()
                0x00000000c000efa0                ACPI::ACPI()
                0x00000000c000eff4                ACPI::getPCIIRQAssignment(unsigned char, unsigned short, unsigned char)
                0x00000000c000f0f0                ACPI::registerPCIIRQAssignment(void*, unsigned short, unsigned char, unsigned char)
                0x00000000c000f1bc                ACPI::setScreenBrightnessLevel(void*, int)
                0x00000000c000f1c4                ACPI::detectPCI()
                0x00000000c000f3e4                ACPI::writeSimpleBootFlag(SimpleBootFlagTable*)
                0x00000000c000f42c                ACPI::sleep()
                0x00000000c000f448                ACPI::open(int, int, void*)
 *fill*         0x00000000c000f8e3        0x1 
 .text          0x00000000c000f8e4      0xbc5 hw/cpu.32
                0x00000000c000f8e4                CPU::close(int, int, void*)
                0x00000000c000f8e8                CPU::AMD_K6_write_msr(unsigned int, unsigned int, unsigned int, CPU::REGS*)
                0x00000000c000f904                CPU::AMD_K6_read_msr(unsigned int, CPU::REGS*)
                0x00000000c000f91c                CPU::AMD_K6_writeback(int, int, int)
                0x00000000c000f990                CPU::cpuid(int, unsigned long*, unsigned long*, unsigned long*, unsigned long*)
                0x00000000c000fa14                CPU::cpuidCheckEDX(unsigned int)
                0x00000000c000fa42                CPU::cpuidCheckECX(unsigned int)
                0x00000000c000fa70                CPU::cpuidCheckExtendedEBX(unsigned int)
                0x00000000c000fa9e                CPU::cpuidCheckExtendedECX(unsigned int)
                0x00000000c000facc                CPU::CPU()
                0x00000000c000facc                CPU::CPU()
                0x00000000c000fb5a                CPU::displayFeatures()
                0x00000000c000fb5c                CPU::detectFeatures()
                0x00000000c0010230                CPU::setupSMEP()
                0x00000000c001023c                CPU::setupUMIP()
                0x00000000c0010246                CPU::setupTSC()
                0x00000000c0010250                CPU::setupLargePages()
                0x00000000c001025a                CPU::setupPAT()
                0x00000000c0010296                CPU::setupMTRR()
                0x00000000c0010298                CPU::setupGlobalPages()
                0x00000000c00102a2                CPU::allowUsermodeDataAccess()
                0x00000000c00102b4                CPU::prohibitUsermodeDataAccess()
                0x00000000c00102c6                CPU::setupSMAP()
                0x00000000c00102d4                CPU::setupFeatures()
                0x00000000c00103a0                CPU::open(int, int, void*)
 .text          0x00000000c00104a9       0xdf krnl/bootmsg.32
                0x00000000c00104a9                KeDisplaySplashScreen()
                0x00000000c0010525                KeSetBootMessage(char const*)
 .text          0x00000000c0010588      0x5bf krnl/env.32
                0x00000000c0010588                EnvVarContainer::getEnv(char const*)
                0x00000000c00105c6                EnvVarContainer::setEnv(char const*, char const*)
                0x00000000c0010688                EnvVarContainer::deleteEnv(char const*)
                0x00000000c001068a                EnvVarContainer::loadFrom(char const*, char const*)
                0x00000000c00108ae                EnvVarContainer::__loadSystem()
                0x00000000c00108c8                EnvVarContainer::__loadUser()
                0x00000000c00108ca                EnvVarContainer::EnvVarContainer(Process*)
                0x00000000c00108ca                EnvVarContainer::EnvVarContainer(Process*)
                0x00000000c00108ec                EnvVarContainer::~EnvVarContainer()
                0x00000000c00108ec                EnvVarContainer::~EnvVarContainer()
                0x00000000c001091c                KeGetEnv(Process*, char const*)
                0x00000000c0010981                KeSetEnvSystem(char const*, char const*)
                0x00000000c001099b                KeSetEnvUser(char const*, char const*)
                0x00000000c00109ba                KeSetEnvProcess(Process*, char const*, char const*)
                0x00000000c00109cd                KeDeleteEnvSystem(char const*)
                0x00000000c00109ce                KeDeleteEnvUser(char const*)
                0x00000000c00109cf                KeDeleteEnvProcess(Process*, char const*)
                0x00000000c00109d0                KeNewProcessEnv(Process*)
                0x00000000c00109f2                KeCopyProcessEnv(Process*, Process*)
                0x00000000c0010a3e                KeLoadSystemEnv()
                0x00000000c0010a6c                KeLoadUserEnv()
                0x00000000c0010a92                KeFlushEnv()
                0x00000000c0010a93                KeGetProcessTotalEnvCount(Process*)
                0x00000000c0010ab3                KeGetProcessEnvPair(Process*, int)
 .text          0x00000000c0010b47       0x94 krnl/inlines.32
                0x00000000c0010b47                CPU::current()
                0x00000000c0010b53                operator new(unsigned long)
                0x00000000c0010b58                operator delete(void*)
                0x00000000c0010b5d                disableIRQs()
                0x00000000c0010b5f                enableIRQs()
                0x00000000c0010b61                lockScheduler()
                0x00000000c0010b69                unlockScheduler()
                0x00000000c0010b78                lockStuff()
                0x00000000c0010b86                unlockStuff()
                0x00000000c0010bc0                Virt::getAKernelVAS()
                0x00000000c0010bc6                __not_memcpy
 .text          0x00000000c0010bdb        0xc krnl/panic.32
                0x00000000c0010bdb                KePanic(char const*)
 .text          0x00000000c0010be7      0x142 krnl/powctrl.32
                0x00000000c0010be7                KePowerThread(void*)
                0x00000000c0010c15                KeChangePowerSettings(PowerSettings)
                0x00000000c0010c2b                KeUserIOReceived()
                0x00000000c0010c36                KeHandlePowerButton()
                0x00000000c0010c6b                KeHandleSleepButton()
                0x00000000c0010ca0                KeSetupPowerManager()
 .text          0x00000000c0010d29       0x9d krnl/random.32
                0x00000000c0010d29                KeRand()
                0x00000000c0010d6b                KeSeedRand(unsigned int)
                0x00000000c0010d94                KeInitRand()
 *fill*         0x00000000c0010dc6        0x2 
 .text          0x00000000c0010dc8      0x1bc krnl/resolve.32
                0x00000000c0010dc8                KeResolveCompatibilitySymbol(char*)
 .text          0x00000000c0010f84      0x322 krnl/signal.32
                0x00000000c0010f84                KiSigKill(int)
                0x00000000c0010f98                KiDefaultSignalHandlerIgnore(int)
                0x00000000c0010f99                KiDefaultSignalHandlerPause(int)
                0x00000000c0010fc5                KiDefaultSignalHandlerResume(int)
                0x00000000c0010ff1                KeDeinitSignals(SigHandlerBlock*)
                0x00000000c0010ff6                KeInitSignals()
                0x00000000c0011048                KeRegisterSignalHandler(SigHandlerBlock*, int, void (*)(int), unsigned int, int)
                0x00000000c001107e                KeRaiseSignal(SigHandlerBlock*, int)
                0x00000000c00110fb                KeCheckSignal(SigHandlerBlock*, int*)
                0x00000000c00111f2                KiCheckSignalZ
                0x00000000c0011234                KeCompleteSignal(SigHandlerBlock*, int)
                0x00000000c001126f                KiFinishSignalZ
 .text          0x00000000c00112a6      0xc61 krnl/syscalls.32
                0x00000000c00112a6                SysSeekDir(regs*)
                0x00000000c00112ab                SysTellDir(regs*)
                0x00000000c00112b0                SysVerify(regs*)
                0x00000000c00112ba                SysGetArgc(regs*)
                0x00000000c00112ce                SysTTYName(regs*)
                0x00000000c00112d6                SysFormatDisk(regs*)
                0x00000000c001134d                SysSetDiskVolumeLabel(regs*)
                0x00000000c00113a1                SysGetDiskVolumeLabel(regs*)
                0x00000000c00113fa                SysShutdown(regs*)
                0x00000000c0011458                SysRealpath(regs*)
                0x00000000c001149d                SysReadDir(regs*)
                0x00000000c001151d                SysIsATTY(regs*)
                0x00000000c0011577                SysSeek(regs*)
                0x00000000c00115ce                SysTell(regs*)
                0x00000000c001163b                SysSize(regs*)
                0x00000000c00116ae                SysSizeFromFilename(regs*)
                0x00000000c001175f                SysClose(regs*)
                0x00000000c00117bf                SysOpenDir(regs*)
                0x00000000c001183c                SysMakeDir(regs*)
                0x00000000c00118aa                SysCloseDir(regs*)
                0x00000000c00118fe                SysWait(regs*)
                0x00000000c001191f                SysNotImpl(regs*)
                0x00000000c001193a                SysPanic(regs*)
                0x00000000c0011955                SysRmdir(regs*)
                0x00000000c00119ba                SysUnlink(regs*)
                0x00000000c0011a1f                SysGetArgv(regs*)
                0x00000000c0011a6c                SysUSleep(regs*)
                0x00000000c0011a95                SysSpawn(regs*)
                0x00000000c0011b08                SysGetEnv(regs*)
                0x00000000c0011bb9                SysSetFatAttrib(regs*)
                0x00000000c0011c2c                SysPipe(regs*)
                0x00000000c0011c71                SysGetUnixTime(regs*)
                0x00000000c0011c85                string_ends_with(char const*, char const*)
                0x00000000c0011ccd                SysOpen(regs*)
                0x00000000c0011ec5                KeSystemCall(regs*, void*)
 *fill*         0x00000000c0011f07        0x1 
 .text          0x00000000c0011f08      0x159 net/ethernet.32
                0x00000000c0011f08                KeSwitchEndian16(unsigned short)
                0x00000000c0011f2c                KeSwitchEndian32(unsigned int)
                0x00000000c0011f5c                EthernetCRC32(unsigned char*, int)
                0x00000000c0012000                EthernetReceivedPacket(EthernetUnwrappedFrame*, unsigned short)
 .text          0x00000000c0012061      0xd56 reg/cm.32
                0x00000000c0012061                CmOpen(char const*)
                0x00000000c001217f                CmClose(Reghive_Tag*)
                0x00000000c0012195                CmReadExtent(Reghive_Tag*, int, unsigned char*)
                0x00000000c00121d1                CmGetString(Reghive_Tag*, int, char*)
                0x00000000c0012248                CmEnterDirectory(Reghive_Tag*, int)
                0x00000000c0012287                CmGetNext(Reghive_Tag*, int)
                0x00000000c00122b9                CmWriteExtent(Reghive_Tag*, int, unsigned char*)
                0x00000000c00122f5                CmFreeExtent(Reghive_Tag*, int)
                0x00000000c001231d                CmUpdateHeader(Reghive_Tag*)
                0x00000000c001233e                CmExpand(Reghive_Tag*, int)
                0x00000000c00123b9                CmFindUnusedExtent(Reghive_Tag*)
                0x00000000c001243f                CmCreateExtent(Reghive_Tag*, int, int, unsigned char*)
                0x00000000c0012533                CmSetString(Reghive_Tag*, int, char const*)
                0x00000000c001266f                CmGetMatch(char*, char*, bool, bool*)
                0x00000000c00126d0                CmAddShift(unsigned int*, int*, unsigned char, int)
                0x00000000c0012700                CmGetShift(unsigned int*, int*, int, bool*)
                0x00000000c0012737                CmGetInteger(Reghive_Tag*, int, unsigned long long*)
                0x00000000c0012761                CmSetInteger(Reghive_Tag*, int, unsigned long long)
                0x00000000c00127a1                CmConvertFromInternalFilename(unsigned char const*, char*)
                0x00000000c0012845                CmGetNameAndTypeFromExtent(Reghive_Tag*, int, char*)
                0x00000000c0012873                CmConvertToInternalFilename(char const*, unsigned char*)
                0x00000000c0012a11                CmCreateString(Reghive_Tag*, int, char const*)
                0x00000000c0012a5e                CmFindInDirectory(Reghive_Tag*, int, char const*)
                0x00000000c0012ad8                CmCreateInteger(Reghive_Tag*, int, char const*, unsigned long long, int)
                0x00000000c0012b2b                CmCreateDirectory(Reghive_Tag*, int, char const*)
                0x00000000c0012bef                zStrtok(char*, char const*)
                0x00000000c0012c61                CmFindObjectFromPath(Reghive_Tag*, char const*)
                0x00000000c0012ce2                CmDisplayTree(Reghive_Tag*, int, int)
                0x00000000c0012d85                CmSplitFinalSlashInPlace(char*)
 .text          0x00000000c0012db7      0x52a reg/registry.32
                0x00000000c0012db7                Reg::findLineFromLoadedData(char*, char*, char*)
                0x00000000c0012f28                Reg::getLineFromRegistry(char*, char*, char*, char*)
                0x00000000c001307d                Reg::getLine(char*, char*, char*)
                0x00000000c00130b4                Reg::readInt(char*, char*, int*)
                0x00000000c00131a2                Reg::readString(char*, char*, char*, int)
                0x00000000c0013223                Reg::readBool(char*, char*, bool*)
                0x00000000c0013248                Reg::readBoolWithDefault(char*, char*, bool)
                0x00000000c0013274                Reg::readIntWithDefault(char*, char*, int)
                0x00000000c00132a0                Reg::readStringWithDefault(char*, char*, char*, int, char*)
 .text          0x00000000c00132e1       0x36 sys/eject.32
                0x00000000c00132e1                SysEject(regs*)
 .text          0x00000000c0013317       0x18 sys/exit.32
                0x00000000c0013317                SysExit(regs*)
 .text          0x00000000c001332f       0x1f sys/getcwd.32
                0x00000000c001332f                SysGetCwd(regs*)
 .text          0x00000000c001334e        0xc sys/getpid.32
                0x00000000c001334e                SysGetPID(regs*)
 .text          0x00000000c001335a       0x1a sys/getramdata.32
                0x00000000c001335a                SysGetRAMData(regs*)
 .text          0x00000000c0013374       0x82 sys/getvgaptr.32
                0x00000000c0013374                SysGetVGAPtr(regs*)
 *fill*         0x00000000c00133f6        0x2 
 .text          0x00000000c00133f8       0xb9 sys/kill.32
                0x00000000c00133f8                SysKill(regs*)
 .text          0x00000000c00134b1       0xa8 sys/loaddll.32
                0x00000000c00134b1                SysLoadDLL(regs*)
 .text          0x00000000c0013559       0x68 sys/read.32
                0x00000000c0013559                SysRead(regs*)
 .text          0x00000000c00135c1       0x29 sys/registersignal.32
                0x00000000c00135c1                SysRegisterSignal(regs*)
 .text          0x00000000c00135ea      0x19c sys/registry.32
                0x00000000c00135ea                SysRegistryGetTypeFromPath(regs*)
                0x00000000c0013661                SysRegistryReadExtent(regs*)
                0x00000000c00136a9                SysRegistryPathToExtentLookup(regs*)
                0x00000000c00136d1                SysRegistryEnterDirectory(regs*)
                0x00000000c00136f9                SysRegistryGetNext(regs*)
                0x00000000c0013721                SysRegistryGetNameAndTypeFromExtent(regs*)
                0x00000000c001375b                SysRegistryOpen(regs*)
                0x00000000c001376f                SysRegistryClose(regs*)
 .text          0x00000000c0013786       0x55 sys/sbrk.32
                0x00000000c0013786                SysSbrk(regs*)
 .text          0x00000000c00137db       0x1c sys/setcwd.32
                0x00000000c00137db                SysSetCwd(regs*)
 .text          0x00000000c00137f7       0x96 sys/settime.32
                0x00000000c00137f7                SysSetTime(regs*)
 .text          0x00000000c001388d       0x4a sys/timezone.32
                0x00000000c001388d                SysTimezone(regs*)
 .text          0x00000000c00138d7       0x68 sys/write.32
                0x00000000c00138d7                SysWrite(regs*)
 .text          0x00000000c001393f       0x62 sys/wsbe.32
                0x00000000c001393f                SysWsbe(regs*)
 .text          0x00000000c00139a1       0x25 sys/yield.32
                0x00000000c00139a1                SysYield(regs*)
 .text          0x00000000c00139c6     0x11e6 thr/elf.32
                0x00000000c00139c6                Thr::allocateMemoryForTask(Process*, File*, unsigned long, unsigned long, unsigned long)
                0x00000000c0013c54                Thr::loadProgramIntoMemory(Process*, char const*)
                0x00000000c0013e66                Thr::runtimeReferenceHelper()
                0x00000000c0013e79                Thr::getAddressOfKernelSymbol(char const*)
                0x00000000c0013ec8                Thr::loadKernelSymbolTable(char const*)
                0x00000000c0014186                Thr::loadDriverIntoMemory(char const*, unsigned long, bool)
                0x00000000c00148bf                Thr::getDriverBaseFromAddress(unsigned long)
                0x00000000c00148f1                Thr::getDriverNameFromAddress(unsigned long)
                0x00000000c0014928                Thr::getDriverOffsetFromAddress(unsigned long)
                0x00000000c0014942                Thr::loadDLL(char const*, bool)
                0x00000000c0014b73                Thr::executeDLL(unsigned long, void*)
 .text          0x00000000c0014bac     0x13d9 thr/prcssthr.32
                0x00000000c0014bac                userModeEntryPoint(void*)
                0x00000000c0014bd4                changeTSS
                0x00000000c0014c04                switchToThread(ThreadControlBlock*)
                0x00000000c0014cb4                Process::addArgs(char**)
                0x00000000c0014d20                Process::Process(char const*, Process*, char**)
                0x00000000c0014d20                Process::Process(char const*, Process*, char**)
                0x00000000c0014f2c                Process::Process(bool, char const*, Process*, char**)
                0x00000000c0014f2c                Process::Process(bool, char const*, Process*, char**)
                0x00000000c0015100                taskStartupFunction
                0x00000000c001510c                Semaphore::Semaphore(int)
                0x00000000c001510c                Semaphore::Semaphore(int)
                0x00000000c001513c                Mutex::Mutex()
                0x00000000c001513c                Mutex::Mutex()
                0x00000000c0015150                Process::createThread(void (*)(void*), void*, int)
                0x00000000c001525c                Process::createUserThread()
                0x00000000c001527c                setupMultitasking(void (*)())
                0x00000000c00153a0                schedule()
                0x00000000c0015434                Semaphore::tryAcquire()
                0x00000000c0015508                Semaphore::assertLocked(char const*)
                0x00000000c001558c                blockTaskWithSchedulerLockAlreadyHeld(TaskState)
                0x00000000c00155b4                blockTask(TaskState)
                0x00000000c00155ec                waitTask(int, int*, int)
                0x00000000c0015630                milliTenthSleepUntil(unsigned int)
                0x00000000c00156d0                milliTenthSleep(unsigned int)
                0x00000000c00156e4                sleep(unsigned int)
                0x00000000c0015700                Semaphore::acquire()
                0x00000000c00157c8                taskReturned
                0x00000000c001580c                Thr::processFromPID(int)
                0x00000000c00158b8                unblockTask(ThreadControlBlock*)
                0x00000000c0015964                cleanupTerminatedTask(ThreadControlBlock*)
                0x00000000c0015c38                cleanerTaskFunction(void*)
                0x00000000c0015d40                terminateTask(int)
                0x00000000c0015e2c                Thr::terminateFromIRQ(int)
                0x00000000c0015e3c                Semaphore::release()
 .text          0x00000000c0015f85      0xc27 vm86/vm8086.32
                0x00000000c0015f85                Vm::inbv(unsigned short)
                0x00000000c0015f98                Vm::outbv(unsigned short, unsigned char)
                0x00000000c0015fce                Vm::realToLinear(unsigned short, unsigned short)
                0x00000000c0015fde                Vm::getSegment(unsigned int)
                0x00000000c0015fe6                Vm::getOffset(unsigned int)
                0x00000000c0015feb                Vm::mainloop2()
                0x00000000c0016025                Vm::mainVm8086Loop(void*)
                0x00000000c0016035                Vm::mainloop3(unsigned long)
                0x00000000c001605b                Vm::initialise8086()
                0x00000000c001609e                Vm::finish8086()
                0x00000000c00160ff                Vm::getOutput8086(unsigned char*)
                0x00000000c0016124                Vm::start8086FromBuffer(unsigned char*, int, unsigned short, unsigned short, unsigned short, unsigned short)
                0x00000000c00161dd                Vm::start8086(char const*, unsigned short, unsigned short, unsigned short, unsigned short)
                0x00000000c001637b                Vm::doISR(regs*, int, unsigned char*, unsigned short, unsigned short)
                0x00000000c0016414                Vm::readByteFromReal(unsigned short, unsigned short)
                0x00000000c0016425                Vm::readWordFromReal(unsigned short, unsigned short)
                0x00000000c0016437                Vm::readDwordFromReal(unsigned short, unsigned short)
                0x00000000c0016448                Vm::writeByteFromReal(unsigned short, unsigned short, unsigned char)
                0x00000000c001645d                Vm::writeWordFromReal(unsigned short, unsigned short, unsigned short)
                0x00000000c0016473                Vm::writeDwordFromReal(unsigned short, unsigned short, unsigned int)
                0x00000000c0016488                Vm::faultHandler(regs*)
 .text          0x00000000c0016bac      0xaf0 arch/i386/hal.32
                0x00000000c0016bac                noCopro(unsigned long)
                0x00000000c0016bad                nmiHandler(regs*, void*)
                0x00000000c0016bc6                doubleFault(regs*, void*)
                0x00000000c0016bdf                displayDebugInfo(regs*)
                0x00000000c0016f64                HalSystemIdle()
                0x00000000c0016fe0                displayProgramFault(char const*)
                0x00000000c001702c                gpFault(regs*, void*)
                0x00000000c0017093                pgFault(regs*, void*)
                0x00000000c001711c                otherISRHandler(regs*, void*)
                0x00000000c0017150                opcodeFault(regs*, void*)
                0x00000000c00171d3                i386SaveCoprocessor(void*)
                0x00000000c00171e7                i386LoadCoprocessor(void*)
                0x00000000c00171fb                x87EmulHandler(regs*, void*)
                0x00000000c0017298                HalInitialiseCoprocessor()
                0x00000000c0017346                HalPanic(char const*)
                0x00000000c001745a                HalQueryPerformanceCounter()
                0x00000000c0017475                HalInitialise()
                0x00000000c001762b                HalMakeBeep(int)
                0x00000000c0017665                HalGetRand()
                0x00000000c0017668                HalEndOfInterrupt(int)
                0x00000000c0017699                HalRestart()
                0x00000000c001769a                HalShutdown()
                0x00000000c001769b                HalSleep()
 .text          0x00000000c001769c      0x2dc arch/i386/pic.32
                0x00000000c001769c                picIoWait()
                0x00000000c00176a4                picDisable()
                0x00000000c00176d8                picGetIRQReg(int)
                0x00000000c0017754                picOpen()
                0x00000000c00178d8                picEOI(int)
 .text          0x00000000c0017978      0x674 arch/i386/rtc.32
                0x00000000c0017978                RTC::open(int, int, void*)
                0x00000000c001797c                RTC::close(int, int, void*)
                0x00000000c0017980                RTC::timeInSecondsUTC()
                0x00000000c0017992                RTC::timeInDatetimeUTC()
                0x00000000c00179b8                RTC::setTimeInSecondsUTC(unsigned long long)
                0x00000000c00179f6                RTC::~RTC()
                0x00000000c00179f6                RTC::~RTC()
                0x00000000c0017a1a                RTC::~RTC()
                0x00000000c0017a44                RTC::get_update_in_progress_flag()
                0x00000000c0017a5e                RTC::completeRTCRefresh()
                0x00000000c0017d3e                RTC::setTimeInDatetimeUTC(datetime_t)
                0x00000000c0017eec                rtcIRQHandler(regs*, void*)
                0x00000000c0017f32                RTC::RTC()
                0x00000000c0017f32                RTC::RTC()
 .text          0x00000000c0017fec      0x1f4 arch/i386/vga.32
                0x00000000c0017fec                HalConsoleScroll(int, int)
                0x00000000c00180f4                HalConsoleWriteCharacter(char, int, int, int, int)
                0x00000000c0018158                HalConsoleCursorUpdate(int, int)
 .text          0x00000000c00181e0     0x1463 fs/fat/vfslink.32
                0x00000000c00181e0                FAT::getName()
                0x00000000c00181e8                FAT::tell(void*, unsigned long long*)
                0x00000000c0018224                FAT::stat(void*, unsigned long long*)
                0x00000000c0018260                FAT::~FAT()
                0x00000000c0018260                FAT::~FAT()
                0x00000000c0018284                FAT::~FAT()
                0x00000000c00182ac                FAT::getlabel(LogicalDisk*, int, char*, unsigned int*)
                0x00000000c0018350                FAT::setlabel(LogicalDisk*, int, char*)
                0x00000000c0018414                FAT::format(LogicalDisk*, int, char const*, int)
                0x00000000c00185f8                FAT::tryMount(LogicalDisk*, int)
                0x00000000c0018814                FAT::allocateSwapfile(char const*, int)
                0x00000000c00189d4                FAT::readDir(void*, unsigned long, void*, int*)
                0x00000000c0018b44                FAT::read(void*, unsigned long, void*, int*)
                0x00000000c0018ba4                FAT::write(void*, unsigned long, void*, int*)
                0x00000000c0018c04                FAT::close(void*)
                0x00000000c0018c58                FAT::closeDir(void*)
                0x00000000c0018cac                FAT::seek(void*, unsigned long long)
                0x00000000c0018d04                fatWrapperReadDisk
                0x00000000c0018d44                fatWrapperWriteDisk
                0x00000000c0018d84                fatWrapperIoctl
                0x00000000c0018ea0                FAT::FAT()
                0x00000000c0018ea0                FAT::FAT()
                0x00000000c0018ef8                FAT::fixFilepath(char*)
                0x00000000c0018f38                FAT::open(char const*, void**, FileOpenMode)
                0x00000000c00190ac                FAT::openDir(char const*, void**)
                0x00000000c001915c                FAT::stat(char const*, unsigned long long*, bool*)
                0x00000000c0019254                FAT::unlink(char const*)
                0x00000000c00192d4                FAT::chfatattr(char const*, unsigned char, unsigned char)
                0x00000000c0019488                FAT::rename(char const*, char const*)
                0x00000000c0019554                FAT::mkdir(char const*)
                0x00000000c00195d4                FAT::exists(char const*)
 *fill*         0x00000000c0019643        0x1 
 .text          0x00000000c0019644       0x94 fs/iso9660/helper.32
                0x00000000c0019644                isoReadDiscSectorHelper
                0x00000000c00196a0                iso_kprintf
                0x00000000c00196bc                iso_kprintfd
 .text          0x00000000c00196d8      0x716 fs/iso9660/vfslink.32
                0x00000000c00196d8                ISO9660::format(LogicalDisk*, int, char const*, int)
                0x00000000c00196de                ISO9660::getName()
                0x00000000c00196e4                ISO9660::closeDir(void*)
                0x00000000c00196ee                ISO9660::chfatattr(char const*, unsigned char, unsigned char)
                0x00000000c00196f4                ISO9660::unlink(char const*)
                0x00000000c00196fa                ISO9660::write(void*, unsigned long, void*, int*)
                0x00000000c0019700                ISO9660::rename(char const*, char const*)
                0x00000000c0019706                ISO9660::mkdir(char const*)
                0x00000000c001970c                ISO9660::~ISO9660()
                0x00000000c001970c                ISO9660::~ISO9660()
                0x00000000c0019730                ISO9660::~ISO9660()
                0x00000000c0019758                ISO9660::exists(char const*)
                0x00000000c001976c                ISO9660::open(char const*, void**, FileOpenMode)
                0x00000000c0019852                ISO9660::read(void*, unsigned long, void*, int*)
                0x00000000c001989a                ISO9660::seek(void*, unsigned long long)
                0x00000000c00198dc                ISO9660::tell(void*, unsigned long long*)
                0x00000000c001991a                ISO9660::stat(void*, unsigned long long*)
                0x00000000c001996c                ISO9660::stat(char const*, unsigned long long*, bool*)
                0x00000000c0019aae                ISO9660::close(void*)
                0x00000000c0019ade                ISO9660::openDir(char const*, void**)
                0x00000000c0019bb8                ISO9660::readDir(void*, unsigned long, void*, int*)
                0x00000000c0019cd5                readSectorFromCDROM(unsigned int, unsigned char*, char)
                0x00000000c0019d54                ISO9660::tryMount(LogicalDisk*, int)
                0x00000000c0019dc6                ISO9660::ISO9660()
                0x00000000c0019dc6                ISO9660::ISO9660()
 .text          0x00000000c0019dee      0x26c hal/sound/sndcard.32
                0x00000000c0019dee                SoundCard::beginPlayback()
                0x00000000c0019dfc                SoundCard::stopPlayback()
                0x00000000c0019e0a                SoundCard::SoundCard(char const*)
                0x00000000c0019e0a                SoundCard::SoundCard(char const*)
                0x00000000c0019ea8                SoundCard::~SoundCard()
                0x00000000c0019ea8                SoundCard::~SoundCard()
                0x00000000c0019ecc                SoundCard::~SoundCard()
                0x00000000c0019ef6                SoundCard::configureRates(int, int, int)
                0x00000000c0019f26                SoundCard::getSamples16(int, short*)
                0x00000000c0019f82                SoundCard::getSamples32(int, int*)
                0x00000000c001a008                SoundCard::addChannel(SoundPort*)
                0x00000000c001a046                SoundCard::removeChannel(int)
 *fill*         0x00000000c001a05a        0x2 
 .text          0x00000000c001a05c      0x38a hal/sound/sndport.32
                0x00000000c001a05c                SoundPort::SoundPort(int, int, int, int)
                0x00000000c001a05c                SoundPort::SoundPort(int, int, int, int)
                0x00000000c001a0e8                SoundPort::~SoundPort()
                0x00000000c001a0e8                SoundPort::~SoundPort()
                0x00000000c001a11c                SoundPort::unpause()
                0x00000000c001a128                SoundPort::pause()
                0x00000000c001a134                SoundPort::getBufferUsed()
                0x00000000c001a13c                SoundPort::getBufferSize()
                0x00000000c001a144                SoundPort::buffer16(short*, int)
                0x00000000c001a1d0                SoundPort::buffer32(int*, int)
                0x00000000c001a25c                SoundPort::unbufferAndAdd16(int, short*, SoundCard*)
                0x00000000c001a328                SoundPort::unbufferAndAdd32(int, int*, SoundCard*)
 .text          0x00000000c001a3e6        0x0 hw/bus/isa.32
 .text          0x00000000c001a3e6      0xbb7 hw/bus/pci.32
                0x00000000c001a3e6                PCI::open(int, int, void*)
                0x00000000c001a404                PCI::close(int, int, void*)
                0x00000000c001a408                PCI::PCI()
                0x00000000c001a408                PCI::PCI()
                0x00000000c001a4a0                PCI::readBAR8(unsigned int, int)
                0x00000000c001a4bc                PCI::readBAR16(unsigned int, int)
                0x00000000c001a4da                PCI::readBAR32(unsigned int, int)
                0x00000000c001a4f6                PCI::writeBAR8(unsigned int, unsigned char, int)
                0x00000000c001a516                PCI::writeBAR16(unsigned int, unsigned short, int)
                0x00000000c001a538                PCI::writeBAR32(unsigned int, unsigned int, int)
                0x00000000c001a558                PCI::legacyMechanism(unsigned char, unsigned char, unsigned char, unsigned char)
                0x00000000c001a5ce                PCI::pciReadWord(unsigned char, unsigned char, unsigned char, unsigned char)
                0x00000000c001a678                PCI::getVendorID(unsigned char, unsigned char, unsigned char)
                0x00000000c001a69c                PCI::getHeaderType(unsigned char, unsigned char, unsigned char)
                0x00000000c001a6c4                PCI::getClassCode(unsigned char, unsigned char, unsigned char)
                0x00000000c001a70e                PCI::getProgIF(unsigned char, unsigned char, unsigned char)
                0x00000000c001a736                PCI::getRevisionID(unsigned char, unsigned char, unsigned char)
                0x00000000c001a75a                PCI::getInterruptNumber(unsigned char, unsigned char, unsigned char)
                0x00000000c001a77e                PCI::getSecondaryBus(unsigned char, unsigned char, unsigned char)
                0x00000000c001a7a6                PCI::getBARAddress(unsigned char, unsigned char, unsigned char, unsigned char)
                0x00000000c001a80a                PCI::pciWriteWord(unsigned char, unsigned char, unsigned char, unsigned char, unsigned short)
                0x00000000c001a8f2                PCI::pciDetailsToFilepath(PCIDeviceInfo, char*)
                0x00000000c001abb8                PCI::checkBus(unsigned char)
                0x00000000c001abdc                PCI::foundDevice(PCIDeviceInfo)
                0x00000000c001ad56                PCI::getDeviceData(unsigned char, unsigned char, unsigned char)
                0x00000000c001aed2                PCI::checkDevice(unsigned char, unsigned char)
                0x00000000c001af44                PCI::detect()
 *fill*         0x00000000c001af9d        0x1 
 .text          0x00000000c001af9e      0xb9a hw/diskctrl/ide.32
                0x00000000c001af9e                IDE::close(int, int, void*)
                0x00000000c001afa2                IDE::IDE()
                0x00000000c001afa2                IDE::IDE()
                0x00000000c001afd6                IDE::prepareInterrupt(unsigned char)
                0x00000000c001afe8                selectDrive(unsigned char, unsigned char)
                0x00000000c001afea                IDE::getBase(unsigned char)
                0x00000000c001affc                IDE::write(unsigned char, unsigned char, unsigned char)
                0x00000000c001b0bc                IDE::read(unsigned char, unsigned char)
                0x00000000c001b16a                IDE::waitInterrupt(unsigned char)
                0x00000000c001b1cc                ideChannel0IRQHandler(regs*, void*)
                0x00000000c001b1e8                ideChannel1IRQHandler(regs*, void*)
                0x00000000c001b204                IDE::enableIRQs(unsigned char, bool)
                0x00000000c001b24e                IDE::open(int, int, void*)
                0x00000000c001b68c                IDE::readBuffer(unsigned char, unsigned char, unsigned int, unsigned int)
                0x00000000c001b75c                IDE::detect()
                0x00000000c001ba2a                IDE::printError(unsigned char, unsigned char, unsigned char)
                0x00000000c001bae4                IDE::polling(unsigned char, unsigned int)
 .text          0x00000000c001bb38      0x32a hw/diskctrl/satabus.32
                0x00000000c001bb38                SATABus::close(int, int, void*)
                0x00000000c001bb3c                SATABus::detect()
                0x00000000c001bb3e                SATABus::SATABus()
                0x00000000c001bb3e                SATABus::SATABus()
                0x00000000c001bbc4                SATABus::findCmdslot(SATABus::tagHBA_PORT volatile*)
                0x00000000c001bbf6                SATABus::checkType(SATABus::tagHBA_PORT volatile*)
                0x00000000c001bc3e                SATABus::startCmd(SATABus::tagHBA_PORT volatile*)
                0x00000000c001bc5e                SATABus::stopCmd(SATABus::tagHBA_PORT volatile*)
                0x00000000c001bc88                SATABus::portRebase(SATABus::tagHBA_PORT volatile*, int)
                0x00000000c001bd98                SATABus::probePort(SATABus::tagHBA_MEM volatile*)
                0x00000000c001be42                SATABus::open(int, int, void*)
 .text          0x00000000c001be62      0x93f hw/diskphys/ata.32
                0x00000000c001be62                ATA::close(int, int, void*)
                0x00000000c001be86                ATA::powerSaving(PowerSavingLevel)
                0x00000000c001be88                ATA::ATA()
                0x00000000c001be88                ATA::ATA()
                0x00000000c001beb6                ATA::flush(bool)
                0x00000000c001bf04                ATA::readyForCommand()
                0x00000000c001bf50                ATA::access(unsigned long long, int, void*, bool)
                0x00000000c001c2e6                ATA::detectCHS()
                0x00000000c001c310                ATA::open(int, int, void*)
                0x00000000c001c3dc                combineCharAndColour(char, unsigned char)
                0x00000000c001c3ed                combineColours(unsigned char, unsigned char)
                0x00000000c001c3fa                ATA::read(unsigned long long, int, void*)
                0x00000000c001c5d0                ATA::write(unsigned long long, int, void*)
 *fill*         0x00000000c001c7a1        0x1 
 .text          0x00000000c001c7a2      0x618 hw/diskphys/atapi.32
                0x00000000c001c7a2                ATAPI::write(unsigned long long, int, void*)
                0x00000000c001c7a8                ATAPI::close(int, int, void*)
                0x00000000c001c7cc                ATAPI::ATAPI()
                0x00000000c001c7cc                ATAPI::ATAPI()
                0x00000000c001c7fa                ATAPI::readyForCommand()
                0x00000000c001c84c                ATAPI::sendPacket(unsigned char*, int, bool, unsigned short*, int)
                0x00000000c001cb14                ATAPI::diskRemoved()
                0x00000000c001cb4e                ATAPI::eject()
                0x00000000c001cb96                ATAPI::diskInserted()
                0x00000000c001cba2                ATAPI::detectMedia()
                0x00000000c001cc60                ATAPI::open(int, int, void*)
                0x00000000c001cd40                ATAPI::read(unsigned long long, int, void*)
 .text          0x00000000c001cdba      0x807 hw/diskphys/sata.32
                0x00000000c001cdba                SATA::close(int, int, void*)
                0x00000000c001cdde                SATA::powerSaving(PowerSavingLevel)
                0x00000000c001cde0                SATA::open(int, int, void*)
                0x00000000c001ce8a                SATA::SATA()
                0x00000000c001ce8a                SATA::SATA()
                0x00000000c001ceb8                SATA::access(unsigned long long, int, void*, bool)
                0x00000000c001d10c                SATA::read(unsigned long long, int, void*)
                0x00000000c001d35c                SATA::write(unsigned long long, int, void*)
 *fill*         0x00000000c001d5c1        0x1 
 .text          0x00000000c001d5c2      0x5d0 hw/diskphys/satapi.32
                0x00000000c001d5c2                SATAPI::write(unsigned long long, int, void*)
                0x00000000c001d5c8                SATAPI::close(int, int, void*)
                0x00000000c001d5ec                SATAPI::SATAPI()
                0x00000000c001d5ec                SATAPI::SATAPI()
                0x00000000c001d61a                SATAPI::diskRemoved()
                0x00000000c001d61c                SATAPI::diskInserted()
                0x00000000c001d638                SATAPI::sendPacket(unsigned char*, int, unsigned long long, unsigned short*, int)
                0x00000000c001d916                SATAPI::eject()
                0x00000000c001d952                SATAPI::detectMedia()
                0x00000000c001d9a8                SATAPI::open(int, int, void*)
                0x00000000c001daa8                SATAPI::read(unsigned long long, int, void*)
 .text          0x00000000c001db92      0x45b hw/intctrl/apic.32
                0x00000000c001db92                IOAPIC::close(int, int, void*)
                0x00000000c001db98                apicGetBase()
                0x00000000c001dbde                IOAPIC::IOAPIC()
                0x00000000c001dbde                IOAPIC::IOAPIC()
                0x00000000c001dc06                apicOpen()
                0x00000000c001dd82                IOAPIC::handlesGSIWithNumber(unsigned int)
                0x00000000c001ddb4                IOAPIC::read(int)
                0x00000000c001dddc                IOAPIC::open(int, int, void*)
                0x00000000c001dec2                IOAPIC::write(int, int)
                0x00000000c001deee                IOAPIC::redirect(unsigned char, unsigned long long, unsigned char, bool, bool)
 *fill*         0x00000000c001dfed        0x3 
 .text          0x00000000c001dff0       0xf0 hw/timer/apictimer.32
                0x00000000c001dff0                APICTimer::close(int, int, void*)
                0x00000000c001dff8                apicTimerHandler(regs*, void*)
                0x00000000c001e020                APICTimer::open(int, int, void*)
                0x00000000c001e090                APICTimer::write(int)
                0x00000000c001e0b8                APICTimer::APICTimer()
                0x00000000c001e0b8                APICTimer::APICTimer()
 .text          0x00000000c001e0e0      0x1ad hw/timer/pit.32
                0x00000000c001e0e0                PIT::write(int)
                0x00000000c001e164                pitHandler(regs*, void*)
                0x00000000c001e18c                PIT::open(int, int, void*)
                0x00000000c001e1dc                PIT::close(int, int, void*)
                0x00000000c001e20c                PIT::PIT()
                0x00000000c001e20c                PIT::PIT()
 *fill*         0x00000000c001e28d        0x3 
 .text          0x00000000c001e290       0x83 arch/i386/avx.32
                0x00000000c001e290                avxDetect
                0x00000000c001e2ba                avxSave
                0x00000000c001e2cb                avxLoad
                0x00000000c001e2dc                avxInit
                0x00000000c001e2fe                avxClose
                0x00000000c001e2ff                wouldSheSayYes
 *fill*         0x00000000c001e313        0xd 
 .text          0x00000000c001e320      0x2ec arch/i386/interrupt.32
                0x00000000c001e320                isr0
                0x00000000c001e330                isr1
                0x00000000c001e33a                isr2
                0x00000000c001e344                isr3
                0x00000000c001e34e                isr4
                0x00000000c001e358                isr5
                0x00000000c001e362                isr6
                0x00000000c001e36c                isr7
                0x00000000c001e376                isr8
                0x00000000c001e37e                isr9
                0x00000000c001e388                isr10
                0x00000000c001e390                isr11
                0x00000000c001e398                isr12
                0x00000000c001e3a0                isr13
                0x00000000c001e3ba                isr14
                0x00000000c001e3c2                isr15
                0x00000000c001e3cc                isr16
                0x00000000c001e3d6                isr17
                0x00000000c001e3e0                isr18
                0x00000000c001e3ea                irq3
                0x00000000c001e3f4                irq4
                0x00000000c001e3fe                irq5
                0x00000000c001e408                irq6
                0x00000000c001e412                irq7
                0x00000000c001e41c                irq8
                0x00000000c001e426                irq9
                0x00000000c001e430                irq10
                0x00000000c001e43a                irq11
                0x00000000c001e444                irq12
                0x00000000c001e44e                irq13
                0x00000000c001e458                irq14
                0x00000000c001e462                irq15
                0x00000000c001e46c                irq1
                0x00000000c001e473                irq2
                0x00000000c001e47a                isr96
                0x00000000c001e481                irq0
                0x00000000c001e486                int_common_stub
                0x00000000c001e4b8                syscall_common_stub
                0x00000000c001e5bc                irq16
                0x00000000c001e5c6                irq17
                0x00000000c001e5d0                irq18
                0x00000000c001e5da                irq19
                0x00000000c001e5e4                irq20
                0x00000000c001e5ee                irq21
                0x00000000c001e5f8                irq22
                0x00000000c001e602                irq23
 *fill*         0x00000000c001e60c        0x4 
 .text          0x00000000c001e610       0x10 arch/i386/rdrand.32
                0x00000000c001e610                i386GetRDRAND
 .text          0x00000000c001e620       0x39 arch/i386/sse.32
                0x00000000c001e620                absolutelyNoChanceInHell
                0x00000000c001e620                sseDetect
                0x00000000c001e638                sseSave
                0x00000000c001e640                sseLoad
                0x00000000c001e648                sseInit
                0x00000000c001e658                sseClose
 *fill*         0x00000000c001e659        0x7 
 .text          0x00000000c001e660       0x49 arch/i386/x87.32
                0x00000000c001e666                x87Detect
                0x00000000c001e681                x87Save
                0x00000000c001e688                x87Load
                0x00000000c001e68f                x87Init
                0x00000000c001e6a8                x87Close
 *fill*         0x00000000c001e6a9        0x3 
 .text          0x00000000c001e6ac       0x25 /cygdrive/d/Users/Alex/Desktop/Toolchain/Output/bin/../lib/gcc/i386-banana/8.1.0/crtend.o
 .text          0x00000000c001e6d1        0x0 crtn.32
 *fill*         0x00000000c001e6d1        0x3 
 .text          0x00000000c001e6d4      0x14b /cygdrive/d/Users/Alex/Desktop/Toolchain/Output/bin/../lib/gcc/i386-banana/8.1.0/libkgcc.a(_divdi3.o)
                0x00000000c001e6d4                __divdi3
 *fill*         0x00000000c001e81f        0x1 