Archive member included to satisfy reference by file (symbol)

/cygdrive/d/Users/Alex/Desktop/Toolchain/Output/bin/../lib/gcc/i386-banana/8.1.0/libkgcc.a(_divdi3.o)
                              fs/fat/ff.32 (__divdi3)
/cygdrive/d/Users/Alex/Desktop/Toolchain/Output/bin/../lib/gcc/i386-banana/8.1.0/libkgcc.a(_moddi3.o)
                              compat/resolve.32 (__moddi3)
/cygdrive/d/Users/Alex/Desktop/Toolchain/Output/bin/../lib/gcc/i386-banana/8.1.0/libkgcc.a(_udivdi3.o)
                              fs/fat/ff.32 (__udivdi3)
/cygdrive/d/Users/Alex/Desktop/Toolchain/Output/bin/../lib/gcc/i386-banana/8.1.0/libkgcc.a(_umoddi3.o)
                              compat/resolve.32 (__umoddi3)
D:/Users/Alex/Desktop/Banana/kernel/libsoftfp.a(sfieeelib.o)
                              hal/sound/sndhw.32 (__addsf3)
D:/Users/Alex/Desktop/Banana/kernel/libsoftfp.a(dfieeelib.o)
                              hal/libresample/src_linear.32 (__adddf3)
D:/Users/Alex/Desktop/Banana/kernel/libsoftfp.a(sfdfcvt.o)
                              hal/libresample/samplerate.32 (__truncdfsf2)
D:/Users/Alex/Desktop/Banana/kernel/libk/libm32.a(s_fabs.c.o)
                              hal/libresample/samplerate.32 (fabs)
D:/Users/Alex/Desktop/Banana/kernel/libk/libm32.a(s_lrint.S.o)
                              hal/libresample/samplerate.32 (lrint)
D:/Users/Alex/Desktop/Banana/kernel/libk/libm32.a(s_lrintf.S.o)
                              hal/sound/sndhw.32 (lrintf)

Discarded input sections

 .comment       0x0000000000000000       0x12 /cygdrive/d/Users/Alex/Desktop/Toolchain/Output/bin/../lib/gcc/i386-banana/8.1.0/crtbegin.o
 .comment       0x0000000000000000       0x12 acpica/utclib.32
 .comment       0x0000000000000000       0x12 core/malloc.32
 .comment       0x0000000000000000       0x12 libk/string.32
 .comment       0x0000000000000000       0x12 fs/fat/diskio.32
 .comment       0x0000000000000000       0x12 fs/fat/ff.32
 .comment       0x0000000000000000       0x12 fs/fat/ffsystem.32
 .comment       0x0000000000000000       0x12 fs/fat/ffunicode.32
 .comment       0x0000000000000000       0x12 hal/libresample/samplerate.32
 .comment       0x0000000000000000       0x12 hal/libresample/src_linear.32
 .comment       0x0000000000000000       0x12 hal/libresample/src_sinc.32
 .comment       0x0000000000000000       0x12 hal/libresample/src_zoh.32
 .comment       0x0000000000000000       0x12 compat/inlines.32
 .comment       0x0000000000000000       0x12 compat/resolve.32
 .group         0x0000000000000000       0x14 core/computer.32
 .group         0x0000000000000000        0xc core/computer.32
 .comment       0x0000000000000000       0x12 core/computer.32
 .comment       0x0000000000000000       0x12 core/gdt.32
 .group         0x0000000000000000        0xc core/idle.32
 .comment       0x0000000000000000       0x12 core/idle.32
 .comment       0x0000000000000000       0x12 core/idt.32
 .comment       0x0000000000000000       0x12 core/kheap.32
 .comment       0x0000000000000000       0x12 core/main.32
 .comment       0x0000000000000000       0x12 core/physmgr.32
 .group         0x0000000000000000        0xc core/pipe.32
 .comment       0x0000000000000000       0x12 core/pipe.32
 .group         0x0000000000000000        0xc core/terminal.32
 .comment       0x0000000000000000       0x12 core/terminal.32
 .comment       0x0000000000000000       0x12 core/tss.32
 .group         0x0000000000000000        0x8 core/unixfile.32
 .group         0x0000000000000000        0xc core/unixfile.32
 .group         0x0000000000000000        0xc core/unixfile.32
 .group         0x0000000000000000        0x8 core/unixfile.32
 .group         0x0000000000000000        0xc core/unixfile.32
 .group         0x0000000000000000        0x8 core/unixfile.32
 .group         0x0000000000000000        0xc core/unixfile.32
 .group         0x0000000000000000        0xc core/unixfile.32
 .comment       0x0000000000000000       0x12 core/unixfile.32
 .comment       0x0000000000000000       0x12 core/virtmgr.32
 .comment       0x0000000000000000       0x12 coreobjs/c++.32
 .comment       0x0000000000000000       0x12 dbg/kconsole.32
 .group         0x0000000000000000        0xc fs/vfs.32
 .group         0x0000000000000000        0xc fs/vfs.32
 .group         0x0000000000000000        0xc fs/vfs.32
 .comment       0x0000000000000000       0x12 fs/vfs.32
 .group         0x0000000000000000        0xc hal/bus.32
 .comment       0x0000000000000000       0x12 hal/bus.32
 .group         0x0000000000000000        0xc hal/buzzer.32
 .comment       0x0000000000000000       0x12 hal/buzzer.32
 .group         0x0000000000000000        0xc hal/clock.32
 .comment       0x0000000000000000       0x12 hal/clock.32
 .group         0x0000000000000000       0x14 hal/device.32
 .group         0x0000000000000000        0xc hal/device.32
 .group         0x0000000000000000        0xc hal/device.32
 .group         0x0000000000000000        0xc hal/device.32
[...]
Memory Configuration

Name             Origin             Length             Attributes
*default*        0x0000000000000000 0xffffffffffffffff

Linker script and memory map

LOAD D:/Users/Alex/Desktop/Banana/kernel/boot.32
LOAD crti.32
LOAD /cygdrive/d/Users/Alex/Desktop/Toolchain/Output/bin/../lib/gcc/i386-banana/8.1.0/crtbegin.o
LOAD D:/Users/Alex/Desktop/Banana/kernel/morenasm.32
LOAD acpica/utclib.32
LOAD core/malloc.32
LOAD libk/string.32
LOAD fs/fat/diskio.32
LOAD fs/fat/ff.32
LOAD fs/fat/ffsystem.32
LOAD fs/fat/ffunicode.32
LOAD hal/libresample/samplerate.32
LOAD hal/libresample/src_linear.32
LOAD hal/libresample/src_sinc.32
LOAD hal/libresample/src_zoh.32
LOAD compat/inlines.32
LOAD compat/resolve.32
LOAD core/computer.32
LOAD core/gdt.32
LOAD core/idle.32
LOAD core/idt.32
LOAD core/kheap.32
LOAD core/main.32
LOAD core/physmgr.32
LOAD core/pipe.32
LOAD core/terminal.32
LOAD core/tss.32
LOAD core/unixfile.32
LOAD core/virtmgr.32
LOAD coreobjs/c++.32
LOAD dbg/kconsole.32
LOAD fs/vfs.32
LOAD hal/bus.32
LOAD hal/buzzer.32
LOAD hal/clock.32
LOAD hal/device.32
LOAD hal/diskctrl.32
LOAD hal/diskphys.32
LOAD hal/fpu.32
LOAD hal/intctrl.32
LOAD hal/keybrd.32
LOAD hal/logidisk.32
LOAD hal/mouse.32
LOAD hal/partition.32
LOAD hal/serial.32
LOAD hal/timer.32
LOAD hal/vcache.32
LOAD hal/video.32
LOAD hw/acpi.32
LOAD hw/cpu.32
LOAD hw/ports.32
LOAD hw/smp.32
LOAD krnl/env.32
LOAD krnl/panic.32
LOAD net/ethernet.32
LOAD reg/registry.32
LOAD sys/sc_eject.32
LOAD sys/sc_exit.32
LOAD sys/sc_getcwd.32
LOAD sys/sc_getpid.32
LOAD sys/sc_getramdata.32
LOAD sys/sc_loaddll.32
LOAD sys/sc_read.32
LOAD sys/sc_sbrk.32
LOAD sys/sc_setcwd.32
LOAD sys/sc_settime.32
LOAD sys/sc_timezone.32
LOAD sys/sc_write.32
LOAD sys/sc_wsbe.32
LOAD sys/sc_yield.32
LOAD sys/syscalls.32
LOAD thr/elf.32
LOAD thr/prcssthr.32
LOAD vm86/vm8086.32
LOAD vm86/x87em.32
LOAD fs/fat/vfslink.32
LOAD fs/iso9660/vfslink.32
LOAD hal/sound/sndchannel.32
LOAD hal/sound/sndhw.32
LOAD hw/bus/isa.32
LOAD hw/bus/pci.32
LOAD hw/diskctrl/ide.32
LOAD hw/diskctrl/satabus.32
LOAD hw/diskphys/ata.32
LOAD hw/diskphys/atapi.32
LOAD hw/diskphys/sata.32
LOAD hw/diskphys/satapi.32
LOAD hw/fpu/avx.32
LOAD hw/fpu/mmx.32
LOAD hw/fpu/sse.32
LOAD hw/fpu/x87.32
LOAD hw/intctrl/apic.32
LOAD hw/intctrl/pic.32
LOAD hw/timer/apictimer.32
LOAD hw/timer/pit.32
LOAD hw/fpu/x86/avx.32
LOAD hw/fpu/x86/sse.32
LOAD hw/fpu/x86/x87.32
LOAD /cygdrive/d/Users/Alex/Desktop/Toolchain/Output/bin/../lib/gcc/i386-banana/8.1.0/crtend.o
LOAD crtn.32
LOAD /cygdrive/d/Users/Alex/Desktop/Toolchain/Output/bin/../lib/gcc/i386-banana/8.1.0/libkgcc.a
LOAD D:/Users/Alex/Desktop/Banana/kernel/libsoftfp.a
LOAD D:/Users/Alex/Desktop/Banana/kernel/libk/libm32.a
                0x00000000c0000000                . = 0xc0000000

.text           0x00000000c0000000    0x28638
 *(.text)
 .text          0x00000000c0000000       0x41 D:/Users/Alex/Desktop/Banana/kernel/boot.32
                0x00000000c0000020                callGlobalConstructors
 .text          0x00000000c0000041        0x0 crti.32
 *fill*         0x00000000c0000041        0x3 
 .text          0x00000000c0000044      0x101 /cygdrive/d/Users/Alex/Desktop/Toolchain/Output/bin/../lib/gcc/i386-banana/8.1.0/crtbegin.o
 *fill*         0x00000000c0000145        0xb 
 .text          0x00000000c0000150      0x4ed D:/Users/Alex/Desktop/Banana/kernel/morenasm.32
                0x00000000c0000150                manualPCIProbe
                0x00000000c000019b                prepareTramp
                0x00000000c00001b4                voodooXADD
                0x00000000c000027f                doTPAUSE
                0x00000000c0000289                hasLegacyFPU
                0x00000000c00002ae                is486
                0x00000000c00002e4                detectCPUID
                0x00000000c00002fa                goToVM86
                0x00000000c000032a                goToUsermode
                0x00000000c0000354                switchToThreadASMFirstTime
                0x00000000c0000362                switchToThreadASM
                0x00000000c00003ea                asmQuickAcquireLock
                0x00000000c0000408                asmQuickReleaseLock
                0x00000000c0000414                asmAcquireLock
                0x00000000c0000435                asmReleaseLock
                0x00000000c0000448                loadGDT
                0x00000000c0000468                isr0
                0x00000000c0000478                isr1
                0x00000000c0000482                isr2
                0x00000000c000048c                isr3
                0x00000000c0000496                isr4
                0x00000000c00004a0                isr5
                0x00000000c00004aa                isr6
                0x00000000c00004b4                isr7
                0x00000000c00004be                isr8
                0x00000000c00004c6                isr9
                0x00000000c00004d0                isr10
                0x00000000c00004d8                isr11
                0x00000000c00004e0                isr12
                0x00000000c00004e8                isr13
                0x00000000c00004f0                isr14
                0x00000000c00004f8                isr15
                0x00000000c0000502                isr16
                0x00000000c000050c                isr17
                0x00000000c0000516                isr18
                0x00000000c0000520                irq3
                0x00000000c000052a                irq4
                0x00000000c0000534                irq5
                0x00000000c000053e                irq6
                0x00000000c0000548                irq7
                0x00000000c0000552                irq8
                0x00000000c000055c                irq9
                0x00000000c0000566                irq10
                0x00000000c0000570                irq11
                0x00000000c000057a                irq12
                0x00000000c0000584                irq13
                0x00000000c000058e                irq14
                0x00000000c0000598                irq15
                0x00000000c00005a2                irq1
                0x00000000c00005a9                irq2
                0x00000000c00005b0                isr96
                0x00000000c00005b7                irq0
                0x00000000c00005bc                int_common_stub
                0x00000000c00005bc                syscall_common_stub
                0x00000000c00005ed                irq16
                0x00000000c00005f7                irq17
                0x00000000c0000601                irq18
                0x00000000c000060b                irq19
                0x00000000c0000615                irq20
                0x00000000c000061f                irq21
                0x00000000c0000629                irq22
                0x00000000c0000633                irq23
 *fill*         0x00000000c000063d        0x3 
 .text          0x00000000c0000640      0x611 acpica/utclib.32
                0x00000000c0000640                memcmp
                0x00000000c000067c                memmove
                0x00000000c0000744                memcpy
                0x00000000c0000778                memset
                0x00000000c0000794                strlen
                0x00000000c00007ac                strpbrk
                0x00000000c00007e8                strtok
                0x00000000c0000834                strcpy
                0x00000000c0000858                strncpy
                0x00000000c00008c0                strcmp
                0x00000000c0000900                strchr
                0x00000000c0000924                strncmp
                0x00000000c0000974                strcat
                0x00000000c00009a4                strncat
                0x00000000c00009e0                strstr
                0x00000000c0000a28                toupper
                0x00000000c0000a3c                tolower
                0x00000000c0000a50                simple_strtoul
 .text          0x00000000c0000c51      0xfbf core/malloc.32
                0x00000000c0000dbc                dlfree
                0x00000000c0001117                dlmalloc
                0x00000000c0001654                dlrealloc
                0x00000000c0001809                dlmemalign
                0x00000000c000192c                dlcalloc
                0x00000000c00019c6                dlcfree
                0x00000000c00019cb                dlindependent_calloc
                0x00000000c00019f0                dlindependent_comalloc
                0x00000000c0001a07                dlvalloc
                0x00000000c0001a32                dlpvalloc
                0x00000000c0001a68                dlmalloc_trim
                0x00000000c0001a75                dlmalloc_usable_size
                0x00000000c0001aa6                dlmallinfo
                0x00000000c0001b75                dlmalloc_stats
                0x00000000c0001b86                dlmallopt
 .text          0x00000000c0001c10        0x0 libk/string.32
 .text          0x00000000c0001c10       0x51 fs/fat/diskio.32
                0x00000000c0001c10                disk_status
                0x00000000c0001c13                disk_initialize
                0x00000000c0001c16                disk_read
                0x00000000c0001c2c                disk_write
                0x00000000c0001c42                disk_ioctl
 .text          0x00000000c0001c61     0x6833 fs/fat/ff.32
                0x00000000c0004f2f                f_mount
                0x00000000c0004f91                f_open
                0x00000000c00053cd                f_read
                0x00000000c000564d                f_write
                0x00000000c0005907                f_sync
                0x00000000c0005ae3                f_close
                0x00000000c0005b12                f_lseek
                0x00000000c0005fc9                f_opendir
                0x00000000c00060cb                f_closedir
                0x00000000c00060ed                f_readdir
                0x00000000c0006188                f_stat
                0x00000000c0006217                f_getfree
                0x00000000c00063e2                f_truncate
                0x00000000c00064da                f_unlink
                0x00000000c000665d                f_mkdir
                0x00000000c0006889                f_rename
                0x00000000c0006b7c                f_chmod
                0x00000000c0006c5a                f_utime
                0x00000000c0006d38                f_getlabel
                0x00000000c0006f26                f_setlabel
                0x00000000c0007193                f_forward
                0x00000000c0007371                f_mkfs
 .text          0x00000000c0008494       0x2d fs/fat/ffsystem.32
                0x00000000c0008494                ff_memalloc
                0x00000000c00084aa                ff_memfree
 .text          0x00000000c00084c1      0x253 fs/fat/ffunicode.32
                0x00000000c00084c1                ff_uni2oem
                0x00000000c0008551                ff_oem2uni
                0x00000000c00085bd                ff_wtoupper
 .text          0x00000000c0008714      0x8fb hal/libresample/samplerate.32
                0x00000000c0008758                src_delete
                0x00000000c0008794                src_process
                0x00000000c000894a                src_callback_read
                0x00000000c0008ac7                src_set_ratio
                0x00000000c0008b31                src_get_channels
                0x00000000c0008b53                src_reset
                0x00000000c0008b9f                src_new
                0x00000000c0008c2d                src_callback_new
                0x00000000c0008c8f                src_get_name
                0x00000000c0008cc6                src_get_description
                0x00000000c0008cfd                src_get_version
                0x00000000c0008d03                src_is_valid_ratio
                0x00000000c0008d57                src_error
                0x00000000c0008d65                src_strerror
                0x00000000c0008d78                src_simple
                0x00000000c0008dcb                src_short_to_float_array
                0x00000000c0008e30                src_float_to_short_array
                0x00000000c0008eef                src_int_to_float_array
                0x00000000c0008f52                src_float_to_int_array
 .text          0x00000000c000900f      0x8cb hal/libresample/src_linear.32
                0x00000000c0009835                linear_get_name
                0x00000000c0009844                linear_get_description
                0x00000000c0009853                linear_set_converter
 .text          0x00000000c00098da     0x447c hal/libresample/src_sinc.32
                0x00000000c000dc6d                sinc_get_name
                0x00000000c000dc80                sinc_get_description
                0x00000000c000dc93                sinc_set_converter
 .text          0x00000000c000dd56      0x77c hal/libresample/src_zoh.32
                0x00000000c000e42d                zoh_get_name
                0x00000000c000e43c                zoh_get_description
                0x00000000c000e44b                zoh_set_converter
 .text          0x00000000c000e4d2       0x23 compat/inlines.32
                0x00000000c000e4d2                CPU::current()
                0x00000000c000e4df                operator new(unsigned long)
 .text          0x00000000c000e4f5      0x111 compat/resolve.32
                0x00000000c000e4f5                Krnl::resolveCompatibilitySymbol(char*)
 .text          0x00000000c000e606      0xa17 core/computer.32
                0x00000000c000e606                Computer::close(int, int, void*)
                0x00000000c000e64a                Krnl::firstTask()
                0x00000000c000e73a                Computer::Computer()
                0x00000000c000e73a                Computer::Computer()
                0x00000000c000e896                Computer::setBootMessage(char const*)
                0x00000000c000e898                Computer::detectFeatures()
                0x00000000c000eaa2                Computer::displayFeatures()
                0x00000000c000ede8                Computer::rdmsr(unsigned int)
                0x00000000c000ee14                Computer::wrmsr(unsigned int, unsigned long long)
                0x00000000c000ee4c                Computer::nmiEnabled()
                0x00000000c000ee58                Computer::readCMOS(unsigned char)
                0x00000000c000ee72                Computer::enableNMI(bool)
                0x00000000c000ee8a                Computer::open(int, int, void*)
                0x00000000c000ef60                Computer::disableNMI()
                0x00000000c000ef6e                Computer::writeCMOS(unsigned char, unsigned char)
                0x00000000c000ef8c                Computer::handleNMI()
                0x00000000c000eff2                Computer::setDiskActivityLight(int, bool)
 *fill*         0x00000000c000f01d        0x1 
 .text          0x00000000c000f01e      0x1b7 core/gdt.32
                0x00000000c000f01e                GDTEntry::setBase(unsigned int)
                0x00000000c000f03a                GDTEntry::setLimit(unsigned int)
                0x00000000c000f058                GDT::GDT()
                0x00000000c000f058                GDT::GDT()
                0x00000000c000f06e                GDT::addEntry(GDTEntry)
                0x00000000c000f0aa                GDT::getNumberOfEntries()
                0x00000000c000f0b2                GDT::flush()
                0x00000000c000f0d4                GDT::setup()
 .text          0x00000000c000f1d5       0x62 core/idle.32
                0x00000000c000f1d5                idleFunction(void*)
 *fill*         0x00000000c000f237        0x1 
 .text          0x00000000c000f238      0x45f core/idt.32
                0x00000000c000f238                IDTEntry::IDTEntry(bool)
                0x00000000c000f238                IDTEntry::IDTEntry(bool)
                0x00000000c000f2a6                IDTEntry::setOffset(unsigned int)
                0x00000000c000f2ba                IDT::IDT()
                0x00000000c000f2ba                IDT::IDT()
                0x00000000c000f2bc                IDT::getPointerToInvalidOpcodeEntryForF00F()
                0x00000000c000f2c4                IDT::addEntry(IDTEntry, int)
                0x00000000c000f2de                IDT::addEntry(int, void (*)(), bool)
                0x00000000c000f316                IDT::flush()
                0x00000000c000f330                IDT::setup()
 .text          0x00000000c000f697      0x203 core/kheap.32
                0x00000000c000f697                sbrk
                0x00000000c000f7a5                mmap
                0x00000000c000f7bb                munmap
                0x00000000c000f7d1                liballoc_lock()
                0x00000000c000f7e2                liballoc_unlock()
                0x00000000c000f7f3                liballoc_alloc(int)
                0x00000000c000f80e                liballoc_free(void*, int)
                0x00000000c000f82c                realloc
                0x00000000c000f840                malloc
                0x00000000c000f850                free
                0x00000000c000f860                rfree
                0x00000000c000f870                calloc
 .text          0x00000000c000f89a      0x485 core/main.32
                0x00000000c000f89a                hwTextMode_loadInData(VgaText*)
                0x00000000c000f8e5                hwTextMode_loadInTitle(VgaText*, char*)
                0x00000000c000f963                hwTextMode_showCursor(VgaText*, bool)
                0x00000000c000f9c1                hwTextMode_update(VgaText*)
                0x00000000c000f9c2                hwTextMode_updateCursor(VgaText*)
                0x00000000c000fa13                hwTextMode_disableBlink(VgaText*, bool)
                0x00000000c000fa59                hwTextMode_scrollScreen(VgaText*)
                0x00000000c000fb06                hwTextMode_writeCharacter(VgaText*, char, VgaColour, VgaColour, int, int)
                0x00000000c000fb88                setupTextMode()
                0x00000000c000fbf8                kernel_main
 .text          0x00000000c000fd1f      0x5c8 core/physmgr.32
                0x00000000c000fd1f                Phys::allocateDMA(unsigned long)
                0x00000000c000fdc2                Phys::freeDMA(unsigned long, unsigned long)
                0x00000000c000fe0a                Phys::setPageState(unsigned long, bool)
                0x00000000c000fe3c                Phys::getPageState(unsigned long)
                0x00000000c000fe58                Phys::freePage(unsigned long)
                0x00000000c000fee2                Phys::allocatePage()
                0x00000000c0010025                Phys::allocateContiguousPages(int)
                0x00000000c001007f                Phys::allowSegmentToBeUsed(unsigned long, unsigned long)
                0x00000000c00100b7                Phys::physicalMemorySetup(unsigned int)
 *fill*         0x00000000c00102e7        0x1 
 .text          0x00000000c00102e8      0x273 core/pipe.32
                0x00000000c00102e8                Pipe::isAtty()
                0x00000000c00102ec                Pipe::~Pipe()
                0x00000000c00102ec                Pipe::~Pipe()
                0x00000000c0010310                Pipe::~Pipe()
                0x00000000c0010338                Pipe::read(unsigned long long, void*, int*)
                0x00000000c001042c                Pipe::write(unsigned long long, void*, int*)
                0x00000000c00104f4                Pipe::Pipe(int)
                0x00000000c00104f4                Pipe::Pipe(int)
 *fill*         0x00000000c001055b        0x1 
 .text          0x00000000c001055c      0xf73 core/terminal.32
                0x00000000c001055c                VgaText::isAtty()
                0x00000000c0010560                VgaText::~VgaText()
                0x00000000c0010560                VgaText::~VgaText()
                0x00000000c0010584                VgaText::~VgaText()
                0x00000000c00105ae                VgaText::read(unsigned long long, void*, int*)
                0x00000000c00105ce                setTerminalScrollLock(bool)
                0x00000000c00105cf                addToTerminalCycle(VgaText*)
                0x00000000c00105fc                installVgaTextImplementation()
                0x00000000c0010611                scrollTerminalScrollLock(int)
                0x00000000c0010612                VgaText::load()
                0x00000000c0010666                VgaText::updateCursor()
                0x00000000c0010680                VgaText::showCursor(bool)
                0x00000000c0010690                VgaText::disableBlink(bool)
                0x00000000c00106ca                VgaText::doANSI_SGR(int)
                0x00000000c0010756                VgaText::setDefaultBgColour(VgaColour)
                0x00000000c001076c                VgaText::setDefaultFgColour(VgaColour)
                0x00000000c0010782                VgaText::setDefaultColours(VgaColour, VgaColour)
                0x00000000c00107a2                VgaText::combineColours(unsigned char, unsigned char)
                0x00000000c00107b4                VgaText::scrollScreen()
                0x00000000c0010848                VgaText::combineCharAndColour(char, unsigned char)
                0x00000000c001085a                VgaText::writeCharacter(char, VgaColour, VgaColour, int, int)
                0x00000000c00108ba                VgaText::getCursorX()
                0x00000000c00108c6                VgaText::getCursorY()
                0x00000000c00108d2                VgaText::setCursor(int, int)
                0x00000000c00108f0                VgaText::setCursorX(int)
                0x00000000c001090c                VgaText::setCursorY(int)
                0x00000000c0010928                VgaText::incrementCursor(bool)
                0x00000000c0010990                VgaText::updateRAMUsageDisplay(int)
                0x00000000c00109f4                VgaText::updateDiskUsage()
                0x00000000c0010b5e                VgaText::updateTitle()
                0x00000000c0010ba4                VgaText::setTitleTextColour(VgaColour)
                0x00000000c0010bb4                VgaText::setTitleColour(VgaColour)
                0x00000000c0010bc4                VgaText::setTitle(char*)
                0x00000000c0010bea                VgaText::decrementCursor(bool)
                0x00000000c0010c12                VgaText::putchar(char, VgaColour, VgaColour)
                0x00000000c0010d0e                VgaText::isShowingCursor()
                0x00000000c0010d1a                VgaText::isBlinkDisabled()
                0x00000000c0010d28                VgaText::setCursorHeight(int)
                0x00000000c0010d46                VgaText::getCursorHeight()
                0x00000000c0010d51                setActiveTerminal(VgaText*)
                0x00000000c0010e03                doTerminalCycle()
                0x00000000c0010e20                VgaText::doUpdate()
                0x00000000c0010e32                VgaText::puts(char const*, VgaColour, VgaColour)
                0x00000000c0010ff2                VgaText::clearScreen()
                0x00000000c0011056                VgaText::putchar(char)
                0x00000000c0011170                VgaText::puts(char const*)
                0x00000000c0011196                VgaText::putx(unsigned int)
                0x00000000c00111dc                VgaText::VgaText(char const*)
                0x00000000c00111dc                VgaText::VgaText(char const*)
                0x00000000c001136e                VgaText::receiveKey(unsigned char)
                0x00000000c0011456                VgaText::write(unsigned long long, void*, int*)
                0x00000000c00114aa                newTerminal(char*)
 *fill*         0x00000000c00114cf        0x1 
 .text          0x00000000c00114d0      0x1b3 core/tss.32
                0x00000000c00114d0                TSS::TSS()
                0x00000000c00114d0                TSS::TSS()
                0x00000000c00114de                TSS::setESP(unsigned long)
                0x00000000c00114f0                TSS::flush()
                0x00000000c0011510                TSS::setup(unsigned long, unsigned long)
 *fill*         0x00000000c0011683        0x1 
 .text          0x00000000c0011684      0x4c2 core/unixfile.32
                0x00000000c0011684                ReservedFilename::read(unsigned long long, void*, int*)
                0x00000000c00116da                ReservedFilename::isAtty()
                0x00000000c00116f6                ReservedFilename::write(unsigned long long, void*, int*)
                0x00000000c0011754                UnixFile::getFileDescriptor()
                0x00000000c001175c                UnixFile::UnixFile(int)
                0x00000000c001175c                UnixFile::UnixFile(int)
                0x00000000c001190c                ReservedFilename::ReservedFilename(int)
                0x00000000c001190c                ReservedFilename::ReservedFilename(int)
                0x00000000c001193e                UnixFile::~UnixFile()
                0x00000000c001193e                UnixFile::~UnixFile()
                0x00000000c00119d6                UnixFile::~UnixFile()
                0x00000000c00119fe                ReservedFilename::~ReservedFilename()
                0x00000000c00119fe                ReservedFilename::~ReservedFilename()
                0x00000000c0011a22                ReservedFilename::~ReservedFilename()
                0x00000000c0011a49                getFromFileDescriptor(int)
 .text          0x00000000c0011b46     0x129a core/virtmgr.32
                0x00000000c0011b46                Virt::setPageState(unsigned long, Virt::VirtPageState)
                0x00000000c0011b7b                Virt::getPageState(unsigned long)
                0x00000000c0011b9f                Virt::allocateKernelVirtualPages(int)
                0x00000000c0011cb0                Virt::freeSwapfilePage(unsigned long)
                0x00000000c0011cce                Virt::swapIDToSector(unsigned long)
                0x00000000c0011ce0                Virt::allocateSwapfilePage()
                0x00000000c0011d5e                Virt::virtualMemorySetup()
                0x00000000c0011ddd                Virt::swappingSetup()
                0x00000000c0011e3a                Virt::getAKernelVAS()
                0x00000000c0011e40                Virt::setupPageSwapping(int)
                0x00000000c0011f70                VAS::VAS()
                0x00000000c0011f70                VAS::VAS()
                0x00000000c0011fa0                VAS::VAS(VAS*)
                0x00000000c0011fa0                VAS::VAS(VAS*)
                0x00000000c0011fc4                VAS::getForeignPageTableEntry(bool, unsigned long)
                0x00000000c0011ff0                VAS::getPageTableEntry(unsigned long)
                0x00000000c001200f                Virt::freeKernelVirtualPages(unsigned long)
                0x00000000c0012132                VAS::freeAllocatedPages(unsigned long)
                0x00000000c0012156                VAS::virtualToPhysical(unsigned long)
                0x00000000c001216e                VAS::reflagRange(unsigned long, int, int, int)
                0x00000000c00121ae                VAS::setToWriteCombining(unsigned long, int)
                0x00000000c00121e0                VAS::mapOtherVASIn(bool, VAS*)
                0x00000000c001220a                VAS::~VAS()
                0x00000000c001220a                VAS::~VAS()
                0x00000000c0012376                VAS::mapPage(unsigned long, unsigned long, int)
                0x00000000c0012476                VAS::allocatePages(int, int)
                0x00000000c001264e                VAS::setCPUSpecific(unsigned long)
                0x00000000c001266a                VAS::mapRange(unsigned long, unsigned long, int, int)
                0x00000000c0012730                VAS::mapForeignPage(bool, VAS*, unsigned long, unsigned long, int)
                0x00000000c001281e                VAS::VAS(bool)
                0x00000000c001281e                VAS::VAS(bool)
                0x00000000c0012a7a                VAS::evict(unsigned long)
                0x00000000c0012b32                VAS::scanForEviction(int, int)
                0x00000000c0012bd4                VAS::tryLoadBackOffDisk(unsigned long)
                0x00000000c0012d24                mapVASFirstTime
 .text          0x00000000c0012de0       0x95 coreobjs/c++.32
                0x00000000c0012de0                __cxa_atexit
                0x00000000c0012de3                __cxa_finalize
                0x00000000c0012de4                __stack_chk_fail
                0x00000000c0012e50                __cxa_pure_virtual
                0x00000000c0012e61                operator new[](unsigned long)
                0x00000000c0012e66                operator delete(void*, unsigned long)
                0x00000000c0012e6b                operator delete[](void*)
                0x00000000c0012e70                operator delete[](void*, unsigned long)
 .text          0x00000000c0012e75      0x1ef dbg/kconsole.32
                0x00000000c0012e75                Dbg::stringifyxWithBase(unsigned int, char*, int)
                0x00000000c0012ed6                Dbg::logc(char)
                0x00000000c0012eed                Dbg::logs(char*)
                0x00000000c0012f0a                Dbg::logWriteInt(unsigned int)
                0x00000000c0012f27                Dbg::logWriteIntBase(unsigned int, int)
                0x00000000c0012f46                Dbg::kprintf(char const*, ...)
 .text          0x00000000c0013064      0xb7c fs/vfs.32
                0x00000000c0013064                File::read(unsigned long long, void*, int*)
                0x00000000c00130bc                File::write(unsigned long long, void*, int*)
                0x00000000c0013114                Directory::read(unsigned long long, void*, int*)
                0x00000000c001316c                Directory::write(unsigned long long, void*, int*)
                0x00000000c001319a                File::isAtty()
                0x00000000c001319e                Directory::isAtty()
                0x00000000c00131a2                Filesystem::getlabel(LogicalDisk*, int, char*, unsigned int*)
                0x00000000c00131a8                Filesystem::setlabel(LogicalDisk*, int, char*)
                0x00000000c00131ae                File::~File()
                0x00000000c00131ae                File::~File()
                0x00000000c00131d2                File::~File()
                0x00000000c00131fc                Directory::~Directory()
                0x00000000c00131fc                Directory::~Directory()
                0x00000000c0013220                Directory::~Directory()
                0x00000000c001324a                Filesystem::Filesystem()
                0x00000000c001324a                Filesystem::Filesystem()
                0x00000000c001326e                Filesystem::~Filesystem()
                0x00000000c001326e                Filesystem::~Filesystem()
                0x00000000c001327c                Filesystem::~Filesystem()
                0x00000000c00132a0                Fs::getcwd(Process*, char*, int)
                0x00000000c00132ca                Fs::initVFS()
                0x00000000c00132f4                Fs::standardiseFiles(char*, char const*, char const*)
                0x00000000c001349e                File::File(char const*, Process*)
                0x00000000c001349e                File::File(char const*, Process*)
                0x00000000c0013502                File::open(FileOpenMode)
                0x00000000c0013560                File::close()
                0x00000000c00135c0                File::seek(unsigned long long)
                0x00000000c0013616                File::tell(unsigned long long*)
                0x00000000c0013666                File::rewind()
                0x00000000c001367a                File::unlink()
                0x00000000c00136c6                File::rename(char const*)
                0x00000000c0013714                File::chfatattr(unsigned char, unsigned char)
                0x00000000c0013770                File::exists()
                0x00000000c00137ae                File::stat(unsigned long long*, bool*)
                0x00000000c001380f                Fs::setcwd(Process*, char*)
                0x00000000c001394a                Directory::Directory(char const*, Process*)
                0x00000000c001394a                Directory::Directory(char const*, Process*)
                0x00000000c00139ae                Directory::open()
                0x00000000c0013a0a                Directory::close()
                0x00000000c0013a6a                Directory::unlink()
                0x00000000c0013ab6                Directory::rename(char const*)
                0x00000000c0013b04                Directory::exists()
                0x00000000c0013b42                Directory::read(dirent*)
                0x00000000c0013b8e                Directory::create()
                0x00000000c0013bda                Filesystem::chfatattr(char const*, unsigned char, unsigned char)
 .text          0x00000000c0013be0       0x84 hal/bus.32
                0x00000000c0013be0                Bus::Bus(char const*)
                0x00000000c0013be0                Bus::Bus(char const*)
                0x00000000c0013c16                Bus::~Bus()
                0x00000000c0013c16                Bus::~Bus()
                0x00000000c0013c3a                Bus::~Bus()
 .text          0x00000000c0013c64      0x14e hal/buzzer.32
                0x00000000c0013c64                Buzzer::Buzzer(char const*)
                0x00000000c0013c64                Buzzer::Buzzer(char const*)
                0x00000000c0013ca8                Buzzer::~Buzzer()
                0x00000000c0013ca8                Buzzer::~Buzzer()
                0x00000000c0013ccc                Buzzer::~Buzzer()
                0x00000000c0013cf6                Buzzer::stop()
                0x00000000c0013d09                beepThread(void*)
                0x00000000c0013d44                Buzzer::beep(int, int, bool)
 .text          0x00000000c0013db2      0x467 hal/clock.32
                0x00000000c0013db2                User::loadClockSettings(int)
                0x00000000c0013e04                Clock::Clock(char const*)
                0x00000000c0013e04                Clock::Clock(char const*)
                0x00000000c0013e3a                Clock::~Clock()
                0x00000000c0013e3a                Clock::~Clock()
                0x00000000c0013e5e                Clock::~Clock()
                0x00000000c0013e88                Clock::timeInSecondsLocal()
                0x00000000c0013ed0                Clock::setTimeInSecondsLocal(unsigned long long)
                0x00000000c0013f29                datetimeToSeconds(datetime_t)
                0x00000000c0014050                Clock::setTimeInDatetimeLocal(datetime_t)
                0x00000000c00140b0                secondsToDatetime(unsigned long long)
                0x00000000c00141f4                Clock::timeInDatetimeLocal()
 *fill*         0x00000000c0014219        0x1 
 .text          0x00000000c001421a      0x4de hal/device.32
                0x00000000c001421a                Device::hibernate()
                0x00000000c001421c                Device::wake()
                0x00000000c001421e                Device::detect()
                0x00000000c0014220                Device::disableLegacy()
                0x00000000c0014222                Device::powerSaving(PowerSavingLevel)
                0x00000000c0014224                DriverlessDevice::close(int, int, void*)
                0x00000000c0014228                DriverlessDevice::detect()
                0x00000000c001422a                DriverlessDevice::open(int, int, void*)
                0x00000000c001423e                Device::~Device()
                0x00000000c001423e                Device::~Device()
                0x00000000c001424c                Device::~Device()
                0x00000000c0014274                Device::findAndLoadDriver()
                0x00000000c0014276                Device::preOpenPCI(PCIDeviceInfo)
                0x00000000c001429c                Device::preOpenACPI(void*, char*, char*)
                0x00000000c00142f0                Device::addIRQHandler(int, void (*)(regs*, void*), bool, void*)
                0x00000000c001432e                Device::removeIRQHandler(int, void (*)(regs*, void*), bool)
                0x00000000c001436c                Device::addChild(Device*)
                0x00000000c00143b0                Device::removeAllChildren()
                0x00000000c00143f6                Device::hibernateAll()
                0x00000000c0014426                Device::wakeAll()
                0x00000000c0014456                Device::detectAll()
                0x00000000c0014486                Device::disableLegacyAll()
                0x00000000c00144b6                Device::loadDriversForAll()
                0x00000000c00144e2                Device::closeAll()
                0x00000000c0014518                Device::powerSavingAll(PowerSavingLevel)
                0x00000000c001454e                Device::setName(char const*)
                0x00000000c001455c                Device::Device(char const*)
                0x00000000c001455c                Device::Device(char const*)
                0x00000000c0014658                Device::getName()
                0x00000000c0014662                DriverlessDevice::DriverlessDevice(char const*)
                0x00000000c0014662                DriverlessDevice::DriverlessDevice(char const*)
                0x00000000c001468a                Device::addToLinkedList(LinkedList<Device>&, DeviceType)
                0x00000000c00146ce                getDevicesOfType(DeviceType)
 .text          0x00000000c00146f8       0x84 hal/diskctrl.32
                0x00000000c00146f8                HardDiskController::HardDiskController(char const*)
                0x00000000c00146f8                HardDiskController::HardDiskController(char const*)
                0x00000000c001472e                HardDiskController::~HardDiskController()
                0x00000000c001472e                HardDiskController::~HardDiskController()
                0x00000000c0014752                HardDiskController::~HardDiskController()
 .text          0x00000000c001477c       0xf2 hal/diskphys.32
                0x00000000c001477c                PhysicalDisk::eject()
                0x00000000c0014790                PhysicalDisk::PhysicalDisk(char const*, int)
                0x00000000c0014790                PhysicalDisk::PhysicalDisk(char const*, int)
                0x00000000c00147f8                PhysicalDisk::startCache()
                0x00000000c0014820                PhysicalDisk::~PhysicalDisk()
                0x00000000c0014820                PhysicalDisk::~PhysicalDisk()
                0x00000000c0014844                PhysicalDisk::~PhysicalDisk()
 .text          0x00000000c001486e      0x13b hal/fpu.32
                0x00000000c001486e                FPU::FPU(char const*)
                0x00000000c001486e                FPU::FPU(char const*)
                0x00000000c00148a4                FPU::~FPU()
                0x00000000c00148a4                FPU::~FPU()
                0x00000000c00148c8                FPU::~FPU()
                0x00000000c00148f2                setupFPU()
 *fill*         0x00000000c00149a9        0x1 
 .text          0x00000000c00149aa     0x13a7 hal/intctrl.32
                0x00000000c00149aa                InterruptController::uninstallISRHandler(int, void (*)(regs*, void*))
                0x00000000c00149e2                InterruptController::installISRHandler(int, void (*)(regs*, void*), void*)
                0x00000000c0014a34                doubleFault(regs*, void*)
                0x00000000c0014a4e                InterruptController::installIRQHandler(int, void (*)(regs*, void*), bool, void*)
                0x00000000c0014aea                InterruptController::clearAllHandlers(int, bool)
                0x00000000c0014b92                InterruptController::uninstallIRQHandler(int, void (*)(regs*, void*), bool)
                0x00000000c0014c19                nmiHandler(regs*, void*)
                0x00000000c0014c27                int_handler
                0x00000000c0014cc8                InterruptController::InterruptController(char const*)
                0x00000000c0014cc8                InterruptController::InterruptController(char const*)
                0x00000000c0014d6e                InterruptController::~InterruptController()
                0x00000000c0014d6e                InterruptController::~InterruptController()
                0x00000000c0014d92                InterruptController::~InterruptController()
                0x00000000c0014dbc                displayDebugInfo(regs*)
                0x00000000c001524b                x87EmulHandler(regs*, void*)
                0x00000000c001527a                gpFault(regs*, void*)
                0x00000000c00152b3                pgFault(regs*, void*)
                0x00000000c00152ef                otherISRHandler(regs*, void*)
                0x00000000c001530e                opcodeFault(regs*, void*)
                0x00000000c0015914                displayProgramFault(char const*)
                0x00000000c001593c                setupInterruptController()
                0x00000000c0015d04                InterruptController::convertLegacyIRQNumber(int)
 *fill*         0x00000000c0015d51        0x1 
 .text          0x00000000c0015d52      0x6c8 hal/keybrd.32
                0x00000000c0015d52                startGUI(void*)
                0x00000000c0015dae                startGUIVESA(void*)
                0x00000000c0015e0a                sendKeyToTerminal(unsigned char)
                0x00000000c0015e76                sendKeyboardToken(KeyboardToken)
                0x00000000c00162b3                clearInternalKeybuffer(VgaText*)
                0x00000000c00162e8                readKeyboard(VgaText*, char*, unsigned long)
                0x00000000c0016390                Keyboard::Keyboard(char const*)
                0x00000000c0016390                Keyboard::Keyboard(char const*)
                0x00000000c00163cc                Keyboard::~Keyboard()
                0x00000000c00163cc                Keyboard::~Keyboard()
                0x00000000c00163f0                Keyboard::~Keyboard()
 .text          0x00000000c001641a      0x414 hal/logidisk.32
                0x00000000c001641a                LogicalDisk::close(int, int, void*)
                0x00000000c001641e                LogicalDisk::~LogicalDisk()
                0x00000000c001641e                LogicalDisk::~LogicalDisk()
                0x00000000c0016442                LogicalDisk::~LogicalDisk()
                0x00000000c001646c                LogicalDisk::open(int, int, void*)
                0x00000000c0016480                LogicalDisk::absoluteToRelative(unsigned long long)
                0x00000000c00164b8                LogicalDisk::relativeToAbsolute(unsigned long long)
                0x00000000c00164fe                LogicalDisk::LogicalDisk(char const*, PhysicalDisk*, unsigned long long, unsigned long long)
                0x00000000c00164fe                LogicalDisk::LogicalDisk(char const*, PhysicalDisk*, unsigned long long, unsigned long long)
                0x00000000c00165b4                LogicalDisk::assignDriveLetter()
                0x00000000c001666a                LogicalDisk::mount()
                0x00000000c00166dc                LogicalDisk::unmount()
                0x00000000c00166ec                LogicalDisk::eject()
                0x00000000c0016700                LogicalDisk::unassignDriveLetter()
                0x00000000c0016756                LogicalDisk::read(unsigned long long, int, void*)
                0x00000000c00167c2                LogicalDisk::write(unsigned long long, int, void*)
 .text          0x00000000c001682e       0x84 hal/mouse.32
                0x00000000c001682e                Mouse::Mouse(char const*)
                0x00000000c001682e                Mouse::Mouse(char const*)
                0x00000000c0016864                Mouse::~Mouse()
                0x00000000c0016864                Mouse::~Mouse()
                0x00000000c0016888                Mouse::~Mouse()
 .text          0x00000000c00168b2      0x34d hal/partition.32
                0x00000000c00168b2                makePartition(PhysicalDisk*, unsigned long long, unsigned long long)
                0x00000000c001696e                createPartitionsForDisk(PhysicalDisk*)
 *fill*         0x00000000c0016bff        0x1 
 .text          0x00000000c0016c00       0x84 hal/serial.32
                0x00000000c0016c00                Serial::Serial(char const*)
                0x00000000c0016c00                Serial::Serial(char const*)
                0x00000000c0016c36                Serial::~Serial()
                0x00000000c0016c36                Serial::~Serial()
                0x00000000c0016c5a                Serial::~Serial()
 .text          0x00000000c0016c84      0x2b8 hal/timer.32
                0x00000000c0016c84                Timer::Timer(char const*)
                0x00000000c0016c84                Timer::Timer(char const*)
                0x00000000c0016cba                Timer::~Timer()
                0x00000000c0016cba                Timer::~Timer()
                0x00000000c0016cde                Timer::~Timer()
                0x00000000c0016d08                Timer::read()
                0x00000000c0016d13                timerHandler(unsigned long long)
                0x00000000c0016e4a                setupTimer(int)
 .text          0x00000000c0016f3c      0x425 hal/vcache.32
                0x00000000c0016f3c                VCache::VCache(PhysicalDisk*)
                0x00000000c0016f3c                VCache::VCache(PhysicalDisk*)
                0x00000000c00170a4                VCache::invalidateReadBuffer()
                0x00000000c00170b4                VCache::writeWriteBuffer()
                0x00000000c00170f0                VCache::~VCache()
                0x00000000c00170f0                VCache::~VCache()
                0x00000000c0017144                VCache::~VCache()
                0x00000000c001716c                VCache::write(unsigned long long, int, void*)
                0x00000000c0017262                VCache::read(unsigned long long, int, void*)
 *fill*         0x00000000c0017361        0x1 
 .text          0x00000000c0017362      0x4cd hal/video.32
                0x00000000c0017362                Video::putrect(int, int, int, int, unsigned int)
                0x00000000c00173ae                Video::bitblit(int, int, int, int, int, int, int, unsigned int*)
                0x00000000c001741e                Video::blit(unsigned int*, int, int, int, int)
                0x00000000c001749c                Video::clearScreen(unsigned int)
                0x00000000c00174d0                Video::putpixel(int, int, unsigned int)
                0x00000000c00174de                Video::Video(char const*)
                0x00000000c00174de                Video::Video(char const*)
                0x00000000c0017514                Video::~Video()
                0x00000000c0017514                Video::~Video()
                0x00000000c0017538                Video::~Video()
                0x00000000c0017562                Video::isMonochrome()
                0x00000000c001756e                Video::getWidth()
                0x00000000c001757a                Video::getHeight()
                0x00000000c0017586                Video::drawCursor(int, int, unsigned char*, int)
                0x00000000c0017642                Video::tgaParse(unsigned char*, int, int*, int*)
                0x00000000c00177c4                Video::putTGA(int, int, unsigned char*, int)
 *fill*         0x00000000c001782f        0x1 
 .text          0x00000000c0017830      0xf64 hw/acpi.32
                0x00000000c0017830                ACPI::close(int, int, void*)
                0x00000000c00178e5                findRSDP()
                0x00000000c001796f                loadACPITables(unsigned char*)
                0x00000000c0017b96                findRSDT(unsigned char*)
                0x00000000c0017cb4                findDataTable(unsigned char*, char*)
                0x00000000c0017d50                scanMADT()
                0x00000000c00181d6                ACPI::ACPI()
                0x00000000c00181d6                ACPI::ACPI()
                0x00000000c0018240                ACPI::getPCIIRQAssignment(unsigned char, unsigned short, unsigned char)
                0x00000000c0018322                ACPI::registerPCIIRQAssignment(void*, unsigned short, unsigned char, unsigned char)
                0x00000000c00183e8                ACPI::setScreenBrightnessLevel(void*, int)
                0x00000000c00183ee                ACPI::writeSimpleBootFlag(SimpleBootFlagTable*)
                0x00000000c0018436                ACPI::open(int, int, void*)
                0x00000000c001877c                ACPI::sleep()
 .text          0x00000000c0018794     0x1715 hw/cpu.32
                0x00000000c0018794                CPU::close(int, int, void*)
                0x00000000c0018798                CPU::lookupAMDName(unsigned char, unsigned char)
                0x00000000c001892c                CPU::lookupIntelName(unsigned char, unsigned char)
                0x00000000c0018bda                CPU::AMD_K6_write_msr(unsigned int, unsigned int, unsigned int, CPU::REGS*)
                0x00000000c0018bf6                CPU::AMD_K6_read_msr(unsigned int, CPU::REGS*)
                0x00000000c0018c0e                CPU::AMD_K6_writeback(int, int, int)
                0x00000000c0018c82                CPU::cpuid(int, unsigned long*, unsigned long*, unsigned long*, unsigned long*)
                0x00000000c0018d06                CPU::cpuidCheckEDX(unsigned int)
                0x00000000c0018d34                CPU::cpuidCheckECX(unsigned int)
                0x00000000c0018d62                CPU::cpuidCheckExtendedEBX(unsigned int)
                0x00000000c0018d90                CPU::cpuidCheckExtendedECX(unsigned int)
                0x00000000c0018dbe                CPU::CPU()
                0x00000000c0018dbe                CPU::CPU()
                0x00000000c0018e4c                CPU::displayFeatures()
                0x00000000c00190c8                CPU::detectFeatures()
                0x00000000c0019ab8                CPU::setupSMEP()
                0x00000000c0019ac4                CPU::setupUMIP()
                0x00000000c0019ace                CPU::setupTSC()
                0x00000000c0019ad8                CPU::setupLargePages()
                0x00000000c0019ae2                CPU::setupPAT()
                0x00000000c0019b1e                CPU::setupMTRR()
                0x00000000c0019b20                CPU::setupGlobalPages()
                0x00000000c0019b2a                CPU::allowUsermodeDataAccess()
                0x00000000c0019b3c                CPU::prohibitUsermodeDataAccess()
                0x00000000c0019b4e                CPU::setupSMAP()
                0x00000000c0019b5c                CPU::setupFeatures()
                0x00000000c0019bdc                CPU::open(int, int, void*)
                0x00000000c0019cae                CPU::decodeAddress(regs*, int*, bool*, unsigned char*)
 .text          0x00000000c0019ea9        0x0 hw/ports.32
 .text          0x00000000c0019ea9      0x16a hw/smp.32
                0x00000000c0019ea9                Krnl::smpEntry()
                0x00000000c0019eab                Krnl::startCPU(int)
                0x00000000c0019ff4                Krnl::startCPUs()
 *fill*         0x00000000c001a013        0x1 
 .text          0x00000000c001a014      0x5d3 krnl/env.32
                0x00000000c001a014                EnvVarContainer::getEnv(char const*)
                0x00000000c001a052                EnvVarContainer::setEnv(char const*, char const*)
                0x00000000c001a11e                EnvVarContainer::deleteEnv(char const*)
                0x00000000c001a120                EnvVarContainer::loadFrom(char const*, char const*)
                0x00000000c001a316                EnvVarContainer::__loadSystem()
                0x00000000c001a330                EnvVarContainer::__loadUser()
                0x00000000c001a332                EnvVarContainer::EnvVarContainer(Process*)
                0x00000000c001a332                EnvVarContainer::EnvVarContainer(Process*)
                0x00000000c001a354                EnvVarContainer::~EnvVarContainer()
                0x00000000c001a354                EnvVarContainer::~EnvVarContainer()
                0x00000000c001a384                Krnl::getEnv(Process*, char const*)
                0x00000000c001a3e9                Krnl::setEnvSystem(char const*, char const*)
                0x00000000c001a403                Krnl::setEnvUser(char const*, char const*)
                0x00000000c001a422                Krnl::setEnvProcess(Process*, char const*, char const*)
                0x00000000c001a435                Krnl::deleteEnvSystem(char const*)
                0x00000000c001a436                Krnl::deleteEnvUser(char const*)
                0x00000000c001a437                Krnl::deleteEnvProcess(Process*, char const*)
                0x00000000c001a438                Krnl::newProcessEnv(Process*)
                0x00000000c001a45a                Krnl::copyProcessEnv(Process*, Process*)
                0x00000000c001a4ae                Krnl::loadSystemEnv()
                0x00000000c001a4dc                Krnl::loadUserEnv()
                0x00000000c001a502                Krnl::flushEnv()
                0x00000000c001a503                Krnl::getProcessTotalEnvCount(Process*)
                0x00000000c001a523                Krnl::getProcessEnvPair(Process*, int)
 .text          0x00000000c001a5e7      0x396 krnl/panic.32
                0x00000000c001a5e7                Krnl::panic(char const*)
 .text          0x00000000c001a97d      0x3b6 net/ethernet.32
                0x00000000c001a97d                Net::switchEndian16(unsigned short)
                0x00000000c001a99e                Net::switchEndian32(unsigned int)
                0x00000000c001a9cd                Net::crc32Calc(unsigned char*, int)
                0x00000000c001aa5e                Net::wrapEthernetFrame(Net::UnwrappedEthernetFrame, unsigned char*)
                0x00000000c001ab9a                Net::unwrapEthernetFrame(unsigned char*, int)
 .text          0x00000000c001ad33      0x513 reg/registry.32
                0x00000000c001ad33                Reg::findLineFromLoadedData(char*, char*, char*)
                0x00000000c001ae8b                Reg::getLineFromRegistry(char*, char*, char*, char*)
                0x00000000c001afe0                Reg::getLine(char*, char*, char*)
                0x00000000c001b017                Reg::readInt(char*, char*, int*)
                0x00000000c001b102                Reg::readString(char*, char*, char*, int)
                0x00000000c001b183                Reg::readBool(char*, char*, bool*)
                0x00000000c001b1a8                Reg::readBoolWithDefault(char*, char*, bool)
                0x00000000c001b1d4                Reg::readIntWithDefault(char*, char*, int)
                0x00000000c001b200                Reg::readStringWithDefault(char*, char*, char*, int, char*)
 .text          0x00000000c001b246       0x36 sys/sc_eject.32
                0x00000000c001b246                Sys::eject(regs*)
 .text          0x00000000c001b27c       0x18 sys/sc_exit.32
                0x00000000c001b27c                Sys::exit(regs*)
 .text          0x00000000c001b294       0x1f sys/sc_getcwd.32
                0x00000000c001b294                Sys::getCwd(regs*)
 .text          0x00000000c001b2b3        0xc sys/sc_getpid.32
                0x00000000c001b2b3                Sys::getPID(regs*)
 .text          0x00000000c001b2bf       0x17 sys/sc_getramdata.32
                0x00000000c001b2bf                Sys::getRAMData(regs*)
 .text          0x00000000c001b2d6       0xa8 sys/sc_loaddll.32
                0x00000000c001b2d6                Sys::loadDLL(regs*)
 .text          0x00000000c001b37e       0x68 sys/sc_read.32
                0x00000000c001b37e                Sys::read(regs*)
 .text          0x00000000c001b3e6       0x55 sys/sc_sbrk.32
                0x00000000c001b3e6                Sys::sbrk(regs*)
 .text          0x00000000c001b43b       0x1c sys/sc_setcwd.32
                0x00000000c001b43b                Sys::setCwd(regs*)
 .text          0x00000000c001b457      0x128 sys/sc_settime.32
                0x00000000c001b457                Sys::setTime(regs*)
 .text          0x00000000c001b57f       0x4a sys/sc_timezone.32
                0x00000000c001b57f                Sys::timezone(regs*)
 .text          0x00000000c001b5c9       0x68 sys/sc_write.32
                0x00000000c001b5c9                Sys::write(regs*)
 .text          0x00000000c001b631       0x62 sys/sc_wsbe.32
                0x00000000c001b631                Sys::wsbe(regs*)
 .text          0x00000000c001b693       0x3b sys/sc_yield.32
                0x00000000c001b693                Sys::yield(regs*)
 .text          0x00000000c001b6ce     0x10e5 sys/syscalls.32
                0x00000000c001b6ce                sysCallSeekDir(regs*)
                0x00000000c001b6d3                sysCallTellDir(regs*)
                0x00000000c001b6d8                sysCallVerify(regs*)
                0x00000000c001b6e2                sysFormatDisk(regs*)
                0x00000000c001b74c                sysSetDiskVolumeLabel(regs*)
                0x00000000c001b792                sysGetDiskVolumeLabel(regs*)
                0x00000000c001b7e3                sysShutdown(regs*)
                0x00000000c001b841                sysCallRealpath(regs*)
                0x00000000c001b884                sysCallGetArgc(regs*)
                0x00000000c001b8b2                sysCallReadDir(regs*)
                0x00000000c001b940                sysCallIsATTY(regs*)
                0x00000000c001b99a                sysCallSeek(regs*)
                0x00000000c001ba03                sysCallTell(regs*)
                0x00000000c001ba80                sysCallSize(regs*)
                0x00000000c001bb03                sysCallSizeFromFilename(regs*)
                0x00000000c001bbc3                sysCallClose(regs*)
                0x00000000c001bc4b                sysCallOpenDir(regs*)
                0x00000000c001bcc0                sysCallCloseDir(regs*)
                0x00000000c001bd26                sysCallMakeDir(regs*)
                0x00000000c001bd96                sysCallWait(regs*)
                0x00000000c001bdb0                sysCallNotImpl(regs*)
                0x00000000c001bdcb                sysPanic(regs*)
                0x00000000c001bdf1                sysCallRmdir(regs*)
                0x00000000c001be55                sysCallUnlink(regs*)
                0x00000000c001beb9                sysCallGetArgv(regs*)
                0x00000000c001bf05                sysCallTTYName(regs*)
                0x00000000c001bf88                sysCallUSleep(regs*)
                0x00000000c001bfaf                sysCallSpawn(regs*)
                0x00000000c001c007                sysCallGetEnv(regs*)
                0x00000000c001c13f                sysAppSettings(regs*)
                0x00000000c001c25e                sysSetFatAttrib(regs*)
                0x00000000c001c2d0                sysPipe(regs*)
                0x00000000c001c315                sysGetUnixTime(regs*)
                0x00000000c001c329                string_ends_with(char const*, char const*)
                0x00000000c001c371                sysCallOpen(regs*)
                0x00000000c001c586                Sys::loadSyscalls()
                0x00000000c001c771                Sys::systemCall(regs*, void*)
 .text          0x00000000c001c7b3     0x11d4 thr/elf.32
                0x00000000c001c7b3                Thr::allocateMemoryForTask(Process*, File*, unsigned long, unsigned long, unsigned long)
                0x00000000c001ca45                Thr::loadProgramIntoMemory(Process*, char const*)
                0x00000000c001cc5b                Thr::runtimeReferenceHelper()
                0x00000000c001cc6e                Thr::getAddressOfKernelSymbol(char const*)
                0x00000000c001ccbd                Thr::loadKernelSymbolTable(char const*)
                0x00000000c001cf7b                Thr::loadDriverIntoMemory(char const*, unsigned long, bool)
                0x00000000c001d697                Thr::getDriverBaseFromAddress(unsigned long)
                0x00000000c001d6c9                Thr::getDriverNameFromAddress(unsigned long)
                0x00000000c001d700                Thr::getDriverOffsetFromAddress(unsigned long)
                0x00000000c001d71a                Thr::loadDLL(char const*, bool)
                0x00000000c001d94e                Thr::executeDLL(unsigned long, void*)
 *fill*         0x00000000c001d987        0x1 
 .text          0x00000000c001d988     0x1056 thr/prcssthr.32
                0x00000000c001d988                changeTSS
                0x00000000c001d9b8                Process::addArgs(char**)
                0x00000000c001da12                Process::Process(char const*, Process*, char**)
                0x00000000c001da12                Process::Process(char const*, Process*, char**)
                0x00000000c001dbf6                Process::Process(bool, char const*, Process*, char**)
                0x00000000c001dbf6                Process::Process(bool, char const*, Process*, char**)
                0x00000000c001dda5                disableIRQs()
                0x00000000c001ddad                getIRQNestingLevel()
                0x00000000c001ddb3                enableIRQs()
                0x00000000c001ddc2                lockScheduler()
                0x00000000c001ddc4                unlockScheduler()
                0x00000000c001ddc6                userModeEntryPoint(void*)
                0x00000000c001dde9                lockStuff()
                0x00000000c001ddf5                taskStartupFunction
                0x00000000c001ddfe                updateTimeUsed()
                0x00000000c001de63                switchToThread(ThreadControlBlock*)
                0x00000000c001deb4                Semaphore::Semaphore(int)
                0x00000000c001deb4                Semaphore::Semaphore(int)
                0x00000000c001dee2                Mutex::Mutex()
                0x00000000c001dee2                Mutex::Mutex()
                0x00000000c001def4                Process::createThread(void (*)(void*), void*, int)
                0x00000000c001dfd8                Process::createUserThread()
                0x00000000c001dff4                setupMultitasking(void (*)())
                0x00000000c001e0fe                schedule()
                0x00000000c001e183                unlockStuff()
                0x00000000c001e1b8                Semaphore::tryAcquire()
                0x00000000c001e1e6                Semaphore::assertLocked(char const*)
                0x00000000c001e216                blockTaskWithSchedulerLockAlreadyHeld(TaskState)
                0x00000000c001e258                blockTask(TaskState)
                0x00000000c001e279                waitTask(int, int*, int)
                0x00000000c001e2bb                nanoSleepUntil(unsigned long long)
                0x00000000c001e312                nanoSleep(unsigned long long)
                0x00000000c001e327                sleep(unsigned long long)
                0x00000000c001e344                Semaphore::acquire()
                0x00000000c001e3ac                taskReturned
                0x00000000c001e3da                unblockTask(ThreadControlBlock*)
                0x00000000c001e489                cleanupTerminatedTask(ThreadControlBlock*)
                0x00000000c001e752                cleanerTaskFunction(void*)
                0x00000000c001e805                terminateTask(int)
                0x00000000c001e8e5                Thr::terminateFromIRQ(int)
                0x00000000c001e8f2                Semaphore::release()
 .text          0x00000000c001e9de      0xc26 vm86/vm8086.32
                0x00000000c001e9de                Vm::inbv(unsigned short)
                0x00000000c001e9f1                Vm::outbv(unsigned short, unsigned char)
                0x00000000c001ea44                Vm::realToLinear(unsigned short, unsigned short)
                0x00000000c001ea54                Vm::getSegment(unsigned int)
                0x00000000c001ea5c                Vm::getOffset(unsigned int)
                0x00000000c001ea61                Vm::mainloop2()
                0x00000000c001ea9c                Vm::mainVm8086Loop(void*)
                0x00000000c001eaa9                Vm::mainloop3(unsigned long)
                0x00000000c001ead3                Vm::initialise8086()
                0x00000000c001eb16                Vm::finish8086()
                0x00000000c001eb5b                Vm::getOutput8086(unsigned char*)
                0x00000000c001eb85                Vm::start8086(char const*, unsigned short, unsigned short, unsigned short, unsigned short)
                0x00000000c001ecd5                Vm::doISR(regs*, int, unsigned char*, unsigned short, unsigned short)
                0x00000000c001ed5f                Vm::readByteFromReal(unsigned short, unsigned short)
                0x00000000c001ed70                Vm::readWordFromReal(unsigned short, unsigned short)
                0x00000000c001ed82                Vm::readDwordFromReal(unsigned short, unsigned short)
                0x00000000c001ed93                Vm::writeByteFromReal(unsigned short, unsigned short, unsigned char)
                0x00000000c001eda8                Vm::writeWordFromReal(unsigned short, unsigned short, unsigned short)
                0x00000000c001edbe                Vm::writeDwordFromReal(unsigned short, unsigned short, unsigned int)
                0x00000000c001edd3                Vm::faultHandler(regs*)
 .text          0x00000000c001f604      0xefd vm86/x87em.32
                0x00000000c001f604                Vm::fpuInternalTo32(unsigned long long)
                0x00000000c001f65f                Vm::fpuInternalTo64(unsigned long long)
                0x00000000c001f668                Vm::fpu32ToInternal(unsigned int)
                0x00000000c001f6ad                Vm::fpu64ToInternal(unsigned long long)
                0x00000000c001f6b6                Vm::fpuFloatToLong(unsigned long long)
                0x00000000c001f711                Vm::fpuULongToFloat(unsigned long long)
                0x00000000c001f747                Vm::fpuLongToFloat(long long)
                0x00000000c001f79d                Vm::fpuGet0()
                0x00000000c001f7a2                Vm::fpuGet1()
                0x00000000c001f7aa                Vm::fpuGetPi()
                0x00000000c001f7b2                Vm::fpuGetLog2E()
                0x00000000c001f7ca                Vm::fpuGetLogE2()
                0x00000000c001f7e2                Vm::fpuGetLog210()
                0x00000000c001f7fa                Vm::fpuGetLog102()
                0x00000000c001f812                Vm::fpuIsSecondLarger(unsigned long long, unsigned long long)
                0x00000000c001f826                Vm::fpuAreEqual(unsigned long long, unsigned long long)
                0x00000000c001f83c                Vm::fpuUnorderedCompare(unsigned long long, unsigned long long)
                0x00000000c001f88f                Vm::fpuAdd(unsigned long long, unsigned long long)
                0x00000000c001f8a0                Vm::fpuAbs(unsigned long long)
                0x00000000c001f8a9                Vm::fpuChs(unsigned long long)
                0x00000000c001f8b9                Vm::fpuSub(unsigned long long, unsigned long long)
                0x00000000c001f8c8                Vm::fpuMultiply(unsigned long long, unsigned long long)
                0x00000000c001f8e7                Vm::fpuDivide(unsigned long long, unsigned long long)
                0x00000000c001f903                Vm::fpuSquare(unsigned long long)
                0x00000000c001f919                Vm::fpuGetReg(int)
                0x00000000c001f95c                Vm::fpuSetReg(int, unsigned long long)
                0x00000000c001f9a7                Vm::fpuPush(unsigned long long)
                0x00000000c001fa04                Vm::fpuPop()
                0x00000000c001fa56                Vm::x87Handler(regs*)
 *fill*         0x00000000c0020501        0x1 
 .text          0x00000000c0020502     0x10ed fs/fat/vfslink.32
                0x00000000c0020502                FAT::getName()
                0x00000000c0020508                FAT::tell(void*, unsigned long long*)
                0x00000000c002053c                FAT::stat(void*, unsigned long long*)
                0x00000000c0020570                FAT::~FAT()
                0x00000000c0020570                FAT::~FAT()
                0x00000000c0020594                FAT::~FAT()
                0x00000000c00205bc                FAT::getlabel(LogicalDisk*, int, char*, unsigned int*)
                0x00000000c002065a                FAT::setlabel(LogicalDisk*, int, char*)
                0x00000000c0020714                FAT::format(LogicalDisk*, int, char const*, int)
                0x00000000c00208f8                FAT::tryMount(LogicalDisk*, int)
                0x00000000c0020afe                FAT::readDir(void*, unsigned long, void*, int*)
                0x00000000c0020c04                FAT::read(void*, unsigned long, void*, int*)
                0x00000000c0020c5e                FAT::write(void*, unsigned long, void*, int*)
                0x00000000c0020cb8                FAT::close(void*)
                0x00000000c0020d04                FAT::closeDir(void*)
                0x00000000c0020d50                FAT::seek(void*, unsigned long long)
                0x00000000c0020da4                fatWrapperReadDisk
                0x00000000c0020deb                fatWrapperWriteDisk
                0x00000000c0020e32                fatWrapperIoctl
                0x00000000c0020f36                FAT::FAT()
                0x00000000c0020f36                FAT::FAT()
                0x00000000c0020f88                FAT::fixFilepath(char*)
                0x00000000c0020fc0                FAT::open(char const*, void**, FileOpenMode)
                0x00000000c00210e8                FAT::openDir(char const*, void**)
                0x00000000c002118e                FAT::stat(char const*, unsigned long long*, bool*)
                0x00000000c0021278                FAT::unlink(char const*)
                0x00000000c00212f2                FAT::chfatattr(char const*, unsigned char, unsigned char)
                0x00000000c0021446                FAT::rename(char const*, char const*)
                0x00000000c002150a                FAT::mkdir(char const*)
                0x00000000c0021584                FAT::exists(char const*)
 *fill*         0x00000000c00215ef        0x1 
 .text          0x00000000c00215f0      0xbc1 fs/iso9660/vfslink.32
                0x00000000c00215f0                ISO9660::format(LogicalDisk*, int, char const*, int)
                0x00000000c00215f6                ISO9660::seek(void*, unsigned long long)
                0x00000000c0021626                ISO9660::tell(void*, unsigned long long*)
                0x00000000c002164a                ISO9660::getName()
                0x00000000c0021650                ISO9660::stat(void*, unsigned long long*)
                0x00000000c0021674                ISO9660::chfatattr(char const*, unsigned char, unsigned char)
                0x00000000c002167a                ISO9660::unlink(char const*)
                0x00000000c0021680                ISO9660::write(void*, unsigned long, void*, int*)
                0x00000000c0021686                ISO9660::rename(char const*, char const*)
                0x00000000c002168c                ISO9660::mkdir(char const*)
                0x00000000c0021692                ISO9660::close(void*)
                0x00000000c00216b4                ISO9660::closeDir(void*)
                0x00000000c00216d6                ISO9660::~ISO9660()
                0x00000000c00216d6                ISO9660::~ISO9660()
                0x00000000c00216fa                ISO9660::~ISO9660()
                0x00000000c0021721                __memmem(unsigned char*, int, unsigned char*, int)
                0x00000000c0021763                readSectorFromCDROM(unsigned int, unsigned char*, char)
                0x00000000c00217ca                ISO9660::tryMount(LogicalDisk*, int)
                0x00000000c002181a                ISO9660::read(void*, unsigned long, void*, int*)
                0x00000000c0021a1a                ISO9660::readDir(void*, unsigned long, void*, int*)
                0x00000000c0021ca7                readRoot(unsigned int*, unsigned int*, char)
                0x00000000c0021cfc                readRecursively(char*, unsigned int, unsigned int, unsigned int*, unsigned int*, char, int*)
                0x00000000c0021ecf                getFileData(char*, unsigned int*, unsigned int*, char, int*)
                0x00000000c0021f5e                ISO9660::open(char const*, void**, FileOpenMode)
                0x00000000c002201e                ISO9660::exists(char const*)
                0x00000000c0022042                ISO9660::stat(char const*, unsigned long long*, bool*)
                0x00000000c00220d6                ISO9660::openDir(char const*, void**)
                0x00000000c002218e                ISO9660::ISO9660()
                0x00000000c002218e                ISO9660::ISO9660()
 *fill*         0x00000000c00221b1        0x1 
 .text          0x00000000c00221b2      0x326 hal/sound/sndchannel.32
                0x00000000c00221b2                SoundChannel::~SoundChannel()
                0x00000000c00221b2                SoundChannel::~SoundChannel()
                0x00000000c00221ce                SoundChannel::setSpeed(float)
                0x00000000c00221da                SoundChannel::getSpeed()
                0x00000000c00221e2                SoundChannel::setVolume(int)
                0x00000000c00221fe                SoundChannel::getVolume()
                0x00000000c0022206                SoundChannel::pause()
                0x00000000c0022210                SoundChannel::SoundChannel(int, int, int, int)
                0x00000000c0022210                SoundChannel::SoundChannel(int, int, int, int)
                0x00000000c0022366                SoundChannel::play()
                0x00000000c0022370                SoundChannel::paused()
                0x00000000c0022378                SoundChannel::getSampleRate()
                0x00000000c0022380                SoundChannel::getBits()
                0x00000000c0022388                SoundChannel::getBufferUsed()
                0x00000000c0022390                SoundChannel::getBufferSize()
                0x00000000c0022398                SoundChannel::unbuffer(float*, int, int)
                0x00000000c0022438                SoundChannel::buffer8(unsigned char*, int)
 .text          0x00000000c00224d8      0x3d5 hal/sound/sndhw.32
                0x00000000c00224d8                SoundDevice::SoundDevice(char const*)
                0x00000000c00224d8                SoundDevice::SoundDevice(char const*)
                0x00000000c0022544                SoundDevice::~SoundDevice()
                0x00000000c0022544                SoundDevice::~SoundDevice()
                0x00000000c00225be                SoundDevice::~SoundDevice()
                0x00000000c00225e8                SoundDevice::getFreeChannelNum()
                0x00000000c0022602                SoundDevice::addChannel(SoundChannel*)
                0x00000000c0022672                SoundDevice::removeChannel(int)
                0x00000000c00226a4                SoundDevice::floatTo8(float*, unsigned char*, int)
                0x00000000c002278c                SoundDevice::getAudio(int, float*, float*)
 .text          0x00000000c00228ad        0x0 hw/bus/isa.32
 *fill*         0x00000000c00228ad        0x1 
 .text          0x00000000c00228ae      0x6c3 hw/bus/pci.32
                0x00000000c00228ae                PCI::open(int, int, void*)
                0x00000000c00228c2                PCI::close(int, int, void*)
                0x00000000c00228c6                PCI::PCI()
                0x00000000c00228c6                PCI::PCI()
                0x00000000c0022946                PCI::pciReadWord(unsigned char, unsigned char, unsigned char, unsigned char)
                0x00000000c002298e                PCI::getVendorID(unsigned char, unsigned char, unsigned char)
                0x00000000c00229b0                PCI::getHeaderType(unsigned char, unsigned char, unsigned char)
                0x00000000c00229d4                PCI::getClassCode(unsigned char, unsigned char, unsigned char)
                0x00000000c0022a18                PCI::getProgIF(unsigned char, unsigned char, unsigned char)
                0x00000000c0022a3c                PCI::getRevisionID(unsigned char, unsigned char, unsigned char)
                0x00000000c0022a5e                PCI::getInterruptNumber(unsigned char, unsigned char, unsigned char)
                0x00000000c0022a80                PCI::getSecondaryBus(unsigned char, unsigned char, unsigned char)
                0x00000000c0022aa4                PCI::getBARAddress(unsigned char, unsigned char, unsigned char, unsigned char)
                0x00000000c0022b04                PCI::pciWriteWord(unsigned char, unsigned char, unsigned char, unsigned char, unsigned short)
                0x00000000c0022b70                PCI::checkBus(unsigned char)
                0x00000000c0022b94                PCI::foundDevice(PCIDeviceInfo)
                0x00000000c0022d06                PCI::getDeviceData(unsigned char, unsigned char, unsigned char)
                0x00000000c0022eb2                PCI::checkDevice(unsigned char, unsigned char)
                0x00000000c0022f1e                PCI::detect()
 *fill*         0x00000000c0022f71        0x1 
 .text          0x00000000c0022f72      0xc70 hw/diskctrl/ide.32
                0x00000000c0022f72                IDE::close(int, int, void*)
                0x00000000c0022f76                IDE::IDE()
                0x00000000c0022f76                IDE::IDE()
                0x00000000c0022faa                IDE::prepareInterrupt(unsigned char)
                0x00000000c0022fbc                selectDrive(unsigned char, unsigned char)
                0x00000000c0022fbe                IDE::getBase(unsigned char)
                0x00000000c0022fd0                IDE::write(unsigned char, unsigned char, unsigned char)
                0x00000000c0023090                IDE::read(unsigned char, unsigned char)
                0x00000000c002313e                IDE::waitInterrupt(unsigned char)
                0x00000000c00231a4                ideChannel0IRQHandler(regs*, void*)
                0x00000000c00231c0                ideChannel1IRQHandler(regs*, void*)
                0x00000000c00231dc                IDE::enableIRQs(unsigned char, bool)
                0x00000000c0023222                IDE::open(int, int, void*)
                0x00000000c0023632                IDE::readBuffer(unsigned char, unsigned char, unsigned int, unsigned int)
                0x00000000c00236fe                IDE::detect()
                0x00000000c00239e6                IDE::printError(unsigned char, unsigned char, unsigned char)
                0x00000000c0023b7c                IDE::polling(unsigned char, unsigned int)
 .text          0x00000000c0023be2      0x390 hw/diskctrl/satabus.32
                0x00000000c0023be2                SATABus::close(int, int, void*)
                0x00000000c0023be6                SATABus::detect()
                0x00000000c0023be8                SATABus::SATABus()
                0x00000000c0023be8                SATABus::SATABus()
                0x00000000c0023c94                SATABus::findCmdslot(SATABus::tagHBA_PORT volatile*)
                0x00000000c0023cdc                SATABus::checkType(SATABus::tagHBA_PORT volatile*)
                0x00000000c0023d24                SATABus::startCmd(SATABus::tagHBA_PORT volatile*)
                0x00000000c0023d44                SATABus::stopCmd(SATABus::tagHBA_PORT volatile*)
                0x00000000c0023d6e                SATABus::portRebase(SATABus::tagHBA_PORT volatile*, int)
                0x00000000c0023e74                SATABus::probePort(SATABus::tagHBA_MEM volatile*)
                0x00000000c0023f52                SATABus::open(int, int, void*)
 .text          0x00000000c0023f72      0x63c hw/diskphys/ata.32
                0x00000000c0023f72                ATA::close(int, int, void*)
                0x00000000c0023f96                ATA::powerSaving(PowerSavingLevel)
                0x00000000c0023f98                ATA::ATA()
                0x00000000c0023f98                ATA::ATA()
                0x00000000c0023fc6                ATA::flush(bool)
                0x00000000c0024010                ATA::readyForCommand()
                0x00000000c0024060                ATA::access(unsigned long long, int, void*, bool)
                0x00000000c00243e8                ATA::read(unsigned long long, int, void*)
                0x00000000c0024450                ATA::write(unsigned long long, int, void*)
                0x00000000c00244b8                ATA::detectCHS()
                0x00000000c00244e2                ATA::open(int, int, void*)
 .text          0x00000000c00245ae      0x5bd hw/diskphys/atapi.32
                0x00000000c00245ae                ATAPI::write(unsigned long long, int, void*)
                0x00000000c00245b4                ATAPI::close(int, int, void*)
                0x00000000c00245d8                ATAPI::ATAPI()
                0x00000000c00245d8                ATAPI::ATAPI()
                0x00000000c0024606                ATAPI::readyForCommand()
                0x00000000c0024656                ATAPI::sendPacket(unsigned char*, int, bool, unsigned short*, int)
                0x00000000c0024916                ATAPI::diskRemoved()
                0x00000000c0024932                ATAPI::eject()
                0x00000000c002497a                ATAPI::diskInserted()
                0x00000000c00249a8                ATAPI::detectMedia()
                0x00000000c0024a64                ATAPI::open(int, int, void*)
                0x00000000c0024aec                ATAPI::read(unsigned long long, int, void*)
 *fill*         0x00000000c0024b6b        0x1 
 .text          0x00000000c0024b6c      0x455 hw/diskphys/sata.32
                0x00000000c0024b6c                SATA::close(int, int, void*)
                0x00000000c0024b90                SATA::powerSaving(PowerSavingLevel)
                0x00000000c0024b92                SATA::open(int, int, void*)
                0x00000000c0024c40                SATA::SATA()
                0x00000000c0024c40                SATA::SATA()
                0x00000000c0024c6e                SATA::access(unsigned long long, int, void*, bool)
                0x00000000c0024ed4                SATA::read(unsigned long long, int, void*)
                0x00000000c0024f3c                SATA::write(unsigned long long, int, void*)
 *fill*         0x00000000c0024fc1        0x1 
 .text          0x00000000c0024fc2      0x500 hw/diskphys/satapi.32
                0x00000000c0024fc2                SATAPI::write(unsigned long long, int, void*)
                0x00000000c0024fc8                SATAPI::close(int, int, void*)
                0x00000000c0024fec                SATAPI::SATAPI()
                0x00000000c0024fec                SATAPI::SATAPI()
                0x00000000c002501a                SATAPI::diskRemoved()
                0x00000000c0025036                SATAPI::diskInserted()
                0x00000000c0025064                SATAPI::sendPacket(unsigned char*, int, unsigned long long, unsigned short*, int)
                0x00000000c0025268                SATAPI::eject()
                0x00000000c00252b0                SATAPI::detectMedia()
                0x00000000c0025372                SATAPI::open(int, int, void*)
                0x00000000c0025420                SATAPI::read(unsigned long long, int, void*)
 .text          0x00000000c00254c2       0x8e hw/fpu/avx.32
                0x00000000c00254c2                AVX::open(int, int, void*)
                0x00000000c00254d4                AVX::close(int, int, void*)
                0x00000000c00254e6                AVX::available()
                0x00000000c00254f8                AVX::save(void*)
                0x00000000c0025510                AVX::load(void*)
                0x00000000c0025528                AVX::AVX()
                0x00000000c0025528                AVX::AVX()
 .text          0x00000000c0025550       0x90 hw/fpu/mmx.32
                0x00000000c0025550                MMX::available()
                0x00000000c0025564                MMX::open(int, int, void*)
                0x00000000c0025576                MMX::close(int, int, void*)
                0x00000000c0025588                MMX::save(void*)
                0x00000000c00255a0                MMX::load(void*)
                0x00000000c00255b8                MMX::MMX()
                0x00000000c00255b8                MMX::MMX()
 .text          0x00000000c00255e0       0x96 hw/fpu/sse.32
                0x00000000c00255e0                SSE::open(int, int, void*)
                0x00000000c00255f2                SSE::close(int, int, void*)
                0x00000000c0025604                SSE::available()
                0x00000000c002561e                SSE::save(void*)
                0x00000000c0025636                SSE::load(void*)
                0x00000000c002564e                SSE::SSE()
                0x00000000c002564e                SSE::SSE()
 .text          0x00000000c0025676       0x8e hw/fpu/x87.32
                0x00000000c0025676                x87::open(int, int, void*)
                0x00000000c0025688                x87::close(int, int, void*)
                0x00000000c002569a                x87::available()
                0x00000000c00256ac                x87::save(void*)
                0x00000000c00256c4                x87::load(void*)
                0x00000000c00256dc                x87::x87()
                0x00000000c00256dc                x87::x87()
 .text          0x00000000c0025704      0x71e hw/intctrl/apic.32
                0x00000000c0025704                APIC::disable()
                0x00000000c0025706                APIC::close(int, int, void*)
                0x00000000c0025728                IOAPIC::close(int, int, void*)
                0x00000000c002572e                APIC::io_wait()
                0x00000000c0025734                APIC::getBase()
                0x00000000c0025776                APIC::eoi(unsigned char)
                0x00000000c00257a4                APIC::open(int, int, void*)
                0x00000000c00258f2                IOAPIC::IOAPIC()
                0x00000000c00258f2                IOAPIC::IOAPIC()
                0x00000000c002591a                APIC::APIC()
                0x00000000c002591a                APIC::APIC()
                0x00000000c00259f6                IOAPIC::handlesGSIWithNumber(unsigned int)
                0x00000000c0025a28                IOAPIC::read(int)
                0x00000000c0025a50                IOAPIC::open(int, int, void*)
                0x00000000c0025b46                IOAPIC::write(int, int)
                0x00000000c0025b72                IOAPIC::redirect(unsigned char, unsigned long long, unsigned char, bool, bool)
                0x00000000c0025c6c                APIC::installIRQHandler(int, void (*)(regs*, void*), bool, void*)
 .text          0x00000000c0025e22      0x3d3 hw/intctrl/pic.32
                0x00000000c0025e22                PIC::disable()
                0x00000000c0025e50                PIC::close(int, int, void*)
                0x00000000c0025e72                PIC::PIC()
                0x00000000c0025e72                PIC::PIC()
                0x00000000c0025f48                PIC::ioWait()
                0x00000000c0025f4e                PIC::getIRQReg(int)
                0x00000000c0025fb8                PIC::eoi(unsigned char)
                0x00000000c002604a                PIC::remap()
                0x00000000c00261b6                PIC::open(int, int, void*)
 *fill*         0x00000000c00261f5        0x1 
 .text          0x00000000c00261f6      0x25e hw/timer/apictimer.32
                0x00000000c00261f6                APICTimer::close(int, int, void*)
                0x00000000c00261fc                apicTimerHandler(regs*, void*)
                0x00000000c002622a                APICTimer::write(int)
                0x00000000c002632e                APICTimer::open(int, int, void*)
                0x00000000c002642c                APICTimer::APICTimer()
                0x00000000c002642c                APICTimer::APICTimer()
 .text          0x00000000c0026454      0x1a7 hw/timer/pit.32
                0x00000000c0026454                PIT::write(int)
                0x00000000c00264d2                pitHandler(regs*, void*)
                0x00000000c00264fe                PIT::open(int, int, void*)
                0x00000000c002654c                PIT::close(int, int, void*)
                0x00000000c002657c                PIT::PIT()
                0x00000000c002657c                PIT::PIT()
 *fill*         0x00000000c00265fb        0x5 
 .text          0x00000000c0026600       0x1e hw/fpu/x86/avx.32
                0x00000000c0026600                avxDetect
                0x00000000c0026606                avxSave
                0x00000000c0026607                avxLoad
                0x00000000c0026608                avxInit
                0x00000000c0026609                avxClose
                0x00000000c002660a                wouldSheSayYes
 *fill*         0x00000000c002661e        0x2 
 .text          0x00000000c0026620       0x35 hw/fpu/x86/sse.32
                0x00000000c0026620                absolutelyNoChanceInHell
                0x00000000c0026620                sseDetect
                0x00000000c0026638                sseSave
                0x00000000c002663e                sseLoad
                0x00000000c0026644                sseInit
                0x00000000c0026654                sseClose
 *fill*         0x00000000c0026655        0xb 
 .text          0x00000000c0026660       0x47 hw/fpu/x86/x87.32
                0x00000000c0026666                x87Detect
                0x00000000c0026681                x87Save
                0x00000000c0026687                x87Load
                0x00000000c002668c                x87Init
                0x00000000c00266a6                x87Close
 *fill*         0x00000000c00266a7        0x1 
 .text          0x00000000c00266a8       0x25 /cygdrive/d/Users/Alex/Desktop/Toolchain/Output/bin/../lib/gcc/i386-banana/8.1.0/crtend.o
 .text          0x00000000c00266cd        0x0 crtn.32
 *fill*         0x00000000c00266cd        0x3 
 .text          0x00000000c00266d0      0x14b /cygdrive/d/Users/Alex/Desktop/Toolchain/Output/bin/../lib/gcc/i386-banana/8.1.0/libkgcc.a(_divdi3.o)
                0x00000000c00266d0                __divdi3
 *fill*         0x00000000c002681b        0x1 
 .text          0x00000000c002681c      0x17e /cygdrive/d/Users/Alex/Desktop/Toolchain/Output/bin/../lib/gcc/i386-banana/8.1.0/libkgcc.a(_moddi3.o)
                0x00000000c002681c                __moddi3
 *fill*         0x00000000c002699a        0x2 
 .text          0x00000000c002699c       0xff /cygdrive/d/Users/Alex/Desktop/Toolchain/Output/bin/../lib/gcc/i386-banana/8.1.0/libkgcc.a(_udivdi3.o)
                0x00000000c002699c                __udivdi3
 *fill*         0x00000000c0026a9b        0x1 
 .text          0x00000000c0026a9c      0x11a /cygdrive/d/Users/Alex/Desktop/Toolchain/Output/bin/../lib/gcc/i386-banana/8.1.0/libkgcc.a(_umoddi3.o)
                0x00000000c0026a9c                __umoddi3
 .text          0x00000000c0026bb6      0x96d D:/Users/Alex/Desktop/Banana/kernel/libsoftfp.a(sfieeelib.o)
                0x00000000c0026bb6                __addsf3
                0x00000000c0026eb8                __subsf3
                0x00000000c0026ecc                __negsf2
                0x00000000c0026ed9                __mulsf3
                0x00000000c002709c                __divsf3
                0x00000000c00272c7                __floatsisf
                0x00000000c002733b                __floatunsisf
                0x00000000c002737d                __fixsfsi
                0x00000000c00273df                __fixunssfsi
                0x00000000c0027410                __cmpsf2
                0x00000000c00274a5                __eqsf2