Archive member included to satisfy reference by file (symbol)

/cygdrive/d/Users/Alex/Desktop/Toolchain/Output/bin/../lib/gcc/i386-banana/8.1.0/libkgcc.a(_divdi3.o)
                              krnl/resolve.32 (__divdi3)
/cygdrive/d/Users/Alex/Desktop/Toolchain/Output/bin/../lib/gcc/i386-banana/8.1.0/libkgcc.a(_moddi3.o)
                              krnl/resolve.32 (__moddi3)
/cygdrive/d/Users/Alex/Desktop/Toolchain/Output/bin/../lib/gcc/i386-banana/8.1.0/libkgcc.a(_udivdi3.o)
                              hal/clock.32 (__udivdi3)
/cygdrive/d/Users/Alex/Desktop/Toolchain/Output/bin/../lib/gcc/i386-banana/8.1.0/libkgcc.a(_umoddi3.o)
                              core/pipe.32 (__umoddi3)

Allocating common symbols
Common symbol       size              file

dcache              0x40              fs/iso9660/iso9660.32
cdDriveLetter       0x1               fs/iso9660/iso9660.32
icache              0x40              fs/iso9660/iso9660.32

Discarded input sections

 .comment       0x0000000000000000       0x12 /cygdrive/d/Users/Alex/Desktop/Toolchain/Output/bin/../lib/gcc/i386-banana/8.1.0/crtbegin.o
 .comment       0x0000000000000000       0x12 acpica/utclib.32
 .comment       0x0000000000000000       0x12 core/malloc.32
 .comment       0x0000000000000000       0x12 libk/ctype.32
 .comment       0x0000000000000000       0x12 libk/string.32
 .comment       0x0000000000000000       0x12 fs/fat/diskio.32
 .comment       0x0000000000000000       0x12 fs/fat/ff.32
 .comment       0x0000000000000000       0x12 fs/fat/ffsystem.32
 .comment       0x0000000000000000       0x12 fs/fat/ffunicode.32
 .comment       0x0000000000000000       0x12 fs/iso9660/iso9660.32
 .group         0x0000000000000000       0x14 core/computer.32
 .group         0x0000000000000000        0xc core/computer.32
 .comment       0x0000000000000000       0x12 core/computer.32
 .comment       0x0000000000000000       0x12 core/gdt.32
 .group         0x0000000000000000        0xc core/idle.32
 .comment       0x0000000000000000       0x12 core/idle.32
 .comment       0x0000000000000000       0x12 core/idt.32
 .comment       0x0000000000000000       0x12 core/kheap.32
 .comment       0x0000000000000000       0x12 core/main.32
 .comment       0x0000000000000000       0x12 core/physmgr.32
 .group         0x0000000000000000        0xc core/pipe.32
 .comment       0x0000000000000000       0x12 core/pipe.32
 .group         0x0000000000000000        0xc core/terminal.32
 .comment       0x0000000000000000       0x12 core/terminal.32
 .comment       0x0000000000000000       0x12 core/tss.32
 .group         0x0000000000000000        0x8 core/unixfile.32
 .group         0x0000000000000000        0x8 core/unixfile.32
 .group         0x0000000000000000        0xc core/unixfile.32
 .group         0x0000000000000000        0x8 core/unixfile.32
 .group         0x0000000000000000        0xc core/unixfile.32
 .group         0x0000000000000000        0x8 core/unixfile.32
 .group         0x0000000000000000        0xc core/unixfile.32
 .group         0x0000000000000000        0xc core/unixfile.32
 .comment       0x0000000000000000       0x12 core/unixfile.32
 .comment       0x0000000000000000       0x12 core/virtmgr.32
 .comment       0x0000000000000000       0x12 coreobjs/c++.32
 .comment       0x0000000000000000       0x12 dbg/kconsole.32
 .group         0x0000000000000000        0xc fs/vfs.32
 .group         0x0000000000000000        0xc fs/vfs.32
 .group         0x0000000000000000        0xc fs/vfs.32
 .comment       0x0000000000000000       0x12 fs/vfs.32
 .group         0x0000000000000000        0xc hal/bus.32
 .comment       0x0000000000000000       0x12 hal/bus.32
 .comment       0x0000000000000000       0x12 hal/buzzer.32
 .group         0x0000000000000000        0xc hal/clock.32
 .comment       0x0000000000000000       0x12 hal/clock.32
 .group         0x0000000000000000       0x14 hal/device.32
 .group         0x0000000000000000        0xc hal/device.32
 .group         0x0000000000000000        0x8 hal/device.32
 .group         0x0000000000000000        0xc hal/device.32
 .group         0x0000000000000000        0xc hal/device.32
 .comment       0x0000000000000000       0x12 hal/device.32
 .group         0x0000000000000000        0xc hal/diskctrl.32
 .comment       0x0000000000000000       0x12 hal/diskctrl.32
 .group         0x0000000000000000        0xc hal/diskphys.32
 .comment       0x0000000000000000       0x12 hal/diskphys.32
 .comment       0x0000000000000000       0x12 hal/fpu.32
 .comment       0x0000000000000000       0x12 hal/intctrl.32
 .group         0x0000000000000000        0xc hal/keybrd.32
 .comment       0x0000000000000000       0x12 hal/keybrd.32
 .group         0x0000000000000000        0xc hal/logidisk.32
 .comment       0x0000000000000000       0x12 hal/logidisk.32
 .group         0x0000000000000000        0xc hal/mouse.32
 .comment       0x0000000000000000       0x12 hal/mouse.32
 .group         0x0000000000000000        0xc hal/nic.32
[...]
Memory Configuration

Name             Origin             Length             Attributes
*default*        0x0000000000000000 0xffffffffffffffff

Linker script and memory map

LOAD D:/Users/Alex/Desktop/Banana/kernel/boot.32
LOAD crti.32
LOAD /cygdrive/d/Users/Alex/Desktop/Toolchain/Output/bin/../lib/gcc/i386-banana/8.1.0/crtbegin.o
LOAD D:/Users/Alex/Desktop/Banana/kernel/morenasm.32
LOAD acpica/utclib.32
LOAD core/malloc.32
LOAD libk/ctype.32
LOAD libk/string.32
LOAD fs/fat/diskio.32
LOAD fs/fat/ff.32
LOAD fs/fat/ffsystem.32
LOAD fs/fat/ffunicode.32
LOAD fs/iso9660/iso9660.32
LOAD core/computer.32
LOAD core/gdt.32
LOAD core/idle.32
LOAD core/idt.32
LOAD core/kheap.32
LOAD core/main.32
LOAD core/physmgr.32
LOAD core/pipe.32
LOAD core/terminal.32
LOAD core/tss.32
LOAD core/unixfile.32
LOAD core/virtmgr.32
LOAD coreobjs/c++.32
LOAD dbg/kconsole.32
LOAD fs/vfs.32
LOAD hal/bus.32
LOAD hal/buzzer.32
LOAD hal/clock.32
LOAD hal/device.32
LOAD hal/diskctrl.32
LOAD hal/diskphys.32
LOAD hal/fpu.32
LOAD hal/intctrl.32
LOAD hal/keybrd.32
LOAD hal/logidisk.32
LOAD hal/mouse.32
LOAD hal/nic.32
LOAD hal/partition.32
LOAD hal/serial.32
LOAD hal/timer.32
LOAD hal/vcache.32
LOAD hal/video.32
LOAD hw/acpi.32
LOAD hw/cpu.32
LOAD krnl/bootmsg.32
LOAD krnl/env.32
LOAD krnl/inlines.32
LOAD krnl/panic.32
LOAD krnl/powctrl.32
LOAD krnl/random.32
LOAD krnl/resolve.32
LOAD krnl/signal.32
LOAD krnl/syscalls.32
LOAD net/ethernet.32
LOAD reg/cm.32
LOAD reg/registry.32
LOAD sys/eject.32
LOAD sys/exit.32
LOAD sys/getcwd.32
LOAD sys/getpid.32
LOAD sys/getramdata.32
LOAD sys/getvgaptr.32
LOAD sys/kill.32
LOAD sys/loaddll.32
LOAD sys/read.32
LOAD sys/registersignal.32
LOAD sys/registry.32
LOAD sys/sbrk.32
LOAD sys/setcwd.32
LOAD sys/settime.32
LOAD sys/timezone.32
LOAD sys/write.32
LOAD sys/wsbe.32
LOAD sys/yield.32
LOAD thr/elf.32
LOAD thr/prcssthr.32
LOAD vm86/vm8086.32
LOAD arch/i386/hal.32
LOAD arch/i386/pic.32
LOAD arch/i386/rtc.32
LOAD arch/i386/vga.32
LOAD fs/fat/vfslink.32
LOAD fs/iso9660/helper.32
LOAD fs/iso9660/vfslink.32
LOAD hal/sound/sndcard.32
LOAD hal/sound/sndport.32
LOAD hw/bus/isa.32
LOAD hw/bus/pci.32
LOAD hw/diskctrl/ide.32
LOAD hw/diskctrl/satabus.32
LOAD hw/diskphys/ata.32
LOAD hw/diskphys/atapi.32
LOAD hw/diskphys/sata.32
LOAD hw/diskphys/satapi.32
LOAD hw/intctrl/apic.32
LOAD hw/timer/apictimer.32
LOAD hw/timer/pit.32
LOAD arch/i386/avx.32
LOAD arch/i386/interrupt.32
LOAD arch/i386/rdrand.32
LOAD arch/i386/sse.32
LOAD arch/i386/x87.32
LOAD /cygdrive/d/Users/Alex/Desktop/Toolchain/Output/bin/../lib/gcc/i386-banana/8.1.0/crtend.o
LOAD crtn.32
LOAD /cygdrive/d/Users/Alex/Desktop/Toolchain/Output/bin/../lib/gcc/i386-banana/8.1.0/libkgcc.a
LOAD D:/Users/Alex/Desktop/Banana/kernel/libsoftfp.a
LOAD D:/Users/Alex/Desktop/Banana/kernel/libk/libm32.a
                0x00000000c0000000                . = 0xc0000000

.text           0x00000000c0000000    0x1e7aa
 *(.text)
 .text          0x00000000c0000000       0x20 D:/Users/Alex/Desktop/Banana/kernel/boot.32
 .text          0x00000000c0000020        0x0 crti.32
 .text          0x00000000c0000020      0x101 /cygdrive/d/Users/Alex/Desktop/Toolchain/Output/bin/../lib/gcc/i386-banana/8.1.0/crtbegin.o
 *fill*         0x00000000c0000121        0xf 
 .text          0x00000000c0000130      0x24f D:/Users/Alex/Desktop/Banana/kernel/morenasm.32
                0x00000000c0000130                manualPCIProbe
                0x00000000c000017b                prepareTramp
                0x00000000c0000194                doTPAUSE
                0x00000000c000019e                hasLegacyFPU
                0x00000000c00001c3                is486
                0x00000000c00001f9                detectCPUID
                0x00000000c000020f                goToVM86
                0x00000000c000023f                goToUsermode
                0x00000000c0000269                switchToThreadASMFirstTime
                0x00000000c0000277                switchToThreadASM
                0x00000000c00002fc                asmQuickAcquireLock
                0x00000000c000031a                asmQuickReleaseLock
                0x00000000c0000326                asmAcquireLock
                0x00000000c0000347                asmReleaseLock
                0x00000000c000035a                loadGDT
                0x00000000c000037a                memcpy
 *fill*         0x00000000c000037f        0x1 
 .text          0x00000000c0000380      0x868 acpica/utclib.32
                0x00000000c0000380                memcmp
                0x00000000c00003d0                memmove
                0x00000000c00004f0                memset
                0x00000000c0000570                strlen
                0x00000000c00005a0                strpbrk
                0x00000000c00005f0                strtok
                0x00000000c0000640                strcpy
                0x00000000c0000680                strncpy
                0x00000000c0000750                strcmp
                0x00000000c00007a0                strchr
                0x00000000c00007e0                strncmp
                0x00000000c0000840                strcat
                0x00000000c0000870                strncat
                0x00000000c00008d0                strstr
                0x00000000c0000930                toupper
                0x00000000c0000950                tolower
                0x00000000c0000970                simple_strtoul
 .text          0x00000000c0000be8      0xfaa core/malloc.32
                0x00000000c0000d53                dlfree
                0x00000000c00010ab                dlmalloc
                0x00000000c00015e8                dlrealloc
                0x00000000c000178b                dlmemalign
                0x00000000c00018ae                dlcalloc
                0x00000000c0001948                dlcfree
                0x00000000c000194d                dlindependent_calloc
                0x00000000c0001972                dlindependent_comalloc
                0x00000000c0001989                dlvalloc
                0x00000000c00019b4                dlpvalloc
                0x00000000c00019ea                dlmalloc_trim
                0x00000000c00019f7                dlmalloc_usable_size
                0x00000000c0001a28                dlmallinfo
                0x00000000c0001af7                dlmalloc_stats
                0x00000000c0001b08                dlmallopt
 *fill*         0x00000000c0001b92        0x2 
 .text          0x00000000c0001b94      0x1f2 libk/ctype.32
                0x00000000c0001b94                isblank
                0x00000000c0001bb4                iscntrl
                0x00000000c0001bd4                isdigit
                0x00000000c0001bf0                islower
                0x00000000c0001c0c                isspace
                0x00000000c0001c34                isupper
                0x00000000c0001c50                isalpha
                0x00000000c0001c80                isalnum
                0x00000000c0001cb0                ispunct
                0x00000000c0001cf0                isgraph
                0x00000000c0001d20                isprint
                0x00000000c0001d48                isxdigit
 .text          0x00000000c0001d86        0x0 libk/string.32
 .text          0x00000000c0001d86       0x51 fs/fat/diskio.32
                0x00000000c0001d86                disk_status
                0x00000000c0001d89                disk_initialize
                0x00000000c0001d8c                disk_read
                0x00000000c0001da2                disk_write
                0x00000000c0001db8                disk_ioctl
 .text          0x00000000c0001dd7     0x3e46 fs/fat/ff.32
                0x00000000c0003bf8                f_mount
                0x00000000c0003c5a                f_open
                0x00000000c0003f1d                f_read
                0x00000000c000411c                f_write
                0x00000000c0004364                f_sync
                0x00000000c0004429                f_close
                0x00000000c0004458                f_lseek
                0x00000000c0004609                f_opendir
                0x00000000c00046d4                f_closedir
                0x00000000c00046f6                f_readdir
                0x00000000c0004788                f_stat
                0x00000000c0004807                f_getfree
                0x00000000c0004910                f_truncate
                0x00000000c00049fa                f_unlink
                0x00000000c0004b1c                f_mkdir
                0x00000000c0004cb7                f_rename
                0x00000000c0004e6f                f_chmod
                0x00000000c0004f1f                f_utime
                0x00000000c0004fcf                f_getlabel
                0x00000000c0005120                f_setlabel
                0x00000000c00052b0                f_expand
                0x00000000c000541d                f_mkfs
 *fill*         0x00000000c0005c1d        0x3 
 .text          0x00000000c0005c20       0x2f fs/fat/ffsystem.32
                0x00000000c0005c20                ff_memalloc
                0x00000000c0005c38                ff_memfree
 *fill*         0x00000000c0005c4f        0x1 
 .text          0x00000000c0005c50      0x2dc fs/fat/ffunicode.32
                0x00000000c0005c50                ff_uni2oem
                0x00000000c0005cf0                ff_oem2uni
                0x00000000c0005d68                ff_wtoupper
 .text          0x00000000c0005f2c      0xd32 fs/iso9660/iso9660.32
                0x00000000c0006177                isoReadDiscSector
                0x00000000c0006212                strnicmp
                0x00000000c00064c1                stricmp
                0x00000000c000650d                iso_open
                0x00000000c0006597                iso_close
                0x00000000c00065b5                iso_read
                0x00000000c00066cb                iso_seek
                0x00000000c000674f                iso_tell
                0x00000000c0006780                iso_total
                0x00000000c00067ab                fn_postprocess
                0x00000000c00067d2                iso_readdir
                0x00000000c0006a29                iso_reset
                0x00000000c0006a46                init_percd
                0x00000000c0006b40                iso_ioctl
                0x00000000c0006b58                fs_iso9660_init
                0x00000000c0006bee                fs_iso9660_shutdown
 .text          0x00000000c0006c5e      0x6a9 core/computer.32
                0x00000000c0006c5e                Computer::close(int, int, void*)
                0x00000000c0006ca3                Krnl::firstTask()
                0x00000000c0006dde                Computer::Computer()
                0x00000000c0006dde                Computer::Computer()
                0x00000000c0006e8e                Computer::setBootMessage(char const*)
                0x00000000c0006e90                Computer::detectFeatures()
                0x00000000c00070b6                Computer::displayFeatures()
                0x00000000c00070b8                Computer::rdmsr(unsigned int)
                0x00000000c00070e4                Computer::wrmsr(unsigned int, unsigned long long)
                0x00000000c0007120                Computer::shutdown()
                0x00000000c0007138                Computer::restart()
                0x00000000c0007150                Computer::sleep()
                0x00000000c0007164                Computer::nmiEnabled()
                0x00000000c0007170                Computer::readCMOS(unsigned char)
                0x00000000c000718e                Computer::enableNMI(bool)
                0x00000000c00071a6                Computer::open(int, int, void*)
                0x00000000c0007268                Computer::disableNMI()
                0x00000000c0007278                Computer::writeCMOS(unsigned char, unsigned char)
                0x00000000c000729c                Computer::handleNMI()
 *fill*         0x00000000c0007307        0x1 
 .text          0x00000000c0007308      0x1db core/gdt.32
                0x00000000c0007308                GDTEntry::setBase(unsigned int)
                0x00000000c0007324                GDTEntry::setLimit(unsigned int)
                0x00000000c0007342                GDT::GDT()
                0x00000000c0007342                GDT::GDT()
                0x00000000c0007358                GDT::addEntry(GDTEntry)
                0x00000000c000737a                GDT::getNumberOfEntries()
                0x00000000c0007382                GDT::flush()
                0x00000000c00073a4                GDT::setup()
 .text          0x00000000c00074e3       0x1d core/idle.32
                0x00000000c00074e3                idleFunction(void*)
 .text          0x00000000c0007500      0x46c core/idt.32
                0x00000000c0007500                IDTEntry::IDTEntry(bool)
                0x00000000c0007500                IDTEntry::IDTEntry(bool)
                0x00000000c000757a                IDTEntry::setOffset(unsigned int)
                0x00000000c0007590                IDT::IDT()
                0x00000000c0007590                IDT::IDT()
                0x00000000c0007592                IDT::getPointerToInvalidOpcodeEntryForF00F()
                0x00000000c000759a                IDT::addEntry(IDTEntry, int)
                0x00000000c00075b4                IDT::addEntry(int, void (*)(), bool)
                0x00000000c00075ec                IDT::flush()
                0x00000000c0007606                IDT::setup()
 .text          0x00000000c000796c      0x188 core/kheap.32
                0x00000000c000796c                sbrk
                0x00000000c0007a03                mmap
                0x00000000c0007a19                munmap
                0x00000000c0007a2f                liballoc_lock()
                0x00000000c0007a3d                liballoc_unlock()
                0x00000000c0007a53                liballoc_alloc(int)
                0x00000000c0007a6b                liballoc_free(void*, int)
                0x00000000c0007a86                realloc
                0x00000000c0007a9a                malloc
                0x00000000c0007aaa                free
                0x00000000c0007aba                rfree
                0x00000000c0007aca                calloc
 .text          0x00000000c0007af4       0xc3 core/main.32
                0x00000000c0007af4                KeEntryPoint
 .text          0x00000000c0007bb7      0x63a core/physmgr.32
                0x00000000c0007bb7                Phys::allocateDMA(unsigned long)
                0x00000000c0007c9f                Phys::freeDMA(unsigned long, unsigned long)
                0x00000000c0007cda                Phys::setPageState(unsigned long, bool)
                0x00000000c0007d1a                Phys::getPageState(unsigned long)
                0x00000000c0007d36                Phys::freePage(unsigned long)
                0x00000000c0007d9f                Phys::allocatePage()
                0x00000000c0007e6e                Phys::allocateContiguousPages(int)
                0x00000000c0007ed5                Phys::allowSegmentToBeUsed(unsigned long, unsigned long)
                0x00000000c0007f0d                Phys::physicalMemorySetup(unsigned int)
 *fill*         0x00000000c00081f1        0x1 
 .text          0x00000000c00081f2      0x273 core/pipe.32
                0x00000000c00081f2                Pipe::isAtty()
                0x00000000c00081f6                Pipe::~Pipe()
                0x00000000c00081f6                Pipe::~Pipe()
                0x00000000c000821a                Pipe::~Pipe()
                0x00000000c0008242                Pipe::write(unsigned long long, void*, int*)
                0x00000000c0008302                Pipe::read(unsigned long long, void*, int*)
                0x00000000c00083fe                Pipe::Pipe(int)
                0x00000000c00083fe                Pipe::Pipe(int)
 *fill*         0x00000000c0008465        0x1 
 .text          0x00000000c0008466      0xad8 core/terminal.32
                0x00000000c0008466                VgaText::isAtty()
                0x00000000c000846a                VgaText::~VgaText()
                0x00000000c000846a                VgaText::~VgaText()
                0x00000000c000848e                VgaText::~VgaText()
                0x00000000c00084b8                VgaText::read(unsigned long long, void*, int*)
                0x00000000c00084d8                setTerminalScrollLock(bool)
                0x00000000c00084d9                doTerminalCycle()
                0x00000000c00084da                addToTerminalCycle(VgaText*)
                0x00000000c00084db                scrollTerminalScrollLock(int)
                0x00000000c00084dc                VgaText::updateTitle()
                0x00000000c00084de                VgaText::load()
                0x00000000c00084e0                VgaText::updateCursor()
                0x00000000c00084f6                VgaText::doANSI_SGR(int)
                0x00000000c000856a                VgaText::setDefaultBgColour(VgaColour)
                0x00000000c000857a                VgaText::setDefaultFgColour(VgaColour)
                0x00000000c000858a                VgaText::setDefaultColours(VgaColour, VgaColour)
                0x00000000c00085aa                VgaText::setTitleTextColour(VgaColour)
                0x00000000c00085b6                VgaText::setTitleColour(VgaColour)
                0x00000000c00085c2                VgaText::setTitle(char*)
                0x00000000c00085c4                VgaText::combineColours(unsigned char, unsigned char)
                0x00000000c00085d6                VgaText::scrollScreen()
                0x00000000c0008668                VgaText::combineCharAndColour(char, unsigned char)
                0x00000000c0008678                VgaText::writeCharacter(char, VgaColour, VgaColour, int, int)
                0x00000000c0008708                VgaText::getCursorX()
                0x00000000c0008710                VgaText::getCursorY()
                0x00000000c0008718                VgaText::setCursor(int, int)
                0x00000000c000872f                setActiveTerminal(VgaText*)
                0x00000000c000877a                VgaText::clearScreen()
                0x00000000c00087c8                VgaText::setCursorX(int)
                0x00000000c00087e0                VgaText::setCursorY(int)
                0x00000000c00087f8                VgaText::incrementCursor(bool)
                0x00000000c000884c                VgaText::decrementCursor(bool)
                0x00000000c000886e                VgaText::putchar(char, VgaColour, VgaColour)
                0x00000000c000893e                VgaText::putchar(char)
                0x00000000c0008a36                VgaText::putx(unsigned int)
                0x00000000c0008a7c                VgaText::puts(char const*)
                0x00000000c0008aa2                VgaText::write(unsigned long long, void*, int*)
                0x00000000c0008aee                VgaText::puts(char const*, VgaColour, VgaColour)
                0x00000000c0008c3c                VgaText::VgaText(char const*)
                0x00000000c0008c3c                VgaText::VgaText(char const*)
                0x00000000c0008d8c                VgaText::receiveKey(unsigned char)
                0x00000000c0008f18                VgaText::doUpdate()
                0x00000000c0008f19                newTerminal(char*)
 *fill*         0x00000000c0008f3e        0x2 
 .text          0x00000000c0008f40      0x1a1 core/tss.32
                0x00000000c0008f40                TSS::TSS()
                0x00000000c0008f40                TSS::TSS()
                0x00000000c0008f50                TSS::setESP(unsigned long)
                0x00000000c0008f64                TSS::flush()
                0x00000000c0008f84                TSS::setup(unsigned long, unsigned long)
 *fill*         0x00000000c00090e1        0x1 
 .text          0x00000000c00090e2      0x4ca core/unixfile.32
                0x00000000c00090e2                ReservedFilename::read(unsigned long long, void*, int*)
                0x00000000c0009138                ReservedFilename::isAtty()
                0x00000000c0009154                ReservedFilename::write(unsigned long long, void*, int*)
                0x00000000c00091b2                UnixFile::getFileDescriptor()
                0x00000000c00091ba                UnixFile::UnixFile(int)
                0x00000000c00091ba                UnixFile::UnixFile(int)
                0x00000000c000936e                ReservedFilename::ReservedFilename(int)
                0x00000000c000936e                ReservedFilename::ReservedFilename(int)
                0x00000000c00093a0                UnixFile::~UnixFile()
                0x00000000c00093a0                UnixFile::~UnixFile()
                0x00000000c000943c                UnixFile::~UnixFile()
                0x00000000c0009464                ReservedFilename::~ReservedFilename()
                0x00000000c0009464                ReservedFilename::~ReservedFilename()
                0x00000000c0009488                ReservedFilename::~ReservedFilename()
                0x00000000c00094af                getFromFileDescriptor(int)
 .text          0x00000000c00095ac     0x1259 core/virtmgr.32
                0x00000000c00095ac                Virt::setPageState(unsigned long, Virt::VirtPageState)
                0x00000000c00095e6                Virt::getPageState(unsigned long)
                0x00000000c0009609                Virt::allocateKernelVirtualPages(int)
                0x00000000c000972e                Virt::freeSwapfilePage(unsigned long)
                0x00000000c0009751                Virt::swapIDToSector(unsigned long)
                0x00000000c0009767                Virt::allocateSwapfilePage()
                0x00000000c00097e7                Virt::virtualMemorySetup()
                0x00000000c0009838                Virt::setupPageSwapping(int)
                0x00000000c00098aa                VAS::VAS(VAS*)
                0x00000000c00098aa                VAS::VAS(VAS*)
                0x00000000c00098d8                VAS::getForeignPageTableEntry(bool, unsigned long)
                0x00000000c0009906                VAS::getPageTableEntry(unsigned long)
                0x00000000c0009925                Virt::freeKernelVirtualPages(unsigned long)
                0x00000000c0009a38                VAS::freeAllocatedPages(unsigned long)
                0x00000000c0009a5c                VAS::virtualToPhysical(unsigned long)
                0x00000000c0009a76                VAS::reflagRange(unsigned long, int, int, int)
                0x00000000c0009ab8                VAS::VAS()
                0x00000000c0009ab8                VAS::VAS()
                0x00000000c0009b22                VAS::setToWriteCombining(unsigned long, int)
                0x00000000c0009b56                VAS::mapOtherVASIn(bool, VAS*)
                0x00000000c0009b82                VAS::~VAS()
                0x00000000c0009b82                VAS::~VAS()
                0x00000000c0009cf0                VAS::mapPage(unsigned long, unsigned long, int)
                0x00000000c0009df6                VAS::allocatePages(int, int)
                0x00000000c0009fe6                VAS::setCPUSpecific(unsigned long)
                0x00000000c000a004                VAS::mapRange(unsigned long, unsigned long, int, int)
                0x00000000c000a0da                VAS::mapForeignPage(bool, VAS*, unsigned long, unsigned long, int)
                0x00000000c000a1d0                VAS::VAS(bool)
                0x00000000c000a1d0                VAS::VAS(bool)
                0x00000000c000a462                VAS::evict(unsigned long)
                0x00000000c000a52e                VAS::tryLoadBackOffDisk(unsigned long)
                0x00000000c000a624                VAS::scanForEviction()
                0x00000000c000a70a                mapVASFirstTime
 .text          0x00000000c000a805       0x5f coreobjs/c++.32
                0x00000000c000a805                __cxa_atexit
                0x00000000c000a808                __cxa_finalize
                0x00000000c000a809                __stack_chk_fail
                0x00000000c000a83f                __cxa_pure_virtual
                0x00000000c000a850                operator new[](unsigned long)
                0x00000000c000a855                operator delete(void*, unsigned long)
                0x00000000c000a85a                operator delete[](void*)
                0x00000000c000a85f                operator delete[](void*, unsigned long)
 .text          0x00000000c000a864      0x254 dbg/kconsole.32
                0x00000000c000a864                Dbg::stringifyxWithBase(unsigned int, char*, int)
                0x00000000c000a904                Dbg::logc(char)
                0x00000000c000a924                Dbg::logs(char*)
                0x00000000c000a943                Dbg::logWriteInt(unsigned int)
                0x00000000c000a961                Dbg::logWriteIntBase(unsigned int, int)
                0x00000000c000a982                Dbg::kprintf(char const*, ...)
 .text          0x00000000c000aab8      0xc60 fs/vfs.32
                0x00000000c000aab8                File::read(unsigned long long, void*, int*)
                0x00000000c000ab10                File::write(unsigned long long, void*, int*)
                0x00000000c000ab68                Directory::read(unsigned long long, void*, int*)
                0x00000000c000abc0                Directory::write(unsigned long long, void*, int*)
                0x00000000c000abee                File::isAtty()
                0x00000000c000abf2                Directory::isAtty()
                0x00000000c000abf6                Filesystem::getlabel(LogicalDisk*, int, char*, unsigned int*)
                0x00000000c000abfc                Filesystem::setlabel(LogicalDisk*, int, char*)
                0x00000000c000ac02                Filesystem::allocateSwapfile(char const*, int)
                0x00000000c000ac08                File::~File()
                0x00000000c000ac08                File::~File()
                0x00000000c000ac2c                File::~File()
                0x00000000c000ac56                Directory::~Directory()
                0x00000000c000ac56                Directory::~Directory()
                0x00000000c000ac7a                Directory::~Directory()
                0x00000000c000aca4                Filesystem::Filesystem()
                0x00000000c000aca4                Filesystem::Filesystem()
                0x00000000c000acc8                Filesystem::~Filesystem()
                0x00000000c000acc8                Filesystem::~Filesystem()
                0x00000000c000acd6                Filesystem::~Filesystem()
                0x00000000c000acfa                Fs::getcwd(Process*, char*, int)
                0x00000000c000ad24                Fs::initVFS()
                0x00000000c000ad4e                Fs::standardiseFiles(char*, char const*, char const*)
                0x00000000c000af04                File::File(char const*, Process*)
                0x00000000c000af04                File::File(char const*, Process*)
                0x00000000c000afc0                File::open(FileOpenMode)
                0x00000000c000b01e                File::close()
                0x00000000c000b07e                File::seek(unsigned long long)
                0x00000000c000b0d4                File::tell(unsigned long long*)
                0x00000000c000b124                File::rewind()
                0x00000000c000b138                File::unlink()
                0x00000000c000b184                File::rename(char const*)
                0x00000000c000b1d2                File::chfatattr(unsigned char, unsigned char)
                0x00000000c000b22e                File::exists()
                0x00000000c000b26c                File::stat(unsigned long long*, bool*)
                0x00000000c000b2cd                Fs::setcwd(Process*, char*)
                0x00000000c000b42a                Directory::Directory(char const*, Process*)
                0x00000000c000b42a                Directory::Directory(char const*, Process*)
                0x00000000c000b4e6                Directory::open()
                0x00000000c000b542                Directory::close()
                0x00000000c000b5a2                Directory::unlink()
                0x00000000c000b5ee                Directory::rename(char const*)
                0x00000000c000b63c                Directory::exists()
                0x00000000c000b67a                Directory::read(dirent*)
                0x00000000c000b6c6                Directory::create()
                0x00000000c000b712                Filesystem::chfatattr(char const*, unsigned char, unsigned char)
 .text          0x00000000c000b718       0x86 hal/bus.32
                0x00000000c000b718                Bus::Bus(char const*)
                0x00000000c000b718                Bus::Bus(char const*)
                0x00000000c000b750                Bus::~Bus()
                0x00000000c000b750                Bus::~Bus()
                0x00000000c000b774                Bus::~Bus()
 .text          0x00000000c000b79e       0x96 hal/buzzer.32
                0x00000000c000b79e                beepThread(void*)
                0x00000000c000b7db                Krnl::beep(int, int, bool)
 .text          0x00000000c000b834      0x45f hal/clock.32
                0x00000000c000b834                User::loadClockSettings(int)
                0x00000000c000b886                Clock::Clock(char const*)
                0x00000000c000b886                Clock::Clock(char const*)
                0x00000000c000b8bc                Clock::~Clock()
                0x00000000c000b8bc                Clock::~Clock()
                0x00000000c000b8e0                Clock::~Clock()
                0x00000000c000b90a                Clock::timeInSecondsLocal()
                0x00000000c000b952                Clock::setTimeInSecondsLocal(unsigned long long)
                0x00000000c000b9ab                datetimeToSeconds(datetime_t)
                0x00000000c000baca                Clock::setTimeInDatetimeLocal(datetime_t)
                0x00000000c000bb2a                secondsToDatetime(unsigned long long)
                0x00000000c000bc6e                Clock::timeInDatetimeLocal()
 *fill*         0x00000000c000bc93        0x1 
 .text          0x00000000c000bc94      0x464 hal/device.32
                0x00000000c000bc94                Device::hibernate()
                0x00000000c000bc96                Device::wake()
                0x00000000c000bc98                Device::detect()
                0x00000000c000bc9a                Device::disableLegacy()
                0x00000000c000bc9c                Device::powerSaving(PowerSavingLevel)
                0x00000000c000bc9e                DriverlessDevice::close(int, int, void*)
                0x00000000c000bca2                DriverlessDevice::detect()
                0x00000000c000bca4                DriverlessDevice::open(int, int, void*)
                0x00000000c000bcb8                Device::~Device()
                0x00000000c000bcb8                Device::~Device()
                0x00000000c000bcc6                Device::~Device()
                0x00000000c000bcee                Device::findAndLoadDriver()
                0x00000000c000bcfc                Device::preOpenPCI(PCIDeviceInfo)
                0x00000000c000bd22                Device::preOpenACPI(void*, char*, char*)
                0x00000000c000bd62                Device::addIRQHandler(int, void (*)(regs*, void*), bool, void*)
                0x00000000c000bd8c                Device::getParent()
                0x00000000c000bd98                Device::removeIRQHandler(int, void (*)(regs*, void*), bool)
                0x00000000c000bdb6                Device::addChild(Device*)
                0x00000000c000bdfa                Device::removeAllChildren()
                0x00000000c000be40                Device::hibernateAll()
                0x00000000c000be70                Device::wakeAll()
                0x00000000c000bea0                Device::detectAll()
                0x00000000c000bed0                Device::disableLegacyAll()
                0x00000000c000bed2                Device::loadDriversForAll()
                0x00000000c000bed4                Device::closeAll()
                0x00000000c000bf0a                Device::powerSavingAll(PowerSavingLevel)
                0x00000000c000bf40                Device::setName(char const*)
                0x00000000c000bf4e                Device::Device(char const*)
                0x00000000c000bf4e                Device::Device(char const*)
                0x00000000c000c04a                Device::getName()
                0x00000000c000c054                DriverlessDevice::DriverlessDevice(char const*)
                0x00000000c000c054                DriverlessDevice::DriverlessDevice(char const*)
                0x00000000c000c08a                Device::addToLinkedList(LinkedList<Device>&, DeviceType)
                0x00000000c000c0ce                getDevicesOfType(DeviceType)
 .text          0x00000000c000c0f8       0x86 hal/diskctrl.32
                0x00000000c000c0f8                HardDiskController::HardDiskController(char const*)
                0x00000000c000c0f8                HardDiskController::HardDiskController(char const*)
                0x00000000c000c130                HardDiskController::~HardDiskController()
                0x00000000c000c130                HardDiskController::~HardDiskController()
                0x00000000c000c154                HardDiskController::~HardDiskController()
 .text          0x00000000c000c17e       0xe2 hal/diskphys.32
                0x00000000c000c17e                PhysicalDisk::eject()
                0x00000000c000c182                PhysicalDisk::PhysicalDisk(char const*, int)
                0x00000000c000c182                PhysicalDisk::PhysicalDisk(char const*, int)
                0x00000000c000c1ea                PhysicalDisk::startCache()
                0x00000000c000c212                PhysicalDisk::~PhysicalDisk()
                0x00000000c000c212                PhysicalDisk::~PhysicalDisk()
                0x00000000c000c236                PhysicalDisk::~PhysicalDisk()
 .text          0x00000000c000c260        0x0 hal/fpu.32
 .text          0x00000000c000c260      0x359 hal/intctrl.32
                0x00000000c000c260                int_handler
                0x00000000c000c2ea                installISRHandler(int, void (*)(regs*, void*), void*)
                0x00000000c000c334                installIRQHandler(int, void (*)(regs*, void*), bool, void*)
                0x00000000c000c468                uninstallISRHandler(int, void (*)(regs*, void*))
                0x00000000c000c49c                uninstallIRQHandler(int, void (*)(regs*, void*), bool)
                0x00000000c000c51a                setupINTS()
                0x00000000c000c577                convertLegacyIRQNumber(int)
 *fill*         0x00000000c000c5b9        0x1 
 .text          0x00000000c000c5ba      0x8be hal/keybrd.32
                0x00000000c000c5ba                startGUI(void*)
                0x00000000c000c628                startGUIVESA(void*)
                0x00000000c000c696                sendKeyToTerminal(unsigned char)
                0x00000000c000c771                sendKeyboardToken(KeyboardToken)
                0x00000000c000cc5b                clearInternalKeybuffer(VgaText*)
                0x00000000c000cc90                readKeyboard(VgaText*, char*, unsigned long)
                0x00000000c000cdee                Keyboard::Keyboard(char const*)
                0x00000000c000cdee                Keyboard::Keyboard(char const*)
                0x00000000c000ce2a                Keyboard::~Keyboard()
                0x00000000c000ce2a                Keyboard::~Keyboard()
                0x00000000c000ce4e                Keyboard::~Keyboard()
 .text          0x00000000c000ce78      0x3f8 hal/logidisk.32
                0x00000000c000ce78                LogicalDisk::close(int, int, void*)
                0x00000000c000ce7c                LogicalDisk::~LogicalDisk()
                0x00000000c000ce7c                LogicalDisk::~LogicalDisk()
                0x00000000c000cea0                LogicalDisk::~LogicalDisk()
                0x00000000c000ceca                LogicalDisk::open(int, int, void*)
                0x00000000c000cede                LogicalDisk::absoluteToRelative(unsigned long long)
                0x00000000c000cf16                LogicalDisk::relativeToAbsolute(unsigned long long)
                0x00000000c000cf5c                LogicalDisk::LogicalDisk(char const*, PhysicalDisk*, unsigned long long, unsigned long long)
                0x00000000c000cf5c                LogicalDisk::LogicalDisk(char const*, PhysicalDisk*, unsigned long long, unsigned long long)
                0x00000000c000d01c                LogicalDisk::assignDriveLetter()
                0x00000000c000d0d6                LogicalDisk::mount()
                0x00000000c000d11e                LogicalDisk::unmount()
                0x00000000c000d12e                LogicalDisk::eject()
                0x00000000c000d142                LogicalDisk::unassignDriveLetter()
                0x00000000c000d198                LogicalDisk::read(unsigned long long, int, void*)
                0x00000000c000d204                LogicalDisk::write(unsigned long long, int, void*)
 .text          0x00000000c000d270       0x86 hal/mouse.32
                0x00000000c000d270                Mouse::Mouse(char const*)
                0x00000000c000d270                Mouse::Mouse(char const*)
                0x00000000c000d2a8                Mouse::~Mouse()
                0x00000000c000d2a8                Mouse::~Mouse()
                0x00000000c000d2cc                Mouse::~Mouse()
 .text          0x00000000c000d2f6       0x90 hal/nic.32
                0x00000000c000d2f6                NIC::getMAC()
                0x00000000c000d2fc                NIC::write(int, unsigned char*, int*)
                0x00000000c000d302                NIC::NIC(char const*)
                0x00000000c000d302                NIC::NIC(char const*)
                0x00000000c000d338                NIC::~NIC()
                0x00000000c000d338                NIC::~NIC()
                0x00000000c000d35c                NIC::~NIC()
 .text          0x00000000c000d386      0x33b hal/partition.32
                0x00000000c000d386                makePartition(PhysicalDisk*, unsigned long long, unsigned long long)
                0x00000000c000d42e                createPartitionsForDisk(PhysicalDisk*)
 *fill*         0x00000000c000d6c1        0x3 
 .text          0x00000000c000d6c4       0x86 hal/serial.32
                0x00000000c000d6c4                Serial::Serial(char const*)
                0x00000000c000d6c4                Serial::Serial(char const*)
                0x00000000c000d6fc                Serial::~Serial()
                0x00000000c000d6fc                Serial::~Serial()
                0x00000000c000d720                Serial::~Serial()
 *fill*         0x00000000c000d74a        0x2 
 .text          0x00000000c000d74c      0x234 hal/timer.32
                0x00000000c000d74c                Timer::Timer(char const*)
                0x00000000c000d74c                Timer::Timer(char const*)
                0x00000000c000d784                Timer::~Timer()
                0x00000000c000d784                Timer::~Timer()
                0x00000000c000d7a8                Timer::~Timer()
                0x00000000c000d7d2                Timer::read()
                0x00000000c000d7dd                setupTimer(int)
                0x00000000c000d818                timerHandler(unsigned int)
 .text          0x00000000c000d980      0x444 hal/vcache.32
                0x00000000c000d980                VCache::VCache(PhysicalDisk*)
                0x00000000c000d980                VCache::VCache(PhysicalDisk*)
                0x00000000c000daf0                VCache::invalidateReadBuffer()
                0x00000000c000db00                VCache::writeWriteBuffer()
                0x00000000c000db4c                VCache::~VCache()
                0x00000000c000db4c                VCache::~VCache()
                0x00000000c000dba4                VCache::~VCache()
                0x00000000c000dbcc                VCache::write(unsigned long long, int, void*)
                0x00000000c000dcba                VCache::read(unsigned long long, int, void*)
 .text          0x00000000c000ddc4      0x4c7 hal/video.32
                0x00000000c000ddc4                Video::putrect(int, int, int, int, unsigned int)
                0x00000000c000de10                Video::bitblit(int, int, int, int, int, int, int, unsigned int*)
                0x00000000c000de80                Video::blit(unsigned int*, int, int, int, int)
                0x00000000c000defe                Video::clearScreen(unsigned int)
                0x00000000c000df32                Video::putpixel(int, int, unsigned int)
                0x00000000c000df40                Video::readPixelApprox(int, int)
                0x00000000c000df54                Video::Video(char const*)
                0x00000000c000df54                Video::Video(char const*)
                0x00000000c000df8a                Video::~Video()
                0x00000000c000df8a                Video::~Video()
                0x00000000c000dfae                Video::~Video()
                0x00000000c000dfd8                Video::isMonochrome()
                0x00000000c000dfe4                Video::getWidth()
                0x00000000c000dff0                Video::getHeight()
                0x00000000c000dffc                Video::drawCursor(int, int, unsigned int*, int)
                0x00000000c000e0b8                Video::tgaParse(unsigned char*, int, int*, int*)
                0x00000000c000e220                Video::putTGA(int, int, unsigned char*, int)
 *fill*         0x00000000c000e28b        0x1 
 .text          0x00000000c000e28c     0x133b hw/acpi.32
                0x00000000c000e28c                ACPI::close(int, int, void*)
                0x00000000c000e340                findRSDP()
                0x00000000c000e3d8                loadACPITables(unsigned char*)
                0x00000000c000e644                findRSDT(unsigned char*)
                0x00000000c000e79c                findDataTable(unsigned char*, char*)
                0x00000000c000e81c                scanMADT()
                0x00000000c000ecd4                ACPI::ACPI()
                0x00000000c000ecd4                ACPI::ACPI()
                0x00000000c000ed28                ACPI::getPCIIRQAssignment(unsigned char, unsigned short, unsigned char)
                0x00000000c000ee24                ACPI::registerPCIIRQAssignment(void*, unsigned short, unsigned char, unsigned char)
                0x00000000c000eef0                ACPI::setScreenBrightnessLevel(void*, int)
                0x00000000c000eef8                ACPI::detectPCI()
                0x00000000c000f118                ACPI::writeSimpleBootFlag(SimpleBootFlagTable*)
                0x00000000c000f160                ACPI::sleep()
                0x00000000c000f17c                ACPI::open(int, int, void*)
 *fill*         0x00000000c000f5c7        0x1 
 .text          0x00000000c000f5c8      0xba5 hw/cpu.32
                0x00000000c000f5c8                CPU::close(int, int, void*)
                0x00000000c000f5cc                CPU::AMD_K6_write_msr(unsigned int, unsigned int, unsigned int, CPU::REGS*)
                0x00000000c000f5e8                CPU::AMD_K6_read_msr(unsigned int, CPU::REGS*)
                0x00000000c000f600                CPU::AMD_K6_writeback(int, int, int)
                0x00000000c000f674                CPU::cpuid(int, unsigned long*, unsigned long*, unsigned long*, unsigned long*)
                0x00000000c000f6f8                CPU::cpuidCheckEDX(unsigned int)
                0x00000000c000f726                CPU::cpuidCheckECX(unsigned int)
                0x00000000c000f754                CPU::cpuidCheckExtendedEBX(unsigned int)
                0x00000000c000f782                CPU::cpuidCheckExtendedECX(unsigned int)
                0x00000000c000f7b0                CPU::CPU()
                0x00000000c000f7b0                CPU::CPU()
                0x00000000c000f83e                CPU::displayFeatures()
                0x00000000c000f840                CPU::detectFeatures()
                0x00000000c000ff14                CPU::setupSMEP()
                0x00000000c000ff20                CPU::setupUMIP()
                0x00000000c000ff2a                CPU::setupTSC()
                0x00000000c000ff34                CPU::setupLargePages()
                0x00000000c000ff3e                CPU::setupPAT()
                0x00000000c000ff7a                CPU::setupMTRR()
                0x00000000c000ff7c                CPU::setupGlobalPages()
                0x00000000c000ff86                CPU::allowUsermodeDataAccess()
                0x00000000c000ff98                CPU::prohibitUsermodeDataAccess()
                0x00000000c000ffaa                CPU::setupSMAP()
                0x00000000c000ffb8                CPU::setupFeatures()
                0x00000000c0010084                CPU::open(int, int, void*)
 .text          0x00000000c001016d       0xd8 krnl/bootmsg.32
                0x00000000c001016d                KeDisplaySplashScreen()
                0x00000000c00101e2                KeSetBootMessage(char const*)
 *fill*         0x00000000c0010245        0x1 
 .text          0x00000000c0010246      0x585 krnl/env.32
                0x00000000c0010246                EnvVarContainer::getEnv(char const*)
                0x00000000c0010284                EnvVarContainer::setEnv(char const*, char const*)
                0x00000000c0010346                EnvVarContainer::deleteEnv(char const*)
                0x00000000c0010348                EnvVarContainer::loadFrom(char const*, char const*)
                0x00000000c0010532                EnvVarContainer::__loadSystem()
                0x00000000c001054c                EnvVarContainer::__loadUser()
                0x00000000c001054e                EnvVarContainer::EnvVarContainer(Process*)
                0x00000000c001054e                EnvVarContainer::EnvVarContainer(Process*)
                0x00000000c0010570                EnvVarContainer::~EnvVarContainer()
                0x00000000c0010570                EnvVarContainer::~EnvVarContainer()
                0x00000000c00105a0                Krnl::getEnv(Process*, char const*)
                0x00000000c0010605                Krnl::setEnvSystem(char const*, char const*)
                0x00000000c001061f                Krnl::setEnvUser(char const*, char const*)
                0x00000000c001063e                Krnl::setEnvProcess(Process*, char const*, char const*)
                0x00000000c0010651                Krnl::deleteEnvSystem(char const*)
                0x00000000c0010652                Krnl::deleteEnvUser(char const*)
                0x00000000c0010653                Krnl::deleteEnvProcess(Process*, char const*)
                0x00000000c0010654                Krnl::newProcessEnv(Process*)
                0x00000000c0010676                Krnl::copyProcessEnv(Process*, Process*)
                0x00000000c00106c2                Krnl::loadSystemEnv()
                0x00000000c00106f0                Krnl::loadUserEnv()
                0x00000000c0010716                Krnl::flushEnv()
                0x00000000c0010717                Krnl::getProcessTotalEnvCount(Process*)
                0x00000000c0010737                Krnl::getProcessEnvPair(Process*, int)
 .text          0x00000000c00107cb       0x94 krnl/inlines.32
                0x00000000c00107cb                CPU::current()
                0x00000000c00107d7                operator new(unsigned long)
                0x00000000c00107dc                operator delete(void*)
                0x00000000c00107e1                disableIRQs()
                0x00000000c00107e3                enableIRQs()
                0x00000000c00107e5                lockScheduler()
                0x00000000c00107ed                unlockScheduler()
                0x00000000c00107fc                lockStuff()
                0x00000000c001080a                unlockStuff()
                0x00000000c0010844                Virt::getAKernelVAS()
                0x00000000c001084a                __not_memcpy
 .text          0x00000000c001085f        0xc krnl/panic.32
                0x00000000c001085f                KePanic(char const*)
 .text          0x00000000c001086b      0x142 krnl/powctrl.32
                0x00000000c001086b                Krnl::powerThread(void*)
                0x00000000c0010899                Krnl::changePowerSettings(Krnl::PowerSettings)
                0x00000000c00108af                Krnl::userIOReceived()
                0x00000000c00108ba                Krnl::handlePowerButton()
                0x00000000c00108ef                Krnl::handleSleepButton()
                0x00000000c0010924                Krnl::setupPowerManager()
 .text          0x00000000c00109ad       0x9d krnl/random.32
                0x00000000c00109ad                KeRand()
                0x00000000c00109ef                KeSeedRand(unsigned int)
                0x00000000c0010a18                KeInitRand()
 *fill*         0x00000000c0010a4a        0x2 
 .text          0x00000000c0010a4c      0x1bc krnl/resolve.32
                0x00000000c0010a4c                KeResolveCompatibilitySymbol(char*)
 .text          0x00000000c0010c08      0x313 krnl/signal.32
                0x00000000c0010c08                KiSigKill(int)
                0x00000000c0010c1c                KiDefaultSignalHandlerIgnore(int)
                0x00000000c0010c1d                KiDefaultSignalHandlerPause(int)
                0x00000000c0010c49                KiDefaultSignalHandlerResume(int)
                0x00000000c0010c75                KeDeinitSignals(SigHandlerBlock*)
                0x00000000c0010c7a                KeInitSignals()
                0x00000000c0010cc5                KeRegisterSignalHandler(SigHandlerBlock*, int, void (*)(int), unsigned int, int)
                0x00000000c0010cfb                KeRaiseSignal(SigHandlerBlock*, int)
                0x00000000c0010d78                KeCheckSignal(SigHandlerBlock*, int*)
                0x00000000c0010e67                KiCheckSignalZ
                0x00000000c0010ea9                KeCompleteSignal(SigHandlerBlock*, int)
                0x00000000c0010ee4                KiFinishSignalZ
 .text          0x00000000c0010f1b      0xc61 krnl/syscalls.32
                0x00000000c0010f1b                SysSeekDir(regs*)
                0x00000000c0010f20                SysTellDir(regs*)
                0x00000000c0010f25                SysVerify(regs*)
                0x00000000c0010f2f                SysGetArgc(regs*)
                0x00000000c0010f43                SysTTYName(regs*)
                0x00000000c0010f4b                SysFormatDisk(regs*)
                0x00000000c0010fc2                SysSetDiskVolumeLabel(regs*)
                0x00000000c0011016                SysGetDiskVolumeLabel(regs*)
                0x00000000c001106f                SysShutdown(regs*)
                0x00000000c00110cd                SysRealpath(regs*)
                0x00000000c0011112                SysReadDir(regs*)
                0x00000000c0011192                SysIsATTY(regs*)
                0x00000000c00111ec                SysSeek(regs*)
                0x00000000c0011243                SysTell(regs*)
                0x00000000c00112b0                SysSize(regs*)
                0x00000000c0011323                SysSizeFromFilename(regs*)
                0x00000000c00113d4                SysClose(regs*)
                0x00000000c0011434                SysOpenDir(regs*)
                0x00000000c00114b1                SysMakeDir(regs*)
                0x00000000c001151f                SysCloseDir(regs*)
                0x00000000c0011573                SysWait(regs*)
                0x00000000c0011594                SysNotImpl(regs*)
                0x00000000c00115af                SysPanic(regs*)
                0x00000000c00115ca                SysRmdir(regs*)
                0x00000000c001162f                SysUnlink(regs*)
                0x00000000c0011694                SysGetArgv(regs*)
                0x00000000c00116e1                SysUSleep(regs*)
                0x00000000c001170a                SysSpawn(regs*)
                0x00000000c001177d                SysGetEnv(regs*)
                0x00000000c001182e                SysSetFatAttrib(regs*)
                0x00000000c00118a1                SysPipe(regs*)
                0x00000000c00118e6                SysGetUnixTime(regs*)
                0x00000000c00118fa                string_ends_with(char const*, char const*)
                0x00000000c0011942                SysOpen(regs*)
                0x00000000c0011b3a                KeSystemCall(regs*, void*)
 .text          0x00000000c0011b7c      0x159 net/ethernet.32
                0x00000000c0011b7c                KeSwitchEndian16(unsigned short)
                0x00000000c0011ba0                KeSwitchEndian32(unsigned int)
                0x00000000c0011bd0                EthernetCRC32(unsigned char*, int)
                0x00000000c0011c74                EthernetReceivedPacket(EthernetUnwrappedFrame*, unsigned short)
 .text          0x00000000c0011cd5      0xd56 reg/cm.32
                0x00000000c0011cd5                CmOpen(char const*)
                0x00000000c0011df3                CmClose(Reghive_Tag*)
                0x00000000c0011e09                CmReadExtent(Reghive_Tag*, int, unsigned char*)
                0x00000000c0011e45                CmGetString(Reghive_Tag*, int, char*)
                0x00000000c0011ebc                CmEnterDirectory(Reghive_Tag*, int)
                0x00000000c0011efb                CmGetNext(Reghive_Tag*, int)
                0x00000000c0011f2d                CmWriteExtent(Reghive_Tag*, int, unsigned char*)
                0x00000000c0011f69                CmFreeExtent(Reghive_Tag*, int)
                0x00000000c0011f91                CmUpdateHeader(Reghive_Tag*)
                0x00000000c0011fb2                CmExpand(Reghive_Tag*, int)
                0x00000000c001202d                CmFindUnusedExtent(Reghive_Tag*)
                0x00000000c00120b3                CmCreateExtent(Reghive_Tag*, int, int, unsigned char*)
                0x00000000c00121a7                CmSetString(Reghive_Tag*, int, char const*)
                0x00000000c00122e3                CmGetMatch(char*, char*, bool, bool*)
                0x00000000c0012344                CmAddShift(unsigned int*, int*, unsigned char, int)
                0x00000000c0012374                CmGetShift(unsigned int*, int*, int, bool*)
                0x00000000c00123ab                CmGetInteger(Reghive_Tag*, int, unsigned long long*)
                0x00000000c00123d5                CmSetInteger(Reghive_Tag*, int, unsigned long long)
                0x00000000c0012415                CmConvertFromInternalFilename(unsigned char const*, char*)
                0x00000000c00124b9                CmGetNameAndTypeFromExtent(Reghive_Tag*, int, char*)
                0x00000000c00124e7                CmConvertToInternalFilename(char const*, unsigned char*)
                0x00000000c0012685                CmCreateString(Reghive_Tag*, int, char const*)
                0x00000000c00126d2                CmFindInDirectory(Reghive_Tag*, int, char const*)
                0x00000000c001274c                CmCreateInteger(Reghive_Tag*, int, char const*, unsigned long long, int)
                0x00000000c001279f                CmCreateDirectory(Reghive_Tag*, int, char const*)
                0x00000000c0012863                zStrtok(char*, char const*)
                0x00000000c00128d5                CmFindObjectFromPath(Reghive_Tag*, char const*)
                0x00000000c0012956                CmDisplayTree(Reghive_Tag*, int, int)
                0x00000000c00129f9                CmSplitFinalSlashInPlace(char*)
 .text          0x00000000c0012a2b      0x52a reg/registry.32
                0x00000000c0012a2b                Reg::findLineFromLoadedData(char*, char*, char*)
                0x00000000c0012b9c                Reg::getLineFromRegistry(char*, char*, char*, char*)
                0x00000000c0012cf1                Reg::getLine(char*, char*, char*)
                0x00000000c0012d28                Reg::readInt(char*, char*, int*)
                0x00000000c0012e16                Reg::readString(char*, char*, char*, int)
                0x00000000c0012e97                Reg::readBool(char*, char*, bool*)
                0x00000000c0012ebc                Reg::readBoolWithDefault(char*, char*, bool)
                0x00000000c0012ee8                Reg::readIntWithDefault(char*, char*, int)
                0x00000000c0012f14                Reg::readStringWithDefault(char*, char*, char*, int, char*)
 .text          0x00000000c0012f55       0x36 sys/eject.32
                0x00000000c0012f55                SysEject(regs*)
 .text          0x00000000c0012f8b       0x18 sys/exit.32
                0x00000000c0012f8b                SysExit(regs*)
 .text          0x00000000c0012fa3       0x1f sys/getcwd.32
                0x00000000c0012fa3                SysGetCwd(regs*)
 .text          0x00000000c0012fc2        0xc sys/getpid.32
                0x00000000c0012fc2                SysGetPID(regs*)
 .text          0x00000000c0012fce       0x1a sys/getramdata.32
                0x00000000c0012fce                SysGetRAMData(regs*)
 .text          0x00000000c0012fe8       0x82 sys/getvgaptr.32
                0x00000000c0012fe8                SysGetVGAPtr(regs*)
 *fill*         0x00000000c001306a        0x2 
 .text          0x00000000c001306c       0xb9 sys/kill.32
                0x00000000c001306c                SysKill(regs*)
 .text          0x00000000c0013125       0xa8 sys/loaddll.32
                0x00000000c0013125                SysLoadDLL(regs*)
 .text          0x00000000c00131cd       0x68 sys/read.32
                0x00000000c00131cd                SysRead(regs*)
 .text          0x00000000c0013235       0x29 sys/registersignal.32
                0x00000000c0013235                SysRegisterSignal(regs*)
 .text          0x00000000c001325e      0x19c sys/registry.32
                0x00000000c001325e                SysRegistryGetTypeFromPath(regs*)
                0x00000000c00132d5                SysRegistryReadExtent(regs*)
                0x00000000c001331d                SysRegistryPathToExtentLookup(regs*)
                0x00000000c0013345                SysRegistryEnterDirectory(regs*)
                0x00000000c001336d                SysRegistryGetNext(regs*)
                0x00000000c0013395                SysRegistryGetNameAndTypeFromExtent(regs*)
                0x00000000c00133cf                SysRegistryOpen(regs*)
                0x00000000c00133e3                SysRegistryClose(regs*)
 .text          0x00000000c00133fa       0x55 sys/sbrk.32
                0x00000000c00133fa                SysSbrk(regs*)
 .text          0x00000000c001344f       0x1c sys/setcwd.32
                0x00000000c001344f                SysSetCwd(regs*)
 .text          0x00000000c001346b       0x96 sys/settime.32
                0x00000000c001346b                SysSetTime(regs*)
 .text          0x00000000c0013501       0x4a sys/timezone.32
                0x00000000c0013501                SysTimezone(regs*)
 .text          0x00000000c001354b       0x68 sys/write.32
                0x00000000c001354b                SysWrite(regs*)
 .text          0x00000000c00135b3       0x62 sys/wsbe.32
                0x00000000c00135b3                SysWsbe(regs*)
 .text          0x00000000c0013615       0x25 sys/yield.32
                0x00000000c0013615                SysYield(regs*)
 .text          0x00000000c001363a     0x11e6 thr/elf.32
                0x00000000c001363a                Thr::allocateMemoryForTask(Process*, File*, unsigned long, unsigned long, unsigned long)
                0x00000000c00138c8                Thr::loadProgramIntoMemory(Process*, char const*)
                0x00000000c0013ada                Thr::runtimeReferenceHelper()
                0x00000000c0013aed                Thr::getAddressOfKernelSymbol(char const*)
                0x00000000c0013b3c                Thr::loadKernelSymbolTable(char const*)
                0x00000000c0013dfa                Thr::loadDriverIntoMemory(char const*, unsigned long, bool)
                0x00000000c0014533                Thr::getDriverBaseFromAddress(unsigned long)
                0x00000000c0014565                Thr::getDriverNameFromAddress(unsigned long)
                0x00000000c001459c                Thr::getDriverOffsetFromAddress(unsigned long)
                0x00000000c00145b6                Thr::loadDLL(char const*, bool)
                0x00000000c00147e7                Thr::executeDLL(unsigned long, void*)
 .text          0x00000000c0014820     0x13d5 thr/prcssthr.32
                0x00000000c0014820                userModeEntryPoint(void*)
                0x00000000c0014848                changeTSS
                0x00000000c0014878                switchToThread(ThreadControlBlock*)
                0x00000000c0014928                Process::addArgs(char**)
                0x00000000c0014994                Process::Process(char const*, Process*, char**)
                0x00000000c0014994                Process::Process(char const*, Process*, char**)
                0x00000000c0014b9c                Process::Process(bool, char const*, Process*, char**)
                0x00000000c0014b9c                Process::Process(bool, char const*, Process*, char**)
                0x00000000c0014d70                taskStartupFunction
                0x00000000c0014d7c                Semaphore::Semaphore(int)
                0x00000000c0014d7c                Semaphore::Semaphore(int)
                0x00000000c0014dac                Mutex::Mutex()
                0x00000000c0014dac                Mutex::Mutex()
                0x00000000c0014dc0                Process::createThread(void (*)(void*), void*, int)
                0x00000000c0014ecc                Process::createUserThread()
                0x00000000c0014eec                setupMultitasking(void (*)())
                0x00000000c0015010                schedule()
                0x00000000c00150a4                Semaphore::tryAcquire()
                0x00000000c0015178                Semaphore::assertLocked(char const*)
                0x00000000c00151fc                blockTaskWithSchedulerLockAlreadyHeld(TaskState)
                0x00000000c0015224                blockTask(TaskState)
                0x00000000c001525c                waitTask(int, int*, int)
                0x00000000c00152a0                milliTenthSleepUntil(unsigned int)
                0x00000000c0015340                milliTenthSleep(unsigned int)
                0x00000000c0015354                sleep(unsigned int)
                0x00000000c0015370                Semaphore::acquire()
                0x00000000c0015438                taskReturned
                0x00000000c001547c                Thr::processFromPID(int)
                0x00000000c0015528                unblockTask(ThreadControlBlock*)
                0x00000000c00155d4                cleanupTerminatedTask(ThreadControlBlock*)
                0x00000000c00158a8                cleanerTaskFunction(void*)
                0x00000000c00159b0                terminateTask(int)
                0x00000000c0015a9c                Thr::terminateFromIRQ(int)
                0x00000000c0015aac                Semaphore::release()
 .text          0x00000000c0015bf5      0xbe8 vm86/vm8086.32
                0x00000000c0015bf5                Vm::inbv(unsigned short)
                0x00000000c0015c08                Vm::outbv(unsigned short, unsigned char)
                0x00000000c0015c3e                Vm::realToLinear(unsigned short, unsigned short)
                0x00000000c0015c4e                Vm::getSegment(unsigned int)
                0x00000000c0015c56                Vm::getOffset(unsigned int)
                0x00000000c0015c5b                Vm::mainloop2()
                0x00000000c0015c95                Vm::mainVm8086Loop(void*)
                0x00000000c0015ca5                Vm::mainloop3(unsigned long)
                0x00000000c0015ccb                Vm::initialise8086()
                0x00000000c0015d0e                Vm::finish8086()
                0x00000000c0015d6f                Vm::getOutput8086(unsigned char*)
                0x00000000c0015d94                Vm::start8086FromBuffer(unsigned char*, int, unsigned short, unsigned short, unsigned short, unsigned short)
                0x00000000c0015e4d                Vm::start8086(char const*, unsigned short, unsigned short, unsigned short, unsigned short)
                0x00000000c0015fdc                Vm::doISR(regs*, int, unsigned char*, unsigned short, unsigned short)
                0x00000000c0016065                Vm::readByteFromReal(unsigned short, unsigned short)
                0x00000000c0016076                Vm::readWordFromReal(unsigned short, unsigned short)
                0x00000000c0016088                Vm::readDwordFromReal(unsigned short, unsigned short)
                0x00000000c0016099                Vm::writeByteFromReal(unsigned short, unsigned short, unsigned char)
                0x00000000c00160ae                Vm::writeWordFromReal(unsigned short, unsigned short, unsigned short)
                0x00000000c00160c4                Vm::writeDwordFromReal(unsigned short, unsigned short, unsigned int)
                0x00000000c00160d9                Vm::faultHandler(regs*)
 .text          0x00000000c00167dd      0xaac arch/i386/hal.32
                0x00000000c00167dd                noCopro(unsigned long)
                0x00000000c00167de                nmiHandler(regs*, void*)
                0x00000000c00167f7                doubleFault(regs*, void*)
                0x00000000c0016810                displayDebugInfo(regs*)
                0x00000000c0016b6c                HalSystemIdle()
                0x00000000c0016be8                displayProgramFault(char const*)
                0x00000000c0016c34                gpFault(regs*, void*)
                0x00000000c0016c9b                pgFault(regs*, void*)
                0x00000000c0016d24                otherISRHandler(regs*, void*)
                0x00000000c0016d58                opcodeFault(regs*, void*)
                0x00000000c0016ddb                i386SaveCoprocessor(void*)
                0x00000000c0016def                i386LoadCoprocessor(void*)
                0x00000000c0016e03                x87EmulHandler(regs*, void*)
                0x00000000c0016ea0                HalInitialiseCoprocessor()
                0x00000000c0016f4e                HalPanic(char const*)
                0x00000000c0017047                HalQueryPerformanceCounter()
                0x00000000c0017062                HalInitialise()
                0x00000000c0017218                HalMakeBeep(int)
                0x00000000c0017252                HalGetRand()
                0x00000000c0017255                HalEndOfInterrupt(int)
                0x00000000c0017286                HalRestart()
                0x00000000c0017287                HalShutdown()
                0x00000000c0017288                HalSleep()
 *fill*         0x00000000c0017289        0x3 
 .text          0x00000000c001728c      0x2dc arch/i386/pic.32
                0x00000000c001728c                picIoWait()
                0x00000000c0017294                picDisable()
                0x00000000c00172c8                picGetIRQReg(int)
                0x00000000c0017344                picOpen()
                0x00000000c00174c8                picEOI(int)
 .text          0x00000000c0017568      0x674 arch/i386/rtc.32
                0x00000000c0017568                RTC::open(int, int, void*)
                0x00000000c001756c                RTC::close(int, int, void*)
                0x00000000c0017570                RTC::timeInSecondsUTC()
                0x00000000c0017582                RTC::timeInDatetimeUTC()
                0x00000000c00175a8                RTC::setTimeInSecondsUTC(unsigned long long)
                0x00000000c00175e6                RTC::~RTC()
                0x00000000c00175e6                RTC::~RTC()
                0x00000000c001760a                RTC::~RTC()
                0x00000000c0017634                RTC::get_update_in_progress_flag()
                0x00000000c001764e                RTC::completeRTCRefresh()
                0x00000000c001792e                RTC::setTimeInDatetimeUTC(datetime_t)
                0x00000000c0017adc                rtcIRQHandler(regs*, void*)
                0x00000000c0017b22                RTC::RTC()
                0x00000000c0017b22                RTC::RTC()
 .text          0x00000000c0017bdc      0x1f4 arch/i386/vga.32
                0x00000000c0017bdc                HalConsoleScroll(int, int)
                0x00000000c0017ce4                HalConsoleWriteCharacter(char, int, int, int, int)
                0x00000000c0017d48                HalConsoleCursorUpdate(int, int)
 .text          0x00000000c0017dd0     0x1463 fs/fat/vfslink.32
                0x00000000c0017dd0                FAT::getName()
                0x00000000c0017dd8                FAT::tell(void*, unsigned long long*)
                0x00000000c0017e14                FAT::stat(void*, unsigned long long*)
                0x00000000c0017e50                FAT::~FAT()
                0x00000000c0017e50                FAT::~FAT()
                0x00000000c0017e74                FAT::~FAT()
                0x00000000c0017e9c                FAT::getlabel(LogicalDisk*, int, char*, unsigned int*)
                0x00000000c0017f40                FAT::setlabel(LogicalDisk*, int, char*)
                0x00000000c0018004                FAT::format(LogicalDisk*, int, char const*, int)
                0x00000000c00181e8                FAT::tryMount(LogicalDisk*, int)
                0x00000000c0018404                FAT::allocateSwapfile(char const*, int)
                0x00000000c00185c4                FAT::readDir(void*, unsigned long, void*, int*)
                0x00000000c0018734                FAT::read(void*, unsigned long, void*, int*)
                0x00000000c0018794                FAT::write(void*, unsigned long, void*, int*)
                0x00000000c00187f4                FAT::close(void*)
                0x00000000c0018848                FAT::closeDir(void*)
                0x00000000c001889c                FAT::seek(void*, unsigned long long)
                0x00000000c00188f4                fatWrapperReadDisk
                0x00000000c0018934                fatWrapperWriteDisk
                0x00000000c0018974                fatWrapperIoctl
                0x00000000c0018a90                FAT::FAT()
                0x00000000c0018a90                FAT::FAT()
                0x00000000c0018ae8                FAT::fixFilepath(char*)
                0x00000000c0018b28                FAT::open(char const*, void**, FileOpenMode)
                0x00000000c0018c9c                FAT::openDir(char const*, void**)
                0x00000000c0018d4c                FAT::stat(char const*, unsigned long long*, bool*)
                0x00000000c0018e44                FAT::unlink(char const*)
                0x00000000c0018ec4                FAT::chfatattr(char const*, unsigned char, unsigned char)
                0x00000000c0019078                FAT::rename(char const*, char const*)
                0x00000000c0019144                FAT::mkdir(char const*)
                0x00000000c00191c4                FAT::exists(char const*)
 *fill*         0x00000000c0019233        0x1 
 .text          0x00000000c0019234       0x94 fs/iso9660/helper.32
                0x00000000c0019234                isoReadDiscSectorHelper
                0x00000000c0019290                iso_kprintf
                0x00000000c00192ac                iso_kprintfd
 .text          0x00000000c00192c8      0x716 fs/iso9660/vfslink.32
                0x00000000c00192c8                ISO9660::format(LogicalDisk*, int, char const*, int)
                0x00000000c00192ce                ISO9660::getName()
                0x00000000c00192d4                ISO9660::closeDir(void*)
                0x00000000c00192de                ISO9660::chfatattr(char const*, unsigned char, unsigned char)
                0x00000000c00192e4                ISO9660::unlink(char const*)
                0x00000000c00192ea                ISO9660::write(void*, unsigned long, void*, int*)
                0x00000000c00192f0                ISO9660::rename(char const*, char const*)
                0x00000000c00192f6                ISO9660::mkdir(char const*)
                0x00000000c00192fc                ISO9660::~ISO9660()
                0x00000000c00192fc                ISO9660::~ISO9660()
                0x00000000c0019320                ISO9660::~ISO9660()
                0x00000000c0019348                ISO9660::exists(char const*)
                0x00000000c001935c                ISO9660::open(char const*, void**, FileOpenMode)
                0x00000000c0019442                ISO9660::read(void*, unsigned long, void*, int*)
                0x00000000c001948a                ISO9660::seek(void*, unsigned long long)
                0x00000000c00194cc                ISO9660::tell(void*, unsigned long long*)
                0x00000000c001950a                ISO9660::stat(void*, unsigned long long*)
                0x00000000c001955c                ISO9660::stat(char const*, unsigned long long*, bool*)
                0x00000000c001969e                ISO9660::close(void*)
                0x00000000c00196ce                ISO9660::openDir(char const*, void**)
                0x00000000c00197a8                ISO9660::readDir(void*, unsigned long, void*, int*)
                0x00000000c00198c5                readSectorFromCDROM(unsigned int, unsigned char*, char)
                0x00000000c0019944                ISO9660::tryMount(LogicalDisk*, int)
                0x00000000c00199b6                ISO9660::ISO9660()
                0x00000000c00199b6                ISO9660::ISO9660()
 .text          0x00000000c00199de      0x26c hal/sound/sndcard.32
                0x00000000c00199de                SoundCard::beginPlayback()
                0x00000000c00199ec                SoundCard::stopPlayback()
                0x00000000c00199fa                SoundCard::SoundCard(char const*)
                0x00000000c00199fa                SoundCard::SoundCard(char const*)
                0x00000000c0019a98                SoundCard::~SoundCard()
                0x00000000c0019a98                SoundCard::~SoundCard()
                0x00000000c0019abc                SoundCard::~SoundCard()
                0x00000000c0019ae6                SoundCard::configureRates(int, int, int)
                0x00000000c0019b16                SoundCard::getSamples16(int, short*)
                0x00000000c0019b72                SoundCard::getSamples32(int, int*)
                0x00000000c0019bf8                SoundCard::addChannel(SoundPort*)
                0x00000000c0019c36                SoundCard::removeChannel(int)
 *fill*         0x00000000c0019c4a        0x2 
 .text          0x00000000c0019c4c      0x38a hal/sound/sndport.32
                0x00000000c0019c4c                SoundPort::SoundPort(int, int, int, int)
                0x00000000c0019c4c                SoundPort::SoundPort(int, int, int, int)
                0x00000000c0019cd8                SoundPort::~SoundPort()
                0x00000000c0019cd8                SoundPort::~SoundPort()
                0x00000000c0019d0c                SoundPort::unpause()
                0x00000000c0019d18                SoundPort::pause()
                0x00000000c0019d24                SoundPort::getBufferUsed()
                0x00000000c0019d2c                SoundPort::getBufferSize()
                0x00000000c0019d34                SoundPort::buffer16(short*, int)
                0x00000000c0019dc0                SoundPort::buffer32(int*, int)
                0x00000000c0019e4c                SoundPort::unbufferAndAdd16(int, short*, SoundCard*)
                0x00000000c0019f18                SoundPort::unbufferAndAdd32(int, int*, SoundCard*)
 .text          0x00000000c0019fd6        0x0 hw/bus/isa.32
 .text          0x00000000c0019fd6      0xbb7 hw/bus/pci.32
                0x00000000c0019fd6                PCI::open(int, int, void*)
                0x00000000c0019ff4                PCI::close(int, int, void*)
                0x00000000c0019ff8                PCI::PCI()
                0x00000000c0019ff8                PCI::PCI()
                0x00000000c001a090                PCI::readBAR8(unsigned int, int)
                0x00000000c001a0ac                PCI::readBAR16(unsigned int, int)
                0x00000000c001a0ca                PCI::readBAR32(unsigned int, int)
                0x00000000c001a0e6                PCI::writeBAR8(unsigned int, unsigned char, int)
                0x00000000c001a106                PCI::writeBAR16(unsigned int, unsigned short, int)
                0x00000000c001a128                PCI::writeBAR32(unsigned int, unsigned int, int)
                0x00000000c001a148                PCI::legacyMechanism(unsigned char, unsigned char, unsigned char, unsigned char)
                0x00000000c001a1be                PCI::pciReadWord(unsigned char, unsigned char, unsigned char, unsigned char)
                0x00000000c001a268                PCI::getVendorID(unsigned char, unsigned char, unsigned char)
                0x00000000c001a28c                PCI::getHeaderType(unsigned char, unsigned char, unsigned char)
                0x00000000c001a2b4                PCI::getClassCode(unsigned char, unsigned char, unsigned char)
                0x00000000c001a2fe                PCI::getProgIF(unsigned char, unsigned char, unsigned char)
                0x00000000c001a326                PCI::getRevisionID(unsigned char, unsigned char, unsigned char)
                0x00000000c001a34a                PCI::getInterruptNumber(unsigned char, unsigned char, unsigned char)
                0x00000000c001a36e                PCI::getSecondaryBus(unsigned char, unsigned char, unsigned char)
                0x00000000c001a396                PCI::getBARAddress(unsigned char, unsigned char, unsigned char, unsigned char)
                0x00000000c001a3fa                PCI::pciWriteWord(unsigned char, unsigned char, unsigned char, unsigned char, unsigned short)
                0x00000000c001a4e2                PCI::pciDetailsToFilepath(PCIDeviceInfo, char*)
                0x00000000c001a7a8                PCI::checkBus(unsigned char)
                0x00000000c001a7cc                PCI::foundDevice(PCIDeviceInfo)
                0x00000000c001a946                PCI::getDeviceData(unsigned char, unsigned char, unsigned char)
                0x00000000c001aac2                PCI::checkDevice(unsigned char, unsigned char)
                0x00000000c001ab34                PCI::detect()
 *fill*         0x00000000c001ab8d        0x1 
 .text          0x00000000c001ab8e      0xb9a hw/diskctrl/ide.32
                0x00000000c001ab8e                IDE::close(int, int, void*)
                0x00000000c001ab92                IDE::IDE()
                0x00000000c001ab92                IDE::IDE()
                0x00000000c001abc6                IDE::prepareInterrupt(unsigned char)
                0x00000000c001abd8                selectDrive(unsigned char, unsigned char)
                0x00000000c001abda                IDE::getBase(unsigned char)
                0x00000000c001abec                IDE::write(unsigned char, unsigned char, unsigned char)
                0x00000000c001acac                IDE::read(unsigned char, unsigned char)
                0x00000000c001ad5a                IDE::waitInterrupt(unsigned char)
                0x00000000c001adbc                ideChannel0IRQHandler(regs*, void*)
                0x00000000c001add8                ideChannel1IRQHandler(regs*, void*)
                0x00000000c001adf4                IDE::enableIRQs(unsigned char, bool)
                0x00000000c001ae3e                IDE::open(int, int, void*)
                0x00000000c001b27c                IDE::readBuffer(unsigned char, unsigned char, unsigned int, unsigned int)
                0x00000000c001b34c                IDE::detect()
                0x00000000c001b61a                IDE::printError(unsigned char, unsigned char, unsigned char)
                0x00000000c001b6d4                IDE::polling(unsigned char, unsigned int)
 .text          0x00000000c001b728      0x32a hw/diskctrl/satabus.32
                0x00000000c001b728                SATABus::close(int, int, void*)
                0x00000000c001b72c                SATABus::detect()
                0x00000000c001b72e                SATABus::SATABus()
                0x00000000c001b72e                SATABus::SATABus()
                0x00000000c001b7b4                SATABus::findCmdslot(SATABus::tagHBA_PORT volatile*)
                0x00000000c001b7e6                SATABus::checkType(SATABus::tagHBA_PORT volatile*)
                0x00000000c001b82e                SATABus::startCmd(SATABus::tagHBA_PORT volatile*)
                0x00000000c001b84e                SATABus::stopCmd(SATABus::tagHBA_PORT volatile*)
                0x00000000c001b878                SATABus::portRebase(SATABus::tagHBA_PORT volatile*, int)
                0x00000000c001b988                SATABus::probePort(SATABus::tagHBA_MEM volatile*)
                0x00000000c001ba32                SATABus::open(int, int, void*)
 .text          0x00000000c001ba52      0x93f hw/diskphys/ata.32
                0x00000000c001ba52                ATA::close(int, int, void*)
                0x00000000c001ba76                ATA::powerSaving(PowerSavingLevel)
                0x00000000c001ba78                ATA::ATA()
                0x00000000c001ba78                ATA::ATA()
                0x00000000c001baa6                ATA::flush(bool)
                0x00000000c001baf4                ATA::readyForCommand()
                0x00000000c001bb40                ATA::access(unsigned long long, int, void*, bool)
                0x00000000c001bed6                ATA::detectCHS()
                0x00000000c001bf00                ATA::open(int, int, void*)
                0x00000000c001bfcc                combineCharAndColour(char, unsigned char)
                0x00000000c001bfdd                combineColours(unsigned char, unsigned char)
                0x00000000c001bfea                ATA::read(unsigned long long, int, void*)
                0x00000000c001c1c0                ATA::write(unsigned long long, int, void*)
 *fill*         0x00000000c001c391        0x1 
 .text          0x00000000c001c392      0x618 hw/diskphys/atapi.32
                0x00000000c001c392                ATAPI::write(unsigned long long, int, void*)
                0x00000000c001c398                ATAPI::close(int, int, void*)
                0x00000000c001c3bc                ATAPI::ATAPI()
                0x00000000c001c3bc                ATAPI::ATAPI()
                0x00000000c001c3ea                ATAPI::readyForCommand()
                0x00000000c001c43c                ATAPI::sendPacket(unsigned char*, int, bool, unsigned short*, int)
                0x00000000c001c704                ATAPI::diskRemoved()
                0x00000000c001c73e                ATAPI::eject()
                0x00000000c001c786                ATAPI::diskInserted()
                0x00000000c001c792                ATAPI::detectMedia()
                0x00000000c001c850                ATAPI::open(int, int, void*)
                0x00000000c001c930                ATAPI::read(unsigned long long, int, void*)
 .text          0x00000000c001c9aa      0x807 hw/diskphys/sata.32
                0x00000000c001c9aa                SATA::close(int, int, void*)
                0x00000000c001c9ce                SATA::powerSaving(PowerSavingLevel)
                0x00000000c001c9d0                SATA::open(int, int, void*)
                0x00000000c001ca7a                SATA::SATA()
                0x00000000c001ca7a                SATA::SATA()
                0x00000000c001caa8                SATA::access(unsigned long long, int, void*, bool)
                0x00000000c001ccfc                SATA::read(unsigned long long, int, void*)
                0x00000000c001cf4c                SATA::write(unsigned long long, int, void*)
 *fill*         0x00000000c001d1b1        0x1 
 .text          0x00000000c001d1b2      0x5d0 hw/diskphys/satapi.32
                0x00000000c001d1b2                SATAPI::write(unsigned long long, int, void*)
                0x00000000c001d1b8                SATAPI::close(int, int, void*)
                0x00000000c001d1dc                SATAPI::SATAPI()
                0x00000000c001d1dc                SATAPI::SATAPI()
                0x00000000c001d20a                SATAPI::diskRemoved()
                0x00000000c001d20c                SATAPI::diskInserted()
                0x00000000c001d228                SATAPI::sendPacket(unsigned char*, int, unsigned long long, unsigned short*, int)
                0x00000000c001d506                SATAPI::eject()
                0x00000000c001d542                SATAPI::detectMedia()
                0x00000000c001d598                SATAPI::open(int, int, void*)
                0x00000000c001d698                SATAPI::read(unsigned long long, int, void*)
 .text          0x00000000c001d782      0x45b hw/intctrl/apic.32
                0x00000000c001d782                IOAPIC::close(int, int, void*)
                0x00000000c001d788                apicGetBase()
                0x00000000c001d7ce                IOAPIC::IOAPIC()
                0x00000000c001d7ce                IOAPIC::IOAPIC()
                0x00000000c001d7f6                apicOpen()
                0x00000000c001d972                IOAPIC::handlesGSIWithNumber(unsigned int)
                0x00000000c001d9a4                IOAPIC::read(int)
                0x00000000c001d9cc                IOAPIC::open(int, int, void*)
                0x00000000c001dab2                IOAPIC::write(int, int)
                0x00000000c001dade                IOAPIC::redirect(unsigned char, unsigned long long, unsigned char, bool, bool)
 *fill*         0x00000000c001dbdd        0x3 
 .text          0x00000000c001dbe0       0xf0 hw/timer/apictimer.32
                0x00000000c001dbe0                APICTimer::close(int, int, void*)
                0x00000000c001dbe8                apicTimerHandler(regs*, void*)
                0x00000000c001dc10                APICTimer::open(int, int, void*)
                0x00000000c001dc80                APICTimer::write(int)
                0x00000000c001dca8                APICTimer::APICTimer()
                0x00000000c001dca8                APICTimer::APICTimer()
 .text          0x00000000c001dcd0      0x1ad hw/timer/pit.32
                0x00000000c001dcd0                PIT::write(int)
                0x00000000c001dd54                pitHandler(regs*, void*)
                0x00000000c001dd7c                PIT::open(int, int, void*)
                0x00000000c001ddcc                PIT::close(int, int, void*)
                0x00000000c001ddfc                PIT::PIT()
                0x00000000c001ddfc                PIT::PIT()
 *fill*         0x00000000c001de7d        0x3 
 .text          0x00000000c001de80       0x83 arch/i386/avx.32
                0x00000000c001de80                avxDetect
                0x00000000c001deaa                avxSave
                0x00000000c001debb                avxLoad
                0x00000000c001decc                avxInit
                0x00000000c001deee                avxClose
                0x00000000c001deef                wouldSheSayYes
 *fill*         0x00000000c001df03        0xd 
 .text          0x00000000c001df10      0x2ec arch/i386/interrupt.32
                0x00000000c001df10                isr0
                0x00000000c001df20                isr1
                0x00000000c001df2a                isr2
                0x00000000c001df34                isr3
                0x00000000c001df3e                isr4
                0x00000000c001df48                isr5
                0x00000000c001df52                isr6
                0x00000000c001df5c                isr7
                0x00000000c001df66                isr8
                0x00000000c001df6e                isr9
                0x00000000c001df78                isr10
                0x00000000c001df80                isr11
                0x00000000c001df88                isr12
                0x00000000c001df90                isr13
                0x00000000c001dfaa                isr14
                0x00000000c001dfb2                isr15
                0x00000000c001dfbc                isr16
                0x00000000c001dfc6                isr17
                0x00000000c001dfd0                isr18
                0x00000000c001dfda                irq3
                0x00000000c001dfe4                irq4
                0x00000000c001dfee                irq5
                0x00000000c001dff8                irq6
                0x00000000c001e002                irq7
                0x00000000c001e00c                irq8
                0x00000000c001e016                irq9
                0x00000000c001e020                irq10
                0x00000000c001e02a                irq11
                0x00000000c001e034                irq12
                0x00000000c001e03e                irq13
                0x00000000c001e048                irq14
                0x00000000c001e052                irq15
                0x00000000c001e05c                irq1
                0x00000000c001e063                irq2
                0x00000000c001e06a                isr96
                0x00000000c001e071                irq0
                0x00000000c001e076                int_common_stub
                0x00000000c001e0a8                syscall_common_stub
                0x00000000c001e1ac                irq16
                0x00000000c001e1b6                irq17
                0x00000000c001e1c0                irq18
                0x00000000c001e1ca                irq19
                0x00000000c001e1d4                irq20
                0x00000000c001e1de                irq21
                0x00000000c001e1e8                irq22
                0x00000000c001e1f2                irq23
 *fill*         0x00000000c001e1fc        0x4 
 .text          0x00000000c001e200       0x10 arch/i386/rdrand.32
                0x00000000c001e200                i386GetRDRAND
 .text          0x00000000c001e210       0x39 arch/i386/sse.32
                0x00000000c001e210                absolutelyNoChanceInHell
                0x00000000c001e210                sseDetect
                0x00000000c001e228                sseSave
                0x00000000c001e230                sseLoad
                0x00000000c001e238                sseInit
                0x00000000c001e248                sseClose
 *fill*         0x00000000c001e249        0x7 
 .text          0x00000000c001e250       0x49 arch/i386/x87.32
                0x00000000c001e256                x87Detect
                0x00000000c001e271                x87Save
                0x00000000c001e278                x87Load
                0x00000000c001e27f                x87Init
                0x00000000c001e298                x87Close
 *fill*         0x00000000c001e299        0x3 
 .text          0x00000000c001e29c       0x25 /cygdrive/d/Users/Alex/Desktop/Toolchain/Output/bin/../lib/gcc/i386-banana/8.1.0/crtend.o
 .text          0x00000000c001e2c1        0x0 crtn.32
 *fill*         0x00000000c001e2c1        0x3 
 .text          0x00000000c001e2c4      0x14b /cygdrive/d/Users/Alex/Desktop/Toolchain/Output/bin/../lib/gcc/i386-banana/8.1.0/libkgcc.a(_divdi3.o)
                0x00000000c001e2c4                __divdi3
 *fill*         0x00000000c001e40f        0x1 
 .text          0x00000000c001e410      0x17e /cygdrive/d/Users/Alex/Desktop/Toolchain/Output/bin/../lib/gcc/i386-banana/8.1.0/libkgcc.a(_moddi3.o)
                0x00000000c001e410                __moddi3
 *fill*         0x00000000c001e58e        0x2 
 .text          0x00000000c001e590       0xff /cygdrive/d/Users/Alex/Desktop/Toolchain/Output/bin/../lib/gcc/i386-banana/8.1.0/libkgcc.a(_udivdi3.o)
                0x00000000c001e590                __udivdi3
 *fill*         0x00000000c001e68f        0x1 
 .text          0x00000000c001e690      0x11a /cygdrive/d/Users/Alex/Desktop/Toolchain/Output/bin/../lib/gcc/i386-banana/8.1.0/libkgcc.a(_umoddi3.o)
                0x00000000c001e690                __umoddi3
 *(.gnu.linkonce.t*)

.iplt           0x00000000c001e7b0        0x0
 .iplt          0x00000000c001e7b0        0x0 D:/Users/Alex/Desktop/Banana/kernel/boot.32

.init           0x00000000c001e7aa        0xf
 .init          0x00000000c001e7aa        0x3 crti.32
                0x00000000c001e7aa                _init