Archive member included to satisfy reference by file (symbol)

/cygdrive/d/Users/Alex/Desktop/Toolchain/Output/bin/../lib/gcc/i386-banana/8.1.0/libkgcc.a(_divdi3.o)
                              krnl/resolve.32 (__divdi3)
/cygdrive/d/Users/Alex/Desktop/Toolchain/Output/bin/../lib/gcc/i386-banana/8.1.0/libkgcc.a(_moddi3.o)
                              krnl/resolve.32 (__moddi3)
/cygdrive/d/Users/Alex/Desktop/Toolchain/Output/bin/../lib/gcc/i386-banana/8.1.0/libkgcc.a(_udivdi3.o)
                              hal/clock.32 (__udivdi3)
/cygdrive/d/Users/Alex/Desktop/Toolchain/Output/bin/../lib/gcc/i386-banana/8.1.0/libkgcc.a(_umoddi3.o)
                              core/pipe.32 (__umoddi3)

Allocating common symbols
Common symbol       size              file

current_iphdr_src   0x4               net/core/ipv4/ip.32
netif_list          0x4               net/core/netif.32
tcp_active_pcbs     0x4               net/core/tcp.32
udp_pcbs            0x4               net/core/udp.32
current_netif       0x4               net/core/ipv4/ip.32
tcp_ticks           0x4               net/core/tcp.32
tcp_listen_pcbs     0x4               net/core/tcp.32
current_iphdr_dest  0x4               net/core/ipv4/ip.32
tcp_tmp_pcb         0x4               net/core/tcp.32
tcp_input_pcb       0x4               net/core/tcp_in.32
dcache              0x40              fs/iso9660/iso9660.32
current_header      0x4               net/core/ipv4/ip.32
tcp_bound_pcbs      0x4               net/core/tcp.32
cdDriveLetter       0x1               fs/iso9660/iso9660.32
tcp_tw_pcbs         0x4               net/core/tcp.32
lwip_stats          0x150             net/core/stats.32
netif_default       0x4               net/core/netif.32
ram_heap            0x64d             net/core/mem.32
icache              0x40              fs/iso9660/iso9660.32

Discarded input sections

 .comment       0x0000000000000000       0x12 /cygdrive/d/Users/Alex/Desktop/Toolchain/Output/bin/../lib/gcc/i386-banana/8.1.0/crtbegin.o
 .comment       0x0000000000000000       0x12 acpica/utclib.32
 .comment       0x0000000000000000       0x12 arch/cc.32
 .comment       0x0000000000000000       0x12 arch/sys_arch.32
 .comment       0x0000000000000000       0x12 core/malloc.32
 .comment       0x0000000000000000       0x12 libk/ctype.32
 .comment       0x0000000000000000       0x12 libk/string.32
 .comment       0x0000000000000000       0x12 fs/fat/diskio.32
 .comment       0x0000000000000000       0x12 fs/fat/ff.32
 .comment       0x0000000000000000       0x12 fs/fat/ffsystem.32
 .comment       0x0000000000000000       0x12 fs/fat/ffunicode.32
 .comment       0x0000000000000000       0x12 fs/iso9660/iso9660.32
 .comment       0x0000000000000000       0x12 net/core/def.32
 .comment       0x0000000000000000       0x12 net/core/dhcp.32
 .comment       0x0000000000000000       0x12 net/core/dns.32
 .comment       0x0000000000000000       0x12 net/core/init.32
 .comment       0x0000000000000000       0x12 net/core/mem.32
 .comment       0x0000000000000000       0x12 net/core/memp.32
 .comment       0x0000000000000000       0x12 net/core/netif.32
 .comment       0x0000000000000000       0x12 net/core/pbuf.32
 .comment       0x0000000000000000       0x12 net/core/raw.32
 .comment       0x0000000000000000       0x12 net/core/stats.32
 .comment       0x0000000000000000       0x12 net/core/sys.32
 .comment       0x0000000000000000       0x12 net/core/tcp.32
 .comment       0x0000000000000000       0x12 net/core/tcp_in.32
 .comment       0x0000000000000000       0x12 net/core/tcp_out.32
 .comment       0x0000000000000000       0x12 net/core/timers.32
 .comment       0x0000000000000000       0x12 net/core/udp.32
 .comment       0x0000000000000000       0x12 net/netif/etharp.32
 .comment       0x0000000000000000       0x12 net/netif/ethernetif.32
 .comment       0x0000000000000000       0x12 net/netif/slipif.32
 .comment       0x0000000000000000       0x12 net/core/ipv4/autoip.32
 .comment       0x0000000000000000       0x12 net/core/ipv4/icmp.32
 .comment       0x0000000000000000       0x12 net/core/ipv4/igmp.32
 .comment       0x0000000000000000       0x12 net/core/ipv4/inet.32
 .comment       0x0000000000000000       0x12 net/core/ipv4/inet_chksum.32
 .comment       0x0000000000000000       0x12 net/core/ipv4/ip.32
 .comment       0x0000000000000000       0x12 net/core/ipv4/ip_addr.32
 .comment       0x0000000000000000       0x12 net/core/ipv4/ip_frag.32
 .comment       0x0000000000000000       0x12 net/core/snmp/asn1_dec.32
 .comment       0x0000000000000000       0x12 net/core/snmp/asn1_enc.32
 .comment       0x0000000000000000       0x12 net/core/snmp/mib2.32
 .comment       0x0000000000000000       0x12 net/core/snmp/mib_structs.32
 .comment       0x0000000000000000       0x12 net/core/snmp/msg_in.32
 .comment       0x0000000000000000       0x12 net/core/snmp/msg_out.32
 .comment       0x0000000000000000       0x12 net/netif/ppp/auth.32
[...]
Memory Configuration

Name             Origin             Length             Attributes
*default*        0x0000000000000000 0xffffffffffffffff

Linker script and memory map

LOAD D:/Users/Alex/Desktop/Banana/kernel/boot.32
LOAD crti.32
LOAD /cygdrive/d/Users/Alex/Desktop/Toolchain/Output/bin/../lib/gcc/i386-banana/8.1.0/crtbegin.o
LOAD D:/Users/Alex/Desktop/Banana/kernel/morenasm.32
LOAD acpica/utclib.32
LOAD arch/cc.32
LOAD arch/sys_arch.32
LOAD core/malloc.32
LOAD libk/ctype.32
LOAD libk/string.32
LOAD fs/fat/diskio.32
LOAD fs/fat/ff.32
LOAD fs/fat/ffsystem.32
LOAD fs/fat/ffunicode.32
LOAD fs/iso9660/iso9660.32
LOAD net/core/def.32
LOAD net/core/dhcp.32
LOAD net/core/dns.32
LOAD net/core/init.32
LOAD net/core/mem.32
LOAD net/core/memp.32
LOAD net/core/netif.32
LOAD net/core/pbuf.32
LOAD net/core/raw.32
LOAD net/core/stats.32
LOAD net/core/sys.32
LOAD net/core/tcp.32
LOAD net/core/tcp_in.32
LOAD net/core/tcp_out.32
LOAD net/core/timers.32
LOAD net/core/udp.32
LOAD net/netif/etharp.32
LOAD net/netif/ethernetif.32
LOAD net/netif/slipif.32
LOAD net/core/ipv4/autoip.32
LOAD net/core/ipv4/icmp.32
LOAD net/core/ipv4/igmp.32
LOAD net/core/ipv4/inet.32
LOAD net/core/ipv4/inet_chksum.32
LOAD net/core/ipv4/ip.32
LOAD net/core/ipv4/ip_addr.32
LOAD net/core/ipv4/ip_frag.32
LOAD net/core/snmp/asn1_dec.32
LOAD net/core/snmp/asn1_enc.32
LOAD net/core/snmp/mib2.32
LOAD net/core/snmp/mib_structs.32
LOAD net/core/snmp/msg_in.32
LOAD net/core/snmp/msg_out.32
LOAD net/netif/ppp/auth.32
LOAD net/netif/ppp/chap.32
LOAD net/netif/ppp/chpms.32
LOAD net/netif/ppp/fsm.32
LOAD net/netif/ppp/ipcp.32
LOAD net/netif/ppp/lcp.32
LOAD net/netif/ppp/magic.32
LOAD net/netif/ppp/md5.32
LOAD net/netif/ppp/pap.32
LOAD net/netif/ppp/ppp.32
LOAD net/netif/ppp/ppp_oe.32
LOAD net/netif/ppp/randm.32
LOAD net/netif/ppp/vj.32
LOAD core/computer.32
LOAD core/gdt.32
LOAD core/idle.32
LOAD core/idt.32
LOAD core/kheap.32
LOAD core/main.32
LOAD core/physmgr.32
LOAD core/pipe.32
LOAD core/terminal.32
LOAD core/tss.32
LOAD core/unixfile.32
LOAD core/virtmgr.32
LOAD coreobjs/c++.32
LOAD dbg/kconsole.32
LOAD dbg/usban.32
LOAD fs/symlink.32
LOAD fs/vfs.32
LOAD hal/bus.32
LOAD hal/buzzer.32
LOAD hal/clock.32
LOAD hal/device.32
LOAD hal/diskctrl.32
LOAD hal/diskphys.32
LOAD hal/fpu.32
LOAD hal/intctrl.32
LOAD hal/keybrd.32
LOAD hal/logidisk.32
LOAD hal/mouse.32
LOAD hal/nic.32
LOAD hal/partition.32
LOAD hal/serial.32
LOAD hal/timer.32
LOAD hal/vcache.32
LOAD hal/video.32
LOAD hw/acpi.32
LOAD hw/cpu.32
LOAD krnl/atexit.32
LOAD krnl/bootmsg.32
LOAD krnl/cdefs.32
LOAD krnl/compat.32
LOAD krnl/crc32.32
LOAD krnl/env.32
LOAD krnl/inlines.32
LOAD krnl/mutex.32
LOAD krnl/panic.32
LOAD krnl/powctrl.32
LOAD krnl/random.32
LOAD krnl/resolve.32
LOAD krnl/semaphore.32
LOAD krnl/signal.32
LOAD krnl/syscalls.32
LOAD net/ethernet.32
LOAD net/netosl.32
LOAD reg/cm.32
LOAD reg/registry.32
LOAD sys/eject.32
LOAD sys/exit.32
LOAD sys/getcwd.32
LOAD sys/getpid.32
LOAD sys/getramdata.32
LOAD sys/getvgaptr.32
LOAD sys/kill.32
LOAD sys/loaddll.32
LOAD sys/read.32
LOAD sys/registersignal.32
LOAD sys/registry.32
LOAD sys/sbrk.32
LOAD sys/setcwd.32
LOAD sys/settime.32
LOAD sys/symlink.32
LOAD sys/timezone.32
LOAD sys/truncate.32
LOAD sys/write.32
LOAD sys/wsbe.32
LOAD sys/yield.32
LOAD thr/elf.32
LOAD thr/prcssthr.32
LOAD vm86/vm8086.32
LOAD arch/i386/hal.32
LOAD arch/i386/pic.32
LOAD arch/i386/rtc.32
LOAD arch/i386/vga.32
LOAD fs/fat/vfslink.32
LOAD fs/iso9660/helper.32
LOAD fs/iso9660/vfslink.32
LOAD hal/sound/sndcard.32
LOAD hal/sound/sndport.32
LOAD hw/bus/isa.32
LOAD hw/bus/pci.32
LOAD hw/diskctrl/ide.32
LOAD hw/diskctrl/satabus.32
LOAD hw/diskphys/ata.32
LOAD hw/diskphys/atapi.32
LOAD hw/diskphys/sata.32
LOAD hw/diskphys/satapi.32
LOAD hw/intctrl/apic.32
LOAD hw/timer/apictimer.32
LOAD hw/timer/pit.32
LOAD arch/i386/avx.32
LOAD arch/i386/interrupt.32
LOAD arch/i386/rdrand.32
LOAD arch/i386/sse.32
LOAD arch/i386/x87.32
LOAD /cygdrive/d/Users/Alex/Desktop/Toolchain/Output/bin/../lib/gcc/i386-banana/8.1.0/crtend.o
LOAD crtn.32
LOAD /cygdrive/d/Users/Alex/Desktop/Toolchain/Output/bin/../lib/gcc/i386-banana/8.1.0/libkgcc.a
LOAD D:/Users/Alex/Desktop/Banana/kernel/libsoftfp.a
LOAD D:/Users/Alex/Desktop/Banana/kernel/libk/libm32.a
                0x00000000c0000000                . = 0xc0000000

.text           0x00000000c0000000    0x2e87a
 *(.text)
 .text          0x00000000c0000000       0x20 D:/Users/Alex/Desktop/Banana/kernel/boot.32
 .text          0x00000000c0000020        0x0 crti.32
 .text          0x00000000c0000020      0x101 /cygdrive/d/Users/Alex/Desktop/Toolchain/Output/bin/../lib/gcc/i386-banana/8.1.0/crtbegin.o
 *fill*         0x00000000c0000121        0xf 
 .text          0x00000000c0000130      0x24f D:/Users/Alex/Desktop/Banana/kernel/morenasm.32
                0x00000000c0000130                manualPCIProbe
                0x00000000c000017b                prepareTramp
                0x00000000c0000194                doTPAUSE
                0x00000000c000019e                hasLegacyFPU
                0x00000000c00001c3                is486
                0x00000000c00001f9                detectCPUID
                0x00000000c000020f                goToVM86
                0x00000000c000023f                goToUsermode
                0x00000000c0000269                switchToThreadASMFirstTime
                0x00000000c0000277                switchToThreadASM
                0x00000000c00002fc                asmQuickAcquireLock
                0x00000000c000031a                asmQuickReleaseLock
                0x00000000c0000326                asmAcquireLock
                0x00000000c0000347                asmReleaseLock
                0x00000000c000035a                loadGDT
                0x00000000c000037a                memcpy
 *fill*         0x00000000c000037f        0x1 
 .text          0x00000000c0000380      0x868 acpica/utclib.32
                0x00000000c0000380                memcmp
                0x00000000c00003d0                memmove
                0x00000000c00004f0                memset
                0x00000000c0000570                strlen
                0x00000000c00005a0                strpbrk
                0x00000000c00005f0                strtok
                0x00000000c0000640                strcpy
                0x00000000c0000680                strncpy
                0x00000000c0000750                strcmp
                0x00000000c00007a0                strchr
                0x00000000c00007e0                strncmp
                0x00000000c0000840                strcat
                0x00000000c0000870                strncat
                0x00000000c00008d0                strstr
                0x00000000c0000930                toupper
                0x00000000c0000950                tolower
                0x00000000c0000970                simple_strtoul
 .text          0x00000000c0000be8       0x53 arch/cc.32
                0x00000000c0000be8                LWIP_PLATFORM_HTONS
                0x00000000c0000c0c                LWIP_PLATFORM_HTONL
 *fill*         0x00000000c0000c3b        0x1 
 .text          0x00000000c0000c3c      0x162 arch/sys_arch.32
                0x00000000c0000c3c                lwip_socket_init
                0x00000000c0000c54                tcpip_callback_with_block
                0x00000000c0000c6c                sys_sem_new
                0x00000000c0000c94                sys_sem_free
                0x00000000c0000cac                sys_sem_signal
                0x00000000c0000cc4                sys_arch_sem_wait
                0x00000000c0000ce0                sys_mbox_new
                0x00000000c0000cfc                sys_mbox_free
                0x00000000c0000d14                sys_mbox_post
                0x00000000c0000d2c                sys_arch_mbox_fetch
                0x00000000c0000d48                sys_arch_mbox_tryfetch
                0x00000000c0000d64                sys_mbox_trypost
                0x00000000c0000d7c                sys_thread_new
                0x00000000c0000d9c                sys_init
 .text          0x00000000c0000d9e      0xfaa core/malloc.32
                0x00000000c0000f09                dlfree
                0x00000000c0001261                dlmalloc
                0x00000000c000179e                dlrealloc
                0x00000000c0001941                dlmemalign
                0x00000000c0001a64                dlcalloc
                0x00000000c0001afe                dlcfree
                0x00000000c0001b03                dlindependent_calloc
                0x00000000c0001b28                dlindependent_comalloc
                0x00000000c0001b3f                dlvalloc
                0x00000000c0001b6a                dlpvalloc
                0x00000000c0001ba0                dlmalloc_trim
                0x00000000c0001bad                dlmalloc_usable_size
                0x00000000c0001bde                dlmallinfo
                0x00000000c0001cad                dlmalloc_stats
                0x00000000c0001cbe                dlmallopt
 .text          0x00000000c0001d48      0x1f2 libk/ctype.32
                0x00000000c0001d48                isblank
                0x00000000c0001d68                iscntrl
                0x00000000c0001d88                isdigit
                0x00000000c0001da4                islower
                0x00000000c0001dc0                isspace
                0x00000000c0001de8                isupper
                0x00000000c0001e04                isalpha
                0x00000000c0001e34                isalnum
                0x00000000c0001e64                ispunct
                0x00000000c0001ea4                isgraph
                0x00000000c0001ed4                isprint
                0x00000000c0001efc                isxdigit
 .text          0x00000000c0001f3a        0x0 libk/string.32
 .text          0x00000000c0001f3a       0x51 fs/fat/diskio.32
                0x00000000c0001f3a                disk_status
                0x00000000c0001f3d                disk_initialize
                0x00000000c0001f40                disk_read
                0x00000000c0001f56                disk_write
                0x00000000c0001f6c                disk_ioctl
 .text          0x00000000c0001f8b     0x3e46 fs/fat/ff.32
                0x00000000c0003dac                f_mount
                0x00000000c0003e0e                f_open
                0x00000000c00040d1                f_read
                0x00000000c00042d0                f_write
                0x00000000c0004518                f_sync
                0x00000000c00045dd                f_close
                0x00000000c000460c                f_lseek
                0x00000000c00047bd                f_opendir
                0x00000000c0004888                f_closedir
                0x00000000c00048aa                f_readdir
                0x00000000c000493c                f_stat
                0x00000000c00049bb                f_getfree
                0x00000000c0004ac4                f_truncate
                0x00000000c0004bae                f_unlink
                0x00000000c0004cd0                f_mkdir
                0x00000000c0004e6b                f_rename
                0x00000000c0005023                f_chmod
                0x00000000c00050d3                f_utime
                0x00000000c0005183                f_getlabel
                0x00000000c00052d4                f_setlabel
                0x00000000c0005464                f_expand
                0x00000000c00055d1                f_mkfs
 *fill*         0x00000000c0005dd1        0x3 
 .text          0x00000000c0005dd4       0x2f fs/fat/ffsystem.32
                0x00000000c0005dd4                ff_memalloc
                0x00000000c0005dec                ff_memfree
 *fill*         0x00000000c0005e03        0x1 
 .text          0x00000000c0005e04      0x2dc fs/fat/ffunicode.32
                0x00000000c0005e04                ff_uni2oem
                0x00000000c0005ea4                ff_oem2uni
                0x00000000c0005f1c                ff_wtoupper
 .text          0x00000000c00060e0      0xd32 fs/iso9660/iso9660.32
                0x00000000c000632b                isoReadDiscSector
                0x00000000c00063c6                strnicmp
                0x00000000c0006675                stricmp
                0x00000000c00066c1                iso_open
                0x00000000c000674b                iso_close
                0x00000000c0006769                iso_read
                0x00000000c000687f                iso_seek
                0x00000000c0006903                iso_tell
                0x00000000c0006934                iso_total
                0x00000000c000695f                fn_postprocess
                0x00000000c0006986                iso_readdir
                0x00000000c0006bdd                iso_reset
                0x00000000c0006bfa                init_percd
                0x00000000c0006cf4                iso_ioctl
                0x00000000c0006d0c                fs_iso9660_init
                0x00000000c0006da2                fs_iso9660_shutdown
 .text          0x00000000c0006e12        0x0 net/core/def.32
 .text          0x00000000c0006e12        0x0 net/core/dhcp.32
 .text          0x00000000c0006e12        0x0 net/core/dns.32
 *fill*         0x00000000c0006e12        0x2 
 .text          0x00000000c0006e14       0x2b net/core/init.32
                0x00000000c0006e14                lwip_init
 *fill*         0x00000000c0006e3f        0x1 
 .text          0x00000000c0006e40      0x9f0 net/core/mem.32
                0x00000000c0006fd4                mem_init
                0x00000000c000707c                mem_free
                0x00000000c00071a0                mem_trim
                0x00000000c00074b0                mem_malloc
                0x00000000c00077cc                mem_calloc
 .text          0x00000000c0007830      0x2e8 net/core/memp.32
                0x00000000c0007830                memp_init
                0x00000000c0007974                memp_malloc
                0x00000000c0007aa0                memp_free
 .text          0x00000000c0007b18      0x4ba net/core/netif.32
                0x00000000c0007b18                netif_init
                0x00000000c0007b1c                netif_find
                0x00000000c0007bb4                netif_set_ipaddr
                0x00000000c0007cac                netif_set_gw
                0x00000000c0007cd0                netif_set_netmask
                0x00000000c0007cf4                netif_set_addr
                0x00000000c0007d38                netif_add
                0x00000000c0007e04                netif_set_default
                0x00000000c0007e10                netif_set_up
                0x00000000c0007e74                netif_set_down
                0x00000000c0007e9c                netif_remove
                0x00000000c0007f48                netif_set_link_up
                0x00000000c0007fac                netif_set_link_down
 *fill*         0x00000000c0007fd2        0x2 
 .text          0x00000000c0007fd4     0x16ac net/core/pbuf.32
                0x00000000c000809c                pbuf_alloced_custom
                0x00000000c00081c0                pbuf_header
                0x00000000c000835c                pbuf_free
                0x00000000c0008534                pbuf_alloc
                0x00000000c000892c                pbuf_realloc
                0x00000000c0008b30                pbuf_clen
                0x00000000c0008b64                pbuf_ref
                0x00000000c0008b94                pbuf_cat
                0x00000000c0008c74                pbuf_chain
                0x00000000c0008ca0                pbuf_dechain
                0x00000000c0008d94                pbuf_copy
                0x00000000c0008ffc                pbuf_copy_partial
                0x00000000c00091a0                pbuf_take
                0x00000000c0009320                pbuf_coalesce
                0x00000000c00093b4                pbuf_get_at
                0x00000000c000944c                pbuf_memcmp
                0x00000000c0009558                pbuf_memfind
                0x00000000c000960c                pbuf_strstr
 .text          0x00000000c0009680      0x3e4 net/core/raw.32
                0x00000000c0009680                raw_input
                0x00000000c000978c                raw_bind
                0x00000000c00097b0                raw_connect
                0x00000000c00097d4                raw_recv
                0x00000000c00097ec                raw_sendto
                0x00000000c0009958                raw_send
                0x00000000c000997c                raw_remove
                0x00000000c00099fc                raw_new
 .text          0x00000000c0009a64        0x2 net/core/stats.32
                0x00000000c0009a64                stats_init
 *fill*         0x00000000c0009a66        0x2 
 .text          0x00000000c0009a68       0x55 net/core/sys.32
                0x00000000c0009a68                sys_msleep
 *fill*         0x00000000c0009abd        0x3 
 .text          0x00000000c0009ac0     0x1dec net/core/tcp.32
                0x00000000c0009ad0                tcp_listen_with_backlog
                0x00000000c0009c80                tcp_update_rcv_ann_wnd
                0x00000000c0009d5c                tcp_recved
                0x00000000c0009ea4                tcp_bind
                0x00000000c0009fd4                tcp_seg_free
                0x00000000c000a018                tcp_segs_free
                0x00000000c000a050                tcp_setprio
                0x00000000c000a06c                tcp_seg_copy
                0x00000000c000a0c0                tcp_arg
                0x00000000c000a0d0                tcp_recv
                0x00000000c000a0e0                tcp_sent
                0x00000000c000a0f0                tcp_err
                0x00000000c000a100                tcp_accept
                0x00000000c000a110                tcp_poll
                0x00000000c000a138                tcp_pcb_purge
                0x00000000c000a21c                tcp_slowtmr
                0x00000000c000a9a0                tcp_pcb_remove
                0x00000000c000ae48                tcp_close
                0x00000000c000ae84                tcp_recv_null
                0x00000000c000aee8                tcp_fasttmr
                0x00000000c000b00c                tcp_tmr
                0x00000000c000b03c                tcp_shutdown
                0x00000000c000b0e8                tcp_abandon
                0x00000000c000b27c                tcp_abort
                0x00000000c000b3e8                tcp_next_iss
                0x00000000c000b400                tcp_alloc
                0x00000000c000b5ac                tcp_new
                0x00000000c000b5c0                tcp_eff_send_mss
                0x00000000c000b630                tcp_connect
                0x00000000c000b8a0                tcp_debug_state_str
 .text          0x00000000c000b8ac     0x3131 net/core/tcp_in.32
                0x00000000c000df0c                tcp_input
 *fill*         0x00000000c000e9dd        0x3 
 .text          0x00000000c000e9e0     0x1f81 net/core/tcp_out.32
                0x00000000c000ef50                tcp_write
                0x00000000c000f7f0                tcp_enqueue_flags
                0x00000000c000fadc                tcp_send_fin
                0x00000000c000fb7c                tcp_send_empty_ack
                0x00000000c000fe8c                tcp_output
                0x00000000c0010318                tcp_rst
                0x00000000c001048c                tcp_rexmit_rto
                0x00000000c001051c                tcp_rexmit
                0x00000000c00105e4                tcp_rexmit_fast
                0x00000000c00106c8                tcp_keepalive
                0x00000000c0010790                tcp_zero_window_probe
 *fill*         0x00000000c0010961        0x3 
 .text          0x00000000c0010964      0x44d net/core/timers.32
                0x00000000c0010964                sys_timeout
                0x00000000c0010b1c                tcp_timer_needed
                0x00000000c0010bb0                sys_timeouts_init
                0x00000000c0010be8                sys_untimeout
                0x00000000c0010cb4                sys_timeouts_mbox_fetch
 *fill*         0x00000000c0010db1        0x3 
 .text          0x00000000c0010db4      0xae8 net/core/udp.32
                0x00000000c0010db4                udp_input
                0x00000000c0011228                udp_bind
                0x00000000c00113a8                udp_sendto_if
                0x00000000c0011628                udp_sendto
                0x00000000c001168c                udp_send
                0x00000000c00116b8                udp_connect
                0x00000000c0011798                udp_disconnect
                0x00000000c00117c4                udp_recv
                0x00000000c00117dc                udp_remove
                0x00000000c001185c                udp_new
 .text          0x00000000c001189c     0x1204 net/netif/etharp.32
                0x00000000c00118f4                etharp_tmr
                0x00000000c0011ec4                etharp_find_addr
                0x00000000c0012424                etharp_request
                0x00000000c0012460                etharp_query
                0x00000000c001279c                etharp_output
                0x00000000c001295c                ethernet_input
 .text          0x00000000c0012aa0        0x0 net/netif/ethernetif.32
 .text          0x00000000c0012aa0        0x0 net/netif/slipif.32
 .text          0x00000000c0012aa0        0x0 net/core/ipv4/autoip.32
 .text          0x00000000c0012aa0      0x5dd net/core/ipv4/icmp.32
                0x00000000c0012aa0                icmp_input
                0x00000000c0013038                icmp_dest_unreach
                0x00000000c001305c                icmp_time_exceeded
 .text          0x00000000c001307d        0x0 net/core/ipv4/igmp.32
 .text          0x00000000c001307d        0x0 net/core/ipv4/inet.32
 *fill*         0x00000000c001307d        0x3 
 .text          0x00000000c0013080      0x582 net/core/ipv4/inet_chksum.32
                0x00000000c0013178                inet_chksum_pseudo
                0x00000000c0013308                inet_chksum_pseudo_partial
                0x00000000c00134f8                inet_chksum
                0x00000000c0013520                inet_chksum_pbuf
 *fill*         0x00000000c0013602        0x2 
 .text          0x00000000c0013604      0x84c net/core/ipv4/ip.32
                0x00000000c0013604                ip_route
                0x00000000c0013698                ip_input
                0x00000000c0013adc                ip_output_if
                0x00000000c0013dac                ip_output
 .text          0x00000000c0013e50      0x5ac net/core/ipv4/ip_addr.32
                0x00000000c0013e50                ip4_addr_isbroadcast
                0x00000000c0013ed8                ip4_addr_netmask_valid
                0x00000000c0013f3c                ipaddr_aton
                0x00000000c001426c                ipaddr_addr
                0x00000000c001429c                ipaddr_ntoa_r
                0x00000000c00143e8                ipaddr_ntoa
 .text          0x00000000c00143fc     0x1161 net/core/ipv4/ip_frag.32
                0x00000000c0014660                ip_reass_tmr
                0x00000000c0014cf0                ip_reass
                0x00000000c00151b0                ip_frag
 .text          0x00000000c001555d        0x0 net/core/snmp/asn1_dec.32
 .text          0x00000000c001555d        0x0 net/core/snmp/asn1_enc.32
 .text          0x00000000c001555d        0x0 net/core/snmp/mib2.32
 .text          0x00000000c001555d        0x0 net/core/snmp/mib_structs.32
 .text          0x00000000c001555d        0x0 net/core/snmp/msg_in.32
 .text          0x00000000c001555d        0x0 net/core/snmp/msg_out.32
 .text          0x00000000c001555d        0x0 net/netif/ppp/auth.32
 .text          0x00000000c001555d        0x0 net/netif/ppp/chap.32
 .text          0x00000000c001555d        0x0 net/netif/ppp/chpms.32
 .text          0x00000000c001555d        0x0 net/netif/ppp/fsm.32
 .text          0x00000000c001555d        0x0 net/netif/ppp/ipcp.32
 .text          0x00000000c001555d        0x0 net/netif/ppp/lcp.32
 .text          0x00000000c001555d        0x0 net/netif/ppp/magic.32
 .text          0x00000000c001555d        0x0 net/netif/ppp/md5.32
 .text          0x00000000c001555d        0x0 net/netif/ppp/pap.32
 .text          0x00000000c001555d        0x0 net/netif/ppp/ppp.32
 .text          0x00000000c001555d        0x0 net/netif/ppp/ppp_oe.32
 .text          0x00000000c001555d        0x0 net/netif/ppp/randm.32
 .text          0x00000000c001555d        0x0 net/netif/ppp/vj.32
 *fill*         0x00000000c001555d        0x1 
 .text          0x00000000c001555e      0x6cb core/computer.32
                0x00000000c001555e                Computer::close(int, int, void*)
                0x00000000c00155ac                Krnl::firstTask()
                0x00000000c00156ee                Computer::Computer()
                0x00000000c00156ee                Computer::Computer()
                0x00000000c001579e                Computer::setBootMessage(char const*)
                0x00000000c00157a0                Computer::detectFeatures()
                0x00000000c00159c6                Computer::displayFeatures()
                0x00000000c00159c8                Computer::rdmsr(unsigned int)
                0x00000000c00159f4                Computer::wrmsr(unsigned int, unsigned long long)
                0x00000000c0015a30                Computer::shutdown()
                0x00000000c0015a48                Computer::restart()
                0x00000000c0015a60                Computer::sleep()
                0x00000000c0015a74                Computer::nmiEnabled()
                0x00000000c0015a80                Computer::readCMOS(unsigned char)
                0x00000000c0015a9e                Computer::enableNMI(bool)
                0x00000000c0015ab6                Computer::open(int, int, void*)
                0x00000000c0015b8a                Computer::disableNMI()
                0x00000000c0015b9a                Computer::writeCMOS(unsigned char, unsigned char)
                0x00000000c0015bbe                Computer::handleNMI()
 *fill*         0x00000000c0015c29        0x1 
 .text          0x00000000c0015c2a      0x1db core/gdt.32
                0x00000000c0015c2a                GDTEntry::setBase(unsigned int)
                0x00000000c0015c46                GDTEntry::setLimit(unsigned int)
                0x00000000c0015c64                GDT::GDT()
                0x00000000c0015c64                GDT::GDT()
                0x00000000c0015c7a                GDT::addEntry(GDTEntry)
                0x00000000c0015c9c                GDT::getNumberOfEntries()
                0x00000000c0015ca4                GDT::flush()
                0x00000000c0015cc6                GDT::setup()
 .text          0x00000000c0015e05       0x1d core/idle.32
                0x00000000c0015e05                idleFunction(void*)
 *fill*         0x00000000c0015e22        0x2 
 .text          0x00000000c0015e24      0x46c core/idt.32
                0x00000000c0015e24                IDTEntry::IDTEntry(bool)
                0x00000000c0015e24                IDTEntry::IDTEntry(bool)
                0x00000000c0015e9e                IDTEntry::setOffset(unsigned int)
                0x00000000c0015eb4                IDT::IDT()
                0x00000000c0015eb4                IDT::IDT()
                0x00000000c0015eb6                IDT::getPointerToInvalidOpcodeEntryForF00F()
                0x00000000c0015ebe                IDT::addEntry(IDTEntry, int)
                0x00000000c0015ed8                IDT::addEntry(int, void (*)(), bool)
                0x00000000c0015f10                IDT::flush()
                0x00000000c0015f2a                IDT::setup()
 .text          0x00000000c0016290      0x188 core/kheap.32
                0x00000000c0016290                sbrk
                0x00000000c0016327                mmap
                0x00000000c001633d                munmap
                0x00000000c0016353                liballoc_lock()
                0x00000000c0016361                liballoc_unlock()
                0x00000000c0016377                liballoc_alloc(int)
                0x00000000c001638f                liballoc_free(void*, int)
                0x00000000c00163aa                realloc
                0x00000000c00163be                malloc
                0x00000000c00163ce                free
                0x00000000c00163de                rfree
                0x00000000c00163ee                calloc
 .text          0x00000000c0016418       0xc7 core/main.32
                0x00000000c0016418                KeEntryPoint
 .text          0x00000000c00164df      0x644 core/physmgr.32
                0x00000000c00164df                Phys::allocateDMA(unsigned long)
                0x00000000c00165c7                Phys::freeDMA(unsigned long, unsigned long)
                0x00000000c0016602                Phys::setPageState(unsigned long, bool)
                0x00000000c0016642                Phys::getPageState(unsigned long)
                0x00000000c001665e                Phys::freePage(unsigned long)
                0x00000000c00166c7                Phys::allocatePage()
                0x00000000c0016796                Phys::allocateContiguousPages(int)
                0x00000000c00167fd                Phys::allowSegmentToBeUsed(unsigned long, unsigned long)
                0x00000000c0016835                Phys::physicalMemorySetup(unsigned int)
 *fill*         0x00000000c0016b23        0x1 
 .text          0x00000000c0016b24      0x273 core/pipe.32
                0x00000000c0016b24                Pipe::isAtty()
                0x00000000c0016b28                Pipe::~Pipe()
                0x00000000c0016b28                Pipe::~Pipe()
                0x00000000c0016b4c                Pipe::~Pipe()
                0x00000000c0016b74                Pipe::write(unsigned long long, void*, int*)
                0x00000000c0016c34                Pipe::read(unsigned long long, void*, int*)
                0x00000000c0016d30                Pipe::Pipe(int)
                0x00000000c0016d30                Pipe::Pipe(int)
 *fill*         0x00000000c0016d97        0x1 
 .text          0x00000000c0016d98      0xab3 core/terminal.32
                0x00000000c0016d98                VgaText::isAtty()
                0x00000000c0016d9c                VgaText::~VgaText()
                0x00000000c0016d9c                VgaText::~VgaText()
                0x00000000c0016dc0                VgaText::~VgaText()
                0x00000000c0016dea                VgaText::read(unsigned long long, void*, int*)
                0x00000000c0016e0a                setTerminalScrollLock(bool)
                0x00000000c0016e0b                doTerminalCycle()
                0x00000000c0016e0c                addToTerminalCycle(VgaText*)
                0x00000000c0016e0d                scrollTerminalScrollLock(int)
                0x00000000c0016e0e                VgaText::updateTitle()
                0x00000000c0016e10                VgaText::load()
                0x00000000c0016e12                VgaText::updateCursor()
                0x00000000c0016e28                VgaText::doANSI_SGR(int)
                0x00000000c0016e9c                VgaText::setDefaultBgColour(VgaColour)
                0x00000000c0016eac                VgaText::setDefaultFgColour(VgaColour)
                0x00000000c0016ebc                VgaText::setDefaultColours(VgaColour, VgaColour)
                0x00000000c0016edc                VgaText::setTitleTextColour(VgaColour)
                0x00000000c0016ee8                VgaText::setTitleColour(VgaColour)
                0x00000000c0016ef4                VgaText::setTitle(char*)
                0x00000000c0016ef6                VgaText::combineColours(unsigned char, unsigned char)
                0x00000000c0016f08                VgaText::scrollScreen()
                0x00000000c0016f9a                VgaText::combineCharAndColour(char, unsigned char)
                0x00000000c0016faa                VgaText::writeCharacter(char, VgaColour, VgaColour, int, int)
                0x00000000c001703a                VgaText::getCursorX()
                0x00000000c0017042                VgaText::getCursorY()
                0x00000000c001704a                VgaText::setCursor(int, int)
                0x00000000c0017061                setActiveTerminal(VgaText*)
                0x00000000c00170ac                VgaText::clearScreen()
                0x00000000c00170fa                VgaText::setCursorX(int)
                0x00000000c0017112                VgaText::setCursorY(int)
                0x00000000c001712a                VgaText::incrementCursor(bool)
                0x00000000c001717e                VgaText::decrementCursor(bool)
                0x00000000c00171a0                VgaText::putchar(char, VgaColour, VgaColour)
                0x00000000c0017270                VgaText::putchar(char)
                0x00000000c0017368                VgaText::putx(unsigned int)
                0x00000000c00173ae                VgaText::puts(char const*)
                0x00000000c00173d4                VgaText::write(unsigned long long, void*, int*)
                0x00000000c0017420                VgaText::puts(char const*, VgaColour, VgaColour)
                0x00000000c001756e                VgaText::VgaText(char const*)
                0x00000000c001756e                VgaText::VgaText(char const*)
                0x00000000c00176be                VgaText::receiveKey(unsigned char)
                0x00000000c001784a                VgaText::doUpdate()
 *fill*         0x00000000c001784b        0x1 
 .text          0x00000000c001784c      0x1a1 core/tss.32
                0x00000000c001784c                TSS::TSS()
                0x00000000c001784c                TSS::TSS()
                0x00000000c001785c                TSS::setESP(unsigned long)
                0x00000000c0017870                TSS::flush()
                0x00000000c0017890                TSS::setup(unsigned long, unsigned long)
 *fill*         0x00000000c00179ed        0x1 
 .text          0x00000000c00179ee      0x4ca core/unixfile.32
                0x00000000c00179ee                ReservedFilename::read(unsigned long long, void*, int*)
                0x00000000c0017a44                ReservedFilename::isAtty()
                0x00000000c0017a60                ReservedFilename::write(unsigned long long, void*, int*)
                0x00000000c0017abe                UnixFile::getFileDescriptor()
                0x00000000c0017ac6                UnixFile::UnixFile(int)
                0x00000000c0017ac6                UnixFile::UnixFile(int)
                0x00000000c0017c7a                ReservedFilename::ReservedFilename(int)
                0x00000000c0017c7a                ReservedFilename::ReservedFilename(int)
                0x00000000c0017cac                UnixFile::~UnixFile()
                0x00000000c0017cac                UnixFile::~UnixFile()
                0x00000000c0017d48                UnixFile::~UnixFile()
                0x00000000c0017d70                ReservedFilename::~ReservedFilename()
                0x00000000c0017d70                ReservedFilename::~ReservedFilename()
                0x00000000c0017d94                ReservedFilename::~ReservedFilename()
                0x00000000c0017dbb                KeGetFileFromDescriptor(int)
 .text          0x00000000c0017eb8     0x1218 core/virtmgr.32
                0x00000000c0017eb8                Virt::setPageState(unsigned long, Virt::VirtPageState)
                0x00000000c0017ef2                Virt::getPageState(unsigned long)
                0x00000000c0017f15                Virt::allocateKernelVirtualPages(int)
                0x00000000c001803a                Virt::freeSwapfilePage(unsigned long)
                0x00000000c001805d                Virt::swapIDToSector(unsigned long)
                0x00000000c0018073                Virt::allocateSwapfilePage()
                0x00000000c00180f3                Virt::virtualMemorySetup()
                0x00000000c0018144                Virt::setupPageSwapping(int)
                0x00000000c00181b6                VAS::setCPUSpecific(unsigned long)
                0x00000000c00181b8                VAS::VAS(VAS*)
                0x00000000c00181b8                VAS::VAS(VAS*)
                0x00000000c00181e6                VAS::getForeignPageTableEntry(bool, unsigned long)
                0x00000000c0018214                VAS::getPageTableEntry(unsigned long)
                0x00000000c0018233                Virt::freeKernelVirtualPages(unsigned long)
                0x00000000c0018370                VAS::freeAllocatedPages(unsigned long)
                0x00000000c0018394                VAS::virtualToPhysical(unsigned long)
                0x00000000c00183ae                VAS::reflagRange(unsigned long, int, unsigned long, unsigned long)
                0x00000000c00183f0                VAS::VAS()
                0x00000000c00183f0                VAS::VAS()
                0x00000000c001845a                VAS::setToWriteCombining(unsigned long, int)
                0x00000000c001848e                VAS::mapOtherVASIn(bool, VAS*)
                0x00000000c00184ba                VAS::~VAS()
                0x00000000c00184ba                VAS::~VAS()
                0x00000000c0018628                VAS::mapPage(unsigned long, unsigned long, int)
                0x00000000c001872c                VAS::allocatePages(int, int)
                0x00000000c0018822                VAS::mapRange(unsigned long, unsigned long, int, int)
                0x00000000c001887a                VAS::mapForeignPage(bool, VAS*, unsigned long, unsigned long, int)
                0x00000000c0018970                VAS::VAS(bool)
                0x00000000c0018970                VAS::VAS(bool)
                0x00000000c0018bba                VAS::evict(unsigned long)
                0x00000000c0018c98                VAS::tryLoadBackOffDisk(unsigned long)
                0x00000000c0018e32                VAS::allocateSharedMemoryWithKernel(unsigned long, unsigned long*)
                0x00000000c0018ea6                VAS::freeSharedMemoryWithKernel(unsigned long, unsigned long)
                0x00000000c0018ed2                VAS::scanForEviction()
                0x00000000c0018fd5                mapVASFirstTime
 .text          0x00000000c00190d0       0x5f coreobjs/c++.32
                0x00000000c00190d0                __cxa_atexit
                0x00000000c00190d3                __cxa_finalize
                0x00000000c00190d4                __stack_chk_fail
                0x00000000c001910a                __cxa_pure_virtual
                0x00000000c001911b                operator new[](unsigned long)
                0x00000000c0019120                operator delete(void*, unsigned long)
                0x00000000c0019125                operator delete[](void*)
                0x00000000c001912a                operator delete[](void*, unsigned long)
 .text          0x00000000c001912f      0x254 dbg/kconsole.32
                0x00000000c001912f                Dbg::stringifyxWithBase(unsigned int, char*, int)
                0x00000000c00191cf                Dbg::logc(char)
                0x00000000c00191ef                Dbg::logs(char*)
                0x00000000c001920e                Dbg::logWriteInt(unsigned int)
                0x00000000c001922c                Dbg::logWriteIntBase(unsigned int, int)
                0x00000000c001924d                Dbg::kprintf(char const*, ...)
 *fill*         0x00000000c0019383        0x1 
 .text          0x00000000c0019384      0x2d4 dbg/usban.32
                0x00000000c0019384                KiUbsanPrintDetails(char const*, void*)
                0x00000000c00193f0                __ubsan_handle_type_mismatch_v1
                0x00000000c00194cc                __ubsan_handle_pointer_overflow
                0x00000000c00194f8                __ubsan_handle_out_of_bounds
                0x00000000c0019524                __ubsan_handle_add_overflow
                0x00000000c0019550                __ubsan_handle_load_invalid_value
                0x00000000c001957c                __ubsan_handle_divrem_overflow
                0x00000000c00195a8                __ubsan_handle_mul_overflow
                0x00000000c00195d4                __ubsan_handle_sub_overflow
                0x00000000c0019600                __ubsan_handle_shift_out_of_bounds
                0x00000000c001962c                __ubsan_handle_negate_overflow
 .text          0x00000000c0019658      0x86d fs/symlink.32
                0x00000000c00197a7                KiDeinitialiseSymlinks(void*)
                0x00000000c001983a                KeRegisterSymlink(char const*, unsigned long long)
                0x00000000c00198cc                KeInitialiseSymlinks()
                0x00000000c0019a40                KiIsSymlinkRegistered(char const*)
                0x00000000c0019bc4                KeDereferenceSymlink(char const*, char*)
                0x00000000c0019d6b                KeCreateSymlink(char const*, char const*)
 *fill*         0x00000000c0019ec5        0x1 
 .text          0x00000000c0019ec6      0xd68 fs/vfs.32
                0x00000000c0019ec6                File::read(unsigned long long, void*, int*)
                0x00000000c0019f1e                File::write(unsigned long long, void*, int*)
                0x00000000c0019f76                Directory::read(unsigned long long, void*, int*)
                0x00000000c0019fce                Directory::write(unsigned long long, void*, int*)
                0x00000000c0019ffc                File::isAtty()
                0x00000000c001a000                Directory::isAtty()
                0x00000000c001a004                Filesystem::getlabel(LogicalDisk*, int, char*, unsigned int*)
                0x00000000c001a00a                Filesystem::setlabel(LogicalDisk*, int, char*)
                0x00000000c001a010                Filesystem::allocateSwapfile(char const*, int)
                0x00000000c001a016                File::~File()
                0x00000000c001a016                File::~File()
                0x00000000c001a03a                File::~File()
                0x00000000c001a064                Directory::~Directory()
                0x00000000c001a064                Directory::~Directory()
                0x00000000c001a088                Directory::~Directory()
                0x00000000c001a0b2                Filesystem::Filesystem()
                0x00000000c001a0b2                Filesystem::Filesystem()
                0x00000000c001a0d6                Filesystem::~Filesystem()
                0x00000000c001a0d6                Filesystem::~Filesystem()
                0x00000000c001a0e4                Filesystem::~Filesystem()
                0x00000000c001a108                Fs::getcwd(Process*, char*, int)
                0x00000000c001a132                Fs::initVFS()
                0x00000000c001a15c                Fs::standardiseFiles(char*, char const*, char const*, bool)
                0x00000000c001a376                File::File(char const*, Process*, bool)
                0x00000000c001a376                File::File(char const*, Process*, bool)
                0x00000000c001a454                File::File(char const*, Process*)
                0x00000000c001a454                File::File(char const*, Process*)
                0x00000000c001a472                File::open(FileOpenMode)
                0x00000000c001a4d0                File::close()
                0x00000000c001a530                File::seek(unsigned long long)
                0x00000000c001a586                File::truncate(unsigned long long)
                0x00000000c001a5dc                File::tell(unsigned long long*)
                0x00000000c001a62c                File::rewind()
                0x00000000c001a640                File::unlink()
                0x00000000c001a68c                File::rename(char const*)
                0x00000000c001a6da                File::chfatattr(unsigned char, unsigned char)
                0x00000000c001a736                File::exists()
                0x00000000c001a774                File::stat(unsigned long long*, bool*)
                0x00000000c001a7d5                Fs::setcwd(Process*, char*)
                0x00000000c001a934                Directory::Directory(char const*, Process*)
                0x00000000c001a934                Directory::Directory(char const*, Process*)
                0x00000000c001a9fc                Directory::open()
                0x00000000c001aa58                Directory::close()
                0x00000000c001aab8                Directory::unlink()
                0x00000000c001ab04                Directory::rename(char const*)
                0x00000000c001ab52                Directory::exists()
                0x00000000c001ab90                Directory::read(dirent*)
                0x00000000c001abdc                Directory::create()
                0x00000000c001ac28                Filesystem::chfatattr(char const*, unsigned char, unsigned char)
 *fill*         0x00000000c001ac2e        0x2 
 .text          0x00000000c001ac30       0x86 hal/bus.32
                0x00000000c001ac30                Bus::Bus(char const*)
                0x00000000c001ac30                Bus::Bus(char const*)
                0x00000000c001ac68                Bus::~Bus()
                0x00000000c001ac68                Bus::~Bus()
                0x00000000c001ac8c                Bus::~Bus()
 .text          0x00000000c001acb6       0x96 hal/buzzer.32
                0x00000000c001acb6                beepThread(void*)
                0x00000000c001acf3                Krnl::beep(int, int, bool)
 .text          0x00000000c001ad4c      0x45f hal/clock.32
                0x00000000c001ad4c                User::loadClockSettings(int)
                0x00000000c001ad9e                Clock::Clock(char const*)
                0x00000000c001ad9e                Clock::Clock(char const*)
                0x00000000c001add4                Clock::~Clock()
                0x00000000c001add4                Clock::~Clock()
                0x00000000c001adf8                Clock::~Clock()
                0x00000000c001ae22                Clock::timeInSecondsLocal()
                0x00000000c001ae6a                Clock::setTimeInSecondsLocal(unsigned long long)
                0x00000000c001aec3                datetimeToSeconds(datetime_t)
                0x00000000c001afe2                Clock::setTimeInDatetimeLocal(datetime_t)
                0x00000000c001b042                secondsToDatetime(unsigned long long)
                0x00000000c001b186                Clock::timeInDatetimeLocal()
 *fill*         0x00000000c001b1ab        0x1 
 .text          0x00000000c001b1ac      0x47a hal/device.32
                0x00000000c001b1ac                Device::hibernate()
                0x00000000c001b1ae                Device::wake()
                0x00000000c001b1b0                Device::detect()
                0x00000000c001b1b2                Device::disableLegacy()
                0x00000000c001b1b4                Device::powerSaving(PowerSavingLevel)
                0x00000000c001b1b6                DriverlessDevice::close(int, int, void*)
                0x00000000c001b1ba                DriverlessDevice::detect()
                0x00000000c001b1bc                DriverlessDevice::open(int, int, void*)
                0x00000000c001b1d0                Device::~Device()
                0x00000000c001b1d0                Device::~Device()
                0x00000000c001b1de                Device::~Device()
                0x00000000c001b206                Device::findAndLoadDriver()
                0x00000000c001b214                Device::preOpenPCI(PCIDeviceInfo)
                0x00000000c001b23a                Device::preOpenACPI(void*, char*, char*)
                0x00000000c001b27a                Device::addIRQHandler(int, void (*)(regs*, void*), bool, void*)
                0x00000000c001b2a4                Device::getParent()
                0x00000000c001b2b0                Device::removeIRQHandler(int, void (*)(regs*, void*), bool)
                0x00000000c001b2ce                Device::addChild(Device*)
                0x00000000c001b312                Device::removeAllChildren()
                0x00000000c001b358                Device::hibernateAll()
                0x00000000c001b388                Device::wakeAll()
                0x00000000c001b3b8                Device::detectAll()
                0x00000000c001b3e8                Device::disableLegacyAll()
                0x00000000c001b3ea                Device::loadDriversForAll()
                0x00000000c001b3ec                Device::powerSavingAll(PowerSavingLevel)
                0x00000000c001b422                Device::setName(char const*)
                0x00000000c001b430                Device::Device(char const*)
                0x00000000c001b430                Device::Device(char const*)
                0x00000000c001b52c                Device::getName()
                0x00000000c001b536                Device::closeAll()
                0x00000000c001b582                DriverlessDevice::DriverlessDevice(char const*)
                0x00000000c001b582                DriverlessDevice::DriverlessDevice(char const*)
                0x00000000c001b5b8                Device::addToLinkedList(LinkedList<Device>&, DeviceType)
                0x00000000c001b5fc                getDevicesOfType(DeviceType)
 *fill*         0x00000000c001b626        0x2 
 .text          0x00000000c001b628       0x86 hal/diskctrl.32
                0x00000000c001b628                HardDiskController::HardDiskController(char const*)
                0x00000000c001b628                HardDiskController::HardDiskController(char const*)
                0x00000000c001b660                HardDiskController::~HardDiskController()
                0x00000000c001b660                HardDiskController::~HardDiskController()
                0x00000000c001b684                HardDiskController::~HardDiskController()
 .text          0x00000000c001b6ae       0xe2 hal/diskphys.32
                0x00000000c001b6ae                PhysicalDisk::eject()
                0x00000000c001b6b2                PhysicalDisk::PhysicalDisk(char const*, int)
                0x00000000c001b6b2                PhysicalDisk::PhysicalDisk(char const*, int)
                0x00000000c001b71a                PhysicalDisk::startCache()
                0x00000000c001b742                PhysicalDisk::~PhysicalDisk()
                0x00000000c001b742                PhysicalDisk::~PhysicalDisk()
                0x00000000c001b766                PhysicalDisk::~PhysicalDisk()
 .text          0x00000000c001b790        0x0 hal/fpu.32
 .text          0x00000000c001b790      0x359 hal/intctrl.32
                0x00000000c001b790                int_handler
                0x00000000c001b81a                installISRHandler(int, void (*)(regs*, void*), void*)
                0x00000000c001b864                installIRQHandler(int, void (*)(regs*, void*), bool, void*)
                0x00000000c001b998                uninstallISRHandler(int, void (*)(regs*, void*))
                0x00000000c001b9cc                uninstallIRQHandler(int, void (*)(regs*, void*), bool)
                0x00000000c001ba4a                setupINTS()
                0x00000000c001baa7                convertLegacyIRQNumber(int)
 *fill*         0x00000000c001bae9        0x1 
 .text          0x00000000c001baea      0x8b6 hal/keybrd.32
                0x00000000c001baea                startGUI(void*)
                0x00000000c001bb54                startGUIVESA(void*)
                0x00000000c001bbbe                sendKeyToTerminal(unsigned char)
                0x00000000c001bc99                sendKeyboardToken(KeyboardToken)
                0x00000000c001c183                clearInternalKeybuffer(VgaText*)
                0x00000000c001c1b8                readKeyboard(VgaText*, char*, unsigned long)
                0x00000000c001c316                Keyboard::Keyboard(char const*)
                0x00000000c001c316                Keyboard::Keyboard(char const*)
                0x00000000c001c352                Keyboard::~Keyboard()
                0x00000000c001c352                Keyboard::~Keyboard()
                0x00000000c001c376                Keyboard::~Keyboard()
 .text          0x00000000c001c3a0      0x3f8 hal/logidisk.32
                0x00000000c001c3a0                LogicalDisk::close(int, int, void*)
                0x00000000c001c3a4                LogicalDisk::~LogicalDisk()
                0x00000000c001c3a4                LogicalDisk::~LogicalDisk()
                0x00000000c001c3c8                LogicalDisk::~LogicalDisk()
                0x00000000c001c3f2                LogicalDisk::open(int, int, void*)
                0x00000000c001c406                LogicalDisk::absoluteToRelative(unsigned long long)
                0x00000000c001c43e                LogicalDisk::relativeToAbsolute(unsigned long long)
                0x00000000c001c484                LogicalDisk::LogicalDisk(char const*, PhysicalDisk*, unsigned long long, unsigned long long)
                0x00000000c001c484                LogicalDisk::LogicalDisk(char const*, PhysicalDisk*, unsigned long long, unsigned long long)
                0x00000000c001c544                LogicalDisk::assignDriveLetter()
                0x00000000c001c5fe                LogicalDisk::mount()
                0x00000000c001c646                LogicalDisk::unmount()
                0x00000000c001c656                LogicalDisk::eject()
                0x00000000c001c66a                LogicalDisk::unassignDriveLetter()
                0x00000000c001c6c0                LogicalDisk::read(unsigned long long, int, void*)
                0x00000000c001c72c                LogicalDisk::write(unsigned long long, int, void*)
 .text          0x00000000c001c798       0x86 hal/mouse.32
                0x00000000c001c798                Mouse::Mouse(char const*)
                0x00000000c001c798                Mouse::Mouse(char const*)
                0x00000000c001c7d0                Mouse::~Mouse()
                0x00000000c001c7d0                Mouse::~Mouse()
                0x00000000c001c7f4                Mouse::~Mouse()
 .text          0x00000000c001c81e       0x90 hal/nic.32
                0x00000000c001c81e                NIC::getMAC()
                0x00000000c001c824                NIC::write(int, unsigned char*, int*)
                0x00000000c001c82a                NIC::NIC(char const*)
                0x00000000c001c82a                NIC::NIC(char const*)
                0x00000000c001c860                NIC::~NIC()
                0x00000000c001c860                NIC::~NIC()
                0x00000000c001c884                NIC::~NIC()
 .text          0x00000000c001c8ae      0x33b hal/partition.32
                0x00000000c001c8ae                makePartition(PhysicalDisk*, unsigned long long, unsigned long long)
                0x00000000c001c956                createPartitionsForDisk(PhysicalDisk*)
 *fill*         0x00000000c001cbe9        0x3 
 .text          0x00000000c001cbec       0x86 hal/serial.32
                0x00000000c001cbec                Serial::Serial(char const*)
                0x00000000c001cbec                Serial::Serial(char const*)
                0x00000000c001cc24                Serial::~Serial()
                0x00000000c001cc24                Serial::~Serial()
                0x00000000c001cc48                Serial::~Serial()
 *fill*         0x00000000c001cc72        0x2 
 .text          0x00000000c001cc74      0x230 hal/timer.32
                0x00000000c001cc74                Timer::Timer(char const*)
                0x00000000c001cc74                Timer::Timer(char const*)
                0x00000000c001ccac                Timer::~Timer()
                0x00000000c001ccac                Timer::~Timer()
                0x00000000c001ccd0                Timer::~Timer()
                0x00000000c001ccfa                Timer::read()
                0x00000000c001cd05                setupTimer(int)
                0x00000000c001cd40                timerHandler(unsigned int)
 .text          0x00000000c001cea4      0x444 hal/vcache.32
                0x00000000c001cea4                VCache::VCache(PhysicalDisk*)
                0x00000000c001cea4                VCache::VCache(PhysicalDisk*)
                0x00000000c001d014                VCache::invalidateReadBuffer()
                0x00000000c001d024                VCache::writeWriteBuffer()
                0x00000000c001d070                VCache::~VCache()
                0x00000000c001d070                VCache::~VCache()
                0x00000000c001d0c8                VCache::~VCache()
                0x00000000c001d0f0                VCache::write(unsigned long long, int, void*)
                0x00000000c001d1e4                VCache::read(unsigned long long, int, void*)
 .text          0x00000000c001d2e8      0x70e hal/video.32
                0x00000000c001d2e8                Video::putrect(int, int, int, int, unsigned int)
                0x00000000c001d334                Video::bitblit(int, int, int, int, int, int, int, unsigned int*)
                0x00000000c001d3a4                Video::blit(unsigned int*, int, int, int, int)
                0x00000000c001d422                Video::clearScreen(unsigned int)
                0x00000000c001d456                Video::putpixel(int, int, unsigned int)
                0x00000000c001d464                Video::readPixelApprox(int, int)
                0x00000000c001d478                Video::Video(char const*)
                0x00000000c001d478                Video::Video(char const*)
                0x00000000c001d4ae                Video::~Video()
                0x00000000c001d4ae                Video::~Video()
                0x00000000c001d4d2                Video::~Video()
                0x00000000c001d4fc                Video::isMonochrome()
                0x00000000c001d508                Video::getWidth()
                0x00000000c001d514                Video::getHeight()
                0x00000000c001d520                Video::drawCursor(int, int, unsigned int*, int)
                0x00000000c001d5dc                Video::tgaParse(unsigned char*, int, int*, int*)
                0x00000000c001d986                Video::putTGA(int, int, unsigned char*, int)
 *fill*         0x00000000c001d9f6        0x2 
 .text          0x00000000c001d9f8     0x1413 hw/acpi.32
                0x00000000c001d9f8                ACPI::close(int, int, void*)
                0x00000000c001db34                findRSDP()
                0x00000000c001dbcc                loadACPITables(unsigned char*)
                0x00000000c001de38                findRSDT(unsigned char*)
                0x00000000c001df90                findDataTable(unsigned char*, char*)
                0x00000000c001e010                scanMADT()
                0x00000000c001e4c8                ACPI::ACPI()
                0x00000000c001e4c8                ACPI::ACPI()
                0x00000000c001e51c                ACPI::getPCIIRQAssignment(unsigned char, unsigned short, unsigned char)
                0x00000000c001e618                ACPI::registerPCIIRQAssignment(void*, unsigned short, unsigned char, unsigned char)
                0x00000000c001e6e4                ACPI::setScreenBrightnessLevel(void*, int)
                0x00000000c001e6ec                ACPI::detectPCI()
                0x00000000c001e90c                ACPI::writeSimpleBootFlag(SimpleBootFlagTable*)
                0x00000000c001e954                ACPI::sleep()
                0x00000000c001e970                ACPI::open(int, int, void*)
 *fill*         0x00000000c001ee0b        0x1 
 .text          0x00000000c001ee0c      0xbc5 hw/cpu.32
                0x00000000c001ee0c                CPU::close(int, int, void*)
                0x00000000c001ee10                CPU::AMD_K6_write_msr(unsigned int, unsigned int, unsigned int, CPU::REGS*)
                0x00000000c001ee2c                CPU::AMD_K6_read_msr(unsigned int, CPU::REGS*)
                0x00000000c001ee44                CPU::AMD_K6_writeback(int, int, int)
                0x00000000c001eeb8                CPU::cpuid(int, unsigned long*, unsigned long*, unsigned long*, unsigned long*)
                0x00000000c001ef3c                CPU::cpuidCheckEDX(unsigned int)
                0x00000000c001ef6a                CPU::cpuidCheckECX(unsigned int)
                0x00000000c001ef98                CPU::cpuidCheckExtendedEBX(unsigned int)
                0x00000000c001efc6                CPU::cpuidCheckExtendedECX(unsigned int)
                0x00000000c001eff4                CPU::CPU()
                0x00000000c001eff4                CPU::CPU()
                0x00000000c001f082                CPU::displayFeatures()
                0x00000000c001f084                CPU::detectFeatures()
                0x00000000c001f758                CPU::setupSMEP()
                0x00000000c001f764                CPU::setupUMIP()
                0x00000000c001f76e                CPU::setupTSC()
                0x00000000c001f778                CPU::setupLargePages()
                0x00000000c001f782                CPU::setupPAT()
                0x00000000c001f7be                CPU::setupMTRR()
                0x00000000c001f7c0                CPU::setupGlobalPages()
                0x00000000c001f7ca                CPU::allowUsermodeDataAccess()
                0x00000000c001f7dc                CPU::prohibitUsermodeDataAccess()
                0x00000000c001f7ee                CPU::setupSMAP()
                0x00000000c001f7fc                CPU::setupFeatures()
                0x00000000c001f8c8                CPU::open(int, int, void*)
 .text          0x00000000c001f9d1       0xb6 krnl/atexit.32
                0x00000000c001f9d1                KeInitialiseAtexit()
                0x00000000c001f9f0                KeRegisterAtexit(void (*)(void*), void*)
                0x00000000c001fa24                KeExecuteAtexit()
 .text          0x00000000c001fa87       0xdf krnl/bootmsg.32
                0x00000000c001fa87                KeDisplaySplashScreen()
                0x00000000c001fb03                KeSetBootMessage(char const*)
 *fill*         0x00000000c001fb66        0x2 
 .text          0x00000000c001fb68       0x48 krnl/cdefs.32
                0x00000000c001fb68                CUnlockScheduler
                0x00000000c001fb84                CLockScheduler
                0x00000000c001fb94                CPrintf
 .text          0x00000000c001fbb0       0x1d krnl/compat.32
                0x00000000c001fbb0                Krnl::handlePowerButton()
                0x00000000c001fbc0                Krnl::handleSleepButton()
 .text          0x00000000c001fbcd       0x2b krnl/crc32.32
                0x00000000c001fbcd                KeCalculateCRC32(unsigned char*, int)
 .text          0x00000000c001fbf8      0x5bf krnl/env.32
                0x00000000c001fbf8                EnvVarContainer::getEnv(char const*)
                0x00000000c001fc36                EnvVarContainer::setEnv(char const*, char const*)
                0x00000000c001fcf8                EnvVarContainer::deleteEnv(char const*)
                0x00000000c001fcfa                EnvVarContainer::loadFrom(char const*, char const*)
                0x00000000c001ff1e                EnvVarContainer::__loadSystem()
                0x00000000c001ff38                EnvVarContainer::__loadUser()
                0x00000000c001ff3a                EnvVarContainer::EnvVarContainer(Process*)
                0x00000000c001ff3a                EnvVarContainer::EnvVarContainer(Process*)
                0x00000000c001ff5c                EnvVarContainer::~EnvVarContainer()
                0x00000000c001ff5c                EnvVarContainer::~EnvVarContainer()
                0x00000000c001ff8c                KeGetEnv(Process*, char const*)
                0x00000000c001fff1                KeSetEnvSystem(char const*, char const*)
                0x00000000c002000b                KeSetEnvUser(char const*, char const*)
                0x00000000c002002a                KeSetEnvProcess(Process*, char const*, char const*)
                0x00000000c002003d                KeDeleteEnvSystem(char const*)
                0x00000000c002003e                KeDeleteEnvUser(char const*)
                0x00000000c002003f                KeDeleteEnvProcess(Process*, char const*)
                0x00000000c0020040                KeNewProcessEnv(Process*)
                0x00000000c0020062                KeCopyProcessEnv(Process*, Process*)
                0x00000000c00200ae                KeLoadSystemEnv()
                0x00000000c00200dc                KeLoadUserEnv()
                0x00000000c0020102                KeFlushEnv()
                0x00000000c0020103                KeGetProcessTotalEnvCount(Process*)
                0x00000000c0020123                KeGetProcessEnvPair(Process*, int)
 .text          0x00000000c00201b7       0x94 krnl/inlines.32
                0x00000000c00201b7                CPU::current()
                0x00000000c00201c3                operator new(unsigned long)
                0x00000000c00201c8                operator delete(void*)
                0x00000000c00201cd                disableIRQs()
                0x00000000c00201cf                enableIRQs()
                0x00000000c00201d1                lockScheduler()
                0x00000000c00201d9                unlockScheduler()
                0x00000000c00201e8                lockStuff()
                0x00000000c00201f6                unlockStuff()
                0x00000000c0020230                Virt::getAKernelVAS()
                0x00000000c0020236                __not_memcpy
 *fill*         0x00000000c002024b        0x1 
 .text          0x00000000c002024c       0x1a krnl/mutex.32
                0x00000000c002024c                Mutex::Mutex()
                0x00000000c002024c                Mutex::Mutex()
 .text          0x00000000c0020266        0xc krnl/panic.32
                0x00000000c0020266                KePanic(char const*)
 .text          0x00000000c0020272      0x142 krnl/powctrl.32
                0x00000000c0020272                KePowerThread(void*)
                0x00000000c00202a0                KeChangePowerSettings(PowerSettings)
                0x00000000c00202b6                KeUserIOReceived()
                0x00000000c00202c1                KeHandlePowerButton()
                0x00000000c00202f6                KeHandleSleepButton()
                0x00000000c002032b                KeSetupPowerManager()
 .text          0x00000000c00203b4       0x9d krnl/random.32
                0x00000000c00203b4                KeRand()
                0x00000000c00203f6                KeSeedRand(unsigned int)
                0x00000000c002041f                KeInitRand()
 *fill*         0x00000000c0020451        0x3 
 .text          0x00000000c0020454      0x1bc krnl/resolve.32
                0x00000000c0020454                KeResolveCompatibilitySymbol(char*)
 .text          0x00000000c0020610      0x415 krnl/semaphore.32
                0x00000000c0020610                Semaphore::Semaphore(int)
                0x00000000c0020610                Semaphore::Semaphore(int)
                0x00000000c0020640                Semaphore::tryAcquire()
                0x00000000c002071c                Semaphore::assertLocked(char const*)
                0x00000000c00207ac                Semaphore::acquire(int)
                0x00000000c0020954                Semaphore::acquire()
                0x00000000c0020970                Semaphore::release()
 .text          0x00000000c0020a25      0x322 krnl/signal.32
                0x00000000c0020a25                KiSigKill(int)
                0x00000000c0020a39                KiDefaultSignalHandlerIgnore(int)
                0x00000000c0020a3a                KiDefaultSignalHandlerPause(int)
                0x00000000c0020a66                KiDefaultSignalHandlerResume(int)
                0x00000000c0020a92                KeDeinitSignals(SigHandlerBlock*)
                0x00000000c0020a97                KeInitSignals()
                0x00000000c0020ae9                KeRegisterSignalHandler(SigHandlerBlock*, int, void (*)(int), unsigned int, int)
                0x00000000c0020b1f                KeRaiseSignal(SigHandlerBlock*, int)
                0x00000000c0020b9c                KeCheckSignal(SigHandlerBlock*, int*)
                0x00000000c0020c93                KiCheckSignalZ
                0x00000000c0020cd5                KeCompleteSignal(SigHandlerBlock*, int)
                0x00000000c0020d10                KiFinishSignalZ
 .text          0x00000000c0020d47      0xe10 krnl/syscalls.32
                0x00000000c0020d47                SysSeekDir(regs*)
                0x00000000c0020d4c                SysTellDir(regs*)
                0x00000000c0020d51                SysVerify(regs*)
                0x00000000c0020d5b                SysGetArgc(regs*)
                0x00000000c0020d6f                SysTTYName(regs*)
                0x00000000c0020d77                SysFormatDisk(regs*)
                0x00000000c0020dee                SysSetDiskVolumeLabel(regs*)
                0x00000000c0020e42                SysGetDiskVolumeLabel(regs*)
                0x00000000c0020e9b                SysShutdown(regs*)
                0x00000000c0020ef9                SysRealpath(regs*)
                0x00000000c0020f3d                SysReadDir(regs*)
                0x00000000c0020fbd                SysIsATTY(regs*)
                0x00000000c0021017                SysSeek(regs*)
                0x00000000c002106e                SysTell(regs*)
                0x00000000c00210db                SysSize(regs*)
                0x00000000c002114e                SysSizeFromFilename(regs*)
                0x00000000c002127f                SysSizeFromFilenameNoSymlink(regs*)
                0x00000000c00213b0                SysClose(regs*)
                0x00000000c0021410                SysOpenDir(regs*)
                0x00000000c002148d                SysMakeDir(regs*)
                0x00000000c00214fb                SysCloseDir(regs*)
                0x00000000c002154f                SysWait(regs*)
                0x00000000c0021570                SysNotImpl(regs*)
                0x00000000c002158b                SysPanic(regs*)
                0x00000000c00215a6                SysRmdir(regs*)
                0x00000000c002160b                SysUnlink(regs*)
                0x00000000c0021670                SysGetArgv(regs*)
                0x00000000c00216bd                SysUSleep(regs*)
                0x00000000c00216e6                SysSpawn(regs*)
                0x00000000c0021759                SysGetEnv(regs*)
                0x00000000c002180a                SysSetFatAttrib(regs*)
                0x00000000c002187d                SysPipe(regs*)
                0x00000000c00218c2                SysGetUnixTime(regs*)
                0x00000000c00218d6                string_ends_with(char const*, char const*)
                0x00000000c002191e                SysOpen(regs*)
                0x00000000c0021b15                KeSystemCall(regs*, void*)
 *fill*         0x00000000c0021b57        0x1 
 .text          0x00000000c0021b58      0x159 net/ethernet.32
                0x00000000c0021b58                KeSwitchEndian16(unsigned short)
                0x00000000c0021b7c                KeSwitchEndian32(unsigned int)
                0x00000000c0021bac                EthernetCRC32(unsigned char*, int)
                0x00000000c0021c50                EthernetReceivedPacket(EthernetUnwrappedFrame*, unsigned short)
 *fill*         0x00000000c0021cb1        0x3 
 .text          0x00000000c0021cb4       0xd7 net/netosl.32
                0x00000000c0021cb4                KeNetCreateSemaphore
                0x00000000c0021cf8                KeNetFreeSemaphore
                0x00000000c0021d14                KeNetSignalSemaphore
                0x00000000c0021d30                KeNetWaitSemaphore
                0x00000000c0021d50                KeNetCreateThread
                0x00000000c0021d74                KeCPanic
 .text          0x00000000c0021d8b      0xd56 reg/cm.32
                0x00000000c0021d8b                CmOpen(char const*)
                0x00000000c0021ea9                CmClose(Reghive_Tag*)
                0x00000000c0021ebf                CmReadExtent(Reghive_Tag*, int, unsigned char*)
                0x00000000c0021efb                CmGetString(Reghive_Tag*, int, char*)
                0x00000000c0021f72                CmEnterDirectory(Reghive_Tag*, int)
                0x00000000c0021fb1                CmGetNext(Reghive_Tag*, int)
                0x00000000c0021fe3                CmWriteExtent(Reghive_Tag*, int, unsigned char*)
                0x00000000c002201f                CmFreeExtent(Reghive_Tag*, int)
                0x00000000c0022047                CmUpdateHeader(Reghive_Tag*)
                0x00000000c0022068                CmExpand(Reghive_Tag*, int)
                0x00000000c00220e3                CmFindUnusedExtent(Reghive_Tag*)
                0x00000000c0022169                CmCreateExtent(Reghive_Tag*, int, int, unsigned char*)
                0x00000000c002225d                CmSetString(Reghive_Tag*, int, char const*)
                0x00000000c0022399                CmGetMatch(char*, char*, bool, bool*)
                0x00000000c00223fa                CmAddShift(unsigned int*, int*, unsigned char, int)
                0x00000000c002242a                CmGetShift(unsigned int*, int*, int, bool*)
                0x00000000c0022461                CmGetInteger(Reghive_Tag*, int, unsigned long long*)
                0x00000000c002248b                CmSetInteger(Reghive_Tag*, int, unsigned long long)
                0x00000000c00224cb                CmConvertFromInternalFilename(unsigned char const*, char*)
                0x00000000c002256f                CmGetNameAndTypeFromExtent(Reghive_Tag*, int, char*)
                0x00000000c002259d                CmConvertToInternalFilename(char const*, unsigned char*)
                0x00000000c002273b                CmCreateString(Reghive_Tag*, int, char const*)
                0x00000000c0022788                CmFindInDirectory(Reghive_Tag*, int, char const*)
                0x00000000c0022802                CmCreateInteger(Reghive_Tag*, int, char const*, unsigned long long, int)
                0x00000000c0022855                CmCreateDirectory(Reghive_Tag*, int, char const*)
                0x00000000c0022919                zStrtok(char*, char const*)
                0x00000000c002298b                CmFindObjectFromPath(Reghive_Tag*, char const*)
                0x00000000c0022a0c                CmDisplayTree(Reghive_Tag*, int, int)
                0x00000000c0022aaf                CmSplitFinalSlashInPlace(char*)
 .text          0x00000000c0022ae1      0x52a reg/registry.32
                0x00000000c0022ae1                Reg::findLineFromLoadedData(char*, char*, char*)
                0x00000000c0022c52                Reg::getLineFromRegistry(char*, char*, char*, char*)
                0x00000000c0022da7                Reg::getLine(char*, char*, char*)
                0x00000000c0022dde                Reg::readInt(char*, char*, int*)
                0x00000000c0022ecc                Reg::readString(char*, char*, char*, int)
                0x00000000c0022f4d                Reg::readBool(char*, char*, bool*)
                0x00000000c0022f72                Reg::readBoolWithDefault(char*, char*, bool)
                0x00000000c0022f9e                Reg::readIntWithDefault(char*, char*, int)
                0x00000000c0022fca                Reg::readStringWithDefault(char*, char*, char*, int, char*)
 .text          0x00000000c002300b       0x36 sys/eject.32
                0x00000000c002300b                SysEject(regs*)
 .text          0x00000000c0023041       0x18 sys/exit.32
                0x00000000c0023041                SysExit(regs*)
 .text          0x00000000c0023059       0x1f sys/getcwd.32
                0x00000000c0023059                SysGetCwd(regs*)
 .text          0x00000000c0023078        0xc sys/getpid.32
                0x00000000c0023078                SysGetPID(regs*)
 .text          0x00000000c0023084       0x1a sys/getramdata.32
                0x00000000c0023084                SysGetRAMData(regs*)
 .text          0x00000000c002309e       0x82 sys/getvgaptr.32
                0x00000000c002309e                SysGetVGAPtr(regs*)
 .text          0x00000000c0023120       0xb9 sys/kill.32
                0x00000000c0023120                SysKill(regs*)
 .text          0x00000000c00231d9       0xa8 sys/loaddll.32
                0x00000000c00231d9                SysLoadDLL(regs*)
 .text          0x00000000c0023281       0x68 sys/read.32
                0x00000000c0023281                SysRead(regs*)
 .text          0x00000000c00232e9       0x29 sys/registersignal.32
                0x00000000c00232e9                SysRegisterSignal(regs*)
 .text          0x00000000c0023312      0x19c sys/registry.32
                0x00000000c0023312                SysRegistryGetTypeFromPath(regs*)
                0x00000000c0023389                SysRegistryReadExtent(regs*)
                0x00000000c00233d1                SysRegistryPathToExtentLookup(regs*)
                0x00000000c00233f9                SysRegistryEnterDirectory(regs*)
                0x00000000c0023421                SysRegistryGetNext(regs*)
                0x00000000c0023449                SysRegistryGetNameAndTypeFromExtent(regs*)
                0x00000000c0023483                SysRegistryOpen(regs*)
                0x00000000c0023497                SysRegistryClose(regs*)
 .text          0x00000000c00234ae       0x55 sys/sbrk.32
                0x00000000c00234ae                SysSbrk(regs*)
 .text          0x00000000c0023503       0x1c sys/setcwd.32
                0x00000000c0023503                SysSetCwd(regs*)
 .text          0x00000000c002351f       0x96 sys/settime.32
                0x00000000c002351f                SysSetTime(regs*)
 .text          0x00000000c00235b5       0x73 sys/symlink.32
                0x00000000c00235b5                SysSymlink(regs*)
 .text          0x00000000c0023628       0x4a sys/timezone.32
                0x00000000c0023628                SysTimezone(regs*)
 .text          0x00000000c0023672       0xfc sys/truncate.32
                0x00000000c0023672                SysTruncate(regs*)
 .text          0x00000000c002376e       0x68 sys/write.32
                0x00000000c002376e                SysWrite(regs*)
 .text          0x00000000c00237d6       0x62 sys/wsbe.32
                0x00000000c00237d6                SysWsbe(regs*)
 .text          0x00000000c0023838       0x25 sys/yield.32
                0x00000000c0023838                SysYield(regs*)
 .text          0x00000000c002385d     0x1207 thr/elf.32
                0x00000000c002385d                Thr::allocateMemoryForTask(Process*, File*, unsigned long, unsigned long, unsigned long)
                0x00000000c0023aeb                Thr::loadProgramIntoMemory(Process*, char const*)
                0x00000000c0023cfd                Thr::runtimeReferenceHelper()
                0x00000000c0023d10                Thr::getAddressOfKernelSymbol(char const*)
                0x00000000c0023d5f                Thr::loadKernelSymbolTable(char const*)
                0x00000000c002401d                Thr::loadDriverIntoMemory(char const*, unsigned long, bool)
                0x00000000c0024756                Thr::getDriverBaseFromAddress(unsigned long)
                0x00000000c0024788                Thr::getDriverNameFromAddress(unsigned long)
                0x00000000c00247bf                Thr::getDriverOffsetFromAddress(unsigned long)
                0x00000000c00247d9                Thr::loadDLL(char const*, bool)
                0x00000000c0024a2b                Thr::executeDLL(unsigned long, void*)
 .text          0x00000000c0024a64     0x1131 thr/prcssthr.32
                0x00000000c0024a64                userModeEntryPoint(void*)
                0x00000000c0024a8c                changeTSS
                0x00000000c0024abc                switchToThread(ThreadControlBlock*)
                0x00000000c0024b6c                Process::addArgs(char**)
                0x00000000c0024bd8                Process::Process(char const*, Process*, char**)
                0x00000000c0024bd8                Process::Process(char const*, Process*, char**)
                0x00000000c0024de4                Process::Process(bool, char const*, Process*, char**)
                0x00000000c0024de4                Process::Process(bool, char const*, Process*, char**)
                0x00000000c0024fb8                taskStartupFunction
                0x00000000c0024fc4                KeDisablePreemption()
                0x00000000c0024fec                KeRestorePreemption()
                0x00000000c002500c                Process::createThread(void (*)(void*), void*, int)
                0x00000000c0025118                Process::createUserThread()
                0x00000000c0025138                setupMultitasking(void (*)())
                0x00000000c002525c                schedule()
                0x00000000c00252f0                blockTaskWithSchedulerLockAlreadyHeld(TaskState)
                0x00000000c0025318                blockTask(TaskState)
                0x00000000c0025350                waitTask(int, int*, int)
                0x00000000c0025394                milliTenthSleepUntil(unsigned int)
                0x00000000c0025434                milliTenthSleep(unsigned int)
                0x00000000c0025448                sleep(unsigned int)
                0x00000000c0025464                taskReturned
                0x00000000c00254a8                Thr::processFromPID(int)
                0x00000000c0025554                unblockTask(ThreadControlBlock*)
                0x00000000c0025600                cleanupTerminatedTask(ThreadControlBlock*)
                0x00000000c00258d4                cleanerTaskFunction(void*)
                0x00000000c00259dc                terminateTask(int)
                0x00000000c0025ac8                Thr::terminateFromIRQ(int)
 .text          0x00000000c0025b95      0xc27 vm86/vm8086.32
                0x00000000c0025b95                Vm::inbv(unsigned short)
                0x00000000c0025ba8                Vm::outbv(unsigned short, unsigned char)
                0x00000000c0025bde                Vm::realToLinear(unsigned short, unsigned short)
                0x00000000c0025bee                Vm::getSegment(unsigned int)
                0x00000000c0025bf6                Vm::getOffset(unsigned int)
                0x00000000c0025bfb                Vm::mainloop2()
                0x00000000c0025c35                Vm::mainVm8086Loop(void*)
                0x00000000c0025c45                Vm::mainloop3(unsigned long)
                0x00000000c0025c6b                Vm::initialise8086()
                0x00000000c0025cae                Vm::finish8086()
                0x00000000c0025d0f                Vm::getOutput8086(unsigned char*)
                0x00000000c0025d34                Vm::start8086FromBuffer(unsigned char*, int, unsigned short, unsigned short, unsigned short, unsigned short)
                0x00000000c0025ded                Vm::start8086(char const*, unsigned short, unsigned short, unsigned short, unsigned short)
                0x00000000c0025f8b                Vm::doISR(regs*, int, unsigned char*, unsigned short, unsigned short)
                0x00000000c0026024                Vm::readByteFromReal(unsigned short, unsigned short)
                0x00000000c0026035                Vm::readWordFromReal(unsigned short, unsigned short)
                0x00000000c0026047                Vm::readDwordFromReal(unsigned short, unsigned short)
                0x00000000c0026058                Vm::writeByteFromReal(unsigned short, unsigned short, unsigned char)
                0x00000000c002606d                Vm::writeWordFromReal(unsigned short, unsigned short, unsigned short)
                0x00000000c0026083                Vm::writeDwordFromReal(unsigned short, unsigned short, unsigned int)
                0x00000000c0026098                Vm::faultHandler(regs*)
 .text          0x00000000c00267bc      0xaf0 arch/i386/hal.32
                0x00000000c00267bc                noCopro(unsigned long)
                0x00000000c00267bd                nmiHandler(regs*, void*)
                0x00000000c00267d6                doubleFault(regs*, void*)
                0x00000000c00267ef                displayDebugInfo(regs*)
                0x00000000c0026b74                HalSystemIdle()
                0x00000000c0026bf0                displayProgramFault(char const*)
                0x00000000c0026c3c                gpFault(regs*, void*)
                0x00000000c0026ca3                pgFault(regs*, void*)
                0x00000000c0026d2c                otherISRHandler(regs*, void*)
                0x00000000c0026d60                opcodeFault(regs*, void*)
                0x00000000c0026de3                i386SaveCoprocessor(void*)
                0x00000000c0026df7                i386LoadCoprocessor(void*)
                0x00000000c0026e0b                x87EmulHandler(regs*, void*)
                0x00000000c0026ea8                HalInitialiseCoprocessor()
                0x00000000c0026f56                HalPanic(char const*)
                0x00000000c002706a                HalQueryPerformanceCounter()
                0x00000000c0027085                HalInitialise()
                0x00000000c002723b                HalMakeBeep(int)
                0x00000000c0027275                HalGetRand()
                0x00000000c0027278                HalEndOfInterrupt(int)
                0x00000000c00272a9                HalRestart()
                0x00000000c00272aa                HalShutdown()
                0x00000000c00272ab                HalSleep()
 .text          0x00000000c00272ac      0x2dc arch/i386/pic.32
                0x00000000c00272ac                picIoWait()
                0x00000000c00272b4                picDisable()
                0x00000000c00272e8                picGetIRQReg(int)
                0x00000000c0027364                picOpen()
                0x00000000c00274e8                picEOI(int)
 .text          0x00000000c0027588      0x674 arch/i386/rtc.32
                0x00000000c0027588                RTC::open(int, int, void*)
                0x00000000c002758c                RTC::close(int, int, void*)
                0x00000000c0027590                RTC::timeInSecondsUTC()
                0x00000000c00275a2                RTC::timeInDatetimeUTC()
                0x00000000c00275c8                RTC::setTimeInSecondsUTC(unsigned long long)
                0x00000000c0027606                RTC::~RTC()
                0x00000000c0027606                RTC::~RTC()
                0x00000000c002762a                RTC::~RTC()
                0x00000000c0027654                RTC::get_update_in_progress_flag()
                0x00000000c002766e                RTC::completeRTCRefresh()
                0x00000000c002794e                RTC::setTimeInDatetimeUTC(datetime_t)
                0x00000000c0027afc                rtcIRQHandler(regs*, void*)
                0x00000000c0027b42                RTC::RTC()
                0x00000000c0027b42                RTC::RTC()
 .text          0x00000000c0027bfc      0x1f4 arch/i386/vga.32
                0x00000000c0027bfc                HalConsoleScroll(int, int)
                0x00000000c0027d04                HalConsoleWriteCharacter(char, int, int, int, int)
                0x00000000c0027d68                HalConsoleCursorUpdate(int, int)
 .text          0x00000000c0027df0     0x14cf fs/fat/vfslink.32
                0x00000000c0027df0                FAT::getName()
                0x00000000c0027df8                FAT::tell(void*, unsigned long long*)
                0x00000000c0027e34                FAT::stat(void*, unsigned long long*)
                0x00000000c0027e70                FAT::~FAT()
                0x00000000c0027e70                FAT::~FAT()
                0x00000000c0027e94                FAT::~FAT()
                0x00000000c0027ebc                FAT::getlabel(LogicalDisk*, int, char*, unsigned int*)
                0x00000000c0027f60                FAT::setlabel(LogicalDisk*, int, char*)
                0x00000000c0028024                FAT::format(LogicalDisk*, int, char const*, int)
                0x00000000c0028208                FAT::tryMount(LogicalDisk*, int)
                0x00000000c0028424                FAT::allocateSwapfile(char const*, int)
                0x00000000c00285e4                FAT::readDir(void*, unsigned long, void*, int*)
                0x00000000c0028754                FAT::read(void*, unsigned long, void*, int*)
                0x00000000c00287b4                FAT::write(void*, unsigned long, void*, int*)
                0x00000000c0028814                FAT::close(void*)
                0x00000000c0028868                FAT::closeDir(void*)
                0x00000000c00288bc                FAT::truncate(void*, unsigned long long)
                0x00000000c0028928                FAT::seek(void*, unsigned long long)
                0x00000000c0028980                fatWrapperReadDisk
                0x00000000c00289c0                fatWrapperWriteDisk
                0x00000000c0028a00                fatWrapperIoctl
                0x00000000c0028b1c                FAT::FAT()
                0x00000000c0028b1c                FAT::FAT()
                0x00000000c0028b74                FAT::fixFilepath(char*)
                0x00000000c0028bb4                FAT::open(char const*, void**, FileOpenMode)
                0x00000000c0028d28                FAT::openDir(char const*, void**)
                0x00000000c0028dd8                FAT::stat(char const*, unsigned long long*, bool*)
                0x00000000c0028ed0                FAT::unlink(char const*)
                0x00000000c0028f50                FAT::chfatattr(char const*, unsigned char, unsigned char)
                0x00000000c0029104                FAT::rename(char const*, char const*)
                0x00000000c00291d0                FAT::mkdir(char const*)
                0x00000000c0029250                FAT::exists(char const*)
 *fill*         0x00000000c00292bf        0x1 
 .text          0x00000000c00292c0       0x94 fs/iso9660/helper.32
                0x00000000c00292c0                isoReadDiscSectorHelper
                0x00000000c002931c                iso_kprintf
                0x00000000c0029338                iso_kprintfd
 .text          0x00000000c0029354      0x71c fs/iso9660/vfslink.32
                0x00000000c0029354                ISO9660::format(LogicalDisk*, int, char const*, int)
                0x00000000c002935a                ISO9660::truncate(void*, unsigned long long)
                0x00000000c0029360                ISO9660::getName()
                0x00000000c0029366                ISO9660::closeDir(void*)
                0x00000000c0029370                ISO9660::chfatattr(char const*, unsigned char, unsigned char)
                0x00000000c0029376                ISO9660::unlink(char const*)
                0x00000000c002937c                ISO9660::write(void*, unsigned long, void*, int*)
                0x00000000c0029382                ISO9660::rename(char const*, char const*)
                0x00000000c0029388                ISO9660::mkdir(char const*)
                0x00000000c002938e                ISO9660::~ISO9660()
                0x00000000c002938e                ISO9660::~ISO9660()
                0x00000000c00293b2                ISO9660::~ISO9660()
                0x00000000c00293da                ISO9660::exists(char const*)
                0x00000000c00293ee                ISO9660::open(char const*, void**, FileOpenMode)
                0x00000000c00294d4                ISO9660::read(void*, unsigned long, void*, int*)
                0x00000000c002951c                ISO9660::seek(void*, unsigned long long)
                0x00000000c002955e                ISO9660::tell(void*, unsigned long long*)
                0x00000000c002959c                ISO9660::stat(void*, unsigned long long*)
                0x00000000c00295ee                ISO9660::stat(char const*, unsigned long long*, bool*)
                0x00000000c0029730                ISO9660::close(void*)
                0x00000000c0029760                ISO9660::openDir(char const*, void**)
                0x00000000c002983a                ISO9660::readDir(void*, unsigned long, void*, int*)
                0x00000000c0029957                readSectorFromCDROM(unsigned int, unsigned char*, char)
                0x00000000c00299d6                ISO9660::tryMount(LogicalDisk*, int)
                0x00000000c0029a48                ISO9660::ISO9660()
                0x00000000c0029a48                ISO9660::ISO9660()
 .text          0x00000000c0029a70      0x26c hal/sound/sndcard.32
                0x00000000c0029a70                SoundCard::beginPlayback()