Archive member included to satisfy reference by file (symbol)

/cygdrive/d/Users/Alex/Desktop/Toolchain/Output/bin/../lib/gcc/i386-banana/8.1.0/libkgcc.a(_divdi3.o)
                              krnl/resolve.32 (__divdi3)
/cygdrive/d/Users/Alex/Desktop/Toolchain/Output/bin/../lib/gcc/i386-banana/8.1.0/libkgcc.a(_moddi3.o)
                              krnl/resolve.32 (__moddi3)
/cygdrive/d/Users/Alex/Desktop/Toolchain/Output/bin/../lib/gcc/i386-banana/8.1.0/libkgcc.a(_udivdi3.o)
                              hal/clock.32 (__udivdi3)
/cygdrive/d/Users/Alex/Desktop/Toolchain/Output/bin/../lib/gcc/i386-banana/8.1.0/libkgcc.a(_umoddi3.o)
                              core/pipe.32 (__umoddi3)

Allocating common symbols
Common symbol       size              file

current_iphdr_src   0x4               net/core/ipv4/ip.32
netif_list          0x4               net/core/netif.32
tcp_active_pcbs     0x4               net/core/tcp.32
udp_pcbs            0x4               net/core/udp.32
current_netif       0x4               net/core/ipv4/ip.32
tcp_ticks           0x4               net/core/tcp.32
tcp_listen_pcbs     0x4               net/core/tcp.32
current_iphdr_dest  0x4               net/core/ipv4/ip.32
tcp_tmp_pcb         0x4               net/core/tcp.32
tcp_input_pcb       0x4               net/core/tcp_in.32
dcache              0x40              fs/iso9660/iso9660.32
current_header      0x4               net/core/ipv4/ip.32
tcp_bound_pcbs      0x4               net/core/tcp.32
cdDriveLetter       0x1               fs/iso9660/iso9660.32
tcp_tw_pcbs         0x4               net/core/tcp.32
lwip_stats          0x150             net/core/stats.32
netif_default       0x4               net/core/netif.32
ram_heap            0x64d             net/core/mem.32
icache              0x40              fs/iso9660/iso9660.32

Discarded input sections

 .comment       0x0000000000000000       0x12 /cygdrive/d/Users/Alex/Desktop/Toolchain/Output/bin/../lib/gcc/i386-banana/8.1.0/crtbegin.o
 .comment       0x0000000000000000       0x12 acpica/utclib.32
 .comment       0x0000000000000000       0x12 arch/cc.32
 .comment       0x0000000000000000       0x12 arch/sys_arch.32
 .comment       0x0000000000000000       0x12 core/malloc.32
 .comment       0x0000000000000000       0x12 libk/ctype.32
 .comment       0x0000000000000000       0x12 libk/string.32
 .comment       0x0000000000000000       0x12 fs/fat/diskio.32
 .comment       0x0000000000000000       0x12 fs/fat/ff.32
 .comment       0x0000000000000000       0x12 fs/fat/ffsystem.32
 .comment       0x0000000000000000       0x12 fs/fat/ffunicode.32
 .comment       0x0000000000000000       0x12 fs/iso9660/iso9660.32
 .comment       0x0000000000000000       0x12 net/core/def.32
 .comment       0x0000000000000000       0x12 net/core/dhcp.32
 .comment       0x0000000000000000       0x12 net/core/dns.32
 .comment       0x0000000000000000       0x12 net/core/init.32
 .comment       0x0000000000000000       0x12 net/core/mem.32
 .comment       0x0000000000000000       0x12 net/core/memp.32
 .comment       0x0000000000000000       0x12 net/core/netif.32
 .comment       0x0000000000000000       0x12 net/core/pbuf.32
 .comment       0x0000000000000000       0x12 net/core/raw.32
 .comment       0x0000000000000000       0x12 net/core/stats.32
 .comment       0x0000000000000000       0x12 net/core/sys.32
 .comment       0x0000000000000000       0x12 net/core/tcp.32
 .comment       0x0000000000000000       0x12 net/core/tcp_in.32
 .comment       0x0000000000000000       0x12 net/core/tcp_out.32
 .comment       0x0000000000000000       0x12 net/core/timers.32
 .comment       0x0000000000000000       0x12 net/core/udp.32
 .comment       0x0000000000000000       0x12 net/netif/etharp.32
 .comment       0x0000000000000000       0x12 net/netif/ethernetif.32
 .comment       0x0000000000000000       0x12 net/netif/slipif.32
 .comment       0x0000000000000000       0x12 net/core/ipv4/autoip.32
 .comment       0x0000000000000000       0x12 net/core/ipv4/icmp.32
 .comment       0x0000000000000000       0x12 net/core/ipv4/igmp.32
 .comment       0x0000000000000000       0x12 net/core/ipv4/inet.32
 .comment       0x0000000000000000       0x12 net/core/ipv4/inet_chksum.32
 .comment       0x0000000000000000       0x12 net/core/ipv4/ip.32
 .comment       0x0000000000000000       0x12 net/core/ipv4/ip_addr.32
 .comment       0x0000000000000000       0x12 net/core/ipv4/ip_frag.32
 .comment       0x0000000000000000       0x12 net/core/snmp/asn1_dec.32
 .comment       0x0000000000000000       0x12 net/core/snmp/asn1_enc.32
 .comment       0x0000000000000000       0x12 net/core/snmp/mib2.32
 .comment       0x0000000000000000       0x12 net/core/snmp/mib_structs.32
 .comment       0x0000000000000000       0x12 net/core/snmp/msg_in.32
 .comment       0x0000000000000000       0x12 net/core/snmp/msg_out.32
 .comment       0x0000000000000000       0x12 net/netif/ppp/auth.32
[...]
Memory Configuration

Name             Origin             Length             Attributes
*default*        0x0000000000000000 0xffffffffffffffff

Linker script and memory map

LOAD D:/Users/Alex/Desktop/Banana/kernel/boot.32
LOAD crti.32
LOAD /cygdrive/d/Users/Alex/Desktop/Toolchain/Output/bin/../lib/gcc/i386-banana/8.1.0/crtbegin.o
LOAD D:/Users/Alex/Desktop/Banana/kernel/morenasm.32
LOAD acpica/utclib.32
LOAD arch/cc.32
LOAD arch/sys_arch.32
LOAD core/malloc.32
LOAD libk/ctype.32
LOAD libk/string.32
LOAD fs/fat/diskio.32
LOAD fs/fat/ff.32
LOAD fs/fat/ffsystem.32
LOAD fs/fat/ffunicode.32
LOAD fs/iso9660/iso9660.32
LOAD net/core/def.32
LOAD net/core/dhcp.32
LOAD net/core/dns.32
LOAD net/core/init.32
LOAD net/core/mem.32
LOAD net/core/memp.32
LOAD net/core/netif.32
LOAD net/core/pbuf.32
LOAD net/core/raw.32
LOAD net/core/stats.32
LOAD net/core/sys.32
LOAD net/core/tcp.32
LOAD net/core/tcp_in.32
LOAD net/core/tcp_out.32
LOAD net/core/timers.32
LOAD net/core/udp.32
LOAD net/netif/etharp.32
LOAD net/netif/ethernetif.32
LOAD net/netif/slipif.32
LOAD net/core/ipv4/autoip.32
LOAD net/core/ipv4/icmp.32
LOAD net/core/ipv4/igmp.32
LOAD net/core/ipv4/inet.32
LOAD net/core/ipv4/inet_chksum.32
LOAD net/core/ipv4/ip.32
LOAD net/core/ipv4/ip_addr.32
LOAD net/core/ipv4/ip_frag.32
LOAD net/core/snmp/asn1_dec.32
LOAD net/core/snmp/asn1_enc.32
LOAD net/core/snmp/mib2.32
LOAD net/core/snmp/mib_structs.32
LOAD net/core/snmp/msg_in.32
LOAD net/core/snmp/msg_out.32
LOAD net/netif/ppp/auth.32
LOAD net/netif/ppp/chap.32
LOAD net/netif/ppp/chpms.32
LOAD net/netif/ppp/fsm.32
LOAD net/netif/ppp/ipcp.32
LOAD net/netif/ppp/lcp.32
LOAD net/netif/ppp/magic.32
LOAD net/netif/ppp/md5.32
LOAD net/netif/ppp/pap.32
LOAD net/netif/ppp/ppp.32
LOAD net/netif/ppp/ppp_oe.32
LOAD net/netif/ppp/randm.32
LOAD net/netif/ppp/vj.32
LOAD core/computer.32
LOAD core/gdt.32
LOAD core/idle.32
LOAD core/idt.32
LOAD core/kheap.32
LOAD core/main.32
LOAD core/physmgr.32
LOAD core/pipe.32
LOAD core/terminal.32
LOAD core/tss.32
LOAD core/unixfile.32
LOAD core/virtmgr.32
LOAD coreobjs/c++.32
LOAD dbg/kconsole.32
LOAD dbg/usban.32
LOAD fs/symlink.32
LOAD fs/vfs.32
LOAD hal/bus.32
LOAD hal/buzzer.32
LOAD hal/clock.32
LOAD hal/device.32
LOAD hal/diskctrl.32
LOAD hal/diskphys.32
LOAD hal/fpu.32
LOAD hal/intctrl.32
LOAD hal/keybrd.32
LOAD hal/logidisk.32
LOAD hal/mouse.32
LOAD hal/nic.32
LOAD hal/partition.32
LOAD hal/serial.32
LOAD hal/timer.32
LOAD hal/vcache.32
LOAD hal/video.32
LOAD hw/acpi.32
LOAD hw/cpu.32
LOAD krnl/atexit.32
LOAD krnl/bootmsg.32
LOAD krnl/cdefs.32
LOAD krnl/compat.32
LOAD krnl/crc32.32
LOAD krnl/env.32
LOAD krnl/inlines.32
LOAD krnl/mailbox.32
LOAD krnl/mutex.32
LOAD krnl/panic.32
LOAD krnl/powctrl.32
LOAD krnl/random.32
LOAD krnl/resolve.32
LOAD krnl/semaphore.32
LOAD krnl/signal.32
LOAD krnl/syscalls.32
LOAD net/ethernet.32
LOAD net/netosl.32
LOAD reg/cm.32
LOAD reg/registry.32
LOAD sys/eject.32
LOAD sys/exit.32
LOAD sys/getcwd.32
LOAD sys/getpid.32
LOAD sys/getramdata.32
LOAD sys/getvgaptr.32
LOAD sys/kill.32
LOAD sys/loaddll.32
LOAD sys/read.32
LOAD sys/registersignal.32
LOAD sys/registry.32
LOAD sys/sbrk.32
LOAD sys/setcwd.32
LOAD sys/settime.32
LOAD sys/symlink.32
LOAD sys/timezone.32
LOAD sys/truncate.32
LOAD sys/write.32
LOAD sys/wsbe.32
LOAD sys/yield.32
LOAD thr/elf.32
LOAD thr/exec.32
LOAD thr/prcssthr.32
LOAD vm86/vm8086.32
LOAD arch/i386/hal.32
LOAD arch/i386/pic.32
LOAD arch/i386/rtc.32
LOAD arch/i386/vga.32
LOAD fs/fat/vfslink.32
LOAD fs/iso9660/helper.32
LOAD fs/iso9660/vfslink.32
LOAD hal/sound/sndcard.32
LOAD hal/sound/sndport.32
LOAD hw/bus/isa.32
LOAD hw/bus/pci.32
LOAD hw/diskctrl/ide.32
LOAD hw/diskctrl/satabus.32
LOAD hw/diskphys/ata.32
LOAD hw/diskphys/atapi.32
LOAD hw/diskphys/sata.32
LOAD hw/diskphys/satapi.32
LOAD hw/intctrl/apic.32
LOAD hw/timer/apictimer.32
LOAD hw/timer/pit.32
LOAD arch/i386/avx.32
LOAD arch/i386/interrupt.32
LOAD arch/i386/rdrand.32
LOAD arch/i386/sse.32
LOAD arch/i386/x87.32
LOAD /cygdrive/d/Users/Alex/Desktop/Toolchain/Output/bin/../lib/gcc/i386-banana/8.1.0/crtend.o
LOAD crtn.32
LOAD /cygdrive/d/Users/Alex/Desktop/Toolchain/Output/bin/../lib/gcc/i386-banana/8.1.0/libkgcc.a
LOAD D:/Users/Alex/Desktop/Banana/kernel/libsoftfp.a
LOAD D:/Users/Alex/Desktop/Banana/kernel/libk/libm32.a
                0x00000000c0000000                . = 0xc0000000

.text           0x00000000c0000000    0x2f0da
 *(.text)
 .text          0x00000000c0000000       0x20 D:/Users/Alex/Desktop/Banana/kernel/boot.32
 .text          0x00000000c0000020        0x0 crti.32
 .text          0x00000000c0000020      0x101 /cygdrive/d/Users/Alex/Desktop/Toolchain/Output/bin/../lib/gcc/i386-banana/8.1.0/crtbegin.o
 *fill*         0x00000000c0000121        0xf 
 .text          0x00000000c0000130      0x24f D:/Users/Alex/Desktop/Banana/kernel/morenasm.32
                0x00000000c0000130                manualPCIProbe
                0x00000000c000017b                prepareTramp
                0x00000000c0000194                doTPAUSE
                0x00000000c000019e                hasLegacyFPU
                0x00000000c00001c3                is486
                0x00000000c00001f9                detectCPUID
                0x00000000c000020f                goToVM86
                0x00000000c000023f                goToUsermode
                0x00000000c0000269                switchToThreadASMFirstTime
                0x00000000c0000277                switchToThreadASM
                0x00000000c00002fc                asmQuickAcquireLock
                0x00000000c000031a                asmQuickReleaseLock
                0x00000000c0000326                asmAcquireLock
                0x00000000c0000347                asmReleaseLock
                0x00000000c000035a                loadGDT
                0x00000000c000037a                memcpy
 *fill*         0x00000000c000037f        0x1 
 .text          0x00000000c0000380      0x868 acpica/utclib.32
                0x00000000c0000380                memcmp
                0x00000000c00003d0                memmove
                0x00000000c00004f0                memset
                0x00000000c0000570                strlen
                0x00000000c00005a0                strpbrk
                0x00000000c00005f0                strtok
                0x00000000c0000640                strcpy
                0x00000000c0000680                strncpy
                0x00000000c0000750                strcmp
                0x00000000c00007a0                strchr
                0x00000000c00007e0                strncmp
                0x00000000c0000840                strcat
                0x00000000c0000870                strncat
                0x00000000c00008d0                strstr
                0x00000000c0000930                toupper
                0x00000000c0000950                tolower
                0x00000000c0000970                simple_strtoul
 .text          0x00000000c0000be8       0x53 arch/cc.32
                0x00000000c0000be8                LWIP_PLATFORM_HTONS
                0x00000000c0000c0c                LWIP_PLATFORM_HTONL
 *fill*         0x00000000c0000c3b        0x1 
 .text          0x00000000c0000c3c      0x162 arch/sys_arch.32
                0x00000000c0000c3c                lwip_socket_init
                0x00000000c0000c54                tcpip_callback_with_block
                0x00000000c0000c6c                sys_sem_new
                0x00000000c0000c94                sys_sem_free
                0x00000000c0000cac                sys_sem_signal
                0x00000000c0000cc4                sys_arch_sem_wait
                0x00000000c0000ce0                sys_mbox_new
                0x00000000c0000cfc                sys_mbox_free
                0x00000000c0000d14                sys_mbox_post
                0x00000000c0000d2c                sys_arch_mbox_fetch
                0x00000000c0000d48                sys_arch_mbox_tryfetch
                0x00000000c0000d64                sys_mbox_trypost
                0x00000000c0000d7c                sys_thread_new
                0x00000000c0000d9c                sys_init
 .text          0x00000000c0000d9e     0x1140 core/malloc.32
                0x00000000c0000f09                dlfree
                0x00000000c00013d0                dlmalloc
                0x00000000c000190d                dlrealloc
                0x00000000c0001aea                dlmemalign
                0x00000000c0001c0d                dlcalloc
                0x00000000c0001c9e                dlcfree
                0x00000000c0001ca3                dlindependent_calloc
                0x00000000c0001cc8                dlindependent_comalloc
                0x00000000c0001cdf                dlvalloc
                0x00000000c0001d0a                dlpvalloc
                0x00000000c0001d40                dlmalloc_trim
                0x00000000c0001d4d                dlmalloc_usable_size
                0x00000000c0001d7e                dlmallinfo
                0x00000000c0001e4d                dlmalloc_stats
                0x00000000c0001e5e                dlmallopt
 *fill*         0x00000000c0001ede        0x2 
 .text          0x00000000c0001ee0      0x1f2 libk/ctype.32
                0x00000000c0001ee0                isblank
                0x00000000c0001f00                iscntrl
                0x00000000c0001f20                isdigit
                0x00000000c0001f3c                islower
                0x00000000c0001f58                isspace
                0x00000000c0001f80                isupper
                0x00000000c0001f9c                isalpha
                0x00000000c0001fcc                isalnum
                0x00000000c0001ffc                ispunct
                0x00000000c000203c                isgraph
                0x00000000c000206c                isprint
                0x00000000c0002094                isxdigit
 .text          0x00000000c00020d2        0x0 libk/string.32
 .text          0x00000000c00020d2       0x51 fs/fat/diskio.32
                0x00000000c00020d2                disk_status
                0x00000000c00020d5                disk_initialize
                0x00000000c00020d8                disk_read
                0x00000000c00020ee                disk_write
                0x00000000c0002104                disk_ioctl
 .text          0x00000000c0002123     0x3e46 fs/fat/ff.32
                0x00000000c0003f44                f_mount
                0x00000000c0003fa6                f_open
                0x00000000c0004269                f_read
                0x00000000c0004468                f_write
                0x00000000c00046b0                f_sync
                0x00000000c0004775                f_close
                0x00000000c00047a4                f_lseek
                0x00000000c0004955                f_opendir
                0x00000000c0004a20                f_closedir
                0x00000000c0004a42                f_readdir
                0x00000000c0004ad4                f_stat
                0x00000000c0004b53                f_getfree
                0x00000000c0004c5c                f_truncate
                0x00000000c0004d46                f_unlink
                0x00000000c0004e68                f_mkdir
                0x00000000c0005003                f_rename
                0x00000000c00051bb                f_chmod
                0x00000000c000526b                f_utime
                0x00000000c000531b                f_getlabel
                0x00000000c000546c                f_setlabel
                0x00000000c00055fc                f_expand
                0x00000000c0005769                f_mkfs
 *fill*         0x00000000c0005f69        0x3 
 .text          0x00000000c0005f6c       0x2f fs/fat/ffsystem.32
                0x00000000c0005f6c                ff_memalloc
                0x00000000c0005f84                ff_memfree
 *fill*         0x00000000c0005f9b        0x1 
 .text          0x00000000c0005f9c      0x2dc fs/fat/ffunicode.32
                0x00000000c0005f9c                ff_uni2oem
                0x00000000c000603c                ff_oem2uni
                0x00000000c00060b4                ff_wtoupper
 .text          0x00000000c0006278      0xd32 fs/iso9660/iso9660.32
                0x00000000c00064c3                isoReadDiscSector
                0x00000000c000655e                strnicmp
                0x00000000c000680d                stricmp
                0x00000000c0006859                iso_open
                0x00000000c00068e3                iso_close
                0x00000000c0006901                iso_read
                0x00000000c0006a17                iso_seek
                0x00000000c0006a9b                iso_tell
                0x00000000c0006acc                iso_total
                0x00000000c0006af7                fn_postprocess
                0x00000000c0006b1e                iso_readdir
                0x00000000c0006d75                iso_reset
                0x00000000c0006d92                init_percd
                0x00000000c0006e8c                iso_ioctl
                0x00000000c0006ea4                fs_iso9660_init
                0x00000000c0006f3a                fs_iso9660_shutdown
 .text          0x00000000c0006faa        0x0 net/core/def.32
 .text          0x00000000c0006faa        0x0 net/core/dhcp.32
 .text          0x00000000c0006faa        0x0 net/core/dns.32
 *fill*         0x00000000c0006faa        0x2 
 .text          0x00000000c0006fac       0x2b net/core/init.32
                0x00000000c0006fac                lwip_init
 *fill*         0x00000000c0006fd7        0x1 
 .text          0x00000000c0006fd8      0x9f0 net/core/mem.32
                0x00000000c000716c                mem_init
                0x00000000c0007214                mem_free
                0x00000000c0007338                mem_trim
                0x00000000c0007648                mem_malloc
                0x00000000c0007964                mem_calloc
 .text          0x00000000c00079c8      0x2e8 net/core/memp.32
                0x00000000c00079c8                memp_init
                0x00000000c0007b0c                memp_malloc
                0x00000000c0007c38                memp_free
 .text          0x00000000c0007cb0      0x4ba net/core/netif.32
                0x00000000c0007cb0                netif_init
                0x00000000c0007cb4                netif_find
                0x00000000c0007d4c                netif_set_ipaddr
                0x00000000c0007e44                netif_set_gw
                0x00000000c0007e68                netif_set_netmask
                0x00000000c0007e8c                netif_set_addr
                0x00000000c0007ed0                netif_add
                0x00000000c0007f9c                netif_set_default
                0x00000000c0007fa8                netif_set_up
                0x00000000c000800c                netif_set_down
                0x00000000c0008034                netif_remove
                0x00000000c00080e0                netif_set_link_up
                0x00000000c0008144                netif_set_link_down
 *fill*         0x00000000c000816a        0x2 
 .text          0x00000000c000816c     0x16ac net/core/pbuf.32
                0x00000000c0008234                pbuf_alloced_custom
                0x00000000c0008358                pbuf_header
                0x00000000c00084f4                pbuf_free
                0x00000000c00086cc                pbuf_alloc
                0x00000000c0008ac4                pbuf_realloc
                0x00000000c0008cc8                pbuf_clen
                0x00000000c0008cfc                pbuf_ref
                0x00000000c0008d2c                pbuf_cat
                0x00000000c0008e0c                pbuf_chain
                0x00000000c0008e38                pbuf_dechain
                0x00000000c0008f2c                pbuf_copy
                0x00000000c0009194                pbuf_copy_partial
                0x00000000c0009338                pbuf_take
                0x00000000c00094b8                pbuf_coalesce
                0x00000000c000954c                pbuf_get_at
                0x00000000c00095e4                pbuf_memcmp
                0x00000000c00096f0                pbuf_memfind
                0x00000000c00097a4                pbuf_strstr
 .text          0x00000000c0009818      0x3e4 net/core/raw.32
                0x00000000c0009818                raw_input
                0x00000000c0009924                raw_bind
                0x00000000c0009948                raw_connect
                0x00000000c000996c                raw_recv
                0x00000000c0009984                raw_sendto
                0x00000000c0009af0                raw_send
                0x00000000c0009b14                raw_remove
                0x00000000c0009b94                raw_new
 .text          0x00000000c0009bfc        0x2 net/core/stats.32
                0x00000000c0009bfc                stats_init
 *fill*         0x00000000c0009bfe        0x2 
 .text          0x00000000c0009c00       0x55 net/core/sys.32
                0x00000000c0009c00                sys_msleep
 *fill*         0x00000000c0009c55        0x3 
 .text          0x00000000c0009c58     0x1dec net/core/tcp.32
                0x00000000c0009c68                tcp_listen_with_backlog
                0x00000000c0009e18                tcp_update_rcv_ann_wnd
                0x00000000c0009ef4                tcp_recved
                0x00000000c000a03c                tcp_bind
                0x00000000c000a16c                tcp_seg_free
                0x00000000c000a1b0                tcp_segs_free
                0x00000000c000a1e8                tcp_setprio
                0x00000000c000a204                tcp_seg_copy
                0x00000000c000a258                tcp_arg
                0x00000000c000a268                tcp_recv
                0x00000000c000a278                tcp_sent
                0x00000000c000a288                tcp_err
                0x00000000c000a298                tcp_accept
                0x00000000c000a2a8                tcp_poll
                0x00000000c000a2d0                tcp_pcb_purge
                0x00000000c000a3b4                tcp_slowtmr
                0x00000000c000ab38                tcp_pcb_remove
                0x00000000c000afe0                tcp_close
                0x00000000c000b01c                tcp_recv_null
                0x00000000c000b080                tcp_fasttmr
                0x00000000c000b1a4                tcp_tmr
                0x00000000c000b1d4                tcp_shutdown
                0x00000000c000b280                tcp_abandon
                0x00000000c000b414                tcp_abort
                0x00000000c000b580                tcp_next_iss
                0x00000000c000b598                tcp_alloc
                0x00000000c000b744                tcp_new
                0x00000000c000b758                tcp_eff_send_mss
                0x00000000c000b7c8                tcp_connect
                0x00000000c000ba38                tcp_debug_state_str
 .text          0x00000000c000ba44     0x3131 net/core/tcp_in.32
                0x00000000c000e0a4                tcp_input
 *fill*         0x00000000c000eb75        0x3 
 .text          0x00000000c000eb78     0x1f81 net/core/tcp_out.32
                0x00000000c000f0e8                tcp_write
                0x00000000c000f988                tcp_enqueue_flags
                0x00000000c000fc74                tcp_send_fin
                0x00000000c000fd14                tcp_send_empty_ack
                0x00000000c0010024                tcp_output
                0x00000000c00104b0                tcp_rst
                0x00000000c0010624                tcp_rexmit_rto
                0x00000000c00106b4                tcp_rexmit
                0x00000000c001077c                tcp_rexmit_fast
                0x00000000c0010860                tcp_keepalive
                0x00000000c0010928                tcp_zero_window_probe
 *fill*         0x00000000c0010af9        0x3 
 .text          0x00000000c0010afc      0x44d net/core/timers.32
                0x00000000c0010afc                sys_timeout
                0x00000000c0010cb4                tcp_timer_needed
                0x00000000c0010d48                sys_timeouts_init
                0x00000000c0010d80                sys_untimeout
                0x00000000c0010e4c                sys_timeouts_mbox_fetch
 *fill*         0x00000000c0010f49        0x3 
 .text          0x00000000c0010f4c      0xae8 net/core/udp.32
                0x00000000c0010f4c                udp_input
                0x00000000c00113c0                udp_bind
                0x00000000c0011540                udp_sendto_if
                0x00000000c00117c0                udp_sendto
                0x00000000c0011824                udp_send
                0x00000000c0011850                udp_connect
                0x00000000c0011930                udp_disconnect
                0x00000000c001195c                udp_recv
                0x00000000c0011974                udp_remove
                0x00000000c00119f4                udp_new
 .text          0x00000000c0011a34     0x1204 net/netif/etharp.32
                0x00000000c0011a8c                etharp_tmr
                0x00000000c001205c                etharp_find_addr
                0x00000000c00125bc                etharp_request
                0x00000000c00125f8                etharp_query
                0x00000000c0012934                etharp_output
                0x00000000c0012af4                ethernet_input
 .text          0x00000000c0012c38        0x0 net/netif/ethernetif.32
 .text          0x00000000c0012c38        0x0 net/netif/slipif.32
 .text          0x00000000c0012c38        0x0 net/core/ipv4/autoip.32
 .text          0x00000000c0012c38      0x5dd net/core/ipv4/icmp.32
                0x00000000c0012c38                icmp_input
                0x00000000c00131d0                icmp_dest_unreach
                0x00000000c00131f4                icmp_time_exceeded
 .text          0x00000000c0013215        0x0 net/core/ipv4/igmp.32
 .text          0x00000000c0013215        0x0 net/core/ipv4/inet.32
 *fill*         0x00000000c0013215        0x3 
 .text          0x00000000c0013218      0x582 net/core/ipv4/inet_chksum.32
                0x00000000c0013310                inet_chksum_pseudo
                0x00000000c00134a0                inet_chksum_pseudo_partial
                0x00000000c0013690                inet_chksum
                0x00000000c00136b8                inet_chksum_pbuf
 *fill*         0x00000000c001379a        0x2 
 .text          0x00000000c001379c      0x84c net/core/ipv4/ip.32
                0x00000000c001379c                ip_route
                0x00000000c0013830                ip_input
                0x00000000c0013c74                ip_output_if
                0x00000000c0013f44                ip_output
 .text          0x00000000c0013fe8      0x5ac net/core/ipv4/ip_addr.32
                0x00000000c0013fe8                ip4_addr_isbroadcast
                0x00000000c0014070                ip4_addr_netmask_valid
                0x00000000c00140d4                ipaddr_aton
                0x00000000c0014404                ipaddr_addr
                0x00000000c0014434                ipaddr_ntoa_r
                0x00000000c0014580                ipaddr_ntoa
 .text          0x00000000c0014594     0x1161 net/core/ipv4/ip_frag.32
                0x00000000c00147f8                ip_reass_tmr
                0x00000000c0014e88                ip_reass
                0x00000000c0015348                ip_frag
 .text          0x00000000c00156f5        0x0 net/core/snmp/asn1_dec.32
 .text          0x00000000c00156f5        0x0 net/core/snmp/asn1_enc.32
 .text          0x00000000c00156f5        0x0 net/core/snmp/mib2.32
 .text          0x00000000c00156f5        0x0 net/core/snmp/mib_structs.32
 .text          0x00000000c00156f5        0x0 net/core/snmp/msg_in.32
 .text          0x00000000c00156f5        0x0 net/core/snmp/msg_out.32
 .text          0x00000000c00156f5        0x0 net/netif/ppp/auth.32
 .text          0x00000000c00156f5        0x0 net/netif/ppp/chap.32
 .text          0x00000000c00156f5        0x0 net/netif/ppp/chpms.32
 .text          0x00000000c00156f5        0x0 net/netif/ppp/fsm.32
 .text          0x00000000c00156f5        0x0 net/netif/ppp/ipcp.32
 .text          0x00000000c00156f5        0x0 net/netif/ppp/lcp.32
 .text          0x00000000c00156f5        0x0 net/netif/ppp/magic.32
 .text          0x00000000c00156f5        0x0 net/netif/ppp/md5.32
 .text          0x00000000c00156f5        0x0 net/netif/ppp/pap.32
 .text          0x00000000c00156f5        0x0 net/netif/ppp/ppp.32
 .text          0x00000000c00156f5        0x0 net/netif/ppp/ppp_oe.32
 .text          0x00000000c00156f5        0x0 net/netif/ppp/randm.32
 .text          0x00000000c00156f5        0x0 net/netif/ppp/vj.32
 *fill*         0x00000000c00156f5        0x1 
 .text          0x00000000c00156f6      0x6af core/computer.32
                0x00000000c00156f6                Computer::close(int, int, void*)
                0x00000000c0015744                Krnl::firstTask()
                0x00000000c001586a                Computer::Computer()
                0x00000000c001586a                Computer::Computer()
                0x00000000c001591a                Computer::setBootMessage(char const*)
                0x00000000c001591c                Computer::detectFeatures()
                0x00000000c0015b42                Computer::displayFeatures()
                0x00000000c0015b44                Computer::rdmsr(unsigned int)
                0x00000000c0015b70                Computer::wrmsr(unsigned int, unsigned long long)
                0x00000000c0015bac                Computer::shutdown()
                0x00000000c0015bc4                Computer::restart()
                0x00000000c0015bdc                Computer::sleep()
                0x00000000c0015bf0                Computer::nmiEnabled()
                0x00000000c0015bfc                Computer::readCMOS(unsigned char)
                0x00000000c0015c1a                Computer::enableNMI(bool)
                0x00000000c0015c32                Computer::open(int, int, void*)
                0x00000000c0015d06                Computer::disableNMI()
                0x00000000c0015d16                Computer::writeCMOS(unsigned char, unsigned char)
                0x00000000c0015d3a                Computer::handleNMI()
 *fill*         0x00000000c0015da5        0x1 
 .text          0x00000000c0015da6      0x1db core/gdt.32
                0x00000000c0015da6                GDTEntry::setBase(unsigned int)
                0x00000000c0015dc2                GDTEntry::setLimit(unsigned int)
                0x00000000c0015de0                GDT::GDT()
                0x00000000c0015de0                GDT::GDT()
                0x00000000c0015df6                GDT::addEntry(GDTEntry)
                0x00000000c0015e18                GDT::getNumberOfEntries()
                0x00000000c0015e20                GDT::flush()
                0x00000000c0015e42                GDT::setup()
 .text          0x00000000c0015f81       0x1d core/idle.32
                0x00000000c0015f81                idleFunction(void*)
 *fill*         0x00000000c0015f9e        0x2 
 .text          0x00000000c0015fa0      0x46c core/idt.32
                0x00000000c0015fa0                IDTEntry::IDTEntry(bool)
                0x00000000c0015fa0                IDTEntry::IDTEntry(bool)
                0x00000000c001601a                IDTEntry::setOffset(unsigned int)
                0x00000000c0016030                IDT::IDT()
                0x00000000c0016030                IDT::IDT()
                0x00000000c0016032                IDT::getPointerToInvalidOpcodeEntryForF00F()
                0x00000000c001603a                IDT::addEntry(IDTEntry, int)
                0x00000000c0016054                IDT::addEntry(int, void (*)(), bool)
                0x00000000c001608c                IDT::flush()
                0x00000000c00160a6                IDT::setup()
 .text          0x00000000c001640c      0x205 core/kheap.32
                0x00000000c001640c                sbrk
                0x00000000c00164a3                sbrk_thunk
                0x00000000c00164d9                mmap
                0x00000000c0016537                munmap
                0x00000000c001654c                liballoc_lock()
                0x00000000c001655a                liballoc_unlock()
                0x00000000c0016570                liballoc_alloc(int)
                0x00000000c0016588                liballoc_free(void*, int)
                0x00000000c00165a3                realloc
                0x00000000c00165b7                malloc
                0x00000000c00165c7                free
                0x00000000c00165d7                rfree
                0x00000000c00165e7                calloc
 .text          0x00000000c0016611       0xc7 core/main.32
                0x00000000c0016611                KeEntryPoint
 .text          0x00000000c00166d8      0x644 core/physmgr.32
                0x00000000c00166d8                Phys::allocateDMA(unsigned long)
                0x00000000c00167c0                Phys::freeDMA(unsigned long, unsigned long)
                0x00000000c00167fb                Phys::setPageState(unsigned long, bool)
                0x00000000c001683b                Phys::getPageState(unsigned long)
                0x00000000c0016857                Phys::freePage(unsigned long)
                0x00000000c00168c0                Phys::allocatePage()
                0x00000000c001698f                Phys::allocateContiguousPages(int)
                0x00000000c00169f6                Phys::allowSegmentToBeUsed(unsigned long, unsigned long)
                0x00000000c0016a2e                Phys::physicalMemorySetup(unsigned int)
 .text          0x00000000c0016d1c      0x273 core/pipe.32
                0x00000000c0016d1c                Pipe::isAtty()
                0x00000000c0016d20                Pipe::~Pipe()
                0x00000000c0016d20                Pipe::~Pipe()
                0x00000000c0016d44                Pipe::~Pipe()
                0x00000000c0016d6c                Pipe::write(unsigned long long, void*, int*)
                0x00000000c0016e2c                Pipe::read(unsigned long long, void*, int*)
                0x00000000c0016f28                Pipe::Pipe(int)
                0x00000000c0016f28                Pipe::Pipe(int)
 *fill*         0x00000000c0016f8f        0x1 
 .text          0x00000000c0016f90      0xab3 core/terminal.32
                0x00000000c0016f90                VgaText::isAtty()
                0x00000000c0016f94                VgaText::~VgaText()
                0x00000000c0016f94                VgaText::~VgaText()
                0x00000000c0016fb8                VgaText::~VgaText()
                0x00000000c0016fe2                VgaText::read(unsigned long long, void*, int*)
                0x00000000c0017002                setTerminalScrollLock(bool)
                0x00000000c0017003                doTerminalCycle()
                0x00000000c0017004                addToTerminalCycle(VgaText*)
                0x00000000c0017005                scrollTerminalScrollLock(int)
                0x00000000c0017006                VgaText::updateTitle()
                0x00000000c0017008                VgaText::load()
                0x00000000c001700a                VgaText::updateCursor()
                0x00000000c0017020                VgaText::doANSI_SGR(int)
                0x00000000c0017094                VgaText::setDefaultBgColour(VgaColour)
                0x00000000c00170a4                VgaText::setDefaultFgColour(VgaColour)
                0x00000000c00170b4                VgaText::setDefaultColours(VgaColour, VgaColour)
                0x00000000c00170d4                VgaText::setTitleTextColour(VgaColour)
                0x00000000c00170e0                VgaText::setTitleColour(VgaColour)
                0x00000000c00170ec                VgaText::setTitle(char*)
                0x00000000c00170ee                VgaText::combineColours(unsigned char, unsigned char)
                0x00000000c0017100                VgaText::scrollScreen()
                0x00000000c0017192                VgaText::combineCharAndColour(char, unsigned char)
                0x00000000c00171a2                VgaText::writeCharacter(char, VgaColour, VgaColour, int, int)
                0x00000000c0017232                VgaText::getCursorX()
                0x00000000c001723a                VgaText::getCursorY()
                0x00000000c0017242                VgaText::setCursor(int, int)
                0x00000000c0017259                setActiveTerminal(VgaText*)
                0x00000000c00172a4                VgaText::clearScreen()
                0x00000000c00172f2                VgaText::setCursorX(int)
                0x00000000c001730a                VgaText::setCursorY(int)
                0x00000000c0017322                VgaText::incrementCursor(bool)
                0x00000000c0017376                VgaText::decrementCursor(bool)
                0x00000000c0017398                VgaText::putchar(char, VgaColour, VgaColour)
                0x00000000c0017468                VgaText::putchar(char)
                0x00000000c0017560                VgaText::putx(unsigned int)
                0x00000000c00175a6                VgaText::puts(char const*)
                0x00000000c00175cc                VgaText::write(unsigned long long, void*, int*)
                0x00000000c0017618                VgaText::puts(char const*, VgaColour, VgaColour)
                0x00000000c0017766                VgaText::VgaText(char const*)
                0x00000000c0017766                VgaText::VgaText(char const*)
                0x00000000c00178b6                VgaText::receiveKey(unsigned char)
                0x00000000c0017a42                VgaText::doUpdate()
 *fill*         0x00000000c0017a43        0x1 
 .text          0x00000000c0017a44      0x1a1 core/tss.32
                0x00000000c0017a44                TSS::TSS()
                0x00000000c0017a44                TSS::TSS()
                0x00000000c0017a54                TSS::setESP(unsigned long)
                0x00000000c0017a68                TSS::flush()
                0x00000000c0017a88                TSS::setup(unsigned long, unsigned long)
 *fill*         0x00000000c0017be5        0x1 
 .text          0x00000000c0017be6      0x4ca core/unixfile.32
                0x00000000c0017be6                ReservedFilename::read(unsigned long long, void*, int*)
                0x00000000c0017c3c                ReservedFilename::isAtty()
                0x00000000c0017c58                ReservedFilename::write(unsigned long long, void*, int*)
                0x00000000c0017cb6                UnixFile::getFileDescriptor()
                0x00000000c0017cbe                UnixFile::UnixFile(int)
                0x00000000c0017cbe                UnixFile::UnixFile(int)
                0x00000000c0017e72                ReservedFilename::ReservedFilename(int)
                0x00000000c0017e72                ReservedFilename::ReservedFilename(int)
                0x00000000c0017ea4                UnixFile::~UnixFile()
                0x00000000c0017ea4                UnixFile::~UnixFile()
                0x00000000c0017f40                UnixFile::~UnixFile()
                0x00000000c0017f68                ReservedFilename::~ReservedFilename()
                0x00000000c0017f68                ReservedFilename::~ReservedFilename()
                0x00000000c0017f8c                ReservedFilename::~ReservedFilename()
                0x00000000c0017fb3                KeGetFileFromDescriptor(int)
 .text          0x00000000c00180b0     0x1210 core/virtmgr.32
                0x00000000c00180b0                Virt::setPageState(unsigned long, Virt::VirtPageState)
                0x00000000c00180ea                Virt::getPageState(unsigned long)
                0x00000000c001810d                Virt::allocateKernelVirtualPages(int)
                0x00000000c0018232                Virt::freeSwapfilePage(unsigned long)
                0x00000000c0018255                Virt::swapIDToSector(unsigned long)
                0x00000000c001826b                Virt::allocateSwapfilePage()
                0x00000000c00182eb                Virt::virtualMemorySetup()
                0x00000000c001833c                Virt::setupPageSwapping(int)
                0x00000000c00183ae                VAS::setCPUSpecific(unsigned long)
                0x00000000c00183b0                VAS::VAS(VAS*)
                0x00000000c00183b0                VAS::VAS(VAS*)
                0x00000000c00183c8                VAS::getForeignPageTableEntry(bool, unsigned long)
                0x00000000c00183f6                VAS::getPageTableEntry(unsigned long)
                0x00000000c0018415                Virt::freeKernelVirtualPages(unsigned long)
                0x00000000c0018552                VAS::freeAllocatedPages(unsigned long)
                0x00000000c0018576                VAS::virtualToPhysical(unsigned long)
                0x00000000c0018590                VAS::reflagRange(unsigned long, int, unsigned long, unsigned long)
                0x00000000c00185d2                VAS::VAS()
                0x00000000c00185d2                VAS::VAS()
                0x00000000c001863c                VAS::setToWriteCombining(unsigned long, int)
                0x00000000c0018670                VAS::mapOtherVASIn(bool, VAS*)
                0x00000000c001869c                VAS::~VAS()
                0x00000000c001869c                VAS::~VAS()
                0x00000000c001880a                VAS::mapPage(unsigned long, unsigned long, int)
                0x00000000c001890e                VAS::allocatePages(int, int)
                0x00000000c0018a04                VAS::mapRange(unsigned long, unsigned long, int, int)
                0x00000000c0018a5c                VAS::mapForeignPage(bool, VAS*, unsigned long, unsigned long, int)
                0x00000000c0018b52                VAS::VAS(bool)
                0x00000000c0018b52                VAS::VAS(bool)
                0x00000000c0018d9c                VAS::evict(unsigned long)
                0x00000000c0018e7a                VAS::tryLoadBackOffDisk(unsigned long)
                0x00000000c0019022                VAS::allocateSharedMemoryWithKernel(unsigned long, unsigned long*)
                0x00000000c0019096                VAS::freeSharedMemoryWithKernel(unsigned long, unsigned long)
                0x00000000c00190c2                VAS::scanForEviction()
                0x00000000c00191c5                mapVASFirstTime
 .text          0x00000000c00192c0       0x5f coreobjs/c++.32
                0x00000000c00192c0                __cxa_atexit
                0x00000000c00192c3                __cxa_finalize
                0x00000000c00192c4                __stack_chk_fail
                0x00000000c00192fa                __cxa_pure_virtual
                0x00000000c001930b                operator new[](unsigned long)
                0x00000000c0019310                operator delete(void*, unsigned long)
                0x00000000c0019315                operator delete[](void*)
                0x00000000c001931a                operator delete[](void*, unsigned long)
 .text          0x00000000c001931f      0x254 dbg/kconsole.32
                0x00000000c001931f                Dbg::stringifyxWithBase(unsigned int, char*, int)
                0x00000000c00193bf                Dbg::logc(char)
                0x00000000c00193df                Dbg::logs(char*)
                0x00000000c00193fe                Dbg::logWriteInt(unsigned int)
                0x00000000c001941c                Dbg::logWriteIntBase(unsigned int, int)
                0x00000000c001943d                Dbg::kprintf(char const*, ...)
 *fill*         0x00000000c0019573        0x1 
 .text          0x00000000c0019574      0x2d4 dbg/usban.32
                0x00000000c0019574                KiUbsanPrintDetails(char const*, void*)
                0x00000000c00195e0                __ubsan_handle_type_mismatch_v1
                0x00000000c00196bc                __ubsan_handle_pointer_overflow
                0x00000000c00196e8                __ubsan_handle_out_of_bounds
                0x00000000c0019714                __ubsan_handle_add_overflow
                0x00000000c0019740                __ubsan_handle_load_invalid_value
                0x00000000c001976c                __ubsan_handle_divrem_overflow
                0x00000000c0019798                __ubsan_handle_mul_overflow
                0x00000000c00197c4                __ubsan_handle_sub_overflow
                0x00000000c00197f0                __ubsan_handle_shift_out_of_bounds
                0x00000000c001981c                __ubsan_handle_negate_overflow
 .text          0x00000000c0019848      0x86d fs/symlink.32
                0x00000000c0019997                KiDeinitialiseSymlinks(void*)
                0x00000000c0019a2a                KeRegisterSymlink(char const*, unsigned long long)
                0x00000000c0019abc                KeInitialiseSymlinks()
                0x00000000c0019c30                KiIsSymlinkRegistered(char const*)
                0x00000000c0019db4                KeDereferenceSymlink(char const*, char*)
                0x00000000c0019f5b                KeCreateSymlink(char const*, char const*)
 *fill*         0x00000000c001a0b5        0x1 
 .text          0x00000000c001a0b6      0xd68 fs/vfs.32
                0x00000000c001a0b6                File::read(unsigned long long, void*, int*)
                0x00000000c001a10e                File::write(unsigned long long, void*, int*)
                0x00000000c001a166                Directory::read(unsigned long long, void*, int*)
                0x00000000c001a1be                Directory::write(unsigned long long, void*, int*)
                0x00000000c001a1ec                File::isAtty()
                0x00000000c001a1f0                Directory::isAtty()
                0x00000000c001a1f4                Filesystem::getlabel(LogicalDisk*, int, char*, unsigned int*)
                0x00000000c001a1fa                Filesystem::setlabel(LogicalDisk*, int, char*)
                0x00000000c001a200                Filesystem::allocateSwapfile(char const*, int)
                0x00000000c001a206                File::~File()
                0x00000000c001a206                File::~File()
                0x00000000c001a22a                File::~File()
                0x00000000c001a254                Directory::~Directory()
                0x00000000c001a254                Directory::~Directory()
                0x00000000c001a278                Directory::~Directory()
                0x00000000c001a2a2                Filesystem::Filesystem()
                0x00000000c001a2a2                Filesystem::Filesystem()
                0x00000000c001a2c6                Filesystem::~Filesystem()
                0x00000000c001a2c6                Filesystem::~Filesystem()
                0x00000000c001a2d4                Filesystem::~Filesystem()
                0x00000000c001a2f8                Fs::getcwd(Process*, char*, int)
                0x00000000c001a322                Fs::initVFS()
                0x00000000c001a34c                Fs::standardiseFiles(char*, char const*, char const*, bool)
                0x00000000c001a566                File::File(char const*, Process*, bool)
                0x00000000c001a566                File::File(char const*, Process*, bool)
                0x00000000c001a644                File::File(char const*, Process*)
                0x00000000c001a644                File::File(char const*, Process*)
                0x00000000c001a662                File::open(FileOpenMode)
                0x00000000c001a6c0                File::close()
                0x00000000c001a720                File::seek(unsigned long long)
                0x00000000c001a776                File::truncate(unsigned long long)
                0x00000000c001a7cc                File::tell(unsigned long long*)
                0x00000000c001a81c                File::rewind()
                0x00000000c001a830                File::unlink()
                0x00000000c001a87c                File::rename(char const*)
                0x00000000c001a8ca                File::chfatattr(unsigned char, unsigned char)
                0x00000000c001a926                File::exists()
                0x00000000c001a964                File::stat(unsigned long long*, bool*)
                0x00000000c001a9c5                Fs::setcwd(Process*, char*)
                0x00000000c001ab24                Directory::Directory(char const*, Process*)
                0x00000000c001ab24                Directory::Directory(char const*, Process*)
                0x00000000c001abec                Directory::open()
                0x00000000c001ac48                Directory::close()
                0x00000000c001aca8                Directory::unlink()
                0x00000000c001acf4                Directory::rename(char const*)
                0x00000000c001ad42                Directory::exists()
                0x00000000c001ad80                Directory::read(dirent*)
                0x00000000c001adcc                Directory::create()
                0x00000000c001ae18                Filesystem::chfatattr(char const*, unsigned char, unsigned char)
 *fill*         0x00000000c001ae1e        0x2 
 .text          0x00000000c001ae20       0x86 hal/bus.32
                0x00000000c001ae20                Bus::Bus(char const*)
                0x00000000c001ae20                Bus::Bus(char const*)
                0x00000000c001ae58                Bus::~Bus()
                0x00000000c001ae58                Bus::~Bus()
                0x00000000c001ae7c                Bus::~Bus()
 .text          0x00000000c001aea6       0x96 hal/buzzer.32
                0x00000000c001aea6                beepThread(void*)
                0x00000000c001aee3                Krnl::beep(int, int, bool)
 .text          0x00000000c001af3c      0x513 hal/clock.32
                0x00000000c001af3c                User::loadClockSettings()
                0x00000000c001b042                Clock::Clock(char const*)
                0x00000000c001b042                Clock::Clock(char const*)
                0x00000000c001b078                Clock::~Clock()
                0x00000000c001b078                Clock::~Clock()
                0x00000000c001b09c                Clock::~Clock()
                0x00000000c001b0c6                Clock::timeInSecondsLocal()
                0x00000000c001b10e                Clock::setTimeInSecondsLocal(unsigned long long)
                0x00000000c001b167                datetimeToSeconds(datetime_t)
                0x00000000c001b286                Clock::setTimeInDatetimeLocal(datetime_t)
                0x00000000c001b2e6                secondsToDatetime(unsigned long long)
                0x00000000c001b42a                Clock::timeInDatetimeLocal()
 *fill*         0x00000000c001b44f        0x1 
 .text          0x00000000c001b450      0x47a hal/device.32
                0x00000000c001b450                Device::hibernate()
                0x00000000c001b452                Device::wake()
                0x00000000c001b454                Device::detect()
                0x00000000c001b456                Device::disableLegacy()
                0x00000000c001b458                Device::powerSaving(PowerSavingLevel)
                0x00000000c001b45a                DriverlessDevice::close(int, int, void*)
                0x00000000c001b45e                DriverlessDevice::detect()
                0x00000000c001b460                DriverlessDevice::open(int, int, void*)
                0x00000000c001b474                Device::~Device()
                0x00000000c001b474                Device::~Device()
                0x00000000c001b482                Device::~Device()
                0x00000000c001b4aa                Device::findAndLoadDriver()
                0x00000000c001b4b8                Device::preOpenPCI(PCIDeviceInfo)
                0x00000000c001b4de                Device::preOpenACPI(void*, char*, char*)
                0x00000000c001b51e                Device::addIRQHandler(int, void (*)(regs*, void*), bool, void*)
                0x00000000c001b548                Device::getParent()
                0x00000000c001b554                Device::removeIRQHandler(int, void (*)(regs*, void*), bool)
                0x00000000c001b572                Device::addChild(Device*)
                0x00000000c001b5b6                Device::removeAllChildren()
                0x00000000c001b5fc                Device::hibernateAll()
                0x00000000c001b62c                Device::wakeAll()
                0x00000000c001b65c                Device::detectAll()
                0x00000000c001b68c                Device::disableLegacyAll()
                0x00000000c001b68e                Device::loadDriversForAll()
                0x00000000c001b690                Device::powerSavingAll(PowerSavingLevel)
                0x00000000c001b6c6                Device::setName(char const*)
                0x00000000c001b6d4                Device::Device(char const*)
                0x00000000c001b6d4                Device::Device(char const*)
                0x00000000c001b7d0                Device::getName()
                0x00000000c001b7da                Device::closeAll()
                0x00000000c001b826                DriverlessDevice::DriverlessDevice(char const*)
                0x00000000c001b826                DriverlessDevice::DriverlessDevice(char const*)
                0x00000000c001b85c                Device::addToLinkedList(LinkedList<Device>&, DeviceType)
                0x00000000c001b8a0                getDevicesOfType(DeviceType)
 *fill*         0x00000000c001b8ca        0x2 
 .text          0x00000000c001b8cc       0x86 hal/diskctrl.32
                0x00000000c001b8cc                HardDiskController::HardDiskController(char const*)
                0x00000000c001b8cc                HardDiskController::HardDiskController(char const*)
                0x00000000c001b904                HardDiskController::~HardDiskController()
                0x00000000c001b904                HardDiskController::~HardDiskController()
                0x00000000c001b928                HardDiskController::~HardDiskController()
 .text          0x00000000c001b952       0xe2 hal/diskphys.32
                0x00000000c001b952                PhysicalDisk::eject()
                0x00000000c001b956                PhysicalDisk::PhysicalDisk(char const*, int)
                0x00000000c001b956                PhysicalDisk::PhysicalDisk(char const*, int)
                0x00000000c001b9be                PhysicalDisk::startCache()
                0x00000000c001b9e6                PhysicalDisk::~PhysicalDisk()
                0x00000000c001b9e6                PhysicalDisk::~PhysicalDisk()
                0x00000000c001ba0a                PhysicalDisk::~PhysicalDisk()
 .text          0x00000000c001ba34        0x0 hal/fpu.32
 .text          0x00000000c001ba34      0x359 hal/intctrl.32
                0x00000000c001ba34                int_handler
                0x00000000c001babe                installISRHandler(int, void (*)(regs*, void*), void*)
                0x00000000c001bb08                installIRQHandler(int, void (*)(regs*, void*), bool, void*)
                0x00000000c001bc3c                uninstallISRHandler(int, void (*)(regs*, void*))
                0x00000000c001bc70                uninstallIRQHandler(int, void (*)(regs*, void*), bool)
                0x00000000c001bcee                setupINTS()
                0x00000000c001bd4b                convertLegacyIRQNumber(int)
 *fill*         0x00000000c001bd8d        0x1 
 .text          0x00000000c001bd8e      0x888 hal/keybrd.32
                0x00000000c001bd8e                startGUI(void*)
                0x00000000c001bdf8                startGUIVESA(void*)
                0x00000000c001be62                sendKeyToTerminal(unsigned char)
                0x00000000c001bf3d                sendKeyboardToken(KeyboardToken)
                0x00000000c001c3f9                clearInternalKeybuffer(VgaText*)
                0x00000000c001c42e                readKeyboard(VgaText*, char*, unsigned long)
                0x00000000c001c58c                Keyboard::Keyboard(char const*)
                0x00000000c001c58c                Keyboard::Keyboard(char const*)
                0x00000000c001c5c8                Keyboard::~Keyboard()
                0x00000000c001c5c8                Keyboard::~Keyboard()
                0x00000000c001c5ec                Keyboard::~Keyboard()
 .text          0x00000000c001c616      0x3f8 hal/logidisk.32
                0x00000000c001c616                LogicalDisk::close(int, int, void*)
                0x00000000c001c61a                LogicalDisk::~LogicalDisk()
                0x00000000c001c61a                LogicalDisk::~LogicalDisk()
                0x00000000c001c63e                LogicalDisk::~LogicalDisk()
                0x00000000c001c668                LogicalDisk::open(int, int, void*)
                0x00000000c001c67c                LogicalDisk::absoluteToRelative(unsigned long long)
                0x00000000c001c6b4                LogicalDisk::relativeToAbsolute(unsigned long long)
                0x00000000c001c6fa                LogicalDisk::LogicalDisk(char const*, PhysicalDisk*, unsigned long long, unsigned long long)
                0x00000000c001c6fa                LogicalDisk::LogicalDisk(char const*, PhysicalDisk*, unsigned long long, unsigned long long)
                0x00000000c001c7ba                LogicalDisk::assignDriveLetter()
                0x00000000c001c874                LogicalDisk::mount()
                0x00000000c001c8bc                LogicalDisk::unmount()
                0x00000000c001c8cc                LogicalDisk::eject()
                0x00000000c001c8e0                LogicalDisk::unassignDriveLetter()
                0x00000000c001c936                LogicalDisk::read(unsigned long long, int, void*)
                0x00000000c001c9a2                LogicalDisk::write(unsigned long long, int, void*)
 *fill*         0x00000000c001ca0e        0x2 
 .text          0x00000000c001ca10       0x86 hal/mouse.32
                0x00000000c001ca10                Mouse::Mouse(char const*)
                0x00000000c001ca10                Mouse::Mouse(char const*)
                0x00000000c001ca48                Mouse::~Mouse()
                0x00000000c001ca48                Mouse::~Mouse()
                0x00000000c001ca6c                Mouse::~Mouse()
 .text          0x00000000c001ca96       0x90 hal/nic.32
                0x00000000c001ca96                NIC::getMAC()
                0x00000000c001ca9c                NIC::write(int, unsigned char*, int*)
                0x00000000c001caa2                NIC::NIC(char const*)
                0x00000000c001caa2                NIC::NIC(char const*)
                0x00000000c001cad8                NIC::~NIC()
                0x00000000c001cad8                NIC::~NIC()
                0x00000000c001cafc                NIC::~NIC()
 .text          0x00000000c001cb26      0x33b hal/partition.32
                0x00000000c001cb26                makePartition(PhysicalDisk*, unsigned long long, unsigned long long)
                0x00000000c001cbce                createPartitionsForDisk(PhysicalDisk*)
 *fill*         0x00000000c001ce61        0x3 
 .text          0x00000000c001ce64       0x86 hal/serial.32
                0x00000000c001ce64                Serial::Serial(char const*)
                0x00000000c001ce64                Serial::Serial(char const*)
                0x00000000c001ce9c                Serial::~Serial()
                0x00000000c001ce9c                Serial::~Serial()
                0x00000000c001cec0                Serial::~Serial()
 *fill*         0x00000000c001ceea        0x2 
 .text          0x00000000c001ceec      0x230 hal/timer.32
                0x00000000c001ceec                Timer::Timer(char const*)
                0x00000000c001ceec                Timer::Timer(char const*)
                0x00000000c001cf24                Timer::~Timer()
                0x00000000c001cf24                Timer::~Timer()
                0x00000000c001cf48                Timer::~Timer()
                0x00000000c001cf72                Timer::read()
                0x00000000c001cf7d                setupTimer(int)
                0x00000000c001cfb8                timerHandler(unsigned int)
 .text          0x00000000c001d11c      0x444 hal/vcache.32
                0x00000000c001d11c                VCache::VCache(PhysicalDisk*)
                0x00000000c001d11c                VCache::VCache(PhysicalDisk*)
                0x00000000c001d28c                VCache::invalidateReadBuffer()
                0x00000000c001d29c                VCache::writeWriteBuffer()
                0x00000000c001d2e8                VCache::~VCache()
                0x00000000c001d2e8                VCache::~VCache()
                0x00000000c001d340                VCache::~VCache()
                0x00000000c001d368                VCache::write(unsigned long long, int, void*)
                0x00000000c001d45c                VCache::read(unsigned long long, int, void*)
 .text          0x00000000c001d560      0x70e hal/video.32
                0x00000000c001d560                Video::putrect(int, int, int, int, unsigned int)
                0x00000000c001d5ac                Video::bitblit(int, int, int, int, int, int, int, unsigned int*)
                0x00000000c001d61c                Video::blit(unsigned int*, int, int, int, int)
                0x00000000c001d69a                Video::clearScreen(unsigned int)
                0x00000000c001d6ce                Video::putpixel(int, int, unsigned int)
                0x00000000c001d6dc                Video::readPixelApprox(int, int)
                0x00000000c001d6f0                Video::Video(char const*)
                0x00000000c001d6f0                Video::Video(char const*)
                0x00000000c001d726                Video::~Video()
                0x00000000c001d726                Video::~Video()
                0x00000000c001d74a                Video::~Video()
                0x00000000c001d774                Video::isMonochrome()
                0x00000000c001d780                Video::getWidth()
                0x00000000c001d78c                Video::getHeight()
                0x00000000c001d798                Video::drawCursor(int, int, unsigned int*, int)
                0x00000000c001d854                Video::tgaParse(unsigned char*, int, int*, int*)
                0x00000000c001dbfe                Video::putTGA(int, int, unsigned char*, int)
 *fill*         0x00000000c001dc6e        0x2 
 .text          0x00000000c001dc70     0x1413 hw/acpi.32
                0x00000000c001dc70                ACPI::close(int, int, void*)
                0x00000000c001ddac                findRSDP()
                0x00000000c001de44                loadACPITables(unsigned char*)
                0x00000000c001e0b0                findRSDT(unsigned char*)
                0x00000000c001e208                findDataTable(unsigned char*, char*)
                0x00000000c001e288                scanMADT()
                0x00000000c001e740                ACPI::ACPI()
                0x00000000c001e740                ACPI::ACPI()
                0x00000000c001e794                ACPI::getPCIIRQAssignment(unsigned char, unsigned short, unsigned char)
                0x00000000c001e890                ACPI::registerPCIIRQAssignment(void*, unsigned short, unsigned char, unsigned char)
                0x00000000c001e95c                ACPI::setScreenBrightnessLevel(void*, int)
                0x00000000c001e964                ACPI::detectPCI()
                0x00000000c001eb84                ACPI::writeSimpleBootFlag(SimpleBootFlagTable*)
                0x00000000c001ebcc                ACPI::sleep()
                0x00000000c001ebe8                ACPI::open(int, int, void*)
 *fill*         0x00000000c001f083        0x1 
 .text          0x00000000c001f084      0xbc5 hw/cpu.32
                0x00000000c001f084                CPU::close(int, int, void*)
                0x00000000c001f088                CPU::AMD_K6_write_msr(unsigned int, unsigned int, unsigned int, CPU::REGS*)
                0x00000000c001f0a4                CPU::AMD_K6_read_msr(unsigned int, CPU::REGS*)
                0x00000000c001f0bc                CPU::AMD_K6_writeback(int, int, int)
                0x00000000c001f130                CPU::cpuid(int, unsigned long*, unsigned long*, unsigned long*, unsigned long*)
                0x00000000c001f1b4                CPU::cpuidCheckEDX(unsigned int)
                0x00000000c001f1e2                CPU::cpuidCheckECX(unsigned int)
                0x00000000c001f210                CPU::cpuidCheckExtendedEBX(unsigned int)
                0x00000000c001f23e                CPU::cpuidCheckExtendedECX(unsigned int)
                0x00000000c001f26c                CPU::CPU()
                0x00000000c001f26c                CPU::CPU()
                0x00000000c001f2fa                CPU::displayFeatures()
                0x00000000c001f2fc                CPU::detectFeatures()
                0x00000000c001f9d0                CPU::setupSMEP()
                0x00000000c001f9dc                CPU::setupUMIP()
                0x00000000c001f9e6                CPU::setupTSC()
                0x00000000c001f9f0                CPU::setupLargePages()
                0x00000000c001f9fa                CPU::setupPAT()
                0x00000000c001fa36                CPU::setupMTRR()
                0x00000000c001fa38                CPU::setupGlobalPages()
                0x00000000c001fa42                CPU::allowUsermodeDataAccess()
                0x00000000c001fa54                CPU::prohibitUsermodeDataAccess()
                0x00000000c001fa66                CPU::setupSMAP()
                0x00000000c001fa74                CPU::setupFeatures()
                0x00000000c001fb40                CPU::open(int, int, void*)
 .text          0x00000000c001fc49       0xb6 krnl/atexit.32
                0x00000000c001fc49                KeInitialiseAtexit()
                0x00000000c001fc68                KeRegisterAtexit(void (*)(void*), void*)
                0x00000000c001fc9c                KeExecuteAtexit()
 .text          0x00000000c001fcff       0x92 krnl/bootmsg.32
                0x00000000c001fcff                KeDisplaySplashScreen()
                0x00000000c001fd2e                KeSetBootMessage(char const*)
 *fill*         0x00000000c001fd91        0x3 
 .text          0x00000000c001fd94       0x48 krnl/cdefs.32
                0x00000000c001fd94                CUnlockScheduler
                0x00000000c001fdb0                CLockScheduler
                0x00000000c001fdc0                CPrintf
 .text          0x00000000c001fddc       0x1d krnl/compat.32
                0x00000000c001fddc                Krnl::handlePowerButton()
                0x00000000c001fdec                Krnl::handleSleepButton()
 .text          0x00000000c001fdf9       0x2b krnl/crc32.32
                0x00000000c001fdf9                KeCalculateCRC32(unsigned char*, int)
 .text          0x00000000c001fe24      0x5bf krnl/env.32
                0x00000000c001fe24                EnvVarContainer::getEnv(char const*)
                0x00000000c001fe62                EnvVarContainer::setEnv(char const*, char const*)
                0x00000000c001ff24                EnvVarContainer::deleteEnv(char const*)
                0x00000000c001ff26                EnvVarContainer::loadFrom(char const*, char const*)
                0x00000000c002014a                EnvVarContainer::__loadSystem()
                0x00000000c0020164                EnvVarContainer::__loadUser()
                0x00000000c0020166                EnvVarContainer::EnvVarContainer(Process*)
                0x00000000c0020166                EnvVarContainer::EnvVarContainer(Process*)
                0x00000000c0020188                EnvVarContainer::~EnvVarContainer()
                0x00000000c0020188                EnvVarContainer::~EnvVarContainer()
                0x00000000c00201b8                KeGetEnv(Process*, char const*)
                0x00000000c002021d                KeSetEnvSystem(char const*, char const*)
                0x00000000c0020237                KeSetEnvUser(char const*, char const*)
                0x00000000c0020256                KeSetEnvProcess(Process*, char const*, char const*)
                0x00000000c0020269                KeDeleteEnvSystem(char const*)
                0x00000000c002026a                KeDeleteEnvUser(char const*)
                0x00000000c002026b                KeDeleteEnvProcess(Process*, char const*)
                0x00000000c002026c                KeNewProcessEnv(Process*)
                0x00000000c002028e                KeCopyProcessEnv(Process*, Process*)
                0x00000000c00202da                KeLoadSystemEnv()
                0x00000000c0020308                KeLoadUserEnv()
                0x00000000c002032e                KeFlushEnv()
                0x00000000c002032f                KeGetProcessTotalEnvCount(Process*)
                0x00000000c002034f                KeGetProcessEnvPair(Process*, int)
 .text          0x00000000c00203e3       0x94 krnl/inlines.32
                0x00000000c00203e3                CPU::current()
                0x00000000c00203ef                operator new(unsigned long)
                0x00000000c00203f4                operator delete(void*)
                0x00000000c00203f9                disableIRQs()
                0x00000000c00203fb                enableIRQs()
                0x00000000c00203fd                lockScheduler()
                0x00000000c0020405                unlockScheduler()
                0x00000000c0020414                lockStuff()
                0x00000000c0020422                unlockStuff()
                0x00000000c002045c                Virt::getAKernelVAS()
                0x00000000c0020462                __not_memcpy
 *fill*         0x00000000c0020477        0x1 
 .text          0x00000000c0020478      0x1e3 krnl/mailbox.32
                0x00000000c0020478                KeMailboxTryPost(Mailbox*, void*)
                0x00000000c00204dc                KeMailboxTryGet(Mailbox*, void**)
                0x00000000c0020540                KeMailboxCreate()
                0x00000000c0020574                KeMailboxPost(Mailbox*, void*)
                0x00000000c00205dc                KeMailboxGet(Mailbox*, void**)
                0x00000000c0020644                KeMailboxDestroy(Mailbox*)
 *fill*         0x00000000c002065b        0x1 
 .text          0x00000000c002065c       0x1a krnl/mutex.32
                0x00000000c002065c                Mutex::Mutex()
                0x00000000c002065c                Mutex::Mutex()
 .text          0x00000000c0020676        0xc krnl/panic.32
                0x00000000c0020676                KePanic(char const*)
 .text          0x00000000c0020682      0x142 krnl/powctrl.32
                0x00000000c0020682                KePowerThread(void*)
                0x00000000c00206b0                KeChangePowerSettings(PowerSettings)
                0x00000000c00206c6                KeUserIOReceived()
                0x00000000c00206d1                KeHandlePowerButton()
                0x00000000c0020706                KeHandleSleepButton()
                0x00000000c002073b                KeSetupPowerManager()
 .text          0x00000000c00207c4       0x9d krnl/random.32
                0x00000000c00207c4                KeRand()
                0x00000000c0020806                KeSeedRand(unsigned int)
                0x00000000c002082f                KeInitRand()
 *fill*         0x00000000c0020861        0x3 
 .text          0x00000000c0020864      0x1bc krnl/resolve.32
                0x00000000c0020864                KeResolveCompatibilitySymbol(char*)
 .text          0x00000000c0020a20      0x415 krnl/semaphore.32
                0x00000000c0020a20                Semaphore::Semaphore(int)
                0x00000000c0020a20                Semaphore::Semaphore(int)
                0x00000000c0020a50                Semaphore::tryAcquire()
                0x00000000c0020b2c                Semaphore::assertLocked(char const*)
                0x00000000c0020bbc                Semaphore::acquire(int)
                0x00000000c0020d64                Semaphore::acquire()
                0x00000000c0020d80                Semaphore::release()
 .text          0x00000000c0020e35      0x322 krnl/signal.32
                0x00000000c0020e35                KiSigKill(int)
                0x00000000c0020e49                KiDefaultSignalHandlerIgnore(int)
                0x00000000c0020e4a                KiDefaultSignalHandlerPause(int)
                0x00000000c0020e76                KiDefaultSignalHandlerResume(int)
                0x00000000c0020ea2                KeDeinitSignals(SigHandlerBlock*)
                0x00000000c0020ea7                KeInitSignals()
                0x00000000c0020ef9                KeRegisterSignalHandler(SigHandlerBlock*, int, void (*)(int), unsigned int, int)
                0x00000000c0020f2f                KeRaiseSignal(SigHandlerBlock*, int)
                0x00000000c0020fac                KeCheckSignal(SigHandlerBlock*, int*)
                0x00000000c00210a3                KiCheckSignalZ
                0x00000000c00210e5                KeCompleteSignal(SigHandlerBlock*, int)
                0x00000000c0021120                KiFinishSignalZ
 .text          0x00000000c0021157      0xe10 krnl/syscalls.32
                0x00000000c0021157                SysSeekDir(regs*)
                0x00000000c002115c                SysTellDir(regs*)
                0x00000000c0021161                SysVerify(regs*)
                0x00000000c002116b                SysGetArgc(regs*)
                0x00000000c002117f                SysTTYName(regs*)
                0x00000000c0021187                SysFormatDisk(regs*)
                0x00000000c00211fe                SysSetDiskVolumeLabel(regs*)
                0x00000000c0021252                SysGetDiskVolumeLabel(regs*)
                0x00000000c00212ab                SysShutdown(regs*)
                0x00000000c0021309                SysRealpath(regs*)
                0x00000000c002134d                SysReadDir(regs*)
                0x00000000c00213cd                SysIsATTY(regs*)
                0x00000000c0021427                SysSeek(regs*)
                0x00000000c002147e                SysTell(regs*)
                0x00000000c00214eb                SysSize(regs*)
                0x00000000c002155e                SysSizeFromFilename(regs*)
                0x00000000c002168f                SysSizeFromFilenameNoSymlink(regs*)
                0x00000000c00217c0                SysClose(regs*)
                0x00000000c0021820                SysOpenDir(regs*)
                0x00000000c002189d                SysMakeDir(regs*)
                0x00000000c002190b                SysCloseDir(regs*)
                0x00000000c002195f                SysWait(regs*)
                0x00000000c0021980                SysNotImpl(regs*)
                0x00000000c002199b                SysPanic(regs*)
                0x00000000c00219b6                SysRmdir(regs*)
                0x00000000c0021a1b                SysUnlink(regs*)
                0x00000000c0021a80                SysGetArgv(regs*)
                0x00000000c0021acd                SysUSleep(regs*)
                0x00000000c0021af6                SysSpawn(regs*)
                0x00000000c0021b69                SysGetEnv(regs*)
                0x00000000c0021c1a                SysSetFatAttrib(regs*)
                0x00000000c0021c8d                SysPipe(regs*)
                0x00000000c0021cd2                SysGetUnixTime(regs*)
                0x00000000c0021ce6                string_ends_with(char const*, char const*)
                0x00000000c0021d2e                SysOpen(regs*)
                0x00000000c0021f25                KeSystemCall(regs*, void*)
 *fill*         0x00000000c0021f67        0x1 
 .text          0x00000000c0021f68      0x159 net/ethernet.32
                0x00000000c0021f68                KeSwitchEndian16(unsigned short)
                0x00000000c0021f8c                KeSwitchEndian32(unsigned int)
                0x00000000c0021fbc                EthernetCRC32(unsigned char*, int)
                0x00000000c0022060                EthernetReceivedPacket(EthernetUnwrappedFrame*, unsigned short)
 *fill*         0x00000000c00220c1        0x3 
 .text          0x00000000c00220c4       0xf4 net/netosl.32
                0x00000000c00220c4                KeNetCreateSemaphore
                0x00000000c0022108                KeNetFreeSemaphore
                0x00000000c0022124                KeNetSignalSemaphore
                0x00000000c0022140                KeNetWaitSemaphore
                0x00000000c0022160                KeNetCreateThread
                0x00000000c0022184                KeCPanic
                0x00000000c002219c                KeCPuts
 .text          0x00000000c00221b8      0xd56 reg/cm.32
                0x00000000c00221b8                CmOpen(char const*)
                0x00000000c00222d6                CmClose(Reghive_Tag*)
                0x00000000c00222ec                CmReadExtent(Reghive_Tag*, int, unsigned char*)
                0x00000000c0022328                CmGetString(Reghive_Tag*, int, char*)
                0x00000000c002239f                CmEnterDirectory(Reghive_Tag*, int)
                0x00000000c00223de                CmGetNext(Reghive_Tag*, int)
                0x00000000c0022410                CmWriteExtent(Reghive_Tag*, int, unsigned char*)
                0x00000000c002244c                CmFreeExtent(Reghive_Tag*, int)
                0x00000000c0022474                CmUpdateHeader(Reghive_Tag*)
                0x00000000c0022495                CmExpand(Reghive_Tag*, int)
                0x00000000c0022510                CmFindUnusedExtent(Reghive_Tag*)
                0x00000000c0022596                CmCreateExtent(Reghive_Tag*, int, int, unsigned char*)
                0x00000000c002268a                CmSetString(Reghive_Tag*, int, char const*)
                0x00000000c00227c6                CmGetMatch(char*, char*, bool, bool*)
                0x00000000c0022827                CmAddShift(unsigned int*, int*, unsigned char, int)
                0x00000000c0022857                CmGetShift(unsigned int*, int*, int, bool*)
                0x00000000c002288e                CmGetInteger(Reghive_Tag*, int, unsigned long long*)
                0x00000000c00228b8                CmSetInteger(Reghive_Tag*, int, unsigned long long)
                0x00000000c00228f8                CmConvertFromInternalFilename(unsigned char const*, char*)
                0x00000000c002299c                CmGetNameAndTypeFromExtent(Reghive_Tag*, int, char*)
                0x00000000c00229ca                CmConvertToInternalFilename(char const*, unsigned char*)
                0x00000000c0022b68                CmCreateString(Reghive_Tag*, int, char const*)
                0x00000000c0022bb5                CmFindInDirectory(Reghive_Tag*, int, char const*)
                0x00000000c0022c2f                CmCreateInteger(Reghive_Tag*, int, char const*, unsigned long long, int)
                0x00000000c0022c82                CmCreateDirectory(Reghive_Tag*, int, char const*)
                0x00000000c0022d46                zStrtok(char*, char const*)
                0x00000000c0022db8                CmFindObjectFromPath(Reghive_Tag*, char const*)
                0x00000000c0022e39                CmDisplayTree(Reghive_Tag*, int, int)
                0x00000000c0022edc                CmSplitFinalSlashInPlace(char*)
 .text          0x00000000c0022f0e      0x52a reg/registry.32
                0x00000000c0022f0e                Reg::findLineFromLoadedData(char*, char*, char*)
                0x00000000c002307f                Reg::getLineFromRegistry(char*, char*, char*, char*)
                0x00000000c00231d4                Reg::getLine(char*, char*, char*)
                0x00000000c002320b                Reg::readInt(char*, char*, int*)
                0x00000000c00232f9                Reg::readString(char*, char*, char*, int)
                0x00000000c002337a                Reg::readBool(char*, char*, bool*)
                0x00000000c002339f                Reg::readBoolWithDefault(char*, char*, bool)
                0x00000000c00233cb                Reg::readIntWithDefault(char*, char*, int)
                0x00000000c00233f7                Reg::readStringWithDefault(char*, char*, char*, int, char*)
 .text          0x00000000c0023438       0x36 sys/eject.32
                0x00000000c0023438                SysEject(regs*)
 .text          0x00000000c002346e       0x18 sys/exit.32
                0x00000000c002346e                SysExit(regs*)
 .text          0x00000000c0023486       0x1f sys/getcwd.32
                0x00000000c0023486                SysGetCwd(regs*)
 .text          0x00000000c00234a5        0xc sys/getpid.32
                0x00000000c00234a5                SysGetPID(regs*)
 .text          0x00000000c00234b1       0x1a sys/getramdata.32
                0x00000000c00234b1                SysGetRAMData(regs*)
 .text          0x00000000c00234cb       0x82 sys/getvgaptr.32
                0x00000000c00234cb                SysGetVGAPtr(regs*)
 *fill*         0x00000000c002354d        0x3 
 .text          0x00000000c0023550       0xb9 sys/kill.32
                0x00000000c0023550                SysKill(regs*)
 .text          0x00000000c0023609       0xa8 sys/loaddll.32
                0x00000000c0023609                SysLoadDLL(regs*)
 .text          0x00000000c00236b1       0x68 sys/read.32
                0x00000000c00236b1                SysRead(regs*)
 .text          0x00000000c0023719       0x29 sys/registersignal.32
                0x00000000c0023719                SysRegisterSignal(regs*)
 .text          0x00000000c0023742      0x19c sys/registry.32
                0x00000000c0023742                SysRegistryGetTypeFromPath(regs*)
                0x00000000c00237b9                SysRegistryReadExtent(regs*)
                0x00000000c0023801                SysRegistryPathToExtentLookup(regs*)
                0x00000000c0023829                SysRegistryEnterDirectory(regs*)
                0x00000000c0023851                SysRegistryGetNext(regs*)
                0x00000000c0023879                SysRegistryGetNameAndTypeFromExtent(regs*)
                0x00000000c00238b3                SysRegistryOpen(regs*)
                0x00000000c00238c7                SysRegistryClose(regs*)
 .text          0x00000000c00238de       0x55 sys/sbrk.32
                0x00000000c00238de                SysSbrk(regs*)
 .text          0x00000000c0023933       0x1c sys/setcwd.32
                0x00000000c0023933                SysSetCwd(regs*)
 .text          0x00000000c002394f       0x96 sys/settime.32
                0x00000000c002394f                SysSetTime(regs*)
 .text          0x00000000c00239e5       0x73 sys/symlink.32
                0x00000000c00239e5                SysSymlink(regs*)
 .text          0x00000000c0023a58       0x3f sys/timezone.32
                0x00000000c0023a58                SysTimezone(regs*)
 .text          0x00000000c0023a97       0xfc sys/truncate.32
                0x00000000c0023a97                SysTruncate(regs*)
 .text          0x00000000c0023b93       0x68 sys/write.32
                0x00000000c0023b93                SysWrite(regs*)
 .text          0x00000000c0023bfb       0x62 sys/wsbe.32
                0x00000000c0023bfb                SysWsbe(regs*)
 .text          0x00000000c0023c5d       0x25 sys/yield.32
                0x00000000c0023c5d                SysYield(regs*)
 .text          0x00000000c0023c82     0x1207 thr/elf.32
                0x00000000c0023c82                Thr::allocateMemoryForTask(Process*, File*, unsigned long, unsigned long, unsigned long)
                0x00000000c0023f10                Thr::loadProgramIntoMemory(Process*, char const*)
                0x00000000c0024122                Thr::runtimeReferenceHelper()
                0x00000000c0024135                Thr::getAddressOfKernelSymbol(char const*)
                0x00000000c0024184                Thr::loadKernelSymbolTable(char const*)
                0x00000000c0024442                Thr::loadDriverIntoMemory(char const*, unsigned long, bool)
                0x00000000c0024b7b                Thr::getDriverBaseFromAddress(unsigned long)
                0x00000000c0024bad                Thr::getDriverNameFromAddress(unsigned long)
                0x00000000c0024be4                Thr::getDriverOffsetFromAddress(unsigned long)
                0x00000000c0024bfe                Thr::loadDLL(char const*, bool)
                0x00000000c0024e50                Thr::executeDLL(unsigned long, void*)
 .text          0x00000000c0024e89       0x5a thr/exec.32
                0x00000000c0024e89                KeProcessExec(Process*, char const*)
 *fill*         0x00000000c0024ee3        0x1 
 .text          0x00000000c0024ee4     0x1131 thr/prcssthr.32
                0x00000000c0024ee4                userModeEntryPoint(void*)
                0x00000000c0024f0c                changeTSS
                0x00000000c0024f3c                switchToThread(ThreadControlBlock*)
                0x00000000c0024fec                Process::addArgs(char**)
                0x00000000c0025058                Process::Process(char const*, Process*, char**)
                0x00000000c0025058                Process::Process(char const*, Process*, char**)
                0x00000000c0025264                Process::Process(bool, char const*, Process*, char**)
                0x00000000c0025264                Process::Process(bool, char const*, Process*, char**)
                0x00000000c0025438                taskStartupFunction
                0x00000000c0025444                KeDisablePreemption()
                0x00000000c002546c                KeRestorePreemption()
                0x00000000c002548c                Process::createThread(void (*)(void*), void*, int)
                0x00000000c0025598                Process::createUserThread()
                0x00000000c00255b8                setupMultitasking(void (*)())
                0x00000000c00256dc                schedule()
                0x00000000c0025770                blockTaskWithSchedulerLockAlreadyHeld(TaskState)
                0x00000000c0025798                blockTask(TaskState)
                0x00000000c00257d0                waitTask(int, int*, int)
                0x00000000c0025814                milliTenthSleepUntil(unsigned int)
                0x00000000c00258b4                milliTenthSleep(unsigned int)
                0x00000000c00258c8                sleep(unsigned int)
                0x00000000c00258e4                taskReturned
                0x00000000c0025928                Thr::processFromPID(int)
                0x00000000c00259d4                unblockTask(ThreadControlBlock*)
                0x00000000c0025a80                cleanupTerminatedTask(ThreadControlBlock*)
                0x00000000c0025d54                cleanerTaskFunction(void*)
                0x00000000c0025e5c                terminateTask(int)
                0x00000000c0025f48                Thr::terminateFromIRQ(int)
 .text          0x00000000c0026015      0xd00 vm86/vm8086.32
                0x00000000c0026015                Vm::inbv(unsigned short)
                0x00000000c0026028                Vm::outbv(unsigned short, unsigned char)
                0x00000000c002605e                Vm::realToLinear(unsigned short, unsigned short)
                0x00000000c002606e                Vm::getSegment(unsigned int)
                0x00000000c0026076                Vm::getOffset(unsigned int)
                0x00000000c002607b                Vm::mainloop2()
                0x00000000c00260b5                Vm::mainVm8086Loop(void*)
                0x00000000c00260c5                Vm::mainloop3(unsigned long)
                0x00000000c00260eb                Vm::initialise8086()
                0x00000000c002612e                Vm::resetConventionalMemory8086()
                0x00000000c002612f                Vm::finish8086()
                0x00000000c0026190                Vm::getOutput8086(unsigned char*)
                0x00000000c00261b5                Vm::start8086FromBuffer(unsigned char*, int, unsigned short, unsigned short, unsigned short, unsigned short)
                0x00000000c00262dc                Vm::start8086(char const*, unsigned short, unsigned short, unsigned short, unsigned short)
                0x00000000c00264e4                Vm::doISR(regs*, int, unsigned char*, unsigned short, unsigned short)
                0x00000000c002657d                Vm::readByteFromReal(unsigned short, unsigned short)
                0x00000000c002658e                Vm::readWordFromReal(unsigned short, unsigned short)
                0x00000000c00265a0                Vm::readDwordFromReal(unsigned short, unsigned short)
                0x00000000c00265b1                Vm::writeByteFromReal(unsigned short, unsigned short, unsigned char)
                0x00000000c00265c6                Vm::writeWordFromReal(unsigned short, unsigned short, unsigned short)
                0x00000000c00265dc                Vm::writeDwordFromReal(unsigned short, unsigned short, unsigned int)
                0x00000000c00265f1                Vm::faultHandler(regs*)
 .text          0x00000000c0026d15      0xacb arch/i386/hal.32
                0x00000000c0026d15                noCopro(unsigned long)
                0x00000000c0026d16                nmiHandler(regs*, void*)
                0x00000000c0026d2f                doubleFault(regs*, void*)
                0x00000000c0026d48                displayDebugInfo(regs*)
                0x00000000c00270cd                HalSystemIdle()
                0x00000000c0027149                displayProgramFault(char const*)
                0x00000000c0027195                gpFault(regs*, void*)
                0x00000000c00271fc                pgFault(regs*, void*)
                0x00000000c0027285                otherISRHandler(regs*, void*)
                0x00000000c00272b9                opcodeFault(regs*, void*)
                0x00000000c002733c                i386SaveCoprocessor(void*)
                0x00000000c0027350                i386LoadCoprocessor(void*)
                0x00000000c0027364                x87EmulHandler(regs*, void*)
                0x00000000c0027401                HalInitialiseCoprocessor()
                0x00000000c002748a                HalPanic(char const*)
                0x00000000c002759e                HalQueryPerformanceCounter()
                0x00000000c00275b9                HalInitialise()
                0x00000000c002776f                HalMakeBeep(int)
                0x00000000c00277a9                HalGetRand()
                0x00000000c00277ac                HalEndOfInterrupt(int)
                0x00000000c00277dd                HalRestart()
                0x00000000c00277de                HalShutdown()
                0x00000000c00277df                HalSleep()
 .text          0x00000000c00277e0      0x2dc arch/i386/pic.32
                0x00000000c00277e0                picIoWait()
                0x00000000c00277e8                picDisable()
                0x00000000c002781c                picGetIRQReg(int)
                0x00000000c0027898                picOpen()
                0x00000000c0027a1c                picEOI(int)
 .text          0x00000000c0027abc      0x674 arch/i386/rtc.32
                0x00000000c0027abc                RTC::open(int, int, void*)
                0x00000000c0027ac0                RTC::close(int, int, void*)
                0x00000000c0027ac4                RTC::timeInSecondsUTC()
                0x00000000c0027ad6                RTC::timeInDatetimeUTC()
                0x00000000c0027afc                RTC::setTimeInSecondsUTC(unsigned long long)
                0x00000000c0027b3a                RTC::~RTC()
                0x00000000c0027b3a                RTC::~RTC()
                0x00000000c0027b5e                RTC::~RTC()
                0x00000000c0027b88                RTC::get_update_in_progress_flag()
                0x00000000c0027ba2                RTC::completeRTCRefresh()
                0x00000000c0027e82                RTC::setTimeInDatetimeUTC(datetime_t)
                0x00000000c0028030                rtcIRQHandler(regs*, void*)
                0x00000000c0028076                RTC::RTC()
                0x00000000c0028076                RTC::RTC()
 .text          0x00000000c0028130      0x1f4 arch/i386/vga.32
                0x00000000c0028130                HalConsoleScroll(int, int)
                0x00000000c0028238                HalConsoleWriteCharacter(char, int, int, int, int)
                0x00000000c002829c                HalConsoleCursorUpdate(int, int)
 .text          0x00000000c0028324     0x14cf fs/fat/vfslink.32
                0x00000000c0028324                FAT::getName()
                0x00000000c002832c                FAT::tell(void*, unsigned long long*)
                0x00000000c0028368                FAT::stat(void*, unsigned long long*)
                0x00000000c00283a4                FAT::~FAT()
                0x00000000c00283a4                FAT::~FAT()
                0x00000000c00283c8                FAT::~FAT()
                0x00000000c00283f0                FAT::getlabel(LogicalDisk*, int, char*, unsigned int*)
                0x00000000c0028494                FAT::setlabel(LogicalDisk*, int, char*)
                0x00000000c0028558                FAT::format(LogicalDisk*, int, char const*, int)
                0x00000000c002873c                FAT::tryMount(LogicalDisk*, int)
                0x00000000c0028958                FAT::allocateSwapfile(char const*, int)
                0x00000000c0028b18                FAT::readDir(void*, unsigned long, void*, int*)
                0x00000000c0028c88                FAT::read(void*, unsigned long, void*, int*)
                0x00000000c0028ce8                FAT::write(void*, unsigned long, void*, int*)
                0x00000000c0028d48                FAT::close(void*)
                0x00000000c0028d9c                FAT::closeDir(void*)
                0x00000000c0028df0                FAT::truncate(void*, unsigned long long)
                0x00000000c0028e5c                FAT::seek(void*, unsigned long long)
                0x00000000c0028eb4                fatWrapperReadDisk
                0x00000000c0028ef4                fatWrapperWriteDisk
                0x00000000c0028f34                fatWrapperIoctl
                0x00000000c0029050                FAT::FAT()
                0x00000000c0029050                FAT::FAT()
                0x00000000c00290a8                FAT::fixFilepath(char*)
                0x00000000c00290e8                FAT::open(char const*, void**, FileOpenMode)
                0x00000000c002925c                FAT::openDir(char const*, void**)
                0x00000000c002930c                FAT::stat(char const*, unsigned long long*, bool*)
                0x00000000c0029404                FAT::unlink(char const*)
                0x00000000c0029484                FAT::chfatattr(char const*, unsigned char, unsigned char)
                0x00000000c0029638                FAT::rename(char const*, char const*)
                0x00000000c0029704                FAT::mkdir(char const*)
                0x00000000c0029784                FAT::exists(char const*)
 *fill*         0x00000000c00297f3        0x1 
 .text          0x00000000c00297f4       0x94 fs/iso9660/helper.32
                0x00000000c00297f4                isoReadDiscSectorHelper
                0x00000000c0029850                iso_kprintf
                0x00000000c002986c                iso_kprintfd
 .text          0x00000000c0029888      0x71c fs/iso9660/vfslink.32
                0x00000000c0029888                ISO9660::format(LogicalDisk*, int, char const*, int)
                0x00000000c002988e                ISO9660::truncate(void*, unsigned long long)
                0x00000000c0029894                ISO9660::getName()
                0x00000000c002989a                ISO9660::closeDir(void*)
                0x00000000c00298a4                ISO9660::chfatattr(char const*, unsigned char, unsigned char)
                0x00000000c00298aa                ISO9660::unlink(char const*)
                0x00000000c00298b0                ISO9660::write(void*, unsigned long, void*, int*)
                0x00000000c00298b6                ISO9660::rename(char const*, char const*)
                0x00000000c00298bc                ISO9660::mkdir(char const*)
                0x00000000c00298c2                ISO9660::~ISO9660()
                0x00000000c00298c2                ISO9660::~ISO9660()
                0x00000000c00298e6                ISO9660::~ISO9660()
                0x00000000c002990e                ISO9660::exists(char const*)
                0x00000000c0029922                ISO9660::open(char const*, void**, FileOpenMode)
                0x00000000c0029a08                ISO9660::read(void*, unsigned long, void*, int*)