Archive member included to satisfy reference by file (symbol)

/cygdrive/d/Users/Alex/Desktop/Toolchain/Output/bin/../lib/gcc/i386-banana/8.1.0/libkgcc.a(_divdi3.o)
                              fs/fat/ff.32 (__divdi3)
/cygdrive/d/Users/Alex/Desktop/Toolchain/Output/bin/../lib/gcc/i386-banana/8.1.0/libkgcc.a(_moddi3.o)
                              compat/resolve.32 (__moddi3)
/cygdrive/d/Users/Alex/Desktop/Toolchain/Output/bin/../lib/gcc/i386-banana/8.1.0/libkgcc.a(_udivdi3.o)
                              fs/fat/ff.32 (__udivdi3)
/cygdrive/d/Users/Alex/Desktop/Toolchain/Output/bin/../lib/gcc/i386-banana/8.1.0/libkgcc.a(_umoddi3.o)
                              compat/resolve.32 (__umoddi3)
D:/Users/Alex/Desktop/Banana/kernel/libsoftfp.a(sfieeelib.o)
                              hal/libresample/src_linear.32 (__subsf3)
D:/Users/Alex/Desktop/Banana/kernel/libsoftfp.a(dfieeelib.o)
                              hal/libresample/src_linear.32 (__adddf3)
D:/Users/Alex/Desktop/Banana/kernel/libsoftfp.a(sfdfcvt.o)
                              hal/libresample/samplerate.32 (__truncdfsf2)
D:/Users/Alex/Desktop/Banana/kernel/libk/libm32.a(s_fabs.c.o)
                              hal/libresample/samplerate.32 (fabs)
D:/Users/Alex/Desktop/Banana/kernel/libk/libm32.a(s_lrint.S.o)
                              hal/libresample/samplerate.32 (lrint)
D:/Users/Alex/Desktop/Banana/kernel/libk/libm32.a(s_lrintf.S.o)
                              hal/sound/sndhw.32 (lrintf)

Discarded input sections

 .comment       0x0000000000000000       0x12 /cygdrive/d/Users/Alex/Desktop/Toolchain/Output/bin/../lib/gcc/i386-banana/8.1.0/crtbegin.o
 .comment       0x0000000000000000       0x12 acpica/utclib.32
 .comment       0x0000000000000000       0x12 core/malloc.32
 .comment       0x0000000000000000       0x12 libk/string.32
 .comment       0x0000000000000000       0x12 fs/fat/diskio.32
 .comment       0x0000000000000000       0x12 fs/fat/ff.32
 .comment       0x0000000000000000       0x12 fs/fat/ffsystem.32
 .comment       0x0000000000000000       0x12 fs/fat/ffunicode.32
 .comment       0x0000000000000000       0x12 hal/libresample/samplerate.32
 .comment       0x0000000000000000       0x12 hal/libresample/src_linear.32
 .comment       0x0000000000000000       0x12 hal/libresample/src_sinc.32
 .comment       0x0000000000000000       0x12 hal/libresample/src_zoh.32
 .comment       0x0000000000000000       0x12 compat/inlines.32
 .comment       0x0000000000000000       0x12 compat/resolve.32
 .group         0x0000000000000000       0x14 core/computer.32
 .group         0x0000000000000000        0xc core/computer.32
 .comment       0x0000000000000000       0x12 core/computer.32
 .comment       0x0000000000000000       0x12 core/gdt.32
 .group         0x0000000000000000        0xc core/idle.32
 .comment       0x0000000000000000       0x12 core/idle.32
 .comment       0x0000000000000000       0x12 core/idt.32
 .comment       0x0000000000000000       0x12 core/kheap.32
 .comment       0x0000000000000000       0x12 core/main.32
 .comment       0x0000000000000000       0x12 core/physmgr.32
 .group         0x0000000000000000        0xc core/pipe.32
 .comment       0x0000000000000000       0x12 core/pipe.32
 .group         0x0000000000000000        0xc core/terminal.32
 .comment       0x0000000000000000       0x12 core/terminal.32
 .comment       0x0000000000000000       0x12 core/tss.32
 .group         0x0000000000000000        0x8 core/unixfile.32
 .group         0x0000000000000000        0xc core/unixfile.32
 .group         0x0000000000000000        0xc core/unixfile.32
 .group         0x0000000000000000        0x8 core/unixfile.32
 .group         0x0000000000000000        0xc core/unixfile.32
 .group         0x0000000000000000        0x8 core/unixfile.32
 .group         0x0000000000000000        0xc core/unixfile.32
 .group         0x0000000000000000        0xc core/unixfile.32
 .comment       0x0000000000000000       0x12 core/unixfile.32
 .comment       0x0000000000000000       0x12 core/virtmgr.32
 .comment       0x0000000000000000       0x12 coreobjs/c++.32
 .comment       0x0000000000000000       0x12 dbg/kconsole.32
 .group         0x0000000000000000        0xc fs/vfs.32
 .group         0x0000000000000000        0xc fs/vfs.32
 .group         0x0000000000000000        0xc fs/vfs.32
 .comment       0x0000000000000000       0x12 fs/vfs.32
 .group         0x0000000000000000        0xc hal/bus.32
 .comment       0x0000000000000000       0x12 hal/bus.32
 .group         0x0000000000000000        0xc hal/buzzer.32
 .comment       0x0000000000000000       0x12 hal/buzzer.32
 .group         0x0000000000000000        0xc hal/clock.32
 .comment       0x0000000000000000       0x12 hal/clock.32
 .group         0x0000000000000000       0x14 hal/device.32
 .group         0x0000000000000000        0xc hal/device.32
 .group         0x0000000000000000        0xc hal/device.32
 .group         0x0000000000000000        0xc hal/device.32
[...]
Memory Configuration

Name             Origin             Length             Attributes
*default*        0x0000000000000000 0xffffffffffffffff

Linker script and memory map

LOAD D:/Users/Alex/Desktop/Banana/kernel/boot.32
LOAD crti.32
LOAD /cygdrive/d/Users/Alex/Desktop/Toolchain/Output/bin/../lib/gcc/i386-banana/8.1.0/crtbegin.o
LOAD D:/Users/Alex/Desktop/Banana/kernel/morenasm.32
LOAD acpica/utclib.32
LOAD core/malloc.32
LOAD libk/string.32
LOAD fs/fat/diskio.32
LOAD fs/fat/ff.32
LOAD fs/fat/ffsystem.32
LOAD fs/fat/ffunicode.32
LOAD hal/libresample/samplerate.32
LOAD hal/libresample/src_linear.32
LOAD hal/libresample/src_sinc.32
LOAD hal/libresample/src_zoh.32
LOAD compat/inlines.32
LOAD compat/resolve.32
LOAD core/computer.32
LOAD core/gdt.32
LOAD core/idle.32
LOAD core/idt.32
LOAD core/kheap.32
LOAD core/main.32
LOAD core/physmgr.32
LOAD core/pipe.32
LOAD core/terminal.32
LOAD core/tss.32
LOAD core/unixfile.32
LOAD core/virtmgr.32
LOAD coreobjs/c++.32
LOAD dbg/kconsole.32
LOAD fs/vfs.32
LOAD hal/bus.32
LOAD hal/buzzer.32
LOAD hal/clock.32
LOAD hal/device.32
LOAD hal/diskctrl.32
LOAD hal/diskphys.32
LOAD hal/fpu.32
LOAD hal/intctrl.32
LOAD hal/keybrd.32
LOAD hal/logidisk.32
LOAD hal/mouse.32
LOAD hal/partition.32
LOAD hal/serial.32
LOAD hal/timer.32
LOAD hal/vcache.32
LOAD hal/video.32
LOAD hw/acpi.32
LOAD hw/cpu.32
LOAD hw/ports.32
LOAD hw/smp.32
LOAD krnl/env.32
LOAD krnl/panic.32
LOAD net/ethernet.32
LOAD reg/registry.32
LOAD sys/sc_eject.32
LOAD sys/sc_exit.32
LOAD sys/sc_getcwd.32
LOAD sys/sc_getpid.32
LOAD sys/sc_getramdata.32
LOAD sys/sc_getvgaptr.32
LOAD sys/sc_loaddll.32
LOAD sys/sc_read.32
LOAD sys/sc_sbrk.32
LOAD sys/sc_setcwd.32
LOAD sys/sc_settime.32
LOAD sys/sc_timezone.32
LOAD sys/sc_write.32
LOAD sys/sc_wsbe.32
LOAD sys/sc_yield.32
LOAD sys/syscalls.32
LOAD thr/elf.32
LOAD thr/prcssthr.32
LOAD vm86/vm8086.32
LOAD vm86/x87em.32
LOAD fs/fat/vfslink.32
LOAD fs/iso9660/vfslink.32
LOAD hal/sound/sndchannel.32
LOAD hal/sound/sndhw.32
LOAD hw/bus/isa.32
LOAD hw/bus/pci.32
LOAD hw/diskctrl/ide.32
LOAD hw/diskctrl/satabus.32
LOAD hw/diskphys/ata.32
LOAD hw/diskphys/atapi.32
LOAD hw/diskphys/sata.32
LOAD hw/diskphys/satapi.32
LOAD hw/fpu/avx.32
LOAD hw/fpu/mmx.32
LOAD hw/fpu/sse.32
LOAD hw/fpu/x87.32
LOAD hw/intctrl/apic.32
LOAD hw/intctrl/pic.32
LOAD hw/timer/apictimer.32
LOAD hw/timer/pit.32
LOAD hw/fpu/x86/avx.32
LOAD hw/fpu/x86/sse.32
LOAD hw/fpu/x86/x87.32
LOAD /cygdrive/d/Users/Alex/Desktop/Toolchain/Output/bin/../lib/gcc/i386-banana/8.1.0/crtend.o
LOAD crtn.32
LOAD /cygdrive/d/Users/Alex/Desktop/Toolchain/Output/bin/../lib/gcc/i386-banana/8.1.0/libkgcc.a
LOAD D:/Users/Alex/Desktop/Banana/kernel/libsoftfp.a
LOAD D:/Users/Alex/Desktop/Banana/kernel/libk/libm32.a
                0x00000000c0000000                . = 0xc0000000

.text           0x00000000c0000000    0x28fb8
 *(.text)
 .text          0x00000000c0000000       0x41 D:/Users/Alex/Desktop/Banana/kernel/boot.32
                0x00000000c0000020                callGlobalConstructors
 .text          0x00000000c0000041        0x0 crti.32
 *fill*         0x00000000c0000041        0x3 
 .text          0x00000000c0000044      0x101 /cygdrive/d/Users/Alex/Desktop/Toolchain/Output/bin/../lib/gcc/i386-banana/8.1.0/crtbegin.o
 *fill*         0x00000000c0000145        0xb 
 .text          0x00000000c0000150      0x4fb D:/Users/Alex/Desktop/Banana/kernel/morenasm.32
                0x00000000c0000150                manualPCIProbe
                0x00000000c000019b                prepareTramp
                0x00000000c00001b4                voodooXADD
                0x00000000c000027f                doTPAUSE
                0x00000000c0000289                hasLegacyFPU
                0x00000000c00002ae                is486
                0x00000000c00002e4                detectCPUID
                0x00000000c00002fa                goToVM86
                0x00000000c000032a                goToUsermode
                0x00000000c0000354                switchToThreadASMFirstTime
                0x00000000c0000362                switchToThreadASM
                0x00000000c00003f2                asmQuickAcquireLock
                0x00000000c0000410                asmQuickReleaseLock
                0x00000000c000041c                asmAcquireLock
                0x00000000c000043d                asmReleaseLock
                0x00000000c0000450                loadGDT
                0x00000000c0000470                isr0
                0x00000000c0000480                isr1
                0x00000000c000048a                isr2
                0x00000000c0000494                isr3
                0x00000000c000049e                isr4
                0x00000000c00004a8                isr5
                0x00000000c00004b2                isr6
                0x00000000c00004bc                isr7
                0x00000000c00004c6                isr8
                0x00000000c00004ce                isr9
                0x00000000c00004d8                isr10
                0x00000000c00004e0                isr11
                0x00000000c00004e8                isr12
                0x00000000c00004f0                isr13
                0x00000000c00004f8                isr14
                0x00000000c0000500                isr15
                0x00000000c000050a                isr16
                0x00000000c0000514                isr17
                0x00000000c000051e                isr18
                0x00000000c0000528                irq3
                0x00000000c0000532                irq4
                0x00000000c000053c                irq5
                0x00000000c0000546                irq6
                0x00000000c0000550                irq7
                0x00000000c000055a                irq8
                0x00000000c0000564                irq9
                0x00000000c000056e                irq10
                0x00000000c0000578                irq11
                0x00000000c0000582                irq12
                0x00000000c000058c                irq13
                0x00000000c0000596                irq14
                0x00000000c00005a0                irq15
                0x00000000c00005aa                irq1
                0x00000000c00005b1                irq2
                0x00000000c00005b8                isr96
                0x00000000c00005bf                irq0
                0x00000000c00005c4                syscall_common_stub
                0x00000000c00005c4                int_common_stub
                0x00000000c00005f6                irq16
                0x00000000c0000600                irq17
                0x00000000c000060a                irq18
                0x00000000c0000614                irq19
                0x00000000c000061e                irq20
                0x00000000c0000628                irq21
                0x00000000c0000632                irq22
                0x00000000c000063c                irq23
                0x00000000c0000646                memcpy
 *fill*         0x00000000c000064b        0x1 
 .text          0x00000000c000064c      0x5dd acpica/utclib.32
                0x00000000c000064c                memcmp
                0x00000000c0000688                memmove
                0x00000000c0000750                memset
                0x00000000c000076c                strlen
                0x00000000c0000784                strpbrk
                0x00000000c00007c0                strtok
                0x00000000c000080c                strcpy
                0x00000000c0000830                strncpy
                0x00000000c0000898                strcmp
                0x00000000c00008d8                strchr
                0x00000000c00008fc                strncmp
                0x00000000c000094c                strcat
                0x00000000c000097c                strncat
                0x00000000c00009b8                strstr
                0x00000000c0000a00                toupper
                0x00000000c0000a14                tolower
                0x00000000c0000a28                simple_strtoul
 .text          0x00000000c0000c29      0xfad core/malloc.32
                0x00000000c0000d94                dlfree
                0x00000000c00010ef                dlmalloc
                0x00000000c000162c                dlrealloc
                0x00000000c00017cf                dlmemalign
                0x00000000c00018f2                dlcalloc
                0x00000000c000198c                dlcfree
                0x00000000c0001991                dlindependent_calloc
                0x00000000c00019b6                dlindependent_comalloc
                0x00000000c00019cd                dlvalloc
                0x00000000c00019f8                dlpvalloc
                0x00000000c0001a2e                dlmalloc_trim
                0x00000000c0001a3b                dlmalloc_usable_size
                0x00000000c0001a6c                dlmallinfo
                0x00000000c0001b3b                dlmalloc_stats
                0x00000000c0001b4c                dlmallopt
 .text          0x00000000c0001bd6        0x0 libk/string.32
 .text          0x00000000c0001bd6       0x51 fs/fat/diskio.32
                0x00000000c0001bd6                disk_status
                0x00000000c0001bd9                disk_initialize
                0x00000000c0001bdc                disk_read
                0x00000000c0001bf2                disk_write
                0x00000000c0001c08                disk_ioctl
 .text          0x00000000c0001c27     0x6833 fs/fat/ff.32
                0x00000000c0004ef5                f_mount
                0x00000000c0004f57                f_open
                0x00000000c0005393                f_read
                0x00000000c0005613                f_write
                0x00000000c00058cd                f_sync
                0x00000000c0005aa9                f_close
                0x00000000c0005ad8                f_lseek
                0x00000000c0005f8f                f_opendir
                0x00000000c0006091                f_closedir
                0x00000000c00060b3                f_readdir
                0x00000000c000614e                f_stat
                0x00000000c00061dd                f_getfree
                0x00000000c00063a8                f_truncate
                0x00000000c00064a0                f_unlink
                0x00000000c0006623                f_mkdir
                0x00000000c000684f                f_rename
                0x00000000c0006b42                f_chmod
                0x00000000c0006c20                f_utime
                0x00000000c0006cfe                f_getlabel
                0x00000000c0006eec                f_setlabel
                0x00000000c0007159                f_forward
                0x00000000c0007337                f_mkfs
 .text          0x00000000c000845a       0x2d fs/fat/ffsystem.32
                0x00000000c000845a                ff_memalloc
                0x00000000c0008470                ff_memfree
 .text          0x00000000c0008487      0x253 fs/fat/ffunicode.32
                0x00000000c0008487                ff_uni2oem
                0x00000000c0008517                ff_oem2uni
                0x00000000c0008583                ff_wtoupper
 .text          0x00000000c00086da      0x8fb hal/libresample/samplerate.32
                0x00000000c000871e                src_delete
                0x00000000c000875a                src_process
                0x00000000c0008910                src_callback_read
                0x00000000c0008a8d                src_set_ratio
                0x00000000c0008af7                src_get_channels
                0x00000000c0008b19                src_reset
                0x00000000c0008b65                src_new
                0x00000000c0008bf3                src_callback_new
                0x00000000c0008c55                src_get_name
                0x00000000c0008c8c                src_get_description
                0x00000000c0008cc3                src_get_version
                0x00000000c0008cc9                src_is_valid_ratio
                0x00000000c0008d1d                src_error
                0x00000000c0008d2b                src_strerror
                0x00000000c0008d3e                src_simple
                0x00000000c0008d91                src_short_to_float_array
                0x00000000c0008df6                src_float_to_short_array
                0x00000000c0008eb5                src_int_to_float_array
                0x00000000c0008f18                src_float_to_int_array
 .text          0x00000000c0008fd5      0x8cb hal/libresample/src_linear.32
                0x00000000c00097fb                linear_get_name
                0x00000000c000980a                linear_get_description
                0x00000000c0009819                linear_set_converter
 .text          0x00000000c00098a0     0x447c hal/libresample/src_sinc.32
                0x00000000c000dc33                sinc_get_name
                0x00000000c000dc46                sinc_get_description
                0x00000000c000dc59                sinc_set_converter
 .text          0x00000000c000dd1c      0x77c hal/libresample/src_zoh.32
                0x00000000c000e3f3                zoh_get_name
                0x00000000c000e402                zoh_get_description
                0x00000000c000e411                zoh_set_converter
 .text          0x00000000c000e498       0xa7 compat/inlines.32
                0x00000000c000e498                CPU::current()
                0x00000000c000e4a4                operator new(unsigned long)
                0x00000000c000e4a9                operator delete(void*)
                0x00000000c000e4ae                disableIRQs()
                0x00000000c000e4b6                enableIRQs()
                0x00000000c000e4c5                lockScheduler()
                0x00000000c000e4cd                unlockScheduler()
                0x00000000c000e4dc                lockStuff()
                0x00000000c000e4ea                unlockStuff()
                0x00000000c000e524                Virt::getAKernelVAS()
                0x00000000c000e52a                __not_memcpy
 .text          0x00000000c000e53f      0x111 compat/resolve.32
                0x00000000c000e53f                Krnl::resolveCompatibilitySymbol(char*)
 .text          0x00000000c000e650      0xa8d core/computer.32
                0x00000000c000e650                Computer::close(int, int, void*)
                0x00000000c000e694                Krnl::firstTask()
                0x00000000c000e7d6                Computer::Computer()
                0x00000000c000e7d6                Computer::Computer()
                0x00000000c000e932                Computer::setBootMessage(char const*)
                0x00000000c000e934                Computer::detectFeatures()
                0x00000000c000eb3e                Computer::displayFeatures()
                0x00000000c000ee84                Computer::rdmsr(unsigned int)
                0x00000000c000eeb0                Computer::wrmsr(unsigned int, unsigned long long)
                0x00000000c000eee8                Computer::nmiEnabled()
                0x00000000c000eef4                Computer::readCMOS(unsigned char)
                0x00000000c000ef0e                Computer::enableNMI(bool)
                0x00000000c000ef26                Computer::open(int, int, void*)
                0x00000000c000f020                Computer::disableNMI()
                0x00000000c000f02e                Computer::writeCMOS(unsigned char, unsigned char)
                0x00000000c000f04c                Computer::handleNMI()
                0x00000000c000f0b2                Computer::setDiskActivityLight(int, bool)
 *fill*         0x00000000c000f0dd        0x1 
 .text          0x00000000c000f0de      0x1b7 core/gdt.32
                0x00000000c000f0de                GDTEntry::setBase(unsigned int)
                0x00000000c000f0fa                GDTEntry::setLimit(unsigned int)
                0x00000000c000f118                GDT::GDT()
                0x00000000c000f118                GDT::GDT()
                0x00000000c000f12e                GDT::addEntry(GDTEntry)
                0x00000000c000f16a                GDT::getNumberOfEntries()
                0x00000000c000f172                GDT::flush()
                0x00000000c000f194                GDT::setup()
 .text          0x00000000c000f295       0x6b core/idle.32
                0x00000000c000f295                idleFunction(void*)
 .text          0x00000000c000f300      0x45e core/idt.32
                0x00000000c000f300                IDTEntry::IDTEntry(bool)
                0x00000000c000f300                IDTEntry::IDTEntry(bool)
                0x00000000c000f36e                IDTEntry::setOffset(unsigned int)
                0x00000000c000f382                IDT::IDT()
                0x00000000c000f382                IDT::IDT()
                0x00000000c000f384                IDT::getPointerToInvalidOpcodeEntryForF00F()
                0x00000000c000f38c                IDT::addEntry(IDTEntry, int)
                0x00000000c000f3a6                IDT::addEntry(int, void (*)(), bool)
                0x00000000c000f3de                IDT::flush()
                0x00000000c000f3f8                IDT::setup()
 .text          0x00000000c000f75e      0x1fe core/kheap.32
                0x00000000c000f75e                sbrk
                0x00000000c000f86b                mmap
                0x00000000c000f881                munmap
                0x00000000c000f897                liballoc_lock()
                0x00000000c000f8a4                liballoc_unlock()
                0x00000000c000f8b8                liballoc_alloc(int)
                0x00000000c000f8d3                liballoc_free(void*, int)
                0x00000000c000f8ee                realloc
                0x00000000c000f902                malloc
                0x00000000c000f912                free
                0x00000000c000f922                rfree
                0x00000000c000f932                calloc
 .text          0x00000000c000f95c      0x1b6 core/main.32
                0x00000000c000f95c                Krnl::setBootMessage(char const*)
                0x00000000c000f9c8                kernel_main
 .text          0x00000000c000fb12      0x50d core/physmgr.32
                0x00000000c000fb12                Phys::allocateDMA(unsigned long)
                0x00000000c000fbb5                Phys::freeDMA(unsigned long, unsigned long)
                0x00000000c000fbfd                Phys::setPageState(unsigned long, bool)
                0x00000000c000fc2f                Phys::getPageState(unsigned long)
                0x00000000c000fc4b                Phys::freePage(unsigned long)
                0x00000000c000fca6                Phys::allocatePage()
                0x00000000c000fd5b                Phys::allocateContiguousPages(int)
                0x00000000c000fdb7                Phys::allowSegmentToBeUsed(unsigned long, unsigned long)
                0x00000000c000fdef                Phys::physicalMemorySetup(unsigned int)
 *fill*         0x00000000c001001f        0x1 
 .text          0x00000000c0010020      0x273 core/pipe.32
                0x00000000c0010020                Pipe::isAtty()
                0x00000000c0010024                Pipe::~Pipe()
                0x00000000c0010024                Pipe::~Pipe()
                0x00000000c0010048                Pipe::~Pipe()
                0x00000000c0010070                Pipe::read(unsigned long long, void*, int*)
                0x00000000c001016c                Pipe::write(unsigned long long, void*, int*)
                0x00000000c001022c                Pipe::Pipe(int)
                0x00000000c001022c                Pipe::Pipe(int)
 *fill*         0x00000000c0010293        0x1 
 .text          0x00000000c0010294      0xc7b core/terminal.32
                0x00000000c0010294                VgaText::isAtty()
                0x00000000c0010298                VgaText::~VgaText()
                0x00000000c0010298                VgaText::~VgaText()
                0x00000000c00102bc                VgaText::~VgaText()
                0x00000000c00102e6                VgaText::read(unsigned long long, void*, int*)
                0x00000000c0010306                setTerminalScrollLock(bool)
                0x00000000c0010307                addToTerminalCycle(VgaText*)
                0x00000000c0010328                installVgaTextImplementation()
                0x00000000c001033d                scrollTerminalScrollLock(int)
                0x00000000c001033e                VgaText::updateTitle()
                0x00000000c001037c                VgaText::load()
                0x00000000c00103ca                VgaText::updateCursor()
                0x00000000c00103e0                VgaText::showCursor(bool)
                0x00000000c00103ec                VgaText::disableBlink(bool)
                0x00000000c0010420                VgaText::doANSI_SGR(int)
                0x00000000c0010494                VgaText::setDefaultBgColour(VgaColour)
                0x00000000c00104a4                VgaText::setDefaultFgColour(VgaColour)
                0x00000000c00104b4                VgaText::setDefaultColours(VgaColour, VgaColour)
                0x00000000c00104d4                VgaText::setTitleTextColour(VgaColour)
                0x00000000c00104e4                VgaText::setTitleColour(VgaColour)
                0x00000000c00104f4                VgaText::setTitle(char*)
                0x00000000c001051a                VgaText::combineColours(unsigned char, unsigned char)
                0x00000000c001052c                VgaText::scrollScreen()
                0x00000000c00105c0                VgaText::combineCharAndColour(char, unsigned char)
                0x00000000c00105d2                VgaText::writeCharacter(char, VgaColour, VgaColour, int, int)
                0x00000000c001062e                VgaText::getCursorX()
                0x00000000c0010636                VgaText::getCursorY()
                0x00000000c001063e                VgaText::setCursor(int, int)
                0x00000000c0010656                VgaText::setCursorX(int)
                0x00000000c001066e                VgaText::setCursorY(int)
                0x00000000c0010686                VgaText::incrementCursor(bool)
                0x00000000c00106da                VgaText::decrementCursor(bool)
                0x00000000c00106fc                VgaText::putchar(char, VgaColour, VgaColour)
                0x00000000c00107d4                VgaText::isShowingCursor()
                0x00000000c00107dc                VgaText::isBlinkDisabled()
                0x00000000c00107e8                VgaText::setCursorHeight(int)
                0x00000000c0010800                VgaText::getCursorHeight()
                0x00000000c0010808                setActiveTerminal(VgaText*)
                0x00000000c00108ae                doTerminalCycle()
                0x00000000c00108c8                VgaText::doUpdate()
                0x00000000c00108d6                VgaText::puts(char const*, VgaColour, VgaColour)
                0x00000000c0010a4e                VgaText::clearScreen()
                0x00000000c0010aa8                VgaText::putchar(char)
                0x00000000c0010b94                VgaText::putx(unsigned int)
                0x00000000c0010bda                VgaText::puts(char const*)
                0x00000000c0010c00                VgaText::VgaText(char const*)
                0x00000000c0010c00                VgaText::VgaText(char const*)
                0x00000000c0010dae                VgaText::receiveKey(unsigned char)
                0x00000000c0010e96                VgaText::write(unsigned long long, void*, int*)
                0x00000000c0010eea                newTerminal(char*)
 *fill*         0x00000000c0010f0f        0x1 
 .text          0x00000000c0010f10      0x1b3 core/tss.32
                0x00000000c0010f10                TSS::TSS()
                0x00000000c0010f10                TSS::TSS()
                0x00000000c0010f1e                TSS::setESP(unsigned long)
                0x00000000c0010f30                TSS::flush()
                0x00000000c0010f50                TSS::setup(unsigned long, unsigned long)
 *fill*         0x00000000c00110c3        0x1 
 .text          0x00000000c00110c4      0x4c2 core/unixfile.32
                0x00000000c00110c4                ReservedFilename::read(unsigned long long, void*, int*)
                0x00000000c001111a                ReservedFilename::isAtty()
                0x00000000c0011136                ReservedFilename::write(unsigned long long, void*, int*)
                0x00000000c0011194                UnixFile::getFileDescriptor()
                0x00000000c001119c                UnixFile::UnixFile(int)
                0x00000000c001119c                UnixFile::UnixFile(int)
                0x00000000c001134c                ReservedFilename::ReservedFilename(int)
                0x00000000c001134c                ReservedFilename::ReservedFilename(int)
                0x00000000c001137e                UnixFile::~UnixFile()
                0x00000000c001137e                UnixFile::~UnixFile()
                0x00000000c0011416                UnixFile::~UnixFile()
                0x00000000c001143e                ReservedFilename::~ReservedFilename()
                0x00000000c001143e                ReservedFilename::~ReservedFilename()
                0x00000000c0011462                ReservedFilename::~ReservedFilename()
                0x00000000c0011489                getFromFileDescriptor(int)
 .text          0x00000000c0011586     0x12f9 core/virtmgr.32
                0x00000000c0011586                Virt::setPageState(unsigned long, Virt::VirtPageState)
                0x00000000c00115bb                Virt::getPageState(unsigned long)
                0x00000000c00115df                Virt::allocateKernelVirtualPages(int)
                0x00000000c00116f0                Virt::freeSwapfilePage(unsigned long)
                0x00000000c001170e                Virt::swapIDToSector(unsigned long)
                0x00000000c0011720                Virt::allocateSwapfilePage()
                0x00000000c001179e                Virt::virtualMemorySetup()
                0x00000000c001181d                Virt::setupPageSwapping(int)
                0x00000000c00119ea                VAS::VAS()
                0x00000000c00119ea                VAS::VAS()
                0x00000000c0011a26                VAS::VAS(VAS*)
                0x00000000c0011a26                VAS::VAS(VAS*)
                0x00000000c0011a54                VAS::getForeignPageTableEntry(bool, unsigned long)
                0x00000000c0011a80                VAS::getPageTableEntry(unsigned long)
                0x00000000c0011a9f                Virt::freeKernelVirtualPages(unsigned long)
                0x00000000c0011bc2                VAS::freeAllocatedPages(unsigned long)
                0x00000000c0011be6                VAS::virtualToPhysical(unsigned long)
                0x00000000c0011bfe                VAS::reflagRange(unsigned long, int, int, int)
                0x00000000c0011c3e                VAS::setToWriteCombining(unsigned long, int)
                0x00000000c0011c70                VAS::mapOtherVASIn(bool, VAS*)
                0x00000000c0011c9a                VAS::~VAS()
                0x00000000c0011c9a                VAS::~VAS()
                0x00000000c0011e16                VAS::mapPage(unsigned long, unsigned long, int)
                0x00000000c0011f18                VAS::allocatePages(int, int)
                0x00000000c00120f0                VAS::setCPUSpecific(unsigned long)
                0x00000000c001210c                VAS::mapRange(unsigned long, unsigned long, int, int)
                0x00000000c00121d2                VAS::mapForeignPage(bool, VAS*, unsigned long, unsigned long, int)
                0x00000000c00122c0                VAS::VAS(bool)
                0x00000000c00122c0                VAS::VAS(bool)
                0x00000000c0012540                VAS::evict(unsigned long)
                0x00000000c0012602                VAS::tryLoadBackOffDisk(unsigned long)
                0x00000000c0012712                VAS::scanForEviction()
                0x00000000c00127c3                mapVASFirstTime
 .text          0x00000000c001287f       0x95 coreobjs/c++.32
                0x00000000c001287f                __cxa_atexit
                0x00000000c0012882                __cxa_finalize
                0x00000000c0012883                __stack_chk_fail
                0x00000000c00128ef                __cxa_pure_virtual
                0x00000000c0012900                operator new[](unsigned long)
                0x00000000c0012905                operator delete(void*, unsigned long)
                0x00000000c001290a                operator delete[](void*)
                0x00000000c001290f                operator delete[](void*, unsigned long)
 .text          0x00000000c0012914      0x1ef dbg/kconsole.32
                0x00000000c0012914                Dbg::stringifyxWithBase(unsigned int, char*, int)
                0x00000000c0012975                Dbg::logc(char)
                0x00000000c001298c                Dbg::logs(char*)
                0x00000000c00129a9                Dbg::logWriteInt(unsigned int)
                0x00000000c00129c6                Dbg::logWriteIntBase(unsigned int, int)
                0x00000000c00129e5                Dbg::kprintf(char const*, ...)
 *fill*         0x00000000c0012b03        0x1 
 .text          0x00000000c0012b04      0xb82 fs/vfs.32
                0x00000000c0012b04                File::read(unsigned long long, void*, int*)
                0x00000000c0012b5c                File::write(unsigned long long, void*, int*)
                0x00000000c0012bb4                Directory::read(unsigned long long, void*, int*)
                0x00000000c0012c0c                Directory::write(unsigned long long, void*, int*)
                0x00000000c0012c3a                File::isAtty()
                0x00000000c0012c3e                Directory::isAtty()
                0x00000000c0012c42                Filesystem::getlabel(LogicalDisk*, int, char*, unsigned int*)
                0x00000000c0012c48                Filesystem::setlabel(LogicalDisk*, int, char*)
                0x00000000c0012c4e                Filesystem::getFileFirstSector(char const*)
                0x00000000c0012c54                File::~File()
                0x00000000c0012c54                File::~File()
                0x00000000c0012c78                File::~File()
                0x00000000c0012ca2                Directory::~Directory()
                0x00000000c0012ca2                Directory::~Directory()
                0x00000000c0012cc6                Directory::~Directory()
                0x00000000c0012cf0                Filesystem::Filesystem()
                0x00000000c0012cf0                Filesystem::Filesystem()
                0x00000000c0012d14                Filesystem::~Filesystem()
                0x00000000c0012d14                Filesystem::~Filesystem()
                0x00000000c0012d22                Filesystem::~Filesystem()
                0x00000000c0012d46                Fs::getcwd(Process*, char*, int)
                0x00000000c0012d70                Fs::initVFS()
                0x00000000c0012d9a                Fs::standardiseFiles(char*, char const*, char const*)
                0x00000000c0012f44                File::File(char const*, Process*)
                0x00000000c0012f44                File::File(char const*, Process*)
                0x00000000c0012fa8                File::open(FileOpenMode)
                0x00000000c0013006                File::close()
                0x00000000c0013066                File::seek(unsigned long long)
                0x00000000c00130bc                File::tell(unsigned long long*)
                0x00000000c001310c                File::rewind()
                0x00000000c0013120                File::unlink()
                0x00000000c001316c                File::rename(char const*)
                0x00000000c00131ba                File::chfatattr(unsigned char, unsigned char)
                0x00000000c0013216                File::exists()
                0x00000000c0013254                File::stat(unsigned long long*, bool*)
                0x00000000c00132b5                Fs::setcwd(Process*, char*)
                0x00000000c00133f0                Directory::Directory(char const*, Process*)
                0x00000000c00133f0                Directory::Directory(char const*, Process*)
                0x00000000c0013454                Directory::open()
                0x00000000c00134b0                Directory::close()
                0x00000000c0013510                Directory::unlink()
                0x00000000c001355c                Directory::rename(char const*)
                0x00000000c00135aa                Directory::exists()
                0x00000000c00135e8                Directory::read(dirent*)
                0x00000000c0013634                Directory::create()
                0x00000000c0013680                Filesystem::chfatattr(char const*, unsigned char, unsigned char)
 .text          0x00000000c0013686       0x84 hal/bus.32
                0x00000000c0013686                Bus::Bus(char const*)
                0x00000000c0013686                Bus::Bus(char const*)
                0x00000000c00136bc                Bus::~Bus()
                0x00000000c00136bc                Bus::~Bus()
                0x00000000c00136e0                Bus::~Bus()
 .text          0x00000000c001370a      0x156 hal/buzzer.32
                0x00000000c001370a                Buzzer::Buzzer(char const*)
                0x00000000c001370a                Buzzer::Buzzer(char const*)
                0x00000000c001374e                Buzzer::~Buzzer()
                0x00000000c001374e                Buzzer::~Buzzer()
                0x00000000c0013772                Buzzer::~Buzzer()
                0x00000000c001379c                Buzzer::stop()
                0x00000000c00137af                beepThread(void*)
                0x00000000c00137f2                Buzzer::beep(int, int, bool)
 .text          0x00000000c0013860      0x467 hal/clock.32
                0x00000000c0013860                User::loadClockSettings(int)
                0x00000000c00138b2                Clock::Clock(char const*)
                0x00000000c00138b2                Clock::Clock(char const*)
                0x00000000c00138e8                Clock::~Clock()
                0x00000000c00138e8                Clock::~Clock()
                0x00000000c001390c                Clock::~Clock()
                0x00000000c0013936                Clock::timeInSecondsLocal()
                0x00000000c001397e                Clock::setTimeInSecondsLocal(unsigned long long)
                0x00000000c00139d7                datetimeToSeconds(datetime_t)
                0x00000000c0013afe                Clock::setTimeInDatetimeLocal(datetime_t)
                0x00000000c0013b5e                secondsToDatetime(unsigned long long)
                0x00000000c0013ca2                Clock::timeInDatetimeLocal()
 *fill*         0x00000000c0013cc7        0x1 
 .text          0x00000000c0013cc8      0x504 hal/device.32
                0x00000000c0013cc8                Device::hibernate()
                0x00000000c0013cca                Device::wake()
                0x00000000c0013ccc                Device::detect()
                0x00000000c0013cce                Device::disableLegacy()
                0x00000000c0013cd0                Device::powerSaving(PowerSavingLevel)
                0x00000000c0013cd2                DriverlessDevice::close(int, int, void*)
                0x00000000c0013cd6                DriverlessDevice::detect()
                0x00000000c0013cd8                DriverlessDevice::open(int, int, void*)
                0x00000000c0013cec                Device::~Device()
                0x00000000c0013cec                Device::~Device()
                0x00000000c0013cfa                Device::~Device()
                0x00000000c0013d22                Device::findAndLoadDriver()
                0x00000000c0013d30                Device::preOpenPCI(PCIDeviceInfo)
                0x00000000c0013d56                Device::preOpenACPI(void*, char*, char*)
                0x00000000c0013d96                Device::addIRQHandler(int, void (*)(regs*, void*), bool, void*)
                0x00000000c0013dd4                Device::getParent()
                0x00000000c0013de0                Device::removeIRQHandler(int, void (*)(regs*, void*), bool)
                0x00000000c0013e1e                Device::addChild(Device*)
                0x00000000c0013e62                Device::removeAllChildren()
                0x00000000c0013ea8                Device::hibernateAll()
                0x00000000c0013ed8                Device::wakeAll()
                0x00000000c0013f08                Device::detectAll()
                0x00000000c0013f38                Device::disableLegacyAll()
                0x00000000c0013f68                Device::loadDriversForAll()
                0x00000000c0013fa8                Device::closeAll()
                0x00000000c0013fde                Device::powerSavingAll(PowerSavingLevel)
                0x00000000c0014014                Device::setName(char const*)
                0x00000000c0014022                Device::Device(char const*)
                0x00000000c0014022                Device::Device(char const*)
                0x00000000c001411e                Device::getName()
                0x00000000c0014128                DriverlessDevice::DriverlessDevice(char const*)
                0x00000000c0014128                DriverlessDevice::DriverlessDevice(char const*)
                0x00000000c001415e                Device::addToLinkedList(LinkedList<Device>&, DeviceType)
                0x00000000c00141a2                getDevicesOfType(DeviceType)
 .text          0x00000000c00141cc       0x84 hal/diskctrl.32
                0x00000000c00141cc                HardDiskController::HardDiskController(char const*)
                0x00000000c00141cc                HardDiskController::HardDiskController(char const*)
                0x00000000c0014202                HardDiskController::~HardDiskController()
                0x00000000c0014202                HardDiskController::~HardDiskController()
                0x00000000c0014226                HardDiskController::~HardDiskController()
 .text          0x00000000c0014250       0xf2 hal/diskphys.32
                0x00000000c0014250                PhysicalDisk::eject()
                0x00000000c0014264                PhysicalDisk::PhysicalDisk(char const*, int)
                0x00000000c0014264                PhysicalDisk::PhysicalDisk(char const*, int)
                0x00000000c00142cc                PhysicalDisk::startCache()
                0x00000000c00142f4                PhysicalDisk::~PhysicalDisk()
                0x00000000c00142f4                PhysicalDisk::~PhysicalDisk()
                0x00000000c0014318                PhysicalDisk::~PhysicalDisk()
 .text          0x00000000c0014342      0x13b hal/fpu.32
                0x00000000c0014342                FPU::FPU(char const*)
                0x00000000c0014342                FPU::FPU(char const*)
                0x00000000c0014378                FPU::~FPU()
                0x00000000c0014378                FPU::~FPU()
                0x00000000c001439c                FPU::~FPU()
                0x00000000c00143c6                setupFPU()
 *fill*         0x00000000c001447d        0x1 
 .text          0x00000000c001447e     0x1413 hal/intctrl.32
                0x00000000c001447e                InterruptController::uninstallISRHandler(int, void (*)(regs*, void*))
                0x00000000c00144b6                InterruptController::installISRHandler(int, void (*)(regs*, void*), void*)
                0x00000000c0014508                doubleFault(regs*, void*)
                0x00000000c0014522                InterruptController::installIRQHandler(int, void (*)(regs*, void*), bool, void*)
                0x00000000c00145be                InterruptController::clearAllHandlers(int, bool)
                0x00000000c0014666                InterruptController::uninstallIRQHandler(int, void (*)(regs*, void*), bool)
                0x00000000c00146ed                nmiHandler(regs*, void*)
                0x00000000c00146fb                int_handler
                0x00000000c001479c                InterruptController::InterruptController(char const*)
                0x00000000c001479c                InterruptController::InterruptController(char const*)
                0x00000000c0014842                InterruptController::~InterruptController()
                0x00000000c0014842                InterruptController::~InterruptController()
                0x00000000c0014866                InterruptController::~InterruptController()
                0x00000000c0014890                displayDebugInfo(regs*)
                0x00000000c0014d1f                x87EmulHandler(regs*, void*)
                0x00000000c0014d92                gpFault(regs*, void*)
                0x00000000c0014dcb                pgFault(regs*, void*)
                0x00000000c0014de2                otherISRHandler(regs*, void*)
                0x00000000c0014e01                opcodeFault(regs*, void*)
                0x00000000c001541e                displayProgramFault(char const*)
                0x00000000c0015446                setupInterruptController()
                0x00000000c0015844                InterruptController::convertLegacyIRQNumber(int)
 *fill*         0x00000000c0015891        0x1 
 .text          0x00000000c0015892      0x794 hal/keybrd.32
                0x00000000c0015892                startGUI(void*)
                0x00000000c00158fe                startGUIVESA(void*)
                0x00000000c001596a                sendKeyToTerminal(unsigned char)
                0x00000000c0015a28                sendKeyboardToken(KeyboardToken)
                0x00000000c0015e65                clearInternalKeybuffer(VgaText*)
                0x00000000c0015e9a                readKeyboard(VgaText*, char*, unsigned long)
                0x00000000c0015f9c                Keyboard::Keyboard(char const*)
                0x00000000c0015f9c                Keyboard::Keyboard(char const*)
                0x00000000c0015fd8                Keyboard::~Keyboard()
                0x00000000c0015fd8                Keyboard::~Keyboard()
                0x00000000c0015ffc                Keyboard::~Keyboard()
 .text          0x00000000c0016026      0x414 hal/logidisk.32
                0x00000000c0016026                LogicalDisk::close(int, int, void*)
                0x00000000c001602a                LogicalDisk::~LogicalDisk()
                0x00000000c001602a                LogicalDisk::~LogicalDisk()
                0x00000000c001604e                LogicalDisk::~LogicalDisk()
                0x00000000c0016078                LogicalDisk::open(int, int, void*)
                0x00000000c001608c                LogicalDisk::absoluteToRelative(unsigned long long)
                0x00000000c00160c4                LogicalDisk::relativeToAbsolute(unsigned long long)
                0x00000000c001610a                LogicalDisk::LogicalDisk(char const*, PhysicalDisk*, unsigned long long, unsigned long long)
                0x00000000c001610a                LogicalDisk::LogicalDisk(char const*, PhysicalDisk*, unsigned long long, unsigned long long)
                0x00000000c00161c0                LogicalDisk::assignDriveLetter()
                0x00000000c0016276                LogicalDisk::mount()
                0x00000000c00162e8                LogicalDisk::unmount()
                0x00000000c00162f8                LogicalDisk::eject()
                0x00000000c001630c                LogicalDisk::unassignDriveLetter()
                0x00000000c0016362                LogicalDisk::read(unsigned long long, int, void*)
                0x00000000c00163ce                LogicalDisk::write(unsigned long long, int, void*)
 .text          0x00000000c001643a       0x84 hal/mouse.32
                0x00000000c001643a                Mouse::Mouse(char const*)
                0x00000000c001643a                Mouse::Mouse(char const*)
                0x00000000c0016470                Mouse::~Mouse()
                0x00000000c0016470                Mouse::~Mouse()
                0x00000000c0016494                Mouse::~Mouse()
 .text          0x00000000c00164be      0x359 hal/partition.32
                0x00000000c00164be                makePartition(PhysicalDisk*, unsigned long long, unsigned long long)
                0x00000000c0016586                createPartitionsForDisk(PhysicalDisk*)
 *fill*         0x00000000c0016817        0x1 
 .text          0x00000000c0016818       0x84 hal/serial.32
                0x00000000c0016818                Serial::Serial(char const*)
                0x00000000c0016818                Serial::Serial(char const*)
                0x00000000c001684e                Serial::~Serial()
                0x00000000c001684e                Serial::~Serial()
                0x00000000c0016872                Serial::~Serial()
 .text          0x00000000c001689c      0x2f3 hal/timer.32
                0x00000000c001689c                Timer::Timer(char const*)
                0x00000000c001689c                Timer::Timer(char const*)
                0x00000000c00168d2                Timer::~Timer()
                0x00000000c00168d2                Timer::~Timer()
                0x00000000c00168f6                Timer::~Timer()
                0x00000000c0016920                Timer::read()
                0x00000000c001692b                timerHandler(unsigned long long)
                0x00000000c0016a9d                setupTimer(int)
 *fill*         0x00000000c0016b8f        0x1 
 .text          0x00000000c0016b90      0x409 hal/vcache.32
                0x00000000c0016b90                VCache::VCache(PhysicalDisk*)
                0x00000000c0016b90                VCache::VCache(PhysicalDisk*)
                0x00000000c0016cf8                VCache::invalidateReadBuffer()
                0x00000000c0016d08                VCache::writeWriteBuffer()
                0x00000000c0016d44                VCache::~VCache()
                0x00000000c0016d44                VCache::~VCache()
                0x00000000c0016d98                VCache::~VCache()
                0x00000000c0016dc0                VCache::write(unsigned long long, int, void*)
                0x00000000c0016eaa                VCache::read(unsigned long long, int, void*)
 *fill*         0x00000000c0016f99        0x1 
 .text          0x00000000c0016f9a      0x4cd hal/video.32
                0x00000000c0016f9a                Video::putrect(int, int, int, int, unsigned int)
                0x00000000c0016fe6                Video::bitblit(int, int, int, int, int, int, int, unsigned int*)
                0x00000000c0017056                Video::blit(unsigned int*, int, int, int, int)
                0x00000000c00170d4                Video::clearScreen(unsigned int)
                0x00000000c0017108                Video::putpixel(int, int, unsigned int)
                0x00000000c0017116                Video::Video(char const*)
                0x00000000c0017116                Video::Video(char const*)
                0x00000000c001714c                Video::~Video()
                0x00000000c001714c                Video::~Video()
                0x00000000c0017170                Video::~Video()
                0x00000000c001719a                Video::isMonochrome()
                0x00000000c00171a6                Video::getWidth()
                0x00000000c00171b2                Video::getHeight()
                0x00000000c00171be                Video::drawCursor(int, int, unsigned char*, int)
                0x00000000c001727a                Video::tgaParse(unsigned char*, int, int*, int*)
                0x00000000c00173fc                Video::putTGA(int, int, unsigned char*, int)
 *fill*         0x00000000c0017467        0x1 
 .text          0x00000000c0017468     0x1163 hw/acpi.32
                0x00000000c0017468                ACPI::close(int, int, void*)
                0x00000000c001751d                findRSDP()
                0x00000000c00175b7                loadACPITables(unsigned char*)
                0x00000000c001780e                findRSDT(unsigned char*)
                0x00000000c0017958                findDataTable(unsigned char*, char*)
                0x00000000c00179f4                scanMADT()
                0x00000000c0017e7a                ACPI::ACPI()
                0x00000000c0017e7a                ACPI::ACPI()
                0x00000000c0017ece                ACPI::getPCIIRQAssignment(unsigned char, unsigned short, unsigned char)
                0x00000000c0017fb0                ACPI::registerPCIIRQAssignment(void*, unsigned short, unsigned char, unsigned char)
                0x00000000c0018076                ACPI::setScreenBrightnessLevel(void*, int)
                0x00000000c001807c                ACPI::detectPCI()
                0x00000000c00181f6                ACPI::writeSimpleBootFlag(SimpleBootFlagTable*)
                0x00000000c001823e                ACPI::sleep()
                0x00000000c0018256                ACPI::open(int, int, void*)
 *fill*         0x00000000c00185cb        0x1 
 .text          0x00000000c00185cc     0x1717 hw/cpu.32
                0x00000000c00185cc                CPU::close(int, int, void*)
                0x00000000c00185d0                CPU::lookupAMDName(unsigned char, unsigned char)
                0x00000000c0018764                CPU::lookupIntelName(unsigned char, unsigned char)
                0x00000000c0018a12                CPU::AMD_K6_write_msr(unsigned int, unsigned int, unsigned int, CPU::REGS*)
                0x00000000c0018a2e                CPU::AMD_K6_read_msr(unsigned int, CPU::REGS*)
                0x00000000c0018a46                CPU::AMD_K6_writeback(int, int, int)
                0x00000000c0018aba                CPU::cpuid(int, unsigned long*, unsigned long*, unsigned long*, unsigned long*)
                0x00000000c0018b3e                CPU::cpuidCheckEDX(unsigned int)
                0x00000000c0018b6c                CPU::cpuidCheckECX(unsigned int)
                0x00000000c0018b9a                CPU::cpuidCheckExtendedEBX(unsigned int)
                0x00000000c0018bc8                CPU::cpuidCheckExtendedECX(unsigned int)
                0x00000000c0018bf6                CPU::CPU()
                0x00000000c0018bf6                CPU::CPU()
                0x00000000c0018c84                CPU::displayFeatures()
                0x00000000c0018f00                CPU::detectFeatures()
                0x00000000c00198f2                CPU::setupSMEP()
                0x00000000c00198fe                CPU::setupUMIP()
                0x00000000c0019908                CPU::setupTSC()
                0x00000000c0019912                CPU::setupLargePages()
                0x00000000c001991c                CPU::setupPAT()
                0x00000000c0019958                CPU::setupMTRR()
                0x00000000c001995a                CPU::setupGlobalPages()
                0x00000000c0019964                CPU::allowUsermodeDataAccess()
                0x00000000c0019976                CPU::prohibitUsermodeDataAccess()
                0x00000000c0019988                CPU::setupSMAP()
                0x00000000c0019996                CPU::setupFeatures()
                0x00000000c0019a16                CPU::open(int, int, void*)
                0x00000000c0019ae8                CPU::decodeAddress(regs*, int*, bool*, unsigned char*)
 .text          0x00000000c0019ce3        0x0 hw/ports.32
 .text          0x00000000c0019ce3      0x16a hw/smp.32
                0x00000000c0019ce3                Krnl::smpEntry()
                0x00000000c0019ce5                Krnl::startCPU(int)
                0x00000000c0019e2e                Krnl::startCPUs()
 *fill*         0x00000000c0019e4d        0x1 
 .text          0x00000000c0019e4e      0x5cd krnl/env.32
                0x00000000c0019e4e                EnvVarContainer::getEnv(char const*)
                0x00000000c0019e8c                EnvVarContainer::setEnv(char const*, char const*)
                0x00000000c0019f4e                EnvVarContainer::deleteEnv(char const*)
                0x00000000c0019f50                EnvVarContainer::loadFrom(char const*, char const*)
                0x00000000c001a152                EnvVarContainer::__loadSystem()
                0x00000000c001a16c                EnvVarContainer::__loadUser()
                0x00000000c001a16e                EnvVarContainer::EnvVarContainer(Process*)
                0x00000000c001a16e                EnvVarContainer::EnvVarContainer(Process*)
                0x00000000c001a190                EnvVarContainer::~EnvVarContainer()
                0x00000000c001a190                EnvVarContainer::~EnvVarContainer()
                0x00000000c001a1c0                Krnl::getEnv(Process*, char const*)
                0x00000000c001a225                Krnl::setEnvSystem(char const*, char const*)
                0x00000000c001a23f                Krnl::setEnvUser(char const*, char const*)
                0x00000000c001a25e                Krnl::setEnvProcess(Process*, char const*, char const*)
                0x00000000c001a271                Krnl::deleteEnvSystem(char const*)
                0x00000000c001a272                Krnl::deleteEnvUser(char const*)
                0x00000000c001a273                Krnl::deleteEnvProcess(Process*, char const*)
                0x00000000c001a274                Krnl::newProcessEnv(Process*)
                0x00000000c001a296                Krnl::copyProcessEnv(Process*, Process*)
                0x00000000c001a2e2                Krnl::loadSystemEnv()
                0x00000000c001a310                Krnl::loadUserEnv()
                0x00000000c001a336                Krnl::flushEnv()
                0x00000000c001a337                Krnl::getProcessTotalEnvCount(Process*)
                0x00000000c001a357                Krnl::getProcessEnvPair(Process*, int)
 .text          0x00000000c001a41b      0x396 krnl/panic.32
                0x00000000c001a41b                Krnl::panic(char const*)
 .text          0x00000000c001a7b1      0x57f net/ethernet.32
                0x00000000c001a7b1                Net::switchEndian16(unsigned short)
                0x00000000c001a7d2                Net::switchEndian32(unsigned int)
                0x00000000c001a801                Net::crc32Calc(unsigned char*, int)
                0x00000000c001a892                Net::wrapEthernetFrame(Net::UnwrappedEthernetFrame, unsigned char*)
                0x00000000c001aaa5                Net::unwrapEthernetFrame(unsigned char*, int)
 .text          0x00000000c001ad30      0x50e reg/registry.32
                0x00000000c001ad30                Reg::findLineFromLoadedData(char*, char*, char*)
                0x00000000c001ae88                Reg::getLineFromRegistry(char*, char*, char*, char*)
                0x00000000c001afdd                Reg::getLine(char*, char*, char*)
                0x00000000c001b014                Reg::readInt(char*, char*, int*)
                0x00000000c001b0ff                Reg::readString(char*, char*, char*, int)
                0x00000000c001b180                Reg::readBool(char*, char*, bool*)
                0x00000000c001b1a5                Reg::readBoolWithDefault(char*, char*, bool)
                0x00000000c001b1d1                Reg::readIntWithDefault(char*, char*, int)
                0x00000000c001b1fd                Reg::readStringWithDefault(char*, char*, char*, int, char*)
 .text          0x00000000c001b23e       0x36 sys/sc_eject.32
                0x00000000c001b23e                Sys::eject(regs*)
 .text          0x00000000c001b274       0x18 sys/sc_exit.32
                0x00000000c001b274                Sys::exit(regs*)
 .text          0x00000000c001b28c       0x1f sys/sc_getcwd.32
                0x00000000c001b28c                Sys::getCwd(regs*)
 .text          0x00000000c001b2ab        0xc sys/sc_getpid.32
                0x00000000c001b2ab                Sys::getPID(regs*)
 .text          0x00000000c001b2b7       0x17 sys/sc_getramdata.32
                0x00000000c001b2b7                Sys::getRAMData(regs*)
 .text          0x00000000c001b2ce       0x84 sys/sc_getvgaptr.32
                0x00000000c001b2ce                Sys::getVGAPtr(regs*)
 .text          0x00000000c001b352       0xa8 sys/sc_loaddll.32
                0x00000000c001b352                Sys::loadDLL(regs*)
 .text          0x00000000c001b3fa       0x68 sys/sc_read.32
                0x00000000c001b3fa                Sys::read(regs*)
 .text          0x00000000c001b462       0x55 sys/sc_sbrk.32
                0x00000000c001b462                Sys::sbrk(regs*)
 .text          0x00000000c001b4b7       0x1c sys/sc_setcwd.32
                0x00000000c001b4b7                Sys::setCwd(regs*)
 .text          0x00000000c001b4d3      0x128 sys/sc_settime.32
                0x00000000c001b4d3                Sys::setTime(regs*)
 .text          0x00000000c001b5fb       0x4a sys/sc_timezone.32
                0x00000000c001b5fb                Sys::timezone(regs*)
 .text          0x00000000c001b645       0x68 sys/sc_write.32
                0x00000000c001b645                Sys::write(regs*)
 .text          0x00000000c001b6ad       0x62 sys/sc_wsbe.32
                0x00000000c001b6ad                Sys::wsbe(regs*)
 .text          0x00000000c001b70f       0x46 sys/sc_yield.32
                0x00000000c001b70f                Sys::yield(regs*)
 .text          0x00000000c001b755     0x1101 sys/syscalls.32
                0x00000000c001b755                sysCallSeekDir(regs*)
                0x00000000c001b75a                sysCallTellDir(regs*)
                0x00000000c001b75f                sysCallVerify(regs*)
                0x00000000c001b769                sysFormatDisk(regs*)
                0x00000000c001b7d3                sysSetDiskVolumeLabel(regs*)
                0x00000000c001b819                sysGetDiskVolumeLabel(regs*)
                0x00000000c001b86a                sysShutdown(regs*)
                0x00000000c001b8c8                sysCallRealpath(regs*)
                0x00000000c001b90b                sysCallGetArgc(regs*)
                0x00000000c001b939                sysCallReadDir(regs*)
                0x00000000c001b9c7                sysCallIsATTY(regs*)
                0x00000000c001ba21                sysCallSeek(regs*)
                0x00000000c001ba8a                sysCallTell(regs*)
                0x00000000c001bb07                sysCallSize(regs*)
                0x00000000c001bb8a                sysCallSizeFromFilename(regs*)
                0x00000000c001bc4a                sysCallClose(regs*)
                0x00000000c001bcd2                sysCallOpenDir(regs*)
                0x00000000c001bd47                sysCallCloseDir(regs*)
                0x00000000c001bdad                sysCallMakeDir(regs*)
                0x00000000c001be1d                sysCallWait(regs*)
                0x00000000c001be37                sysCallNotImpl(regs*)
                0x00000000c001be52                sysPanic(regs*)
                0x00000000c001be78                sysCallRmdir(regs*)
                0x00000000c001bedc                sysCallUnlink(regs*)
                0x00000000c001bf40                sysCallGetArgv(regs*)
                0x00000000c001bf8c                sysCallTTYName(regs*)
                0x00000000c001c00f                sysCallUSleep(regs*)
                0x00000000c001c036                sysCallSpawn(regs*)
                0x00000000c001c0ab                sysCallGetEnv(regs*)
                0x00000000c001c1e3                sysAppSettings(regs*)
                0x00000000c001c2f7                sysSetFatAttrib(regs*)
                0x00000000c001c369                sysPipe(regs*)
                0x00000000c001c3ae                sysGetUnixTime(regs*)
                0x00000000c001c3c2                string_ends_with(char const*, char const*)
                0x00000000c001c40a                sysCallOpen(regs*)
                0x00000000c001c61f                Sys::loadSyscalls()
                0x00000000c001c814                Sys::systemCall(regs*, void*)
 .text          0x00000000c001c856     0x11fd thr/elf.32
                0x00000000c001c856                Thr::allocateMemoryForTask(Process*, File*, unsigned long, unsigned long, unsigned long)
                0x00000000c001cb00                Thr::loadProgramIntoMemory(Process*, char const*)
                0x00000000c001cd16                Thr::runtimeReferenceHelper()
                0x00000000c001cd29                Thr::getAddressOfKernelSymbol(char const*)
                0x00000000c001cd78                Thr::loadKernelSymbolTable(char const*)
                0x00000000c001d036                Thr::loadDriverIntoMemory(char const*, unsigned long, bool)
                0x00000000c001d76c                Thr::getDriverBaseFromAddress(unsigned long)
                0x00000000c001d79e                Thr::getDriverNameFromAddress(unsigned long)
                0x00000000c001d7d5                Thr::getDriverOffsetFromAddress(unsigned long)
                0x00000000c001d7ef                Thr::loadDLL(char const*, bool)
                0x00000000c001da1a                Thr::executeDLL(unsigned long, void*)
 *fill*         0x00000000c001da53        0x1 
 .text          0x00000000c001da54     0x1315 thr/prcssthr.32
                0x00000000c001da54                userModeEntryPoint(void*)
                0x00000000c001da7a                changeTSS
                0x00000000c001daaa                switchToThread(ThreadControlBlock*)
                0x00000000c001db54                Process::addArgs(char**)
                0x00000000c001dbae                Process::Process(char const*, Process*, char**)
                0x00000000c001dbae                Process::Process(char const*, Process*, char**)
                0x00000000c001dd92                Process::Process(bool, char const*, Process*, char**)
                0x00000000c001dd92                Process::Process(bool, char const*, Process*, char**)
                0x00000000c001df41                taskStartupFunction
                0x00000000c001df4a                Semaphore::Semaphore(int)
                0x00000000c001df4a                Semaphore::Semaphore(int)
                0x00000000c001df78                Mutex::Mutex()
                0x00000000c001df78                Mutex::Mutex()
                0x00000000c001df8a                Process::createThread(void (*)(void*), void*, int)
                0x00000000c001e090                Process::createUserThread()
                0x00000000c001e0ac                setupMultitasking(void (*)())
                0x00000000c001e1ce                schedule()
                0x00000000c001e254                Semaphore::tryAcquire()
                0x00000000c001e310                Semaphore::assertLocked(char const*)
                0x00000000c001e37f                blockTaskWithSchedulerLockAlreadyHeld(TaskState)
                0x00000000c001e3cd                blockTask(TaskState)
                0x00000000c001e3fa                waitTask(int, int*, int)
                0x00000000c001e43c                nanoSleepUntil(unsigned long long)
                0x00000000c001e4d1                nanoSleep(unsigned long long)
                0x00000000c001e4e9                sleep(unsigned long long)
                0x00000000c001e506                Semaphore::acquire()
                0x00000000c001e5a8                taskReturned
                0x00000000c001e5e3                Thr::processFromPID(int)
                0x00000000c001e692                unblockTask(ThreadControlBlock*)
                0x00000000c001e73f                cleanupTerminatedTask(ThreadControlBlock*)
                0x00000000c001ea08                cleanerTaskFunction(void*)
                0x00000000c001eb01                terminateTask(int)
                0x00000000c001ec33                Thr::terminateFromIRQ(int)
                0x00000000c001ec40                Semaphore::release()
 .text          0x00000000c001ed69      0xada vm86/vm8086.32
                0x00000000c001ed69                Vm::inbv(unsigned short)
                0x00000000c001ed7c                Vm::outbv(unsigned short, unsigned char)
                0x00000000c001edb2                Vm::realToLinear(unsigned short, unsigned short)
                0x00000000c001edc2                Vm::getSegment(unsigned int)
                0x00000000c001edca                Vm::getOffset(unsigned int)
                0x00000000c001edcf                Vm::mainloop2()
                0x00000000c001ee09                Vm::mainVm8086Loop(void*)
                0x00000000c001ee19                Vm::mainloop3(unsigned long)
                0x00000000c001ee3f                Vm::initialise8086()
                0x00000000c001ee82                Vm::finish8086()
                0x00000000c001eee3                Vm::getOutput8086(unsigned char*)
                0x00000000c001ef08                Vm::start8086(char const*, unsigned short, unsigned short, unsigned short, unsigned short)
                0x00000000c001f070                Vm::doISR(regs*, int, unsigned char*, unsigned short, unsigned short)
                0x00000000c001f0fa                Vm::readByteFromReal(unsigned short, unsigned short)
                0x00000000c001f10b                Vm::readWordFromReal(unsigned short, unsigned short)
                0x00000000c001f11d                Vm::readDwordFromReal(unsigned short, unsigned short)
                0x00000000c001f12e                Vm::writeByteFromReal(unsigned short, unsigned short, unsigned char)
                0x00000000c001f143                Vm::writeWordFromReal(unsigned short, unsigned short, unsigned short)
                0x00000000c001f159                Vm::writeDwordFromReal(unsigned short, unsigned short, unsigned int)
                0x00000000c001f16e                Vm::faultHandler(regs*)
 .text          0x00000000c001f843      0xefd vm86/x87em.32
                0x00000000c001f843                Vm::fpuInternalTo32(unsigned long long)
                0x00000000c001f89e                Vm::fpuInternalTo64(unsigned long long)
                0x00000000c001f8a7                Vm::fpu32ToInternal(unsigned int)
                0x00000000c001f8ec                Vm::fpu64ToInternal(unsigned long long)
                0x00000000c001f8f5                Vm::fpuFloatToLong(unsigned long long)
                0x00000000c001f950                Vm::fpuULongToFloat(unsigned long long)
                0x00000000c001f986                Vm::fpuLongToFloat(long long)
                0x00000000c001f9dc                Vm::fpuGet0()
                0x00000000c001f9e1                Vm::fpuGet1()
                0x00000000c001f9e9                Vm::fpuGetPi()
                0x00000000c001f9f1                Vm::fpuGetLog2E()
                0x00000000c001fa09                Vm::fpuGetLogE2()
                0x00000000c001fa21                Vm::fpuGetLog210()
                0x00000000c001fa39                Vm::fpuGetLog102()
                0x00000000c001fa51                Vm::fpuIsSecondLarger(unsigned long long, unsigned long long)
                0x00000000c001fa65                Vm::fpuAreEqual(unsigned long long, unsigned long long)
                0x00000000c001fa7b                Vm::fpuUnorderedCompare(unsigned long long, unsigned long long)
                0x00000000c001face                Vm::fpuAdd(unsigned long long, unsigned long long)
                0x00000000c001fadf                Vm::fpuAbs(unsigned long long)
                0x00000000c001fae8                Vm::fpuChs(unsigned long long)
                0x00000000c001faf8                Vm::fpuSub(unsigned long long, unsigned long long)
                0x00000000c001fb07                Vm::fpuMultiply(unsigned long long, unsigned long long)
                0x00000000c001fb26                Vm::fpuDivide(unsigned long long, unsigned long long)
                0x00000000c001fb42                Vm::fpuSquare(unsigned long long)
                0x00000000c001fb58                Vm::fpuGetReg(int)
                0x00000000c001fb9b                Vm::fpuSetReg(int, unsigned long long)
                0x00000000c001fbe6                Vm::fpuPush(unsigned long long)
                0x00000000c001fc43                Vm::fpuPop()
                0x00000000c001fc95                Vm::x87Handler(regs*)
 .text          0x00000000c0020740     0x1203 fs/fat/vfslink.32
                0x00000000c0020740                FAT::getName()
                0x00000000c0020746                FAT::tell(void*, unsigned long long*)
                0x00000000c002077a                FAT::stat(void*, unsigned long long*)
                0x00000000c00207ae                FAT::~FAT()
                0x00000000c00207ae                FAT::~FAT()
                0x00000000c00207d2                FAT::~FAT()
                0x00000000c00207fa                FAT::getlabel(LogicalDisk*, int, char*, unsigned int*)
                0x00000000c0020898                FAT::setlabel(LogicalDisk*, int, char*)
                0x00000000c0020952                FAT::format(LogicalDisk*, int, char const*, int)
                0x00000000c0020b36                FAT::tryMount(LogicalDisk*, int)
                0x00000000c0020d3c                FAT::getFileFirstSector(char const*)
                0x00000000c0020dfe                FAT::readDir(void*, unsigned long, void*, int*)
                0x00000000c0020f58                FAT::read(void*, unsigned long, void*, int*)
                0x00000000c0020fb2                FAT::write(void*, unsigned long, void*, int*)
                0x00000000c002100c                FAT::close(void*)
                0x00000000c0021058                FAT::closeDir(void*)
                0x00000000c00210a4                FAT::seek(void*, unsigned long long)
                0x00000000c00210f8                fatWrapperReadDisk
                0x00000000c002113f                fatWrapperWriteDisk
                0x00000000c0021186                fatWrapperIoctl
                0x00000000c002128a                FAT::FAT()
                0x00000000c002128a                FAT::FAT()
                0x00000000c00212dc                FAT::fixFilepath(char*)
                0x00000000c0021314                FAT::open(char const*, void**, FileOpenMode)
                0x00000000c002143c                FAT::openDir(char const*, void**)
                0x00000000c00214e2                FAT::stat(char const*, unsigned long long*, bool*)
                0x00000000c00215cc                FAT::unlink(char const*)
                0x00000000c0021646                FAT::chfatattr(char const*, unsigned char, unsigned char)
                0x00000000c002179a                FAT::rename(char const*, char const*)
                0x00000000c002185e                FAT::mkdir(char const*)
                0x00000000c00218d8                FAT::exists(char const*)
 *fill*         0x00000000c0021943        0x1 
 .text          0x00000000c0021944      0xba5 fs/iso9660/vfslink.32
                0x00000000c0021944                ISO9660::format(LogicalDisk*, int, char const*, int)
                0x00000000c002194a                ISO9660::seek(void*, unsigned long long)
                0x00000000c002197a                ISO9660::tell(void*, unsigned long long*)
                0x00000000c002199e                ISO9660::getName()
                0x00000000c00219a4                ISO9660::stat(void*, unsigned long long*)
                0x00000000c00219c8                ISO9660::chfatattr(char const*, unsigned char, unsigned char)
                0x00000000c00219ce                ISO9660::unlink(char const*)
                0x00000000c00219d4                ISO9660::write(void*, unsigned long, void*, int*)
                0x00000000c00219da                ISO9660::rename(char const*, char const*)
                0x00000000c00219e0                ISO9660::mkdir(char const*)
                0x00000000c00219e6                ISO9660::close(void*)
                0x00000000c0021a08                ISO9660::closeDir(void*)
                0x00000000c0021a2a                ISO9660::~ISO9660()
                0x00000000c0021a2a                ISO9660::~ISO9660()
                0x00000000c0021a4e                ISO9660::~ISO9660()
                0x00000000c0021a75                __memmem(unsigned char*, int, unsigned char*, int)
                0x00000000c0021ab7                readSectorFromCDROM(unsigned int, unsigned char*, char)
                0x00000000c0021b12                ISO9660::tryMount(LogicalDisk*, int)
                0x00000000c0021b62                ISO9660::read(void*, unsigned long, void*, int*)
                0x00000000c0021d66                ISO9660::readDir(void*, unsigned long, void*, int*)
                0x00000000c0021fe0                readRoot(unsigned int*, unsigned int*, char)
                0x00000000c0022034                readRecursively(char*, unsigned int, unsigned int, unsigned int*, unsigned int*, char, int*)
                0x00000000c0022207                getFileData(char*, unsigned int*, unsigned int*, char, int*)
                0x00000000c0022296                ISO9660::open(char const*, void**, FileOpenMode)
                0x00000000c0022356                ISO9660::exists(char const*)
                0x00000000c002237a                ISO9660::stat(char const*, unsigned long long*, bool*)
                0x00000000c002240e                ISO9660::openDir(char const*, void**)
                0x00000000c00224c6                ISO9660::ISO9660()
                0x00000000c00224c6                ISO9660::ISO9660()
 *fill*         0x00000000c00224e9        0x1 
 .text          0x00000000c00224ea      0x3a6 hal/sound/sndchannel.32
                0x00000000c00224ea                SoundChannel::SoundChannel(int, int, int, int)
                0x00000000c00224ea                SoundChannel::SoundChannel(int, int, int, int)
                0x00000000c0022624                SoundChannel::~SoundChannel()
                0x00000000c0022624                SoundChannel::~SoundChannel()
                0x00000000c0022640                SoundChannel::getSampleRate()
                0x00000000c0022648                SoundChannel::getBits()
                0x00000000c0022650                SoundChannel::getBufferUsed()
                0x00000000c0022658                SoundChannel::getBufferSize()
                0x00000000c0022660                SoundChannel::unbuffer(float*, int, int)
                0x00000000c00226f4                SoundChannel::buffer16(short*, int)
                0x00000000c00227f0                SoundChannel::buffer8(unsigned char*, int)
 .text          0x00000000c0022890      0x504 hal/sound/sndhw.32
                0x00000000c0022890                SoundDevice::SoundDevice(char const*)
                0x00000000c0022890                SoundDevice::SoundDevice(char const*)
                0x00000000c00228fc                SoundDevice::~SoundDevice()
                0x00000000c00228fc                SoundDevice::~SoundDevice()
                0x00000000c0022976                SoundDevice::~SoundDevice()
                0x00000000c00229a0                SoundDevice::getFreeChannelNum()
                0x00000000c00229ba                SoundDevice::addChannel(SoundChannel*)
                0x00000000c0022a2a                SoundDevice::removeChannel(int)
                0x00000000c0022a5c                SoundDevice::floatTo16(float*, short*, int)
                0x00000000c0022b4a                SoundDevice::floatTo8(float*, unsigned char*, int)
                0x00000000c0022c32                SoundDevice::getAudio(int, float*, float*)
 .text          0x00000000c0022d94        0x0 hw/bus/isa.32
 .text          0x00000000c0022d94      0xbbb hw/bus/pci.32
                0x00000000c0022d94                PCI::open(int, int, void*)
                0x00000000c0022db2                PCI::close(int, int, void*)
                0x00000000c0022db6                PCI::PCI()
                0x00000000c0022db6                PCI::PCI()
                0x00000000c0022e4c                PCI::readBAR8(unsigned int, int)
                0x00000000c0022e68                PCI::readBAR16(unsigned int, int)
                0x00000000c0022e86                PCI::readBAR32(unsigned int, int)
                0x00000000c0022ea2                PCI::writeBAR8(unsigned int, unsigned char, int)
                0x00000000c0022ec2                PCI::writeBAR16(unsigned int, unsigned short, int)
                0x00000000c0022f06                PCI::writeBAR32(unsigned int, unsigned int, int)
                0x00000000c0022f26                PCI::legacyMechanism(unsigned char, unsigned char, unsigned char, unsigned char)
                0x00000000c0022f94                PCI::pciReadWord(unsigned char, unsigned char, unsigned char, unsigned char)
                0x00000000c002303c                PCI::getVendorID(unsigned char, unsigned char, unsigned char)
                0x00000000c0023060                PCI::getHeaderType(unsigned char, unsigned char, unsigned char)
                0x00000000c0023088                PCI::getClassCode(unsigned char, unsigned char, unsigned char)
                0x00000000c00230d2                PCI::getProgIF(unsigned char, unsigned char, unsigned char)
                0x00000000c00230fa                PCI::getRevisionID(unsigned char, unsigned char, unsigned char)
                0x00000000c002311e                PCI::getInterruptNumber(unsigned char, unsigned char, unsigned char)
                0x00000000c0023142                PCI::getSecondaryBus(unsigned char, unsigned char, unsigned char)
                0x00000000c002316a                PCI::getBARAddress(unsigned char, unsigned char, unsigned char, unsigned char)
                0x00000000c00231ce                PCI::pciWriteWord(unsigned char, unsigned char, unsigned char, unsigned char, unsigned short)
                0x00000000c00232b6                PCI::pciDetailsToFilepath(PCIDeviceInfo, char*)
                0x00000000c0023542                PCI::checkBus(unsigned char)
                0x00000000c0023566                PCI::foundDevice(PCIDeviceInfo)
                0x00000000c00236d8                PCI::getDeviceData(unsigned char, unsigned char, unsigned char)
                0x00000000c0023890                PCI::checkDevice(unsigned char, unsigned char)
                0x00000000c00238fc                PCI::detect()
 *fill*         0x00000000c002394f        0x1 
 .text          0x00000000c0023950      0xc70 hw/diskctrl/ide.32
                0x00000000c0023950                IDE::close(int, int, void*)
                0x00000000c0023954                IDE::IDE()
                0x00000000c0023954                IDE::IDE()
                0x00000000c0023988                IDE::prepareInterrupt(unsigned char)
                0x00000000c002399a                selectDrive(unsigned char, unsigned char)
                0x00000000c002399c                IDE::getBase(unsigned char)
                0x00000000c00239ae                IDE::write(unsigned char, unsigned char, unsigned char)
                0x00000000c0023a6e                IDE::read(unsigned char, unsigned char)
                0x00000000c0023b1c                IDE::waitInterrupt(unsigned char)
                0x00000000c0023b82                ideChannel0IRQHandler(regs*, void*)
                0x00000000c0023b9e                ideChannel1IRQHandler(regs*, void*)
                0x00000000c0023bba                IDE::enableIRQs(unsigned char, bool)
                0x00000000c0023c00                IDE::open(int, int, void*)
                0x00000000c0024010                IDE::readBuffer(unsigned char, unsigned char, unsigned int, unsigned int)
                0x00000000c00240dc                IDE::detect()
                0x00000000c00243c4                IDE::printError(unsigned char, unsigned char, unsigned char)
                0x00000000c002455a                IDE::polling(unsigned char, unsigned int)
 .text          0x00000000c00245c0      0x390 hw/diskctrl/satabus.32
                0x00000000c00245c0                SATABus::close(int, int, void*)
                0x00000000c00245c4                SATABus::detect()
                0x00000000c00245c6                SATABus::SATABus()
                0x00000000c00245c6                SATABus::SATABus()
                0x00000000c0024672                SATABus::findCmdslot(SATABus::tagHBA_PORT volatile*)
                0x00000000c00246ba                SATABus::checkType(SATABus::tagHBA_PORT volatile*)
                0x00000000c0024702                SATABus::startCmd(SATABus::tagHBA_PORT volatile*)
                0x00000000c0024722                SATABus::stopCmd(SATABus::tagHBA_PORT volatile*)
                0x00000000c002474c                SATABus::portRebase(SATABus::tagHBA_PORT volatile*, int)
                0x00000000c0024852                SATABus::probePort(SATABus::tagHBA_MEM volatile*)
                0x00000000c0024930                SATABus::open(int, int, void*)
 .text          0x00000000c0024950      0x604 hw/diskphys/ata.32
                0x00000000c0024950                ATA::close(int, int, void*)
                0x00000000c0024974                ATA::powerSaving(PowerSavingLevel)
                0x00000000c0024976                ATA::ATA()
                0x00000000c0024976                ATA::ATA()
                0x00000000c00249a4                ATA::flush(bool)
                0x00000000c00249ee                ATA::readyForCommand()
                0x00000000c0024a3e                ATA::access(unsigned long long, int, void*, bool)
                0x00000000c0024dc6                ATA::read(unsigned long long, int, void*)
                0x00000000c0024e12                ATA::write(unsigned long long, int, void*)
                0x00000000c0024e5e                ATA::detectCHS()
                0x00000000c0024e88                ATA::open(int, int, void*)
 .text          0x00000000c0024f54      0x5bd hw/diskphys/atapi.32
                0x00000000c0024f54                ATAPI::write(unsigned long long, int, void*)
                0x00000000c0024f5a                ATAPI::close(int, int, void*)
                0x00000000c0024f7e                ATAPI::ATAPI()
                0x00000000c0024f7e                ATAPI::ATAPI()
                0x00000000c0024fac                ATAPI::readyForCommand()
                0x00000000c0024ffc                ATAPI::sendPacket(unsigned char*, int, bool, unsigned short*, int)
                0x00000000c00252bc                ATAPI::diskRemoved()
                0x00000000c00252d8                ATAPI::eject()
                0x00000000c0025320                ATAPI::diskInserted()
                0x00000000c002534e                ATAPI::detectMedia()
                0x00000000c002540a                ATAPI::open(int, int, void*)
                0x00000000c0025492                ATAPI::read(unsigned long long, int, void*)
 *fill*         0x00000000c0025511        0x1 
 .text          0x00000000c0025512      0x41c hw/diskphys/sata.32
                0x00000000c0025512                SATA::close(int, int, void*)
                0x00000000c0025536                SATA::powerSaving(PowerSavingLevel)
                0x00000000c0025538                SATA::open(int, int, void*)
                0x00000000c00255e2                SATA::SATA()
                0x00000000c00255e2                SATA::SATA()
                0x00000000c0025610                SATA::access(unsigned long long, int, void*, bool)
                0x00000000c0025876                SATA::read(unsigned long long, int, void*)
                0x00000000c00258c2                SATA::write(unsigned long long, int, void*)
 .text          0x00000000c002592e      0x4fe hw/diskphys/satapi.32
                0x00000000c002592e                SATAPI::write(unsigned long long, int, void*)
                0x00000000c0025934                SATAPI::close(int, int, void*)
                0x00000000c0025958                SATAPI::SATAPI()
                0x00000000c0025958                SATAPI::SATAPI()
                0x00000000c0025986                SATAPI::diskRemoved()
                0x00000000c00259a2                SATAPI::diskInserted()
                0x00000000c00259d0                SATAPI::sendPacket(unsigned char*, int, unsigned long long, unsigned short*, int)
                0x00000000c0025bd8                SATAPI::eject()
                0x00000000c0025c20                SATAPI::detectMedia()
                0x00000000c0025ce2                SATAPI::open(int, int, void*)
                0x00000000c0025d8a                SATAPI::read(unsigned long long, int, void*)
 .text          0x00000000c0025e2c       0x8e hw/fpu/avx.32
                0x00000000c0025e2c                AVX::open(int, int, void*)
                0x00000000c0025e3e                AVX::close(int, int, void*)
                0x00000000c0025e50                AVX::available()
                0x00000000c0025e62                AVX::save(void*)
                0x00000000c0025e7a                AVX::load(void*)
                0x00000000c0025e92                AVX::AVX()
                0x00000000c0025e92                AVX::AVX()
 .text          0x00000000c0025eba       0x90 hw/fpu/mmx.32
                0x00000000c0025eba                MMX::available()
                0x00000000c0025ece                MMX::open(int, int, void*)
                0x00000000c0025ee0                MMX::close(int, int, void*)
                0x00000000c0025ef2                MMX::save(void*)
                0x00000000c0025f0a                MMX::load(void*)
                0x00000000c0025f22                MMX::MMX()
                0x00000000c0025f22                MMX::MMX()
 .text          0x00000000c0025f4a       0x96 hw/fpu/sse.32
                0x00000000c0025f4a                SSE::open(int, int, void*)
                0x00000000c0025f5c                SSE::close(int, int, void*)
                0x00000000c0025f6e                SSE::available()
                0x00000000c0025f88                SSE::save(void*)
                0x00000000c0025fa0                SSE::load(void*)
                0x00000000c0025fb8                SSE::SSE()
                0x00000000c0025fb8                SSE::SSE()
 .text          0x00000000c0025fe0       0x8e hw/fpu/x87.32
                0x00000000c0025fe0                x87::open(int, int, void*)
                0x00000000c0025ff2                x87::close(int, int, void*)
                0x00000000c0026004                x87::available()
                0x00000000c0026016                x87::save(void*)
                0x00000000c002602e                x87::load(void*)
                0x00000000c0026046                x87::x87()
                0x00000000c0026046                x87::x87()
 .text          0x00000000c002606e      0x71e hw/intctrl/apic.32
                0x00000000c002606e                APIC::disable()
                0x00000000c0026070                APIC::close(int, int, void*)
                0x00000000c0026092                IOAPIC::close(int, int, void*)
                0x00000000c0026098                APIC::io_wait()
                0x00000000c002609e                APIC::getBase()
                0x00000000c00260e0                APIC::eoi(unsigned char)
                0x00000000c002610e                APIC::open(int, int, void*)
                0x00000000c002625c                IOAPIC::IOAPIC()
                0x00000000c002625c                IOAPIC::IOAPIC()
                0x00000000c0026284                APIC::APIC()
                0x00000000c0026284                APIC::APIC()
                0x00000000c0026360                IOAPIC::handlesGSIWithNumber(unsigned int)
                0x00000000c0026392                IOAPIC::read(int)
                0x00000000c00263ba                IOAPIC::open(int, int, void*)
                0x00000000c00264b0                IOAPIC::write(int, int)
                0x00000000c00264dc                IOAPIC::redirect(unsigned char, unsigned long long, unsigned char, bool, bool)
                0x00000000c00265d6                APIC::installIRQHandler(int, void (*)(regs*, void*), bool, void*)
 .text          0x00000000c002678c      0x3d3 hw/intctrl/pic.32
                0x00000000c002678c                PIC::disable()
                0x00000000c00267ba                PIC::close(int, int, void*)
                0x00000000c00267dc                PIC::PIC()
                0x00000000c00267dc                PIC::PIC()
                0x00000000c00268b2                PIC::ioWait()
                0x00000000c00268b8                PIC::getIRQReg(int)
                0x00000000c0026922                PIC::eoi(unsigned char)
                0x00000000c00269b4                PIC::remap()
                0x00000000c0026b20                PIC::open(int, int, void*)
 *fill*         0x00000000c0026b5f        0x1 
 .text          0x00000000c0026b60      0x25e hw/timer/apictimer.32
                0x00000000c0026b60                APICTimer::close(int, int, void*)
                0x00000000c0026b66                apicTimerHandler(regs*, void*)
                0x00000000c0026b94                APICTimer::write(int)
                0x00000000c0026c98                APICTimer::open(int, int, void*)
                0x00000000c0026d96                APICTimer::APICTimer()
                0x00000000c0026d96                APICTimer::APICTimer()
 .text          0x00000000c0026dbe      0x1a7 hw/timer/pit.32
                0x00000000c0026dbe                PIT::write(int)
                0x00000000c0026e3c                pitHandler(regs*, void*)
                0x00000000c0026e68                PIT::open(int, int, void*)
                0x00000000c0026eb6                PIT::close(int, int, void*)
                0x00000000c0026ee6                PIT::PIT()
                0x00000000c0026ee6                PIT::PIT()
 *fill*         0x00000000c0026f65        0xb 
 .text          0x00000000c0026f70       0x1e hw/fpu/x86/avx.32
                0x00000000c0026f70                avxDetect
                0x00000000c0026f76                avxSave
                0x00000000c0026f77                avxLoad
                0x00000000c0026f78                avxInit
                0x00000000c0026f79                avxClose
                0x00000000c0026f7a                wouldSheSayYes
 *fill*         0x00000000c0026f8e        0x2 
 .text          0x00000000c0026f90       0x35 hw/fpu/x86/sse.32
                0x00000000c0026f90                absolutelyNoChanceInHell
                0x00000000c0026f90                sseDetect
                0x00000000c0026fa8                sseSave
                0x00000000c0026fae                sseLoad
                0x00000000c0026fb4                sseInit
                0x00000000c0026fc4                sseClose
 *fill*         0x00000000c0026fc5        0xb 
 .text          0x00000000c0026fd0       0x4d hw/fpu/x86/x87.32
                0x00000000c0026fd6                x87Detect
                0x00000000c0026ff1                x87Save
                0x00000000c0026ffa                x87Load
                0x00000000c0027002                x87Init
                0x00000000c002701c                x87Close
 *fill*         0x00000000c002701d        0x3 
 .text          0x00000000c0027020       0x25 /cygdrive/d/Users/Alex/Desktop/Toolchain/Output/bin/../lib/gcc/i386-banana/8.1.0/crtend.o
 .text          0x00000000c0027045        0x0 crtn.32
 *fill*         0x00000000c0027045        0x3 
 .text          0x00000000c0027048      0x14b /cygdrive/d/Users/Alex/Desktop/Toolchain/Output/bin/../lib/gcc/i386-banana/8.1.0/libkgcc.a(_divdi3.o)
                0x00000000c0027048                __divdi3
 *fill*         0x00000000c0027193        0x1 
 .text          0x00000000c0027194      0x17e /cygdrive/d/Users/Alex/Desktop/Toolchain/Output/bin/../lib/gcc/i386-banana/8.1.0/libkgcc.a(_moddi3.o)
                0x00000000c0027194                __moddi3
 *fill*         0x00000000c0027312        0x2 
 .text          0x00000000c0027314       0xff /cygdrive/d/Users/Alex/Desktop/Toolchain/Output/bin/../lib/gcc/i386-banana/8.1.0/libkgcc.a(_udivdi3.o)
                0x00000000c0027314                __udivdi3
 *fill*         0x00000000c0027413        0x1 
 .text          0x00000000c0027414      0x11a /cygdrive/d/Users/Alex/Desktop/Toolchain/Output/bin/../lib/gcc/i386-banana/8.1.0/libkgcc.a(_umoddi3.o)
                0x00000000c0027414                __umoddi3
 .text          0x00000000c002752e      0x96d D:/Users/Alex/Desktop/Banana/kernel/libsoftfp.a(sfieeelib.o)
                0x00000000c002752e                __addsf3
                0x00000000c0027830                __subsf3
                0x00000000c0027844                __negsf2
                0x00000000c0027851                __mulsf3
                0x00000000c0027a14                __divsf3
                0x00000000c0027c3f                __floatsisf
                0x00000000c0027cb3                __floatunsisf
                0x00000000c0027cf5                __fixsfsi
                0x00000000c0027d57                __fixunssfsi
                0x00000000c0027d88                __cmpsf2
                0x00000000c0027e1d                __eqsf2