Archive member included to satisfy reference by file (symbol)

/cygdrive/d/Users/Alex/Desktop/Toolchain/Output/bin/../lib/gcc/i386-banana/8.1.0/libkgcc.a(_divdi3.o)
                              krnl/resolve.32 (__divdi3)
/cygdrive/d/Users/Alex/Desktop/Toolchain/Output/bin/../lib/gcc/i386-banana/8.1.0/libkgcc.a(_moddi3.o)
                              krnl/resolve.32 (__moddi3)
/cygdrive/d/Users/Alex/Desktop/Toolchain/Output/bin/../lib/gcc/i386-banana/8.1.0/libkgcc.a(_udivdi3.o)
                              hal/clock.32 (__udivdi3)
/cygdrive/d/Users/Alex/Desktop/Toolchain/Output/bin/../lib/gcc/i386-banana/8.1.0/libkgcc.a(_umoddi3.o)
                              core/pipe.32 (__umoddi3)

Allocating common symbols
Common symbol       size              file

dcache              0x40              fs/iso9660/iso9660.32
cdDriveLetter       0x1               fs/iso9660/iso9660.32
icache              0x40              fs/iso9660/iso9660.32

Discarded input sections

 .comment       0x0000000000000000       0x12 /cygdrive/d/Users/Alex/Desktop/Toolchain/Output/bin/../lib/gcc/i386-banana/8.1.0/crtbegin.o
 .comment       0x0000000000000000       0x12 acpica/utclib.32
 .comment       0x0000000000000000       0x12 core/malloc.32
 .comment       0x0000000000000000       0x12 libk/ctype.32
 .comment       0x0000000000000000       0x12 libk/string.32
 .comment       0x0000000000000000       0x12 fs/fat/diskio.32
 .comment       0x0000000000000000       0x12 fs/fat/ff.32
 .comment       0x0000000000000000       0x12 fs/fat/ffsystem.32
 .comment       0x0000000000000000       0x12 fs/fat/ffunicode.32
 .comment       0x0000000000000000       0x12 fs/iso9660/iso9660.32
 .group         0x0000000000000000       0x14 core/computer.32
 .group         0x0000000000000000        0xc core/computer.32
 .comment       0x0000000000000000       0x12 core/computer.32
 .comment       0x0000000000000000       0x12 core/gdt.32
 .group         0x0000000000000000        0xc core/idle.32
 .comment       0x0000000000000000       0x12 core/idle.32
 .comment       0x0000000000000000       0x12 core/idt.32
 .comment       0x0000000000000000       0x12 core/kheap.32
 .comment       0x0000000000000000       0x12 core/main.32
 .comment       0x0000000000000000       0x12 core/physmgr.32
 .group         0x0000000000000000        0xc core/pipe.32
 .comment       0x0000000000000000       0x12 core/pipe.32
 .group         0x0000000000000000        0xc core/terminal.32
 .comment       0x0000000000000000       0x12 core/terminal.32
 .comment       0x0000000000000000       0x12 core/tss.32
 .group         0x0000000000000000        0x8 core/unixfile.32
 .group         0x0000000000000000        0x8 core/unixfile.32
 .group         0x0000000000000000        0xc core/unixfile.32
 .group         0x0000000000000000        0x8 core/unixfile.32
 .group         0x0000000000000000        0xc core/unixfile.32
 .group         0x0000000000000000        0x8 core/unixfile.32
 .group         0x0000000000000000        0xc core/unixfile.32
 .group         0x0000000000000000        0xc core/unixfile.32
 .comment       0x0000000000000000       0x12 core/unixfile.32
 .comment       0x0000000000000000       0x12 core/virtmgr.32
 .comment       0x0000000000000000       0x12 coreobjs/c++.32
 .comment       0x0000000000000000       0x12 dbg/kconsole.32
 .group         0x0000000000000000        0xc fs/vfs.32
 .group         0x0000000000000000        0xc fs/vfs.32
 .group         0x0000000000000000        0xc fs/vfs.32
 .comment       0x0000000000000000       0x12 fs/vfs.32
 .group         0x0000000000000000        0xc hal/bus.32
 .comment       0x0000000000000000       0x12 hal/bus.32
 .comment       0x0000000000000000       0x12 hal/buzzer.32
 .group         0x0000000000000000        0xc hal/clock.32
 .comment       0x0000000000000000       0x12 hal/clock.32
 .group         0x0000000000000000       0x14 hal/device.32
 .group         0x0000000000000000        0xc hal/device.32
 .group         0x0000000000000000        0x8 hal/device.32
 .group         0x0000000000000000        0xc hal/device.32
 .group         0x0000000000000000        0xc hal/device.32
 .comment       0x0000000000000000       0x12 hal/device.32
 .group         0x0000000000000000        0xc hal/diskctrl.32
 .comment       0x0000000000000000       0x12 hal/diskctrl.32
 .group         0x0000000000000000        0xc hal/diskphys.32
 .comment       0x0000000000000000       0x12 hal/diskphys.32
 .comment       0x0000000000000000       0x12 hal/fpu.32
 .comment       0x0000000000000000       0x12 hal/intctrl.32
 .group         0x0000000000000000        0xc hal/keybrd.32
 .comment       0x0000000000000000       0x12 hal/keybrd.32
 .group         0x0000000000000000        0xc hal/logidisk.32
 .comment       0x0000000000000000       0x12 hal/logidisk.32
 .group         0x0000000000000000        0xc hal/mouse.32
 .comment       0x0000000000000000       0x12 hal/mouse.32
[...]
Memory Configuration

Name             Origin             Length             Attributes
*default*        0x0000000000000000 0xffffffffffffffff

Linker script and memory map

LOAD D:/Users/Alex/Desktop/Banana/kernel/boot.32
LOAD crti.32
LOAD /cygdrive/d/Users/Alex/Desktop/Toolchain/Output/bin/../lib/gcc/i386-banana/8.1.0/crtbegin.o
LOAD D:/Users/Alex/Desktop/Banana/kernel/morenasm.32
LOAD acpica/utclib.32
LOAD core/malloc.32
LOAD libk/ctype.32
LOAD libk/string.32
LOAD fs/fat/diskio.32
LOAD fs/fat/ff.32
LOAD fs/fat/ffsystem.32
LOAD fs/fat/ffunicode.32
LOAD fs/iso9660/iso9660.32
LOAD core/computer.32
LOAD core/gdt.32
LOAD core/idle.32
LOAD core/idt.32
LOAD core/kheap.32
LOAD core/main.32
LOAD core/physmgr.32
LOAD core/pipe.32
LOAD core/terminal.32
LOAD core/tss.32
LOAD core/unixfile.32
LOAD core/virtmgr.32
LOAD coreobjs/c++.32
LOAD dbg/kconsole.32
LOAD fs/vfs.32
LOAD hal/bus.32
LOAD hal/buzzer.32
LOAD hal/clock.32
LOAD hal/device.32
LOAD hal/diskctrl.32
LOAD hal/diskphys.32
LOAD hal/fpu.32
LOAD hal/intctrl.32
LOAD hal/keybrd.32
LOAD hal/logidisk.32
LOAD hal/mouse.32
LOAD hal/partition.32
LOAD hal/serial.32
LOAD hal/timer.32
LOAD hal/vcache.32
LOAD hal/video.32
LOAD hw/acpi.32
LOAD hw/cpu.32
LOAD krnl/bootmsg.32
LOAD krnl/env.32
LOAD krnl/inlines.32
LOAD krnl/panic.32
LOAD krnl/powctrl.32
LOAD krnl/resolve.32
LOAD krnl/syscalls.32
LOAD reg/registry.32
LOAD sys/eject.32
LOAD sys/exit.32
LOAD sys/getcwd.32
LOAD sys/getpid.32
LOAD sys/getramdata.32
LOAD sys/getvgaptr.32
LOAD sys/loaddll.32
LOAD sys/read.32
LOAD sys/sbrk.32
LOAD sys/setcwd.32
LOAD sys/settime.32
LOAD sys/timezone.32
LOAD sys/write.32
LOAD sys/wsbe.32
LOAD sys/yield.32
LOAD thr/elf.32
LOAD thr/prcssthr.32
LOAD vm86/vm8086.32
LOAD arch/i386/hal.32
LOAD arch/i386/pic.32
LOAD arch/i386/rtc.32
LOAD arch/i386/vga.32
LOAD fs/fat/vfslink.32
LOAD fs/iso9660/helper.32
LOAD fs/iso9660/vfslink.32
LOAD hal/sound/sndcard.32
LOAD hal/sound/sndport.32
LOAD hw/bus/isa.32
LOAD hw/bus/pci.32
LOAD hw/diskctrl/ide.32
LOAD hw/diskctrl/satabus.32
LOAD hw/diskphys/ata.32
LOAD hw/diskphys/atapi.32
LOAD hw/diskphys/sata.32
LOAD hw/diskphys/satapi.32
LOAD hw/intctrl/apic.32
LOAD hw/timer/apictimer.32
LOAD hw/timer/pit.32
LOAD arch/i386/avx.32
LOAD arch/i386/interrupt.32
LOAD arch/i386/rdrand.32
LOAD arch/i386/sse.32
LOAD arch/i386/x87.32
LOAD /cygdrive/d/Users/Alex/Desktop/Toolchain/Output/bin/../lib/gcc/i386-banana/8.1.0/crtend.o
LOAD crtn.32
LOAD /cygdrive/d/Users/Alex/Desktop/Toolchain/Output/bin/../lib/gcc/i386-banana/8.1.0/libkgcc.a
LOAD D:/Users/Alex/Desktop/Banana/kernel/libsoftfp.a
LOAD D:/Users/Alex/Desktop/Banana/kernel/libk/libm32.a
                0x00000000c0000000                . = 0xc0000000

.text           0x00000000c0000000    0x1be6a
 *(.text)
 .text          0x00000000c0000000       0x20 D:/Users/Alex/Desktop/Banana/kernel/boot.32
 .text          0x00000000c0000020        0x0 crti.32
 .text          0x00000000c0000020      0x101 /cygdrive/d/Users/Alex/Desktop/Toolchain/Output/bin/../lib/gcc/i386-banana/8.1.0/crtbegin.o
 *fill*         0x00000000c0000121        0xf 
 .text          0x00000000c0000130      0x252 D:/Users/Alex/Desktop/Banana/kernel/morenasm.32
                0x00000000c0000130                manualPCIProbe
                0x00000000c000017b                prepareTramp
                0x00000000c0000194                doTPAUSE
                0x00000000c000019e                hasLegacyFPU
                0x00000000c00001c3                is486
                0x00000000c00001f9                detectCPUID
                0x00000000c000020f                goToVM86
                0x00000000c000023f                goToUsermode
                0x00000000c0000269                switchToThreadASMFirstTime
                0x00000000c0000277                switchToThreadASM
                0x00000000c00002ff                asmQuickAcquireLock
                0x00000000c000031d                asmQuickReleaseLock
                0x00000000c0000329                asmAcquireLock
                0x00000000c000034a                asmReleaseLock
                0x00000000c000035d                loadGDT
                0x00000000c000037d                memcpy
 *fill*         0x00000000c0000382        0xe 
 .text          0x00000000c0000390      0x79e acpica/utclib.32
                0x00000000c0000390                memcmp
                0x00000000c00003e0                memmove
                0x00000000c00004d0                memset
                0x00000000c0000540                strlen
                0x00000000c0000570                strpbrk
                0x00000000c00005b0                strtok
                0x00000000c0000600                strcpy
                0x00000000c0000630                strncpy
                0x00000000c00006e0                strcmp
                0x00000000c0000730                strchr
                0x00000000c0000760                strncmp
                0x00000000c00007c0                strcat
                0x00000000c00007f0                strncat
                0x00000000c0000850                strstr
                0x00000000c00008b0                toupper
                0x00000000c00008d0                tolower
                0x00000000c00008f0                simple_strtoul
 .text          0x00000000c0000b2e      0xfad core/malloc.32
                0x00000000c0000c99                dlfree
                0x00000000c0000ff4                dlmalloc
                0x00000000c0001531                dlrealloc
                0x00000000c00016d4                dlmemalign
                0x00000000c00017f7                dlcalloc
                0x00000000c0001891                dlcfree
                0x00000000c0001896                dlindependent_calloc
                0x00000000c00018bb                dlindependent_comalloc
                0x00000000c00018d2                dlvalloc
                0x00000000c00018fd                dlpvalloc
                0x00000000c0001933                dlmalloc_trim
                0x00000000c0001940                dlmalloc_usable_size
                0x00000000c0001971                dlmallinfo
                0x00000000c0001a40                dlmalloc_stats
                0x00000000c0001a51                dlmallopt
 *fill*         0x00000000c0001adb        0x1 
 .text          0x00000000c0001adc      0x1f2 libk/ctype.32
                0x00000000c0001adc                isblank
                0x00000000c0001afc                iscntrl
                0x00000000c0001b1c                isdigit
                0x00000000c0001b38                islower
                0x00000000c0001b54                isspace
                0x00000000c0001b7c                isupper
                0x00000000c0001b98                isalpha
                0x00000000c0001bc8                isalnum
                0x00000000c0001bf8                ispunct
                0x00000000c0001c38                isgraph
                0x00000000c0001c68                isprint
                0x00000000c0001c90                isxdigit
 .text          0x00000000c0001cce        0x0 libk/string.32
 .text          0x00000000c0001cce       0x51 fs/fat/diskio.32
                0x00000000c0001cce                disk_status
                0x00000000c0001cd1                disk_initialize
                0x00000000c0001cd4                disk_read
                0x00000000c0001cea                disk_write
                0x00000000c0001d00                disk_ioctl
 .text          0x00000000c0001d1f     0x3d4b fs/fat/ff.32
                0x00000000c0003abb                f_mount
                0x00000000c0003b1d                f_open
                0x00000000c0003de8                f_read
                0x00000000c0003fe7                f_write
                0x00000000c000421b                f_sync
                0x00000000c00042d0                f_close
                0x00000000c00042ff                f_lseek
                0x00000000c00044a6                f_opendir
                0x00000000c0004571                f_closedir
                0x00000000c0004593                f_readdir
                0x00000000c0004625                f_stat
                0x00000000c00046a4                f_getfree
                0x00000000c00047a6                f_truncate
                0x00000000c000488a                f_unlink
                0x00000000c00049ac                f_mkdir
                0x00000000c0004b47                f_rename
                0x00000000c0004cfd                f_chmod
                0x00000000c0004da6                f_utime
                0x00000000c0004e54                f_getlabel
                0x00000000c0004fa5                f_setlabel
                0x00000000c0005135                f_expand
                0x00000000c0005295                f_mkfs
 *fill*         0x00000000c0005a6a        0x2 
 .text          0x00000000c0005a6c       0x2f fs/fat/ffsystem.32
                0x00000000c0005a6c                ff_memalloc
                0x00000000c0005a84                ff_memfree
 *fill*         0x00000000c0005a9b        0x1 
 .text          0x00000000c0005a9c      0x2a8 fs/fat/ffunicode.32
                0x00000000c0005a9c                ff_uni2oem
                0x00000000c0005b3c                ff_oem2uni
                0x00000000c0005bb4                ff_wtoupper
 .text          0x00000000c0005d44      0xc76 fs/iso9660/iso9660.32
                0x00000000c0005f63                isoReadDiscSector
                0x00000000c0005ffe                strnicmp
                0x00000000c00062b1                stricmp
                0x00000000c00062fd                iso_open
                0x00000000c0006387                iso_close
                0x00000000c00063a5                iso_read
                0x00000000c00064bb                iso_seek
                0x00000000c000653f                iso_tell
                0x00000000c0006570                iso_total
                0x00000000c000659b                fn_postprocess
                0x00000000c00065c1                iso_readdir
                0x00000000c00067b2                iso_reset
                0x00000000c00067bf                init_percd
                0x00000000c00068b9                iso_ioctl
                0x00000000c00068c1                fs_iso9660_init
                0x00000000c000694a                fs_iso9660_shutdown
 .text          0x00000000c00069ba      0x685 core/computer.32
                0x00000000c00069ba                Computer::close(int, int, void*)
                0x00000000c00069ff                Krnl::firstTask()
                0x00000000c0006b32                Computer::Computer()
                0x00000000c0006b32                Computer::Computer()
                0x00000000c0006be4                Computer::setBootMessage(char const*)
                0x00000000c0006be6                Computer::detectFeatures()
                0x00000000c0006df0                Computer::displayFeatures()
                0x00000000c0006df2                Computer::rdmsr(unsigned int)
                0x00000000c0006e1e                Computer::wrmsr(unsigned int, unsigned long long)
                0x00000000c0006e56                Computer::shutdown()
                0x00000000c0006e6e                Computer::restart()
                0x00000000c0006e86                Computer::sleep()
                0x00000000c0006e9a                Computer::nmiEnabled()
                0x00000000c0006ea6                Computer::readCMOS(unsigned char)
                0x00000000c0006ec0                Computer::enableNMI(bool)
                0x00000000c0006ed8                Computer::open(int, int, void*)
                0x00000000c0006fac                Computer::disableNMI()
                0x00000000c0006fbc                Computer::writeCMOS(unsigned char, unsigned char)
                0x00000000c0006fda                Computer::handleNMI()
 *fill*         0x00000000c000703f        0x1 
 .text          0x00000000c0007040      0x1cf core/gdt.32
                0x00000000c0007040                GDTEntry::setBase(unsigned int)
                0x00000000c000705c                GDTEntry::setLimit(unsigned int)
                0x00000000c000707a                GDT::GDT()
                0x00000000c000707a                GDT::GDT()
                0x00000000c0007090                GDT::addEntry(GDTEntry)
                0x00000000c00070b2                GDT::getNumberOfEntries()
                0x00000000c00070ba                GDT::flush()
                0x00000000c00070dc                GDT::setup()
 .text          0x00000000c000720f       0x1d core/idle.32
                0x00000000c000720f                idleFunction(void*)
 .text          0x00000000c000722c      0x464 core/idt.32
                0x00000000c000722c                IDTEntry::IDTEntry(bool)
                0x00000000c000722c                IDTEntry::IDTEntry(bool)
                0x00000000c000729e                IDTEntry::setOffset(unsigned int)
                0x00000000c00072b4                IDT::IDT()
                0x00000000c00072b4                IDT::IDT()
                0x00000000c00072b6                IDT::getPointerToInvalidOpcodeEntryForF00F()
                0x00000000c00072be                IDT::addEntry(IDTEntry, int)
                0x00000000c00072d8                IDT::addEntry(int, void (*)(), bool)
                0x00000000c0007310                IDT::flush()
                0x00000000c000732a                IDT::setup()
 .text          0x00000000c0007690      0x183 core/kheap.32
                0x00000000c0007690                sbrk
                0x00000000c0007725                mmap
                0x00000000c000773b                munmap
                0x00000000c0007751                liballoc_lock()
                0x00000000c000775e                liballoc_unlock()
                0x00000000c0007772                liballoc_alloc(int)
                0x00000000c000778a                liballoc_free(void*, int)
                0x00000000c00077a5                realloc
                0x00000000c00077b9                malloc
                0x00000000c00077c9                free
                0x00000000c00077d9                rfree
                0x00000000c00077e9                calloc
 .text          0x00000000c0007813       0xc3 core/main.32
                0x00000000c0007813                KeEntryPoint
 .text          0x00000000c00078d6      0x5dc core/physmgr.32
                0x00000000c00078d6                Phys::allocateDMA(unsigned long)
                0x00000000c00079ad                Phys::freeDMA(unsigned long, unsigned long)
                0x00000000c00079e0                Phys::setPageState(unsigned long, bool)
                0x00000000c0007a12                Phys::getPageState(unsigned long)
                0x00000000c0007a33                Phys::freePage(unsigned long)
                0x00000000c0007a95                Phys::allocatePage()
                0x00000000c0007b53                Phys::allocateContiguousPages(int)
                0x00000000c0007baf                Phys::allowSegmentToBeUsed(unsigned long, unsigned long)
                0x00000000c0007be7                Phys::physicalMemorySetup(unsigned int)
 .text          0x00000000c0007eb2      0x273 core/pipe.32
                0x00000000c0007eb2                Pipe::isAtty()
                0x00000000c0007eb6                Pipe::~Pipe()
                0x00000000c0007eb6                Pipe::~Pipe()
                0x00000000c0007eda                Pipe::~Pipe()
                0x00000000c0007f02                Pipe::write(unsigned long long, void*, int*)
                0x00000000c0007fc2                Pipe::read(unsigned long long, void*, int*)
                0x00000000c00080be                Pipe::Pipe(int)
                0x00000000c00080be                Pipe::Pipe(int)
 *fill*         0x00000000c0008125        0x1 
 .text          0x00000000c0008126      0xaa0 core/terminal.32
                0x00000000c0008126                VgaText::isAtty()
                0x00000000c000812a                VgaText::~VgaText()
                0x00000000c000812a                VgaText::~VgaText()
                0x00000000c000814e                VgaText::~VgaText()
                0x00000000c0008178                VgaText::read(unsigned long long, void*, int*)
                0x00000000c0008198                setTerminalScrollLock(bool)
                0x00000000c0008199                doTerminalCycle()
                0x00000000c000819a                addToTerminalCycle(VgaText*)
                0x00000000c000819b                scrollTerminalScrollLock(int)
                0x00000000c000819c                VgaText::updateTitle()
                0x00000000c000819e                VgaText::load()
                0x00000000c00081a0                VgaText::updateCursor()
                0x00000000c00081b6                VgaText::doANSI_SGR(int)
                0x00000000c000822a                VgaText::setDefaultBgColour(VgaColour)
                0x00000000c000823a                VgaText::setDefaultFgColour(VgaColour)
                0x00000000c000824a                VgaText::setDefaultColours(VgaColour, VgaColour)
                0x00000000c000826a                VgaText::setTitleTextColour(VgaColour)
                0x00000000c0008276                VgaText::setTitleColour(VgaColour)
                0x00000000c0008282                VgaText::setTitle(char*)
                0x00000000c0008284                VgaText::combineColours(unsigned char, unsigned char)
                0x00000000c0008296                VgaText::scrollScreen()
                0x00000000c000832e                VgaText::combineCharAndColour(char, unsigned char)
                0x00000000c0008340                VgaText::writeCharacter(char, VgaColour, VgaColour, int, int)
                0x00000000c00083d0                VgaText::getCursorX()
                0x00000000c00083d8                VgaText::getCursorY()
                0x00000000c00083e0                VgaText::setCursor(int, int)
                0x00000000c00083f7                setActiveTerminal(VgaText*)
                0x00000000c0008442                VgaText::clearScreen()
                0x00000000c0008490                VgaText::setCursorX(int)
                0x00000000c00084a8                VgaText::setCursorY(int)
                0x00000000c00084c0                VgaText::incrementCursor(bool)
                0x00000000c0008514                VgaText::decrementCursor(bool)
                0x00000000c0008536                VgaText::putchar(char, VgaColour, VgaColour)
                0x00000000c0008604                VgaText::putchar(char)
                0x00000000c00086f0                VgaText::putx(unsigned int)
                0x00000000c0008736                VgaText::puts(char const*)
                0x00000000c000875c                VgaText::write(unsigned long long, void*, int*)
                0x00000000c00087a8                VgaText::puts(char const*, VgaColour, VgaColour)
                0x00000000c00088fa                VgaText::VgaText(char const*)
                0x00000000c00088fa                VgaText::VgaText(char const*)
                0x00000000c0008a46                VgaText::receiveKey(unsigned char)
                0x00000000c0008ba0                VgaText::doUpdate()
                0x00000000c0008ba1                newTerminal(char*)
 *fill*         0x00000000c0008bc6        0x2 
 .text          0x00000000c0008bc8      0x1a1 core/tss.32
                0x00000000c0008bc8                TSS::TSS()
                0x00000000c0008bc8                TSS::TSS()
                0x00000000c0008bd8                TSS::setESP(unsigned long)
                0x00000000c0008bec                TSS::flush()
                0x00000000c0008c0c                TSS::setup(unsigned long, unsigned long)
 *fill*         0x00000000c0008d69        0x1 
 .text          0x00000000c0008d6a      0x4c2 core/unixfile.32
                0x00000000c0008d6a                ReservedFilename::read(unsigned long long, void*, int*)
                0x00000000c0008dc0                ReservedFilename::isAtty()
                0x00000000c0008ddc                ReservedFilename::write(unsigned long long, void*, int*)
                0x00000000c0008e3a                UnixFile::getFileDescriptor()
                0x00000000c0008e42                UnixFile::UnixFile(int)
                0x00000000c0008e42                UnixFile::UnixFile(int)
                0x00000000c0008ff2                ReservedFilename::ReservedFilename(int)
                0x00000000c0008ff2                ReservedFilename::ReservedFilename(int)
                0x00000000c0009024                UnixFile::~UnixFile()
                0x00000000c0009024                UnixFile::~UnixFile()
                0x00000000c00090bc                UnixFile::~UnixFile()
                0x00000000c00090e4                ReservedFilename::~ReservedFilename()
                0x00000000c00090e4                ReservedFilename::~ReservedFilename()
                0x00000000c0009108                ReservedFilename::~ReservedFilename()
                0x00000000c000912f                getFromFileDescriptor(int)
 .text          0x00000000c000922c     0x1166 core/virtmgr.32
                0x00000000c000922c                Virt::setPageState(unsigned long, Virt::VirtPageState)
                0x00000000c0009261                Virt::getPageState(unsigned long)
                0x00000000c0009285                Virt::allocateKernelVirtualPages(int)
                0x00000000c0009396                Virt::freeSwapfilePage(unsigned long)
                0x00000000c00093b4                Virt::swapIDToSector(unsigned long)
                0x00000000c00093c6                Virt::allocateSwapfilePage()
                0x00000000c0009444                Virt::virtualMemorySetup()
                0x00000000c000948f                Virt::setupPageSwapping(int)
                0x00000000c0009500                VAS::VAS()
                0x00000000c0009500                VAS::VAS()
                0x00000000c000953c                VAS::VAS(VAS*)
                0x00000000c000953c                VAS::VAS(VAS*)
                0x00000000c000956a                VAS::getForeignPageTableEntry(bool, unsigned long)
                0x00000000c0009596                VAS::getPageTableEntry(unsigned long)
                0x00000000c00095b5                Virt::freeKernelVirtualPages(unsigned long)
                0x00000000c00096da                VAS::freeAllocatedPages(unsigned long)
                0x00000000c00096fe                VAS::virtualToPhysical(unsigned long)
                0x00000000c0009718                VAS::reflagRange(unsigned long, int, int, int)
                0x00000000c0009758                VAS::setToWriteCombining(unsigned long, int)
                0x00000000c000978c                VAS::mapOtherVASIn(bool, VAS*)
                0x00000000c00097b6                VAS::~VAS()
                0x00000000c00097b6                VAS::~VAS()
                0x00000000c000991a                VAS::mapPage(unsigned long, unsigned long, int)
                0x00000000c0009a1e                VAS::allocatePages(int, int)
                0x00000000c0009bf6                VAS::setCPUSpecific(unsigned long)
                0x00000000c0009c14                VAS::mapRange(unsigned long, unsigned long, int, int)
                0x00000000c0009cda                VAS::mapForeignPage(bool, VAS*, unsigned long, unsigned long, int)
                0x00000000c0009dc8                VAS::VAS(bool)
                0x00000000c0009dc8                VAS::VAS(bool)
                0x00000000c000a048                VAS::evict(unsigned long)
                0x00000000c000a10a                VAS::tryLoadBackOffDisk(unsigned long)
                0x00000000c000a1f8                VAS::scanForEviction()
                0x00000000c000a2d8                mapVASFirstTime
 .text          0x00000000c000a392       0x5f coreobjs/c++.32
                0x00000000c000a392                __cxa_atexit
                0x00000000c000a395                __cxa_finalize
                0x00000000c000a396                __stack_chk_fail
                0x00000000c000a3cc                __cxa_pure_virtual
                0x00000000c000a3dd                operator new[](unsigned long)
                0x00000000c000a3e2                operator delete(void*, unsigned long)
                0x00000000c000a3e7                operator delete[](void*)
                0x00000000c000a3ec                operator delete[](void*, unsigned long)
 .text          0x00000000c000a3f1      0x21c dbg/kconsole.32
                0x00000000c000a3f1                Dbg::stringifyxWithBase(unsigned int, char*, int)
                0x00000000c000a45c                Dbg::logc(char)
                0x00000000c000a47c                Dbg::logs(char*)
                0x00000000c000a499                Dbg::logWriteInt(unsigned int)
                0x00000000c000a4b7                Dbg::logWriteIntBase(unsigned int, int)
                0x00000000c000a4d8                Dbg::kprintf(char const*, ...)
 *fill*         0x00000000c000a60d        0x1 
 .text          0x00000000c000a60e      0xc5c fs/vfs.32
                0x00000000c000a60e                File::read(unsigned long long, void*, int*)
                0x00000000c000a666                File::write(unsigned long long, void*, int*)
                0x00000000c000a6be                Directory::read(unsigned long long, void*, int*)
                0x00000000c000a716                Directory::write(unsigned long long, void*, int*)
                0x00000000c000a744                File::isAtty()
                0x00000000c000a748                Directory::isAtty()
                0x00000000c000a74c                Filesystem::getlabel(LogicalDisk*, int, char*, unsigned int*)
                0x00000000c000a752                Filesystem::setlabel(LogicalDisk*, int, char*)
                0x00000000c000a758                Filesystem::allocateSwapfile(char const*, int)
                0x00000000c000a75e                File::~File()
                0x00000000c000a75e                File::~File()
                0x00000000c000a782                File::~File()
                0x00000000c000a7ac                Directory::~Directory()
                0x00000000c000a7ac                Directory::~Directory()
                0x00000000c000a7d0                Directory::~Directory()
                0x00000000c000a7fa                Filesystem::Filesystem()
                0x00000000c000a7fa                Filesystem::Filesystem()
                0x00000000c000a81e                Filesystem::~Filesystem()
                0x00000000c000a81e                Filesystem::~Filesystem()
                0x00000000c000a82c                Filesystem::~Filesystem()
                0x00000000c000a850                Fs::getcwd(Process*, char*, int)
                0x00000000c000a87a                Fs::initVFS()
                0x00000000c000a8a4                Fs::standardiseFiles(char*, char const*, char const*)
                0x00000000c000aa4e                File::File(char const*, Process*)
                0x00000000c000aa4e                File::File(char const*, Process*)
                0x00000000c000ab0e                File::open(FileOpenMode)
                0x00000000c000ab6c                File::close()
                0x00000000c000abcc                File::seek(unsigned long long)
                0x00000000c000ac22                File::tell(unsigned long long*)
                0x00000000c000ac72                File::rewind()
                0x00000000c000ac86                File::unlink()
                0x00000000c000acd2                File::rename(char const*)
                0x00000000c000ad20                File::chfatattr(unsigned char, unsigned char)
                0x00000000c000ad7c                File::exists()
                0x00000000c000adba                File::stat(unsigned long long*, bool*)
                0x00000000c000ae1b                Fs::setcwd(Process*, char*)
                0x00000000c000af78                Directory::Directory(char const*, Process*)
                0x00000000c000af78                Directory::Directory(char const*, Process*)
                0x00000000c000b038                Directory::open()
                0x00000000c000b094                Directory::close()
                0x00000000c000b0f4                Directory::unlink()
                0x00000000c000b140                Directory::rename(char const*)
                0x00000000c000b18e                Directory::exists()
                0x00000000c000b1cc                Directory::read(dirent*)
                0x00000000c000b218                Directory::create()
                0x00000000c000b264                Filesystem::chfatattr(char const*, unsigned char, unsigned char)
 *fill*         0x00000000c000b26a        0x2 
 .text          0x00000000c000b26c       0x86 hal/bus.32
                0x00000000c000b26c                Bus::Bus(char const*)
                0x00000000c000b26c                Bus::Bus(char const*)
                0x00000000c000b2a4                Bus::~Bus()
                0x00000000c000b2a4                Bus::~Bus()
                0x00000000c000b2c8                Bus::~Bus()
 .text          0x00000000c000b2f2       0x96 hal/buzzer.32
                0x00000000c000b2f2                beepThread(void*)
                0x00000000c000b32f                Krnl::beep(int, int, bool)
 .text          0x00000000c000b388      0x46d hal/clock.32
                0x00000000c000b388                User::loadClockSettings(int)
                0x00000000c000b3da                Clock::Clock(char const*)
                0x00000000c000b3da                Clock::Clock(char const*)
                0x00000000c000b410                Clock::~Clock()
                0x00000000c000b410                Clock::~Clock()
                0x00000000c000b434                Clock::~Clock()
                0x00000000c000b45e                Clock::timeInSecondsLocal()
                0x00000000c000b4a6                Clock::setTimeInSecondsLocal(unsigned long long)
                0x00000000c000b4ff                datetimeToSeconds(datetime_t)
                0x00000000c000b62c                Clock::setTimeInDatetimeLocal(datetime_t)
                0x00000000c000b68c                secondsToDatetime(unsigned long long)
                0x00000000c000b7d0                Clock::timeInDatetimeLocal()
 *fill*         0x00000000c000b7f5        0x1 
 .text          0x00000000c000b7f6      0x464 hal/device.32
                0x00000000c000b7f6                Device::hibernate()
                0x00000000c000b7f8                Device::wake()
                0x00000000c000b7fa                Device::detect()
                0x00000000c000b7fc                Device::disableLegacy()
                0x00000000c000b7fe                Device::powerSaving(PowerSavingLevel)
                0x00000000c000b800                DriverlessDevice::close(int, int, void*)
                0x00000000c000b804                DriverlessDevice::detect()
                0x00000000c000b806                DriverlessDevice::open(int, int, void*)
                0x00000000c000b81a                Device::~Device()
                0x00000000c000b81a                Device::~Device()
                0x00000000c000b828                Device::~Device()
                0x00000000c000b850                Device::findAndLoadDriver()
                0x00000000c000b85e                Device::preOpenPCI(PCIDeviceInfo)
                0x00000000c000b884                Device::preOpenACPI(void*, char*, char*)
                0x00000000c000b8c4                Device::addIRQHandler(int, void (*)(regs*, void*), bool, void*)
                0x00000000c000b8ee                Device::getParent()
                0x00000000c000b8fa                Device::removeIRQHandler(int, void (*)(regs*, void*), bool)
                0x00000000c000b918                Device::addChild(Device*)
                0x00000000c000b95c                Device::removeAllChildren()
                0x00000000c000b9a2                Device::hibernateAll()
                0x00000000c000b9d2                Device::wakeAll()
                0x00000000c000ba02                Device::detectAll()
                0x00000000c000ba32                Device::disableLegacyAll()
                0x00000000c000ba34                Device::loadDriversForAll()
                0x00000000c000ba36                Device::closeAll()
                0x00000000c000ba6c                Device::powerSavingAll(PowerSavingLevel)
                0x00000000c000baa2                Device::setName(char const*)
                0x00000000c000bab0                Device::Device(char const*)
                0x00000000c000bab0                Device::Device(char const*)
                0x00000000c000bbac                Device::getName()
                0x00000000c000bbb6                DriverlessDevice::DriverlessDevice(char const*)
                0x00000000c000bbb6                DriverlessDevice::DriverlessDevice(char const*)
                0x00000000c000bbec                Device::addToLinkedList(LinkedList<Device>&, DeviceType)
                0x00000000c000bc30                getDevicesOfType(DeviceType)
 *fill*         0x00000000c000bc5a        0x2 
 .text          0x00000000c000bc5c       0x86 hal/diskctrl.32
                0x00000000c000bc5c                HardDiskController::HardDiskController(char const*)
                0x00000000c000bc5c                HardDiskController::HardDiskController(char const*)
                0x00000000c000bc94                HardDiskController::~HardDiskController()
                0x00000000c000bc94                HardDiskController::~HardDiskController()
                0x00000000c000bcb8                HardDiskController::~HardDiskController()
 .text          0x00000000c000bce2       0xe2 hal/diskphys.32
                0x00000000c000bce2                PhysicalDisk::eject()
                0x00000000c000bce6                PhysicalDisk::PhysicalDisk(char const*, int)
                0x00000000c000bce6                PhysicalDisk::PhysicalDisk(char const*, int)
                0x00000000c000bd4e                PhysicalDisk::startCache()
                0x00000000c000bd76                PhysicalDisk::~PhysicalDisk()
                0x00000000c000bd76                PhysicalDisk::~PhysicalDisk()
                0x00000000c000bd9a                PhysicalDisk::~PhysicalDisk()
 .text          0x00000000c000bdc4        0x0 hal/fpu.32
 .text          0x00000000c000bdc4      0x35d hal/intctrl.32
                0x00000000c000bdc4                int_handler
                0x00000000c000be4c                installISRHandler(int, void (*)(regs*, void*), void*)
                0x00000000c000be94                installIRQHandler(int, void (*)(regs*, void*), bool, void*)
                0x00000000c000bfcc                uninstallISRHandler(int, void (*)(regs*, void*))
                0x00000000c000c000                uninstallIRQHandler(int, void (*)(regs*, void*), bool)
                0x00000000c000c07f                setupINTS()
                0x00000000c000c0dc                convertLegacyIRQNumber(int)
 *fill*         0x00000000c000c121        0x1 
 .text          0x00000000c000c122      0x78c hal/keybrd.32
                0x00000000c000c122                startGUI(void*)
                0x00000000c000c18e                startGUIVESA(void*)
                0x00000000c000c1fa                sendKeyToTerminal(unsigned char)
                0x00000000c000c2bd                sendKeyboardToken(KeyboardToken)
                0x00000000c000c6fd                clearInternalKeybuffer(VgaText*)
                0x00000000c000c732                readKeyboard(VgaText*, char*, unsigned long)
                0x00000000c000c824                Keyboard::Keyboard(char const*)
                0x00000000c000c824                Keyboard::Keyboard(char const*)
                0x00000000c000c860                Keyboard::~Keyboard()
                0x00000000c000c860                Keyboard::~Keyboard()
                0x00000000c000c884                Keyboard::~Keyboard()
 .text          0x00000000c000c8ae      0x3ea hal/logidisk.32
                0x00000000c000c8ae                LogicalDisk::close(int, int, void*)
                0x00000000c000c8b2                LogicalDisk::~LogicalDisk()
                0x00000000c000c8b2                LogicalDisk::~LogicalDisk()
                0x00000000c000c8d6                LogicalDisk::~LogicalDisk()
                0x00000000c000c900                LogicalDisk::open(int, int, void*)
                0x00000000c000c914                LogicalDisk::absoluteToRelative(unsigned long long)
                0x00000000c000c94c                LogicalDisk::relativeToAbsolute(unsigned long long)
                0x00000000c000c992                LogicalDisk::LogicalDisk(char const*, PhysicalDisk*, unsigned long long, unsigned long long)
                0x00000000c000c992                LogicalDisk::LogicalDisk(char const*, PhysicalDisk*, unsigned long long, unsigned long long)
                0x00000000c000ca48                LogicalDisk::assignDriveLetter()
                0x00000000c000cafe                LogicalDisk::mount()
                0x00000000c000cb46                LogicalDisk::unmount()
                0x00000000c000cb56                LogicalDisk::eject()
                0x00000000c000cb6a                LogicalDisk::unassignDriveLetter()
                0x00000000c000cbc0                LogicalDisk::read(unsigned long long, int, void*)
                0x00000000c000cc2c                LogicalDisk::write(unsigned long long, int, void*)
 .text          0x00000000c000cc98       0x86 hal/mouse.32
                0x00000000c000cc98                Mouse::Mouse(char const*)
                0x00000000c000cc98                Mouse::Mouse(char const*)
                0x00000000c000ccd0                Mouse::~Mouse()
                0x00000000c000ccd0                Mouse::~Mouse()
                0x00000000c000ccf4                Mouse::~Mouse()
 .text          0x00000000c000cd1e      0x339 hal/partition.32
                0x00000000c000cd1e                makePartition(PhysicalDisk*, unsigned long long, unsigned long long)
                0x00000000c000cdc6                createPartitionsForDisk(PhysicalDisk*)
 *fill*         0x00000000c000d057        0x1 
 .text          0x00000000c000d058       0x86 hal/serial.32
                0x00000000c000d058                Serial::Serial(char const*)
                0x00000000c000d058                Serial::Serial(char const*)
                0x00000000c000d090                Serial::~Serial()
                0x00000000c000d090                Serial::~Serial()
                0x00000000c000d0b4                Serial::~Serial()
 *fill*         0x00000000c000d0de        0x2 
 .text          0x00000000c000d0e0      0x234 hal/timer.32
                0x00000000c000d0e0                Timer::Timer(char const*)
                0x00000000c000d0e0                Timer::Timer(char const*)
                0x00000000c000d118                Timer::~Timer()
                0x00000000c000d118                Timer::~Timer()
                0x00000000c000d13c                Timer::~Timer()
                0x00000000c000d166                Timer::read()
                0x00000000c000d171                setupTimer(int)
                0x00000000c000d1ac                timerHandler(unsigned int)
 .text          0x00000000c000d314      0x3ee hal/vcache.32
                0x00000000c000d314                VCache::VCache(PhysicalDisk*)
                0x00000000c000d314                VCache::VCache(PhysicalDisk*)
                0x00000000c000d47c                VCache::invalidateReadBuffer()
                0x00000000c000d48c                VCache::writeWriteBuffer()
                0x00000000c000d4d8                VCache::~VCache()
                0x00000000c000d4d8                VCache::~VCache()
                0x00000000c000d52c                VCache::~VCache()
                0x00000000c000d554                VCache::write(unsigned long long, int, void*)
                0x00000000c000d66a                VCache::read(unsigned long long, int, void*)
 .text          0x00000000c000d702      0x4b3 hal/video.32
                0x00000000c000d702                Video::putrect(int, int, int, int, unsigned int)
                0x00000000c000d74e                Video::bitblit(int, int, int, int, int, int, int, unsigned int*)
                0x00000000c000d7be                Video::blit(unsigned int*, int, int, int, int)
                0x00000000c000d83c                Video::clearScreen(unsigned int)
                0x00000000c000d870                Video::putpixel(int, int, unsigned int)
                0x00000000c000d87e                Video::Video(char const*)
                0x00000000c000d87e                Video::Video(char const*)
                0x00000000c000d8b4                Video::~Video()
                0x00000000c000d8b4                Video::~Video()
                0x00000000c000d8d8                Video::~Video()
                0x00000000c000d902                Video::isMonochrome()
                0x00000000c000d90e                Video::getWidth()
                0x00000000c000d91a                Video::getHeight()
                0x00000000c000d926                Video::drawCursor(int, int, unsigned char*, int)
                0x00000000c000d9e2                Video::tgaParse(unsigned char*, int, int*, int*)
                0x00000000c000db4a                Video::putTGA(int, int, unsigned char*, int)
 *fill*         0x00000000c000dbb5        0x3 
 .text          0x00000000c000dbb8     0x1307 hw/acpi.32
                0x00000000c000dbb8                ACPI::close(int, int, void*)
                0x00000000c000dc70                findRSDP()
                0x00000000c000dd00                loadACPITables(unsigned char*)
                0x00000000c000df64                findRSDT(unsigned char*)
                0x00000000c000e0b4                findDataTable(unsigned char*, char*)
                0x00000000c000e12c                scanMADT()
                0x00000000c000e600                ACPI::ACPI()
                0x00000000c000e600                ACPI::ACPI()
                0x00000000c000e654                ACPI::getPCIIRQAssignment(unsigned char, unsigned short, unsigned char)
                0x00000000c000e73c                ACPI::registerPCIIRQAssignment(void*, unsigned short, unsigned char, unsigned char)
                0x00000000c000e804                ACPI::setScreenBrightnessLevel(void*, int)
                0x00000000c000e80c                ACPI::detectPCI()
                0x00000000c000ea14                ACPI::writeSimpleBootFlag(SimpleBootFlagTable*)
                0x00000000c000ea68                ACPI::sleep()
                0x00000000c000ea84                ACPI::open(int, int, void*)
 *fill*         0x00000000c000eebf        0x1 
 .text          0x00000000c000eec0      0xb95 hw/cpu.32
                0x00000000c000eec0                CPU::close(int, int, void*)
                0x00000000c000eec4                CPU::AMD_K6_write_msr(unsigned int, unsigned int, unsigned int, CPU::REGS*)
                0x00000000c000eee0                CPU::AMD_K6_read_msr(unsigned int, CPU::REGS*)
                0x00000000c000eef8                CPU::AMD_K6_writeback(int, int, int)
                0x00000000c000ef6c                CPU::cpuid(int, unsigned long*, unsigned long*, unsigned long*, unsigned long*)
                0x00000000c000eff0                CPU::cpuidCheckEDX(unsigned int)
                0x00000000c000f01e                CPU::cpuidCheckECX(unsigned int)
                0x00000000c000f04c                CPU::cpuidCheckExtendedEBX(unsigned int)
                0x00000000c000f07a                CPU::cpuidCheckExtendedECX(unsigned int)
                0x00000000c000f0a8                CPU::CPU()
                0x00000000c000f0a8                CPU::CPU()
                0x00000000c000f136                CPU::displayFeatures()
                0x00000000c000f138                CPU::detectFeatures()
                0x00000000c000f7fc                CPU::setupSMEP()
                0x00000000c000f808                CPU::setupUMIP()
                0x00000000c000f812                CPU::setupTSC()
                0x00000000c000f81c                CPU::setupLargePages()
                0x00000000c000f826                CPU::setupPAT()
                0x00000000c000f862                CPU::setupMTRR()
                0x00000000c000f864                CPU::setupGlobalPages()
                0x00000000c000f86e                CPU::allowUsermodeDataAccess()
                0x00000000c000f880                CPU::prohibitUsermodeDataAccess()
                0x00000000c000f892                CPU::setupSMAP()
                0x00000000c000f8a0                CPU::setupFeatures()
                0x00000000c000f96c                CPU::open(int, int, void*)
 .text          0x00000000c000fa55       0xd1 krnl/bootmsg.32
                0x00000000c000fa55                KeDisplaySplashScreen()
                0x00000000c000fac3                KeSetBootMessage(char const*)
 .text          0x00000000c000fb26      0x581 krnl/env.32
                0x00000000c000fb26                EnvVarContainer::getEnv(char const*)
                0x00000000c000fb64                EnvVarContainer::setEnv(char const*, char const*)
                0x00000000c000fc26                EnvVarContainer::deleteEnv(char const*)
                0x00000000c000fc28                EnvVarContainer::loadFrom(char const*, char const*)
                0x00000000c000fe0e                EnvVarContainer::__loadSystem()
                0x00000000c000fe28                EnvVarContainer::__loadUser()
                0x00000000c000fe2a                EnvVarContainer::EnvVarContainer(Process*)
                0x00000000c000fe2a                EnvVarContainer::EnvVarContainer(Process*)
                0x00000000c000fe4c                EnvVarContainer::~EnvVarContainer()
                0x00000000c000fe4c                EnvVarContainer::~EnvVarContainer()
                0x00000000c000fe7c                Krnl::getEnv(Process*, char const*)
                0x00000000c000fee1                Krnl::setEnvSystem(char const*, char const*)
                0x00000000c000fefb                Krnl::setEnvUser(char const*, char const*)
                0x00000000c000ff1a                Krnl::setEnvProcess(Process*, char const*, char const*)
                0x00000000c000ff2d                Krnl::deleteEnvSystem(char const*)
                0x00000000c000ff2e                Krnl::deleteEnvUser(char const*)
                0x00000000c000ff2f                Krnl::deleteEnvProcess(Process*, char const*)
                0x00000000c000ff30                Krnl::newProcessEnv(Process*)
                0x00000000c000ff52                Krnl::copyProcessEnv(Process*, Process*)
                0x00000000c000ff9e                Krnl::loadSystemEnv()
                0x00000000c000ffcc                Krnl::loadUserEnv()
                0x00000000c000fff2                Krnl::flushEnv()
                0x00000000c000fff3                Krnl::getProcessTotalEnvCount(Process*)
                0x00000000c0010013                Krnl::getProcessEnvPair(Process*, int)
 .text          0x00000000c00100a7       0x94 krnl/inlines.32
                0x00000000c00100a7                CPU::current()
                0x00000000c00100b3                operator new(unsigned long)
                0x00000000c00100b8                operator delete(void*)
                0x00000000c00100bd                disableIRQs()
                0x00000000c00100bf                enableIRQs()
                0x00000000c00100c1                lockScheduler()
                0x00000000c00100c9                unlockScheduler()
                0x00000000c00100d8                lockStuff()
                0x00000000c00100e6                unlockStuff()
                0x00000000c0010120                Virt::getAKernelVAS()
                0x00000000c0010126                __not_memcpy
 .text          0x00000000c001013b        0xc krnl/panic.32
                0x00000000c001013b                KePanic(char const*)
 .text          0x00000000c0010147      0x142 krnl/powctrl.32
                0x00000000c0010147                Krnl::powerThread(void*)
                0x00000000c0010175                Krnl::changePowerSettings(Krnl::PowerSettings)
                0x00000000c001018b                Krnl::userIOReceived()
                0x00000000c0010196                Krnl::handlePowerButton()
                0x00000000c00101cb                Krnl::handleSleepButton()
                0x00000000c0010200                Krnl::setupPowerManager()
 *fill*         0x00000000c0010289        0x3 
 .text          0x00000000c001028c      0x190 krnl/resolve.32
                0x00000000c001028c                KeResolveCompatibilitySymbol(char*)
 .text          0x00000000c001041c      0xc51 krnl/syscalls.32
                0x00000000c001041c                SysSeekDir(regs*)
                0x00000000c0010421                SysTellDir(regs*)
                0x00000000c0010426                SysVerify(regs*)
                0x00000000c0010430                SysGetArgc(regs*)
                0x00000000c0010440                SysTTYName(regs*)
                0x00000000c0010448                SysFormatDisk(regs*)
                0x00000000c00104b5                SysSetDiskVolumeLabel(regs*)
                0x00000000c00104ff                SysGetDiskVolumeLabel(regs*)
                0x00000000c0010554                SysShutdown(regs*)
                0x00000000c00105b2                SysRealpath(regs*)
                0x00000000c00105f5                SysReadDir(regs*)
                0x00000000c0010675                SysIsATTY(regs*)
                0x00000000c00106d1                SysSeek(regs*)
                0x00000000c001072a                SysTell(regs*)
                0x00000000c0010799                SysSize(regs*)
                0x00000000c001080e                SysSizeFromFilename(regs*)
                0x00000000c00108c1                SysClose(regs*)
                0x00000000c0010921                SysOpenDir(regs*)
                0x00000000c0010998                SysCloseDir(regs*)
                0x00000000c00109ec                SysMakeDir(regs*)
                0x00000000c0010a5e                SysWait(regs*)
                0x00000000c0010a7b                SysNotImpl(regs*)
                0x00000000c0010a96                SysPanic(regs*)
                0x00000000c0010ab1                SysRmdir(regs*)
                0x00000000c0010b18                SysUnlink(regs*)
                0x00000000c0010b7f                SysGetArgv(regs*)
                0x00000000c0010bcc                SysUSleep(regs*)
                0x00000000c0010bf5                SysSpawn(regs*)
                0x00000000c0010c5e                SysGetEnv(regs*)
                0x00000000c0010d0d                SysSetFatAttrib(regs*)
                0x00000000c0010d84                SysPipe(regs*)
                0x00000000c0010dc9                SysGetUnixTime(regs*)
                0x00000000c0010ddd                string_ends_with(char const*, char const*)
                0x00000000c0010e27                SysOpen(regs*)
                0x00000000c001101b                KeSystemCall(regs*, void*)
 .text          0x00000000c001106d      0x50e reg/registry.32
                0x00000000c001106d                Reg::findLineFromLoadedData(char*, char*, char*)
                0x00000000c00111c5                Reg::getLineFromRegistry(char*, char*, char*, char*)
                0x00000000c001131a                Reg::getLine(char*, char*, char*)
                0x00000000c0011351                Reg::readInt(char*, char*, int*)
                0x00000000c001143c                Reg::readString(char*, char*, char*, int)
                0x00000000c00114bd                Reg::readBool(char*, char*, bool*)
                0x00000000c00114e2                Reg::readBoolWithDefault(char*, char*, bool)
                0x00000000c001150e                Reg::readIntWithDefault(char*, char*, int)
                0x00000000c001153a                Reg::readStringWithDefault(char*, char*, char*, int, char*)
 .text          0x00000000c001157b       0x36 sys/eject.32
                0x00000000c001157b                SysEject(regs*)
 .text          0x00000000c00115b1       0x18 sys/exit.32
                0x00000000c00115b1                SysExit(regs*)
 .text          0x00000000c00115c9       0x1f sys/getcwd.32
                0x00000000c00115c9                SysGetCwd(regs*)
 .text          0x00000000c00115e8        0xc sys/getpid.32
                0x00000000c00115e8                SysGetPID(regs*)
 .text          0x00000000c00115f4       0x1a sys/getramdata.32
                0x00000000c00115f4                SysGetRAMData(regs*)
 .text          0x00000000c001160e       0x82 sys/getvgaptr.32
                0x00000000c001160e                SysGetVGAPtr(regs*)
 .text          0x00000000c0011690       0xa8 sys/loaddll.32
                0x00000000c0011690                SysLoadDLL(regs*)
 .text          0x00000000c0011738       0x68 sys/read.32
                0x00000000c0011738                SysRead(regs*)
 .text          0x00000000c00117a0       0x55 sys/sbrk.32
                0x00000000c00117a0                SysSbrk(regs*)
 .text          0x00000000c00117f5       0x1c sys/setcwd.32
                0x00000000c00117f5                SysSetCwd(regs*)
 .text          0x00000000c0011811       0x95 sys/settime.32
                0x00000000c0011811                SysSetTime(regs*)
 .text          0x00000000c00118a6       0x4a sys/timezone.32
                0x00000000c00118a6                SysTimezone(regs*)
 .text          0x00000000c00118f0       0x68 sys/write.32
                0x00000000c00118f0                SysWrite(regs*)
 .text          0x00000000c0011958       0x62 sys/wsbe.32
                0x00000000c0011958                SysWsbe(regs*)
 .text          0x00000000c00119ba       0x25 sys/yield.32
                0x00000000c00119ba                SysYield(regs*)
 .text          0x00000000c00119df     0x11e5 thr/elf.32
                0x00000000c00119df                Thr::allocateMemoryForTask(Process*, File*, unsigned long, unsigned long, unsigned long)
                0x00000000c0011c6b                Thr::loadProgramIntoMemory(Process*, char const*)
                0x00000000c0011e81                Thr::runtimeReferenceHelper()
                0x00000000c0011e94                Thr::getAddressOfKernelSymbol(char const*)
                0x00000000c0011ee3                Thr::loadKernelSymbolTable(char const*)
                0x00000000c00121a1                Thr::loadDriverIntoMemory(char const*, unsigned long, bool)
                0x00000000c00128d7                Thr::getDriverBaseFromAddress(unsigned long)
                0x00000000c0012909                Thr::getDriverNameFromAddress(unsigned long)
                0x00000000c0012940                Thr::getDriverOffsetFromAddress(unsigned long)
                0x00000000c001295a                Thr::loadDLL(char const*, bool)
                0x00000000c0012b8b                Thr::executeDLL(unsigned long, void*)
 .text          0x00000000c0012bc4     0x12c5 thr/prcssthr.32
                0x00000000c0012bc4                userModeEntryPoint(void*)
                0x00000000c0012bec                changeTSS
                0x00000000c0012c1c                switchToThread(ThreadControlBlock*)
                0x00000000c0012cd0                Process::addArgs(char**)
                0x00000000c0012d30                Process::Process(char const*, Process*, char**)
                0x00000000c0012d30                Process::Process(char const*, Process*, char**)
                0x00000000c0012f20                Process::Process(bool, char const*, Process*, char**)
                0x00000000c0012f20                Process::Process(bool, char const*, Process*, char**)
                0x00000000c00130dc                taskStartupFunction
                0x00000000c00130e8                Semaphore::Semaphore(int)
                0x00000000c00130e8                Semaphore::Semaphore(int)
                0x00000000c0013118                Mutex::Mutex()
                0x00000000c0013118                Mutex::Mutex()
                0x00000000c001312c                Process::createThread(void (*)(void*), void*, int)
                0x00000000c0013224                Process::createUserThread()
                0x00000000c0013244                setupMultitasking(void (*)())
                0x00000000c001334c                schedule()
                0x00000000c00133dc                Semaphore::tryAcquire()
                0x00000000c00134a8                Semaphore::assertLocked(char const*)
                0x00000000c0013520                blockTaskWithSchedulerLockAlreadyHeld(TaskState)
                0x00000000c0013548                blockTask(TaskState)
                0x00000000c0013578                waitTask(int, int*, int)
                0x00000000c00135bc                milliTenthSleepUntil(unsigned int)
                0x00000000c001364c                milliTenthSleep(unsigned int)
                0x00000000c001365c                sleep(unsigned int)
                0x00000000c0013678                Semaphore::acquire()
                0x00000000c0013734                taskReturned
                0x00000000c0013770                Thr::processFromPID(int)
                0x00000000c0013810                unblockTask(ThreadControlBlock*)
                0x00000000c00138b4                cleanupTerminatedTask(ThreadControlBlock*)
                0x00000000c0013b80                cleanerTaskFunction(void*)
                0x00000000c0013c70                terminateTask(int)
                0x00000000c0013d3c                Thr::terminateFromIRQ(int)
                0x00000000c0013d4c                Semaphore::release()
 .text          0x00000000c0013e89      0xb93 vm86/vm8086.32
                0x00000000c0013e89                Vm::inbv(unsigned short)
                0x00000000c0013e9c                Vm::outbv(unsigned short, unsigned char)
                0x00000000c0013ed2                Vm::realToLinear(unsigned short, unsigned short)
                0x00000000c0013ee2                Vm::getSegment(unsigned int)
                0x00000000c0013eea                Vm::getOffset(unsigned int)
                0x00000000c0013eef                Vm::mainloop2()
                0x00000000c0013f29                Vm::mainVm8086Loop(void*)
                0x00000000c0013f39                Vm::mainloop3(unsigned long)
                0x00000000c0013f5f                Vm::initialise8086()
                0x00000000c0013fa2                Vm::finish8086()
                0x00000000c0014003                Vm::getOutput8086(unsigned char*)
                0x00000000c0014028                Vm::start8086FromBuffer(unsigned char*, int, unsigned short, unsigned short, unsigned short, unsigned short)
                0x00000000c00140e1                Vm::start8086(char const*, unsigned short, unsigned short, unsigned short, unsigned short)
                0x00000000c0014249                Vm::doISR(regs*, int, unsigned char*, unsigned short, unsigned short)
                0x00000000c00142d3                Vm::readByteFromReal(unsigned short, unsigned short)
                0x00000000c00142e4                Vm::readWordFromReal(unsigned short, unsigned short)
                0x00000000c00142f6                Vm::readDwordFromReal(unsigned short, unsigned short)
                0x00000000c0014307                Vm::writeByteFromReal(unsigned short, unsigned short, unsigned char)
                0x00000000c001431c                Vm::writeWordFromReal(unsigned short, unsigned short, unsigned short)
                0x00000000c0014332                Vm::writeDwordFromReal(unsigned short, unsigned short, unsigned int)
                0x00000000c0014347                Vm::faultHandler(regs*)
 .text          0x00000000c0014a1c      0xa53 arch/i386/hal.32
                0x00000000c0014a1c                noCopro(unsigned long)
                0x00000000c0014a1d                nmiHandler(regs*, void*)
                0x00000000c0014a36                doubleFault(regs*, void*)
                0x00000000c0014a4f                displayDebugInfo(regs*)
                0x00000000c0014d70                HalSystemIdle()
                0x00000000c0014de6                displayProgramFault(char const*)
                0x00000000c0014e32                gpFault(regs*, void*)
                0x00000000c0014e97                pgFault(regs*, void*)
                0x00000000c0014f1d                otherISRHandler(regs*, void*)
                0x00000000c0014f51                opcodeFault(regs*, void*)
                0x00000000c0014fd1                i386SaveCoprocessor(void*)
                0x00000000c0014fe5                i386LoadCoprocessor(void*)
                0x00000000c0014ff9                x87EmulHandler(regs*, void*)
                0x00000000c0015096                HalInitialiseCoprocessor()
                0x00000000c0015144                HalPanic(char const*)
                0x00000000c001523d                HalQueryPerformanceCounter()
                0x00000000c0015258                HalInitialise()
                0x00000000c00153fe                HalMakeBeep(int)
                0x00000000c0015438                HalGetRand()
                0x00000000c001543b                HalEndOfInterrupt(int)
                0x00000000c001546c                HalRestart()
                0x00000000c001546d                HalShutdown()
                0x00000000c001546e                HalSleep()
 *fill*         0x00000000c001546f        0x1 
 .text          0x00000000c0015470      0x2f4 arch/i386/pic.32
                0x00000000c0015470                picIoWait()
                0x00000000c0015478                picDisable()
                0x00000000c00154ac                picGetIRQReg(int)
                0x00000000c0015530                picOpen()
                0x00000000c00156c0                picEOI(int)
 .text          0x00000000c0015764      0x64d arch/i386/rtc.32
                0x00000000c0015764                RTC::open(int, int, void*)
                0x00000000c0015768                RTC::close(int, int, void*)
                0x00000000c001576c                RTC::timeInSecondsUTC()
                0x00000000c001577e                RTC::timeInDatetimeUTC()
                0x00000000c00157a4                RTC::setTimeInSecondsUTC(unsigned long long)
                0x00000000c00157e2                RTC::~RTC()
                0x00000000c00157e2                RTC::~RTC()
                0x00000000c0015806                RTC::~RTC()
                0x00000000c0015830                RTC::get_update_in_progress_flag()
                0x00000000c0015848                RTC::completeRTCRefresh()
                0x00000000c0015b00                RTC::setTimeInDatetimeUTC(datetime_t)
                0x00000000c0015cb3                rtcIRQHandler(regs*, void*)
                0x00000000c0015cf8                RTC::RTC()
                0x00000000c0015cf8                RTC::RTC()
 *fill*         0x00000000c0015db1        0x3 
 .text          0x00000000c0015db4      0x203 arch/i386/vga.32
                0x00000000c0015db4                HalConsoleScroll(int, int)
                0x00000000c0015ebc                HalConsoleWriteCharacter(char, int, int, int, int)
                0x00000000c0015f28                HalConsoleCursorUpdate(int, int)
 *fill*         0x00000000c0015fb7        0x1 
 .text          0x00000000c0015fb8     0x13e7 fs/fat/vfslink.32
                0x00000000c0015fb8                FAT::getName()
                0x00000000c0015fc0                FAT::tell(void*, unsigned long long*)
                0x00000000c0015ffc                FAT::stat(void*, unsigned long long*)
                0x00000000c0016038                FAT::~FAT()
                0x00000000c0016038                FAT::~FAT()
                0x00000000c001605c                FAT::~FAT()
                0x00000000c0016084                FAT::getlabel(LogicalDisk*, int, char*, unsigned int*)
                0x00000000c0016128                FAT::setlabel(LogicalDisk*, int, char*)
                0x00000000c00161ec                FAT::format(LogicalDisk*, int, char const*, int)
                0x00000000c00163c0                FAT::tryMount(LogicalDisk*, int)
                0x00000000c00165d8                FAT::allocateSwapfile(char const*, int)
                0x00000000c0016798                FAT::readDir(void*, unsigned long, void*, int*)
                0x00000000c0016904                FAT::read(void*, unsigned long, void*, int*)
                0x00000000c0016964                FAT::write(void*, unsigned long, void*, int*)
                0x00000000c00169c4                FAT::close(void*)
                0x00000000c0016a18                FAT::closeDir(void*)
                0x00000000c0016a6c                FAT::seek(void*, unsigned long long)
                0x00000000c0016ac4                fatWrapperReadDisk
                0x00000000c0016b08                fatWrapperWriteDisk
                0x00000000c0016b4c                fatWrapperIoctl
                0x00000000c0016c68                FAT::FAT()
                0x00000000c0016c68                FAT::FAT()
                0x00000000c0016cbc                FAT::fixFilepath(char*)
                0x00000000c0016cf8                FAT::open(char const*, void**, FileOpenMode)
                0x00000000c0016e30                FAT::openDir(char const*, void**)
                0x00000000c0016ee0                FAT::stat(char const*, unsigned long long*, bool*)
                0x00000000c0016fd8                FAT::unlink(char const*)
                0x00000000c0017058                FAT::chfatattr(char const*, unsigned char, unsigned char)
                0x00000000c00171e4                FAT::rename(char const*, char const*)
                0x00000000c00172b0                FAT::mkdir(char const*)
                0x00000000c0017330                FAT::exists(char const*)
 *fill*         0x00000000c001739f        0x1 
 .text          0x00000000c00173a0       0xc6 fs/iso9660/helper.32
                0x00000000c00173a0                isoReadDiscSectorHelper
                0x00000000c00173fc                iso_kprintf
                0x00000000c001741c                iso_kprintfd
 .text          0x00000000c0017466      0x586 fs/iso9660/vfslink.32
                0x00000000c0017466                ISO9660::format(LogicalDisk*, int, char const*, int)
                0x00000000c001746c                ISO9660::getName()
                0x00000000c0017472                ISO9660::closeDir(void*)
                0x00000000c001747c                ISO9660::chfatattr(char const*, unsigned char, unsigned char)
                0x00000000c0017482                ISO9660::unlink(char const*)
                0x00000000c0017488                ISO9660::write(void*, unsigned long, void*, int*)
                0x00000000c001748e                ISO9660::rename(char const*, char const*)
                0x00000000c0017494                ISO9660::mkdir(char const*)
                0x00000000c001749a                ISO9660::~ISO9660()
                0x00000000c001749a                ISO9660::~ISO9660()
                0x00000000c00174be                ISO9660::~ISO9660()
                0x00000000c00174e6                ISO9660::exists(char const*)
                0x00000000c00174fa                ISO9660::open(char const*, void**, FileOpenMode)
                0x00000000c001759a                ISO9660::openDir(char const*, void**)
                0x00000000c001762a                ISO9660::read(void*, unsigned long, void*, int*)
                0x00000000c001766a                ISO9660::seek(void*, unsigned long long)
                0x00000000c00176a2                ISO9660::tell(void*, unsigned long long*)
                0x00000000c00176d8                ISO9660::stat(void*, unsigned long long*)
                0x00000000c0017712                ISO9660::stat(char const*, unsigned long long*, bool*)
                0x00000000c00177e4                ISO9660::close(void*)
                0x00000000c001780a                ISO9660::readDir(void*, unsigned long, void*, int*)
                0x00000000c00178d7                readSectorFromCDROM(unsigned int, unsigned char*, char)
                0x00000000c0017952                ISO9660::tryMount(LogicalDisk*, int)
                0x00000000c00179c4                ISO9660::ISO9660()
                0x00000000c00179c4                ISO9660::ISO9660()
 .text          0x00000000c00179ec      0x26c hal/sound/sndcard.32
                0x00000000c00179ec                SoundCard::beginPlayback()
                0x00000000c00179fa                SoundCard::stopPlayback()
                0x00000000c0017a08                SoundCard::SoundCard(char const*)
                0x00000000c0017a08                SoundCard::SoundCard(char const*)
                0x00000000c0017aa6                SoundCard::~SoundCard()
                0x00000000c0017aa6                SoundCard::~SoundCard()
                0x00000000c0017aca                SoundCard::~SoundCard()
                0x00000000c0017af4                SoundCard::configureRates(int, int, int)
                0x00000000c0017b24                SoundCard::getSamples16(int, short*)
                0x00000000c0017b80                SoundCard::getSamples32(int, int*)
                0x00000000c0017c06                SoundCard::addChannel(SoundPort*)
                0x00000000c0017c44                SoundCard::removeChannel(int)
 .text          0x00000000c0017c58      0x377 hal/sound/sndport.32
                0x00000000c0017c58                SoundPort::SoundPort(int, int, int, int)
                0x00000000c0017c58                SoundPort::SoundPort(int, int, int, int)
                0x00000000c0017ce4                SoundPort::~SoundPort()
                0x00000000c0017ce4                SoundPort::~SoundPort()
                0x00000000c0017d18                SoundPort::unpause()
                0x00000000c0017d24                SoundPort::pause()
                0x00000000c0017d30                SoundPort::getBufferUsed()
                0x00000000c0017d38                SoundPort::getBufferSize()
                0x00000000c0017d40                SoundPort::buffer16(short*, int)
                0x00000000c0017dcc                SoundPort::buffer32(int*, int)
                0x00000000c0017e54                SoundPort::unbufferAndAdd16(int, short*, SoundCard*)
                0x00000000c0017f18                SoundPort::unbufferAndAdd32(int, int*, SoundCard*)
 .text          0x00000000c0017fcf        0x0 hw/bus/isa.32
 *fill*         0x00000000c0017fcf        0x1 
 .text          0x00000000c0017fd0      0xb49 hw/bus/pci.32
                0x00000000c0017fd0                PCI::open(int, int, void*)
                0x00000000c0017fee                PCI::close(int, int, void*)
                0x00000000c0017ff2                PCI::PCI()
                0x00000000c0017ff2                PCI::PCI()
                0x00000000c001808c                PCI::readBAR8(unsigned int, int)
                0x00000000c00180a8                PCI::readBAR16(unsigned int, int)
                0x00000000c00180c6                PCI::readBAR32(unsigned int, int)
                0x00000000c00180e2                PCI::writeBAR8(unsigned int, unsigned char, int)
                0x00000000c0018102                PCI::writeBAR16(unsigned int, unsigned short, int)
                0x00000000c0018124                PCI::writeBAR32(unsigned int, unsigned int, int)
                0x00000000c0018144                PCI::legacyMechanism(unsigned char, unsigned char, unsigned char, unsigned char)
                0x00000000c00181b2                PCI::pciReadWord(unsigned char, unsigned char, unsigned char, unsigned char)
                0x00000000c001825a                PCI::getVendorID(unsigned char, unsigned char, unsigned char)
                0x00000000c001827e                PCI::getHeaderType(unsigned char, unsigned char, unsigned char)
                0x00000000c00182a6                PCI::getClassCode(unsigned char, unsigned char, unsigned char)
                0x00000000c00182f0                PCI::getProgIF(unsigned char, unsigned char, unsigned char)
                0x00000000c0018318                PCI::getRevisionID(unsigned char, unsigned char, unsigned char)
                0x00000000c001833c                PCI::getInterruptNumber(unsigned char, unsigned char, unsigned char)
                0x00000000c0018360                PCI::getSecondaryBus(unsigned char, unsigned char, unsigned char)
                0x00000000c0018388                PCI::getBARAddress(unsigned char, unsigned char, unsigned char, unsigned char)
                0x00000000c00183ec                PCI::pciWriteWord(unsigned char, unsigned char, unsigned char, unsigned char, unsigned short)
                0x00000000c00184d4                PCI::pciDetailsToFilepath(PCIDeviceInfo, char*)
                0x00000000c001874e                PCI::checkBus(unsigned char)
                0x00000000c0018774                PCI::foundDevice(PCIDeviceInfo)
                0x00000000c00188e6                PCI::getDeviceData(unsigned char, unsigned char, unsigned char)
                0x00000000c0018a5a                PCI::checkDevice(unsigned char, unsigned char)
                0x00000000c0018ac6                PCI::detect()
 *fill*         0x00000000c0018b19        0x1 
 .text          0x00000000c0018b1a      0xb5a hw/diskctrl/ide.32
                0x00000000c0018b1a                IDE::close(int, int, void*)
                0x00000000c0018b1e                IDE::IDE()
                0x00000000c0018b1e                IDE::IDE()
                0x00000000c0018b52                IDE::prepareInterrupt(unsigned char)
                0x00000000c0018b64                selectDrive(unsigned char, unsigned char)
                0x00000000c0018b66                IDE::getBase(unsigned char)
                0x00000000c0018b78                IDE::write(unsigned char, unsigned char, unsigned char)
                0x00000000c0018c38                IDE::read(unsigned char, unsigned char)
                0x00000000c0018ce6                IDE::waitInterrupt(unsigned char)
                0x00000000c0018d4e                ideChannel0IRQHandler(regs*, void*)
                0x00000000c0018d6a                ideChannel1IRQHandler(regs*, void*)
                0x00000000c0018d86                IDE::enableIRQs(unsigned char, bool)
                0x00000000c0018dcc                IDE::open(int, int, void*)
                0x00000000c00191da                IDE::readBuffer(unsigned char, unsigned char, unsigned int, unsigned int)
                0x00000000c00192a6                IDE::detect()
                0x00000000c0019566                IDE::printError(unsigned char, unsigned char, unsigned char)
                0x00000000c0019616                IDE::polling(unsigned char, unsigned int)
 .text          0x00000000c0019674      0x32a hw/diskctrl/satabus.32
                0x00000000c0019674                SATABus::close(int, int, void*)
                0x00000000c0019678                SATABus::detect()
                0x00000000c001967a                SATABus::SATABus()
                0x00000000c001967a                SATABus::SATABus()
                0x00000000c0019700                SATABus::findCmdslot(SATABus::tagHBA_PORT volatile*)
                0x00000000c0019732                SATABus::checkType(SATABus::tagHBA_PORT volatile*)
                0x00000000c001977a                SATABus::startCmd(SATABus::tagHBA_PORT volatile*)
                0x00000000c001979a                SATABus::stopCmd(SATABus::tagHBA_PORT volatile*)
                0x00000000c00197c4                SATABus::portRebase(SATABus::tagHBA_PORT volatile*, int)
                0x00000000c00198d4                SATABus::probePort(SATABus::tagHBA_MEM volatile*)
                0x00000000c001997e                SATABus::open(int, int, void*)
 .text          0x00000000c001999e      0x5f4 hw/diskphys/ata.32
                0x00000000c001999e                ATA::close(int, int, void*)
                0x00000000c00199c2                ATA::powerSaving(PowerSavingLevel)
                0x00000000c00199c4                ATA::ATA()
                0x00000000c00199c4                ATA::ATA()
                0x00000000c00199f2                ATA::flush(bool)
                0x00000000c0019a3c                ATA::readyForCommand()
                0x00000000c0019a88                ATA::access(unsigned long long, int, void*, bool)
                0x00000000c0019e04                ATA::read(unsigned long long, int, void*)
                0x00000000c0019e50                ATA::write(unsigned long long, int, void*)
                0x00000000c0019e9c                ATA::detectCHS()
                0x00000000c0019ec6                ATA::open(int, int, void*)
 .text          0x00000000c0019f92      0x60e hw/diskphys/atapi.32
                0x00000000c0019f92                ATAPI::write(unsigned long long, int, void*)
                0x00000000c0019f98                ATAPI::close(int, int, void*)
                0x00000000c0019fbc                ATAPI::ATAPI()
                0x00000000c0019fbc                ATAPI::ATAPI()
                0x00000000c0019fea                ATAPI::readyForCommand()
                0x00000000c001a03c                ATAPI::sendPacket(unsigned char*, int, bool, unsigned short*, int)
                0x00000000c001a2fc                ATAPI::diskRemoved()
                0x00000000c001a336                ATAPI::eject()
                0x00000000c001a37e                ATAPI::diskInserted()
                0x00000000c001a38a                ATAPI::detectMedia()
                0x00000000c001a446                ATAPI::open(int, int, void*)
                0x00000000c001a526                ATAPI::read(unsigned long long, int, void*)
 .text          0x00000000c001a5a0      0x402 hw/diskphys/sata.32
                0x00000000c001a5a0                SATA::close(int, int, void*)
                0x00000000c001a5c4                SATA::powerSaving(PowerSavingLevel)
                0x00000000c001a5c6                SATA::open(int, int, void*)
                0x00000000c001a670                SATA::SATA()
                0x00000000c001a670                SATA::SATA()
                0x00000000c001a69e                SATA::access(unsigned long long, int, void*, bool)
                0x00000000c001a8ea                SATA::read(unsigned long long, int, void*)
                0x00000000c001a936                SATA::write(unsigned long long, int, void*)
 .text          0x00000000c001a9a2      0x5af hw/diskphys/satapi.32
                0x00000000c001a9a2                SATAPI::write(unsigned long long, int, void*)
                0x00000000c001a9a8                SATAPI::close(int, int, void*)
                0x00000000c001a9cc                SATAPI::SATAPI()
                0x00000000c001a9cc                SATAPI::SATAPI()
                0x00000000c001a9fa                SATAPI::diskRemoved()
                0x00000000c001a9fc                SATAPI::diskInserted()
                0x00000000c001aa18                SATAPI::sendPacket(unsigned char*, int, unsigned long long, unsigned short*, int)
                0x00000000c001acf8                SATAPI::eject()
                0x00000000c001ad34                SATAPI::detectMedia()
                0x00000000c001ad5a                SATAPI::open(int, int, void*)
                0x00000000c001ae5a                SATAPI::read(unsigned long long, int, void*)
 *fill*         0x00000000c001af51        0x1 
 .text          0x00000000c001af52      0x455 hw/intctrl/apic.32
                0x00000000c001af52                IOAPIC::close(int, int, void*)
                0x00000000c001af58                apicGetBase()
                0x00000000c001af9a                IOAPIC::IOAPIC()
                0x00000000c001af9a                IOAPIC::IOAPIC()
                0x00000000c001afc2                apicOpen()
                0x00000000c001b128                IOAPIC::handlesGSIWithNumber(unsigned int)
                0x00000000c001b15a                IOAPIC::read(int)
                0x00000000c001b182                IOAPIC::open(int, int, void*)
                0x00000000c001b276                IOAPIC::write(int, int)
                0x00000000c001b2a2                IOAPIC::redirect(unsigned char, unsigned long long, unsigned char, bool, bool)
 *fill*         0x00000000c001b3a7        0x1 
 .text          0x00000000c001b3a8       0xf0 hw/timer/apictimer.32
                0x00000000c001b3a8                APICTimer::close(int, int, void*)
                0x00000000c001b3b0                apicTimerHandler(regs*, void*)
                0x00000000c001b3d8                APICTimer::open(int, int, void*)
                0x00000000c001b448                APICTimer::write(int)
                0x00000000c001b470                APICTimer::APICTimer()
                0x00000000c001b470                APICTimer::APICTimer()
 .text          0x00000000c001b498      0x1aa hw/timer/pit.32
                0x00000000c001b498                PIT::write(int)
                0x00000000c001b51c                pitHandler(regs*, void*)
                0x00000000c001b540                PIT::open(int, int, void*)
                0x00000000c001b590                PIT::close(int, int, void*)
                0x00000000c001b5c0                PIT::PIT()
                0x00000000c001b5c0                PIT::PIT()
 *fill*         0x00000000c001b642        0xe 
 .text          0x00000000c001b650       0x83 arch/i386/avx.32
                0x00000000c001b650                avxDetect
                0x00000000c001b67a                avxSave
                0x00000000c001b68b                avxLoad
                0x00000000c001b69c                avxInit
                0x00000000c001b6be                avxClose
                0x00000000c001b6bf                wouldSheSayYes
 *fill*         0x00000000c001b6d3        0xd 
 .text          0x00000000c001b6e0      0x1d6 arch/i386/interrupt.32
                0x00000000c001b6e0                isr0
                0x00000000c001b6f0                isr1
                0x00000000c001b6fa                isr2
                0x00000000c001b704                isr3
                0x00000000c001b70e                isr4
                0x00000000c001b718                isr5
                0x00000000c001b722                isr6
                0x00000000c001b72c                isr7
                0x00000000c001b736                isr8
                0x00000000c001b73e                isr9
                0x00000000c001b748                isr10
                0x00000000c001b750                isr11
                0x00000000c001b758                isr12
                0x00000000c001b760                isr13
                0x00000000c001b768                isr14
                0x00000000c001b770                isr15
                0x00000000c001b77a                isr16
                0x00000000c001b784                isr17
                0x00000000c001b78e                isr18
                0x00000000c001b798                irq3
                0x00000000c001b7a2                irq4
                0x00000000c001b7ac                irq5
                0x00000000c001b7b6                irq6
                0x00000000c001b7c0                irq7
                0x00000000c001b7ca                irq8
                0x00000000c001b7d4                irq9
                0x00000000c001b7de                irq10
                0x00000000c001b7e8                irq11
                0x00000000c001b7f2                irq12
                0x00000000c001b7fc                irq13
                0x00000000c001b806                irq14
                0x00000000c001b810                irq15
                0x00000000c001b81a                irq1
                0x00000000c001b821                irq2
                0x00000000c001b828                isr96
                0x00000000c001b82f                irq0
                0x00000000c001b834                int_common_stub
                0x00000000c001b834                syscall_common_stub
                0x00000000c001b866                irq16
                0x00000000c001b870                irq17
                0x00000000c001b87a                irq18
                0x00000000c001b884                irq19
                0x00000000c001b88e                irq20
                0x00000000c001b898                irq21
                0x00000000c001b8a2                irq22
                0x00000000c001b8ac                irq23
 *fill*         0x00000000c001b8b6        0xa 
 .text          0x00000000c001b8c0       0x10 arch/i386/rdrand.32
                0x00000000c001b8c0                i386GetRDRAND
 .text          0x00000000c001b8d0       0x39 arch/i386/sse.32
                0x00000000c001b8d0                absolutelyNoChanceInHell
                0x00000000c001b8d0                sseDetect
                0x00000000c001b8e8                sseSave
                0x00000000c001b8f0                sseLoad
                0x00000000c001b8f8                sseInit
                0x00000000c001b908                sseClose
 *fill*         0x00000000c001b909        0x7 
 .text          0x00000000c001b910       0x49 arch/i386/x87.32
                0x00000000c001b916                x87Detect
                0x00000000c001b931                x87Save
                0x00000000c001b938                x87Load
                0x00000000c001b93f                x87Init
                0x00000000c001b958                x87Close
 *fill*         0x00000000c001b959        0x3 
 .text          0x00000000c001b95c       0x25 /cygdrive/d/Users/Alex/Desktop/Toolchain/Output/bin/../lib/gcc/i386-banana/8.1.0/crtend.o
 .text          0x00000000c001b981        0x0 crtn.32
 *fill*         0x00000000c001b981        0x3 
 .text          0x00000000c001b984      0x14b /cygdrive/d/Users/Alex/Desktop/Toolchain/Output/bin/../lib/gcc/i386-banana/8.1.0/libkgcc.a(_divdi3.o)
                0x00000000c001b984                __divdi3
 *fill*         0x00000000c001bacf        0x1 
 .text          0x00000000c001bad0      0x17e /cygdrive/d/Users/Alex/Desktop/Toolchain/Output/bin/../lib/gcc/i386-banana/8.1.0/libkgcc.a(_moddi3.o)
                0x00000000c001bad0                __moddi3
 *fill*         0x00000000c001bc4e        0x2 
 .text          0x00000000c001bc50       0xff /cygdrive/d/Users/Alex/Desktop/Toolchain/Output/bin/../lib/gcc/i386-banana/8.1.0/libkgcc.a(_udivdi3.o)
                0x00000000c001bc50                __udivdi3
 *fill*         0x00000000c001bd4f        0x1 
 .text          0x00000000c001bd50      0x11a /cygdrive/d/Users/Alex/Desktop/Toolchain/Output/bin/../lib/gcc/i386-banana/8.1.0/libkgcc.a(_umoddi3.o)
                0x00000000c001bd50                __umoddi3
 *(.gnu.linkonce.t*)

.iplt           0x00000000c001be70        0x0
 .iplt          0x00000000c001be70        0x0 D:/Users/Alex/Desktop/Banana/kernel/boot.32

.init           0x00000000c001be6a        0xf
 .init          0x00000000c001be6a        0x3 crti.32
                0x00000000c001be6a                _init
 .init          0x00000000c001be6d        0x5 /cygdrive/d/Users/Alex/Desktop/Toolchain/Output/bin/../lib/gcc/i386-banana/8.1.0/crtbegin.o
 .init          0x00000000c001be72        0x5 /cygdrive/d/Users/Alex/Desktop/Toolchain/Output/bin/../lib/gcc/i386-banana/8.1.0/crtend.o
 .init          0x00000000c001be77        0x2 crtn.32

.fini           0x00000000c001be79        0xa
 .fini          0x00000000c001be79        0x3 crti.32
                0x00000000c001be79                _fini
 .fini          0x00000000c001be7c        0x5 /cygdrive/d/Users/Alex/Desktop/Toolchain/Output/bin/../lib/gcc/i386-banana/8.1.0/crtbegin.o
 .fini          0x00000000c001be81        0x2 crtn.32

.text._ZN8ComputerD2Ev
                0x00000000c001be84       0x23
 .text._ZN8ComputerD2Ev
                0x00000000c001be84       0x23 core/computer.32
                0x00000000c001be84                Computer::~Computer()
                0x00000000c001be84                Computer::~Computer()

.text._ZN8ComputerD0Ev
                0x00000000c001bea8       0x2a
 .text._ZN8ComputerD0Ev
                0x00000000c001bea8       0x2a core/computer.32
                0x00000000c001bea8                Computer::~Computer()

.text._Z10idleCommonv
                0x00000000c001bed2       0x21
 .text._Z10idleCommonv
                0x00000000c001bed2       0x21 core/idle.32
                0x00000000c001bed2                idleCommon()

.text._ZN10LinkedListI8UnixFileED2Ev
                0x00000000c001bef4        0x2
 .text._ZN10LinkedListI8UnixFileED2Ev
                0x00000000c001bef4        0x2 core/unixfile.32
                0x00000000c001bef4                LinkedList<UnixFile>::~LinkedList()
                0x00000000c001bef4                LinkedList<UnixFile>::~LinkedList()

.text._ZN10LinkedListI8UnixFileEC2Ev
                0x00000000c001bef6       0x42
 .text._ZN10LinkedListI8UnixFileEC2Ev
                0x00000000c001bef6       0x42 core/unixfile.32
                0x00000000c001bef6                LinkedList<UnixFile>::LinkedList()
                0x00000000c001bef6                LinkedList<UnixFile>::LinkedList()

.text._ZN10LinkedListI8UnixFileE10addElementEPS0_
                0x00000000c001bf38       0xd3
 .text._ZN10LinkedListI8UnixFileE10addElementEPS0_
                0x00000000c001bf38       0xd3 core/unixfile.32
                0x00000000c001bf38                LinkedList<UnixFile>::addElement(UnixFile*)

.text._ZN10LinkedListI8UnixFileE15getFirstElementEv
                0x00000000c001c00c        0x7
 .text._ZN10LinkedListI8UnixFileE15getFirstElementEv
                0x00000000c001c00c        0x7 core/unixfile.32
                0x00000000c001c00c                LinkedList<UnixFile>::getFirstElement()

.text._ZN10LinkedListI8UnixFileE11removeFirstEv
                0x00000000c001c014       0xa1
 .text._ZN10LinkedListI8UnixFileE11removeFirstEv
                0x00000000c001c014       0xa1 core/unixfile.32
                0x00000000c001c014                LinkedList<UnixFile>::removeFirst()

.text._ZN10LinkedListI8UnixFileE7getNextEPS0_
                0x00000000c001c0b6        0x8
 .text._ZN10LinkedListI8UnixFileE7getNextEPS0_
                0x00000000c001c0b6        0x8 core/unixfile.32
                0x00000000c001c0b6                LinkedList<UnixFile>::getNext(UnixFile*)

.text._ZN16DriverlessDeviceD2Ev
                0x00000000c001c0be       0x1a
 .text._ZN16DriverlessDeviceD2Ev
                0x00000000c001c0be       0x1a hal/device.32
                0x00000000c001c0be                DriverlessDevice::~DriverlessDevice()
                0x00000000c001c0be                DriverlessDevice::~DriverlessDevice()

.text._ZN16DriverlessDeviceD0Ev
                0x00000000c001c0d8       0x2a
 .text._ZN16DriverlessDeviceD0Ev
                0x00000000c001c0d8       0x2a hal/device.32
                0x00000000c001c0d8                DriverlessDevice::~DriverlessDevice()

.text._ZN10LinkedListI6DeviceE10addElementEPS0_
                0x00000000c001c102       0xdc
 .text._ZN10LinkedListI6DeviceE10addElementEPS0_
                0x00000000c001c102       0xdc hal/device.32
                0x00000000c001c102                LinkedList<Device>::addElement(Device*)

.text._ZN10LinkedListI6DeviceEC2Ev
                0x00000000c001c1de       0x42
 .text._ZN10LinkedListI6DeviceEC2Ev
                0x00000000c001c1de       0x42 hal/device.32
                0x00000000c001c1de                LinkedList<Device>::LinkedList()
                0x00000000c001c1de                LinkedList<Device>::LinkedList()

.text._ZN10LinkedListIV18ThreadControlBlockE7isEmptyEv
                0x00000000c001c220       0x1c
 .text._ZN10LinkedListIV18ThreadControlBlockE7isEmptyEv
                0x00000000c001c220       0x1c hal/timer.32
                0x00000000c001c220                LinkedList<ThreadControlBlock volatile>::isEmpty()

.text._ZN10LinkedListIV18ThreadControlBlockE15getFirstElementEv
                0x00000000c001c23c        0x7
 .text._ZN10LinkedListIV18ThreadControlBlockE15getFirstElementEv
                0x00000000c001c23c        0x7 hal/timer.32
                0x00000000c001c23c                LinkedList<ThreadControlBlock volatile>::getFirstElement()

.text._ZN10LinkedListIV18ThreadControlBlockE11removeFirstEv
                0x00000000c001c244       0xb8
 .text._ZN10LinkedListIV18ThreadControlBlockE11removeFirstEv
                0x00000000c001c244       0xb8 hal/timer.32
                0x00000000c001c244                LinkedList<ThreadControlBlock volatile>::removeFirst()

.text._ZN10LinkedListIV18ThreadControlBlockE10addElementEPS1_
                0x00000000c001c2fc       0xda
 .text._ZN10LinkedListIV18ThreadControlBlockE10addElementEPS1_
                0x00000000c001c2fc       0xda hal/timer.32
                0x00000000c001c2fc                LinkedList<ThreadControlBlock volatile>::addElement(ThreadControlBlock volatile*)

.text._ZN4ACPID2Ev
                0x00000000c001c3d8       0x23
 .text._ZN4ACPID2Ev
                0x00000000c001c3d8       0x23 hw/acpi.32
                0x00000000c001c3d8                ACPI::~ACPI()
                0x00000000c001c3d8                ACPI::~ACPI()

.text._ZN4ACPID0Ev
                0x00000000c001c3fc       0x2a
 .text._ZN4ACPID0Ev
                0x00000000c001c3fc       0x2a hw/acpi.32
                0x00000000c001c3fc                ACPI::~ACPI()

.text._ZN10LinkedListI6DeviceED2Ev