Archive member included to satisfy reference by file (symbol)

/cygdrive/d/Users/Alex/Desktop/Toolchain/Output/bin/../lib/gcc/i386-banana/8.1.0/libkgcc.a(_divdi3.o)
                              fs/fat/ff.32 (__divdi3)
/cygdrive/d/Users/Alex/Desktop/Toolchain/Output/bin/../lib/gcc/i386-banana/8.1.0/libkgcc.a(_moddi3.o)
                              compat/resolve.32 (__moddi3)
/cygdrive/d/Users/Alex/Desktop/Toolchain/Output/bin/../lib/gcc/i386-banana/8.1.0/libkgcc.a(_udivdi3.o)
                              fs/fat/ff.32 (__udivdi3)
/cygdrive/d/Users/Alex/Desktop/Toolchain/Output/bin/../lib/gcc/i386-banana/8.1.0/libkgcc.a(_umoddi3.o)
                              compat/resolve.32 (__umoddi3)
D:/Users/Alex/Desktop/Banana/kernel/libsoftfp.a(sfieeelib.o)
                              hal/sound/sndhw.32 (__addsf3)
D:/Users/Alex/Desktop/Banana/kernel/libsoftfp.a(dfieeelib.o)
                              hal/libresample/src_linear.32 (__adddf3)
D:/Users/Alex/Desktop/Banana/kernel/libsoftfp.a(sfdfcvt.o)
                              hal/libresample/samplerate.32 (__truncdfsf2)
D:/Users/Alex/Desktop/Banana/kernel/libk/libm32.a(s_fabs.c.o)
                              hal/libresample/samplerate.32 (fabs)
D:/Users/Alex/Desktop/Banana/kernel/libk/libm32.a(s_lrint.S.o)
                              hal/libresample/samplerate.32 (lrint)
D:/Users/Alex/Desktop/Banana/kernel/libk/libm32.a(s_lrintf.S.o)
                              hal/sound/sndhw.32 (lrintf)

Discarded input sections

 .comment       0x0000000000000000       0x12 /cygdrive/d/Users/Alex/Desktop/Toolchain/Output/bin/../lib/gcc/i386-banana/8.1.0/crtbegin.o
 .comment       0x0000000000000000       0x12 acpica/utclib.32
 .comment       0x0000000000000000       0x12 core/malloc.32
 .comment       0x0000000000000000       0x12 libk/string.32
 .comment       0x0000000000000000       0x12 fs/fat/diskio.32
 .comment       0x0000000000000000       0x12 fs/fat/ff.32
 .comment       0x0000000000000000       0x12 fs/fat/ffsystem.32
 .comment       0x0000000000000000       0x12 fs/fat/ffunicode.32
 .comment       0x0000000000000000       0x12 hal/libresample/samplerate.32
 .comment       0x0000000000000000       0x12 hal/libresample/src_linear.32
 .comment       0x0000000000000000       0x12 hal/libresample/src_sinc.32
 .comment       0x0000000000000000       0x12 hal/libresample/src_zoh.32
 .comment       0x0000000000000000       0x12 compat/inlines.32
 .comment       0x0000000000000000       0x12 compat/resolve.32
 .group         0x0000000000000000       0x14 core/computer.32
 .group         0x0000000000000000        0xc core/computer.32
 .comment       0x0000000000000000       0x12 core/computer.32
 .comment       0x0000000000000000       0x12 core/gdt.32
 .group         0x0000000000000000        0xc core/idle.32
 .comment       0x0000000000000000       0x12 core/idle.32
 .comment       0x0000000000000000       0x12 core/idt.32
 .comment       0x0000000000000000       0x12 core/kheap.32
 .comment       0x0000000000000000       0x12 core/main.32
 .comment       0x0000000000000000       0x12 core/physmgr.32
 .group         0x0000000000000000        0xc core/pipe.32
 .comment       0x0000000000000000       0x12 core/pipe.32
 .group         0x0000000000000000        0xc core/terminal.32
 .comment       0x0000000000000000       0x12 core/terminal.32
 .comment       0x0000000000000000       0x12 core/tss.32
 .group         0x0000000000000000        0x8 core/unixfile.32
 .group         0x0000000000000000        0xc core/unixfile.32
 .group         0x0000000000000000        0xc core/unixfile.32
 .group         0x0000000000000000        0x8 core/unixfile.32
 .group         0x0000000000000000        0xc core/unixfile.32
 .group         0x0000000000000000        0x8 core/unixfile.32
 .group         0x0000000000000000        0xc core/unixfile.32
 .group         0x0000000000000000        0xc core/unixfile.32
 .comment       0x0000000000000000       0x12 core/unixfile.32
 .comment       0x0000000000000000       0x12 core/virtmgr.32
 .comment       0x0000000000000000       0x12 coreobjs/c++.32
 .comment       0x0000000000000000       0x12 dbg/kconsole.32
 .group         0x0000000000000000        0xc fs/vfs.32
 .group         0x0000000000000000        0xc fs/vfs.32
 .group         0x0000000000000000        0xc fs/vfs.32
 .comment       0x0000000000000000       0x12 fs/vfs.32
 .group         0x0000000000000000        0xc hal/bus.32
 .comment       0x0000000000000000       0x12 hal/bus.32
 .group         0x0000000000000000        0xc hal/buzzer.32
 .comment       0x0000000000000000       0x12 hal/buzzer.32
 .group         0x0000000000000000        0xc hal/clock.32
 .comment       0x0000000000000000       0x12 hal/clock.32
 .group         0x0000000000000000       0x14 hal/device.32
 .group         0x0000000000000000        0xc hal/device.32
 .group         0x0000000000000000        0xc hal/device.32
 .group         0x0000000000000000        0xc hal/device.32
[...]
Memory Configuration

Name             Origin             Length             Attributes
*default*        0x0000000000000000 0xffffffffffffffff

Linker script and memory map

LOAD D:/Users/Alex/Desktop/Banana/kernel/boot.32
LOAD crti.32
LOAD /cygdrive/d/Users/Alex/Desktop/Toolchain/Output/bin/../lib/gcc/i386-banana/8.1.0/crtbegin.o
LOAD D:/Users/Alex/Desktop/Banana/kernel/morenasm.32
LOAD acpica/utclib.32
LOAD core/malloc.32
LOAD libk/string.32
LOAD fs/fat/diskio.32
LOAD fs/fat/ff.32
LOAD fs/fat/ffsystem.32
LOAD fs/fat/ffunicode.32
LOAD hal/libresample/samplerate.32
LOAD hal/libresample/src_linear.32
LOAD hal/libresample/src_sinc.32
LOAD hal/libresample/src_zoh.32
LOAD compat/inlines.32
LOAD compat/resolve.32
LOAD core/computer.32
LOAD core/gdt.32
LOAD core/idle.32
LOAD core/idt.32
LOAD core/kheap.32
LOAD core/main.32
LOAD core/physmgr.32
LOAD core/pipe.32
LOAD core/terminal.32
LOAD core/tss.32
LOAD core/unixfile.32
LOAD core/virtmgr.32
LOAD coreobjs/c++.32
LOAD dbg/kconsole.32
LOAD fs/vfs.32
LOAD hal/bus.32
LOAD hal/buzzer.32
LOAD hal/clock.32
LOAD hal/device.32
LOAD hal/diskctrl.32
LOAD hal/diskphys.32
LOAD hal/fpu.32
LOAD hal/intctrl.32
LOAD hal/keybrd.32
LOAD hal/logidisk.32
LOAD hal/mouse.32
LOAD hal/partition.32
LOAD hal/serial.32
LOAD hal/timer.32
LOAD hal/vcache.32
LOAD hal/video.32
LOAD hw/acpi.32
LOAD hw/cpu.32
LOAD hw/ports.32
LOAD hw/smp.32
LOAD krnl/env.32
LOAD krnl/panic.32
LOAD net/ethernet.32
LOAD reg/registry.32
LOAD sys/sc_eject.32
LOAD sys/sc_exit.32
LOAD sys/sc_getcwd.32
LOAD sys/sc_getpid.32
LOAD sys/sc_getramdata.32
LOAD sys/sc_loaddll.32
LOAD sys/sc_read.32
LOAD sys/sc_sbrk.32
LOAD sys/sc_setcwd.32
LOAD sys/sc_settime.32
LOAD sys/sc_timezone.32
LOAD sys/sc_write.32
LOAD sys/sc_wsbe.32
LOAD sys/sc_yield.32
LOAD sys/syscalls.32
LOAD thr/elf.32
LOAD thr/prcssthr.32
LOAD vm86/vm8086.32
LOAD vm86/x87em.32
LOAD fs/fat/vfslink.32
LOAD fs/iso9660/vfslink.32
LOAD hal/sound/sndchannel.32
LOAD hal/sound/sndhw.32
LOAD hw/bus/isa.32
LOAD hw/bus/pci.32
LOAD hw/diskctrl/ide.32
LOAD hw/diskctrl/satabus.32
LOAD hw/diskphys/ata.32
LOAD hw/diskphys/atapi.32
LOAD hw/diskphys/sata.32
LOAD hw/diskphys/satapi.32
LOAD hw/fpu/avx.32
LOAD hw/fpu/mmx.32
LOAD hw/fpu/sse.32
LOAD hw/fpu/x87.32
LOAD hw/intctrl/apic.32
LOAD hw/intctrl/pic.32
LOAD hw/timer/apictimer.32
LOAD hw/timer/pit.32
LOAD hw/fpu/x86/avx.32
LOAD hw/fpu/x86/sse.32
LOAD hw/fpu/x86/x87.32
LOAD /cygdrive/d/Users/Alex/Desktop/Toolchain/Output/bin/../lib/gcc/i386-banana/8.1.0/crtend.o
LOAD crtn.32
LOAD /cygdrive/d/Users/Alex/Desktop/Toolchain/Output/bin/../lib/gcc/i386-banana/8.1.0/libkgcc.a
LOAD D:/Users/Alex/Desktop/Banana/kernel/libsoftfp.a
LOAD D:/Users/Alex/Desktop/Banana/kernel/libk/libm32.a
                0x00000000c0000000                . = 0xc0000000

.text           0x00000000c0000000    0x28608
 *(.text)
 .text          0x00000000c0000000       0x41 D:/Users/Alex/Desktop/Banana/kernel/boot.32
                0x00000000c0000020                callGlobalConstructors
 .text          0x00000000c0000041        0x0 crti.32
 *fill*         0x00000000c0000041        0x3 
 .text          0x00000000c0000044      0x101 /cygdrive/d/Users/Alex/Desktop/Toolchain/Output/bin/../lib/gcc/i386-banana/8.1.0/crtbegin.o
 *fill*         0x00000000c0000145        0xb 
 .text          0x00000000c0000150      0x4ed D:/Users/Alex/Desktop/Banana/kernel/morenasm.32
                0x00000000c0000150                manualPCIProbe
                0x00000000c000019b                prepareTramp
                0x00000000c00001b4                voodooXADD
                0x00000000c000027f                doTPAUSE
                0x00000000c0000289                hasLegacyFPU
                0x00000000c00002ae                is486
                0x00000000c00002e4                detectCPUID
                0x00000000c00002fa                goToVM86
                0x00000000c000032a                goToUsermode
                0x00000000c0000354                switchToThreadASMFirstTime
                0x00000000c0000362                switchToThreadASM
                0x00000000c00003ea                asmQuickAcquireLock
                0x00000000c0000408                asmQuickReleaseLock
                0x00000000c0000414                asmAcquireLock
                0x00000000c0000435                asmReleaseLock
                0x00000000c0000448                loadGDT
                0x00000000c0000468                isr0
                0x00000000c0000478                isr1
                0x00000000c0000482                isr2
                0x00000000c000048c                isr3
                0x00000000c0000496                isr4
                0x00000000c00004a0                isr5
                0x00000000c00004aa                isr6
                0x00000000c00004b4                isr7
                0x00000000c00004be                isr8
                0x00000000c00004c6                isr9
                0x00000000c00004d0                isr10
                0x00000000c00004d8                isr11
                0x00000000c00004e0                isr12
                0x00000000c00004e8                isr13
                0x00000000c00004f0                isr14
                0x00000000c00004f8                isr15
                0x00000000c0000502                isr16
                0x00000000c000050c                isr17
                0x00000000c0000516                isr18
                0x00000000c0000520                irq3
                0x00000000c000052a                irq4
                0x00000000c0000534                irq5
                0x00000000c000053e                irq6
                0x00000000c0000548                irq7
                0x00000000c0000552                irq8
                0x00000000c000055c                irq9
                0x00000000c0000566                irq10
                0x00000000c0000570                irq11
                0x00000000c000057a                irq12
                0x00000000c0000584                irq13
                0x00000000c000058e                irq14
                0x00000000c0000598                irq15
                0x00000000c00005a2                irq1
                0x00000000c00005a9                irq2
                0x00000000c00005b0                isr96
                0x00000000c00005b7                irq0
                0x00000000c00005bc                int_common_stub
                0x00000000c00005bc                syscall_common_stub
                0x00000000c00005ed                irq16
                0x00000000c00005f7                irq17
                0x00000000c0000601                irq18
                0x00000000c000060b                irq19
                0x00000000c0000615                irq20
                0x00000000c000061f                irq21
                0x00000000c0000629                irq22
                0x00000000c0000633                irq23
 *fill*         0x00000000c000063d        0x3 
 .text          0x00000000c0000640      0x611 acpica/utclib.32
                0x00000000c0000640                memcmp
                0x00000000c000067c                memmove
                0x00000000c0000744                memcpy
                0x00000000c0000778                memset
                0x00000000c0000794                strlen
                0x00000000c00007ac                strpbrk
                0x00000000c00007e8                strtok
                0x00000000c0000834                strcpy
                0x00000000c0000858                strncpy
                0x00000000c00008c0                strcmp
                0x00000000c0000900                strchr
                0x00000000c0000924                strncmp
                0x00000000c0000974                strcat
                0x00000000c00009a4                strncat
                0x00000000c00009e0                strstr
                0x00000000c0000a28                toupper
                0x00000000c0000a3c                tolower
                0x00000000c0000a50                simple_strtoul
 .text          0x00000000c0000c51      0xfbf core/malloc.32
                0x00000000c0000dbc                dlfree
                0x00000000c0001117                dlmalloc
                0x00000000c0001654                dlrealloc
                0x00000000c0001809                dlmemalign
                0x00000000c000192c                dlcalloc
                0x00000000c00019c6                dlcfree
                0x00000000c00019cb                dlindependent_calloc
                0x00000000c00019f0                dlindependent_comalloc
                0x00000000c0001a07                dlvalloc
                0x00000000c0001a32                dlpvalloc
                0x00000000c0001a68                dlmalloc_trim
                0x00000000c0001a75                dlmalloc_usable_size
                0x00000000c0001aa6                dlmallinfo
                0x00000000c0001b75                dlmalloc_stats
                0x00000000c0001b86                dlmallopt
 .text          0x00000000c0001c10        0x0 libk/string.32
 .text          0x00000000c0001c10       0x51 fs/fat/diskio.32
                0x00000000c0001c10                disk_status
                0x00000000c0001c13                disk_initialize
                0x00000000c0001c16                disk_read
                0x00000000c0001c2c                disk_write
                0x00000000c0001c42                disk_ioctl
 .text          0x00000000c0001c61     0x6833 fs/fat/ff.32
                0x00000000c0004f2f                f_mount
                0x00000000c0004f91                f_open
                0x00000000c00053cd                f_read
                0x00000000c000564d                f_write
                0x00000000c0005907                f_sync
                0x00000000c0005ae3                f_close
                0x00000000c0005b12                f_lseek
                0x00000000c0005fc9                f_opendir
                0x00000000c00060cb                f_closedir
                0x00000000c00060ed                f_readdir
                0x00000000c0006188                f_stat
                0x00000000c0006217                f_getfree
                0x00000000c00063e2                f_truncate
                0x00000000c00064da                f_unlink
                0x00000000c000665d                f_mkdir
                0x00000000c0006889                f_rename
                0x00000000c0006b7c                f_chmod
                0x00000000c0006c5a                f_utime
                0x00000000c0006d38                f_getlabel
                0x00000000c0006f26                f_setlabel
                0x00000000c0007193                f_forward
                0x00000000c0007371                f_mkfs
 .text          0x00000000c0008494       0x2d fs/fat/ffsystem.32
                0x00000000c0008494                ff_memalloc
                0x00000000c00084aa                ff_memfree
 .text          0x00000000c00084c1      0x253 fs/fat/ffunicode.32
                0x00000000c00084c1                ff_uni2oem
                0x00000000c0008551                ff_oem2uni
                0x00000000c00085bd                ff_wtoupper
 .text          0x00000000c0008714      0x8fb hal/libresample/samplerate.32
                0x00000000c0008758                src_delete
                0x00000000c0008794                src_process
                0x00000000c000894a                src_callback_read
                0x00000000c0008ac7                src_set_ratio
                0x00000000c0008b31                src_get_channels
                0x00000000c0008b53                src_reset
                0x00000000c0008b9f                src_new
                0x00000000c0008c2d                src_callback_new
                0x00000000c0008c8f                src_get_name
                0x00000000c0008cc6                src_get_description
                0x00000000c0008cfd                src_get_version
                0x00000000c0008d03                src_is_valid_ratio
                0x00000000c0008d57                src_error
                0x00000000c0008d65                src_strerror
                0x00000000c0008d78                src_simple
                0x00000000c0008dcb                src_short_to_float_array
                0x00000000c0008e30                src_float_to_short_array
                0x00000000c0008eef                src_int_to_float_array
                0x00000000c0008f52                src_float_to_int_array
 .text          0x00000000c000900f      0x8cb hal/libresample/src_linear.32
                0x00000000c0009835                linear_get_name
                0x00000000c0009844                linear_get_description
                0x00000000c0009853                linear_set_converter
 .text          0x00000000c00098da     0x447c hal/libresample/src_sinc.32
                0x00000000c000dc6d                sinc_get_name
                0x00000000c000dc80                sinc_get_description
                0x00000000c000dc93                sinc_set_converter
 .text          0x00000000c000dd56      0x77c hal/libresample/src_zoh.32
                0x00000000c000e42d                zoh_get_name
                0x00000000c000e43c                zoh_get_description
                0x00000000c000e44b                zoh_set_converter
 .text          0x00000000c000e4d2       0x23 compat/inlines.32
                0x00000000c000e4d2                CPU::current()
                0x00000000c000e4df                operator new(unsigned long)
 .text          0x00000000c000e4f5      0x111 compat/resolve.32
                0x00000000c000e4f5                Krnl::resolveCompatibilitySymbol(char*)
 .text          0x00000000c000e606      0xa17 core/computer.32
                0x00000000c000e606                Computer::close(int, int, void*)
                0x00000000c000e64a                Krnl::firstTask()
                0x00000000c000e73a                Computer::Computer()
                0x00000000c000e73a                Computer::Computer()
                0x00000000c000e896                Computer::setBootMessage(char const*)
                0x00000000c000e898                Computer::detectFeatures()
                0x00000000c000eaa2                Computer::displayFeatures()
                0x00000000c000ede8                Computer::rdmsr(unsigned int)
                0x00000000c000ee14                Computer::wrmsr(unsigned int, unsigned long long)
                0x00000000c000ee4c                Computer::nmiEnabled()
                0x00000000c000ee58                Computer::readCMOS(unsigned char)
                0x00000000c000ee72                Computer::enableNMI(bool)
                0x00000000c000ee8a                Computer::open(int, int, void*)
                0x00000000c000ef60                Computer::disableNMI()
                0x00000000c000ef6e                Computer::writeCMOS(unsigned char, unsigned char)
                0x00000000c000ef8c                Computer::handleNMI()
                0x00000000c000eff2                Computer::setDiskActivityLight(int, bool)
 *fill*         0x00000000c000f01d        0x1 
 .text          0x00000000c000f01e      0x1b7 core/gdt.32
                0x00000000c000f01e                GDTEntry::setBase(unsigned int)
                0x00000000c000f03a                GDTEntry::setLimit(unsigned int)
                0x00000000c000f058                GDT::GDT()
                0x00000000c000f058                GDT::GDT()
                0x00000000c000f06e                GDT::addEntry(GDTEntry)
                0x00000000c000f0aa                GDT::getNumberOfEntries()
                0x00000000c000f0b2                GDT::flush()
                0x00000000c000f0d4                GDT::setup()
 .text          0x00000000c000f1d5       0x62 core/idle.32
                0x00000000c000f1d5                idleFunction(void*)
 *fill*         0x00000000c000f237        0x1 
 .text          0x00000000c000f238      0x45f core/idt.32
                0x00000000c000f238                IDTEntry::IDTEntry(bool)
                0x00000000c000f238                IDTEntry::IDTEntry(bool)
                0x00000000c000f2a6                IDTEntry::setOffset(unsigned int)
                0x00000000c000f2ba                IDT::IDT()
                0x00000000c000f2ba                IDT::IDT()
                0x00000000c000f2bc                IDT::getPointerToInvalidOpcodeEntryForF00F()
                0x00000000c000f2c4                IDT::addEntry(IDTEntry, int)
                0x00000000c000f2de                IDT::addEntry(int, void (*)(), bool)
                0x00000000c000f316                IDT::flush()
                0x00000000c000f330                IDT::setup()
 .text          0x00000000c000f697      0x203 core/kheap.32
                0x00000000c000f697                sbrk
                0x00000000c000f7a5                mmap
                0x00000000c000f7bb                munmap
                0x00000000c000f7d1                liballoc_lock()
                0x00000000c000f7e2                liballoc_unlock()
                0x00000000c000f7f3                liballoc_alloc(int)
                0x00000000c000f80e                liballoc_free(void*, int)
                0x00000000c000f82c                realloc
                0x00000000c000f840                malloc
                0x00000000c000f850                free
                0x00000000c000f860                rfree
                0x00000000c000f870                calloc
 .text          0x00000000c000f89a      0x485 core/main.32
                0x00000000c000f89a                hwTextMode_loadInData(VgaText*)
                0x00000000c000f8e5                hwTextMode_loadInTitle(VgaText*, char*)
                0x00000000c000f963                hwTextMode_showCursor(VgaText*, bool)
                0x00000000c000f9c1                hwTextMode_update(VgaText*)
                0x00000000c000f9c2                hwTextMode_updateCursor(VgaText*)
                0x00000000c000fa13                hwTextMode_disableBlink(VgaText*, bool)
                0x00000000c000fa59                hwTextMode_scrollScreen(VgaText*)
                0x00000000c000fb06                hwTextMode_writeCharacter(VgaText*, char, VgaColour, VgaColour, int, int)
                0x00000000c000fb88                setupTextMode()
                0x00000000c000fbf8                kernel_main
 .text          0x00000000c000fd1f      0x5c8 core/physmgr.32
                0x00000000c000fd1f                Phys::allocateDMA(unsigned long)
                0x00000000c000fdc2                Phys::freeDMA(unsigned long, unsigned long)
                0x00000000c000fe0a                Phys::setPageState(unsigned long, bool)
                0x00000000c000fe3c                Phys::getPageState(unsigned long)
                0x00000000c000fe58                Phys::freePage(unsigned long)
                0x00000000c000fee2                Phys::allocatePage()
                0x00000000c0010025                Phys::allocateContiguousPages(int)
                0x00000000c001007f                Phys::allowSegmentToBeUsed(unsigned long, unsigned long)
                0x00000000c00100b7                Phys::physicalMemorySetup(unsigned int)
 *fill*         0x00000000c00102e7        0x1 
 .text          0x00000000c00102e8      0x273 core/pipe.32
                0x00000000c00102e8                Pipe::isAtty()
                0x00000000c00102ec                Pipe::~Pipe()
                0x00000000c00102ec                Pipe::~Pipe()
                0x00000000c0010310                Pipe::~Pipe()
                0x00000000c0010338                Pipe::read(unsigned long long, void*, int*)
                0x00000000c001042c                Pipe::write(unsigned long long, void*, int*)
                0x00000000c00104f4                Pipe::Pipe(int)
                0x00000000c00104f4                Pipe::Pipe(int)
 *fill*         0x00000000c001055b        0x1 
 .text          0x00000000c001055c      0xf73 core/terminal.32
                0x00000000c001055c                VgaText::isAtty()
                0x00000000c0010560                VgaText::~VgaText()
                0x00000000c0010560                VgaText::~VgaText()
                0x00000000c0010584                VgaText::~VgaText()
                0x00000000c00105ae                VgaText::read(unsigned long long, void*, int*)
                0x00000000c00105ce                setTerminalScrollLock(bool)
                0x00000000c00105cf                addToTerminalCycle(VgaText*)
                0x00000000c00105fc                installVgaTextImplementation()
                0x00000000c0010611                scrollTerminalScrollLock(int)
                0x00000000c0010612                VgaText::load()
                0x00000000c0010666                VgaText::updateCursor()
                0x00000000c0010680                VgaText::showCursor(bool)
                0x00000000c0010690                VgaText::disableBlink(bool)
                0x00000000c00106ca                VgaText::doANSI_SGR(int)
                0x00000000c0010756                VgaText::setDefaultBgColour(VgaColour)
                0x00000000c001076c                VgaText::setDefaultFgColour(VgaColour)
                0x00000000c0010782                VgaText::setDefaultColours(VgaColour, VgaColour)
                0x00000000c00107a2                VgaText::combineColours(unsigned char, unsigned char)
                0x00000000c00107b4                VgaText::scrollScreen()
                0x00000000c0010848                VgaText::combineCharAndColour(char, unsigned char)
                0x00000000c001085a                VgaText::writeCharacter(char, VgaColour, VgaColour, int, int)
                0x00000000c00108ba                VgaText::getCursorX()
                0x00000000c00108c6                VgaText::getCursorY()
                0x00000000c00108d2                VgaText::setCursor(int, int)
                0x00000000c00108f0                VgaText::setCursorX(int)
                0x00000000c001090c                VgaText::setCursorY(int)
                0x00000000c0010928                VgaText::incrementCursor(bool)
                0x00000000c0010990                VgaText::updateRAMUsageDisplay(int)
                0x00000000c00109f4                VgaText::updateDiskUsage()
                0x00000000c0010b5e                VgaText::updateTitle()
                0x00000000c0010ba4                VgaText::setTitleTextColour(VgaColour)
                0x00000000c0010bb4                VgaText::setTitleColour(VgaColour)
                0x00000000c0010bc4                VgaText::setTitle(char*)
                0x00000000c0010bea                VgaText::decrementCursor(bool)
                0x00000000c0010c12                VgaText::putchar(char, VgaColour, VgaColour)
                0x00000000c0010d0e                VgaText::isShowingCursor()
                0x00000000c0010d1a                VgaText::isBlinkDisabled()
                0x00000000c0010d28                VgaText::setCursorHeight(int)
                0x00000000c0010d46                VgaText::getCursorHeight()
                0x00000000c0010d51                setActiveTerminal(VgaText*)
                0x00000000c0010e03                doTerminalCycle()
                0x00000000c0010e20                VgaText::doUpdate()
                0x00000000c0010e32                VgaText::puts(char const*, VgaColour, VgaColour)
                0x00000000c0010ff2                VgaText::clearScreen()
                0x00000000c0011056                VgaText::putchar(char)
                0x00000000c0011170                VgaText::puts(char const*)
                0x00000000c0011196                VgaText::putx(unsigned int)
                0x00000000c00111dc                VgaText::VgaText(char const*)
                0x00000000c00111dc                VgaText::VgaText(char const*)
                0x00000000c001136e                VgaText::receiveKey(unsigned char)
                0x00000000c0011456                VgaText::write(unsigned long long, void*, int*)
                0x00000000c00114aa                newTerminal(char*)
 *fill*         0x00000000c00114cf        0x1 
 .text          0x00000000c00114d0      0x1b3 core/tss.32
                0x00000000c00114d0                TSS::TSS()
                0x00000000c00114d0                TSS::TSS()
                0x00000000c00114de                TSS::setESP(unsigned long)
                0x00000000c00114f0                TSS::flush()
                0x00000000c0011510                TSS::setup(unsigned long, unsigned long)
 *fill*         0x00000000c0011683        0x1 
 .text          0x00000000c0011684      0x4c2 core/unixfile.32
                0x00000000c0011684                ReservedFilename::read(unsigned long long, void*, int*)
                0x00000000c00116da                ReservedFilename::isAtty()
                0x00000000c00116f6                ReservedFilename::write(unsigned long long, void*, int*)
                0x00000000c0011754                UnixFile::getFileDescriptor()
                0x00000000c001175c                UnixFile::UnixFile(int)
                0x00000000c001175c                UnixFile::UnixFile(int)
                0x00000000c001190c                ReservedFilename::ReservedFilename(int)
                0x00000000c001190c                ReservedFilename::ReservedFilename(int)
                0x00000000c001193e                UnixFile::~UnixFile()
                0x00000000c001193e                UnixFile::~UnixFile()
                0x00000000c00119d6                UnixFile::~UnixFile()
                0x00000000c00119fe                ReservedFilename::~ReservedFilename()
                0x00000000c00119fe                ReservedFilename::~ReservedFilename()
                0x00000000c0011a22                ReservedFilename::~ReservedFilename()
                0x00000000c0011a49                getFromFileDescriptor(int)
 .text          0x00000000c0011b46     0x1252 core/virtmgr.32
                0x00000000c0011b46                Virt::setPageState(unsigned long, Virt::VirtPageState)
                0x00000000c0011b7b                Virt::getPageState(unsigned long)
                0x00000000c0011b9f                Virt::allocateKernelVirtualPages(int)
                0x00000000c0011cb0                Virt::freeSwapfilePage(unsigned long)
                0x00000000c0011cce                Virt::swapIDToSector(unsigned long)
                0x00000000c0011ce0                Virt::allocateSwapfilePage()
                0x00000000c0011d5e                Virt::virtualMemorySetup()
                0x00000000c0011ddd                Virt::swappingSetup()
                0x00000000c0011e3a                Virt::getAKernelVAS()
                0x00000000c0011e40                Virt::setupPageSwapping(int)
                0x00000000c0011f70                VAS::VAS()
                0x00000000c0011f70                VAS::VAS()
                0x00000000c0011fa0                VAS::VAS(VAS*)
                0x00000000c0011fa0                VAS::VAS(VAS*)
                0x00000000c0011fc4                VAS::getForeignPageTableEntry(bool, unsigned long)
                0x00000000c0011ff0                VAS::getPageTableEntry(unsigned long)
                0x00000000c001200f                Virt::freeKernelVirtualPages(unsigned long)
                0x00000000c0012132                VAS::freeAllocatedPages(unsigned long)
                0x00000000c0012156                VAS::virtualToPhysical(unsigned long)
                0x00000000c001216e                VAS::reflagRange(unsigned long, int, int, int)
                0x00000000c00121ae                VAS::setToWriteCombining(unsigned long, int)
                0x00000000c00121e0                VAS::mapOtherVASIn(bool, VAS*)
                0x00000000c001220a                VAS::~VAS()
                0x00000000c001220a                VAS::~VAS()
                0x00000000c0012376                VAS::mapPage(unsigned long, unsigned long, int)
                0x00000000c0012476                VAS::allocatePages(int, int)
                0x00000000c001264e                VAS::setCPUSpecific(unsigned long)
                0x00000000c001266a                VAS::mapRange(unsigned long, unsigned long, int, int)
                0x00000000c0012730                VAS::mapForeignPage(bool, VAS*, unsigned long, unsigned long, int)
                0x00000000c001281e                VAS::VAS(bool)
                0x00000000c001281e                VAS::VAS(bool)
                0x00000000c0012a7a                VAS::evict(unsigned long)
                0x00000000c0012b18                VAS::tryLoadBackOffDisk(unsigned long)
                0x00000000c0012c26                VAS::scanForEviction(int, int)
                0x00000000c0012cdc                mapVASFirstTime
 .text          0x00000000c0012d98       0x95 coreobjs/c++.32
                0x00000000c0012d98                __cxa_atexit
                0x00000000c0012d9b                __cxa_finalize
                0x00000000c0012d9c                __stack_chk_fail
                0x00000000c0012e08                __cxa_pure_virtual
                0x00000000c0012e19                operator new[](unsigned long)
                0x00000000c0012e1e                operator delete(void*, unsigned long)
                0x00000000c0012e23                operator delete[](void*)
                0x00000000c0012e28                operator delete[](void*, unsigned long)
 .text          0x00000000c0012e2d      0x1ef dbg/kconsole.32
                0x00000000c0012e2d                Dbg::stringifyxWithBase(unsigned int, char*, int)
                0x00000000c0012e8e                Dbg::logc(char)
                0x00000000c0012ea5                Dbg::logs(char*)
                0x00000000c0012ec2                Dbg::logWriteInt(unsigned int)
                0x00000000c0012edf                Dbg::logWriteIntBase(unsigned int, int)
                0x00000000c0012efe                Dbg::kprintf(char const*, ...)
 .text          0x00000000c001301c      0xb7c fs/vfs.32
                0x00000000c001301c                File::read(unsigned long long, void*, int*)
                0x00000000c0013074                File::write(unsigned long long, void*, int*)
                0x00000000c00130cc                Directory::read(unsigned long long, void*, int*)
                0x00000000c0013124                Directory::write(unsigned long long, void*, int*)
                0x00000000c0013152                File::isAtty()
                0x00000000c0013156                Directory::isAtty()
                0x00000000c001315a                Filesystem::getlabel(LogicalDisk*, int, char*, unsigned int*)
                0x00000000c0013160                Filesystem::setlabel(LogicalDisk*, int, char*)
                0x00000000c0013166                File::~File()
                0x00000000c0013166                File::~File()
                0x00000000c001318a                File::~File()
                0x00000000c00131b4                Directory::~Directory()
                0x00000000c00131b4                Directory::~Directory()
                0x00000000c00131d8                Directory::~Directory()
                0x00000000c0013202                Filesystem::Filesystem()
                0x00000000c0013202                Filesystem::Filesystem()
                0x00000000c0013226                Filesystem::~Filesystem()
                0x00000000c0013226                Filesystem::~Filesystem()
                0x00000000c0013234                Filesystem::~Filesystem()
                0x00000000c0013258                Fs::getcwd(Process*, char*, int)
                0x00000000c0013282                Fs::initVFS()
                0x00000000c00132ac                Fs::standardiseFiles(char*, char const*, char const*)
                0x00000000c0013456                File::File(char const*, Process*)
                0x00000000c0013456                File::File(char const*, Process*)
                0x00000000c00134ba                File::open(FileOpenMode)
                0x00000000c0013518                File::close()
                0x00000000c0013578                File::seek(unsigned long long)
                0x00000000c00135ce                File::tell(unsigned long long*)
                0x00000000c001361e                File::rewind()
                0x00000000c0013632                File::unlink()
                0x00000000c001367e                File::rename(char const*)
                0x00000000c00136cc                File::chfatattr(unsigned char, unsigned char)
                0x00000000c0013728                File::exists()
                0x00000000c0013766                File::stat(unsigned long long*, bool*)
                0x00000000c00137c7                Fs::setcwd(Process*, char*)
                0x00000000c0013902                Directory::Directory(char const*, Process*)
                0x00000000c0013902                Directory::Directory(char const*, Process*)
                0x00000000c0013966                Directory::open()
                0x00000000c00139c2                Directory::close()
                0x00000000c0013a22                Directory::unlink()
                0x00000000c0013a6e                Directory::rename(char const*)
                0x00000000c0013abc                Directory::exists()
                0x00000000c0013afa                Directory::read(dirent*)
                0x00000000c0013b46                Directory::create()
                0x00000000c0013b92                Filesystem::chfatattr(char const*, unsigned char, unsigned char)
 .text          0x00000000c0013b98       0x84 hal/bus.32
                0x00000000c0013b98                Bus::Bus(char const*)
                0x00000000c0013b98                Bus::Bus(char const*)
                0x00000000c0013bce                Bus::~Bus()
                0x00000000c0013bce                Bus::~Bus()
                0x00000000c0013bf2                Bus::~Bus()
 .text          0x00000000c0013c1c      0x14e hal/buzzer.32
                0x00000000c0013c1c                Buzzer::Buzzer(char const*)
                0x00000000c0013c1c                Buzzer::Buzzer(char const*)
                0x00000000c0013c60                Buzzer::~Buzzer()
                0x00000000c0013c60                Buzzer::~Buzzer()
                0x00000000c0013c84                Buzzer::~Buzzer()
                0x00000000c0013cae                Buzzer::stop()
                0x00000000c0013cc1                beepThread(void*)
                0x00000000c0013cfc                Buzzer::beep(int, int, bool)
 .text          0x00000000c0013d6a      0x467 hal/clock.32
                0x00000000c0013d6a                User::loadClockSettings(int)
                0x00000000c0013dbc                Clock::Clock(char const*)
                0x00000000c0013dbc                Clock::Clock(char const*)
                0x00000000c0013df2                Clock::~Clock()
                0x00000000c0013df2                Clock::~Clock()
                0x00000000c0013e16                Clock::~Clock()
                0x00000000c0013e40                Clock::timeInSecondsLocal()
                0x00000000c0013e88                Clock::setTimeInSecondsLocal(unsigned long long)
                0x00000000c0013ee1                datetimeToSeconds(datetime_t)
                0x00000000c0014008                Clock::setTimeInDatetimeLocal(datetime_t)
                0x00000000c0014068                secondsToDatetime(unsigned long long)
                0x00000000c00141ac                Clock::timeInDatetimeLocal()
 *fill*         0x00000000c00141d1        0x1 
 .text          0x00000000c00141d2      0x4de hal/device.32
                0x00000000c00141d2                Device::hibernate()
                0x00000000c00141d4                Device::wake()
                0x00000000c00141d6                Device::detect()
                0x00000000c00141d8                Device::disableLegacy()
                0x00000000c00141da                Device::powerSaving(PowerSavingLevel)
                0x00000000c00141dc                DriverlessDevice::close(int, int, void*)
                0x00000000c00141e0                DriverlessDevice::detect()
                0x00000000c00141e2                DriverlessDevice::open(int, int, void*)
                0x00000000c00141f6                Device::~Device()
                0x00000000c00141f6                Device::~Device()
                0x00000000c0014204                Device::~Device()
                0x00000000c001422c                Device::findAndLoadDriver()
                0x00000000c001422e                Device::preOpenPCI(PCIDeviceInfo)
                0x00000000c0014254                Device::preOpenACPI(void*, char*, char*)
                0x00000000c00142a8                Device::addIRQHandler(int, void (*)(regs*, void*), bool, void*)
                0x00000000c00142e6                Device::removeIRQHandler(int, void (*)(regs*, void*), bool)
                0x00000000c0014324                Device::addChild(Device*)
                0x00000000c0014368                Device::removeAllChildren()
                0x00000000c00143ae                Device::hibernateAll()
                0x00000000c00143de                Device::wakeAll()
                0x00000000c001440e                Device::detectAll()
                0x00000000c001443e                Device::disableLegacyAll()
                0x00000000c001446e                Device::loadDriversForAll()
                0x00000000c001449a                Device::closeAll()
                0x00000000c00144d0                Device::powerSavingAll(PowerSavingLevel)
                0x00000000c0014506                Device::setName(char const*)
                0x00000000c0014514                Device::Device(char const*)
                0x00000000c0014514                Device::Device(char const*)
                0x00000000c0014610                Device::getName()
                0x00000000c001461a                DriverlessDevice::DriverlessDevice(char const*)
                0x00000000c001461a                DriverlessDevice::DriverlessDevice(char const*)
                0x00000000c0014642                Device::addToLinkedList(LinkedList<Device>&, DeviceType)
                0x00000000c0014686                getDevicesOfType(DeviceType)
 .text          0x00000000c00146b0       0x84 hal/diskctrl.32
                0x00000000c00146b0                HardDiskController::HardDiskController(char const*)
                0x00000000c00146b0                HardDiskController::HardDiskController(char const*)
                0x00000000c00146e6                HardDiskController::~HardDiskController()
                0x00000000c00146e6                HardDiskController::~HardDiskController()
                0x00000000c001470a                HardDiskController::~HardDiskController()
 .text          0x00000000c0014734       0xf2 hal/diskphys.32
                0x00000000c0014734                PhysicalDisk::eject()
                0x00000000c0014748                PhysicalDisk::PhysicalDisk(char const*, int)
                0x00000000c0014748                PhysicalDisk::PhysicalDisk(char const*, int)
                0x00000000c00147b0                PhysicalDisk::startCache()
                0x00000000c00147d8                PhysicalDisk::~PhysicalDisk()
                0x00000000c00147d8                PhysicalDisk::~PhysicalDisk()
                0x00000000c00147fc                PhysicalDisk::~PhysicalDisk()
 .text          0x00000000c0014826      0x13b hal/fpu.32
                0x00000000c0014826                FPU::FPU(char const*)
                0x00000000c0014826                FPU::FPU(char const*)
                0x00000000c001485c                FPU::~FPU()
                0x00000000c001485c                FPU::~FPU()
                0x00000000c0014880                FPU::~FPU()
                0x00000000c00148aa                setupFPU()
 *fill*         0x00000000c0014961        0x1 
 .text          0x00000000c0014962     0x13b7 hal/intctrl.32
                0x00000000c0014962                InterruptController::uninstallISRHandler(int, void (*)(regs*, void*))
                0x00000000c001499a                InterruptController::installISRHandler(int, void (*)(regs*, void*), void*)
                0x00000000c00149ec                doubleFault(regs*, void*)
                0x00000000c0014a06                InterruptController::installIRQHandler(int, void (*)(regs*, void*), bool, void*)
                0x00000000c0014aa2                InterruptController::clearAllHandlers(int, bool)
                0x00000000c0014b4a                InterruptController::uninstallIRQHandler(int, void (*)(regs*, void*), bool)
                0x00000000c0014bd1                nmiHandler(regs*, void*)
                0x00000000c0014bdf                int_handler
                0x00000000c0014c80                InterruptController::InterruptController(char const*)
                0x00000000c0014c80                InterruptController::InterruptController(char const*)
                0x00000000c0014d26                InterruptController::~InterruptController()
                0x00000000c0014d26                InterruptController::~InterruptController()
                0x00000000c0014d4a                InterruptController::~InterruptController()
                0x00000000c0014d74                displayDebugInfo(regs*)
                0x00000000c0015203                x87EmulHandler(regs*, void*)
                0x00000000c0015232                gpFault(regs*, void*)
                0x00000000c001526b                pgFault(regs*, void*)
                0x00000000c00152b7                otherISRHandler(regs*, void*)
                0x00000000c00152d6                opcodeFault(regs*, void*)
                0x00000000c00158dc                displayProgramFault(char const*)
                0x00000000c0015904                setupInterruptController()
                0x00000000c0015ccc                InterruptController::convertLegacyIRQNumber(int)
 *fill*         0x00000000c0015d19        0x1 
 .text          0x00000000c0015d1a      0x6c8 hal/keybrd.32
                0x00000000c0015d1a                startGUI(void*)
                0x00000000c0015d76                startGUIVESA(void*)
                0x00000000c0015dd2                sendKeyToTerminal(unsigned char)
                0x00000000c0015e3e                sendKeyboardToken(KeyboardToken)
                0x00000000c001627b                clearInternalKeybuffer(VgaText*)
                0x00000000c00162b0                readKeyboard(VgaText*, char*, unsigned long)
                0x00000000c0016358                Keyboard::Keyboard(char const*)
                0x00000000c0016358                Keyboard::Keyboard(char const*)
                0x00000000c0016394                Keyboard::~Keyboard()
                0x00000000c0016394                Keyboard::~Keyboard()
                0x00000000c00163b8                Keyboard::~Keyboard()
 .text          0x00000000c00163e2      0x414 hal/logidisk.32
                0x00000000c00163e2                LogicalDisk::close(int, int, void*)
                0x00000000c00163e6                LogicalDisk::~LogicalDisk()
                0x00000000c00163e6                LogicalDisk::~LogicalDisk()
                0x00000000c001640a                LogicalDisk::~LogicalDisk()
                0x00000000c0016434                LogicalDisk::open(int, int, void*)
                0x00000000c0016448                LogicalDisk::absoluteToRelative(unsigned long long)
                0x00000000c0016480                LogicalDisk::relativeToAbsolute(unsigned long long)
                0x00000000c00164c6                LogicalDisk::LogicalDisk(char const*, PhysicalDisk*, unsigned long long, unsigned long long)
                0x00000000c00164c6                LogicalDisk::LogicalDisk(char const*, PhysicalDisk*, unsigned long long, unsigned long long)
                0x00000000c001657c                LogicalDisk::assignDriveLetter()
                0x00000000c0016632                LogicalDisk::mount()
                0x00000000c00166a4                LogicalDisk::unmount()
                0x00000000c00166b4                LogicalDisk::eject()
                0x00000000c00166c8                LogicalDisk::unassignDriveLetter()
                0x00000000c001671e                LogicalDisk::read(unsigned long long, int, void*)
                0x00000000c001678a                LogicalDisk::write(unsigned long long, int, void*)
 .text          0x00000000c00167f6       0x84 hal/mouse.32
                0x00000000c00167f6                Mouse::Mouse(char const*)
                0x00000000c00167f6                Mouse::Mouse(char const*)
                0x00000000c001682c                Mouse::~Mouse()
                0x00000000c001682c                Mouse::~Mouse()
                0x00000000c0016850                Mouse::~Mouse()
 .text          0x00000000c001687a      0x34d hal/partition.32
                0x00000000c001687a                makePartition(PhysicalDisk*, unsigned long long, unsigned long long)
                0x00000000c0016936                createPartitionsForDisk(PhysicalDisk*)
 *fill*         0x00000000c0016bc7        0x1 
 .text          0x00000000c0016bc8       0x84 hal/serial.32
                0x00000000c0016bc8                Serial::Serial(char const*)
                0x00000000c0016bc8                Serial::Serial(char const*)
                0x00000000c0016bfe                Serial::~Serial()
                0x00000000c0016bfe                Serial::~Serial()
                0x00000000c0016c22                Serial::~Serial()
 .text          0x00000000c0016c4c      0x2b8 hal/timer.32
                0x00000000c0016c4c                Timer::Timer(char const*)
                0x00000000c0016c4c                Timer::Timer(char const*)
                0x00000000c0016c82                Timer::~Timer()
                0x00000000c0016c82                Timer::~Timer()
                0x00000000c0016ca6                Timer::~Timer()
                0x00000000c0016cd0                Timer::read()
                0x00000000c0016cdb                timerHandler(unsigned long long)
                0x00000000c0016e12                setupTimer(int)
 .text          0x00000000c0016f04      0x425 hal/vcache.32
                0x00000000c0016f04                VCache::VCache(PhysicalDisk*)
                0x00000000c0016f04                VCache::VCache(PhysicalDisk*)
                0x00000000c001706c                VCache::invalidateReadBuffer()
                0x00000000c001707c                VCache::writeWriteBuffer()
                0x00000000c00170b8                VCache::~VCache()
                0x00000000c00170b8                VCache::~VCache()
                0x00000000c001710c                VCache::~VCache()
                0x00000000c0017134                VCache::write(unsigned long long, int, void*)
                0x00000000c001722a                VCache::read(unsigned long long, int, void*)
 *fill*         0x00000000c0017329        0x1 
 .text          0x00000000c001732a      0x4cd hal/video.32
                0x00000000c001732a                Video::putrect(int, int, int, int, unsigned int)
                0x00000000c0017376                Video::bitblit(int, int, int, int, int, int, int, unsigned int*)
                0x00000000c00173e6                Video::blit(unsigned int*, int, int, int, int)
                0x00000000c0017464                Video::clearScreen(unsigned int)
                0x00000000c0017498                Video::putpixel(int, int, unsigned int)
                0x00000000c00174a6                Video::Video(char const*)
                0x00000000c00174a6                Video::Video(char const*)
                0x00000000c00174dc                Video::~Video()
                0x00000000c00174dc                Video::~Video()
                0x00000000c0017500                Video::~Video()
                0x00000000c001752a                Video::isMonochrome()
                0x00000000c0017536                Video::getWidth()
                0x00000000c0017542                Video::getHeight()
                0x00000000c001754e                Video::drawCursor(int, int, unsigned char*, int)
                0x00000000c001760a                Video::tgaParse(unsigned char*, int, int*, int*)
                0x00000000c001778c                Video::putTGA(int, int, unsigned char*, int)
 *fill*         0x00000000c00177f7        0x1 
 .text          0x00000000c00177f8      0xf64 hw/acpi.32
                0x00000000c00177f8                ACPI::close(int, int, void*)
                0x00000000c00178ad                findRSDP()
                0x00000000c0017937                loadACPITables(unsigned char*)
                0x00000000c0017b5e                findRSDT(unsigned char*)
                0x00000000c0017c7c                findDataTable(unsigned char*, char*)
                0x00000000c0017d18                scanMADT()
                0x00000000c001819e                ACPI::ACPI()
                0x00000000c001819e                ACPI::ACPI()
                0x00000000c0018208                ACPI::getPCIIRQAssignment(unsigned char, unsigned short, unsigned char)
                0x00000000c00182ea                ACPI::registerPCIIRQAssignment(void*, unsigned short, unsigned char, unsigned char)
                0x00000000c00183b0                ACPI::setScreenBrightnessLevel(void*, int)
                0x00000000c00183b6                ACPI::writeSimpleBootFlag(SimpleBootFlagTable*)
                0x00000000c00183fe                ACPI::open(int, int, void*)
                0x00000000c0018744                ACPI::sleep()
 .text          0x00000000c001875c     0x1715 hw/cpu.32
                0x00000000c001875c                CPU::close(int, int, void*)
                0x00000000c0018760                CPU::lookupAMDName(unsigned char, unsigned char)
                0x00000000c00188f4                CPU::lookupIntelName(unsigned char, unsigned char)
                0x00000000c0018ba2                CPU::AMD_K6_write_msr(unsigned int, unsigned int, unsigned int, CPU::REGS*)
                0x00000000c0018bbe                CPU::AMD_K6_read_msr(unsigned int, CPU::REGS*)
                0x00000000c0018bd6                CPU::AMD_K6_writeback(int, int, int)
                0x00000000c0018c4a                CPU::cpuid(int, unsigned long*, unsigned long*, unsigned long*, unsigned long*)
                0x00000000c0018cce                CPU::cpuidCheckEDX(unsigned int)
                0x00000000c0018cfc                CPU::cpuidCheckECX(unsigned int)
                0x00000000c0018d2a                CPU::cpuidCheckExtendedEBX(unsigned int)
                0x00000000c0018d58                CPU::cpuidCheckExtendedECX(unsigned int)
                0x00000000c0018d86                CPU::CPU()
                0x00000000c0018d86                CPU::CPU()
                0x00000000c0018e14                CPU::displayFeatures()
                0x00000000c0019090                CPU::detectFeatures()
                0x00000000c0019a80                CPU::setupSMEP()
                0x00000000c0019a8c                CPU::setupUMIP()
                0x00000000c0019a96                CPU::setupTSC()
                0x00000000c0019aa0                CPU::setupLargePages()
                0x00000000c0019aaa                CPU::setupPAT()
                0x00000000c0019ae6                CPU::setupMTRR()
                0x00000000c0019ae8                CPU::setupGlobalPages()
                0x00000000c0019af2                CPU::allowUsermodeDataAccess()
                0x00000000c0019b04                CPU::prohibitUsermodeDataAccess()
                0x00000000c0019b16                CPU::setupSMAP()
                0x00000000c0019b24                CPU::setupFeatures()
                0x00000000c0019ba4                CPU::open(int, int, void*)
                0x00000000c0019c76                CPU::decodeAddress(regs*, int*, bool*, unsigned char*)
 .text          0x00000000c0019e71        0x0 hw/ports.32
 .text          0x00000000c0019e71      0x16a hw/smp.32
                0x00000000c0019e71                Krnl::smpEntry()
                0x00000000c0019e73                Krnl::startCPU(int)
                0x00000000c0019fbc                Krnl::startCPUs()
 *fill*         0x00000000c0019fdb        0x1 
 .text          0x00000000c0019fdc      0x5d3 krnl/env.32
                0x00000000c0019fdc                EnvVarContainer::getEnv(char const*)
                0x00000000c001a01a                EnvVarContainer::setEnv(char const*, char const*)
                0x00000000c001a0e6                EnvVarContainer::deleteEnv(char const*)
                0x00000000c001a0e8                EnvVarContainer::loadFrom(char const*, char const*)
                0x00000000c001a2de                EnvVarContainer::__loadSystem()
                0x00000000c001a2f8                EnvVarContainer::__loadUser()
                0x00000000c001a2fa                EnvVarContainer::EnvVarContainer(Process*)
                0x00000000c001a2fa                EnvVarContainer::EnvVarContainer(Process*)
                0x00000000c001a31c                EnvVarContainer::~EnvVarContainer()
                0x00000000c001a31c                EnvVarContainer::~EnvVarContainer()
                0x00000000c001a34c                Krnl::getEnv(Process*, char const*)
                0x00000000c001a3b1                Krnl::setEnvSystem(char const*, char const*)
                0x00000000c001a3cb                Krnl::setEnvUser(char const*, char const*)
                0x00000000c001a3ea                Krnl::setEnvProcess(Process*, char const*, char const*)
                0x00000000c001a3fd                Krnl::deleteEnvSystem(char const*)
                0x00000000c001a3fe                Krnl::deleteEnvUser(char const*)
                0x00000000c001a3ff                Krnl::deleteEnvProcess(Process*, char const*)
                0x00000000c001a400                Krnl::newProcessEnv(Process*)
                0x00000000c001a422                Krnl::copyProcessEnv(Process*, Process*)
                0x00000000c001a476                Krnl::loadSystemEnv()
                0x00000000c001a4a4                Krnl::loadUserEnv()
                0x00000000c001a4ca                Krnl::flushEnv()
                0x00000000c001a4cb                Krnl::getProcessTotalEnvCount(Process*)
                0x00000000c001a4eb                Krnl::getProcessEnvPair(Process*, int)
 .text          0x00000000c001a5af      0x396 krnl/panic.32
                0x00000000c001a5af                Krnl::panic(char const*)
 .text          0x00000000c001a945      0x3b6 net/ethernet.32
                0x00000000c001a945                Net::switchEndian16(unsigned short)
                0x00000000c001a966                Net::switchEndian32(unsigned int)
                0x00000000c001a995                Net::crc32Calc(unsigned char*, int)
                0x00000000c001aa26                Net::wrapEthernetFrame(Net::UnwrappedEthernetFrame, unsigned char*)
                0x00000000c001ab62                Net::unwrapEthernetFrame(unsigned char*, int)
 .text          0x00000000c001acfb      0x513 reg/registry.32
                0x00000000c001acfb                Reg::findLineFromLoadedData(char*, char*, char*)
                0x00000000c001ae53                Reg::getLineFromRegistry(char*, char*, char*, char*)
                0x00000000c001afa8                Reg::getLine(char*, char*, char*)
                0x00000000c001afdf                Reg::readInt(char*, char*, int*)
                0x00000000c001b0ca                Reg::readString(char*, char*, char*, int)
                0x00000000c001b14b                Reg::readBool(char*, char*, bool*)
                0x00000000c001b170                Reg::readBoolWithDefault(char*, char*, bool)
                0x00000000c001b19c                Reg::readIntWithDefault(char*, char*, int)
                0x00000000c001b1c8                Reg::readStringWithDefault(char*, char*, char*, int, char*)
 .text          0x00000000c001b20e       0x36 sys/sc_eject.32
                0x00000000c001b20e                Sys::eject(regs*)
 .text          0x00000000c001b244       0x18 sys/sc_exit.32
                0x00000000c001b244                Sys::exit(regs*)
 .text          0x00000000c001b25c       0x1f sys/sc_getcwd.32
                0x00000000c001b25c                Sys::getCwd(regs*)
 .text          0x00000000c001b27b        0xc sys/sc_getpid.32
                0x00000000c001b27b                Sys::getPID(regs*)
 .text          0x00000000c001b287       0x17 sys/sc_getramdata.32
                0x00000000c001b287                Sys::getRAMData(regs*)
 .text          0x00000000c001b29e       0xa8 sys/sc_loaddll.32
                0x00000000c001b29e                Sys::loadDLL(regs*)
 .text          0x00000000c001b346       0x68 sys/sc_read.32
                0x00000000c001b346                Sys::read(regs*)
 .text          0x00000000c001b3ae       0x55 sys/sc_sbrk.32
                0x00000000c001b3ae                Sys::sbrk(regs*)
 .text          0x00000000c001b403       0x1c sys/sc_setcwd.32
                0x00000000c001b403                Sys::setCwd(regs*)
 .text          0x00000000c001b41f      0x128 sys/sc_settime.32
                0x00000000c001b41f                Sys::setTime(regs*)
 .text          0x00000000c001b547       0x4a sys/sc_timezone.32
                0x00000000c001b547                Sys::timezone(regs*)
 .text          0x00000000c001b591       0x68 sys/sc_write.32
                0x00000000c001b591                Sys::write(regs*)
 .text          0x00000000c001b5f9       0x62 sys/sc_wsbe.32
                0x00000000c001b5f9                Sys::wsbe(regs*)
 .text          0x00000000c001b65b       0x3b sys/sc_yield.32
                0x00000000c001b65b                Sys::yield(regs*)
 .text          0x00000000c001b696     0x10e5 sys/syscalls.32
                0x00000000c001b696                sysCallSeekDir(regs*)
                0x00000000c001b69b                sysCallTellDir(regs*)
                0x00000000c001b6a0                sysCallVerify(regs*)
                0x00000000c001b6aa                sysFormatDisk(regs*)
                0x00000000c001b714                sysSetDiskVolumeLabel(regs*)
                0x00000000c001b75a                sysGetDiskVolumeLabel(regs*)
                0x00000000c001b7ab                sysShutdown(regs*)
                0x00000000c001b809                sysCallRealpath(regs*)
                0x00000000c001b84c                sysCallGetArgc(regs*)
                0x00000000c001b87a                sysCallReadDir(regs*)
                0x00000000c001b908                sysCallIsATTY(regs*)
                0x00000000c001b962                sysCallSeek(regs*)
                0x00000000c001b9cb                sysCallTell(regs*)
                0x00000000c001ba48                sysCallSize(regs*)
                0x00000000c001bacb                sysCallSizeFromFilename(regs*)
                0x00000000c001bb8b                sysCallClose(regs*)
                0x00000000c001bc13                sysCallOpenDir(regs*)
                0x00000000c001bc88                sysCallCloseDir(regs*)
                0x00000000c001bcee                sysCallMakeDir(regs*)
                0x00000000c001bd5e                sysCallWait(regs*)
                0x00000000c001bd78                sysCallNotImpl(regs*)
                0x00000000c001bd93                sysPanic(regs*)
                0x00000000c001bdb9                sysCallRmdir(regs*)
                0x00000000c001be1d                sysCallUnlink(regs*)
                0x00000000c001be81                sysCallGetArgv(regs*)
                0x00000000c001becd                sysCallTTYName(regs*)
                0x00000000c001bf50                sysCallUSleep(regs*)
                0x00000000c001bf77                sysCallSpawn(regs*)
                0x00000000c001bfcf                sysCallGetEnv(regs*)
                0x00000000c001c107                sysAppSettings(regs*)
                0x00000000c001c226                sysSetFatAttrib(regs*)
                0x00000000c001c298                sysPipe(regs*)
                0x00000000c001c2dd                sysGetUnixTime(regs*)
                0x00000000c001c2f1                string_ends_with(char const*, char const*)
                0x00000000c001c339                sysCallOpen(regs*)
                0x00000000c001c54e                Sys::loadSyscalls()
                0x00000000c001c739                Sys::systemCall(regs*, void*)
 .text          0x00000000c001c77b     0x11d4 thr/elf.32
                0x00000000c001c77b                Thr::allocateMemoryForTask(Process*, File*, unsigned long, unsigned long, unsigned long)
                0x00000000c001ca0d                Thr::loadProgramIntoMemory(Process*, char const*)
                0x00000000c001cc23                Thr::runtimeReferenceHelper()
                0x00000000c001cc36                Thr::getAddressOfKernelSymbol(char const*)
                0x00000000c001cc85                Thr::loadKernelSymbolTable(char const*)
                0x00000000c001cf43                Thr::loadDriverIntoMemory(char const*, unsigned long, bool)
                0x00000000c001d65f                Thr::getDriverBaseFromAddress(unsigned long)
                0x00000000c001d691                Thr::getDriverNameFromAddress(unsigned long)
                0x00000000c001d6c8                Thr::getDriverOffsetFromAddress(unsigned long)
                0x00000000c001d6e2                Thr::loadDLL(char const*, bool)
                0x00000000c001d916                Thr::executeDLL(unsigned long, void*)
 *fill*         0x00000000c001d94f        0x1 
 .text          0x00000000c001d950     0x1056 thr/prcssthr.32
                0x00000000c001d950                changeTSS
                0x00000000c001d980                Process::addArgs(char**)
                0x00000000c001d9da                Process::Process(char const*, Process*, char**)
                0x00000000c001d9da                Process::Process(char const*, Process*, char**)
                0x00000000c001dbbe                Process::Process(bool, char const*, Process*, char**)
                0x00000000c001dbbe                Process::Process(bool, char const*, Process*, char**)
                0x00000000c001dd6d                disableIRQs()
                0x00000000c001dd75                getIRQNestingLevel()
                0x00000000c001dd7b                enableIRQs()
                0x00000000c001dd8a                lockScheduler()
                0x00000000c001dd8c                unlockScheduler()
                0x00000000c001dd8e                userModeEntryPoint(void*)
                0x00000000c001ddb1                lockStuff()
                0x00000000c001ddbd                taskStartupFunction
                0x00000000c001ddc6                updateTimeUsed()
                0x00000000c001de2b                switchToThread(ThreadControlBlock*)
                0x00000000c001de7c                Semaphore::Semaphore(int)
                0x00000000c001de7c                Semaphore::Semaphore(int)
                0x00000000c001deaa                Mutex::Mutex()
                0x00000000c001deaa                Mutex::Mutex()
                0x00000000c001debc                Process::createThread(void (*)(void*), void*, int)
                0x00000000c001dfa0                Process::createUserThread()
                0x00000000c001dfbc                setupMultitasking(void (*)())
                0x00000000c001e0c6                schedule()
                0x00000000c001e14b                unlockStuff()
                0x00000000c001e180                Semaphore::tryAcquire()
                0x00000000c001e1ae                Semaphore::assertLocked(char const*)
                0x00000000c001e1de                blockTaskWithSchedulerLockAlreadyHeld(TaskState)
                0x00000000c001e220                blockTask(TaskState)
                0x00000000c001e241                waitTask(int, int*, int)
                0x00000000c001e283                nanoSleepUntil(unsigned long long)
                0x00000000c001e2da                nanoSleep(unsigned long long)
                0x00000000c001e2ef                sleep(unsigned long long)
                0x00000000c001e30c                Semaphore::acquire()
                0x00000000c001e374                taskReturned
                0x00000000c001e3a2                unblockTask(ThreadControlBlock*)
                0x00000000c001e451                cleanupTerminatedTask(ThreadControlBlock*)
                0x00000000c001e71a                cleanerTaskFunction(void*)
                0x00000000c001e7cd                terminateTask(int)
                0x00000000c001e8ad                Thr::terminateFromIRQ(int)
                0x00000000c001e8ba                Semaphore::release()
 .text          0x00000000c001e9a6      0xc26 vm86/vm8086.32
                0x00000000c001e9a6                Vm::inbv(unsigned short)
                0x00000000c001e9b9                Vm::outbv(unsigned short, unsigned char)
                0x00000000c001ea0c                Vm::realToLinear(unsigned short, unsigned short)
                0x00000000c001ea1c                Vm::getSegment(unsigned int)
                0x00000000c001ea24                Vm::getOffset(unsigned int)
                0x00000000c001ea29                Vm::mainloop2()
                0x00000000c001ea64                Vm::mainVm8086Loop(void*)
                0x00000000c001ea71                Vm::mainloop3(unsigned long)
                0x00000000c001ea9b                Vm::initialise8086()
                0x00000000c001eade                Vm::finish8086()
                0x00000000c001eb23                Vm::getOutput8086(unsigned char*)
                0x00000000c001eb4d                Vm::start8086(char const*, unsigned short, unsigned short, unsigned short, unsigned short)
                0x00000000c001ec9d                Vm::doISR(regs*, int, unsigned char*, unsigned short, unsigned short)
                0x00000000c001ed27                Vm::readByteFromReal(unsigned short, unsigned short)
                0x00000000c001ed38                Vm::readWordFromReal(unsigned short, unsigned short)
                0x00000000c001ed4a                Vm::readDwordFromReal(unsigned short, unsigned short)
                0x00000000c001ed5b                Vm::writeByteFromReal(unsigned short, unsigned short, unsigned char)
                0x00000000c001ed70                Vm::writeWordFromReal(unsigned short, unsigned short, unsigned short)
                0x00000000c001ed86                Vm::writeDwordFromReal(unsigned short, unsigned short, unsigned int)
                0x00000000c001ed9b                Vm::faultHandler(regs*)
 .text          0x00000000c001f5cc      0xefd vm86/x87em.32
                0x00000000c001f5cc                Vm::fpuInternalTo32(unsigned long long)
                0x00000000c001f627                Vm::fpuInternalTo64(unsigned long long)
                0x00000000c001f630                Vm::fpu32ToInternal(unsigned int)
                0x00000000c001f675                Vm::fpu64ToInternal(unsigned long long)
                0x00000000c001f67e                Vm::fpuFloatToLong(unsigned long long)
                0x00000000c001f6d9                Vm::fpuULongToFloat(unsigned long long)
                0x00000000c001f70f                Vm::fpuLongToFloat(long long)
                0x00000000c001f765                Vm::fpuGet0()
                0x00000000c001f76a                Vm::fpuGet1()
                0x00000000c001f772                Vm::fpuGetPi()
                0x00000000c001f77a                Vm::fpuGetLog2E()
                0x00000000c001f792                Vm::fpuGetLogE2()
                0x00000000c001f7aa                Vm::fpuGetLog210()
                0x00000000c001f7c2                Vm::fpuGetLog102()
                0x00000000c001f7da                Vm::fpuIsSecondLarger(unsigned long long, unsigned long long)
                0x00000000c001f7ee                Vm::fpuAreEqual(unsigned long long, unsigned long long)
                0x00000000c001f804                Vm::fpuUnorderedCompare(unsigned long long, unsigned long long)
                0x00000000c001f857                Vm::fpuAdd(unsigned long long, unsigned long long)
                0x00000000c001f868                Vm::fpuAbs(unsigned long long)
                0x00000000c001f871                Vm::fpuChs(unsigned long long)
                0x00000000c001f881                Vm::fpuSub(unsigned long long, unsigned long long)
                0x00000000c001f890                Vm::fpuMultiply(unsigned long long, unsigned long long)
                0x00000000c001f8af                Vm::fpuDivide(unsigned long long, unsigned long long)
                0x00000000c001f8cb                Vm::fpuSquare(unsigned long long)
                0x00000000c001f8e1                Vm::fpuGetReg(int)
                0x00000000c001f924                Vm::fpuSetReg(int, unsigned long long)
                0x00000000c001f96f                Vm::fpuPush(unsigned long long)
                0x00000000c001f9cc                Vm::fpuPop()
                0x00000000c001fa1e                Vm::x87Handler(regs*)
 *fill*         0x00000000c00204c9        0x1 
 .text          0x00000000c00204ca     0x10ed fs/fat/vfslink.32
                0x00000000c00204ca                FAT::getName()
                0x00000000c00204d0                FAT::tell(void*, unsigned long long*)
                0x00000000c0020504                FAT::stat(void*, unsigned long long*)
                0x00000000c0020538                FAT::~FAT()
                0x00000000c0020538                FAT::~FAT()
                0x00000000c002055c                FAT::~FAT()
                0x00000000c0020584                FAT::getlabel(LogicalDisk*, int, char*, unsigned int*)
                0x00000000c0020622                FAT::setlabel(LogicalDisk*, int, char*)
                0x00000000c00206dc                FAT::format(LogicalDisk*, int, char const*, int)
                0x00000000c00208c0                FAT::tryMount(LogicalDisk*, int)
                0x00000000c0020ac6                FAT::readDir(void*, unsigned long, void*, int*)
                0x00000000c0020bcc                FAT::read(void*, unsigned long, void*, int*)
                0x00000000c0020c26                FAT::write(void*, unsigned long, void*, int*)
                0x00000000c0020c80                FAT::close(void*)
                0x00000000c0020ccc                FAT::closeDir(void*)
                0x00000000c0020d18                FAT::seek(void*, unsigned long long)
                0x00000000c0020d6c                fatWrapperReadDisk
                0x00000000c0020db3                fatWrapperWriteDisk
                0x00000000c0020dfa                fatWrapperIoctl
                0x00000000c0020efe                FAT::FAT()
                0x00000000c0020efe                FAT::FAT()
                0x00000000c0020f50                FAT::fixFilepath(char*)
                0x00000000c0020f88                FAT::open(char const*, void**, FileOpenMode)
                0x00000000c00210b0                FAT::openDir(char const*, void**)
                0x00000000c0021156                FAT::stat(char const*, unsigned long long*, bool*)
                0x00000000c0021240                FAT::unlink(char const*)
                0x00000000c00212ba                FAT::chfatattr(char const*, unsigned char, unsigned char)
                0x00000000c002140e                FAT::rename(char const*, char const*)
                0x00000000c00214d2                FAT::mkdir(char const*)
                0x00000000c002154c                FAT::exists(char const*)
 *fill*         0x00000000c00215b7        0x1 
 .text          0x00000000c00215b8      0xbc1 fs/iso9660/vfslink.32
                0x00000000c00215b8                ISO9660::format(LogicalDisk*, int, char const*, int)
                0x00000000c00215be                ISO9660::seek(void*, unsigned long long)
                0x00000000c00215ee                ISO9660::tell(void*, unsigned long long*)
                0x00000000c0021612                ISO9660::getName()
                0x00000000c0021618                ISO9660::stat(void*, unsigned long long*)
                0x00000000c002163c                ISO9660::chfatattr(char const*, unsigned char, unsigned char)
                0x00000000c0021642                ISO9660::unlink(char const*)
                0x00000000c0021648                ISO9660::write(void*, unsigned long, void*, int*)
                0x00000000c002164e                ISO9660::rename(char const*, char const*)
                0x00000000c0021654                ISO9660::mkdir(char const*)
                0x00000000c002165a                ISO9660::close(void*)
                0x00000000c002167c                ISO9660::closeDir(void*)
                0x00000000c002169e                ISO9660::~ISO9660()
                0x00000000c002169e                ISO9660::~ISO9660()
                0x00000000c00216c2                ISO9660::~ISO9660()
                0x00000000c00216e9                __memmem(unsigned char*, int, unsigned char*, int)
                0x00000000c002172b                readSectorFromCDROM(unsigned int, unsigned char*, char)
                0x00000000c0021792                ISO9660::tryMount(LogicalDisk*, int)
                0x00000000c00217e2                ISO9660::read(void*, unsigned long, void*, int*)
                0x00000000c00219e2                ISO9660::readDir(void*, unsigned long, void*, int*)
                0x00000000c0021c6f                readRoot(unsigned int*, unsigned int*, char)
                0x00000000c0021cc4                readRecursively(char*, unsigned int, unsigned int, unsigned int*, unsigned int*, char, int*)
                0x00000000c0021e97                getFileData(char*, unsigned int*, unsigned int*, char, int*)
                0x00000000c0021f26                ISO9660::open(char const*, void**, FileOpenMode)
                0x00000000c0021fe6                ISO9660::exists(char const*)
                0x00000000c002200a                ISO9660::stat(char const*, unsigned long long*, bool*)
                0x00000000c002209e                ISO9660::openDir(char const*, void**)
                0x00000000c0022156                ISO9660::ISO9660()
                0x00000000c0022156                ISO9660::ISO9660()
 *fill*         0x00000000c0022179        0x1 
 .text          0x00000000c002217a      0x326 hal/sound/sndchannel.32
                0x00000000c002217a                SoundChannel::~SoundChannel()
                0x00000000c002217a                SoundChannel::~SoundChannel()
                0x00000000c0022196                SoundChannel::setSpeed(float)
                0x00000000c00221a2                SoundChannel::getSpeed()
                0x00000000c00221aa                SoundChannel::setVolume(int)
                0x00000000c00221c6                SoundChannel::getVolume()
                0x00000000c00221ce                SoundChannel::pause()
                0x00000000c00221d8                SoundChannel::SoundChannel(int, int, int, int)
                0x00000000c00221d8                SoundChannel::SoundChannel(int, int, int, int)
                0x00000000c002232e                SoundChannel::play()
                0x00000000c0022338                SoundChannel::paused()
                0x00000000c0022340                SoundChannel::getSampleRate()
                0x00000000c0022348                SoundChannel::getBits()
                0x00000000c0022350                SoundChannel::getBufferUsed()
                0x00000000c0022358                SoundChannel::getBufferSize()
                0x00000000c0022360                SoundChannel::unbuffer(float*, int, int)
                0x00000000c0022400                SoundChannel::buffer8(unsigned char*, int)
 .text          0x00000000c00224a0      0x3d5 hal/sound/sndhw.32
                0x00000000c00224a0                SoundDevice::SoundDevice(char const*)
                0x00000000c00224a0                SoundDevice::SoundDevice(char const*)
                0x00000000c002250c                SoundDevice::~SoundDevice()
                0x00000000c002250c                SoundDevice::~SoundDevice()
                0x00000000c0022586                SoundDevice::~SoundDevice()
                0x00000000c00225b0                SoundDevice::getFreeChannelNum()
                0x00000000c00225ca                SoundDevice::addChannel(SoundChannel*)
                0x00000000c002263a                SoundDevice::removeChannel(int)
                0x00000000c002266c                SoundDevice::floatTo8(float*, unsigned char*, int)
                0x00000000c0022754                SoundDevice::getAudio(int, float*, float*)
 .text          0x00000000c0022875        0x0 hw/bus/isa.32
 *fill*         0x00000000c0022875        0x1 
 .text          0x00000000c0022876      0x6c3 hw/bus/pci.32
                0x00000000c0022876                PCI::open(int, int, void*)
                0x00000000c002288a                PCI::close(int, int, void*)
                0x00000000c002288e                PCI::PCI()
                0x00000000c002288e                PCI::PCI()
                0x00000000c002290e                PCI::pciReadWord(unsigned char, unsigned char, unsigned char, unsigned char)
                0x00000000c0022956                PCI::getVendorID(unsigned char, unsigned char, unsigned char)
                0x00000000c0022978                PCI::getHeaderType(unsigned char, unsigned char, unsigned char)
                0x00000000c002299c                PCI::getClassCode(unsigned char, unsigned char, unsigned char)
                0x00000000c00229e0                PCI::getProgIF(unsigned char, unsigned char, unsigned char)
                0x00000000c0022a04                PCI::getRevisionID(unsigned char, unsigned char, unsigned char)
                0x00000000c0022a26                PCI::getInterruptNumber(unsigned char, unsigned char, unsigned char)
                0x00000000c0022a48                PCI::getSecondaryBus(unsigned char, unsigned char, unsigned char)
                0x00000000c0022a6c                PCI::getBARAddress(unsigned char, unsigned char, unsigned char, unsigned char)
                0x00000000c0022acc                PCI::pciWriteWord(unsigned char, unsigned char, unsigned char, unsigned char, unsigned short)
                0x00000000c0022b38                PCI::checkBus(unsigned char)
                0x00000000c0022b5c                PCI::foundDevice(PCIDeviceInfo)
                0x00000000c0022cce                PCI::getDeviceData(unsigned char, unsigned char, unsigned char)
                0x00000000c0022e7a                PCI::checkDevice(unsigned char, unsigned char)
                0x00000000c0022ee6                PCI::detect()
 *fill*         0x00000000c0022f39        0x1 
 .text          0x00000000c0022f3a      0xc70 hw/diskctrl/ide.32
                0x00000000c0022f3a                IDE::close(int, int, void*)
                0x00000000c0022f3e                IDE::IDE()
                0x00000000c0022f3e                IDE::IDE()
                0x00000000c0022f72                IDE::prepareInterrupt(unsigned char)
                0x00000000c0022f84                selectDrive(unsigned char, unsigned char)
                0x00000000c0022f86                IDE::getBase(unsigned char)
                0x00000000c0022f98                IDE::write(unsigned char, unsigned char, unsigned char)
                0x00000000c0023058                IDE::read(unsigned char, unsigned char)
                0x00000000c0023106                IDE::waitInterrupt(unsigned char)
                0x00000000c002316c                ideChannel0IRQHandler(regs*, void*)
                0x00000000c0023188                ideChannel1IRQHandler(regs*, void*)
                0x00000000c00231a4                IDE::enableIRQs(unsigned char, bool)
                0x00000000c00231ea                IDE::open(int, int, void*)
                0x00000000c00235fa                IDE::readBuffer(unsigned char, unsigned char, unsigned int, unsigned int)
                0x00000000c00236c6                IDE::detect()
                0x00000000c00239ae                IDE::printError(unsigned char, unsigned char, unsigned char)
                0x00000000c0023b44                IDE::polling(unsigned char, unsigned int)
 .text          0x00000000c0023baa      0x390 hw/diskctrl/satabus.32
                0x00000000c0023baa                SATABus::close(int, int, void*)
                0x00000000c0023bae                SATABus::detect()
                0x00000000c0023bb0                SATABus::SATABus()
                0x00000000c0023bb0                SATABus::SATABus()
                0x00000000c0023c5c                SATABus::findCmdslot(SATABus::tagHBA_PORT volatile*)
                0x00000000c0023ca4                SATABus::checkType(SATABus::tagHBA_PORT volatile*)
                0x00000000c0023cec                SATABus::startCmd(SATABus::tagHBA_PORT volatile*)
                0x00000000c0023d0c                SATABus::stopCmd(SATABus::tagHBA_PORT volatile*)
                0x00000000c0023d36                SATABus::portRebase(SATABus::tagHBA_PORT volatile*, int)
                0x00000000c0023e3c                SATABus::probePort(SATABus::tagHBA_MEM volatile*)
                0x00000000c0023f1a                SATABus::open(int, int, void*)
 .text          0x00000000c0023f3a      0x63c hw/diskphys/ata.32
                0x00000000c0023f3a                ATA::close(int, int, void*)
                0x00000000c0023f5e                ATA::powerSaving(PowerSavingLevel)
                0x00000000c0023f60                ATA::ATA()
                0x00000000c0023f60                ATA::ATA()
                0x00000000c0023f8e                ATA::flush(bool)
                0x00000000c0023fd8                ATA::readyForCommand()
                0x00000000c0024028                ATA::access(unsigned long long, int, void*, bool)
                0x00000000c00243b0                ATA::read(unsigned long long, int, void*)
                0x00000000c0024418                ATA::write(unsigned long long, int, void*)
                0x00000000c0024480                ATA::detectCHS()
                0x00000000c00244aa                ATA::open(int, int, void*)
 .text          0x00000000c0024576      0x5bd hw/diskphys/atapi.32
                0x00000000c0024576                ATAPI::write(unsigned long long, int, void*)
                0x00000000c002457c                ATAPI::close(int, int, void*)
                0x00000000c00245a0                ATAPI::ATAPI()
                0x00000000c00245a0                ATAPI::ATAPI()
                0x00000000c00245ce                ATAPI::readyForCommand()
                0x00000000c002461e                ATAPI::sendPacket(unsigned char*, int, bool, unsigned short*, int)
                0x00000000c00248de                ATAPI::diskRemoved()
                0x00000000c00248fa                ATAPI::eject()
                0x00000000c0024942                ATAPI::diskInserted()
                0x00000000c0024970                ATAPI::detectMedia()
                0x00000000c0024a2c                ATAPI::open(int, int, void*)
                0x00000000c0024ab4                ATAPI::read(unsigned long long, int, void*)
 *fill*         0x00000000c0024b33        0x1 
 .text          0x00000000c0024b34      0x455 hw/diskphys/sata.32
                0x00000000c0024b34                SATA::close(int, int, void*)
                0x00000000c0024b58                SATA::powerSaving(PowerSavingLevel)
                0x00000000c0024b5a                SATA::open(int, int, void*)
                0x00000000c0024c08                SATA::SATA()
                0x00000000c0024c08                SATA::SATA()
                0x00000000c0024c36                SATA::access(unsigned long long, int, void*, bool)
                0x00000000c0024e9c                SATA::read(unsigned long long, int, void*)
                0x00000000c0024f04                SATA::write(unsigned long long, int, void*)
 *fill*         0x00000000c0024f89        0x1 
 .text          0x00000000c0024f8a      0x500 hw/diskphys/satapi.32
                0x00000000c0024f8a                SATAPI::write(unsigned long long, int, void*)
                0x00000000c0024f90                SATAPI::close(int, int, void*)
                0x00000000c0024fb4                SATAPI::SATAPI()
                0x00000000c0024fb4                SATAPI::SATAPI()
                0x00000000c0024fe2                SATAPI::diskRemoved()
                0x00000000c0024ffe                SATAPI::diskInserted()
                0x00000000c002502c                SATAPI::sendPacket(unsigned char*, int, unsigned long long, unsigned short*, int)
                0x00000000c0025230                SATAPI::eject()
                0x00000000c0025278                SATAPI::detectMedia()
                0x00000000c002533a                SATAPI::open(int, int, void*)
                0x00000000c00253e8                SATAPI::read(unsigned long long, int, void*)
 .text          0x00000000c002548a       0x8e hw/fpu/avx.32
                0x00000000c002548a                AVX::open(int, int, void*)
                0x00000000c002549c                AVX::close(int, int, void*)
                0x00000000c00254ae                AVX::available()
                0x00000000c00254c0                AVX::save(void*)
                0x00000000c00254d8                AVX::load(void*)
                0x00000000c00254f0                AVX::AVX()
                0x00000000c00254f0                AVX::AVX()
 .text          0x00000000c0025518       0x90 hw/fpu/mmx.32
                0x00000000c0025518                MMX::available()
                0x00000000c002552c                MMX::open(int, int, void*)
                0x00000000c002553e                MMX::close(int, int, void*)
                0x00000000c0025550                MMX::save(void*)
                0x00000000c0025568                MMX::load(void*)
                0x00000000c0025580                MMX::MMX()
                0x00000000c0025580                MMX::MMX()
 .text          0x00000000c00255a8       0x96 hw/fpu/sse.32
                0x00000000c00255a8                SSE::open(int, int, void*)
                0x00000000c00255ba                SSE::close(int, int, void*)
                0x00000000c00255cc                SSE::available()
                0x00000000c00255e6                SSE::save(void*)
                0x00000000c00255fe                SSE::load(void*)
                0x00000000c0025616                SSE::SSE()
                0x00000000c0025616                SSE::SSE()
 .text          0x00000000c002563e       0x8e hw/fpu/x87.32
                0x00000000c002563e                x87::open(int, int, void*)
                0x00000000c0025650                x87::close(int, int, void*)
                0x00000000c0025662                x87::available()
                0x00000000c0025674                x87::save(void*)
                0x00000000c002568c                x87::load(void*)
                0x00000000c00256a4                x87::x87()
                0x00000000c00256a4                x87::x87()
 .text          0x00000000c00256cc      0x71e hw/intctrl/apic.32
                0x00000000c00256cc                APIC::disable()
                0x00000000c00256ce                APIC::close(int, int, void*)
                0x00000000c00256f0                IOAPIC::close(int, int, void*)
                0x00000000c00256f6                APIC::io_wait()
                0x00000000c00256fc                APIC::getBase()
                0x00000000c002573e                APIC::eoi(unsigned char)
                0x00000000c002576c                APIC::open(int, int, void*)
                0x00000000c00258ba                IOAPIC::IOAPIC()
                0x00000000c00258ba                IOAPIC::IOAPIC()
                0x00000000c00258e2                APIC::APIC()
                0x00000000c00258e2                APIC::APIC()
                0x00000000c00259be                IOAPIC::handlesGSIWithNumber(unsigned int)
                0x00000000c00259f0                IOAPIC::read(int)
                0x00000000c0025a18                IOAPIC::open(int, int, void*)
                0x00000000c0025b0e                IOAPIC::write(int, int)
                0x00000000c0025b3a                IOAPIC::redirect(unsigned char, unsigned long long, unsigned char, bool, bool)
                0x00000000c0025c34                APIC::installIRQHandler(int, void (*)(regs*, void*), bool, void*)
 .text          0x00000000c0025dea      0x3d3 hw/intctrl/pic.32
                0x00000000c0025dea                PIC::disable()
                0x00000000c0025e18                PIC::close(int, int, void*)
                0x00000000c0025e3a                PIC::PIC()
                0x00000000c0025e3a                PIC::PIC()
                0x00000000c0025f10                PIC::ioWait()
                0x00000000c0025f16                PIC::getIRQReg(int)
                0x00000000c0025f80                PIC::eoi(unsigned char)
                0x00000000c0026012                PIC::remap()
                0x00000000c002617e                PIC::open(int, int, void*)
 *fill*         0x00000000c00261bd        0x1 
 .text          0x00000000c00261be      0x25e hw/timer/apictimer.32
                0x00000000c00261be                APICTimer::close(int, int, void*)
                0x00000000c00261c4                apicTimerHandler(regs*, void*)
                0x00000000c00261f2                APICTimer::write(int)
                0x00000000c00262f6                APICTimer::open(int, int, void*)
                0x00000000c00263f4                APICTimer::APICTimer()
                0x00000000c00263f4                APICTimer::APICTimer()
 .text          0x00000000c002641c      0x1a7 hw/timer/pit.32
                0x00000000c002641c                PIT::write(int)
                0x00000000c002649a                pitHandler(regs*, void*)
                0x00000000c00264c6                PIT::open(int, int, void*)
                0x00000000c0026514                PIT::close(int, int, void*)
                0x00000000c0026544                PIT::PIT()
                0x00000000c0026544                PIT::PIT()
 *fill*         0x00000000c00265c3        0xd 
 .text          0x00000000c00265d0       0x1e hw/fpu/x86/avx.32
                0x00000000c00265d0                avxDetect
                0x00000000c00265d6                avxSave
                0x00000000c00265d7                avxLoad
                0x00000000c00265d8                avxInit
                0x00000000c00265d9                avxClose
                0x00000000c00265da                wouldSheSayYes
 *fill*         0x00000000c00265ee        0x2 
 .text          0x00000000c00265f0       0x35 hw/fpu/x86/sse.32
                0x00000000c00265f0                absolutelyNoChanceInHell
                0x00000000c00265f0                sseDetect
                0x00000000c0026608                sseSave
                0x00000000c002660e                sseLoad
                0x00000000c0026614                sseInit
                0x00000000c0026624                sseClose
 *fill*         0x00000000c0026625        0xb 
 .text          0x00000000c0026630       0x47 hw/fpu/x86/x87.32
                0x00000000c0026636                x87Detect
                0x00000000c0026651                x87Save
                0x00000000c0026657                x87Load
                0x00000000c002665c                x87Init
                0x00000000c0026676                x87Close
 *fill*         0x00000000c0026677        0x1 
 .text          0x00000000c0026678       0x25 /cygdrive/d/Users/Alex/Desktop/Toolchain/Output/bin/../lib/gcc/i386-banana/8.1.0/crtend.o
 .text          0x00000000c002669d        0x0 crtn.32
 *fill*         0x00000000c002669d        0x3 
 .text          0x00000000c00266a0      0x14b /cygdrive/d/Users/Alex/Desktop/Toolchain/Output/bin/../lib/gcc/i386-banana/8.1.0/libkgcc.a(_divdi3.o)
                0x00000000c00266a0                __divdi3
 *fill*         0x00000000c00267eb        0x1 
 .text          0x00000000c00267ec      0x17e /cygdrive/d/Users/Alex/Desktop/Toolchain/Output/bin/../lib/gcc/i386-banana/8.1.0/libkgcc.a(_moddi3.o)
                0x00000000c00267ec                __moddi3
 *fill*         0x00000000c002696a        0x2 
 .text          0x00000000c002696c       0xff /cygdrive/d/Users/Alex/Desktop/Toolchain/Output/bin/../lib/gcc/i386-banana/8.1.0/libkgcc.a(_udivdi3.o)
                0x00000000c002696c                __udivdi3
 *fill*         0x00000000c0026a6b        0x1 
 .text          0x00000000c0026a6c      0x11a /cygdrive/d/Users/Alex/Desktop/Toolchain/Output/bin/../lib/gcc/i386-banana/8.1.0/libkgcc.a(_umoddi3.o)
                0x00000000c0026a6c                __umoddi3
 .text          0x00000000c0026b86      0x96d D:/Users/Alex/Desktop/Banana/kernel/libsoftfp.a(sfieeelib.o)
                0x00000000c0026b86                __addsf3
                0x00000000c0026e88                __subsf3
                0x00000000c0026e9c                __negsf2
                0x00000000c0026ea9                __mulsf3
                0x00000000c002706c                __divsf3
                0x00000000c0027297                __floatsisf
                0x00000000c002730b                __floatunsisf
                0x00000000c002734d                __fixsfsi
                0x00000000c00273af                __fixunssfsi
                0x00000000c00273e0                __cmpsf2
                0x00000000c0027475                __eqsf2