Archive member included to satisfy reference by file (symbol)

/cygdrive/d/Users/Alex/Desktop/Toolchain/Output/bin/../lib/gcc/i386-banana/8.1.0/libkgcc.a(_divdi3.o)
                              fs/fat/ff.32 (__divdi3)
/cygdrive/d/Users/Alex/Desktop/Toolchain/Output/bin/../lib/gcc/i386-banana/8.1.0/libkgcc.a(_moddi3.o)
                              compat/resolve.32 (__moddi3)
/cygdrive/d/Users/Alex/Desktop/Toolchain/Output/bin/../lib/gcc/i386-banana/8.1.0/libkgcc.a(_udivdi3.o)
                              fs/fat/ff.32 (__udivdi3)
/cygdrive/d/Users/Alex/Desktop/Toolchain/Output/bin/../lib/gcc/i386-banana/8.1.0/libkgcc.a(_umoddi3.o)
                              compat/resolve.32 (__umoddi3)
D:/Users/Alex/Desktop/Banana/kernel/libsoftfp.a(sfieeelib.o)
                              hal/libresample/src_linear.32 (__subsf3)
D:/Users/Alex/Desktop/Banana/kernel/libsoftfp.a(dfieeelib.o)
                              hal/libresample/src_linear.32 (__adddf3)
D:/Users/Alex/Desktop/Banana/kernel/libsoftfp.a(sfdfcvt.o)
                              hal/libresample/samplerate.32 (__truncdfsf2)
D:/Users/Alex/Desktop/Banana/kernel/libk/libm32.a(s_fabs.c.o)
                              hal/libresample/samplerate.32 (fabs)
D:/Users/Alex/Desktop/Banana/kernel/libk/libm32.a(s_lrint.S.o)
                              hal/libresample/samplerate.32 (lrint)
D:/Users/Alex/Desktop/Banana/kernel/libk/libm32.a(s_lrintf.S.o)
                              hal/sound/sndhw.32 (lrintf)

Discarded input sections

 .comment       0x0000000000000000       0x12 /cygdrive/d/Users/Alex/Desktop/Toolchain/Output/bin/../lib/gcc/i386-banana/8.1.0/crtbegin.o
 .comment       0x0000000000000000       0x12 acpica/utclib.32
 .comment       0x0000000000000000       0x12 core/malloc.32
 .comment       0x0000000000000000       0x12 libk/string.32
 .comment       0x0000000000000000       0x12 fs/fat/diskio.32
 .comment       0x0000000000000000       0x12 fs/fat/ff.32
 .comment       0x0000000000000000       0x12 fs/fat/ffsystem.32
 .comment       0x0000000000000000       0x12 fs/fat/ffunicode.32
 .comment       0x0000000000000000       0x12 hal/libresample/samplerate.32
 .comment       0x0000000000000000       0x12 hal/libresample/src_linear.32
 .comment       0x0000000000000000       0x12 hal/libresample/src_sinc.32
 .comment       0x0000000000000000       0x12 hal/libresample/src_zoh.32
 .comment       0x0000000000000000       0x12 compat/inlines.32
 .comment       0x0000000000000000       0x12 compat/resolve.32
 .group         0x0000000000000000       0x14 core/computer.32
 .group         0x0000000000000000        0xc core/computer.32
 .comment       0x0000000000000000       0x12 core/computer.32
 .comment       0x0000000000000000       0x12 core/gdt.32
 .group         0x0000000000000000        0xc core/idle.32
 .comment       0x0000000000000000       0x12 core/idle.32
 .comment       0x0000000000000000       0x12 core/idt.32
 .comment       0x0000000000000000       0x12 core/kheap.32
 .comment       0x0000000000000000       0x12 core/main.32
 .comment       0x0000000000000000       0x12 core/physmgr.32
 .group         0x0000000000000000        0xc core/pipe.32
 .comment       0x0000000000000000       0x12 core/pipe.32
 .group         0x0000000000000000        0xc core/terminal.32
 .comment       0x0000000000000000       0x12 core/terminal.32
 .comment       0x0000000000000000       0x12 core/tss.32
 .group         0x0000000000000000        0x8 core/unixfile.32
 .group         0x0000000000000000        0xc core/unixfile.32
 .group         0x0000000000000000        0xc core/unixfile.32
 .group         0x0000000000000000        0x8 core/unixfile.32
 .group         0x0000000000000000        0xc core/unixfile.32
 .group         0x0000000000000000        0x8 core/unixfile.32
 .group         0x0000000000000000        0xc core/unixfile.32
 .group         0x0000000000000000        0xc core/unixfile.32
 .comment       0x0000000000000000       0x12 core/unixfile.32
 .comment       0x0000000000000000       0x12 core/virtmgr.32
 .comment       0x0000000000000000       0x12 coreobjs/c++.32
 .comment       0x0000000000000000       0x12 dbg/kconsole.32
 .group         0x0000000000000000        0xc fs/vfs.32
 .group         0x0000000000000000        0xc fs/vfs.32
 .group         0x0000000000000000        0xc fs/vfs.32
 .comment       0x0000000000000000       0x12 fs/vfs.32
 .group         0x0000000000000000        0xc hal/bus.32
 .comment       0x0000000000000000       0x12 hal/bus.32
 .group         0x0000000000000000        0xc hal/buzzer.32
 .comment       0x0000000000000000       0x12 hal/buzzer.32
 .group         0x0000000000000000        0xc hal/clock.32
 .comment       0x0000000000000000       0x12 hal/clock.32
 .group         0x0000000000000000       0x14 hal/device.32
 .group         0x0000000000000000        0xc hal/device.32
 .group         0x0000000000000000        0xc hal/device.32
 .group         0x0000000000000000        0xc hal/device.32
[...]
Memory Configuration

Name             Origin             Length             Attributes
*default*        0x0000000000000000 0xffffffffffffffff

Linker script and memory map

LOAD D:/Users/Alex/Desktop/Banana/kernel/boot.32
LOAD crti.32
LOAD /cygdrive/d/Users/Alex/Desktop/Toolchain/Output/bin/../lib/gcc/i386-banana/8.1.0/crtbegin.o
LOAD D:/Users/Alex/Desktop/Banana/kernel/morenasm.32
LOAD acpica/utclib.32
LOAD core/malloc.32
LOAD libk/string.32
LOAD fs/fat/diskio.32
LOAD fs/fat/ff.32
LOAD fs/fat/ffsystem.32
LOAD fs/fat/ffunicode.32
LOAD hal/libresample/samplerate.32
LOAD hal/libresample/src_linear.32
LOAD hal/libresample/src_sinc.32
LOAD hal/libresample/src_zoh.32
LOAD compat/inlines.32
LOAD compat/resolve.32
LOAD core/computer.32
LOAD core/gdt.32
LOAD core/idle.32
LOAD core/idt.32
LOAD core/kheap.32
LOAD core/main.32
LOAD core/physmgr.32
LOAD core/pipe.32
LOAD core/terminal.32
LOAD core/tss.32
LOAD core/unixfile.32
LOAD core/virtmgr.32
LOAD coreobjs/c++.32
LOAD dbg/kconsole.32
LOAD fs/vfs.32
LOAD hal/bus.32
LOAD hal/buzzer.32
LOAD hal/clock.32
LOAD hal/device.32
LOAD hal/diskctrl.32
LOAD hal/diskphys.32
LOAD hal/fpu.32
LOAD hal/intctrl.32
LOAD hal/keybrd.32
LOAD hal/logidisk.32
LOAD hal/mouse.32
LOAD hal/partition.32
LOAD hal/serial.32
LOAD hal/timer.32
LOAD hal/vcache.32
LOAD hal/video.32
LOAD hw/acpi.32
LOAD hw/cpu.32
LOAD hw/ports.32
LOAD hw/smp.32
LOAD krnl/env.32
LOAD krnl/panic.32
LOAD net/ethernet.32
LOAD reg/registry.32
LOAD sys/sc_eject.32
LOAD sys/sc_exit.32
LOAD sys/sc_getcwd.32
LOAD sys/sc_getpid.32
LOAD sys/sc_getramdata.32
LOAD sys/sc_getvgaptr.32
LOAD sys/sc_loaddll.32
LOAD sys/sc_read.32
LOAD sys/sc_sbrk.32
LOAD sys/sc_setcwd.32
LOAD sys/sc_settime.32
LOAD sys/sc_timezone.32
LOAD sys/sc_write.32
LOAD sys/sc_wsbe.32
LOAD sys/sc_yield.32
LOAD sys/syscalls.32
LOAD thr/elf.32
LOAD thr/prcssthr.32
LOAD vm86/vm8086.32
LOAD vm86/x87em.32
LOAD fs/fat/vfslink.32
LOAD fs/iso9660/vfslink.32
LOAD hal/sound/sndchannel.32
LOAD hal/sound/sndhw.32
LOAD hw/bus/isa.32
LOAD hw/bus/pci.32
LOAD hw/diskctrl/ide.32
LOAD hw/diskctrl/satabus.32
LOAD hw/diskphys/ata.32
LOAD hw/diskphys/atapi.32
LOAD hw/diskphys/sata.32
LOAD hw/diskphys/satapi.32
LOAD hw/fpu/avx.32
LOAD hw/fpu/mmx.32
LOAD hw/fpu/sse.32
LOAD hw/fpu/x87.32
LOAD hw/intctrl/apic.32
LOAD hw/intctrl/pic.32
LOAD hw/timer/apictimer.32
LOAD hw/timer/pit.32
LOAD hw/fpu/x86/avx.32
LOAD hw/fpu/x86/sse.32
LOAD hw/fpu/x86/x87.32
LOAD /cygdrive/d/Users/Alex/Desktop/Toolchain/Output/bin/../lib/gcc/i386-banana/8.1.0/crtend.o
LOAD crtn.32
LOAD /cygdrive/d/Users/Alex/Desktop/Toolchain/Output/bin/../lib/gcc/i386-banana/8.1.0/libkgcc.a
LOAD D:/Users/Alex/Desktop/Banana/kernel/libsoftfp.a
LOAD D:/Users/Alex/Desktop/Banana/kernel/libk/libm32.a
                0x00000000c0000000                . = 0xc0000000

.text           0x00000000c0000000    0x293a8
 *(.text)
 .text          0x00000000c0000000       0x41 D:/Users/Alex/Desktop/Banana/kernel/boot.32
                0x00000000c0000020                callGlobalConstructors
 .text          0x00000000c0000041        0x0 crti.32
 *fill*         0x00000000c0000041        0x3 
 .text          0x00000000c0000044      0x101 /cygdrive/d/Users/Alex/Desktop/Toolchain/Output/bin/../lib/gcc/i386-banana/8.1.0/crtbegin.o
 *fill*         0x00000000c0000145        0xb 
 .text          0x00000000c0000150      0x4fb D:/Users/Alex/Desktop/Banana/kernel/morenasm.32
                0x00000000c0000150                manualPCIProbe
                0x00000000c000019b                prepareTramp
                0x00000000c00001b4                voodooXADD
                0x00000000c000027f                doTPAUSE
                0x00000000c0000289                hasLegacyFPU
                0x00000000c00002ae                is486
                0x00000000c00002e4                detectCPUID
                0x00000000c00002fa                goToVM86
                0x00000000c000032a                goToUsermode
                0x00000000c0000354                switchToThreadASMFirstTime
                0x00000000c0000362                switchToThreadASM
                0x00000000c00003f2                asmQuickAcquireLock
                0x00000000c0000410                asmQuickReleaseLock
                0x00000000c000041c                asmAcquireLock
                0x00000000c000043d                asmReleaseLock
                0x00000000c0000450                loadGDT
                0x00000000c0000470                isr0
                0x00000000c0000480                isr1
                0x00000000c000048a                isr2
                0x00000000c0000494                isr3
                0x00000000c000049e                isr4
                0x00000000c00004a8                isr5
                0x00000000c00004b2                isr6
                0x00000000c00004bc                isr7
                0x00000000c00004c6                isr8
                0x00000000c00004ce                isr9
                0x00000000c00004d8                isr10
                0x00000000c00004e0                isr11
                0x00000000c00004e8                isr12
                0x00000000c00004f0                isr13
                0x00000000c00004f8                isr14
                0x00000000c0000500                isr15
                0x00000000c000050a                isr16
                0x00000000c0000514                isr17
                0x00000000c000051e                isr18
                0x00000000c0000528                irq3
                0x00000000c0000532                irq4
                0x00000000c000053c                irq5
                0x00000000c0000546                irq6
                0x00000000c0000550                irq7
                0x00000000c000055a                irq8
                0x00000000c0000564                irq9
                0x00000000c000056e                irq10
                0x00000000c0000578                irq11
                0x00000000c0000582                irq12
                0x00000000c000058c                irq13
                0x00000000c0000596                irq14
                0x00000000c00005a0                irq15
                0x00000000c00005aa                irq1
                0x00000000c00005b1                irq2
                0x00000000c00005b8                isr96
                0x00000000c00005bf                irq0
                0x00000000c00005c4                syscall_common_stub
                0x00000000c00005c4                int_common_stub
                0x00000000c00005f6                irq16
                0x00000000c0000600                irq17
                0x00000000c000060a                irq18
                0x00000000c0000614                irq19
                0x00000000c000061e                irq20
                0x00000000c0000628                irq21
                0x00000000c0000632                irq22
                0x00000000c000063c                irq23
                0x00000000c0000646                memcpy
 *fill*         0x00000000c000064b        0x1 
 .text          0x00000000c000064c      0x5dd acpica/utclib.32
                0x00000000c000064c                memcmp
                0x00000000c0000688                memmove
                0x00000000c0000750                memset
                0x00000000c000076c                strlen
                0x00000000c0000784                strpbrk
                0x00000000c00007c0                strtok
                0x00000000c000080c                strcpy
                0x00000000c0000830                strncpy
                0x00000000c0000898                strcmp
                0x00000000c00008d8                strchr
                0x00000000c00008fc                strncmp
                0x00000000c000094c                strcat
                0x00000000c000097c                strncat
                0x00000000c00009b8                strstr
                0x00000000c0000a00                toupper
                0x00000000c0000a14                tolower
                0x00000000c0000a28                simple_strtoul
 .text          0x00000000c0000c29      0xfad core/malloc.32
                0x00000000c0000d94                dlfree
                0x00000000c00010ef                dlmalloc
                0x00000000c000162c                dlrealloc
                0x00000000c00017cf                dlmemalign
                0x00000000c00018f2                dlcalloc
                0x00000000c000198c                dlcfree
                0x00000000c0001991                dlindependent_calloc
                0x00000000c00019b6                dlindependent_comalloc
                0x00000000c00019cd                dlvalloc
                0x00000000c00019f8                dlpvalloc
                0x00000000c0001a2e                dlmalloc_trim
                0x00000000c0001a3b                dlmalloc_usable_size
                0x00000000c0001a6c                dlmallinfo
                0x00000000c0001b3b                dlmalloc_stats
                0x00000000c0001b4c                dlmallopt
 .text          0x00000000c0001bd6        0x0 libk/string.32
 .text          0x00000000c0001bd6       0x51 fs/fat/diskio.32
                0x00000000c0001bd6                disk_status
                0x00000000c0001bd9                disk_initialize
                0x00000000c0001bdc                disk_read
                0x00000000c0001bf2                disk_write
                0x00000000c0001c08                disk_ioctl
 .text          0x00000000c0001c27     0x6833 fs/fat/ff.32
                0x00000000c0004ef5                f_mount
                0x00000000c0004f57                f_open
                0x00000000c0005393                f_read
                0x00000000c0005613                f_write
                0x00000000c00058cd                f_sync
                0x00000000c0005aa9                f_close
                0x00000000c0005ad8                f_lseek
                0x00000000c0005f8f                f_opendir
                0x00000000c0006091                f_closedir
                0x00000000c00060b3                f_readdir
                0x00000000c000614e                f_stat
                0x00000000c00061dd                f_getfree
                0x00000000c00063a8                f_truncate
                0x00000000c00064a0                f_unlink
                0x00000000c0006623                f_mkdir
                0x00000000c000684f                f_rename
                0x00000000c0006b42                f_chmod
                0x00000000c0006c20                f_utime
                0x00000000c0006cfe                f_getlabel
                0x00000000c0006eec                f_setlabel
                0x00000000c0007159                f_forward
                0x00000000c0007337                f_mkfs
 .text          0x00000000c000845a       0x2d fs/fat/ffsystem.32
                0x00000000c000845a                ff_memalloc
                0x00000000c0008470                ff_memfree
 .text          0x00000000c0008487      0x253 fs/fat/ffunicode.32
                0x00000000c0008487                ff_uni2oem
                0x00000000c0008517                ff_oem2uni
                0x00000000c0008583                ff_wtoupper
 .text          0x00000000c00086da      0x8fb hal/libresample/samplerate.32
                0x00000000c000871e                src_delete
                0x00000000c000875a                src_process
                0x00000000c0008910                src_callback_read
                0x00000000c0008a8d                src_set_ratio
                0x00000000c0008af7                src_get_channels
                0x00000000c0008b19                src_reset
                0x00000000c0008b65                src_new
                0x00000000c0008bf3                src_callback_new
                0x00000000c0008c55                src_get_name
                0x00000000c0008c8c                src_get_description
                0x00000000c0008cc3                src_get_version
                0x00000000c0008cc9                src_is_valid_ratio
                0x00000000c0008d1d                src_error
                0x00000000c0008d2b                src_strerror
                0x00000000c0008d3e                src_simple
                0x00000000c0008d91                src_short_to_float_array
                0x00000000c0008df6                src_float_to_short_array
                0x00000000c0008eb5                src_int_to_float_array
                0x00000000c0008f18                src_float_to_int_array
 .text          0x00000000c0008fd5      0x8cb hal/libresample/src_linear.32
                0x00000000c00097fb                linear_get_name
                0x00000000c000980a                linear_get_description
                0x00000000c0009819                linear_set_converter
 .text          0x00000000c00098a0     0x447c hal/libresample/src_sinc.32
                0x00000000c000dc33                sinc_get_name
                0x00000000c000dc46                sinc_get_description
                0x00000000c000dc59                sinc_set_converter
 .text          0x00000000c000dd1c      0x77c hal/libresample/src_zoh.32
                0x00000000c000e3f3                zoh_get_name
                0x00000000c000e402                zoh_get_description
                0x00000000c000e411                zoh_set_converter
 .text          0x00000000c000e498       0xa7 compat/inlines.32
                0x00000000c000e498                CPU::current()
                0x00000000c000e4a4                operator new(unsigned long)
                0x00000000c000e4a9                operator delete(void*)
                0x00000000c000e4ae                disableIRQs()
                0x00000000c000e4b6                enableIRQs()
                0x00000000c000e4c5                lockScheduler()
                0x00000000c000e4cd                unlockScheduler()
                0x00000000c000e4dc                lockStuff()
                0x00000000c000e4ea                unlockStuff()
                0x00000000c000e524                Virt::getAKernelVAS()
                0x00000000c000e52a                __not_memcpy
 .text          0x00000000c000e53f      0x111 compat/resolve.32
                0x00000000c000e53f                Krnl::resolveCompatibilitySymbol(char*)
 .text          0x00000000c000e650      0xa17 core/computer.32
                0x00000000c000e650                Computer::close(int, int, void*)
                0x00000000c000e694                Krnl::firstTask()
                0x00000000c000e784                Computer::Computer()
                0x00000000c000e784                Computer::Computer()
                0x00000000c000e8e0                Computer::setBootMessage(char const*)
                0x00000000c000e8e2                Computer::detectFeatures()
                0x00000000c000eaec                Computer::displayFeatures()
                0x00000000c000ee32                Computer::rdmsr(unsigned int)
                0x00000000c000ee5e                Computer::wrmsr(unsigned int, unsigned long long)
                0x00000000c000ee96                Computer::nmiEnabled()
                0x00000000c000eea2                Computer::readCMOS(unsigned char)
                0x00000000c000eebc                Computer::enableNMI(bool)
                0x00000000c000eed4                Computer::open(int, int, void*)
                0x00000000c000efaa                Computer::disableNMI()
                0x00000000c000efb8                Computer::writeCMOS(unsigned char, unsigned char)
                0x00000000c000efd6                Computer::handleNMI()
                0x00000000c000f03c                Computer::setDiskActivityLight(int, bool)
 *fill*         0x00000000c000f067        0x1 
 .text          0x00000000c000f068      0x1b7 core/gdt.32
                0x00000000c000f068                GDTEntry::setBase(unsigned int)
                0x00000000c000f084                GDTEntry::setLimit(unsigned int)
                0x00000000c000f0a2                GDT::GDT()
                0x00000000c000f0a2                GDT::GDT()
                0x00000000c000f0b8                GDT::addEntry(GDTEntry)
                0x00000000c000f0f4                GDT::getNumberOfEntries()
                0x00000000c000f0fc                GDT::flush()
                0x00000000c000f11e                GDT::setup()
 .text          0x00000000c000f21f       0x6b core/idle.32
                0x00000000c000f21f                idleFunction(void*)
 .text          0x00000000c000f28a      0x45e core/idt.32
                0x00000000c000f28a                IDTEntry::IDTEntry(bool)
                0x00000000c000f28a                IDTEntry::IDTEntry(bool)
                0x00000000c000f2f8                IDTEntry::setOffset(unsigned int)
                0x00000000c000f30c                IDT::IDT()
                0x00000000c000f30c                IDT::IDT()
                0x00000000c000f30e                IDT::getPointerToInvalidOpcodeEntryForF00F()
                0x00000000c000f316                IDT::addEntry(IDTEntry, int)
                0x00000000c000f330                IDT::addEntry(int, void (*)(), bool)
                0x00000000c000f368                IDT::flush()
                0x00000000c000f382                IDT::setup()
 .text          0x00000000c000f6e8      0x1fe core/kheap.32
                0x00000000c000f6e8                sbrk
                0x00000000c000f7f5                mmap
                0x00000000c000f80b                munmap
                0x00000000c000f821                liballoc_lock()
                0x00000000c000f82e                liballoc_unlock()
                0x00000000c000f842                liballoc_alloc(int)
                0x00000000c000f85d                liballoc_free(void*, int)
                0x00000000c000f878                realloc
                0x00000000c000f88c                malloc
                0x00000000c000f89c                free
                0x00000000c000f8ac                rfree
                0x00000000c000f8bc                calloc
 .text          0x00000000c000f8e6      0x400 core/main.32
                0x00000000c000f8e6                hwTextMode_loadInData(VgaText*)
                0x00000000c000f92b                hwTextMode_loadInTitle(VgaText*, char*)
                0x00000000c000f997                hwTextMode_scrollScreen(VgaText*)
                0x00000000c000fa38                hwTextMode_writeCharacter(VgaText*, char, VgaColour, VgaColour, int, int)
                0x00000000c000fab7                hwTextMode_showCursor(VgaText*, bool)
                0x00000000c000fb12                hwTextMode_update(VgaText*)
                0x00000000c000fb13                hwTextMode_updateCursor(VgaText*)
                0x00000000c000fb5b                hwTextMode_disableBlink(VgaText*, bool)
                0x00000000c000fba1                setupTextMode()
                0x00000000c000fbc2                kernel_main
 .text          0x00000000c000fce6      0x56c core/physmgr.32
                0x00000000c000fce6                Phys::allocateDMA(unsigned long)
                0x00000000c000fd89                Phys::freeDMA(unsigned long, unsigned long)
                0x00000000c000fdd1                Phys::setPageState(unsigned long, bool)
                0x00000000c000fe03                Phys::getPageState(unsigned long)
                0x00000000c000fe1f                Phys::freePage(unsigned long)
                0x00000000c000fea9                Phys::allocatePage()
                0x00000000c000ff8e                Phys::allocateContiguousPages(int)
                0x00000000c000ffea                Phys::allowSegmentToBeUsed(unsigned long, unsigned long)
                0x00000000c0010022                Phys::physicalMemorySetup(unsigned int)
 .text          0x00000000c0010252      0x273 core/pipe.32
                0x00000000c0010252                Pipe::isAtty()
                0x00000000c0010256                Pipe::~Pipe()
                0x00000000c0010256                Pipe::~Pipe()
                0x00000000c001027a                Pipe::~Pipe()
                0x00000000c00102a2                Pipe::read(unsigned long long, void*, int*)
                0x00000000c001039e                Pipe::write(unsigned long long, void*, int*)
                0x00000000c001045e                Pipe::Pipe(int)
                0x00000000c001045e                Pipe::Pipe(int)
 *fill*         0x00000000c00104c5        0x1 
 .text          0x00000000c00104c6      0xe4b core/terminal.32
                0x00000000c00104c6                VgaText::isAtty()
                0x00000000c00104ca                VgaText::~VgaText()
                0x00000000c00104ca                VgaText::~VgaText()
                0x00000000c00104ee                VgaText::~VgaText()
                0x00000000c0010518                VgaText::read(unsigned long long, void*, int*)
                0x00000000c0010538                setTerminalScrollLock(bool)
                0x00000000c0010539                addToTerminalCycle(VgaText*)
                0x00000000c001055a                installVgaTextImplementation()
                0x00000000c001056f                scrollTerminalScrollLock(int)
                0x00000000c0010570                VgaText::load()
                0x00000000c00105be                VgaText::updateCursor()
                0x00000000c00105d4                VgaText::showCursor(bool)
                0x00000000c00105e0                VgaText::disableBlink(bool)
                0x00000000c0010614                VgaText::doANSI_SGR(int)
                0x00000000c0010688                VgaText::setDefaultBgColour(VgaColour)
                0x00000000c0010698                VgaText::setDefaultFgColour(VgaColour)
                0x00000000c00106a8                VgaText::setDefaultColours(VgaColour, VgaColour)
                0x00000000c00106c8                VgaText::combineColours(unsigned char, unsigned char)
                0x00000000c00106da                VgaText::scrollScreen()
                0x00000000c001076e                VgaText::combineCharAndColour(char, unsigned char)
                0x00000000c0010780                VgaText::writeCharacter(char, VgaColour, VgaColour, int, int)
                0x00000000c00107dc                VgaText::getCursorX()
                0x00000000c00107e4                VgaText::getCursorY()
                0x00000000c00107ec                VgaText::setCursor(int, int)
                0x00000000c0010804                VgaText::setCursorX(int)
                0x00000000c001081c                VgaText::setCursorY(int)
                0x00000000c0010834                VgaText::incrementCursor(bool)
                0x00000000c0010888                VgaText::updateRAMUsageDisplay(int)
                0x00000000c00108ec                VgaText::updateDiskUsage()
                0x00000000c0010a56                VgaText::updateTitle()
                0x00000000c0010a9a                VgaText::setTitleTextColour(VgaColour)
                0x00000000c0010aa8                VgaText::setTitleColour(VgaColour)
                0x00000000c0010ab6                VgaText::setTitle(char*)
                0x00000000c0010adc                VgaText::decrementCursor(bool)
                0x00000000c0010afe                VgaText::putchar(char, VgaColour, VgaColour)
                0x00000000c0010bd6                VgaText::isShowingCursor()
                0x00000000c0010bde                VgaText::isBlinkDisabled()
                0x00000000c0010bea                VgaText::setCursorHeight(int)
                0x00000000c0010c02                VgaText::getCursorHeight()
                0x00000000c0010c0a                setActiveTerminal(VgaText*)
                0x00000000c0010cb0                doTerminalCycle()
                0x00000000c0010cca                VgaText::doUpdate()
                0x00000000c0010cd8                VgaText::puts(char const*, VgaColour, VgaColour)
                0x00000000c0010e50                VgaText::clearScreen()
                0x00000000c0010eaa                VgaText::putchar(char)
                0x00000000c0010f96                VgaText::puts(char const*)
                0x00000000c0010fbc                VgaText::putx(unsigned int)
                0x00000000c0011002                VgaText::VgaText(char const*)
                0x00000000c0011002                VgaText::VgaText(char const*)
                0x00000000c00111b0                VgaText::receiveKey(unsigned char)
                0x00000000c0011298                VgaText::write(unsigned long long, void*, int*)
                0x00000000c00112ec                newTerminal(char*)
 *fill*         0x00000000c0011311        0x1 
 .text          0x00000000c0011312      0x1b3 core/tss.32
                0x00000000c0011312                TSS::TSS()
                0x00000000c0011312                TSS::TSS()
                0x00000000c0011320                TSS::setESP(unsigned long)
                0x00000000c0011332                TSS::flush()
                0x00000000c0011352                TSS::setup(unsigned long, unsigned long)
 *fill*         0x00000000c00114c5        0x1 
 .text          0x00000000c00114c6      0x4c2 core/unixfile.32
                0x00000000c00114c6                ReservedFilename::read(unsigned long long, void*, int*)
                0x00000000c001151c                ReservedFilename::isAtty()
                0x00000000c0011538                ReservedFilename::write(unsigned long long, void*, int*)
                0x00000000c0011596                UnixFile::getFileDescriptor()
                0x00000000c001159e                UnixFile::UnixFile(int)
                0x00000000c001159e                UnixFile::UnixFile(int)
                0x00000000c001174e                ReservedFilename::ReservedFilename(int)
                0x00000000c001174e                ReservedFilename::ReservedFilename(int)
                0x00000000c0011780                UnixFile::~UnixFile()
                0x00000000c0011780                UnixFile::~UnixFile()
                0x00000000c0011818                UnixFile::~UnixFile()
                0x00000000c0011840                ReservedFilename::~ReservedFilename()
                0x00000000c0011840                ReservedFilename::~ReservedFilename()
                0x00000000c0011864                ReservedFilename::~ReservedFilename()
                0x00000000c001188b                getFromFileDescriptor(int)
 .text          0x00000000c0011988     0x12f9 core/virtmgr.32
                0x00000000c0011988                Virt::setPageState(unsigned long, Virt::VirtPageState)
                0x00000000c00119bd                Virt::getPageState(unsigned long)
                0x00000000c00119e1                Virt::allocateKernelVirtualPages(int)
                0x00000000c0011af2                Virt::freeSwapfilePage(unsigned long)
                0x00000000c0011b10                Virt::swapIDToSector(unsigned long)
                0x00000000c0011b22                Virt::allocateSwapfilePage()
                0x00000000c0011ba0                Virt::virtualMemorySetup()
                0x00000000c0011c1f                Virt::swappingSetup()
                0x00000000c0011c20                Virt::setupPageSwapping(int)
                0x00000000c0011dec                VAS::VAS()
                0x00000000c0011dec                VAS::VAS()
                0x00000000c0011e28                VAS::VAS(VAS*)
                0x00000000c0011e28                VAS::VAS(VAS*)
                0x00000000c0011e56                VAS::getForeignPageTableEntry(bool, unsigned long)
                0x00000000c0011e82                VAS::getPageTableEntry(unsigned long)
                0x00000000c0011ea1                Virt::freeKernelVirtualPages(unsigned long)
                0x00000000c0011fc4                VAS::freeAllocatedPages(unsigned long)
                0x00000000c0011fe8                VAS::virtualToPhysical(unsigned long)
                0x00000000c0012000                VAS::reflagRange(unsigned long, int, int, int)
                0x00000000c0012040                VAS::setToWriteCombining(unsigned long, int)
                0x00000000c0012072                VAS::mapOtherVASIn(bool, VAS*)
                0x00000000c001209c                VAS::~VAS()
                0x00000000c001209c                VAS::~VAS()
                0x00000000c0012218                VAS::mapPage(unsigned long, unsigned long, int)
                0x00000000c001231a                VAS::allocatePages(int, int)
                0x00000000c00124f2                VAS::setCPUSpecific(unsigned long)
                0x00000000c001250e                VAS::mapRange(unsigned long, unsigned long, int, int)
                0x00000000c00125d4                VAS::mapForeignPage(bool, VAS*, unsigned long, unsigned long, int)
                0x00000000c00126c2                VAS::VAS(bool)
                0x00000000c00126c2                VAS::VAS(bool)
                0x00000000c0012942                VAS::evict(unsigned long)
                0x00000000c0012a04                VAS::tryLoadBackOffDisk(unsigned long)
                0x00000000c0012b14                VAS::scanForEviction()
                0x00000000c0012bc5                mapVASFirstTime
 .text          0x00000000c0012c81       0x95 coreobjs/c++.32
                0x00000000c0012c81                __cxa_atexit
                0x00000000c0012c84                __cxa_finalize
                0x00000000c0012c85                __stack_chk_fail
                0x00000000c0012cf1                __cxa_pure_virtual
                0x00000000c0012d02                operator new[](unsigned long)
                0x00000000c0012d07                operator delete(void*, unsigned long)
                0x00000000c0012d0c                operator delete[](void*)
                0x00000000c0012d11                operator delete[](void*, unsigned long)
 .text          0x00000000c0012d16      0x1ef dbg/kconsole.32
                0x00000000c0012d16                Dbg::stringifyxWithBase(unsigned int, char*, int)
                0x00000000c0012d77                Dbg::logc(char)
                0x00000000c0012d8e                Dbg::logs(char*)
                0x00000000c0012dab                Dbg::logWriteInt(unsigned int)
                0x00000000c0012dc8                Dbg::logWriteIntBase(unsigned int, int)
                0x00000000c0012de7                Dbg::kprintf(char const*, ...)
 *fill*         0x00000000c0012f05        0x1 
 .text          0x00000000c0012f06      0xb82 fs/vfs.32
                0x00000000c0012f06                File::read(unsigned long long, void*, int*)
                0x00000000c0012f5e                File::write(unsigned long long, void*, int*)
                0x00000000c0012fb6                Directory::read(unsigned long long, void*, int*)
                0x00000000c001300e                Directory::write(unsigned long long, void*, int*)
                0x00000000c001303c                File::isAtty()
                0x00000000c0013040                Directory::isAtty()
                0x00000000c0013044                Filesystem::getlabel(LogicalDisk*, int, char*, unsigned int*)
                0x00000000c001304a                Filesystem::setlabel(LogicalDisk*, int, char*)
                0x00000000c0013050                Filesystem::getFileFirstSector(char const*)
                0x00000000c0013056                File::~File()
                0x00000000c0013056                File::~File()
                0x00000000c001307a                File::~File()
                0x00000000c00130a4                Directory::~Directory()
                0x00000000c00130a4                Directory::~Directory()
                0x00000000c00130c8                Directory::~Directory()
                0x00000000c00130f2                Filesystem::Filesystem()
                0x00000000c00130f2                Filesystem::Filesystem()
                0x00000000c0013116                Filesystem::~Filesystem()
                0x00000000c0013116                Filesystem::~Filesystem()
                0x00000000c0013124                Filesystem::~Filesystem()
                0x00000000c0013148                Fs::getcwd(Process*, char*, int)
                0x00000000c0013172                Fs::initVFS()
                0x00000000c001319c                Fs::standardiseFiles(char*, char const*, char const*)
                0x00000000c0013346                File::File(char const*, Process*)
                0x00000000c0013346                File::File(char const*, Process*)
                0x00000000c00133aa                File::open(FileOpenMode)
                0x00000000c0013408                File::close()
                0x00000000c0013468                File::seek(unsigned long long)
                0x00000000c00134be                File::tell(unsigned long long*)
                0x00000000c001350e                File::rewind()
                0x00000000c0013522                File::unlink()
                0x00000000c001356e                File::rename(char const*)
                0x00000000c00135bc                File::chfatattr(unsigned char, unsigned char)
                0x00000000c0013618                File::exists()
                0x00000000c0013656                File::stat(unsigned long long*, bool*)
                0x00000000c00136b7                Fs::setcwd(Process*, char*)
                0x00000000c00137f2                Directory::Directory(char const*, Process*)
                0x00000000c00137f2                Directory::Directory(char const*, Process*)
                0x00000000c0013856                Directory::open()
                0x00000000c00138b2                Directory::close()
                0x00000000c0013912                Directory::unlink()
                0x00000000c001395e                Directory::rename(char const*)
                0x00000000c00139ac                Directory::exists()
                0x00000000c00139ea                Directory::read(dirent*)
                0x00000000c0013a36                Directory::create()
                0x00000000c0013a82                Filesystem::chfatattr(char const*, unsigned char, unsigned char)
 .text          0x00000000c0013a88       0x84 hal/bus.32
                0x00000000c0013a88                Bus::Bus(char const*)
                0x00000000c0013a88                Bus::Bus(char const*)
                0x00000000c0013abe                Bus::~Bus()
                0x00000000c0013abe                Bus::~Bus()
                0x00000000c0013ae2                Bus::~Bus()
 .text          0x00000000c0013b0c      0x156 hal/buzzer.32
                0x00000000c0013b0c                Buzzer::Buzzer(char const*)
                0x00000000c0013b0c                Buzzer::Buzzer(char const*)
                0x00000000c0013b50                Buzzer::~Buzzer()
                0x00000000c0013b50                Buzzer::~Buzzer()
                0x00000000c0013b74                Buzzer::~Buzzer()
                0x00000000c0013b9e                Buzzer::stop()
                0x00000000c0013bb1                beepThread(void*)
                0x00000000c0013bf4                Buzzer::beep(int, int, bool)
 .text          0x00000000c0013c62      0x467 hal/clock.32
                0x00000000c0013c62                User::loadClockSettings(int)
                0x00000000c0013cb4                Clock::Clock(char const*)
                0x00000000c0013cb4                Clock::Clock(char const*)
                0x00000000c0013cea                Clock::~Clock()
                0x00000000c0013cea                Clock::~Clock()
                0x00000000c0013d0e                Clock::~Clock()
                0x00000000c0013d38                Clock::timeInSecondsLocal()
                0x00000000c0013d80                Clock::setTimeInSecondsLocal(unsigned long long)
                0x00000000c0013dd9                datetimeToSeconds(datetime_t)
                0x00000000c0013f00                Clock::setTimeInDatetimeLocal(datetime_t)
                0x00000000c0013f60                secondsToDatetime(unsigned long long)
                0x00000000c00140a4                Clock::timeInDatetimeLocal()
 *fill*         0x00000000c00140c9        0x1 
 .text          0x00000000c00140ca      0x504 hal/device.32
                0x00000000c00140ca                Device::hibernate()
                0x00000000c00140cc                Device::wake()
                0x00000000c00140ce                Device::detect()
                0x00000000c00140d0                Device::disableLegacy()
                0x00000000c00140d2                Device::powerSaving(PowerSavingLevel)
                0x00000000c00140d4                DriverlessDevice::close(int, int, void*)
                0x00000000c00140d8                DriverlessDevice::detect()
                0x00000000c00140da                DriverlessDevice::open(int, int, void*)
                0x00000000c00140ee                Device::~Device()
                0x00000000c00140ee                Device::~Device()
                0x00000000c00140fc                Device::~Device()
                0x00000000c0014124                Device::findAndLoadDriver()
                0x00000000c0014132                Device::preOpenPCI(PCIDeviceInfo)
                0x00000000c0014158                Device::preOpenACPI(void*, char*, char*)
                0x00000000c0014198                Device::addIRQHandler(int, void (*)(regs*, void*), bool, void*)
                0x00000000c00141d6                Device::getParent()
                0x00000000c00141e2                Device::removeIRQHandler(int, void (*)(regs*, void*), bool)
                0x00000000c0014220                Device::addChild(Device*)
                0x00000000c0014264                Device::removeAllChildren()
                0x00000000c00142aa                Device::hibernateAll()
                0x00000000c00142da                Device::wakeAll()
                0x00000000c001430a                Device::detectAll()
                0x00000000c001433a                Device::disableLegacyAll()
                0x00000000c001436a                Device::loadDriversForAll()
                0x00000000c00143aa                Device::closeAll()
                0x00000000c00143e0                Device::powerSavingAll(PowerSavingLevel)
                0x00000000c0014416                Device::setName(char const*)
                0x00000000c0014424                Device::Device(char const*)
                0x00000000c0014424                Device::Device(char const*)
                0x00000000c0014520                Device::getName()
                0x00000000c001452a                DriverlessDevice::DriverlessDevice(char const*)
                0x00000000c001452a                DriverlessDevice::DriverlessDevice(char const*)
                0x00000000c0014560                Device::addToLinkedList(LinkedList<Device>&, DeviceType)
                0x00000000c00145a4                getDevicesOfType(DeviceType)
 .text          0x00000000c00145ce       0x84 hal/diskctrl.32
                0x00000000c00145ce                HardDiskController::HardDiskController(char const*)
                0x00000000c00145ce                HardDiskController::HardDiskController(char const*)
                0x00000000c0014604                HardDiskController::~HardDiskController()
                0x00000000c0014604                HardDiskController::~HardDiskController()
                0x00000000c0014628                HardDiskController::~HardDiskController()
 .text          0x00000000c0014652       0xf2 hal/diskphys.32
                0x00000000c0014652                PhysicalDisk::eject()
                0x00000000c0014666                PhysicalDisk::PhysicalDisk(char const*, int)
                0x00000000c0014666                PhysicalDisk::PhysicalDisk(char const*, int)
                0x00000000c00146ce                PhysicalDisk::startCache()
                0x00000000c00146f6                PhysicalDisk::~PhysicalDisk()
                0x00000000c00146f6                PhysicalDisk::~PhysicalDisk()
                0x00000000c001471a                PhysicalDisk::~PhysicalDisk()
 .text          0x00000000c0014744      0x13b hal/fpu.32
                0x00000000c0014744                FPU::FPU(char const*)
                0x00000000c0014744                FPU::FPU(char const*)
                0x00000000c001477a                FPU::~FPU()
                0x00000000c001477a                FPU::~FPU()
                0x00000000c001479e                FPU::~FPU()
                0x00000000c00147c8                setupFPU()
 *fill*         0x00000000c001487f        0x1 
 .text          0x00000000c0014880     0x1413 hal/intctrl.32
                0x00000000c0014880                InterruptController::uninstallISRHandler(int, void (*)(regs*, void*))
                0x00000000c00148b8                InterruptController::installISRHandler(int, void (*)(regs*, void*), void*)
                0x00000000c001490a                doubleFault(regs*, void*)
                0x00000000c0014924                InterruptController::installIRQHandler(int, void (*)(regs*, void*), bool, void*)
                0x00000000c00149c0                InterruptController::clearAllHandlers(int, bool)
                0x00000000c0014a68                InterruptController::uninstallIRQHandler(int, void (*)(regs*, void*), bool)
                0x00000000c0014aef                nmiHandler(regs*, void*)
                0x00000000c0014afd                int_handler
                0x00000000c0014b9e                InterruptController::InterruptController(char const*)
                0x00000000c0014b9e                InterruptController::InterruptController(char const*)
                0x00000000c0014c44                InterruptController::~InterruptController()
                0x00000000c0014c44                InterruptController::~InterruptController()
                0x00000000c0014c68                InterruptController::~InterruptController()
                0x00000000c0014c92                displayDebugInfo(regs*)
                0x00000000c0015121                x87EmulHandler(regs*, void*)
                0x00000000c0015194                gpFault(regs*, void*)
                0x00000000c00151cd                pgFault(regs*, void*)
                0x00000000c00151e4                otherISRHandler(regs*, void*)
                0x00000000c0015203                opcodeFault(regs*, void*)
                0x00000000c0015820                displayProgramFault(char const*)
                0x00000000c0015848                setupInterruptController()
                0x00000000c0015c46                InterruptController::convertLegacyIRQNumber(int)
 *fill*         0x00000000c0015c93        0x1 
 .text          0x00000000c0015c94      0x794 hal/keybrd.32
                0x00000000c0015c94                startGUI(void*)
                0x00000000c0015d00                startGUIVESA(void*)
                0x00000000c0015d6c                sendKeyToTerminal(unsigned char)
                0x00000000c0015e2a                sendKeyboardToken(KeyboardToken)
                0x00000000c0016267                clearInternalKeybuffer(VgaText*)
                0x00000000c001629c                readKeyboard(VgaText*, char*, unsigned long)
                0x00000000c001639e                Keyboard::Keyboard(char const*)
                0x00000000c001639e                Keyboard::Keyboard(char const*)
                0x00000000c00163da                Keyboard::~Keyboard()
                0x00000000c00163da                Keyboard::~Keyboard()
                0x00000000c00163fe                Keyboard::~Keyboard()
 .text          0x00000000c0016428      0x414 hal/logidisk.32
                0x00000000c0016428                LogicalDisk::close(int, int, void*)
                0x00000000c001642c                LogicalDisk::~LogicalDisk()
                0x00000000c001642c                LogicalDisk::~LogicalDisk()
                0x00000000c0016450                LogicalDisk::~LogicalDisk()
                0x00000000c001647a                LogicalDisk::open(int, int, void*)
                0x00000000c001648e                LogicalDisk::absoluteToRelative(unsigned long long)
                0x00000000c00164c6                LogicalDisk::relativeToAbsolute(unsigned long long)
                0x00000000c001650c                LogicalDisk::LogicalDisk(char const*, PhysicalDisk*, unsigned long long, unsigned long long)
                0x00000000c001650c                LogicalDisk::LogicalDisk(char const*, PhysicalDisk*, unsigned long long, unsigned long long)
                0x00000000c00165c2                LogicalDisk::assignDriveLetter()
                0x00000000c0016678                LogicalDisk::mount()
                0x00000000c00166ea                LogicalDisk::unmount()
                0x00000000c00166fa                LogicalDisk::eject()
                0x00000000c001670e                LogicalDisk::unassignDriveLetter()
                0x00000000c0016764                LogicalDisk::read(unsigned long long, int, void*)
                0x00000000c00167d0                LogicalDisk::write(unsigned long long, int, void*)
 .text          0x00000000c001683c       0x84 hal/mouse.32
                0x00000000c001683c                Mouse::Mouse(char const*)
                0x00000000c001683c                Mouse::Mouse(char const*)
                0x00000000c0016872                Mouse::~Mouse()
                0x00000000c0016872                Mouse::~Mouse()
                0x00000000c0016896                Mouse::~Mouse()
 .text          0x00000000c00168c0      0x359 hal/partition.32
                0x00000000c00168c0                makePartition(PhysicalDisk*, unsigned long long, unsigned long long)
                0x00000000c0016988                createPartitionsForDisk(PhysicalDisk*)
 *fill*         0x00000000c0016c19        0x1 
 .text          0x00000000c0016c1a       0x84 hal/serial.32
                0x00000000c0016c1a                Serial::Serial(char const*)
                0x00000000c0016c1a                Serial::Serial(char const*)
                0x00000000c0016c50                Serial::~Serial()
                0x00000000c0016c50                Serial::~Serial()
                0x00000000c0016c74                Serial::~Serial()
 .text          0x00000000c0016c9e      0x2f3 hal/timer.32
                0x00000000c0016c9e                Timer::Timer(char const*)
                0x00000000c0016c9e                Timer::Timer(char const*)
                0x00000000c0016cd4                Timer::~Timer()
                0x00000000c0016cd4                Timer::~Timer()
                0x00000000c0016cf8                Timer::~Timer()
                0x00000000c0016d22                Timer::read()
                0x00000000c0016d2d                timerHandler(unsigned long long)
                0x00000000c0016e9f                setupTimer(int)
 *fill*         0x00000000c0016f91        0x1 
 .text          0x00000000c0016f92      0x409 hal/vcache.32
                0x00000000c0016f92                VCache::VCache(PhysicalDisk*)
                0x00000000c0016f92                VCache::VCache(PhysicalDisk*)
                0x00000000c00170fa                VCache::invalidateReadBuffer()
                0x00000000c001710a                VCache::writeWriteBuffer()
                0x00000000c0017146                VCache::~VCache()
                0x00000000c0017146                VCache::~VCache()
                0x00000000c001719a                VCache::~VCache()
                0x00000000c00171c2                VCache::write(unsigned long long, int, void*)
                0x00000000c00172ac                VCache::read(unsigned long long, int, void*)
 *fill*         0x00000000c001739b        0x1 
 .text          0x00000000c001739c      0x4cd hal/video.32
                0x00000000c001739c                Video::putrect(int, int, int, int, unsigned int)
                0x00000000c00173e8                Video::bitblit(int, int, int, int, int, int, int, unsigned int*)
                0x00000000c0017458                Video::blit(unsigned int*, int, int, int, int)
                0x00000000c00174d6                Video::clearScreen(unsigned int)
                0x00000000c001750a                Video::putpixel(int, int, unsigned int)
                0x00000000c0017518                Video::Video(char const*)
                0x00000000c0017518                Video::Video(char const*)
                0x00000000c001754e                Video::~Video()
                0x00000000c001754e                Video::~Video()
                0x00000000c0017572                Video::~Video()
                0x00000000c001759c                Video::isMonochrome()
                0x00000000c00175a8                Video::getWidth()
                0x00000000c00175b4                Video::getHeight()
                0x00000000c00175c0                Video::drawCursor(int, int, unsigned char*, int)
                0x00000000c001767c                Video::tgaParse(unsigned char*, int, int*, int*)
                0x00000000c00177fe                Video::putTGA(int, int, unsigned char*, int)
 *fill*         0x00000000c0017869        0x1 
 .text          0x00000000c001786a     0x1275 hw/acpi.32
                0x00000000c001786a                ACPI::close(int, int, void*)
                0x00000000c001791f                findRSDP()
                0x00000000c00179b9                loadACPITables(unsigned char*)
                0x00000000c0017c10                findRSDT(unsigned char*)
                0x00000000c0017d5a                findDataTable(unsigned char*, char*)
                0x00000000c0017df6                scanMADT()
                0x00000000c001827c                ACPI::ACPI()
                0x00000000c001827c                ACPI::ACPI()
                0x00000000c00182e6                ACPI::getPCIIRQAssignment(unsigned char, unsigned short, unsigned char)
                0x00000000c00183c8                ACPI::registerPCIIRQAssignment(void*, unsigned short, unsigned char, unsigned char)
                0x00000000c001848e                ACPI::setScreenBrightnessLevel(void*, int)
                0x00000000c0018494                ACPI::writeSimpleBootFlag(SimpleBootFlagTable*)
                0x00000000c00184dc                ACPI::sleep()
                0x00000000c00184f4                ACPI::open(int, int, void*)
 *fill*         0x00000000c0018adf        0x1 
 .text          0x00000000c0018ae0     0x1717 hw/cpu.32
                0x00000000c0018ae0                CPU::close(int, int, void*)
                0x00000000c0018ae4                CPU::lookupAMDName(unsigned char, unsigned char)
                0x00000000c0018c78                CPU::lookupIntelName(unsigned char, unsigned char)
                0x00000000c0018f26                CPU::AMD_K6_write_msr(unsigned int, unsigned int, unsigned int, CPU::REGS*)
                0x00000000c0018f42                CPU::AMD_K6_read_msr(unsigned int, CPU::REGS*)
                0x00000000c0018f5a                CPU::AMD_K6_writeback(int, int, int)
                0x00000000c0018fce                CPU::cpuid(int, unsigned long*, unsigned long*, unsigned long*, unsigned long*)
                0x00000000c0019052                CPU::cpuidCheckEDX(unsigned int)
                0x00000000c0019080                CPU::cpuidCheckECX(unsigned int)
                0x00000000c00190ae                CPU::cpuidCheckExtendedEBX(unsigned int)
                0x00000000c00190dc                CPU::cpuidCheckExtendedECX(unsigned int)
                0x00000000c001910a                CPU::CPU()
                0x00000000c001910a                CPU::CPU()
                0x00000000c0019198                CPU::displayFeatures()
                0x00000000c0019414                CPU::detectFeatures()
                0x00000000c0019e06                CPU::setupSMEP()
                0x00000000c0019e12                CPU::setupUMIP()
                0x00000000c0019e1c                CPU::setupTSC()
                0x00000000c0019e26                CPU::setupLargePages()
                0x00000000c0019e30                CPU::setupPAT()
                0x00000000c0019e6c                CPU::setupMTRR()
                0x00000000c0019e6e                CPU::setupGlobalPages()
                0x00000000c0019e78                CPU::allowUsermodeDataAccess()
                0x00000000c0019e8a                CPU::prohibitUsermodeDataAccess()
                0x00000000c0019e9c                CPU::setupSMAP()
                0x00000000c0019eaa                CPU::setupFeatures()
                0x00000000c0019f2a                CPU::open(int, int, void*)
                0x00000000c0019ffc                CPU::decodeAddress(regs*, int*, bool*, unsigned char*)
 .text          0x00000000c001a1f7        0x0 hw/ports.32
 .text          0x00000000c001a1f7      0x16a hw/smp.32
                0x00000000c001a1f7                Krnl::smpEntry()
                0x00000000c001a1f9                Krnl::startCPU(int)
                0x00000000c001a342                Krnl::startCPUs()
 *fill*         0x00000000c001a361        0x1 
 .text          0x00000000c001a362      0x5cd krnl/env.32
                0x00000000c001a362                EnvVarContainer::getEnv(char const*)
                0x00000000c001a3a0                EnvVarContainer::setEnv(char const*, char const*)
                0x00000000c001a462                EnvVarContainer::deleteEnv(char const*)
                0x00000000c001a464                EnvVarContainer::loadFrom(char const*, char const*)
                0x00000000c001a666                EnvVarContainer::__loadSystem()
                0x00000000c001a680                EnvVarContainer::__loadUser()
                0x00000000c001a682                EnvVarContainer::EnvVarContainer(Process*)
                0x00000000c001a682                EnvVarContainer::EnvVarContainer(Process*)
                0x00000000c001a6a4                EnvVarContainer::~EnvVarContainer()
                0x00000000c001a6a4                EnvVarContainer::~EnvVarContainer()
                0x00000000c001a6d4                Krnl::getEnv(Process*, char const*)
                0x00000000c001a739                Krnl::setEnvSystem(char const*, char const*)
                0x00000000c001a753                Krnl::setEnvUser(char const*, char const*)
                0x00000000c001a772                Krnl::setEnvProcess(Process*, char const*, char const*)
                0x00000000c001a785                Krnl::deleteEnvSystem(char const*)
                0x00000000c001a786                Krnl::deleteEnvUser(char const*)
                0x00000000c001a787                Krnl::deleteEnvProcess(Process*, char const*)
                0x00000000c001a788                Krnl::newProcessEnv(Process*)
                0x00000000c001a7aa                Krnl::copyProcessEnv(Process*, Process*)
                0x00000000c001a7f6                Krnl::loadSystemEnv()
                0x00000000c001a824                Krnl::loadUserEnv()
                0x00000000c001a84a                Krnl::flushEnv()
                0x00000000c001a84b                Krnl::getProcessTotalEnvCount(Process*)
                0x00000000c001a86b                Krnl::getProcessEnvPair(Process*, int)
 .text          0x00000000c001a92f      0x396 krnl/panic.32
                0x00000000c001a92f                Krnl::panic(char const*)
 .text          0x00000000c001acc5      0x57f net/ethernet.32
                0x00000000c001acc5                Net::switchEndian16(unsigned short)
                0x00000000c001ace6                Net::switchEndian32(unsigned int)
                0x00000000c001ad15                Net::crc32Calc(unsigned char*, int)
                0x00000000c001ada6                Net::wrapEthernetFrame(Net::UnwrappedEthernetFrame, unsigned char*)
                0x00000000c001afb9                Net::unwrapEthernetFrame(unsigned char*, int)
 .text          0x00000000c001b244      0x50e reg/registry.32
                0x00000000c001b244                Reg::findLineFromLoadedData(char*, char*, char*)
                0x00000000c001b39c                Reg::getLineFromRegistry(char*, char*, char*, char*)
                0x00000000c001b4f1                Reg::getLine(char*, char*, char*)
                0x00000000c001b528                Reg::readInt(char*, char*, int*)
                0x00000000c001b613                Reg::readString(char*, char*, char*, int)
                0x00000000c001b694                Reg::readBool(char*, char*, bool*)
                0x00000000c001b6b9                Reg::readBoolWithDefault(char*, char*, bool)
                0x00000000c001b6e5                Reg::readIntWithDefault(char*, char*, int)
                0x00000000c001b711                Reg::readStringWithDefault(char*, char*, char*, int, char*)
 .text          0x00000000c001b752       0x36 sys/sc_eject.32
                0x00000000c001b752                Sys::eject(regs*)
 .text          0x00000000c001b788       0x18 sys/sc_exit.32
                0x00000000c001b788                Sys::exit(regs*)
 .text          0x00000000c001b7a0       0x1f sys/sc_getcwd.32
                0x00000000c001b7a0                Sys::getCwd(regs*)
 .text          0x00000000c001b7bf        0xc sys/sc_getpid.32
                0x00000000c001b7bf                Sys::getPID(regs*)
 .text          0x00000000c001b7cb       0x17 sys/sc_getramdata.32
                0x00000000c001b7cb                Sys::getRAMData(regs*)
 .text          0x00000000c001b7e2       0x84 sys/sc_getvgaptr.32
                0x00000000c001b7e2                Sys::getVGAPtr(regs*)
 .text          0x00000000c001b866       0xa8 sys/sc_loaddll.32
                0x00000000c001b866                Sys::loadDLL(regs*)
 .text          0x00000000c001b90e       0x68 sys/sc_read.32
                0x00000000c001b90e                Sys::read(regs*)
 .text          0x00000000c001b976       0x55 sys/sc_sbrk.32
                0x00000000c001b976                Sys::sbrk(regs*)
 .text          0x00000000c001b9cb       0x1c sys/sc_setcwd.32
                0x00000000c001b9cb                Sys::setCwd(regs*)
 .text          0x00000000c001b9e7      0x128 sys/sc_settime.32
                0x00000000c001b9e7                Sys::setTime(regs*)
 .text          0x00000000c001bb0f       0x4a sys/sc_timezone.32
                0x00000000c001bb0f                Sys::timezone(regs*)
 .text          0x00000000c001bb59       0x68 sys/sc_write.32
                0x00000000c001bb59                Sys::write(regs*)
 .text          0x00000000c001bbc1       0x62 sys/sc_wsbe.32
                0x00000000c001bbc1                Sys::wsbe(regs*)
 .text          0x00000000c001bc23       0x46 sys/sc_yield.32
                0x00000000c001bc23                Sys::yield(regs*)
 .text          0x00000000c001bc69     0x1101 sys/syscalls.32
                0x00000000c001bc69                sysCallSeekDir(regs*)
                0x00000000c001bc6e                sysCallTellDir(regs*)
                0x00000000c001bc73                sysCallVerify(regs*)
                0x00000000c001bc7d                sysFormatDisk(regs*)
                0x00000000c001bce7                sysSetDiskVolumeLabel(regs*)
                0x00000000c001bd2d                sysGetDiskVolumeLabel(regs*)
                0x00000000c001bd7e                sysShutdown(regs*)
                0x00000000c001bddc                sysCallRealpath(regs*)
                0x00000000c001be1f                sysCallGetArgc(regs*)
                0x00000000c001be4d                sysCallReadDir(regs*)
                0x00000000c001bedb                sysCallIsATTY(regs*)
                0x00000000c001bf35                sysCallSeek(regs*)
                0x00000000c001bf9e                sysCallTell(regs*)
                0x00000000c001c01b                sysCallSize(regs*)
                0x00000000c001c09e                sysCallSizeFromFilename(regs*)
                0x00000000c001c15e                sysCallClose(regs*)
                0x00000000c001c1e6                sysCallOpenDir(regs*)
                0x00000000c001c25b                sysCallCloseDir(regs*)
                0x00000000c001c2c1                sysCallMakeDir(regs*)
                0x00000000c001c331                sysCallWait(regs*)
                0x00000000c001c34b                sysCallNotImpl(regs*)
                0x00000000c001c366                sysPanic(regs*)
                0x00000000c001c38c                sysCallRmdir(regs*)
                0x00000000c001c3f0                sysCallUnlink(regs*)
                0x00000000c001c454                sysCallGetArgv(regs*)
                0x00000000c001c4a0                sysCallTTYName(regs*)
                0x00000000c001c523                sysCallUSleep(regs*)
                0x00000000c001c54a                sysCallSpawn(regs*)
                0x00000000c001c5bf                sysCallGetEnv(regs*)
                0x00000000c001c6f7                sysAppSettings(regs*)
                0x00000000c001c80b                sysSetFatAttrib(regs*)
                0x00000000c001c87d                sysPipe(regs*)
                0x00000000c001c8c2                sysGetUnixTime(regs*)
                0x00000000c001c8d6                string_ends_with(char const*, char const*)
                0x00000000c001c91e                sysCallOpen(regs*)
                0x00000000c001cb33                Sys::loadSyscalls()
                0x00000000c001cd28                Sys::systemCall(regs*, void*)
 .text          0x00000000c001cd6a     0x11fd thr/elf.32
                0x00000000c001cd6a                Thr::allocateMemoryForTask(Process*, File*, unsigned long, unsigned long, unsigned long)
                0x00000000c001d014                Thr::loadProgramIntoMemory(Process*, char const*)
                0x00000000c001d22a                Thr::runtimeReferenceHelper()
                0x00000000c001d23d                Thr::getAddressOfKernelSymbol(char const*)
                0x00000000c001d28c                Thr::loadKernelSymbolTable(char const*)
                0x00000000c001d54a                Thr::loadDriverIntoMemory(char const*, unsigned long, bool)
                0x00000000c001dc80                Thr::getDriverBaseFromAddress(unsigned long)
                0x00000000c001dcb2                Thr::getDriverNameFromAddress(unsigned long)
                0x00000000c001dce9                Thr::getDriverOffsetFromAddress(unsigned long)
                0x00000000c001dd03                Thr::loadDLL(char const*, bool)
                0x00000000c001df2e                Thr::executeDLL(unsigned long, void*)
 *fill*         0x00000000c001df67        0x1 
 .text          0x00000000c001df68     0x1315 thr/prcssthr.32
                0x00000000c001df68                userModeEntryPoint(void*)
                0x00000000c001df8e                changeTSS
                0x00000000c001dfbe                switchToThread(ThreadControlBlock*)
                0x00000000c001e068                Process::addArgs(char**)
                0x00000000c001e0c2                Process::Process(char const*, Process*, char**)
                0x00000000c001e0c2                Process::Process(char const*, Process*, char**)
                0x00000000c001e2a6                Process::Process(bool, char const*, Process*, char**)
                0x00000000c001e2a6                Process::Process(bool, char const*, Process*, char**)
                0x00000000c001e455                taskStartupFunction
                0x00000000c001e45e                Semaphore::Semaphore(int)
                0x00000000c001e45e                Semaphore::Semaphore(int)
                0x00000000c001e48c                Mutex::Mutex()
                0x00000000c001e48c                Mutex::Mutex()
                0x00000000c001e49e                Process::createThread(void (*)(void*), void*, int)
                0x00000000c001e5a4                Process::createUserThread()
                0x00000000c001e5c0                setupMultitasking(void (*)())
                0x00000000c001e6e2                schedule()
                0x00000000c001e768                Semaphore::tryAcquire()
                0x00000000c001e824                Semaphore::assertLocked(char const*)
                0x00000000c001e893                blockTaskWithSchedulerLockAlreadyHeld(TaskState)
                0x00000000c001e8e1                blockTask(TaskState)
                0x00000000c001e90e                waitTask(int, int*, int)
                0x00000000c001e950                nanoSleepUntil(unsigned long long)
                0x00000000c001e9e5                nanoSleep(unsigned long long)
                0x00000000c001e9fd                sleep(unsigned long long)
                0x00000000c001ea1a                Semaphore::acquire()
                0x00000000c001eabc                taskReturned
                0x00000000c001eaf7                Thr::processFromPID(int)
                0x00000000c001eba6                unblockTask(ThreadControlBlock*)
                0x00000000c001ec53                cleanupTerminatedTask(ThreadControlBlock*)
                0x00000000c001ef1c                cleanerTaskFunction(void*)
                0x00000000c001f015                terminateTask(int)
                0x00000000c001f147                Thr::terminateFromIRQ(int)
                0x00000000c001f154                Semaphore::release()
 .text          0x00000000c001f27d      0xada vm86/vm8086.32
                0x00000000c001f27d                Vm::inbv(unsigned short)
                0x00000000c001f290                Vm::outbv(unsigned short, unsigned char)
                0x00000000c001f2c6                Vm::realToLinear(unsigned short, unsigned short)
                0x00000000c001f2d6                Vm::getSegment(unsigned int)
                0x00000000c001f2de                Vm::getOffset(unsigned int)
                0x00000000c001f2e3                Vm::mainloop2()
                0x00000000c001f31d                Vm::mainVm8086Loop(void*)
                0x00000000c001f32d                Vm::mainloop3(unsigned long)
                0x00000000c001f353                Vm::initialise8086()
                0x00000000c001f396                Vm::finish8086()
                0x00000000c001f3f7                Vm::getOutput8086(unsigned char*)
                0x00000000c001f41c                Vm::start8086(char const*, unsigned short, unsigned short, unsigned short, unsigned short)
                0x00000000c001f584                Vm::doISR(regs*, int, unsigned char*, unsigned short, unsigned short)
                0x00000000c001f60e                Vm::readByteFromReal(unsigned short, unsigned short)
                0x00000000c001f61f                Vm::readWordFromReal(unsigned short, unsigned short)
                0x00000000c001f631                Vm::readDwordFromReal(unsigned short, unsigned short)
                0x00000000c001f642                Vm::writeByteFromReal(unsigned short, unsigned short, unsigned char)
                0x00000000c001f657                Vm::writeWordFromReal(unsigned short, unsigned short, unsigned short)
                0x00000000c001f66d                Vm::writeDwordFromReal(unsigned short, unsigned short, unsigned int)
                0x00000000c001f682                Vm::faultHandler(regs*)
 .text          0x00000000c001fd57      0xefd vm86/x87em.32
                0x00000000c001fd57                Vm::fpuInternalTo32(unsigned long long)
                0x00000000c001fdb2                Vm::fpuInternalTo64(unsigned long long)
                0x00000000c001fdbb                Vm::fpu32ToInternal(unsigned int)
                0x00000000c001fe00                Vm::fpu64ToInternal(unsigned long long)
                0x00000000c001fe09                Vm::fpuFloatToLong(unsigned long long)
                0x00000000c001fe64                Vm::fpuULongToFloat(unsigned long long)
                0x00000000c001fe9a                Vm::fpuLongToFloat(long long)
                0x00000000c001fef0                Vm::fpuGet0()
                0x00000000c001fef5                Vm::fpuGet1()
                0x00000000c001fefd                Vm::fpuGetPi()
                0x00000000c001ff05                Vm::fpuGetLog2E()
                0x00000000c001ff1d                Vm::fpuGetLogE2()
                0x00000000c001ff35                Vm::fpuGetLog210()
                0x00000000c001ff4d                Vm::fpuGetLog102()
                0x00000000c001ff65                Vm::fpuIsSecondLarger(unsigned long long, unsigned long long)
                0x00000000c001ff79                Vm::fpuAreEqual(unsigned long long, unsigned long long)
                0x00000000c001ff8f                Vm::fpuUnorderedCompare(unsigned long long, unsigned long long)
                0x00000000c001ffe2                Vm::fpuAdd(unsigned long long, unsigned long long)
                0x00000000c001fff3                Vm::fpuAbs(unsigned long long)
                0x00000000c001fffc                Vm::fpuChs(unsigned long long)
                0x00000000c002000c                Vm::fpuSub(unsigned long long, unsigned long long)
                0x00000000c002001b                Vm::fpuMultiply(unsigned long long, unsigned long long)
                0x00000000c002003a                Vm::fpuDivide(unsigned long long, unsigned long long)
                0x00000000c0020056                Vm::fpuSquare(unsigned long long)
                0x00000000c002006c                Vm::fpuGetReg(int)
                0x00000000c00200af                Vm::fpuSetReg(int, unsigned long long)
                0x00000000c00200fa                Vm::fpuPush(unsigned long long)
                0x00000000c0020157                Vm::fpuPop()
                0x00000000c00201a9                Vm::x87Handler(regs*)
 .text          0x00000000c0020c54     0x1203 fs/fat/vfslink.32
                0x00000000c0020c54                FAT::getName()
                0x00000000c0020c5a                FAT::tell(void*, unsigned long long*)
                0x00000000c0020c8e                FAT::stat(void*, unsigned long long*)
                0x00000000c0020cc2                FAT::~FAT()
                0x00000000c0020cc2                FAT::~FAT()
                0x00000000c0020ce6                FAT::~FAT()
                0x00000000c0020d0e                FAT::getlabel(LogicalDisk*, int, char*, unsigned int*)
                0x00000000c0020dac                FAT::setlabel(LogicalDisk*, int, char*)
                0x00000000c0020e66                FAT::format(LogicalDisk*, int, char const*, int)
                0x00000000c002104a                FAT::tryMount(LogicalDisk*, int)
                0x00000000c0021250                FAT::getFileFirstSector(char const*)
                0x00000000c0021312                FAT::readDir(void*, unsigned long, void*, int*)
                0x00000000c002146c                FAT::read(void*, unsigned long, void*, int*)
                0x00000000c00214c6                FAT::write(void*, unsigned long, void*, int*)
                0x00000000c0021520                FAT::close(void*)
                0x00000000c002156c                FAT::closeDir(void*)
                0x00000000c00215b8                FAT::seek(void*, unsigned long long)
                0x00000000c002160c                fatWrapperReadDisk
                0x00000000c0021653                fatWrapperWriteDisk
                0x00000000c002169a                fatWrapperIoctl
                0x00000000c002179e                FAT::FAT()
                0x00000000c002179e                FAT::FAT()
                0x00000000c00217f0                FAT::fixFilepath(char*)
                0x00000000c0021828                FAT::open(char const*, void**, FileOpenMode)
                0x00000000c0021950                FAT::openDir(char const*, void**)
                0x00000000c00219f6                FAT::stat(char const*, unsigned long long*, bool*)
                0x00000000c0021ae0                FAT::unlink(char const*)
                0x00000000c0021b5a                FAT::chfatattr(char const*, unsigned char, unsigned char)
                0x00000000c0021cae                FAT::rename(char const*, char const*)
                0x00000000c0021d72                FAT::mkdir(char const*)
                0x00000000c0021dec                FAT::exists(char const*)
 *fill*         0x00000000c0021e57        0x1 
 .text          0x00000000c0021e58      0xba5 fs/iso9660/vfslink.32
                0x00000000c0021e58                ISO9660::format(LogicalDisk*, int, char const*, int)
                0x00000000c0021e5e                ISO9660::seek(void*, unsigned long long)
                0x00000000c0021e8e                ISO9660::tell(void*, unsigned long long*)
                0x00000000c0021eb2                ISO9660::getName()
                0x00000000c0021eb8                ISO9660::stat(void*, unsigned long long*)
                0x00000000c0021edc                ISO9660::chfatattr(char const*, unsigned char, unsigned char)
                0x00000000c0021ee2                ISO9660::unlink(char const*)
                0x00000000c0021ee8                ISO9660::write(void*, unsigned long, void*, int*)
                0x00000000c0021eee                ISO9660::rename(char const*, char const*)
                0x00000000c0021ef4                ISO9660::mkdir(char const*)
                0x00000000c0021efa                ISO9660::close(void*)
                0x00000000c0021f1c                ISO9660::closeDir(void*)
                0x00000000c0021f3e                ISO9660::~ISO9660()
                0x00000000c0021f3e                ISO9660::~ISO9660()
                0x00000000c0021f62                ISO9660::~ISO9660()
                0x00000000c0021f89                __memmem(unsigned char*, int, unsigned char*, int)
                0x00000000c0021fcb                readSectorFromCDROM(unsigned int, unsigned char*, char)
                0x00000000c0022026                ISO9660::tryMount(LogicalDisk*, int)
                0x00000000c0022076                ISO9660::read(void*, unsigned long, void*, int*)
                0x00000000c002227a                ISO9660::readDir(void*, unsigned long, void*, int*)
                0x00000000c00224f4                readRoot(unsigned int*, unsigned int*, char)
                0x00000000c0022548                readRecursively(char*, unsigned int, unsigned int, unsigned int*, unsigned int*, char, int*)
                0x00000000c002271b                getFileData(char*, unsigned int*, unsigned int*, char, int*)
                0x00000000c00227aa                ISO9660::open(char const*, void**, FileOpenMode)
                0x00000000c002286a                ISO9660::exists(char const*)
                0x00000000c002288e                ISO9660::stat(char const*, unsigned long long*, bool*)
                0x00000000c0022922                ISO9660::openDir(char const*, void**)
                0x00000000c00229da                ISO9660::ISO9660()
                0x00000000c00229da                ISO9660::ISO9660()
 *fill*         0x00000000c00229fd        0x1 
 .text          0x00000000c00229fe      0x3a6 hal/sound/sndchannel.32
                0x00000000c00229fe                SoundChannel::SoundChannel(int, int, int, int)
                0x00000000c00229fe                SoundChannel::SoundChannel(int, int, int, int)
                0x00000000c0022b38                SoundChannel::~SoundChannel()
                0x00000000c0022b38                SoundChannel::~SoundChannel()
                0x00000000c0022b54                SoundChannel::getSampleRate()
                0x00000000c0022b5c                SoundChannel::getBits()
                0x00000000c0022b64                SoundChannel::getBufferUsed()
                0x00000000c0022b6c                SoundChannel::getBufferSize()
                0x00000000c0022b74                SoundChannel::unbuffer(float*, int, int)
                0x00000000c0022c08                SoundChannel::buffer16(short*, int)
                0x00000000c0022d04                SoundChannel::buffer8(unsigned char*, int)
 .text          0x00000000c0022da4      0x504 hal/sound/sndhw.32
                0x00000000c0022da4                SoundDevice::SoundDevice(char const*)
                0x00000000c0022da4                SoundDevice::SoundDevice(char const*)
                0x00000000c0022e10                SoundDevice::~SoundDevice()
                0x00000000c0022e10                SoundDevice::~SoundDevice()
                0x00000000c0022e8a                SoundDevice::~SoundDevice()
                0x00000000c0022eb4                SoundDevice::getFreeChannelNum()
                0x00000000c0022ece                SoundDevice::addChannel(SoundChannel*)
                0x00000000c0022f3e                SoundDevice::removeChannel(int)
                0x00000000c0022f70                SoundDevice::floatTo16(float*, short*, int)
                0x00000000c002305e                SoundDevice::floatTo8(float*, unsigned char*, int)
                0x00000000c0023146                SoundDevice::getAudio(int, float*, float*)
 .text          0x00000000c00232a8        0x0 hw/bus/isa.32
 .text          0x00000000c00232a8      0xa31 hw/bus/pci.32
                0x00000000c00232a8                PCI::open(int, int, void*)
                0x00000000c00232bc                PCI::close(int, int, void*)
                0x00000000c00232c0                PCI::PCI()
                0x00000000c00232c0                PCI::PCI()
                0x00000000c0023348                PCI::readBAR8(unsigned int, int)
                0x00000000c0023364                PCI::readBAR16(unsigned int, int)
                0x00000000c0023382                PCI::readBAR32(unsigned int, int)
                0x00000000c002339e                PCI::writeBAR8(unsigned int, unsigned char, int)
                0x00000000c00233be                PCI::writeBAR16(unsigned int, unsigned short, int)
                0x00000000c0023402                PCI::writeBAR32(unsigned int, unsigned int, int)
                0x00000000c0023422                PCI::pciReadWord(unsigned char, unsigned char, unsigned char, unsigned char)
                0x00000000c002346a                PCI::getVendorID(unsigned char, unsigned char, unsigned char)
                0x00000000c002348c                PCI::getHeaderType(unsigned char, unsigned char, unsigned char)
                0x00000000c00234b0                PCI::getClassCode(unsigned char, unsigned char, unsigned char)
                0x00000000c00234f4                PCI::getProgIF(unsigned char, unsigned char, unsigned char)
                0x00000000c0023518                PCI::getRevisionID(unsigned char, unsigned char, unsigned char)
                0x00000000c002353a                PCI::getInterruptNumber(unsigned char, unsigned char, unsigned char)
                0x00000000c002355c                PCI::getSecondaryBus(unsigned char, unsigned char, unsigned char)
                0x00000000c0023580                PCI::getBARAddress(unsigned char, unsigned char, unsigned char, unsigned char)
                0x00000000c00235e0                PCI::pciWriteWord(unsigned char, unsigned char, unsigned char, unsigned char, unsigned short)
                0x00000000c002364c                PCI::pciDetailsToFilepath(PCIDeviceInfo, char*)
                0x00000000c00238d8                PCI::checkBus(unsigned char)
                0x00000000c00238fc                PCI::foundDevice(PCIDeviceInfo)
                0x00000000c0023a6e                PCI::getDeviceData(unsigned char, unsigned char, unsigned char)
                0x00000000c0023c1a                PCI::checkDevice(unsigned char, unsigned char)
                0x00000000c0023c86                PCI::detect()
 *fill*         0x00000000c0023cd9        0x1 
 .text          0x00000000c0023cda      0xc70 hw/diskctrl/ide.32
                0x00000000c0023cda                IDE::close(int, int, void*)
                0x00000000c0023cde                IDE::IDE()
                0x00000000c0023cde                IDE::IDE()
                0x00000000c0023d12                IDE::prepareInterrupt(unsigned char)
                0x00000000c0023d24                selectDrive(unsigned char, unsigned char)
                0x00000000c0023d26                IDE::getBase(unsigned char)
                0x00000000c0023d38                IDE::write(unsigned char, unsigned char, unsigned char)
                0x00000000c0023df8                IDE::read(unsigned char, unsigned char)
                0x00000000c0023ea6                IDE::waitInterrupt(unsigned char)
                0x00000000c0023f0c                ideChannel0IRQHandler(regs*, void*)
                0x00000000c0023f28                ideChannel1IRQHandler(regs*, void*)
                0x00000000c0023f44                IDE::enableIRQs(unsigned char, bool)
                0x00000000c0023f8a                IDE::open(int, int, void*)
                0x00000000c002439a                IDE::readBuffer(unsigned char, unsigned char, unsigned int, unsigned int)
                0x00000000c0024466                IDE::detect()
                0x00000000c002474e                IDE::printError(unsigned char, unsigned char, unsigned char)
                0x00000000c00248e4                IDE::polling(unsigned char, unsigned int)
 .text          0x00000000c002494a      0x390 hw/diskctrl/satabus.32
                0x00000000c002494a                SATABus::close(int, int, void*)
                0x00000000c002494e                SATABus::detect()
                0x00000000c0024950                SATABus::SATABus()
                0x00000000c0024950                SATABus::SATABus()
                0x00000000c00249fc                SATABus::findCmdslot(SATABus::tagHBA_PORT volatile*)
                0x00000000c0024a44                SATABus::checkType(SATABus::tagHBA_PORT volatile*)
                0x00000000c0024a8c                SATABus::startCmd(SATABus::tagHBA_PORT volatile*)
                0x00000000c0024aac                SATABus::stopCmd(SATABus::tagHBA_PORT volatile*)
                0x00000000c0024ad6                SATABus::portRebase(SATABus::tagHBA_PORT volatile*, int)
                0x00000000c0024bdc                SATABus::probePort(SATABus::tagHBA_MEM volatile*)
                0x00000000c0024cba                SATABus::open(int, int, void*)
 .text          0x00000000c0024cda      0x63c hw/diskphys/ata.32
                0x00000000c0024cda                ATA::close(int, int, void*)
                0x00000000c0024cfe                ATA::powerSaving(PowerSavingLevel)
                0x00000000c0024d00                ATA::ATA()
                0x00000000c0024d00                ATA::ATA()
                0x00000000c0024d2e                ATA::flush(bool)
                0x00000000c0024d78                ATA::readyForCommand()
                0x00000000c0024dc8                ATA::access(unsigned long long, int, void*, bool)
                0x00000000c0025150                ATA::read(unsigned long long, int, void*)
                0x00000000c00251b8                ATA::write(unsigned long long, int, void*)
                0x00000000c0025220                ATA::detectCHS()
                0x00000000c002524a                ATA::open(int, int, void*)
 .text          0x00000000c0025316      0x5bd hw/diskphys/atapi.32
                0x00000000c0025316                ATAPI::write(unsigned long long, int, void*)
                0x00000000c002531c                ATAPI::close(int, int, void*)
                0x00000000c0025340                ATAPI::ATAPI()
                0x00000000c0025340                ATAPI::ATAPI()
                0x00000000c002536e                ATAPI::readyForCommand()
                0x00000000c00253be                ATAPI::sendPacket(unsigned char*, int, bool, unsigned short*, int)
                0x00000000c002567e                ATAPI::diskRemoved()
                0x00000000c002569a                ATAPI::eject()
                0x00000000c00256e2                ATAPI::diskInserted()
                0x00000000c0025710                ATAPI::detectMedia()
                0x00000000c00257cc                ATAPI::open(int, int, void*)
                0x00000000c0025854                ATAPI::read(unsigned long long, int, void*)
 *fill*         0x00000000c00258d3        0x1 
 .text          0x00000000c00258d4      0x451 hw/diskphys/sata.32
                0x00000000c00258d4                SATA::close(int, int, void*)
                0x00000000c00258f8                SATA::powerSaving(PowerSavingLevel)
                0x00000000c00258fa                SATA::open(int, int, void*)
                0x00000000c00259a4                SATA::SATA()
                0x00000000c00259a4                SATA::SATA()
                0x00000000c00259d2                SATA::access(unsigned long long, int, void*, bool)
                0x00000000c0025c38                SATA::read(unsigned long long, int, void*)
                0x00000000c0025ca0                SATA::write(unsigned long long, int, void*)
 *fill*         0x00000000c0025d25        0x1 
 .text          0x00000000c0025d26      0x4fe hw/diskphys/satapi.32
                0x00000000c0025d26                SATAPI::write(unsigned long long, int, void*)
                0x00000000c0025d2c                SATAPI::close(int, int, void*)
                0x00000000c0025d50                SATAPI::SATAPI()
                0x00000000c0025d50                SATAPI::SATAPI()
                0x00000000c0025d7e                SATAPI::diskRemoved()
                0x00000000c0025d9a                SATAPI::diskInserted()
                0x00000000c0025dc8                SATAPI::sendPacket(unsigned char*, int, unsigned long long, unsigned short*, int)
                0x00000000c0025fd0                SATAPI::eject()
                0x00000000c0026018                SATAPI::detectMedia()
                0x00000000c00260da                SATAPI::open(int, int, void*)
                0x00000000c0026182                SATAPI::read(unsigned long long, int, void*)
 .text          0x00000000c0026224       0x8e hw/fpu/avx.32
                0x00000000c0026224                AVX::open(int, int, void*)
                0x00000000c0026236                AVX::close(int, int, void*)
                0x00000000c0026248                AVX::available()
                0x00000000c002625a                AVX::save(void*)
                0x00000000c0026272                AVX::load(void*)
                0x00000000c002628a                AVX::AVX()
                0x00000000c002628a                AVX::AVX()
 .text          0x00000000c00262b2       0x90 hw/fpu/mmx.32
                0x00000000c00262b2                MMX::available()
                0x00000000c00262c6                MMX::open(int, int, void*)
                0x00000000c00262d8                MMX::close(int, int, void*)
                0x00000000c00262ea                MMX::save(void*)
                0x00000000c0026302                MMX::load(void*)
                0x00000000c002631a                MMX::MMX()
                0x00000000c002631a                MMX::MMX()
 .text          0x00000000c0026342       0x96 hw/fpu/sse.32
                0x00000000c0026342                SSE::open(int, int, void*)
                0x00000000c0026354                SSE::close(int, int, void*)
                0x00000000c0026366                SSE::available()
                0x00000000c0026380                SSE::save(void*)
                0x00000000c0026398                SSE::load(void*)
                0x00000000c00263b0                SSE::SSE()
                0x00000000c00263b0                SSE::SSE()
 .text          0x00000000c00263d8       0x8e hw/fpu/x87.32
                0x00000000c00263d8                x87::open(int, int, void*)
                0x00000000c00263ea                x87::close(int, int, void*)
                0x00000000c00263fc                x87::available()
                0x00000000c002640e                x87::save(void*)
                0x00000000c0026426                x87::load(void*)
                0x00000000c002643e                x87::x87()
                0x00000000c002643e                x87::x87()
 .text          0x00000000c0026466      0x71e hw/intctrl/apic.32
                0x00000000c0026466                APIC::disable()
                0x00000000c0026468                APIC::close(int, int, void*)
                0x00000000c002648a                IOAPIC::close(int, int, void*)
                0x00000000c0026490                APIC::io_wait()
                0x00000000c0026496                APIC::getBase()
                0x00000000c00264d8                APIC::eoi(unsigned char)
                0x00000000c0026506                APIC::open(int, int, void*)
                0x00000000c0026654                IOAPIC::IOAPIC()
                0x00000000c0026654                IOAPIC::IOAPIC()
                0x00000000c002667c                APIC::APIC()
                0x00000000c002667c                APIC::APIC()
                0x00000000c0026758                IOAPIC::handlesGSIWithNumber(unsigned int)
                0x00000000c002678a                IOAPIC::read(int)
                0x00000000c00267b2                IOAPIC::open(int, int, void*)
                0x00000000c00268a8                IOAPIC::write(int, int)
                0x00000000c00268d4                IOAPIC::redirect(unsigned char, unsigned long long, unsigned char, bool, bool)
                0x00000000c00269ce                APIC::installIRQHandler(int, void (*)(regs*, void*), bool, void*)
 .text          0x00000000c0026b84      0x3d3 hw/intctrl/pic.32
                0x00000000c0026b84                PIC::disable()
                0x00000000c0026bb2                PIC::close(int, int, void*)
                0x00000000c0026bd4                PIC::PIC()
                0x00000000c0026bd4                PIC::PIC()
                0x00000000c0026caa                PIC::ioWait()
                0x00000000c0026cb0                PIC::getIRQReg(int)
                0x00000000c0026d1a                PIC::eoi(unsigned char)
                0x00000000c0026dac                PIC::remap()
                0x00000000c0026f18                PIC::open(int, int, void*)
 *fill*         0x00000000c0026f57        0x1 
 .text          0x00000000c0026f58      0x25e hw/timer/apictimer.32
                0x00000000c0026f58                APICTimer::close(int, int, void*)
                0x00000000c0026f5e                apicTimerHandler(regs*, void*)
                0x00000000c0026f8c                APICTimer::write(int)
                0x00000000c0027090                APICTimer::open(int, int, void*)
                0x00000000c002718e                APICTimer::APICTimer()
                0x00000000c002718e                APICTimer::APICTimer()
 .text          0x00000000c00271b6      0x1a7 hw/timer/pit.32
                0x00000000c00271b6                PIT::write(int)
                0x00000000c0027234                pitHandler(regs*, void*)
                0x00000000c0027260                PIT::open(int, int, void*)
                0x00000000c00272ae                PIT::close(int, int, void*)
                0x00000000c00272de                PIT::PIT()
                0x00000000c00272de                PIT::PIT()
 *fill*         0x00000000c002735d        0x3 
 .text          0x00000000c0027360       0x1e hw/fpu/x86/avx.32
                0x00000000c0027360                avxDetect
                0x00000000c0027366                avxSave
                0x00000000c0027367                avxLoad
                0x00000000c0027368                avxInit
                0x00000000c0027369                avxClose
                0x00000000c002736a                wouldSheSayYes
 *fill*         0x00000000c002737e        0x2 
 .text          0x00000000c0027380       0x35 hw/fpu/x86/sse.32
                0x00000000c0027380                absolutelyNoChanceInHell
                0x00000000c0027380                sseDetect
                0x00000000c0027398                sseSave
                0x00000000c002739e                sseLoad
                0x00000000c00273a4                sseInit
                0x00000000c00273b4                sseClose
 *fill*         0x00000000c00273b5        0xb 
 .text          0x00000000c00273c0       0x4d hw/fpu/x86/x87.32
                0x00000000c00273c6                x87Detect
                0x00000000c00273e1                x87Save
                0x00000000c00273ea                x87Load
                0x00000000c00273f2                x87Init
                0x00000000c002740c                x87Close
 *fill*         0x00000000c002740d        0x3 
 .text          0x00000000c0027410       0x25 /cygdrive/d/Users/Alex/Desktop/Toolchain/Output/bin/../lib/gcc/i386-banana/8.1.0/crtend.o
 .text          0x00000000c0027435        0x0 crtn.32
 *fill*         0x00000000c0027435        0x3 
 .text          0x00000000c0027438      0x14b /cygdrive/d/Users/Alex/Desktop/Toolchain/Output/bin/../lib/gcc/i386-banana/8.1.0/libkgcc.a(_divdi3.o)
                0x00000000c0027438                __divdi3
 *fill*         0x00000000c0027583        0x1 
 .text          0x00000000c0027584      0x17e /cygdrive/d/Users/Alex/Desktop/Toolchain/Output/bin/../lib/gcc/i386-banana/8.1.0/libkgcc.a(_moddi3.o)
                0x00000000c0027584                __moddi3
 *fill*         0x00000000c0027702        0x2 
 .text          0x00000000c0027704       0xff /cygdrive/d/Users/Alex/Desktop/Toolchain/Output/bin/../lib/gcc/i386-banana/8.1.0/libkgcc.a(_udivdi3.o)
                0x00000000c0027704                __udivdi3
 *fill*         0x00000000c0027803        0x1 
 .text          0x00000000c0027804      0x11a /cygdrive/d/Users/Alex/Desktop/Toolchain/Output/bin/../lib/gcc/i386-banana/8.1.0/libkgcc.a(_umoddi3.o)
                0x00000000c0027804                __umoddi3