Archive member included to satisfy reference by file (symbol)

/cygdrive/d/Users/Alex/Desktop/Toolchain/Output/bin/../lib/gcc/i386-banana/8.1.0/libkgcc.a(_divdi3.o)
                              fs/fat/ff.32 (__divdi3)
/cygdrive/d/Users/Alex/Desktop/Toolchain/Output/bin/../lib/gcc/i386-banana/8.1.0/libkgcc.a(_moddi3.o)
                              compat/resolve.32 (__moddi3)
/cygdrive/d/Users/Alex/Desktop/Toolchain/Output/bin/../lib/gcc/i386-banana/8.1.0/libkgcc.a(_udivdi3.o)
                              fs/fat/ff.32 (__udivdi3)
/cygdrive/d/Users/Alex/Desktop/Toolchain/Output/bin/../lib/gcc/i386-banana/8.1.0/libkgcc.a(_umoddi3.o)
                              compat/resolve.32 (__umoddi3)
D:/Users/Alex/Desktop/Banana/kernel/libsoftfp.a(sfieeelib.o)
                              hal/libresample/src_linear.32 (__subsf3)
D:/Users/Alex/Desktop/Banana/kernel/libsoftfp.a(dfieeelib.o)
                              hal/libresample/src_linear.32 (__adddf3)
D:/Users/Alex/Desktop/Banana/kernel/libsoftfp.a(sfdfcvt.o)
                              hal/libresample/samplerate.32 (__truncdfsf2)
D:/Users/Alex/Desktop/Banana/kernel/libk/libm32.a(s_fabs.c.o)
                              hal/libresample/samplerate.32 (fabs)
D:/Users/Alex/Desktop/Banana/kernel/libk/libm32.a(s_lrint.S.o)
                              hal/libresample/samplerate.32 (lrint)
D:/Users/Alex/Desktop/Banana/kernel/libk/libm32.a(s_lrintf.S.o)
                              hal/sound/sndhw.32 (lrintf)

Discarded input sections

 .comment       0x0000000000000000       0x12 /cygdrive/d/Users/Alex/Desktop/Toolchain/Output/bin/../lib/gcc/i386-banana/8.1.0/crtbegin.o
 .comment       0x0000000000000000       0x12 acpica/utclib.32
 .comment       0x0000000000000000       0x12 core/malloc.32
 .comment       0x0000000000000000       0x12 libk/string.32
 .comment       0x0000000000000000       0x12 fs/fat/diskio.32
 .comment       0x0000000000000000       0x12 fs/fat/ff.32
 .comment       0x0000000000000000       0x12 fs/fat/ffsystem.32
 .comment       0x0000000000000000       0x12 fs/fat/ffunicode.32
 .comment       0x0000000000000000       0x12 hal/libresample/samplerate.32
 .comment       0x0000000000000000       0x12 hal/libresample/src_linear.32
 .comment       0x0000000000000000       0x12 hal/libresample/src_sinc.32
 .comment       0x0000000000000000       0x12 hal/libresample/src_zoh.32
 .comment       0x0000000000000000       0x12 compat/inlines.32
 .comment       0x0000000000000000       0x12 compat/resolve.32
 .group         0x0000000000000000       0x14 core/computer.32
 .group         0x0000000000000000        0xc core/computer.32
 .comment       0x0000000000000000       0x12 core/computer.32
 .comment       0x0000000000000000       0x12 core/gdt.32
 .group         0x0000000000000000        0xc core/idle.32
 .comment       0x0000000000000000       0x12 core/idle.32
 .comment       0x0000000000000000       0x12 core/idt.32
 .comment       0x0000000000000000       0x12 core/kheap.32
 .comment       0x0000000000000000       0x12 core/main.32
 .comment       0x0000000000000000       0x12 core/physmgr.32
 .group         0x0000000000000000        0xc core/pipe.32
 .comment       0x0000000000000000       0x12 core/pipe.32
 .group         0x0000000000000000        0xc core/terminal.32
 .comment       0x0000000000000000       0x12 core/terminal.32
 .comment       0x0000000000000000       0x12 core/tss.32
 .group         0x0000000000000000        0x8 core/unixfile.32
 .group         0x0000000000000000        0x8 core/unixfile.32
 .group         0x0000000000000000        0xc core/unixfile.32
 .group         0x0000000000000000        0x8 core/unixfile.32
 .group         0x0000000000000000        0xc core/unixfile.32
 .group         0x0000000000000000        0x8 core/unixfile.32
 .group         0x0000000000000000        0xc core/unixfile.32
 .group         0x0000000000000000        0xc core/unixfile.32
 .comment       0x0000000000000000       0x12 core/unixfile.32
 .comment       0x0000000000000000       0x12 core/virtmgr.32
 .comment       0x0000000000000000       0x12 coreobjs/c++.32
 .comment       0x0000000000000000       0x12 dbg/kconsole.32
 .group         0x0000000000000000        0xc fs/vfs.32
 .group         0x0000000000000000        0xc fs/vfs.32
 .group         0x0000000000000000        0xc fs/vfs.32
 .comment       0x0000000000000000       0x12 fs/vfs.32
 .group         0x0000000000000000        0xc hal/bus.32
 .comment       0x0000000000000000       0x12 hal/bus.32
 .group         0x0000000000000000        0xc hal/buzzer.32
 .comment       0x0000000000000000       0x12 hal/buzzer.32
 .group         0x0000000000000000        0xc hal/clock.32
 .comment       0x0000000000000000       0x12 hal/clock.32
 .group         0x0000000000000000       0x14 hal/device.32
 .group         0x0000000000000000        0xc hal/device.32
 .group         0x0000000000000000        0x8 hal/device.32
 .group         0x0000000000000000        0xc hal/device.32
[...]
Memory Configuration

Name             Origin             Length             Attributes
*default*        0x0000000000000000 0xffffffffffffffff

Linker script and memory map

LOAD D:/Users/Alex/Desktop/Banana/kernel/boot.32
LOAD crti.32
LOAD /cygdrive/d/Users/Alex/Desktop/Toolchain/Output/bin/../lib/gcc/i386-banana/8.1.0/crtbegin.o
LOAD D:/Users/Alex/Desktop/Banana/kernel/morenasm.32
LOAD acpica/utclib.32
LOAD core/malloc.32
LOAD libk/string.32
LOAD fs/fat/diskio.32
LOAD fs/fat/ff.32
LOAD fs/fat/ffsystem.32
LOAD fs/fat/ffunicode.32
LOAD hal/libresample/samplerate.32
LOAD hal/libresample/src_linear.32
LOAD hal/libresample/src_sinc.32
LOAD hal/libresample/src_zoh.32
LOAD compat/inlines.32
LOAD compat/resolve.32
LOAD core/computer.32
LOAD core/gdt.32
LOAD core/idle.32
LOAD core/idt.32
LOAD core/kheap.32
LOAD core/main.32
LOAD core/physmgr.32
LOAD core/pipe.32
LOAD core/terminal.32
LOAD core/tss.32
LOAD core/unixfile.32
LOAD core/virtmgr.32
LOAD coreobjs/c++.32
LOAD dbg/kconsole.32
LOAD fs/vfs.32
LOAD hal/bus.32
LOAD hal/buzzer.32
LOAD hal/clock.32
LOAD hal/device.32
LOAD hal/diskctrl.32
LOAD hal/diskphys.32
LOAD hal/fpu.32
LOAD hal/intctrl.32
LOAD hal/keybrd.32
LOAD hal/logidisk.32
LOAD hal/mouse.32
LOAD hal/partition.32
LOAD hal/serial.32
LOAD hal/timer.32
LOAD hal/vcache.32
LOAD hal/video.32
LOAD hw/acpi.32
LOAD hw/cpu.32
LOAD hw/ports.32
LOAD hw/smp.32
LOAD krnl/env.32
LOAD krnl/panic.32
LOAD net/ethernet.32
LOAD reg/registry.32
LOAD sys/sc_eject.32
LOAD sys/sc_exit.32
LOAD sys/sc_getcwd.32
LOAD sys/sc_getpid.32
LOAD sys/sc_getramdata.32
LOAD sys/sc_getvgaptr.32
LOAD sys/sc_loaddll.32
LOAD sys/sc_read.32
LOAD sys/sc_sbrk.32
LOAD sys/sc_setcwd.32
LOAD sys/sc_settime.32
LOAD sys/sc_timezone.32
LOAD sys/sc_write.32
LOAD sys/sc_wsbe.32
LOAD sys/sc_yield.32
LOAD sys/syscalls.32
LOAD thr/elf.32
LOAD thr/prcssthr.32
LOAD vm86/vm8086.32
LOAD vm86/x87em.32
LOAD fs/fat/vfslink.32
LOAD fs/iso9660/vfslink.32
LOAD hal/sound/sndchannel.32
LOAD hal/sound/sndhw.32
LOAD hw/bus/isa.32
LOAD hw/bus/pci.32
LOAD hw/diskctrl/ide.32
LOAD hw/diskctrl/satabus.32
LOAD hw/diskphys/ata.32
LOAD hw/diskphys/atapi.32
LOAD hw/diskphys/sata.32
LOAD hw/diskphys/satapi.32
LOAD hw/fpu/avx.32
LOAD hw/fpu/mmx.32
LOAD hw/fpu/sse.32
LOAD hw/fpu/x87.32
LOAD hw/intctrl/apic.32
LOAD hw/intctrl/pic.32
LOAD hw/timer/apictimer.32
LOAD hw/timer/pit.32
LOAD hw/fpu/x86/avx.32
LOAD hw/fpu/x86/sse.32
LOAD hw/fpu/x86/x87.32
LOAD /cygdrive/d/Users/Alex/Desktop/Toolchain/Output/bin/../lib/gcc/i386-banana/8.1.0/crtend.o
LOAD crtn.32
LOAD /cygdrive/d/Users/Alex/Desktop/Toolchain/Output/bin/../lib/gcc/i386-banana/8.1.0/libkgcc.a
LOAD D:/Users/Alex/Desktop/Banana/kernel/libsoftfp.a
LOAD D:/Users/Alex/Desktop/Banana/kernel/libk/libm32.a
                0x00000000c0000000                . = 0xc0000000

.text           0x00000000c0000000    0x28408
 *(.text)
 .text          0x00000000c0000000       0x41 D:/Users/Alex/Desktop/Banana/kernel/boot.32
                0x00000000c0000020                callGlobalConstructors
 .text          0x00000000c0000041        0x0 crti.32
 *fill*         0x00000000c0000041        0x3 
 .text          0x00000000c0000044      0x101 /cygdrive/d/Users/Alex/Desktop/Toolchain/Output/bin/../lib/gcc/i386-banana/8.1.0/crtbegin.o
 *fill*         0x00000000c0000145        0xb 
 .text          0x00000000c0000150      0x4fb D:/Users/Alex/Desktop/Banana/kernel/morenasm.32
                0x00000000c0000150                manualPCIProbe
                0x00000000c000019b                prepareTramp
                0x00000000c00001b4                voodooXADD
                0x00000000c000027f                doTPAUSE
                0x00000000c0000289                hasLegacyFPU
                0x00000000c00002ae                is486
                0x00000000c00002e4                detectCPUID
                0x00000000c00002fa                goToVM86
                0x00000000c000032a                goToUsermode
                0x00000000c0000354                switchToThreadASMFirstTime
                0x00000000c0000362                switchToThreadASM
                0x00000000c00003f2                asmQuickAcquireLock
                0x00000000c0000410                asmQuickReleaseLock
                0x00000000c000041c                asmAcquireLock
                0x00000000c000043d                asmReleaseLock
                0x00000000c0000450                loadGDT
                0x00000000c0000470                isr0
                0x00000000c0000480                isr1
                0x00000000c000048a                isr2
                0x00000000c0000494                isr3
                0x00000000c000049e                isr4
                0x00000000c00004a8                isr5
                0x00000000c00004b2                isr6
                0x00000000c00004bc                isr7
                0x00000000c00004c6                isr8
                0x00000000c00004ce                isr9
                0x00000000c00004d8                isr10
                0x00000000c00004e0                isr11
                0x00000000c00004e8                isr12
                0x00000000c00004f0                isr13
                0x00000000c00004f8                isr14
                0x00000000c0000500                isr15
                0x00000000c000050a                isr16
                0x00000000c0000514                isr17
                0x00000000c000051e                isr18
                0x00000000c0000528                irq3
                0x00000000c0000532                irq4
                0x00000000c000053c                irq5
                0x00000000c0000546                irq6
                0x00000000c0000550                irq7
                0x00000000c000055a                irq8
                0x00000000c0000564                irq9
                0x00000000c000056e                irq10
                0x00000000c0000578                irq11
                0x00000000c0000582                irq12
                0x00000000c000058c                irq13
                0x00000000c0000596                irq14
                0x00000000c00005a0                irq15
                0x00000000c00005aa                irq1
                0x00000000c00005b1                irq2
                0x00000000c00005b8                isr96
                0x00000000c00005bf                irq0
                0x00000000c00005c4                syscall_common_stub
                0x00000000c00005c4                int_common_stub
                0x00000000c00005f6                irq16
                0x00000000c0000600                irq17
                0x00000000c000060a                irq18
                0x00000000c0000614                irq19
                0x00000000c000061e                irq20
                0x00000000c0000628                irq21
                0x00000000c0000632                irq22
                0x00000000c000063c                irq23
                0x00000000c0000646                memcpy
 *fill*         0x00000000c000064b        0x1 
 .text          0x00000000c000064c      0x5dd acpica/utclib.32
                0x00000000c000064c                memcmp
                0x00000000c0000688                memmove
                0x00000000c0000750                memset
                0x00000000c000076c                strlen
                0x00000000c0000784                strpbrk
                0x00000000c00007c0                strtok
                0x00000000c000080c                strcpy
                0x00000000c0000830                strncpy
                0x00000000c0000898                strcmp
                0x00000000c00008d8                strchr
                0x00000000c00008fc                strncmp
                0x00000000c000094c                strcat
                0x00000000c000097c                strncat
                0x00000000c00009b8                strstr
                0x00000000c0000a00                toupper
                0x00000000c0000a14                tolower
                0x00000000c0000a28                simple_strtoul
 .text          0x00000000c0000c29      0xfad core/malloc.32
                0x00000000c0000d94                dlfree
                0x00000000c00010ef                dlmalloc
                0x00000000c000162c                dlrealloc
                0x00000000c00017cf                dlmemalign
                0x00000000c00018f2                dlcalloc
                0x00000000c000198c                dlcfree
                0x00000000c0001991                dlindependent_calloc
                0x00000000c00019b6                dlindependent_comalloc
                0x00000000c00019cd                dlvalloc
                0x00000000c00019f8                dlpvalloc
                0x00000000c0001a2e                dlmalloc_trim
                0x00000000c0001a3b                dlmalloc_usable_size
                0x00000000c0001a6c                dlmallinfo
                0x00000000c0001b3b                dlmalloc_stats
                0x00000000c0001b4c                dlmallopt
 .text          0x00000000c0001bd6        0x0 libk/string.32
 .text          0x00000000c0001bd6       0x51 fs/fat/diskio.32
                0x00000000c0001bd6                disk_status
                0x00000000c0001bd9                disk_initialize
                0x00000000c0001bdc                disk_read
                0x00000000c0001bf2                disk_write
                0x00000000c0001c08                disk_ioctl
 .text          0x00000000c0001c27     0x6833 fs/fat/ff.32
                0x00000000c0004ef5                f_mount
                0x00000000c0004f57                f_open
                0x00000000c0005393                f_read
                0x00000000c0005613                f_write
                0x00000000c00058cd                f_sync
                0x00000000c0005aa9                f_close
                0x00000000c0005ad8                f_lseek
                0x00000000c0005f8f                f_opendir
                0x00000000c0006091                f_closedir
                0x00000000c00060b3                f_readdir
                0x00000000c000614e                f_stat
                0x00000000c00061dd                f_getfree
                0x00000000c00063a8                f_truncate
                0x00000000c00064a0                f_unlink
                0x00000000c0006623                f_mkdir
                0x00000000c000684f                f_rename
                0x00000000c0006b42                f_chmod
                0x00000000c0006c20                f_utime
                0x00000000c0006cfe                f_getlabel
                0x00000000c0006eec                f_setlabel
                0x00000000c0007159                f_forward
                0x00000000c0007337                f_mkfs
 .text          0x00000000c000845a       0x2d fs/fat/ffsystem.32
                0x00000000c000845a                ff_memalloc
                0x00000000c0008470                ff_memfree
 .text          0x00000000c0008487      0x253 fs/fat/ffunicode.32
                0x00000000c0008487                ff_uni2oem
                0x00000000c0008517                ff_oem2uni
                0x00000000c0008583                ff_wtoupper
 .text          0x00000000c00086da      0x8fb hal/libresample/samplerate.32
                0x00000000c000871e                src_delete
                0x00000000c000875a                src_process
                0x00000000c0008910                src_callback_read
                0x00000000c0008a8d                src_set_ratio
                0x00000000c0008af7                src_get_channels
                0x00000000c0008b19                src_reset
                0x00000000c0008b65                src_new
                0x00000000c0008bf3                src_callback_new
                0x00000000c0008c55                src_get_name
                0x00000000c0008c8c                src_get_description
                0x00000000c0008cc3                src_get_version
                0x00000000c0008cc9                src_is_valid_ratio
                0x00000000c0008d1d                src_error
                0x00000000c0008d2b                src_strerror
                0x00000000c0008d3e                src_simple
                0x00000000c0008d91                src_short_to_float_array
                0x00000000c0008df6                src_float_to_short_array
                0x00000000c0008eb5                src_int_to_float_array
                0x00000000c0008f18                src_float_to_int_array
 .text          0x00000000c0008fd5      0x8cb hal/libresample/src_linear.32
                0x00000000c00097fb                linear_get_name
                0x00000000c000980a                linear_get_description
                0x00000000c0009819                linear_set_converter
 .text          0x00000000c00098a0     0x447c hal/libresample/src_sinc.32
                0x00000000c000dc33                sinc_get_name
                0x00000000c000dc46                sinc_get_description
                0x00000000c000dc59                sinc_set_converter
 .text          0x00000000c000dd1c      0x77c hal/libresample/src_zoh.32
                0x00000000c000e3f3                zoh_get_name
                0x00000000c000e402                zoh_get_description
                0x00000000c000e411                zoh_set_converter
 .text          0x00000000c000e498       0xa7 compat/inlines.32
                0x00000000c000e498                CPU::current()
                0x00000000c000e4a4                operator new(unsigned long)
                0x00000000c000e4a9                operator delete(void*)
                0x00000000c000e4ae                disableIRQs()
                0x00000000c000e4b6                enableIRQs()
                0x00000000c000e4c5                lockScheduler()
                0x00000000c000e4cd                unlockScheduler()
                0x00000000c000e4dc                lockStuff()
                0x00000000c000e4ea                unlockStuff()
                0x00000000c000e524                Virt::getAKernelVAS()
                0x00000000c000e52a                __not_memcpy
 .text          0x00000000c000e53f      0x111 compat/resolve.32
                0x00000000c000e53f                Krnl::resolveCompatibilitySymbol(char*)
 .text          0x00000000c000e650      0x741 core/computer.32
                0x00000000c000e650                Computer::close(int, int, void*)
                0x00000000c000e694                Krnl::firstTask()
                0x00000000c000e7d6                Computer::Computer()
                0x00000000c000e7d6                Computer::Computer()
                0x00000000c000e932                Computer::setBootMessage(char const*)
                0x00000000c000e934                Computer::detectFeatures()
                0x00000000c000eb3e                Computer::displayFeatures()
                0x00000000c000eb40                Computer::rdmsr(unsigned int)
                0x00000000c000eb6c                Computer::wrmsr(unsigned int, unsigned long long)
                0x00000000c000eba4                Computer::nmiEnabled()
                0x00000000c000ebb0                Computer::readCMOS(unsigned char)
                0x00000000c000ebca                Computer::enableNMI(bool)
                0x00000000c000ebe2                Computer::open(int, int, void*)
                0x00000000c000ecd4                Computer::disableNMI()
                0x00000000c000ece2                Computer::writeCMOS(unsigned char, unsigned char)
                0x00000000c000ed00                Computer::handleNMI()
                0x00000000c000ed66                Computer::setDiskActivityLight(int, bool)
 *fill*         0x00000000c000ed91        0x1 
 .text          0x00000000c000ed92      0x19d core/gdt.32
                0x00000000c000ed92                GDTEntry::setBase(unsigned int)
                0x00000000c000edae                GDTEntry::setLimit(unsigned int)
                0x00000000c000edcc                GDT::GDT()
                0x00000000c000edcc                GDT::GDT()
                0x00000000c000ede2                GDT::addEntry(GDTEntry)
                0x00000000c000ee04                GDT::getNumberOfEntries()
                0x00000000c000ee0c                GDT::flush()
                0x00000000c000ee2e                GDT::setup()
 .text          0x00000000c000ef2f       0x6b core/idle.32
                0x00000000c000ef2f                idleFunction(void*)
 .text          0x00000000c000ef9a      0x45e core/idt.32
                0x00000000c000ef9a                IDTEntry::IDTEntry(bool)
                0x00000000c000ef9a                IDTEntry::IDTEntry(bool)
                0x00000000c000f008                IDTEntry::setOffset(unsigned int)
                0x00000000c000f01c                IDT::IDT()
                0x00000000c000f01c                IDT::IDT()
                0x00000000c000f01e                IDT::getPointerToInvalidOpcodeEntryForF00F()
                0x00000000c000f026                IDT::addEntry(IDTEntry, int)
                0x00000000c000f040                IDT::addEntry(int, void (*)(), bool)
                0x00000000c000f078                IDT::flush()
                0x00000000c000f092                IDT::setup()
 .text          0x00000000c000f3f8      0x1fb core/kheap.32
                0x00000000c000f3f8                sbrk
                0x00000000c000f505                mmap
                0x00000000c000f51b                munmap
                0x00000000c000f531                liballoc_lock()
                0x00000000c000f53e                liballoc_unlock()
                0x00000000c000f552                liballoc_alloc(int)
                0x00000000c000f56a                liballoc_free(void*, int)
                0x00000000c000f585                realloc
                0x00000000c000f599                malloc
                0x00000000c000f5a9                free
                0x00000000c000f5b9                rfree
                0x00000000c000f5c9                calloc
 .text          0x00000000c000f5f3      0x1b6 core/main.32
                0x00000000c000f5f3                Krnl::setBootMessage(char const*)
                0x00000000c000f65f                kernel_main
 .text          0x00000000c000f7a9      0x5b5 core/physmgr.32
                0x00000000c000f7a9                Phys::allocateDMA(unsigned long)
                0x00000000c000f877                Phys::freeDMA(unsigned long, unsigned long)
                0x00000000c000f8d6                Phys::setPageState(unsigned long, bool)
                0x00000000c000f908                Phys::getPageState(unsigned long)
                0x00000000c000f924                Phys::freePage(unsigned long)
                0x00000000c000f995                Phys::allocatePage()
                0x00000000c000fa8d                Phys::allocateContiguousPages(int)
                0x00000000c000fae9                Phys::allowSegmentToBeUsed(unsigned long, unsigned long)
                0x00000000c000fb21                Phys::physicalMemorySetup(unsigned int)
 .text          0x00000000c000fd5e      0x273 core/pipe.32
                0x00000000c000fd5e                Pipe::isAtty()
                0x00000000c000fd62                Pipe::~Pipe()
                0x00000000c000fd62                Pipe::~Pipe()
                0x00000000c000fd86                Pipe::~Pipe()
                0x00000000c000fdae                Pipe::read(unsigned long long, void*, int*)
                0x00000000c000feaa                Pipe::write(unsigned long long, void*, int*)
                0x00000000c000ff6a                Pipe::Pipe(int)
                0x00000000c000ff6a                Pipe::Pipe(int)
 *fill*         0x00000000c000ffd1        0x1 
 .text          0x00000000c000ffd2      0xb93 core/terminal.32
                0x00000000c000ffd2                VgaText::isAtty()
                0x00000000c000ffd6                VgaText::~VgaText()
                0x00000000c000ffd6                VgaText::~VgaText()
                0x00000000c000fffa                VgaText::~VgaText()
                0x00000000c0010024                VgaText::read(unsigned long long, void*, int*)
                0x00000000c0010044                setTerminalScrollLock(bool)
                0x00000000c0010045                addToTerminalCycle(VgaText*)
                0x00000000c0010066                installVgaTextImplementation()
                0x00000000c001007b                scrollTerminalScrollLock(int)
                0x00000000c001007c                VgaText::updateTitle()
                0x00000000c00100ba                VgaText::load()
                0x00000000c0010108                VgaText::updateCursor()
                0x00000000c001011e                VgaText::doANSI_SGR(int)
                0x00000000c0010192                VgaText::setDefaultBgColour(VgaColour)
                0x00000000c00101a2                VgaText::setDefaultFgColour(VgaColour)
                0x00000000c00101b2                VgaText::setDefaultColours(VgaColour, VgaColour)
                0x00000000c00101d2                VgaText::setTitleTextColour(VgaColour)
                0x00000000c00101e2                VgaText::setTitleColour(VgaColour)
                0x00000000c00101f2                VgaText::setTitle(char*)
                0x00000000c0010218                VgaText::combineColours(unsigned char, unsigned char)
                0x00000000c001022a                VgaText::scrollScreen()
                0x00000000c00102be                VgaText::combineCharAndColour(char, unsigned char)
                0x00000000c00102d0                VgaText::writeCharacter(char, VgaColour, VgaColour, int, int)
                0x00000000c001032c                VgaText::getCursorX()
                0x00000000c0010334                VgaText::getCursorY()
                0x00000000c001033c                VgaText::setCursor(int, int)
                0x00000000c0010353                setActiveTerminal(VgaText*)
                0x00000000c00103b5                doTerminalCycle()
                0x00000000c00103d0                VgaText::setCursorX(int)
                0x00000000c00103e8                VgaText::setCursorY(int)
                0x00000000c0010400                VgaText::incrementCursor(bool)
                0x00000000c0010454                VgaText::decrementCursor(bool)
                0x00000000c0010476                VgaText::putchar(char, VgaColour, VgaColour)
                0x00000000c001054e                VgaText::doUpdate()
                0x00000000c001055c                VgaText::puts(char const*, VgaColour, VgaColour)
                0x00000000c00106d4                VgaText::clearScreen()
                0x00000000c001072e                VgaText::putchar(char)
                0x00000000c001081a                VgaText::putx(unsigned int)
                0x00000000c0010860                VgaText::puts(char const*)
                0x00000000c0010886                VgaText::VgaText(char const*)
                0x00000000c0010886                VgaText::VgaText(char const*)
                0x00000000c0010a04                VgaText::receiveKey(unsigned char)
                0x00000000c0010aec                VgaText::write(unsigned long long, void*, int*)
                0x00000000c0010b40                newTerminal(char*)
 *fill*         0x00000000c0010b65        0x1 
 .text          0x00000000c0010b66      0x19d core/tss.32
                0x00000000c0010b66                TSS::TSS()
                0x00000000c0010b66                TSS::TSS()
                0x00000000c0010b74                TSS::setESP(unsigned long)
                0x00000000c0010b86                TSS::flush()
                0x00000000c0010ba6                TSS::setup(unsigned long, unsigned long)
 *fill*         0x00000000c0010d03        0x1 
 .text          0x00000000c0010d04      0x4c2 core/unixfile.32
                0x00000000c0010d04                ReservedFilename::read(unsigned long long, void*, int*)
                0x00000000c0010d5a                ReservedFilename::isAtty()
                0x00000000c0010d76                ReservedFilename::write(unsigned long long, void*, int*)
                0x00000000c0010dd4                UnixFile::getFileDescriptor()
                0x00000000c0010ddc                UnixFile::UnixFile(int)
                0x00000000c0010ddc                UnixFile::UnixFile(int)
                0x00000000c0010f8c                ReservedFilename::ReservedFilename(int)
                0x00000000c0010f8c                ReservedFilename::ReservedFilename(int)
                0x00000000c0010fbe                UnixFile::~UnixFile()
                0x00000000c0010fbe                UnixFile::~UnixFile()
                0x00000000c0011056                UnixFile::~UnixFile()
                0x00000000c001107e                ReservedFilename::~ReservedFilename()
                0x00000000c001107e                ReservedFilename::~ReservedFilename()
                0x00000000c00110a2                ReservedFilename::~ReservedFilename()
                0x00000000c00110c9                getFromFileDescriptor(int)
 .text          0x00000000c00111c6     0x1401 core/virtmgr.32
                0x00000000c00111c6                Virt::setPageState(unsigned long, Virt::VirtPageState)
                0x00000000c00111fb                Virt::getPageState(unsigned long)
                0x00000000c001121f                Virt::allocateKernelVirtualPages(int)
                0x00000000c0011330                Virt::freeSwapfilePage(unsigned long)
                0x00000000c001134e                Virt::swapIDToSector(unsigned long)
                0x00000000c0011360                Virt::allocateSwapfilePage()
                0x00000000c00113de                Virt::virtualMemorySetup()
                0x00000000c0011429                Virt::setupPageSwapping(int)
                0x00000000c0011606                VAS::VAS()
                0x00000000c0011606                VAS::VAS()
                0x00000000c0011642                VAS::VAS(VAS*)
                0x00000000c0011642                VAS::VAS(VAS*)
                0x00000000c0011670                VAS::getForeignPageTableEntry(bool, unsigned long)
                0x00000000c001169c                VAS::getPageTableEntry(unsigned long)
                0x00000000c00116bb                Virt::freeKernelVirtualPages(unsigned long)
                0x00000000c00117de                VAS::freeAllocatedPages(unsigned long)
                0x00000000c0011802                VAS::virtualToPhysical(unsigned long)
                0x00000000c001181a                VAS::reflagRange(unsigned long, int, int, int)
                0x00000000c001185a                VAS::setToWriteCombining(unsigned long, int)
                0x00000000c001188c                VAS::mapOtherVASIn(bool, VAS*)
                0x00000000c00118b6                VAS::~VAS()
                0x00000000c00118b6                VAS::~VAS()
                0x00000000c0011a32                VAS::mapPage(unsigned long, unsigned long, int)
                0x00000000c0011b34                VAS::allocatePages(int, int)
                0x00000000c0011d0c                VAS::setCPUSpecific(unsigned long)
                0x00000000c0011d28                VAS::mapRange(unsigned long, unsigned long, int, int)
                0x00000000c0011dee                VAS::mapForeignPage(bool, VAS*, unsigned long, unsigned long, int)
                0x00000000c0011edc                VAS::VAS(bool)
                0x00000000c0011edc                VAS::VAS(bool)
                0x00000000c001215c                VAS::evict(unsigned long)
                0x00000000c001224a                VAS::tryLoadBackOffDisk(unsigned long)
                0x00000000c00123d2                VAS::scanForEviction()
                0x00000000c001249b                mapVASFirstTime
 .text          0x00000000c00125c7       0x95 coreobjs/c++.32
                0x00000000c00125c7                __cxa_atexit
                0x00000000c00125ca                __cxa_finalize
                0x00000000c00125cb                __stack_chk_fail
                0x00000000c0012637                __cxa_pure_virtual
                0x00000000c0012648                operator new[](unsigned long)
                0x00000000c001264d                operator delete(void*, unsigned long)
                0x00000000c0012652                operator delete[](void*)
                0x00000000c0012657                operator delete[](void*, unsigned long)
 .text          0x00000000c001265c      0x1e7 dbg/kconsole.32
                0x00000000c001265c                Dbg::stringifyxWithBase(unsigned int, char*, int)
                0x00000000c00126b5                Dbg::logc(char)
                0x00000000c00126cc                Dbg::logs(char*)
                0x00000000c00126e9                Dbg::logWriteInt(unsigned int)
                0x00000000c0012706                Dbg::logWriteIntBase(unsigned int, int)
                0x00000000c0012725                Dbg::kprintf(char const*, ...)
 *fill*         0x00000000c0012843        0x1 
 .text          0x00000000c0012844      0xb82 fs/vfs.32
                0x00000000c0012844                File::read(unsigned long long, void*, int*)
                0x00000000c001289c                File::write(unsigned long long, void*, int*)
                0x00000000c00128f4                Directory::read(unsigned long long, void*, int*)
                0x00000000c001294c                Directory::write(unsigned long long, void*, int*)
                0x00000000c001297a                File::isAtty()
                0x00000000c001297e                Directory::isAtty()
                0x00000000c0012982                Filesystem::getlabel(LogicalDisk*, int, char*, unsigned int*)
                0x00000000c0012988                Filesystem::setlabel(LogicalDisk*, int, char*)
                0x00000000c001298e                Filesystem::getFileFirstSector(char const*)
                0x00000000c0012994                File::~File()
                0x00000000c0012994                File::~File()
                0x00000000c00129b8                File::~File()
                0x00000000c00129e2                Directory::~Directory()
                0x00000000c00129e2                Directory::~Directory()
                0x00000000c0012a06                Directory::~Directory()
                0x00000000c0012a30                Filesystem::Filesystem()
                0x00000000c0012a30                Filesystem::Filesystem()
                0x00000000c0012a54                Filesystem::~Filesystem()
                0x00000000c0012a54                Filesystem::~Filesystem()
                0x00000000c0012a62                Filesystem::~Filesystem()
                0x00000000c0012a86                Fs::getcwd(Process*, char*, int)
                0x00000000c0012ab0                Fs::initVFS()
                0x00000000c0012ada                Fs::standardiseFiles(char*, char const*, char const*)
                0x00000000c0012c84                File::File(char const*, Process*)
                0x00000000c0012c84                File::File(char const*, Process*)
                0x00000000c0012ce8                File::open(FileOpenMode)
                0x00000000c0012d46                File::close()
                0x00000000c0012da6                File::seek(unsigned long long)
                0x00000000c0012dfc                File::tell(unsigned long long*)
                0x00000000c0012e4c                File::rewind()
                0x00000000c0012e60                File::unlink()
                0x00000000c0012eac                File::rename(char const*)
                0x00000000c0012efa                File::chfatattr(unsigned char, unsigned char)
                0x00000000c0012f56                File::exists()
                0x00000000c0012f94                File::stat(unsigned long long*, bool*)
                0x00000000c0012ff5                Fs::setcwd(Process*, char*)
                0x00000000c0013130                Directory::Directory(char const*, Process*)
                0x00000000c0013130                Directory::Directory(char const*, Process*)
                0x00000000c0013194                Directory::open()
                0x00000000c00131f0                Directory::close()
                0x00000000c0013250                Directory::unlink()
                0x00000000c001329c                Directory::rename(char const*)
                0x00000000c00132ea                Directory::exists()
                0x00000000c0013328                Directory::read(dirent*)
                0x00000000c0013374                Directory::create()
                0x00000000c00133c0                Filesystem::chfatattr(char const*, unsigned char, unsigned char)
 .text          0x00000000c00133c6       0x84 hal/bus.32
                0x00000000c00133c6                Bus::Bus(char const*)
                0x00000000c00133c6                Bus::Bus(char const*)
                0x00000000c00133fc                Bus::~Bus()
                0x00000000c00133fc                Bus::~Bus()
                0x00000000c0013420                Bus::~Bus()
 .text          0x00000000c001344a      0x156 hal/buzzer.32
                0x00000000c001344a                Buzzer::Buzzer(char const*)
                0x00000000c001344a                Buzzer::Buzzer(char const*)
                0x00000000c001348e                Buzzer::~Buzzer()
                0x00000000c001348e                Buzzer::~Buzzer()
                0x00000000c00134b2                Buzzer::~Buzzer()
                0x00000000c00134dc                Buzzer::stop()
                0x00000000c00134ef                beepThread(void*)
                0x00000000c0013532                Buzzer::beep(int, int, bool)
 .text          0x00000000c00135a0      0x467 hal/clock.32
                0x00000000c00135a0                User::loadClockSettings(int)
                0x00000000c00135f2                Clock::Clock(char const*)
                0x00000000c00135f2                Clock::Clock(char const*)
                0x00000000c0013628                Clock::~Clock()
                0x00000000c0013628                Clock::~Clock()
                0x00000000c001364c                Clock::~Clock()
                0x00000000c0013676                Clock::timeInSecondsLocal()
                0x00000000c00136be                Clock::setTimeInSecondsLocal(unsigned long long)
                0x00000000c0013717                datetimeToSeconds(datetime_t)
                0x00000000c001383e                Clock::setTimeInDatetimeLocal(datetime_t)
                0x00000000c001389e                secondsToDatetime(unsigned long long)
                0x00000000c00139e2                Clock::timeInDatetimeLocal()
 *fill*         0x00000000c0013a07        0x1 
 .text          0x00000000c0013a08      0x504 hal/device.32
                0x00000000c0013a08                Device::hibernate()
                0x00000000c0013a0a                Device::wake()
                0x00000000c0013a0c                Device::detect()
                0x00000000c0013a0e                Device::disableLegacy()
                0x00000000c0013a10                Device::powerSaving(PowerSavingLevel)
                0x00000000c0013a12                DriverlessDevice::close(int, int, void*)
                0x00000000c0013a16                DriverlessDevice::detect()
                0x00000000c0013a18                DriverlessDevice::open(int, int, void*)
                0x00000000c0013a2c                Device::~Device()
                0x00000000c0013a2c                Device::~Device()
                0x00000000c0013a3a                Device::~Device()
                0x00000000c0013a62                Device::findAndLoadDriver()
                0x00000000c0013a70                Device::preOpenPCI(PCIDeviceInfo)
                0x00000000c0013a96                Device::preOpenACPI(void*, char*, char*)
                0x00000000c0013ad6                Device::addIRQHandler(int, void (*)(regs*, void*), bool, void*)
                0x00000000c0013b14                Device::getParent()
                0x00000000c0013b20                Device::removeIRQHandler(int, void (*)(regs*, void*), bool)
                0x00000000c0013b5e                Device::addChild(Device*)
                0x00000000c0013ba2                Device::removeAllChildren()
                0x00000000c0013be8                Device::hibernateAll()
                0x00000000c0013c18                Device::wakeAll()
                0x00000000c0013c48                Device::detectAll()
                0x00000000c0013c78                Device::disableLegacyAll()
                0x00000000c0013ca8                Device::loadDriversForAll()
                0x00000000c0013ce8                Device::closeAll()
                0x00000000c0013d1e                Device::powerSavingAll(PowerSavingLevel)
                0x00000000c0013d54                Device::setName(char const*)
                0x00000000c0013d62                Device::Device(char const*)
                0x00000000c0013d62                Device::Device(char const*)
                0x00000000c0013e5e                Device::getName()
                0x00000000c0013e68                DriverlessDevice::DriverlessDevice(char const*)
                0x00000000c0013e68                DriverlessDevice::DriverlessDevice(char const*)
                0x00000000c0013e9e                Device::addToLinkedList(LinkedList<Device>&, DeviceType)
                0x00000000c0013ee2                getDevicesOfType(DeviceType)
 .text          0x00000000c0013f0c       0x84 hal/diskctrl.32
                0x00000000c0013f0c                HardDiskController::HardDiskController(char const*)
                0x00000000c0013f0c                HardDiskController::HardDiskController(char const*)
                0x00000000c0013f42                HardDiskController::~HardDiskController()
                0x00000000c0013f42                HardDiskController::~HardDiskController()
                0x00000000c0013f66                HardDiskController::~HardDiskController()
 .text          0x00000000c0013f90       0xe2 hal/diskphys.32
                0x00000000c0013f90                PhysicalDisk::eject()
                0x00000000c0013f94                PhysicalDisk::PhysicalDisk(char const*, int)
                0x00000000c0013f94                PhysicalDisk::PhysicalDisk(char const*, int)
                0x00000000c0013ffc                PhysicalDisk::startCache()
                0x00000000c0014024                PhysicalDisk::~PhysicalDisk()
                0x00000000c0014024                PhysicalDisk::~PhysicalDisk()
                0x00000000c0014048                PhysicalDisk::~PhysicalDisk()
 .text          0x00000000c0014072      0x13b hal/fpu.32
                0x00000000c0014072                FPU::FPU(char const*)
                0x00000000c0014072                FPU::FPU(char const*)
                0x00000000c00140a8                FPU::~FPU()
                0x00000000c00140a8                FPU::~FPU()
                0x00000000c00140cc                FPU::~FPU()
                0x00000000c00140f6                setupFPU()
 *fill*         0x00000000c00141ad        0x1 
 .text          0x00000000c00141ae     0x1435 hal/intctrl.32
                0x00000000c00141ae                InterruptController::uninstallISRHandler(int, void (*)(regs*, void*))
                0x00000000c00141e6                InterruptController::installISRHandler(int, void (*)(regs*, void*), void*)
                0x00000000c0014238                doubleFault(regs*, void*)
                0x00000000c0014252                InterruptController::installIRQHandler(int, void (*)(regs*, void*), bool, void*)
                0x00000000c00142ee                InterruptController::clearAllHandlers(int, bool)
                0x00000000c0014396                InterruptController::uninstallIRQHandler(int, void (*)(regs*, void*), bool)
                0x00000000c001441d                nmiHandler(regs*, void*)
                0x00000000c001442b                int_handler
                0x00000000c00144cc                InterruptController::InterruptController(char const*)
                0x00000000c00144cc                InterruptController::InterruptController(char const*)
                0x00000000c0014572                InterruptController::~InterruptController()
                0x00000000c0014572                InterruptController::~InterruptController()
                0x00000000c0014596                InterruptController::~InterruptController()
                0x00000000c00145c0                displayDebugInfo(regs*)
                0x00000000c0014a4f                x87EmulHandler(regs*, void*)
                0x00000000c0014ac2                gpFault(regs*, void*)
                0x00000000c0014afb                pgFault(regs*, void*)
                0x00000000c0014b43                otherISRHandler(regs*, void*)
                0x00000000c0014b62                opcodeFault(regs*, void*)
                0x00000000c001517f                displayProgramFault(char const*)
                0x00000000c00151a7                setupInterruptController()
                0x00000000c0015596                InterruptController::convertLegacyIRQNumber(int)
 *fill*         0x00000000c00155e3        0x1 
 .text          0x00000000c00155e4      0x784 hal/keybrd.32
                0x00000000c00155e4                startGUI(void*)
                0x00000000c0015650                startGUIVESA(void*)
                0x00000000c00156bc                sendKeyToTerminal(unsigned char)
                0x00000000c001577a                sendKeyboardToken(KeyboardToken)
                0x00000000c0015bb7                clearInternalKeybuffer(VgaText*)
                0x00000000c0015bec                readKeyboard(VgaText*, char*, unsigned long)
                0x00000000c0015cde                Keyboard::Keyboard(char const*)
                0x00000000c0015cde                Keyboard::Keyboard(char const*)
                0x00000000c0015d1a                Keyboard::~Keyboard()
                0x00000000c0015d1a                Keyboard::~Keyboard()
                0x00000000c0015d3e                Keyboard::~Keyboard()
 .text          0x00000000c0015d68      0x3ea hal/logidisk.32
                0x00000000c0015d68                LogicalDisk::close(int, int, void*)
                0x00000000c0015d6c                LogicalDisk::~LogicalDisk()
                0x00000000c0015d6c                LogicalDisk::~LogicalDisk()
                0x00000000c0015d90                LogicalDisk::~LogicalDisk()
                0x00000000c0015dba                LogicalDisk::open(int, int, void*)
                0x00000000c0015dce                LogicalDisk::absoluteToRelative(unsigned long long)
                0x00000000c0015e06                LogicalDisk::relativeToAbsolute(unsigned long long)
                0x00000000c0015e4c                LogicalDisk::LogicalDisk(char const*, PhysicalDisk*, unsigned long long, unsigned long long)
                0x00000000c0015e4c                LogicalDisk::LogicalDisk(char const*, PhysicalDisk*, unsigned long long, unsigned long long)
                0x00000000c0015f02                LogicalDisk::assignDriveLetter()
                0x00000000c0015fb8                LogicalDisk::mount()
                0x00000000c0016000                LogicalDisk::unmount()
                0x00000000c0016010                LogicalDisk::eject()
                0x00000000c0016024                LogicalDisk::unassignDriveLetter()
                0x00000000c001607a                LogicalDisk::read(unsigned long long, int, void*)
                0x00000000c00160e6                LogicalDisk::write(unsigned long long, int, void*)
 .text          0x00000000c0016152       0x84 hal/mouse.32
                0x00000000c0016152                Mouse::Mouse(char const*)
                0x00000000c0016152                Mouse::Mouse(char const*)
                0x00000000c0016188                Mouse::~Mouse()
                0x00000000c0016188                Mouse::~Mouse()
                0x00000000c00161ac                Mouse::~Mouse()
 .text          0x00000000c00161d6      0x339 hal/partition.32
                0x00000000c00161d6                makePartition(PhysicalDisk*, unsigned long long, unsigned long long)
                0x00000000c001627e                createPartitionsForDisk(PhysicalDisk*)
 *fill*         0x00000000c001650f        0x1 
 .text          0x00000000c0016510       0x84 hal/serial.32
                0x00000000c0016510                Serial::Serial(char const*)
                0x00000000c0016510                Serial::Serial(char const*)
                0x00000000c0016546                Serial::~Serial()
                0x00000000c0016546                Serial::~Serial()
                0x00000000c001656a                Serial::~Serial()
 .text          0x00000000c0016594      0x2f3 hal/timer.32
                0x00000000c0016594                Timer::Timer(char const*)
                0x00000000c0016594                Timer::Timer(char const*)
                0x00000000c00165ca                Timer::~Timer()
                0x00000000c00165ca                Timer::~Timer()
                0x00000000c00165ee                Timer::~Timer()
                0x00000000c0016618                Timer::read()
                0x00000000c0016623                timerHandler(unsigned long long)
                0x00000000c0016795                setupTimer(int)
 *fill*         0x00000000c0016887        0x1 
 .text          0x00000000c0016888      0x409 hal/vcache.32
                0x00000000c0016888                VCache::VCache(PhysicalDisk*)
                0x00000000c0016888                VCache::VCache(PhysicalDisk*)
                0x00000000c00169f0                VCache::invalidateReadBuffer()
                0x00000000c0016a00                VCache::writeWriteBuffer()
                0x00000000c0016a3c                VCache::~VCache()
                0x00000000c0016a3c                VCache::~VCache()
                0x00000000c0016a90                VCache::~VCache()
                0x00000000c0016ab8                VCache::write(unsigned long long, int, void*)
                0x00000000c0016ba2                VCache::read(unsigned long long, int, void*)
 *fill*         0x00000000c0016c91        0x1 
 .text          0x00000000c0016c92      0x4b3 hal/video.32
                0x00000000c0016c92                Video::putrect(int, int, int, int, unsigned int)
                0x00000000c0016cde                Video::bitblit(int, int, int, int, int, int, int, unsigned int*)
                0x00000000c0016d4e                Video::blit(unsigned int*, int, int, int, int)
                0x00000000c0016dcc                Video::clearScreen(unsigned int)
                0x00000000c0016e00                Video::putpixel(int, int, unsigned int)
                0x00000000c0016e0e                Video::Video(char const*)
                0x00000000c0016e0e                Video::Video(char const*)
                0x00000000c0016e44                Video::~Video()
                0x00000000c0016e44                Video::~Video()
                0x00000000c0016e68                Video::~Video()
                0x00000000c0016e92                Video::isMonochrome()
                0x00000000c0016e9e                Video::getWidth()
                0x00000000c0016eaa                Video::getHeight()
                0x00000000c0016eb6                Video::drawCursor(int, int, unsigned char*, int)
                0x00000000c0016f72                Video::tgaParse(unsigned char*, int, int*, int*)
                0x00000000c00170da                Video::putTGA(int, int, unsigned char*, int)
 *fill*         0x00000000c0017145        0x1 
 .text          0x00000000c0017146     0x11c9 hw/acpi.32
                0x00000000c0017146                ACPI::close(int, int, void*)
                0x00000000c00171eb                findRSDP()
                0x00000000c0017275                loadACPITables(unsigned char*)
                0x00000000c00174cc                findRSDT(unsigned char*)
                0x00000000c0017616                findDataTable(unsigned char*, char*)
                0x00000000c0017688                scanMADT()
                0x00000000c0017af6                ACPI::ACPI()
                0x00000000c0017af6                ACPI::ACPI()
                0x00000000c0017b4a                ACPI::getPCIIRQAssignment(unsigned char, unsigned short, unsigned char)
                0x00000000c0017c2c                ACPI::registerPCIIRQAssignment(void*, unsigned short, unsigned char, unsigned char)
                0x00000000c0017cf2                ACPI::setScreenBrightnessLevel(void*, int)
                0x00000000c0017cf8                ACPI::detectPCI()
                0x00000000c0017efa                ACPI::writeSimpleBootFlag(SimpleBootFlagTable*)
                0x00000000c0017f42                ACPI::sleep()
                0x00000000c0017f5a                ACPI::open(int, int, void*)
 *fill*         0x00000000c001830f        0x1 
 .text          0x00000000c0018310     0x1495 hw/cpu.32
                0x00000000c0018310                CPU::close(int, int, void*)
                0x00000000c0018314                CPU::lookupAMDName(unsigned char, unsigned char)
                0x00000000c00184a8                CPU::lookupIntelName(unsigned char, unsigned char)
                0x00000000c0018756                CPU::AMD_K6_write_msr(unsigned int, unsigned int, unsigned int, CPU::REGS*)
                0x00000000c0018772                CPU::AMD_K6_read_msr(unsigned int, CPU::REGS*)
                0x00000000c001878a                CPU::AMD_K6_writeback(int, int, int)
                0x00000000c00187fe                CPU::cpuid(int, unsigned long*, unsigned long*, unsigned long*, unsigned long*)
                0x00000000c0018882                CPU::cpuidCheckEDX(unsigned int)
                0x00000000c00188b0                CPU::cpuidCheckECX(unsigned int)
                0x00000000c00188de                CPU::cpuidCheckExtendedEBX(unsigned int)
                0x00000000c001890c                CPU::cpuidCheckExtendedECX(unsigned int)
                0x00000000c001893a                CPU::CPU()
                0x00000000c001893a                CPU::CPU()
                0x00000000c00189c8                CPU::displayFeatures()
                0x00000000c00189ca                CPU::detectFeatures()
                0x00000000c00193bc                CPU::setupSMEP()
                0x00000000c00193c8                CPU::setupUMIP()
                0x00000000c00193d2                CPU::setupTSC()
                0x00000000c00193dc                CPU::setupLargePages()
                0x00000000c00193e6                CPU::setupPAT()
                0x00000000c0019422                CPU::setupMTRR()
                0x00000000c0019424                CPU::setupGlobalPages()
                0x00000000c001942e                CPU::allowUsermodeDataAccess()
                0x00000000c0019440                CPU::prohibitUsermodeDataAccess()
                0x00000000c0019452                CPU::setupSMAP()
                0x00000000c0019460                CPU::setupFeatures()
                0x00000000c00194e0                CPU::open(int, int, void*)
                0x00000000c00195aa                CPU::decodeAddress(regs*, int*, bool*, unsigned char*)
 .text          0x00000000c00197a5        0x0 hw/ports.32
 .text          0x00000000c00197a5      0x16a hw/smp.32
                0x00000000c00197a5                Krnl::smpEntry()
                0x00000000c00197a7                Krnl::startCPU(int)
                0x00000000c00198f0                Krnl::startCPUs()
 *fill*         0x00000000c001990f        0x1 
 .text          0x00000000c0019910      0x581 krnl/env.32
                0x00000000c0019910                EnvVarContainer::getEnv(char const*)
                0x00000000c001994e                EnvVarContainer::setEnv(char const*, char const*)
                0x00000000c0019a10                EnvVarContainer::deleteEnv(char const*)
                0x00000000c0019a12                EnvVarContainer::loadFrom(char const*, char const*)
                0x00000000c0019bf8                EnvVarContainer::__loadSystem()
                0x00000000c0019c12                EnvVarContainer::__loadUser()
                0x00000000c0019c14                EnvVarContainer::EnvVarContainer(Process*)
                0x00000000c0019c14                EnvVarContainer::EnvVarContainer(Process*)
                0x00000000c0019c36                EnvVarContainer::~EnvVarContainer()
                0x00000000c0019c36                EnvVarContainer::~EnvVarContainer()
                0x00000000c0019c66                Krnl::getEnv(Process*, char const*)
                0x00000000c0019ccb                Krnl::setEnvSystem(char const*, char const*)
                0x00000000c0019ce5                Krnl::setEnvUser(char const*, char const*)
                0x00000000c0019d04                Krnl::setEnvProcess(Process*, char const*, char const*)
                0x00000000c0019d17                Krnl::deleteEnvSystem(char const*)
                0x00000000c0019d18                Krnl::deleteEnvUser(char const*)
                0x00000000c0019d19                Krnl::deleteEnvProcess(Process*, char const*)
                0x00000000c0019d1a                Krnl::newProcessEnv(Process*)
                0x00000000c0019d3c                Krnl::copyProcessEnv(Process*, Process*)
                0x00000000c0019d88                Krnl::loadSystemEnv()
                0x00000000c0019db6                Krnl::loadUserEnv()
                0x00000000c0019ddc                Krnl::flushEnv()
                0x00000000c0019ddd                Krnl::getProcessTotalEnvCount(Process*)
                0x00000000c0019dfd                Krnl::getProcessEnvPair(Process*, int)
 .text          0x00000000c0019e91      0x39c krnl/panic.32
                0x00000000c0019e91                Krnl::panic(char const*)
 .text          0x00000000c001a22d      0x57f net/ethernet.32
                0x00000000c001a22d                Net::switchEndian16(unsigned short)
                0x00000000c001a24e                Net::switchEndian32(unsigned int)
                0x00000000c001a27d                Net::crc32Calc(unsigned char*, int)
                0x00000000c001a30e                Net::wrapEthernetFrame(Net::UnwrappedEthernetFrame, unsigned char*)
                0x00000000c001a521                Net::unwrapEthernetFrame(unsigned char*, int)
 .text          0x00000000c001a7ac      0x50e reg/registry.32
                0x00000000c001a7ac                Reg::findLineFromLoadedData(char*, char*, char*)
                0x00000000c001a904                Reg::getLineFromRegistry(char*, char*, char*, char*)
                0x00000000c001aa59                Reg::getLine(char*, char*, char*)
                0x00000000c001aa90                Reg::readInt(char*, char*, int*)
                0x00000000c001ab7b                Reg::readString(char*, char*, char*, int)
                0x00000000c001abfc                Reg::readBool(char*, char*, bool*)
                0x00000000c001ac21                Reg::readBoolWithDefault(char*, char*, bool)
                0x00000000c001ac4d                Reg::readIntWithDefault(char*, char*, int)
                0x00000000c001ac79                Reg::readStringWithDefault(char*, char*, char*, int, char*)
 .text          0x00000000c001acba       0x36 sys/sc_eject.32
                0x00000000c001acba                Sys::eject(regs*)
 .text          0x00000000c001acf0       0x18 sys/sc_exit.32
                0x00000000c001acf0                Sys::exit(regs*)
 .text          0x00000000c001ad08       0x1f sys/sc_getcwd.32
                0x00000000c001ad08                Sys::getCwd(regs*)
 .text          0x00000000c001ad27        0xc sys/sc_getpid.32
                0x00000000c001ad27                Sys::getPID(regs*)
 .text          0x00000000c001ad33       0x17 sys/sc_getramdata.32
                0x00000000c001ad33                Sys::getRAMData(regs*)
 .text          0x00000000c001ad4a       0x84 sys/sc_getvgaptr.32
                0x00000000c001ad4a                Sys::getVGAPtr(regs*)
 .text          0x00000000c001adce       0xa8 sys/sc_loaddll.32
                0x00000000c001adce                Sys::loadDLL(regs*)
 .text          0x00000000c001ae76       0x68 sys/sc_read.32
                0x00000000c001ae76                Sys::read(regs*)
 .text          0x00000000c001aede       0x55 sys/sc_sbrk.32
                0x00000000c001aede                Sys::sbrk(regs*)
 .text          0x00000000c001af33       0x1c sys/sc_setcwd.32
                0x00000000c001af33                Sys::setCwd(regs*)
 .text          0x00000000c001af4f       0x95 sys/sc_settime.32
                0x00000000c001af4f                Sys::setTime(regs*)
 .text          0x00000000c001afe4       0x4a sys/sc_timezone.32
                0x00000000c001afe4                Sys::timezone(regs*)
 .text          0x00000000c001b02e       0x68 sys/sc_write.32
                0x00000000c001b02e                Sys::write(regs*)
 .text          0x00000000c001b096       0x62 sys/sc_wsbe.32
                0x00000000c001b096                Sys::wsbe(regs*)
 .text          0x00000000c001b0f8       0x46 sys/sc_yield.32
                0x00000000c001b0f8                Sys::yield(regs*)
 .text          0x00000000c001b13e      0xf84 sys/syscalls.32
                0x00000000c001b13e                sysCallSeekDir(regs*)
                0x00000000c001b143                sysCallTellDir(regs*)
                0x00000000c001b148                sysCallVerify(regs*)
                0x00000000c001b152                sysCallGetArgc(regs*)
                0x00000000c001b162                sysFormatDisk(regs*)
                0x00000000c001b1cc                sysSetDiskVolumeLabel(regs*)
                0x00000000c001b212                sysGetDiskVolumeLabel(regs*)
                0x00000000c001b263                sysShutdown(regs*)
                0x00000000c001b2c1                sysCallRealpath(regs*)
                0x00000000c001b304                sysCallReadDir(regs*)
                0x00000000c001b383                sysCallIsATTY(regs*)
                0x00000000c001b3dd                sysCallSeek(regs*)
                0x00000000c001b434                sysCallTell(regs*)
                0x00000000c001b4a0                sysCallSize(regs*)
                0x00000000c001b512                sysCallSizeFromFilename(regs*)
                0x00000000c001b5c1                sysCallClose(regs*)
                0x00000000c001b621                sysCallOpenDir(regs*)
                0x00000000c001b696                sysCallCloseDir(regs*)
                0x00000000c001b6ea                sysCallMakeDir(regs*)
                0x00000000c001b75a                sysCallWait(regs*)
                0x00000000c001b774                sysCallNotImpl(regs*)
                0x00000000c001b78f                sysPanic(regs*)
                0x00000000c001b7a9                sysCallRmdir(regs*)
                0x00000000c001b80d                sysCallUnlink(regs*)
                0x00000000c001b871                sysCallGetArgv(regs*)
                0x00000000c001b8bd                sysCallTTYName(regs*)
                0x00000000c001b940                sysCallUSleep(regs*)
                0x00000000c001b967                sysCallSpawn(regs*)
                0x00000000c001b9cf                sysCallGetEnv(regs*)
                0x00000000c001ba7c                sysAppSettings(regs*)
                0x00000000c001bb90                sysSetFatAttrib(regs*)
                0x00000000c001bc02                sysPipe(regs*)
                0x00000000c001bc47                sysGetUnixTime(regs*)
                0x00000000c001bc5b                string_ends_with(char const*, char const*)
                0x00000000c001bca3                sysCallOpen(regs*)
                0x00000000c001be8b                Sys::loadSyscalls()
                0x00000000c001c080                Sys::systemCall(regs*, void*)
 .text          0x00000000c001c0c2     0x1203 thr/elf.32
                0x00000000c001c0c2                Thr::allocateMemoryForTask(Process*, File*, unsigned long, unsigned long, unsigned long)
                0x00000000c001c36c                Thr::loadProgramIntoMemory(Process*, char const*)
                0x00000000c001c582                Thr::runtimeReferenceHelper()
                0x00000000c001c595                Thr::getAddressOfKernelSymbol(char const*)
                0x00000000c001c5e4                Thr::loadKernelSymbolTable(char const*)
                0x00000000c001c8a2                Thr::loadDriverIntoMemory(char const*, unsigned long, bool)
                0x00000000c001cfd8                Thr::getDriverBaseFromAddress(unsigned long)
                0x00000000c001d00a                Thr::getDriverNameFromAddress(unsigned long)
                0x00000000c001d041                Thr::getDriverOffsetFromAddress(unsigned long)
                0x00000000c001d05b                Thr::loadDLL(char const*, bool)
                0x00000000c001d28c                Thr::executeDLL(unsigned long, void*)
 *fill*         0x00000000c001d2c5        0x1 
 .text          0x00000000c001d2c6     0x11ef thr/prcssthr.32
                0x00000000c001d2c6                userModeEntryPoint(void*)
                0x00000000c001d2ec                changeTSS
                0x00000000c001d31c                switchToThread(ThreadControlBlock*)
                0x00000000c001d3c6                Process::addArgs(char**)
                0x00000000c001d420                Process::Process(char const*, Process*, char**)
                0x00000000c001d420                Process::Process(char const*, Process*, char**)
                0x00000000c001d604                Process::Process(bool, char const*, Process*, char**)
                0x00000000c001d604                Process::Process(bool, char const*, Process*, char**)
                0x00000000c001d7b3                taskStartupFunction
                0x00000000c001d7bc                Semaphore::Semaphore(int)
                0x00000000c001d7bc                Semaphore::Semaphore(int)
                0x00000000c001d7ea                Mutex::Mutex()
                0x00000000c001d7ea                Mutex::Mutex()
                0x00000000c001d7fc                Process::createThread(void (*)(void*), void*, int)
                0x00000000c001d902                Process::createUserThread()
                0x00000000c001d91e                setupMultitasking(void (*)())
                0x00000000c001da21                schedule()
                0x00000000c001daa6                Semaphore::tryAcquire()
                0x00000000c001db62                Semaphore::assertLocked(char const*)
                0x00000000c001dbd1                blockTaskWithSchedulerLockAlreadyHeld(TaskState)
                0x00000000c001dbf7                blockTask(TaskState)
                0x00000000c001dc24                waitTask(int, int*, int)
                0x00000000c001dc66                nanoSleepUntil(unsigned long long)
                0x00000000c001dcfb                nanoSleep(unsigned long long)
                0x00000000c001dd13                sleep(unsigned long long)
                0x00000000c001dd30                Semaphore::acquire()
                0x00000000c001ddd2                taskReturned
                0x00000000c001de0d                Thr::processFromPID(int)
                0x00000000c001dea4                unblockTask(ThreadControlBlock*)
                0x00000000c001df39                cleanupTerminatedTask(ThreadControlBlock*)
                0x00000000c001e1e0                cleanerTaskFunction(void*)
                0x00000000c001e2c1                terminateTask(int)
                0x00000000c001e380                Thr::terminateFromIRQ(int)
                0x00000000c001e38c                Semaphore::release()
 .text          0x00000000c001e4b5      0xada vm86/vm8086.32
                0x00000000c001e4b5                Vm::inbv(unsigned short)
                0x00000000c001e4c8                Vm::outbv(unsigned short, unsigned char)
                0x00000000c001e4fe                Vm::realToLinear(unsigned short, unsigned short)
                0x00000000c001e50e                Vm::getSegment(unsigned int)
                0x00000000c001e516                Vm::getOffset(unsigned int)
                0x00000000c001e51b                Vm::mainloop2()
                0x00000000c001e555                Vm::mainVm8086Loop(void*)
                0x00000000c001e565                Vm::mainloop3(unsigned long)
                0x00000000c001e58b                Vm::initialise8086()
                0x00000000c001e5ce                Vm::finish8086()
                0x00000000c001e62f                Vm::getOutput8086(unsigned char*)
                0x00000000c001e654                Vm::start8086(char const*, unsigned short, unsigned short, unsigned short, unsigned short)
                0x00000000c001e7bc                Vm::doISR(regs*, int, unsigned char*, unsigned short, unsigned short)
                0x00000000c001e846                Vm::readByteFromReal(unsigned short, unsigned short)
                0x00000000c001e857                Vm::readWordFromReal(unsigned short, unsigned short)
                0x00000000c001e869                Vm::readDwordFromReal(unsigned short, unsigned short)
                0x00000000c001e87a                Vm::writeByteFromReal(unsigned short, unsigned short, unsigned char)
                0x00000000c001e88f                Vm::writeWordFromReal(unsigned short, unsigned short, unsigned short)
                0x00000000c001e8a5                Vm::writeDwordFromReal(unsigned short, unsigned short, unsigned int)
                0x00000000c001e8ba                Vm::faultHandler(regs*)
 .text          0x00000000c001ef8f      0xefd vm86/x87em.32
                0x00000000c001ef8f                Vm::fpuInternalTo32(unsigned long long)
                0x00000000c001efea                Vm::fpuInternalTo64(unsigned long long)
                0x00000000c001eff3                Vm::fpu32ToInternal(unsigned int)
                0x00000000c001f038                Vm::fpu64ToInternal(unsigned long long)
                0x00000000c001f041                Vm::fpuFloatToLong(unsigned long long)
                0x00000000c001f09c                Vm::fpuULongToFloat(unsigned long long)
                0x00000000c001f0d2                Vm::fpuLongToFloat(long long)
                0x00000000c001f128                Vm::fpuGet0()
                0x00000000c001f12d                Vm::fpuGet1()
                0x00000000c001f135                Vm::fpuGetPi()
                0x00000000c001f13d                Vm::fpuGetLog2E()
                0x00000000c001f155                Vm::fpuGetLogE2()
                0x00000000c001f16d                Vm::fpuGetLog210()
                0x00000000c001f185                Vm::fpuGetLog102()
                0x00000000c001f19d                Vm::fpuIsSecondLarger(unsigned long long, unsigned long long)
                0x00000000c001f1b1                Vm::fpuAreEqual(unsigned long long, unsigned long long)
                0x00000000c001f1c7                Vm::fpuUnorderedCompare(unsigned long long, unsigned long long)
                0x00000000c001f21a                Vm::fpuAdd(unsigned long long, unsigned long long)
                0x00000000c001f22b                Vm::fpuAbs(unsigned long long)
                0x00000000c001f234                Vm::fpuChs(unsigned long long)
                0x00000000c001f244                Vm::fpuSub(unsigned long long, unsigned long long)
                0x00000000c001f253                Vm::fpuMultiply(unsigned long long, unsigned long long)
                0x00000000c001f272                Vm::fpuDivide(unsigned long long, unsigned long long)
                0x00000000c001f28e                Vm::fpuSquare(unsigned long long)
                0x00000000c001f2a4                Vm::fpuGetReg(int)
                0x00000000c001f2e7                Vm::fpuSetReg(int, unsigned long long)
                0x00000000c001f332                Vm::fpuPush(unsigned long long)
                0x00000000c001f38f                Vm::fpuPop()
                0x00000000c001f3e1                Vm::x87Handler(regs*)
 .text          0x00000000c001fe8c     0x11c1 fs/fat/vfslink.32
                0x00000000c001fe8c                FAT::getName()
                0x00000000c001fe92                FAT::tell(void*, unsigned long long*)
                0x00000000c001fec6                FAT::stat(void*, unsigned long long*)
                0x00000000c001fefa                FAT::~FAT()
                0x00000000c001fefa                FAT::~FAT()
                0x00000000c001ff1e                FAT::~FAT()
                0x00000000c001ff46                FAT::getlabel(LogicalDisk*, int, char*, unsigned int*)
                0x00000000c001ffe4                FAT::setlabel(LogicalDisk*, int, char*)
                0x00000000c002009e                FAT::format(LogicalDisk*, int, char const*, int)
                0x00000000c002025c                FAT::tryMount(LogicalDisk*, int)
                0x00000000c0020462                FAT::getFileFirstSector(char const*)
                0x00000000c0020508                FAT::readDir(void*, unsigned long, void*, int*)
                0x00000000c0020662                FAT::read(void*, unsigned long, void*, int*)
                0x00000000c00206bc                FAT::write(void*, unsigned long, void*, int*)
                0x00000000c0020716                FAT::close(void*)
                0x00000000c0020762                FAT::closeDir(void*)
                0x00000000c00207ae                FAT::seek(void*, unsigned long long)
                0x00000000c0020802                fatWrapperReadDisk
                0x00000000c0020849                fatWrapperWriteDisk
                0x00000000c0020890                fatWrapperIoctl
                0x00000000c0020994                FAT::FAT()
                0x00000000c0020994                FAT::FAT()
                0x00000000c00209e6                FAT::fixFilepath(char*)
                0x00000000c0020a1e                FAT::open(char const*, void**, FileOpenMode)
                0x00000000c0020b46                FAT::openDir(char const*, void**)
                0x00000000c0020bec                FAT::stat(char const*, unsigned long long*, bool*)
                0x00000000c0020cd6                FAT::unlink(char const*)
                0x00000000c0020d50                FAT::chfatattr(char const*, unsigned char, unsigned char)
                0x00000000c0020ea4                FAT::rename(char const*, char const*)
                0x00000000c0020f68                FAT::mkdir(char const*)
                0x00000000c0020fe2                FAT::exists(char const*)
 *fill*         0x00000000c002104d        0x1 
 .text          0x00000000c002104e      0xb75 fs/iso9660/vfslink.32
                0x00000000c002104e                ISO9660::format(LogicalDisk*, int, char const*, int)
                0x00000000c0021054                ISO9660::seek(void*, unsigned long long)
                0x00000000c0021084                ISO9660::tell(void*, unsigned long long*)
                0x00000000c00210a8                ISO9660::getName()
                0x00000000c00210ae                ISO9660::stat(void*, unsigned long long*)
                0x00000000c00210d2                ISO9660::chfatattr(char const*, unsigned char, unsigned char)
                0x00000000c00210d8                ISO9660::unlink(char const*)
                0x00000000c00210de                ISO9660::write(void*, unsigned long, void*, int*)
                0x00000000c00210e4                ISO9660::rename(char const*, char const*)
                0x00000000c00210ea                ISO9660::mkdir(char const*)
                0x00000000c00210f0                ISO9660::close(void*)
                0x00000000c0021112                ISO9660::closeDir(void*)
                0x00000000c0021134                ISO9660::~ISO9660()
                0x00000000c0021134                ISO9660::~ISO9660()
                0x00000000c0021158                ISO9660::~ISO9660()
                0x00000000c002117f                __memmem(unsigned char*, int, unsigned char*, int)
                0x00000000c00211c1                readSectorFromCDROM(unsigned int, unsigned char*, char)
                0x00000000c002121c                ISO9660::tryMount(LogicalDisk*, int)
                0x00000000c002126c                ISO9660::read(void*, unsigned long, void*, int*)
                0x00000000c0021470                ISO9660::readDir(void*, unsigned long, void*, int*)
                0x00000000c00216ea                readRoot(unsigned int*, unsigned int*, char)
                0x00000000c002173e                readRecursively(char*, unsigned int, unsigned int, unsigned int*, unsigned int*, char, int*)
                0x00000000c0021911                getFileData(char*, unsigned int*, unsigned int*, char, int*)
                0x00000000c00219a0                ISO9660::open(char const*, void**, FileOpenMode)
                0x00000000c0021a4e                ISO9660::exists(char const*)
                0x00000000c0021a72                ISO9660::stat(char const*, unsigned long long*, bool*)
                0x00000000c0021b06                ISO9660::openDir(char const*, void**)
                0x00000000c0021ba0                ISO9660::ISO9660()
                0x00000000c0021ba0                ISO9660::ISO9660()
 *fill*         0x00000000c0021bc3        0x1 
 .text          0x00000000c0021bc4      0x396 hal/sound/sndchannel.32
                0x00000000c0021bc4                SoundChannel::SoundChannel(int, int, int, int)
                0x00000000c0021bc4                SoundChannel::SoundChannel(int, int, int, int)
                0x00000000c0021cee                SoundChannel::~SoundChannel()
                0x00000000c0021cee                SoundChannel::~SoundChannel()
                0x00000000c0021d0a                SoundChannel::getSampleRate()
                0x00000000c0021d12                SoundChannel::getBits()
                0x00000000c0021d1a                SoundChannel::getBufferUsed()
                0x00000000c0021d22                SoundChannel::getBufferSize()
                0x00000000c0021d2a                SoundChannel::unbuffer(float*, int, int)
                0x00000000c0021dbe                SoundChannel::buffer16(short*, int)
                0x00000000c0021eba                SoundChannel::buffer8(unsigned char*, int)
 .text          0x00000000c0021f5a      0x43e hal/sound/sndhw.32
                0x00000000c0021f5a                SoundDevice::SoundDevice(char const*)
                0x00000000c0021f5a                SoundDevice::SoundDevice(char const*)
                0x00000000c0021fc6                SoundDevice::~SoundDevice()
                0x00000000c0021fc6                SoundDevice::~SoundDevice()
                0x00000000c0022040                SoundDevice::~SoundDevice()
                0x00000000c002206a                SoundDevice::getFreeChannelNum()
                0x00000000c0022084                SoundDevice::addChannel(SoundChannel*)
                0x00000000c00220f4                SoundDevice::removeChannel(int)
                0x00000000c0022126                SoundDevice::floatTo16(float*, short*, int)
                0x00000000c0022214                SoundDevice::floatTo8(float*, unsigned char*, int)
                0x00000000c00222fc                SoundDevice::getAudio(int, float*, float*)
 .text          0x00000000c0022398        0x0 hw/bus/isa.32
 .text          0x00000000c0022398      0xb87 hw/bus/pci.32
                0x00000000c0022398                PCI::open(int, int, void*)
                0x00000000c00223b6                PCI::close(int, int, void*)
                0x00000000c00223ba                PCI::PCI()
                0x00000000c00223ba                PCI::PCI()
                0x00000000c0022450                PCI::readBAR8(unsigned int, int)
                0x00000000c002246c                PCI::readBAR16(unsigned int, int)
                0x00000000c002248a                PCI::readBAR32(unsigned int, int)
                0x00000000c00224a6                PCI::writeBAR8(unsigned int, unsigned char, int)
                0x00000000c00224c6                PCI::writeBAR16(unsigned int, unsigned short, int)
                0x00000000c00224e8                PCI::writeBAR32(unsigned int, unsigned int, int)
                0x00000000c0022508                PCI::legacyMechanism(unsigned char, unsigned char, unsigned char, unsigned char)
                0x00000000c0022576                PCI::pciReadWord(unsigned char, unsigned char, unsigned char, unsigned char)
                0x00000000c002261e                PCI::getVendorID(unsigned char, unsigned char, unsigned char)
                0x00000000c0022642                PCI::getHeaderType(unsigned char, unsigned char, unsigned char)
                0x00000000c002266a                PCI::getClassCode(unsigned char, unsigned char, unsigned char)
                0x00000000c00226b4                PCI::getProgIF(unsigned char, unsigned char, unsigned char)
                0x00000000c00226dc                PCI::getRevisionID(unsigned char, unsigned char, unsigned char)
                0x00000000c0022700                PCI::getInterruptNumber(unsigned char, unsigned char, unsigned char)
                0x00000000c0022724                PCI::getSecondaryBus(unsigned char, unsigned char, unsigned char)
                0x00000000c002274c                PCI::getBARAddress(unsigned char, unsigned char, unsigned char, unsigned char)
                0x00000000c00227b0                PCI::pciWriteWord(unsigned char, unsigned char, unsigned char, unsigned char, unsigned short)
                0x00000000c0022898                PCI::pciDetailsToFilepath(PCIDeviceInfo, char*)
                0x00000000c0022b12                PCI::checkBus(unsigned char)
                0x00000000c0022b36                PCI::foundDevice(PCIDeviceInfo)
                0x00000000c0022ca8                PCI::getDeviceData(unsigned char, unsigned char, unsigned char)
                0x00000000c0022e60                PCI::checkDevice(unsigned char, unsigned char)
                0x00000000c0022ecc                PCI::detect()
 *fill*         0x00000000c0022f1f        0x1 
 .text          0x00000000c0022f20      0xb54 hw/diskctrl/ide.32
                0x00000000c0022f20                IDE::close(int, int, void*)
                0x00000000c0022f24                IDE::IDE()
                0x00000000c0022f24                IDE::IDE()
                0x00000000c0022f58                IDE::prepareInterrupt(unsigned char)
                0x00000000c0022f6a                selectDrive(unsigned char, unsigned char)
                0x00000000c0022f6c                IDE::getBase(unsigned char)
                0x00000000c0022f7e                IDE::write(unsigned char, unsigned char, unsigned char)
                0x00000000c002303e                IDE::read(unsigned char, unsigned char)
                0x00000000c00230ec                IDE::waitInterrupt(unsigned char)
                0x00000000c0023152                ideChannel0IRQHandler(regs*, void*)
                0x00000000c002316e                ideChannel1IRQHandler(regs*, void*)
                0x00000000c002318a                IDE::enableIRQs(unsigned char, bool)
                0x00000000c00231d0                IDE::open(int, int, void*)
                0x00000000c00235de                IDE::readBuffer(unsigned char, unsigned char, unsigned int, unsigned int)
                0x00000000c00236aa                IDE::detect()
                0x00000000c0023970                IDE::printError(unsigned char, unsigned char, unsigned char)
                0x00000000c0023a20                IDE::polling(unsigned char, unsigned int)
 .text          0x00000000c0023a74      0x336 hw/diskctrl/satabus.32
                0x00000000c0023a74                SATABus::close(int, int, void*)
                0x00000000c0023a78                SATABus::detect()
                0x00000000c0023a7a                SATABus::SATABus()
                0x00000000c0023a7a                SATABus::SATABus()
                0x00000000c0023b00                SATABus::findCmdslot(SATABus::tagHBA_PORT volatile*)
                0x00000000c0023b48                SATABus::checkType(SATABus::tagHBA_PORT volatile*)
                0x00000000c0023b90                SATABus::startCmd(SATABus::tagHBA_PORT volatile*)
                0x00000000c0023bb0                SATABus::stopCmd(SATABus::tagHBA_PORT volatile*)
                0x00000000c0023bda                SATABus::portRebase(SATABus::tagHBA_PORT volatile*, int)
                0x00000000c0023ce0                SATABus::probePort(SATABus::tagHBA_MEM volatile*)
                0x00000000c0023d8a                SATABus::open(int, int, void*)
 .text          0x00000000c0023daa      0x604 hw/diskphys/ata.32
                0x00000000c0023daa                ATA::close(int, int, void*)
                0x00000000c0023dce                ATA::powerSaving(PowerSavingLevel)
                0x00000000c0023dd0                ATA::ATA()
                0x00000000c0023dd0                ATA::ATA()
                0x00000000c0023dfe                ATA::flush(bool)
                0x00000000c0023e48                ATA::readyForCommand()
                0x00000000c0023e98                ATA::access(unsigned long long, int, void*, bool)
                0x00000000c0024220                ATA::read(unsigned long long, int, void*)
                0x00000000c002426c                ATA::write(unsigned long long, int, void*)
                0x00000000c00242b8                ATA::detectCHS()
                0x00000000c00242e2                ATA::open(int, int, void*)
 .text          0x00000000c00243ae      0x5bd hw/diskphys/atapi.32
                0x00000000c00243ae                ATAPI::write(unsigned long long, int, void*)
                0x00000000c00243b4                ATAPI::close(int, int, void*)
                0x00000000c00243d8                ATAPI::ATAPI()
                0x00000000c00243d8                ATAPI::ATAPI()
                0x00000000c0024406                ATAPI::readyForCommand()
                0x00000000c0024456                ATAPI::sendPacket(unsigned char*, int, bool, unsigned short*, int)
                0x00000000c0024716                ATAPI::diskRemoved()
                0x00000000c0024732                ATAPI::eject()
                0x00000000c002477a                ATAPI::diskInserted()
                0x00000000c00247a8                ATAPI::detectMedia()
                0x00000000c0024864                ATAPI::open(int, int, void*)
                0x00000000c00248ec                ATAPI::read(unsigned long long, int, void*)
 *fill*         0x00000000c002496b        0x1 
 .text          0x00000000c002496c      0x41c hw/diskphys/sata.32
                0x00000000c002496c                SATA::close(int, int, void*)
                0x00000000c0024990                SATA::powerSaving(PowerSavingLevel)
                0x00000000c0024992                SATA::open(int, int, void*)
                0x00000000c0024a3c                SATA::SATA()
                0x00000000c0024a3c                SATA::SATA()
                0x00000000c0024a6a                SATA::access(unsigned long long, int, void*, bool)
                0x00000000c0024cd0                SATA::read(unsigned long long, int, void*)
                0x00000000c0024d1c                SATA::write(unsigned long long, int, void*)
 .text          0x00000000c0024d88      0x4fe hw/diskphys/satapi.32
                0x00000000c0024d88                SATAPI::write(unsigned long long, int, void*)
                0x00000000c0024d8e                SATAPI::close(int, int, void*)
                0x00000000c0024db2                SATAPI::SATAPI()
                0x00000000c0024db2                SATAPI::SATAPI()
                0x00000000c0024de0                SATAPI::diskRemoved()
                0x00000000c0024dfc                SATAPI::diskInserted()
                0x00000000c0024e2a                SATAPI::sendPacket(unsigned char*, int, unsigned long long, unsigned short*, int)
                0x00000000c0025032                SATAPI::eject()
                0x00000000c002507a                SATAPI::detectMedia()
                0x00000000c002513c                SATAPI::open(int, int, void*)
                0x00000000c00251e4                SATAPI::read(unsigned long long, int, void*)
 .text          0x00000000c0025286       0x8e hw/fpu/avx.32
                0x00000000c0025286                AVX::open(int, int, void*)
                0x00000000c0025298                AVX::close(int, int, void*)
                0x00000000c00252aa                AVX::available()
                0x00000000c00252bc                AVX::save(void*)
                0x00000000c00252d4                AVX::load(void*)
                0x00000000c00252ec                AVX::AVX()
                0x00000000c00252ec                AVX::AVX()
 .text          0x00000000c0025314       0x90 hw/fpu/mmx.32
                0x00000000c0025314                MMX::available()
                0x00000000c0025328                MMX::open(int, int, void*)
                0x00000000c002533a                MMX::close(int, int, void*)
                0x00000000c002534c                MMX::save(void*)
                0x00000000c0025364                MMX::load(void*)
                0x00000000c002537c                MMX::MMX()
                0x00000000c002537c                MMX::MMX()
 .text          0x00000000c00253a4       0x96 hw/fpu/sse.32
                0x00000000c00253a4                SSE::open(int, int, void*)
                0x00000000c00253b6                SSE::close(int, int, void*)
                0x00000000c00253c8                SSE::available()
                0x00000000c00253e2                SSE::save(void*)
                0x00000000c00253fa                SSE::load(void*)
                0x00000000c0025412                SSE::SSE()
                0x00000000c0025412                SSE::SSE()
 .text          0x00000000c002543a       0x8e hw/fpu/x87.32
                0x00000000c002543a                x87::open(int, int, void*)
                0x00000000c002544c                x87::close(int, int, void*)
                0x00000000c002545e                x87::available()
                0x00000000c0025470                x87::save(void*)
                0x00000000c0025488                x87::load(void*)
                0x00000000c00254a0                x87::x87()
                0x00000000c00254a0                x87::x87()
 .text          0x00000000c00254c8      0x71e hw/intctrl/apic.32
                0x00000000c00254c8                APIC::disable()
                0x00000000c00254ca                APIC::close(int, int, void*)
                0x00000000c00254ec                IOAPIC::close(int, int, void*)
                0x00000000c00254f2                APIC::io_wait()
                0x00000000c00254f8                APIC::getBase()
                0x00000000c002553a                APIC::eoi(unsigned char)
                0x00000000c0025568                APIC::open(int, int, void*)
                0x00000000c00256b6                IOAPIC::IOAPIC()
                0x00000000c00256b6                IOAPIC::IOAPIC()
                0x00000000c00256de                APIC::APIC()
                0x00000000c00256de                APIC::APIC()
                0x00000000c00257ba                IOAPIC::handlesGSIWithNumber(unsigned int)
                0x00000000c00257ec                IOAPIC::read(int)
                0x00000000c0025814                IOAPIC::open(int, int, void*)
                0x00000000c002590a                IOAPIC::write(int, int)
                0x00000000c0025936                IOAPIC::redirect(unsigned char, unsigned long long, unsigned char, bool, bool)
                0x00000000c0025a30                APIC::installIRQHandler(int, void (*)(regs*, void*), bool, void*)
 .text          0x00000000c0025be6      0x3d3 hw/intctrl/pic.32
                0x00000000c0025be6                PIC::disable()
                0x00000000c0025c14                PIC::close(int, int, void*)
                0x00000000c0025c36                PIC::PIC()
                0x00000000c0025c36                PIC::PIC()
                0x00000000c0025d0c                PIC::ioWait()
                0x00000000c0025d12                PIC::getIRQReg(int)
                0x00000000c0025d7c                PIC::eoi(unsigned char)
                0x00000000c0025e0e                PIC::remap()
                0x00000000c0025f7a                PIC::open(int, int, void*)
 *fill*         0x00000000c0025fb9        0x1 
 .text          0x00000000c0025fba      0x25e hw/timer/apictimer.32
                0x00000000c0025fba                APICTimer::close(int, int, void*)
                0x00000000c0025fc0                apicTimerHandler(regs*, void*)
                0x00000000c0025fee                APICTimer::write(int)
                0x00000000c00260f2                APICTimer::open(int, int, void*)
                0x00000000c00261f0                APICTimer::APICTimer()
                0x00000000c00261f0                APICTimer::APICTimer()
 .text          0x00000000c0026218      0x1a7 hw/timer/pit.32
                0x00000000c0026218                PIT::write(int)
                0x00000000c0026296                pitHandler(regs*, void*)
                0x00000000c00262c2                PIT::open(int, int, void*)
                0x00000000c0026310                PIT::close(int, int, void*)
                0x00000000c0026340                PIT::PIT()
                0x00000000c0026340                PIT::PIT()
 *fill*         0x00000000c00263bf        0x1 
 .text          0x00000000c00263c0       0x1e hw/fpu/x86/avx.32
                0x00000000c00263c0                avxDetect
                0x00000000c00263c6                avxSave
                0x00000000c00263c7                avxLoad
                0x00000000c00263c8                avxInit
                0x00000000c00263c9                avxClose
                0x00000000c00263ca                wouldSheSayYes
 *fill*         0x00000000c00263de        0x2 
 .text          0x00000000c00263e0       0x35 hw/fpu/x86/sse.32
                0x00000000c00263e0                absolutelyNoChanceInHell
                0x00000000c00263e0                sseDetect
                0x00000000c00263f8                sseSave
                0x00000000c00263fe                sseLoad
                0x00000000c0026404                sseInit
                0x00000000c0026414                sseClose
 *fill*         0x00000000c0026415        0xb 
 .text          0x00000000c0026420       0x4d hw/fpu/x86/x87.32
                0x00000000c0026426                x87Detect
                0x00000000c0026441                x87Save
                0x00000000c002644a                x87Load
                0x00000000c0026452                x87Init
                0x00000000c002646c                x87Close
 *fill*         0x00000000c002646d        0x3 
 .text          0x00000000c0026470       0x25 /cygdrive/d/Users/Alex/Desktop/Toolchain/Output/bin/../lib/gcc/i386-banana/8.1.0/crtend.o
 .text          0x00000000c0026495        0x0 crtn.32
 *fill*         0x00000000c0026495        0x3 
 .text          0x00000000c0026498      0x14b /cygdrive/d/Users/Alex/Desktop/Toolchain/Output/bin/../lib/gcc/i386-banana/8.1.0/libkgcc.a(_divdi3.o)
                0x00000000c0026498                __divdi3
 *fill*         0x00000000c00265e3        0x1 
 .text          0x00000000c00265e4      0x17e /cygdrive/d/Users/Alex/Desktop/Toolchain/Output/bin/../lib/gcc/i386-banana/8.1.0/libkgcc.a(_moddi3.o)
                0x00000000c00265e4                __moddi3
 *fill*         0x00000000c0026762        0x2 
 .text          0x00000000c0026764       0xff /cygdrive/d/Users/Alex/Desktop/Toolchain/Output/bin/../lib/gcc/i386-banana/8.1.0/libkgcc.a(_udivdi3.o)
                0x00000000c0026764                __udivdi3
 *fill*         0x00000000c0026863        0x1 
 .text          0x00000000c0026864      0x11a /cygdrive/d/Users/Alex/Desktop/Toolchain/Output/bin/../lib/gcc/i386-banana/8.1.0/libkgcc.a(_umoddi3.o)
                0x00000000c0026864                __umoddi3
 .text          0x00000000c002697e      0x96d D:/Users/Alex/Desktop/Banana/kernel/libsoftfp.a(sfieeelib.o)
                0x00000000c002697e                __addsf3
                0x00000000c0026c80                __subsf3
                0x00000000c0026c94                __negsf2
                0x00000000c0026ca1                __mulsf3
                0x00000000c0026e64                __divsf3
                0x00000000c002708f                __floatsisf
                0x00000000c0027103                __floatunsisf
                0x00000000c0027145                __fixsfsi
                0x00000000c00271a7                __fixunssfsi
                0x00000000c00271d8                __cmpsf2
                0x00000000c002726d                __eqsf2
                0x00000000c00272a8                __nesf2
                0x00000000c00272aa                __gtsf2
                0x00000000c00272e5                __gesf2
                0x00000000c00272e7                __ltsf2
                0x00000000c00272e9                __lesf2
 .text          0x00000000c00272eb      0xf50 D:/Users/Alex/Desktop/Banana/kernel/libsoftfp.a(dfieeelib.o)
                0x00000000c00272eb                __adddf3
                0x00000000c002793c                __subdf3