Archive member included to satisfy reference by file (symbol)

/cygdrive/c/Users/Alex/Toolchain/Output/bin/../lib/gcc/i386-banana/8.1.0/libkgcc.a(_divdi3.o)
                              krnl/resolve.32 (__divdi3)
/cygdrive/c/Users/Alex/Toolchain/Output/bin/../lib/gcc/i386-banana/8.1.0/libkgcc.a(_moddi3.o)
                              krnl/resolve.32 (__moddi3)
/cygdrive/c/Users/Alex/Toolchain/Output/bin/../lib/gcc/i386-banana/8.1.0/libkgcc.a(_udivdi3.o)
                              hal/clock.32 (__udivdi3)
/cygdrive/c/Users/Alex/Toolchain/Output/bin/../lib/gcc/i386-banana/8.1.0/libkgcc.a(_umoddi3.o)
                              hal/clock.32 (__umoddi3)

Allocating common symbols
Common symbol       size              file

dcache              0x40              fs/iso9660/iso9660.32
cdDriveLetter       0x1               fs/iso9660/iso9660.32
icache              0x40              fs/iso9660/iso9660.32

Discarded input sections

 .comment       0x0000000000000000       0x12 /cygdrive/c/Users/Alex/Toolchain/Output/bin/../lib/gcc/i386-banana/8.1.0/crtbegin.o
 .comment       0x0000000000000000       0x12 acpica/utclib.32
 .comment       0x0000000000000000       0x12 krnl/malloc.32
 .comment       0x0000000000000000       0x12 libk/ctype.32
 .comment       0x0000000000000000       0x12 libk/string.32
 .comment       0x0000000000000000       0x12 arch/i386/cc.32
 .comment       0x0000000000000000       0x12 fs/fat/diskio.32
 .comment       0x0000000000000000       0x12 fs/fat/ff.32
 .comment       0x0000000000000000       0x12 fs/fat/ffsystem.32
 .comment       0x0000000000000000       0x12 fs/fat/ffunicode.32
 .comment       0x0000000000000000       0x12 fs/iso9660/iso9660.32
 .comment       0x0000000000000000       0x12 dbg/kconsole.32
 .comment       0x0000000000000000       0x12 dbg/usban.32
 .comment       0x0000000000000000       0x12 fs/symlink.32
 .group         0x0000000000000000        0xc fs/vfs.32
 .group         0x0000000000000000        0xc fs/vfs.32
 .group         0x0000000000000000        0xc fs/vfs.32
 .comment       0x0000000000000000       0x12 fs/vfs.32
 .group         0x0000000000000000        0xc hal/bus.32
 .comment       0x0000000000000000       0x12 hal/bus.32
 .comment       0x0000000000000000       0x12 hal/buzzer.32
 .group         0x0000000000000000        0xc hal/clock.32
 .comment       0x0000000000000000       0x12 hal/clock.32
 .group         0x0000000000000000       0x14 hal/device.32
 .group         0x0000000000000000        0xc hal/device.32
 .group         0x0000000000000000        0x8 hal/device.32
 .group         0x0000000000000000        0xc hal/device.32
 .group         0x0000000000000000        0xc hal/device.32
 .comment       0x0000000000000000       0x12 hal/device.32
 .group         0x0000000000000000        0xc hal/diskctrl.32
 .comment       0x0000000000000000       0x12 hal/diskctrl.32
 .group         0x0000000000000000        0xc hal/diskphys.32
 .comment       0x0000000000000000       0x12 hal/diskphys.32
 .comment       0x0000000000000000       0x12 hal/fpu.32
 .comment       0x0000000000000000       0x12 hal/intctrl.32
 .group         0x0000000000000000        0xc hal/keybrd.32
 .comment       0x0000000000000000       0x12 hal/keybrd.32
 .group         0x0000000000000000        0xc hal/logidisk.32
 .comment       0x0000000000000000       0x12 hal/logidisk.32
 .group         0x0000000000000000        0xc hal/mouse.32
 .comment       0x0000000000000000       0x12 hal/mouse.32
 .group         0x0000000000000000        0xc hal/nic.32
 .comment       0x0000000000000000       0x12 hal/nic.32
 .comment       0x0000000000000000       0x12 hal/partition.32
 .group         0x0000000000000000        0xc hal/serial.32
 .comment       0x0000000000000000       0x12 hal/serial.32
 .group         0x0000000000000000        0x8 hal/timer.32
 .group         0x0000000000000000        0x8 hal/timer.32
 .group         0x0000000000000000        0xc hal/timer.32
 .group         0x0000000000000000        0xc hal/timer.32
 .group         0x0000000000000000        0xc hal/timer.32
 .comment       0x0000000000000000       0x12 hal/timer.32
 .group         0x0000000000000000        0xc hal/vcache.32
 .comment       0x0000000000000000       0x12 hal/vcache.32
 .group         0x0000000000000000        0xc hal/video.32
 .comment       0x0000000000000000       0x12 hal/video.32
 .group         0x0000000000000000       0x14 hw/acpi.32
 .group         0x0000000000000000        0x8 hw/acpi.32
 .group         0x0000000000000000        0x8 hw/acpi.32
 .group         0x0000000000000000        0x8 hw/acpi.32
 .group         0x0000000000000000        0xc hw/acpi.32
 .group         0x0000000000000000        0xc hw/acpi.32
 .comment       0x0000000000000000       0x12 hw/acpi.32
 .comment       0x0000000000000000       0x12 krnl/atexit.32
 .comment       0x0000000000000000       0x12 krnl/bootmsg.32
 .comment       0x0000000000000000       0x12 krnl/c++.32
[...]
Memory Configuration

Name             Origin             Length             Attributes
*default*        0x0000000000000000 0xffffffffffffffff

Linker script and memory map

LOAD C:/Users/Alex/Desktop/Banana/kernel/boot.32
LOAD crti.32
LOAD /cygdrive/c/Users/Alex/Toolchain/Output/bin/../lib/gcc/i386-banana/8.1.0/crtbegin.o
LOAD C:/Users/Alex/Desktop/Banana/kernel/morenasm.32
LOAD acpica/utclib.32
LOAD krnl/malloc.32
LOAD libk/ctype.32
LOAD libk/string.32
LOAD arch/i386/cc.32
LOAD fs/fat/diskio.32
LOAD fs/fat/ff.32
LOAD fs/fat/ffsystem.32
LOAD fs/fat/ffunicode.32
LOAD fs/iso9660/iso9660.32
LOAD dbg/kconsole.32
LOAD dbg/usban.32
LOAD fs/symlink.32
LOAD fs/vfs.32
LOAD hal/bus.32
LOAD hal/buzzer.32
LOAD hal/clock.32
LOAD hal/device.32
LOAD hal/diskctrl.32
LOAD hal/diskphys.32
LOAD hal/fpu.32
LOAD hal/intctrl.32
LOAD hal/keybrd.32
LOAD hal/logidisk.32
LOAD hal/mouse.32
LOAD hal/nic.32
LOAD hal/partition.32
LOAD hal/serial.32
LOAD hal/timer.32
LOAD hal/vcache.32
LOAD hal/video.32
LOAD hw/acpi.32
LOAD krnl/atexit.32
LOAD krnl/bootmsg.32
LOAD krnl/c++.32
LOAD krnl/cdefs.32
LOAD krnl/cm.32
LOAD krnl/compat.32
LOAD krnl/computer.32
LOAD krnl/crc32.32
LOAD krnl/env.32
LOAD krnl/fault.32
LOAD krnl/gdt.32
LOAD krnl/idle.32
LOAD krnl/idt.32
LOAD krnl/inlines.32
LOAD krnl/kheap.32
LOAD krnl/mailbox.32
LOAD krnl/main.32
LOAD krnl/mutex.32
LOAD krnl/panic.32
LOAD krnl/physmgr.32
LOAD krnl/pipe.32
LOAD krnl/powctrl.32
LOAD krnl/random.32
LOAD krnl/resolve.32
LOAD krnl/semaphore.32
LOAD krnl/signal.32
LOAD krnl/syscalls.32
LOAD krnl/terminal.32
LOAD krnl/tss.32
LOAD krnl/unixfile.32
LOAD krnl/virtmgr.32
LOAD sys/eject.32
LOAD sys/exit.32
LOAD sys/getcwd.32
LOAD sys/getpid.32
LOAD sys/getramdata.32
LOAD sys/getvgaptr.32
LOAD sys/kill.32
LOAD sys/loaddll.32
LOAD sys/read.32
LOAD sys/registersignal.32
LOAD sys/registry.32
LOAD sys/sbrk.32
LOAD sys/setcwd.32
LOAD sys/settime.32
LOAD sys/symlink.32
LOAD sys/timezone.32
LOAD sys/truncate.32
LOAD sys/write.32
LOAD sys/wsbe.32
LOAD sys/yield.32
LOAD thr/elf.32
LOAD thr/exec.32
LOAD thr/prcssthr.32
LOAD vm86/vm8086.32
LOAD arch/i386/hal.32
LOAD arch/i386/intctrl.32
LOAD arch/i386/pic.32
LOAD arch/i386/rtc.32
LOAD arch/i386/vga.32
LOAD fs/fat/vfslink.32
LOAD fs/iso9660/helper.32
LOAD fs/iso9660/vfslink.32
LOAD hal/sound/sndcard.32
LOAD hal/sound/sndport.32
LOAD hw/bus/isa.32
LOAD hw/bus/pci.32
LOAD hw/diskctrl/ide.32
LOAD hw/diskctrl/satabus.32
LOAD hw/diskphys/ata.32
LOAD hw/diskphys/atapi.32
LOAD hw/diskphys/sata.32
LOAD hw/diskphys/satapi.32
LOAD hw/intctrl/apic.32
LOAD hw/timer/apictimer.32
LOAD hw/timer/pit.32
LOAD arch/i386/avx.32
LOAD arch/i386/interrupt.32
LOAD arch/i386/rdrand.32
LOAD arch/i386/sse.32
LOAD arch/i386/x87.32
LOAD /cygdrive/c/Users/Alex/Toolchain/Output/bin/../lib/gcc/i386-banana/8.1.0/crtend.o
LOAD crtn.32
LOAD /cygdrive/c/Users/Alex/Toolchain/Output/bin/../lib/gcc/i386-banana/8.1.0/libkgcc.a
LOAD C:/Users/Alex/Desktop/Banana/kernel/libsoftfp.a
LOAD C:/Users/Alex/Desktop/Banana/kernel/libk/libm32.a
                0x00000000c0000000                . = 0xc0000000

.text           0x00000000c0000000    0x1ff7e
 *(.text)
 .text          0x00000000c0000000       0x20 C:/Users/Alex/Desktop/Banana/kernel/boot.32
 .text          0x00000000c0000020        0x0 crti.32
 .text          0x00000000c0000020      0x101 /cygdrive/c/Users/Alex/Toolchain/Output/bin/../lib/gcc/i386-banana/8.1.0/crtbegin.o
 *fill*         0x00000000c0000121        0xf 
 .text          0x00000000c0000130      0x24f C:/Users/Alex/Desktop/Banana/kernel/morenasm.32
                0x00000000c0000130                manualPCIProbe
                0x00000000c000017b                prepareTramp
                0x00000000c0000194                doTPAUSE
                0x00000000c000019e                hasLegacyFPU
                0x00000000c00001c3                is486
                0x00000000c00001f9                detectCPUID
                0x00000000c000020f                goToVM86
                0x00000000c000023f                goToUsermode
                0x00000000c0000269                switchToThreadASMFirstTime
                0x00000000c0000277                switchToThreadASM
                0x00000000c00002fc                asmQuickAcquireLock
                0x00000000c000031a                asmQuickReleaseLock
                0x00000000c0000326                asmAcquireLock
                0x00000000c0000347                asmReleaseLock
                0x00000000c000035a                loadGDT
                0x00000000c000037a                memcpy
 *fill*         0x00000000c000037f        0x1 
 .text          0x00000000c0000380      0x868 acpica/utclib.32
                0x00000000c0000380                memcmp
                0x00000000c00003d0                memmove
                0x00000000c00004f0                memset
                0x00000000c0000570                strlen
                0x00000000c00005a0                strpbrk
                0x00000000c00005f0                strtok
                0x00000000c0000640                strcpy
                0x00000000c0000680                strncpy
                0x00000000c0000750                strcmp
                0x00000000c00007a0                strchr
                0x00000000c00007e0                strncmp
                0x00000000c0000840                strcat
                0x00000000c0000870                strncat
                0x00000000c00008d0                strstr
                0x00000000c0000930                toupper
                0x00000000c0000950                tolower
                0x00000000c0000970                simple_strtoul
 .text          0x00000000c0000be8     0x1140 krnl/malloc.32
                0x00000000c0000d53                dlfree
                0x00000000c000121a                dlmalloc
                0x00000000c0001757                dlrealloc
                0x00000000c0001934                dlmemalign
                0x00000000c0001a57                dlcalloc
                0x00000000c0001ae8                dlcfree
                0x00000000c0001aed                dlindependent_calloc
                0x00000000c0001b12                dlindependent_comalloc
                0x00000000c0001b29                dlvalloc
                0x00000000c0001b54                dlpvalloc
                0x00000000c0001b8a                dlmalloc_trim
                0x00000000c0001b97                dlmalloc_usable_size
                0x00000000c0001bc8                dlmallinfo
                0x00000000c0001c97                dlmalloc_stats
                0x00000000c0001ca8                dlmallopt
 .text          0x00000000c0001d28      0x1f2 libk/ctype.32
                0x00000000c0001d28                isblank
                0x00000000c0001d48                iscntrl
                0x00000000c0001d68                isdigit
                0x00000000c0001d84                islower
                0x00000000c0001da0                isspace
                0x00000000c0001dc8                isupper
                0x00000000c0001de4                isalpha
                0x00000000c0001e14                isalnum
                0x00000000c0001e44                ispunct
                0x00000000c0001e84                isgraph
                0x00000000c0001eb4                isprint
                0x00000000c0001edc                isxdigit
 .text          0x00000000c0001f1a        0x0 libk/string.32
 *fill*         0x00000000c0001f1a        0x2 
 .text          0x00000000c0001f1c       0x53 arch/i386/cc.32
                0x00000000c0001f1c                LWIP_PLATFORM_HTONS
                0x00000000c0001f40                LWIP_PLATFORM_HTONL
 .text          0x00000000c0001f6f       0x51 fs/fat/diskio.32
                0x00000000c0001f6f                disk_status
                0x00000000c0001f72                disk_initialize
                0x00000000c0001f75                disk_read
                0x00000000c0001f8b                disk_write
                0x00000000c0001fa1                disk_ioctl
 .text          0x00000000c0001fc0     0x3e46 fs/fat/ff.32
                0x00000000c0003de1                f_mount
                0x00000000c0003e43                f_open
                0x00000000c0004106                f_read
                0x00000000c0004305                f_write
                0x00000000c000454d                f_sync
                0x00000000c0004612                f_close
                0x00000000c0004641                f_lseek
                0x00000000c00047f2                f_opendir
                0x00000000c00048bd                f_closedir
                0x00000000c00048df                f_readdir
                0x00000000c0004971                f_stat
                0x00000000c00049f0                f_getfree
                0x00000000c0004af9                f_truncate
                0x00000000c0004be3                f_unlink
                0x00000000c0004d05                f_mkdir
                0x00000000c0004ea0                f_rename
                0x00000000c0005058                f_chmod
                0x00000000c0005108                f_utime
                0x00000000c00051b8                f_getlabel
                0x00000000c0005309                f_setlabel
                0x00000000c0005499                f_expand
                0x00000000c0005606                f_mkfs
 *fill*         0x00000000c0005e06        0x2 
 .text          0x00000000c0005e08       0x2f fs/fat/ffsystem.32
                0x00000000c0005e08                ff_memalloc
                0x00000000c0005e20                ff_memfree
 *fill*         0x00000000c0005e37        0x1 
 .text          0x00000000c0005e38      0x2dc fs/fat/ffunicode.32
                0x00000000c0005e38                ff_uni2oem
                0x00000000c0005ed8                ff_oem2uni
                0x00000000c0005f50                ff_wtoupper
 .text          0x00000000c0006114      0xd32 fs/iso9660/iso9660.32
                0x00000000c000635f                isoReadDiscSector
                0x00000000c00063fa                strnicmp
                0x00000000c00066a9                stricmp
                0x00000000c00066f5                iso_open
                0x00000000c000677f                iso_close
                0x00000000c000679d                iso_read
                0x00000000c00068b3                iso_seek
                0x00000000c0006937                iso_tell
                0x00000000c0006968                iso_total
                0x00000000c0006993                fn_postprocess
                0x00000000c00069ba                iso_readdir
                0x00000000c0006c11                iso_reset
                0x00000000c0006c2e                init_percd
                0x00000000c0006d28                iso_ioctl
                0x00000000c0006d40                fs_iso9660_init
                0x00000000c0006dd6                fs_iso9660_shutdown
 .text          0x00000000c0006e46      0x254 dbg/kconsole.32
                0x00000000c0006e46                Dbg::stringifyxWithBase(unsigned int, char*, int)
                0x00000000c0006ee6                Dbg::logc(char)
                0x00000000c0006f06                Dbg::logs(char*)
                0x00000000c0006f25                Dbg::logWriteInt(unsigned int)
                0x00000000c0006f43                Dbg::logWriteIntBase(unsigned int, int)
                0x00000000c0006f64                Dbg::kprintf(char const*, ...)
 *fill*         0x00000000c000709a        0x2 
 .text          0x00000000c000709c      0x2d4 dbg/usban.32
                0x00000000c000709c                KiUbsanPrintDetails(char const*, void*)
                0x00000000c0007108                __ubsan_handle_type_mismatch_v1
                0x00000000c00071e4                __ubsan_handle_pointer_overflow
                0x00000000c0007210                __ubsan_handle_out_of_bounds
                0x00000000c000723c                __ubsan_handle_add_overflow
                0x00000000c0007268                __ubsan_handle_load_invalid_value
                0x00000000c0007294                __ubsan_handle_divrem_overflow
                0x00000000c00072c0                __ubsan_handle_mul_overflow
                0x00000000c00072ec                __ubsan_handle_sub_overflow
                0x00000000c0007318                __ubsan_handle_shift_out_of_bounds
                0x00000000c0007344                __ubsan_handle_negate_overflow
 .text          0x00000000c0007370      0x814 fs/symlink.32
                0x00000000c00074bf                KiDeinitialiseSymlinks(void*)
                0x00000000c0007552                KeRegisterSymlink(char const*, unsigned long long)
                0x00000000c00075d5                KeInitialiseSymlinks()
                0x00000000c0007737                KiIsSymlinkRegistered(char const*)
                0x00000000c00078a1                KeDereferenceSymlink(char const*, char*)
                0x00000000c0007a48                KeCreateSymlink(char const*, char const*)
 .text          0x00000000c0007b84      0xd68 fs/vfs.32
                0x00000000c0007b84                File::read(unsigned long long, void*, int*)
                0x00000000c0007bdc                File::write(unsigned long long, void*, int*)
                0x00000000c0007c34                Directory::read(unsigned long long, void*, int*)
                0x00000000c0007c8c                Directory::write(unsigned long long, void*, int*)
                0x00000000c0007cba                File::isAtty()
                0x00000000c0007cbe                Directory::isAtty()
                0x00000000c0007cc2                Filesystem::getlabel(LogicalDisk*, int, char*, unsigned int*)
                0x00000000c0007cc8                Filesystem::setlabel(LogicalDisk*, int, char*)
                0x00000000c0007cce                Filesystem::allocateSwapfile(char const*, int)
                0x00000000c0007cd4                File::~File()
                0x00000000c0007cd4                File::~File()
                0x00000000c0007cf8                File::~File()
                0x00000000c0007d22                Directory::~Directory()
                0x00000000c0007d22                Directory::~Directory()
                0x00000000c0007d46                Directory::~Directory()
                0x00000000c0007d70                Filesystem::Filesystem()
                0x00000000c0007d70                Filesystem::Filesystem()
                0x00000000c0007d94                Filesystem::~Filesystem()
                0x00000000c0007d94                Filesystem::~Filesystem()
                0x00000000c0007da2                Filesystem::~Filesystem()
                0x00000000c0007dc6                Fs::getcwd(Process*, char*, int)
                0x00000000c0007df0                Fs::initVFS()
                0x00000000c0007e1a                Fs::standardiseFiles(char*, char const*, char const*, bool)
                0x00000000c0008034                File::File(char const*, Process*, bool)
                0x00000000c0008034                File::File(char const*, Process*, bool)
                0x00000000c0008112                File::File(char const*, Process*)
                0x00000000c0008112                File::File(char const*, Process*)
                0x00000000c0008130                File::open(FileOpenMode)
                0x00000000c000818e                File::close()
                0x00000000c00081ee                File::seek(unsigned long long)
                0x00000000c0008244                File::truncate(unsigned long long)
                0x00000000c000829a                File::tell(unsigned long long*)
                0x00000000c00082ea                File::rewind()
                0x00000000c00082fe                File::unlink()
                0x00000000c000834a                File::rename(char const*)
                0x00000000c0008398                File::chfatattr(unsigned char, unsigned char)
                0x00000000c00083f4                File::exists()
                0x00000000c0008432                File::stat(unsigned long long*, bool*)
                0x00000000c0008493                Fs::setcwd(Process*, char*)
                0x00000000c00085f2                Directory::Directory(char const*, Process*)
                0x00000000c00085f2                Directory::Directory(char const*, Process*)
                0x00000000c00086ba                Directory::open()
                0x00000000c0008716                Directory::close()
                0x00000000c0008776                Directory::unlink()
                0x00000000c00087c2                Directory::rename(char const*)
                0x00000000c0008810                Directory::exists()
                0x00000000c000884e                Directory::read(dirent*)
                0x00000000c000889a                Directory::create()
                0x00000000c00088e6                Filesystem::chfatattr(char const*, unsigned char, unsigned char)
 .text          0x00000000c00088ec       0x86 hal/bus.32
                0x00000000c00088ec                Bus::Bus(char const*)
                0x00000000c00088ec                Bus::Bus(char const*)
                0x00000000c0008924                Bus::~Bus()
                0x00000000c0008924                Bus::~Bus()
                0x00000000c0008948                Bus::~Bus()
 .text          0x00000000c0008972       0x99 hal/buzzer.32
                0x00000000c0008972                KeBeepThread(void*)
                0x00000000c00089b2                KeBeep(int, int, bool)
 *fill*         0x00000000c0008a0b        0x1 
 .text          0x00000000c0008a0c      0x513 hal/clock.32
                0x00000000c0008a0c                KeLoadClockSettings()
                0x00000000c0008b12                Clock::Clock(char const*)
                0x00000000c0008b12                Clock::Clock(char const*)
                0x00000000c0008b48                Clock::~Clock()
                0x00000000c0008b48                Clock::~Clock()
                0x00000000c0008b6c                Clock::~Clock()
                0x00000000c0008b96                Clock::timeInSecondsLocal()
                0x00000000c0008bde                Clock::setTimeInSecondsLocal(unsigned long long)
                0x00000000c0008c37                KeDatetimeToSeconds(datetime_t)
                0x00000000c0008d56                Clock::setTimeInDatetimeLocal(datetime_t)
                0x00000000c0008db6                KeSecondsToDatetime(unsigned long long)
                0x00000000c0008efa                Clock::timeInDatetimeLocal()
 *fill*         0x00000000c0008f1f        0x1 
 .text          0x00000000c0008f20      0x47a hal/device.32
                0x00000000c0008f20                Device::hibernate()
                0x00000000c0008f22                Device::wake()
                0x00000000c0008f24                Device::detect()
                0x00000000c0008f26                Device::disableLegacy()
                0x00000000c0008f28                Device::powerSaving(PowerSavingLevel)
                0x00000000c0008f2a                DriverlessDevice::close(int, int, void*)
                0x00000000c0008f2e                DriverlessDevice::detect()
                0x00000000c0008f30                DriverlessDevice::open(int, int, void*)
                0x00000000c0008f44                Device::~Device()
                0x00000000c0008f44                Device::~Device()
                0x00000000c0008f52                Device::~Device()
                0x00000000c0008f7a                Device::findAndLoadDriver()
                0x00000000c0008f88                Device::preOpenPCI(PCIDeviceInfo)
                0x00000000c0008fae                Device::preOpenACPI(void*, char*, char*)
                0x00000000c0008fee                Device::addIRQHandler(int, void (*)(regs*, void*), bool, void*)
                0x00000000c0009018                Device::getParent()
                0x00000000c0009024                Device::removeIRQHandler(int, void (*)(regs*, void*), bool)
                0x00000000c0009042                Device::addChild(Device*)
                0x00000000c0009086                Device::removeAllChildren()
                0x00000000c00090cc                Device::hibernateAll()
                0x00000000c00090fc                Device::wakeAll()
                0x00000000c000912c                Device::detectAll()
                0x00000000c000915c                Device::disableLegacyAll()
                0x00000000c000915e                Device::loadDriversForAll()
                0x00000000c0009160                Device::powerSavingAll(PowerSavingLevel)
                0x00000000c0009196                Device::setName(char const*)
                0x00000000c00091a4                Device::Device(char const*)
                0x00000000c00091a4                Device::Device(char const*)
                0x00000000c00092a0                Device::getName()
                0x00000000c00092aa                Device::closeAll()
                0x00000000c00092f6                DriverlessDevice::DriverlessDevice(char const*)
                0x00000000c00092f6                DriverlessDevice::DriverlessDevice(char const*)
                0x00000000c000932c                Device::addToLinkedList(LinkedList<Device>&, DeviceType)
                0x00000000c0009370                getDevicesOfType(DeviceType)
 *fill*         0x00000000c000939a        0x2 
 .text          0x00000000c000939c       0x86 hal/diskctrl.32
                0x00000000c000939c                HardDiskController::HardDiskController(char const*)
                0x00000000c000939c                HardDiskController::HardDiskController(char const*)
                0x00000000c00093d4                HardDiskController::~HardDiskController()
                0x00000000c00093d4                HardDiskController::~HardDiskController()
                0x00000000c00093f8                HardDiskController::~HardDiskController()
 .text          0x00000000c0009422       0xe2 hal/diskphys.32
                0x00000000c0009422                PhysicalDisk::eject()
                0x00000000c0009426                PhysicalDisk::PhysicalDisk(char const*, int)
                0x00000000c0009426                PhysicalDisk::PhysicalDisk(char const*, int)
                0x00000000c000948e                PhysicalDisk::startCache()
                0x00000000c00094b6                PhysicalDisk::~PhysicalDisk()
                0x00000000c00094b6                PhysicalDisk::~PhysicalDisk()
                0x00000000c00094da                PhysicalDisk::~PhysicalDisk()
 .text          0x00000000c0009504        0x0 hal/fpu.32
 .text          0x00000000c0009504        0x0 hal/intctrl.32
 .text          0x00000000c0009504      0x8a8 hal/keybrd.32
                0x00000000c0009504                startGUI(void*)
                0x00000000c0009569                startGUIVESA(void*)
                0x00000000c00095ce                sendKeyToTerminal(unsigned char)
                0x00000000c00096a4                sendKeyboardToken(KeyboardToken)
                0x00000000c0009b60                clearInternalKeybuffer(VgaText*)
                0x00000000c0009b95                readKeyboard(VgaText*, char*, unsigned long)
                0x00000000c0009d22                Keyboard::Keyboard(char const*)
                0x00000000c0009d22                Keyboard::Keyboard(char const*)
                0x00000000c0009d5e                Keyboard::~Keyboard()
                0x00000000c0009d5e                Keyboard::~Keyboard()
                0x00000000c0009d82                Keyboard::~Keyboard()
 .text          0x00000000c0009dac      0x3f8 hal/logidisk.32
                0x00000000c0009dac                LogicalDisk::close(int, int, void*)
                0x00000000c0009db0                LogicalDisk::~LogicalDisk()
                0x00000000c0009db0                LogicalDisk::~LogicalDisk()
                0x00000000c0009dd4                LogicalDisk::~LogicalDisk()
                0x00000000c0009dfe                LogicalDisk::open(int, int, void*)
                0x00000000c0009e12                LogicalDisk::absoluteToRelative(unsigned long long)
                0x00000000c0009e4a                LogicalDisk::relativeToAbsolute(unsigned long long)
                0x00000000c0009e90                LogicalDisk::LogicalDisk(char const*, PhysicalDisk*, unsigned long long, unsigned long long)
                0x00000000c0009e90                LogicalDisk::LogicalDisk(char const*, PhysicalDisk*, unsigned long long, unsigned long long)
                0x00000000c0009f50                LogicalDisk::assignDriveLetter()
                0x00000000c000a00a                LogicalDisk::mount()
                0x00000000c000a052                LogicalDisk::unmount()
                0x00000000c000a062                LogicalDisk::eject()
                0x00000000c000a076                LogicalDisk::unassignDriveLetter()
                0x00000000c000a0cc                LogicalDisk::read(unsigned long long, int, void*)
                0x00000000c000a138                LogicalDisk::write(unsigned long long, int, void*)
 .text          0x00000000c000a1a4       0x86 hal/mouse.32
                0x00000000c000a1a4                Mouse::Mouse(char const*)
                0x00000000c000a1a4                Mouse::Mouse(char const*)
                0x00000000c000a1dc                Mouse::~Mouse()
                0x00000000c000a1dc                Mouse::~Mouse()
                0x00000000c000a200                Mouse::~Mouse()
 .text          0x00000000c000a22a       0x90 hal/nic.32
                0x00000000c000a22a                NIC::getMAC()
                0x00000000c000a230                NIC::write(int, unsigned char*, int*)
                0x00000000c000a236                NIC::NIC(char const*)
                0x00000000c000a236                NIC::NIC(char const*)
                0x00000000c000a26c                NIC::~NIC()
                0x00000000c000a26c                NIC::~NIC()
                0x00000000c000a290                NIC::~NIC()
 .text          0x00000000c000a2ba      0x33b hal/partition.32
                0x00000000c000a2ba                makePartition(PhysicalDisk*, unsigned long long, unsigned long long)
                0x00000000c000a362                createPartitionsForDisk(PhysicalDisk*)
 *fill*         0x00000000c000a5f5        0x3 
 .text          0x00000000c000a5f8       0x86 hal/serial.32
                0x00000000c000a5f8                Serial::Serial(char const*)
                0x00000000c000a5f8                Serial::Serial(char const*)
                0x00000000c000a630                Serial::~Serial()
                0x00000000c000a630                Serial::~Serial()
                0x00000000c000a654                Serial::~Serial()
 *fill*         0x00000000c000a67e        0x2 
 .text          0x00000000c000a680      0x238 hal/timer.32
                0x00000000c000a680                Timer::Timer(char const*)
                0x00000000c000a680                Timer::Timer(char const*)
                0x00000000c000a6b8                Timer::~Timer()
                0x00000000c000a6b8                Timer::~Timer()
                0x00000000c000a6dc                Timer::~Timer()
                0x00000000c000a706                Timer::read()
                0x00000000c000a711                setupTimer(int)
                0x00000000c000a74c                timerHandler(unsigned int)
 .text          0x00000000c000a8b8      0x444 hal/vcache.32
                0x00000000c000a8b8                VCache::VCache(PhysicalDisk*)
                0x00000000c000a8b8                VCache::VCache(PhysicalDisk*)
                0x00000000c000aa28                VCache::invalidateReadBuffer()
                0x00000000c000aa38                VCache::writeWriteBuffer()
                0x00000000c000aa84                VCache::~VCache()
                0x00000000c000aa84                VCache::~VCache()
                0x00000000c000aadc                VCache::~VCache()
                0x00000000c000ab04                VCache::write(unsigned long long, int, void*)
                0x00000000c000abf8                VCache::read(unsigned long long, int, void*)
 .text          0x00000000c000acfc      0x70e hal/video.32
                0x00000000c000acfc                Video::putrect(int, int, int, int, unsigned int)
                0x00000000c000ad48                Video::bitblit(int, int, int, int, int, int, int, unsigned int*)
                0x00000000c000adb8                Video::blit(unsigned int*, int, int, int, int)
                0x00000000c000ae36                Video::clearScreen(unsigned int)
                0x00000000c000ae6a                Video::putpixel(int, int, unsigned int)
                0x00000000c000ae78                Video::readPixelApprox(int, int)
                0x00000000c000ae8c                Video::Video(char const*)
                0x00000000c000ae8c                Video::Video(char const*)
                0x00000000c000aec2                Video::~Video()
                0x00000000c000aec2                Video::~Video()
                0x00000000c000aee6                Video::~Video()
                0x00000000c000af10                Video::isMonochrome()
                0x00000000c000af1c                Video::getWidth()
                0x00000000c000af28                Video::getHeight()
                0x00000000c000af34                Video::drawCursor(int, int, unsigned int*, int)
                0x00000000c000aff0                Video::tgaParse(unsigned char*, int, int*, int*)
                0x00000000c000b39a                Video::putTGA(int, int, unsigned char*, int)
 *fill*         0x00000000c000b40a        0x2 
 .text          0x00000000c000b40c     0x114f hw/acpi.32
                0x00000000c000b40c                ACPI::close(int, int, void*)
                0x00000000c000b414                loadACPITables(unsigned char*)
                0x00000000c000b674                findRSDT(unsigned char*)
                0x00000000c000b7c0                findDataTable(unsigned char*, char*)
                0x00000000c000b834                scanMADT()
                0x00000000c000bc8c                ACPI::ACPI()
                0x00000000c000bc8c                ACPI::ACPI()
                0x00000000c000bce0                ACPI::getPCIIRQAssignment(unsigned char, unsigned short, unsigned char)
                0x00000000c000bddc                ACPI::registerPCIIRQAssignment(void*, unsigned short, unsigned char, unsigned char)
                0x00000000c000bea8                ACPI::setScreenBrightnessLevel(void*, int)
                0x00000000c000beb0                ACPI::detectPCI()
                0x00000000c000c0bc                ACPI::writeSimpleBootFlag(SimpleBootFlagTable*)
                0x00000000c000c0d4                ACPI::open(int, int, void*)
 .text          0x00000000c000c55b       0xb6 krnl/atexit.32
                0x00000000c000c55b                KeInitialiseAtexit()
                0x00000000c000c57a                KeRegisterAtexit(void (*)(void*), void*)
                0x00000000c000c5ae                KeExecuteAtexit()
 .text          0x00000000c000c611       0x9f krnl/bootmsg.32
                0x00000000c000c611                KeDisplaySplashScreen()
                0x00000000c000c640                KeSetBootMessage(char const*)
 .text          0x00000000c000c6b0       0x5f krnl/c++.32
                0x00000000c000c6b0                __cxa_atexit
                0x00000000c000c6b3                __cxa_finalize
                0x00000000c000c6b4                __stack_chk_fail
                0x00000000c000c6ea                __cxa_pure_virtual
                0x00000000c000c6fb                operator new[](unsigned long)
                0x00000000c000c700                operator delete(void*, unsigned long)
                0x00000000c000c705                operator delete[](void*)
                0x00000000c000c70a                operator delete[](void*, unsigned long)
 *fill*         0x00000000c000c70f        0x1 
 .text          0x00000000c000c710       0x44 krnl/cdefs.32
                0x00000000c000c710                CUnlockScheduler
                0x00000000c000c728                CLockScheduler
                0x00000000c000c738                CPrintf
 .text          0x00000000c000c754      0xd56 krnl/cm.32
                0x00000000c000c754                CmOpen(char const*)
                0x00000000c000c872                CmClose(Reghive_Tag*)
                0x00000000c000c888                CmReadExtent(Reghive_Tag*, int, unsigned char*)
                0x00000000c000c8c4                CmGetString(Reghive_Tag*, int, char*)
                0x00000000c000c93b                CmEnterDirectory(Reghive_Tag*, int)
                0x00000000c000c97a                CmGetNext(Reghive_Tag*, int)
                0x00000000c000c9ac                CmWriteExtent(Reghive_Tag*, int, unsigned char*)
                0x00000000c000c9e8                CmFreeExtent(Reghive_Tag*, int)
                0x00000000c000ca10                CmUpdateHeader(Reghive_Tag*)
                0x00000000c000ca31                CmExpand(Reghive_Tag*, int)
                0x00000000c000caac                CmFindUnusedExtent(Reghive_Tag*)
                0x00000000c000cb32                CmCreateExtent(Reghive_Tag*, int, int, unsigned char*)
                0x00000000c000cc26                CmSetString(Reghive_Tag*, int, char const*)
                0x00000000c000cd62                CmGetMatch(char*, char*, bool, bool*)
                0x00000000c000cdc3                CmAddShift(unsigned int*, int*, unsigned char, int)
                0x00000000c000cdf3                CmGetShift(unsigned int*, int*, int, bool*)
                0x00000000c000ce2a                CmGetInteger(Reghive_Tag*, int, unsigned long long*)
                0x00000000c000ce54                CmSetInteger(Reghive_Tag*, int, unsigned long long)
                0x00000000c000ce94                CmConvertFromInternalFilename(unsigned char const*, char*)
                0x00000000c000cf38                CmGetNameAndTypeFromExtent(Reghive_Tag*, int, char*)
                0x00000000c000cf66                CmConvertToInternalFilename(char const*, unsigned char*)
                0x00000000c000d104                CmCreateString(Reghive_Tag*, int, char const*)
                0x00000000c000d151                CmFindInDirectory(Reghive_Tag*, int, char const*)
                0x00000000c000d1cb                CmCreateInteger(Reghive_Tag*, int, char const*, unsigned long long, int)
                0x00000000c000d21e                CmCreateDirectory(Reghive_Tag*, int, char const*)
                0x00000000c000d2e2                zStrtok(char*, char const*)
                0x00000000c000d354                CmFindObjectFromPath(Reghive_Tag*, char const*)
                0x00000000c000d3d5                CmDisplayTree(Reghive_Tag*, int, int)
                0x00000000c000d478                CmSplitFinalSlashInPlace(char*)
 *fill*         0x00000000c000d4aa        0x2 
 .text          0x00000000c000d4ac       0x1d krnl/compat.32
                0x00000000c000d4ac                Krnl::handlePowerButton()
                0x00000000c000d4bc                Krnl::handleSleepButton()
 *fill*         0x00000000c000d4c9        0x1 
 .text          0x00000000c000d4ca      0x2c3 krnl/computer.32
                0x00000000c000d4ca                Computer::close(int, int, void*)
                0x00000000c000d4d0                Computer::open(int, int, void*)
                0x00000000c000d5b6                KeFirstTask()
                0x00000000c000d6d8                Computer::Computer()
                0x00000000c000d6d8                Computer::Computer()
                0x00000000c000d71c                KePrepareShutdown()
                0x00000000c000d73c                KeShutdown()
                0x00000000c000d760                KeSleep()
                0x00000000c000d76c                KeRestart()
 .text          0x00000000c000d78d       0x2b krnl/crc32.32
                0x00000000c000d78d                KeCalculateCRC32(unsigned char*, int)
 .text          0x00000000c000d7b8      0x5bf krnl/env.32
                0x00000000c000d7b8                EnvVarContainer::getEnv(char const*)
                0x00000000c000d7f6                EnvVarContainer::setEnv(char const*, char const*)
                0x00000000c000d8b8                EnvVarContainer::deleteEnv(char const*)
                0x00000000c000d8ba                EnvVarContainer::loadFrom(char const*, char const*)
                0x00000000c000dade                EnvVarContainer::__loadSystem()
                0x00000000c000daf8                EnvVarContainer::__loadUser()
                0x00000000c000dafa                EnvVarContainer::EnvVarContainer(Process*)
                0x00000000c000dafa                EnvVarContainer::EnvVarContainer(Process*)
                0x00000000c000db1c                EnvVarContainer::~EnvVarContainer()
                0x00000000c000db1c                EnvVarContainer::~EnvVarContainer()
                0x00000000c000db4c                KeGetEnv(Process*, char const*)
                0x00000000c000dbb1                KeSetEnvSystem(char const*, char const*)
                0x00000000c000dbcb                KeSetEnvUser(char const*, char const*)
                0x00000000c000dbea                KeSetEnvProcess(Process*, char const*, char const*)
                0x00000000c000dbfd                KeDeleteEnvSystem(char const*)
                0x00000000c000dbfe                KeDeleteEnvUser(char const*)
                0x00000000c000dbff                KeDeleteEnvProcess(Process*, char const*)
                0x00000000c000dc00                KeNewProcessEnv(Process*)
                0x00000000c000dc22                KeCopyProcessEnv(Process*, Process*)
                0x00000000c000dc6e                KeLoadSystemEnv()
                0x00000000c000dc9c                KeLoadUserEnv()
                0x00000000c000dcc2                KeFlushEnv()
                0x00000000c000dcc3                KeGetProcessTotalEnvCount(Process*)
                0x00000000c000dce3                KeGetProcessEnvPair(Process*, int)
 *fill*         0x00000000c000dd77        0x1 
 .text          0x00000000c000dd78      0x351 krnl/fault.32
                0x00000000c000dd78                KeSetupInterrupts()
                0x00000000c000ddf0                int_handler
                0x00000000c000df20                KeDisplayProgramFault(char const*)
                0x00000000c000df70                KeGeneralProtectionFault(void*, void*)
                0x00000000c000dfc4                KePageFault(void*, void*)
                0x00000000c000e018                KeNonMaskableInterrupt(void*, void*)
                0x00000000c000e028                KeOtherFault(void*, void*)
                0x00000000c000e05c                KeOpcodeFault(void*, void*)
                0x00000000c000e0b0                KeDoubleFault(void*, void*)
 *fill*         0x00000000c000e0c9        0x1 
 .text          0x00000000c000e0ca      0x1db krnl/gdt.32
                0x00000000c000e0ca                GDTEntry::setBase(unsigned int)
                0x00000000c000e0e6                GDTEntry::setLimit(unsigned int)
                0x00000000c000e104                GDT::GDT()
                0x00000000c000e104                GDT::GDT()
                0x00000000c000e11a                GDT::addEntry(GDTEntry)
                0x00000000c000e13c                GDT::getNumberOfEntries()
                0x00000000c000e144                GDT::flush()
                0x00000000c000e166                GDT::setup()
 .text          0x00000000c000e2a5       0x20 krnl/idle.32
                0x00000000c000e2a5                idleFunction(void*)
 *fill*         0x00000000c000e2c5        0x3 
 .text          0x00000000c000e2c8      0x46c krnl/idt.32
                0x00000000c000e2c8                IDTEntry::IDTEntry(bool)
                0x00000000c000e2c8                IDTEntry::IDTEntry(bool)
                0x00000000c000e342                IDTEntry::setOffset(unsigned int)
                0x00000000c000e358                IDT::IDT()
                0x00000000c000e358                IDT::IDT()
                0x00000000c000e35a                IDT::getPointerToInvalidOpcodeEntryForF00F()
                0x00000000c000e362                IDT::addEntry(IDTEntry, int)
                0x00000000c000e37c                IDT::addEntry(int, void (*)(), bool)
                0x00000000c000e3b4                IDT::flush()
                0x00000000c000e3ce                IDT::setup()
 .text          0x00000000c000e734       0x9a krnl/inlines.32
                0x00000000c000e734                CPU::current()
                0x00000000c000e740                operator new(unsigned long)
                0x00000000c000e745                operator delete(void*)
                0x00000000c000e74a                disableIRQs()
                0x00000000c000e74c                enableIRQs()
                0x00000000c000e74e                lockScheduler()
                0x00000000c000e756                unlockScheduler()
                0x00000000c000e768                lockStuff()
                0x00000000c000e776                unlockStuff()
                0x00000000c000e7b3                Virt::getAKernelVAS()
                0x00000000c000e7b9                __not_memcpy
 .text          0x00000000c000e7ce      0x207 krnl/kheap.32
                0x00000000c000e7ce                sbrk
                0x00000000c000e865                sbrk_thunk
                0x00000000c000e89b                mmap
                0x00000000c000e8f9                munmap
                0x00000000c000e90e                liballoc_lock()
                0x00000000c000e91c                liballoc_unlock()
                0x00000000c000e934                liballoc_alloc(int)
                0x00000000c000e94c                liballoc_free(void*, int)
                0x00000000c000e967                realloc
                0x00000000c000e97b                malloc
                0x00000000c000e98b                free
                0x00000000c000e99b                rfree
                0x00000000c000e9ab                calloc
 *fill*         0x00000000c000e9d5        0x3 
 .text          0x00000000c000e9d8      0x1d3 krnl/mailbox.32
                0x00000000c000e9d8                KeMailboxTryPost(Mailbox*, void*)
                0x00000000c000ea38                KeMailboxTryGet(Mailbox*, void**)
                0x00000000c000ea98                KeMailboxCreate()
                0x00000000c000eacc                KeMailboxPost(Mailbox*, void*)
                0x00000000c000eb30                KeMailboxGet(Mailbox*, void**)
                0x00000000c000eb94                KeMailboxDestroy(Mailbox*)
 .text          0x00000000c000ebab       0xfd krnl/main.32
                0x00000000c000ebab                KeEntryPoint
 .text          0x00000000c000eca8       0x1a krnl/mutex.32
                0x00000000c000eca8                Mutex::Mutex()
                0x00000000c000eca8                Mutex::Mutex()
 .text          0x00000000c000ecc2        0xc krnl/panic.32
                0x00000000c000ecc2                KePanic(char const*)
 .text          0x00000000c000ecce      0x658 krnl/physmgr.32
                0x00000000c000ecce                Phys::allocateDMA(unsigned long)
                0x00000000c000edb6                Phys::freeDMA(unsigned long, unsigned long)
                0x00000000c000edf1                Phys::setPageState(unsigned long, bool)
                0x00000000c000ee31                Phys::getPageState(unsigned long)
                0x00000000c000ee4d                Phys::freePage(unsigned long)
                0x00000000c000eeb6                Phys::allocatePage()
                0x00000000c000ef85                Phys::allocateContiguousPages(int)
                0x00000000c000f000                Phys::allowSegmentToBeUsed(unsigned long, unsigned long)
                0x00000000c000f038                Phys::physicalMemorySetup(unsigned int)
 .text          0x00000000c000f326      0x275 krnl/pipe.32
                0x00000000c000f326                Pipe::isAtty()
                0x00000000c000f32a                Pipe::~Pipe()
                0x00000000c000f32a                Pipe::~Pipe()
                0x00000000c000f34e                Pipe::~Pipe()
                0x00000000c000f376                Pipe::write(unsigned long long, void*, int*)
                0x00000000c000f436                Pipe::read(unsigned long long, void*, int*)
                0x00000000c000f534                Pipe::Pipe(int)
                0x00000000c000f534                Pipe::Pipe(int)
 .text          0x00000000c000f59b      0x10b krnl/powctrl.32
                0x00000000c000f59b                KePowerThread(void*)
                0x00000000c000f5cc                KeChangePowerSettings(PowerSettings)
                0x00000000c000f5e2                KeUserIOReceived()
                0x00000000c000f5ed                KeHandlePowerButton()
                0x00000000c000f605                KeHandleSleepButton()
                0x00000000c000f61d                KeSetupPowerManager()
 .text          0x00000000c000f6a6       0x9d krnl/random.32
                0x00000000c000f6a6                KeRand()
                0x00000000c000f6e8                KeSeedRand(unsigned int)
                0x00000000c000f711                KeInitRand()
 *fill*         0x00000000c000f743        0x1 
 .text          0x00000000c000f744      0x1bc krnl/resolve.32
                0x00000000c000f744                KeResolveCompatibilitySymbol(char*)
 .text          0x00000000c000f900      0x401 krnl/semaphore.32
                0x00000000c000f900                Semaphore::Semaphore(int)
                0x00000000c000f900                Semaphore::Semaphore(int)
                0x00000000c000f930                Semaphore::tryAcquire()
                0x00000000c000fa04                Semaphore::assertLocked(char const*)
                0x00000000c000fa90                Semaphore::acquire(int)
                0x00000000c000fc34                Semaphore::acquire()
                0x00000000c000fc50                Semaphore::release()
 .text          0x00000000c000fd01      0x322 krnl/signal.32
                0x00000000c000fd01                KiSigKill(int)
                0x00000000c000fd15                KiDefaultSignalHandlerIgnore(int)
                0x00000000c000fd16                KiDefaultSignalHandlerPause(int)
                0x00000000c000fd42                KiDefaultSignalHandlerResume(int)
                0x00000000c000fd6e                KeDeinitSignals(SigHandlerBlock*)
                0x00000000c000fd73                KeInitSignals()
                0x00000000c000fdc5                KeRegisterSignalHandler(SigHandlerBlock*, int, void (*)(int), unsigned int, int)
                0x00000000c000fdfb                KeRaiseSignal(SigHandlerBlock*, int)
                0x00000000c000fe78                KeCheckSignal(SigHandlerBlock*, int*)
                0x00000000c000ff6f                KiCheckSignalZ
                0x00000000c000ffb1                KeCompleteSignal(SigHandlerBlock*, int)
                0x00000000c000ffec                KiFinishSignalZ
 .text          0x00000000c0010023      0xe1c krnl/syscalls.32
                0x00000000c0010023                SysSeekDir(regs*)
                0x00000000c0010028                SysTellDir(regs*)
                0x00000000c001002d                SysVerify(regs*)
                0x00000000c0010037                SysGetArgc(regs*)
                0x00000000c001004b                SysTTYName(regs*)
                0x00000000c0010053                SysFormatDisk(regs*)
                0x00000000c00100ca                SysSetDiskVolumeLabel(regs*)
                0x00000000c001011e                SysGetDiskVolumeLabel(regs*)
                0x00000000c0010177                SysRealpath(regs*)
                0x00000000c00101bb                SysReadDir(regs*)
                0x00000000c001023b                SysIsATTY(regs*)
                0x00000000c0010295                SysSeek(regs*)
                0x00000000c00102ec                SysTell(regs*)
                0x00000000c0010359                SysSize(regs*)
                0x00000000c00103cc                SysSizeFromFilename(regs*)
                0x00000000c00104fd                SysSizeFromFilenameNoSymlink(regs*)
                0x00000000c001062e                SysClose(regs*)
                0x00000000c001068e                SysOpenDir(regs*)
                0x00000000c001070b                SysMakeDir(regs*)
                0x00000000c0010779                SysCloseDir(regs*)
                0x00000000c00107cd                SysWait(regs*)
                0x00000000c00107ee                SysNotImpl(regs*)
                0x00000000c0010809                SysPanic(regs*)
                0x00000000c0010824                SysRmdir(regs*)
                0x00000000c0010889                SysUnlink(regs*)
                0x00000000c00108ee                SysGetArgv(regs*)
                0x00000000c001093b                SysUSleep(regs*)
                0x00000000c0010964                SysSpawn(regs*)
                0x00000000c00109d7                SysGetEnv(regs*)
                0x00000000c0010a88                SysSetFatAttrib(regs*)
                0x00000000c0010afb                SysShutdown(regs*)
                0x00000000c0010b58                SysPipe(regs*)
                0x00000000c0010b9d                SysGetUnixTime(regs*)
                0x00000000c0010bb1                string_ends_with(char const*, char const*)
                0x00000000c0010bf9                SysOpen(regs*)
                0x00000000c0010df0                KeSystemCall(regs*, void*)
 *fill*         0x00000000c0010e3f        0x1 
 .text          0x00000000c0010e40      0xab3 krnl/terminal.32
                0x00000000c0010e40                VgaText::isAtty()
                0x00000000c0010e44                VgaText::~VgaText()
                0x00000000c0010e44                VgaText::~VgaText()
                0x00000000c0010e68                VgaText::~VgaText()
                0x00000000c0010e92                VgaText::read(unsigned long long, void*, int*)
                0x00000000c0010eb2                setTerminalScrollLock(bool)
                0x00000000c0010eb3                doTerminalCycle()
                0x00000000c0010eb4                addToTerminalCycle(VgaText*)
                0x00000000c0010eb5                scrollTerminalScrollLock(int)
                0x00000000c0010eb6                VgaText::updateTitle()
                0x00000000c0010eb8                VgaText::load()
                0x00000000c0010eba                VgaText::updateCursor()
                0x00000000c0010ed0                VgaText::doANSI_SGR(int)
                0x00000000c0010f44                VgaText::setDefaultBgColour(VgaColour)
                0x00000000c0010f54                VgaText::setDefaultFgColour(VgaColour)
                0x00000000c0010f64                VgaText::setDefaultColours(VgaColour, VgaColour)
                0x00000000c0010f84                VgaText::setTitleTextColour(VgaColour)
                0x00000000c0010f90                VgaText::setTitleColour(VgaColour)
                0x00000000c0010f9c                VgaText::setTitle(char*)
                0x00000000c0010f9e                VgaText::combineColours(unsigned char, unsigned char)
                0x00000000c0010fb0                VgaText::scrollScreen()
                0x00000000c0011042                VgaText::combineCharAndColour(char, unsigned char)
                0x00000000c0011052                VgaText::writeCharacter(char, VgaColour, VgaColour, int, int)
                0x00000000c00110e2                VgaText::getCursorX()
                0x00000000c00110ea                VgaText::getCursorY()
                0x00000000c00110f2                VgaText::setCursor(int, int)
                0x00000000c0011109                setActiveTerminal(VgaText*)
                0x00000000c0011154                VgaText::clearScreen()
                0x00000000c00111a2                VgaText::setCursorX(int)
                0x00000000c00111ba                VgaText::setCursorY(int)
                0x00000000c00111d2                VgaText::incrementCursor(bool)
                0x00000000c0011226                VgaText::decrementCursor(bool)
                0x00000000c0011248                VgaText::putchar(char, VgaColour, VgaColour)
                0x00000000c0011318                VgaText::putchar(char)
                0x00000000c0011410                VgaText::putx(unsigned int)
                0x00000000c0011456                VgaText::puts(char const*)
                0x00000000c001147c                VgaText::write(unsigned long long, void*, int*)
                0x00000000c00114c8                VgaText::puts(char const*, VgaColour, VgaColour)
                0x00000000c0011616                VgaText::VgaText(char const*)
                0x00000000c0011616                VgaText::VgaText(char const*)
                0x00000000c0011766                VgaText::receiveKey(unsigned char)
                0x00000000c00118f2                VgaText::doUpdate()
 *fill*         0x00000000c00118f3        0x1 
 .text          0x00000000c00118f4      0x224 krnl/tss.32
                0x00000000c00118f4                TSS::TSS()
                0x00000000c00118f4                TSS::TSS()
                0x00000000c0011904                TSS::setESP(unsigned long)
                0x00000000c0011918                TSS::flush()
                0x00000000c0011938                TSS::setup(unsigned long, unsigned long)
 .text          0x00000000c0011b18      0x4ca krnl/unixfile.32
                0x00000000c0011b18                ReservedFilename::read(unsigned long long, void*, int*)
                0x00000000c0011b6e                ReservedFilename::isAtty()
                0x00000000c0011b8a                ReservedFilename::write(unsigned long long, void*, int*)
                0x00000000c0011be8                UnixFile::getFileDescriptor()
                0x00000000c0011bf0                UnixFile::UnixFile(int)
                0x00000000c0011bf0                UnixFile::UnixFile(int)
                0x00000000c0011da4                ReservedFilename::ReservedFilename(int)
                0x00000000c0011da4                ReservedFilename::ReservedFilename(int)
                0x00000000c0011dd6                UnixFile::~UnixFile()
                0x00000000c0011dd6                UnixFile::~UnixFile()
                0x00000000c0011e72                UnixFile::~UnixFile()
                0x00000000c0011e9a                ReservedFilename::~ReservedFilename()
                0x00000000c0011e9a                ReservedFilename::~ReservedFilename()
                0x00000000c0011ebe                ReservedFilename::~ReservedFilename()
                0x00000000c0011ee5                KeGetFileFromDescriptor(int)
 .text          0x00000000c0011fe2     0x1184 krnl/virtmgr.32
                0x00000000c0011fe2                Virt::setPageState(unsigned long, Virt::VirtPageState)
                0x00000000c001201c                Virt::getPageState(unsigned long)
                0x00000000c001203f                Virt::allocateKernelVirtualPages(int)
                0x00000000c0012164                Virt::freeSwapfilePage(unsigned long)
                0x00000000c0012187                Virt::swapIDToSector(unsigned long)
                0x00000000c001219d                Virt::allocateSwapfilePage()
                0x00000000c001221d                Virt::virtualMemorySetup()
                0x00000000c001226e                Virt::setupPageSwapping(int)
                0x00000000c00122e0                VAS::setCPUSpecific(unsigned long)
                0x00000000c00122e2                VAS::VAS(VAS*)
                0x00000000c00122e2                VAS::VAS(VAS*)
                0x00000000c00122fa                VAS::getForeignPageTableEntry(bool, unsigned long)
                0x00000000c0012328                VAS::getPageTableEntry(unsigned long)
                0x00000000c0012347                Virt::freeKernelVirtualPages(unsigned long)
                0x00000000c0012484                VAS::freeAllocatedPages(unsigned long)
                0x00000000c00124a8                VAS::virtualToPhysical(unsigned long)
                0x00000000c00124c2                VAS::reflagRange(unsigned long, int, unsigned long, unsigned long)
                0x00000000c0012504                VAS::VAS()
                0x00000000c0012504                VAS::VAS()
                0x00000000c001256e                VAS::setToWriteCombining(unsigned long, int)
                0x00000000c001258e                VAS::mapOtherVASIn(bool, VAS*)
                0x00000000c00125ba                VAS::~VAS()
                0x00000000c00125ba                VAS::~VAS()
                0x00000000c0012722                VAS::mapPage(unsigned long, unsigned long, int)
                0x00000000c0012826                VAS::allocatePages(int, int)
                0x00000000c001290c                VAS::mapRange(unsigned long, unsigned long, int, int)
                0x00000000c0012964                VAS::mapForeignPage(bool, VAS*, unsigned long, unsigned long, int)
                0x00000000c0012a5a                VAS::VAS(bool)
                0x00000000c0012a5a                VAS::VAS(bool)
                0x00000000c0012c42                VAS::evict(unsigned long)
                0x00000000c0012d20                VAS::tryLoadBackOffDisk(unsigned long)
                0x00000000c0012ec8                VAS::allocateSharedMemoryWithKernel(unsigned long, unsigned long*)
                0x00000000c0012f3c                VAS::freeSharedMemoryWithKernel(unsigned long, unsigned long)
                0x00000000c0012f68                VAS::scanForEviction()
                0x00000000c001306b                mapVASFirstTime
 .text          0x00000000c0013166       0x36 sys/eject.32
                0x00000000c0013166                SysEject(regs*)
 .text          0x00000000c001319c       0x18 sys/exit.32
                0x00000000c001319c                SysExit(regs*)
 .text          0x00000000c00131b4       0x1f sys/getcwd.32
                0x00000000c00131b4                SysGetCwd(regs*)
 .text          0x00000000c00131d3       0x26 sys/getpid.32
                0x00000000c00131d3                SysGetPID(regs*)
 .text          0x00000000c00131f9       0x1a sys/getramdata.32
                0x00000000c00131f9                SysGetRAMData(regs*)
 .text          0x00000000c0013213       0x97 sys/getvgaptr.32
                0x00000000c0013213                SysGetVGAPtr(regs*)
 *fill*         0x00000000c00132aa        0x2 
 .text          0x00000000c00132ac       0xb9 sys/kill.32
                0x00000000c00132ac                SysKill(regs*)
 .text          0x00000000c0013365       0xa8 sys/loaddll.32
                0x00000000c0013365                SysLoadDLL(regs*)
 .text          0x00000000c001340d       0x68 sys/read.32
                0x00000000c001340d                SysRead(regs*)
 .text          0x00000000c0013475       0x29 sys/registersignal.32
                0x00000000c0013475                SysRegisterSignal(regs*)
 .text          0x00000000c001349e      0x1cc sys/registry.32
                0x00000000c001349e                SysRegistryGetTypeFromPath(regs*)
                0x00000000c00134e2                SysRegistryReadExtent(regs*)
                0x00000000c001352a                SysRegistryPathToExtentLookup(regs*)
                0x00000000c0013541                SysRegistryEnterDirectory(regs*)
                0x00000000c0013558                SysRegistryGetNext(regs*)
                0x00000000c001356f                SysRegistryGetNameAndTypeFromExtent(regs*)
                0x00000000c00135a9                SysRegistryOpen(regs*)
                0x00000000c00135bd                SysRegistryClose(regs*)
                0x00000000c00135d4                SysRegistryEasyReadString(regs*)
                0x00000000c0013620                SysRegistryEasyReadInteger(regs*)
 .text          0x00000000c001366a       0x55 sys/sbrk.32
                0x00000000c001366a                SysSbrk(regs*)
 .text          0x00000000c00136bf       0x1c sys/setcwd.32
                0x00000000c00136bf                SysSetCwd(regs*)
 .text          0x00000000c00136db       0x96 sys/settime.32
                0x00000000c00136db                SysSetTime(regs*)
 .text          0x00000000c0013771       0x73 sys/symlink.32
                0x00000000c0013771                SysSymlink(regs*)
 .text          0x00000000c00137e4       0x3f sys/timezone.32
                0x00000000c00137e4                SysTimezone(regs*)
 .text          0x00000000c0013823       0xfc sys/truncate.32
                0x00000000c0013823                SysTruncate(regs*)
 .text          0x00000000c001391f       0x68 sys/write.32
                0x00000000c001391f                SysWrite(regs*)
 .text          0x00000000c0013987       0x9d sys/wsbe.32
                0x00000000c0013987                SysWsbe(regs*)
 .text          0x00000000c0013a24       0x28 sys/yield.32
                0x00000000c0013a24                SysYield(regs*)
 .text          0x00000000c0013a4c     0x120b thr/elf.32
                0x00000000c0013a4c                Thr::allocateMemoryForTask(Process*, File*, unsigned long, unsigned long, unsigned long)
                0x00000000c0013cde                Thr::loadProgramIntoMemory(Process*, char const*)
                0x00000000c0013ef0                Thr::runtimeReferenceHelper()
                0x00000000c0013f03                Thr::getAddressOfKernelSymbol(char const*)
                0x00000000c0013f52                Thr::loadKernelSymbolTable(char const*)
                0x00000000c0014210                Thr::loadDriverIntoMemory(char const*, unsigned long, bool)
                0x00000000c0014949                Thr::getDriverBaseFromAddress(unsigned long)
                0x00000000c001497b                Thr::getDriverNameFromAddress(unsigned long)
                0x00000000c00149b2                Thr::getDriverOffsetFromAddress(unsigned long)
                0x00000000c00149cc                Thr::loadDLL(char const*, bool)
                0x00000000c0014c1e                Thr::executeDLL(unsigned long, void*)
 .text          0x00000000c0014c57       0x5a thr/exec.32
                0x00000000c0014c57                KeProcessExec(Process*, char const*)
 *fill*         0x00000000c0014cb1        0x3 
 .text          0x00000000c0014cb4     0x1189 thr/prcssthr.32
                0x00000000c0014cb4                userModeEntryPoint(void*)
                0x00000000c0014ce0                changeTSS
                0x00000000c0014d10                switchToThread(ThreadControlBlock*)
                0x00000000c0014dc0                Process::addArgs(char**)
                0x00000000c0014e2c                Process::Process(char const*, Process*, char**)
                0x00000000c0014e2c                Process::Process(char const*, Process*, char**)
                0x00000000c0015038                Process::Process(bool, char const*, Process*, char**)
                0x00000000c0015038                Process::Process(bool, char const*, Process*, char**)
                0x00000000c001520c                taskStartupFunction
                0x00000000c0015218                KeDisablePreemption()
                0x00000000c0015240                KeRestorePreemption()
                0x00000000c0015260                Process::createThread(void (*)(void*), void*, int)
                0x00000000c001536c                Process::createUserThread()
                0x00000000c001538c                setupMultitasking(void (*)())
                0x00000000c00154b0                schedule()
                0x00000000c0015544                blockTaskWithSchedulerLockAlreadyHeld(TaskState)
                0x00000000c0015570                blockTask(TaskState)
                0x00000000c00155ac                waitTask(int, int*, int)
                0x00000000c00155f0                milliTenthSleepUntil(unsigned int)
                0x00000000c0015698                milliTenthSleep(unsigned int)
                0x00000000c00156ac                sleep(unsigned int)
                0x00000000c00156c8                taskReturned
                0x00000000c0015710                Thr::processFromPID(int)
                0x00000000c00157c0                unblockTask(ThreadControlBlock*)
                0x00000000c0015874                cleanupTerminatedTask(ThreadControlBlock*)
                0x00000000c0015b48                cleanerTaskFunction(void*)
                0x00000000c0015c60                terminateTask(int)
                0x00000000c0015d70                Thr::terminateFromIRQ(int)
 .text          0x00000000c0015e3d      0xd10 vm86/vm8086.32
                0x00000000c0015e3d                Vm::inbv(unsigned short)
                0x00000000c0015e50                Vm::outbv(unsigned short, unsigned char)
                0x00000000c0015e86                Vm::realToLinear(unsigned short, unsigned short)
                0x00000000c0015e96                Vm::getSegment(unsigned int)
                0x00000000c0015e9e                Vm::getOffset(unsigned int)
                0x00000000c0015ea3                Vm::mainloop2()
                0x00000000c0015edd                Vm::mainVm8086Loop(void*)
                0x00000000c0015ef0                Vm::mainloop3(unsigned long)
                0x00000000c0015f16                Vm::initialise8086()
                0x00000000c0015f59                Vm::resetConventionalMemory8086()
                0x00000000c0015f5a                Vm::finish8086()
                0x00000000c0015fbc                Vm::getOutput8086(unsigned char*)
                0x00000000c0015fe1                Vm::start8086FromBuffer(unsigned char*, int, unsigned short, unsigned short, unsigned short, unsigned short)
                0x00000000c001610e                Vm::start8086(char const*, unsigned short, unsigned short, unsigned short, unsigned short)
                0x00000000c001631c                Vm::doISR(regs*, int, unsigned char*, unsigned short, unsigned short)
                0x00000000c00163b5                Vm::readByteFromReal(unsigned short, unsigned short)
                0x00000000c00163c6                Vm::readWordFromReal(unsigned short, unsigned short)
                0x00000000c00163d8                Vm::readDwordFromReal(unsigned short, unsigned short)
                0x00000000c00163e9                Vm::writeByteFromReal(unsigned short, unsigned short, unsigned char)
                0x00000000c00163fe                Vm::writeWordFromReal(unsigned short, unsigned short, unsigned short)
                0x00000000c0016414                Vm::writeDwordFromReal(unsigned short, unsigned short, unsigned int)
                0x00000000c0016429                Vm::faultHandler(regs*)
 *fill*         0x00000000c0016b4d        0x1 
 .text          0x00000000c0016b4e     0x1e69 arch/i386/hal.32
                0x00000000c0016b4e                noCopro(unsigned long)
                0x00000000c0016b50                CPU::close(int, int, void*)
                0x00000000c0016b53                x86ReadCMOS(unsigned char)
                0x00000000c0016ba7                x86WriteCMOS(unsigned char, unsigned char)
                0x00000000c0016c07                AMD_K6_write_msr(unsigned int, unsigned int, unsigned int, REGS*)
                0x00000000c0016c26                AMD_K6_read_msr(unsigned int, REGS*)
                0x00000000c0016c43                AMD_K6_writeback(int, int, int)
                0x00000000c0016d03                cpuid(int, unsigned long*, unsigned long*, unsigned long*, unsigned long*)
                0x00000000c0016da1                cpuidCheckEDX(unsigned int)
                0x00000000c0016dce                cpuidCheckECX(unsigned int)
                0x00000000c0016dfc                cpuidCheckExtendedEBX(unsigned int)
                0x00000000c0016e2a                cpuidCheckExtendedECX(unsigned int)
                0x00000000c0016e58                HalDetectFeatures()
                0x00000000c0017c23                HalEnableNMI()
                0x00000000c0017c36                HalDisableNMI()
                0x00000000c0017c49                HalGetNMIState()
                0x00000000c0017c4f                x86rdmsr(unsigned int)
                0x00000000c0017c8d                x86wrmsr(unsigned int, unsigned long long)
                0x00000000c0017cd2                HalHandleGeneralProtectionFault(void*, void*)
                0x00000000c0017ce8                HalFindRSDP()
                0x00000000c0017d7d                HalHandlePageFault(void*, void*)
                0x00000000c0017dac                HalHandleOpcodeFault(void*, void*)
                0x00000000c0017dee                HalDisplayDebugInfo(void*)
                0x00000000c001817c                HalReceivedNMI()
                0x00000000c0018217                HalSystemIdle()
                0x00000000c0018276                i386SaveCoprocessor(void*)
                0x00000000c001828a                i386LoadCoprocessor(void*)
                0x00000000c001829e                x87EmulHandler(regs*, void*)
                0x00000000c001833b                HalInitialiseCoprocessor()
                0x00000000c00183bf                HalPanic(char const*)
                0x00000000c00184d3                HalQueryPerformanceCounter()
                0x00000000c00184e3                HalInitialise()
                0x00000000c0018675                HalMakeBeep(int)
                0x00000000c00186af                HalGetRand()
                0x00000000c00186b2                HalEndOfInterrupt(int)
                0x00000000c00186dd                HalRestart()
                0x00000000c00186de                HalShutdown()
                0x00000000c00186df                HalSleep()
                0x00000000c00186e0                CPU::CPU()
                0x00000000c00186e0                CPU::CPU()
                0x00000000c0018764                CPU::setupSMEP()
                0x00000000c0018770                CPU::setupUMIP()
                0x00000000c001877a                CPU::setupTSC()
                0x00000000c0018784                CPU::setupLargePages()
                0x00000000c001878e                CPU::setupPAT()
                0x00000000c00187c0                CPU::setupMTRR()
                0x00000000c00187c2                CPU::setupGlobalPages()
                0x00000000c00187cc                CPU::allowUsermodeDataAccess()
                0x00000000c00187da                CPU::prohibitUsermodeDataAccess()
                0x00000000c00187e8                CPU::setupSMAP()
                0x00000000c00187f6                CPU::setupFeatures()
                0x00000000c00188c2                CPU::open(int, int, void*)
 .text          0x00000000c00189b7      0x261 arch/i386/intctrl.32
                0x00000000c00189b7                convertLegacyIRQNumber(int)
                0x00000000c00189f3                HalInstallISRHandler(int, void (*)(regs*, void*), void*)
                0x00000000c0018a3d                HalInstallIRQHandler(int, void (*)(regs*, void*), bool, void*)
                0x00000000c0018b6b                HalUninstallISRHandler(int, void (*)(regs*, void*))
                0x00000000c0018b9f                HalUninstallIRQHandler(int, void (*)(regs*, void*), bool)
 .text          0x00000000c0018c18      0x2dc arch/i386/pic.32
                0x00000000c0018c18                picIoWait()
                0x00000000c0018c20                picDisable()
                0x00000000c0018c54                picGetIRQReg(int)
                0x00000000c0018cd0                picOpen()
                0x00000000c0018e54                picEOI(int)
 .text          0x00000000c0018ef4      0x5f3 arch/i386/rtc.32
                0x00000000c0018ef4                RTC::open(int, int, void*)
                0x00000000c0018ef8                RTC::close(int, int, void*)
                0x00000000c0018efc                RTC::timeInSecondsUTC()
                0x00000000c0018f0e                RTC::timeInDatetimeUTC()
                0x00000000c0018f34                RTC::setTimeInSecondsUTC(unsigned long long)
                0x00000000c0018f72                RTC::~RTC()
                0x00000000c0018f72                RTC::~RTC()
                0x00000000c0018f96                RTC::~RTC()
                0x00000000c0018fc0                RTC::get_update_in_progress_flag()
                0x00000000c0018fd4                RTC::completeRTCRefresh()
                0x00000000c0019288                RTC::setTimeInDatetimeUTC(datetime_t)
                0x00000000c00193fe                rtcIRQHandler(regs*, void*)
                0x00000000c001943e                RTC::RTC()
                0x00000000c001943e                RTC::RTC()
 *fill*         0x00000000c00194e7        0x1 
 .text          0x00000000c00194e8      0x1f4 arch/i386/vga.32
                0x00000000c00194e8                HalConsoleScroll(int, int)
                0x00000000c00195f0                HalConsoleWriteCharacter(char, int, int, int, int)
                0x00000000c0019654                HalConsoleCursorUpdate(int, int)
 .text          0x00000000c00196dc     0x14cf fs/fat/vfslink.32
                0x00000000c00196dc                FAT::getName()
                0x00000000c00196e4                FAT::tell(void*, unsigned long long*)
                0x00000000c0019720                FAT::stat(void*, unsigned long long*)
                0x00000000c001975c                FAT::~FAT()
                0x00000000c001975c                FAT::~FAT()
                0x00000000c0019780                FAT::~FAT()
                0x00000000c00197a8                FAT::getlabel(LogicalDisk*, int, char*, unsigned int*)
                0x00000000c001984c                FAT::setlabel(LogicalDisk*, int, char*)
                0x00000000c0019910                FAT::format(LogicalDisk*, int, char const*, int)
                0x00000000c0019af4                FAT::tryMount(LogicalDisk*, int)
                0x00000000c0019d10                FAT::allocateSwapfile(char const*, int)
                0x00000000c0019ed0                FAT::readDir(void*, unsigned long, void*, int*)
                0x00000000c001a040                FAT::read(void*, unsigned long, void*, int*)
                0x00000000c001a0a0                FAT::write(void*, unsigned long, void*, int*)
                0x00000000c001a100                FAT::close(void*)
                0x00000000c001a154                FAT::closeDir(void*)
                0x00000000c001a1a8                FAT::truncate(void*, unsigned long long)
                0x00000000c001a214                FAT::seek(void*, unsigned long long)
                0x00000000c001a26c                fatWrapperReadDisk
                0x00000000c001a2ac                fatWrapperWriteDisk
                0x00000000c001a2ec                fatWrapperIoctl
                0x00000000c001a408                FAT::FAT()
                0x00000000c001a408                FAT::FAT()
                0x00000000c001a460                FAT::fixFilepath(char*)
                0x00000000c001a4a0                FAT::open(char const*, void**, FileOpenMode)
                0x00000000c001a614                FAT::openDir(char const*, void**)
                0x00000000c001a6c4                FAT::stat(char const*, unsigned long long*, bool*)
                0x00000000c001a7bc                FAT::unlink(char const*)
                0x00000000c001a83c                FAT::chfatattr(char const*, unsigned char, unsigned char)
                0x00000000c001a9f0                FAT::rename(char const*, char const*)
                0x00000000c001aabc                FAT::mkdir(char const*)
                0x00000000c001ab3c                FAT::exists(char const*)
 *fill*         0x00000000c001abab        0x1 
 .text          0x00000000c001abac       0x94 fs/iso9660/helper.32
                0x00000000c001abac                isoReadDiscSectorHelper
                0x00000000c001ac08                iso_kprintf
                0x00000000c001ac24                iso_kprintfd
 .text          0x00000000c001ac40      0x71c fs/iso9660/vfslink.32
                0x00000000c001ac40                ISO9660::format(LogicalDisk*, int, char const*, int)
                0x00000000c001ac46                ISO9660::truncate(void*, unsigned long long)
                0x00000000c001ac4c                ISO9660::getName()
                0x00000000c001ac52                ISO9660::closeDir(void*)
                0x00000000c001ac5c                ISO9660::chfatattr(char const*, unsigned char, unsigned char)
                0x00000000c001ac62                ISO9660::unlink(char const*)
                0x00000000c001ac68                ISO9660::write(void*, unsigned long, void*, int*)
                0x00000000c001ac6e                ISO9660::rename(char const*, char const*)
                0x00000000c001ac74                ISO9660::mkdir(char const*)
                0x00000000c001ac7a                ISO9660::~ISO9660()
                0x00000000c001ac7a                ISO9660::~ISO9660()
                0x00000000c001ac9e                ISO9660::~ISO9660()
                0x00000000c001acc6                ISO9660::exists(char const*)
                0x00000000c001acda                ISO9660::open(char const*, void**, FileOpenMode)
                0x00000000c001adc0                ISO9660::read(void*, unsigned long, void*, int*)
                0x00000000c001ae08                ISO9660::seek(void*, unsigned long long)
                0x00000000c001ae4a                ISO9660::tell(void*, unsigned long long*)
                0x00000000c001ae88                ISO9660::stat(void*, unsigned long long*)
                0x00000000c001aeda                ISO9660::stat(char const*, unsigned long long*, bool*)
                0x00000000c001b01c                ISO9660::close(void*)
                0x00000000c001b04c                ISO9660::openDir(char const*, void**)
                0x00000000c001b126                ISO9660::readDir(void*, unsigned long, void*, int*)
                0x00000000c001b243                readSectorFromCDROM(unsigned int, unsigned char*, char)
                0x00000000c001b2c2                ISO9660::tryMount(LogicalDisk*, int)
                0x00000000c001b334                ISO9660::ISO9660()
                0x00000000c001b334                ISO9660::ISO9660()
 .text          0x00000000c001b35c      0x26c hal/sound/sndcard.32
                0x00000000c001b35c                SoundCard::beginPlayback()
                0x00000000c001b36a                SoundCard::stopPlayback()
                0x00000000c001b378                SoundCard::SoundCard(char const*)
                0x00000000c001b378                SoundCard::SoundCard(char const*)
                0x00000000c001b416                SoundCard::~SoundCard()
                0x00000000c001b416                SoundCard::~SoundCard()
                0x00000000c001b43a                SoundCard::~SoundCard()
                0x00000000c001b464                SoundCard::configureRates(int, int, int)
                0x00000000c001b494                SoundCard::getSamples16(int, short*)
                0x00000000c001b4f0                SoundCard::getSamples32(int, int*)
                0x00000000c001b576                SoundCard::addChannel(SoundPort*)
                0x00000000c001b5b4                SoundCard::removeChannel(int)
 .text          0x00000000c001b5c8      0x426 hal/sound/sndport.32
                0x00000000c001b5c8                SoundPort::SoundPort(int, int, int, int)
                0x00000000c001b5c8                SoundPort::SoundPort(int, int, int, int)
                0x00000000c001b654                SoundPort::~SoundPort()
                0x00000000c001b654                SoundPort::~SoundPort()
                0x00000000c001b688                SoundPort::unpause()
                0x00000000c001b694                SoundPort::pause()
                0x00000000c001b6a0                SoundPort::getBufferUsed()
                0x00000000c001b6a8                SoundPort::getBufferSize()
                0x00000000c001b6b0                SoundPort::buffer8(signed char*, int)
                0x00000000c001b744                SoundPort::buffer16(short*, int)
                0x00000000c001b7d8                SoundPort::buffer32(int*, int)
                0x00000000c001b864                SoundPort::unbufferAndAdd16(int, short*, SoundCard*)
                0x00000000c001b930                SoundPort::unbufferAndAdd32(int, int*, SoundCard*)
 .text          0x00000000c001b9ee        0x0 hw/bus/isa.32
 .text          0x00000000c001b9ee      0xc23 hw/bus/pci.32
                0x00000000c001b9ee                PCI::open(int, int, void*)
                0x00000000c001ba0c                PCI::close(int, int, void*)
                0x00000000c001ba10                PCI::PCI()
                0x00000000c001ba10                PCI::PCI()
                0x00000000c001baa8                PCI::readBAR8(unsigned int, int)
                0x00000000c001bac4                PCI::readBAR16(unsigned int, int)
                0x00000000c001bae2                PCI::readBAR32(unsigned int, int)
                0x00000000c001bafe                PCI::writeBAR8(unsigned int, unsigned char, int)
                0x00000000c001bb1e                PCI::writeBAR16(unsigned int, unsigned short, int)
                0x00000000c001bb40                PCI::writeBAR32(unsigned int, unsigned int, int)
                0x00000000c001bb60                PCI::legacyMechanism(unsigned char, unsigned char, unsigned char, unsigned char)
                0x00000000c001bbd6                PCI::pciReadWord(unsigned char, unsigned char, unsigned char, unsigned char)
                0x00000000c001bc80                PCI::getVendorID(unsigned char, unsigned char, unsigned char)
                0x00000000c001bca4                PCI::getHeaderType(unsigned char, unsigned char, unsigned char)
                0x00000000c001bccc                PCI::getClassCode(unsigned char, unsigned char, unsigned char)
                0x00000000c001bd16                PCI::getProgIF(unsigned char, unsigned char, unsigned char)
                0x00000000c001bd3e                PCI::getRevisionID(unsigned char, unsigned char, unsigned char)
                0x00000000c001bd62                PCI::getInterruptNumber(unsigned char, unsigned char, unsigned char)
                0x00000000c001bd86                PCI::getSecondaryBus(unsigned char, unsigned char, unsigned char)
                0x00000000c001bdae                PCI::getBARAddress(unsigned char, unsigned char, unsigned char, unsigned char)
                0x00000000c001be12                PCI::pciWriteWord(unsigned char, unsigned char, unsigned char, unsigned char, unsigned short)
                0x00000000c001befa                PCI::pciDetailsToFilepath(PCIDeviceInfo, char*)
                0x00000000c001c1c0                PCI::checkBus(unsigned char)
                0x00000000c001c1e4                PCI::foundDevice(PCIDeviceInfo)
                0x00000000c001c3ca                PCI::getDeviceData(unsigned char, unsigned char, unsigned char)
                0x00000000c001c546                PCI::checkDevice(unsigned char, unsigned char)
                0x00000000c001c5b8                PCI::detect()
 *fill*         0x00000000c001c611        0x1 
 .text          0x00000000c001c612      0xe56 hw/diskctrl/ide.32
                0x00000000c001c612                IDE::close(int, int, void*)
                0x00000000c001c616                IDE::IDE()
                0x00000000c001c616                IDE::IDE()
                0x00000000c001c64a                IDE::prepareInterrupt(unsigned char)
                0x00000000c001c65c                selectDrive(unsigned char, unsigned char)
                0x00000000c001c65e                IDE::getBase(unsigned char)
                0x00000000c001c670                IDE::write(unsigned char, unsigned char, unsigned char)
                0x00000000c001c730                IDE::read(unsigned char, unsigned char)
                0x00000000c001c7de                IDE::waitInterrupt(unsigned char)
                0x00000000c001c840                ideChannel0IRQHandler(regs*, void*)
                0x00000000c001c85c                ideChannel1IRQHandler(regs*, void*)
                0x00000000c001c878                IDE::enableIRQs(unsigned char, bool)
                0x00000000c001c8c2                IDE::open(int, int, void*)
                0x00000000c001ce1c                IDE::readBuffer(unsigned char, unsigned char, unsigned int, unsigned int)
                0x00000000c001ceec                IDE::detect()
                0x00000000c001d35a                IDE::printError(unsigned char, unsigned char, unsigned char)
                0x00000000c001d414                IDE::polling(unsigned char, unsigned int)
 .text          0x00000000c001d468      0x33d hw/diskctrl/satabus.32
                0x00000000c001d468                SATABus::close(int, int, void*)
                0x00000000c001d46c                SATABus::detect()
                0x00000000c001d46e                SATABus::SATABus()
                0x00000000c001d46e                SATABus::SATABus()
                0x00000000c001d4f4                SATABus::findCmdslot(SATABus::tagHBA_PORT volatile*)
                0x00000000c001d526                SATABus::checkType(SATABus::tagHBA_PORT volatile*)
                0x00000000c001d56e                SATABus::startCmd(SATABus::tagHBA_PORT volatile*)
                0x00000000c001d58e                SATABus::stopCmd(SATABus::tagHBA_PORT volatile*)
                0x00000000c001d5b8                SATABus::portRebase(SATABus::tagHBA_PORT volatile*, int)
                0x00000000c001d6c8                SATABus::probePort(SATABus::tagHBA_MEM volatile*)
                0x00000000c001d772                SATABus::open(int, int, void*)
 *fill*         0x00000000c001d7a5        0x1 
 .text          0x00000000c001d7a6      0x7a9 hw/diskphys/ata.32
                0x00000000c001d7a6                ATA::close(int, int, void*)
                0x00000000c001d7ca                ATA::powerSaving(PowerSavingLevel)
                0x00000000c001d7cc                ATA::ATA()
                0x00000000c001d7cc                ATA::ATA()
                0x00000000c001d7fa                ATA::flush(bool)
                0x00000000c001d848                ATA::readyForCommand()
                0x00000000c001d894                ATA::access(unsigned long long, int, void*, bool)
                0x00000000c001dc84                ATA::read(unsigned long long, int, void*)
                0x00000000c001dcd0                ATA::write(unsigned long long, int, void*)
                0x00000000c001dd1c                ATA::detectCHS()
                0x00000000c001dd46                ATA::open(int, int, void*)
                0x00000000c001df31                combineCharAndColour(char, unsigned char)
                0x00000000c001df42                combineColours(unsigned char, unsigned char)
 *fill*         0x00000000c001df4f        0x1 
 .text          0x00000000c001df50      0x618 hw/diskphys/atapi.32
                0x00000000c001df50                ATAPI::write(unsigned long long, int, void*)
                0x00000000c001df56                ATAPI::close(int, int, void*)
                0x00000000c001df7a                ATAPI::ATAPI()
                0x00000000c001df7a                ATAPI::ATAPI()
                0x00000000c001dfa8                ATAPI::readyForCommand()
                0x00000000c001dffa                ATAPI::sendPacket(unsigned char*, int, bool, unsigned short*, int)
                0x00000000c001e2c2                ATAPI::diskRemoved()
                0x00000000c001e2fc                ATAPI::eject()
                0x00000000c001e344                ATAPI::diskInserted()
                0x00000000c001e350                ATAPI::detectMedia()
                0x00000000c001e40e                ATAPI::open(int, int, void*)
                0x00000000c001e4ee                ATAPI::read(unsigned long long, int, void*)
 .text          0x00000000c001e568      0x44c hw/diskphys/sata.32
                0x00000000c001e568                SATA::close(int, int, void*)
                0x00000000c001e58c                SATA::powerSaving(PowerSavingLevel)
                0x00000000c001e58e                SATA::open(int, int, void*)
                0x00000000c001e646                SATA::SATA()
                0x00000000c001e646                SATA::SATA()
                0x00000000c001e674                SATA::access(unsigned long long, int, void*, bool)
                0x00000000c001e8fc                SATA::read(unsigned long long, int, void*)
                0x00000000c001e948                SATA::write(unsigned long long, int, void*)
 .text          0x00000000c001e9b4      0x5d0 hw/diskphys/satapi.32
                0x00000000c001e9b4                SATAPI::write(unsigned long long, int, void*)
                0x00000000c001e9ba                SATAPI::close(int, int, void*)
                0x00000000c001e9de                SATAPI::SATAPI()
                0x00000000c001e9de                SATAPI::SATAPI()
                0x00000000c001ea0c                SATAPI::diskRemoved()
                0x00000000c001ea0e                SATAPI::diskInserted()
                0x00000000c001ea2a                SATAPI::sendPacket(unsigned char*, int, unsigned long long, unsigned short*, int)
                0x00000000c001ed08                SATAPI::eject()
                0x00000000c001ed44                SATAPI::detectMedia()
                0x00000000c001ed9a                SATAPI::open(int, int, void*)
                0x00000000c001ee9a                SATAPI::read(unsigned long long, int, void*)
 .text          0x00000000c001ef84      0x443 hw/intctrl/apic.32
                0x00000000c001ef84                IOAPIC::close(int, int, void*)
                0x00000000c001ef8a                apicGetBase()
                0x00000000c001efa8                IOAPIC::IOAPIC()
                0x00000000c001efa8                IOAPIC::IOAPIC()
                0x00000000c001efd0                apicOpen()
                0x00000000c001f15c                IOAPIC::handlesGSIWithNumber(unsigned int)
                0x00000000c001f18e                IOAPIC::read(int)
                0x00000000c001f1b6                IOAPIC::open(int, int, void*)
                0x00000000c001f29c                IOAPIC::write(int, int)
                0x00000000c001f2c8                IOAPIC::redirect(unsigned char, unsigned long long, unsigned char, bool, bool)
 *fill*         0x00000000c001f3c7        0x1 
 .text          0x00000000c001f3c8       0xf0 hw/timer/apictimer.32
                0x00000000c001f3c8                APICTimer::close(int, int, void*)
                0x00000000c001f3d0                apicTimerHandler(regs*, void*)
                0x00000000c001f3f8                APICTimer::open(int, int, void*)
                0x00000000c001f468                APICTimer::write(int)
                0x00000000c001f490                APICTimer::APICTimer()
                0x00000000c001f490                APICTimer::APICTimer()
 .text          0x00000000c001f4b8      0x1ad hw/timer/pit.32
                0x00000000c001f4b8                PIT::write(int)
                0x00000000c001f53c                pitHandler(regs*, void*)
                0x00000000c001f564                PIT::open(int, int, void*)
                0x00000000c001f5b4                PIT::close(int, int, void*)
                0x00000000c001f5e4                PIT::PIT()
                0x00000000c001f5e4                PIT::PIT()
 *fill*         0x00000000c001f665        0xb 
 .text          0x00000000c001f670       0x6f arch/i386/avx.32
                0x00000000c001f670                avxDetect
                0x00000000c001f69a                avxSave
                0x00000000c001f6ab                avxLoad
                0x00000000c001f6bc                avxInit
                0x00000000c001f6de                avxClose
 *fill*         0x00000000c001f6df        0x1 
 .text          0x00000000c001f6e0      0x2ec arch/i386/interrupt.32
                0x00000000c001f6e0                isr0
                0x00000000c001f6f0                isr1
                0x00000000c001f6fa                isr2
                0x00000000c001f704                isr3
                0x00000000c001f70e                isr4
                0x00000000c001f718                isr5
                0x00000000c001f722                isr6
                0x00000000c001f72c                isr7
                0x00000000c001f736                isr8
                0x00000000c001f73e                isr9
                0x00000000c001f748                isr10
                0x00000000c001f750                isr11
                0x00000000c001f758                isr12
                0x00000000c001f760                isr13
                0x00000000c001f77a                isr14
                0x00000000c001f782                isr15
                0x00000000c001f78c                isr16
                0x00000000c001f796                isr17
                0x00000000c001f7a0                isr18
                0x00000000c001f7aa                irq3
                0x00000000c001f7b4                irq4
                0x00000000c001f7be                irq5
                0x00000000c001f7c8                irq6