Archive member included to satisfy reference by file (symbol)

/cygdrive/d/Users/Alex/Desktop/Toolchain/Output/bin/../lib/gcc/i386-banana/8.1.0/libgcc.a(_divdi3.o)
                              fs/fat/ff.32 (__divdi3)
/cygdrive/d/Users/Alex/Desktop/Toolchain/Output/bin/../lib/gcc/i386-banana/8.1.0/libgcc.a(_moddi3.o)
                              thr/elf.32 (__moddi3)
/cygdrive/d/Users/Alex/Desktop/Toolchain/Output/bin/../lib/gcc/i386-banana/8.1.0/libgcc.a(_udivdi3.o)
                              fs/fat/ff.32 (__udivdi3)
/cygdrive/d/Users/Alex/Desktop/Toolchain/Output/bin/../lib/gcc/i386-banana/8.1.0/libgcc.a(_umoddi3.o)
                              core/pipe.32 (__umoddi3)
D:/Users/Alex/Desktop/Banana/kernel/libk/libm32.a(s_fabs.c.o)
                              hal/libresample/samplerate.32 (fabs)
D:/Users/Alex/Desktop/Banana/kernel/libk/libm32.a(s_lrint.S.o)
                              hal/libresample/samplerate.32 (lrint)
D:/Users/Alex/Desktop/Banana/kernel/libk/libm32.a(s_lrintf.S.o)
                              hal/sound/sndhw.32 (lrintf)

Discarded input sections

 .comment       0x0000000000000000       0x12 /cygdrive/d/Users/Alex/Desktop/Toolchain/Output/bin/../lib/gcc/i386-banana/8.1.0/crtbegin.o
 .comment       0x0000000000000000       0x12 acpica/utclib.32
 .comment       0x0000000000000000       0x12 core/malloc.32
 .comment       0x0000000000000000       0x12 libk/string.32
 .comment       0x0000000000000000       0x12 fs/fat/diskio.32
 .comment       0x0000000000000000       0x12 fs/fat/ff.32
 .comment       0x0000000000000000       0x12 fs/fat/ffsystem.32
 .comment       0x0000000000000000       0x12 fs/fat/ffunicode.32
 .comment       0x0000000000000000       0x12 hal/libresample/samplerate.32
 .comment       0x0000000000000000       0x12 hal/libresample/src_linear.32
 .comment       0x0000000000000000       0x12 hal/libresample/src_sinc.32
 .comment       0x0000000000000000       0x12 hal/libresample/src_zoh.32
 .group         0x0000000000000000       0x14 core/computer.32
 .group         0x0000000000000000        0xc core/computer.32
 .comment       0x0000000000000000       0x12 core/computer.32
 .comment       0x0000000000000000       0x12 core/gdt.32
 .group         0x0000000000000000        0xc core/idle.32
 .comment       0x0000000000000000       0x12 core/idle.32
 .comment       0x0000000000000000       0x12 core/idt.32
 .group         0x0000000000000000        0x8 core/kheap.32
 .group         0x0000000000000000        0x8 core/kheap.32
 .comment       0x0000000000000000       0x12 core/kheap.32
 .comment       0x0000000000000000       0x12 core/main.32
 .comment       0x0000000000000000       0x12 core/physmgr.32
 .group         0x0000000000000000        0xc core/pipe.32
 .comment       0x0000000000000000       0x12 core/pipe.32
 .group         0x0000000000000000        0xc core/terminal.32
 .comment       0x0000000000000000       0x12 core/terminal.32
 .group         0x0000000000000000        0x8 core/tss.32
 .text._ZN3CPU7readCR3Ev
                0x0000000000000000       0x12 core/tss.32
 .comment       0x0000000000000000       0x12 core/tss.32
 .group         0x0000000000000000        0x8 core/unixfile.32
 .group         0x0000000000000000        0xc core/unixfile.32
 .group         0x0000000000000000        0xc core/unixfile.32
 .group         0x0000000000000000        0x8 core/unixfile.32
 .group         0x0000000000000000        0xc core/unixfile.32
 .group         0x0000000000000000        0x8 core/unixfile.32
 .group         0x0000000000000000        0xc core/unixfile.32
 .group         0x0000000000000000        0xc core/unixfile.32
 .comment       0x0000000000000000       0x12 core/unixfile.32
 .group         0x0000000000000000        0x8 core/virtmgr.32
 .group         0x0000000000000000        0x8 core/virtmgr.32
 .text._ZN3CPU7readCR3Ev
                0x0000000000000000       0x12 core/virtmgr.32
 .text._ZN3CPU8writeCR3Em
                0x0000000000000000        0x9 core/virtmgr.32
 .comment       0x0000000000000000       0x12 core/virtmgr.32
 .comment       0x0000000000000000       0x12 coreobjs/c++.32
 .comment       0x0000000000000000       0x12 dbg/kconsole.32
 .group         0x0000000000000000        0xc fs/vfs.32
 .group         0x0000000000000000        0xc fs/vfs.32
 .group         0x0000000000000000        0xc fs/vfs.32
 .comment       0x0000000000000000       0x12 fs/vfs.32
 .group         0x0000000000000000        0xc hal/bus.32
 .comment       0x0000000000000000       0x12 hal/bus.32
 .group         0x0000000000000000        0xc hal/buzzer.32
 .comment       0x0000000000000000       0x12 hal/buzzer.32
 .group         0x0000000000000000        0xc hal/clock.32
 .comment       0x0000000000000000       0x12 hal/clock.32
 .group         0x0000000000000000       0x14 hal/device.32
 .group         0x0000000000000000        0xc hal/device.32
 .group         0x0000000000000000        0xc hal/device.32
[...]
Memory Configuration

Name             Origin             Length             Attributes
*default*        0x0000000000000000 0xffffffffffffffff

Linker script and memory map

LOAD D:/Users/Alex/Desktop/Banana/kernel/boot.32
LOAD crti.32
LOAD /cygdrive/d/Users/Alex/Desktop/Toolchain/Output/bin/../lib/gcc/i386-banana/8.1.0/crtbegin.o
LOAD D:/Users/Alex/Desktop/Banana/kernel/morenasm.32
LOAD acpica/utclib.32
LOAD core/malloc.32
LOAD libk/string.32
LOAD fs/fat/diskio.32
LOAD fs/fat/ff.32
LOAD fs/fat/ffsystem.32
LOAD fs/fat/ffunicode.32
LOAD hal/libresample/samplerate.32
LOAD hal/libresample/src_linear.32
LOAD hal/libresample/src_sinc.32
LOAD hal/libresample/src_zoh.32
LOAD core/computer.32
LOAD core/gdt.32
LOAD core/idle.32
LOAD core/idt.32
LOAD core/kheap.32
LOAD core/main.32
LOAD core/physmgr.32
LOAD core/pipe.32
LOAD core/terminal.32
LOAD core/tss.32
LOAD core/unixfile.32
LOAD core/virtmgr.32
LOAD coreobjs/c++.32
LOAD dbg/kconsole.32
LOAD fs/vfs.32
LOAD hal/bus.32
LOAD hal/buzzer.32
LOAD hal/clock.32
LOAD hal/device.32
LOAD hal/diskctrl.32
LOAD hal/diskphys.32
LOAD hal/fpu.32
LOAD hal/intctrl.32
LOAD hal/keybrd.32
LOAD hal/logidisk.32
LOAD hal/mouse.32
LOAD hal/partition.32
LOAD hal/timer.32
LOAD hal/vcache.32
LOAD hal/video.32
LOAD hw/acpi.32
LOAD hw/cpu.32
LOAD hw/ports.32
LOAD krnl/panic.32
LOAD reg/registry.32
LOAD sys/sc_exit.32
LOAD sys/sc_loaddll.32
LOAD sys/sc_read.32
LOAD sys/sc_sbrk.32
LOAD sys/sc_write.32
LOAD sys/sc_yield.32
LOAD sys/syscalls.32
LOAD thr/elf.32
LOAD thr/prcssthr.32
LOAD vm86/vm8086.32
LOAD fs/fat/vfslink.32
LOAD fs/iso9660/vfslink.32
LOAD hal/sound/sndchannel.32
LOAD hal/sound/sndhw.32
LOAD hw/bus/isa.32
LOAD hw/bus/pci.32
LOAD hw/diskctrl/ide.32
LOAD hw/diskphys/ata.32
LOAD hw/diskphys/atapi.32
LOAD hw/fpu/avx.32
LOAD hw/fpu/mmx.32
LOAD hw/fpu/sse.32
LOAD hw/fpu/x87.32
LOAD hw/intctrl/apic.32
LOAD hw/intctrl/pic.32
LOAD hw/timer/apictimer.32
LOAD hw/timer/pit.32
LOAD hw/fpu/x86/avx.32
LOAD hw/fpu/x86/sse.32
LOAD hw/fpu/x86/x87.32
LOAD /cygdrive/d/Users/Alex/Desktop/Toolchain/Output/bin/../lib/gcc/i386-banana/8.1.0/crtend.o
LOAD crtn.32
LOAD /cygdrive/d/Users/Alex/Desktop/Toolchain/Output/bin/../lib/gcc/i386-banana/8.1.0/libgcc.a
LOAD D:/Users/Alex/Desktop/Banana/kernel/libk/libm32.a
                0x00000000c0000000                . = 0xc0000000

.text           0x00000000c0000000    0x1e9b8
 *(.text)
 .text          0x00000000c0000000       0x41 D:/Users/Alex/Desktop/Banana/kernel/boot.32
                0x00000000c0000020                callGlobalConstructors
 .text          0x00000000c0000041        0x0 crti.32
 *fill*         0x00000000c0000041        0x3 
 .text          0x00000000c0000044      0x101 /cygdrive/d/Users/Alex/Desktop/Toolchain/Output/bin/../lib/gcc/i386-banana/8.1.0/crtbegin.o
 *fill*         0x00000000c0000145        0xb 
 .text          0x00000000c0000150      0x41f D:/Users/Alex/Desktop/Banana/kernel/morenasm.32
                0x00000000c0000150                doTPAUSE
                0x00000000c000015a                hasLegacyFPU
                0x00000000c000017f                is486
                0x00000000c00001b5                goToVM86
                0x00000000c00001e6                goToUsermode
                0x00000000c0000211                switchToThreadASMFirstTime
                0x00000000c000021f                switchToThreadASM
                0x00000000c00002bf                detectCPUID
                0x00000000c00002d5                asmQuickAcquireLock
                0x00000000c00002f3                asmQuickReleaseLock
                0x00000000c00002ff                asmAcquireLock
                0x00000000c0000320                asmReleaseLock
                0x00000000c0000333                loadGDT
                0x00000000c0000353                isr0
                0x00000000c0000363                isr1
                0x00000000c000036d                isr2
                0x00000000c0000377                isr3
                0x00000000c0000381                isr4
                0x00000000c000038b                isr5
                0x00000000c0000395                isr6
                0x00000000c000039f                isr7
                0x00000000c00003a9                isr8
                0x00000000c00003b1                isr9
                0x00000000c00003bb                isr10
                0x00000000c00003c3                isr11
                0x00000000c00003cb                isr12
                0x00000000c00003d3                isr13
                0x00000000c00003db                isr14
                0x00000000c00003e3                isr15
                0x00000000c00003ed                isr16
                0x00000000c00003f7                isr17
                0x00000000c0000401                isr18
                0x00000000c000040b                isr96
                0x00000000c0000415                irq0
                0x00000000c000041f                irq1
                0x00000000c0000429                irq2
                0x00000000c0000433                irq3
                0x00000000c000043d                irq4
                0x00000000c0000447                irq5
                0x00000000c0000451                irq6
                0x00000000c000045b                irq7
                0x00000000c0000465                irq8
                0x00000000c000046f                irq9
                0x00000000c0000479                irq10
                0x00000000c0000483                irq11
                0x00000000c000048d                irq12
                0x00000000c0000497                irq13
                0x00000000c00004a1                irq14
                0x00000000c00004ab                irq15
                0x00000000c00004b5                irq16
                0x00000000c00004bf                irq17
                0x00000000c00004c9                irq18
                0x00000000c00004d3                irq19
                0x00000000c00004dd                irq20
                0x00000000c00004e7                irq21
                0x00000000c00004f1                irq22
                0x00000000c00004fb                irq23
                0x00000000c0000505                int_common_stub
                0x00000000c0000535                syscall_common_stub
 .text          0x00000000c000056f      0x40f acpica/utclib.32
                0x00000000c000056f                memcmp
                0x00000000c000059a                memmove
                0x00000000c00005d2                memcpy
                0x00000000c0000608                memset
                0x00000000c0000625                strlen
                0x00000000c0000635                strpbrk
                0x00000000c0000658                strtok
                0x00000000c00006a7                strcpy
                0x00000000c00006c7                strncpy
                0x00000000c00006f8                strcmp
                0x00000000c0000719                strchr
                0x00000000c000072f                strncmp
                0x00000000c000075e                strcat
                0x00000000c0000785                strncat
                0x00000000c00007bf                strstr
                0x00000000c00007fc                toupper
                0x00000000c0000810                tolower
                0x00000000c0000824                simple_strtoul
 .text          0x00000000c000097e      0xfbf core/malloc.32
                0x00000000c0000ae9                dlfree
                0x00000000c0000e44                dlmalloc
                0x00000000c0001381                dlrealloc
                0x00000000c0001536                dlmemalign
                0x00000000c0001659                dlcalloc
                0x00000000c00016f3                dlcfree
                0x00000000c00016f8                dlindependent_calloc
                0x00000000c000171d                dlindependent_comalloc
                0x00000000c0001734                dlvalloc
                0x00000000c000175f                dlpvalloc
                0x00000000c0001795                dlmalloc_trim
                0x00000000c00017a2                dlmalloc_usable_size
                0x00000000c00017d3                dlmallinfo
                0x00000000c00018a2                dlmalloc_stats
                0x00000000c00018b3                dlmallopt
 .text          0x00000000c000193d        0x0 libk/string.32
 .text          0x00000000c000193d       0x51 fs/fat/diskio.32
                0x00000000c000193d                disk_status
                0x00000000c0001940                disk_initialize
                0x00000000c0001943                disk_read
                0x00000000c0001959                disk_write
                0x00000000c000196f                disk_ioctl
 .text          0x00000000c000198e     0x6833 fs/fat/ff.32
                0x00000000c0004c5c                f_mount
                0x00000000c0004cbe                f_open
                0x00000000c00050fa                f_read
                0x00000000c000537a                f_write
                0x00000000c0005634                f_sync
                0x00000000c0005810                f_close
                0x00000000c000583f                f_lseek
                0x00000000c0005cf6                f_opendir
                0x00000000c0005df8                f_closedir
                0x00000000c0005e1a                f_readdir
                0x00000000c0005eb5                f_stat
                0x00000000c0005f44                f_getfree
                0x00000000c000610f                f_truncate
                0x00000000c0006207                f_unlink
                0x00000000c000638a                f_mkdir
                0x00000000c00065b6                f_rename
                0x00000000c00068a9                f_chmod
                0x00000000c0006987                f_utime
                0x00000000c0006a65                f_getlabel
                0x00000000c0006c53                f_setlabel
                0x00000000c0006ec0                f_forward
                0x00000000c000709e                f_mkfs
 .text          0x00000000c00081c1       0x2d fs/fat/ffsystem.32
                0x00000000c00081c1                ff_memalloc
                0x00000000c00081d7                ff_memfree
 .text          0x00000000c00081ee      0x253 fs/fat/ffunicode.32
                0x00000000c00081ee                ff_uni2oem
                0x00000000c000827e                ff_oem2uni
                0x00000000c00082ea                ff_wtoupper
 .text          0x00000000c0008441      0x70e hal/libresample/samplerate.32
                0x00000000c00084c9                src_delete
                0x00000000c0008505                src_process
                0x00000000c000862d                src_callback_read
                0x00000000c000878e                src_set_ratio
                0x00000000c00087e5                src_get_channels
                0x00000000c0008807                src_reset
                0x00000000c000884b                src_new
                0x00000000c00088d9                src_callback_new
                0x00000000c000893b                src_get_name
                0x00000000c0008972                src_get_description
                0x00000000c00089a9                src_get_version
                0x00000000c00089af                src_is_valid_ratio
                0x00000000c00089c9                src_error
                0x00000000c00089d7                src_strerror
                0x00000000c00089ea                src_simple
                0x00000000c0008a3d                src_short_to_float_array
                0x00000000c0008a63                src_float_to_short_array
                0x00000000c0008ac7                src_int_to_float_array
                0x00000000c0008aed                src_float_to_int_array
 .text          0x00000000c0008b4f      0x3fd hal/libresample/src_linear.32
                0x00000000c0008ea7                linear_get_name
                0x00000000c0008eb6                linear_get_description
                0x00000000c0008ec5                linear_set_converter
 .text          0x00000000c0008f4c     0x1a3f hal/libresample/src_sinc.32
                0x00000000c000a8a2                sinc_get_name
                0x00000000c000a8b5                sinc_get_description
                0x00000000c000a8c8                sinc_set_converter
 .text          0x00000000c000a98b      0x3d3 hal/libresample/src_zoh.32
                0x00000000c000acb9                zoh_get_name
                0x00000000c000acc8                zoh_get_description
                0x00000000c000acd7                zoh_set_converter
 .text          0x00000000c000ad5e      0x695 core/computer.32
                0x00000000c000ad5e                Computer::close(int, int, void*)
                0x00000000c000ada2                Computer::Computer()
                0x00000000c000ada2                Computer::Computer()
                0x00000000c000aefe                Computer::setBootMessage(char const*)
                0x00000000c000af00                Computer::start()
                0x00000000c000afdc                firstTask()
                0x00000000c000afea                Computer::detectFeatures()
                0x00000000c000b1c4                Computer::displayFeatures()
                0x00000000c000b1c6                Computer::rdmsr(unsigned int)
                0x00000000c000b1f2                Computer::wrmsr(unsigned int, unsigned long long)
                0x00000000c000b22a                Computer::nmiEnabled()
                0x00000000c000b236                Computer::readCMOS(unsigned char)
                0x00000000c000b250                Computer::enableNMI(bool)
                0x00000000c000b268                Computer::open(int, int, void*)
                0x00000000c000b336                Computer::disableNMI()
                0x00000000c000b344                Computer::writeCMOS(unsigned char, unsigned char)
                0x00000000c000b362                Computer::handleNMI()
                0x00000000c000b3c8                Computer::setDiskActivityLight(int, bool)
 *fill*         0x00000000c000b3f3        0x1 
 .text          0x00000000c000b3f4      0x1b7 core/gdt.32
                0x00000000c000b3f4                GDTEntry::setBase(unsigned int)
                0x00000000c000b410                GDTEntry::setLimit(unsigned int)
                0x00000000c000b42e                GDT::GDT()
                0x00000000c000b42e                GDT::GDT()
                0x00000000c000b444                GDT::addEntry(GDTEntry)
                0x00000000c000b480                GDT::getNumberOfEntries()
                0x00000000c000b488                GDT::flush()
                0x00000000c000b4aa                GDT::setup()
 .text          0x00000000c000b5ab       0x61 core/idle.32
                0x00000000c000b5ab                idleFunction(void*)
 .text          0x00000000c000b60c      0x45f core/idt.32
                0x00000000c000b60c                IDTEntry::IDTEntry(bool)
                0x00000000c000b60c                IDTEntry::IDTEntry(bool)
                0x00000000c000b67a                IDTEntry::setOffset(unsigned int)
                0x00000000c000b68e                IDT::IDT()
                0x00000000c000b68e                IDT::IDT()
                0x00000000c000b690                IDT::getPointerToInvalidOpcodeEntryForF00F()
                0x00000000c000b698                IDT::addEntry(IDTEntry, int)
                0x00000000c000b6b2                IDT::addEntry(int, void (*)(), bool)
                0x00000000c000b6ea                IDT::flush()
                0x00000000c000b704                IDT::setup()
 .text          0x00000000c000ba6b      0x20d core/kheap.32
                0x00000000c000ba6b                sbrk
                0x00000000c000bb83                mmap
                0x00000000c000bb99                munmap
                0x00000000c000bbaf                liballoc_lock()
                0x00000000c000bbc0                liballoc_unlock()
                0x00000000c000bbd1                liballoc_alloc(int)
                0x00000000c000bbec                liballoc_free(void*, int)
                0x00000000c000bc0a                realloc
                0x00000000c000bc1e                malloc
                0x00000000c000bc2e                free
                0x00000000c000bc3e                rfree
                0x00000000c000bc4e                calloc
 .text          0x00000000c000bc78      0x38d core/main.32
                0x00000000c000bc78                hwTextMode_loadInData(VgaText*)
                0x00000000c000bcbd                hwTextMode_loadInTitle(VgaText*, char*)
                0x00000000c000bcff                hwTextMode_showCursor(VgaText*, bool)
                0x00000000c000bd53                hwTextMode_update(VgaText*)
                0x00000000c000bd54                hwTextMode_updateCursor(VgaText*)
                0x00000000c000bd9c                hwTextMode_disableBlink(VgaText*, bool)
                0x00000000c000bdd8                hwTextMode_scrollScreen(VgaText*)
                0x00000000c000be5e                hwTextMode_writeCharacter(VgaText*, char, VgaColour, VgaColour, int, int)
                0x00000000c000bebc                setupTextMode()
                0x00000000c000bf0d                kernel_main
 .text          0x00000000c000c005      0x46c core/physmgr.32
                0x00000000c000c005                Phys::allocateDMA(unsigned long)
                0x00000000c000c0a8                Phys::freeDMA(unsigned long, unsigned long)
                0x00000000c000c0f0                Phys::setPageState(unsigned long, bool)
                0x00000000c000c122                Phys::getPageState(unsigned long)
                0x00000000c000c13e                Phys::freePage(unsigned long)
                0x00000000c000c1c8                Phys::allocatePage()
                0x00000000c000c284                Phys::allowSegmentToBeUsed(unsigned long, unsigned long)
                0x00000000c000c2bc                Phys::physicalMemorySetup(unsigned int)
 *fill*         0x00000000c000c471        0x1 
 .text          0x00000000c000c472      0x273 core/pipe.32
                0x00000000c000c472                Pipe::isAtty()
                0x00000000c000c476                Pipe::~Pipe()
                0x00000000c000c476                Pipe::~Pipe()
                0x00000000c000c49a                Pipe::~Pipe()
                0x00000000c000c4c2                Pipe::read(unsigned long long, void*, int*)
                0x00000000c000c5b6                Pipe::write(unsigned long long, void*, int*)
                0x00000000c000c67e                Pipe::Pipe(int)
                0x00000000c000c67e                Pipe::Pipe(int)
 *fill*         0x00000000c000c6e5        0x1 
 .text          0x00000000c000c6e6      0xf65 core/terminal.32
                0x00000000c000c6e6                VgaText::isAtty()
                0x00000000c000c6ea                VgaText::~VgaText()
                0x00000000c000c6ea                VgaText::~VgaText()
                0x00000000c000c70e                VgaText::~VgaText()
                0x00000000c000c738                VgaText::read(unsigned long long, void*, int*)
                0x00000000c000c758                setTerminalScrollLock(bool)
                0x00000000c000c759                addToTerminalCycle(VgaText*)
                0x00000000c000c786                installVgaTextImplementation()
                0x00000000c000c79b                scrollTerminalScrollLock(int)
                0x00000000c000c79c                VgaText::load()
                0x00000000c000c7f0                VgaText::updateCursor()
                0x00000000c000c80a                VgaText::showCursor(bool)
                0x00000000c000c81a                VgaText::disableBlink(bool)
                0x00000000c000c854                VgaText::doANSI_SGR(int)
                0x00000000c000c8e0                VgaText::setDefaultBgColour(VgaColour)
                0x00000000c000c8f6                VgaText::setDefaultFgColour(VgaColour)
                0x00000000c000c90c                VgaText::setDefaultColours(VgaColour, VgaColour)
                0x00000000c000c92c                VgaText::combineColours(unsigned char, unsigned char)
                0x00000000c000c93e                VgaText::scrollScreen()
                0x00000000c000c9d2                VgaText::combineCharAndColour(char, unsigned char)
                0x00000000c000c9e4                VgaText::writeCharacter(char, VgaColour, VgaColour, int, int)
                0x00000000c000ca44                VgaText::getCursorX()
                0x00000000c000ca50                VgaText::getCursorY()
                0x00000000c000ca5c                VgaText::setCursor(int, int)
                0x00000000c000ca7a                VgaText::setCursorX(int)
                0x00000000c000ca96                VgaText::setCursorY(int)
                0x00000000c000cab2                VgaText::incrementCursor(bool)
                0x00000000c000cb1a                VgaText::updateRAMUsageDisplay(int)
                0x00000000c000cb74                VgaText::updateDiskUsage()
                0x00000000c000ccda                VgaText::updateTitle()
                0x00000000c000cd20                VgaText::setTitleTextColour(VgaColour)
                0x00000000c000cd30                VgaText::setTitleColour(VgaColour)
                0x00000000c000cd40                VgaText::setTitle(char*)
                0x00000000c000cd66                VgaText::decrementCursor(bool)
                0x00000000c000cd8e                VgaText::putchar(char, VgaColour, VgaColour)
                0x00000000c000ce8a                VgaText::isShowingCursor()
                0x00000000c000ce96                VgaText::isBlinkDisabled()
                0x00000000c000cea4                VgaText::setCursorHeight(int)
                0x00000000c000cec2                VgaText::getCursorHeight()
                0x00000000c000cecd                setActiveTerminal(VgaText*)
                0x00000000c000cf7f                doTerminalCycle()
                0x00000000c000cf9c                VgaText::doUpdate()
                0x00000000c000cfae                VgaText::puts(char const*, VgaColour, VgaColour)
                0x00000000c000d16e                VgaText::clearScreen()
                0x00000000c000d1d2                VgaText::putchar(char)
                0x00000000c000d2ec                VgaText::puts(char const*)
                0x00000000c000d312                VgaText::putx(unsigned int)
                0x00000000c000d358                VgaText::VgaText(char const*)
                0x00000000c000d358                VgaText::VgaText(char const*)
                0x00000000c000d4ea                VgaText::receiveKey(unsigned char)
                0x00000000c000d5d2                VgaText::write(unsigned long long, void*, int*)
                0x00000000c000d626                newTerminal(char*)
 *fill*         0x00000000c000d64b        0x1 
 .text          0x00000000c000d64c      0x18f core/tss.32
                0x00000000c000d64c                TSS::TSS()
                0x00000000c000d64c                TSS::TSS()
                0x00000000c000d65a                TSS::setESP(unsigned long)
                0x00000000c000d66c                TSS::flush()
                0x00000000c000d68c                TSS::setup(unsigned long, unsigned long)
 *fill*         0x00000000c000d7db        0x1 
 .text          0x00000000c000d7dc      0x541 core/unixfile.32
                0x00000000c000d7dc                ReservedFilename::read(unsigned long long, void*, int*)
                0x00000000c000d872                ReservedFilename::isAtty()
                0x00000000c000d8a8                ReservedFilename::write(unsigned long long, void*, int*)
                0x00000000c000d942                UnixFile::getFileDescriptor()
                0x00000000c000d94a                UnixFile::UnixFile(int)
                0x00000000c000d94a                UnixFile::UnixFile(int)
                0x00000000c000dabc                ReservedFilename::ReservedFilename(int)
                0x00000000c000dabc                ReservedFilename::ReservedFilename(int)
                0x00000000c000daee                UnixFile::~UnixFile()
                0x00000000c000daee                UnixFile::~UnixFile()
                0x00000000c000db86                UnixFile::~UnixFile()
                0x00000000c000dbae                ReservedFilename::~ReservedFilename()
                0x00000000c000dbae                ReservedFilename::~ReservedFilename()
                0x00000000c000dbd2                ReservedFilename::~ReservedFilename()
                0x00000000c000dbf9                getFromFileDescriptor(int)
 *fill*         0x00000000c000dd1d        0x1 
 .text          0x00000000c000dd1e     0x1175 core/virtmgr.32
                0x00000000c000dd1e                Virt::setPageState(unsigned long, Virt::VirtPageState)
                0x00000000c000dd53                Virt::getPageState(unsigned long)
                0x00000000c000dd77                Virt::allocateKernelVirtualPages(int)
                0x00000000c000de88                Virt::virtualMemorySetup()
                0x00000000c000df07                Virt::getAKernelVAS()
                0x00000000c000df0d                Virt::setupPageSwapping(int)
                0x00000000c000e032                VAS::VAS()
                0x00000000c000e032                VAS::VAS()
                0x00000000c000e062                VAS::getForeignPageTableEntry(bool, unsigned long)
                0x00000000c000e08e                VAS::getPageTableEntry(unsigned long)
                0x00000000c000e0ad                Virt::freeKernelVirtualPages(unsigned long)
                0x00000000c000e1d0                VAS::freeAllocatedPages(unsigned long)
                0x00000000c000e1f4                VAS::virtualToPhysical(unsigned long)
                0x00000000c000e20c                VAS::mapOtherVASIn(bool, VAS*)
                0x00000000c000e242                VAS::~VAS()
                0x00000000c000e242                VAS::~VAS()
                0x00000000c000e3ae                VAS::mapPage(unsigned long, unsigned long, int)
                0x00000000c000e4ae                VAS::allocatePages(int, int)
                0x00000000c000e67e                VAS::setCPUSpecific(unsigned long)
                0x00000000c000e69a                VAS::mapRange(unsigned long, unsigned long, int, int)
                0x00000000c000e764                VAS::VAS(VAS*)
                0x00000000c000e764                VAS::VAS(VAS*)
                0x00000000c000eaae                VAS::mapForeignPage(bool, VAS*, unsigned long, unsigned long, int)
                0x00000000c000eb9c                VAS::VAS(bool)
                0x00000000c000eb9c                VAS::VAS(bool)
                0x00000000c000edcc                mapVASFirstTime
 .text          0x00000000c000ee93       0x93 coreobjs/c++.32
                0x00000000c000ee93                __cxa_atexit
                0x00000000c000ee96                __cxa_finalize
                0x00000000c000ee97                __stack_chk_fail
                0x00000000c000eef7                __cxa_pure_virtual
                0x00000000c000ef08                operator new(unsigned long)
                0x00000000c000ef0d                operator new[](unsigned long)
                0x00000000c000ef12                operator delete(void*)
                0x00000000c000ef17                operator delete(void*, unsigned long)
                0x00000000c000ef1c                operator delete[](void*)
                0x00000000c000ef21                operator delete[](void*, unsigned long)
 .text          0x00000000c000ef26      0x1ef dbg/kconsole.32
                0x00000000c000ef26                Dbg::stringifyxWithBase(unsigned int, char*, int)
                0x00000000c000ef87                Dbg::logc(char)
                0x00000000c000ef9e                Dbg::logs(char*)
                0x00000000c000efbb                Dbg::logWriteInt(unsigned int)
                0x00000000c000efd8                Dbg::logWriteIntBase(unsigned int, int)
                0x00000000c000eff7                Dbg::kprintf(char const*, ...)
 *fill*         0x00000000c000f115        0x1 
 .text          0x00000000c000f116      0xb68 fs/vfs.32
                0x00000000c000f116                File::read(unsigned long long, void*, int*)
                0x00000000c000f16e                File::write(unsigned long long, void*, int*)
                0x00000000c000f1c6                Directory::read(unsigned long long, void*, int*)
                0x00000000c000f21e                Directory::write(unsigned long long, void*, int*)
                0x00000000c000f24c                File::isAtty()
                0x00000000c000f250                Directory::isAtty()
                0x00000000c000f254                Filesystem::getlabel(LogicalDisk*, int, char*, unsigned int*)
                0x00000000c000f25a                Filesystem::setlabel(LogicalDisk*, int, char*)
                0x00000000c000f260                File::~File()
                0x00000000c000f260                File::~File()
                0x00000000c000f284                File::~File()
                0x00000000c000f2ae                Directory::~Directory()
                0x00000000c000f2ae                Directory::~Directory()
                0x00000000c000f2d2                Directory::~Directory()
                0x00000000c000f2fc                Filesystem::Filesystem()
                0x00000000c000f2fc                Filesystem::Filesystem()
                0x00000000c000f320                Filesystem::~Filesystem()
                0x00000000c000f320                Filesystem::~Filesystem()
                0x00000000c000f32e                Filesystem::~Filesystem()
                0x00000000c000f352                initVFS()
                0x00000000c000f37c                standardiseFiles(char*, char const*, char const*)
                0x00000000c000f526                File::File(char const*, Process*)
                0x00000000c000f526                File::File(char const*, Process*)
                0x00000000c000f58a                File::open(FileOpenMode)
                0x00000000c000f5e8                File::close()
                0x00000000c000f648                File::seek(unsigned long long)
                0x00000000c000f69e                File::tell(unsigned long long*)
                0x00000000c000f6ee                File::rewind()
                0x00000000c000f702                File::unlink()
                0x00000000c000f74e                File::rename(char const*)
                0x00000000c000f79c                File::chfatattr(unsigned char, unsigned char)
                0x00000000c000f7f8                File::exists()
                0x00000000c000f836                File::stat(unsigned long long*, bool*)
                0x00000000c000f897                getcwd(Process*, char*, int)
                0x00000000c000f8c1                setcwd(Process*, char*)
                0x00000000c000f9e8                Directory::Directory(char const*, Process*)
                0x00000000c000f9e8                Directory::Directory(char const*, Process*)
                0x00000000c000fa4c                Directory::open()
                0x00000000c000faa8                Directory::close()
                0x00000000c000fb08                Directory::unlink()
                0x00000000c000fb54                Directory::rename(char const*)
                0x00000000c000fba2                Directory::exists()
                0x00000000c000fbe0                Directory::read(dirent*)
                0x00000000c000fc2c                Directory::create()
                0x00000000c000fc78                Filesystem::chfatattr(char const*, unsigned char, unsigned char)
 .text          0x00000000c000fc7e       0x84 hal/bus.32
                0x00000000c000fc7e                Bus::Bus(char const*)
                0x00000000c000fc7e                Bus::Bus(char const*)
                0x00000000c000fcb4                Bus::~Bus()
                0x00000000c000fcb4                Bus::~Bus()
                0x00000000c000fcd8                Bus::~Bus()
 .text          0x00000000c000fd02      0x14e hal/buzzer.32
                0x00000000c000fd02                Buzzer::Buzzer(char const*)
                0x00000000c000fd02                Buzzer::Buzzer(char const*)
                0x00000000c000fd46                Buzzer::~Buzzer()
                0x00000000c000fd46                Buzzer::~Buzzer()
                0x00000000c000fd6a                Buzzer::~Buzzer()
                0x00000000c000fd94                Buzzer::stop()
                0x00000000c000fda7                beepThread(void*)
                0x00000000c000fde2                Buzzer::beep(int, int, bool)
 .text          0x00000000c000fe50      0x42f hal/clock.32
                0x00000000c000fe50                loadClockSettings()
                0x00000000c000fe6a                Clock::Clock(char const*)
                0x00000000c000fe6a                Clock::Clock(char const*)
                0x00000000c000fea0                Clock::~Clock()
                0x00000000c000fea0                Clock::~Clock()
                0x00000000c000fec4                Clock::~Clock()
                0x00000000c000feee                Clock::timeInSecondsLocal()
                0x00000000c000ff36                Clock::setTimeInSecondsLocal(unsigned long long)
                0x00000000c000ff8f                datetimeToSeconds(datetime_t)
                0x00000000c00100b6                Clock::setTimeInDatetimeLocal(datetime_t)
                0x00000000c0010116                secondsToDatetime(unsigned long long)
                0x00000000c001025a                Clock::timeInDatetimeLocal()
 *fill*         0x00000000c001027f        0x1 
 .text          0x00000000c0010280      0x504 hal/device.32
                0x00000000c0010280                Device::hibernate()
                0x00000000c0010282                Device::wake()
                0x00000000c0010284                Device::detect()
                0x00000000c0010286                Device::disableLegacy()
                0x00000000c0010288                Device::powerSaving(PowerSavingLevel)
                0x00000000c001028a                DriverlessDevice::close(int, int, void*)
                0x00000000c001028e                DriverlessDevice::detect()
                0x00000000c0010290                DriverlessDevice::open(int, int, void*)
                0x00000000c00102a4                Device::~Device()
                0x00000000c00102a4                Device::~Device()
                0x00000000c00102b2                Device::~Device()
                0x00000000c00102da                Device::findAndLoadDriver()
                0x00000000c00102dc                Device::preOpenPCI(PCIDeviceInfo)
                0x00000000c0010302                Device::preOpenACPI(void*, char*, char*)
                0x00000000c0010356                Device::addIRQHandler(int, void (*)(regs*, void*), bool, void*)
                0x00000000c00103b4                Device::removeIRQHandler(int, void (*)(regs*, void*), bool)
                0x00000000c0010402                Device::addChild(Device*)
                0x00000000c0010446                Device::removeAllChildren()
                0x00000000c001048c                Device::hibernateAll()
                0x00000000c00104bc                Device::wakeAll()
                0x00000000c00104ec                Device::detectAll()
                0x00000000c001051c                Device::disableLegacyAll()
                0x00000000c001054c                Device::loadDriversForAll()
                0x00000000c0010578                Device::closeAll()
                0x00000000c00105ae                Device::powerSavingAll(PowerSavingLevel)
                0x00000000c00105e4                Device::setName(char const*)
                0x00000000c00105f2                Device::Device(char const*)
                0x00000000c00105f2                Device::Device(char const*)
                0x00000000c00106e4                Device::getName()
                0x00000000c00106ee                DriverlessDevice::DriverlessDevice(char const*)
                0x00000000c00106ee                DriverlessDevice::DriverlessDevice(char const*)
                0x00000000c0010716                Device::addToLinkedList(LinkedList<Device>&, DeviceType)
                0x00000000c001075a                getDevicesOfType(DeviceType)
 .text          0x00000000c0010784       0x84 hal/diskctrl.32
                0x00000000c0010784                HardDiskController::HardDiskController(char const*)
                0x00000000c0010784                HardDiskController::HardDiskController(char const*)
                0x00000000c00107ba                HardDiskController::~HardDiskController()
                0x00000000c00107ba                HardDiskController::~HardDiskController()
                0x00000000c00107de                HardDiskController::~HardDiskController()
 .text          0x00000000c0010808       0xde hal/diskphys.32
                0x00000000c0010808                PhysicalDisk::PhysicalDisk(char const*, int)
                0x00000000c0010808                PhysicalDisk::PhysicalDisk(char const*, int)
                0x00000000c0010870                PhysicalDisk::startCache()
                0x00000000c0010898                PhysicalDisk::~PhysicalDisk()
                0x00000000c0010898                PhysicalDisk::~PhysicalDisk()
                0x00000000c00108bc                PhysicalDisk::~PhysicalDisk()
 .text          0x00000000c00108e6      0x142 hal/fpu.32
                0x00000000c00108e6                FPU::FPU(char const*)
                0x00000000c00108e6                FPU::FPU(char const*)
                0x00000000c001091c                FPU::~FPU()
                0x00000000c001091c                FPU::~FPU()
                0x00000000c0010940                FPU::~FPU()
                0x00000000c001096a                setupFPU()
 .text          0x00000000c0010a28      0xc21 hal/intctrl.32
                0x00000000c0010a28                InterruptController::uninstallISRHandler(int, void (*)(regs*, void*))
                0x00000000c0010a60                InterruptController::installISRHandler(int, void (*)(regs*, void*), void*)
                0x00000000c0010ab2                doubleFault(regs*, void*)
                0x00000000c0010ac0                InterruptController::installIRQHandler(int, void (*)(regs*, void*), bool, void*)
                0x00000000c0010b5c                InterruptController::clearAllHandlers(int, bool)
                0x00000000c0010c04                InterruptController::uninstallIRQHandler(int, void (*)(regs*, void*), bool)
                0x00000000c0010c8b                nmiHandler(regs*, void*)
                0x00000000c0010c99                int_handler
                0x00000000c0010d34                InterruptController::InterruptController(char const*)
                0x00000000c0010d34                InterruptController::InterruptController(char const*)
                0x00000000c0010dda                InterruptController::~InterruptController()
                0x00000000c0010dda                InterruptController::~InterruptController()
                0x00000000c0010dfe                InterruptController::~InterruptController()
                0x00000000c0010e28                displayDebugInfo(regs*)
                0x00000000c001123f                x87EmulHandler(regs*, void*)
                0x00000000c00112a2                gpFault(regs*, void*)
                0x00000000c00112db                pgFault(regs*, void*)
                0x00000000c00112f2                otherISRHandler(regs*, void*)
                0x00000000c0011311                opcodeFault(regs*, void*)
                0x00000000c001137b                displayProgramFault(char const*)
                0x00000000c00113a4                InterruptController::convertLegacyIRQNumber(int)
                0x00000000c00113ee                setupInterruptController()
 *fill*         0x00000000c0011649        0x1 
 .text          0x00000000c001164a      0x608 hal/keybrd.32
                0x00000000c001164a                startGUI(void*)
                0x00000000c00116bc                sendKeyToTerminal(unsigned char)
                0x00000000c0011728                sendKeyboardToken(KeyboardToken)
                0x00000000c0011b03                clearInternalKeybuffer(VgaText*)
                0x00000000c0011b38                readKeyboard(VgaText*, char*, unsigned long)
                0x00000000c0011bc8                Keyboard::Keyboard(char const*)
                0x00000000c0011bc8                Keyboard::Keyboard(char const*)
                0x00000000c0011c04                Keyboard::~Keyboard()
                0x00000000c0011c04                Keyboard::~Keyboard()
                0x00000000c0011c28                Keyboard::~Keyboard()
 .text          0x00000000c0011c52      0x400 hal/logidisk.32
                0x00000000c0011c52                LogicalDisk::close(int, int, void*)
                0x00000000c0011c56                LogicalDisk::~LogicalDisk()
                0x00000000c0011c56                LogicalDisk::~LogicalDisk()
                0x00000000c0011c7a                LogicalDisk::~LogicalDisk()
                0x00000000c0011ca4                LogicalDisk::open(int, int, void*)
                0x00000000c0011cb8                LogicalDisk::absoluteToRelative(unsigned long long)
                0x00000000c0011cf0                LogicalDisk::relativeToAbsolute(unsigned long long)
                0x00000000c0011d36                LogicalDisk::LogicalDisk(char const*, PhysicalDisk*, unsigned long long, unsigned long long)
                0x00000000c0011d36                LogicalDisk::LogicalDisk(char const*, PhysicalDisk*, unsigned long long, unsigned long long)
                0x00000000c0011dec                LogicalDisk::assignDriveLetter()
                0x00000000c0011ea2                LogicalDisk::mount()
                0x00000000c0011f14                LogicalDisk::unmount()
                0x00000000c0011f24                LogicalDisk::unassignDriveLetter()
                0x00000000c0011f7a                LogicalDisk::read(unsigned long long, int, void*)
                0x00000000c0011fe6                LogicalDisk::write(unsigned long long, int, void*)
 .text          0x00000000c0012052       0x84 hal/mouse.32
                0x00000000c0012052                Mouse::Mouse(char const*)
                0x00000000c0012052                Mouse::Mouse(char const*)
                0x00000000c0012088                Mouse::~Mouse()
                0x00000000c0012088                Mouse::~Mouse()
                0x00000000c00120ac                Mouse::~Mouse()
 .text          0x00000000c00120d6      0x339 hal/partition.32
                0x00000000c00120d6                makePartition(PhysicalDisk*, unsigned long long, unsigned long long)
                0x00000000c001217e                createPartitionsForDisk(PhysicalDisk*)
 *fill*         0x00000000c001240f        0x1 
 .text          0x00000000c0012410      0x2e7 hal/timer.32
                0x00000000c0012410                Timer::Timer(char const*)
                0x00000000c0012410                Timer::Timer(char const*)
                0x00000000c0012446                Timer::~Timer()
                0x00000000c0012446                Timer::~Timer()
                0x00000000c001246a                Timer::~Timer()
                0x00000000c0012494                Timer::read()
                0x00000000c001249f                timerHandler(unsigned long long)
                0x00000000c00125d6                setupTimer(int)
 *fill*         0x00000000c00126f7        0x1 
 .text          0x00000000c00126f8      0x2d1 hal/vcache.32
                0x00000000c00126f8                VCache::VCache(PhysicalDisk*)
                0x00000000c00126f8                VCache::VCache(PhysicalDisk*)
                0x00000000c00127e8                VCache::writeWriteBuffer()
                0x00000000c0012824                VCache::~VCache()
                0x00000000c0012824                VCache::~VCache()
                0x00000000c0012864                VCache::~VCache()
                0x00000000c001288c                VCache::write(unsigned long long, int, void*)
                0x00000000c0012970                VCache::read(unsigned long long, int, void*)
 *fill*         0x00000000c00129c9        0x1 
 .text          0x00000000c00129ca      0x26d hal/video.32
                0x00000000c00129ca                Video::putrect(int, int, int, int, unsigned int)
                0x00000000c0012a14                Video::blit(unsigned int*, int, int, int, int)
                0x00000000c0012a92                Video::clearScreen(unsigned int)
                0x00000000c0012ac6                Video::putpixel(int, int, unsigned int)
                0x00000000c0012ad4                Video::Video(char const*)
                0x00000000c0012ad4                Video::Video(char const*)
                0x00000000c0012b0a                Video::~Video()
                0x00000000c0012b0a                Video::~Video()
                0x00000000c0012b2e                Video::~Video()
                0x00000000c0012b58                Video::isMonochrome()
                0x00000000c0012b64                Video::getWidth()
                0x00000000c0012b70                Video::getHeight()
                0x00000000c0012b7c                Video::drawCursor(int, int, unsigned char*, int)
 *fill*         0x00000000c0012c37        0x1 
 .text          0x00000000c0012c38      0xd28 hw/acpi.32
                0x00000000c0012c38                ACPI::close(int, int, void*)
                0x00000000c0012ced                findRSDP()
                0x00000000c0012d77                loadACPITables(unsigned char*)
                0x00000000c0012f9e                findRSDT(unsigned char*)
                0x00000000c00130bc                findDataTable(unsigned char*, char*)
                0x00000000c0013158                scanMADT()
                0x00000000c00134ec                ACPI::ACPI()
                0x00000000c00134ec                ACPI::ACPI()
                0x00000000c001354c                ACPI::getPCIIRQAssignment(unsigned char, unsigned short, unsigned char)
                0x00000000c001362e                ACPI::registerPCIIRQAssignment(void*, unsigned short, unsigned char, unsigned char)
                0x00000000c0013734                ACPI::setScreenBrightnessLevel(void*, int)
                0x00000000c001373a                ACPI::writeSimpleBootFlag(SimpleBootFlagTable*)
                0x00000000c0013782                ACPI::open(int, int, void*)
                0x00000000c0013948                ACPI::sleep()
 .text          0x00000000c0013960     0x132c hw/cpu.32
                0x00000000c0013960                CPU::close(int, int, void*)
                0x00000000c0013963                lookupAMDCPUName(unsigned char, unsigned char)
                0x00000000c0013af7                lookupIntelCPUName(unsigned char, unsigned char)
                0x00000000c0013da5                AMD_K6_write_msr(unsigned int, unsigned int, unsigned int, REGS*)
                0x00000000c0013dc1                AMD_K6_read_msr(unsigned int, REGS*)
                0x00000000c0013dd9                AMD_K6_writeback(int, int, int)
                0x00000000c0013e4c                cpuid(int, unsigned long*, unsigned long*, unsigned long*, unsigned long*)
                0x00000000c0013ecf                cpuidCheckEDX(unsigned int)
                0x00000000c0013efc                cpuidCheckECX(unsigned int)
                0x00000000c0013f29                cpuidCheckExtendedEBX(unsigned int)
                0x00000000c0013f56                cpuidCheckExtendedECX(unsigned int)
                0x00000000c0013f83                getCPUNumber()
                0x00000000c0013f86                thisCPU()
                0x00000000c0013f9a                CPU::CPU()
                0x00000000c0013f9a                CPU::CPU()
                0x00000000c0014028                CPU::displayFeatures()
                0x00000000c001402a                CPU::detectFeatures()
                0x00000000c0014a1c                CPU::setupSMEP()
                0x00000000c0014a36                CPU::setupUMIP()
                0x00000000c0014a4e                CPU::setupTSC()
                0x00000000c0014a66                CPU::setupLargePages()
                0x00000000c0014a7e                CPU::setupPAT()
                0x00000000c0014aba                CPU::setupMTRR()
                0x00000000c0014abc                CPU::setupGlobalPages()
                0x00000000c0014ad2                CPU::allowUsermodeDataAccess()
                0x00000000c0014ae4                CPU::prohibitUsermodeDataAccess()
                0x00000000c0014af6                CPU::setupSMAP()
                0x00000000c0014b1c                CPU::setupFeatures()
                0x00000000c0014bbe                CPU::open(int, int, void*)
 .text          0x00000000c0014c8c        0x0 hw/ports.32
 .text          0x00000000c0014c8c      0x32c krnl/panic.32
                0x00000000c0014c8c                Krnl::panic(char const*)
 .text          0x00000000c0014fb8      0x503 reg/registry.32
                0x00000000c0014fb8                Reg::findLineFromLoadedData(char*, char*, char*)
                0x00000000c0015110                Reg::getLineFromRegistry(char*, char*, char*, char*)
                0x00000000c001526f                Reg::getLine(char*, char*, char*)
                0x00000000c00152a6                Reg::readInt(char*, char*, int*)
                0x00000000c0015391                Reg::readString(char*, char*, char*, int)
                0x00000000c0015412                Reg::readBool(char*, char*, bool*)
                0x00000000c0015437                Reg::readBoolWithDefault(char*, char*, bool)
                0x00000000c0015463                Reg::readIntWithDefault(char*, char*, int)
                0x00000000c001548f                Reg::readStringWithDefault(char*, char*, char*, int, char*)
 .text          0x00000000c00154bb       0x18 sys/sc_exit.32
                0x00000000c00154bb                Sys::exit(regs*)
 .text          0x00000000c00154d3       0x95 sys/sc_loaddll.32
                0x00000000c00154d3                Sys::loadDLL(regs*)
 .text          0x00000000c0015568       0x68 sys/sc_read.32
                0x00000000c0015568                Sys::read(regs*)
 .text          0x00000000c00155d0       0x55 sys/sc_sbrk.32
                0x00000000c00155d0                Sys::sbrk(regs*)
 .text          0x00000000c0015625       0x83 sys/sc_write.32
                0x00000000c0015625                Sys::write(regs*)
 .text          0x00000000c00156a8       0x1a sys/sc_yield.32
                0x00000000c00156a8                Sys::yield(regs*)
 .text          0x00000000c00156c2      0xfef sys/syscalls.32
                0x00000000c00156c2                sysCallGetPID(regs*)
                0x00000000c00156ce                sysCallSeekDir(regs*)
                0x00000000c00156d3                sysCallTellDir(regs*)
                0x00000000c00156d8                sysCallVerify(regs*)
                0x00000000c00156e2                sysCallGetArgc(regs*)
                0x00000000c00156f2                sysFormatDisk(regs*)
                0x00000000c001575c                sysSetDiskVolumeLabel(regs*)
                0x00000000c00157a2                sysGetDiskVolumeLabel(regs*)
                0x00000000c00157f3                sysShutdown(regs*)
                0x00000000c0015851                sysCallGetCwd(regs*)
                0x00000000c0015870                sysCallSetCwd(regs*)
                0x00000000c001588c                sysCallRealpath(regs*)
                0x00000000c00158cf                sysCallReadDir(regs*)
                0x00000000c001595d                sysCallIsATTY(regs*)
                0x00000000c00159b7                sysCallSeek(regs*)
                0x00000000c0015a20                sysCallTell(regs*)
                0x00000000c0015a9d                sysCallSizeFromFilename(regs*)
                0x00000000c0015b4e                sysCallSize(regs*)
                0x00000000c0015bd1                sysCallClose(regs*)
                0x00000000c0015c59                sysCallOpenDir(regs*)
                0x00000000c0015cc6                sysCallMakeDir(regs*)
                0x00000000c0015d1f                sysCallCloseDir(regs*)
                0x00000000c0015d85                sysCallWait(regs*)
                0x00000000c0015d9f                sysCallFork(regs*)
                0x00000000c0015dbb                sysCallExecve(regs*)
                0x00000000c0015e10                sysCallRmdir(regs*)
                0x00000000c0015e62                sysCallUnlink(regs*)
                0x00000000c0015eb4                sysCallGetArgv(regs*)
                0x00000000c0015f00                sysCallTTYName(regs*)
                0x00000000c0015f83                sysCallGetEnv(regs*)
                0x00000000c0015fd5                sysCallUSleep(regs*)
                0x00000000c0015ffc                sysCallSpawn(regs*)
                0x00000000c001606c                sysAppSettings(regs*)
                0x00000000c001618b                sysSetFatAttrib(regs*)
                0x00000000c00161eb                sysPanic(regs*)
                0x00000000c0016211                sysPipe(regs*)
                0x00000000c0016256                sysGetUnixTime(regs*)
                0x00000000c001626a                string_ends_with(char const*, char const*)
                0x00000000c00162b2                sysCallOpen(regs*)
                0x00000000c00164b6                setupSystemCalls()
                0x00000000c001666f                systemCall(regs*, void*)
 .text          0x00000000c00166b1     0x1137 thr/elf.32
                0x00000000c00166b1                Thr::allocateMemoryForTask(Process*, File*, unsigned long, unsigned long, unsigned long)
                0x00000000c001692e                Thr::loadProgramIntoMemory(Process*, char const*)
                0x00000000c0016b44                Thr::runtimeReferenceHelper()
                0x00000000c0016b57                Thr::getAddressOfKernelSymbol(char const*)
                0x00000000c0016ba6                Thr::loadKernelSymbolTable(char const*)
                0x00000000c0016e67                Thr::loadDriverIntoMemory(char const*, unsigned long, bool)
                0x00000000c00175e8                Thr::getDriverBaseFromAddress(unsigned long)
                0x00000000c001761a                Thr::getDriverNameFromAddress(unsigned long)
                0x00000000c0017651                Thr::getDriverOffsetFromAddress(unsigned long)
                0x00000000c001766b                Thr::loadDLL(char const*, bool)
                0x00000000c00177be                Thr::executeDLL(unsigned long, void*)
 .text          0x00000000c00177e8     0x11c2 thr/prcssthr.32
                0x00000000c00177e8                changeTSS
                0x00000000c0017816                Process::addArgs(char**)
                0x00000000c0017870                Process::Process(char const*, Process*, char**)
                0x00000000c0017870                Process::Process(char const*, Process*, char**)
                0x00000000c0017a28                Process::Process(bool, char const*, Process*, char**)
                0x00000000c0017a28                Process::Process(bool, char const*, Process*, char**)
                0x00000000c0017bab                disableIRQs()
                0x00000000c0017bb3                getIRQNestingLevel()
                0x00000000c0017bb9                enableIRQs()
                0x00000000c0017bc8                lockScheduler()
                0x00000000c0017bca                unlockScheduler()
                0x00000000c0017bcc                userModeEntryPoint(void*)
                0x00000000c0017bef                lockStuff()
                0x00000000c0017bfb                taskStartupFunction
                0x00000000c0017c04                updateTimeUsed()
                0x00000000c0017c62                switchToThread(ThreadControlBlock*)
                0x00000000c0017cb2                Semaphore::Semaphore(int)
                0x00000000c0017cb2                Semaphore::Semaphore(int)
                0x00000000c0017ce0                Mutex::Mutex()
                0x00000000c0017ce0                Mutex::Mutex()
                0x00000000c0017cf2                Process::createThread(void (*)(void*), void*, int)
                0x00000000c0017dd6                Process::createUserThread()
                0x00000000c0017df2                setupMultitasking(void (*)())
                0x00000000c0017efc                schedule()
                0x00000000c0017f81                unlockStuff()
                0x00000000c0017fb6                forkProcess(regs*)
                0x00000000c0018124                Semaphore::tryAcquire()
                0x00000000c0018152                Semaphore::assertLocked(char const*)
                0x00000000c0018185                blockTaskWithSchedulerLockAlreadyHeld(TaskState)
                0x00000000c00181c7                blockTask(TaskState)
                0x00000000c00181e8                waitTask(int, int*, int)
                0x00000000c001822a                nanoSleepUntil(unsigned long long)
                0x00000000c0018281                nanoSleep(unsigned long long)
                0x00000000c0018296                sleep(unsigned long long)
                0x00000000c00182b4                Semaphore::acquire()
                0x00000000c001831c                execveProcess(char const*, char* const*, char* const*)
                0x00000000c00183aa                taskReturned
                0x00000000c00183d8                unblockTask(ThreadControlBlock*)
                0x00000000c0018487                cleanupTerminatedTask(ThreadControlBlock*)
                0x00000000c001872b                cleanerTaskFunction(void*)
                0x00000000c00187de                terminateTask(int)
                0x00000000c00188b2                Thr::terminateFromIRQ(int)
                0x00000000c00188be                Semaphore::release()
 .text          0x00000000c00189aa      0x8bf vm86/vm8086.32
                0x00000000c00189aa                Vm::vm8086EntryPoint(void*)
                0x00000000c00189d5                Vm::inbv(unsigned short)
                0x00000000c00189db                Vm::outbv(unsigned short, unsigned char)
                0x00000000c00189e5                Vm::realToLinear(unsigned short, unsigned short)
                0x00000000c00189f5                Vm::getSegment(unsigned int)
                0x00000000c00189fd                Vm::getOffset(unsigned int)
                0x00000000c0018a02                Vm::loadFileAsThread(Process*, char const*, unsigned short, unsigned short, unsigned short, unsigned short)
                0x00000000c0018b31                Vm::doISR(regs*, int, unsigned char*, unsigned short, unsigned short)
                0x00000000c0018bbb                Vm::readByteFromReal(unsigned short, unsigned short)
                0x00000000c0018bcc                Vm::readWordFromReal(unsigned short, unsigned short)
                0x00000000c0018bde                Vm::readDwordFromReal(unsigned short, unsigned short)
                0x00000000c0018bef                Vm::writeByteFromReal(unsigned short, unsigned short, unsigned char)
                0x00000000c0018c04                Vm::writeWordFromReal(unsigned short, unsigned short, unsigned short)
                0x00000000c0018c1a                Vm::writeDwordFromReal(unsigned short, unsigned short, unsigned int)
                0x00000000c0018c2f                Vm::faultHandler(regs*)
 *fill*         0x00000000c0019269        0x1 
 .text          0x00000000c001926a     0x10ed fs/fat/vfslink.32
                0x00000000c001926a                FAT::getName()
                0x00000000c0019270                FAT::tell(void*, unsigned long long*)
                0x00000000c00192a4                FAT::stat(void*, unsigned long long*)
                0x00000000c00192d8                FAT::~FAT()
                0x00000000c00192d8                FAT::~FAT()
                0x00000000c00192fc                FAT::~FAT()
                0x00000000c0019324                FAT::getlabel(LogicalDisk*, int, char*, unsigned int*)
                0x00000000c00193c2                FAT::setlabel(LogicalDisk*, int, char*)
                0x00000000c001947c                FAT::format(LogicalDisk*, int, char const*, int)
                0x00000000c0019660                FAT::tryMount(LogicalDisk*, int)
                0x00000000c0019866                FAT::readDir(void*, unsigned long, void*, int*)
                0x00000000c001996c                FAT::read(void*, unsigned long, void*, int*)
                0x00000000c00199c6                FAT::write(void*, unsigned long, void*, int*)
                0x00000000c0019a20                FAT::close(void*)
                0x00000000c0019a6c                FAT::closeDir(void*)
                0x00000000c0019ab8                FAT::seek(void*, unsigned long long)
                0x00000000c0019b0c                fatWrapperReadDisk
                0x00000000c0019b53                fatWrapperWriteDisk
                0x00000000c0019b9a                fatWrapperIoctl
                0x00000000c0019c9e                FAT::FAT()
                0x00000000c0019c9e                FAT::FAT()
                0x00000000c0019cf0                FAT::fixFilepath(char*)
                0x00000000c0019d28                FAT::open(char const*, void**, FileOpenMode)
                0x00000000c0019e50                FAT::openDir(char const*, void**)
                0x00000000c0019ef6                FAT::stat(char const*, unsigned long long*, bool*)
                0x00000000c0019fe0                FAT::unlink(char const*)
                0x00000000c001a05a                FAT::chfatattr(char const*, unsigned char, unsigned char)
                0x00000000c001a1ae                FAT::rename(char const*, char const*)
                0x00000000c001a272                FAT::mkdir(char const*)
                0x00000000c001a2ec                FAT::exists(char const*)
 *fill*         0x00000000c001a357        0x1 
 .text          0x00000000c001a358      0xbdf fs/iso9660/vfslink.32
                0x00000000c001a358                ISO9660::format(LogicalDisk*, int, char const*, int)
                0x00000000c001a35e                ISO9660::seek(void*, unsigned long long)
                0x00000000c001a38e                ISO9660::tell(void*, unsigned long long*)
                0x00000000c001a3b2                ISO9660::getName()
                0x00000000c001a3b8                ISO9660::stat(void*, unsigned long long*)
                0x00000000c001a3dc                ISO9660::chfatattr(char const*, unsigned char, unsigned char)
                0x00000000c001a3e2                ISO9660::unlink(char const*)
                0x00000000c001a3e8                ISO9660::write(void*, unsigned long, void*, int*)
                0x00000000c001a3ee                ISO9660::rename(char const*, char const*)
                0x00000000c001a3f4                ISO9660::mkdir(char const*)
                0x00000000c001a3fa                ISO9660::close(void*)
                0x00000000c001a41c                ISO9660::closeDir(void*)
                0x00000000c001a43e                ISO9660::~ISO9660()
                0x00000000c001a43e                ISO9660::~ISO9660()
                0x00000000c001a462                ISO9660::~ISO9660()
                0x00000000c001a489                __memmem(unsigned char*, int, unsigned char*, int)
                0x00000000c001a4cb                readSectorFromCDROM(unsigned int, unsigned char*, char)
                0x00000000c001a532                ISO9660::tryMount(LogicalDisk*, int)
                0x00000000c001a582                ISO9660::read(void*, unsigned long, void*, int*)
                0x00000000c001a7c6                ISO9660::readDir(void*, unsigned long, void*, int*)
                0x00000000c001aa53                readRoot(unsigned int*, unsigned int*, char)
                0x00000000c001aaa8                readRecursively(char*, unsigned int, unsigned int, unsigned int*, unsigned int*, char, int*)
                0x00000000c001ac7b                getFileData(char*, unsigned int*, unsigned int*, char, int*)
                0x00000000c001ad0a                ISO9660::open(char const*, void**, FileOpenMode)
                0x00000000c001ada4                ISO9660::exists(char const*)
                0x00000000c001adc8                ISO9660::stat(char const*, unsigned long long*, bool*)
                0x00000000c001ae5c                ISO9660::openDir(char const*, void**)
                0x00000000c001af14                ISO9660::ISO9660()
                0x00000000c001af14                ISO9660::ISO9660()
 *fill*         0x00000000c001af37        0x1 
 .text          0x00000000c001af38      0x244 hal/sound/sndchannel.32
                0x00000000c001af38                SoundChannel::~SoundChannel()
                0x00000000c001af38                SoundChannel::~SoundChannel()
                0x00000000c001af54                SoundChannel::setSpeed(float)
                0x00000000c001af60                SoundChannel::getSpeed()
                0x00000000c001af68                SoundChannel::setVolume(int)
                0x00000000c001af84                SoundChannel::getVolume()
                0x00000000c001af8c                SoundChannel::pause()
                0x00000000c001af96                SoundChannel::SoundChannel(int, int, int, int)
                0x00000000c001af96                SoundChannel::SoundChannel(int, int, int, int)
                0x00000000c001b08c                SoundChannel::play()
                0x00000000c001b096                SoundChannel::paused()
                0x00000000c001b09e                SoundChannel::getSampleRate()
                0x00000000c001b0a6                SoundChannel::getBits()
                0x00000000c001b0ae                SoundChannel::getBufferUsed()
                0x00000000c001b0b6                SoundChannel::getBufferSize()
                0x00000000c001b0be                SoundChannel::unbuffer(float*, int, int)
                0x00000000c001b130                SoundChannel::buffer8(unsigned char*, int)
 .text          0x00000000c001b17c      0x317 hal/sound/sndhw.32
                0x00000000c001b17c                SoundDevice::SoundDevice(char const*)
                0x00000000c001b17c                SoundDevice::SoundDevice(char const*)
                0x00000000c001b1e8                SoundDevice::~SoundDevice()
                0x00000000c001b1e8                SoundDevice::~SoundDevice()
                0x00000000c001b262                SoundDevice::~SoundDevice()
                0x00000000c001b28c                SoundDevice::getFreeChannelNum()
                0x00000000c001b2a6                SoundDevice::addChannel(SoundChannel*)
                0x00000000c001b316                SoundDevice::removeChannel(int)
                0x00000000c001b348                SoundDevice::floatTo8(float*, unsigned char*, int)
                0x00000000c001b3b4                SoundDevice::getAudio(int, float*, float*)
 .text          0x00000000c001b493        0x0 hw/bus/isa.32
 *fill*         0x00000000c001b493        0x1 
 .text          0x00000000c001b494      0x6e5 hw/bus/pci.32
                0x00000000c001b494                PCI::open(int, int, void*)
                0x00000000c001b4a8                PCI::close(int, int, void*)
                0x00000000c001b4ac                PCI::PCI()
                0x00000000c001b4ac                PCI::PCI()
                0x00000000c001b52c                PCI::pciReadWord(unsigned char, unsigned char, unsigned char, unsigned char)
                0x00000000c001b574                PCI::getVendorID(unsigned char, unsigned char, unsigned char)
                0x00000000c001b596                PCI::getHeaderType(unsigned char, unsigned char, unsigned char)
                0x00000000c001b5ba                PCI::getClassCode(unsigned char, unsigned char, unsigned char)
                0x00000000c001b5fe                PCI::getProgIF(unsigned char, unsigned char, unsigned char)
                0x00000000c001b622                PCI::getRevisionID(unsigned char, unsigned char, unsigned char)
                0x00000000c001b644                PCI::getInterruptNumber(unsigned char, unsigned char, unsigned char)
                0x00000000c001b666                PCI::getSecondaryBus(unsigned char, unsigned char, unsigned char)
                0x00000000c001b68a                PCI::getBARAddress(unsigned char, unsigned char, unsigned char, unsigned char)
                0x00000000c001b6ea                PCI::pciWriteWord(unsigned char, unsigned char, unsigned char, unsigned char, unsigned short)
                0x00000000c001b756                PCI::checkBus(unsigned char)
                0x00000000c001b77a                PCI::foundDevice(PCIDeviceInfo)
                0x00000000c001b8ea                PCI::getDeviceData(unsigned char, unsigned char, unsigned char)
                0x00000000c001baba                PCI::checkDevice(unsigned char, unsigned char)
                0x00000000c001bb26                PCI::detect()
 *fill*         0x00000000c001bb79        0x1 
 .text          0x00000000c001bb7a      0xc70 hw/diskctrl/ide.32
                0x00000000c001bb7a                IDE::close(int, int, void*)
                0x00000000c001bb7e                IDE::IDE()
                0x00000000c001bb7e                IDE::IDE()
                0x00000000c001bbb2                IDE::prepareInterrupt(unsigned char)
                0x00000000c001bbc4                selectDrive(unsigned char, unsigned char)
                0x00000000c001bbc6                IDE::getBase(unsigned char)
                0x00000000c001bbd8                IDE::write(unsigned char, unsigned char, unsigned char)
                0x00000000c001bc98                IDE::read(unsigned char, unsigned char)
                0x00000000c001bd46                IDE::waitInterrupt(unsigned char)
                0x00000000c001bdac                ideChannel0IRQHandler(regs*, void*)
                0x00000000c001bdc8                ideChannel1IRQHandler(regs*, void*)
                0x00000000c001bde4                IDE::enableIRQs(unsigned char, bool)
                0x00000000c001be2a                IDE::open(int, int, void*)
                0x00000000c001c23a                IDE::readBuffer(unsigned char, unsigned char, unsigned int, unsigned int)
                0x00000000c001c306                IDE::detect()
                0x00000000c001c5ee                IDE::printError(unsigned char, unsigned char, unsigned char)
                0x00000000c001c784                IDE::polling(unsigned char, unsigned int)
 .text          0x00000000c001c7ea      0x62b hw/diskphys/ata.32
                0x00000000c001c7ea                ATA::close(int, int, void*)
                0x00000000c001c80e                ATA::powerSaving(PowerSavingLevel)
                0x00000000c001c810                ATA::ATA()
                0x00000000c001c810                ATA::ATA()
                0x00000000c001c83e                ATA::flush(bool)
                0x00000000c001c888                ATA::readyForCommand()
                0x00000000c001c8d8                ATA::access(unsigned long long, int, void*, bool)
                0x00000000c001cc56                ATA::read(unsigned long long, int, void*)
                0x00000000c001ccbe                ATA::write(unsigned long long, int, void*)
                0x00000000c001cd26                ATA::detectCHS()
                0x00000000c001cd50                ATA::open(int, int, void*)
 *fill*         0x00000000c001ce15        0x1 
 .text          0x00000000c001ce16      0x5b3 hw/diskphys/atapi.32
                0x00000000c001ce16                ATAPI::write(unsigned long long, int, void*)
                0x00000000c001ce1c                ATAPI::close(int, int, void*)
                0x00000000c001ce40                ATAPI::ATAPI()
                0x00000000c001ce40                ATAPI::ATAPI()
                0x00000000c001ce6e                ATAPI::readyForCommand()
                0x00000000c001cebe                ATAPI::sendPacket(unsigned char*, int, bool, unsigned short*, int)
                0x00000000c001d17e                ATAPI::diskRemoved()
                0x00000000c001d19a                ATAPI::eject()
                0x00000000c001d1e0                ATAPI::diskInserted()
                0x00000000c001d20e                ATAPI::detectMedia()
                0x00000000c001d2ca                ATAPI::open(int, int, void*)
                0x00000000c001d34a                ATAPI::read(unsigned long long, int, void*)
 *fill*         0x00000000c001d3c9        0x1 
 .text          0x00000000c001d3ca       0x8e hw/fpu/avx.32
                0x00000000c001d3ca                AVX::open(int, int, void*)
                0x00000000c001d3dc                AVX::close(int, int, void*)
                0x00000000c001d3ee                AVX::available()
                0x00000000c001d400                AVX::save(void*)
                0x00000000c001d418                AVX::load(void*)
                0x00000000c001d430                AVX::AVX()
                0x00000000c001d430                AVX::AVX()
 .text          0x00000000c001d458       0x90 hw/fpu/mmx.32
                0x00000000c001d458                MMX::available()
                0x00000000c001d46c                MMX::open(int, int, void*)
                0x00000000c001d47e                MMX::close(int, int, void*)
                0x00000000c001d490                MMX::save(void*)
                0x00000000c001d4a8                MMX::load(void*)
                0x00000000c001d4c0                MMX::MMX()
                0x00000000c001d4c0                MMX::MMX()
 .text          0x00000000c001d4e8       0x96 hw/fpu/sse.32
                0x00000000c001d4e8                SSE::open(int, int, void*)
                0x00000000c001d4fa                SSE::close(int, int, void*)
                0x00000000c001d50c                SSE::available()
                0x00000000c001d526                SSE::save(void*)
                0x00000000c001d53e                SSE::load(void*)
                0x00000000c001d556                SSE::SSE()
                0x00000000c001d556                SSE::SSE()
 .text          0x00000000c001d57e       0x8e hw/fpu/x87.32
                0x00000000c001d57e                x87::open(int, int, void*)
                0x00000000c001d590                x87::close(int, int, void*)
                0x00000000c001d5a2                x87::available()
                0x00000000c001d5b4                x87::save(void*)
                0x00000000c001d5cc                x87::load(void*)
                0x00000000c001d5e4                x87::x87()
                0x00000000c001d5e4                x87::x87()
 .text          0x00000000c001d60c      0x5f3 hw/intctrl/apic.32
                0x00000000c001d60c                APIC::disable()
                0x00000000c001d60e                APIC::close(int, int, void*)
                0x00000000c001d630                IOAPIC::close(int, int, void*)
                0x00000000c001d636                APIC::io_wait()
                0x00000000c001d63c                APIC::getBase()
                0x00000000c001d67e                APIC::eoi(unsigned char)
                0x00000000c001d6ac                APIC::open(int, int, void*)
                0x00000000c001d766                IOAPIC::IOAPIC()
                0x00000000c001d766                IOAPIC::IOAPIC()
                0x00000000c001d78e                APIC::APIC()
                0x00000000c001d78e                APIC::APIC()
                0x00000000c001d85e                IOAPIC::handlesGSIWithNumber(unsigned int)
                0x00000000c001d890                IOAPIC::read(int)
                0x00000000c001d8b8                IOAPIC::open(int, int, void*)
                0x00000000c001d9ae                IOAPIC::write(int, int)
                0x00000000c001d9da                IOAPIC::redirect(unsigned char, unsigned long long, unsigned char)
                0x00000000c001da94                APIC::installIRQHandler(int, void (*)(regs*, void*), bool, void*)
 *fill*         0x00000000c001dbff        0x1 
 .text          0x00000000c001dc00      0x3d3 hw/intctrl/pic.32
                0x00000000c001dc00                PIC::disable()
                0x00000000c001dc2e                PIC::close(int, int, void*)
                0x00000000c001dc50                PIC::PIC()
                0x00000000c001dc50                PIC::PIC()
                0x00000000c001dd26                PIC::ioWait()
                0x00000000c001dd2c                PIC::getIRQReg(int)
                0x00000000c001dd96                PIC::eoi(unsigned char)
                0x00000000c001de28                PIC::remap()
                0x00000000c001df94                PIC::open(int, int, void*)
 *fill*         0x00000000c001dfd3        0x1 
 .text          0x00000000c001dfd4      0x252 hw/timer/apictimer.32
                0x00000000c001dfd4                APICTimer::close(int, int, void*)
                0x00000000c001dfda                apicTimerHandler(regs*, void*)
                0x00000000c001e008                APICTimer::write(int)
                0x00000000c001e106                APICTimer::open(int, int, void*)
                0x00000000c001e1fe                APICTimer::APICTimer()
                0x00000000c001e1fe                APICTimer::APICTimer()
 .text          0x00000000c001e226      0x1a7 hw/timer/pit.32
                0x00000000c001e226                PIT::write(int)
                0x00000000c001e2a4                pitHandler(regs*, void*)
                0x00000000c001e2d0                PIT::open(int, int, void*)
                0x00000000c001e31e                PIT::close(int, int, void*)
                0x00000000c001e34e                PIT::PIT()
                0x00000000c001e34e                PIT::PIT()
 *fill*         0x00000000c001e3cd        0x3 
 .text          0x00000000c001e3d0        0xa hw/fpu/x86/avx.32
                0x00000000c001e3d0                avxDetect
                0x00000000c001e3d6                avxSave
                0x00000000c001e3d7                avxLoad
                0x00000000c001e3d8                avxInit
                0x00000000c001e3d9                avxClose
 *fill*         0x00000000c001e3da        0x6 
 .text          0x00000000c001e3e0       0x38 hw/fpu/x86/sse.32
                0x00000000c001e3e0                sseDetect
                0x00000000c001e3fb                sseSave
                0x00000000c001e401                sseLoad
                0x00000000c001e407                sseInit
                0x00000000c001e417                sseClose
 *fill*         0x00000000c001e418        0x8 
 .text          0x00000000c001e420       0x47 hw/fpu/x86/x87.32
                0x00000000c001e426                x87Detect
                0x00000000c001e441                x87Save
                0x00000000c001e447                x87Load
                0x00000000c001e44c                x87Init
                0x00000000c001e466                x87Close
 *fill*         0x00000000c001e467        0x1 
 .text          0x00000000c001e468       0x25 /cygdrive/d/Users/Alex/Desktop/Toolchain/Output/bin/../lib/gcc/i386-banana/8.1.0/crtend.o
 .text          0x00000000c001e48d        0x0 crtn.32
 *fill*         0x00000000c001e48d        0x3 
 .text          0x00000000c001e490      0x14b /cygdrive/d/Users/Alex/Desktop/Toolchain/Output/bin/../lib/gcc/i386-banana/8.1.0/libgcc.a(_divdi3.o)
                0x00000000c001e490                __divdi3
 *fill*         0x00000000c001e5db        0x1 
 .text          0x00000000c001e5dc      0x17e /cygdrive/d/Users/Alex/Desktop/Toolchain/Output/bin/../lib/gcc/i386-banana/8.1.0/libgcc.a(_moddi3.o)
                0x00000000c001e5dc                __moddi3
 *fill*         0x00000000c001e75a        0x2 
 .text          0x00000000c001e75c       0xff /cygdrive/d/Users/Alex/Desktop/Toolchain/Output/bin/../lib/gcc/i386-banana/8.1.0/libgcc.a(_udivdi3.o)
                0x00000000c001e75c                __udivdi3
 *fill*         0x00000000c001e85b        0x1 
 .text          0x00000000c001e85c      0x11a /cygdrive/d/Users/Alex/Desktop/Toolchain/Output/bin/../lib/gcc/i386-banana/8.1.0/libgcc.a(_umoddi3.o)
                0x00000000c001e85c                __umoddi3
 *fill*         0x00000000c001e976        0xa 
 .text          0x00000000c001e980       0x1e D:/Users/Alex/Desktop/Banana/kernel/libk/libm32.a(s_fabs.c.o)
                0x00000000c001e980                fabs
 *fill*         0x00000000c001e99e        0x2 
 .text          0x00000000c001e9a0        0xc D:/Users/Alex/Desktop/Banana/kernel/libk/libm32.a(s_lrint.S.o)
                0x00000000c001e9a0                lrint
 .text          0x00000000c001e9ac        0xc D:/Users/Alex/Desktop/Banana/kernel/libk/libm32.a(s_lrintf.S.o)
                0x00000000c001e9ac                lrintf
 *(.gnu.linkonce.t*)

.iplt           0x00000000c001e9b8        0x0
 .iplt          0x00000000c001e9b8        0x0 D:/Users/Alex/Desktop/Banana/kernel/boot.32

.init           0x00000000c001e9b8        0xf
 .init          0x00000000c001e9b8        0x3 crti.32
                0x00000000c001e9b8                _init
 .init          0x00000000c001e9bb        0x5 /cygdrive/d/Users/Alex/Desktop/Toolchain/Output/bin/../lib/gcc/i386-banana/8.1.0/crtbegin.o
 .init          0x00000000c001e9c0        0x5 /cygdrive/d/Users/Alex/Desktop/Toolchain/Output/bin/../lib/gcc/i386-banana/8.1.0/crtend.o
 .init          0x00000000c001e9c5        0x2 crtn.32

.fini           0x00000000c001e9c7        0xa
 .fini          0x00000000c001e9c7        0x3 crti.32
                0x00000000c001e9c7                _fini
 .fini          0x00000000c001e9ca        0x5 /cygdrive/d/Users/Alex/Desktop/Toolchain/Output/bin/../lib/gcc/i386-banana/8.1.0/crtbegin.o
 .fini          0x00000000c001e9cf        0x2 crtn.32

.text._ZN8ComputerD2Ev
                0x00000000c001e9d2       0x23
 .text._ZN8ComputerD2Ev
                0x00000000c001e9d2       0x23 core/computer.32
                0x00000000c001e9d2                Computer::~Computer()
                0x00000000c001e9d2                Computer::~Computer()

.text._ZN8ComputerD0Ev
                0x00000000c001e9f6       0x2a
 .text._ZN8ComputerD0Ev
                0x00000000c001e9f6       0x2a core/computer.32
                0x00000000c001e9f6                Computer::~Computer()

.text._Z10idleCommonv
                0x00000000c001ea20       0x15
 .text._Z10idleCommonv
                0x00000000c001ea20       0x15 core/idle.32
                0x00000000c001ea20                idleCommon()

.text._ZN3CPU7readCR3Ev
                0x00000000c001ea35       0x12
 .text._ZN3CPU7readCR3Ev
                0x00000000c001ea35       0x12 core/kheap.32
                0x00000000c001ea35                CPU::readCR3()

.text._ZN3CPU8writeCR3Em
                0x00000000c001ea47        0x9
 .text._ZN3CPU8writeCR3Em
                0x00000000c001ea47        0x9 core/kheap.32
                0x00000000c001ea47                CPU::writeCR3(unsigned long)

.text._ZN10LinkedListI8UnixFileED2Ev
                0x00000000c001ea50        0x2
 .text._ZN10LinkedListI8UnixFileED2Ev
                0x00000000c001ea50        0x2 core/unixfile.32
                0x00000000c001ea50                LinkedList<UnixFile>::~LinkedList()
                0x00000000c001ea50                LinkedList<UnixFile>::~LinkedList()

.text._ZN10LinkedListI8UnixFileEC2Ev
                0x00000000c001ea52       0x58
 .text._ZN10LinkedListI8UnixFileEC2Ev
                0x00000000c001ea52       0x58 core/unixfile.32
                0x00000000c001ea52                LinkedList<UnixFile>::LinkedList()
                0x00000000c001ea52                LinkedList<UnixFile>::LinkedList()

.text._ZN10LinkedListI8UnixFileE10addElementEPS0_
                0x00000000c001eaaa       0xd3
 .text._ZN10LinkedListI8UnixFileE10addElementEPS0_
                0x00000000c001eaaa       0xd3 core/unixfile.32
                0x00000000c001eaaa                LinkedList<UnixFile>::addElement(UnixFile*)

.text._ZN10LinkedListI8UnixFileE15getFirstElementEv
                0x00000000c001eb7e        0x7
 .text._ZN10LinkedListI8UnixFileE15getFirstElementEv
                0x00000000c001eb7e        0x7 core/unixfile.32
                0x00000000c001eb7e                LinkedList<UnixFile>::getFirstElement()

.text._ZN10LinkedListI8UnixFileE11removeFirstEv
                0x00000000c001eb86       0xa1
 .text._ZN10LinkedListI8UnixFileE11removeFirstEv
                0x00000000c001eb86       0xa1 core/unixfile.32
                0x00000000c001eb86                LinkedList<UnixFile>::removeFirst()

.text._ZN10LinkedListI8UnixFileE7getNextEPS0_
                0x00000000c001ec28        0x8
 .text._ZN10LinkedListI8UnixFileE7getNextEPS0_
                0x00000000c001ec28        0x8 core/unixfile.32
                0x00000000c001ec28                LinkedList<UnixFile>::getNext(UnixFile*)

.text._ZN16DriverlessDeviceD2Ev
                0x00000000c001ec30       0x1a
 .text._ZN16DriverlessDeviceD2Ev
                0x00000000c001ec30       0x1a hal/device.32
                0x00000000c001ec30                DriverlessDevice::~DriverlessDevice()
                0x00000000c001ec30                DriverlessDevice::~DriverlessDevice()

.text._ZN16DriverlessDeviceD0Ev
                0x00000000c001ec4a       0x2a
 .text._ZN16DriverlessDeviceD0Ev
                0x00000000c001ec4a       0x2a hal/device.32
                0x00000000c001ec4a                DriverlessDevice::~DriverlessDevice()

.text._ZN10LinkedListI6DeviceE10addElementEPS0_
                0x00000000c001ec74       0xdc
 .text._ZN10LinkedListI6DeviceE10addElementEPS0_
                0x00000000c001ec74       0xdc hal/device.32
                0x00000000c001ec74                LinkedList<Device>::addElement(Device*)

.text._ZN10LinkedListI6DeviceEC2Ev
                0x00000000c001ed50       0x58
 .text._ZN10LinkedListI6DeviceEC2Ev
                0x00000000c001ed50       0x58 hal/device.32
                0x00000000c001ed50                LinkedList<Device>::LinkedList()
                0x00000000c001ed50                LinkedList<Device>::LinkedList()

.text._ZN3CPU7readCR0Ev
                0x00000000c001eda8       0x12
 .text._ZN3CPU7readCR0Ev
                0x00000000c001eda8       0x12 hal/fpu.32
                0x00000000c001eda8                CPU::readCR0()

.text._ZN3CPU8writeCR0Em
                0x00000000c001edba        0x9
 .text._ZN3CPU8writeCR0Em
                0x00000000c001edba        0x9 hal/fpu.32
                0x00000000c001edba                CPU::writeCR0(unsigned long)

.text._ZN3CPU7readDR0Ev
                0x00000000c001edc3       0x12
 .text._ZN3CPU7readDR0Ev
                0x00000000c001edc3       0x12 hal/intctrl.32
                0x00000000c001edc3                CPU::readDR0()

.text._ZN3CPU7readDR1Ev
                0x00000000c001edd5       0x12
 .text._ZN3CPU7readDR1Ev
                0x00000000c001edd5       0x12 hal/intctrl.32
                0x00000000c001edd5                CPU::readDR1()

.text._ZN3CPU7readDR2Ev
                0x00000000c001ede7       0x12
 .text._ZN3CPU7readDR2Ev
                0x00000000c001ede7       0x12 hal/intctrl.32
                0x00000000c001ede7                CPU::readDR2()

.text._ZN3CPU7readDR3Ev
                0x00000000c001edf9       0x12
 .text._ZN3CPU7readDR3Ev
                0x00000000c001edf9       0x12 hal/intctrl.32
                0x00000000c001edf9                CPU::readDR3()

.text._ZN3CPU7readDR6Ev
                0x00000000c001ee0b       0x12
 .text._ZN3CPU7readDR6Ev
                0x00000000c001ee0b       0x12 hal/intctrl.32
                0x00000000c001ee0b                CPU::readDR6()

.text._ZN3CPU7readDR7Ev
                0x00000000c001ee1d       0x12
 .text._ZN3CPU7readDR7Ev
                0x00000000c001ee1d       0x12 hal/intctrl.32
                0x00000000c001ee1d                CPU::readDR7()

.text._ZN10LinkedListIV18ThreadControlBlockE15getFirstElementEv
                0x00000000c001ee30        0x7
 .text._ZN10LinkedListIV18ThreadControlBlockE15getFirstElementEv
                0x00000000c001ee30        0x7 hal/timer.32
                0x00000000c001ee30                LinkedList<ThreadControlBlock volatile>::getFirstElement()

.text._ZN10LinkedListIV18ThreadControlBlockE7isEmptyEv
                0x00000000c001ee38       0x1c
 .text._ZN10LinkedListIV18ThreadControlBlockE7isEmptyEv
                0x00000000c001ee38       0x1c hal/timer.32
                0x00000000c001ee38                LinkedList<ThreadControlBlock volatile>::isEmpty()

.text._ZN10LinkedListIV18ThreadControlBlockE11removeFirstEv
                0x00000000c001ee54       0xae
 .text._ZN10LinkedListIV18ThreadControlBlockE11removeFirstEv
                0x00000000c001ee54       0xae hal/timer.32
                0x00000000c001ee54                LinkedList<ThreadControlBlock volatile>::removeFirst()

.text._ZN10LinkedListIV18ThreadControlBlockE10addElementEPS1_
                0x00000000c001ef02       0xd3
 .text._ZN10LinkedListIV18ThreadControlBlockE10addElementEPS1_
                0x00000000c001ef02       0xd3 hal/timer.32
                0x00000000c001ef02                LinkedList<ThreadControlBlock volatile>::addElement(ThreadControlBlock volatile*)

.text._ZN4ACPID2Ev
                0x00000000c001efd6       0x23
 .text._ZN4ACPID2Ev
                0x00000000c001efd6       0x23 hw/acpi.32
                0x00000000c001efd6                ACPI::~ACPI()
                0x00000000c001efd6                ACPI::~ACPI()

.text._ZN4ACPID0Ev
                0x00000000c001effa       0x2a
 .text._ZN4ACPID0Ev
                0x00000000c001effa       0x2a hw/acpi.32
                0x00000000c001effa                ACPI::~ACPI()

.text._ZN3CPUD2Ev
                0x00000000c001f024       0x23
 .text._ZN3CPUD2Ev
                0x00000000c001f024       0x23 hw/cpu.32
                0x00000000c001f024                CPU::~CPU()
                0x00000000c001f024                CPU::~CPU()

.text._ZN3CPUD0Ev
                0x00000000c001f048       0x2a
 .text._ZN3CPUD0Ev
                0x00000000c001f048       0x2a hw/cpu.32
                0x00000000c001f048                CPU::~CPU()

.text._ZN3CPU7readCR4Ev
                0x00000000c001f072       0x12
 .text._ZN3CPU7readCR4Ev
                0x00000000c001f072       0x12 hw/cpu.32
                0x00000000c001f072                CPU::readCR4()

.text._ZN3CPU8writeDR7Em
                0x00000000c001f084        0x9
 .text._ZN3CPU8writeDR7Em
                0x00000000c001f084        0x9 hw/cpu.32
                0x00000000c001f084                CPU::writeDR7(unsigned long)

.text._ZN3CPU8writeCR4Em
                0x00000000c001f08d        0x9
 .text._ZN3CPU8writeCR4Em
                0x00000000c001f08d        0x9 hw/cpu.32
                0x00000000c001f08d                CPU::writeCR4(unsigned long)

.text._ZN3CPU7readCR2Ev
                0x00000000c001f096       0x12
 .text._ZN3CPU7readCR2Ev
                0x00000000c001f096       0x12 krnl/panic.32
                0x00000000c001f096                CPU::readCR2()

.text._ZN10LinkedListIV18ThreadControlBlockED2Ev
                0x00000000c001f0a8        0x2
 .text._ZN10LinkedListIV18ThreadControlBlockED2Ev
                0x00000000c001f0a8        0x2 thr/prcssthr.32
                0x00000000c001f0a8                LinkedList<ThreadControlBlock volatile>::~LinkedList()
                0x00000000c001f0a8                LinkedList<ThreadControlBlock volatile>::~LinkedList()

.text._ZN18ThreadControlBlockC2Ev
                0x00000000c001f0aa       0x3e
 .text._ZN18ThreadControlBlockC2Ev
                0x00000000c001f0aa       0x3e thr/prcssthr.32
                0x00000000c001f0aa                ThreadControlBlock::ThreadControlBlock()
                0x00000000c001f0aa                ThreadControlBlock::ThreadControlBlock()

.text._ZN10LinkedListIV18ThreadControlBlockEC2Ev
                0x00000000c001f0e8       0x58
 .text._ZN10LinkedListIV18ThreadControlBlockEC2Ev
                0x00000000c001f0e8       0x58 thr/prcssthr.32
                0x00000000c001f0e8                LinkedList<ThreadControlBlock volatile>::LinkedList()
                0x00000000c001f0e8                LinkedList<ThreadControlBlock volatile>::LinkedList()

.text._ZN10LinkedListIV18ThreadControlBlockE7getNextEPS1_
                0x00000000c001f140        0x8
 .text._ZN10LinkedListIV18ThreadControlBlockE7getNextEPS1_
                0x00000000c001f140        0x8 thr/prcssthr.32
                0x00000000c001f140                LinkedList<ThreadControlBlock volatile>::getNext(ThreadControlBlock volatile*)

.text._ZN3PCID2Ev
                0x00000000c001f148       0x23
 .text._ZN3PCID2Ev
                0x00000000c001f148       0x23 hw/bus/pci.32
                0x00000000c001f148                PCI::~PCI()
                0x00000000c001f148                PCI::~PCI()

.text._ZN3PCID0Ev
                0x00000000c001f16c       0x2a
 .text._ZN3PCID0Ev