Archive member included to satisfy reference by file (symbol)

/cygdrive/d/Users/Alex/Desktop/Toolchain/Output/bin/../lib/gcc/i386-banana/8.1.0/libkgcc.a(_divdi3.o)
                              krnl/resolve.32 (__divdi3)
/cygdrive/d/Users/Alex/Desktop/Toolchain/Output/bin/../lib/gcc/i386-banana/8.1.0/libkgcc.a(_moddi3.o)
                              krnl/resolve.32 (__moddi3)
/cygdrive/d/Users/Alex/Desktop/Toolchain/Output/bin/../lib/gcc/i386-banana/8.1.0/libkgcc.a(_udivdi3.o)
                              hal/clock.32 (__udivdi3)
/cygdrive/d/Users/Alex/Desktop/Toolchain/Output/bin/../lib/gcc/i386-banana/8.1.0/libkgcc.a(_umoddi3.o)
                              hal/clock.32 (__umoddi3)

Allocating common symbols
Common symbol       size              file

dcache              0x40              fs/iso9660/iso9660.32
cdDriveLetter       0x1               fs/iso9660/iso9660.32
icache              0x40              fs/iso9660/iso9660.32

Discarded input sections

 .comment       0x0000000000000000       0x12 /cygdrive/d/Users/Alex/Desktop/Toolchain/Output/bin/../lib/gcc/i386-banana/8.1.0/crtbegin.o
 .comment       0x0000000000000000       0x12 acpica/utclib.32
 .comment       0x0000000000000000       0x12 krnl/malloc.32
 .comment       0x0000000000000000       0x12 libk/ctype.32
 .comment       0x0000000000000000       0x12 libk/string.32
 .comment       0x0000000000000000       0x12 arch/i386/cc.32
 .comment       0x0000000000000000       0x12 fs/fat/diskio.32
 .comment       0x0000000000000000       0x12 fs/fat/ff.32
 .comment       0x0000000000000000       0x12 fs/fat/ffsystem.32
 .comment       0x0000000000000000       0x12 fs/fat/ffunicode.32
 .comment       0x0000000000000000       0x12 fs/iso9660/iso9660.32
 .comment       0x0000000000000000       0x12 dbg/kconsole.32
 .comment       0x0000000000000000       0x12 dbg/usban.32
 .comment       0x0000000000000000       0x12 fs/symlink.32
 .group         0x0000000000000000        0xc fs/vfs.32
 .group         0x0000000000000000        0xc fs/vfs.32
 .group         0x0000000000000000        0xc fs/vfs.32
 .comment       0x0000000000000000       0x12 fs/vfs.32
 .group         0x0000000000000000        0xc hal/bus.32
 .comment       0x0000000000000000       0x12 hal/bus.32
 .comment       0x0000000000000000       0x12 hal/buzzer.32
 .group         0x0000000000000000        0xc hal/clock.32
 .comment       0x0000000000000000       0x12 hal/clock.32
 .group         0x0000000000000000       0x14 hal/device.32
 .group         0x0000000000000000        0xc hal/device.32
 .group         0x0000000000000000        0x8 hal/device.32
 .group         0x0000000000000000        0xc hal/device.32
 .group         0x0000000000000000        0xc hal/device.32
 .comment       0x0000000000000000       0x12 hal/device.32
 .group         0x0000000000000000        0xc hal/diskctrl.32
 .comment       0x0000000000000000       0x12 hal/diskctrl.32
 .group         0x0000000000000000        0xc hal/diskphys.32
 .comment       0x0000000000000000       0x12 hal/diskphys.32
 .comment       0x0000000000000000       0x12 hal/fpu.32
 .comment       0x0000000000000000       0x12 hal/intctrl.32
 .group         0x0000000000000000        0xc hal/keybrd.32
 .comment       0x0000000000000000       0x12 hal/keybrd.32
 .group         0x0000000000000000        0xc hal/logidisk.32
 .comment       0x0000000000000000       0x12 hal/logidisk.32
 .group         0x0000000000000000        0xc hal/mouse.32
 .comment       0x0000000000000000       0x12 hal/mouse.32
 .group         0x0000000000000000        0xc hal/nic.32
 .comment       0x0000000000000000       0x12 hal/nic.32
 .comment       0x0000000000000000       0x12 hal/partition.32
 .group         0x0000000000000000        0xc hal/serial.32
 .comment       0x0000000000000000       0x12 hal/serial.32
 .group         0x0000000000000000        0x8 hal/timer.32
 .group         0x0000000000000000        0x8 hal/timer.32
 .group         0x0000000000000000        0xc hal/timer.32
 .group         0x0000000000000000        0xc hal/timer.32
 .group         0x0000000000000000        0xc hal/timer.32
 .comment       0x0000000000000000       0x12 hal/timer.32
 .group         0x0000000000000000        0xc hal/vcache.32
 .comment       0x0000000000000000       0x12 hal/vcache.32
 .group         0x0000000000000000        0xc hal/video.32
 .comment       0x0000000000000000       0x12 hal/video.32
 .group         0x0000000000000000       0x14 hw/acpi.32
 .group         0x0000000000000000        0x8 hw/acpi.32
 .group         0x0000000000000000        0x8 hw/acpi.32
 .group         0x0000000000000000        0x8 hw/acpi.32
 .group         0x0000000000000000        0xc hw/acpi.32
 .group         0x0000000000000000        0xc hw/acpi.32
 .comment       0x0000000000000000       0x12 hw/acpi.32
 .group         0x0000000000000000       0x14 hw/cpu.32
 .group         0x0000000000000000        0xc hw/cpu.32
 .comment       0x0000000000000000       0x12 hw/cpu.32
[...]
Memory Configuration

Name             Origin             Length             Attributes
*default*        0x0000000000000000 0xffffffffffffffff

Linker script and memory map

LOAD D:/Users/Alex/Desktop/Banana/kernel/boot.32
LOAD crti.32
LOAD /cygdrive/d/Users/Alex/Desktop/Toolchain/Output/bin/../lib/gcc/i386-banana/8.1.0/crtbegin.o
LOAD D:/Users/Alex/Desktop/Banana/kernel/morenasm.32
LOAD acpica/utclib.32
LOAD krnl/malloc.32
LOAD libk/ctype.32
LOAD libk/string.32
LOAD arch/i386/cc.32
LOAD fs/fat/diskio.32
LOAD fs/fat/ff.32
LOAD fs/fat/ffsystem.32
LOAD fs/fat/ffunicode.32
LOAD fs/iso9660/iso9660.32
LOAD dbg/kconsole.32
LOAD dbg/usban.32
LOAD fs/symlink.32
LOAD fs/vfs.32
LOAD hal/bus.32
LOAD hal/buzzer.32
LOAD hal/clock.32
LOAD hal/device.32
LOAD hal/diskctrl.32
LOAD hal/diskphys.32
LOAD hal/fpu.32
LOAD hal/intctrl.32
LOAD hal/keybrd.32
LOAD hal/logidisk.32
LOAD hal/mouse.32
LOAD hal/nic.32
LOAD hal/partition.32
LOAD hal/serial.32
LOAD hal/timer.32
LOAD hal/vcache.32
LOAD hal/video.32
LOAD hw/acpi.32
LOAD hw/cpu.32
LOAD krnl/atexit.32
LOAD krnl/bootmsg.32
LOAD krnl/c++.32
LOAD krnl/cdefs.32
LOAD krnl/cm.32
LOAD krnl/compat.32
LOAD krnl/computer.32
LOAD krnl/crc32.32
LOAD krnl/env.32
LOAD krnl/fault.32
LOAD krnl/gdt.32
LOAD krnl/idle.32
LOAD krnl/idt.32
LOAD krnl/inlines.32
LOAD krnl/kheap.32
LOAD krnl/mailbox.32
LOAD krnl/main.32
LOAD krnl/mutex.32
LOAD krnl/panic.32
LOAD krnl/physmgr.32
LOAD krnl/pipe.32
LOAD krnl/powctrl.32
LOAD krnl/random.32
LOAD krnl/resolve.32
LOAD krnl/semaphore.32
LOAD krnl/signal.32
LOAD krnl/syscalls.32
LOAD krnl/terminal.32
LOAD krnl/tss.32
LOAD krnl/unixfile.32
LOAD krnl/virtmgr.32
LOAD sys/eject.32
LOAD sys/exit.32
LOAD sys/getcwd.32
LOAD sys/getpid.32
LOAD sys/getramdata.32
LOAD sys/getvgaptr.32
LOAD sys/kill.32
LOAD sys/loaddll.32
LOAD sys/read.32
LOAD sys/registersignal.32
LOAD sys/registry.32
LOAD sys/sbrk.32
LOAD sys/setcwd.32
LOAD sys/settime.32
LOAD sys/symlink.32
LOAD sys/timezone.32
LOAD sys/truncate.32
LOAD sys/write.32
LOAD sys/wsbe.32
LOAD sys/yield.32
LOAD thr/elf.32
LOAD thr/exec.32
LOAD thr/prcssthr.32
LOAD vm86/vm8086.32
LOAD arch/i386/hal.32
LOAD arch/i386/pic.32
LOAD arch/i386/rtc.32
LOAD arch/i386/vga.32
LOAD fs/fat/vfslink.32
LOAD fs/iso9660/helper.32
LOAD fs/iso9660/vfslink.32
LOAD hal/sound/sndcard.32
LOAD hal/sound/sndport.32
LOAD hw/bus/isa.32
LOAD hw/bus/pci.32
LOAD hw/diskctrl/ide.32
LOAD hw/diskctrl/satabus.32
LOAD hw/diskphys/ata.32
LOAD hw/diskphys/atapi.32
LOAD hw/diskphys/sata.32
LOAD hw/diskphys/satapi.32
LOAD hw/intctrl/apic.32
LOAD hw/timer/apictimer.32
LOAD hw/timer/pit.32
LOAD arch/i386/avx.32
LOAD arch/i386/interrupt.32
LOAD arch/i386/rdrand.32
LOAD arch/i386/sse.32
LOAD arch/i386/x87.32
LOAD /cygdrive/d/Users/Alex/Desktop/Toolchain/Output/bin/../lib/gcc/i386-banana/8.1.0/crtend.o
LOAD crtn.32
LOAD /cygdrive/d/Users/Alex/Desktop/Toolchain/Output/bin/../lib/gcc/i386-banana/8.1.0/libkgcc.a
LOAD D:/Users/Alex/Desktop/Banana/kernel/libsoftfp.a
LOAD D:/Users/Alex/Desktop/Banana/kernel/libk/libm32.a
                0x00000000c0000000                . = 0xc0000000

.text           0x00000000c0000000    0x1feca
 *(.text)
 .text          0x00000000c0000000       0x20 D:/Users/Alex/Desktop/Banana/kernel/boot.32
 .text          0x00000000c0000020        0x0 crti.32
 .text          0x00000000c0000020      0x101 /cygdrive/d/Users/Alex/Desktop/Toolchain/Output/bin/../lib/gcc/i386-banana/8.1.0/crtbegin.o
 *fill*         0x00000000c0000121        0xf 
 .text          0x00000000c0000130      0x24f D:/Users/Alex/Desktop/Banana/kernel/morenasm.32
                0x00000000c0000130                manualPCIProbe
                0x00000000c000017b                prepareTramp
                0x00000000c0000194                doTPAUSE
                0x00000000c000019e                hasLegacyFPU
                0x00000000c00001c3                is486
                0x00000000c00001f9                detectCPUID
                0x00000000c000020f                goToVM86
                0x00000000c000023f                goToUsermode
                0x00000000c0000269                switchToThreadASMFirstTime
                0x00000000c0000277                switchToThreadASM
                0x00000000c00002fc                asmQuickAcquireLock
                0x00000000c000031a                asmQuickReleaseLock
                0x00000000c0000326                asmAcquireLock
                0x00000000c0000347                asmReleaseLock
                0x00000000c000035a                loadGDT
                0x00000000c000037a                memcpy
 *fill*         0x00000000c000037f        0x1 
 .text          0x00000000c0000380      0x868 acpica/utclib.32
                0x00000000c0000380                memcmp
                0x00000000c00003d0                memmove
                0x00000000c00004f0                memset
                0x00000000c0000570                strlen
                0x00000000c00005a0                strpbrk
                0x00000000c00005f0                strtok
                0x00000000c0000640                strcpy
                0x00000000c0000680                strncpy
                0x00000000c0000750                strcmp
                0x00000000c00007a0                strchr
                0x00000000c00007e0                strncmp
                0x00000000c0000840                strcat
                0x00000000c0000870                strncat
                0x00000000c00008d0                strstr
                0x00000000c0000930                toupper
                0x00000000c0000950                tolower
                0x00000000c0000970                simple_strtoul
 .text          0x00000000c0000be8     0x1140 krnl/malloc.32
                0x00000000c0000d53                dlfree
                0x00000000c000121a                dlmalloc
                0x00000000c0001757                dlrealloc
                0x00000000c0001934                dlmemalign
                0x00000000c0001a57                dlcalloc
                0x00000000c0001ae8                dlcfree
                0x00000000c0001aed                dlindependent_calloc
                0x00000000c0001b12                dlindependent_comalloc
                0x00000000c0001b29                dlvalloc
                0x00000000c0001b54                dlpvalloc
                0x00000000c0001b8a                dlmalloc_trim
                0x00000000c0001b97                dlmalloc_usable_size
                0x00000000c0001bc8                dlmallinfo
                0x00000000c0001c97                dlmalloc_stats
                0x00000000c0001ca8                dlmallopt
 .text          0x00000000c0001d28      0x1f2 libk/ctype.32
                0x00000000c0001d28                isblank
                0x00000000c0001d48                iscntrl
                0x00000000c0001d68                isdigit
                0x00000000c0001d84                islower
                0x00000000c0001da0                isspace
                0x00000000c0001dc8                isupper
                0x00000000c0001de4                isalpha
                0x00000000c0001e14                isalnum
                0x00000000c0001e44                ispunct
                0x00000000c0001e84                isgraph
                0x00000000c0001eb4                isprint
                0x00000000c0001edc                isxdigit
 .text          0x00000000c0001f1a        0x0 libk/string.32
 *fill*         0x00000000c0001f1a        0x2 
 .text          0x00000000c0001f1c       0x53 arch/i386/cc.32
                0x00000000c0001f1c                LWIP_PLATFORM_HTONS
                0x00000000c0001f40                LWIP_PLATFORM_HTONL
 .text          0x00000000c0001f6f       0x51 fs/fat/diskio.32
                0x00000000c0001f6f                disk_status
                0x00000000c0001f72                disk_initialize
                0x00000000c0001f75                disk_read
                0x00000000c0001f8b                disk_write
                0x00000000c0001fa1                disk_ioctl
 .text          0x00000000c0001fc0     0x3e46 fs/fat/ff.32
                0x00000000c0003de1                f_mount
                0x00000000c0003e43                f_open
                0x00000000c0004106                f_read
                0x00000000c0004305                f_write
                0x00000000c000454d                f_sync
                0x00000000c0004612                f_close
                0x00000000c0004641                f_lseek
                0x00000000c00047f2                f_opendir
                0x00000000c00048bd                f_closedir
                0x00000000c00048df                f_readdir
                0x00000000c0004971                f_stat
                0x00000000c00049f0                f_getfree
                0x00000000c0004af9                f_truncate
                0x00000000c0004be3                f_unlink
                0x00000000c0004d05                f_mkdir
                0x00000000c0004ea0                f_rename
                0x00000000c0005058                f_chmod
                0x00000000c0005108                f_utime
                0x00000000c00051b8                f_getlabel
                0x00000000c0005309                f_setlabel
                0x00000000c0005499                f_expand
                0x00000000c0005606                f_mkfs
 *fill*         0x00000000c0005e06        0x2 
 .text          0x00000000c0005e08       0x2f fs/fat/ffsystem.32
                0x00000000c0005e08                ff_memalloc
                0x00000000c0005e20                ff_memfree
 *fill*         0x00000000c0005e37        0x1 
 .text          0x00000000c0005e38      0x2dc fs/fat/ffunicode.32
                0x00000000c0005e38                ff_uni2oem
                0x00000000c0005ed8                ff_oem2uni
                0x00000000c0005f50                ff_wtoupper
 .text          0x00000000c0006114      0xd32 fs/iso9660/iso9660.32
                0x00000000c000635f                isoReadDiscSector
                0x00000000c00063fa                strnicmp
                0x00000000c00066a9                stricmp
                0x00000000c00066f5                iso_open
                0x00000000c000677f                iso_close
                0x00000000c000679d                iso_read
                0x00000000c00068b3                iso_seek
                0x00000000c0006937                iso_tell
                0x00000000c0006968                iso_total
                0x00000000c0006993                fn_postprocess
                0x00000000c00069ba                iso_readdir
                0x00000000c0006c11                iso_reset
                0x00000000c0006c2e                init_percd
                0x00000000c0006d28                iso_ioctl
                0x00000000c0006d40                fs_iso9660_init
                0x00000000c0006dd6                fs_iso9660_shutdown
 .text          0x00000000c0006e46      0x254 dbg/kconsole.32
                0x00000000c0006e46                Dbg::stringifyxWithBase(unsigned int, char*, int)
                0x00000000c0006ee6                Dbg::logc(char)
                0x00000000c0006f06                Dbg::logs(char*)
                0x00000000c0006f25                Dbg::logWriteInt(unsigned int)
                0x00000000c0006f43                Dbg::logWriteIntBase(unsigned int, int)
                0x00000000c0006f64                Dbg::kprintf(char const*, ...)
 *fill*         0x00000000c000709a        0x2 
 .text          0x00000000c000709c      0x2d4 dbg/usban.32
                0x00000000c000709c                KiUbsanPrintDetails(char const*, void*)
                0x00000000c0007108                __ubsan_handle_type_mismatch_v1
                0x00000000c00071e4                __ubsan_handle_pointer_overflow
                0x00000000c0007210                __ubsan_handle_out_of_bounds
                0x00000000c000723c                __ubsan_handle_add_overflow
                0x00000000c0007268                __ubsan_handle_load_invalid_value
                0x00000000c0007294                __ubsan_handle_divrem_overflow
                0x00000000c00072c0                __ubsan_handle_mul_overflow
                0x00000000c00072ec                __ubsan_handle_sub_overflow
                0x00000000c0007318                __ubsan_handle_shift_out_of_bounds
                0x00000000c0007344                __ubsan_handle_negate_overflow
 .text          0x00000000c0007370      0x814 fs/symlink.32
                0x00000000c00074bf                KiDeinitialiseSymlinks(void*)
                0x00000000c0007552                KeRegisterSymlink(char const*, unsigned long long)
                0x00000000c00075d5                KeInitialiseSymlinks()
                0x00000000c0007737                KiIsSymlinkRegistered(char const*)
                0x00000000c00078a1                KeDereferenceSymlink(char const*, char*)
                0x00000000c0007a48                KeCreateSymlink(char const*, char const*)
 .text          0x00000000c0007b84      0xd68 fs/vfs.32
                0x00000000c0007b84                File::read(unsigned long long, void*, int*)
                0x00000000c0007bdc                File::write(unsigned long long, void*, int*)
                0x00000000c0007c34                Directory::read(unsigned long long, void*, int*)
                0x00000000c0007c8c                Directory::write(unsigned long long, void*, int*)
                0x00000000c0007cba                File::isAtty()
                0x00000000c0007cbe                Directory::isAtty()
                0x00000000c0007cc2                Filesystem::getlabel(LogicalDisk*, int, char*, unsigned int*)
                0x00000000c0007cc8                Filesystem::setlabel(LogicalDisk*, int, char*)
                0x00000000c0007cce                Filesystem::allocateSwapfile(char const*, int)
                0x00000000c0007cd4                File::~File()
                0x00000000c0007cd4                File::~File()
                0x00000000c0007cf8                File::~File()
                0x00000000c0007d22                Directory::~Directory()
                0x00000000c0007d22                Directory::~Directory()
                0x00000000c0007d46                Directory::~Directory()
                0x00000000c0007d70                Filesystem::Filesystem()
                0x00000000c0007d70                Filesystem::Filesystem()
                0x00000000c0007d94                Filesystem::~Filesystem()
                0x00000000c0007d94                Filesystem::~Filesystem()
                0x00000000c0007da2                Filesystem::~Filesystem()
                0x00000000c0007dc6                Fs::getcwd(Process*, char*, int)
                0x00000000c0007df0                Fs::initVFS()
                0x00000000c0007e1a                Fs::standardiseFiles(char*, char const*, char const*, bool)
                0x00000000c0008034                File::File(char const*, Process*, bool)
                0x00000000c0008034                File::File(char const*, Process*, bool)
                0x00000000c0008112                File::File(char const*, Process*)
                0x00000000c0008112                File::File(char const*, Process*)
                0x00000000c0008130                File::open(FileOpenMode)
                0x00000000c000818e                File::close()
                0x00000000c00081ee                File::seek(unsigned long long)
                0x00000000c0008244                File::truncate(unsigned long long)
                0x00000000c000829a                File::tell(unsigned long long*)
                0x00000000c00082ea                File::rewind()
                0x00000000c00082fe                File::unlink()
                0x00000000c000834a                File::rename(char const*)
                0x00000000c0008398                File::chfatattr(unsigned char, unsigned char)
                0x00000000c00083f4                File::exists()
                0x00000000c0008432                File::stat(unsigned long long*, bool*)
                0x00000000c0008493                Fs::setcwd(Process*, char*)
                0x00000000c00085f2                Directory::Directory(char const*, Process*)
                0x00000000c00085f2                Directory::Directory(char const*, Process*)
                0x00000000c00086ba                Directory::open()
                0x00000000c0008716                Directory::close()
                0x00000000c0008776                Directory::unlink()
                0x00000000c00087c2                Directory::rename(char const*)
                0x00000000c0008810                Directory::exists()
                0x00000000c000884e                Directory::read(dirent*)
                0x00000000c000889a                Directory::create()
                0x00000000c00088e6                Filesystem::chfatattr(char const*, unsigned char, unsigned char)
 .text          0x00000000c00088ec       0x86 hal/bus.32
                0x00000000c00088ec                Bus::Bus(char const*)
                0x00000000c00088ec                Bus::Bus(char const*)
                0x00000000c0008924                Bus::~Bus()
                0x00000000c0008924                Bus::~Bus()
                0x00000000c0008948                Bus::~Bus()
 .text          0x00000000c0008972       0x96 hal/buzzer.32
                0x00000000c0008972                beepThread(void*)
                0x00000000c00089af                Krnl::beep(int, int, bool)
 .text          0x00000000c0008a08      0x513 hal/clock.32
                0x00000000c0008a08                User::loadClockSettings()
                0x00000000c0008b0e                Clock::Clock(char const*)
                0x00000000c0008b0e                Clock::Clock(char const*)
                0x00000000c0008b44                Clock::~Clock()
                0x00000000c0008b44                Clock::~Clock()
                0x00000000c0008b68                Clock::~Clock()
                0x00000000c0008b92                Clock::timeInSecondsLocal()
                0x00000000c0008bda                Clock::setTimeInSecondsLocal(unsigned long long)
                0x00000000c0008c33                datetimeToSeconds(datetime_t)
                0x00000000c0008d52                Clock::setTimeInDatetimeLocal(datetime_t)
                0x00000000c0008db2                secondsToDatetime(unsigned long long)
                0x00000000c0008ef6                Clock::timeInDatetimeLocal()
 *fill*         0x00000000c0008f1b        0x1 
 .text          0x00000000c0008f1c      0x47a hal/device.32
                0x00000000c0008f1c                Device::hibernate()
                0x00000000c0008f1e                Device::wake()
                0x00000000c0008f20                Device::detect()
                0x00000000c0008f22                Device::disableLegacy()
                0x00000000c0008f24                Device::powerSaving(PowerSavingLevel)
                0x00000000c0008f26                DriverlessDevice::close(int, int, void*)
                0x00000000c0008f2a                DriverlessDevice::detect()
                0x00000000c0008f2c                DriverlessDevice::open(int, int, void*)
                0x00000000c0008f40                Device::~Device()
                0x00000000c0008f40                Device::~Device()
                0x00000000c0008f4e                Device::~Device()
                0x00000000c0008f76                Device::findAndLoadDriver()
                0x00000000c0008f84                Device::preOpenPCI(PCIDeviceInfo)
                0x00000000c0008faa                Device::preOpenACPI(void*, char*, char*)
                0x00000000c0008fea                Device::addIRQHandler(int, void (*)(regs*, void*), bool, void*)
                0x00000000c0009014                Device::getParent()
                0x00000000c0009020                Device::removeIRQHandler(int, void (*)(regs*, void*), bool)
                0x00000000c000903e                Device::addChild(Device*)
                0x00000000c0009082                Device::removeAllChildren()
                0x00000000c00090c8                Device::hibernateAll()
                0x00000000c00090f8                Device::wakeAll()
                0x00000000c0009128                Device::detectAll()
                0x00000000c0009158                Device::disableLegacyAll()
                0x00000000c000915a                Device::loadDriversForAll()
                0x00000000c000915c                Device::powerSavingAll(PowerSavingLevel)
                0x00000000c0009192                Device::setName(char const*)
                0x00000000c00091a0                Device::Device(char const*)
                0x00000000c00091a0                Device::Device(char const*)
                0x00000000c000929c                Device::getName()
                0x00000000c00092a6                Device::closeAll()
                0x00000000c00092f2                DriverlessDevice::DriverlessDevice(char const*)
                0x00000000c00092f2                DriverlessDevice::DriverlessDevice(char const*)
                0x00000000c0009328                Device::addToLinkedList(LinkedList<Device>&, DeviceType)
                0x00000000c000936c                getDevicesOfType(DeviceType)
 *fill*         0x00000000c0009396        0x2 
 .text          0x00000000c0009398       0x86 hal/diskctrl.32
                0x00000000c0009398                HardDiskController::HardDiskController(char const*)
                0x00000000c0009398                HardDiskController::HardDiskController(char const*)
                0x00000000c00093d0                HardDiskController::~HardDiskController()
                0x00000000c00093d0                HardDiskController::~HardDiskController()
                0x00000000c00093f4                HardDiskController::~HardDiskController()
 .text          0x00000000c000941e       0xe2 hal/diskphys.32
                0x00000000c000941e                PhysicalDisk::eject()
                0x00000000c0009422                PhysicalDisk::PhysicalDisk(char const*, int)
                0x00000000c0009422                PhysicalDisk::PhysicalDisk(char const*, int)
                0x00000000c000948a                PhysicalDisk::startCache()
                0x00000000c00094b2                PhysicalDisk::~PhysicalDisk()
                0x00000000c00094b2                PhysicalDisk::~PhysicalDisk()
                0x00000000c00094d6                PhysicalDisk::~PhysicalDisk()
 .text          0x00000000c0009500        0x0 hal/fpu.32
 .text          0x00000000c0009500      0x359 hal/intctrl.32
                0x00000000c0009500                int_handler
                0x00000000c000958a                installISRHandler(int, void (*)(regs*, void*), void*)
                0x00000000c00095d4                installIRQHandler(int, void (*)(regs*, void*), bool, void*)
                0x00000000c0009708                uninstallISRHandler(int, void (*)(regs*, void*))
                0x00000000c000973c                uninstallIRQHandler(int, void (*)(regs*, void*), bool)
                0x00000000c00097ba                setupINTS()
                0x00000000c0009817                convertLegacyIRQNumber(int)
 *fill*         0x00000000c0009859        0x1 
 .text          0x00000000c000985a      0x8bc hal/keybrd.32
                0x00000000c000985a                startGUI(void*)
                0x00000000c00098c4                startGUIVESA(void*)
                0x00000000c000992e                sendKeyToTerminal(unsigned char)
                0x00000000c0009a09                sendKeyboardToken(KeyboardToken)
                0x00000000c0009ec5                clearInternalKeybuffer(VgaText*)
                0x00000000c0009efa                readKeyboard(VgaText*, char*, unsigned long)
                0x00000000c000a08c                Keyboard::Keyboard(char const*)
                0x00000000c000a08c                Keyboard::Keyboard(char const*)
                0x00000000c000a0c8                Keyboard::~Keyboard()
                0x00000000c000a0c8                Keyboard::~Keyboard()
                0x00000000c000a0ec                Keyboard::~Keyboard()
 .text          0x00000000c000a116      0x3f8 hal/logidisk.32
                0x00000000c000a116                LogicalDisk::close(int, int, void*)
                0x00000000c000a11a                LogicalDisk::~LogicalDisk()
                0x00000000c000a11a                LogicalDisk::~LogicalDisk()
                0x00000000c000a13e                LogicalDisk::~LogicalDisk()
                0x00000000c000a168                LogicalDisk::open(int, int, void*)
                0x00000000c000a17c                LogicalDisk::absoluteToRelative(unsigned long long)
                0x00000000c000a1b4                LogicalDisk::relativeToAbsolute(unsigned long long)
                0x00000000c000a1fa                LogicalDisk::LogicalDisk(char const*, PhysicalDisk*, unsigned long long, unsigned long long)
                0x00000000c000a1fa                LogicalDisk::LogicalDisk(char const*, PhysicalDisk*, unsigned long long, unsigned long long)
                0x00000000c000a2ba                LogicalDisk::assignDriveLetter()
                0x00000000c000a374                LogicalDisk::mount()
                0x00000000c000a3bc                LogicalDisk::unmount()
                0x00000000c000a3cc                LogicalDisk::eject()
                0x00000000c000a3e0                LogicalDisk::unassignDriveLetter()
                0x00000000c000a436                LogicalDisk::read(unsigned long long, int, void*)
                0x00000000c000a4a2                LogicalDisk::write(unsigned long long, int, void*)
 *fill*         0x00000000c000a50e        0x2 
 .text          0x00000000c000a510       0x86 hal/mouse.32
                0x00000000c000a510                Mouse::Mouse(char const*)
                0x00000000c000a510                Mouse::Mouse(char const*)
                0x00000000c000a548                Mouse::~Mouse()
                0x00000000c000a548                Mouse::~Mouse()
                0x00000000c000a56c                Mouse::~Mouse()
 .text          0x00000000c000a596       0x90 hal/nic.32
                0x00000000c000a596                NIC::getMAC()
                0x00000000c000a59c                NIC::write(int, unsigned char*, int*)
                0x00000000c000a5a2                NIC::NIC(char const*)
                0x00000000c000a5a2                NIC::NIC(char const*)
                0x00000000c000a5d8                NIC::~NIC()
                0x00000000c000a5d8                NIC::~NIC()
                0x00000000c000a5fc                NIC::~NIC()
 .text          0x00000000c000a626      0x33b hal/partition.32
                0x00000000c000a626                makePartition(PhysicalDisk*, unsigned long long, unsigned long long)
                0x00000000c000a6ce                createPartitionsForDisk(PhysicalDisk*)
 *fill*         0x00000000c000a961        0x3 
 .text          0x00000000c000a964       0x86 hal/serial.32
                0x00000000c000a964                Serial::Serial(char const*)
                0x00000000c000a964                Serial::Serial(char const*)
                0x00000000c000a99c                Serial::~Serial()
                0x00000000c000a99c                Serial::~Serial()
                0x00000000c000a9c0                Serial::~Serial()
 *fill*         0x00000000c000a9ea        0x2 
 .text          0x00000000c000a9ec      0x230 hal/timer.32
                0x00000000c000a9ec                Timer::Timer(char const*)
                0x00000000c000a9ec                Timer::Timer(char const*)
                0x00000000c000aa24                Timer::~Timer()
                0x00000000c000aa24                Timer::~Timer()
                0x00000000c000aa48                Timer::~Timer()
                0x00000000c000aa72                Timer::read()
                0x00000000c000aa7d                setupTimer(int)
                0x00000000c000aab8                timerHandler(unsigned int)
 .text          0x00000000c000ac1c      0x444 hal/vcache.32
                0x00000000c000ac1c                VCache::VCache(PhysicalDisk*)
                0x00000000c000ac1c                VCache::VCache(PhysicalDisk*)
                0x00000000c000ad8c                VCache::invalidateReadBuffer()
                0x00000000c000ad9c                VCache::writeWriteBuffer()
                0x00000000c000ade8                VCache::~VCache()
                0x00000000c000ade8                VCache::~VCache()
                0x00000000c000ae40                VCache::~VCache()
                0x00000000c000ae68                VCache::write(unsigned long long, int, void*)
                0x00000000c000af5c                VCache::read(unsigned long long, int, void*)
 .text          0x00000000c000b060      0x70e hal/video.32
                0x00000000c000b060                Video::putrect(int, int, int, int, unsigned int)
                0x00000000c000b0ac                Video::bitblit(int, int, int, int, int, int, int, unsigned int*)
                0x00000000c000b11c                Video::blit(unsigned int*, int, int, int, int)
                0x00000000c000b19a                Video::clearScreen(unsigned int)
                0x00000000c000b1ce                Video::putpixel(int, int, unsigned int)
                0x00000000c000b1dc                Video::readPixelApprox(int, int)
                0x00000000c000b1f0                Video::Video(char const*)
                0x00000000c000b1f0                Video::Video(char const*)
                0x00000000c000b226                Video::~Video()
                0x00000000c000b226                Video::~Video()
                0x00000000c000b24a                Video::~Video()
                0x00000000c000b274                Video::isMonochrome()
                0x00000000c000b280                Video::getWidth()
                0x00000000c000b28c                Video::getHeight()
                0x00000000c000b298                Video::drawCursor(int, int, unsigned int*, int)
                0x00000000c000b354                Video::tgaParse(unsigned char*, int, int*, int*)
                0x00000000c000b6fe                Video::putTGA(int, int, unsigned char*, int)
 *fill*         0x00000000c000b76e        0x2 
 .text          0x00000000c000b770     0x127f hw/acpi.32
                0x00000000c000b770                ACPI::close(int, int, void*)
                0x00000000c000b778                findRSDP()
                0x00000000c000b810                loadACPITables(unsigned char*)
                0x00000000c000ba7c                findRSDT(unsigned char*)
                0x00000000c000bbd4                findDataTable(unsigned char*, char*)
                0x00000000c000bc54                scanMADT()
                0x00000000c000c10c                ACPI::ACPI()
                0x00000000c000c10c                ACPI::ACPI()
                0x00000000c000c160                ACPI::getPCIIRQAssignment(unsigned char, unsigned short, unsigned char)
                0x00000000c000c25c                ACPI::registerPCIIRQAssignment(void*, unsigned short, unsigned char, unsigned char)
                0x00000000c000c328                ACPI::setScreenBrightnessLevel(void*, int)
                0x00000000c000c330                ACPI::detectPCI()
                0x00000000c000c550                ACPI::writeSimpleBootFlag(SimpleBootFlagTable*)
                0x00000000c000c568                ACPI::open(int, int, void*)
 *fill*         0x00000000c000c9ef        0x1 
 .text          0x00000000c000c9f0      0xb83 hw/cpu.32
                0x00000000c000c9f0                CPU::close(int, int, void*)
                0x00000000c000c9f4                CPU::AMD_K6_write_msr(unsigned int, unsigned int, unsigned int, CPU::REGS*)
                0x00000000c000ca10                CPU::AMD_K6_read_msr(unsigned int, CPU::REGS*)
                0x00000000c000ca28                CPU::AMD_K6_writeback(int, int, int)
                0x00000000c000ca9c                CPU::cpuid(int, unsigned long*, unsigned long*, unsigned long*, unsigned long*)
                0x00000000c000cb20                CPU::cpuidCheckEDX(unsigned int)
                0x00000000c000cb4e                CPU::cpuidCheckECX(unsigned int)
                0x00000000c000cb7c                CPU::cpuidCheckExtendedEBX(unsigned int)
                0x00000000c000cbaa                CPU::cpuidCheckExtendedECX(unsigned int)
                0x00000000c000cbd8                CPU::CPU()
                0x00000000c000cbd8                CPU::CPU()
                0x00000000c000cc66                CPU::displayFeatures()
                0x00000000c000cc68                CPU::detectFeatures()
                0x00000000c000d33c                CPU::setupSMEP()
                0x00000000c000d348                CPU::setupUMIP()
                0x00000000c000d352                CPU::setupTSC()
                0x00000000c000d35c                CPU::setupLargePages()
                0x00000000c000d366                CPU::setupPAT()
                0x00000000c000d368                CPU::setupMTRR()
                0x00000000c000d36a                CPU::setupGlobalPages()
                0x00000000c000d374                CPU::allowUsermodeDataAccess()
                0x00000000c000d386                CPU::prohibitUsermodeDataAccess()
                0x00000000c000d398                CPU::setupSMAP()
                0x00000000c000d3a6                CPU::setupFeatures()
                0x00000000c000d46a                CPU::open(int, int, void*)
 .text          0x00000000c000d573       0xb6 krnl/atexit.32
                0x00000000c000d573                KeInitialiseAtexit()
                0x00000000c000d592                KeRegisterAtexit(void (*)(void*), void*)
                0x00000000c000d5c6                KeExecuteAtexit()
 .text          0x00000000c000d629       0x92 krnl/bootmsg.32
                0x00000000c000d629                KeDisplaySplashScreen()
                0x00000000c000d658                KeSetBootMessage(char const*)
 .text          0x00000000c000d6bb       0x5f krnl/c++.32
                0x00000000c000d6bb                __cxa_atexit
                0x00000000c000d6be                __cxa_finalize
                0x00000000c000d6bf                __stack_chk_fail
                0x00000000c000d6f5                __cxa_pure_virtual
                0x00000000c000d706                operator new[](unsigned long)
                0x00000000c000d70b                operator delete(void*, unsigned long)
                0x00000000c000d710                operator delete[](void*)
                0x00000000c000d715                operator delete[](void*, unsigned long)
 *fill*         0x00000000c000d71a        0x2 
 .text          0x00000000c000d71c       0x48 krnl/cdefs.32
                0x00000000c000d71c                CUnlockScheduler
                0x00000000c000d738                CLockScheduler
                0x00000000c000d748                CPrintf
 .text          0x00000000c000d764      0xd56 krnl/cm.32
                0x00000000c000d764                CmOpen(char const*)
                0x00000000c000d882                CmClose(Reghive_Tag*)
                0x00000000c000d898                CmReadExtent(Reghive_Tag*, int, unsigned char*)
                0x00000000c000d8d4                CmGetString(Reghive_Tag*, int, char*)
                0x00000000c000d94b                CmEnterDirectory(Reghive_Tag*, int)
                0x00000000c000d98a                CmGetNext(Reghive_Tag*, int)
                0x00000000c000d9bc                CmWriteExtent(Reghive_Tag*, int, unsigned char*)
                0x00000000c000d9f8                CmFreeExtent(Reghive_Tag*, int)
                0x00000000c000da20                CmUpdateHeader(Reghive_Tag*)
                0x00000000c000da41                CmExpand(Reghive_Tag*, int)
                0x00000000c000dabc                CmFindUnusedExtent(Reghive_Tag*)
                0x00000000c000db42                CmCreateExtent(Reghive_Tag*, int, int, unsigned char*)
                0x00000000c000dc36                CmSetString(Reghive_Tag*, int, char const*)
                0x00000000c000dd72                CmGetMatch(char*, char*, bool, bool*)
                0x00000000c000ddd3                CmAddShift(unsigned int*, int*, unsigned char, int)
                0x00000000c000de03                CmGetShift(unsigned int*, int*, int, bool*)
                0x00000000c000de3a                CmGetInteger(Reghive_Tag*, int, unsigned long long*)
                0x00000000c000de64                CmSetInteger(Reghive_Tag*, int, unsigned long long)
                0x00000000c000dea4                CmConvertFromInternalFilename(unsigned char const*, char*)
                0x00000000c000df48                CmGetNameAndTypeFromExtent(Reghive_Tag*, int, char*)
                0x00000000c000df76                CmConvertToInternalFilename(char const*, unsigned char*)
                0x00000000c000e114                CmCreateString(Reghive_Tag*, int, char const*)
                0x00000000c000e161                CmFindInDirectory(Reghive_Tag*, int, char const*)
                0x00000000c000e1db                CmCreateInteger(Reghive_Tag*, int, char const*, unsigned long long, int)
                0x00000000c000e22e                CmCreateDirectory(Reghive_Tag*, int, char const*)
                0x00000000c000e2f2                zStrtok(char*, char const*)
                0x00000000c000e364                CmFindObjectFromPath(Reghive_Tag*, char const*)
                0x00000000c000e3e5                CmDisplayTree(Reghive_Tag*, int, int)
                0x00000000c000e488                CmSplitFinalSlashInPlace(char*)
 *fill*         0x00000000c000e4ba        0x2 
 .text          0x00000000c000e4bc       0x1d krnl/compat.32
                0x00000000c000e4bc                Krnl::handlePowerButton()
                0x00000000c000e4cc                Krnl::handleSleepButton()
 *fill*         0x00000000c000e4d9        0x1 
 .text          0x00000000c000e4da      0x4f1 krnl/computer.32
                0x00000000c000e4da                Computer::close(int, int, void*)
                0x00000000c000e4e0                KeFirstTask()
                0x00000000c000e602                Computer::Computer()
                0x00000000c000e602                Computer::Computer()
                0x00000000c000e65a                Computer::detectFeatures()
                0x00000000c000e880                Computer::open(int, int, void*)
                0x00000000c000e94e                KePrepareShutdown()
                0x00000000c000e96e                KeShutdown()
                0x00000000c000e992                KeSleep()
                0x00000000c000e9aa                KeRestart()
 .text          0x00000000c000e9cb       0x2b krnl/crc32.32
                0x00000000c000e9cb                KeCalculateCRC32(unsigned char*, int)
 .text          0x00000000c000e9f6      0x5bf krnl/env.32
                0x00000000c000e9f6                EnvVarContainer::getEnv(char const*)
                0x00000000c000ea34                EnvVarContainer::setEnv(char const*, char const*)
                0x00000000c000eaf6                EnvVarContainer::deleteEnv(char const*)
                0x00000000c000eaf8                EnvVarContainer::loadFrom(char const*, char const*)
                0x00000000c000ed1c                EnvVarContainer::__loadSystem()
                0x00000000c000ed36                EnvVarContainer::__loadUser()
                0x00000000c000ed38                EnvVarContainer::EnvVarContainer(Process*)
                0x00000000c000ed38                EnvVarContainer::EnvVarContainer(Process*)
                0x00000000c000ed5a                EnvVarContainer::~EnvVarContainer()
                0x00000000c000ed5a                EnvVarContainer::~EnvVarContainer()
                0x00000000c000ed8a                KeGetEnv(Process*, char const*)
                0x00000000c000edef                KeSetEnvSystem(char const*, char const*)
                0x00000000c000ee09                KeSetEnvUser(char const*, char const*)
                0x00000000c000ee28                KeSetEnvProcess(Process*, char const*, char const*)
                0x00000000c000ee3b                KeDeleteEnvSystem(char const*)
                0x00000000c000ee3c                KeDeleteEnvUser(char const*)
                0x00000000c000ee3d                KeDeleteEnvProcess(Process*, char const*)
                0x00000000c000ee3e                KeNewProcessEnv(Process*)
                0x00000000c000ee60                KeCopyProcessEnv(Process*, Process*)
                0x00000000c000eeac                KeLoadSystemEnv()
                0x00000000c000eeda                KeLoadUserEnv()
                0x00000000c000ef00                KeFlushEnv()
                0x00000000c000ef01                KeGetProcessTotalEnvCount(Process*)
                0x00000000c000ef21                KeGetProcessEnvPair(Process*, int)
 *fill*         0x00000000c000efb5        0x3 
 .text          0x00000000c000efb8      0x1a9 krnl/fault.32
                0x00000000c000efb8                KeDisplayProgramFault(char const*)
                0x00000000c000f008                KeGeneralProtectionFault(void*, void*)
                0x00000000c000f05c                KePageFault(void*, void*)
                0x00000000c000f0b0                KeNonMaskableInterrupt(void*, void*)
                0x00000000c000f0c0                KeOtherFault(void*, void*)
                0x00000000c000f0f4                KeOpcodeFault(void*, void*)
                0x00000000c000f148                KeDoubleFault(void*, void*)
 *fill*         0x00000000c000f161        0x1 
 .text          0x00000000c000f162      0x1db krnl/gdt.32
                0x00000000c000f162                GDTEntry::setBase(unsigned int)
                0x00000000c000f17e                GDTEntry::setLimit(unsigned int)
                0x00000000c000f19c                GDT::GDT()
                0x00000000c000f19c                GDT::GDT()
                0x00000000c000f1b2                GDT::addEntry(GDTEntry)
                0x00000000c000f1d4                GDT::getNumberOfEntries()
                0x00000000c000f1dc                GDT::flush()
                0x00000000c000f1fe                GDT::setup()
 .text          0x00000000c000f33d       0x1d krnl/idle.32
                0x00000000c000f33d                idleFunction(void*)
 *fill*         0x00000000c000f35a        0x2 
 .text          0x00000000c000f35c      0x46c krnl/idt.32
                0x00000000c000f35c                IDTEntry::IDTEntry(bool)
                0x00000000c000f35c                IDTEntry::IDTEntry(bool)
                0x00000000c000f3d6                IDTEntry::setOffset(unsigned int)
                0x00000000c000f3ec                IDT::IDT()
                0x00000000c000f3ec                IDT::IDT()
                0x00000000c000f3ee                IDT::getPointerToInvalidOpcodeEntryForF00F()
                0x00000000c000f3f6                IDT::addEntry(IDTEntry, int)
                0x00000000c000f410                IDT::addEntry(int, void (*)(), bool)
                0x00000000c000f448                IDT::flush()
                0x00000000c000f462                IDT::setup()
 .text          0x00000000c000f7c8       0x94 krnl/inlines.32
                0x00000000c000f7c8                CPU::current()
                0x00000000c000f7d4                operator new(unsigned long)
                0x00000000c000f7d9                operator delete(void*)
                0x00000000c000f7de                disableIRQs()
                0x00000000c000f7e0                enableIRQs()
                0x00000000c000f7e2                lockScheduler()
                0x00000000c000f7ea                unlockScheduler()
                0x00000000c000f7f9                lockStuff()
                0x00000000c000f807                unlockStuff()
                0x00000000c000f841                Virt::getAKernelVAS()
                0x00000000c000f847                __not_memcpy
 .text          0x00000000c000f85c      0x205 krnl/kheap.32
                0x00000000c000f85c                sbrk
                0x00000000c000f8f3                sbrk_thunk
                0x00000000c000f929                mmap
                0x00000000c000f987                munmap
                0x00000000c000f99c                liballoc_lock()
                0x00000000c000f9aa                liballoc_unlock()
                0x00000000c000f9c0                liballoc_alloc(int)
                0x00000000c000f9d8                liballoc_free(void*, int)
                0x00000000c000f9f3                realloc
                0x00000000c000fa07                malloc
                0x00000000c000fa17                free
                0x00000000c000fa27                rfree
                0x00000000c000fa37                calloc
 *fill*         0x00000000c000fa61        0x3 
 .text          0x00000000c000fa64      0x1e3 krnl/mailbox.32
                0x00000000c000fa64                KeMailboxTryPost(Mailbox*, void*)
                0x00000000c000fac8                KeMailboxTryGet(Mailbox*, void**)
                0x00000000c000fb2c                KeMailboxCreate()
                0x00000000c000fb60                KeMailboxPost(Mailbox*, void*)
                0x00000000c000fbc8                KeMailboxGet(Mailbox*, void**)
                0x00000000c000fc30                KeMailboxDestroy(Mailbox*)
 .text          0x00000000c000fc47       0xc7 krnl/main.32
                0x00000000c000fc47                KeEntryPoint
 *fill*         0x00000000c000fd0e        0x2 
 .text          0x00000000c000fd10       0x1a krnl/mutex.32
                0x00000000c000fd10                Mutex::Mutex()
                0x00000000c000fd10                Mutex::Mutex()
 .text          0x00000000c000fd2a        0xc krnl/panic.32
                0x00000000c000fd2a                KePanic(char const*)
 .text          0x00000000c000fd36      0x644 krnl/physmgr.32
                0x00000000c000fd36                Phys::allocateDMA(unsigned long)
                0x00000000c000fe1e                Phys::freeDMA(unsigned long, unsigned long)
                0x00000000c000fe59                Phys::setPageState(unsigned long, bool)
                0x00000000c000fe99                Phys::getPageState(unsigned long)
                0x00000000c000feb5                Phys::freePage(unsigned long)
                0x00000000c000ff1e                Phys::allocatePage()
                0x00000000c000ffed                Phys::allocateContiguousPages(int)
                0x00000000c0010054                Phys::allowSegmentToBeUsed(unsigned long, unsigned long)
                0x00000000c001008c                Phys::physicalMemorySetup(unsigned int)
 .text          0x00000000c001037a      0x273 krnl/pipe.32
                0x00000000c001037a                Pipe::isAtty()
                0x00000000c001037e                Pipe::~Pipe()
                0x00000000c001037e                Pipe::~Pipe()
                0x00000000c00103a2                Pipe::~Pipe()
                0x00000000c00103ca                Pipe::write(unsigned long long, void*, int*)
                0x00000000c001048a                Pipe::read(unsigned long long, void*, int*)
                0x00000000c0010586                Pipe::Pipe(int)
                0x00000000c0010586                Pipe::Pipe(int)
 .text          0x00000000c00105ed      0x108 krnl/powctrl.32
                0x00000000c00105ed                KePowerThread(void*)
                0x00000000c001061b                KeChangePowerSettings(PowerSettings)
                0x00000000c0010631                KeUserIOReceived()
                0x00000000c001063c                KeHandlePowerButton()
                0x00000000c0010654                KeHandleSleepButton()
                0x00000000c001066c                KeSetupPowerManager()
 .text          0x00000000c00106f5       0x9d krnl/random.32
                0x00000000c00106f5                KeRand()
                0x00000000c0010737                KeSeedRand(unsigned int)
                0x00000000c0010760                KeInitRand()
 *fill*         0x00000000c0010792        0x2 
 .text          0x00000000c0010794      0x1bc krnl/resolve.32
                0x00000000c0010794                KeResolveCompatibilitySymbol(char*)
 .text          0x00000000c0010950      0x415 krnl/semaphore.32
                0x00000000c0010950                Semaphore::Semaphore(int)
                0x00000000c0010950                Semaphore::Semaphore(int)
                0x00000000c0010980                Semaphore::tryAcquire()
                0x00000000c0010a5c                Semaphore::assertLocked(char const*)
                0x00000000c0010aec                Semaphore::acquire(int)
                0x00000000c0010c94                Semaphore::acquire()
                0x00000000c0010cb0                Semaphore::release()
 .text          0x00000000c0010d65      0x322 krnl/signal.32
                0x00000000c0010d65                KiSigKill(int)
                0x00000000c0010d79                KiDefaultSignalHandlerIgnore(int)
                0x00000000c0010d7a                KiDefaultSignalHandlerPause(int)
                0x00000000c0010da6                KiDefaultSignalHandlerResume(int)
                0x00000000c0010dd2                KeDeinitSignals(SigHandlerBlock*)
                0x00000000c0010dd7                KeInitSignals()
                0x00000000c0010e29                KeRegisterSignalHandler(SigHandlerBlock*, int, void (*)(int), unsigned int, int)
                0x00000000c0010e5f                KeRaiseSignal(SigHandlerBlock*, int)
                0x00000000c0010edc                KeCheckSignal(SigHandlerBlock*, int*)
                0x00000000c0010fd3                KiCheckSignalZ
                0x00000000c0011015                KeCompleteSignal(SigHandlerBlock*, int)
                0x00000000c0011050                KiFinishSignalZ
 .text          0x00000000c0011087      0xe1d krnl/syscalls.32
                0x00000000c0011087                SysSeekDir(regs*)
                0x00000000c001108c                SysTellDir(regs*)
                0x00000000c0011091                SysVerify(regs*)
                0x00000000c001109b                SysGetArgc(regs*)
                0x00000000c00110af                SysTTYName(regs*)
                0x00000000c00110b7                SysFormatDisk(regs*)
                0x00000000c001112e                SysSetDiskVolumeLabel(regs*)
                0x00000000c0011182                SysGetDiskVolumeLabel(regs*)
                0x00000000c00111db                SysShutdown(regs*)
                0x00000000c0011239                SysRealpath(regs*)
                0x00000000c001127d                SysReadDir(regs*)
                0x00000000c00112fd                SysIsATTY(regs*)
                0x00000000c0011357                SysSeek(regs*)
                0x00000000c00113ae                SysTell(regs*)
                0x00000000c001141b                SysSize(regs*)
                0x00000000c001148e                SysSizeFromFilename(regs*)
                0x00000000c00115bf                SysSizeFromFilenameNoSymlink(regs*)
                0x00000000c00116f0                SysClose(regs*)
                0x00000000c0011750                SysOpenDir(regs*)
                0x00000000c00117cd                SysMakeDir(regs*)
                0x00000000c001183b                SysCloseDir(regs*)
                0x00000000c001188f                SysWait(regs*)
                0x00000000c00118b0                SysNotImpl(regs*)
                0x00000000c00118cb                SysPanic(regs*)
                0x00000000c00118e6                SysRmdir(regs*)
                0x00000000c001194b                SysUnlink(regs*)
                0x00000000c00119b0                SysGetArgv(regs*)
                0x00000000c00119fd                SysUSleep(regs*)
                0x00000000c0011a26                SysSpawn(regs*)
                0x00000000c0011a99                SysGetEnv(regs*)
                0x00000000c0011b4a                SysSetFatAttrib(regs*)
                0x00000000c0011bbd                SysPipe(regs*)
                0x00000000c0011c02                SysGetUnixTime(regs*)
                0x00000000c0011c16                string_ends_with(char const*, char const*)
                0x00000000c0011c5e                SysOpen(regs*)
                0x00000000c0011e55                KeSystemCall(regs*, void*)
 .text          0x00000000c0011ea4      0xab3 krnl/terminal.32
                0x00000000c0011ea4                VgaText::isAtty()
                0x00000000c0011ea8                VgaText::~VgaText()
                0x00000000c0011ea8                VgaText::~VgaText()
                0x00000000c0011ecc                VgaText::~VgaText()
                0x00000000c0011ef6                VgaText::read(unsigned long long, void*, int*)
                0x00000000c0011f16                setTerminalScrollLock(bool)
                0x00000000c0011f17                doTerminalCycle()
                0x00000000c0011f18                addToTerminalCycle(VgaText*)
                0x00000000c0011f19                scrollTerminalScrollLock(int)
                0x00000000c0011f1a                VgaText::updateTitle()
                0x00000000c0011f1c                VgaText::load()
                0x00000000c0011f1e                VgaText::updateCursor()
                0x00000000c0011f34                VgaText::doANSI_SGR(int)
                0x00000000c0011fa8                VgaText::setDefaultBgColour(VgaColour)
                0x00000000c0011fb8                VgaText::setDefaultFgColour(VgaColour)
                0x00000000c0011fc8                VgaText::setDefaultColours(VgaColour, VgaColour)
                0x00000000c0011fe8                VgaText::setTitleTextColour(VgaColour)
                0x00000000c0011ff4                VgaText::setTitleColour(VgaColour)
                0x00000000c0012000                VgaText::setTitle(char*)
                0x00000000c0012002                VgaText::combineColours(unsigned char, unsigned char)
                0x00000000c0012014                VgaText::scrollScreen()
                0x00000000c00120a6                VgaText::combineCharAndColour(char, unsigned char)
                0x00000000c00120b6                VgaText::writeCharacter(char, VgaColour, VgaColour, int, int)
                0x00000000c0012146                VgaText::getCursorX()
                0x00000000c001214e                VgaText::getCursorY()
                0x00000000c0012156                VgaText::setCursor(int, int)
                0x00000000c001216d                setActiveTerminal(VgaText*)
                0x00000000c00121b8                VgaText::clearScreen()
                0x00000000c0012206                VgaText::setCursorX(int)
                0x00000000c001221e                VgaText::setCursorY(int)
                0x00000000c0012236                VgaText::incrementCursor(bool)
                0x00000000c001228a                VgaText::decrementCursor(bool)
                0x00000000c00122ac                VgaText::putchar(char, VgaColour, VgaColour)
                0x00000000c001237c                VgaText::putchar(char)
                0x00000000c0012474                VgaText::putx(unsigned int)
                0x00000000c00124ba                VgaText::puts(char const*)
                0x00000000c00124e0                VgaText::write(unsigned long long, void*, int*)
                0x00000000c001252c                VgaText::puts(char const*, VgaColour, VgaColour)
                0x00000000c001267a                VgaText::VgaText(char const*)
                0x00000000c001267a                VgaText::VgaText(char const*)
                0x00000000c00127ca                VgaText::receiveKey(unsigned char)
                0x00000000c0012956                VgaText::doUpdate()
 *fill*         0x00000000c0012957        0x1 
 .text          0x00000000c0012958      0x1a1 krnl/tss.32
                0x00000000c0012958                TSS::TSS()
                0x00000000c0012958                TSS::TSS()
                0x00000000c0012968                TSS::setESP(unsigned long)
                0x00000000c001297c                TSS::flush()
                0x00000000c001299c                TSS::setup(unsigned long, unsigned long)
 *fill*         0x00000000c0012af9        0x1 
 .text          0x00000000c0012afa      0x4ca krnl/unixfile.32
                0x00000000c0012afa                ReservedFilename::read(unsigned long long, void*, int*)
                0x00000000c0012b50                ReservedFilename::isAtty()
                0x00000000c0012b6c                ReservedFilename::write(unsigned long long, void*, int*)
                0x00000000c0012bca                UnixFile::getFileDescriptor()
                0x00000000c0012bd2                UnixFile::UnixFile(int)
                0x00000000c0012bd2                UnixFile::UnixFile(int)
                0x00000000c0012d86                ReservedFilename::ReservedFilename(int)
                0x00000000c0012d86                ReservedFilename::ReservedFilename(int)
                0x00000000c0012db8                UnixFile::~UnixFile()
                0x00000000c0012db8                UnixFile::~UnixFile()
                0x00000000c0012e54                UnixFile::~UnixFile()
                0x00000000c0012e7c                ReservedFilename::~ReservedFilename()
                0x00000000c0012e7c                ReservedFilename::~ReservedFilename()
                0x00000000c0012ea0                ReservedFilename::~ReservedFilename()
                0x00000000c0012ec7                KeGetFileFromDescriptor(int)
 .text          0x00000000c0012fc4     0x1210 krnl/virtmgr.32
                0x00000000c0012fc4                Virt::setPageState(unsigned long, Virt::VirtPageState)
                0x00000000c0012ffe                Virt::getPageState(unsigned long)
                0x00000000c0013021                Virt::allocateKernelVirtualPages(int)
                0x00000000c0013146                Virt::freeSwapfilePage(unsigned long)
                0x00000000c0013169                Virt::swapIDToSector(unsigned long)
                0x00000000c001317f                Virt::allocateSwapfilePage()
                0x00000000c00131ff                Virt::virtualMemorySetup()
                0x00000000c0013250                Virt::setupPageSwapping(int)
                0x00000000c00132c2                VAS::setCPUSpecific(unsigned long)
                0x00000000c00132c4                VAS::VAS(VAS*)
                0x00000000c00132c4                VAS::VAS(VAS*)
                0x00000000c00132dc                VAS::getForeignPageTableEntry(bool, unsigned long)
                0x00000000c001330a                VAS::getPageTableEntry(unsigned long)
                0x00000000c0013329                Virt::freeKernelVirtualPages(unsigned long)
                0x00000000c0013466                VAS::freeAllocatedPages(unsigned long)
                0x00000000c001348a                VAS::virtualToPhysical(unsigned long)
                0x00000000c00134a4                VAS::reflagRange(unsigned long, int, unsigned long, unsigned long)
                0x00000000c00134e6                VAS::VAS()
                0x00000000c00134e6                VAS::VAS()
                0x00000000c0013550                VAS::setToWriteCombining(unsigned long, int)
                0x00000000c0013584                VAS::mapOtherVASIn(bool, VAS*)
                0x00000000c00135b0                VAS::~VAS()
                0x00000000c00135b0                VAS::~VAS()
                0x00000000c001371e                VAS::mapPage(unsigned long, unsigned long, int)
                0x00000000c0013822                VAS::allocatePages(int, int)
                0x00000000c0013918                VAS::mapRange(unsigned long, unsigned long, int, int)
                0x00000000c0013970                VAS::mapForeignPage(bool, VAS*, unsigned long, unsigned long, int)
                0x00000000c0013a66                VAS::VAS(bool)
                0x00000000c0013a66                VAS::VAS(bool)
                0x00000000c0013cb0                VAS::evict(unsigned long)
                0x00000000c0013d8e                VAS::tryLoadBackOffDisk(unsigned long)
                0x00000000c0013f36                VAS::allocateSharedMemoryWithKernel(unsigned long, unsigned long*)
                0x00000000c0013faa                VAS::freeSharedMemoryWithKernel(unsigned long, unsigned long)
                0x00000000c0013fd6                VAS::scanForEviction()
                0x00000000c00140d9                mapVASFirstTime
 .text          0x00000000c00141d4       0x36 sys/eject.32
                0x00000000c00141d4                SysEject(regs*)
 .text          0x00000000c001420a       0x18 sys/exit.32
                0x00000000c001420a                SysExit(regs*)
 .text          0x00000000c0014222       0x1f sys/getcwd.32
                0x00000000c0014222                SysGetCwd(regs*)
 .text          0x00000000c0014241        0xc sys/getpid.32
                0x00000000c0014241                SysGetPID(regs*)
 .text          0x00000000c001424d       0x1a sys/getramdata.32
                0x00000000c001424d                SysGetRAMData(regs*)
 .text          0x00000000c0014267       0x82 sys/getvgaptr.32
                0x00000000c0014267                SysGetVGAPtr(regs*)
 *fill*         0x00000000c00142e9        0x3 
 .text          0x00000000c00142ec       0xb9 sys/kill.32
                0x00000000c00142ec                SysKill(regs*)
 .text          0x00000000c00143a5       0xa8 sys/loaddll.32
                0x00000000c00143a5                SysLoadDLL(regs*)
 .text          0x00000000c001444d       0x68 sys/read.32
                0x00000000c001444d                SysRead(regs*)
 .text          0x00000000c00144b5       0x29 sys/registersignal.32
                0x00000000c00144b5                SysRegisterSignal(regs*)
 .text          0x00000000c00144de      0x1cc sys/registry.32
                0x00000000c00144de                SysRegistryGetTypeFromPath(regs*)
                0x00000000c0014522                SysRegistryReadExtent(regs*)
                0x00000000c001456a                SysRegistryPathToExtentLookup(regs*)
                0x00000000c0014581                SysRegistryEnterDirectory(regs*)
                0x00000000c0014598                SysRegistryGetNext(regs*)
                0x00000000c00145af                SysRegistryGetNameAndTypeFromExtent(regs*)
                0x00000000c00145e9                SysRegistryOpen(regs*)
                0x00000000c00145fd                SysRegistryClose(regs*)
                0x00000000c0014614                SysRegistryEasyReadString(regs*)
                0x00000000c0014660                SysRegistryEasyReadInteger(regs*)
 .text          0x00000000c00146aa       0x55 sys/sbrk.32
                0x00000000c00146aa                SysSbrk(regs*)
 .text          0x00000000c00146ff       0x1c sys/setcwd.32
                0x00000000c00146ff                SysSetCwd(regs*)
 .text          0x00000000c001471b       0x96 sys/settime.32
                0x00000000c001471b                SysSetTime(regs*)
 .text          0x00000000c00147b1       0x73 sys/symlink.32
                0x00000000c00147b1                SysSymlink(regs*)
 .text          0x00000000c0014824       0x3f sys/timezone.32
                0x00000000c0014824                SysTimezone(regs*)
 .text          0x00000000c0014863       0xfc sys/truncate.32
                0x00000000c0014863                SysTruncate(regs*)
 .text          0x00000000c001495f       0x68 sys/write.32
                0x00000000c001495f                SysWrite(regs*)
 .text          0x00000000c00149c7       0x9d sys/wsbe.32
                0x00000000c00149c7                SysWsbe(regs*)
 .text          0x00000000c0014a64       0x25 sys/yield.32
                0x00000000c0014a64                SysYield(regs*)
 .text          0x00000000c0014a89     0x1207 thr/elf.32
                0x00000000c0014a89                Thr::allocateMemoryForTask(Process*, File*, unsigned long, unsigned long, unsigned long)
                0x00000000c0014d17                Thr::loadProgramIntoMemory(Process*, char const*)
                0x00000000c0014f29                Thr::runtimeReferenceHelper()
                0x00000000c0014f3c                Thr::getAddressOfKernelSymbol(char const*)
                0x00000000c0014f8b                Thr::loadKernelSymbolTable(char const*)
                0x00000000c0015249                Thr::loadDriverIntoMemory(char const*, unsigned long, bool)
                0x00000000c0015982                Thr::getDriverBaseFromAddress(unsigned long)
                0x00000000c00159b4                Thr::getDriverNameFromAddress(unsigned long)
                0x00000000c00159eb                Thr::getDriverOffsetFromAddress(unsigned long)
                0x00000000c0015a05                Thr::loadDLL(char const*, bool)
                0x00000000c0015c57                Thr::executeDLL(unsigned long, void*)
 .text          0x00000000c0015c90       0x5a thr/exec.32
                0x00000000c0015c90                KeProcessExec(Process*, char const*)
 *fill*         0x00000000c0015cea        0x2 
 .text          0x00000000c0015cec     0x1131 thr/prcssthr.32
                0x00000000c0015cec                userModeEntryPoint(void*)
                0x00000000c0015d14                changeTSS
                0x00000000c0015d44                switchToThread(ThreadControlBlock*)
                0x00000000c0015df4                Process::addArgs(char**)
                0x00000000c0015e60                Process::Process(char const*, Process*, char**)
                0x00000000c0015e60                Process::Process(char const*, Process*, char**)
                0x00000000c001606c                Process::Process(bool, char const*, Process*, char**)
                0x00000000c001606c                Process::Process(bool, char const*, Process*, char**)
                0x00000000c0016240                taskStartupFunction
                0x00000000c001624c                KeDisablePreemption()
                0x00000000c0016274                KeRestorePreemption()
                0x00000000c0016294                Process::createThread(void (*)(void*), void*, int)
                0x00000000c00163a0                Process::createUserThread()
                0x00000000c00163c0                setupMultitasking(void (*)())
                0x00000000c00164e4                schedule()
                0x00000000c0016578                blockTaskWithSchedulerLockAlreadyHeld(TaskState)
                0x00000000c00165a0                blockTask(TaskState)
                0x00000000c00165d8                waitTask(int, int*, int)
                0x00000000c001661c                milliTenthSleepUntil(unsigned int)
                0x00000000c00166bc                milliTenthSleep(unsigned int)
                0x00000000c00166d0                sleep(unsigned int)
                0x00000000c00166ec                taskReturned
                0x00000000c0016730                Thr::processFromPID(int)
                0x00000000c00167dc                unblockTask(ThreadControlBlock*)
                0x00000000c0016888                cleanupTerminatedTask(ThreadControlBlock*)
                0x00000000c0016b5c                cleanerTaskFunction(void*)
                0x00000000c0016c64                terminateTask(int)
                0x00000000c0016d50                Thr::terminateFromIRQ(int)
 .text          0x00000000c0016e1d      0xd00 vm86/vm8086.32
                0x00000000c0016e1d                Vm::inbv(unsigned short)
                0x00000000c0016e30                Vm::outbv(unsigned short, unsigned char)
                0x00000000c0016e66                Vm::realToLinear(unsigned short, unsigned short)
                0x00000000c0016e76                Vm::getSegment(unsigned int)
                0x00000000c0016e7e                Vm::getOffset(unsigned int)
                0x00000000c0016e83                Vm::mainloop2()
                0x00000000c0016ebd                Vm::mainVm8086Loop(void*)
                0x00000000c0016ecd                Vm::mainloop3(unsigned long)
                0x00000000c0016ef3                Vm::initialise8086()
                0x00000000c0016f36                Vm::resetConventionalMemory8086()
                0x00000000c0016f37                Vm::finish8086()
                0x00000000c0016f98                Vm::getOutput8086(unsigned char*)
                0x00000000c0016fbd                Vm::start8086FromBuffer(unsigned char*, int, unsigned short, unsigned short, unsigned short, unsigned short)
                0x00000000c00170e4                Vm::start8086(char const*, unsigned short, unsigned short, unsigned short, unsigned short)
                0x00000000c00172ec                Vm::doISR(regs*, int, unsigned char*, unsigned short, unsigned short)
                0x00000000c0017385                Vm::readByteFromReal(unsigned short, unsigned short)
                0x00000000c0017396                Vm::readWordFromReal(unsigned short, unsigned short)
                0x00000000c00173a8                Vm::readDwordFromReal(unsigned short, unsigned short)
                0x00000000c00173b9                Vm::writeByteFromReal(unsigned short, unsigned short, unsigned char)
                0x00000000c00173ce                Vm::writeWordFromReal(unsigned short, unsigned short, unsigned short)
                0x00000000c00173e4                Vm::writeDwordFromReal(unsigned short, unsigned short, unsigned int)
                0x00000000c00173f9                Vm::faultHandler(regs*)
 .text          0x00000000c0017b1d      0xb3d arch/i386/hal.32
                0x00000000c0017b1d                noCopro(unsigned long)
                0x00000000c0017b1e                x86ReadCMOS(unsigned char)
                0x00000000c0017b72                x86WriteCMOS(unsigned char, unsigned char)
                0x00000000c0017bd2                HalEnableNMI()
                0x00000000c0017be5                HalDisableNMI()
                0x00000000c0017bf8                HalGetNMIState()
                0x00000000c0017bfe                x86rdmsr(unsigned int)
                0x00000000c0017c42                x86wrmsr(unsigned int, unsigned long long)
                0x00000000c0017c8d                HalHandleGeneralProtectionFault(void*, void*)
                0x00000000c0017ca3                HalHandlePageFault(void*, void*)
                0x00000000c0017cd2                HalHandleOpcodeFault(void*, void*)
                0x00000000c0017d20                HalDisplayDebugInfo(void*)
                0x00000000c00180ae                HalReceivedNMI()
                0x00000000c0018149                HalSystemIdle()
                0x00000000c00181bc                i386SaveCoprocessor(void*)
                0x00000000c00181d0                i386LoadCoprocessor(void*)
                0x00000000c00181e4                x87EmulHandler(regs*, void*)
                0x00000000c0018281                HalInitialiseCoprocessor()
                0x00000000c001830a                HalPanic(char const*)
                0x00000000c001841e                HalQueryPerformanceCounter()
                0x00000000c0018439                HalInitialise()
                0x00000000c00185ef                HalMakeBeep(int)
                0x00000000c0018629                HalGetRand()
                0x00000000c001862c                HalEndOfInterrupt(int)
                0x00000000c0018657                HalRestart()
                0x00000000c0018658                HalShutdown()
                0x00000000c0018659                HalSleep()
 *fill*         0x00000000c001865a        0x2 
 .text          0x00000000c001865c      0x2dc arch/i386/pic.32
                0x00000000c001865c                picIoWait()
                0x00000000c0018664                picDisable()
                0x00000000c0018698                picGetIRQReg(int)
                0x00000000c0018714                picOpen()
                0x00000000c0018898                picEOI(int)
 .text          0x00000000c0018938      0x5f8 arch/i386/rtc.32
                0x00000000c0018938                RTC::open(int, int, void*)
                0x00000000c001893c                RTC::close(int, int, void*)
                0x00000000c0018940                RTC::timeInSecondsUTC()
                0x00000000c0018952                RTC::timeInDatetimeUTC()
                0x00000000c0018978                RTC::setTimeInSecondsUTC(unsigned long long)
                0x00000000c00189b6                RTC::~RTC()
                0x00000000c00189b6                RTC::~RTC()
                0x00000000c00189da                RTC::~RTC()
                0x00000000c0018a04                RTC::get_update_in_progress_flag()
                0x00000000c0018a18                RTC::completeRTCRefresh()
                0x00000000c0018ccc                RTC::setTimeInDatetimeUTC(datetime_t)
                0x00000000c0018e42                rtcIRQHandler(regs*, void*)
                0x00000000c0018e82                RTC::RTC()
                0x00000000c0018e82                RTC::RTC()
 .text          0x00000000c0018f30      0x1f4 arch/i386/vga.32
                0x00000000c0018f30                HalConsoleScroll(int, int)
                0x00000000c0019038                HalConsoleWriteCharacter(char, int, int, int, int)
                0x00000000c001909c                HalConsoleCursorUpdate(int, int)
 .text          0x00000000c0019124     0x14cf fs/fat/vfslink.32
                0x00000000c0019124                FAT::getName()
                0x00000000c001912c                FAT::tell(void*, unsigned long long*)
                0x00000000c0019168                FAT::stat(void*, unsigned long long*)
                0x00000000c00191a4                FAT::~FAT()
                0x00000000c00191a4                FAT::~FAT()
                0x00000000c00191c8                FAT::~FAT()
                0x00000000c00191f0                FAT::getlabel(LogicalDisk*, int, char*, unsigned int*)
                0x00000000c0019294                FAT::setlabel(LogicalDisk*, int, char*)
                0x00000000c0019358                FAT::format(LogicalDisk*, int, char const*, int)
                0x00000000c001953c                FAT::tryMount(LogicalDisk*, int)
                0x00000000c0019758                FAT::allocateSwapfile(char const*, int)
                0x00000000c0019918                FAT::readDir(void*, unsigned long, void*, int*)
                0x00000000c0019a88                FAT::read(void*, unsigned long, void*, int*)
                0x00000000c0019ae8                FAT::write(void*, unsigned long, void*, int*)
                0x00000000c0019b48                FAT::close(void*)
                0x00000000c0019b9c                FAT::closeDir(void*)
                0x00000000c0019bf0                FAT::truncate(void*, unsigned long long)
                0x00000000c0019c5c                FAT::seek(void*, unsigned long long)
                0x00000000c0019cb4                fatWrapperReadDisk
                0x00000000c0019cf4                fatWrapperWriteDisk
                0x00000000c0019d34                fatWrapperIoctl
                0x00000000c0019e50                FAT::FAT()
                0x00000000c0019e50                FAT::FAT()
                0x00000000c0019ea8                FAT::fixFilepath(char*)
                0x00000000c0019ee8                FAT::open(char const*, void**, FileOpenMode)
                0x00000000c001a05c                FAT::openDir(char const*, void**)
                0x00000000c001a10c                FAT::stat(char const*, unsigned long long*, bool*)
                0x00000000c001a204                FAT::unlink(char const*)
                0x00000000c001a284                FAT::chfatattr(char const*, unsigned char, unsigned char)
                0x00000000c001a438                FAT::rename(char const*, char const*)
                0x00000000c001a504                FAT::mkdir(char const*)
                0x00000000c001a584                FAT::exists(char const*)
 *fill*         0x00000000c001a5f3        0x1 
 .text          0x00000000c001a5f4       0x94 fs/iso9660/helper.32
                0x00000000c001a5f4                isoReadDiscSectorHelper
                0x00000000c001a650                iso_kprintf
                0x00000000c001a66c                iso_kprintfd
 .text          0x00000000c001a688      0x71c fs/iso9660/vfslink.32
                0x00000000c001a688                ISO9660::format(LogicalDisk*, int, char const*, int)
                0x00000000c001a68e                ISO9660::truncate(void*, unsigned long long)
                0x00000000c001a694                ISO9660::getName()
                0x00000000c001a69a                ISO9660::closeDir(void*)
                0x00000000c001a6a4                ISO9660::chfatattr(char const*, unsigned char, unsigned char)
                0x00000000c001a6aa                ISO9660::unlink(char const*)
                0x00000000c001a6b0                ISO9660::write(void*, unsigned long, void*, int*)
                0x00000000c001a6b6                ISO9660::rename(char const*, char const*)
                0x00000000c001a6bc                ISO9660::mkdir(char const*)
                0x00000000c001a6c2                ISO9660::~ISO9660()
                0x00000000c001a6c2                ISO9660::~ISO9660()
                0x00000000c001a6e6                ISO9660::~ISO9660()
                0x00000000c001a70e                ISO9660::exists(char const*)
                0x00000000c001a722                ISO9660::open(char const*, void**, FileOpenMode)
                0x00000000c001a808                ISO9660::read(void*, unsigned long, void*, int*)
                0x00000000c001a850                ISO9660::seek(void*, unsigned long long)
                0x00000000c001a892                ISO9660::tell(void*, unsigned long long*)
                0x00000000c001a8d0                ISO9660::stat(void*, unsigned long long*)
                0x00000000c001a922                ISO9660::stat(char const*, unsigned long long*, bool*)
                0x00000000c001aa64                ISO9660::close(void*)
                0x00000000c001aa94                ISO9660::openDir(char const*, void**)
                0x00000000c001ab6e                ISO9660::readDir(void*, unsigned long, void*, int*)
                0x00000000c001ac8b                readSectorFromCDROM(unsigned int, unsigned char*, char)
                0x00000000c001ad0a                ISO9660::tryMount(LogicalDisk*, int)
                0x00000000c001ad7c                ISO9660::ISO9660()
                0x00000000c001ad7c                ISO9660::ISO9660()
 .text          0x00000000c001ada4      0x26c hal/sound/sndcard.32
                0x00000000c001ada4                SoundCard::beginPlayback()
                0x00000000c001adb2                SoundCard::stopPlayback()
                0x00000000c001adc0                SoundCard::SoundCard(char const*)
                0x00000000c001adc0                SoundCard::SoundCard(char const*)
                0x00000000c001ae5e                SoundCard::~SoundCard()
                0x00000000c001ae5e                SoundCard::~SoundCard()
                0x00000000c001ae82                SoundCard::~SoundCard()
                0x00000000c001aeac                SoundCard::configureRates(int, int, int)
                0x00000000c001aedc                SoundCard::getSamples16(int, short*)
                0x00000000c001af38                SoundCard::getSamples32(int, int*)
                0x00000000c001afbe                SoundCard::addChannel(SoundPort*)
                0x00000000c001affc                SoundCard::removeChannel(int)
 .text          0x00000000c001b010      0x38a hal/sound/sndport.32
                0x00000000c001b010                SoundPort::SoundPort(int, int, int, int)
                0x00000000c001b010                SoundPort::SoundPort(int, int, int, int)
                0x00000000c001b09c                SoundPort::~SoundPort()
                0x00000000c001b09c                SoundPort::~SoundPort()
                0x00000000c001b0d0                SoundPort::unpause()
                0x00000000c001b0dc                SoundPort::pause()
                0x00000000c001b0e8                SoundPort::getBufferUsed()
                0x00000000c001b0f0                SoundPort::getBufferSize()
                0x00000000c001b0f8                SoundPort::buffer16(short*, int)
                0x00000000c001b184                SoundPort::buffer32(int*, int)
                0x00000000c001b210                SoundPort::unbufferAndAdd16(int, short*, SoundCard*)
                0x00000000c001b2dc                SoundPort::unbufferAndAdd32(int, int*, SoundCard*)
 .text          0x00000000c001b39a        0x0 hw/bus/isa.32
 .text          0x00000000c001b39a      0xc23 hw/bus/pci.32
                0x00000000c001b39a                PCI::open(int, int, void*)
                0x00000000c001b3b8                PCI::close(int, int, void*)
                0x00000000c001b3bc                PCI::PCI()
                0x00000000c001b3bc                PCI::PCI()
                0x00000000c001b454                PCI::readBAR8(unsigned int, int)
                0x00000000c001b470                PCI::readBAR16(unsigned int, int)
                0x00000000c001b48e                PCI::readBAR32(unsigned int, int)
                0x00000000c001b4aa                PCI::writeBAR8(unsigned int, unsigned char, int)
                0x00000000c001b4ca                PCI::writeBAR16(unsigned int, unsigned short, int)
                0x00000000c001b4ec                PCI::writeBAR32(unsigned int, unsigned int, int)
                0x00000000c001b50c                PCI::legacyMechanism(unsigned char, unsigned char, unsigned char, unsigned char)
                0x00000000c001b582                PCI::pciReadWord(unsigned char, unsigned char, unsigned char, unsigned char)
                0x00000000c001b62c                PCI::getVendorID(unsigned char, unsigned char, unsigned char)
                0x00000000c001b650                PCI::getHeaderType(unsigned char, unsigned char, unsigned char)
                0x00000000c001b678                PCI::getClassCode(unsigned char, unsigned char, unsigned char)
                0x00000000c001b6c2                PCI::getProgIF(unsigned char, unsigned char, unsigned char)
                0x00000000c001b6ea                PCI::getRevisionID(unsigned char, unsigned char, unsigned char)
                0x00000000c001b70e                PCI::getInterruptNumber(unsigned char, unsigned char, unsigned char)
                0x00000000c001b732                PCI::getSecondaryBus(unsigned char, unsigned char, unsigned char)
                0x00000000c001b75a                PCI::getBARAddress(unsigned char, unsigned char, unsigned char, unsigned char)
                0x00000000c001b7be                PCI::pciWriteWord(unsigned char, unsigned char, unsigned char, unsigned char, unsigned short)
                0x00000000c001b8a6                PCI::pciDetailsToFilepath(PCIDeviceInfo, char*)
                0x00000000c001bb6c                PCI::checkBus(unsigned char)
                0x00000000c001bb90                PCI::foundDevice(PCIDeviceInfo)
                0x00000000c001bd76                PCI::getDeviceData(unsigned char, unsigned char, unsigned char)
                0x00000000c001bef2                PCI::checkDevice(unsigned char, unsigned char)
                0x00000000c001bf64                PCI::detect()
 *fill*         0x00000000c001bfbd        0x1 
 .text          0x00000000c001bfbe      0xe16 hw/diskctrl/ide.32
                0x00000000c001bfbe                IDE::close(int, int, void*)
                0x00000000c001bfc2                IDE::IDE()
                0x00000000c001bfc2                IDE::IDE()
                0x00000000c001bff6                IDE::prepareInterrupt(unsigned char)
                0x00000000c001c008                selectDrive(unsigned char, unsigned char)
                0x00000000c001c00a                IDE::getBase(unsigned char)
                0x00000000c001c01c                IDE::write(unsigned char, unsigned char, unsigned char)
                0x00000000c001c0dc                IDE::read(unsigned char, unsigned char)
                0x00000000c001c18a                IDE::waitInterrupt(unsigned char)
                0x00000000c001c1ec                ideChannel0IRQHandler(regs*, void*)
                0x00000000c001c208                ideChannel1IRQHandler(regs*, void*)
                0x00000000c001c224                IDE::enableIRQs(unsigned char, bool)
                0x00000000c001c26e                IDE::open(int, int, void*)
                0x00000000c001c7b4                IDE::readBuffer(unsigned char, unsigned char, unsigned int, unsigned int)
                0x00000000c001c884                IDE::detect()
                0x00000000c001ccc6                IDE::printError(unsigned char, unsigned char, unsigned char)
                0x00000000c001cd80                IDE::polling(unsigned char, unsigned int)
 .text          0x00000000c001cdd4      0x33d hw/diskctrl/satabus.32
                0x00000000c001cdd4                SATABus::close(int, int, void*)
                0x00000000c001cdd8                SATABus::detect()
                0x00000000c001cdda                SATABus::SATABus()
                0x00000000c001cdda                SATABus::SATABus()
                0x00000000c001ce60                SATABus::findCmdslot(SATABus::tagHBA_PORT volatile*)
                0x00000000c001ce92                SATABus::checkType(SATABus::tagHBA_PORT volatile*)
                0x00000000c001ceda                SATABus::startCmd(SATABus::tagHBA_PORT volatile*)
                0x00000000c001cefa                SATABus::stopCmd(SATABus::tagHBA_PORT volatile*)
                0x00000000c001cf24                SATABus::portRebase(SATABus::tagHBA_PORT volatile*, int)
                0x00000000c001d034                SATABus::probePort(SATABus::tagHBA_MEM volatile*)
                0x00000000c001d0de                SATABus::open(int, int, void*)
 *fill*         0x00000000c001d111        0x1 
 .text          0x00000000c001d112      0x987 hw/diskphys/ata.32
                0x00000000c001d112                ATA::close(int, int, void*)
                0x00000000c001d136                ATA::powerSaving(PowerSavingLevel)
                0x00000000c001d138                ATA::ATA()
                0x00000000c001d138                ATA::ATA()
                0x00000000c001d166                ATA::flush(bool)
                0x00000000c001d1b4                ATA::readyForCommand()
                0x00000000c001d200                ATA::access(unsigned long long, int, void*, bool)
                0x00000000c001d5de                ATA::detectCHS()
                0x00000000c001d608                ATA::open(int, int, void*)
                0x00000000c001d6d4                combineCharAndColour(char, unsigned char)
                0x00000000c001d6e5                combineColours(unsigned char, unsigned char)
                0x00000000c001d6f2                ATA::read(unsigned long long, int, void*)
                0x00000000c001d8c8                ATA::write(unsigned long long, int, void*)
 *fill*         0x00000000c001da99        0x1 
 .text          0x00000000c001da9a      0x618 hw/diskphys/atapi.32
                0x00000000c001da9a                ATAPI::write(unsigned long long, int, void*)
                0x00000000c001daa0                ATAPI::close(int, int, void*)
                0x00000000c001dac4                ATAPI::ATAPI()
                0x00000000c001dac4                ATAPI::ATAPI()
                0x00000000c001daf2                ATAPI::readyForCommand()
                0x00000000c001db44                ATAPI::sendPacket(unsigned char*, int, bool, unsigned short*, int)
                0x00000000c001de0c                ATAPI::diskRemoved()
                0x00000000c001de46                ATAPI::eject()
                0x00000000c001de8e                ATAPI::diskInserted()
                0x00000000c001de9a                ATAPI::detectMedia()
                0x00000000c001df58                ATAPI::open(int, int, void*)
                0x00000000c001e038                ATAPI::read(unsigned long long, int, void*)
 .text          0x00000000c001e0b2      0x849 hw/diskphys/sata.32
                0x00000000c001e0b2                SATA::close(int, int, void*)
                0x00000000c001e0d6                SATA::powerSaving(PowerSavingLevel)
                0x00000000c001e0d8                SATA::open(int, int, void*)
                0x00000000c001e190                SATA::SATA()
                0x00000000c001e190                SATA::SATA()
                0x00000000c001e1be                SATA::access(unsigned long long, int, void*, bool)
                0x00000000c001e446                SATA::read(unsigned long long, int, void*)
                0x00000000c001e696                SATA::write(unsigned long long, int, void*)
 *fill*         0x00000000c001e8fb        0x1 
 .text          0x00000000c001e8fc      0x5d0 hw/diskphys/satapi.32
                0x00000000c001e8fc                SATAPI::write(unsigned long long, int, void*)
                0x00000000c001e902                SATAPI::close(int, int, void*)
                0x00000000c001e926                SATAPI::SATAPI()
                0x00000000c001e926                SATAPI::SATAPI()
                0x00000000c001e954                SATAPI::diskRemoved()
                0x00000000c001e956                SATAPI::diskInserted()
                0x00000000c001e972                SATAPI::sendPacket(unsigned char*, int, unsigned long long, unsigned short*, int)
                0x00000000c001ec50                SATAPI::eject()
                0x00000000c001ec8c                SATAPI::detectMedia()
                0x00000000c001ece2                SATAPI::open(int, int, void*)
                0x00000000c001ede2                SATAPI::read(unsigned long long, int, void*)
 .text          0x00000000c001eecc      0x44f hw/intctrl/apic.32
                0x00000000c001eecc                IOAPIC::close(int, int, void*)
                0x00000000c001eed2                apicGetBase()
                0x00000000c001ef0c                IOAPIC::IOAPIC()
                0x00000000c001ef0c                IOAPIC::IOAPIC()
                0x00000000c001ef34                apicOpen()
                0x00000000c001f0b0                IOAPIC::handlesGSIWithNumber(unsigned int)
                0x00000000c001f0e2                IOAPIC::read(int)
                0x00000000c001f10a                IOAPIC::open(int, int, void*)
                0x00000000c001f1f0                IOAPIC::write(int, int)
                0x00000000c001f21c                IOAPIC::redirect(unsigned char, unsigned long long, unsigned char, bool, bool)
 *fill*         0x00000000c001f31b        0x1 
 .text          0x00000000c001f31c       0xf0 hw/timer/apictimer.32
                0x00000000c001f31c                APICTimer::close(int, int, void*)
                0x00000000c001f324                apicTimerHandler(regs*, void*)
                0x00000000c001f34c                APICTimer::open(int, int, void*)
                0x00000000c001f3bc                APICTimer::write(int)
                0x00000000c001f3e4                APICTimer::APICTimer()
                0x00000000c001f3e4                APICTimer::APICTimer()
 .text          0x00000000c001f40c      0x1ad hw/timer/pit.32
                0x00000000c001f40c                PIT::write(int)
                0x00000000c001f490                pitHandler(regs*, void*)
                0x00000000c001f4b8                PIT::open(int, int, void*)
                0x00000000c001f508                PIT::close(int, int, void*)
                0x00000000c001f538                PIT::PIT()
                0x00000000c001f538                PIT::PIT()
 *fill*         0x00000000c001f5b9        0x7 
 .text          0x00000000c001f5c0       0x6f arch/i386/avx.32
                0x00000000c001f5c0                avxDetect
                0x00000000c001f5ea                avxSave
                0x00000000c001f5fb                avxLoad
                0x00000000c001f60c                avxInit
                0x00000000c001f62e                avxClose
 *fill*         0x00000000c001f62f        0x1 
 .text          0x00000000c001f630      0x2ec arch/i386/interrupt.32
                0x00000000c001f630                isr0
                0x00000000c001f640                isr1
                0x00000000c001f64a                isr2
                0x00000000c001f654                isr3
                0x00000000c001f65e                isr4
                0x00000000c001f668                isr5
                0x00000000c001f672                isr6
                0x00000000c001f67c                isr7
                0x00000000c001f686                isr8
                0x00000000c001f68e                isr9
                0x00000000c001f698                isr10
                0x00000000c001f6a0                isr11
                0x00000000c001f6a8                isr12
                0x00000000c001f6b0                isr13
                0x00000000c001f6ca                isr14
                0x00000000c001f6d2                isr15
                0x00000000c001f6dc                isr16
                0x00000000c001f6e6                isr17