Archive member included to satisfy reference by file (symbol)

/cygdrive/d/Users/Alex/Desktop/Toolchain/Output/bin/../lib/gcc/i386-banana/8.1.0/libkgcc.a(_divdi3.o)
                              fs/fat/ff.32 (__divdi3)
/cygdrive/d/Users/Alex/Desktop/Toolchain/Output/bin/../lib/gcc/i386-banana/8.1.0/libkgcc.a(_moddi3.o)
                              thr/elf.32 (__moddi3)
/cygdrive/d/Users/Alex/Desktop/Toolchain/Output/bin/../lib/gcc/i386-banana/8.1.0/libkgcc.a(_udivdi3.o)
                              fs/fat/ff.32 (__udivdi3)
/cygdrive/d/Users/Alex/Desktop/Toolchain/Output/bin/../lib/gcc/i386-banana/8.1.0/libkgcc.a(_umoddi3.o)
                              core/pipe.32 (__umoddi3)
D:/Users/Alex/Desktop/Banana/kernel/libsoftfp.a(sfieeelib.o)
                              hal/sound/sndhw.32 (__addsf3)
D:/Users/Alex/Desktop/Banana/kernel/libsoftfp.a(dfieeelib.o)
                              hal/libresample/src_linear.32 (__adddf3)
D:/Users/Alex/Desktop/Banana/kernel/libsoftfp.a(sfdfcvt.o)
                              hal/libresample/samplerate.32 (__truncdfsf2)
D:/Users/Alex/Desktop/Banana/kernel/libk/libm32.a(s_fabs.c.o)
                              hal/libresample/samplerate.32 (fabs)
D:/Users/Alex/Desktop/Banana/kernel/libk/libm32.a(s_lrint.S.o)
                              hal/libresample/samplerate.32 (lrint)
D:/Users/Alex/Desktop/Banana/kernel/libk/libm32.a(s_lrintf.S.o)
                              hal/sound/sndhw.32 (lrintf)

Discarded input sections

 .comment       0x0000000000000000       0x12 /cygdrive/d/Users/Alex/Desktop/Toolchain/Output/bin/../lib/gcc/i386-banana/8.1.0/crtbegin.o
 .comment       0x0000000000000000       0x12 acpica/utclib.32
 .comment       0x0000000000000000       0x12 core/malloc.32
 .comment       0x0000000000000000       0x12 libk/string.32
 .comment       0x0000000000000000       0x12 fs/fat/diskio.32
 .comment       0x0000000000000000       0x12 fs/fat/ff.32
 .comment       0x0000000000000000       0x12 fs/fat/ffsystem.32
 .comment       0x0000000000000000       0x12 fs/fat/ffunicode.32
 .comment       0x0000000000000000       0x12 hal/libresample/samplerate.32
 .comment       0x0000000000000000       0x12 hal/libresample/src_linear.32
 .comment       0x0000000000000000       0x12 hal/libresample/src_sinc.32
 .comment       0x0000000000000000       0x12 hal/libresample/src_zoh.32
 .comment       0x0000000000000000       0x12 compat/inlines.32
 .group         0x0000000000000000       0x14 core/computer.32
 .group         0x0000000000000000        0xc core/computer.32
 .comment       0x0000000000000000       0x12 core/computer.32
 .comment       0x0000000000000000       0x12 core/gdt.32
 .group         0x0000000000000000        0xc core/idle.32
 .comment       0x0000000000000000       0x12 core/idle.32
 .comment       0x0000000000000000       0x12 core/idt.32
 .comment       0x0000000000000000       0x12 core/kheap.32
 .comment       0x0000000000000000       0x12 core/main.32
 .comment       0x0000000000000000       0x12 core/physmgr.32
 .group         0x0000000000000000        0xc core/pipe.32
 .comment       0x0000000000000000       0x12 core/pipe.32
 .group         0x0000000000000000        0xc core/terminal.32
 .comment       0x0000000000000000       0x12 core/terminal.32
 .comment       0x0000000000000000       0x12 core/tss.32
 .group         0x0000000000000000        0x8 core/unixfile.32
 .group         0x0000000000000000        0xc core/unixfile.32
 .group         0x0000000000000000        0xc core/unixfile.32
 .group         0x0000000000000000        0x8 core/unixfile.32
 .group         0x0000000000000000        0xc core/unixfile.32
 .group         0x0000000000000000        0x8 core/unixfile.32
 .group         0x0000000000000000        0xc core/unixfile.32
 .group         0x0000000000000000        0xc core/unixfile.32
 .comment       0x0000000000000000       0x12 core/unixfile.32
 .comment       0x0000000000000000       0x12 core/virtmgr.32
 .comment       0x0000000000000000       0x12 coreobjs/c++.32
 .comment       0x0000000000000000       0x12 dbg/kconsole.32
 .group         0x0000000000000000        0xc fs/vfs.32
 .group         0x0000000000000000        0xc fs/vfs.32
 .group         0x0000000000000000        0xc fs/vfs.32
 .comment       0x0000000000000000       0x12 fs/vfs.32
 .group         0x0000000000000000        0xc hal/bus.32
 .comment       0x0000000000000000       0x12 hal/bus.32
 .group         0x0000000000000000        0xc hal/buzzer.32
 .comment       0x0000000000000000       0x12 hal/buzzer.32
 .group         0x0000000000000000        0xc hal/clock.32
 .comment       0x0000000000000000       0x12 hal/clock.32
 .group         0x0000000000000000       0x14 hal/device.32
 .group         0x0000000000000000        0xc hal/device.32
 .group         0x0000000000000000        0xc hal/device.32
 .group         0x0000000000000000        0xc hal/device.32
 .group         0x0000000000000000        0xc hal/device.32
[...]
Memory Configuration

Name             Origin             Length             Attributes
*default*        0x0000000000000000 0xffffffffffffffff

Linker script and memory map

LOAD D:/Users/Alex/Desktop/Banana/kernel/boot.32
LOAD crti.32
LOAD /cygdrive/d/Users/Alex/Desktop/Toolchain/Output/bin/../lib/gcc/i386-banana/8.1.0/crtbegin.o
LOAD D:/Users/Alex/Desktop/Banana/kernel/morenasm.32
LOAD acpica/utclib.32
LOAD core/malloc.32
LOAD libk/string.32
LOAD fs/fat/diskio.32
LOAD fs/fat/ff.32
LOAD fs/fat/ffsystem.32
LOAD fs/fat/ffunicode.32
LOAD hal/libresample/samplerate.32
LOAD hal/libresample/src_linear.32
LOAD hal/libresample/src_sinc.32
LOAD hal/libresample/src_zoh.32
LOAD compat/inlines.32
LOAD core/computer.32
LOAD core/gdt.32
LOAD core/idle.32
LOAD core/idt.32
LOAD core/kheap.32
LOAD core/main.32
LOAD core/physmgr.32
LOAD core/pipe.32
LOAD core/terminal.32
LOAD core/tss.32
LOAD core/unixfile.32
LOAD core/virtmgr.32
LOAD coreobjs/c++.32
LOAD dbg/kconsole.32
LOAD fs/vfs.32
LOAD hal/bus.32
LOAD hal/buzzer.32
LOAD hal/clock.32
LOAD hal/device.32
LOAD hal/diskctrl.32
LOAD hal/diskphys.32
LOAD hal/fpu.32
LOAD hal/intctrl.32
LOAD hal/keybrd.32
LOAD hal/logidisk.32
LOAD hal/mouse.32
LOAD hal/partition.32
LOAD hal/timer.32
LOAD hal/vcache.32
LOAD hal/video.32
LOAD hw/acpi.32
LOAD hw/cpu.32
LOAD hw/ports.32
LOAD krnl/panic.32
LOAD reg/registry.32
LOAD sys/sc_exit.32
LOAD sys/sc_loaddll.32
LOAD sys/sc_read.32
LOAD sys/sc_sbrk.32
LOAD sys/sc_write.32
LOAD sys/sc_yield.32
LOAD sys/syscalls.32
LOAD thr/elf.32
LOAD thr/prcssthr.32
LOAD vm86/vm8086.32
LOAD vm86/x87em.32
LOAD fs/fat/vfslink.32
LOAD fs/iso9660/vfslink.32
LOAD hal/sound/sndchannel.32
LOAD hal/sound/sndhw.32
LOAD hw/bus/isa.32
LOAD hw/bus/pci.32
LOAD hw/diskctrl/ide.32
LOAD hw/diskphys/ata.32
LOAD hw/diskphys/atapi.32
LOAD hw/fpu/avx.32
LOAD hw/fpu/mmx.32
LOAD hw/fpu/sse.32
LOAD hw/fpu/x87.32
LOAD hw/intctrl/apic.32
LOAD hw/intctrl/pic.32
LOAD hw/timer/apictimer.32
LOAD hw/timer/pit.32
LOAD hw/fpu/x86/avx.32
LOAD hw/fpu/x86/sse.32
LOAD hw/fpu/x86/x87.32
LOAD /cygdrive/d/Users/Alex/Desktop/Toolchain/Output/bin/../lib/gcc/i386-banana/8.1.0/crtend.o
LOAD crtn.32
LOAD /cygdrive/d/Users/Alex/Desktop/Toolchain/Output/bin/../lib/gcc/i386-banana/8.1.0/libkgcc.a
LOAD D:/Users/Alex/Desktop/Banana/kernel/libsoftfp.a
LOAD D:/Users/Alex/Desktop/Banana/kernel/libk/libm32.a
                0x00000000c0000000                . = 0xc0000000

.text           0x00000000c0000000    0x256f8
 *(.text)
 .text          0x00000000c0000000       0x41 D:/Users/Alex/Desktop/Banana/kernel/boot.32
                0x00000000c0000020                callGlobalConstructors
 .text          0x00000000c0000041        0x0 crti.32
 *fill*         0x00000000c0000041        0x3 
 .text          0x00000000c0000044      0x101 /cygdrive/d/Users/Alex/Desktop/Toolchain/Output/bin/../lib/gcc/i386-banana/8.1.0/crtbegin.o
 *fill*         0x00000000c0000145        0xb 
 .text          0x00000000c0000150      0x494 D:/Users/Alex/Desktop/Banana/kernel/morenasm.32
                0x00000000c0000150                prepareTramp
                0x00000000c0000169                voodooXADD
                0x00000000c0000234                doTPAUSE
                0x00000000c000023e                hasLegacyFPU
                0x00000000c0000263                is486
                0x00000000c0000299                detectCPUID
                0x00000000c00002af                goToVM86
                0x00000000c00002e0                goToUsermode
                0x00000000c000030b                switchToThreadASMFirstTime
                0x00000000c0000319                switchToThreadASM
                0x00000000c00003a1                asmQuickAcquireLock
                0x00000000c00003bf                asmQuickReleaseLock
                0x00000000c00003cb                asmAcquireLock
                0x00000000c00003ec                asmReleaseLock
                0x00000000c00003ff                loadGDT
                0x00000000c000041f                isr0
                0x00000000c000042f                isr1
                0x00000000c0000439                isr2
                0x00000000c0000443                isr3
                0x00000000c000044d                isr4
                0x00000000c0000457                isr5
                0x00000000c0000461                isr6
                0x00000000c000046b                isr7
                0x00000000c0000475                isr8
                0x00000000c000047d                isr9
                0x00000000c0000487                isr10
                0x00000000c000048f                isr11
                0x00000000c0000497                isr12
                0x00000000c000049f                isr13
                0x00000000c00004a7                isr14
                0x00000000c00004af                isr15
                0x00000000c00004b9                isr16
                0x00000000c00004c3                isr17
                0x00000000c00004cd                isr18
                0x00000000c00004d7                irq3
                0x00000000c00004e1                irq4
                0x00000000c00004eb                irq5
                0x00000000c00004f5                irq6
                0x00000000c00004ff                irq7
                0x00000000c0000509                irq8
                0x00000000c0000513                irq9
                0x00000000c000051d                irq10
                0x00000000c0000527                irq11
                0x00000000c0000531                irq12
                0x00000000c000053b                irq13
                0x00000000c0000545                irq14
                0x00000000c000054f                irq15
                0x00000000c0000559                irq1
                0x00000000c0000560                irq2
                0x00000000c0000567                isr96
                0x00000000c000056e                irq0
                0x00000000c0000573                syscall_common_stub
                0x00000000c0000573                int_common_stub
                0x00000000c0000594                irq16
                0x00000000c000059e                irq17
                0x00000000c00005a8                irq18
                0x00000000c00005b2                irq19
                0x00000000c00005bc                irq20
                0x00000000c00005c6                irq21
                0x00000000c00005d0                irq22
                0x00000000c00005da                irq23
 .text          0x00000000c00005e4      0x40f acpica/utclib.32
                0x00000000c00005e4                memcmp
                0x00000000c000060f                memmove
                0x00000000c0000647                memcpy
                0x00000000c000067d                memset
                0x00000000c000069a                strlen
                0x00000000c00006aa                strpbrk
                0x00000000c00006cd                strtok
                0x00000000c000071c                strcpy
                0x00000000c000073c                strncpy
                0x00000000c000076d                strcmp
                0x00000000c000078e                strchr
                0x00000000c00007a4                strncmp
                0x00000000c00007d3                strcat
                0x00000000c00007fa                strncat
                0x00000000c0000834                strstr
                0x00000000c0000871                toupper
                0x00000000c0000885                tolower
                0x00000000c0000899                simple_strtoul
 .text          0x00000000c00009f3      0xfbf core/malloc.32
                0x00000000c0000b5e                dlfree
                0x00000000c0000eb9                dlmalloc
                0x00000000c00013f6                dlrealloc
                0x00000000c00015ab                dlmemalign
                0x00000000c00016ce                dlcalloc
                0x00000000c0001768                dlcfree
                0x00000000c000176d                dlindependent_calloc
                0x00000000c0001792                dlindependent_comalloc
                0x00000000c00017a9                dlvalloc
                0x00000000c00017d4                dlpvalloc
                0x00000000c000180a                dlmalloc_trim
                0x00000000c0001817                dlmalloc_usable_size
                0x00000000c0001848                dlmallinfo
                0x00000000c0001917                dlmalloc_stats
                0x00000000c0001928                dlmallopt
 .text          0x00000000c00019b2        0x0 libk/string.32
 .text          0x00000000c00019b2       0x51 fs/fat/diskio.32
                0x00000000c00019b2                disk_status
                0x00000000c00019b5                disk_initialize
                0x00000000c00019b8                disk_read
                0x00000000c00019ce                disk_write
                0x00000000c00019e4                disk_ioctl
 .text          0x00000000c0001a03     0x6833 fs/fat/ff.32
                0x00000000c0004cd1                f_mount
                0x00000000c0004d33                f_open
                0x00000000c000516f                f_read
                0x00000000c00053ef                f_write
                0x00000000c00056a9                f_sync
                0x00000000c0005885                f_close
                0x00000000c00058b4                f_lseek
                0x00000000c0005d6b                f_opendir
                0x00000000c0005e6d                f_closedir
                0x00000000c0005e8f                f_readdir
                0x00000000c0005f2a                f_stat
                0x00000000c0005fb9                f_getfree
                0x00000000c0006184                f_truncate
                0x00000000c000627c                f_unlink
                0x00000000c00063ff                f_mkdir
                0x00000000c000662b                f_rename
                0x00000000c000691e                f_chmod
                0x00000000c00069fc                f_utime
                0x00000000c0006ada                f_getlabel
                0x00000000c0006cc8                f_setlabel
                0x00000000c0006f35                f_forward
                0x00000000c0007113                f_mkfs
 .text          0x00000000c0008236       0x2d fs/fat/ffsystem.32
                0x00000000c0008236                ff_memalloc
                0x00000000c000824c                ff_memfree
 .text          0x00000000c0008263      0x253 fs/fat/ffunicode.32
                0x00000000c0008263                ff_uni2oem
                0x00000000c00082f3                ff_oem2uni
                0x00000000c000835f                ff_wtoupper
 .text          0x00000000c00084b6      0x8fb hal/libresample/samplerate.32
                0x00000000c00084fa                src_delete
                0x00000000c0008536                src_process
                0x00000000c00086ec                src_callback_read
                0x00000000c0008869                src_set_ratio
                0x00000000c00088d3                src_get_channels
                0x00000000c00088f5                src_reset
                0x00000000c0008941                src_new
                0x00000000c00089cf                src_callback_new
                0x00000000c0008a31                src_get_name
                0x00000000c0008a68                src_get_description
                0x00000000c0008a9f                src_get_version
                0x00000000c0008aa5                src_is_valid_ratio
                0x00000000c0008af9                src_error
                0x00000000c0008b07                src_strerror
                0x00000000c0008b1a                src_simple
                0x00000000c0008b6d                src_short_to_float_array
                0x00000000c0008bd2                src_float_to_short_array
                0x00000000c0008c91                src_int_to_float_array
                0x00000000c0008cf4                src_float_to_int_array
 .text          0x00000000c0008db1      0x8cb hal/libresample/src_linear.32
                0x00000000c00095d7                linear_get_name
                0x00000000c00095e6                linear_get_description
                0x00000000c00095f5                linear_set_converter
 .text          0x00000000c000967c     0x447c hal/libresample/src_sinc.32
                0x00000000c000da0f                sinc_get_name
                0x00000000c000da22                sinc_get_description
                0x00000000c000da35                sinc_set_converter
 .text          0x00000000c000daf8      0x77c hal/libresample/src_zoh.32
                0x00000000c000e1cf                zoh_get_name
                0x00000000c000e1de                zoh_get_description
                0x00000000c000e1ed                zoh_set_converter
 .text          0x00000000c000e274       0x23 compat/inlines.32
                0x00000000c000e274                CPU::current()
                0x00000000c000e281                operator new(unsigned long)
 *fill*         0x00000000c000e297        0x1 
 .text          0x00000000c000e298      0xa17 core/computer.32
                0x00000000c000e298                Computer::close(int, int, void*)
                0x00000000c000e2dc                Computer::Computer()
                0x00000000c000e2dc                Computer::Computer()
                0x00000000c000e438                Computer::setBootMessage(char const*)
                0x00000000c000e43a                Computer::start()
                0x00000000c000e51b                firstTask()
                0x00000000c000e52a                Computer::detectFeatures()
                0x00000000c000e734                Computer::displayFeatures()
                0x00000000c000ea7a                Computer::rdmsr(unsigned int)
                0x00000000c000eaa6                Computer::wrmsr(unsigned int, unsigned long long)
                0x00000000c000eade                Computer::nmiEnabled()
                0x00000000c000eaea                Computer::readCMOS(unsigned char)
                0x00000000c000eb04                Computer::enableNMI(bool)
                0x00000000c000eb1c                Computer::open(int, int, void*)
                0x00000000c000ebf2                Computer::disableNMI()
                0x00000000c000ec00                Computer::writeCMOS(unsigned char, unsigned char)
                0x00000000c000ec1e                Computer::handleNMI()
                0x00000000c000ec84                Computer::setDiskActivityLight(int, bool)
 *fill*         0x00000000c000ecaf        0x1 
 .text          0x00000000c000ecb0      0x1b7 core/gdt.32
                0x00000000c000ecb0                GDTEntry::setBase(unsigned int)
                0x00000000c000eccc                GDTEntry::setLimit(unsigned int)
                0x00000000c000ecea                GDT::GDT()
                0x00000000c000ecea                GDT::GDT()
                0x00000000c000ed00                GDT::addEntry(GDTEntry)
                0x00000000c000ed3c                GDT::getNumberOfEntries()
                0x00000000c000ed44                GDT::flush()
                0x00000000c000ed66                GDT::setup()
 .text          0x00000000c000ee67       0x62 core/idle.32
                0x00000000c000ee67                idleFunction(void*)
 *fill*         0x00000000c000eec9        0x1 
 .text          0x00000000c000eeca      0x45f core/idt.32
                0x00000000c000eeca                IDTEntry::IDTEntry(bool)
                0x00000000c000eeca                IDTEntry::IDTEntry(bool)
                0x00000000c000ef38                IDTEntry::setOffset(unsigned int)
                0x00000000c000ef4c                IDT::IDT()
                0x00000000c000ef4c                IDT::IDT()
                0x00000000c000ef4e                IDT::getPointerToInvalidOpcodeEntryForF00F()
                0x00000000c000ef56                IDT::addEntry(IDTEntry, int)
                0x00000000c000ef70                IDT::addEntry(int, void (*)(), bool)
                0x00000000c000efa8                IDT::flush()
                0x00000000c000efc2                IDT::setup()
 .text          0x00000000c000f329      0x203 core/kheap.32
                0x00000000c000f329                sbrk
                0x00000000c000f437                mmap
                0x00000000c000f44d                munmap
                0x00000000c000f463                liballoc_lock()
                0x00000000c000f474                liballoc_unlock()
                0x00000000c000f485                liballoc_alloc(int)
                0x00000000c000f4a0                liballoc_free(void*, int)
                0x00000000c000f4be                realloc
                0x00000000c000f4d2                malloc
                0x00000000c000f4e2                free
                0x00000000c000f4f2                rfree
                0x00000000c000f502                calloc
 .text          0x00000000c000f52c      0x38d core/main.32
                0x00000000c000f52c                hwTextMode_loadInData(VgaText*)
                0x00000000c000f571                hwTextMode_loadInTitle(VgaText*, char*)
                0x00000000c000f5b3                hwTextMode_showCursor(VgaText*, bool)
                0x00000000c000f607                hwTextMode_update(VgaText*)
                0x00000000c000f608                hwTextMode_updateCursor(VgaText*)
                0x00000000c000f650                hwTextMode_disableBlink(VgaText*, bool)
                0x00000000c000f68c                hwTextMode_scrollScreen(VgaText*)
                0x00000000c000f712                hwTextMode_writeCharacter(VgaText*, char, VgaColour, VgaColour, int, int)
                0x00000000c000f770                setupTextMode()
                0x00000000c000f7c1                kernel_main
 .text          0x00000000c000f8b9      0x4f3 core/physmgr.32
                0x00000000c000f8b9                Phys::allocateDMA(unsigned long)
                0x00000000c000f95c                Phys::freeDMA(unsigned long, unsigned long)
                0x00000000c000f9a4                Phys::setPageState(unsigned long, bool)
                0x00000000c000f9d6                Phys::getPageState(unsigned long)
                0x00000000c000f9f2                Phys::freePage(unsigned long)
                0x00000000c000fa7c                Phys::allocatePage()
                0x00000000c000fb44                Phys::allowSegmentToBeUsed(unsigned long, unsigned long)
                0x00000000c000fb7c                Phys::physicalMemorySetup(unsigned int)
 .text          0x00000000c000fdac      0x273 core/pipe.32
                0x00000000c000fdac                Pipe::isAtty()
                0x00000000c000fdb0                Pipe::~Pipe()
                0x00000000c000fdb0                Pipe::~Pipe()
                0x00000000c000fdd4                Pipe::~Pipe()
                0x00000000c000fdfc                Pipe::read(unsigned long long, void*, int*)
                0x00000000c000fef0                Pipe::write(unsigned long long, void*, int*)
                0x00000000c000ffb8                Pipe::Pipe(int)
                0x00000000c000ffb8                Pipe::Pipe(int)
 *fill*         0x00000000c001001f        0x1 
 .text          0x00000000c0010020      0xf65 core/terminal.32
                0x00000000c0010020                VgaText::isAtty()
                0x00000000c0010024                VgaText::~VgaText()
                0x00000000c0010024                VgaText::~VgaText()
                0x00000000c0010048                VgaText::~VgaText()
                0x00000000c0010072                VgaText::read(unsigned long long, void*, int*)
                0x00000000c0010092                setTerminalScrollLock(bool)
                0x00000000c0010093                addToTerminalCycle(VgaText*)
                0x00000000c00100c0                installVgaTextImplementation()
                0x00000000c00100d5                scrollTerminalScrollLock(int)
                0x00000000c00100d6                VgaText::load()
                0x00000000c001012a                VgaText::updateCursor()
                0x00000000c0010144                VgaText::showCursor(bool)
                0x00000000c0010154                VgaText::disableBlink(bool)
                0x00000000c001018e                VgaText::doANSI_SGR(int)
                0x00000000c001021a                VgaText::setDefaultBgColour(VgaColour)
                0x00000000c0010230                VgaText::setDefaultFgColour(VgaColour)
                0x00000000c0010246                VgaText::setDefaultColours(VgaColour, VgaColour)
                0x00000000c0010266                VgaText::combineColours(unsigned char, unsigned char)
                0x00000000c0010278                VgaText::scrollScreen()
                0x00000000c001030c                VgaText::combineCharAndColour(char, unsigned char)
                0x00000000c001031e                VgaText::writeCharacter(char, VgaColour, VgaColour, int, int)
                0x00000000c001037e                VgaText::getCursorX()
                0x00000000c001038a                VgaText::getCursorY()
                0x00000000c0010396                VgaText::setCursor(int, int)
                0x00000000c00103b4                VgaText::setCursorX(int)
                0x00000000c00103d0                VgaText::setCursorY(int)
                0x00000000c00103ec                VgaText::incrementCursor(bool)
                0x00000000c0010454                VgaText::updateRAMUsageDisplay(int)
                0x00000000c00104ae                VgaText::updateDiskUsage()
                0x00000000c0010614                VgaText::updateTitle()
                0x00000000c001065a                VgaText::setTitleTextColour(VgaColour)
                0x00000000c001066a                VgaText::setTitleColour(VgaColour)
                0x00000000c001067a                VgaText::setTitle(char*)
                0x00000000c00106a0                VgaText::decrementCursor(bool)
                0x00000000c00106c8                VgaText::putchar(char, VgaColour, VgaColour)
                0x00000000c00107c4                VgaText::isShowingCursor()
                0x00000000c00107d0                VgaText::isBlinkDisabled()
                0x00000000c00107de                VgaText::setCursorHeight(int)
                0x00000000c00107fc                VgaText::getCursorHeight()
                0x00000000c0010807                setActiveTerminal(VgaText*)
                0x00000000c00108b9                doTerminalCycle()
                0x00000000c00108d6                VgaText::doUpdate()
                0x00000000c00108e8                VgaText::puts(char const*, VgaColour, VgaColour)
                0x00000000c0010aa8                VgaText::clearScreen()
                0x00000000c0010b0c                VgaText::putchar(char)
                0x00000000c0010c26                VgaText::puts(char const*)
                0x00000000c0010c4c                VgaText::putx(unsigned int)
                0x00000000c0010c92                VgaText::VgaText(char const*)
                0x00000000c0010c92                VgaText::VgaText(char const*)
                0x00000000c0010e24                VgaText::receiveKey(unsigned char)
                0x00000000c0010f0c                VgaText::write(unsigned long long, void*, int*)
                0x00000000c0010f60                newTerminal(char*)
 *fill*         0x00000000c0010f85        0x1 
 .text          0x00000000c0010f86      0x1b3 core/tss.32
                0x00000000c0010f86                TSS::TSS()
                0x00000000c0010f86                TSS::TSS()
                0x00000000c0010f94                TSS::setESP(unsigned long)
                0x00000000c0010fa6                TSS::flush()
                0x00000000c0010fc6                TSS::setup(unsigned long, unsigned long)
 *fill*         0x00000000c0011139        0x1 
 .text          0x00000000c001113a      0x4c2 core/unixfile.32
                0x00000000c001113a                ReservedFilename::read(unsigned long long, void*, int*)
                0x00000000c0011190                ReservedFilename::isAtty()
                0x00000000c00111ac                ReservedFilename::write(unsigned long long, void*, int*)
                0x00000000c001120a                UnixFile::getFileDescriptor()
                0x00000000c0011212                UnixFile::UnixFile(int)
                0x00000000c0011212                UnixFile::UnixFile(int)
                0x00000000c00113c2                ReservedFilename::ReservedFilename(int)
                0x00000000c00113c2                ReservedFilename::ReservedFilename(int)
                0x00000000c00113f4                UnixFile::~UnixFile()
                0x00000000c00113f4                UnixFile::~UnixFile()
                0x00000000c001148c                UnixFile::~UnixFile()
                0x00000000c00114b4                ReservedFilename::~ReservedFilename()
                0x00000000c00114b4                ReservedFilename::~ReservedFilename()
                0x00000000c00114d8                ReservedFilename::~ReservedFilename()
                0x00000000c00114ff                getFromFileDescriptor(int)
 .text          0x00000000c00115fc      0xee3 core/virtmgr.32
                0x00000000c00115fc                Virt::setPageState(unsigned long, Virt::VirtPageState)
                0x00000000c0011631                Virt::getPageState(unsigned long)
                0x00000000c0011655                Virt::allocateKernelVirtualPages(int)
                0x00000000c0011766                Virt::virtualMemorySetup()
                0x00000000c00117e5                Virt::getAKernelVAS()
                0x00000000c00117eb                Virt::setupPageSwapping(int)
                0x00000000c001191a                VAS::VAS()
                0x00000000c001191a                VAS::VAS()
                0x00000000c001194a                VAS::VAS(VAS*)
                0x00000000c001194a                VAS::VAS(VAS*)
                0x00000000c001196e                VAS::getForeignPageTableEntry(bool, unsigned long)
                0x00000000c001199a                VAS::getPageTableEntry(unsigned long)
                0x00000000c00119b9                Virt::freeKernelVirtualPages(unsigned long)
                0x00000000c0011adc                VAS::freeAllocatedPages(unsigned long)
                0x00000000c0011b00                VAS::virtualToPhysical(unsigned long)
                0x00000000c0011b18                VAS::reflagRange(unsigned long, int, int, int)
                0x00000000c0011b58                VAS::setToWriteCombining(unsigned long, int)
                0x00000000c0011b8a                VAS::mapOtherVASIn(bool, VAS*)
                0x00000000c0011bb4                VAS::~VAS()
                0x00000000c0011bb4                VAS::~VAS()
                0x00000000c0011d20                VAS::mapPage(unsigned long, unsigned long, int)
                0x00000000c0011e20                VAS::allocatePages(int, int)
                0x00000000c0011ff8                VAS::setCPUSpecific(unsigned long)
                0x00000000c0012014                VAS::mapRange(unsigned long, unsigned long, int, int)
                0x00000000c00120da                VAS::mapForeignPage(bool, VAS*, unsigned long, unsigned long, int)
                0x00000000c00121c8                VAS::VAS(bool)
                0x00000000c00121c8                VAS::VAS(bool)
                0x00000000c0012423                mapVASFirstTime
 .text          0x00000000c00124df       0x95 coreobjs/c++.32
                0x00000000c00124df                __cxa_atexit
                0x00000000c00124e2                __cxa_finalize
                0x00000000c00124e3                __stack_chk_fail
                0x00000000c001254f                __cxa_pure_virtual
                0x00000000c0012560                operator new[](unsigned long)
                0x00000000c0012565                operator delete(void*, unsigned long)
                0x00000000c001256a                operator delete[](void*)
                0x00000000c001256f                operator delete[](void*, unsigned long)
 .text          0x00000000c0012574      0x1ef dbg/kconsole.32
                0x00000000c0012574                Dbg::stringifyxWithBase(unsigned int, char*, int)
                0x00000000c00125d5                Dbg::logc(char)
                0x00000000c00125ec                Dbg::logs(char*)
                0x00000000c0012609                Dbg::logWriteInt(unsigned int)
                0x00000000c0012626                Dbg::logWriteIntBase(unsigned int, int)
                0x00000000c0012645                Dbg::kprintf(char const*, ...)
 *fill*         0x00000000c0012763        0x1 
 .text          0x00000000c0012764      0xb7c fs/vfs.32
                0x00000000c0012764                File::read(unsigned long long, void*, int*)
                0x00000000c00127bc                File::write(unsigned long long, void*, int*)
                0x00000000c0012814                Directory::read(unsigned long long, void*, int*)
                0x00000000c001286c                Directory::write(unsigned long long, void*, int*)
                0x00000000c001289a                File::isAtty()
                0x00000000c001289e                Directory::isAtty()
                0x00000000c00128a2                Filesystem::getlabel(LogicalDisk*, int, char*, unsigned int*)
                0x00000000c00128a8                Filesystem::setlabel(LogicalDisk*, int, char*)
                0x00000000c00128ae                File::~File()
                0x00000000c00128ae                File::~File()
                0x00000000c00128d2                File::~File()
                0x00000000c00128fc                Directory::~Directory()
                0x00000000c00128fc                Directory::~Directory()
                0x00000000c0012920                Directory::~Directory()
                0x00000000c001294a                Filesystem::Filesystem()
                0x00000000c001294a                Filesystem::Filesystem()
                0x00000000c001296e                Filesystem::~Filesystem()
                0x00000000c001296e                Filesystem::~Filesystem()
                0x00000000c001297c                Filesystem::~Filesystem()
                0x00000000c00129a0                initVFS()
                0x00000000c00129ca                standardiseFiles(char*, char const*, char const*)
                0x00000000c0012b74                File::File(char const*, Process*)
                0x00000000c0012b74                File::File(char const*, Process*)
                0x00000000c0012bd8                File::open(FileOpenMode)
                0x00000000c0012c36                File::close()
                0x00000000c0012c96                File::seek(unsigned long long)
                0x00000000c0012cec                File::tell(unsigned long long*)
                0x00000000c0012d3c                File::rewind()
                0x00000000c0012d50                File::unlink()
                0x00000000c0012d9c                File::rename(char const*)
                0x00000000c0012dea                File::chfatattr(unsigned char, unsigned char)
                0x00000000c0012e46                File::exists()
                0x00000000c0012e84                File::stat(unsigned long long*, bool*)
                0x00000000c0012ee5                getcwd(Process*, char*, int)
                0x00000000c0012f0f                setcwd(Process*, char*)
                0x00000000c001304a                Directory::Directory(char const*, Process*)
                0x00000000c001304a                Directory::Directory(char const*, Process*)
                0x00000000c00130ae                Directory::open()
                0x00000000c001310a                Directory::close()
                0x00000000c001316a                Directory::unlink()
                0x00000000c00131b6                Directory::rename(char const*)
                0x00000000c0013204                Directory::exists()
                0x00000000c0013242                Directory::read(dirent*)
                0x00000000c001328e                Directory::create()
                0x00000000c00132da                Filesystem::chfatattr(char const*, unsigned char, unsigned char)
 .text          0x00000000c00132e0       0x84 hal/bus.32
                0x00000000c00132e0                Bus::Bus(char const*)
                0x00000000c00132e0                Bus::Bus(char const*)
                0x00000000c0013316                Bus::~Bus()
                0x00000000c0013316                Bus::~Bus()
                0x00000000c001333a                Bus::~Bus()
 .text          0x00000000c0013364      0x14e hal/buzzer.32
                0x00000000c0013364                Buzzer::Buzzer(char const*)
                0x00000000c0013364                Buzzer::Buzzer(char const*)
                0x00000000c00133a8                Buzzer::~Buzzer()
                0x00000000c00133a8                Buzzer::~Buzzer()
                0x00000000c00133cc                Buzzer::~Buzzer()
                0x00000000c00133f6                Buzzer::stop()
                0x00000000c0013409                beepThread(void*)
                0x00000000c0013444                Buzzer::beep(int, int, bool)
 .text          0x00000000c00134b2      0x42f hal/clock.32
                0x00000000c00134b2                loadClockSettings()
                0x00000000c00134cc                Clock::Clock(char const*)
                0x00000000c00134cc                Clock::Clock(char const*)
                0x00000000c0013502                Clock::~Clock()
                0x00000000c0013502                Clock::~Clock()
                0x00000000c0013526                Clock::~Clock()
                0x00000000c0013550                Clock::timeInSecondsLocal()
                0x00000000c0013598                Clock::setTimeInSecondsLocal(unsigned long long)
                0x00000000c00135f1                datetimeToSeconds(datetime_t)
                0x00000000c0013718                Clock::setTimeInDatetimeLocal(datetime_t)
                0x00000000c0013778                secondsToDatetime(unsigned long long)
                0x00000000c00138bc                Clock::timeInDatetimeLocal()
 *fill*         0x00000000c00138e1        0x1 
 .text          0x00000000c00138e2      0x4de hal/device.32
                0x00000000c00138e2                Device::hibernate()
                0x00000000c00138e4                Device::wake()
                0x00000000c00138e6                Device::detect()
                0x00000000c00138e8                Device::disableLegacy()
                0x00000000c00138ea                Device::powerSaving(PowerSavingLevel)
                0x00000000c00138ec                DriverlessDevice::close(int, int, void*)
                0x00000000c00138f0                DriverlessDevice::detect()
                0x00000000c00138f2                DriverlessDevice::open(int, int, void*)
                0x00000000c0013906                Device::~Device()
                0x00000000c0013906                Device::~Device()
                0x00000000c0013914                Device::~Device()
                0x00000000c001393c                Device::findAndLoadDriver()
                0x00000000c001393e                Device::preOpenPCI(PCIDeviceInfo)
                0x00000000c0013964                Device::preOpenACPI(void*, char*, char*)
                0x00000000c00139b8                Device::addIRQHandler(int, void (*)(regs*, void*), bool, void*)
                0x00000000c00139f6                Device::removeIRQHandler(int, void (*)(regs*, void*), bool)
                0x00000000c0013a34                Device::addChild(Device*)
                0x00000000c0013a78                Device::removeAllChildren()
                0x00000000c0013abe                Device::hibernateAll()
                0x00000000c0013aee                Device::wakeAll()
                0x00000000c0013b1e                Device::detectAll()
                0x00000000c0013b4e                Device::disableLegacyAll()
                0x00000000c0013b7e                Device::loadDriversForAll()
                0x00000000c0013baa                Device::closeAll()
                0x00000000c0013be0                Device::powerSavingAll(PowerSavingLevel)
                0x00000000c0013c16                Device::setName(char const*)
                0x00000000c0013c24                Device::Device(char const*)
                0x00000000c0013c24                Device::Device(char const*)
                0x00000000c0013d20                Device::getName()
                0x00000000c0013d2a                DriverlessDevice::DriverlessDevice(char const*)
                0x00000000c0013d2a                DriverlessDevice::DriverlessDevice(char const*)
                0x00000000c0013d52                Device::addToLinkedList(LinkedList<Device>&, DeviceType)
                0x00000000c0013d96                getDevicesOfType(DeviceType)
 .text          0x00000000c0013dc0       0x84 hal/diskctrl.32
                0x00000000c0013dc0                HardDiskController::HardDiskController(char const*)
                0x00000000c0013dc0                HardDiskController::HardDiskController(char const*)
                0x00000000c0013df6                HardDiskController::~HardDiskController()
                0x00000000c0013df6                HardDiskController::~HardDiskController()
                0x00000000c0013e1a                HardDiskController::~HardDiskController()
 .text          0x00000000c0013e44       0xde hal/diskphys.32
                0x00000000c0013e44                PhysicalDisk::PhysicalDisk(char const*, int)
                0x00000000c0013e44                PhysicalDisk::PhysicalDisk(char const*, int)
                0x00000000c0013eac                PhysicalDisk::startCache()
                0x00000000c0013ed4                PhysicalDisk::~PhysicalDisk()
                0x00000000c0013ed4                PhysicalDisk::~PhysicalDisk()
                0x00000000c0013ef8                PhysicalDisk::~PhysicalDisk()
 .text          0x00000000c0013f22      0x13b hal/fpu.32
                0x00000000c0013f22                FPU::FPU(char const*)
                0x00000000c0013f22                FPU::FPU(char const*)
                0x00000000c0013f58                FPU::~FPU()
                0x00000000c0013f58                FPU::~FPU()
                0x00000000c0013f7c                FPU::~FPU()
                0x00000000c0013fa6                setupFPU()
 *fill*         0x00000000c001405d        0x1 
 .text          0x00000000c001405e     0x12b1 hal/intctrl.32
                0x00000000c001405e                InterruptController::uninstallISRHandler(int, void (*)(regs*, void*))
                0x00000000c0014096                InterruptController::installISRHandler(int, void (*)(regs*, void*), void*)
                0x00000000c00140e8                doubleFault(regs*, void*)
                0x00000000c0014102                InterruptController::installIRQHandler(int, void (*)(regs*, void*), bool, void*)
                0x00000000c001419e                InterruptController::clearAllHandlers(int, bool)
                0x00000000c0014246                InterruptController::uninstallIRQHandler(int, void (*)(regs*, void*), bool)
                0x00000000c00142cd                nmiHandler(regs*, void*)
                0x00000000c00142db                int_handler
                0x00000000c001437c                InterruptController::InterruptController(char const*)
                0x00000000c001437c                InterruptController::InterruptController(char const*)
                0x00000000c0014422                InterruptController::~InterruptController()
                0x00000000c0014422                InterruptController::~InterruptController()
                0x00000000c0014446                InterruptController::~InterruptController()
                0x00000000c0014470                displayDebugInfo(regs*)
                0x00000000c0014875                x87EmulHandler(regs*, void*)
                0x00000000c00148a4                gpFault(regs*, void*)
                0x00000000c00148dd                pgFault(regs*, void*)
                0x00000000c00148f4                otherISRHandler(regs*, void*)
                0x00000000c0014913                opcodeFault(regs*, void*)
                0x00000000c0014ed2                displayProgramFault(char const*)
                0x00000000c0014efa                setupInterruptController()
                0x00000000c00152c2                InterruptController::convertLegacyIRQNumber(int)
 *fill*         0x00000000c001530f        0x1 
 .text          0x00000000c0015310      0x620 hal/keybrd.32
                0x00000000c0015310                startGUI(void*)
                0x00000000c0015382                sendKeyToTerminal(unsigned char)
                0x00000000c00153ee                sendKeyboardToken(KeyboardToken)
                0x00000000c00157c9                clearInternalKeybuffer(VgaText*)
                0x00000000c00157fe                readKeyboard(VgaText*, char*, unsigned long)
                0x00000000c00158a6                Keyboard::Keyboard(char const*)
                0x00000000c00158a6                Keyboard::Keyboard(char const*)
                0x00000000c00158e2                Keyboard::~Keyboard()
                0x00000000c00158e2                Keyboard::~Keyboard()
                0x00000000c0015906                Keyboard::~Keyboard()
 .text          0x00000000c0015930      0x400 hal/logidisk.32
                0x00000000c0015930                LogicalDisk::close(int, int, void*)
                0x00000000c0015934                LogicalDisk::~LogicalDisk()
                0x00000000c0015934                LogicalDisk::~LogicalDisk()
                0x00000000c0015958                LogicalDisk::~LogicalDisk()
                0x00000000c0015982                LogicalDisk::open(int, int, void*)
                0x00000000c0015996                LogicalDisk::absoluteToRelative(unsigned long long)
                0x00000000c00159ce                LogicalDisk::relativeToAbsolute(unsigned long long)
                0x00000000c0015a14                LogicalDisk::LogicalDisk(char const*, PhysicalDisk*, unsigned long long, unsigned long long)
                0x00000000c0015a14                LogicalDisk::LogicalDisk(char const*, PhysicalDisk*, unsigned long long, unsigned long long)
                0x00000000c0015aca                LogicalDisk::assignDriveLetter()
                0x00000000c0015b80                LogicalDisk::mount()
                0x00000000c0015bf2                LogicalDisk::unmount()
                0x00000000c0015c02                LogicalDisk::unassignDriveLetter()
                0x00000000c0015c58                LogicalDisk::read(unsigned long long, int, void*)
                0x00000000c0015cc4                LogicalDisk::write(unsigned long long, int, void*)
 .text          0x00000000c0015d30       0x84 hal/mouse.32
                0x00000000c0015d30                Mouse::Mouse(char const*)
                0x00000000c0015d30                Mouse::Mouse(char const*)
                0x00000000c0015d66                Mouse::~Mouse()
                0x00000000c0015d66                Mouse::~Mouse()
                0x00000000c0015d8a                Mouse::~Mouse()
 .text          0x00000000c0015db4      0x339 hal/partition.32
                0x00000000c0015db4                makePartition(PhysicalDisk*, unsigned long long, unsigned long long)
                0x00000000c0015e5c                createPartitionsForDisk(PhysicalDisk*)
 *fill*         0x00000000c00160ed        0x1 
 .text          0x00000000c00160ee      0x2b8 hal/timer.32
                0x00000000c00160ee                Timer::Timer(char const*)
                0x00000000c00160ee                Timer::Timer(char const*)
                0x00000000c0016124                Timer::~Timer()
                0x00000000c0016124                Timer::~Timer()
                0x00000000c0016148                Timer::~Timer()
                0x00000000c0016172                Timer::read()
                0x00000000c001617d                timerHandler(unsigned long long)
                0x00000000c00162b4                setupTimer(int)
 .text          0x00000000c00163a6      0x2db hal/vcache.32
                0x00000000c00163a6                VCache::VCache(PhysicalDisk*)
                0x00000000c00163a6                VCache::VCache(PhysicalDisk*)
                0x00000000c00164a0                VCache::writeWriteBuffer()
                0x00000000c00164dc                VCache::~VCache()
                0x00000000c00164dc                VCache::~VCache()
                0x00000000c001651c                VCache::~VCache()
                0x00000000c0016544                VCache::write(unsigned long long, int, void*)
                0x00000000c0016628                VCache::read(unsigned long long, int, void*)
 *fill*         0x00000000c0016681        0x1 
 .text          0x00000000c0016682      0x26d hal/video.32
                0x00000000c0016682                Video::putrect(int, int, int, int, unsigned int)
                0x00000000c00166cc                Video::blit(unsigned int*, int, int, int, int)
                0x00000000c001674a                Video::clearScreen(unsigned int)
                0x00000000c001677e                Video::putpixel(int, int, unsigned int)
                0x00000000c001678c                Video::Video(char const*)
                0x00000000c001678c                Video::Video(char const*)
                0x00000000c00167c2                Video::~Video()
                0x00000000c00167c2                Video::~Video()
                0x00000000c00167e6                Video::~Video()
                0x00000000c0016810                Video::isMonochrome()
                0x00000000c001681c                Video::getWidth()
                0x00000000c0016828                Video::getHeight()
                0x00000000c0016834                Video::drawCursor(int, int, unsigned char*, int)
 *fill*         0x00000000c00168ef        0x1 
 .text          0x00000000c00168f0      0xe04 hw/acpi.32
                0x00000000c00168f0                ACPI::close(int, int, void*)
                0x00000000c00169a5                findRSDP()
                0x00000000c0016a2f                loadACPITables(unsigned char*)
                0x00000000c0016c56                findRSDT(unsigned char*)
                0x00000000c0016d74                findDataTable(unsigned char*, char*)
                0x00000000c0016e10                scanMADT()
                0x00000000c0017296                ACPI::ACPI()
                0x00000000c0017296                ACPI::ACPI()
                0x00000000c00172f6                ACPI::getPCIIRQAssignment(unsigned char, unsigned short, unsigned char)
                0x00000000c00173d8                ACPI::registerPCIIRQAssignment(void*, unsigned short, unsigned char, unsigned char)
                0x00000000c00174de                ACPI::setScreenBrightnessLevel(void*, int)
                0x00000000c00174e4                ACPI::writeSimpleBootFlag(SimpleBootFlagTable*)
                0x00000000c001752c                ACPI::open(int, int, void*)
                0x00000000c00176dc                ACPI::sleep()
 .text          0x00000000c00176f4     0x1715 hw/cpu.32
                0x00000000c00176f4                CPU::close(int, int, void*)
                0x00000000c00176f8                CPU::lookupAMDName(unsigned char, unsigned char)
                0x00000000c001788c                CPU::lookupIntelName(unsigned char, unsigned char)
                0x00000000c0017b3a                CPU::AMD_K6_write_msr(unsigned int, unsigned int, unsigned int, CPU::REGS*)
                0x00000000c0017b56                CPU::AMD_K6_read_msr(unsigned int, CPU::REGS*)
                0x00000000c0017b6e                CPU::AMD_K6_writeback(int, int, int)
                0x00000000c0017be2                CPU::cpuid(int, unsigned long*, unsigned long*, unsigned long*, unsigned long*)
                0x00000000c0017c66                CPU::cpuidCheckEDX(unsigned int)
                0x00000000c0017c94                CPU::cpuidCheckECX(unsigned int)
                0x00000000c0017cc2                CPU::cpuidCheckExtendedEBX(unsigned int)
                0x00000000c0017cf0                CPU::cpuidCheckExtendedECX(unsigned int)
                0x00000000c0017d1e                CPU::CPU()
                0x00000000c0017d1e                CPU::CPU()
                0x00000000c0017dac                CPU::displayFeatures()
                0x00000000c0018028                CPU::detectFeatures()
                0x00000000c0018a18                CPU::setupSMEP()
                0x00000000c0018a24                CPU::setupUMIP()
                0x00000000c0018a2e                CPU::setupTSC()
                0x00000000c0018a38                CPU::setupLargePages()
                0x00000000c0018a42                CPU::setupPAT()
                0x00000000c0018a7e                CPU::setupMTRR()
                0x00000000c0018a80                CPU::setupGlobalPages()
                0x00000000c0018a8a                CPU::allowUsermodeDataAccess()
                0x00000000c0018a9c                CPU::prohibitUsermodeDataAccess()
                0x00000000c0018aae                CPU::setupSMAP()
                0x00000000c0018abc                CPU::setupFeatures()
                0x00000000c0018b3c                CPU::open(int, int, void*)
                0x00000000c0018c0e                CPU::decodeAddress(regs*, int*, bool*, unsigned char*)
 .text          0x00000000c0018e09        0x0 hw/ports.32
 .text          0x00000000c0018e09      0x32c krnl/panic.32
                0x00000000c0018e09                Krnl::panic(char const*)
 .text          0x00000000c0019135      0x4f9 reg/registry.32
                0x00000000c0019135                Reg::findLineFromLoadedData(char*, char*, char*)
                0x00000000c001928d                Reg::getLineFromRegistry(char*, char*, char*, char*)
                0x00000000c00193e2                Reg::getLine(char*, char*, char*)
                0x00000000c0019419                Reg::readInt(char*, char*, int*)
                0x00000000c0019504                Reg::readString(char*, char*, char*, int)
                0x00000000c0019585                Reg::readBool(char*, char*, bool*)
                0x00000000c00195aa                Reg::readBoolWithDefault(char*, char*, bool)
                0x00000000c00195d6                Reg::readIntWithDefault(char*, char*, int)
                0x00000000c0019602                Reg::readStringWithDefault(char*, char*, char*, int, char*)
 .text          0x00000000c001962e       0x18 sys/sc_exit.32
                0x00000000c001962e                Sys::exit(regs*)
 .text          0x00000000c0019646       0xa8 sys/sc_loaddll.32
                0x00000000c0019646                Sys::loadDLL(regs*)
 .text          0x00000000c00196ee       0x68 sys/sc_read.32
                0x00000000c00196ee                Sys::read(regs*)
 .text          0x00000000c0019756       0x55 sys/sc_sbrk.32
                0x00000000c0019756                Sys::sbrk(regs*)
 .text          0x00000000c00197ab       0x68 sys/sc_write.32
                0x00000000c00197ab                Sys::write(regs*)
 .text          0x00000000c0019813       0x1a sys/sc_yield.32
                0x00000000c0019813                Sys::yield(regs*)
 .text          0x00000000c001982d      0xff6 sys/syscalls.32
                0x00000000c001982d                sysCallGetPID(regs*)
                0x00000000c0019839                sysCallSeekDir(regs*)
                0x00000000c001983e                sysCallTellDir(regs*)
                0x00000000c0019843                sysCallVerify(regs*)
                0x00000000c001984d                sysCallGetArgc(regs*)
                0x00000000c001985d                sysFormatDisk(regs*)
                0x00000000c00198c7                sysSetDiskVolumeLabel(regs*)
                0x00000000c001990d                sysGetDiskVolumeLabel(regs*)
                0x00000000c001995e                sysShutdown(regs*)
                0x00000000c00199bc                sysCallGetCwd(regs*)
                0x00000000c00199db                sysCallSetCwd(regs*)
                0x00000000c00199f7                sysCallRealpath(regs*)
                0x00000000c0019a3a                sysCallReadDir(regs*)
                0x00000000c0019ac8                sysCallIsATTY(regs*)
                0x00000000c0019b22                sysCallSeek(regs*)
                0x00000000c0019b8b                sysCallTell(regs*)
                0x00000000c0019c08                sysCallSize(regs*)
                0x00000000c0019c8b                sysCallSizeFromFilename(regs*)
                0x00000000c0019d4b                sysCallClose(regs*)
                0x00000000c0019dd3                sysCallOpenDir(regs*)
                0x00000000c0019e48                sysCallCloseDir(regs*)
                0x00000000c0019eae                sysCallMakeDir(regs*)
                0x00000000c0019f1e                sysCallWait(regs*)
                0x00000000c0019f38                sysCallNotImpl(regs*)
                0x00000000c0019f53                sysPanic(regs*)
                0x00000000c0019f79                sysCallRmdir(regs*)
                0x00000000c0019fdd                sysCallUnlink(regs*)
                0x00000000c001a041                sysCallGetArgv(regs*)
                0x00000000c001a08d                sysCallTTYName(regs*)
                0x00000000c001a110                sysCallGetEnv(regs*)
                0x00000000c001a162                sysCallUSleep(regs*)
                0x00000000c001a189                sysCallSpawn(regs*)
                0x00000000c001a1e1                sysAppSettings(regs*)
                0x00000000c001a300                sysSetFatAttrib(regs*)
                0x00000000c001a372                sysPipe(regs*)
                0x00000000c001a3b7                sysGetUnixTime(regs*)
                0x00000000c001a3cb                string_ends_with(char const*, char const*)
                0x00000000c001a413                sysCallOpen(regs*)
                0x00000000c001a628                setupSystemCalls()
                0x00000000c001a7e1                systemCall(regs*, void*)
 .text          0x00000000c001a823     0x11ee thr/elf.32
                0x00000000c001a823                Thr::allocateMemoryForTask(Process*, File*, unsigned long, unsigned long, unsigned long)
                0x00000000c001aaa0                Thr::loadProgramIntoMemory(Process*, char const*)
                0x00000000c001acb6                Thr::runtimeReferenceHelper()
                0x00000000c001acc9                Thr::getAddressOfKernelSymbol(char const*)
                0x00000000c001ad18                Thr::loadKernelSymbolTable(char const*)
                0x00000000c001afd4                Thr::loadDriverIntoMemory(char const*, unsigned long, bool)
                0x00000000c001b755                Thr::getDriverBaseFromAddress(unsigned long)
                0x00000000c001b787                Thr::getDriverNameFromAddress(unsigned long)
                0x00000000c001b7be                Thr::getDriverOffsetFromAddress(unsigned long)
                0x00000000c001b7d8                Thr::loadDLL(char const*, bool)
                0x00000000c001b9e7                Thr::executeDLL(unsigned long, void*)
 *fill*         0x00000000c001ba11        0x1 
 .text          0x00000000c001ba12      0xff8 thr/prcssthr.32
                0x00000000c001ba12                changeTSS
                0x00000000c001ba42                Process::addArgs(char**)
                0x00000000c001ba9c                Process::Process(char const*, Process*, char**)
                0x00000000c001ba9c                Process::Process(char const*, Process*, char**)
                0x00000000c001bc64                Process::Process(bool, char const*, Process*, char**)
                0x00000000c001bc64                Process::Process(bool, char const*, Process*, char**)
                0x00000000c001bdf8                disableIRQs()
                0x00000000c001be00                getIRQNestingLevel()
                0x00000000c001be06                enableIRQs()
                0x00000000c001be15                lockScheduler()
                0x00000000c001be17                unlockScheduler()
                0x00000000c001be19                userModeEntryPoint(void*)
                0x00000000c001be3c                lockStuff()
                0x00000000c001be48                taskStartupFunction
                0x00000000c001be51                updateTimeUsed()
                0x00000000c001beb6                switchToThread(ThreadControlBlock*)
                0x00000000c001bf06                Semaphore::Semaphore(int)
                0x00000000c001bf06                Semaphore::Semaphore(int)
                0x00000000c001bf34                Mutex::Mutex()
                0x00000000c001bf34                Mutex::Mutex()
                0x00000000c001bf46                Process::createThread(void (*)(void*), void*, int)
                0x00000000c001c02a                Process::createUserThread()
                0x00000000c001c046                setupMultitasking(void (*)())
                0x00000000c001c150                schedule()
                0x00000000c001c1d5                unlockStuff()
                0x00000000c001c20a                Semaphore::tryAcquire()
                0x00000000c001c238                Semaphore::assertLocked(char const*)
                0x00000000c001c268                blockTaskWithSchedulerLockAlreadyHeld(TaskState)
                0x00000000c001c2aa                blockTask(TaskState)
                0x00000000c001c2cb                waitTask(int, int*, int)
                0x00000000c001c30d                nanoSleepUntil(unsigned long long)
                0x00000000c001c364                nanoSleep(unsigned long long)
                0x00000000c001c379                sleep(unsigned long long)
                0x00000000c001c396                Semaphore::acquire()
                0x00000000c001c3fe                taskReturned
                0x00000000c001c42c                unblockTask(ThreadControlBlock*)
                0x00000000c001c4db                cleanupTerminatedTask(ThreadControlBlock*)
                0x00000000c001c77f                cleanerTaskFunction(void*)
                0x00000000c001c832                terminateTask(int)
                0x00000000c001c912                Thr::terminateFromIRQ(int)
                0x00000000c001c91e                Semaphore::release()
 .text          0x00000000c001ca0a      0x9b3 vm86/vm8086.32
                0x00000000c001ca0a                Vm::inbv(unsigned short)
                0x00000000c001ca10                Vm::outbv(unsigned short, unsigned char)
                0x00000000c001ca1a                Vm::vm8086EntryPoint(void*)
                0x00000000c001ca45                Vm::mainVm8086Loop(void*)
                0x00000000c001ca80                Vm::realToLinear(unsigned short, unsigned short)
                0x00000000c001ca90                Vm::getSegment(unsigned int)
                0x00000000c001ca98                Vm::getOffset(unsigned int)
                0x00000000c001ca9d                Vm::initialise8086()
                0x00000000c001cb0c                Vm::finish8086()
                0x00000000c001cb41                Vm::start8086(char const*, unsigned short, unsigned short, unsigned short, unsigned short)
                0x00000000c001cc85                Vm::doISR(regs*, int, unsigned char*, unsigned short, unsigned short)
                0x00000000c001cd0f                Vm::readByteFromReal(unsigned short, unsigned short)
                0x00000000c001cd20                Vm::readWordFromReal(unsigned short, unsigned short)
                0x00000000c001cd32                Vm::readDwordFromReal(unsigned short, unsigned short)
                0x00000000c001cd43                Vm::writeByteFromReal(unsigned short, unsigned short, unsigned char)
                0x00000000c001cd58                Vm::writeWordFromReal(unsigned short, unsigned short, unsigned short)
                0x00000000c001cd6e                Vm::writeDwordFromReal(unsigned short, unsigned short, unsigned int)
                0x00000000c001cd83                Vm::faultHandler(regs*)
 .text          0x00000000c001d3bd      0xefd vm86/x87em.32
                0x00000000c001d3bd                Vm::fpuInternalTo32(unsigned long long)
                0x00000000c001d418                Vm::fpuInternalTo64(unsigned long long)
                0x00000000c001d421                Vm::fpu32ToInternal(unsigned int)
                0x00000000c001d466                Vm::fpu64ToInternal(unsigned long long)
                0x00000000c001d46f                Vm::fpuFloatToLong(unsigned long long)
                0x00000000c001d4ca                Vm::fpuULongToFloat(unsigned long long)
                0x00000000c001d500                Vm::fpuLongToFloat(long long)
                0x00000000c001d556                Vm::fpuGet0()
                0x00000000c001d55b                Vm::fpuGet1()
                0x00000000c001d563                Vm::fpuGetPi()
                0x00000000c001d56b                Vm::fpuGetLog2E()
                0x00000000c001d583                Vm::fpuGetLogE2()
                0x00000000c001d59b                Vm::fpuGetLog210()
                0x00000000c001d5b3                Vm::fpuGetLog102()
                0x00000000c001d5cb                Vm::fpuIsSecondLarger(unsigned long long, unsigned long long)
                0x00000000c001d5df                Vm::fpuAreEqual(unsigned long long, unsigned long long)
                0x00000000c001d5f5                Vm::fpuUnorderedCompare(unsigned long long, unsigned long long)
                0x00000000c001d648                Vm::fpuAdd(unsigned long long, unsigned long long)
                0x00000000c001d659                Vm::fpuAbs(unsigned long long)
                0x00000000c001d662                Vm::fpuChs(unsigned long long)
                0x00000000c001d672                Vm::fpuSub(unsigned long long, unsigned long long)
                0x00000000c001d681                Vm::fpuMultiply(unsigned long long, unsigned long long)
                0x00000000c001d6a0                Vm::fpuDivide(unsigned long long, unsigned long long)
                0x00000000c001d6bc                Vm::fpuSquare(unsigned long long)
                0x00000000c001d6d2                Vm::fpuGetReg(int)
                0x00000000c001d715                Vm::fpuSetReg(int, unsigned long long)
                0x00000000c001d760                Vm::fpuPush(unsigned long long)
                0x00000000c001d7bd                Vm::fpuPop()
                0x00000000c001d80f                Vm::x87Handler(regs*)
 .text          0x00000000c001e2ba     0x10ed fs/fat/vfslink.32
                0x00000000c001e2ba                FAT::getName()
                0x00000000c001e2c0                FAT::tell(void*, unsigned long long*)
                0x00000000c001e2f4                FAT::stat(void*, unsigned long long*)
                0x00000000c001e328                FAT::~FAT()
                0x00000000c001e328                FAT::~FAT()
                0x00000000c001e34c                FAT::~FAT()
                0x00000000c001e374                FAT::getlabel(LogicalDisk*, int, char*, unsigned int*)
                0x00000000c001e412                FAT::setlabel(LogicalDisk*, int, char*)
                0x00000000c001e4cc                FAT::format(LogicalDisk*, int, char const*, int)
                0x00000000c001e6b0                FAT::tryMount(LogicalDisk*, int)
                0x00000000c001e8b6                FAT::readDir(void*, unsigned long, void*, int*)
                0x00000000c001e9bc                FAT::read(void*, unsigned long, void*, int*)
                0x00000000c001ea16                FAT::write(void*, unsigned long, void*, int*)
                0x00000000c001ea70                FAT::close(void*)
                0x00000000c001eabc                FAT::closeDir(void*)
                0x00000000c001eb08                FAT::seek(void*, unsigned long long)
                0x00000000c001eb5c                fatWrapperReadDisk
                0x00000000c001eba3                fatWrapperWriteDisk
                0x00000000c001ebea                fatWrapperIoctl
                0x00000000c001ecee                FAT::FAT()
                0x00000000c001ecee                FAT::FAT()
                0x00000000c001ed40                FAT::fixFilepath(char*)
                0x00000000c001ed78                FAT::open(char const*, void**, FileOpenMode)
                0x00000000c001eea0                FAT::openDir(char const*, void**)
                0x00000000c001ef46                FAT::stat(char const*, unsigned long long*, bool*)
                0x00000000c001f030                FAT::unlink(char const*)
                0x00000000c001f0aa                FAT::chfatattr(char const*, unsigned char, unsigned char)
                0x00000000c001f1fe                FAT::rename(char const*, char const*)
                0x00000000c001f2c2                FAT::mkdir(char const*)
                0x00000000c001f33c                FAT::exists(char const*)
 *fill*         0x00000000c001f3a7        0x1 
 .text          0x00000000c001f3a8      0xbdf fs/iso9660/vfslink.32
                0x00000000c001f3a8                ISO9660::format(LogicalDisk*, int, char const*, int)
                0x00000000c001f3ae                ISO9660::seek(void*, unsigned long long)
                0x00000000c001f3de                ISO9660::tell(void*, unsigned long long*)
                0x00000000c001f402                ISO9660::getName()
                0x00000000c001f408                ISO9660::stat(void*, unsigned long long*)
                0x00000000c001f42c                ISO9660::chfatattr(char const*, unsigned char, unsigned char)
                0x00000000c001f432                ISO9660::unlink(char const*)
                0x00000000c001f438                ISO9660::write(void*, unsigned long, void*, int*)
                0x00000000c001f43e                ISO9660::rename(char const*, char const*)
                0x00000000c001f444                ISO9660::mkdir(char const*)
                0x00000000c001f44a                ISO9660::close(void*)
                0x00000000c001f46c                ISO9660::closeDir(void*)
                0x00000000c001f48e                ISO9660::~ISO9660()
                0x00000000c001f48e                ISO9660::~ISO9660()
                0x00000000c001f4b2                ISO9660::~ISO9660()
                0x00000000c001f4d9                __memmem(unsigned char*, int, unsigned char*, int)
                0x00000000c001f51b                readSectorFromCDROM(unsigned int, unsigned char*, char)
                0x00000000c001f582                ISO9660::tryMount(LogicalDisk*, int)
                0x00000000c001f5d2                ISO9660::read(void*, unsigned long, void*, int*)
                0x00000000c001f816                ISO9660::readDir(void*, unsigned long, void*, int*)
                0x00000000c001faa3                readRoot(unsigned int*, unsigned int*, char)
                0x00000000c001faf8                readRecursively(char*, unsigned int, unsigned int, unsigned int*, unsigned int*, char, int*)
                0x00000000c001fccb                getFileData(char*, unsigned int*, unsigned int*, char, int*)
                0x00000000c001fd5a                ISO9660::open(char const*, void**, FileOpenMode)
                0x00000000c001fdf4                ISO9660::exists(char const*)
                0x00000000c001fe18                ISO9660::stat(char const*, unsigned long long*, bool*)
                0x00000000c001feac                ISO9660::openDir(char const*, void**)
                0x00000000c001ff64                ISO9660::ISO9660()
                0x00000000c001ff64                ISO9660::ISO9660()
 *fill*         0x00000000c001ff87        0x1 
 .text          0x00000000c001ff88      0x326 hal/sound/sndchannel.32
                0x00000000c001ff88                SoundChannel::~SoundChannel()
                0x00000000c001ff88                SoundChannel::~SoundChannel()
                0x00000000c001ffa4                SoundChannel::setSpeed(float)
                0x00000000c001ffb0                SoundChannel::getSpeed()
                0x00000000c001ffb8                SoundChannel::setVolume(int)
                0x00000000c001ffd4                SoundChannel::getVolume()
                0x00000000c001ffdc                SoundChannel::pause()
                0x00000000c001ffe6                SoundChannel::SoundChannel(int, int, int, int)
                0x00000000c001ffe6                SoundChannel::SoundChannel(int, int, int, int)
                0x00000000c002013c                SoundChannel::play()
                0x00000000c0020146                SoundChannel::paused()
                0x00000000c002014e                SoundChannel::getSampleRate()
                0x00000000c0020156                SoundChannel::getBits()
                0x00000000c002015e                SoundChannel::getBufferUsed()
                0x00000000c0020166                SoundChannel::getBufferSize()
                0x00000000c002016e                SoundChannel::unbuffer(float*, int, int)
                0x00000000c002020e                SoundChannel::buffer8(unsigned char*, int)
 .text          0x00000000c00202ae      0x3d5 hal/sound/sndhw.32
                0x00000000c00202ae                SoundDevice::SoundDevice(char const*)
                0x00000000c00202ae                SoundDevice::SoundDevice(char const*)
                0x00000000c002031a                SoundDevice::~SoundDevice()
                0x00000000c002031a                SoundDevice::~SoundDevice()
                0x00000000c0020394                SoundDevice::~SoundDevice()
                0x00000000c00203be                SoundDevice::getFreeChannelNum()
                0x00000000c00203d8                SoundDevice::addChannel(SoundChannel*)
                0x00000000c0020448                SoundDevice::removeChannel(int)
                0x00000000c002047a                SoundDevice::floatTo8(float*, unsigned char*, int)
                0x00000000c0020562                SoundDevice::getAudio(int, float*, float*)
 .text          0x00000000c0020683        0x0 hw/bus/isa.32
 *fill*         0x00000000c0020683        0x1 
 .text          0x00000000c0020684      0x6c1 hw/bus/pci.32
                0x00000000c0020684                PCI::open(int, int, void*)
                0x00000000c0020698                PCI::close(int, int, void*)
                0x00000000c002069c                PCI::PCI()
                0x00000000c002069c                PCI::PCI()
                0x00000000c002071c                PCI::pciReadWord(unsigned char, unsigned char, unsigned char, unsigned char)
                0x00000000c0020764                PCI::getVendorID(unsigned char, unsigned char, unsigned char)
                0x00000000c0020786                PCI::getHeaderType(unsigned char, unsigned char, unsigned char)
                0x00000000c00207aa                PCI::getClassCode(unsigned char, unsigned char, unsigned char)
                0x00000000c00207ee                PCI::getProgIF(unsigned char, unsigned char, unsigned char)
                0x00000000c0020812                PCI::getRevisionID(unsigned char, unsigned char, unsigned char)
                0x00000000c0020834                PCI::getInterruptNumber(unsigned char, unsigned char, unsigned char)
                0x00000000c0020856                PCI::getSecondaryBus(unsigned char, unsigned char, unsigned char)
                0x00000000c002087a                PCI::getBARAddress(unsigned char, unsigned char, unsigned char, unsigned char)
                0x00000000c00208da                PCI::pciWriteWord(unsigned char, unsigned char, unsigned char, unsigned char, unsigned short)
                0x00000000c0020946                PCI::checkBus(unsigned char)
                0x00000000c002096a                PCI::foundDevice(PCIDeviceInfo)
                0x00000000c0020ada                PCI::getDeviceData(unsigned char, unsigned char, unsigned char)
                0x00000000c0020c86                PCI::checkDevice(unsigned char, unsigned char)
                0x00000000c0020cf2                PCI::detect()
 *fill*         0x00000000c0020d45        0x1 
 .text          0x00000000c0020d46      0xc70 hw/diskctrl/ide.32
                0x00000000c0020d46                IDE::close(int, int, void*)
                0x00000000c0020d4a                IDE::IDE()
                0x00000000c0020d4a                IDE::IDE()
                0x00000000c0020d7e                IDE::prepareInterrupt(unsigned char)
                0x00000000c0020d90                selectDrive(unsigned char, unsigned char)
                0x00000000c0020d92                IDE::getBase(unsigned char)
                0x00000000c0020da4                IDE::write(unsigned char, unsigned char, unsigned char)
                0x00000000c0020e64                IDE::read(unsigned char, unsigned char)
                0x00000000c0020f12                IDE::waitInterrupt(unsigned char)
                0x00000000c0020f78                ideChannel0IRQHandler(regs*, void*)
                0x00000000c0020f94                ideChannel1IRQHandler(regs*, void*)
                0x00000000c0020fb0                IDE::enableIRQs(unsigned char, bool)
                0x00000000c0020ff6                IDE::open(int, int, void*)
                0x00000000c0021406                IDE::readBuffer(unsigned char, unsigned char, unsigned int, unsigned int)
                0x00000000c00214d2                IDE::detect()
                0x00000000c00217ba                IDE::printError(unsigned char, unsigned char, unsigned char)
                0x00000000c0021950                IDE::polling(unsigned char, unsigned int)
 .text          0x00000000c00219b6      0x62b hw/diskphys/ata.32
                0x00000000c00219b6                ATA::close(int, int, void*)
                0x00000000c00219da                ATA::powerSaving(PowerSavingLevel)
                0x00000000c00219dc                ATA::ATA()
                0x00000000c00219dc                ATA::ATA()
                0x00000000c0021a0a                ATA::flush(bool)
                0x00000000c0021a54                ATA::readyForCommand()
                0x00000000c0021aa4                ATA::access(unsigned long long, int, void*, bool)
                0x00000000c0021e22                ATA::read(unsigned long long, int, void*)
                0x00000000c0021e8a                ATA::write(unsigned long long, int, void*)
                0x00000000c0021ef2                ATA::detectCHS()
                0x00000000c0021f1c                ATA::open(int, int, void*)
 *fill*         0x00000000c0021fe1        0x1 
 .text          0x00000000c0021fe2      0x5b3 hw/diskphys/atapi.32
                0x00000000c0021fe2                ATAPI::write(unsigned long long, int, void*)
                0x00000000c0021fe8                ATAPI::close(int, int, void*)
                0x00000000c002200c                ATAPI::ATAPI()
                0x00000000c002200c                ATAPI::ATAPI()
                0x00000000c002203a                ATAPI::readyForCommand()
                0x00000000c002208a                ATAPI::sendPacket(unsigned char*, int, bool, unsigned short*, int)
                0x00000000c002234a                ATAPI::diskRemoved()
                0x00000000c0022366                ATAPI::eject()
                0x00000000c00223ac                ATAPI::diskInserted()
                0x00000000c00223da                ATAPI::detectMedia()
                0x00000000c0022496                ATAPI::open(int, int, void*)
                0x00000000c0022516                ATAPI::read(unsigned long long, int, void*)
 *fill*         0x00000000c0022595        0x1 
 .text          0x00000000c0022596       0x8e hw/fpu/avx.32
                0x00000000c0022596                AVX::open(int, int, void*)
                0x00000000c00225a8                AVX::close(int, int, void*)
                0x00000000c00225ba                AVX::available()
                0x00000000c00225cc                AVX::save(void*)
                0x00000000c00225e4                AVX::load(void*)
                0x00000000c00225fc                AVX::AVX()
                0x00000000c00225fc                AVX::AVX()
 .text          0x00000000c0022624       0x90 hw/fpu/mmx.32
                0x00000000c0022624                MMX::available()
                0x00000000c0022638                MMX::open(int, int, void*)
                0x00000000c002264a                MMX::close(int, int, void*)
                0x00000000c002265c                MMX::save(void*)
                0x00000000c0022674                MMX::load(void*)
                0x00000000c002268c                MMX::MMX()
                0x00000000c002268c                MMX::MMX()
 .text          0x00000000c00226b4       0x96 hw/fpu/sse.32
                0x00000000c00226b4                SSE::open(int, int, void*)
                0x00000000c00226c6                SSE::close(int, int, void*)
                0x00000000c00226d8                SSE::available()
                0x00000000c00226f2                SSE::save(void*)
                0x00000000c002270a                SSE::load(void*)
                0x00000000c0022722                SSE::SSE()
                0x00000000c0022722                SSE::SSE()
 .text          0x00000000c002274a       0x8e hw/fpu/x87.32
                0x00000000c002274a                x87::open(int, int, void*)
                0x00000000c002275c                x87::close(int, int, void*)
                0x00000000c002276e                x87::available()
                0x00000000c0022780                x87::save(void*)
                0x00000000c0022798                x87::load(void*)
                0x00000000c00227b0                x87::x87()
                0x00000000c00227b0                x87::x87()
 .text          0x00000000c00227d8      0x71e hw/intctrl/apic.32
                0x00000000c00227d8                APIC::disable()
                0x00000000c00227da                APIC::close(int, int, void*)
                0x00000000c00227fc                IOAPIC::close(int, int, void*)
                0x00000000c0022802                APIC::io_wait()
                0x00000000c0022808                APIC::getBase()
                0x00000000c002284a                APIC::eoi(unsigned char)
                0x00000000c0022878                APIC::open(int, int, void*)
                0x00000000c00229c6                IOAPIC::IOAPIC()
                0x00000000c00229c6                IOAPIC::IOAPIC()
                0x00000000c00229ee                APIC::APIC()
                0x00000000c00229ee                APIC::APIC()
                0x00000000c0022aca                IOAPIC::handlesGSIWithNumber(unsigned int)
                0x00000000c0022afc                IOAPIC::read(int)
                0x00000000c0022b24                IOAPIC::open(int, int, void*)
                0x00000000c0022c1a                IOAPIC::write(int, int)
                0x00000000c0022c46                IOAPIC::redirect(unsigned char, unsigned long long, unsigned char, bool, bool)
                0x00000000c0022d40                APIC::installIRQHandler(int, void (*)(regs*, void*), bool, void*)
 .text          0x00000000c0022ef6      0x3d3 hw/intctrl/pic.32
                0x00000000c0022ef6                PIC::disable()
                0x00000000c0022f24                PIC::close(int, int, void*)
                0x00000000c0022f46                PIC::PIC()
                0x00000000c0022f46                PIC::PIC()
                0x00000000c002301c                PIC::ioWait()
                0x00000000c0023022                PIC::getIRQReg(int)
                0x00000000c002308c                PIC::eoi(unsigned char)
                0x00000000c002311e                PIC::remap()
                0x00000000c002328a                PIC::open(int, int, void*)
 *fill*         0x00000000c00232c9        0x1 
 .text          0x00000000c00232ca      0x25e hw/timer/apictimer.32
                0x00000000c00232ca                APICTimer::close(int, int, void*)
                0x00000000c00232d0                apicTimerHandler(regs*, void*)
                0x00000000c00232fe                APICTimer::write(int)
                0x00000000c0023402                APICTimer::open(int, int, void*)
                0x00000000c0023500                APICTimer::APICTimer()
                0x00000000c0023500                APICTimer::APICTimer()
 .text          0x00000000c0023528      0x1a7 hw/timer/pit.32
                0x00000000c0023528                PIT::write(int)
                0x00000000c00235a6                pitHandler(regs*, void*)
                0x00000000c00235d2                PIT::open(int, int, void*)
                0x00000000c0023620                PIT::close(int, int, void*)
                0x00000000c0023650                PIT::PIT()
                0x00000000c0023650                PIT::PIT()
 *fill*         0x00000000c00236cf        0x1 
 .text          0x00000000c00236d0        0xa hw/fpu/x86/avx.32
                0x00000000c00236d0                avxDetect
                0x00000000c00236d6                avxSave
                0x00000000c00236d7                avxLoad
                0x00000000c00236d8                avxInit
                0x00000000c00236d9                avxClose
 *fill*         0x00000000c00236da        0x6 
 .text          0x00000000c00236e0       0x38 hw/fpu/x86/sse.32
                0x00000000c00236e0                sseDetect
                0x00000000c00236fb                sseSave
                0x00000000c0023701                sseLoad
                0x00000000c0023707                sseInit
                0x00000000c0023717                sseClose
 *fill*         0x00000000c0023718        0x8 
 .text          0x00000000c0023720       0x47 hw/fpu/x86/x87.32
                0x00000000c0023726                x87Detect
                0x00000000c0023741                x87Save
                0x00000000c0023747                x87Load
                0x00000000c002374c                x87Init
                0x00000000c0023766                x87Close
 *fill*         0x00000000c0023767        0x1 
 .text          0x00000000c0023768       0x25 /cygdrive/d/Users/Alex/Desktop/Toolchain/Output/bin/../lib/gcc/i386-banana/8.1.0/crtend.o
 .text          0x00000000c002378d        0x0 crtn.32
 *fill*         0x00000000c002378d        0x3 
 .text          0x00000000c0023790      0x14b /cygdrive/d/Users/Alex/Desktop/Toolchain/Output/bin/../lib/gcc/i386-banana/8.1.0/libkgcc.a(_divdi3.o)
                0x00000000c0023790                __divdi3
 *fill*         0x00000000c00238db        0x1 
 .text          0x00000000c00238dc      0x17e /cygdrive/d/Users/Alex/Desktop/Toolchain/Output/bin/../lib/gcc/i386-banana/8.1.0/libkgcc.a(_moddi3.o)
                0x00000000c00238dc                __moddi3
 *fill*         0x00000000c0023a5a        0x2 
 .text          0x00000000c0023a5c       0xff /cygdrive/d/Users/Alex/Desktop/Toolchain/Output/bin/../lib/gcc/i386-banana/8.1.0/libkgcc.a(_udivdi3.o)
                0x00000000c0023a5c                __udivdi3
 *fill*         0x00000000c0023b5b        0x1 
 .text          0x00000000c0023b5c      0x11a /cygdrive/d/Users/Alex/Desktop/Toolchain/Output/bin/../lib/gcc/i386-banana/8.1.0/libkgcc.a(_umoddi3.o)
                0x00000000c0023b5c                __umoddi3
 .text          0x00000000c0023c76      0x96d D:/Users/Alex/Desktop/Banana/kernel/libsoftfp.a(sfieeelib.o)
                0x00000000c0023c76                __addsf3
                0x00000000c0023f78                __subsf3
                0x00000000c0023f8c                __negsf2
                0x00000000c0023f99                __mulsf3
                0x00000000c002415c                __divsf3
                0x00000000c0024387                __floatsisf
                0x00000000c00243fb                __floatunsisf
                0x00000000c002443d                __fixsfsi
                0x00000000c002449f                __fixunssfsi
                0x00000000c00244d0                __cmpsf2
                0x00000000c0024565                __eqsf2
                0x00000000c00245a0                __nesf2
                0x00000000c00245a2                __gtsf2
                0x00000000c00245dd                __gesf2
                0x00000000c00245df                __ltsf2
                0x00000000c00245e1                __lesf2
 .text          0x00000000c00245e3      0xf50 D:/Users/Alex/Desktop/Banana/kernel/libsoftfp.a(dfieeelib.o)
                0x00000000c00245e3                __adddf3
                0x00000000c0024c34                __subdf3
                0x00000000c0024c4f                __negdf2
                0x00000000c0024c60                __muldf3
                0x00000000c0024f44                __divdf3
                0x00000000c00252c3                __floatsidf
                0x00000000c002531e                __floatunsidf
                0x00000000c002535c                __fixdfsi
                0x00000000c00253c9                __fixunsdfsi
                0x00000000c0025405                __cmpdf2
                0x00000000c00254f3                __eqdf2
                0x00000000c002550f                __nedf2
                0x00000000c0025511                __gtdf2
                0x00000000c002552d                __gedf2
                0x00000000c002552f                __ltdf2
                0x00000000c0025531                __ledf2
 .text          0x00000000c0025533      0x18d D:/Users/Alex/Desktop/Banana/kernel/libsoftfp.a(sfdfcvt.o)
                0x00000000c0025533                __truncdfsf2
                0x00000000c0025657                __extendsfdf2
 .text          0x00000000c00256c0       0x1e D:/Users/Alex/Desktop/Banana/kernel/libk/libm32.a(s_fabs.c.o)
                0x00000000c00256c0                fabs
 *fill*         0x00000000c00256de        0x2 
 .text          0x00000000c00256e0        0xc D:/Users/Alex/Desktop/Banana/kernel/libk/libm32.a(s_lrint.S.o)
                0x00000000c00256e0                lrint
 .text          0x00000000c00256ec        0xc D:/Users/Alex/Desktop/Banana/kernel/libk/libm32.a(s_lrintf.S.o)
                0x00000000c00256ec                lrintf
 *(.gnu.linkonce.t*)

.iplt           0x00000000c00256f8        0x0
 .iplt          0x00000000c00256f8        0x0 D:/Users/Alex/Desktop/Banana/kernel/boot.32

.init           0x00000000c00256f8        0xf
 .init          0x00000000c00256f8        0x3 crti.32
                0x00000000c00256f8                _init
 .init          0x00000000c00256fb        0x5 /cygdrive/d/Users/Alex/Desktop/Toolchain/Output/bin/../lib/gcc/i386-banana/8.1.0/crtbegin.o
 .init          0x00000000c0025700        0x5 /cygdrive/d/Users/Alex/Desktop/Toolchain/Output/bin/../lib/gcc/i386-banana/8.1.0/crtend.o
 .init          0x00000000c0025705        0x2 crtn.32

.fini           0x00000000c0025707        0xa
 .fini          0x00000000c0025707        0x3 crti.32
                0x00000000c0025707                _fini
 .fini          0x00000000c002570a        0x5 /cygdrive/d/Users/Alex/Desktop/Toolchain/Output/bin/../lib/gcc/i386-banana/8.1.0/crtbegin.o
 .fini          0x00000000c002570f        0x2 crtn.32

.text._ZN8ComputerD2Ev
                0x00000000c0025712       0x23
 .text._ZN8ComputerD2Ev
                0x00000000c0025712       0x23 core/computer.32
                0x00000000c0025712                Computer::~Computer()
                0x00000000c0025712                Computer::~Computer()

.text._ZN8ComputerD0Ev
                0x00000000c0025736       0x2a
 .text._ZN8ComputerD0Ev
                0x00000000c0025736       0x2a core/computer.32
                0x00000000c0025736                Computer::~Computer()

.text._Z10idleCommonv
                0x00000000c0025760       0x15
 .text._Z10idleCommonv
                0x00000000c0025760       0x15 core/idle.32
                0x00000000c0025760                idleCommon()

.text._ZN10LinkedListI8UnixFileED2Ev
                0x00000000c0025776        0x2
 .text._ZN10LinkedListI8UnixFileED2Ev
                0x00000000c0025776        0x2 core/unixfile.32
                0x00000000c0025776                LinkedList<UnixFile>::~LinkedList()
                0x00000000c0025776                LinkedList<UnixFile>::~LinkedList()

.text._ZN10LinkedListI8UnixFileEC2Ev
                0x00000000c0025778       0x58
 .text._ZN10LinkedListI8UnixFileEC2Ev
                0x00000000c0025778       0x58 core/unixfile.32
                0x00000000c0025778                LinkedList<UnixFile>::LinkedList()
                0x00000000c0025778                LinkedList<UnixFile>::LinkedList()

.text._ZN10LinkedListI8UnixFileE10addElementEPS0_
                0x00000000c00257d0       0xd3
 .text._ZN10LinkedListI8UnixFileE10addElementEPS0_
                0x00000000c00257d0       0xd3 core/unixfile.32
                0x00000000c00257d0                LinkedList<UnixFile>::addElement(UnixFile*)

.text._ZN10LinkedListI8UnixFileE15getFirstElementEv
                0x00000000c00258a4        0x7
 .text._ZN10LinkedListI8UnixFileE15getFirstElementEv
                0x00000000c00258a4        0x7 core/unixfile.32
                0x00000000c00258a4                LinkedList<UnixFile>::getFirstElement()

.text._ZN10LinkedListI8UnixFileE11removeFirstEv
                0x00000000c00258ac       0xa1
 .text._ZN10LinkedListI8UnixFileE11removeFirstEv
                0x00000000c00258ac       0xa1 core/unixfile.32
                0x00000000c00258ac                LinkedList<UnixFile>::removeFirst()

.text._ZN10LinkedListI8UnixFileE7getNextEPS0_
                0x00000000c002594e        0x8
 .text._ZN10LinkedListI8UnixFileE7getNextEPS0_
                0x00000000c002594e        0x8 core/unixfile.32
                0x00000000c002594e                LinkedList<UnixFile>::getNext(UnixFile*)

.text._ZN16DriverlessDeviceD2Ev
                0x00000000c0025956       0x1a
 .text._ZN16DriverlessDeviceD2Ev
                0x00000000c0025956       0x1a hal/device.32
                0x00000000c0025956                DriverlessDevice::~DriverlessDevice()
                0x00000000c0025956                DriverlessDevice::~DriverlessDevice()

.text._ZN16DriverlessDeviceD0Ev
                0x00000000c0025970       0x2a
 .text._ZN16DriverlessDeviceD0Ev
                0x00000000c0025970       0x2a hal/device.32
                0x00000000c0025970                DriverlessDevice::~DriverlessDevice()

.text._ZN10LinkedListI6DeviceE10addElementEPS0_
                0x00000000c002599a       0xdc
 .text._ZN10LinkedListI6DeviceE10addElementEPS0_
                0x00000000c002599a       0xdc hal/device.32
                0x00000000c002599a                LinkedList<Device>::addElement(Device*)

.text._ZN10LinkedListI6DeviceEC2Ev
                0x00000000c0025a76       0x58
 .text._ZN10LinkedListI6DeviceEC2Ev
                0x00000000c0025a76       0x58 hal/device.32
                0x00000000c0025a76                LinkedList<Device>::LinkedList()
                0x00000000c0025a76                LinkedList<Device>::LinkedList()

.text._ZN10LinkedListIV18ThreadControlBlockE15getFirstElementEv
                0x00000000c0025ace        0x7
 .text._ZN10LinkedListIV18ThreadControlBlockE15getFirstElementEv
                0x00000000c0025ace        0x7 hal/timer.32
                0x00000000c0025ace                LinkedList<ThreadControlBlock volatile>::getFirstElement()

.text._ZN10LinkedListIV18ThreadControlBlockE7isEmptyEv
                0x00000000c0025ad6       0x1c
 .text._ZN10LinkedListIV18ThreadControlBlockE7isEmptyEv
                0x00000000c0025ad6       0x1c hal/timer.32
                0x00000000c0025ad6                LinkedList<ThreadControlBlock volatile>::isEmpty()

.text._ZN10LinkedListIV18ThreadControlBlockE11removeFirstEv
                0x00000000c0025af2       0xae
 .text._ZN10LinkedListIV18ThreadControlBlockE11removeFirstEv
                0x00000000c0025af2       0xae hal/timer.32
                0x00000000c0025af2                LinkedList<ThreadControlBlock volatile>::removeFirst()

.text._ZN10LinkedListIV18ThreadControlBlockE10addElementEPS1_
                0x00000000c0025ba0       0xd3
 .text._ZN10LinkedListIV18ThreadControlBlockE10addElementEPS1_
                0x00000000c0025ba0       0xd3 hal/timer.32
                0x00000000c0025ba0                LinkedList<ThreadControlBlock volatile>::addElement(ThreadControlBlock volatile*)

.text._ZN4ACPID2Ev
                0x00000000c0025c74       0x23
 .text._ZN4ACPID2Ev
                0x00000000c0025c74       0x23 hw/acpi.32
                0x00000000c0025c74                ACPI::~ACPI()
                0x00000000c0025c74                ACPI::~ACPI()

.text._ZN4ACPID0Ev
                0x00000000c0025c98       0x2a
 .text._ZN4ACPID0Ev
                0x00000000c0025c98       0x2a hw/acpi.32
                0x00000000c0025c98                ACPI::~ACPI()

.text._ZN3CPUD2Ev
                0x00000000c0025cc2       0x23
 .text._ZN3CPUD2Ev
                0x00000000c0025cc2       0x23 hw/cpu.32
                0x00000000c0025cc2                CPU::~CPU()
                0x00000000c0025cc2                CPU::~CPU()

.text._ZN3CPUD0Ev