Archive member included to satisfy reference by file (symbol)

/cygdrive/d/Users/Alex/Desktop/Toolchain/Output/bin/../lib/gcc/i386-banana/8.1.0/libgcc.a(_divdi3.o)
                              fs/fat/ff.32 (__divdi3)
/cygdrive/d/Users/Alex/Desktop/Toolchain/Output/bin/../lib/gcc/i386-banana/8.1.0/libgcc.a(_moddi3.o)
                              thr/elf.32 (__moddi3)
/cygdrive/d/Users/Alex/Desktop/Toolchain/Output/bin/../lib/gcc/i386-banana/8.1.0/libgcc.a(_udivdi3.o)
                              fs/fat/ff.32 (__udivdi3)
/cygdrive/d/Users/Alex/Desktop/Toolchain/Output/bin/../lib/gcc/i386-banana/8.1.0/libgcc.a(_umoddi3.o)
                              core/pipe.32 (__umoddi3)
D:/Users/Alex/Desktop/Banana/kernel/libk/libm32.a(s_fabs.c.o)
                              hal/libresample/samplerate.32 (fabs)
D:/Users/Alex/Desktop/Banana/kernel/libk/libm32.a(s_lrint.S.o)
                              hal/libresample/samplerate.32 (lrint)
D:/Users/Alex/Desktop/Banana/kernel/libk/libm32.a(s_lrintf.S.o)
                              hal/sound/sndhw.32 (lrintf)

Discarded input sections

 .comment       0x0000000000000000       0x12 /cygdrive/d/Users/Alex/Desktop/Toolchain/Output/bin/../lib/gcc/i386-banana/8.1.0/crtbegin.o
 .comment       0x0000000000000000       0x12 acpica/utclib.32
 .comment       0x0000000000000000       0x12 core/malloc.32
 .comment       0x0000000000000000       0x12 libk/string.32
 .comment       0x0000000000000000       0x12 fs/fat/diskio.32
 .comment       0x0000000000000000       0x12 fs/fat/ff.32
 .comment       0x0000000000000000       0x12 fs/fat/ffsystem.32
 .comment       0x0000000000000000       0x12 fs/fat/ffunicode.32
 .comment       0x0000000000000000       0x12 hal/libresample/samplerate.32
 .comment       0x0000000000000000       0x12 hal/libresample/src_linear.32
 .comment       0x0000000000000000       0x12 hal/libresample/src_sinc.32
 .comment       0x0000000000000000       0x12 hal/libresample/src_zoh.32
 .group         0x0000000000000000       0x14 core/computer.32
 .group         0x0000000000000000        0xc core/computer.32
 .comment       0x0000000000000000       0x12 core/computer.32
 .comment       0x0000000000000000       0x12 core/gdt.32
 .group         0x0000000000000000        0xc core/idle.32
 .comment       0x0000000000000000       0x12 core/idle.32
 .comment       0x0000000000000000       0x12 core/idt.32
 .group         0x0000000000000000        0x8 core/kheap.32
 .group         0x0000000000000000        0x8 core/kheap.32
 .comment       0x0000000000000000       0x12 core/kheap.32
 .comment       0x0000000000000000       0x12 core/main.32
 .comment       0x0000000000000000       0x12 core/physmgr.32
 .group         0x0000000000000000        0xc core/pipe.32
 .comment       0x0000000000000000       0x12 core/pipe.32
 .group         0x0000000000000000        0xc core/terminal.32
 .comment       0x0000000000000000       0x12 core/terminal.32
 .group         0x0000000000000000        0x8 core/tss.32
 .text._ZN3CPU7readCR3Ev
                0x0000000000000000       0x12 core/tss.32
 .comment       0x0000000000000000       0x12 core/tss.32
 .group         0x0000000000000000        0x8 core/unixfile.32
 .group         0x0000000000000000        0xc core/unixfile.32
 .group         0x0000000000000000        0xc core/unixfile.32
 .group         0x0000000000000000        0x8 core/unixfile.32
 .group         0x0000000000000000        0xc core/unixfile.32
 .group         0x0000000000000000        0x8 core/unixfile.32
 .group         0x0000000000000000        0xc core/unixfile.32
 .group         0x0000000000000000        0xc core/unixfile.32
 .comment       0x0000000000000000       0x12 core/unixfile.32
 .group         0x0000000000000000        0x8 core/virtmgr.32
 .group         0x0000000000000000        0x8 core/virtmgr.32
 .text._ZN3CPU7readCR3Ev
                0x0000000000000000       0x12 core/virtmgr.32
 .text._ZN3CPU8writeCR3Em
                0x0000000000000000        0x9 core/virtmgr.32
 .comment       0x0000000000000000       0x12 core/virtmgr.32
 .comment       0x0000000000000000       0x12 coreobjs/c++.32
 .comment       0x0000000000000000       0x12 dbg/kconsole.32
 .group         0x0000000000000000        0xc fs/vfs.32
 .group         0x0000000000000000        0xc fs/vfs.32
 .group         0x0000000000000000        0xc fs/vfs.32
 .comment       0x0000000000000000       0x12 fs/vfs.32
 .group         0x0000000000000000        0xc hal/bus.32
 .comment       0x0000000000000000       0x12 hal/bus.32
 .group         0x0000000000000000        0xc hal/buzzer.32
 .comment       0x0000000000000000       0x12 hal/buzzer.32
 .group         0x0000000000000000        0xc hal/clock.32
 .comment       0x0000000000000000       0x12 hal/clock.32
 .group         0x0000000000000000       0x14 hal/device.32
 .group         0x0000000000000000        0xc hal/device.32
 .group         0x0000000000000000        0xc hal/device.32
[...]
Memory Configuration

Name             Origin             Length             Attributes
*default*        0x0000000000000000 0xffffffffffffffff

Linker script and memory map

LOAD D:/Users/Alex/Desktop/Banana/kernel/boot.32
LOAD crti.32
LOAD /cygdrive/d/Users/Alex/Desktop/Toolchain/Output/bin/../lib/gcc/i386-banana/8.1.0/crtbegin.o
LOAD D:/Users/Alex/Desktop/Banana/kernel/morenasm.32
LOAD acpica/utclib.32
LOAD core/malloc.32
LOAD libk/string.32
LOAD fs/fat/diskio.32
LOAD fs/fat/ff.32
LOAD fs/fat/ffsystem.32
LOAD fs/fat/ffunicode.32
LOAD hal/libresample/samplerate.32
LOAD hal/libresample/src_linear.32
LOAD hal/libresample/src_sinc.32
LOAD hal/libresample/src_zoh.32
LOAD core/computer.32
LOAD core/gdt.32
LOAD core/idle.32
LOAD core/idt.32
LOAD core/kheap.32
LOAD core/main.32
LOAD core/physmgr.32
LOAD core/pipe.32
LOAD core/terminal.32
LOAD core/tss.32
LOAD core/unixfile.32
LOAD core/virtmgr.32
LOAD coreobjs/c++.32
LOAD dbg/kconsole.32
LOAD fs/vfs.32
LOAD hal/bus.32
LOAD hal/buzzer.32
LOAD hal/clock.32
LOAD hal/device.32
LOAD hal/diskctrl.32
LOAD hal/diskphys.32
LOAD hal/fpu.32
LOAD hal/intctrl.32
LOAD hal/keybrd.32
LOAD hal/logidisk.32
LOAD hal/mouse.32
LOAD hal/partition.32
LOAD hal/timer.32
LOAD hal/vcache.32
LOAD hal/video.32
LOAD hw/acpi.32
LOAD hw/cpu.32
LOAD hw/ports.32
LOAD krnl/panic.32
LOAD reg/registry.32
LOAD sys/sc_exit.32
LOAD sys/sc_loaddll.32
LOAD sys/sc_read.32
LOAD sys/sc_sbrk.32
LOAD sys/sc_write.32
LOAD sys/sc_yield.32
LOAD sys/syscalls.32
LOAD thr/elf.32
LOAD thr/prcssthr.32
LOAD vm86/vm8086.32
LOAD fs/fat/vfslink.32
LOAD fs/iso9660/vfslink.32
LOAD hal/sound/sndchannel.32
LOAD hal/sound/sndhw.32
LOAD hw/bus/isa.32
LOAD hw/bus/pci.32
LOAD hw/diskctrl/ide.32
LOAD hw/diskphys/ata.32
LOAD hw/diskphys/atapi.32
LOAD hw/fpu/avx.32
LOAD hw/fpu/mmx.32
LOAD hw/fpu/sse.32
LOAD hw/fpu/x87.32
LOAD hw/intctrl/apic.32
LOAD hw/intctrl/pic.32
LOAD hw/timer/apictimer.32
LOAD hw/timer/pit.32
LOAD hw/fpu/x86/avx.32
LOAD hw/fpu/x86/sse.32
LOAD hw/fpu/x86/x87.32
LOAD /cygdrive/d/Users/Alex/Desktop/Toolchain/Output/bin/../lib/gcc/i386-banana/8.1.0/crtend.o
LOAD crtn.32
LOAD /cygdrive/d/Users/Alex/Desktop/Toolchain/Output/bin/../lib/gcc/i386-banana/8.1.0/libgcc.a
LOAD D:/Users/Alex/Desktop/Banana/kernel/libk/libm32.a
                0x00000000c0000000                . = 0xc0000000

.text           0x00000000c0000000    0x1e9f8
 *(.text)
 .text          0x00000000c0000000       0x41 D:/Users/Alex/Desktop/Banana/kernel/boot.32
                0x00000000c0000020                callGlobalConstructors
 .text          0x00000000c0000041        0x0 crti.32
 *fill*         0x00000000c0000041        0x3 
 .text          0x00000000c0000044      0x101 /cygdrive/d/Users/Alex/Desktop/Toolchain/Output/bin/../lib/gcc/i386-banana/8.1.0/crtbegin.o
 *fill*         0x00000000c0000145        0xb 
 .text          0x00000000c0000150      0x41f D:/Users/Alex/Desktop/Banana/kernel/morenasm.32
                0x00000000c0000150                doTPAUSE
                0x00000000c000015a                hasLegacyFPU
                0x00000000c000017f                is486
                0x00000000c00001b5                goToVM86
                0x00000000c00001e6                goToUsermode
                0x00000000c0000211                switchToThreadASMFirstTime
                0x00000000c000021f                switchToThreadASM
                0x00000000c00002bf                detectCPUID
                0x00000000c00002d5                asmQuickAcquireLock
                0x00000000c00002f3                asmQuickReleaseLock
                0x00000000c00002ff                asmAcquireLock
                0x00000000c0000320                asmReleaseLock
                0x00000000c0000333                loadGDT
                0x00000000c0000353                isr0
                0x00000000c0000363                isr1
                0x00000000c000036d                isr2
                0x00000000c0000377                isr3
                0x00000000c0000381                isr4
                0x00000000c000038b                isr5
                0x00000000c0000395                isr6
                0x00000000c000039f                isr7
                0x00000000c00003a9                isr8
                0x00000000c00003b1                isr9
                0x00000000c00003bb                isr10
                0x00000000c00003c3                isr11
                0x00000000c00003cb                isr12
                0x00000000c00003d3                isr13
                0x00000000c00003db                isr14
                0x00000000c00003e3                isr15
                0x00000000c00003ed                isr16
                0x00000000c00003f7                isr17
                0x00000000c0000401                isr18
                0x00000000c000040b                isr96
                0x00000000c0000415                irq0
                0x00000000c000041f                irq1
                0x00000000c0000429                irq2
                0x00000000c0000433                irq3
                0x00000000c000043d                irq4
                0x00000000c0000447                irq5
                0x00000000c0000451                irq6
                0x00000000c000045b                irq7
                0x00000000c0000465                irq8
                0x00000000c000046f                irq9
                0x00000000c0000479                irq10
                0x00000000c0000483                irq11
                0x00000000c000048d                irq12
                0x00000000c0000497                irq13
                0x00000000c00004a1                irq14
                0x00000000c00004ab                irq15
                0x00000000c00004b5                irq16
                0x00000000c00004bf                irq17
                0x00000000c00004c9                irq18
                0x00000000c00004d3                irq19
                0x00000000c00004dd                irq20
                0x00000000c00004e7                irq21
                0x00000000c00004f1                irq22
                0x00000000c00004fb                irq23
                0x00000000c0000505                int_common_stub
                0x00000000c0000535                syscall_common_stub
 .text          0x00000000c000056f      0x41c acpica/utclib.32
                0x00000000c000056f                memcmp
                0x00000000c000059a                memmove
                0x00000000c00005d2                memcpy
                0x00000000c0000608                memset
                0x00000000c0000625                strlen
                0x00000000c0000635                strpbrk
                0x00000000c0000658                strtok
                0x00000000c00006a7                strcpy
                0x00000000c00006d4                strncpy
                0x00000000c0000705                strcmp
                0x00000000c0000726                strchr
                0x00000000c000073c                strncmp
                0x00000000c000076b                strcat
                0x00000000c0000792                strncat
                0x00000000c00007cc                strstr
                0x00000000c0000809                toupper
                0x00000000c000081d                tolower
                0x00000000c0000831                simple_strtoul
 .text          0x00000000c000098b      0xfbf core/malloc.32
                0x00000000c0000af6                dlfree
                0x00000000c0000e51                dlmalloc
                0x00000000c000138e                dlrealloc
                0x00000000c0001543                dlmemalign
                0x00000000c0001666                dlcalloc
                0x00000000c0001700                dlcfree
                0x00000000c0001705                dlindependent_calloc
                0x00000000c000172a                dlindependent_comalloc
                0x00000000c0001741                dlvalloc
                0x00000000c000176c                dlpvalloc
                0x00000000c00017a2                dlmalloc_trim
                0x00000000c00017af                dlmalloc_usable_size
                0x00000000c00017e0                dlmallinfo
                0x00000000c00018af                dlmalloc_stats
                0x00000000c00018c0                dlmallopt
 .text          0x00000000c000194a        0x0 libk/string.32
 .text          0x00000000c000194a       0x51 fs/fat/diskio.32
                0x00000000c000194a                disk_status
                0x00000000c000194d                disk_initialize
                0x00000000c0001950                disk_read
                0x00000000c0001966                disk_write
                0x00000000c000197c                disk_ioctl
 .text          0x00000000c000199b     0x6833 fs/fat/ff.32
                0x00000000c0004c69                f_mount
                0x00000000c0004ccb                f_open
                0x00000000c0005107                f_read
                0x00000000c0005387                f_write
                0x00000000c0005641                f_sync
                0x00000000c000581d                f_close
                0x00000000c000584c                f_lseek
                0x00000000c0005d03                f_opendir
                0x00000000c0005e05                f_closedir
                0x00000000c0005e27                f_readdir
                0x00000000c0005ec2                f_stat
                0x00000000c0005f51                f_getfree
                0x00000000c000611c                f_truncate
                0x00000000c0006214                f_unlink
                0x00000000c0006397                f_mkdir
                0x00000000c00065c3                f_rename
                0x00000000c00068b6                f_chmod
                0x00000000c0006994                f_utime
                0x00000000c0006a72                f_getlabel
                0x00000000c0006c60                f_setlabel
                0x00000000c0006ecd                f_forward
                0x00000000c00070ab                f_mkfs
 .text          0x00000000c00081ce       0x2d fs/fat/ffsystem.32
                0x00000000c00081ce                ff_memalloc
                0x00000000c00081e4                ff_memfree
 .text          0x00000000c00081fb      0x253 fs/fat/ffunicode.32
                0x00000000c00081fb                ff_uni2oem
                0x00000000c000828b                ff_oem2uni
                0x00000000c00082f7                ff_wtoupper
 .text          0x00000000c000844e      0x70e hal/libresample/samplerate.32
                0x00000000c00084d6                src_delete
                0x00000000c0008512                src_process
                0x00000000c000863a                src_callback_read
                0x00000000c000879b                src_set_ratio
                0x00000000c00087f2                src_get_channels
                0x00000000c0008814                src_reset
                0x00000000c0008858                src_new
                0x00000000c00088e6                src_callback_new
                0x00000000c0008948                src_get_name
                0x00000000c000897f                src_get_description
                0x00000000c00089b6                src_get_version
                0x00000000c00089bc                src_is_valid_ratio
                0x00000000c00089d6                src_error
                0x00000000c00089e4                src_strerror
                0x00000000c00089f7                src_simple
                0x00000000c0008a4a                src_short_to_float_array
                0x00000000c0008a70                src_float_to_short_array
                0x00000000c0008ad4                src_int_to_float_array
                0x00000000c0008afa                src_float_to_int_array
 .text          0x00000000c0008b5c      0x3fd hal/libresample/src_linear.32
                0x00000000c0008eb4                linear_get_name
                0x00000000c0008ec3                linear_get_description
                0x00000000c0008ed2                linear_set_converter
 .text          0x00000000c0008f59     0x1a3f hal/libresample/src_sinc.32
                0x00000000c000a8af                sinc_get_name
                0x00000000c000a8c2                sinc_get_description
                0x00000000c000a8d5                sinc_set_converter
 .text          0x00000000c000a998      0x3d3 hal/libresample/src_zoh.32
                0x00000000c000acc6                zoh_get_name
                0x00000000c000acd5                zoh_get_description
                0x00000000c000ace4                zoh_set_converter
 *fill*         0x00000000c000ad6b        0x1 
 .text          0x00000000c000ad6c      0x6b6 core/computer.32
                0x00000000c000ad6c                Computer::close(int, int, void*)
                0x00000000c000adb0                Computer::Computer()
                0x00000000c000adb0                Computer::Computer()
                0x00000000c000af0c                Computer::setBootMessage(char const*)
                0x00000000c000af0e                Computer::start()
                0x00000000c000afea                firstTask()
                0x00000000c000aff8                Computer::detectFeatures()
                0x00000000c000b1d2                Computer::displayFeatures()
                0x00000000c000b1d4                Computer::rdmsr(unsigned int)
                0x00000000c000b200                Computer::wrmsr(unsigned int, unsigned long long)
                0x00000000c000b238                Computer::nmiEnabled()
                0x00000000c000b244                Computer::readCMOS(unsigned char)
                0x00000000c000b25e                Computer::enableNMI(bool)
                0x00000000c000b276                Computer::open(int, int, void*)
                0x00000000c000b344                Computer::disableNMI()
                0x00000000c000b352                Computer::writeCMOS(unsigned char, unsigned char)
                0x00000000c000b370                Computer::handleNMI()
                0x00000000c000b3d6                Computer::setDiskActivityLight(int, bool)
                0x00000000c000b401                debug_strcpy
 .text          0x00000000c000b422      0x1b7 core/gdt.32
                0x00000000c000b422                GDTEntry::setBase(unsigned int)
                0x00000000c000b43e                GDTEntry::setLimit(unsigned int)
                0x00000000c000b45c                GDT::GDT()
                0x00000000c000b45c                GDT::GDT()
                0x00000000c000b472                GDT::addEntry(GDTEntry)
                0x00000000c000b4ae                GDT::getNumberOfEntries()
                0x00000000c000b4b6                GDT::flush()
                0x00000000c000b4d8                GDT::setup()
 .text          0x00000000c000b5d9       0x61 core/idle.32
                0x00000000c000b5d9                idleFunction(void*)
 .text          0x00000000c000b63a      0x45f core/idt.32
                0x00000000c000b63a                IDTEntry::IDTEntry(bool)
                0x00000000c000b63a                IDTEntry::IDTEntry(bool)
                0x00000000c000b6a8                IDTEntry::setOffset(unsigned int)
                0x00000000c000b6bc                IDT::IDT()
                0x00000000c000b6bc                IDT::IDT()
                0x00000000c000b6be                IDT::getPointerToInvalidOpcodeEntryForF00F()
                0x00000000c000b6c6                IDT::addEntry(IDTEntry, int)
                0x00000000c000b6e0                IDT::addEntry(int, void (*)(), bool)
                0x00000000c000b718                IDT::flush()
                0x00000000c000b732                IDT::setup()
 .text          0x00000000c000ba99      0x20d core/kheap.32
                0x00000000c000ba99                sbrk
                0x00000000c000bbb1                mmap
                0x00000000c000bbc7                munmap
                0x00000000c000bbdd                liballoc_lock()
                0x00000000c000bbee                liballoc_unlock()
                0x00000000c000bbff                liballoc_alloc(int)
                0x00000000c000bc1a                liballoc_free(void*, int)
                0x00000000c000bc38                realloc
                0x00000000c000bc4c                malloc
                0x00000000c000bc5c                free
                0x00000000c000bc6c                rfree
                0x00000000c000bc7c                calloc
 .text          0x00000000c000bca6      0x38d core/main.32
                0x00000000c000bca6                hwTextMode_loadInData(VgaText*)
                0x00000000c000bceb                hwTextMode_loadInTitle(VgaText*, char*)
                0x00000000c000bd2d                hwTextMode_showCursor(VgaText*, bool)
                0x00000000c000bd81                hwTextMode_update(VgaText*)
                0x00000000c000bd82                hwTextMode_updateCursor(VgaText*)
                0x00000000c000bdca                hwTextMode_disableBlink(VgaText*, bool)
                0x00000000c000be06                hwTextMode_scrollScreen(VgaText*)
                0x00000000c000be8c                hwTextMode_writeCharacter(VgaText*, char, VgaColour, VgaColour, int, int)
                0x00000000c000beea                setupTextMode()
                0x00000000c000bf3b                kernel_main
 .text          0x00000000c000c033      0x46c core/physmgr.32
                0x00000000c000c033                Phys::allocateDMA(unsigned long)
                0x00000000c000c0d6                Phys::freeDMA(unsigned long, unsigned long)
                0x00000000c000c11e                Phys::setPageState(unsigned long, bool)
                0x00000000c000c150                Phys::getPageState(unsigned long)
                0x00000000c000c16c                Phys::freePage(unsigned long)
                0x00000000c000c1f6                Phys::allocatePage()
                0x00000000c000c2b2                Phys::allowSegmentToBeUsed(unsigned long, unsigned long)
                0x00000000c000c2ea                Phys::physicalMemorySetup(unsigned int)
 *fill*         0x00000000c000c49f        0x1 
 .text          0x00000000c000c4a0      0x273 core/pipe.32
                0x00000000c000c4a0                Pipe::isAtty()
                0x00000000c000c4a4                Pipe::~Pipe()
                0x00000000c000c4a4                Pipe::~Pipe()
                0x00000000c000c4c8                Pipe::~Pipe()
                0x00000000c000c4f0                Pipe::read(unsigned long long, void*, int*)
                0x00000000c000c5e4                Pipe::write(unsigned long long, void*, int*)
                0x00000000c000c6ac                Pipe::Pipe(int)
                0x00000000c000c6ac                Pipe::Pipe(int)
 *fill*         0x00000000c000c713        0x1 
 .text          0x00000000c000c714      0xf65 core/terminal.32
                0x00000000c000c714                VgaText::isAtty()
                0x00000000c000c718                VgaText::~VgaText()
                0x00000000c000c718                VgaText::~VgaText()
                0x00000000c000c73c                VgaText::~VgaText()
                0x00000000c000c766                VgaText::read(unsigned long long, void*, int*)
                0x00000000c000c786                setTerminalScrollLock(bool)
                0x00000000c000c787                addToTerminalCycle(VgaText*)
                0x00000000c000c7b4                installVgaTextImplementation()
                0x00000000c000c7c9                scrollTerminalScrollLock(int)
                0x00000000c000c7ca                VgaText::load()
                0x00000000c000c81e                VgaText::updateCursor()
                0x00000000c000c838                VgaText::showCursor(bool)
                0x00000000c000c848                VgaText::disableBlink(bool)
                0x00000000c000c882                VgaText::doANSI_SGR(int)
                0x00000000c000c90e                VgaText::setDefaultBgColour(VgaColour)
                0x00000000c000c924                VgaText::setDefaultFgColour(VgaColour)
                0x00000000c000c93a                VgaText::setDefaultColours(VgaColour, VgaColour)
                0x00000000c000c95a                VgaText::combineColours(unsigned char, unsigned char)
                0x00000000c000c96c                VgaText::scrollScreen()
                0x00000000c000ca00                VgaText::combineCharAndColour(char, unsigned char)
                0x00000000c000ca12                VgaText::writeCharacter(char, VgaColour, VgaColour, int, int)
                0x00000000c000ca72                VgaText::getCursorX()
                0x00000000c000ca7e                VgaText::getCursorY()
                0x00000000c000ca8a                VgaText::setCursor(int, int)
                0x00000000c000caa8                VgaText::setCursorX(int)
                0x00000000c000cac4                VgaText::setCursorY(int)
                0x00000000c000cae0                VgaText::incrementCursor(bool)
                0x00000000c000cb48                VgaText::updateRAMUsageDisplay(int)
                0x00000000c000cba2                VgaText::updateDiskUsage()
                0x00000000c000cd08                VgaText::updateTitle()
                0x00000000c000cd4e                VgaText::setTitleTextColour(VgaColour)
                0x00000000c000cd5e                VgaText::setTitleColour(VgaColour)
                0x00000000c000cd6e                VgaText::setTitle(char*)
                0x00000000c000cd94                VgaText::decrementCursor(bool)
                0x00000000c000cdbc                VgaText::putchar(char, VgaColour, VgaColour)
                0x00000000c000ceb8                VgaText::isShowingCursor()
                0x00000000c000cec4                VgaText::isBlinkDisabled()
                0x00000000c000ced2                VgaText::setCursorHeight(int)
                0x00000000c000cef0                VgaText::getCursorHeight()
                0x00000000c000cefb                setActiveTerminal(VgaText*)
                0x00000000c000cfad                doTerminalCycle()
                0x00000000c000cfca                VgaText::doUpdate()
                0x00000000c000cfdc                VgaText::puts(char const*, VgaColour, VgaColour)
                0x00000000c000d19c                VgaText::clearScreen()
                0x00000000c000d200                VgaText::putchar(char)
                0x00000000c000d31a                VgaText::puts(char const*)
                0x00000000c000d340                VgaText::putx(unsigned int)
                0x00000000c000d386                VgaText::VgaText(char const*)
                0x00000000c000d386                VgaText::VgaText(char const*)
                0x00000000c000d518                VgaText::receiveKey(unsigned char)
                0x00000000c000d600                VgaText::write(unsigned long long, void*, int*)
                0x00000000c000d654                newTerminal(char*)
 *fill*         0x00000000c000d679        0x1 
 .text          0x00000000c000d67a      0x18f core/tss.32
                0x00000000c000d67a                TSS::TSS()
                0x00000000c000d67a                TSS::TSS()
                0x00000000c000d688                TSS::setESP(unsigned long)
                0x00000000c000d69a                TSS::flush()
                0x00000000c000d6ba                TSS::setup(unsigned long, unsigned long)
 *fill*         0x00000000c000d809        0x1 
 .text          0x00000000c000d80a      0x545 core/unixfile.32
                0x00000000c000d80a                ReservedFilename::read(unsigned long long, void*, int*)
                0x00000000c000d8a0                ReservedFilename::isAtty()
                0x00000000c000d8d6                ReservedFilename::write(unsigned long long, void*, int*)
                0x00000000c000d970                UnixFile::getFileDescriptor()
                0x00000000c000d978                UnixFile::UnixFile(int)
                0x00000000c000d978                UnixFile::UnixFile(int)
                0x00000000c000dae8                ReservedFilename::ReservedFilename(int)
                0x00000000c000dae8                ReservedFilename::ReservedFilename(int)
                0x00000000c000db1a                UnixFile::~UnixFile()
                0x00000000c000db1a                UnixFile::~UnixFile()
                0x00000000c000dbb2                UnixFile::~UnixFile()
                0x00000000c000dbda                ReservedFilename::~ReservedFilename()
                0x00000000c000dbda                ReservedFilename::~ReservedFilename()
                0x00000000c000dbfe                ReservedFilename::~ReservedFilename()
                0x00000000c000dc25                getFromFileDescriptor(int)
 *fill*         0x00000000c000dd4f        0x1 
 .text          0x00000000c000dd50     0x1175 core/virtmgr.32
                0x00000000c000dd50                Virt::setPageState(unsigned long, Virt::VirtPageState)
                0x00000000c000dd85                Virt::getPageState(unsigned long)
                0x00000000c000dda9                Virt::allocateKernelVirtualPages(int)
                0x00000000c000deba                Virt::virtualMemorySetup()
                0x00000000c000df39                Virt::getAKernelVAS()
                0x00000000c000df3f                Virt::setupPageSwapping(int)
                0x00000000c000e064                VAS::VAS()
                0x00000000c000e064                VAS::VAS()
                0x00000000c000e094                VAS::getForeignPageTableEntry(bool, unsigned long)
                0x00000000c000e0c0                VAS::getPageTableEntry(unsigned long)
                0x00000000c000e0df                Virt::freeKernelVirtualPages(unsigned long)
                0x00000000c000e202                VAS::freeAllocatedPages(unsigned long)
                0x00000000c000e226                VAS::virtualToPhysical(unsigned long)
                0x00000000c000e23e                VAS::mapOtherVASIn(bool, VAS*)
                0x00000000c000e274                VAS::~VAS()
                0x00000000c000e274                VAS::~VAS()
                0x00000000c000e3e0                VAS::mapPage(unsigned long, unsigned long, int)
                0x00000000c000e4e0                VAS::allocatePages(int, int)
                0x00000000c000e6b0                VAS::setCPUSpecific(unsigned long)
                0x00000000c000e6cc                VAS::mapRange(unsigned long, unsigned long, int, int)
                0x00000000c000e796                VAS::VAS(VAS*)
                0x00000000c000e796                VAS::VAS(VAS*)
                0x00000000c000eae0                VAS::mapForeignPage(bool, VAS*, unsigned long, unsigned long, int)
                0x00000000c000ebce                VAS::VAS(bool)
                0x00000000c000ebce                VAS::VAS(bool)
                0x00000000c000edfe                mapVASFirstTime
 .text          0x00000000c000eec5       0x93 coreobjs/c++.32
                0x00000000c000eec5                __cxa_atexit
                0x00000000c000eec8                __cxa_finalize
                0x00000000c000eec9                __stack_chk_fail
                0x00000000c000ef29                __cxa_pure_virtual
                0x00000000c000ef3a                operator new(unsigned long)
                0x00000000c000ef3f                operator new[](unsigned long)
                0x00000000c000ef44                operator delete(void*)
                0x00000000c000ef49                operator delete(void*, unsigned long)
                0x00000000c000ef4e                operator delete[](void*)
                0x00000000c000ef53                operator delete[](void*, unsigned long)
 .text          0x00000000c000ef58      0x1ef dbg/kconsole.32
                0x00000000c000ef58                Dbg::stringifyxWithBase(unsigned int, char*, int)
                0x00000000c000efb9                Dbg::logc(char)
                0x00000000c000efd0                Dbg::logs(char*)
                0x00000000c000efed                Dbg::logWriteInt(unsigned int)
                0x00000000c000f00a                Dbg::logWriteIntBase(unsigned int, int)
                0x00000000c000f029                Dbg::kprintf(char const*, ...)
 *fill*         0x00000000c000f147        0x1 
 .text          0x00000000c000f148      0xb68 fs/vfs.32
                0x00000000c000f148                File::read(unsigned long long, void*, int*)
                0x00000000c000f1a0                File::write(unsigned long long, void*, int*)
                0x00000000c000f1f8                Directory::read(unsigned long long, void*, int*)
                0x00000000c000f250                Directory::write(unsigned long long, void*, int*)
                0x00000000c000f27e                File::isAtty()
                0x00000000c000f282                Directory::isAtty()
                0x00000000c000f286                Filesystem::getlabel(LogicalDisk*, int, char*, unsigned int*)
                0x00000000c000f28c                Filesystem::setlabel(LogicalDisk*, int, char*)
                0x00000000c000f292                File::~File()
                0x00000000c000f292                File::~File()
                0x00000000c000f2b6                File::~File()
                0x00000000c000f2e0                Directory::~Directory()
                0x00000000c000f2e0                Directory::~Directory()
                0x00000000c000f304                Directory::~Directory()
                0x00000000c000f32e                Filesystem::Filesystem()
                0x00000000c000f32e                Filesystem::Filesystem()
                0x00000000c000f352                Filesystem::~Filesystem()
                0x00000000c000f352                Filesystem::~Filesystem()
                0x00000000c000f360                Filesystem::~Filesystem()
                0x00000000c000f384                initVFS()
                0x00000000c000f3ae                standardiseFiles(char*, char const*, char const*)
                0x00000000c000f558                File::File(char const*, Process*)
                0x00000000c000f558                File::File(char const*, Process*)
                0x00000000c000f5bc                File::open(FileOpenMode)
                0x00000000c000f61a                File::close()
                0x00000000c000f67a                File::seek(unsigned long long)
                0x00000000c000f6d0                File::tell(unsigned long long*)
                0x00000000c000f720                File::rewind()
                0x00000000c000f734                File::unlink()
                0x00000000c000f780                File::rename(char const*)
                0x00000000c000f7ce                File::chfatattr(unsigned char, unsigned char)
                0x00000000c000f82a                File::exists()
                0x00000000c000f868                File::stat(unsigned long long*, bool*)
                0x00000000c000f8c9                getcwd(Process*, char*, int)
                0x00000000c000f8f3                setcwd(Process*, char*)
                0x00000000c000fa1a                Directory::Directory(char const*, Process*)
                0x00000000c000fa1a                Directory::Directory(char const*, Process*)
                0x00000000c000fa7e                Directory::open()
                0x00000000c000fada                Directory::close()
                0x00000000c000fb3a                Directory::unlink()
                0x00000000c000fb86                Directory::rename(char const*)
                0x00000000c000fbd4                Directory::exists()
                0x00000000c000fc12                Directory::read(dirent*)
                0x00000000c000fc5e                Directory::create()
                0x00000000c000fcaa                Filesystem::chfatattr(char const*, unsigned char, unsigned char)
 .text          0x00000000c000fcb0       0x84 hal/bus.32
                0x00000000c000fcb0                Bus::Bus(char const*)
                0x00000000c000fcb0                Bus::Bus(char const*)
                0x00000000c000fce6                Bus::~Bus()
                0x00000000c000fce6                Bus::~Bus()
                0x00000000c000fd0a                Bus::~Bus()
 .text          0x00000000c000fd34      0x14e hal/buzzer.32
                0x00000000c000fd34                Buzzer::Buzzer(char const*)
                0x00000000c000fd34                Buzzer::Buzzer(char const*)
                0x00000000c000fd78                Buzzer::~Buzzer()
                0x00000000c000fd78                Buzzer::~Buzzer()
                0x00000000c000fd9c                Buzzer::~Buzzer()
                0x00000000c000fdc6                Buzzer::stop()
                0x00000000c000fdd9                beepThread(void*)
                0x00000000c000fe14                Buzzer::beep(int, int, bool)
 .text          0x00000000c000fe82      0x42f hal/clock.32
                0x00000000c000fe82                loadClockSettings()
                0x00000000c000fe9c                Clock::Clock(char const*)
                0x00000000c000fe9c                Clock::Clock(char const*)
                0x00000000c000fed2                Clock::~Clock()
                0x00000000c000fed2                Clock::~Clock()
                0x00000000c000fef6                Clock::~Clock()
                0x00000000c000ff20                Clock::timeInSecondsLocal()
                0x00000000c000ff68                Clock::setTimeInSecondsLocal(unsigned long long)
                0x00000000c000ffc1                datetimeToSeconds(datetime_t)
                0x00000000c00100e8                Clock::setTimeInDatetimeLocal(datetime_t)
                0x00000000c0010148                secondsToDatetime(unsigned long long)
                0x00000000c001028c                Clock::timeInDatetimeLocal()
 *fill*         0x00000000c00102b1        0x1 
 .text          0x00000000c00102b2      0x504 hal/device.32
                0x00000000c00102b2                Device::hibernate()
                0x00000000c00102b4                Device::wake()
                0x00000000c00102b6                Device::detect()
                0x00000000c00102b8                Device::disableLegacy()
                0x00000000c00102ba                Device::powerSaving(PowerSavingLevel)
                0x00000000c00102bc                DriverlessDevice::close(int, int, void*)
                0x00000000c00102c0                DriverlessDevice::detect()
                0x00000000c00102c2                DriverlessDevice::open(int, int, void*)
                0x00000000c00102d6                Device::~Device()
                0x00000000c00102d6                Device::~Device()
                0x00000000c00102e4                Device::~Device()
                0x00000000c001030c                Device::findAndLoadDriver()
                0x00000000c001030e                Device::preOpenPCI(PCIDeviceInfo)
                0x00000000c0010334                Device::preOpenACPI(void*, char*, char*)
                0x00000000c0010388                Device::addIRQHandler(int, void (*)(regs*, void*), bool, void*)
                0x00000000c00103e6                Device::removeIRQHandler(int, void (*)(regs*, void*), bool)
                0x00000000c0010434                Device::addChild(Device*)
                0x00000000c0010478                Device::removeAllChildren()
                0x00000000c00104be                Device::hibernateAll()
                0x00000000c00104ee                Device::wakeAll()
                0x00000000c001051e                Device::detectAll()
                0x00000000c001054e                Device::disableLegacyAll()
                0x00000000c001057e                Device::loadDriversForAll()
                0x00000000c00105aa                Device::closeAll()
                0x00000000c00105e0                Device::powerSavingAll(PowerSavingLevel)
                0x00000000c0010616                Device::setName(char const*)
                0x00000000c0010624                Device::Device(char const*)
                0x00000000c0010624                Device::Device(char const*)
                0x00000000c0010716                Device::getName()
                0x00000000c0010720                DriverlessDevice::DriverlessDevice(char const*)
                0x00000000c0010720                DriverlessDevice::DriverlessDevice(char const*)
                0x00000000c0010748                Device::addToLinkedList(LinkedList<Device>&, DeviceType)
                0x00000000c001078c                getDevicesOfType(DeviceType)
 .text          0x00000000c00107b6       0x84 hal/diskctrl.32
                0x00000000c00107b6                HardDiskController::HardDiskController(char const*)
                0x00000000c00107b6                HardDiskController::HardDiskController(char const*)
                0x00000000c00107ec                HardDiskController::~HardDiskController()
                0x00000000c00107ec                HardDiskController::~HardDiskController()
                0x00000000c0010810                HardDiskController::~HardDiskController()
 .text          0x00000000c001083a       0xde hal/diskphys.32
                0x00000000c001083a                PhysicalDisk::PhysicalDisk(char const*, int)
                0x00000000c001083a                PhysicalDisk::PhysicalDisk(char const*, int)
                0x00000000c00108a2                PhysicalDisk::startCache()
                0x00000000c00108ca                PhysicalDisk::~PhysicalDisk()
                0x00000000c00108ca                PhysicalDisk::~PhysicalDisk()
                0x00000000c00108ee                PhysicalDisk::~PhysicalDisk()
 .text          0x00000000c0010918      0x142 hal/fpu.32
                0x00000000c0010918                FPU::FPU(char const*)
                0x00000000c0010918                FPU::FPU(char const*)
                0x00000000c001094e                FPU::~FPU()
                0x00000000c001094e                FPU::~FPU()
                0x00000000c0010972                FPU::~FPU()
                0x00000000c001099c                setupFPU()
 .text          0x00000000c0010a5a      0xc21 hal/intctrl.32
                0x00000000c0010a5a                InterruptController::uninstallISRHandler(int, void (*)(regs*, void*))
                0x00000000c0010a92                InterruptController::installISRHandler(int, void (*)(regs*, void*), void*)
                0x00000000c0010ae4                doubleFault(regs*, void*)
                0x00000000c0010af2                InterruptController::installIRQHandler(int, void (*)(regs*, void*), bool, void*)
                0x00000000c0010b8e                InterruptController::clearAllHandlers(int, bool)
                0x00000000c0010c36                InterruptController::uninstallIRQHandler(int, void (*)(regs*, void*), bool)
                0x00000000c0010cbd                nmiHandler(regs*, void*)
                0x00000000c0010ccb                int_handler
                0x00000000c0010d66                InterruptController::InterruptController(char const*)
                0x00000000c0010d66                InterruptController::InterruptController(char const*)
                0x00000000c0010e0c                InterruptController::~InterruptController()
                0x00000000c0010e0c                InterruptController::~InterruptController()
                0x00000000c0010e30                InterruptController::~InterruptController()
                0x00000000c0010e5a                displayDebugInfo(regs*)
                0x00000000c0011271                x87EmulHandler(regs*, void*)
                0x00000000c00112d4                gpFault(regs*, void*)
                0x00000000c001130d                pgFault(regs*, void*)
                0x00000000c0011324                otherISRHandler(regs*, void*)
                0x00000000c0011343                opcodeFault(regs*, void*)
                0x00000000c00113ad                displayProgramFault(char const*)
                0x00000000c00113d6                InterruptController::convertLegacyIRQNumber(int)
                0x00000000c0011420                setupInterruptController()
 *fill*         0x00000000c001167b        0x1 
 .text          0x00000000c001167c      0x608 hal/keybrd.32
                0x00000000c001167c                startGUI(void*)
                0x00000000c00116ee                sendKeyToTerminal(unsigned char)
                0x00000000c001175a                sendKeyboardToken(KeyboardToken)
                0x00000000c0011b35                clearInternalKeybuffer(VgaText*)
                0x00000000c0011b6a                readKeyboard(VgaText*, char*, unsigned long)
                0x00000000c0011bfa                Keyboard::Keyboard(char const*)
                0x00000000c0011bfa                Keyboard::Keyboard(char const*)
                0x00000000c0011c36                Keyboard::~Keyboard()
                0x00000000c0011c36                Keyboard::~Keyboard()
                0x00000000c0011c5a                Keyboard::~Keyboard()
 .text          0x00000000c0011c84      0x400 hal/logidisk.32
                0x00000000c0011c84                LogicalDisk::close(int, int, void*)
                0x00000000c0011c88                LogicalDisk::~LogicalDisk()
                0x00000000c0011c88                LogicalDisk::~LogicalDisk()
                0x00000000c0011cac                LogicalDisk::~LogicalDisk()
                0x00000000c0011cd6                LogicalDisk::open(int, int, void*)
                0x00000000c0011cea                LogicalDisk::absoluteToRelative(unsigned long long)
                0x00000000c0011d22                LogicalDisk::relativeToAbsolute(unsigned long long)
                0x00000000c0011d68                LogicalDisk::LogicalDisk(char const*, PhysicalDisk*, unsigned long long, unsigned long long)
                0x00000000c0011d68                LogicalDisk::LogicalDisk(char const*, PhysicalDisk*, unsigned long long, unsigned long long)
                0x00000000c0011e1e                LogicalDisk::assignDriveLetter()
                0x00000000c0011ed4                LogicalDisk::mount()
                0x00000000c0011f46                LogicalDisk::unmount()
                0x00000000c0011f56                LogicalDisk::unassignDriveLetter()
                0x00000000c0011fac                LogicalDisk::read(unsigned long long, int, void*)
                0x00000000c0012018                LogicalDisk::write(unsigned long long, int, void*)
 .text          0x00000000c0012084       0x84 hal/mouse.32
                0x00000000c0012084                Mouse::Mouse(char const*)
                0x00000000c0012084                Mouse::Mouse(char const*)
                0x00000000c00120ba                Mouse::~Mouse()
                0x00000000c00120ba                Mouse::~Mouse()
                0x00000000c00120de                Mouse::~Mouse()
 .text          0x00000000c0012108      0x339 hal/partition.32
                0x00000000c0012108                makePartition(PhysicalDisk*, unsigned long long, unsigned long long)
                0x00000000c00121b0                createPartitionsForDisk(PhysicalDisk*)
 *fill*         0x00000000c0012441        0x1 
 .text          0x00000000c0012442      0x2e7 hal/timer.32
                0x00000000c0012442                Timer::Timer(char const*)
                0x00000000c0012442                Timer::Timer(char const*)
                0x00000000c0012478                Timer::~Timer()
                0x00000000c0012478                Timer::~Timer()
                0x00000000c001249c                Timer::~Timer()
                0x00000000c00124c6                Timer::read()
                0x00000000c00124d1                timerHandler(unsigned long long)
                0x00000000c0012608                setupTimer(int)
 *fill*         0x00000000c0012729        0x1 
 .text          0x00000000c001272a      0x2d1 hal/vcache.32
                0x00000000c001272a                VCache::VCache(PhysicalDisk*)
                0x00000000c001272a                VCache::VCache(PhysicalDisk*)
                0x00000000c001281a                VCache::writeWriteBuffer()
                0x00000000c0012856                VCache::~VCache()
                0x00000000c0012856                VCache::~VCache()
                0x00000000c0012896                VCache::~VCache()
                0x00000000c00128be                VCache::write(unsigned long long, int, void*)
                0x00000000c00129a2                VCache::read(unsigned long long, int, void*)
 *fill*         0x00000000c00129fb        0x1 
 .text          0x00000000c00129fc      0x26d hal/video.32
                0x00000000c00129fc                Video::putrect(int, int, int, int, unsigned int)
                0x00000000c0012a46                Video::blit(unsigned int*, int, int, int, int)
                0x00000000c0012ac4                Video::clearScreen(unsigned int)
                0x00000000c0012af8                Video::putpixel(int, int, unsigned int)
                0x00000000c0012b06                Video::Video(char const*)
                0x00000000c0012b06                Video::Video(char const*)
                0x00000000c0012b3c                Video::~Video()
                0x00000000c0012b3c                Video::~Video()
                0x00000000c0012b60                Video::~Video()
                0x00000000c0012b8a                Video::isMonochrome()
                0x00000000c0012b96                Video::getWidth()
                0x00000000c0012ba2                Video::getHeight()
                0x00000000c0012bae                Video::drawCursor(int, int, unsigned char*, int)
 *fill*         0x00000000c0012c69        0x1 
 .text          0x00000000c0012c6a      0xd28 hw/acpi.32
                0x00000000c0012c6a                ACPI::close(int, int, void*)
                0x00000000c0012d1f                findRSDP()
                0x00000000c0012da9                loadACPITables(unsigned char*)
                0x00000000c0012fd0                findRSDT(unsigned char*)
                0x00000000c00130ee                findDataTable(unsigned char*, char*)
                0x00000000c001318a                scanMADT()
                0x00000000c001351e                ACPI::ACPI()
                0x00000000c001351e                ACPI::ACPI()
                0x00000000c001357e                ACPI::getPCIIRQAssignment(unsigned char, unsigned short, unsigned char)
                0x00000000c0013660                ACPI::registerPCIIRQAssignment(void*, unsigned short, unsigned char, unsigned char)
                0x00000000c0013766                ACPI::setScreenBrightnessLevel(void*, int)
                0x00000000c001376c                ACPI::writeSimpleBootFlag(SimpleBootFlagTable*)
                0x00000000c00137b4                ACPI::open(int, int, void*)
                0x00000000c001397a                ACPI::sleep()
 .text          0x00000000c0013992     0x132c hw/cpu.32
                0x00000000c0013992                CPU::close(int, int, void*)
                0x00000000c0013995                lookupAMDCPUName(unsigned char, unsigned char)
                0x00000000c0013b29                lookupIntelCPUName(unsigned char, unsigned char)
                0x00000000c0013dd7                AMD_K6_write_msr(unsigned int, unsigned int, unsigned int, REGS*)
                0x00000000c0013df3                AMD_K6_read_msr(unsigned int, REGS*)
                0x00000000c0013e0b                AMD_K6_writeback(int, int, int)
                0x00000000c0013e7e                cpuid(int, unsigned long*, unsigned long*, unsigned long*, unsigned long*)
                0x00000000c0013f01                cpuidCheckEDX(unsigned int)
                0x00000000c0013f2e                cpuidCheckECX(unsigned int)
                0x00000000c0013f5b                cpuidCheckExtendedEBX(unsigned int)
                0x00000000c0013f88                cpuidCheckExtendedECX(unsigned int)
                0x00000000c0013fb5                getCPUNumber()
                0x00000000c0013fb8                thisCPU()
                0x00000000c0013fcc                CPU::CPU()
                0x00000000c0013fcc                CPU::CPU()
                0x00000000c001405a                CPU::displayFeatures()
                0x00000000c001405c                CPU::detectFeatures()
                0x00000000c0014a4e                CPU::setupSMEP()
                0x00000000c0014a68                CPU::setupUMIP()
                0x00000000c0014a80                CPU::setupTSC()
                0x00000000c0014a98                CPU::setupLargePages()
                0x00000000c0014ab0                CPU::setupPAT()
                0x00000000c0014aec                CPU::setupMTRR()
                0x00000000c0014aee                CPU::setupGlobalPages()
                0x00000000c0014b04                CPU::allowUsermodeDataAccess()
                0x00000000c0014b16                CPU::prohibitUsermodeDataAccess()
                0x00000000c0014b28                CPU::setupSMAP()
                0x00000000c0014b4e                CPU::setupFeatures()
                0x00000000c0014bf0                CPU::open(int, int, void*)
 .text          0x00000000c0014cbe        0x0 hw/ports.32
 .text          0x00000000c0014cbe      0x32c krnl/panic.32
                0x00000000c0014cbe                Krnl::panic(char const*)
 .text          0x00000000c0014fea      0x503 reg/registry.32
                0x00000000c0014fea                Reg::findLineFromLoadedData(char*, char*, char*)
                0x00000000c0015142                Reg::getLineFromRegistry(char*, char*, char*, char*)
                0x00000000c00152a1                Reg::getLine(char*, char*, char*)
                0x00000000c00152d8                Reg::readInt(char*, char*, int*)
                0x00000000c00153c3                Reg::readString(char*, char*, char*, int)
                0x00000000c0015444                Reg::readBool(char*, char*, bool*)
                0x00000000c0015469                Reg::readBoolWithDefault(char*, char*, bool)
                0x00000000c0015495                Reg::readIntWithDefault(char*, char*, int)
                0x00000000c00154c1                Reg::readStringWithDefault(char*, char*, char*, int, char*)
 .text          0x00000000c00154ed       0x18 sys/sc_exit.32
                0x00000000c00154ed                Sys::exit(regs*)
 .text          0x00000000c0015505       0x95 sys/sc_loaddll.32
                0x00000000c0015505                Sys::loadDLL(regs*)
 .text          0x00000000c001559a       0x68 sys/sc_read.32
                0x00000000c001559a                Sys::read(regs*)
 .text          0x00000000c0015602       0x55 sys/sc_sbrk.32
                0x00000000c0015602                Sys::sbrk(regs*)
 .text          0x00000000c0015657       0x83 sys/sc_write.32
                0x00000000c0015657                Sys::write(regs*)
 .text          0x00000000c00156da       0x1a sys/sc_yield.32
                0x00000000c00156da                Sys::yield(regs*)
 .text          0x00000000c00156f4      0xfef sys/syscalls.32
                0x00000000c00156f4                sysCallGetPID(regs*)
                0x00000000c0015700                sysCallSeekDir(regs*)
                0x00000000c0015705                sysCallTellDir(regs*)
                0x00000000c001570a                sysCallVerify(regs*)
                0x00000000c0015714                sysCallGetArgc(regs*)
                0x00000000c0015724                sysFormatDisk(regs*)
                0x00000000c001578e                sysSetDiskVolumeLabel(regs*)
                0x00000000c00157d4                sysGetDiskVolumeLabel(regs*)
                0x00000000c0015825                sysShutdown(regs*)
                0x00000000c0015883                sysCallGetCwd(regs*)
                0x00000000c00158a2                sysCallSetCwd(regs*)
                0x00000000c00158be                sysCallRealpath(regs*)
                0x00000000c0015901                sysCallReadDir(regs*)
                0x00000000c001598f                sysCallIsATTY(regs*)
                0x00000000c00159e9                sysCallSeek(regs*)
                0x00000000c0015a52                sysCallTell(regs*)
                0x00000000c0015acf                sysCallSizeFromFilename(regs*)
                0x00000000c0015b80                sysCallSize(regs*)
                0x00000000c0015c03                sysCallClose(regs*)
                0x00000000c0015c8b                sysCallOpenDir(regs*)
                0x00000000c0015cf8                sysCallMakeDir(regs*)
                0x00000000c0015d51                sysCallCloseDir(regs*)
                0x00000000c0015db7                sysCallWait(regs*)
                0x00000000c0015dd1                sysCallFork(regs*)
                0x00000000c0015ded                sysCallExecve(regs*)
                0x00000000c0015e42                sysCallRmdir(regs*)
                0x00000000c0015e94                sysCallUnlink(regs*)
                0x00000000c0015ee6                sysCallGetArgv(regs*)
                0x00000000c0015f32                sysCallTTYName(regs*)
                0x00000000c0015fb5                sysCallGetEnv(regs*)
                0x00000000c0016007                sysCallUSleep(regs*)
                0x00000000c001602e                sysCallSpawn(regs*)
                0x00000000c001609e                sysAppSettings(regs*)
                0x00000000c00161bd                sysSetFatAttrib(regs*)
                0x00000000c001621d                sysPanic(regs*)
                0x00000000c0016243                sysPipe(regs*)
                0x00000000c0016288                sysGetUnixTime(regs*)
                0x00000000c001629c                string_ends_with(char const*, char const*)
                0x00000000c00162e4                sysCallOpen(regs*)
                0x00000000c00164e8                setupSystemCalls()
                0x00000000c00166a1                systemCall(regs*, void*)
 .text          0x00000000c00166e3     0x1137 thr/elf.32
                0x00000000c00166e3                Thr::allocateMemoryForTask(Process*, File*, unsigned long, unsigned long, unsigned long)
                0x00000000c0016960                Thr::loadProgramIntoMemory(Process*, char const*)
                0x00000000c0016b76                Thr::runtimeReferenceHelper()
                0x00000000c0016b89                Thr::getAddressOfKernelSymbol(char const*)
                0x00000000c0016bd8                Thr::loadKernelSymbolTable(char const*)
                0x00000000c0016e99                Thr::loadDriverIntoMemory(char const*, unsigned long, bool)
                0x00000000c001761a                Thr::getDriverBaseFromAddress(unsigned long)
                0x00000000c001764c                Thr::getDriverNameFromAddress(unsigned long)
                0x00000000c0017683                Thr::getDriverOffsetFromAddress(unsigned long)
                0x00000000c001769d                Thr::loadDLL(char const*, bool)
                0x00000000c00177f0                Thr::executeDLL(unsigned long, void*)
 .text          0x00000000c001781a     0x11ce thr/prcssthr.32
                0x00000000c001781a                changeTSS
                0x00000000c0017848                Process::addArgs(char**)
                0x00000000c00178a2                Process::Process(char const*, Process*, char**)
                0x00000000c00178a2                Process::Process(char const*, Process*, char**)
                0x00000000c0017a5a                Process::Process(bool, char const*, Process*, char**)
                0x00000000c0017a5a                Process::Process(bool, char const*, Process*, char**)
                0x00000000c0017bdd                disableIRQs()
                0x00000000c0017be5                getIRQNestingLevel()
                0x00000000c0017beb                enableIRQs()
                0x00000000c0017bfa                lockScheduler()
                0x00000000c0017bfc                unlockScheduler()
                0x00000000c0017bfe                userModeEntryPoint(void*)
                0x00000000c0017c21                lockStuff()
                0x00000000c0017c2d                taskStartupFunction
                0x00000000c0017c36                updateTimeUsed()
                0x00000000c0017c94                switchToThread(ThreadControlBlock*)
                0x00000000c0017ce4                Semaphore::Semaphore(int)
                0x00000000c0017ce4                Semaphore::Semaphore(int)
                0x00000000c0017d12                Mutex::Mutex()
                0x00000000c0017d12                Mutex::Mutex()
                0x00000000c0017d24                Process::createThread(void (*)(void*), void*, int)
                0x00000000c0017e08                Process::createUserThread()
                0x00000000c0017e24                setupMultitasking(void (*)())
                0x00000000c0017f2e                schedule()
                0x00000000c0017fb3                unlockStuff()
                0x00000000c0017fe8                forkProcess(regs*)
                0x00000000c0018156                Semaphore::tryAcquire()
                0x00000000c0018184                Semaphore::assertLocked(char const*)
                0x00000000c00181b7                blockTaskWithSchedulerLockAlreadyHeld(TaskState)
                0x00000000c00181f9                blockTask(TaskState)
                0x00000000c001821a                waitTask(int, int*, int)
                0x00000000c001825c                nanoSleepUntil(unsigned long long)
                0x00000000c00182b3                nanoSleep(unsigned long long)
                0x00000000c00182c8                sleep(unsigned long long)
                0x00000000c00182e6                Semaphore::acquire()
                0x00000000c001834e                execveProcess(char const*, char* const*, char* const*)
                0x00000000c00183dc                taskReturned
                0x00000000c001840a                unblockTask(ThreadControlBlock*)
                0x00000000c00184b9                cleanupTerminatedTask(ThreadControlBlock*)
                0x00000000c001875d                cleanerTaskFunction(void*)
                0x00000000c0018810                terminateTask(int)
                0x00000000c00188f0                Thr::terminateFromIRQ(int)
                0x00000000c00188fc                Semaphore::release()
 .text          0x00000000c00189e8      0x8bf vm86/vm8086.32
                0x00000000c00189e8                Vm::vm8086EntryPoint(void*)
                0x00000000c0018a13                Vm::inbv(unsigned short)
                0x00000000c0018a19                Vm::outbv(unsigned short, unsigned char)
                0x00000000c0018a23                Vm::realToLinear(unsigned short, unsigned short)
                0x00000000c0018a33                Vm::getSegment(unsigned int)
                0x00000000c0018a3b                Vm::getOffset(unsigned int)
                0x00000000c0018a40                Vm::loadFileAsThread(Process*, char const*, unsigned short, unsigned short, unsigned short, unsigned short)
                0x00000000c0018b6f                Vm::doISR(regs*, int, unsigned char*, unsigned short, unsigned short)
                0x00000000c0018bf9                Vm::readByteFromReal(unsigned short, unsigned short)
                0x00000000c0018c0a                Vm::readWordFromReal(unsigned short, unsigned short)
                0x00000000c0018c1c                Vm::readDwordFromReal(unsigned short, unsigned short)
                0x00000000c0018c2d                Vm::writeByteFromReal(unsigned short, unsigned short, unsigned char)
                0x00000000c0018c42                Vm::writeWordFromReal(unsigned short, unsigned short, unsigned short)
                0x00000000c0018c58                Vm::writeDwordFromReal(unsigned short, unsigned short, unsigned int)
                0x00000000c0018c6d                Vm::faultHandler(regs*)
 *fill*         0x00000000c00192a7        0x1 
 .text          0x00000000c00192a8     0x10ed fs/fat/vfslink.32
                0x00000000c00192a8                FAT::getName()
                0x00000000c00192ae                FAT::tell(void*, unsigned long long*)
                0x00000000c00192e2                FAT::stat(void*, unsigned long long*)
                0x00000000c0019316                FAT::~FAT()
                0x00000000c0019316                FAT::~FAT()
                0x00000000c001933a                FAT::~FAT()
                0x00000000c0019362                FAT::getlabel(LogicalDisk*, int, char*, unsigned int*)
                0x00000000c0019400                FAT::setlabel(LogicalDisk*, int, char*)
                0x00000000c00194ba                FAT::format(LogicalDisk*, int, char const*, int)
                0x00000000c001969e                FAT::tryMount(LogicalDisk*, int)
                0x00000000c00198a4                FAT::readDir(void*, unsigned long, void*, int*)
                0x00000000c00199aa                FAT::read(void*, unsigned long, void*, int*)
                0x00000000c0019a04                FAT::write(void*, unsigned long, void*, int*)
                0x00000000c0019a5e                FAT::close(void*)
                0x00000000c0019aaa                FAT::closeDir(void*)
                0x00000000c0019af6                FAT::seek(void*, unsigned long long)
                0x00000000c0019b4a                fatWrapperReadDisk
                0x00000000c0019b91                fatWrapperWriteDisk
                0x00000000c0019bd8                fatWrapperIoctl
                0x00000000c0019cdc                FAT::FAT()
                0x00000000c0019cdc                FAT::FAT()
                0x00000000c0019d2e                FAT::fixFilepath(char*)
                0x00000000c0019d66                FAT::open(char const*, void**, FileOpenMode)
                0x00000000c0019e8e                FAT::openDir(char const*, void**)
                0x00000000c0019f34                FAT::stat(char const*, unsigned long long*, bool*)
                0x00000000c001a01e                FAT::unlink(char const*)
                0x00000000c001a098                FAT::chfatattr(char const*, unsigned char, unsigned char)
                0x00000000c001a1ec                FAT::rename(char const*, char const*)
                0x00000000c001a2b0                FAT::mkdir(char const*)
                0x00000000c001a32a                FAT::exists(char const*)
 *fill*         0x00000000c001a395        0x1 
 .text          0x00000000c001a396      0xbdf fs/iso9660/vfslink.32
                0x00000000c001a396                ISO9660::format(LogicalDisk*, int, char const*, int)
                0x00000000c001a39c                ISO9660::seek(void*, unsigned long long)
                0x00000000c001a3cc                ISO9660::tell(void*, unsigned long long*)
                0x00000000c001a3f0                ISO9660::getName()
                0x00000000c001a3f6                ISO9660::stat(void*, unsigned long long*)
                0x00000000c001a41a                ISO9660::chfatattr(char const*, unsigned char, unsigned char)
                0x00000000c001a420                ISO9660::unlink(char const*)
                0x00000000c001a426                ISO9660::write(void*, unsigned long, void*, int*)
                0x00000000c001a42c                ISO9660::rename(char const*, char const*)
                0x00000000c001a432                ISO9660::mkdir(char const*)
                0x00000000c001a438                ISO9660::close(void*)
                0x00000000c001a45a                ISO9660::closeDir(void*)
                0x00000000c001a47c                ISO9660::~ISO9660()
                0x00000000c001a47c                ISO9660::~ISO9660()
                0x00000000c001a4a0                ISO9660::~ISO9660()
                0x00000000c001a4c7                __memmem(unsigned char*, int, unsigned char*, int)
                0x00000000c001a509                readSectorFromCDROM(unsigned int, unsigned char*, char)
                0x00000000c001a570                ISO9660::tryMount(LogicalDisk*, int)
                0x00000000c001a5c0                ISO9660::read(void*, unsigned long, void*, int*)
                0x00000000c001a804                ISO9660::readDir(void*, unsigned long, void*, int*)
                0x00000000c001aa91                readRoot(unsigned int*, unsigned int*, char)
                0x00000000c001aae6                readRecursively(char*, unsigned int, unsigned int, unsigned int*, unsigned int*, char, int*)
                0x00000000c001acb9                getFileData(char*, unsigned int*, unsigned int*, char, int*)
                0x00000000c001ad48                ISO9660::open(char const*, void**, FileOpenMode)
                0x00000000c001ade2                ISO9660::exists(char const*)
                0x00000000c001ae06                ISO9660::stat(char const*, unsigned long long*, bool*)
                0x00000000c001ae9a                ISO9660::openDir(char const*, void**)
                0x00000000c001af52                ISO9660::ISO9660()
                0x00000000c001af52                ISO9660::ISO9660()
 *fill*         0x00000000c001af75        0x1 
 .text          0x00000000c001af76      0x244 hal/sound/sndchannel.32
                0x00000000c001af76                SoundChannel::~SoundChannel()
                0x00000000c001af76                SoundChannel::~SoundChannel()
                0x00000000c001af92                SoundChannel::setSpeed(float)
                0x00000000c001af9e                SoundChannel::getSpeed()
                0x00000000c001afa6                SoundChannel::setVolume(int)
                0x00000000c001afc2                SoundChannel::getVolume()
                0x00000000c001afca                SoundChannel::pause()
                0x00000000c001afd4                SoundChannel::SoundChannel(int, int, int, int)
                0x00000000c001afd4                SoundChannel::SoundChannel(int, int, int, int)
                0x00000000c001b0ca                SoundChannel::play()
                0x00000000c001b0d4                SoundChannel::paused()
                0x00000000c001b0dc                SoundChannel::getSampleRate()
                0x00000000c001b0e4                SoundChannel::getBits()
                0x00000000c001b0ec                SoundChannel::getBufferUsed()
                0x00000000c001b0f4                SoundChannel::getBufferSize()
                0x00000000c001b0fc                SoundChannel::unbuffer(float*, int, int)
                0x00000000c001b16e                SoundChannel::buffer8(unsigned char*, int)
 .text          0x00000000c001b1ba      0x317 hal/sound/sndhw.32
                0x00000000c001b1ba                SoundDevice::SoundDevice(char const*)
                0x00000000c001b1ba                SoundDevice::SoundDevice(char const*)
                0x00000000c001b226                SoundDevice::~SoundDevice()
                0x00000000c001b226                SoundDevice::~SoundDevice()
                0x00000000c001b2a0                SoundDevice::~SoundDevice()
                0x00000000c001b2ca                SoundDevice::getFreeChannelNum()
                0x00000000c001b2e4                SoundDevice::addChannel(SoundChannel*)
                0x00000000c001b354                SoundDevice::removeChannel(int)
                0x00000000c001b386                SoundDevice::floatTo8(float*, unsigned char*, int)
                0x00000000c001b3f2                SoundDevice::getAudio(int, float*, float*)
 .text          0x00000000c001b4d1        0x0 hw/bus/isa.32
 *fill*         0x00000000c001b4d1        0x1 
 .text          0x00000000c001b4d2      0x6e5 hw/bus/pci.32
                0x00000000c001b4d2                PCI::open(int, int, void*)
                0x00000000c001b4e6                PCI::close(int, int, void*)
                0x00000000c001b4ea                PCI::PCI()
                0x00000000c001b4ea                PCI::PCI()
                0x00000000c001b56a                PCI::pciReadWord(unsigned char, unsigned char, unsigned char, unsigned char)
                0x00000000c001b5b2                PCI::getVendorID(unsigned char, unsigned char, unsigned char)
                0x00000000c001b5d4                PCI::getHeaderType(unsigned char, unsigned char, unsigned char)
                0x00000000c001b5f8                PCI::getClassCode(unsigned char, unsigned char, unsigned char)
                0x00000000c001b63c                PCI::getProgIF(unsigned char, unsigned char, unsigned char)
                0x00000000c001b660                PCI::getRevisionID(unsigned char, unsigned char, unsigned char)
                0x00000000c001b682                PCI::getInterruptNumber(unsigned char, unsigned char, unsigned char)
                0x00000000c001b6a4                PCI::getSecondaryBus(unsigned char, unsigned char, unsigned char)
                0x00000000c001b6c8                PCI::getBARAddress(unsigned char, unsigned char, unsigned char, unsigned char)
                0x00000000c001b728                PCI::pciWriteWord(unsigned char, unsigned char, unsigned char, unsigned char, unsigned short)
                0x00000000c001b794                PCI::checkBus(unsigned char)
                0x00000000c001b7b8                PCI::foundDevice(PCIDeviceInfo)
                0x00000000c001b928                PCI::getDeviceData(unsigned char, unsigned char, unsigned char)
                0x00000000c001baf8                PCI::checkDevice(unsigned char, unsigned char)
                0x00000000c001bb64                PCI::detect()
 *fill*         0x00000000c001bbb7        0x1 
 .text          0x00000000c001bbb8      0xc70 hw/diskctrl/ide.32
                0x00000000c001bbb8                IDE::close(int, int, void*)
                0x00000000c001bbbc                IDE::IDE()
                0x00000000c001bbbc                IDE::IDE()
                0x00000000c001bbf0                IDE::prepareInterrupt(unsigned char)
                0x00000000c001bc02                selectDrive(unsigned char, unsigned char)
                0x00000000c001bc04                IDE::getBase(unsigned char)
                0x00000000c001bc16                IDE::write(unsigned char, unsigned char, unsigned char)
                0x00000000c001bcd6                IDE::read(unsigned char, unsigned char)
                0x00000000c001bd84                IDE::waitInterrupt(unsigned char)
                0x00000000c001bdea                ideChannel0IRQHandler(regs*, void*)
                0x00000000c001be06                ideChannel1IRQHandler(regs*, void*)
                0x00000000c001be22                IDE::enableIRQs(unsigned char, bool)
                0x00000000c001be68                IDE::open(int, int, void*)
                0x00000000c001c278                IDE::readBuffer(unsigned char, unsigned char, unsigned int, unsigned int)
                0x00000000c001c344                IDE::detect()
                0x00000000c001c62c                IDE::printError(unsigned char, unsigned char, unsigned char)
                0x00000000c001c7c2                IDE::polling(unsigned char, unsigned int)
 .text          0x00000000c001c828      0x62b hw/diskphys/ata.32
                0x00000000c001c828                ATA::close(int, int, void*)
                0x00000000c001c84c                ATA::powerSaving(PowerSavingLevel)
                0x00000000c001c84e                ATA::ATA()
                0x00000000c001c84e                ATA::ATA()
                0x00000000c001c87c                ATA::flush(bool)
                0x00000000c001c8c6                ATA::readyForCommand()
                0x00000000c001c916                ATA::access(unsigned long long, int, void*, bool)
                0x00000000c001cc94                ATA::read(unsigned long long, int, void*)
                0x00000000c001ccfc                ATA::write(unsigned long long, int, void*)
                0x00000000c001cd64                ATA::detectCHS()
                0x00000000c001cd8e                ATA::open(int, int, void*)
 *fill*         0x00000000c001ce53        0x1 
 .text          0x00000000c001ce54      0x5b3 hw/diskphys/atapi.32
                0x00000000c001ce54                ATAPI::write(unsigned long long, int, void*)
                0x00000000c001ce5a                ATAPI::close(int, int, void*)
                0x00000000c001ce7e                ATAPI::ATAPI()
                0x00000000c001ce7e                ATAPI::ATAPI()
                0x00000000c001ceac                ATAPI::readyForCommand()
                0x00000000c001cefc                ATAPI::sendPacket(unsigned char*, int, bool, unsigned short*, int)
                0x00000000c001d1bc                ATAPI::diskRemoved()
                0x00000000c001d1d8                ATAPI::eject()
                0x00000000c001d21e                ATAPI::diskInserted()
                0x00000000c001d24c                ATAPI::detectMedia()
                0x00000000c001d308                ATAPI::open(int, int, void*)
                0x00000000c001d388                ATAPI::read(unsigned long long, int, void*)
 *fill*         0x00000000c001d407        0x1 
 .text          0x00000000c001d408       0x8e hw/fpu/avx.32
                0x00000000c001d408                AVX::open(int, int, void*)
                0x00000000c001d41a                AVX::close(int, int, void*)
                0x00000000c001d42c                AVX::available()
                0x00000000c001d43e                AVX::save(void*)
                0x00000000c001d456                AVX::load(void*)
                0x00000000c001d46e                AVX::AVX()
                0x00000000c001d46e                AVX::AVX()
 .text          0x00000000c001d496       0x90 hw/fpu/mmx.32
                0x00000000c001d496                MMX::available()
                0x00000000c001d4aa                MMX::open(int, int, void*)
                0x00000000c001d4bc                MMX::close(int, int, void*)
                0x00000000c001d4ce                MMX::save(void*)
                0x00000000c001d4e6                MMX::load(void*)
                0x00000000c001d4fe                MMX::MMX()
                0x00000000c001d4fe                MMX::MMX()
 .text          0x00000000c001d526       0x96 hw/fpu/sse.32
                0x00000000c001d526                SSE::open(int, int, void*)
                0x00000000c001d538                SSE::close(int, int, void*)
                0x00000000c001d54a                SSE::available()
                0x00000000c001d564                SSE::save(void*)
                0x00000000c001d57c                SSE::load(void*)
                0x00000000c001d594                SSE::SSE()
                0x00000000c001d594                SSE::SSE()
 .text          0x00000000c001d5bc       0x8e hw/fpu/x87.32
                0x00000000c001d5bc                x87::open(int, int, void*)
                0x00000000c001d5ce                x87::close(int, int, void*)
                0x00000000c001d5e0                x87::available()
                0x00000000c001d5f2                x87::save(void*)
                0x00000000c001d60a                x87::load(void*)
                0x00000000c001d622                x87::x87()
                0x00000000c001d622                x87::x87()
 .text          0x00000000c001d64a      0x5f3 hw/intctrl/apic.32
                0x00000000c001d64a                APIC::disable()
                0x00000000c001d64c                APIC::close(int, int, void*)
                0x00000000c001d66e                IOAPIC::close(int, int, void*)
                0x00000000c001d674                APIC::io_wait()
                0x00000000c001d67a                APIC::getBase()
                0x00000000c001d6bc                APIC::eoi(unsigned char)
                0x00000000c001d6ea                APIC::open(int, int, void*)
                0x00000000c001d7a4                IOAPIC::IOAPIC()
                0x00000000c001d7a4                IOAPIC::IOAPIC()
                0x00000000c001d7cc                APIC::APIC()
                0x00000000c001d7cc                APIC::APIC()
                0x00000000c001d89c                IOAPIC::handlesGSIWithNumber(unsigned int)
                0x00000000c001d8ce                IOAPIC::read(int)
                0x00000000c001d8f6                IOAPIC::open(int, int, void*)
                0x00000000c001d9ec                IOAPIC::write(int, int)
                0x00000000c001da18                IOAPIC::redirect(unsigned char, unsigned long long, unsigned char)
                0x00000000c001dad2                APIC::installIRQHandler(int, void (*)(regs*, void*), bool, void*)
 *fill*         0x00000000c001dc3d        0x1 
 .text          0x00000000c001dc3e      0x3d3 hw/intctrl/pic.32
                0x00000000c001dc3e                PIC::disable()
                0x00000000c001dc6c                PIC::close(int, int, void*)
                0x00000000c001dc8e                PIC::PIC()
                0x00000000c001dc8e                PIC::PIC()
                0x00000000c001dd64                PIC::ioWait()
                0x00000000c001dd6a                PIC::getIRQReg(int)
                0x00000000c001ddd4                PIC::eoi(unsigned char)
                0x00000000c001de66                PIC::remap()
                0x00000000c001dfd2                PIC::open(int, int, void*)
 *fill*         0x00000000c001e011        0x1 
 .text          0x00000000c001e012      0x252 hw/timer/apictimer.32
                0x00000000c001e012                APICTimer::close(int, int, void*)
                0x00000000c001e018                apicTimerHandler(regs*, void*)
                0x00000000c001e046                APICTimer::write(int)
                0x00000000c001e144                APICTimer::open(int, int, void*)
                0x00000000c001e23c                APICTimer::APICTimer()
                0x00000000c001e23c                APICTimer::APICTimer()
 .text          0x00000000c001e264      0x1a7 hw/timer/pit.32
                0x00000000c001e264                PIT::write(int)
                0x00000000c001e2e2                pitHandler(regs*, void*)
                0x00000000c001e30e                PIT::open(int, int, void*)
                0x00000000c001e35c                PIT::close(int, int, void*)
                0x00000000c001e38c                PIT::PIT()
                0x00000000c001e38c                PIT::PIT()
 *fill*         0x00000000c001e40b        0x5 
 .text          0x00000000c001e410        0xa hw/fpu/x86/avx.32
                0x00000000c001e410                avxDetect
                0x00000000c001e416                avxSave
                0x00000000c001e417                avxLoad
                0x00000000c001e418                avxInit
                0x00000000c001e419                avxClose
 *fill*         0x00000000c001e41a        0x6 
 .text          0x00000000c001e420       0x38 hw/fpu/x86/sse.32
                0x00000000c001e420                sseDetect
                0x00000000c001e43b                sseSave
                0x00000000c001e441                sseLoad
                0x00000000c001e447                sseInit
                0x00000000c001e457                sseClose
 *fill*         0x00000000c001e458        0x8 
 .text          0x00000000c001e460       0x47 hw/fpu/x86/x87.32
                0x00000000c001e466                x87Detect
                0x00000000c001e481                x87Save
                0x00000000c001e487                x87Load
                0x00000000c001e48c                x87Init
                0x00000000c001e4a6                x87Close
 *fill*         0x00000000c001e4a7        0x1 
 .text          0x00000000c001e4a8       0x25 /cygdrive/d/Users/Alex/Desktop/Toolchain/Output/bin/../lib/gcc/i386-banana/8.1.0/crtend.o
 .text          0x00000000c001e4cd        0x0 crtn.32
 *fill*         0x00000000c001e4cd        0x3 
 .text          0x00000000c001e4d0      0x14b /cygdrive/d/Users/Alex/Desktop/Toolchain/Output/bin/../lib/gcc/i386-banana/8.1.0/libgcc.a(_divdi3.o)
                0x00000000c001e4d0                __divdi3
 *fill*         0x00000000c001e61b        0x1 
 .text          0x00000000c001e61c      0x17e /cygdrive/d/Users/Alex/Desktop/Toolchain/Output/bin/../lib/gcc/i386-banana/8.1.0/libgcc.a(_moddi3.o)
                0x00000000c001e61c                __moddi3
 *fill*         0x00000000c001e79a        0x2 
 .text          0x00000000c001e79c       0xff /cygdrive/d/Users/Alex/Desktop/Toolchain/Output/bin/../lib/gcc/i386-banana/8.1.0/libgcc.a(_udivdi3.o)
                0x00000000c001e79c                __udivdi3
 *fill*         0x00000000c001e89b        0x1 
 .text          0x00000000c001e89c      0x11a /cygdrive/d/Users/Alex/Desktop/Toolchain/Output/bin/../lib/gcc/i386-banana/8.1.0/libgcc.a(_umoddi3.o)
                0x00000000c001e89c                __umoddi3
 *fill*         0x00000000c001e9b6        0xa 
 .text          0x00000000c001e9c0       0x1e D:/Users/Alex/Desktop/Banana/kernel/libk/libm32.a(s_fabs.c.o)
                0x00000000c001e9c0                fabs
 *fill*         0x00000000c001e9de        0x2 
 .text          0x00000000c001e9e0        0xc D:/Users/Alex/Desktop/Banana/kernel/libk/libm32.a(s_lrint.S.o)
                0x00000000c001e9e0                lrint
 .text          0x00000000c001e9ec        0xc D:/Users/Alex/Desktop/Banana/kernel/libk/libm32.a(s_lrintf.S.o)
                0x00000000c001e9ec                lrintf
 *(.gnu.linkonce.t*)

.iplt           0x00000000c001e9f8        0x0
 .iplt          0x00000000c001e9f8        0x0 D:/Users/Alex/Desktop/Banana/kernel/boot.32

.init           0x00000000c001e9f8        0xf
 .init          0x00000000c001e9f8        0x3 crti.32
                0x00000000c001e9f8                _init
 .init          0x00000000c001e9fb        0x5 /cygdrive/d/Users/Alex/Desktop/Toolchain/Output/bin/../lib/gcc/i386-banana/8.1.0/crtbegin.o
 .init          0x00000000c001ea00        0x5 /cygdrive/d/Users/Alex/Desktop/Toolchain/Output/bin/../lib/gcc/i386-banana/8.1.0/crtend.o
 .init          0x00000000c001ea05        0x2 crtn.32

.fini           0x00000000c001ea07        0xa
 .fini          0x00000000c001ea07        0x3 crti.32
                0x00000000c001ea07                _fini
 .fini          0x00000000c001ea0a        0x5 /cygdrive/d/Users/Alex/Desktop/Toolchain/Output/bin/../lib/gcc/i386-banana/8.1.0/crtbegin.o
 .fini          0x00000000c001ea0f        0x2 crtn.32

.text._ZN8ComputerD2Ev
                0x00000000c001ea12       0x23
 .text._ZN8ComputerD2Ev
                0x00000000c001ea12       0x23 core/computer.32
                0x00000000c001ea12                Computer::~Computer()
                0x00000000c001ea12                Computer::~Computer()

.text._ZN8ComputerD0Ev
                0x00000000c001ea36       0x2a
 .text._ZN8ComputerD0Ev
                0x00000000c001ea36       0x2a core/computer.32
                0x00000000c001ea36                Computer::~Computer()

.text._Z10idleCommonv
                0x00000000c001ea60       0x15
 .text._Z10idleCommonv
                0x00000000c001ea60       0x15 core/idle.32
                0x00000000c001ea60                idleCommon()

.text._ZN3CPU7readCR3Ev
                0x00000000c001ea75       0x12
 .text._ZN3CPU7readCR3Ev
                0x00000000c001ea75       0x12 core/kheap.32
                0x00000000c001ea75                CPU::readCR3()

.text._ZN3CPU8writeCR3Em
                0x00000000c001ea87        0x9
 .text._ZN3CPU8writeCR3Em
                0x00000000c001ea87        0x9 core/kheap.32
                0x00000000c001ea87                CPU::writeCR3(unsigned long)

.text._ZN10LinkedListI8UnixFileED2Ev
                0x00000000c001ea90        0x2
 .text._ZN10LinkedListI8UnixFileED2Ev
                0x00000000c001ea90        0x2 core/unixfile.32
                0x00000000c001ea90                LinkedList<UnixFile>::~LinkedList()
                0x00000000c001ea90                LinkedList<UnixFile>::~LinkedList()

.text._ZN10LinkedListI8UnixFileEC2Ev
                0x00000000c001ea92       0x58
 .text._ZN10LinkedListI8UnixFileEC2Ev
                0x00000000c001ea92       0x58 core/unixfile.32
                0x00000000c001ea92                LinkedList<UnixFile>::LinkedList()
                0x00000000c001ea92                LinkedList<UnixFile>::LinkedList()

.text._ZN10LinkedListI8UnixFileE10addElementEPS0_
                0x00000000c001eaea       0xd3
 .text._ZN10LinkedListI8UnixFileE10addElementEPS0_
                0x00000000c001eaea       0xd3 core/unixfile.32
                0x00000000c001eaea                LinkedList<UnixFile>::addElement(UnixFile*)

.text._ZN10LinkedListI8UnixFileE15getFirstElementEv
                0x00000000c001ebbe        0x7
 .text._ZN10LinkedListI8UnixFileE15getFirstElementEv
                0x00000000c001ebbe        0x7 core/unixfile.32
                0x00000000c001ebbe                LinkedList<UnixFile>::getFirstElement()

.text._ZN10LinkedListI8UnixFileE11removeFirstEv
                0x00000000c001ebc6       0xa1
 .text._ZN10LinkedListI8UnixFileE11removeFirstEv
                0x00000000c001ebc6       0xa1 core/unixfile.32
                0x00000000c001ebc6                LinkedList<UnixFile>::removeFirst()

.text._ZN10LinkedListI8UnixFileE7getNextEPS0_
                0x00000000c001ec68        0x8
 .text._ZN10LinkedListI8UnixFileE7getNextEPS0_
                0x00000000c001ec68        0x8 core/unixfile.32
                0x00000000c001ec68                LinkedList<UnixFile>::getNext(UnixFile*)

.text._ZN16DriverlessDeviceD2Ev
                0x00000000c001ec70       0x1a
 .text._ZN16DriverlessDeviceD2Ev
                0x00000000c001ec70       0x1a hal/device.32
                0x00000000c001ec70                DriverlessDevice::~DriverlessDevice()
                0x00000000c001ec70                DriverlessDevice::~DriverlessDevice()

.text._ZN16DriverlessDeviceD0Ev
                0x00000000c001ec8a       0x2a
 .text._ZN16DriverlessDeviceD0Ev
                0x00000000c001ec8a       0x2a hal/device.32
                0x00000000c001ec8a                DriverlessDevice::~DriverlessDevice()

.text._ZN10LinkedListI6DeviceE10addElementEPS0_
                0x00000000c001ecb4       0xdc
 .text._ZN10LinkedListI6DeviceE10addElementEPS0_
                0x00000000c001ecb4       0xdc hal/device.32
                0x00000000c001ecb4                LinkedList<Device>::addElement(Device*)

.text._ZN10LinkedListI6DeviceEC2Ev
                0x00000000c001ed90       0x58
 .text._ZN10LinkedListI6DeviceEC2Ev
                0x00000000c001ed90       0x58 hal/device.32
                0x00000000c001ed90                LinkedList<Device>::LinkedList()
                0x00000000c001ed90                LinkedList<Device>::LinkedList()

.text._ZN3CPU7readCR0Ev
                0x00000000c001ede8       0x12
 .text._ZN3CPU7readCR0Ev
                0x00000000c001ede8       0x12 hal/fpu.32
                0x00000000c001ede8                CPU::readCR0()

.text._ZN3CPU8writeCR0Em
                0x00000000c001edfa        0x9
 .text._ZN3CPU8writeCR0Em
                0x00000000c001edfa        0x9 hal/fpu.32
                0x00000000c001edfa                CPU::writeCR0(unsigned long)

.text._ZN3CPU7readDR0Ev
                0x00000000c001ee03       0x12
 .text._ZN3CPU7readDR0Ev
                0x00000000c001ee03       0x12 hal/intctrl.32
                0x00000000c001ee03                CPU::readDR0()

.text._ZN3CPU7readDR1Ev
                0x00000000c001ee15       0x12
 .text._ZN3CPU7readDR1Ev
                0x00000000c001ee15       0x12 hal/intctrl.32
                0x00000000c001ee15                CPU::readDR1()

.text._ZN3CPU7readDR2Ev
                0x00000000c001ee27       0x12
 .text._ZN3CPU7readDR2Ev
                0x00000000c001ee27       0x12 hal/intctrl.32
                0x00000000c001ee27                CPU::readDR2()

.text._ZN3CPU7readDR3Ev
                0x00000000c001ee39       0x12
 .text._ZN3CPU7readDR3Ev
                0x00000000c001ee39       0x12 hal/intctrl.32
                0x00000000c001ee39                CPU::readDR3()

.text._ZN3CPU7readDR6Ev
                0x00000000c001ee4b       0x12
 .text._ZN3CPU7readDR6Ev
                0x00000000c001ee4b       0x12 hal/intctrl.32
                0x00000000c001ee4b                CPU::readDR6()

.text._ZN3CPU7readDR7Ev
                0x00000000c001ee5d       0x12
 .text._ZN3CPU7readDR7Ev
                0x00000000c001ee5d       0x12 hal/intctrl.32
                0x00000000c001ee5d                CPU::readDR7()

.text._ZN10LinkedListIV18ThreadControlBlockE15getFirstElementEv
                0x00000000c001ee70        0x7
 .text._ZN10LinkedListIV18ThreadControlBlockE15getFirstElementEv
                0x00000000c001ee70        0x7 hal/timer.32
                0x00000000c001ee70                LinkedList<ThreadControlBlock volatile>::getFirstElement()

.text._ZN10LinkedListIV18ThreadControlBlockE7isEmptyEv
                0x00000000c001ee78       0x1c
 .text._ZN10LinkedListIV18ThreadControlBlockE7isEmptyEv
                0x00000000c001ee78       0x1c hal/timer.32
                0x00000000c001ee78                LinkedList<ThreadControlBlock volatile>::isEmpty()

.text._ZN10LinkedListIV18ThreadControlBlockE11removeFirstEv
                0x00000000c001ee94       0xae
 .text._ZN10LinkedListIV18ThreadControlBlockE11removeFirstEv
                0x00000000c001ee94       0xae hal/timer.32
                0x00000000c001ee94                LinkedList<ThreadControlBlock volatile>::removeFirst()

.text._ZN10LinkedListIV18ThreadControlBlockE10addElementEPS1_
                0x00000000c001ef42       0xd3
 .text._ZN10LinkedListIV18ThreadControlBlockE10addElementEPS1_
                0x00000000c001ef42       0xd3 hal/timer.32
                0x00000000c001ef42                LinkedList<ThreadControlBlock volatile>::addElement(ThreadControlBlock volatile*)

.text._ZN4ACPID2Ev
                0x00000000c001f016       0x23
 .text._ZN4ACPID2Ev
                0x00000000c001f016       0x23 hw/acpi.32
                0x00000000c001f016                ACPI::~ACPI()
                0x00000000c001f016                ACPI::~ACPI()

.text._ZN4ACPID0Ev
                0x00000000c001f03a       0x2a
 .text._ZN4ACPID0Ev
                0x00000000c001f03a       0x2a hw/acpi.32
                0x00000000c001f03a                ACPI::~ACPI()

.text._ZN3CPUD2Ev
                0x00000000c001f064       0x23
 .text._ZN3CPUD2Ev
                0x00000000c001f064       0x23 hw/cpu.32
                0x00000000c001f064                CPU::~CPU()
                0x00000000c001f064                CPU::~CPU()

.text._ZN3CPUD0Ev
                0x00000000c001f088       0x2a
 .text._ZN3CPUD0Ev
                0x00000000c001f088       0x2a hw/cpu.32
                0x00000000c001f088                CPU::~CPU()

.text._ZN3CPU7readCR4Ev
                0x00000000c001f0b2       0x12
 .text._ZN3CPU7readCR4Ev
                0x00000000c001f0b2       0x12 hw/cpu.32
                0x00000000c001f0b2                CPU::readCR4()

.text._ZN3CPU8writeDR7Em
                0x00000000c001f0c4        0x9
 .text._ZN3CPU8writeDR7Em
                0x00000000c001f0c4        0x9 hw/cpu.32
                0x00000000c001f0c4                CPU::writeDR7(unsigned long)

.text._ZN3CPU8writeCR4Em
                0x00000000c001f0cd        0x9
 .text._ZN3CPU8writeCR4Em
                0x00000000c001f0cd        0x9 hw/cpu.32
                0x00000000c001f0cd                CPU::writeCR4(unsigned long)

.text._ZN3CPU7readCR2Ev
                0x00000000c001f0d6       0x12
 .text._ZN3CPU7readCR2Ev
                0x00000000c001f0d6       0x12 krnl/panic.32
                0x00000000c001f0d6                CPU::readCR2()

.text._ZN10LinkedListIV18ThreadControlBlockED2Ev
                0x00000000c001f0e8        0x2
 .text._ZN10LinkedListIV18ThreadControlBlockED2Ev
                0x00000000c001f0e8        0x2 thr/prcssthr.32
                0x00000000c001f0e8                LinkedList<ThreadControlBlock volatile>::~LinkedList()
                0x00000000c001f0e8                LinkedList<ThreadControlBlock volatile>::~LinkedList()

.text._ZN18ThreadControlBlockC2Ev
                0x00000000c001f0ea       0x3e
 .text._ZN18ThreadControlBlockC2Ev
                0x00000000c001f0ea       0x3e thr/prcssthr.32
                0x00000000c001f0ea                ThreadControlBlock::ThreadControlBlock()
                0x00000000c001f0ea                ThreadControlBlock::ThreadControlBlock()

.text._ZN10LinkedListIV18ThreadControlBlockEC2Ev
                0x00000000c001f128       0x58
 .text._ZN10LinkedListIV18ThreadControlBlockEC2Ev
                0x00000000c001f128       0x58 thr/prcssthr.32
                0x00000000c001f128                LinkedList<ThreadControlBlock volatile>::LinkedList()
                0x00000000c001f128                LinkedList<ThreadControlBlock volatile>::LinkedList()

.text._ZN10LinkedListIV18ThreadControlBlockE7getNextEPS1_
                0x00000000c001f180        0x8
 .text._ZN10LinkedListIV18ThreadControlBlockE7getNextEPS1_
                0x00000000c001f180        0x8 thr/prcssthr.32
                0x00000000c001f180                LinkedList<ThreadControlBlock volatile>::getNext(ThreadControlBlock volatile*)

.text._ZN3PCID2Ev
                0x00000000c001f188       0x23
 .text._ZN3PCID2Ev
                0x00000000c001f188       0x23 hw/bus/pci.32
                0x00000000c001f188                PCI::~PCI()
                0x00000000c001f188                PCI::~PCI()

.text._ZN3PCID0Ev