Archive member included to satisfy reference by file (symbol)

/cygdrive/d/Users/Alex/Desktop/Toolchain/Output/bin/../lib/gcc/i386-banana/8.1.0/libkgcc.a(_divdi3.o)
                              fs/fat/ff.32 (__divdi3)
/cygdrive/d/Users/Alex/Desktop/Toolchain/Output/bin/../lib/gcc/i386-banana/8.1.0/libkgcc.a(_moddi3.o)
                              compat/resolve.32 (__moddi3)
/cygdrive/d/Users/Alex/Desktop/Toolchain/Output/bin/../lib/gcc/i386-banana/8.1.0/libkgcc.a(_udivdi3.o)
                              fs/fat/ff.32 (__udivdi3)
/cygdrive/d/Users/Alex/Desktop/Toolchain/Output/bin/../lib/gcc/i386-banana/8.1.0/libkgcc.a(_umoddi3.o)
                              compat/resolve.32 (__umoddi3)
D:/Users/Alex/Desktop/Banana/kernel/libsoftfp.a(sfieeelib.o)
                              hal/sound/sndhw.32 (__addsf3)
D:/Users/Alex/Desktop/Banana/kernel/libsoftfp.a(dfieeelib.o)
                              hal/libresample/src_linear.32 (__adddf3)
D:/Users/Alex/Desktop/Banana/kernel/libsoftfp.a(sfdfcvt.o)
                              hal/libresample/samplerate.32 (__truncdfsf2)
D:/Users/Alex/Desktop/Banana/kernel/libk/libm32.a(s_fabs.c.o)
                              hal/libresample/samplerate.32 (fabs)
D:/Users/Alex/Desktop/Banana/kernel/libk/libm32.a(s_lrint.S.o)
                              hal/libresample/samplerate.32 (lrint)
D:/Users/Alex/Desktop/Banana/kernel/libk/libm32.a(s_lrintf.S.o)
                              hal/sound/sndhw.32 (lrintf)

Discarded input sections

 .comment       0x0000000000000000       0x12 /cygdrive/d/Users/Alex/Desktop/Toolchain/Output/bin/../lib/gcc/i386-banana/8.1.0/crtbegin.o
 .comment       0x0000000000000000       0x12 acpica/utclib.32
 .comment       0x0000000000000000       0x12 core/malloc.32
 .comment       0x0000000000000000       0x12 libk/string.32
 .comment       0x0000000000000000       0x12 fs/fat/diskio.32
 .comment       0x0000000000000000       0x12 fs/fat/ff.32
 .comment       0x0000000000000000       0x12 fs/fat/ffsystem.32
 .comment       0x0000000000000000       0x12 fs/fat/ffunicode.32
 .comment       0x0000000000000000       0x12 hal/libresample/samplerate.32
 .comment       0x0000000000000000       0x12 hal/libresample/src_linear.32
 .comment       0x0000000000000000       0x12 hal/libresample/src_sinc.32
 .comment       0x0000000000000000       0x12 hal/libresample/src_zoh.32
 .comment       0x0000000000000000       0x12 compat/inlines.32
 .comment       0x0000000000000000       0x12 compat/resolve.32
 .group         0x0000000000000000       0x14 core/computer.32
 .group         0x0000000000000000        0xc core/computer.32
 .comment       0x0000000000000000       0x12 core/computer.32
 .comment       0x0000000000000000       0x12 core/gdt.32
 .group         0x0000000000000000        0xc core/idle.32
 .comment       0x0000000000000000       0x12 core/idle.32
 .comment       0x0000000000000000       0x12 core/idt.32
 .comment       0x0000000000000000       0x12 core/kheap.32
 .comment       0x0000000000000000       0x12 core/main.32
 .comment       0x0000000000000000       0x12 core/physmgr.32
 .group         0x0000000000000000        0xc core/pipe.32
 .comment       0x0000000000000000       0x12 core/pipe.32
 .group         0x0000000000000000        0xc core/terminal.32
 .comment       0x0000000000000000       0x12 core/terminal.32
 .comment       0x0000000000000000       0x12 core/tss.32
 .group         0x0000000000000000        0x8 core/unixfile.32
 .group         0x0000000000000000        0xc core/unixfile.32
 .group         0x0000000000000000        0xc core/unixfile.32
 .group         0x0000000000000000        0x8 core/unixfile.32
 .group         0x0000000000000000        0xc core/unixfile.32
 .group         0x0000000000000000        0x8 core/unixfile.32
 .group         0x0000000000000000        0xc core/unixfile.32
 .group         0x0000000000000000        0xc core/unixfile.32
 .comment       0x0000000000000000       0x12 core/unixfile.32
 .comment       0x0000000000000000       0x12 core/virtmgr.32
 .comment       0x0000000000000000       0x12 coreobjs/c++.32
 .comment       0x0000000000000000       0x12 dbg/kconsole.32
 .group         0x0000000000000000        0xc fs/vfs.32
 .group         0x0000000000000000        0xc fs/vfs.32
 .group         0x0000000000000000        0xc fs/vfs.32
 .comment       0x0000000000000000       0x12 fs/vfs.32
 .group         0x0000000000000000        0xc hal/bus.32
 .comment       0x0000000000000000       0x12 hal/bus.32
 .group         0x0000000000000000        0xc hal/buzzer.32
 .comment       0x0000000000000000       0x12 hal/buzzer.32
 .group         0x0000000000000000        0xc hal/clock.32
 .comment       0x0000000000000000       0x12 hal/clock.32
 .group         0x0000000000000000       0x14 hal/device.32
 .group         0x0000000000000000        0xc hal/device.32
 .group         0x0000000000000000        0xc hal/device.32
 .group         0x0000000000000000        0xc hal/device.32
[...]
Memory Configuration

Name             Origin             Length             Attributes
*default*        0x0000000000000000 0xffffffffffffffff

Linker script and memory map

LOAD D:/Users/Alex/Desktop/Banana/kernel/boot.32
LOAD crti.32
LOAD /cygdrive/d/Users/Alex/Desktop/Toolchain/Output/bin/../lib/gcc/i386-banana/8.1.0/crtbegin.o
LOAD D:/Users/Alex/Desktop/Banana/kernel/morenasm.32
LOAD acpica/utclib.32
LOAD core/malloc.32
LOAD libk/string.32
LOAD fs/fat/diskio.32
LOAD fs/fat/ff.32
LOAD fs/fat/ffsystem.32
LOAD fs/fat/ffunicode.32
LOAD hal/libresample/samplerate.32
LOAD hal/libresample/src_linear.32
LOAD hal/libresample/src_sinc.32
LOAD hal/libresample/src_zoh.32
LOAD compat/inlines.32
LOAD compat/resolve.32
LOAD core/computer.32
LOAD core/gdt.32
LOAD core/idle.32
LOAD core/idt.32
LOAD core/kheap.32
LOAD core/main.32
LOAD core/physmgr.32
LOAD core/pipe.32
LOAD core/terminal.32
LOAD core/tss.32
LOAD core/unixfile.32
LOAD core/virtmgr.32
LOAD coreobjs/c++.32
LOAD dbg/kconsole.32
LOAD fs/vfs.32
LOAD hal/bus.32
LOAD hal/buzzer.32
LOAD hal/clock.32
LOAD hal/device.32
LOAD hal/diskctrl.32
LOAD hal/diskphys.32
LOAD hal/fpu.32
LOAD hal/intctrl.32
LOAD hal/keybrd.32
LOAD hal/logidisk.32
LOAD hal/mouse.32
LOAD hal/partition.32
LOAD hal/serial.32
LOAD hal/timer.32
LOAD hal/vcache.32
LOAD hal/video.32
LOAD hw/acpi.32
LOAD hw/cpu.32
LOAD hw/ports.32
LOAD hw/smp.32
LOAD krnl/env.32
LOAD krnl/panic.32
LOAD net/ethernet.32
LOAD reg/registry.32
LOAD sys/sc_eject.32
LOAD sys/sc_exit.32
LOAD sys/sc_getcwd.32
LOAD sys/sc_getpid.32
LOAD sys/sc_loaddll.32
LOAD sys/sc_read.32
LOAD sys/sc_sbrk.32
LOAD sys/sc_setcwd.32
LOAD sys/sc_settime.32
LOAD sys/sc_timezone.32
LOAD sys/sc_write.32
LOAD sys/sc_yield.32
LOAD sys/syscalls.32
LOAD thr/elf.32
LOAD thr/prcssthr.32
LOAD vm86/vm8086.32
LOAD vm86/x87em.32
LOAD fs/fat/vfslink.32
LOAD fs/iso9660/vfslink.32
LOAD hal/sound/sndchannel.32
LOAD hal/sound/sndhw.32
LOAD hw/bus/isa.32
LOAD hw/bus/pci.32
LOAD hw/diskctrl/ide.32
LOAD hw/diskctrl/satabus.32
LOAD hw/diskphys/ata.32
LOAD hw/diskphys/atapi.32
LOAD hw/diskphys/sata.32
LOAD hw/diskphys/satapi.32
LOAD hw/fpu/avx.32
LOAD hw/fpu/mmx.32
LOAD hw/fpu/sse.32
LOAD hw/fpu/x87.32
LOAD hw/intctrl/apic.32
LOAD hw/intctrl/pic.32
LOAD hw/timer/apictimer.32
LOAD hw/timer/pit.32
LOAD hw/fpu/x86/avx.32
LOAD hw/fpu/x86/sse.32
LOAD hw/fpu/x86/x87.32
LOAD /cygdrive/d/Users/Alex/Desktop/Toolchain/Output/bin/../lib/gcc/i386-banana/8.1.0/crtend.o
LOAD crtn.32
LOAD /cygdrive/d/Users/Alex/Desktop/Toolchain/Output/bin/../lib/gcc/i386-banana/8.1.0/libkgcc.a
LOAD D:/Users/Alex/Desktop/Banana/kernel/libsoftfp.a
LOAD D:/Users/Alex/Desktop/Banana/kernel/libk/libm32.a
                0x00000000c0000000                . = 0xc0000000

.text           0x00000000c0000000    0x27f38
 *(.text)
 .text          0x00000000c0000000       0x41 D:/Users/Alex/Desktop/Banana/kernel/boot.32
                0x00000000c0000020                callGlobalConstructors
 .text          0x00000000c0000041        0x0 crti.32
 *fill*         0x00000000c0000041        0x3 
 .text          0x00000000c0000044      0x101 /cygdrive/d/Users/Alex/Desktop/Toolchain/Output/bin/../lib/gcc/i386-banana/8.1.0/crtbegin.o
 *fill*         0x00000000c0000145        0xb 
 .text          0x00000000c0000150      0x4ed D:/Users/Alex/Desktop/Banana/kernel/morenasm.32
                0x00000000c0000150                manualPCIProbe
                0x00000000c000019b                prepareTramp
                0x00000000c00001b4                voodooXADD
                0x00000000c000027f                doTPAUSE
                0x00000000c0000289                hasLegacyFPU
                0x00000000c00002ae                is486
                0x00000000c00002e4                detectCPUID
                0x00000000c00002fa                goToVM86
                0x00000000c000032a                goToUsermode
                0x00000000c0000354                switchToThreadASMFirstTime
                0x00000000c0000362                switchToThreadASM
                0x00000000c00003ea                asmQuickAcquireLock
                0x00000000c0000408                asmQuickReleaseLock
                0x00000000c0000414                asmAcquireLock
                0x00000000c0000435                asmReleaseLock
                0x00000000c0000448                loadGDT
                0x00000000c0000468                isr0
                0x00000000c0000478                isr1
                0x00000000c0000482                isr2
                0x00000000c000048c                isr3
                0x00000000c0000496                isr4
                0x00000000c00004a0                isr5
                0x00000000c00004aa                isr6
                0x00000000c00004b4                isr7
                0x00000000c00004be                isr8
                0x00000000c00004c6                isr9
                0x00000000c00004d0                isr10
                0x00000000c00004d8                isr11
                0x00000000c00004e0                isr12
                0x00000000c00004e8                isr13
                0x00000000c00004f0                isr14
                0x00000000c00004f8                isr15
                0x00000000c0000502                isr16
                0x00000000c000050c                isr17
                0x00000000c0000516                isr18
                0x00000000c0000520                irq3
                0x00000000c000052a                irq4
                0x00000000c0000534                irq5
                0x00000000c000053e                irq6
                0x00000000c0000548                irq7
                0x00000000c0000552                irq8
                0x00000000c000055c                irq9
                0x00000000c0000566                irq10
                0x00000000c0000570                irq11
                0x00000000c000057a                irq12
                0x00000000c0000584                irq13
                0x00000000c000058e                irq14
                0x00000000c0000598                irq15
                0x00000000c00005a2                irq1
                0x00000000c00005a9                irq2
                0x00000000c00005b0                isr96
                0x00000000c00005b7                irq0
                0x00000000c00005bc                int_common_stub
                0x00000000c00005bc                syscall_common_stub
                0x00000000c00005ed                irq16
                0x00000000c00005f7                irq17
                0x00000000c0000601                irq18
                0x00000000c000060b                irq19
                0x00000000c0000615                irq20
                0x00000000c000061f                irq21
                0x00000000c0000629                irq22
                0x00000000c0000633                irq23
 *fill*         0x00000000c000063d        0x3 
 .text          0x00000000c0000640      0x611 acpica/utclib.32
                0x00000000c0000640                memcmp
                0x00000000c000067c                memmove
                0x00000000c0000744                memcpy
                0x00000000c0000778                memset
                0x00000000c0000794                strlen
                0x00000000c00007ac                strpbrk
                0x00000000c00007e8                strtok
                0x00000000c0000834                strcpy
                0x00000000c0000858                strncpy
                0x00000000c00008c0                strcmp
                0x00000000c0000900                strchr
                0x00000000c0000924                strncmp
                0x00000000c0000974                strcat
                0x00000000c00009a4                strncat
                0x00000000c00009e0                strstr
                0x00000000c0000a28                toupper
                0x00000000c0000a3c                tolower
                0x00000000c0000a50                simple_strtoul
 .text          0x00000000c0000c51      0xfbf core/malloc.32
                0x00000000c0000dbc                dlfree
                0x00000000c0001117                dlmalloc
                0x00000000c0001654                dlrealloc
                0x00000000c0001809                dlmemalign
                0x00000000c000192c                dlcalloc
                0x00000000c00019c6                dlcfree
                0x00000000c00019cb                dlindependent_calloc
                0x00000000c00019f0                dlindependent_comalloc
                0x00000000c0001a07                dlvalloc
                0x00000000c0001a32                dlpvalloc
                0x00000000c0001a68                dlmalloc_trim
                0x00000000c0001a75                dlmalloc_usable_size
                0x00000000c0001aa6                dlmallinfo
                0x00000000c0001b75                dlmalloc_stats
                0x00000000c0001b86                dlmallopt
 .text          0x00000000c0001c10        0x0 libk/string.32
 .text          0x00000000c0001c10       0x51 fs/fat/diskio.32
                0x00000000c0001c10                disk_status
                0x00000000c0001c13                disk_initialize
                0x00000000c0001c16                disk_read
                0x00000000c0001c2c                disk_write
                0x00000000c0001c42                disk_ioctl
 .text          0x00000000c0001c61     0x6833 fs/fat/ff.32
                0x00000000c0004f2f                f_mount
                0x00000000c0004f91                f_open
                0x00000000c00053cd                f_read
                0x00000000c000564d                f_write
                0x00000000c0005907                f_sync
                0x00000000c0005ae3                f_close
                0x00000000c0005b12                f_lseek
                0x00000000c0005fc9                f_opendir
                0x00000000c00060cb                f_closedir
                0x00000000c00060ed                f_readdir
                0x00000000c0006188                f_stat
                0x00000000c0006217                f_getfree
                0x00000000c00063e2                f_truncate
                0x00000000c00064da                f_unlink
                0x00000000c000665d                f_mkdir
                0x00000000c0006889                f_rename
                0x00000000c0006b7c                f_chmod
                0x00000000c0006c5a                f_utime
                0x00000000c0006d38                f_getlabel
                0x00000000c0006f26                f_setlabel
                0x00000000c0007193                f_forward
                0x00000000c0007371                f_mkfs
 .text          0x00000000c0008494       0x2d fs/fat/ffsystem.32
                0x00000000c0008494                ff_memalloc
                0x00000000c00084aa                ff_memfree
 .text          0x00000000c00084c1      0x253 fs/fat/ffunicode.32
                0x00000000c00084c1                ff_uni2oem
                0x00000000c0008551                ff_oem2uni
                0x00000000c00085bd                ff_wtoupper
 .text          0x00000000c0008714      0x8fb hal/libresample/samplerate.32
                0x00000000c0008758                src_delete
                0x00000000c0008794                src_process
                0x00000000c000894a                src_callback_read
                0x00000000c0008ac7                src_set_ratio
                0x00000000c0008b31                src_get_channels
                0x00000000c0008b53                src_reset
                0x00000000c0008b9f                src_new
                0x00000000c0008c2d                src_callback_new
                0x00000000c0008c8f                src_get_name
                0x00000000c0008cc6                src_get_description
                0x00000000c0008cfd                src_get_version
                0x00000000c0008d03                src_is_valid_ratio
                0x00000000c0008d57                src_error
                0x00000000c0008d65                src_strerror
                0x00000000c0008d78                src_simple
                0x00000000c0008dcb                src_short_to_float_array
                0x00000000c0008e30                src_float_to_short_array
                0x00000000c0008eef                src_int_to_float_array
                0x00000000c0008f52                src_float_to_int_array
 .text          0x00000000c000900f      0x8cb hal/libresample/src_linear.32
                0x00000000c0009835                linear_get_name
                0x00000000c0009844                linear_get_description
                0x00000000c0009853                linear_set_converter
 .text          0x00000000c00098da     0x447c hal/libresample/src_sinc.32
                0x00000000c000dc6d                sinc_get_name
                0x00000000c000dc80                sinc_get_description
                0x00000000c000dc93                sinc_set_converter
 .text          0x00000000c000dd56      0x77c hal/libresample/src_zoh.32
                0x00000000c000e42d                zoh_get_name
                0x00000000c000e43c                zoh_get_description
                0x00000000c000e44b                zoh_set_converter
 .text          0x00000000c000e4d2       0x23 compat/inlines.32
                0x00000000c000e4d2                CPU::current()
                0x00000000c000e4df                operator new(unsigned long)
 .text          0x00000000c000e4f5      0x111 compat/resolve.32
                0x00000000c000e4f5                Krnl::resolveCompatibilitySymbol(char*)
 .text          0x00000000c000e606      0xa1d core/computer.32
                0x00000000c000e606                Computer::close(int, int, void*)
                0x00000000c000e64a                Krnl::firstTask()
                0x00000000c000e740                Computer::Computer()
                0x00000000c000e740                Computer::Computer()
                0x00000000c000e89c                Computer::setBootMessage(char const*)
                0x00000000c000e89e                Computer::detectFeatures()
                0x00000000c000eaa8                Computer::displayFeatures()
                0x00000000c000edee                Computer::rdmsr(unsigned int)
                0x00000000c000ee1a                Computer::wrmsr(unsigned int, unsigned long long)
                0x00000000c000ee52                Computer::nmiEnabled()
                0x00000000c000ee5e                Computer::readCMOS(unsigned char)
                0x00000000c000ee78                Computer::enableNMI(bool)
                0x00000000c000ee90                Computer::open(int, int, void*)
                0x00000000c000ef66                Computer::disableNMI()
                0x00000000c000ef74                Computer::writeCMOS(unsigned char, unsigned char)
                0x00000000c000ef92                Computer::handleNMI()
                0x00000000c000eff8                Computer::setDiskActivityLight(int, bool)
 *fill*         0x00000000c000f023        0x1 
 .text          0x00000000c000f024      0x1b7 core/gdt.32
                0x00000000c000f024                GDTEntry::setBase(unsigned int)
                0x00000000c000f040                GDTEntry::setLimit(unsigned int)
                0x00000000c000f05e                GDT::GDT()
                0x00000000c000f05e                GDT::GDT()
                0x00000000c000f074                GDT::addEntry(GDTEntry)
                0x00000000c000f0b0                GDT::getNumberOfEntries()
                0x00000000c000f0b8                GDT::flush()
                0x00000000c000f0da                GDT::setup()
 .text          0x00000000c000f1db       0x62 core/idle.32
                0x00000000c000f1db                idleFunction(void*)
 *fill*         0x00000000c000f23d        0x1 
 .text          0x00000000c000f23e      0x45f core/idt.32
                0x00000000c000f23e                IDTEntry::IDTEntry(bool)
                0x00000000c000f23e                IDTEntry::IDTEntry(bool)
                0x00000000c000f2ac                IDTEntry::setOffset(unsigned int)
                0x00000000c000f2c0                IDT::IDT()
                0x00000000c000f2c0                IDT::IDT()
                0x00000000c000f2c2                IDT::getPointerToInvalidOpcodeEntryForF00F()
                0x00000000c000f2ca                IDT::addEntry(IDTEntry, int)
                0x00000000c000f2e4                IDT::addEntry(int, void (*)(), bool)
                0x00000000c000f31c                IDT::flush()
                0x00000000c000f336                IDT::setup()
 .text          0x00000000c000f69d      0x203 core/kheap.32
                0x00000000c000f69d                sbrk
                0x00000000c000f7ab                mmap
                0x00000000c000f7c1                munmap
                0x00000000c000f7d7                liballoc_lock()
                0x00000000c000f7e8                liballoc_unlock()
                0x00000000c000f7f9                liballoc_alloc(int)
                0x00000000c000f814                liballoc_free(void*, int)
                0x00000000c000f832                realloc
                0x00000000c000f846                malloc
                0x00000000c000f856                free
                0x00000000c000f866                rfree
                0x00000000c000f876                calloc
 .text          0x00000000c000f8a0      0x480 core/main.32
                0x00000000c000f8a0                hwTextMode_loadInData(VgaText*)
                0x00000000c000f8eb                hwTextMode_loadInTitle(VgaText*, char*)
                0x00000000c000f969                hwTextMode_showCursor(VgaText*, bool)
                0x00000000c000f9c7                hwTextMode_update(VgaText*)
                0x00000000c000f9c8                hwTextMode_updateCursor(VgaText*)
                0x00000000c000fa19                hwTextMode_disableBlink(VgaText*, bool)
                0x00000000c000fa5f                hwTextMode_scrollScreen(VgaText*)
                0x00000000c000fb0c                hwTextMode_writeCharacter(VgaText*, char, VgaColour, VgaColour, int, int)
                0x00000000c000fb8e                setupTextMode()
                0x00000000c000fbfe                kernel_main
 .text          0x00000000c000fd20      0x54d core/physmgr.32
                0x00000000c000fd20                Phys::allocateDMA(unsigned long)
                0x00000000c000fdc3                Phys::freeDMA(unsigned long, unsigned long)
                0x00000000c000fe0b                Phys::setPageState(unsigned long, bool)
                0x00000000c000fe3d                Phys::getPageState(unsigned long)
                0x00000000c000fe59                Phys::freePage(unsigned long)
                0x00000000c000fee3                Phys::allocatePage()
                0x00000000c000ffab                Phys::allocateContiguousPages(int)
                0x00000000c0010005                Phys::allowSegmentToBeUsed(unsigned long, unsigned long)
                0x00000000c001003d                Phys::physicalMemorySetup(unsigned int)
 *fill*         0x00000000c001026d        0x1 
 .text          0x00000000c001026e      0x273 core/pipe.32
                0x00000000c001026e                Pipe::isAtty()
                0x00000000c0010272                Pipe::~Pipe()
                0x00000000c0010272                Pipe::~Pipe()
                0x00000000c0010296                Pipe::~Pipe()
                0x00000000c00102be                Pipe::read(unsigned long long, void*, int*)
                0x00000000c00103b2                Pipe::write(unsigned long long, void*, int*)
                0x00000000c001047a                Pipe::Pipe(int)
                0x00000000c001047a                Pipe::Pipe(int)
 *fill*         0x00000000c00104e1        0x1 
 .text          0x00000000c00104e2      0xf73 core/terminal.32
                0x00000000c00104e2                VgaText::isAtty()
                0x00000000c00104e6                VgaText::~VgaText()
                0x00000000c00104e6                VgaText::~VgaText()
                0x00000000c001050a                VgaText::~VgaText()
                0x00000000c0010534                VgaText::read(unsigned long long, void*, int*)
                0x00000000c0010554                setTerminalScrollLock(bool)
                0x00000000c0010555                addToTerminalCycle(VgaText*)
                0x00000000c0010582                installVgaTextImplementation()
                0x00000000c0010597                scrollTerminalScrollLock(int)
                0x00000000c0010598                VgaText::load()
                0x00000000c00105ec                VgaText::updateCursor()
                0x00000000c0010606                VgaText::showCursor(bool)
                0x00000000c0010616                VgaText::disableBlink(bool)
                0x00000000c0010650                VgaText::doANSI_SGR(int)
                0x00000000c00106dc                VgaText::setDefaultBgColour(VgaColour)
                0x00000000c00106f2                VgaText::setDefaultFgColour(VgaColour)
                0x00000000c0010708                VgaText::setDefaultColours(VgaColour, VgaColour)
                0x00000000c0010728                VgaText::combineColours(unsigned char, unsigned char)
                0x00000000c001073a                VgaText::scrollScreen()
                0x00000000c00107ce                VgaText::combineCharAndColour(char, unsigned char)
                0x00000000c00107e0                VgaText::writeCharacter(char, VgaColour, VgaColour, int, int)
                0x00000000c0010840                VgaText::getCursorX()
                0x00000000c001084c                VgaText::getCursorY()
                0x00000000c0010858                VgaText::setCursor(int, int)
                0x00000000c0010876                VgaText::setCursorX(int)
                0x00000000c0010892                VgaText::setCursorY(int)
                0x00000000c00108ae                VgaText::incrementCursor(bool)
                0x00000000c0010916                VgaText::updateRAMUsageDisplay(int)
                0x00000000c001097a                VgaText::updateDiskUsage()
                0x00000000c0010ae4                VgaText::updateTitle()
                0x00000000c0010b2a                VgaText::setTitleTextColour(VgaColour)
                0x00000000c0010b3a                VgaText::setTitleColour(VgaColour)
                0x00000000c0010b4a                VgaText::setTitle(char*)
                0x00000000c0010b70                VgaText::decrementCursor(bool)
                0x00000000c0010b98                VgaText::putchar(char, VgaColour, VgaColour)
                0x00000000c0010c94                VgaText::isShowingCursor()
                0x00000000c0010ca0                VgaText::isBlinkDisabled()
                0x00000000c0010cae                VgaText::setCursorHeight(int)
                0x00000000c0010ccc                VgaText::getCursorHeight()
                0x00000000c0010cd7                setActiveTerminal(VgaText*)
                0x00000000c0010d89                doTerminalCycle()
                0x00000000c0010da6                VgaText::doUpdate()
                0x00000000c0010db8                VgaText::puts(char const*, VgaColour, VgaColour)
                0x00000000c0010f78                VgaText::clearScreen()
                0x00000000c0010fdc                VgaText::putchar(char)
                0x00000000c00110f6                VgaText::puts(char const*)
                0x00000000c001111c                VgaText::putx(unsigned int)
                0x00000000c0011162                VgaText::VgaText(char const*)
                0x00000000c0011162                VgaText::VgaText(char const*)
                0x00000000c00112f4                VgaText::receiveKey(unsigned char)
                0x00000000c00113dc                VgaText::write(unsigned long long, void*, int*)
                0x00000000c0011430                newTerminal(char*)
 *fill*         0x00000000c0011455        0x1 
 .text          0x00000000c0011456      0x1b3 core/tss.32
                0x00000000c0011456                TSS::TSS()
                0x00000000c0011456                TSS::TSS()
                0x00000000c0011464                TSS::setESP(unsigned long)
                0x00000000c0011476                TSS::flush()
                0x00000000c0011496                TSS::setup(unsigned long, unsigned long)
 *fill*         0x00000000c0011609        0x1 
 .text          0x00000000c001160a      0x4c2 core/unixfile.32
                0x00000000c001160a                ReservedFilename::read(unsigned long long, void*, int*)
                0x00000000c0011660                ReservedFilename::isAtty()
                0x00000000c001167c                ReservedFilename::write(unsigned long long, void*, int*)
                0x00000000c00116da                UnixFile::getFileDescriptor()
                0x00000000c00116e2                UnixFile::UnixFile(int)
                0x00000000c00116e2                UnixFile::UnixFile(int)
                0x00000000c0011892                ReservedFilename::ReservedFilename(int)
                0x00000000c0011892                ReservedFilename::ReservedFilename(int)
                0x00000000c00118c4                UnixFile::~UnixFile()
                0x00000000c00118c4                UnixFile::~UnixFile()
                0x00000000c001195c                UnixFile::~UnixFile()
                0x00000000c0011984                ReservedFilename::~ReservedFilename()
                0x00000000c0011984                ReservedFilename::~ReservedFilename()
                0x00000000c00119a8                ReservedFilename::~ReservedFilename()
                0x00000000c00119cf                getFromFileDescriptor(int)
 .text          0x00000000c0011acc      0xee3 core/virtmgr.32
                0x00000000c0011acc                Virt::setPageState(unsigned long, Virt::VirtPageState)
                0x00000000c0011b01                Virt::getPageState(unsigned long)
                0x00000000c0011b25                Virt::allocateKernelVirtualPages(int)
                0x00000000c0011c36                Virt::virtualMemorySetup()
                0x00000000c0011cb5                Virt::getAKernelVAS()
                0x00000000c0011cbb                Virt::setupPageSwapping(int)
                0x00000000c0011dea                VAS::VAS()
                0x00000000c0011dea                VAS::VAS()
                0x00000000c0011e1a                VAS::VAS(VAS*)
                0x00000000c0011e1a                VAS::VAS(VAS*)
                0x00000000c0011e3e                VAS::getForeignPageTableEntry(bool, unsigned long)
                0x00000000c0011e6a                VAS::getPageTableEntry(unsigned long)
                0x00000000c0011e89                Virt::freeKernelVirtualPages(unsigned long)
                0x00000000c0011fac                VAS::freeAllocatedPages(unsigned long)
                0x00000000c0011fd0                VAS::virtualToPhysical(unsigned long)
                0x00000000c0011fe8                VAS::reflagRange(unsigned long, int, int, int)
                0x00000000c0012028                VAS::setToWriteCombining(unsigned long, int)
                0x00000000c001205a                VAS::mapOtherVASIn(bool, VAS*)
                0x00000000c0012084                VAS::~VAS()
                0x00000000c0012084                VAS::~VAS()
                0x00000000c00121f0                VAS::mapPage(unsigned long, unsigned long, int)
                0x00000000c00122f0                VAS::allocatePages(int, int)
                0x00000000c00124c8                VAS::setCPUSpecific(unsigned long)
                0x00000000c00124e4                VAS::mapRange(unsigned long, unsigned long, int, int)
                0x00000000c00125aa                VAS::mapForeignPage(bool, VAS*, unsigned long, unsigned long, int)
                0x00000000c0012698                VAS::VAS(bool)
                0x00000000c0012698                VAS::VAS(bool)
                0x00000000c00128f3                mapVASFirstTime
 .text          0x00000000c00129af       0x95 coreobjs/c++.32
                0x00000000c00129af                __cxa_atexit
                0x00000000c00129b2                __cxa_finalize
                0x00000000c00129b3                __stack_chk_fail
                0x00000000c0012a1f                __cxa_pure_virtual
                0x00000000c0012a30                operator new[](unsigned long)
                0x00000000c0012a35                operator delete(void*, unsigned long)
                0x00000000c0012a3a                operator delete[](void*)
                0x00000000c0012a3f                operator delete[](void*, unsigned long)
 .text          0x00000000c0012a44      0x1ef dbg/kconsole.32
                0x00000000c0012a44                Dbg::stringifyxWithBase(unsigned int, char*, int)
                0x00000000c0012aa5                Dbg::logc(char)
                0x00000000c0012abc                Dbg::logs(char*)
                0x00000000c0012ad9                Dbg::logWriteInt(unsigned int)
                0x00000000c0012af6                Dbg::logWriteIntBase(unsigned int, int)
                0x00000000c0012b15                Dbg::kprintf(char const*, ...)
 *fill*         0x00000000c0012c33        0x1 
 .text          0x00000000c0012c34      0xb7c fs/vfs.32
                0x00000000c0012c34                File::read(unsigned long long, void*, int*)
                0x00000000c0012c8c                File::write(unsigned long long, void*, int*)
                0x00000000c0012ce4                Directory::read(unsigned long long, void*, int*)
                0x00000000c0012d3c                Directory::write(unsigned long long, void*, int*)
                0x00000000c0012d6a                File::isAtty()
                0x00000000c0012d6e                Directory::isAtty()
                0x00000000c0012d72                Filesystem::getlabel(LogicalDisk*, int, char*, unsigned int*)
                0x00000000c0012d78                Filesystem::setlabel(LogicalDisk*, int, char*)
                0x00000000c0012d7e                File::~File()
                0x00000000c0012d7e                File::~File()
                0x00000000c0012da2                File::~File()
                0x00000000c0012dcc                Directory::~Directory()
                0x00000000c0012dcc                Directory::~Directory()
                0x00000000c0012df0                Directory::~Directory()
                0x00000000c0012e1a                Filesystem::Filesystem()
                0x00000000c0012e1a                Filesystem::Filesystem()
                0x00000000c0012e3e                Filesystem::~Filesystem()
                0x00000000c0012e3e                Filesystem::~Filesystem()
                0x00000000c0012e4c                Filesystem::~Filesystem()
                0x00000000c0012e70                Fs::getcwd(Process*, char*, int)
                0x00000000c0012e9a                Fs::initVFS()
                0x00000000c0012ec4                Fs::standardiseFiles(char*, char const*, char const*)
                0x00000000c001306e                File::File(char const*, Process*)
                0x00000000c001306e                File::File(char const*, Process*)
                0x00000000c00130d2                File::open(FileOpenMode)
                0x00000000c0013130                File::close()
                0x00000000c0013190                File::seek(unsigned long long)
                0x00000000c00131e6                File::tell(unsigned long long*)
                0x00000000c0013236                File::rewind()
                0x00000000c001324a                File::unlink()
                0x00000000c0013296                File::rename(char const*)
                0x00000000c00132e4                File::chfatattr(unsigned char, unsigned char)
                0x00000000c0013340                File::exists()
                0x00000000c001337e                File::stat(unsigned long long*, bool*)
                0x00000000c00133df                Fs::setcwd(Process*, char*)
                0x00000000c001351a                Directory::Directory(char const*, Process*)
                0x00000000c001351a                Directory::Directory(char const*, Process*)
                0x00000000c001357e                Directory::open()
                0x00000000c00135da                Directory::close()
                0x00000000c001363a                Directory::unlink()
                0x00000000c0013686                Directory::rename(char const*)
                0x00000000c00136d4                Directory::exists()
                0x00000000c0013712                Directory::read(dirent*)
                0x00000000c001375e                Directory::create()
                0x00000000c00137aa                Filesystem::chfatattr(char const*, unsigned char, unsigned char)
 .text          0x00000000c00137b0       0x84 hal/bus.32
                0x00000000c00137b0                Bus::Bus(char const*)
                0x00000000c00137b0                Bus::Bus(char const*)
                0x00000000c00137e6                Bus::~Bus()
                0x00000000c00137e6                Bus::~Bus()
                0x00000000c001380a                Bus::~Bus()
 .text          0x00000000c0013834      0x14e hal/buzzer.32
                0x00000000c0013834                Buzzer::Buzzer(char const*)
                0x00000000c0013834                Buzzer::Buzzer(char const*)
                0x00000000c0013878                Buzzer::~Buzzer()
                0x00000000c0013878                Buzzer::~Buzzer()
                0x00000000c001389c                Buzzer::~Buzzer()
                0x00000000c00138c6                Buzzer::stop()
                0x00000000c00138d9                beepThread(void*)
                0x00000000c0013914                Buzzer::beep(int, int, bool)
 .text          0x00000000c0013982      0x467 hal/clock.32
                0x00000000c0013982                User::loadClockSettings(int)
                0x00000000c00139d4                Clock::Clock(char const*)
                0x00000000c00139d4                Clock::Clock(char const*)
                0x00000000c0013a0a                Clock::~Clock()
                0x00000000c0013a0a                Clock::~Clock()
                0x00000000c0013a2e                Clock::~Clock()
                0x00000000c0013a58                Clock::timeInSecondsLocal()
                0x00000000c0013aa0                Clock::setTimeInSecondsLocal(unsigned long long)
                0x00000000c0013af9                datetimeToSeconds(datetime_t)
                0x00000000c0013c20                Clock::setTimeInDatetimeLocal(datetime_t)
                0x00000000c0013c80                secondsToDatetime(unsigned long long)
                0x00000000c0013dc4                Clock::timeInDatetimeLocal()
 *fill*         0x00000000c0013de9        0x1 
 .text          0x00000000c0013dea      0x4de hal/device.32
                0x00000000c0013dea                Device::hibernate()
                0x00000000c0013dec                Device::wake()
                0x00000000c0013dee                Device::detect()
                0x00000000c0013df0                Device::disableLegacy()
                0x00000000c0013df2                Device::powerSaving(PowerSavingLevel)
                0x00000000c0013df4                DriverlessDevice::close(int, int, void*)
                0x00000000c0013df8                DriverlessDevice::detect()
                0x00000000c0013dfa                DriverlessDevice::open(int, int, void*)
                0x00000000c0013e0e                Device::~Device()
                0x00000000c0013e0e                Device::~Device()
                0x00000000c0013e1c                Device::~Device()
                0x00000000c0013e44                Device::findAndLoadDriver()
                0x00000000c0013e46                Device::preOpenPCI(PCIDeviceInfo)
                0x00000000c0013e6c                Device::preOpenACPI(void*, char*, char*)
                0x00000000c0013ec0                Device::addIRQHandler(int, void (*)(regs*, void*), bool, void*)
                0x00000000c0013efe                Device::removeIRQHandler(int, void (*)(regs*, void*), bool)
                0x00000000c0013f3c                Device::addChild(Device*)
                0x00000000c0013f80                Device::removeAllChildren()
                0x00000000c0013fc6                Device::hibernateAll()
                0x00000000c0013ff6                Device::wakeAll()
                0x00000000c0014026                Device::detectAll()
                0x00000000c0014056                Device::disableLegacyAll()
                0x00000000c0014086                Device::loadDriversForAll()
                0x00000000c00140b2                Device::closeAll()
                0x00000000c00140e8                Device::powerSavingAll(PowerSavingLevel)
                0x00000000c001411e                Device::setName(char const*)
                0x00000000c001412c                Device::Device(char const*)
                0x00000000c001412c                Device::Device(char const*)
                0x00000000c0014228                Device::getName()
                0x00000000c0014232                DriverlessDevice::DriverlessDevice(char const*)
                0x00000000c0014232                DriverlessDevice::DriverlessDevice(char const*)
                0x00000000c001425a                Device::addToLinkedList(LinkedList<Device>&, DeviceType)
                0x00000000c001429e                getDevicesOfType(DeviceType)
 .text          0x00000000c00142c8       0x84 hal/diskctrl.32
                0x00000000c00142c8                HardDiskController::HardDiskController(char const*)
                0x00000000c00142c8                HardDiskController::HardDiskController(char const*)
                0x00000000c00142fe                HardDiskController::~HardDiskController()
                0x00000000c00142fe                HardDiskController::~HardDiskController()
                0x00000000c0014322                HardDiskController::~HardDiskController()
 .text          0x00000000c001434c       0xf2 hal/diskphys.32
                0x00000000c001434c                PhysicalDisk::eject()
                0x00000000c0014360                PhysicalDisk::PhysicalDisk(char const*, int)
                0x00000000c0014360                PhysicalDisk::PhysicalDisk(char const*, int)
                0x00000000c00143c8                PhysicalDisk::startCache()
                0x00000000c00143f0                PhysicalDisk::~PhysicalDisk()
                0x00000000c00143f0                PhysicalDisk::~PhysicalDisk()
                0x00000000c0014414                PhysicalDisk::~PhysicalDisk()
 .text          0x00000000c001443e      0x13b hal/fpu.32
                0x00000000c001443e                FPU::FPU(char const*)
                0x00000000c001443e                FPU::FPU(char const*)
                0x00000000c0014474                FPU::~FPU()
                0x00000000c0014474                FPU::~FPU()
                0x00000000c0014498                FPU::~FPU()
                0x00000000c00144c2                setupFPU()
 *fill*         0x00000000c0014579        0x1 
 .text          0x00000000c001457a     0x1381 hal/intctrl.32
                0x00000000c001457a                InterruptController::uninstallISRHandler(int, void (*)(regs*, void*))
                0x00000000c00145b2                InterruptController::installISRHandler(int, void (*)(regs*, void*), void*)
                0x00000000c0014604                doubleFault(regs*, void*)
                0x00000000c001461e                InterruptController::installIRQHandler(int, void (*)(regs*, void*), bool, void*)
                0x00000000c00146ba                InterruptController::clearAllHandlers(int, bool)
                0x00000000c0014762                InterruptController::uninstallIRQHandler(int, void (*)(regs*, void*), bool)
                0x00000000c00147e9                nmiHandler(regs*, void*)
                0x00000000c00147f7                int_handler
                0x00000000c0014898                InterruptController::InterruptController(char const*)
                0x00000000c0014898                InterruptController::InterruptController(char const*)
                0x00000000c001493e                InterruptController::~InterruptController()
                0x00000000c001493e                InterruptController::~InterruptController()
                0x00000000c0014962                InterruptController::~InterruptController()
                0x00000000c001498c                displayDebugInfo(regs*)
                0x00000000c0014e1b                x87EmulHandler(regs*, void*)
                0x00000000c0014e4a                gpFault(regs*, void*)
                0x00000000c0014e83                pgFault(regs*, void*)
                0x00000000c0014e9a                otherISRHandler(regs*, void*)
                0x00000000c0014eb9                opcodeFault(regs*, void*)
                0x00000000c00154bf                displayProgramFault(char const*)
                0x00000000c00154e7                setupInterruptController()
                0x00000000c00158ae                InterruptController::convertLegacyIRQNumber(int)
 *fill*         0x00000000c00158fb        0x1 
 .text          0x00000000c00158fc      0x69a hal/keybrd.32
                0x00000000c00158fc                startGUI(void*)
                0x00000000c0015958                startGUIVESA(void*)
                0x00000000c00159b4                sendKeyToTerminal(unsigned char)
                0x00000000c0015a20                sendKeyboardToken(KeyboardToken)
                0x00000000c0015e30                clearInternalKeybuffer(VgaText*)
                0x00000000c0015e65                readKeyboard(VgaText*, char*, unsigned long)
                0x00000000c0015f0c                Keyboard::Keyboard(char const*)
                0x00000000c0015f0c                Keyboard::Keyboard(char const*)
                0x00000000c0015f48                Keyboard::~Keyboard()
                0x00000000c0015f48                Keyboard::~Keyboard()
                0x00000000c0015f6c                Keyboard::~Keyboard()
 .text          0x00000000c0015f96      0x414 hal/logidisk.32
                0x00000000c0015f96                LogicalDisk::close(int, int, void*)
                0x00000000c0015f9a                LogicalDisk::~LogicalDisk()
                0x00000000c0015f9a                LogicalDisk::~LogicalDisk()
                0x00000000c0015fbe                LogicalDisk::~LogicalDisk()
                0x00000000c0015fe8                LogicalDisk::open(int, int, void*)
                0x00000000c0015ffc                LogicalDisk::absoluteToRelative(unsigned long long)
                0x00000000c0016034                LogicalDisk::relativeToAbsolute(unsigned long long)
                0x00000000c001607a                LogicalDisk::LogicalDisk(char const*, PhysicalDisk*, unsigned long long, unsigned long long)
                0x00000000c001607a                LogicalDisk::LogicalDisk(char const*, PhysicalDisk*, unsigned long long, unsigned long long)
                0x00000000c0016130                LogicalDisk::assignDriveLetter()
                0x00000000c00161e6                LogicalDisk::mount()
                0x00000000c0016258                LogicalDisk::unmount()
                0x00000000c0016268                LogicalDisk::eject()
                0x00000000c001627c                LogicalDisk::unassignDriveLetter()
                0x00000000c00162d2                LogicalDisk::read(unsigned long long, int, void*)
                0x00000000c001633e                LogicalDisk::write(unsigned long long, int, void*)
 .text          0x00000000c00163aa       0x84 hal/mouse.32
                0x00000000c00163aa                Mouse::Mouse(char const*)
                0x00000000c00163aa                Mouse::Mouse(char const*)
                0x00000000c00163e0                Mouse::~Mouse()
                0x00000000c00163e0                Mouse::~Mouse()
                0x00000000c0016404                Mouse::~Mouse()
 .text          0x00000000c001642e      0x34d hal/partition.32
                0x00000000c001642e                makePartition(PhysicalDisk*, unsigned long long, unsigned long long)
                0x00000000c00164ea                createPartitionsForDisk(PhysicalDisk*)
 *fill*         0x00000000c001677b        0x1 
 .text          0x00000000c001677c       0x84 hal/serial.32
                0x00000000c001677c                Serial::Serial(char const*)
                0x00000000c001677c                Serial::Serial(char const*)
                0x00000000c00167b2                Serial::~Serial()
                0x00000000c00167b2                Serial::~Serial()
                0x00000000c00167d6                Serial::~Serial()
 .text          0x00000000c0016800      0x2b8 hal/timer.32
                0x00000000c0016800                Timer::Timer(char const*)
                0x00000000c0016800                Timer::Timer(char const*)
                0x00000000c0016836                Timer::~Timer()
                0x00000000c0016836                Timer::~Timer()
                0x00000000c001685a                Timer::~Timer()
                0x00000000c0016884                Timer::read()
                0x00000000c001688f                timerHandler(unsigned long long)
                0x00000000c00169c6                setupTimer(int)
 .text          0x00000000c0016ab8      0x425 hal/vcache.32
                0x00000000c0016ab8                VCache::VCache(PhysicalDisk*)
                0x00000000c0016ab8                VCache::VCache(PhysicalDisk*)
                0x00000000c0016c20                VCache::invalidateReadBuffer()
                0x00000000c0016c30                VCache::writeWriteBuffer()
                0x00000000c0016c6c                VCache::~VCache()
                0x00000000c0016c6c                VCache::~VCache()
                0x00000000c0016cc0                VCache::~VCache()
                0x00000000c0016ce8                VCache::write(unsigned long long, int, void*)
                0x00000000c0016dde                VCache::read(unsigned long long, int, void*)
 *fill*         0x00000000c0016edd        0x1 
 .text          0x00000000c0016ede      0x4cd hal/video.32
                0x00000000c0016ede                Video::putrect(int, int, int, int, unsigned int)
                0x00000000c0016f2a                Video::bitblit(int, int, int, int, int, int, int, unsigned int*)
                0x00000000c0016f9a                Video::blit(unsigned int*, int, int, int, int)
                0x00000000c0017018                Video::clearScreen(unsigned int)
                0x00000000c001704c                Video::putpixel(int, int, unsigned int)
                0x00000000c001705a                Video::Video(char const*)
                0x00000000c001705a                Video::Video(char const*)
                0x00000000c0017090                Video::~Video()
                0x00000000c0017090                Video::~Video()
                0x00000000c00170b4                Video::~Video()
                0x00000000c00170de                Video::isMonochrome()
                0x00000000c00170ea                Video::getWidth()
                0x00000000c00170f6                Video::getHeight()
                0x00000000c0017102                Video::drawCursor(int, int, unsigned char*, int)
                0x00000000c00171be                Video::tgaParse(unsigned char*, int, int*, int*)
                0x00000000c0017340                Video::putTGA(int, int, unsigned char*, int)
 *fill*         0x00000000c00173ab        0x1 
 .text          0x00000000c00173ac      0xf64 hw/acpi.32
                0x00000000c00173ac                ACPI::close(int, int, void*)
                0x00000000c0017461                findRSDP()
                0x00000000c00174eb                loadACPITables(unsigned char*)
                0x00000000c0017712                findRSDT(unsigned char*)
                0x00000000c0017830                findDataTable(unsigned char*, char*)
                0x00000000c00178cc                scanMADT()
                0x00000000c0017d52                ACPI::ACPI()
                0x00000000c0017d52                ACPI::ACPI()
                0x00000000c0017dbc                ACPI::getPCIIRQAssignment(unsigned char, unsigned short, unsigned char)
                0x00000000c0017e9e                ACPI::registerPCIIRQAssignment(void*, unsigned short, unsigned char, unsigned char)
                0x00000000c0017f64                ACPI::setScreenBrightnessLevel(void*, int)
                0x00000000c0017f6a                ACPI::writeSimpleBootFlag(SimpleBootFlagTable*)
                0x00000000c0017fb2                ACPI::open(int, int, void*)
                0x00000000c00182f8                ACPI::sleep()
 .text          0x00000000c0018310     0x1715 hw/cpu.32
                0x00000000c0018310                CPU::close(int, int, void*)
                0x00000000c0018314                CPU::lookupAMDName(unsigned char, unsigned char)
                0x00000000c00184a8                CPU::lookupIntelName(unsigned char, unsigned char)
                0x00000000c0018756                CPU::AMD_K6_write_msr(unsigned int, unsigned int, unsigned int, CPU::REGS*)
                0x00000000c0018772                CPU::AMD_K6_read_msr(unsigned int, CPU::REGS*)
                0x00000000c001878a                CPU::AMD_K6_writeback(int, int, int)
                0x00000000c00187fe                CPU::cpuid(int, unsigned long*, unsigned long*, unsigned long*, unsigned long*)
                0x00000000c0018882                CPU::cpuidCheckEDX(unsigned int)
                0x00000000c00188b0                CPU::cpuidCheckECX(unsigned int)
                0x00000000c00188de                CPU::cpuidCheckExtendedEBX(unsigned int)
                0x00000000c001890c                CPU::cpuidCheckExtendedECX(unsigned int)
                0x00000000c001893a                CPU::CPU()
                0x00000000c001893a                CPU::CPU()
                0x00000000c00189c8                CPU::displayFeatures()
                0x00000000c0018c44                CPU::detectFeatures()
                0x00000000c0019634                CPU::setupSMEP()
                0x00000000c0019640                CPU::setupUMIP()
                0x00000000c001964a                CPU::setupTSC()
                0x00000000c0019654                CPU::setupLargePages()
                0x00000000c001965e                CPU::setupPAT()
                0x00000000c001969a                CPU::setupMTRR()
                0x00000000c001969c                CPU::setupGlobalPages()
                0x00000000c00196a6                CPU::allowUsermodeDataAccess()
                0x00000000c00196b8                CPU::prohibitUsermodeDataAccess()
                0x00000000c00196ca                CPU::setupSMAP()
                0x00000000c00196d8                CPU::setupFeatures()
                0x00000000c0019758                CPU::open(int, int, void*)
                0x00000000c001982a                CPU::decodeAddress(regs*, int*, bool*, unsigned char*)
 .text          0x00000000c0019a25        0x0 hw/ports.32
 .text          0x00000000c0019a25       0x36 hw/smp.32
                0x00000000c0019a25                Krnl::startCPU(int)
 *fill*         0x00000000c0019a5b        0x1 
 .text          0x00000000c0019a5c      0x5d3 krnl/env.32
                0x00000000c0019a5c                EnvVarContainer::getEnv(char const*)
                0x00000000c0019a9a                EnvVarContainer::setEnv(char const*, char const*)
                0x00000000c0019b66                EnvVarContainer::deleteEnv(char const*)
                0x00000000c0019b68                EnvVarContainer::loadFrom(char const*, char const*)
                0x00000000c0019d5e                EnvVarContainer::__loadSystem()
                0x00000000c0019d78                EnvVarContainer::__loadUser()
                0x00000000c0019d7a                EnvVarContainer::EnvVarContainer(Process*)
                0x00000000c0019d7a                EnvVarContainer::EnvVarContainer(Process*)
                0x00000000c0019d9c                EnvVarContainer::~EnvVarContainer()
                0x00000000c0019d9c                EnvVarContainer::~EnvVarContainer()
                0x00000000c0019dcc                Krnl::getEnv(Process*, char const*)
                0x00000000c0019e31                Krnl::setEnvSystem(char const*, char const*)
                0x00000000c0019e4b                Krnl::setEnvUser(char const*, char const*)
                0x00000000c0019e6a                Krnl::setEnvProcess(Process*, char const*, char const*)
                0x00000000c0019e7d                Krnl::deleteEnvSystem(char const*)
                0x00000000c0019e7e                Krnl::deleteEnvUser(char const*)
                0x00000000c0019e7f                Krnl::deleteEnvProcess(Process*, char const*)
                0x00000000c0019e80                Krnl::newProcessEnv(Process*)
                0x00000000c0019ea2                Krnl::copyProcessEnv(Process*, Process*)
                0x00000000c0019ef6                Krnl::loadSystemEnv()
                0x00000000c0019f24                Krnl::loadUserEnv()
                0x00000000c0019f4a                Krnl::flushEnv()
                0x00000000c0019f4b                Krnl::getProcessTotalEnvCount(Process*)
                0x00000000c0019f6b                Krnl::getProcessEnvPair(Process*, int)
 .text          0x00000000c001a02f      0x396 krnl/panic.32
                0x00000000c001a02f                Krnl::panic(char const*)
 .text          0x00000000c001a3c5      0x3b6 net/ethernet.32
                0x00000000c001a3c5                Net::switchEndian16(unsigned short)
                0x00000000c001a3e6                Net::switchEndian32(unsigned int)
                0x00000000c001a415                Net::crc32Calc(unsigned char*, int)
                0x00000000c001a4a6                Net::wrapEthernetFrame(Net::UnwrappedEthernetFrame, unsigned char*)
                0x00000000c001a5e2                Net::unwrapEthernetFrame(unsigned char*, int)
 .text          0x00000000c001a77b      0x513 reg/registry.32
                0x00000000c001a77b                Reg::findLineFromLoadedData(char*, char*, char*)
                0x00000000c001a8d3                Reg::getLineFromRegistry(char*, char*, char*, char*)
                0x00000000c001aa28                Reg::getLine(char*, char*, char*)
                0x00000000c001aa5f                Reg::readInt(char*, char*, int*)
                0x00000000c001ab4a                Reg::readString(char*, char*, char*, int)
                0x00000000c001abcb                Reg::readBool(char*, char*, bool*)
                0x00000000c001abf0                Reg::readBoolWithDefault(char*, char*, bool)
                0x00000000c001ac1c                Reg::readIntWithDefault(char*, char*, int)
                0x00000000c001ac48                Reg::readStringWithDefault(char*, char*, char*, int, char*)
 .text          0x00000000c001ac8e       0x36 sys/sc_eject.32
                0x00000000c001ac8e                Sys::eject(regs*)
 .text          0x00000000c001acc4       0x18 sys/sc_exit.32
                0x00000000c001acc4                Sys::exit(regs*)
 .text          0x00000000c001acdc       0x1f sys/sc_getcwd.32
                0x00000000c001acdc                Sys::getCwd(regs*)
 .text          0x00000000c001acfb        0xc sys/sc_getpid.32
                0x00000000c001acfb                Sys::getPID(regs*)
 .text          0x00000000c001ad07       0xa8 sys/sc_loaddll.32
                0x00000000c001ad07                Sys::loadDLL(regs*)
 .text          0x00000000c001adaf       0x68 sys/sc_read.32
                0x00000000c001adaf                Sys::read(regs*)
 .text          0x00000000c001ae17       0x55 sys/sc_sbrk.32
                0x00000000c001ae17                Sys::sbrk(regs*)
 .text          0x00000000c001ae6c       0x1c sys/sc_setcwd.32
                0x00000000c001ae6c                Sys::setCwd(regs*)
 .text          0x00000000c001ae88      0x128 sys/sc_settime.32
                0x00000000c001ae88                Sys::setTime(regs*)
 .text          0x00000000c001afb0       0x4a sys/sc_timezone.32
                0x00000000c001afb0                Sys::timezone(regs*)
 .text          0x00000000c001affa       0x68 sys/sc_write.32
                0x00000000c001affa                Sys::write(regs*)
 .text          0x00000000c001b062       0x3b sys/sc_yield.32
                0x00000000c001b062                Sys::yield(regs*)
 .text          0x00000000c001b09d     0x1028 sys/syscalls.32
                0x00000000c001b09d                sysCallSeekDir(regs*)
                0x00000000c001b0a2                sysCallTellDir(regs*)
                0x00000000c001b0a7                sysCallVerify(regs*)
                0x00000000c001b0b1                sysCallGetArgc(regs*)
                0x00000000c001b0c1                sysFormatDisk(regs*)
                0x00000000c001b12b                sysSetDiskVolumeLabel(regs*)
                0x00000000c001b171                sysGetDiskVolumeLabel(regs*)
                0x00000000c001b1c2                sysShutdown(regs*)
                0x00000000c001b220                sysCallRealpath(regs*)
                0x00000000c001b263                sysCallReadDir(regs*)
                0x00000000c001b2f1                sysCallIsATTY(regs*)
                0x00000000c001b34b                sysCallSeek(regs*)
                0x00000000c001b3b4                sysCallTell(regs*)
                0x00000000c001b431                sysCallSize(regs*)
                0x00000000c001b4b4                sysCallSizeFromFilename(regs*)
                0x00000000c001b574                sysCallClose(regs*)
                0x00000000c001b5fc                sysCallOpenDir(regs*)
                0x00000000c001b671                sysCallCloseDir(regs*)
                0x00000000c001b6d7                sysCallMakeDir(regs*)
                0x00000000c001b747                sysCallWait(regs*)
                0x00000000c001b761                sysCallNotImpl(regs*)
                0x00000000c001b77c                sysPanic(regs*)
                0x00000000c001b7a2                sysCallRmdir(regs*)
                0x00000000c001b806                sysCallUnlink(regs*)
                0x00000000c001b86a                sysCallGetArgv(regs*)
                0x00000000c001b8b6                sysCallTTYName(regs*)
                0x00000000c001b939                sysCallUSleep(regs*)
                0x00000000c001b960                sysCallSpawn(regs*)
                0x00000000c001b9b8                sysCallGetEnv(regs*)
                0x00000000c001ba65                sysAppSettings(regs*)
                0x00000000c001bb84                sysSetFatAttrib(regs*)
                0x00000000c001bbf6                sysPipe(regs*)
                0x00000000c001bc3b                sysGetUnixTime(regs*)
                0x00000000c001bc4f                string_ends_with(char const*, char const*)
                0x00000000c001bc97                sysCallOpen(regs*)
                0x00000000c001beac                Sys::loadSyscalls()
                0x00000000c001c083                Sys::systemCall(regs*, void*)
 .text          0x00000000c001c0c5     0x11bf thr/elf.32
                0x00000000c001c0c5                Thr::allocateMemoryForTask(Process*, File*, unsigned long, unsigned long, unsigned long)
                0x00000000c001c342                Thr::loadProgramIntoMemory(Process*, char const*)
                0x00000000c001c558                Thr::runtimeReferenceHelper()
                0x00000000c001c56b                Thr::getAddressOfKernelSymbol(char const*)
                0x00000000c001c5ba                Thr::loadKernelSymbolTable(char const*)
                0x00000000c001c878                Thr::loadDriverIntoMemory(char const*, unsigned long, bool)
                0x00000000c001cf94                Thr::getDriverBaseFromAddress(unsigned long)
                0x00000000c001cfc6                Thr::getDriverNameFromAddress(unsigned long)
                0x00000000c001cffd                Thr::getDriverOffsetFromAddress(unsigned long)
                0x00000000c001d017                Thr::loadDLL(char const*, bool)
                0x00000000c001d24b                Thr::executeDLL(unsigned long, void*)
 .text          0x00000000c001d284     0x1056 thr/prcssthr.32
                0x00000000c001d284                changeTSS
                0x00000000c001d2b4                Process::addArgs(char**)
                0x00000000c001d30e                Process::Process(char const*, Process*, char**)
                0x00000000c001d30e                Process::Process(char const*, Process*, char**)
                0x00000000c001d4f2                Process::Process(bool, char const*, Process*, char**)
                0x00000000c001d4f2                Process::Process(bool, char const*, Process*, char**)
                0x00000000c001d6a1                disableIRQs()
                0x00000000c001d6a9                getIRQNestingLevel()
                0x00000000c001d6af                enableIRQs()
                0x00000000c001d6be                lockScheduler()
                0x00000000c001d6c0                unlockScheduler()
                0x00000000c001d6c2                userModeEntryPoint(void*)
                0x00000000c001d6e5                lockStuff()
                0x00000000c001d6f1                taskStartupFunction
                0x00000000c001d6fa                updateTimeUsed()
                0x00000000c001d75f                switchToThread(ThreadControlBlock*)
                0x00000000c001d7b0                Semaphore::Semaphore(int)
                0x00000000c001d7b0                Semaphore::Semaphore(int)
                0x00000000c001d7de                Mutex::Mutex()
                0x00000000c001d7de                Mutex::Mutex()
                0x00000000c001d7f0                Process::createThread(void (*)(void*), void*, int)
                0x00000000c001d8d4                Process::createUserThread()
                0x00000000c001d8f0                setupMultitasking(void (*)())
                0x00000000c001d9fa                schedule()
                0x00000000c001da7f                unlockStuff()
                0x00000000c001dab4                Semaphore::tryAcquire()
                0x00000000c001dae2                Semaphore::assertLocked(char const*)
                0x00000000c001db12                blockTaskWithSchedulerLockAlreadyHeld(TaskState)
                0x00000000c001db54                blockTask(TaskState)
                0x00000000c001db75                waitTask(int, int*, int)
                0x00000000c001dbb7                nanoSleepUntil(unsigned long long)
                0x00000000c001dc0e                nanoSleep(unsigned long long)
                0x00000000c001dc23                sleep(unsigned long long)
                0x00000000c001dc40                Semaphore::acquire()
                0x00000000c001dca8                taskReturned
                0x00000000c001dcd6                unblockTask(ThreadControlBlock*)
                0x00000000c001dd85                cleanupTerminatedTask(ThreadControlBlock*)
                0x00000000c001e04e                cleanerTaskFunction(void*)
                0x00000000c001e101                terminateTask(int)
                0x00000000c001e1e1                Thr::terminateFromIRQ(int)
                0x00000000c001e1ee                Semaphore::release()
 .text          0x00000000c001e2da      0xc26 vm86/vm8086.32
                0x00000000c001e2da                Vm::inbv(unsigned short)
                0x00000000c001e2ed                Vm::outbv(unsigned short, unsigned char)
                0x00000000c001e340                Vm::realToLinear(unsigned short, unsigned short)
                0x00000000c001e350                Vm::getSegment(unsigned int)
                0x00000000c001e358                Vm::getOffset(unsigned int)
                0x00000000c001e35d                Vm::mainloop2()
                0x00000000c001e398                Vm::mainVm8086Loop(void*)
                0x00000000c001e3a5                Vm::mainloop3(unsigned long)
                0x00000000c001e3cf                Vm::initialise8086()
                0x00000000c001e412                Vm::finish8086()
                0x00000000c001e457                Vm::getOutput8086(unsigned char*)
                0x00000000c001e481                Vm::start8086(char const*, unsigned short, unsigned short, unsigned short, unsigned short)
                0x00000000c001e5d1                Vm::doISR(regs*, int, unsigned char*, unsigned short, unsigned short)
                0x00000000c001e65b                Vm::readByteFromReal(unsigned short, unsigned short)
                0x00000000c001e66c                Vm::readWordFromReal(unsigned short, unsigned short)
                0x00000000c001e67e                Vm::readDwordFromReal(unsigned short, unsigned short)
                0x00000000c001e68f                Vm::writeByteFromReal(unsigned short, unsigned short, unsigned char)
                0x00000000c001e6a4                Vm::writeWordFromReal(unsigned short, unsigned short, unsigned short)
                0x00000000c001e6ba                Vm::writeDwordFromReal(unsigned short, unsigned short, unsigned int)
                0x00000000c001e6cf                Vm::faultHandler(regs*)
 .text          0x00000000c001ef00      0xefd vm86/x87em.32
                0x00000000c001ef00                Vm::fpuInternalTo32(unsigned long long)
                0x00000000c001ef5b                Vm::fpuInternalTo64(unsigned long long)
                0x00000000c001ef64                Vm::fpu32ToInternal(unsigned int)
                0x00000000c001efa9                Vm::fpu64ToInternal(unsigned long long)
                0x00000000c001efb2                Vm::fpuFloatToLong(unsigned long long)
                0x00000000c001f00d                Vm::fpuULongToFloat(unsigned long long)
                0x00000000c001f043                Vm::fpuLongToFloat(long long)
                0x00000000c001f099                Vm::fpuGet0()
                0x00000000c001f09e                Vm::fpuGet1()
                0x00000000c001f0a6                Vm::fpuGetPi()
                0x00000000c001f0ae                Vm::fpuGetLog2E()
                0x00000000c001f0c6                Vm::fpuGetLogE2()
                0x00000000c001f0de                Vm::fpuGetLog210()
                0x00000000c001f0f6                Vm::fpuGetLog102()
                0x00000000c001f10e                Vm::fpuIsSecondLarger(unsigned long long, unsigned long long)
                0x00000000c001f122                Vm::fpuAreEqual(unsigned long long, unsigned long long)
                0x00000000c001f138                Vm::fpuUnorderedCompare(unsigned long long, unsigned long long)
                0x00000000c001f18b                Vm::fpuAdd(unsigned long long, unsigned long long)
                0x00000000c001f19c                Vm::fpuAbs(unsigned long long)
                0x00000000c001f1a5                Vm::fpuChs(unsigned long long)
                0x00000000c001f1b5                Vm::fpuSub(unsigned long long, unsigned long long)
                0x00000000c001f1c4                Vm::fpuMultiply(unsigned long long, unsigned long long)
                0x00000000c001f1e3                Vm::fpuDivide(unsigned long long, unsigned long long)
                0x00000000c001f1ff                Vm::fpuSquare(unsigned long long)
                0x00000000c001f215                Vm::fpuGetReg(int)
                0x00000000c001f258                Vm::fpuSetReg(int, unsigned long long)
                0x00000000c001f2a3                Vm::fpuPush(unsigned long long)
                0x00000000c001f300                Vm::fpuPop()
                0x00000000c001f352                Vm::x87Handler(regs*)
 *fill*         0x00000000c001fdfd        0x1 
 .text          0x00000000c001fdfe     0x10ed fs/fat/vfslink.32
                0x00000000c001fdfe                FAT::getName()
                0x00000000c001fe04                FAT::tell(void*, unsigned long long*)
                0x00000000c001fe38                FAT::stat(void*, unsigned long long*)
                0x00000000c001fe6c                FAT::~FAT()
                0x00000000c001fe6c                FAT::~FAT()
                0x00000000c001fe90                FAT::~FAT()
                0x00000000c001feb8                FAT::getlabel(LogicalDisk*, int, char*, unsigned int*)
                0x00000000c001ff56                FAT::setlabel(LogicalDisk*, int, char*)
                0x00000000c0020010                FAT::format(LogicalDisk*, int, char const*, int)
                0x00000000c00201f4                FAT::tryMount(LogicalDisk*, int)
                0x00000000c00203fa                FAT::readDir(void*, unsigned long, void*, int*)
                0x00000000c0020500                FAT::read(void*, unsigned long, void*, int*)
                0x00000000c002055a                FAT::write(void*, unsigned long, void*, int*)
                0x00000000c00205b4                FAT::close(void*)
                0x00000000c0020600                FAT::closeDir(void*)
                0x00000000c002064c                FAT::seek(void*, unsigned long long)
                0x00000000c00206a0                fatWrapperReadDisk
                0x00000000c00206e7                fatWrapperWriteDisk
                0x00000000c002072e                fatWrapperIoctl
                0x00000000c0020832                FAT::FAT()
                0x00000000c0020832                FAT::FAT()
                0x00000000c0020884                FAT::fixFilepath(char*)
                0x00000000c00208bc                FAT::open(char const*, void**, FileOpenMode)
                0x00000000c00209e4                FAT::openDir(char const*, void**)
                0x00000000c0020a8a                FAT::stat(char const*, unsigned long long*, bool*)
                0x00000000c0020b74                FAT::unlink(char const*)
                0x00000000c0020bee                FAT::chfatattr(char const*, unsigned char, unsigned char)
                0x00000000c0020d42                FAT::rename(char const*, char const*)
                0x00000000c0020e06                FAT::mkdir(char const*)
                0x00000000c0020e80                FAT::exists(char const*)
 *fill*         0x00000000c0020eeb        0x1 
 .text          0x00000000c0020eec      0xbc1 fs/iso9660/vfslink.32
                0x00000000c0020eec                ISO9660::format(LogicalDisk*, int, char const*, int)
                0x00000000c0020ef2                ISO9660::seek(void*, unsigned long long)
                0x00000000c0020f22                ISO9660::tell(void*, unsigned long long*)
                0x00000000c0020f46                ISO9660::getName()
                0x00000000c0020f4c                ISO9660::stat(void*, unsigned long long*)
                0x00000000c0020f70                ISO9660::chfatattr(char const*, unsigned char, unsigned char)
                0x00000000c0020f76                ISO9660::unlink(char const*)
                0x00000000c0020f7c                ISO9660::write(void*, unsigned long, void*, int*)
                0x00000000c0020f82                ISO9660::rename(char const*, char const*)
                0x00000000c0020f88                ISO9660::mkdir(char const*)
                0x00000000c0020f8e                ISO9660::close(void*)
                0x00000000c0020fb0                ISO9660::closeDir(void*)
                0x00000000c0020fd2                ISO9660::~ISO9660()
                0x00000000c0020fd2                ISO9660::~ISO9660()
                0x00000000c0020ff6                ISO9660::~ISO9660()
                0x00000000c002101d                __memmem(unsigned char*, int, unsigned char*, int)
                0x00000000c002105f                readSectorFromCDROM(unsigned int, unsigned char*, char)
                0x00000000c00210c6                ISO9660::tryMount(LogicalDisk*, int)
                0x00000000c0021116                ISO9660::read(void*, unsigned long, void*, int*)
                0x00000000c0021316                ISO9660::readDir(void*, unsigned long, void*, int*)
                0x00000000c00215a3                readRoot(unsigned int*, unsigned int*, char)
                0x00000000c00215f8                readRecursively(char*, unsigned int, unsigned int, unsigned int*, unsigned int*, char, int*)
                0x00000000c00217cb                getFileData(char*, unsigned int*, unsigned int*, char, int*)
                0x00000000c002185a                ISO9660::open(char const*, void**, FileOpenMode)
                0x00000000c002191a                ISO9660::exists(char const*)
                0x00000000c002193e                ISO9660::stat(char const*, unsigned long long*, bool*)
                0x00000000c00219d2                ISO9660::openDir(char const*, void**)
                0x00000000c0021a8a                ISO9660::ISO9660()
                0x00000000c0021a8a                ISO9660::ISO9660()
 *fill*         0x00000000c0021aad        0x1 
 .text          0x00000000c0021aae      0x326 hal/sound/sndchannel.32
                0x00000000c0021aae                SoundChannel::~SoundChannel()
                0x00000000c0021aae                SoundChannel::~SoundChannel()
                0x00000000c0021aca                SoundChannel::setSpeed(float)
                0x00000000c0021ad6                SoundChannel::getSpeed()
                0x00000000c0021ade                SoundChannel::setVolume(int)
                0x00000000c0021afa                SoundChannel::getVolume()
                0x00000000c0021b02                SoundChannel::pause()
                0x00000000c0021b0c                SoundChannel::SoundChannel(int, int, int, int)
                0x00000000c0021b0c                SoundChannel::SoundChannel(int, int, int, int)
                0x00000000c0021c62                SoundChannel::play()
                0x00000000c0021c6c                SoundChannel::paused()
                0x00000000c0021c74                SoundChannel::getSampleRate()
                0x00000000c0021c7c                SoundChannel::getBits()
                0x00000000c0021c84                SoundChannel::getBufferUsed()
                0x00000000c0021c8c                SoundChannel::getBufferSize()
                0x00000000c0021c94                SoundChannel::unbuffer(float*, int, int)
                0x00000000c0021d34                SoundChannel::buffer8(unsigned char*, int)
 .text          0x00000000c0021dd4      0x3d5 hal/sound/sndhw.32
                0x00000000c0021dd4                SoundDevice::SoundDevice(char const*)
                0x00000000c0021dd4                SoundDevice::SoundDevice(char const*)
                0x00000000c0021e40                SoundDevice::~SoundDevice()
                0x00000000c0021e40                SoundDevice::~SoundDevice()
                0x00000000c0021eba                SoundDevice::~SoundDevice()
                0x00000000c0021ee4                SoundDevice::getFreeChannelNum()
                0x00000000c0021efe                SoundDevice::addChannel(SoundChannel*)
                0x00000000c0021f6e                SoundDevice::removeChannel(int)
                0x00000000c0021fa0                SoundDevice::floatTo8(float*, unsigned char*, int)
                0x00000000c0022088                SoundDevice::getAudio(int, float*, float*)
 .text          0x00000000c00221a9        0x0 hw/bus/isa.32
 *fill*         0x00000000c00221a9        0x1 
 .text          0x00000000c00221aa      0x6c3 hw/bus/pci.32
                0x00000000c00221aa                PCI::open(int, int, void*)
                0x00000000c00221be                PCI::close(int, int, void*)
                0x00000000c00221c2                PCI::PCI()
                0x00000000c00221c2                PCI::PCI()
                0x00000000c0022242                PCI::pciReadWord(unsigned char, unsigned char, unsigned char, unsigned char)
                0x00000000c002228a                PCI::getVendorID(unsigned char, unsigned char, unsigned char)
                0x00000000c00222ac                PCI::getHeaderType(unsigned char, unsigned char, unsigned char)
                0x00000000c00222d0                PCI::getClassCode(unsigned char, unsigned char, unsigned char)
                0x00000000c0022314                PCI::getProgIF(unsigned char, unsigned char, unsigned char)
                0x00000000c0022338                PCI::getRevisionID(unsigned char, unsigned char, unsigned char)
                0x00000000c002235a                PCI::getInterruptNumber(unsigned char, unsigned char, unsigned char)
                0x00000000c002237c                PCI::getSecondaryBus(unsigned char, unsigned char, unsigned char)
                0x00000000c00223a0                PCI::getBARAddress(unsigned char, unsigned char, unsigned char, unsigned char)
                0x00000000c0022400                PCI::pciWriteWord(unsigned char, unsigned char, unsigned char, unsigned char, unsigned short)
                0x00000000c002246c                PCI::checkBus(unsigned char)
                0x00000000c0022490                PCI::foundDevice(PCIDeviceInfo)
                0x00000000c0022602                PCI::getDeviceData(unsigned char, unsigned char, unsigned char)
                0x00000000c00227ae                PCI::checkDevice(unsigned char, unsigned char)
                0x00000000c002281a                PCI::detect()
 *fill*         0x00000000c002286d        0x1 
 .text          0x00000000c002286e      0xc70 hw/diskctrl/ide.32
                0x00000000c002286e                IDE::close(int, int, void*)
                0x00000000c0022872                IDE::IDE()
                0x00000000c0022872                IDE::IDE()
                0x00000000c00228a6                IDE::prepareInterrupt(unsigned char)
                0x00000000c00228b8                selectDrive(unsigned char, unsigned char)
                0x00000000c00228ba                IDE::getBase(unsigned char)
                0x00000000c00228cc                IDE::write(unsigned char, unsigned char, unsigned char)
                0x00000000c002298c                IDE::read(unsigned char, unsigned char)
                0x00000000c0022a3a                IDE::waitInterrupt(unsigned char)
                0x00000000c0022aa0                ideChannel0IRQHandler(regs*, void*)
                0x00000000c0022abc                ideChannel1IRQHandler(regs*, void*)
                0x00000000c0022ad8                IDE::enableIRQs(unsigned char, bool)
                0x00000000c0022b1e                IDE::open(int, int, void*)
                0x00000000c0022f2e                IDE::readBuffer(unsigned char, unsigned char, unsigned int, unsigned int)
                0x00000000c0022ffa                IDE::detect()
                0x00000000c00232e2                IDE::printError(unsigned char, unsigned char, unsigned char)
                0x00000000c0023478                IDE::polling(unsigned char, unsigned int)
 .text          0x00000000c00234de      0x390 hw/diskctrl/satabus.32
                0x00000000c00234de                SATABus::close(int, int, void*)
                0x00000000c00234e2                SATABus::detect()
                0x00000000c00234e4                SATABus::SATABus()
                0x00000000c00234e4                SATABus::SATABus()
                0x00000000c0023590                SATABus::findCmdslot(SATABus::tagHBA_PORT volatile*)
                0x00000000c00235d8                SATABus::checkType(SATABus::tagHBA_PORT volatile*)
                0x00000000c0023620                SATABus::startCmd(SATABus::tagHBA_PORT volatile*)
                0x00000000c0023640                SATABus::stopCmd(SATABus::tagHBA_PORT volatile*)
                0x00000000c002366a                SATABus::portRebase(SATABus::tagHBA_PORT volatile*, int)
                0x00000000c0023770                SATABus::probePort(SATABus::tagHBA_MEM volatile*)
                0x00000000c002384e                SATABus::open(int, int, void*)
 .text          0x00000000c002386e      0x63c hw/diskphys/ata.32
                0x00000000c002386e                ATA::close(int, int, void*)
                0x00000000c0023892                ATA::powerSaving(PowerSavingLevel)
                0x00000000c0023894                ATA::ATA()
                0x00000000c0023894                ATA::ATA()
                0x00000000c00238c2                ATA::flush(bool)
                0x00000000c002390c                ATA::readyForCommand()
                0x00000000c002395c                ATA::access(unsigned long long, int, void*, bool)
                0x00000000c0023ce4                ATA::read(unsigned long long, int, void*)
                0x00000000c0023d4c                ATA::write(unsigned long long, int, void*)
                0x00000000c0023db4                ATA::detectCHS()
                0x00000000c0023dde                ATA::open(int, int, void*)
 .text          0x00000000c0023eaa      0x5bd hw/diskphys/atapi.32
                0x00000000c0023eaa                ATAPI::write(unsigned long long, int, void*)
                0x00000000c0023eb0                ATAPI::close(int, int, void*)
                0x00000000c0023ed4                ATAPI::ATAPI()
                0x00000000c0023ed4                ATAPI::ATAPI()
                0x00000000c0023f02                ATAPI::readyForCommand()
                0x00000000c0023f52                ATAPI::sendPacket(unsigned char*, int, bool, unsigned short*, int)
                0x00000000c0024212                ATAPI::diskRemoved()
                0x00000000c002422e                ATAPI::eject()
                0x00000000c0024276                ATAPI::diskInserted()
                0x00000000c00242a4                ATAPI::detectMedia()
                0x00000000c0024360                ATAPI::open(int, int, void*)
                0x00000000c00243e8                ATAPI::read(unsigned long long, int, void*)
 *fill*         0x00000000c0024467        0x1 
 .text          0x00000000c0024468      0x455 hw/diskphys/sata.32
                0x00000000c0024468                SATA::close(int, int, void*)
                0x00000000c002448c                SATA::powerSaving(PowerSavingLevel)
                0x00000000c002448e                SATA::open(int, int, void*)
                0x00000000c002453c                SATA::SATA()
                0x00000000c002453c                SATA::SATA()
                0x00000000c002456a                SATA::access(unsigned long long, int, void*, bool)
                0x00000000c00247d0                SATA::read(unsigned long long, int, void*)
                0x00000000c0024838                SATA::write(unsigned long long, int, void*)
 *fill*         0x00000000c00248bd        0x1 
 .text          0x00000000c00248be      0x500 hw/diskphys/satapi.32
                0x00000000c00248be                SATAPI::write(unsigned long long, int, void*)
                0x00000000c00248c4                SATAPI::close(int, int, void*)
                0x00000000c00248e8                SATAPI::SATAPI()
                0x00000000c00248e8                SATAPI::SATAPI()
                0x00000000c0024916                SATAPI::diskRemoved()
                0x00000000c0024932                SATAPI::diskInserted()
                0x00000000c0024960                SATAPI::sendPacket(unsigned char*, int, unsigned long long, unsigned short*, int)
                0x00000000c0024b64                SATAPI::eject()
                0x00000000c0024bac                SATAPI::detectMedia()
                0x00000000c0024c6e                SATAPI::open(int, int, void*)
                0x00000000c0024d1c                SATAPI::read(unsigned long long, int, void*)
 .text          0x00000000c0024dbe       0x8e hw/fpu/avx.32
                0x00000000c0024dbe                AVX::open(int, int, void*)
                0x00000000c0024dd0                AVX::close(int, int, void*)
                0x00000000c0024de2                AVX::available()
                0x00000000c0024df4                AVX::save(void*)
                0x00000000c0024e0c                AVX::load(void*)
                0x00000000c0024e24                AVX::AVX()
                0x00000000c0024e24                AVX::AVX()
 .text          0x00000000c0024e4c       0x90 hw/fpu/mmx.32
                0x00000000c0024e4c                MMX::available()
                0x00000000c0024e60                MMX::open(int, int, void*)
                0x00000000c0024e72                MMX::close(int, int, void*)
                0x00000000c0024e84                MMX::save(void*)
                0x00000000c0024e9c                MMX::load(void*)
                0x00000000c0024eb4                MMX::MMX()
                0x00000000c0024eb4                MMX::MMX()
 .text          0x00000000c0024edc       0x96 hw/fpu/sse.32
                0x00000000c0024edc                SSE::open(int, int, void*)
                0x00000000c0024eee                SSE::close(int, int, void*)
                0x00000000c0024f00                SSE::available()
                0x00000000c0024f1a                SSE::save(void*)
                0x00000000c0024f32                SSE::load(void*)
                0x00000000c0024f4a                SSE::SSE()
                0x00000000c0024f4a                SSE::SSE()
 .text          0x00000000c0024f72       0x8e hw/fpu/x87.32
                0x00000000c0024f72                x87::open(int, int, void*)
                0x00000000c0024f84                x87::close(int, int, void*)
                0x00000000c0024f96                x87::available()
                0x00000000c0024fa8                x87::save(void*)
                0x00000000c0024fc0                x87::load(void*)
                0x00000000c0024fd8                x87::x87()
                0x00000000c0024fd8                x87::x87()
 .text          0x00000000c0025000      0x71e hw/intctrl/apic.32
                0x00000000c0025000                APIC::disable()
                0x00000000c0025002                APIC::close(int, int, void*)
                0x00000000c0025024                IOAPIC::close(int, int, void*)
                0x00000000c002502a                APIC::io_wait()
                0x00000000c0025030                APIC::getBase()
                0x00000000c0025072                APIC::eoi(unsigned char)
                0x00000000c00250a0                APIC::open(int, int, void*)
                0x00000000c00251ee                IOAPIC::IOAPIC()
                0x00000000c00251ee                IOAPIC::IOAPIC()
                0x00000000c0025216                APIC::APIC()
                0x00000000c0025216                APIC::APIC()
                0x00000000c00252f2                IOAPIC::handlesGSIWithNumber(unsigned int)
                0x00000000c0025324                IOAPIC::read(int)
                0x00000000c002534c                IOAPIC::open(int, int, void*)
                0x00000000c0025442                IOAPIC::write(int, int)
                0x00000000c002546e                IOAPIC::redirect(unsigned char, unsigned long long, unsigned char, bool, bool)
                0x00000000c0025568                APIC::installIRQHandler(int, void (*)(regs*, void*), bool, void*)
 .text          0x00000000c002571e      0x3d3 hw/intctrl/pic.32
                0x00000000c002571e                PIC::disable()
                0x00000000c002574c                PIC::close(int, int, void*)
                0x00000000c002576e                PIC::PIC()
                0x00000000c002576e                PIC::PIC()
                0x00000000c0025844                PIC::ioWait()
                0x00000000c002584a                PIC::getIRQReg(int)
                0x00000000c00258b4                PIC::eoi(unsigned char)
                0x00000000c0025946                PIC::remap()
                0x00000000c0025ab2                PIC::open(int, int, void*)
 *fill*         0x00000000c0025af1        0x1 
 .text          0x00000000c0025af2      0x25e hw/timer/apictimer.32
                0x00000000c0025af2                APICTimer::close(int, int, void*)
                0x00000000c0025af8                apicTimerHandler(regs*, void*)
                0x00000000c0025b26                APICTimer::write(int)
                0x00000000c0025c2a                APICTimer::open(int, int, void*)
                0x00000000c0025d28                APICTimer::APICTimer()
                0x00000000c0025d28                APICTimer::APICTimer()
 .text          0x00000000c0025d50      0x1a7 hw/timer/pit.32
                0x00000000c0025d50                PIT::write(int)
                0x00000000c0025dce                pitHandler(regs*, void*)
                0x00000000c0025dfa                PIT::open(int, int, void*)
                0x00000000c0025e48                PIT::close(int, int, void*)
                0x00000000c0025e78                PIT::PIT()
                0x00000000c0025e78                PIT::PIT()
 *fill*         0x00000000c0025ef7        0x9 
 .text          0x00000000c0025f00       0x1e hw/fpu/x86/avx.32
                0x00000000c0025f00                avxDetect
                0x00000000c0025f06                avxSave
                0x00000000c0025f07                avxLoad
                0x00000000c0025f08                avxInit
                0x00000000c0025f09                avxClose
                0x00000000c0025f0a                wouldSheSayYes
 *fill*         0x00000000c0025f1e        0x2 
 .text          0x00000000c0025f20       0x35 hw/fpu/x86/sse.32
                0x00000000c0025f20                absolutelyNoChanceInHell
                0x00000000c0025f20                sseDetect
                0x00000000c0025f38                sseSave
                0x00000000c0025f3e                sseLoad
                0x00000000c0025f44                sseInit
                0x00000000c0025f54                sseClose
 *fill*         0x00000000c0025f55        0xb 
 .text          0x00000000c0025f60       0x47 hw/fpu/x86/x87.32
                0x00000000c0025f66                x87Detect
                0x00000000c0025f81                x87Save
                0x00000000c0025f87                x87Load
                0x00000000c0025f8c                x87Init
                0x00000000c0025fa6                x87Close
 *fill*         0x00000000c0025fa7        0x1 
 .text          0x00000000c0025fa8       0x25 /cygdrive/d/Users/Alex/Desktop/Toolchain/Output/bin/../lib/gcc/i386-banana/8.1.0/crtend.o
 .text          0x00000000c0025fcd        0x0 crtn.32
 *fill*         0x00000000c0025fcd        0x3 
 .text          0x00000000c0025fd0      0x14b /cygdrive/d/Users/Alex/Desktop/Toolchain/Output/bin/../lib/gcc/i386-banana/8.1.0/libkgcc.a(_divdi3.o)
                0x00000000c0025fd0                __divdi3
 *fill*         0x00000000c002611b        0x1 
 .text          0x00000000c002611c      0x17e /cygdrive/d/Users/Alex/Desktop/Toolchain/Output/bin/../lib/gcc/i386-banana/8.1.0/libkgcc.a(_moddi3.o)
                0x00000000c002611c                __moddi3
 *fill*         0x00000000c002629a        0x2 
 .text          0x00000000c002629c       0xff /cygdrive/d/Users/Alex/Desktop/Toolchain/Output/bin/../lib/gcc/i386-banana/8.1.0/libkgcc.a(_udivdi3.o)
                0x00000000c002629c                __udivdi3
 *fill*         0x00000000c002639b        0x1 
 .text          0x00000000c002639c      0x11a /cygdrive/d/Users/Alex/Desktop/Toolchain/Output/bin/../lib/gcc/i386-banana/8.1.0/libkgcc.a(_umoddi3.o)
                0x00000000c002639c                __umoddi3
 .text          0x00000000c00264b6      0x96d D:/Users/Alex/Desktop/Banana/kernel/libsoftfp.a(sfieeelib.o)
                0x00000000c00264b6                __addsf3
                0x00000000c00267b8                __subsf3
                0x00000000c00267cc                __negsf2
                0x00000000c00267d9                __mulsf3
                0x00000000c002699c                __divsf3
                0x00000000c0026bc7                __floatsisf
                0x00000000c0026c3b                __floatunsisf
                0x00000000c0026c7d                __fixsfsi
                0x00000000c0026cdf                __fixunssfsi
                0x00000000c0026d10                __cmpsf2
                0x00000000c0026da5                __eqsf2
                0x00000000c0026de0                __nesf2
                0x00000000c0026de2                __gtsf2
                0x00000000c0026e1d                __gesf2
                0x00000000c0026e1f                __ltsf2
                0x00000000c0026e21                __lesf2
 .text          0x00000000c0026e23      0xf50 D:/Users/Alex/Desktop/Banana/kernel/libsoftfp.a(dfieeelib.o)
                0x00000000c0026e23                __adddf3
                0x00000000c0027474                __subdf3
                0x00000000c002748f                __negdf2
                0x00000000c00274a0                __muldf3
                0x00000000c0027784                __divdf3
                0x00000000c0027b03                __floatsidf
                0x00000000c0027b5e                __floatunsidf
                0x00000000c0027b9c                __fixdfsi
                0x00000000c0027c09                __fixunsdfsi
                0x00000000c0027c45                __cmpdf2