Archive member included to satisfy reference by file (symbol)

/cygdrive/d/Users/Alex/Desktop/Toolchain/Output/bin/../lib/gcc/i386-banana/8.1.0/libkgcc.a(_divdi3.o)
                              fs/fat/ff.32 (__divdi3)
/cygdrive/d/Users/Alex/Desktop/Toolchain/Output/bin/../lib/gcc/i386-banana/8.1.0/libkgcc.a(_moddi3.o)
                              compat/resolve.32 (__moddi3)
/cygdrive/d/Users/Alex/Desktop/Toolchain/Output/bin/../lib/gcc/i386-banana/8.1.0/libkgcc.a(_udivdi3.o)
                              fs/fat/ff.32 (__udivdi3)
/cygdrive/d/Users/Alex/Desktop/Toolchain/Output/bin/../lib/gcc/i386-banana/8.1.0/libkgcc.a(_umoddi3.o)
                              compat/resolve.32 (__umoddi3)
D:/Users/Alex/Desktop/Banana/kernel/libsoftfp.a(sfieeelib.o)
                              hal/sound/sndhw.32 (__addsf3)
D:/Users/Alex/Desktop/Banana/kernel/libsoftfp.a(dfieeelib.o)
                              hal/libresample/src_linear.32 (__adddf3)
D:/Users/Alex/Desktop/Banana/kernel/libsoftfp.a(sfdfcvt.o)
                              hal/libresample/samplerate.32 (__truncdfsf2)
D:/Users/Alex/Desktop/Banana/kernel/libk/libm32.a(s_fabs.c.o)
                              hal/libresample/samplerate.32 (fabs)
D:/Users/Alex/Desktop/Banana/kernel/libk/libm32.a(s_lrint.S.o)
                              hal/libresample/samplerate.32 (lrint)
D:/Users/Alex/Desktop/Banana/kernel/libk/libm32.a(s_lrintf.S.o)
                              hal/sound/sndhw.32 (lrintf)

Discarded input sections

 .comment       0x0000000000000000       0x12 /cygdrive/d/Users/Alex/Desktop/Toolchain/Output/bin/../lib/gcc/i386-banana/8.1.0/crtbegin.o
 .comment       0x0000000000000000       0x12 acpica/utclib.32
 .comment       0x0000000000000000       0x12 core/malloc.32
 .comment       0x0000000000000000       0x12 libk/string.32
 .comment       0x0000000000000000       0x12 fs/fat/diskio.32
 .comment       0x0000000000000000       0x12 fs/fat/ff.32
 .comment       0x0000000000000000       0x12 fs/fat/ffsystem.32
 .comment       0x0000000000000000       0x12 fs/fat/ffunicode.32
 .comment       0x0000000000000000       0x12 hal/libresample/samplerate.32
 .comment       0x0000000000000000       0x12 hal/libresample/src_linear.32
 .comment       0x0000000000000000       0x12 hal/libresample/src_sinc.32
 .comment       0x0000000000000000       0x12 hal/libresample/src_zoh.32
 .comment       0x0000000000000000       0x12 compat/inlines.32
 .comment       0x0000000000000000       0x12 compat/resolve.32
 .group         0x0000000000000000       0x14 core/computer.32
 .group         0x0000000000000000        0xc core/computer.32
 .comment       0x0000000000000000       0x12 core/computer.32
 .comment       0x0000000000000000       0x12 core/gdt.32
 .group         0x0000000000000000        0xc core/idle.32
 .comment       0x0000000000000000       0x12 core/idle.32
 .comment       0x0000000000000000       0x12 core/idt.32
 .comment       0x0000000000000000       0x12 core/kheap.32
 .comment       0x0000000000000000       0x12 core/main.32
 .comment       0x0000000000000000       0x12 core/physmgr.32
 .group         0x0000000000000000        0xc core/pipe.32
 .comment       0x0000000000000000       0x12 core/pipe.32
 .group         0x0000000000000000        0xc core/terminal.32
 .comment       0x0000000000000000       0x12 core/terminal.32
 .comment       0x0000000000000000       0x12 core/tss.32
 .group         0x0000000000000000        0x8 core/unixfile.32
 .group         0x0000000000000000        0xc core/unixfile.32
 .group         0x0000000000000000        0xc core/unixfile.32
 .group         0x0000000000000000        0x8 core/unixfile.32
 .group         0x0000000000000000        0xc core/unixfile.32
 .group         0x0000000000000000        0x8 core/unixfile.32
 .group         0x0000000000000000        0xc core/unixfile.32
 .group         0x0000000000000000        0xc core/unixfile.32
 .comment       0x0000000000000000       0x12 core/unixfile.32
 .comment       0x0000000000000000       0x12 core/virtmgr.32
 .comment       0x0000000000000000       0x12 coreobjs/c++.32
 .comment       0x0000000000000000       0x12 dbg/kconsole.32
 .group         0x0000000000000000        0xc fs/vfs.32
 .group         0x0000000000000000        0xc fs/vfs.32
 .group         0x0000000000000000        0xc fs/vfs.32
 .comment       0x0000000000000000       0x12 fs/vfs.32
 .group         0x0000000000000000        0xc hal/bus.32
 .comment       0x0000000000000000       0x12 hal/bus.32
 .group         0x0000000000000000        0xc hal/buzzer.32
 .comment       0x0000000000000000       0x12 hal/buzzer.32
 .group         0x0000000000000000        0xc hal/clock.32
 .comment       0x0000000000000000       0x12 hal/clock.32
 .group         0x0000000000000000       0x14 hal/device.32
 .group         0x0000000000000000        0xc hal/device.32
 .group         0x0000000000000000        0xc hal/device.32
 .group         0x0000000000000000        0xc hal/device.32
[...]
Memory Configuration

Name             Origin             Length             Attributes
*default*        0x0000000000000000 0xffffffffffffffff

Linker script and memory map

LOAD D:/Users/Alex/Desktop/Banana/kernel/boot.32
LOAD crti.32
LOAD /cygdrive/d/Users/Alex/Desktop/Toolchain/Output/bin/../lib/gcc/i386-banana/8.1.0/crtbegin.o
LOAD D:/Users/Alex/Desktop/Banana/kernel/morenasm.32
LOAD acpica/utclib.32
LOAD core/malloc.32
LOAD libk/string.32
LOAD fs/fat/diskio.32
LOAD fs/fat/ff.32
LOAD fs/fat/ffsystem.32
LOAD fs/fat/ffunicode.32
LOAD hal/libresample/samplerate.32
LOAD hal/libresample/src_linear.32
LOAD hal/libresample/src_sinc.32
LOAD hal/libresample/src_zoh.32
LOAD compat/inlines.32
LOAD compat/resolve.32
LOAD core/computer.32
LOAD core/gdt.32
LOAD core/idle.32
LOAD core/idt.32
LOAD core/kheap.32
LOAD core/main.32
LOAD core/physmgr.32
LOAD core/pipe.32
LOAD core/terminal.32
LOAD core/tss.32
LOAD core/unixfile.32
LOAD core/virtmgr.32
LOAD coreobjs/c++.32
LOAD dbg/kconsole.32
LOAD fs/vfs.32
LOAD hal/bus.32
LOAD hal/buzzer.32
LOAD hal/clock.32
LOAD hal/device.32
LOAD hal/diskctrl.32
LOAD hal/diskphys.32
LOAD hal/fpu.32
LOAD hal/intctrl.32
LOAD hal/keybrd.32
LOAD hal/logidisk.32
LOAD hal/mouse.32
LOAD hal/partition.32
LOAD hal/serial.32
LOAD hal/timer.32
LOAD hal/vcache.32
LOAD hal/video.32
LOAD hw/acpi.32
LOAD hw/cpu.32
LOAD hw/ports.32
LOAD hw/smp.32
LOAD krnl/env.32
LOAD krnl/panic.32
LOAD net/ethernet.32
LOAD reg/registry.32
LOAD sys/sc_eject.32
LOAD sys/sc_exit.32
LOAD sys/sc_getcwd.32
LOAD sys/sc_getpid.32
LOAD sys/sc_getramdata.32
LOAD sys/sc_loaddll.32
LOAD sys/sc_read.32
LOAD sys/sc_sbrk.32
LOAD sys/sc_setcwd.32
LOAD sys/sc_settime.32
LOAD sys/sc_timezone.32
LOAD sys/sc_write.32
LOAD sys/sc_wsbe.32
LOAD sys/sc_yield.32
LOAD sys/syscalls.32
LOAD thr/elf.32
LOAD thr/prcssthr.32
LOAD vm86/vm8086.32
LOAD vm86/x87em.32
LOAD fs/fat/vfslink.32
LOAD fs/iso9660/vfslink.32
LOAD hal/sound/sndchannel.32
LOAD hal/sound/sndhw.32
LOAD hw/bus/isa.32
LOAD hw/bus/pci.32
LOAD hw/diskctrl/ide.32
LOAD hw/diskctrl/satabus.32
LOAD hw/diskphys/ata.32
LOAD hw/diskphys/atapi.32
LOAD hw/diskphys/sata.32
LOAD hw/diskphys/satapi.32
LOAD hw/fpu/avx.32
LOAD hw/fpu/mmx.32
LOAD hw/fpu/sse.32
LOAD hw/fpu/x87.32
LOAD hw/intctrl/apic.32
LOAD hw/intctrl/pic.32
LOAD hw/timer/apictimer.32
LOAD hw/timer/pit.32
LOAD hw/fpu/x86/avx.32
LOAD hw/fpu/x86/sse.32
LOAD hw/fpu/x86/x87.32
LOAD /cygdrive/d/Users/Alex/Desktop/Toolchain/Output/bin/../lib/gcc/i386-banana/8.1.0/crtend.o
LOAD crtn.32
LOAD /cygdrive/d/Users/Alex/Desktop/Toolchain/Output/bin/../lib/gcc/i386-banana/8.1.0/libkgcc.a
LOAD D:/Users/Alex/Desktop/Banana/kernel/libsoftfp.a
LOAD D:/Users/Alex/Desktop/Banana/kernel/libk/libm32.a
                0x00000000c0000000                . = 0xc0000000

.text           0x00000000c0000000    0x28658
 *(.text)
 .text          0x00000000c0000000       0x41 D:/Users/Alex/Desktop/Banana/kernel/boot.32
                0x00000000c0000020                callGlobalConstructors
 .text          0x00000000c0000041        0x0 crti.32
 *fill*         0x00000000c0000041        0x3 
 .text          0x00000000c0000044      0x101 /cygdrive/d/Users/Alex/Desktop/Toolchain/Output/bin/../lib/gcc/i386-banana/8.1.0/crtbegin.o
 *fill*         0x00000000c0000145        0xb 
 .text          0x00000000c0000150      0x4f5 D:/Users/Alex/Desktop/Banana/kernel/morenasm.32
                0x00000000c0000150                manualPCIProbe
                0x00000000c000019b                prepareTramp
                0x00000000c00001b4                voodooXADD
                0x00000000c000027f                doTPAUSE
                0x00000000c0000289                hasLegacyFPU
                0x00000000c00002ae                is486
                0x00000000c00002e4                detectCPUID
                0x00000000c00002fa                goToVM86
                0x00000000c000032a                goToUsermode
                0x00000000c0000354                switchToThreadASMFirstTime
                0x00000000c0000362                switchToThreadASM
                0x00000000c00003f2                asmQuickAcquireLock
                0x00000000c0000410                asmQuickReleaseLock
                0x00000000c000041c                asmAcquireLock
                0x00000000c000043d                asmReleaseLock
                0x00000000c0000450                loadGDT
                0x00000000c0000470                isr0
                0x00000000c0000480                isr1
                0x00000000c000048a                isr2
                0x00000000c0000494                isr3
                0x00000000c000049e                isr4
                0x00000000c00004a8                isr5
                0x00000000c00004b2                isr6
                0x00000000c00004bc                isr7
                0x00000000c00004c6                isr8
                0x00000000c00004ce                isr9
                0x00000000c00004d8                isr10
                0x00000000c00004e0                isr11
                0x00000000c00004e8                isr12
                0x00000000c00004f0                isr13
                0x00000000c00004f8                isr14
                0x00000000c0000500                isr15
                0x00000000c000050a                isr16
                0x00000000c0000514                isr17
                0x00000000c000051e                isr18
                0x00000000c0000528                irq3
                0x00000000c0000532                irq4
                0x00000000c000053c                irq5
                0x00000000c0000546                irq6
                0x00000000c0000550                irq7
                0x00000000c000055a                irq8
                0x00000000c0000564                irq9
                0x00000000c000056e                irq10
                0x00000000c0000578                irq11
                0x00000000c0000582                irq12
                0x00000000c000058c                irq13
                0x00000000c0000596                irq14
                0x00000000c00005a0                irq15
                0x00000000c00005aa                irq1
                0x00000000c00005b1                irq2
                0x00000000c00005b8                isr96
                0x00000000c00005bf                irq0
                0x00000000c00005c4                int_common_stub
                0x00000000c00005c4                syscall_common_stub
                0x00000000c00005f5                irq16
                0x00000000c00005ff                irq17
                0x00000000c0000609                irq18
                0x00000000c0000613                irq19
                0x00000000c000061d                irq20
                0x00000000c0000627                irq21
                0x00000000c0000631                irq22
                0x00000000c000063b                irq23
 *fill*         0x00000000c0000645        0x3 
 .text          0x00000000c0000648      0x611 acpica/utclib.32
                0x00000000c0000648                memcmp
                0x00000000c0000684                memmove
                0x00000000c000074c                memcpy
                0x00000000c0000780                memset
                0x00000000c000079c                strlen
                0x00000000c00007b4                strpbrk
                0x00000000c00007f0                strtok
                0x00000000c000083c                strcpy
                0x00000000c0000860                strncpy
                0x00000000c00008c8                strcmp
                0x00000000c0000908                strchr
                0x00000000c000092c                strncmp
                0x00000000c000097c                strcat
                0x00000000c00009ac                strncat
                0x00000000c00009e8                strstr
                0x00000000c0000a30                toupper
                0x00000000c0000a44                tolower
                0x00000000c0000a58                simple_strtoul
 .text          0x00000000c0000c59      0xfbf core/malloc.32
                0x00000000c0000dc4                dlfree
                0x00000000c000111f                dlmalloc
                0x00000000c000165c                dlrealloc
                0x00000000c0001811                dlmemalign
                0x00000000c0001934                dlcalloc
                0x00000000c00019ce                dlcfree
                0x00000000c00019d3                dlindependent_calloc
                0x00000000c00019f8                dlindependent_comalloc
                0x00000000c0001a0f                dlvalloc
                0x00000000c0001a3a                dlpvalloc
                0x00000000c0001a70                dlmalloc_trim
                0x00000000c0001a7d                dlmalloc_usable_size
                0x00000000c0001aae                dlmallinfo
                0x00000000c0001b7d                dlmalloc_stats
                0x00000000c0001b8e                dlmallopt
 .text          0x00000000c0001c18        0x0 libk/string.32
 .text          0x00000000c0001c18       0x51 fs/fat/diskio.32
                0x00000000c0001c18                disk_status
                0x00000000c0001c1b                disk_initialize
                0x00000000c0001c1e                disk_read
                0x00000000c0001c34                disk_write
                0x00000000c0001c4a                disk_ioctl
 .text          0x00000000c0001c69     0x6833 fs/fat/ff.32
                0x00000000c0004f37                f_mount
                0x00000000c0004f99                f_open
                0x00000000c00053d5                f_read
                0x00000000c0005655                f_write
                0x00000000c000590f                f_sync
                0x00000000c0005aeb                f_close
                0x00000000c0005b1a                f_lseek
                0x00000000c0005fd1                f_opendir
                0x00000000c00060d3                f_closedir
                0x00000000c00060f5                f_readdir
                0x00000000c0006190                f_stat
                0x00000000c000621f                f_getfree
                0x00000000c00063ea                f_truncate
                0x00000000c00064e2                f_unlink
                0x00000000c0006665                f_mkdir
                0x00000000c0006891                f_rename
                0x00000000c0006b84                f_chmod
                0x00000000c0006c62                f_utime
                0x00000000c0006d40                f_getlabel
                0x00000000c0006f2e                f_setlabel
                0x00000000c000719b                f_forward
                0x00000000c0007379                f_mkfs
 .text          0x00000000c000849c       0x2d fs/fat/ffsystem.32
                0x00000000c000849c                ff_memalloc
                0x00000000c00084b2                ff_memfree
 .text          0x00000000c00084c9      0x253 fs/fat/ffunicode.32
                0x00000000c00084c9                ff_uni2oem
                0x00000000c0008559                ff_oem2uni
                0x00000000c00085c5                ff_wtoupper
 .text          0x00000000c000871c      0x8fb hal/libresample/samplerate.32
                0x00000000c0008760                src_delete
                0x00000000c000879c                src_process
                0x00000000c0008952                src_callback_read
                0x00000000c0008acf                src_set_ratio
                0x00000000c0008b39                src_get_channels
                0x00000000c0008b5b                src_reset
                0x00000000c0008ba7                src_new
                0x00000000c0008c35                src_callback_new
                0x00000000c0008c97                src_get_name
                0x00000000c0008cce                src_get_description
                0x00000000c0008d05                src_get_version
                0x00000000c0008d0b                src_is_valid_ratio
                0x00000000c0008d5f                src_error
                0x00000000c0008d6d                src_strerror
                0x00000000c0008d80                src_simple
                0x00000000c0008dd3                src_short_to_float_array
                0x00000000c0008e38                src_float_to_short_array
                0x00000000c0008ef7                src_int_to_float_array
                0x00000000c0008f5a                src_float_to_int_array
 .text          0x00000000c0009017      0x8cb hal/libresample/src_linear.32
                0x00000000c000983d                linear_get_name
                0x00000000c000984c                linear_get_description
                0x00000000c000985b                linear_set_converter
 .text          0x00000000c00098e2     0x447c hal/libresample/src_sinc.32
                0x00000000c000dc75                sinc_get_name
                0x00000000c000dc88                sinc_get_description
                0x00000000c000dc9b                sinc_set_converter
 .text          0x00000000c000dd5e      0x77c hal/libresample/src_zoh.32
                0x00000000c000e435                zoh_get_name
                0x00000000c000e444                zoh_get_description
                0x00000000c000e453                zoh_set_converter
 .text          0x00000000c000e4da       0x23 compat/inlines.32
                0x00000000c000e4da                CPU::current()
                0x00000000c000e4e7                operator new(unsigned long)
 .text          0x00000000c000e4fd      0x111 compat/resolve.32
                0x00000000c000e4fd                Krnl::resolveCompatibilitySymbol(char*)
 .text          0x00000000c000e60e      0xa17 core/computer.32
                0x00000000c000e60e                Computer::close(int, int, void*)
                0x00000000c000e652                Krnl::firstTask()
                0x00000000c000e742                Computer::Computer()
                0x00000000c000e742                Computer::Computer()
                0x00000000c000e89e                Computer::setBootMessage(char const*)
                0x00000000c000e8a0                Computer::detectFeatures()
                0x00000000c000eaaa                Computer::displayFeatures()
                0x00000000c000edf0                Computer::rdmsr(unsigned int)
                0x00000000c000ee1c                Computer::wrmsr(unsigned int, unsigned long long)
                0x00000000c000ee54                Computer::nmiEnabled()
                0x00000000c000ee60                Computer::readCMOS(unsigned char)
                0x00000000c000ee7a                Computer::enableNMI(bool)
                0x00000000c000ee92                Computer::open(int, int, void*)
                0x00000000c000ef68                Computer::disableNMI()
                0x00000000c000ef76                Computer::writeCMOS(unsigned char, unsigned char)
                0x00000000c000ef94                Computer::handleNMI()
                0x00000000c000effa                Computer::setDiskActivityLight(int, bool)
 *fill*         0x00000000c000f025        0x1 
 .text          0x00000000c000f026      0x1b7 core/gdt.32
                0x00000000c000f026                GDTEntry::setBase(unsigned int)
                0x00000000c000f042                GDTEntry::setLimit(unsigned int)
                0x00000000c000f060                GDT::GDT()
                0x00000000c000f060                GDT::GDT()
                0x00000000c000f076                GDT::addEntry(GDTEntry)
                0x00000000c000f0b2                GDT::getNumberOfEntries()
                0x00000000c000f0ba                GDT::flush()
                0x00000000c000f0dc                GDT::setup()
 .text          0x00000000c000f1dd       0x62 core/idle.32
                0x00000000c000f1dd                idleFunction(void*)
 *fill*         0x00000000c000f23f        0x1 
 .text          0x00000000c000f240      0x45f core/idt.32
                0x00000000c000f240                IDTEntry::IDTEntry(bool)
                0x00000000c000f240                IDTEntry::IDTEntry(bool)
                0x00000000c000f2ae                IDTEntry::setOffset(unsigned int)
                0x00000000c000f2c2                IDT::IDT()
                0x00000000c000f2c2                IDT::IDT()
                0x00000000c000f2c4                IDT::getPointerToInvalidOpcodeEntryForF00F()
                0x00000000c000f2cc                IDT::addEntry(IDTEntry, int)
                0x00000000c000f2e6                IDT::addEntry(int, void (*)(), bool)
                0x00000000c000f31e                IDT::flush()
                0x00000000c000f338                IDT::setup()
 .text          0x00000000c000f69f      0x206 core/kheap.32
                0x00000000c000f69f                sbrk
                0x00000000c000f7ad                mmap
                0x00000000c000f7c3                munmap
                0x00000000c000f7d9                liballoc_lock()
                0x00000000c000f7ea                liballoc_unlock()
                0x00000000c000f7fb                liballoc_alloc(int)
                0x00000000c000f819                liballoc_free(void*, int)
                0x00000000c000f837                realloc
                0x00000000c000f84b                malloc
                0x00000000c000f85b                free
                0x00000000c000f86b                rfree
                0x00000000c000f87b                calloc
 .text          0x00000000c000f8a5      0x485 core/main.32
                0x00000000c000f8a5                hwTextMode_loadInData(VgaText*)
                0x00000000c000f8f0                hwTextMode_loadInTitle(VgaText*, char*)
                0x00000000c000f96e                hwTextMode_showCursor(VgaText*, bool)
                0x00000000c000f9cc                hwTextMode_update(VgaText*)
                0x00000000c000f9cd                hwTextMode_updateCursor(VgaText*)
                0x00000000c000fa1e                hwTextMode_disableBlink(VgaText*, bool)
                0x00000000c000fa64                hwTextMode_scrollScreen(VgaText*)
                0x00000000c000fb11                hwTextMode_writeCharacter(VgaText*, char, VgaColour, VgaColour, int, int)
                0x00000000c000fb93                setupTextMode()
                0x00000000c000fc03                kernel_main
 .text          0x00000000c000fd2a      0x56a core/physmgr.32
                0x00000000c000fd2a                Phys::allocateDMA(unsigned long)
                0x00000000c000fdcd                Phys::freeDMA(unsigned long, unsigned long)
                0x00000000c000fe15                Phys::setPageState(unsigned long, bool)
                0x00000000c000fe47                Phys::getPageState(unsigned long)
                0x00000000c000fe63                Phys::freePage(unsigned long)
                0x00000000c000feed                Phys::allocatePage()
                0x00000000c000ffd2                Phys::allocateContiguousPages(int)
                0x00000000c001002c                Phys::allowSegmentToBeUsed(unsigned long, unsigned long)
                0x00000000c0010064                Phys::physicalMemorySetup(unsigned int)
 .text          0x00000000c0010294      0x273 core/pipe.32
                0x00000000c0010294                Pipe::isAtty()
                0x00000000c0010298                Pipe::~Pipe()
                0x00000000c0010298                Pipe::~Pipe()
                0x00000000c00102bc                Pipe::~Pipe()
                0x00000000c00102e4                Pipe::read(unsigned long long, void*, int*)
                0x00000000c00103d8                Pipe::write(unsigned long long, void*, int*)
                0x00000000c00104a0                Pipe::Pipe(int)
                0x00000000c00104a0                Pipe::Pipe(int)
 *fill*         0x00000000c0010507        0x1 
 .text          0x00000000c0010508      0xf73 core/terminal.32
                0x00000000c0010508                VgaText::isAtty()
                0x00000000c001050c                VgaText::~VgaText()
                0x00000000c001050c                VgaText::~VgaText()
                0x00000000c0010530                VgaText::~VgaText()
                0x00000000c001055a                VgaText::read(unsigned long long, void*, int*)
                0x00000000c001057a                setTerminalScrollLock(bool)
                0x00000000c001057b                addToTerminalCycle(VgaText*)
                0x00000000c00105a8                installVgaTextImplementation()
                0x00000000c00105bd                scrollTerminalScrollLock(int)
                0x00000000c00105be                VgaText::load()
                0x00000000c0010612                VgaText::updateCursor()
                0x00000000c001062c                VgaText::showCursor(bool)
                0x00000000c001063c                VgaText::disableBlink(bool)
                0x00000000c0010676                VgaText::doANSI_SGR(int)
                0x00000000c0010702                VgaText::setDefaultBgColour(VgaColour)
                0x00000000c0010718                VgaText::setDefaultFgColour(VgaColour)
                0x00000000c001072e                VgaText::setDefaultColours(VgaColour, VgaColour)
                0x00000000c001074e                VgaText::combineColours(unsigned char, unsigned char)
                0x00000000c0010760                VgaText::scrollScreen()
                0x00000000c00107f4                VgaText::combineCharAndColour(char, unsigned char)
                0x00000000c0010806                VgaText::writeCharacter(char, VgaColour, VgaColour, int, int)
                0x00000000c0010866                VgaText::getCursorX()
                0x00000000c0010872                VgaText::getCursorY()
                0x00000000c001087e                VgaText::setCursor(int, int)
                0x00000000c001089c                VgaText::setCursorX(int)
                0x00000000c00108b8                VgaText::setCursorY(int)
                0x00000000c00108d4                VgaText::incrementCursor(bool)
                0x00000000c001093c                VgaText::updateRAMUsageDisplay(int)
                0x00000000c00109a0                VgaText::updateDiskUsage()
                0x00000000c0010b0a                VgaText::updateTitle()
                0x00000000c0010b50                VgaText::setTitleTextColour(VgaColour)
                0x00000000c0010b60                VgaText::setTitleColour(VgaColour)
                0x00000000c0010b70                VgaText::setTitle(char*)
                0x00000000c0010b96                VgaText::decrementCursor(bool)
                0x00000000c0010bbe                VgaText::putchar(char, VgaColour, VgaColour)
                0x00000000c0010cba                VgaText::isShowingCursor()
                0x00000000c0010cc6                VgaText::isBlinkDisabled()
                0x00000000c0010cd4                VgaText::setCursorHeight(int)
                0x00000000c0010cf2                VgaText::getCursorHeight()
                0x00000000c0010cfd                setActiveTerminal(VgaText*)
                0x00000000c0010daf                doTerminalCycle()
                0x00000000c0010dcc                VgaText::doUpdate()
                0x00000000c0010dde                VgaText::puts(char const*, VgaColour, VgaColour)
                0x00000000c0010f9e                VgaText::clearScreen()
                0x00000000c0011002                VgaText::putchar(char)
                0x00000000c001111c                VgaText::puts(char const*)
                0x00000000c0011142                VgaText::putx(unsigned int)
                0x00000000c0011188                VgaText::VgaText(char const*)
                0x00000000c0011188                VgaText::VgaText(char const*)
                0x00000000c001131a                VgaText::receiveKey(unsigned char)
                0x00000000c0011402                VgaText::write(unsigned long long, void*, int*)
                0x00000000c0011456                newTerminal(char*)
 *fill*         0x00000000c001147b        0x1 
 .text          0x00000000c001147c      0x1b3 core/tss.32
                0x00000000c001147c                TSS::TSS()
                0x00000000c001147c                TSS::TSS()
                0x00000000c001148a                TSS::setESP(unsigned long)
                0x00000000c001149c                TSS::flush()
                0x00000000c00114bc                TSS::setup(unsigned long, unsigned long)
 *fill*         0x00000000c001162f        0x1 
 .text          0x00000000c0011630      0x4c2 core/unixfile.32
                0x00000000c0011630                ReservedFilename::read(unsigned long long, void*, int*)
                0x00000000c0011686                ReservedFilename::isAtty()
                0x00000000c00116a2                ReservedFilename::write(unsigned long long, void*, int*)
                0x00000000c0011700                UnixFile::getFileDescriptor()
                0x00000000c0011708                UnixFile::UnixFile(int)
                0x00000000c0011708                UnixFile::UnixFile(int)
                0x00000000c00118b8                ReservedFilename::ReservedFilename(int)
                0x00000000c00118b8                ReservedFilename::ReservedFilename(int)
                0x00000000c00118ea                UnixFile::~UnixFile()
                0x00000000c00118ea                UnixFile::~UnixFile()
                0x00000000c0011982                UnixFile::~UnixFile()
                0x00000000c00119aa                ReservedFilename::~ReservedFilename()
                0x00000000c00119aa                ReservedFilename::~ReservedFilename()
                0x00000000c00119ce                ReservedFilename::~ReservedFilename()
                0x00000000c00119f5                getFromFileDescriptor(int)
 .text          0x00000000c0011af2     0x1231 core/virtmgr.32
                0x00000000c0011af2                Virt::setPageState(unsigned long, Virt::VirtPageState)
                0x00000000c0011b27                Virt::getPageState(unsigned long)
                0x00000000c0011b4b                Virt::allocateKernelVirtualPages(int)
                0x00000000c0011c5c                Virt::freeSwapfilePage(unsigned long)
                0x00000000c0011c7a                Virt::swapIDToSector(unsigned long)
                0x00000000c0011c8c                Virt::allocateSwapfilePage()
                0x00000000c0011d0a                Virt::virtualMemorySetup()
                0x00000000c0011d89                Virt::swappingSetup()
                0x00000000c0011de6                Virt::getAKernelVAS()
                0x00000000c0011dec                Virt::setupPageSwapping(int)
                0x00000000c0011f1c                VAS::VAS()
                0x00000000c0011f1c                VAS::VAS()
                0x00000000c0011f58                VAS::VAS(VAS*)
                0x00000000c0011f58                VAS::VAS(VAS*)
                0x00000000c0011f86                VAS::getForeignPageTableEntry(bool, unsigned long)
                0x00000000c0011fb2                VAS::getPageTableEntry(unsigned long)
                0x00000000c0011fd1                Virt::freeKernelVirtualPages(unsigned long)
                0x00000000c00120f4                VAS::freeAllocatedPages(unsigned long)
                0x00000000c0012118                VAS::virtualToPhysical(unsigned long)
                0x00000000c0012130                VAS::reflagRange(unsigned long, int, int, int)
                0x00000000c0012170                VAS::setToWriteCombining(unsigned long, int)
                0x00000000c00121a2                VAS::mapOtherVASIn(bool, VAS*)
                0x00000000c00121cc                VAS::~VAS()
                0x00000000c00121cc                VAS::~VAS()
                0x00000000c0012338                VAS::mapPage(unsigned long, unsigned long, int)
                0x00000000c0012438                VAS::allocatePages(int, int)
                0x00000000c0012610                VAS::setCPUSpecific(unsigned long)
                0x00000000c001262c                VAS::mapRange(unsigned long, unsigned long, int, int)
                0x00000000c00126f2                VAS::mapForeignPage(bool, VAS*, unsigned long, unsigned long, int)
                0x00000000c00127e0                VAS::VAS(bool)
                0x00000000c00127e0                VAS::VAS(bool)
                0x00000000c0012a46                VAS::evict(unsigned long)
                0x00000000c0012ace                VAS::tryLoadBackOffDisk(unsigned long)
                0x00000000c0012bb6                VAS::scanForEviction()
                0x00000000c0012c67                mapVASFirstTime
 .text          0x00000000c0012d23       0x95 coreobjs/c++.32
                0x00000000c0012d23                __cxa_atexit
                0x00000000c0012d26                __cxa_finalize
                0x00000000c0012d27                __stack_chk_fail
                0x00000000c0012d93                __cxa_pure_virtual
                0x00000000c0012da4                operator new[](unsigned long)
                0x00000000c0012da9                operator delete(void*, unsigned long)
                0x00000000c0012dae                operator delete[](void*)
                0x00000000c0012db3                operator delete[](void*, unsigned long)
 .text          0x00000000c0012db8      0x1ef dbg/kconsole.32
                0x00000000c0012db8                Dbg::stringifyxWithBase(unsigned int, char*, int)
                0x00000000c0012e19                Dbg::logc(char)
                0x00000000c0012e30                Dbg::logs(char*)
                0x00000000c0012e4d                Dbg::logWriteInt(unsigned int)
                0x00000000c0012e6a                Dbg::logWriteIntBase(unsigned int, int)
                0x00000000c0012e89                Dbg::kprintf(char const*, ...)
 *fill*         0x00000000c0012fa7        0x1 
 .text          0x00000000c0012fa8      0xb7c fs/vfs.32
                0x00000000c0012fa8                File::read(unsigned long long, void*, int*)
                0x00000000c0013000                File::write(unsigned long long, void*, int*)
                0x00000000c0013058                Directory::read(unsigned long long, void*, int*)
                0x00000000c00130b0                Directory::write(unsigned long long, void*, int*)
                0x00000000c00130de                File::isAtty()
                0x00000000c00130e2                Directory::isAtty()
                0x00000000c00130e6                Filesystem::getlabel(LogicalDisk*, int, char*, unsigned int*)
                0x00000000c00130ec                Filesystem::setlabel(LogicalDisk*, int, char*)
                0x00000000c00130f2                File::~File()
                0x00000000c00130f2                File::~File()
                0x00000000c0013116                File::~File()
                0x00000000c0013140                Directory::~Directory()
                0x00000000c0013140                Directory::~Directory()
                0x00000000c0013164                Directory::~Directory()
                0x00000000c001318e                Filesystem::Filesystem()
                0x00000000c001318e                Filesystem::Filesystem()
                0x00000000c00131b2                Filesystem::~Filesystem()
                0x00000000c00131b2                Filesystem::~Filesystem()
                0x00000000c00131c0                Filesystem::~Filesystem()
                0x00000000c00131e4                Fs::getcwd(Process*, char*, int)
                0x00000000c001320e                Fs::initVFS()
                0x00000000c0013238                Fs::standardiseFiles(char*, char const*, char const*)
                0x00000000c00133e2                File::File(char const*, Process*)
                0x00000000c00133e2                File::File(char const*, Process*)
                0x00000000c0013446                File::open(FileOpenMode)
                0x00000000c00134a4                File::close()
                0x00000000c0013504                File::seek(unsigned long long)
                0x00000000c001355a                File::tell(unsigned long long*)
                0x00000000c00135aa                File::rewind()
                0x00000000c00135be                File::unlink()
                0x00000000c001360a                File::rename(char const*)
                0x00000000c0013658                File::chfatattr(unsigned char, unsigned char)
                0x00000000c00136b4                File::exists()
                0x00000000c00136f2                File::stat(unsigned long long*, bool*)
                0x00000000c0013753                Fs::setcwd(Process*, char*)
                0x00000000c001388e                Directory::Directory(char const*, Process*)
                0x00000000c001388e                Directory::Directory(char const*, Process*)
                0x00000000c00138f2                Directory::open()
                0x00000000c001394e                Directory::close()
                0x00000000c00139ae                Directory::unlink()
                0x00000000c00139fa                Directory::rename(char const*)
                0x00000000c0013a48                Directory::exists()
                0x00000000c0013a86                Directory::read(dirent*)
                0x00000000c0013ad2                Directory::create()
                0x00000000c0013b1e                Filesystem::chfatattr(char const*, unsigned char, unsigned char)
 .text          0x00000000c0013b24       0x84 hal/bus.32
                0x00000000c0013b24                Bus::Bus(char const*)
                0x00000000c0013b24                Bus::Bus(char const*)
                0x00000000c0013b5a                Bus::~Bus()
                0x00000000c0013b5a                Bus::~Bus()
                0x00000000c0013b7e                Bus::~Bus()
 .text          0x00000000c0013ba8      0x14e hal/buzzer.32
                0x00000000c0013ba8                Buzzer::Buzzer(char const*)
                0x00000000c0013ba8                Buzzer::Buzzer(char const*)
                0x00000000c0013bec                Buzzer::~Buzzer()
                0x00000000c0013bec                Buzzer::~Buzzer()
                0x00000000c0013c10                Buzzer::~Buzzer()
                0x00000000c0013c3a                Buzzer::stop()
                0x00000000c0013c4d                beepThread(void*)
                0x00000000c0013c88                Buzzer::beep(int, int, bool)
 .text          0x00000000c0013cf6      0x467 hal/clock.32
                0x00000000c0013cf6                User::loadClockSettings(int)
                0x00000000c0013d48                Clock::Clock(char const*)
                0x00000000c0013d48                Clock::Clock(char const*)
                0x00000000c0013d7e                Clock::~Clock()
                0x00000000c0013d7e                Clock::~Clock()
                0x00000000c0013da2                Clock::~Clock()
                0x00000000c0013dcc                Clock::timeInSecondsLocal()
                0x00000000c0013e14                Clock::setTimeInSecondsLocal(unsigned long long)
                0x00000000c0013e6d                datetimeToSeconds(datetime_t)
                0x00000000c0013f94                Clock::setTimeInDatetimeLocal(datetime_t)
                0x00000000c0013ff4                secondsToDatetime(unsigned long long)
                0x00000000c0014138                Clock::timeInDatetimeLocal()
 *fill*         0x00000000c001415d        0x1 
 .text          0x00000000c001415e      0x4de hal/device.32
                0x00000000c001415e                Device::hibernate()
                0x00000000c0014160                Device::wake()
                0x00000000c0014162                Device::detect()
                0x00000000c0014164                Device::disableLegacy()
                0x00000000c0014166                Device::powerSaving(PowerSavingLevel)
                0x00000000c0014168                DriverlessDevice::close(int, int, void*)
                0x00000000c001416c                DriverlessDevice::detect()
                0x00000000c001416e                DriverlessDevice::open(int, int, void*)
                0x00000000c0014182                Device::~Device()
                0x00000000c0014182                Device::~Device()
                0x00000000c0014190                Device::~Device()
                0x00000000c00141b8                Device::findAndLoadDriver()
                0x00000000c00141ba                Device::preOpenPCI(PCIDeviceInfo)
                0x00000000c00141e0                Device::preOpenACPI(void*, char*, char*)
                0x00000000c0014234                Device::addIRQHandler(int, void (*)(regs*, void*), bool, void*)
                0x00000000c0014272                Device::removeIRQHandler(int, void (*)(regs*, void*), bool)
                0x00000000c00142b0                Device::addChild(Device*)
                0x00000000c00142f4                Device::removeAllChildren()
                0x00000000c001433a                Device::hibernateAll()
                0x00000000c001436a                Device::wakeAll()
                0x00000000c001439a                Device::detectAll()
                0x00000000c00143ca                Device::disableLegacyAll()
                0x00000000c00143fa                Device::loadDriversForAll()
                0x00000000c0014426                Device::closeAll()
                0x00000000c001445c                Device::powerSavingAll(PowerSavingLevel)
                0x00000000c0014492                Device::setName(char const*)
                0x00000000c00144a0                Device::Device(char const*)
                0x00000000c00144a0                Device::Device(char const*)
                0x00000000c001459c                Device::getName()
                0x00000000c00145a6                DriverlessDevice::DriverlessDevice(char const*)
                0x00000000c00145a6                DriverlessDevice::DriverlessDevice(char const*)
                0x00000000c00145ce                Device::addToLinkedList(LinkedList<Device>&, DeviceType)
                0x00000000c0014612                getDevicesOfType(DeviceType)
 .text          0x00000000c001463c       0x84 hal/diskctrl.32
                0x00000000c001463c                HardDiskController::HardDiskController(char const*)
                0x00000000c001463c                HardDiskController::HardDiskController(char const*)
                0x00000000c0014672                HardDiskController::~HardDiskController()
                0x00000000c0014672                HardDiskController::~HardDiskController()
                0x00000000c0014696                HardDiskController::~HardDiskController()
 .text          0x00000000c00146c0       0xf2 hal/diskphys.32
                0x00000000c00146c0                PhysicalDisk::eject()
                0x00000000c00146d4                PhysicalDisk::PhysicalDisk(char const*, int)
                0x00000000c00146d4                PhysicalDisk::PhysicalDisk(char const*, int)
                0x00000000c001473c                PhysicalDisk::startCache()
                0x00000000c0014764                PhysicalDisk::~PhysicalDisk()
                0x00000000c0014764                PhysicalDisk::~PhysicalDisk()
                0x00000000c0014788                PhysicalDisk::~PhysicalDisk()
 .text          0x00000000c00147b2      0x13b hal/fpu.32
                0x00000000c00147b2                FPU::FPU(char const*)
                0x00000000c00147b2                FPU::FPU(char const*)
                0x00000000c00147e8                FPU::~FPU()
                0x00000000c00147e8                FPU::~FPU()
                0x00000000c001480c                FPU::~FPU()
                0x00000000c0014836                setupFPU()
 *fill*         0x00000000c00148ed        0x1 
 .text          0x00000000c00148ee     0x1421 hal/intctrl.32
                0x00000000c00148ee                InterruptController::uninstallISRHandler(int, void (*)(regs*, void*))
                0x00000000c0014926                InterruptController::installISRHandler(int, void (*)(regs*, void*), void*)
                0x00000000c0014978                doubleFault(regs*, void*)
                0x00000000c0014992                InterruptController::installIRQHandler(int, void (*)(regs*, void*), bool, void*)
                0x00000000c0014a2e                InterruptController::clearAllHandlers(int, bool)
                0x00000000c0014ad6                InterruptController::uninstallIRQHandler(int, void (*)(regs*, void*), bool)
                0x00000000c0014b5d                nmiHandler(regs*, void*)
                0x00000000c0014b6b                int_handler
                0x00000000c0014c0c                InterruptController::InterruptController(char const*)
                0x00000000c0014c0c                InterruptController::InterruptController(char const*)
                0x00000000c0014cb2                InterruptController::~InterruptController()
                0x00000000c0014cb2                InterruptController::~InterruptController()
                0x00000000c0014cd6                InterruptController::~InterruptController()
                0x00000000c0014d00                displayDebugInfo(regs*)
                0x00000000c001518f                x87EmulHandler(regs*, void*)
                0x00000000c0015202                gpFault(regs*, void*)
                0x00000000c001523b                pgFault(regs*, void*)
                0x00000000c0015277                otherISRHandler(regs*, void*)
                0x00000000c0015296                opcodeFault(regs*, void*)
                0x00000000c001589c                displayProgramFault(char const*)
                0x00000000c00158c4                setupInterruptController()
                0x00000000c0015cc2                InterruptController::convertLegacyIRQNumber(int)
 *fill*         0x00000000c0015d0f        0x1 
 .text          0x00000000c0015d10      0x6c8 hal/keybrd.32
                0x00000000c0015d10                startGUI(void*)
                0x00000000c0015d6c                startGUIVESA(void*)
                0x00000000c0015dc8                sendKeyToTerminal(unsigned char)
                0x00000000c0015e34                sendKeyboardToken(KeyboardToken)
                0x00000000c0016271                clearInternalKeybuffer(VgaText*)
                0x00000000c00162a6                readKeyboard(VgaText*, char*, unsigned long)
                0x00000000c001634e                Keyboard::Keyboard(char const*)
                0x00000000c001634e                Keyboard::Keyboard(char const*)
                0x00000000c001638a                Keyboard::~Keyboard()
                0x00000000c001638a                Keyboard::~Keyboard()
                0x00000000c00163ae                Keyboard::~Keyboard()
 .text          0x00000000c00163d8      0x414 hal/logidisk.32
                0x00000000c00163d8                LogicalDisk::close(int, int, void*)
                0x00000000c00163dc                LogicalDisk::~LogicalDisk()
                0x00000000c00163dc                LogicalDisk::~LogicalDisk()
                0x00000000c0016400                LogicalDisk::~LogicalDisk()
                0x00000000c001642a                LogicalDisk::open(int, int, void*)
                0x00000000c001643e                LogicalDisk::absoluteToRelative(unsigned long long)
                0x00000000c0016476                LogicalDisk::relativeToAbsolute(unsigned long long)
                0x00000000c00164bc                LogicalDisk::LogicalDisk(char const*, PhysicalDisk*, unsigned long long, unsigned long long)
                0x00000000c00164bc                LogicalDisk::LogicalDisk(char const*, PhysicalDisk*, unsigned long long, unsigned long long)
                0x00000000c0016572                LogicalDisk::assignDriveLetter()
                0x00000000c0016628                LogicalDisk::mount()
                0x00000000c001669a                LogicalDisk::unmount()
                0x00000000c00166aa                LogicalDisk::eject()
                0x00000000c00166be                LogicalDisk::unassignDriveLetter()
                0x00000000c0016714                LogicalDisk::read(unsigned long long, int, void*)
                0x00000000c0016780                LogicalDisk::write(unsigned long long, int, void*)
 .text          0x00000000c00167ec       0x84 hal/mouse.32
                0x00000000c00167ec                Mouse::Mouse(char const*)
                0x00000000c00167ec                Mouse::Mouse(char const*)
                0x00000000c0016822                Mouse::~Mouse()
                0x00000000c0016822                Mouse::~Mouse()
                0x00000000c0016846                Mouse::~Mouse()
 .text          0x00000000c0016870      0x34d hal/partition.32
                0x00000000c0016870                makePartition(PhysicalDisk*, unsigned long long, unsigned long long)
                0x00000000c001692c                createPartitionsForDisk(PhysicalDisk*)
 *fill*         0x00000000c0016bbd        0x1 
 .text          0x00000000c0016bbe       0x84 hal/serial.32
                0x00000000c0016bbe                Serial::Serial(char const*)
                0x00000000c0016bbe                Serial::Serial(char const*)
                0x00000000c0016bf4                Serial::~Serial()
                0x00000000c0016bf4                Serial::~Serial()
                0x00000000c0016c18                Serial::~Serial()
 .text          0x00000000c0016c42      0x2b8 hal/timer.32
                0x00000000c0016c42                Timer::Timer(char const*)
                0x00000000c0016c42                Timer::Timer(char const*)
                0x00000000c0016c78                Timer::~Timer()
                0x00000000c0016c78                Timer::~Timer()
                0x00000000c0016c9c                Timer::~Timer()
                0x00000000c0016cc6                Timer::read()
                0x00000000c0016cd1                timerHandler(unsigned long long)
                0x00000000c0016e08                setupTimer(int)
 .text          0x00000000c0016efa      0x425 hal/vcache.32
                0x00000000c0016efa                VCache::VCache(PhysicalDisk*)
                0x00000000c0016efa                VCache::VCache(PhysicalDisk*)
                0x00000000c0017062                VCache::invalidateReadBuffer()
                0x00000000c0017072                VCache::writeWriteBuffer()
                0x00000000c00170ae                VCache::~VCache()
                0x00000000c00170ae                VCache::~VCache()
                0x00000000c0017102                VCache::~VCache()
                0x00000000c001712a                VCache::write(unsigned long long, int, void*)
                0x00000000c0017220                VCache::read(unsigned long long, int, void*)
 *fill*         0x00000000c001731f        0x1 
 .text          0x00000000c0017320      0x4cd hal/video.32
                0x00000000c0017320                Video::putrect(int, int, int, int, unsigned int)
                0x00000000c001736c                Video::bitblit(int, int, int, int, int, int, int, unsigned int*)
                0x00000000c00173dc                Video::blit(unsigned int*, int, int, int, int)
                0x00000000c001745a                Video::clearScreen(unsigned int)
                0x00000000c001748e                Video::putpixel(int, int, unsigned int)
                0x00000000c001749c                Video::Video(char const*)
                0x00000000c001749c                Video::Video(char const*)
                0x00000000c00174d2                Video::~Video()
                0x00000000c00174d2                Video::~Video()
                0x00000000c00174f6                Video::~Video()
                0x00000000c0017520                Video::isMonochrome()
                0x00000000c001752c                Video::getWidth()
                0x00000000c0017538                Video::getHeight()
                0x00000000c0017544                Video::drawCursor(int, int, unsigned char*, int)
                0x00000000c0017600                Video::tgaParse(unsigned char*, int, int*, int*)
                0x00000000c0017782                Video::putTGA(int, int, unsigned char*, int)
 *fill*         0x00000000c00177ed        0x1 
 .text          0x00000000c00177ee      0xf74 hw/acpi.32
                0x00000000c00177ee                ACPI::close(int, int, void*)
                0x00000000c00178a3                findRSDP()
                0x00000000c001793d                loadACPITables(unsigned char*)
                0x00000000c0017b64                findRSDT(unsigned char*)
                0x00000000c0017c82                findDataTable(unsigned char*, char*)
                0x00000000c0017d1e                scanMADT()
                0x00000000c00181a4                ACPI::ACPI()
                0x00000000c00181a4                ACPI::ACPI()
                0x00000000c001820e                ACPI::getPCIIRQAssignment(unsigned char, unsigned short, unsigned char)
                0x00000000c00182f0                ACPI::registerPCIIRQAssignment(void*, unsigned short, unsigned char, unsigned char)
                0x00000000c00183b6                ACPI::setScreenBrightnessLevel(void*, int)
                0x00000000c00183bc                ACPI::writeSimpleBootFlag(SimpleBootFlagTable*)
                0x00000000c0018404                ACPI::open(int, int, void*)
                0x00000000c001874a                ACPI::sleep()
 .text          0x00000000c0018762     0x1715 hw/cpu.32
                0x00000000c0018762                CPU::close(int, int, void*)
                0x00000000c0018766                CPU::lookupAMDName(unsigned char, unsigned char)
                0x00000000c00188fa                CPU::lookupIntelName(unsigned char, unsigned char)
                0x00000000c0018ba8                CPU::AMD_K6_write_msr(unsigned int, unsigned int, unsigned int, CPU::REGS*)
                0x00000000c0018bc4                CPU::AMD_K6_read_msr(unsigned int, CPU::REGS*)
                0x00000000c0018bdc                CPU::AMD_K6_writeback(int, int, int)
                0x00000000c0018c50                CPU::cpuid(int, unsigned long*, unsigned long*, unsigned long*, unsigned long*)
                0x00000000c0018cd4                CPU::cpuidCheckEDX(unsigned int)
                0x00000000c0018d02                CPU::cpuidCheckECX(unsigned int)
                0x00000000c0018d30                CPU::cpuidCheckExtendedEBX(unsigned int)
                0x00000000c0018d5e                CPU::cpuidCheckExtendedECX(unsigned int)
                0x00000000c0018d8c                CPU::CPU()
                0x00000000c0018d8c                CPU::CPU()
                0x00000000c0018e1a                CPU::displayFeatures()
                0x00000000c0019096                CPU::detectFeatures()
                0x00000000c0019a86                CPU::setupSMEP()
                0x00000000c0019a92                CPU::setupUMIP()
                0x00000000c0019a9c                CPU::setupTSC()
                0x00000000c0019aa6                CPU::setupLargePages()
                0x00000000c0019ab0                CPU::setupPAT()
                0x00000000c0019aec                CPU::setupMTRR()
                0x00000000c0019aee                CPU::setupGlobalPages()
                0x00000000c0019af8                CPU::allowUsermodeDataAccess()
                0x00000000c0019b0a                CPU::prohibitUsermodeDataAccess()
                0x00000000c0019b1c                CPU::setupSMAP()
                0x00000000c0019b2a                CPU::setupFeatures()
                0x00000000c0019baa                CPU::open(int, int, void*)
                0x00000000c0019c7c                CPU::decodeAddress(regs*, int*, bool*, unsigned char*)
 .text          0x00000000c0019e77        0x0 hw/ports.32
 .text          0x00000000c0019e77      0x16a hw/smp.32
                0x00000000c0019e77                Krnl::smpEntry()
                0x00000000c0019e79                Krnl::startCPU(int)
                0x00000000c0019fc2                Krnl::startCPUs()
 *fill*         0x00000000c0019fe1        0x1 
 .text          0x00000000c0019fe2      0x5d3 krnl/env.32
                0x00000000c0019fe2                EnvVarContainer::getEnv(char const*)
                0x00000000c001a020                EnvVarContainer::setEnv(char const*, char const*)
                0x00000000c001a0ec                EnvVarContainer::deleteEnv(char const*)
                0x00000000c001a0ee                EnvVarContainer::loadFrom(char const*, char const*)
                0x00000000c001a2e4                EnvVarContainer::__loadSystem()
                0x00000000c001a2fe                EnvVarContainer::__loadUser()
                0x00000000c001a300                EnvVarContainer::EnvVarContainer(Process*)
                0x00000000c001a300                EnvVarContainer::EnvVarContainer(Process*)
                0x00000000c001a322                EnvVarContainer::~EnvVarContainer()
                0x00000000c001a322                EnvVarContainer::~EnvVarContainer()
                0x00000000c001a352                Krnl::getEnv(Process*, char const*)
                0x00000000c001a3b7                Krnl::setEnvSystem(char const*, char const*)
                0x00000000c001a3d1                Krnl::setEnvUser(char const*, char const*)
                0x00000000c001a3f0                Krnl::setEnvProcess(Process*, char const*, char const*)
                0x00000000c001a403                Krnl::deleteEnvSystem(char const*)
                0x00000000c001a404                Krnl::deleteEnvUser(char const*)
                0x00000000c001a405                Krnl::deleteEnvProcess(Process*, char const*)
                0x00000000c001a406                Krnl::newProcessEnv(Process*)
                0x00000000c001a428                Krnl::copyProcessEnv(Process*, Process*)
                0x00000000c001a47c                Krnl::loadSystemEnv()
                0x00000000c001a4aa                Krnl::loadUserEnv()
                0x00000000c001a4d0                Krnl::flushEnv()
                0x00000000c001a4d1                Krnl::getProcessTotalEnvCount(Process*)
                0x00000000c001a4f1                Krnl::getProcessEnvPair(Process*, int)
 .text          0x00000000c001a5b5      0x396 krnl/panic.32
                0x00000000c001a5b5                Krnl::panic(char const*)
 .text          0x00000000c001a94b      0x3b6 net/ethernet.32
                0x00000000c001a94b                Net::switchEndian16(unsigned short)
                0x00000000c001a96c                Net::switchEndian32(unsigned int)
                0x00000000c001a99b                Net::crc32Calc(unsigned char*, int)
                0x00000000c001aa2c                Net::wrapEthernetFrame(Net::UnwrappedEthernetFrame, unsigned char*)
                0x00000000c001ab68                Net::unwrapEthernetFrame(unsigned char*, int)
 .text          0x00000000c001ad01      0x513 reg/registry.32
                0x00000000c001ad01                Reg::findLineFromLoadedData(char*, char*, char*)
                0x00000000c001ae59                Reg::getLineFromRegistry(char*, char*, char*, char*)
                0x00000000c001afae                Reg::getLine(char*, char*, char*)
                0x00000000c001afe5                Reg::readInt(char*, char*, int*)
                0x00000000c001b0d0                Reg::readString(char*, char*, char*, int)
                0x00000000c001b151                Reg::readBool(char*, char*, bool*)
                0x00000000c001b176                Reg::readBoolWithDefault(char*, char*, bool)
                0x00000000c001b1a2                Reg::readIntWithDefault(char*, char*, int)
                0x00000000c001b1ce                Reg::readStringWithDefault(char*, char*, char*, int, char*)
 .text          0x00000000c001b214       0x36 sys/sc_eject.32
                0x00000000c001b214                Sys::eject(regs*)
 .text          0x00000000c001b24a       0x18 sys/sc_exit.32
                0x00000000c001b24a                Sys::exit(regs*)
 .text          0x00000000c001b262       0x1f sys/sc_getcwd.32
                0x00000000c001b262                Sys::getCwd(regs*)
 .text          0x00000000c001b281        0xc sys/sc_getpid.32
                0x00000000c001b281                Sys::getPID(regs*)
 .text          0x00000000c001b28d       0x17 sys/sc_getramdata.32
                0x00000000c001b28d                Sys::getRAMData(regs*)
 .text          0x00000000c001b2a4       0xa8 sys/sc_loaddll.32
                0x00000000c001b2a4                Sys::loadDLL(regs*)
 .text          0x00000000c001b34c       0x68 sys/sc_read.32
                0x00000000c001b34c                Sys::read(regs*)
 .text          0x00000000c001b3b4       0x55 sys/sc_sbrk.32
                0x00000000c001b3b4                Sys::sbrk(regs*)
 .text          0x00000000c001b409       0x1c sys/sc_setcwd.32
                0x00000000c001b409                Sys::setCwd(regs*)
 .text          0x00000000c001b425      0x128 sys/sc_settime.32
                0x00000000c001b425                Sys::setTime(regs*)
 .text          0x00000000c001b54d       0x4a sys/sc_timezone.32
                0x00000000c001b54d                Sys::timezone(regs*)
 .text          0x00000000c001b597       0x68 sys/sc_write.32
                0x00000000c001b597                Sys::write(regs*)
 .text          0x00000000c001b5ff       0x62 sys/sc_wsbe.32
                0x00000000c001b5ff                Sys::wsbe(regs*)
 .text          0x00000000c001b661       0x3b sys/sc_yield.32
                0x00000000c001b661                Sys::yield(regs*)
 .text          0x00000000c001b69c     0x10e5 sys/syscalls.32
                0x00000000c001b69c                sysCallSeekDir(regs*)
                0x00000000c001b6a1                sysCallTellDir(regs*)
                0x00000000c001b6a6                sysCallVerify(regs*)
                0x00000000c001b6b0                sysFormatDisk(regs*)
                0x00000000c001b71a                sysSetDiskVolumeLabel(regs*)
                0x00000000c001b760                sysGetDiskVolumeLabel(regs*)
                0x00000000c001b7b1                sysShutdown(regs*)
                0x00000000c001b80f                sysCallRealpath(regs*)
                0x00000000c001b852                sysCallGetArgc(regs*)
                0x00000000c001b880                sysCallReadDir(regs*)
                0x00000000c001b90e                sysCallIsATTY(regs*)
                0x00000000c001b968                sysCallSeek(regs*)
                0x00000000c001b9d1                sysCallTell(regs*)
                0x00000000c001ba4e                sysCallSize(regs*)
                0x00000000c001bad1                sysCallSizeFromFilename(regs*)
                0x00000000c001bb91                sysCallClose(regs*)
                0x00000000c001bc19                sysCallOpenDir(regs*)
                0x00000000c001bc8e                sysCallCloseDir(regs*)
                0x00000000c001bcf4                sysCallMakeDir(regs*)
                0x00000000c001bd64                sysCallWait(regs*)
                0x00000000c001bd7e                sysCallNotImpl(regs*)
                0x00000000c001bd99                sysPanic(regs*)
                0x00000000c001bdbf                sysCallRmdir(regs*)
                0x00000000c001be23                sysCallUnlink(regs*)
                0x00000000c001be87                sysCallGetArgv(regs*)
                0x00000000c001bed3                sysCallTTYName(regs*)
                0x00000000c001bf56                sysCallUSleep(regs*)
                0x00000000c001bf7d                sysCallSpawn(regs*)
                0x00000000c001bfd5                sysCallGetEnv(regs*)
                0x00000000c001c10d                sysAppSettings(regs*)
                0x00000000c001c22c                sysSetFatAttrib(regs*)
                0x00000000c001c29e                sysPipe(regs*)
                0x00000000c001c2e3                sysGetUnixTime(regs*)
                0x00000000c001c2f7                string_ends_with(char const*, char const*)
                0x00000000c001c33f                sysCallOpen(regs*)
                0x00000000c001c554                Sys::loadSyscalls()
                0x00000000c001c73f                Sys::systemCall(regs*, void*)
 .text          0x00000000c001c781     0x11d4 thr/elf.32
                0x00000000c001c781                Thr::allocateMemoryForTask(Process*, File*, unsigned long, unsigned long, unsigned long)
                0x00000000c001ca13                Thr::loadProgramIntoMemory(Process*, char const*)
                0x00000000c001cc29                Thr::runtimeReferenceHelper()
                0x00000000c001cc3c                Thr::getAddressOfKernelSymbol(char const*)
                0x00000000c001cc8b                Thr::loadKernelSymbolTable(char const*)
                0x00000000c001cf49                Thr::loadDriverIntoMemory(char const*, unsigned long, bool)
                0x00000000c001d665                Thr::getDriverBaseFromAddress(unsigned long)
                0x00000000c001d697                Thr::getDriverNameFromAddress(unsigned long)
                0x00000000c001d6ce                Thr::getDriverOffsetFromAddress(unsigned long)
                0x00000000c001d6e8                Thr::loadDLL(char const*, bool)
                0x00000000c001d91c                Thr::executeDLL(unsigned long, void*)
 *fill*         0x00000000c001d955        0x1 
 .text          0x00000000c001d956     0x1090 thr/prcssthr.32
                0x00000000c001d956                changeTSS
                0x00000000c001d986                Process::addArgs(char**)
                0x00000000c001d9e0                Process::Process(char const*, Process*, char**)
                0x00000000c001d9e0                Process::Process(char const*, Process*, char**)
                0x00000000c001dbc4                Process::Process(bool, char const*, Process*, char**)
                0x00000000c001dbc4                Process::Process(bool, char const*, Process*, char**)
                0x00000000c001dd73                disableIRQs()
                0x00000000c001dd7b                getIRQNestingLevel()
                0x00000000c001dd81                enableIRQs()
                0x00000000c001dd90                lockScheduler()
                0x00000000c001dd92                unlockScheduler()
                0x00000000c001dd94                userModeEntryPoint(void*)
                0x00000000c001ddb7                lockStuff()
                0x00000000c001ddc3                taskStartupFunction
                0x00000000c001ddcc                updateTimeUsed()
                0x00000000c001de31                switchToThread(ThreadControlBlock*)
                0x00000000c001de82                Semaphore::Semaphore(int)
                0x00000000c001de82                Semaphore::Semaphore(int)
                0x00000000c001deb0                Mutex::Mutex()
                0x00000000c001deb0                Mutex::Mutex()
                0x00000000c001dec2                Process::createThread(void (*)(void*), void*, int)
                0x00000000c001dfc8                Process::createUserThread()
                0x00000000c001dfe4                setupMultitasking(void (*)())
                0x00000000c001e106                schedule()
                0x00000000c001e18b                unlockStuff()
                0x00000000c001e1c0                Semaphore::tryAcquire()
                0x00000000c001e1ee                Semaphore::assertLocked(char const*)
                0x00000000c001e21e                blockTaskWithSchedulerLockAlreadyHeld(TaskState)
                0x00000000c001e260                blockTask(TaskState)
                0x00000000c001e281                waitTask(int, int*, int)
                0x00000000c001e2c3                nanoSleepUntil(unsigned long long)
                0x00000000c001e31a                nanoSleep(unsigned long long)
                0x00000000c001e32f                sleep(unsigned long long)
                0x00000000c001e34c                Semaphore::acquire()
                0x00000000c001e3b4                taskReturned
                0x00000000c001e3e2                unblockTask(ThreadControlBlock*)
                0x00000000c001e491                cleanupTerminatedTask(ThreadControlBlock*)
                0x00000000c001e75a                cleanerTaskFunction(void*)
                0x00000000c001e80d                terminateTask(int)
                0x00000000c001e8ed                Thr::terminateFromIRQ(int)
                0x00000000c001e8fa                Semaphore::release()
 .text          0x00000000c001e9e6      0xc26 vm86/vm8086.32
                0x00000000c001e9e6                Vm::inbv(unsigned short)
                0x00000000c001e9f9                Vm::outbv(unsigned short, unsigned char)
                0x00000000c001ea4c                Vm::realToLinear(unsigned short, unsigned short)
                0x00000000c001ea5c                Vm::getSegment(unsigned int)
                0x00000000c001ea64                Vm::getOffset(unsigned int)
                0x00000000c001ea69                Vm::mainloop2()
                0x00000000c001eaa4                Vm::mainVm8086Loop(void*)
                0x00000000c001eab1                Vm::mainloop3(unsigned long)
                0x00000000c001eadb                Vm::initialise8086()
                0x00000000c001eb1e                Vm::finish8086()
                0x00000000c001eb63                Vm::getOutput8086(unsigned char*)
                0x00000000c001eb8d                Vm::start8086(char const*, unsigned short, unsigned short, unsigned short, unsigned short)
                0x00000000c001ecdd                Vm::doISR(regs*, int, unsigned char*, unsigned short, unsigned short)
                0x00000000c001ed67                Vm::readByteFromReal(unsigned short, unsigned short)
                0x00000000c001ed78                Vm::readWordFromReal(unsigned short, unsigned short)
                0x00000000c001ed8a                Vm::readDwordFromReal(unsigned short, unsigned short)
                0x00000000c001ed9b                Vm::writeByteFromReal(unsigned short, unsigned short, unsigned char)
                0x00000000c001edb0                Vm::writeWordFromReal(unsigned short, unsigned short, unsigned short)
                0x00000000c001edc6                Vm::writeDwordFromReal(unsigned short, unsigned short, unsigned int)
                0x00000000c001eddb                Vm::faultHandler(regs*)
 .text          0x00000000c001f60c      0xefd vm86/x87em.32
                0x00000000c001f60c                Vm::fpuInternalTo32(unsigned long long)
                0x00000000c001f667                Vm::fpuInternalTo64(unsigned long long)
                0x00000000c001f670                Vm::fpu32ToInternal(unsigned int)
                0x00000000c001f6b5                Vm::fpu64ToInternal(unsigned long long)
                0x00000000c001f6be                Vm::fpuFloatToLong(unsigned long long)
                0x00000000c001f719                Vm::fpuULongToFloat(unsigned long long)
                0x00000000c001f74f                Vm::fpuLongToFloat(long long)
                0x00000000c001f7a5                Vm::fpuGet0()
                0x00000000c001f7aa                Vm::fpuGet1()
                0x00000000c001f7b2                Vm::fpuGetPi()
                0x00000000c001f7ba                Vm::fpuGetLog2E()
                0x00000000c001f7d2                Vm::fpuGetLogE2()
                0x00000000c001f7ea                Vm::fpuGetLog210()
                0x00000000c001f802                Vm::fpuGetLog102()
                0x00000000c001f81a                Vm::fpuIsSecondLarger(unsigned long long, unsigned long long)
                0x00000000c001f82e                Vm::fpuAreEqual(unsigned long long, unsigned long long)
                0x00000000c001f844                Vm::fpuUnorderedCompare(unsigned long long, unsigned long long)
                0x00000000c001f897                Vm::fpuAdd(unsigned long long, unsigned long long)
                0x00000000c001f8a8                Vm::fpuAbs(unsigned long long)
                0x00000000c001f8b1                Vm::fpuChs(unsigned long long)
                0x00000000c001f8c1                Vm::fpuSub(unsigned long long, unsigned long long)
                0x00000000c001f8d0                Vm::fpuMultiply(unsigned long long, unsigned long long)
                0x00000000c001f8ef                Vm::fpuDivide(unsigned long long, unsigned long long)
                0x00000000c001f90b                Vm::fpuSquare(unsigned long long)
                0x00000000c001f921                Vm::fpuGetReg(int)
                0x00000000c001f964                Vm::fpuSetReg(int, unsigned long long)
                0x00000000c001f9af                Vm::fpuPush(unsigned long long)
                0x00000000c001fa0c                Vm::fpuPop()
                0x00000000c001fa5e                Vm::x87Handler(regs*)
 *fill*         0x00000000c0020509        0x1 
 .text          0x00000000c002050a     0x10ed fs/fat/vfslink.32
                0x00000000c002050a                FAT::getName()
                0x00000000c0020510                FAT::tell(void*, unsigned long long*)
                0x00000000c0020544                FAT::stat(void*, unsigned long long*)
                0x00000000c0020578                FAT::~FAT()
                0x00000000c0020578                FAT::~FAT()
                0x00000000c002059c                FAT::~FAT()
                0x00000000c00205c4                FAT::getlabel(LogicalDisk*, int, char*, unsigned int*)
                0x00000000c0020662                FAT::setlabel(LogicalDisk*, int, char*)
                0x00000000c002071c                FAT::format(LogicalDisk*, int, char const*, int)
                0x00000000c0020900                FAT::tryMount(LogicalDisk*, int)
                0x00000000c0020b06                FAT::readDir(void*, unsigned long, void*, int*)
                0x00000000c0020c0c                FAT::read(void*, unsigned long, void*, int*)
                0x00000000c0020c66                FAT::write(void*, unsigned long, void*, int*)
                0x00000000c0020cc0                FAT::close(void*)
                0x00000000c0020d0c                FAT::closeDir(void*)
                0x00000000c0020d58                FAT::seek(void*, unsigned long long)
                0x00000000c0020dac                fatWrapperReadDisk
                0x00000000c0020df3                fatWrapperWriteDisk
                0x00000000c0020e3a                fatWrapperIoctl
                0x00000000c0020f3e                FAT::FAT()
                0x00000000c0020f3e                FAT::FAT()
                0x00000000c0020f90                FAT::fixFilepath(char*)
                0x00000000c0020fc8                FAT::open(char const*, void**, FileOpenMode)
                0x00000000c00210f0                FAT::openDir(char const*, void**)
                0x00000000c0021196                FAT::stat(char const*, unsigned long long*, bool*)
                0x00000000c0021280                FAT::unlink(char const*)
                0x00000000c00212fa                FAT::chfatattr(char const*, unsigned char, unsigned char)
                0x00000000c002144e                FAT::rename(char const*, char const*)
                0x00000000c0021512                FAT::mkdir(char const*)
                0x00000000c002158c                FAT::exists(char const*)
 *fill*         0x00000000c00215f7        0x1 
 .text          0x00000000c00215f8      0xbc1 fs/iso9660/vfslink.32
                0x00000000c00215f8                ISO9660::format(LogicalDisk*, int, char const*, int)
                0x00000000c00215fe                ISO9660::seek(void*, unsigned long long)
                0x00000000c002162e                ISO9660::tell(void*, unsigned long long*)
                0x00000000c0021652                ISO9660::getName()
                0x00000000c0021658                ISO9660::stat(void*, unsigned long long*)
                0x00000000c002167c                ISO9660::chfatattr(char const*, unsigned char, unsigned char)
                0x00000000c0021682                ISO9660::unlink(char const*)
                0x00000000c0021688                ISO9660::write(void*, unsigned long, void*, int*)
                0x00000000c002168e                ISO9660::rename(char const*, char const*)
                0x00000000c0021694                ISO9660::mkdir(char const*)
                0x00000000c002169a                ISO9660::close(void*)
                0x00000000c00216bc                ISO9660::closeDir(void*)
                0x00000000c00216de                ISO9660::~ISO9660()
                0x00000000c00216de                ISO9660::~ISO9660()
                0x00000000c0021702                ISO9660::~ISO9660()
                0x00000000c0021729                __memmem(unsigned char*, int, unsigned char*, int)
                0x00000000c002176b                readSectorFromCDROM(unsigned int, unsigned char*, char)
                0x00000000c00217d2                ISO9660::tryMount(LogicalDisk*, int)
                0x00000000c0021822                ISO9660::read(void*, unsigned long, void*, int*)
                0x00000000c0021a22                ISO9660::readDir(void*, unsigned long, void*, int*)
                0x00000000c0021caf                readRoot(unsigned int*, unsigned int*, char)
                0x00000000c0021d04                readRecursively(char*, unsigned int, unsigned int, unsigned int*, unsigned int*, char, int*)
                0x00000000c0021ed7                getFileData(char*, unsigned int*, unsigned int*, char, int*)
                0x00000000c0021f66                ISO9660::open(char const*, void**, FileOpenMode)
                0x00000000c0022026                ISO9660::exists(char const*)
                0x00000000c002204a                ISO9660::stat(char const*, unsigned long long*, bool*)
                0x00000000c00220de                ISO9660::openDir(char const*, void**)
                0x00000000c0022196                ISO9660::ISO9660()
                0x00000000c0022196                ISO9660::ISO9660()
 *fill*         0x00000000c00221b9        0x1 
 .text          0x00000000c00221ba      0x326 hal/sound/sndchannel.32
                0x00000000c00221ba                SoundChannel::~SoundChannel()
                0x00000000c00221ba                SoundChannel::~SoundChannel()
                0x00000000c00221d6                SoundChannel::setSpeed(float)
                0x00000000c00221e2                SoundChannel::getSpeed()
                0x00000000c00221ea                SoundChannel::setVolume(int)
                0x00000000c0022206                SoundChannel::getVolume()
                0x00000000c002220e                SoundChannel::pause()
                0x00000000c0022218                SoundChannel::SoundChannel(int, int, int, int)
                0x00000000c0022218                SoundChannel::SoundChannel(int, int, int, int)
                0x00000000c002236e                SoundChannel::play()
                0x00000000c0022378                SoundChannel::paused()
                0x00000000c0022380                SoundChannel::getSampleRate()
                0x00000000c0022388                SoundChannel::getBits()
                0x00000000c0022390                SoundChannel::getBufferUsed()
                0x00000000c0022398                SoundChannel::getBufferSize()
                0x00000000c00223a0                SoundChannel::unbuffer(float*, int, int)
                0x00000000c0022440                SoundChannel::buffer8(unsigned char*, int)
 .text          0x00000000c00224e0      0x3d5 hal/sound/sndhw.32
                0x00000000c00224e0                SoundDevice::SoundDevice(char const*)
                0x00000000c00224e0                SoundDevice::SoundDevice(char const*)
                0x00000000c002254c                SoundDevice::~SoundDevice()
                0x00000000c002254c                SoundDevice::~SoundDevice()
                0x00000000c00225c6                SoundDevice::~SoundDevice()
                0x00000000c00225f0                SoundDevice::getFreeChannelNum()
                0x00000000c002260a                SoundDevice::addChannel(SoundChannel*)
                0x00000000c002267a                SoundDevice::removeChannel(int)
                0x00000000c00226ac                SoundDevice::floatTo8(float*, unsigned char*, int)
                0x00000000c0022794                SoundDevice::getAudio(int, float*, float*)
 .text          0x00000000c00228b5        0x0 hw/bus/isa.32
 *fill*         0x00000000c00228b5        0x1 
 .text          0x00000000c00228b6      0x6c3 hw/bus/pci.32
                0x00000000c00228b6                PCI::open(int, int, void*)
                0x00000000c00228ca                PCI::close(int, int, void*)
                0x00000000c00228ce                PCI::PCI()
                0x00000000c00228ce                PCI::PCI()
                0x00000000c002294e                PCI::pciReadWord(unsigned char, unsigned char, unsigned char, unsigned char)
                0x00000000c0022996                PCI::getVendorID(unsigned char, unsigned char, unsigned char)
                0x00000000c00229b8                PCI::getHeaderType(unsigned char, unsigned char, unsigned char)
                0x00000000c00229dc                PCI::getClassCode(unsigned char, unsigned char, unsigned char)
                0x00000000c0022a20                PCI::getProgIF(unsigned char, unsigned char, unsigned char)
                0x00000000c0022a44                PCI::getRevisionID(unsigned char, unsigned char, unsigned char)
                0x00000000c0022a66                PCI::getInterruptNumber(unsigned char, unsigned char, unsigned char)
                0x00000000c0022a88                PCI::getSecondaryBus(unsigned char, unsigned char, unsigned char)
                0x00000000c0022aac                PCI::getBARAddress(unsigned char, unsigned char, unsigned char, unsigned char)
                0x00000000c0022b0c                PCI::pciWriteWord(unsigned char, unsigned char, unsigned char, unsigned char, unsigned short)
                0x00000000c0022b78                PCI::checkBus(unsigned char)
                0x00000000c0022b9c                PCI::foundDevice(PCIDeviceInfo)
                0x00000000c0022d0e                PCI::getDeviceData(unsigned char, unsigned char, unsigned char)
                0x00000000c0022eba                PCI::checkDevice(unsigned char, unsigned char)
                0x00000000c0022f26                PCI::detect()
 *fill*         0x00000000c0022f79        0x1 
 .text          0x00000000c0022f7a      0xc70 hw/diskctrl/ide.32
                0x00000000c0022f7a                IDE::close(int, int, void*)
                0x00000000c0022f7e                IDE::IDE()
                0x00000000c0022f7e                IDE::IDE()
                0x00000000c0022fb2                IDE::prepareInterrupt(unsigned char)
                0x00000000c0022fc4                selectDrive(unsigned char, unsigned char)
                0x00000000c0022fc6                IDE::getBase(unsigned char)
                0x00000000c0022fd8                IDE::write(unsigned char, unsigned char, unsigned char)
                0x00000000c0023098                IDE::read(unsigned char, unsigned char)
                0x00000000c0023146                IDE::waitInterrupt(unsigned char)
                0x00000000c00231ac                ideChannel0IRQHandler(regs*, void*)
                0x00000000c00231c8                ideChannel1IRQHandler(regs*, void*)
                0x00000000c00231e4                IDE::enableIRQs(unsigned char, bool)
                0x00000000c002322a                IDE::open(int, int, void*)
                0x00000000c002363a                IDE::readBuffer(unsigned char, unsigned char, unsigned int, unsigned int)
                0x00000000c0023706                IDE::detect()
                0x00000000c00239ee                IDE::printError(unsigned char, unsigned char, unsigned char)
                0x00000000c0023b84                IDE::polling(unsigned char, unsigned int)
 .text          0x00000000c0023bea      0x390 hw/diskctrl/satabus.32
                0x00000000c0023bea                SATABus::close(int, int, void*)
                0x00000000c0023bee                SATABus::detect()
                0x00000000c0023bf0                SATABus::SATABus()
                0x00000000c0023bf0                SATABus::SATABus()
                0x00000000c0023c9c                SATABus::findCmdslot(SATABus::tagHBA_PORT volatile*)
                0x00000000c0023ce4                SATABus::checkType(SATABus::tagHBA_PORT volatile*)
                0x00000000c0023d2c                SATABus::startCmd(SATABus::tagHBA_PORT volatile*)
                0x00000000c0023d4c                SATABus::stopCmd(SATABus::tagHBA_PORT volatile*)
                0x00000000c0023d76                SATABus::portRebase(SATABus::tagHBA_PORT volatile*, int)
                0x00000000c0023e7c                SATABus::probePort(SATABus::tagHBA_MEM volatile*)
                0x00000000c0023f5a                SATABus::open(int, int, void*)
 .text          0x00000000c0023f7a      0x63c hw/diskphys/ata.32
                0x00000000c0023f7a                ATA::close(int, int, void*)
                0x00000000c0023f9e                ATA::powerSaving(PowerSavingLevel)
                0x00000000c0023fa0                ATA::ATA()
                0x00000000c0023fa0                ATA::ATA()
                0x00000000c0023fce                ATA::flush(bool)
                0x00000000c0024018                ATA::readyForCommand()
                0x00000000c0024068                ATA::access(unsigned long long, int, void*, bool)
                0x00000000c00243f0                ATA::read(unsigned long long, int, void*)
                0x00000000c0024458                ATA::write(unsigned long long, int, void*)
                0x00000000c00244c0                ATA::detectCHS()
                0x00000000c00244ea                ATA::open(int, int, void*)
 .text          0x00000000c00245b6      0x5bd hw/diskphys/atapi.32
                0x00000000c00245b6                ATAPI::write(unsigned long long, int, void*)
                0x00000000c00245bc                ATAPI::close(int, int, void*)
                0x00000000c00245e0                ATAPI::ATAPI()
                0x00000000c00245e0                ATAPI::ATAPI()
                0x00000000c002460e                ATAPI::readyForCommand()
                0x00000000c002465e                ATAPI::sendPacket(unsigned char*, int, bool, unsigned short*, int)
                0x00000000c002491e                ATAPI::diskRemoved()
                0x00000000c002493a                ATAPI::eject()
                0x00000000c0024982                ATAPI::diskInserted()
                0x00000000c00249b0                ATAPI::detectMedia()
                0x00000000c0024a6c                ATAPI::open(int, int, void*)
                0x00000000c0024af4                ATAPI::read(unsigned long long, int, void*)
 *fill*         0x00000000c0024b73        0x1 
 .text          0x00000000c0024b74      0x455 hw/diskphys/sata.32
                0x00000000c0024b74                SATA::close(int, int, void*)
                0x00000000c0024b98                SATA::powerSaving(PowerSavingLevel)
                0x00000000c0024b9a                SATA::open(int, int, void*)
                0x00000000c0024c48                SATA::SATA()
                0x00000000c0024c48                SATA::SATA()
                0x00000000c0024c76                SATA::access(unsigned long long, int, void*, bool)
                0x00000000c0024edc                SATA::read(unsigned long long, int, void*)
                0x00000000c0024f44                SATA::write(unsigned long long, int, void*)
 *fill*         0x00000000c0024fc9        0x1 
 .text          0x00000000c0024fca      0x500 hw/diskphys/satapi.32
                0x00000000c0024fca                SATAPI::write(unsigned long long, int, void*)
                0x00000000c0024fd0                SATAPI::close(int, int, void*)
                0x00000000c0024ff4                SATAPI::SATAPI()
                0x00000000c0024ff4                SATAPI::SATAPI()
                0x00000000c0025022                SATAPI::diskRemoved()
                0x00000000c002503e                SATAPI::diskInserted()
                0x00000000c002506c                SATAPI::sendPacket(unsigned char*, int, unsigned long long, unsigned short*, int)
                0x00000000c0025270                SATAPI::eject()
                0x00000000c00252b8                SATAPI::detectMedia()
                0x00000000c002537a                SATAPI::open(int, int, void*)
                0x00000000c0025428                SATAPI::read(unsigned long long, int, void*)
 .text          0x00000000c00254ca       0x8e hw/fpu/avx.32
                0x00000000c00254ca                AVX::open(int, int, void*)
                0x00000000c00254dc                AVX::close(int, int, void*)
                0x00000000c00254ee                AVX::available()
                0x00000000c0025500                AVX::save(void*)
                0x00000000c0025518                AVX::load(void*)
                0x00000000c0025530                AVX::AVX()
                0x00000000c0025530                AVX::AVX()
 .text          0x00000000c0025558       0x90 hw/fpu/mmx.32
                0x00000000c0025558                MMX::available()
                0x00000000c002556c                MMX::open(int, int, void*)
                0x00000000c002557e                MMX::close(int, int, void*)
                0x00000000c0025590                MMX::save(void*)
                0x00000000c00255a8                MMX::load(void*)
                0x00000000c00255c0                MMX::MMX()
                0x00000000c00255c0                MMX::MMX()
 .text          0x00000000c00255e8       0x96 hw/fpu/sse.32
                0x00000000c00255e8                SSE::open(int, int, void*)
                0x00000000c00255fa                SSE::close(int, int, void*)
                0x00000000c002560c                SSE::available()
                0x00000000c0025626                SSE::save(void*)
                0x00000000c002563e                SSE::load(void*)
                0x00000000c0025656                SSE::SSE()
                0x00000000c0025656                SSE::SSE()
 .text          0x00000000c002567e       0x8e hw/fpu/x87.32
                0x00000000c002567e                x87::open(int, int, void*)
                0x00000000c0025690                x87::close(int, int, void*)
                0x00000000c00256a2                x87::available()
                0x00000000c00256b4                x87::save(void*)
                0x00000000c00256cc                x87::load(void*)
                0x00000000c00256e4                x87::x87()
                0x00000000c00256e4                x87::x87()
 .text          0x00000000c002570c      0x71e hw/intctrl/apic.32
                0x00000000c002570c                APIC::disable()
                0x00000000c002570e                APIC::close(int, int, void*)
                0x00000000c0025730                IOAPIC::close(int, int, void*)
                0x00000000c0025736                APIC::io_wait()
                0x00000000c002573c                APIC::getBase()
                0x00000000c002577e                APIC::eoi(unsigned char)
                0x00000000c00257ac                APIC::open(int, int, void*)
                0x00000000c00258fa                IOAPIC::IOAPIC()
                0x00000000c00258fa                IOAPIC::IOAPIC()
                0x00000000c0025922                APIC::APIC()
                0x00000000c0025922                APIC::APIC()
                0x00000000c00259fe                IOAPIC::handlesGSIWithNumber(unsigned int)
                0x00000000c0025a30                IOAPIC::read(int)
                0x00000000c0025a58                IOAPIC::open(int, int, void*)
                0x00000000c0025b4e                IOAPIC::write(int, int)
                0x00000000c0025b7a                IOAPIC::redirect(unsigned char, unsigned long long, unsigned char, bool, bool)
                0x00000000c0025c74                APIC::installIRQHandler(int, void (*)(regs*, void*), bool, void*)
 .text          0x00000000c0025e2a      0x3d3 hw/intctrl/pic.32
                0x00000000c0025e2a                PIC::disable()
                0x00000000c0025e58                PIC::close(int, int, void*)
                0x00000000c0025e7a                PIC::PIC()
                0x00000000c0025e7a                PIC::PIC()
                0x00000000c0025f50                PIC::ioWait()
                0x00000000c0025f56                PIC::getIRQReg(int)
                0x00000000c0025fc0                PIC::eoi(unsigned char)
                0x00000000c0026052                PIC::remap()
                0x00000000c00261be                PIC::open(int, int, void*)
 *fill*         0x00000000c00261fd        0x1 
 .text          0x00000000c00261fe      0x25e hw/timer/apictimer.32
                0x00000000c00261fe                APICTimer::close(int, int, void*)
                0x00000000c0026204                apicTimerHandler(regs*, void*)
                0x00000000c0026232                APICTimer::write(int)
                0x00000000c0026336                APICTimer::open(int, int, void*)
                0x00000000c0026434                APICTimer::APICTimer()
                0x00000000c0026434                APICTimer::APICTimer()
 .text          0x00000000c002645c      0x1a7 hw/timer/pit.32
                0x00000000c002645c                PIT::write(int)
                0x00000000c00264da                pitHandler(regs*, void*)
                0x00000000c0026506                PIT::open(int, int, void*)
                0x00000000c0026554                PIT::close(int, int, void*)
                0x00000000c0026584                PIT::PIT()
                0x00000000c0026584                PIT::PIT()
 *fill*         0x00000000c0026603        0xd 
 .text          0x00000000c0026610       0x1e hw/fpu/x86/avx.32
                0x00000000c0026610                avxDetect
                0x00000000c0026616                avxSave
                0x00000000c0026617                avxLoad
                0x00000000c0026618                avxInit
                0x00000000c0026619                avxClose
                0x00000000c002661a                wouldSheSayYes
 *fill*         0x00000000c002662e        0x2 
 .text          0x00000000c0026630       0x35 hw/fpu/x86/sse.32
                0x00000000c0026630                absolutelyNoChanceInHell
                0x00000000c0026630                sseDetect
                0x00000000c0026648                sseSave
                0x00000000c002664e                sseLoad
                0x00000000c0026654                sseInit
                0x00000000c0026664                sseClose
 *fill*         0x00000000c0026665        0xb 
 .text          0x00000000c0026670       0x4d hw/fpu/x86/x87.32
                0x00000000c0026676                x87Detect
                0x00000000c0026691                x87Save
                0x00000000c002669a                x87Load
                0x00000000c00266a2                x87Init
                0x00000000c00266bc                x87Close
 *fill*         0x00000000c00266bd        0x3 
 .text          0x00000000c00266c0       0x25 /cygdrive/d/Users/Alex/Desktop/Toolchain/Output/bin/../lib/gcc/i386-banana/8.1.0/crtend.o
 .text          0x00000000c00266e5        0x0 crtn.32
 *fill*         0x00000000c00266e5        0x3 
 .text          0x00000000c00266e8      0x14b /cygdrive/d/Users/Alex/Desktop/Toolchain/Output/bin/../lib/gcc/i386-banana/8.1.0/libkgcc.a(_divdi3.o)
                0x00000000c00266e8                __divdi3
 *fill*         0x00000000c0026833        0x1 
 .text          0x00000000c0026834      0x17e /cygdrive/d/Users/Alex/Desktop/Toolchain/Output/bin/../lib/gcc/i386-banana/8.1.0/libkgcc.a(_moddi3.o)
                0x00000000c0026834                __moddi3
 *fill*         0x00000000c00269b2        0x2 
 .text          0x00000000c00269b4       0xff /cygdrive/d/Users/Alex/Desktop/Toolchain/Output/bin/../lib/gcc/i386-banana/8.1.0/libkgcc.a(_udivdi3.o)
                0x00000000c00269b4                __udivdi3
 *fill*         0x00000000c0026ab3        0x1 
 .text          0x00000000c0026ab4      0x11a /cygdrive/d/Users/Alex/Desktop/Toolchain/Output/bin/../lib/gcc/i386-banana/8.1.0/libkgcc.a(_umoddi3.o)
                0x00000000c0026ab4                __umoddi3
 .text          0x00000000c0026bce      0x96d D:/Users/Alex/Desktop/Banana/kernel/libsoftfp.a(sfieeelib.o)
                0x00000000c0026bce                __addsf3
                0x00000000c0026ed0                __subsf3
                0x00000000c0026ee4                __negsf2
                0x00000000c0026ef1                __mulsf3
                0x00000000c00270b4                __divsf3
                0x00000000c00272df                __floatsisf
                0x00000000c0027353                __floatunsisf
                0x00000000c0027395                __fixsfsi
                0x00000000c00273f7                __fixunssfsi
                0x00000000c0027428                __cmpsf2
                0x00000000c00274bd                __eqsf2