Archive member included to satisfy reference by file (symbol)

/cygdrive/d/Users/Alex/Desktop/Toolchain/Output/bin/../lib/gcc/i386-banana/8.1.0/libkgcc.a(_divdi3.o)
                              fs/fat/ff.32 (__divdi3)
/cygdrive/d/Users/Alex/Desktop/Toolchain/Output/bin/../lib/gcc/i386-banana/8.1.0/libkgcc.a(_moddi3.o)
                              compat/resolve.32 (__moddi3)
/cygdrive/d/Users/Alex/Desktop/Toolchain/Output/bin/../lib/gcc/i386-banana/8.1.0/libkgcc.a(_udivdi3.o)
                              fs/fat/ff.32 (__udivdi3)
/cygdrive/d/Users/Alex/Desktop/Toolchain/Output/bin/../lib/gcc/i386-banana/8.1.0/libkgcc.a(_umoddi3.o)
                              compat/resolve.32 (__umoddi3)
D:/Users/Alex/Desktop/Banana/kernel/libsoftfp.a(sfieeelib.o)
                              hal/sound/sndhw.32 (__addsf3)
D:/Users/Alex/Desktop/Banana/kernel/libsoftfp.a(dfieeelib.o)
                              hal/libresample/src_linear.32 (__adddf3)
D:/Users/Alex/Desktop/Banana/kernel/libsoftfp.a(sfdfcvt.o)
                              hal/libresample/samplerate.32 (__truncdfsf2)
D:/Users/Alex/Desktop/Banana/kernel/libk/libm32.a(s_fabs.c.o)
                              hal/libresample/samplerate.32 (fabs)
D:/Users/Alex/Desktop/Banana/kernel/libk/libm32.a(s_lrint.S.o)
                              hal/libresample/samplerate.32 (lrint)
D:/Users/Alex/Desktop/Banana/kernel/libk/libm32.a(s_lrintf.S.o)
                              hal/sound/sndhw.32 (lrintf)

Discarded input sections

 .comment       0x0000000000000000       0x12 /cygdrive/d/Users/Alex/Desktop/Toolchain/Output/bin/../lib/gcc/i386-banana/8.1.0/crtbegin.o
 .comment       0x0000000000000000       0x12 acpica/utclib.32
 .comment       0x0000000000000000       0x12 core/malloc.32
 .comment       0x0000000000000000       0x12 libk/string.32
 .comment       0x0000000000000000       0x12 fs/fat/diskio.32
 .comment       0x0000000000000000       0x12 fs/fat/ff.32
 .comment       0x0000000000000000       0x12 fs/fat/ffsystem.32
 .comment       0x0000000000000000       0x12 fs/fat/ffunicode.32
 .comment       0x0000000000000000       0x12 hal/libresample/samplerate.32
 .comment       0x0000000000000000       0x12 hal/libresample/src_linear.32
 .comment       0x0000000000000000       0x12 hal/libresample/src_sinc.32
 .comment       0x0000000000000000       0x12 hal/libresample/src_zoh.32
 .comment       0x0000000000000000       0x12 compat/inlines.32
 .comment       0x0000000000000000       0x12 compat/resolve.32
 .group         0x0000000000000000       0x14 core/computer.32
 .group         0x0000000000000000        0xc core/computer.32
 .comment       0x0000000000000000       0x12 core/computer.32
 .comment       0x0000000000000000       0x12 core/gdt.32
 .group         0x0000000000000000        0xc core/idle.32
 .comment       0x0000000000000000       0x12 core/idle.32
 .comment       0x0000000000000000       0x12 core/idt.32
 .comment       0x0000000000000000       0x12 core/kheap.32
 .comment       0x0000000000000000       0x12 core/main.32
 .comment       0x0000000000000000       0x12 core/physmgr.32
 .group         0x0000000000000000        0xc core/pipe.32
 .comment       0x0000000000000000       0x12 core/pipe.32
 .group         0x0000000000000000        0xc core/terminal.32
 .comment       0x0000000000000000       0x12 core/terminal.32
 .comment       0x0000000000000000       0x12 core/tss.32
 .group         0x0000000000000000        0x8 core/unixfile.32
 .group         0x0000000000000000        0xc core/unixfile.32
 .group         0x0000000000000000        0xc core/unixfile.32
 .group         0x0000000000000000        0x8 core/unixfile.32
 .group         0x0000000000000000        0xc core/unixfile.32
 .group         0x0000000000000000        0x8 core/unixfile.32
 .group         0x0000000000000000        0xc core/unixfile.32
 .group         0x0000000000000000        0xc core/unixfile.32
 .comment       0x0000000000000000       0x12 core/unixfile.32
 .comment       0x0000000000000000       0x12 core/virtmgr.32
 .comment       0x0000000000000000       0x12 coreobjs/c++.32
 .comment       0x0000000000000000       0x12 dbg/kconsole.32
 .group         0x0000000000000000        0xc fs/vfs.32
 .group         0x0000000000000000        0xc fs/vfs.32
 .group         0x0000000000000000        0xc fs/vfs.32
 .comment       0x0000000000000000       0x12 fs/vfs.32
 .group         0x0000000000000000        0xc hal/bus.32
 .comment       0x0000000000000000       0x12 hal/bus.32
 .group         0x0000000000000000        0xc hal/buzzer.32
 .comment       0x0000000000000000       0x12 hal/buzzer.32
 .group         0x0000000000000000        0xc hal/clock.32
 .comment       0x0000000000000000       0x12 hal/clock.32
 .group         0x0000000000000000       0x14 hal/device.32
 .group         0x0000000000000000        0xc hal/device.32
 .group         0x0000000000000000        0xc hal/device.32
 .group         0x0000000000000000        0xc hal/device.32
[...]
Memory Configuration

Name             Origin             Length             Attributes
*default*        0x0000000000000000 0xffffffffffffffff

Linker script and memory map

LOAD D:/Users/Alex/Desktop/Banana/kernel/boot.32
LOAD crti.32
LOAD /cygdrive/d/Users/Alex/Desktop/Toolchain/Output/bin/../lib/gcc/i386-banana/8.1.0/crtbegin.o
LOAD D:/Users/Alex/Desktop/Banana/kernel/morenasm.32
LOAD acpica/utclib.32
LOAD core/malloc.32
LOAD libk/string.32
LOAD fs/fat/diskio.32
LOAD fs/fat/ff.32
LOAD fs/fat/ffsystem.32
LOAD fs/fat/ffunicode.32
LOAD hal/libresample/samplerate.32
LOAD hal/libresample/src_linear.32
LOAD hal/libresample/src_sinc.32
LOAD hal/libresample/src_zoh.32
LOAD compat/inlines.32
LOAD compat/resolve.32
LOAD core/computer.32
LOAD core/gdt.32
LOAD core/idle.32
LOAD core/idt.32
LOAD core/kheap.32
LOAD core/main.32
LOAD core/physmgr.32
LOAD core/pipe.32
LOAD core/terminal.32
LOAD core/tss.32
LOAD core/unixfile.32
LOAD core/virtmgr.32
LOAD coreobjs/c++.32
LOAD dbg/kconsole.32
LOAD fs/vfs.32
LOAD hal/bus.32
LOAD hal/buzzer.32
LOAD hal/clock.32
LOAD hal/device.32
LOAD hal/diskctrl.32
LOAD hal/diskphys.32
LOAD hal/fpu.32
LOAD hal/intctrl.32
LOAD hal/keybrd.32
LOAD hal/logidisk.32
LOAD hal/mouse.32
LOAD hal/partition.32
LOAD hal/serial.32
LOAD hal/timer.32
LOAD hal/vcache.32
LOAD hal/video.32
LOAD hw/acpi.32
LOAD hw/cpu.32
LOAD hw/ports.32
LOAD krnl/env.32
LOAD krnl/panic.32
LOAD net/ethernet.32
LOAD reg/registry.32
LOAD sys/sc_exit.32
LOAD sys/sc_getcwd.32
LOAD sys/sc_getpid.32
LOAD sys/sc_loaddll.32
LOAD sys/sc_read.32
LOAD sys/sc_sbrk.32
LOAD sys/sc_setcwd.32
LOAD sys/sc_settime.32
LOAD sys/sc_timezone.32
LOAD sys/sc_write.32
LOAD sys/sc_yield.32
LOAD sys/syscalls.32
LOAD thr/elf.32
LOAD thr/prcssthr.32
LOAD vm86/vm8086.32
LOAD vm86/x87em.32
LOAD fs/fat/vfslink.32
LOAD fs/iso9660/vfslink.32
LOAD hal/sound/sndchannel.32
LOAD hal/sound/sndhw.32
LOAD hw/bus/isa.32
LOAD hw/bus/pci.32
LOAD hw/diskctrl/ide.32
LOAD hw/diskctrl/satabus.32
LOAD hw/diskphys/ata.32
LOAD hw/diskphys/atapi.32
LOAD hw/diskphys/sata.32
LOAD hw/fpu/avx.32
LOAD hw/fpu/mmx.32
LOAD hw/fpu/sse.32
LOAD hw/fpu/x87.32
LOAD hw/intctrl/apic.32
LOAD hw/intctrl/pic.32
LOAD hw/timer/apictimer.32
LOAD hw/timer/pit.32
LOAD hw/fpu/x86/avx.32
LOAD hw/fpu/x86/sse.32
LOAD hw/fpu/x86/x87.32
LOAD /cygdrive/d/Users/Alex/Desktop/Toolchain/Output/bin/../lib/gcc/i386-banana/8.1.0/crtend.o
LOAD crtn.32
LOAD /cygdrive/d/Users/Alex/Desktop/Toolchain/Output/bin/../lib/gcc/i386-banana/8.1.0/libkgcc.a
LOAD D:/Users/Alex/Desktop/Banana/kernel/libsoftfp.a
LOAD D:/Users/Alex/Desktop/Banana/kernel/libk/libm32.a
                0x00000000c0000000                . = 0xc0000000

.text           0x00000000c0000000    0x27448
 *(.text)
 .text          0x00000000c0000000       0x41 D:/Users/Alex/Desktop/Banana/kernel/boot.32
                0x00000000c0000020                callGlobalConstructors
 .text          0x00000000c0000041        0x0 crti.32
 *fill*         0x00000000c0000041        0x3 
 .text          0x00000000c0000044      0x101 /cygdrive/d/Users/Alex/Desktop/Toolchain/Output/bin/../lib/gcc/i386-banana/8.1.0/crtbegin.o
 *fill*         0x00000000c0000145        0xb 
 .text          0x00000000c0000150      0x4ed D:/Users/Alex/Desktop/Banana/kernel/morenasm.32
                0x00000000c0000150                manualPCIProbe
                0x00000000c000019b                prepareTramp
                0x00000000c00001b4                voodooXADD
                0x00000000c000027f                doTPAUSE
                0x00000000c0000289                hasLegacyFPU
                0x00000000c00002ae                is486
                0x00000000c00002e4                detectCPUID
                0x00000000c00002fa                goToVM86
                0x00000000c000032a                goToUsermode
                0x00000000c0000354                switchToThreadASMFirstTime
                0x00000000c0000362                switchToThreadASM
                0x00000000c00003ea                asmQuickAcquireLock
                0x00000000c0000408                asmQuickReleaseLock
                0x00000000c0000414                asmAcquireLock
                0x00000000c0000435                asmReleaseLock
                0x00000000c0000448                loadGDT
                0x00000000c0000468                isr0
                0x00000000c0000478                isr1
                0x00000000c0000482                isr2
                0x00000000c000048c                isr3
                0x00000000c0000496                isr4
                0x00000000c00004a0                isr5
                0x00000000c00004aa                isr6
                0x00000000c00004b4                isr7
                0x00000000c00004be                isr8
                0x00000000c00004c6                isr9
                0x00000000c00004d0                isr10
                0x00000000c00004d8                isr11
                0x00000000c00004e0                isr12
                0x00000000c00004e8                isr13
                0x00000000c00004f0                isr14
                0x00000000c00004f8                isr15
                0x00000000c0000502                isr16
                0x00000000c000050c                isr17
                0x00000000c0000516                isr18
                0x00000000c0000520                irq3
                0x00000000c000052a                irq4
                0x00000000c0000534                irq5
                0x00000000c000053e                irq6
                0x00000000c0000548                irq7
                0x00000000c0000552                irq8
                0x00000000c000055c                irq9
                0x00000000c0000566                irq10
                0x00000000c0000570                irq11
                0x00000000c000057a                irq12
                0x00000000c0000584                irq13
                0x00000000c000058e                irq14
                0x00000000c0000598                irq15
                0x00000000c00005a2                irq1
                0x00000000c00005a9                irq2
                0x00000000c00005b0                isr96
                0x00000000c00005b7                irq0
                0x00000000c00005bc                int_common_stub
                0x00000000c00005bc                syscall_common_stub
                0x00000000c00005ed                irq16
                0x00000000c00005f7                irq17
                0x00000000c0000601                irq18
                0x00000000c000060b                irq19
                0x00000000c0000615                irq20
                0x00000000c000061f                irq21
                0x00000000c0000629                irq22
                0x00000000c0000633                irq23
 .text          0x00000000c000063d      0x3fd acpica/utclib.32
                0x00000000c000063d                memcmp
                0x00000000c0000668                memmove
                0x00000000c00006a0                memcpy
                0x00000000c00006c4                memset
                0x00000000c00006e1                strlen
                0x00000000c00006f1                strpbrk
                0x00000000c0000714                strtok
                0x00000000c0000763                strcpy
                0x00000000c0000783                strncpy
                0x00000000c00007b4                strcmp
                0x00000000c00007d5                strchr
                0x00000000c00007eb                strncmp
                0x00000000c000081a                strcat
                0x00000000c0000841                strncat
                0x00000000c000087b                strstr
                0x00000000c00008b8                toupper
                0x00000000c00008cc                tolower
                0x00000000c00008e0                simple_strtoul
 .text          0x00000000c0000a3a      0xfbf core/malloc.32
                0x00000000c0000ba5                dlfree
                0x00000000c0000f00                dlmalloc
                0x00000000c000143d                dlrealloc
                0x00000000c00015f2                dlmemalign
                0x00000000c0001715                dlcalloc
                0x00000000c00017af                dlcfree
                0x00000000c00017b4                dlindependent_calloc
                0x00000000c00017d9                dlindependent_comalloc
                0x00000000c00017f0                dlvalloc
                0x00000000c000181b                dlpvalloc
                0x00000000c0001851                dlmalloc_trim
                0x00000000c000185e                dlmalloc_usable_size
                0x00000000c000188f                dlmallinfo
                0x00000000c000195e                dlmalloc_stats
                0x00000000c000196f                dlmallopt
 .text          0x00000000c00019f9        0x0 libk/string.32
 .text          0x00000000c00019f9       0x51 fs/fat/diskio.32
                0x00000000c00019f9                disk_status
                0x00000000c00019fc                disk_initialize
                0x00000000c00019ff                disk_read
                0x00000000c0001a15                disk_write
                0x00000000c0001a2b                disk_ioctl
 .text          0x00000000c0001a4a     0x6833 fs/fat/ff.32
                0x00000000c0004d18                f_mount
                0x00000000c0004d7a                f_open
                0x00000000c00051b6                f_read
                0x00000000c0005436                f_write
                0x00000000c00056f0                f_sync
                0x00000000c00058cc                f_close
                0x00000000c00058fb                f_lseek
                0x00000000c0005db2                f_opendir
                0x00000000c0005eb4                f_closedir
                0x00000000c0005ed6                f_readdir
                0x00000000c0005f71                f_stat
                0x00000000c0006000                f_getfree
                0x00000000c00061cb                f_truncate
                0x00000000c00062c3                f_unlink
                0x00000000c0006446                f_mkdir
                0x00000000c0006672                f_rename
                0x00000000c0006965                f_chmod
                0x00000000c0006a43                f_utime
                0x00000000c0006b21                f_getlabel
                0x00000000c0006d0f                f_setlabel
                0x00000000c0006f7c                f_forward
                0x00000000c000715a                f_mkfs
 .text          0x00000000c000827d       0x2d fs/fat/ffsystem.32
                0x00000000c000827d                ff_memalloc
                0x00000000c0008293                ff_memfree
 .text          0x00000000c00082aa      0x253 fs/fat/ffunicode.32
                0x00000000c00082aa                ff_uni2oem
                0x00000000c000833a                ff_oem2uni
                0x00000000c00083a6                ff_wtoupper
 .text          0x00000000c00084fd      0x8fb hal/libresample/samplerate.32
                0x00000000c0008541                src_delete
                0x00000000c000857d                src_process
                0x00000000c0008733                src_callback_read
                0x00000000c00088b0                src_set_ratio
                0x00000000c000891a                src_get_channels
                0x00000000c000893c                src_reset
                0x00000000c0008988                src_new
                0x00000000c0008a16                src_callback_new
                0x00000000c0008a78                src_get_name
                0x00000000c0008aaf                src_get_description
                0x00000000c0008ae6                src_get_version
                0x00000000c0008aec                src_is_valid_ratio
                0x00000000c0008b40                src_error
                0x00000000c0008b4e                src_strerror
                0x00000000c0008b61                src_simple
                0x00000000c0008bb4                src_short_to_float_array
                0x00000000c0008c19                src_float_to_short_array
                0x00000000c0008cd8                src_int_to_float_array
                0x00000000c0008d3b                src_float_to_int_array
 .text          0x00000000c0008df8      0x8cb hal/libresample/src_linear.32
                0x00000000c000961e                linear_get_name
                0x00000000c000962d                linear_get_description
                0x00000000c000963c                linear_set_converter
 .text          0x00000000c00096c3     0x447c hal/libresample/src_sinc.32
                0x00000000c000da56                sinc_get_name
                0x00000000c000da69                sinc_get_description
                0x00000000c000da7c                sinc_set_converter
 .text          0x00000000c000db3f      0x77c hal/libresample/src_zoh.32
                0x00000000c000e216                zoh_get_name
                0x00000000c000e225                zoh_get_description
                0x00000000c000e234                zoh_set_converter
 .text          0x00000000c000e2bb       0x23 compat/inlines.32
                0x00000000c000e2bb                CPU::current()
                0x00000000c000e2c8                operator new(unsigned long)
 .text          0x00000000c000e2de      0x111 compat/resolve.32
                0x00000000c000e2de                Krnl::resolveCompatibilitySymbol(char*)
 *fill*         0x00000000c000e3ef        0x1 
 .text          0x00000000c000e3f0      0xa11 core/computer.32
                0x00000000c000e3f0                Computer::close(int, int, void*)
                0x00000000c000e434                Krnl::firstTask()
                0x00000000c000e51e                Computer::Computer()
                0x00000000c000e51e                Computer::Computer()
                0x00000000c000e67a                Computer::setBootMessage(char const*)
                0x00000000c000e67c                Computer::detectFeatures()
                0x00000000c000e886                Computer::displayFeatures()
                0x00000000c000ebcc                Computer::rdmsr(unsigned int)
                0x00000000c000ebf8                Computer::wrmsr(unsigned int, unsigned long long)
                0x00000000c000ec30                Computer::nmiEnabled()
                0x00000000c000ec3c                Computer::readCMOS(unsigned char)
                0x00000000c000ec56                Computer::enableNMI(bool)
                0x00000000c000ec6e                Computer::open(int, int, void*)
                0x00000000c000ed44                Computer::disableNMI()
                0x00000000c000ed52                Computer::writeCMOS(unsigned char, unsigned char)
                0x00000000c000ed70                Computer::handleNMI()
                0x00000000c000edd6                Computer::setDiskActivityLight(int, bool)
 *fill*         0x00000000c000ee01        0x1 
 .text          0x00000000c000ee02      0x1b7 core/gdt.32
                0x00000000c000ee02                GDTEntry::setBase(unsigned int)
                0x00000000c000ee1e                GDTEntry::setLimit(unsigned int)
                0x00000000c000ee3c                GDT::GDT()
                0x00000000c000ee3c                GDT::GDT()
                0x00000000c000ee52                GDT::addEntry(GDTEntry)
                0x00000000c000ee8e                GDT::getNumberOfEntries()
                0x00000000c000ee96                GDT::flush()
                0x00000000c000eeb8                GDT::setup()
 .text          0x00000000c000efb9       0x62 core/idle.32
                0x00000000c000efb9                idleFunction(void*)
 *fill*         0x00000000c000f01b        0x1 
 .text          0x00000000c000f01c      0x45f core/idt.32
                0x00000000c000f01c                IDTEntry::IDTEntry(bool)
                0x00000000c000f01c                IDTEntry::IDTEntry(bool)
                0x00000000c000f08a                IDTEntry::setOffset(unsigned int)
                0x00000000c000f09e                IDT::IDT()
                0x00000000c000f09e                IDT::IDT()
                0x00000000c000f0a0                IDT::getPointerToInvalidOpcodeEntryForF00F()
                0x00000000c000f0a8                IDT::addEntry(IDTEntry, int)
                0x00000000c000f0c2                IDT::addEntry(int, void (*)(), bool)
                0x00000000c000f0fa                IDT::flush()
                0x00000000c000f114                IDT::setup()
 .text          0x00000000c000f47b      0x203 core/kheap.32
                0x00000000c000f47b                sbrk
                0x00000000c000f589                mmap
                0x00000000c000f59f                munmap
                0x00000000c000f5b5                liballoc_lock()
                0x00000000c000f5c6                liballoc_unlock()
                0x00000000c000f5d7                liballoc_alloc(int)
                0x00000000c000f5f2                liballoc_free(void*, int)
                0x00000000c000f610                realloc
                0x00000000c000f624                malloc
                0x00000000c000f634                free
                0x00000000c000f644                rfree
                0x00000000c000f654                calloc
 .text          0x00000000c000f67e      0x456 core/main.32
                0x00000000c000f67e                hwTextMode_loadInData(VgaText*)
                0x00000000c000f6c9                hwTextMode_loadInTitle(VgaText*, char*)
                0x00000000c000f747                hwTextMode_showCursor(VgaText*, bool)
                0x00000000c000f7a5                hwTextMode_update(VgaText*)
                0x00000000c000f7a6                hwTextMode_updateCursor(VgaText*)
                0x00000000c000f7f7                hwTextMode_disableBlink(VgaText*, bool)
                0x00000000c000f83d                hwTextMode_scrollScreen(VgaText*)
                0x00000000c000f8ea                hwTextMode_writeCharacter(VgaText*, char, VgaColour, VgaColour, int, int)
                0x00000000c000f96c                setupTextMode()
                0x00000000c000f9dc                kernel_main
 .text          0x00000000c000fad4      0x54d core/physmgr.32
                0x00000000c000fad4                Phys::allocateDMA(unsigned long)
                0x00000000c000fb77                Phys::freeDMA(unsigned long, unsigned long)
                0x00000000c000fbbf                Phys::setPageState(unsigned long, bool)
                0x00000000c000fbf1                Phys::getPageState(unsigned long)
                0x00000000c000fc0d                Phys::freePage(unsigned long)
                0x00000000c000fc97                Phys::allocatePage()
                0x00000000c000fd5f                Phys::allocateContiguousPages(int)
                0x00000000c000fdb9                Phys::allowSegmentToBeUsed(unsigned long, unsigned long)
                0x00000000c000fdf1                Phys::physicalMemorySetup(unsigned int)
 *fill*         0x00000000c0010021        0x1 
 .text          0x00000000c0010022      0x273 core/pipe.32
                0x00000000c0010022                Pipe::isAtty()
                0x00000000c0010026                Pipe::~Pipe()
                0x00000000c0010026                Pipe::~Pipe()
                0x00000000c001004a                Pipe::~Pipe()
                0x00000000c0010072                Pipe::read(unsigned long long, void*, int*)
                0x00000000c0010166                Pipe::write(unsigned long long, void*, int*)
                0x00000000c001022e                Pipe::Pipe(int)
                0x00000000c001022e                Pipe::Pipe(int)
 *fill*         0x00000000c0010295        0x1 
 .text          0x00000000c0010296      0xf73 core/terminal.32
                0x00000000c0010296                VgaText::isAtty()
                0x00000000c001029a                VgaText::~VgaText()
                0x00000000c001029a                VgaText::~VgaText()
                0x00000000c00102be                VgaText::~VgaText()
                0x00000000c00102e8                VgaText::read(unsigned long long, void*, int*)
                0x00000000c0010308                setTerminalScrollLock(bool)
                0x00000000c0010309                addToTerminalCycle(VgaText*)
                0x00000000c0010336                installVgaTextImplementation()
                0x00000000c001034b                scrollTerminalScrollLock(int)
                0x00000000c001034c                VgaText::load()
                0x00000000c00103a0                VgaText::updateCursor()
                0x00000000c00103ba                VgaText::showCursor(bool)
                0x00000000c00103ca                VgaText::disableBlink(bool)
                0x00000000c0010404                VgaText::doANSI_SGR(int)
                0x00000000c0010490                VgaText::setDefaultBgColour(VgaColour)
                0x00000000c00104a6                VgaText::setDefaultFgColour(VgaColour)
                0x00000000c00104bc                VgaText::setDefaultColours(VgaColour, VgaColour)
                0x00000000c00104dc                VgaText::combineColours(unsigned char, unsigned char)
                0x00000000c00104ee                VgaText::scrollScreen()
                0x00000000c0010582                VgaText::combineCharAndColour(char, unsigned char)
                0x00000000c0010594                VgaText::writeCharacter(char, VgaColour, VgaColour, int, int)
                0x00000000c00105f4                VgaText::getCursorX()
                0x00000000c0010600                VgaText::getCursorY()
                0x00000000c001060c                VgaText::setCursor(int, int)
                0x00000000c001062a                VgaText::setCursorX(int)
                0x00000000c0010646                VgaText::setCursorY(int)
                0x00000000c0010662                VgaText::incrementCursor(bool)
                0x00000000c00106ca                VgaText::updateRAMUsageDisplay(int)
                0x00000000c001072e                VgaText::updateDiskUsage()
                0x00000000c0010898                VgaText::updateTitle()
                0x00000000c00108de                VgaText::setTitleTextColour(VgaColour)
                0x00000000c00108ee                VgaText::setTitleColour(VgaColour)
                0x00000000c00108fe                VgaText::setTitle(char*)
                0x00000000c0010924                VgaText::decrementCursor(bool)
                0x00000000c001094c                VgaText::putchar(char, VgaColour, VgaColour)
                0x00000000c0010a48                VgaText::isShowingCursor()
                0x00000000c0010a54                VgaText::isBlinkDisabled()
                0x00000000c0010a62                VgaText::setCursorHeight(int)
                0x00000000c0010a80                VgaText::getCursorHeight()
                0x00000000c0010a8b                setActiveTerminal(VgaText*)
                0x00000000c0010b3d                doTerminalCycle()
                0x00000000c0010b5a                VgaText::doUpdate()
                0x00000000c0010b6c                VgaText::puts(char const*, VgaColour, VgaColour)
                0x00000000c0010d2c                VgaText::clearScreen()
                0x00000000c0010d90                VgaText::putchar(char)
                0x00000000c0010eaa                VgaText::puts(char const*)
                0x00000000c0010ed0                VgaText::putx(unsigned int)
                0x00000000c0010f16                VgaText::VgaText(char const*)
                0x00000000c0010f16                VgaText::VgaText(char const*)
                0x00000000c00110a8                VgaText::receiveKey(unsigned char)
                0x00000000c0011190                VgaText::write(unsigned long long, void*, int*)
                0x00000000c00111e4                newTerminal(char*)
 *fill*         0x00000000c0011209        0x1 
 .text          0x00000000c001120a      0x1b3 core/tss.32
                0x00000000c001120a                TSS::TSS()
                0x00000000c001120a                TSS::TSS()
                0x00000000c0011218                TSS::setESP(unsigned long)
                0x00000000c001122a                TSS::flush()
                0x00000000c001124a                TSS::setup(unsigned long, unsigned long)
 *fill*         0x00000000c00113bd        0x1 
 .text          0x00000000c00113be      0x4c2 core/unixfile.32
                0x00000000c00113be                ReservedFilename::read(unsigned long long, void*, int*)
                0x00000000c0011414                ReservedFilename::isAtty()
                0x00000000c0011430                ReservedFilename::write(unsigned long long, void*, int*)
                0x00000000c001148e                UnixFile::getFileDescriptor()
                0x00000000c0011496                UnixFile::UnixFile(int)
                0x00000000c0011496                UnixFile::UnixFile(int)
                0x00000000c0011646                ReservedFilename::ReservedFilename(int)
                0x00000000c0011646                ReservedFilename::ReservedFilename(int)
                0x00000000c0011678                UnixFile::~UnixFile()
                0x00000000c0011678                UnixFile::~UnixFile()
                0x00000000c0011710                UnixFile::~UnixFile()
                0x00000000c0011738                ReservedFilename::~ReservedFilename()
                0x00000000c0011738                ReservedFilename::~ReservedFilename()
                0x00000000c001175c                ReservedFilename::~ReservedFilename()
                0x00000000c0011783                getFromFileDescriptor(int)
 .text          0x00000000c0011880      0xee3 core/virtmgr.32
                0x00000000c0011880                Virt::setPageState(unsigned long, Virt::VirtPageState)
                0x00000000c00118b5                Virt::getPageState(unsigned long)
                0x00000000c00118d9                Virt::allocateKernelVirtualPages(int)
                0x00000000c00119ea                Virt::virtualMemorySetup()
                0x00000000c0011a69                Virt::getAKernelVAS()
                0x00000000c0011a6f                Virt::setupPageSwapping(int)
                0x00000000c0011b9e                VAS::VAS()
                0x00000000c0011b9e                VAS::VAS()
                0x00000000c0011bce                VAS::VAS(VAS*)
                0x00000000c0011bce                VAS::VAS(VAS*)
                0x00000000c0011bf2                VAS::getForeignPageTableEntry(bool, unsigned long)
                0x00000000c0011c1e                VAS::getPageTableEntry(unsigned long)
                0x00000000c0011c3d                Virt::freeKernelVirtualPages(unsigned long)
                0x00000000c0011d60                VAS::freeAllocatedPages(unsigned long)
                0x00000000c0011d84                VAS::virtualToPhysical(unsigned long)
                0x00000000c0011d9c                VAS::reflagRange(unsigned long, int, int, int)
                0x00000000c0011ddc                VAS::setToWriteCombining(unsigned long, int)
                0x00000000c0011e0e                VAS::mapOtherVASIn(bool, VAS*)
                0x00000000c0011e38                VAS::~VAS()
                0x00000000c0011e38                VAS::~VAS()
                0x00000000c0011fa4                VAS::mapPage(unsigned long, unsigned long, int)
                0x00000000c00120a4                VAS::allocatePages(int, int)
                0x00000000c001227c                VAS::setCPUSpecific(unsigned long)
                0x00000000c0012298                VAS::mapRange(unsigned long, unsigned long, int, int)
                0x00000000c001235e                VAS::mapForeignPage(bool, VAS*, unsigned long, unsigned long, int)
                0x00000000c001244c                VAS::VAS(bool)
                0x00000000c001244c                VAS::VAS(bool)
                0x00000000c00126a7                mapVASFirstTime
 .text          0x00000000c0012763       0x95 coreobjs/c++.32
                0x00000000c0012763                __cxa_atexit
                0x00000000c0012766                __cxa_finalize
                0x00000000c0012767                __stack_chk_fail
                0x00000000c00127d3                __cxa_pure_virtual
                0x00000000c00127e4                operator new[](unsigned long)
                0x00000000c00127e9                operator delete(void*, unsigned long)
                0x00000000c00127ee                operator delete[](void*)
                0x00000000c00127f3                operator delete[](void*, unsigned long)
 .text          0x00000000c00127f8      0x1ef dbg/kconsole.32
                0x00000000c00127f8                Dbg::stringifyxWithBase(unsigned int, char*, int)
                0x00000000c0012859                Dbg::logc(char)
                0x00000000c0012870                Dbg::logs(char*)
                0x00000000c001288d                Dbg::logWriteInt(unsigned int)
                0x00000000c00128aa                Dbg::logWriteIntBase(unsigned int, int)
                0x00000000c00128c9                Dbg::kprintf(char const*, ...)
 *fill*         0x00000000c00129e7        0x1 
 .text          0x00000000c00129e8      0xb7c fs/vfs.32
                0x00000000c00129e8                File::read(unsigned long long, void*, int*)
                0x00000000c0012a40                File::write(unsigned long long, void*, int*)
                0x00000000c0012a98                Directory::read(unsigned long long, void*, int*)
                0x00000000c0012af0                Directory::write(unsigned long long, void*, int*)
                0x00000000c0012b1e                File::isAtty()
                0x00000000c0012b22                Directory::isAtty()
                0x00000000c0012b26                Filesystem::getlabel(LogicalDisk*, int, char*, unsigned int*)
                0x00000000c0012b2c                Filesystem::setlabel(LogicalDisk*, int, char*)
                0x00000000c0012b32                File::~File()
                0x00000000c0012b32                File::~File()
                0x00000000c0012b56                File::~File()
                0x00000000c0012b80                Directory::~Directory()
                0x00000000c0012b80                Directory::~Directory()
                0x00000000c0012ba4                Directory::~Directory()
                0x00000000c0012bce                Filesystem::Filesystem()
                0x00000000c0012bce                Filesystem::Filesystem()
                0x00000000c0012bf2                Filesystem::~Filesystem()
                0x00000000c0012bf2                Filesystem::~Filesystem()
                0x00000000c0012c00                Filesystem::~Filesystem()
                0x00000000c0012c24                Fs::getcwd(Process*, char*, int)
                0x00000000c0012c4e                Fs::initVFS()
                0x00000000c0012c78                Fs::standardiseFiles(char*, char const*, char const*)
                0x00000000c0012e22                File::File(char const*, Process*)
                0x00000000c0012e22                File::File(char const*, Process*)
                0x00000000c0012e86                File::open(FileOpenMode)
                0x00000000c0012ee4                File::close()
                0x00000000c0012f44                File::seek(unsigned long long)
                0x00000000c0012f9a                File::tell(unsigned long long*)
                0x00000000c0012fea                File::rewind()
                0x00000000c0012ffe                File::unlink()
                0x00000000c001304a                File::rename(char const*)
                0x00000000c0013098                File::chfatattr(unsigned char, unsigned char)
                0x00000000c00130f4                File::exists()
                0x00000000c0013132                File::stat(unsigned long long*, bool*)
                0x00000000c0013193                Fs::setcwd(Process*, char*)
                0x00000000c00132ce                Directory::Directory(char const*, Process*)
                0x00000000c00132ce                Directory::Directory(char const*, Process*)
                0x00000000c0013332                Directory::open()
                0x00000000c001338e                Directory::close()
                0x00000000c00133ee                Directory::unlink()
                0x00000000c001343a                Directory::rename(char const*)
                0x00000000c0013488                Directory::exists()
                0x00000000c00134c6                Directory::read(dirent*)
                0x00000000c0013512                Directory::create()
                0x00000000c001355e                Filesystem::chfatattr(char const*, unsigned char, unsigned char)
 .text          0x00000000c0013564       0x84 hal/bus.32
                0x00000000c0013564                Bus::Bus(char const*)
                0x00000000c0013564                Bus::Bus(char const*)
                0x00000000c001359a                Bus::~Bus()
                0x00000000c001359a                Bus::~Bus()
                0x00000000c00135be                Bus::~Bus()
 .text          0x00000000c00135e8      0x14e hal/buzzer.32
                0x00000000c00135e8                Buzzer::Buzzer(char const*)
                0x00000000c00135e8                Buzzer::Buzzer(char const*)
                0x00000000c001362c                Buzzer::~Buzzer()
                0x00000000c001362c                Buzzer::~Buzzer()
                0x00000000c0013650                Buzzer::~Buzzer()
                0x00000000c001367a                Buzzer::stop()
                0x00000000c001368d                beepThread(void*)
                0x00000000c00136c8                Buzzer::beep(int, int, bool)
 .text          0x00000000c0013736      0x467 hal/clock.32
                0x00000000c0013736                User::loadClockSettings(int)
                0x00000000c0013788                Clock::Clock(char const*)
                0x00000000c0013788                Clock::Clock(char const*)
                0x00000000c00137be                Clock::~Clock()
                0x00000000c00137be                Clock::~Clock()
                0x00000000c00137e2                Clock::~Clock()
                0x00000000c001380c                Clock::timeInSecondsLocal()
                0x00000000c0013854                Clock::setTimeInSecondsLocal(unsigned long long)
                0x00000000c00138ad                datetimeToSeconds(datetime_t)
                0x00000000c00139d4                Clock::setTimeInDatetimeLocal(datetime_t)
                0x00000000c0013a34                secondsToDatetime(unsigned long long)
                0x00000000c0013b78                Clock::timeInDatetimeLocal()
 *fill*         0x00000000c0013b9d        0x1 
 .text          0x00000000c0013b9e      0x4de hal/device.32
                0x00000000c0013b9e                Device::hibernate()
                0x00000000c0013ba0                Device::wake()
                0x00000000c0013ba2                Device::detect()
                0x00000000c0013ba4                Device::disableLegacy()
                0x00000000c0013ba6                Device::powerSaving(PowerSavingLevel)
                0x00000000c0013ba8                DriverlessDevice::close(int, int, void*)
                0x00000000c0013bac                DriverlessDevice::detect()
                0x00000000c0013bae                DriverlessDevice::open(int, int, void*)
                0x00000000c0013bc2                Device::~Device()
                0x00000000c0013bc2                Device::~Device()
                0x00000000c0013bd0                Device::~Device()
                0x00000000c0013bf8                Device::findAndLoadDriver()
                0x00000000c0013bfa                Device::preOpenPCI(PCIDeviceInfo)
                0x00000000c0013c20                Device::preOpenACPI(void*, char*, char*)
                0x00000000c0013c74                Device::addIRQHandler(int, void (*)(regs*, void*), bool, void*)
                0x00000000c0013cb2                Device::removeIRQHandler(int, void (*)(regs*, void*), bool)
                0x00000000c0013cf0                Device::addChild(Device*)
                0x00000000c0013d34                Device::removeAllChildren()
                0x00000000c0013d7a                Device::hibernateAll()
                0x00000000c0013daa                Device::wakeAll()
                0x00000000c0013dda                Device::detectAll()
                0x00000000c0013e0a                Device::disableLegacyAll()
                0x00000000c0013e3a                Device::loadDriversForAll()
                0x00000000c0013e66                Device::closeAll()
                0x00000000c0013e9c                Device::powerSavingAll(PowerSavingLevel)
                0x00000000c0013ed2                Device::setName(char const*)
                0x00000000c0013ee0                Device::Device(char const*)
                0x00000000c0013ee0                Device::Device(char const*)
                0x00000000c0013fdc                Device::getName()
                0x00000000c0013fe6                DriverlessDevice::DriverlessDevice(char const*)
                0x00000000c0013fe6                DriverlessDevice::DriverlessDevice(char const*)
                0x00000000c001400e                Device::addToLinkedList(LinkedList<Device>&, DeviceType)
                0x00000000c0014052                getDevicesOfType(DeviceType)
 .text          0x00000000c001407c       0x84 hal/diskctrl.32
                0x00000000c001407c                HardDiskController::HardDiskController(char const*)
                0x00000000c001407c                HardDiskController::HardDiskController(char const*)
                0x00000000c00140b2                HardDiskController::~HardDiskController()
                0x00000000c00140b2                HardDiskController::~HardDiskController()
                0x00000000c00140d6                HardDiskController::~HardDiskController()
 .text          0x00000000c0014100       0xde hal/diskphys.32
                0x00000000c0014100                PhysicalDisk::PhysicalDisk(char const*, int)
                0x00000000c0014100                PhysicalDisk::PhysicalDisk(char const*, int)
                0x00000000c0014168                PhysicalDisk::startCache()
                0x00000000c0014190                PhysicalDisk::~PhysicalDisk()
                0x00000000c0014190                PhysicalDisk::~PhysicalDisk()
                0x00000000c00141b4                PhysicalDisk::~PhysicalDisk()
 .text          0x00000000c00141de      0x13b hal/fpu.32
                0x00000000c00141de                FPU::FPU(char const*)
                0x00000000c00141de                FPU::FPU(char const*)
                0x00000000c0014214                FPU::~FPU()
                0x00000000c0014214                FPU::~FPU()
                0x00000000c0014238                FPU::~FPU()
                0x00000000c0014262                setupFPU()
 *fill*         0x00000000c0014319        0x1 
 .text          0x00000000c001431a     0x12b1 hal/intctrl.32
                0x00000000c001431a                InterruptController::uninstallISRHandler(int, void (*)(regs*, void*))
                0x00000000c0014352                InterruptController::installISRHandler(int, void (*)(regs*, void*), void*)
                0x00000000c00143a4                doubleFault(regs*, void*)
                0x00000000c00143be                InterruptController::installIRQHandler(int, void (*)(regs*, void*), bool, void*)
                0x00000000c001445a                InterruptController::clearAllHandlers(int, bool)
                0x00000000c0014502                InterruptController::uninstallIRQHandler(int, void (*)(regs*, void*), bool)
                0x00000000c0014589                nmiHandler(regs*, void*)
                0x00000000c0014597                int_handler
                0x00000000c0014638                InterruptController::InterruptController(char const*)
                0x00000000c0014638                InterruptController::InterruptController(char const*)
                0x00000000c00146de                InterruptController::~InterruptController()
                0x00000000c00146de                InterruptController::~InterruptController()
                0x00000000c0014702                InterruptController::~InterruptController()
                0x00000000c001472c                displayDebugInfo(regs*)
                0x00000000c0014b31                x87EmulHandler(regs*, void*)
                0x00000000c0014b60                gpFault(regs*, void*)
                0x00000000c0014b99                pgFault(regs*, void*)
                0x00000000c0014bb0                otherISRHandler(regs*, void*)
                0x00000000c0014bcf                opcodeFault(regs*, void*)
                0x00000000c001518e                displayProgramFault(char const*)
                0x00000000c00151b6                setupInterruptController()
                0x00000000c001557e                InterruptController::convertLegacyIRQNumber(int)
 *fill*         0x00000000c00155cb        0x1 
 .text          0x00000000c00155cc      0x69a hal/keybrd.32
                0x00000000c00155cc                startGUI(void*)
                0x00000000c0015628                startGUIVESA(void*)
                0x00000000c0015684                sendKeyToTerminal(unsigned char)
                0x00000000c00156f0                sendKeyboardToken(KeyboardToken)
                0x00000000c0015b00                clearInternalKeybuffer(VgaText*)
                0x00000000c0015b35                readKeyboard(VgaText*, char*, unsigned long)
                0x00000000c0015bdc                Keyboard::Keyboard(char const*)
                0x00000000c0015bdc                Keyboard::Keyboard(char const*)
                0x00000000c0015c18                Keyboard::~Keyboard()
                0x00000000c0015c18                Keyboard::~Keyboard()
                0x00000000c0015c3c                Keyboard::~Keyboard()
 .text          0x00000000c0015c66      0x400 hal/logidisk.32
                0x00000000c0015c66                LogicalDisk::close(int, int, void*)
                0x00000000c0015c6a                LogicalDisk::~LogicalDisk()
                0x00000000c0015c6a                LogicalDisk::~LogicalDisk()
                0x00000000c0015c8e                LogicalDisk::~LogicalDisk()
                0x00000000c0015cb8                LogicalDisk::open(int, int, void*)
                0x00000000c0015ccc                LogicalDisk::absoluteToRelative(unsigned long long)
                0x00000000c0015d04                LogicalDisk::relativeToAbsolute(unsigned long long)
                0x00000000c0015d4a                LogicalDisk::LogicalDisk(char const*, PhysicalDisk*, unsigned long long, unsigned long long)
                0x00000000c0015d4a                LogicalDisk::LogicalDisk(char const*, PhysicalDisk*, unsigned long long, unsigned long long)
                0x00000000c0015e00                LogicalDisk::assignDriveLetter()
                0x00000000c0015eb6                LogicalDisk::mount()
                0x00000000c0015f28                LogicalDisk::unmount()
                0x00000000c0015f38                LogicalDisk::unassignDriveLetter()
                0x00000000c0015f8e                LogicalDisk::read(unsigned long long, int, void*)
                0x00000000c0015ffa                LogicalDisk::write(unsigned long long, int, void*)
 .text          0x00000000c0016066       0x84 hal/mouse.32
                0x00000000c0016066                Mouse::Mouse(char const*)
                0x00000000c0016066                Mouse::Mouse(char const*)
                0x00000000c001609c                Mouse::~Mouse()
                0x00000000c001609c                Mouse::~Mouse()
                0x00000000c00160c0                Mouse::~Mouse()
 .text          0x00000000c00160ea      0x339 hal/partition.32
                0x00000000c00160ea                makePartition(PhysicalDisk*, unsigned long long, unsigned long long)
                0x00000000c0016192                createPartitionsForDisk(PhysicalDisk*)
 *fill*         0x00000000c0016423        0x1 
 .text          0x00000000c0016424       0x84 hal/serial.32
                0x00000000c0016424                Serial::Serial(char const*)
                0x00000000c0016424                Serial::Serial(char const*)
                0x00000000c001645a                Serial::~Serial()
                0x00000000c001645a                Serial::~Serial()
                0x00000000c001647e                Serial::~Serial()
 .text          0x00000000c00164a8      0x2b8 hal/timer.32
                0x00000000c00164a8                Timer::Timer(char const*)
                0x00000000c00164a8                Timer::Timer(char const*)
                0x00000000c00164de                Timer::~Timer()
                0x00000000c00164de                Timer::~Timer()
                0x00000000c0016502                Timer::~Timer()
                0x00000000c001652c                Timer::read()
                0x00000000c0016537                timerHandler(unsigned long long)
                0x00000000c001666e                setupTimer(int)
 .text          0x00000000c0016760      0x2db hal/vcache.32
                0x00000000c0016760                VCache::VCache(PhysicalDisk*)
                0x00000000c0016760                VCache::VCache(PhysicalDisk*)
                0x00000000c001685a                VCache::writeWriteBuffer()
                0x00000000c0016896                VCache::~VCache()
                0x00000000c0016896                VCache::~VCache()
                0x00000000c00168d6                VCache::~VCache()
                0x00000000c00168fe                VCache::write(unsigned long long, int, void*)
                0x00000000c00169e2                VCache::read(unsigned long long, int, void*)
 *fill*         0x00000000c0016a3b        0x1 
 .text          0x00000000c0016a3c      0x4cd hal/video.32
                0x00000000c0016a3c                Video::putrect(int, int, int, int, unsigned int)
                0x00000000c0016a88                Video::bitblit(int, int, int, int, int, int, int, unsigned int*)
                0x00000000c0016af8                Video::blit(unsigned int*, int, int, int, int)
                0x00000000c0016b76                Video::clearScreen(unsigned int)
                0x00000000c0016baa                Video::putpixel(int, int, unsigned int)
                0x00000000c0016bb8                Video::Video(char const*)
                0x00000000c0016bb8                Video::Video(char const*)
                0x00000000c0016bee                Video::~Video()
                0x00000000c0016bee                Video::~Video()
                0x00000000c0016c12                Video::~Video()
                0x00000000c0016c3c                Video::isMonochrome()
                0x00000000c0016c48                Video::getWidth()
                0x00000000c0016c54                Video::getHeight()
                0x00000000c0016c60                Video::drawCursor(int, int, unsigned char*, int)
                0x00000000c0016d1c                Video::tgaParse(unsigned char*, int, int*, int*)
                0x00000000c0016e9e                Video::putTGA(int, int, unsigned char*, int)
 *fill*         0x00000000c0016f09        0x1 
 .text          0x00000000c0016f0a      0xfa6 hw/acpi.32
                0x00000000c0016f0a                ACPI::close(int, int, void*)
                0x00000000c0016fbf                findRSDP()
                0x00000000c0017049                loadACPITables(unsigned char*)
                0x00000000c0017270                findRSDT(unsigned char*)
                0x00000000c001738e                findDataTable(unsigned char*, char*)
                0x00000000c001742a                scanMADT()
                0x00000000c00178b0                ACPI::ACPI()
                0x00000000c00178b0                ACPI::ACPI()
                0x00000000c001791a                ACPI::getPCIIRQAssignment(unsigned char, unsigned short, unsigned char)
                0x00000000c00179fc                ACPI::registerPCIIRQAssignment(void*, unsigned short, unsigned char, unsigned char)
                0x00000000c0017b02                ACPI::setScreenBrightnessLevel(void*, int)
                0x00000000c0017b08                ACPI::writeSimpleBootFlag(SimpleBootFlagTable*)
                0x00000000c0017b50                ACPI::open(int, int, void*)
                0x00000000c0017e98                ACPI::sleep()
 .text          0x00000000c0017eb0     0x1715 hw/cpu.32
                0x00000000c0017eb0                CPU::close(int, int, void*)
                0x00000000c0017eb4                CPU::lookupAMDName(unsigned char, unsigned char)
                0x00000000c0018048                CPU::lookupIntelName(unsigned char, unsigned char)
                0x00000000c00182f6                CPU::AMD_K6_write_msr(unsigned int, unsigned int, unsigned int, CPU::REGS*)
                0x00000000c0018312                CPU::AMD_K6_read_msr(unsigned int, CPU::REGS*)
                0x00000000c001832a                CPU::AMD_K6_writeback(int, int, int)
                0x00000000c001839e                CPU::cpuid(int, unsigned long*, unsigned long*, unsigned long*, unsigned long*)
                0x00000000c0018422                CPU::cpuidCheckEDX(unsigned int)
                0x00000000c0018450                CPU::cpuidCheckECX(unsigned int)
                0x00000000c001847e                CPU::cpuidCheckExtendedEBX(unsigned int)
                0x00000000c00184ac                CPU::cpuidCheckExtendedECX(unsigned int)
                0x00000000c00184da                CPU::CPU()
                0x00000000c00184da                CPU::CPU()
                0x00000000c0018568                CPU::displayFeatures()
                0x00000000c00187e4                CPU::detectFeatures()
                0x00000000c00191d4                CPU::setupSMEP()
                0x00000000c00191e0                CPU::setupUMIP()
                0x00000000c00191ea                CPU::setupTSC()
                0x00000000c00191f4                CPU::setupLargePages()
                0x00000000c00191fe                CPU::setupPAT()
                0x00000000c001923a                CPU::setupMTRR()
                0x00000000c001923c                CPU::setupGlobalPages()
                0x00000000c0019246                CPU::allowUsermodeDataAccess()
                0x00000000c0019258                CPU::prohibitUsermodeDataAccess()
                0x00000000c001926a                CPU::setupSMAP()
                0x00000000c0019278                CPU::setupFeatures()
                0x00000000c00192f8                CPU::open(int, int, void*)
                0x00000000c00193ca                CPU::decodeAddress(regs*, int*, bool*, unsigned char*)
 .text          0x00000000c00195c5        0x0 hw/ports.32
 *fill*         0x00000000c00195c5        0x1 
 .text          0x00000000c00195c6      0x5d3 krnl/env.32
                0x00000000c00195c6                EnvVarContainer::getEnv(char const*)
                0x00000000c0019604                EnvVarContainer::setEnv(char const*, char const*)
                0x00000000c00196d0                EnvVarContainer::deleteEnv(char const*)
                0x00000000c00196d2                EnvVarContainer::loadFrom(char const*, char const*)
                0x00000000c00198c8                EnvVarContainer::__loadSystem()
                0x00000000c00198e2                EnvVarContainer::__loadUser()
                0x00000000c00198e4                EnvVarContainer::EnvVarContainer(Process*)
                0x00000000c00198e4                EnvVarContainer::EnvVarContainer(Process*)
                0x00000000c0019906                EnvVarContainer::~EnvVarContainer()
                0x00000000c0019906                EnvVarContainer::~EnvVarContainer()
                0x00000000c0019936                Krnl::getEnv(Process*, char const*)
                0x00000000c001999b                Krnl::setEnvSystem(char const*, char const*)
                0x00000000c00199b5                Krnl::setEnvUser(char const*, char const*)
                0x00000000c00199d4                Krnl::setEnvProcess(Process*, char const*, char const*)
                0x00000000c00199e7                Krnl::deleteEnvSystem(char const*)
                0x00000000c00199e8                Krnl::deleteEnvUser(char const*)
                0x00000000c00199e9                Krnl::deleteEnvProcess(Process*, char const*)
                0x00000000c00199ea                Krnl::newProcessEnv(Process*)
                0x00000000c0019a0c                Krnl::copyProcessEnv(Process*, Process*)
                0x00000000c0019a60                Krnl::loadSystemEnv()
                0x00000000c0019a8e                Krnl::loadUserEnv()
                0x00000000c0019ab4                Krnl::flushEnv()
                0x00000000c0019ab5                Krnl::getProcessTotalEnvCount(Process*)
                0x00000000c0019ad5                Krnl::getProcessEnvPair(Process*, int)
 .text          0x00000000c0019b99      0x32c krnl/panic.32
                0x00000000c0019b99                Krnl::panic(char const*)
 .text          0x00000000c0019ec5      0x3b6 net/ethernet.32
                0x00000000c0019ec5                Net::switchEndian16(unsigned short)
                0x00000000c0019ee6                Net::switchEndian32(unsigned int)
                0x00000000c0019f15                Net::crc32Calc(unsigned char*, int)
                0x00000000c0019fa6                Net::wrapEthernetFrame(Net::UnwrappedEthernetFrame, unsigned char*)
                0x00000000c001a0e2                Net::unwrapEthernetFrame(unsigned char*, int)
 .text          0x00000000c001a27b      0x513 reg/registry.32
                0x00000000c001a27b                Reg::findLineFromLoadedData(char*, char*, char*)
                0x00000000c001a3d3                Reg::getLineFromRegistry(char*, char*, char*, char*)
                0x00000000c001a528                Reg::getLine(char*, char*, char*)
                0x00000000c001a55f                Reg::readInt(char*, char*, int*)
                0x00000000c001a64a                Reg::readString(char*, char*, char*, int)
                0x00000000c001a6cb                Reg::readBool(char*, char*, bool*)
                0x00000000c001a6f0                Reg::readBoolWithDefault(char*, char*, bool)
                0x00000000c001a71c                Reg::readIntWithDefault(char*, char*, int)
                0x00000000c001a748                Reg::readStringWithDefault(char*, char*, char*, int, char*)
 .text          0x00000000c001a78e       0x18 sys/sc_exit.32
                0x00000000c001a78e                Sys::exit(regs*)
 .text          0x00000000c001a7a6       0x1f sys/sc_getcwd.32
                0x00000000c001a7a6                Sys::getCwd(regs*)
 .text          0x00000000c001a7c5        0xc sys/sc_getpid.32
                0x00000000c001a7c5                Sys::getPID(regs*)
 .text          0x00000000c001a7d1       0xa8 sys/sc_loaddll.32
                0x00000000c001a7d1                Sys::loadDLL(regs*)
 .text          0x00000000c001a879       0x68 sys/sc_read.32
                0x00000000c001a879                Sys::read(regs*)
 .text          0x00000000c001a8e1       0x55 sys/sc_sbrk.32
                0x00000000c001a8e1                Sys::sbrk(regs*)
 .text          0x00000000c001a936       0x1c sys/sc_setcwd.32
                0x00000000c001a936                Sys::setCwd(regs*)
 .text          0x00000000c001a952      0x128 sys/sc_settime.32
                0x00000000c001a952                Sys::setTime(regs*)
 .text          0x00000000c001aa7a       0x4a sys/sc_timezone.32
                0x00000000c001aa7a                Sys::timezone(regs*)
 .text          0x00000000c001aac4       0x68 sys/sc_write.32
                0x00000000c001aac4                Sys::write(regs*)
 .text          0x00000000c001ab2c       0x3b sys/sc_yield.32
                0x00000000c001ab2c                Sys::yield(regs*)
 .text          0x00000000c001ab67     0x101e sys/syscalls.32
                0x00000000c001ab67                sysCallSeekDir(regs*)
                0x00000000c001ab6c                sysCallTellDir(regs*)
                0x00000000c001ab71                sysCallVerify(regs*)
                0x00000000c001ab7b                sysCallGetArgc(regs*)
                0x00000000c001ab8b                sysFormatDisk(regs*)
                0x00000000c001abf5                sysSetDiskVolumeLabel(regs*)
                0x00000000c001ac3b                sysGetDiskVolumeLabel(regs*)
                0x00000000c001ac8c                sysShutdown(regs*)
                0x00000000c001acea                sysCallRealpath(regs*)
                0x00000000c001ad2d                sysCallReadDir(regs*)
                0x00000000c001adbb                sysCallIsATTY(regs*)
                0x00000000c001ae15                sysCallSeek(regs*)
                0x00000000c001ae7e                sysCallTell(regs*)
                0x00000000c001aefb                sysCallSize(regs*)
                0x00000000c001af7e                sysCallSizeFromFilename(regs*)
                0x00000000c001b03e                sysCallClose(regs*)
                0x00000000c001b0c6                sysCallOpenDir(regs*)
                0x00000000c001b13b                sysCallCloseDir(regs*)
                0x00000000c001b1a1                sysCallMakeDir(regs*)
                0x00000000c001b211                sysCallWait(regs*)
                0x00000000c001b22b                sysCallNotImpl(regs*)
                0x00000000c001b246                sysPanic(regs*)
                0x00000000c001b26c                sysCallRmdir(regs*)
                0x00000000c001b2d0                sysCallUnlink(regs*)
                0x00000000c001b334                sysCallGetArgv(regs*)
                0x00000000c001b380                sysCallTTYName(regs*)
                0x00000000c001b403                sysCallUSleep(regs*)
                0x00000000c001b42a                sysCallSpawn(regs*)
                0x00000000c001b482                sysCallGetEnv(regs*)
                0x00000000c001b52f                sysAppSettings(regs*)
                0x00000000c001b64e                sysSetFatAttrib(regs*)
                0x00000000c001b6c0                sysPipe(regs*)
                0x00000000c001b705                sysGetUnixTime(regs*)
                0x00000000c001b719                string_ends_with(char const*, char const*)
                0x00000000c001b761                sysCallOpen(regs*)
                0x00000000c001b976                Sys::loadSyscalls()
                0x00000000c001bb43                Sys::systemCall(regs*, void*)
 .text          0x00000000c001bb85     0x1189 thr/elf.32
                0x00000000c001bb85                Thr::allocateMemoryForTask(Process*, File*, unsigned long, unsigned long, unsigned long)
                0x00000000c001be02                Thr::loadProgramIntoMemory(Process*, char const*)
                0x00000000c001c018                Thr::runtimeReferenceHelper()
                0x00000000c001c02b                Thr::getAddressOfKernelSymbol(char const*)
                0x00000000c001c07a                Thr::loadKernelSymbolTable(char const*)
                0x00000000c001c336                Thr::loadDriverIntoMemory(char const*, unsigned long, bool)
                0x00000000c001ca52                Thr::getDriverBaseFromAddress(unsigned long)
                0x00000000c001ca84                Thr::getDriverNameFromAddress(unsigned long)
                0x00000000c001cabb                Thr::getDriverOffsetFromAddress(unsigned long)
                0x00000000c001cad5                Thr::loadDLL(char const*, bool)
                0x00000000c001cce4                Thr::executeDLL(unsigned long, void*)
 .text          0x00000000c001cd0e     0x1056 thr/prcssthr.32
                0x00000000c001cd0e                changeTSS
                0x00000000c001cd3e                Process::addArgs(char**)
                0x00000000c001cd98                Process::Process(char const*, Process*, char**)
                0x00000000c001cd98                Process::Process(char const*, Process*, char**)
                0x00000000c001cf7c                Process::Process(bool, char const*, Process*, char**)
                0x00000000c001cf7c                Process::Process(bool, char const*, Process*, char**)
                0x00000000c001d12b                disableIRQs()
                0x00000000c001d133                getIRQNestingLevel()
                0x00000000c001d139                enableIRQs()
                0x00000000c001d148                lockScheduler()
                0x00000000c001d14a                unlockScheduler()
                0x00000000c001d14c                userModeEntryPoint(void*)
                0x00000000c001d16f                lockStuff()
                0x00000000c001d17b                taskStartupFunction
                0x00000000c001d184                updateTimeUsed()
                0x00000000c001d1e9                switchToThread(ThreadControlBlock*)
                0x00000000c001d23a                Semaphore::Semaphore(int)
                0x00000000c001d23a                Semaphore::Semaphore(int)
                0x00000000c001d268                Mutex::Mutex()
                0x00000000c001d268                Mutex::Mutex()
                0x00000000c001d27a                Process::createThread(void (*)(void*), void*, int)
                0x00000000c001d35e                Process::createUserThread()
                0x00000000c001d37a                setupMultitasking(void (*)())
                0x00000000c001d484                schedule()
                0x00000000c001d509                unlockStuff()
                0x00000000c001d53e                Semaphore::tryAcquire()
                0x00000000c001d56c                Semaphore::assertLocked(char const*)
                0x00000000c001d59c                blockTaskWithSchedulerLockAlreadyHeld(TaskState)
                0x00000000c001d5de                blockTask(TaskState)
                0x00000000c001d5ff                waitTask(int, int*, int)
                0x00000000c001d641                nanoSleepUntil(unsigned long long)
                0x00000000c001d698                nanoSleep(unsigned long long)
                0x00000000c001d6ad                sleep(unsigned long long)
                0x00000000c001d6ca                Semaphore::acquire()
                0x00000000c001d732                taskReturned
                0x00000000c001d760                unblockTask(ThreadControlBlock*)
                0x00000000c001d80f                cleanupTerminatedTask(ThreadControlBlock*)
                0x00000000c001dad8                cleanerTaskFunction(void*)
                0x00000000c001db8b                terminateTask(int)
                0x00000000c001dc6b                Thr::terminateFromIRQ(int)
                0x00000000c001dc78                Semaphore::release()
 .text          0x00000000c001dd64      0xc26 vm86/vm8086.32
                0x00000000c001dd64                Vm::inbv(unsigned short)
                0x00000000c001dd77                Vm::outbv(unsigned short, unsigned char)
                0x00000000c001ddca                Vm::realToLinear(unsigned short, unsigned short)
                0x00000000c001ddda                Vm::getSegment(unsigned int)
                0x00000000c001dde2                Vm::getOffset(unsigned int)
                0x00000000c001dde7                Vm::mainloop2()
                0x00000000c001de22                Vm::mainVm8086Loop(void*)
                0x00000000c001de2f                Vm::mainloop3(unsigned long)
                0x00000000c001de59                Vm::initialise8086()
                0x00000000c001de9c                Vm::finish8086()
                0x00000000c001dee1                Vm::getOutput8086(unsigned char*)
                0x00000000c001df0b                Vm::start8086(char const*, unsigned short, unsigned short, unsigned short, unsigned short)
                0x00000000c001e05b                Vm::doISR(regs*, int, unsigned char*, unsigned short, unsigned short)
                0x00000000c001e0e5                Vm::readByteFromReal(unsigned short, unsigned short)
                0x00000000c001e0f6                Vm::readWordFromReal(unsigned short, unsigned short)
                0x00000000c001e108                Vm::readDwordFromReal(unsigned short, unsigned short)
                0x00000000c001e119                Vm::writeByteFromReal(unsigned short, unsigned short, unsigned char)
                0x00000000c001e12e                Vm::writeWordFromReal(unsigned short, unsigned short, unsigned short)
                0x00000000c001e144                Vm::writeDwordFromReal(unsigned short, unsigned short, unsigned int)
                0x00000000c001e159                Vm::faultHandler(regs*)
 .text          0x00000000c001e98a      0xefd vm86/x87em.32
                0x00000000c001e98a                Vm::fpuInternalTo32(unsigned long long)
                0x00000000c001e9e5                Vm::fpuInternalTo64(unsigned long long)
                0x00000000c001e9ee                Vm::fpu32ToInternal(unsigned int)
                0x00000000c001ea33                Vm::fpu64ToInternal(unsigned long long)
                0x00000000c001ea3c                Vm::fpuFloatToLong(unsigned long long)
                0x00000000c001ea97                Vm::fpuULongToFloat(unsigned long long)
                0x00000000c001eacd                Vm::fpuLongToFloat(long long)
                0x00000000c001eb23                Vm::fpuGet0()
                0x00000000c001eb28                Vm::fpuGet1()
                0x00000000c001eb30                Vm::fpuGetPi()
                0x00000000c001eb38                Vm::fpuGetLog2E()
                0x00000000c001eb50                Vm::fpuGetLogE2()
                0x00000000c001eb68                Vm::fpuGetLog210()
                0x00000000c001eb80                Vm::fpuGetLog102()
                0x00000000c001eb98                Vm::fpuIsSecondLarger(unsigned long long, unsigned long long)
                0x00000000c001ebac                Vm::fpuAreEqual(unsigned long long, unsigned long long)
                0x00000000c001ebc2                Vm::fpuUnorderedCompare(unsigned long long, unsigned long long)
                0x00000000c001ec15                Vm::fpuAdd(unsigned long long, unsigned long long)
                0x00000000c001ec26                Vm::fpuAbs(unsigned long long)
                0x00000000c001ec2f                Vm::fpuChs(unsigned long long)
                0x00000000c001ec3f                Vm::fpuSub(unsigned long long, unsigned long long)
                0x00000000c001ec4e                Vm::fpuMultiply(unsigned long long, unsigned long long)
                0x00000000c001ec6d                Vm::fpuDivide(unsigned long long, unsigned long long)
                0x00000000c001ec89                Vm::fpuSquare(unsigned long long)
                0x00000000c001ec9f                Vm::fpuGetReg(int)
                0x00000000c001ece2                Vm::fpuSetReg(int, unsigned long long)
                0x00000000c001ed2d                Vm::fpuPush(unsigned long long)
                0x00000000c001ed8a                Vm::fpuPop()
                0x00000000c001eddc                Vm::x87Handler(regs*)
 *fill*         0x00000000c001f887        0x1 
 .text          0x00000000c001f888     0x10ed fs/fat/vfslink.32
                0x00000000c001f888                FAT::getName()
                0x00000000c001f88e                FAT::tell(void*, unsigned long long*)
                0x00000000c001f8c2                FAT::stat(void*, unsigned long long*)
                0x00000000c001f8f6                FAT::~FAT()
                0x00000000c001f8f6                FAT::~FAT()
                0x00000000c001f91a                FAT::~FAT()
                0x00000000c001f942                FAT::getlabel(LogicalDisk*, int, char*, unsigned int*)
                0x00000000c001f9e0                FAT::setlabel(LogicalDisk*, int, char*)
                0x00000000c001fa9a                FAT::format(LogicalDisk*, int, char const*, int)
                0x00000000c001fc7e                FAT::tryMount(LogicalDisk*, int)
                0x00000000c001fe84                FAT::readDir(void*, unsigned long, void*, int*)
                0x00000000c001ff8a                FAT::read(void*, unsigned long, void*, int*)
                0x00000000c001ffe4                FAT::write(void*, unsigned long, void*, int*)
                0x00000000c002003e                FAT::close(void*)
                0x00000000c002008a                FAT::closeDir(void*)
                0x00000000c00200d6                FAT::seek(void*, unsigned long long)
                0x00000000c002012a                fatWrapperReadDisk
                0x00000000c0020171                fatWrapperWriteDisk
                0x00000000c00201b8                fatWrapperIoctl
                0x00000000c00202bc                FAT::FAT()
                0x00000000c00202bc                FAT::FAT()
                0x00000000c002030e                FAT::fixFilepath(char*)
                0x00000000c0020346                FAT::open(char const*, void**, FileOpenMode)
                0x00000000c002046e                FAT::openDir(char const*, void**)
                0x00000000c0020514                FAT::stat(char const*, unsigned long long*, bool*)
                0x00000000c00205fe                FAT::unlink(char const*)
                0x00000000c0020678                FAT::chfatattr(char const*, unsigned char, unsigned char)
                0x00000000c00207cc                FAT::rename(char const*, char const*)
                0x00000000c0020890                FAT::mkdir(char const*)
                0x00000000c002090a                FAT::exists(char const*)
 *fill*         0x00000000c0020975        0x1 
 .text          0x00000000c0020976      0xbc1 fs/iso9660/vfslink.32
                0x00000000c0020976                ISO9660::format(LogicalDisk*, int, char const*, int)
                0x00000000c002097c                ISO9660::seek(void*, unsigned long long)
                0x00000000c00209ac                ISO9660::tell(void*, unsigned long long*)
                0x00000000c00209d0                ISO9660::getName()
                0x00000000c00209d6                ISO9660::stat(void*, unsigned long long*)
                0x00000000c00209fa                ISO9660::chfatattr(char const*, unsigned char, unsigned char)
                0x00000000c0020a00                ISO9660::unlink(char const*)
                0x00000000c0020a06                ISO9660::write(void*, unsigned long, void*, int*)
                0x00000000c0020a0c                ISO9660::rename(char const*, char const*)
                0x00000000c0020a12                ISO9660::mkdir(char const*)
                0x00000000c0020a18                ISO9660::close(void*)
                0x00000000c0020a3a                ISO9660::closeDir(void*)
                0x00000000c0020a5c                ISO9660::~ISO9660()
                0x00000000c0020a5c                ISO9660::~ISO9660()
                0x00000000c0020a80                ISO9660::~ISO9660()
                0x00000000c0020aa7                __memmem(unsigned char*, int, unsigned char*, int)
                0x00000000c0020ae9                readSectorFromCDROM(unsigned int, unsigned char*, char)
                0x00000000c0020b50                ISO9660::tryMount(LogicalDisk*, int)
                0x00000000c0020ba0                ISO9660::read(void*, unsigned long, void*, int*)
                0x00000000c0020da0                ISO9660::readDir(void*, unsigned long, void*, int*)
                0x00000000c002102d                readRoot(unsigned int*, unsigned int*, char)
                0x00000000c0021082                readRecursively(char*, unsigned int, unsigned int, unsigned int*, unsigned int*, char, int*)
                0x00000000c0021255                getFileData(char*, unsigned int*, unsigned int*, char, int*)
                0x00000000c00212e4                ISO9660::open(char const*, void**, FileOpenMode)
                0x00000000c00213a4                ISO9660::exists(char const*)
                0x00000000c00213c8                ISO9660::stat(char const*, unsigned long long*, bool*)
                0x00000000c002145c                ISO9660::openDir(char const*, void**)
                0x00000000c0021514                ISO9660::ISO9660()
                0x00000000c0021514                ISO9660::ISO9660()
 *fill*         0x00000000c0021537        0x1 
 .text          0x00000000c0021538      0x326 hal/sound/sndchannel.32
                0x00000000c0021538                SoundChannel::~SoundChannel()
                0x00000000c0021538                SoundChannel::~SoundChannel()
                0x00000000c0021554                SoundChannel::setSpeed(float)
                0x00000000c0021560                SoundChannel::getSpeed()
                0x00000000c0021568                SoundChannel::setVolume(int)
                0x00000000c0021584                SoundChannel::getVolume()
                0x00000000c002158c                SoundChannel::pause()
                0x00000000c0021596                SoundChannel::SoundChannel(int, int, int, int)
                0x00000000c0021596                SoundChannel::SoundChannel(int, int, int, int)
                0x00000000c00216ec                SoundChannel::play()
                0x00000000c00216f6                SoundChannel::paused()
                0x00000000c00216fe                SoundChannel::getSampleRate()
                0x00000000c0021706                SoundChannel::getBits()
                0x00000000c002170e                SoundChannel::getBufferUsed()
                0x00000000c0021716                SoundChannel::getBufferSize()
                0x00000000c002171e                SoundChannel::unbuffer(float*, int, int)
                0x00000000c00217be                SoundChannel::buffer8(unsigned char*, int)
 .text          0x00000000c002185e      0x3d5 hal/sound/sndhw.32
                0x00000000c002185e                SoundDevice::SoundDevice(char const*)
                0x00000000c002185e                SoundDevice::SoundDevice(char const*)
                0x00000000c00218ca                SoundDevice::~SoundDevice()
                0x00000000c00218ca                SoundDevice::~SoundDevice()
                0x00000000c0021944                SoundDevice::~SoundDevice()
                0x00000000c002196e                SoundDevice::getFreeChannelNum()
                0x00000000c0021988                SoundDevice::addChannel(SoundChannel*)
                0x00000000c00219f8                SoundDevice::removeChannel(int)
                0x00000000c0021a2a                SoundDevice::floatTo8(float*, unsigned char*, int)
                0x00000000c0021b12                SoundDevice::getAudio(int, float*, float*)
 .text          0x00000000c0021c33        0x0 hw/bus/isa.32
 *fill*         0x00000000c0021c33        0x1 
 .text          0x00000000c0021c34      0x6c3 hw/bus/pci.32
                0x00000000c0021c34                PCI::open(int, int, void*)
                0x00000000c0021c48                PCI::close(int, int, void*)
                0x00000000c0021c4c                PCI::PCI()
                0x00000000c0021c4c                PCI::PCI()
                0x00000000c0021ccc                PCI::pciReadWord(unsigned char, unsigned char, unsigned char, unsigned char)
                0x00000000c0021d14                PCI::getVendorID(unsigned char, unsigned char, unsigned char)
                0x00000000c0021d36                PCI::getHeaderType(unsigned char, unsigned char, unsigned char)
                0x00000000c0021d5a                PCI::getClassCode(unsigned char, unsigned char, unsigned char)
                0x00000000c0021d9e                PCI::getProgIF(unsigned char, unsigned char, unsigned char)
                0x00000000c0021dc2                PCI::getRevisionID(unsigned char, unsigned char, unsigned char)
                0x00000000c0021de4                PCI::getInterruptNumber(unsigned char, unsigned char, unsigned char)
                0x00000000c0021e06                PCI::getSecondaryBus(unsigned char, unsigned char, unsigned char)
                0x00000000c0021e2a                PCI::getBARAddress(unsigned char, unsigned char, unsigned char, unsigned char)
                0x00000000c0021e8a                PCI::pciWriteWord(unsigned char, unsigned char, unsigned char, unsigned char, unsigned short)
                0x00000000c0021ef6                PCI::checkBus(unsigned char)
                0x00000000c0021f1a                PCI::foundDevice(PCIDeviceInfo)
                0x00000000c002208c                PCI::getDeviceData(unsigned char, unsigned char, unsigned char)
                0x00000000c0022238                PCI::checkDevice(unsigned char, unsigned char)
                0x00000000c00222a4                PCI::detect()
 *fill*         0x00000000c00222f7        0x1 
 .text          0x00000000c00222f8      0xc70 hw/diskctrl/ide.32
                0x00000000c00222f8                IDE::close(int, int, void*)
                0x00000000c00222fc                IDE::IDE()
                0x00000000c00222fc                IDE::IDE()
                0x00000000c0022330                IDE::prepareInterrupt(unsigned char)
                0x00000000c0022342                selectDrive(unsigned char, unsigned char)
                0x00000000c0022344                IDE::getBase(unsigned char)
                0x00000000c0022356                IDE::write(unsigned char, unsigned char, unsigned char)
                0x00000000c0022416                IDE::read(unsigned char, unsigned char)
                0x00000000c00224c4                IDE::waitInterrupt(unsigned char)
                0x00000000c002252a                ideChannel0IRQHandler(regs*, void*)
                0x00000000c0022546                ideChannel1IRQHandler(regs*, void*)
                0x00000000c0022562                IDE::enableIRQs(unsigned char, bool)
                0x00000000c00225a8                IDE::open(int, int, void*)
                0x00000000c00229b8                IDE::readBuffer(unsigned char, unsigned char, unsigned int, unsigned int)
                0x00000000c0022a84                IDE::detect()
                0x00000000c0022d6c                IDE::printError(unsigned char, unsigned char, unsigned char)
                0x00000000c0022f02                IDE::polling(unsigned char, unsigned int)
 .text          0x00000000c0022f68      0x37a hw/diskctrl/satabus.32
                0x00000000c0022f68                SATABus::close(int, int, void*)
                0x00000000c0022f6c                SATABus::detect()
                0x00000000c0022f6e                SATABus::SATABus()
                0x00000000c0022f6e                SATABus::SATABus()
                0x00000000c002301a                SATABus::findCmdslot(SATABus::tagHBA_PORT volatile*)
                0x00000000c0023062                SATABus::checkType(SATABus::tagHBA_PORT volatile*)
                0x00000000c00230aa                SATABus::startCmd(SATABus::tagHBA_PORT volatile*)
                0x00000000c00230ca                SATABus::stopCmd(SATABus::tagHBA_PORT volatile*)
                0x00000000c00230f4                SATABus::portRebase(SATABus::tagHBA_PORT volatile*, int)
                0x00000000c00231fa                SATABus::probePort(SATABus::tagHBA_MEM volatile*)
                0x00000000c00232c2                SATABus::open(int, int, void*)
 .text          0x00000000c00232e2      0x62b hw/diskphys/ata.32
                0x00000000c00232e2                ATA::close(int, int, void*)
                0x00000000c0023306                ATA::powerSaving(PowerSavingLevel)
                0x00000000c0023308                ATA::ATA()
                0x00000000c0023308                ATA::ATA()
                0x00000000c0023336                ATA::flush(bool)
                0x00000000c0023380                ATA::readyForCommand()
                0x00000000c00233d0                ATA::access(unsigned long long, int, void*, bool)
                0x00000000c002374e                ATA::read(unsigned long long, int, void*)
                0x00000000c00237b6                ATA::write(unsigned long long, int, void*)
                0x00000000c002381e                ATA::detectCHS()
                0x00000000c0023848                ATA::open(int, int, void*)
 *fill*         0x00000000c002390d        0x1 
 .text          0x00000000c002390e      0x5b3 hw/diskphys/atapi.32
                0x00000000c002390e                ATAPI::write(unsigned long long, int, void*)
                0x00000000c0023914                ATAPI::close(int, int, void*)
                0x00000000c0023938                ATAPI::ATAPI()
                0x00000000c0023938                ATAPI::ATAPI()
                0x00000000c0023966                ATAPI::readyForCommand()
                0x00000000c00239b6                ATAPI::sendPacket(unsigned char*, int, bool, unsigned short*, int)
                0x00000000c0023c76                ATAPI::diskRemoved()
                0x00000000c0023c92                ATAPI::eject()
                0x00000000c0023cd8                ATAPI::diskInserted()
                0x00000000c0023d06                ATAPI::detectMedia()
                0x00000000c0023dc2                ATAPI::open(int, int, void*)
                0x00000000c0023e42                ATAPI::read(unsigned long long, int, void*)
 *fill*         0x00000000c0023ec1        0x1 
 .text          0x00000000c0023ec2      0x414 hw/diskphys/sata.32
                0x00000000c0023ec2                SATA::close(int, int, void*)
                0x00000000c0023ee6                SATA::powerSaving(PowerSavingLevel)
                0x00000000c0023ee8                SATA::open(int, int, void*)
                0x00000000c0023f44                SATA::SATA()
                0x00000000c0023f44                SATA::SATA()
                0x00000000c0023f72                SATA::access(unsigned long long, int, void*, bool)
                0x00000000c0024206                SATA::read(unsigned long long, int, void*)
                0x00000000c002426e                SATA::write(unsigned long long, int, void*)
 .text          0x00000000c00242d6       0x8e hw/fpu/avx.32
                0x00000000c00242d6                AVX::open(int, int, void*)
                0x00000000c00242e8                AVX::close(int, int, void*)
                0x00000000c00242fa                AVX::available()
                0x00000000c002430c                AVX::save(void*)
                0x00000000c0024324                AVX::load(void*)
                0x00000000c002433c                AVX::AVX()
                0x00000000c002433c                AVX::AVX()
 .text          0x00000000c0024364       0x90 hw/fpu/mmx.32
                0x00000000c0024364                MMX::available()
                0x00000000c0024378                MMX::open(int, int, void*)
                0x00000000c002438a                MMX::close(int, int, void*)
                0x00000000c002439c                MMX::save(void*)
                0x00000000c00243b4                MMX::load(void*)
                0x00000000c00243cc                MMX::MMX()
                0x00000000c00243cc                MMX::MMX()
 .text          0x00000000c00243f4       0x96 hw/fpu/sse.32
                0x00000000c00243f4                SSE::open(int, int, void*)
                0x00000000c0024406                SSE::close(int, int, void*)
                0x00000000c0024418                SSE::available()
                0x00000000c0024432                SSE::save(void*)
                0x00000000c002444a                SSE::load(void*)
                0x00000000c0024462                SSE::SSE()
                0x00000000c0024462                SSE::SSE()
 .text          0x00000000c002448a       0x8e hw/fpu/x87.32
                0x00000000c002448a                x87::open(int, int, void*)
                0x00000000c002449c                x87::close(int, int, void*)
                0x00000000c00244ae                x87::available()
                0x00000000c00244c0                x87::save(void*)
                0x00000000c00244d8                x87::load(void*)
                0x00000000c00244f0                x87::x87()
                0x00000000c00244f0                x87::x87()
 .text          0x00000000c0024518      0x71e hw/intctrl/apic.32
                0x00000000c0024518                APIC::disable()
                0x00000000c002451a                APIC::close(int, int, void*)
                0x00000000c002453c                IOAPIC::close(int, int, void*)
                0x00000000c0024542                APIC::io_wait()
                0x00000000c0024548                APIC::getBase()
                0x00000000c002458a                APIC::eoi(unsigned char)
                0x00000000c00245b8                APIC::open(int, int, void*)
                0x00000000c0024706                IOAPIC::IOAPIC()
                0x00000000c0024706                IOAPIC::IOAPIC()
                0x00000000c002472e                APIC::APIC()
                0x00000000c002472e                APIC::APIC()
                0x00000000c002480a                IOAPIC::handlesGSIWithNumber(unsigned int)
                0x00000000c002483c                IOAPIC::read(int)
                0x00000000c0024864                IOAPIC::open(int, int, void*)
                0x00000000c002495a                IOAPIC::write(int, int)
                0x00000000c0024986                IOAPIC::redirect(unsigned char, unsigned long long, unsigned char, bool, bool)
                0x00000000c0024a80                APIC::installIRQHandler(int, void (*)(regs*, void*), bool, void*)
 .text          0x00000000c0024c36      0x3d3 hw/intctrl/pic.32
                0x00000000c0024c36                PIC::disable()
                0x00000000c0024c64                PIC::close(int, int, void*)
                0x00000000c0024c86                PIC::PIC()
                0x00000000c0024c86                PIC::PIC()
                0x00000000c0024d5c                PIC::ioWait()
                0x00000000c0024d62                PIC::getIRQReg(int)
                0x00000000c0024dcc                PIC::eoi(unsigned char)
                0x00000000c0024e5e                PIC::remap()
                0x00000000c0024fca                PIC::open(int, int, void*)
 *fill*         0x00000000c0025009        0x1 
 .text          0x00000000c002500a      0x25e hw/timer/apictimer.32
                0x00000000c002500a                APICTimer::close(int, int, void*)
                0x00000000c0025010                apicTimerHandler(regs*, void*)
                0x00000000c002503e                APICTimer::write(int)
                0x00000000c0025142                APICTimer::open(int, int, void*)
                0x00000000c0025240                APICTimer::APICTimer()
                0x00000000c0025240                APICTimer::APICTimer()
 .text          0x00000000c0025268      0x1a7 hw/timer/pit.32
                0x00000000c0025268                PIT::write(int)
                0x00000000c00252e6                pitHandler(regs*, void*)
                0x00000000c0025312                PIT::open(int, int, void*)
                0x00000000c0025360                PIT::close(int, int, void*)
                0x00000000c0025390                PIT::PIT()
                0x00000000c0025390                PIT::PIT()
 *fill*         0x00000000c002540f        0x1 
 .text          0x00000000c0025410       0x1e hw/fpu/x86/avx.32
                0x00000000c0025410                avxDetect
                0x00000000c0025416                avxSave
                0x00000000c0025417                avxLoad
                0x00000000c0025418                avxInit
                0x00000000c0025419                avxClose
                0x00000000c002541a                wouldSheSayYes
 *fill*         0x00000000c002542e        0x2 
 .text          0x00000000c0025430       0x35 hw/fpu/x86/sse.32
                0x00000000c0025430                absolutelyNoChanceInHell
                0x00000000c0025430                sseDetect
                0x00000000c0025448                sseSave
                0x00000000c002544e                sseLoad
                0x00000000c0025454                sseInit
                0x00000000c0025464                sseClose
 *fill*         0x00000000c0025465        0xb 
 .text          0x00000000c0025470       0x47 hw/fpu/x86/x87.32
                0x00000000c0025476                x87Detect
                0x00000000c0025491                x87Save
                0x00000000c0025497                x87Load
                0x00000000c002549c                x87Init
                0x00000000c00254b6                x87Close
 *fill*         0x00000000c00254b7        0x1 
 .text          0x00000000c00254b8       0x25 /cygdrive/d/Users/Alex/Desktop/Toolchain/Output/bin/../lib/gcc/i386-banana/8.1.0/crtend.o
 .text          0x00000000c00254dd        0x0 crtn.32
 *fill*         0x00000000c00254dd        0x3 
 .text          0x00000000c00254e0      0x14b /cygdrive/d/Users/Alex/Desktop/Toolchain/Output/bin/../lib/gcc/i386-banana/8.1.0/libkgcc.a(_divdi3.o)
                0x00000000c00254e0                __divdi3
 *fill*         0x00000000c002562b        0x1 
 .text          0x00000000c002562c      0x17e /cygdrive/d/Users/Alex/Desktop/Toolchain/Output/bin/../lib/gcc/i386-banana/8.1.0/libkgcc.a(_moddi3.o)
                0x00000000c002562c                __moddi3
 *fill*         0x00000000c00257aa        0x2 
 .text          0x00000000c00257ac       0xff /cygdrive/d/Users/Alex/Desktop/Toolchain/Output/bin/../lib/gcc/i386-banana/8.1.0/libkgcc.a(_udivdi3.o)
                0x00000000c00257ac                __udivdi3
 *fill*         0x00000000c00258ab        0x1 
 .text          0x00000000c00258ac      0x11a /cygdrive/d/Users/Alex/Desktop/Toolchain/Output/bin/../lib/gcc/i386-banana/8.1.0/libkgcc.a(_umoddi3.o)
                0x00000000c00258ac                __umoddi3
 .text          0x00000000c00259c6      0x96d D:/Users/Alex/Desktop/Banana/kernel/libsoftfp.a(sfieeelib.o)
                0x00000000c00259c6                __addsf3
                0x00000000c0025cc8                __subsf3
                0x00000000c0025cdc                __negsf2
                0x00000000c0025ce9                __mulsf3
                0x00000000c0025eac                __divsf3
                0x00000000c00260d7                __floatsisf
                0x00000000c002614b                __floatunsisf
                0x00000000c002618d                __fixsfsi
                0x00000000c00261ef                __fixunssfsi
                0x00000000c0026220                __cmpsf2
                0x00000000c00262b5                __eqsf2
                0x00000000c00262f0                __nesf2
                0x00000000c00262f2                __gtsf2
                0x00000000c002632d                __gesf2
                0x00000000c002632f                __ltsf2
                0x00000000c0026331                __lesf2
 .text          0x00000000c0026333      0xf50 D:/Users/Alex/Desktop/Banana/kernel/libsoftfp.a(dfieeelib.o)
                0x00000000c0026333                __adddf3
                0x00000000c0026984                __subdf3
                0x00000000c002699f                __negdf2
                0x00000000c00269b0                __muldf3
                0x00000000c0026c94                __divdf3
                0x00000000c0027013                __floatsidf
                0x00000000c002706e                __floatunsidf
                0x00000000c00270ac                __fixdfsi
                0x00000000c0027119                __fixunsdfsi
                0x00000000c0027155                __cmpdf2
                0x00000000c0027243                __eqdf2
                0x00000000c002725f                __nedf2
                0x00000000c0027261                __gtdf2
                0x00000000c002727d                __gedf2
                0x00000000c002727f                __ltdf2
                0x00000000c0027281                __ledf2
 .text          0x00000000c0027283      0x18d D:/Users/Alex/Desktop/Banana/kernel/libsoftfp.a(sfdfcvt.o)
                0x00000000c0027283                __truncdfsf2
                0x00000000c00273a7                __extendsfdf2
 .text          0x00000000c0027410       0x1e D:/Users/Alex/Desktop/Banana/kernel/libk/libm32.a(s_fabs.c.o)
                0x00000000c0027410                fabs
 *fill*         0x00000000c002742e        0x2 
 .text          0x00000000c0027430        0xc D:/Users/Alex/Desktop/Banana/kernel/libk/libm32.a(s_lrint.S.o)
                0x00000000c0027430                lrint
 .text          0x00000000c002743c        0xc D:/Users/Alex/Desktop/Banana/kernel/libk/libm32.a(s_lrintf.S.o)
                0x00000000c002743c                lrintf
 *(.gnu.linkonce.t*)

.iplt           0x00000000c0027448        0x0
 .iplt          0x00000000c0027448        0x0 D:/Users/Alex/Desktop/Banana/kernel/boot.32

.init           0x00000000c0027448        0xf
 .init          0x00000000c0027448        0x3 crti.32
                0x00000000c0027448                _init