Archive member included to satisfy reference by file (symbol)

/cygdrive/d/Users/Alex/Desktop/Toolchain/Output/bin/../lib/gcc/i386-banana/8.1.0/libkgcc.a(_divdi3.o)
                              fs/fat/ff.32 (__divdi3)
/cygdrive/d/Users/Alex/Desktop/Toolchain/Output/bin/../lib/gcc/i386-banana/8.1.0/libkgcc.a(_moddi3.o)
                              compat/resolve.32 (__moddi3)
/cygdrive/d/Users/Alex/Desktop/Toolchain/Output/bin/../lib/gcc/i386-banana/8.1.0/libkgcc.a(_udivdi3.o)
                              fs/fat/ff.32 (__udivdi3)
/cygdrive/d/Users/Alex/Desktop/Toolchain/Output/bin/../lib/gcc/i386-banana/8.1.0/libkgcc.a(_umoddi3.o)
                              compat/resolve.32 (__umoddi3)

Discarded input sections

 .comment       0x0000000000000000       0x12 /cygdrive/d/Users/Alex/Desktop/Toolchain/Output/bin/../lib/gcc/i386-banana/8.1.0/crtbegin.o
 .comment       0x0000000000000000       0x12 acpica/utclib.32
 .comment       0x0000000000000000       0x12 core/malloc.32
 .comment       0x0000000000000000       0x12 libk/string.32
 .comment       0x0000000000000000       0x12 fs/fat/diskio.32
 .comment       0x0000000000000000       0x12 fs/fat/ff.32
 .comment       0x0000000000000000       0x12 fs/fat/ffsystem.32
 .comment       0x0000000000000000       0x12 fs/fat/ffunicode.32
 .comment       0x0000000000000000       0x12 compat/inlines.32
 .comment       0x0000000000000000       0x12 compat/resolve.32
 .group         0x0000000000000000       0x14 core/computer.32
 .group         0x0000000000000000        0xc core/computer.32
 .comment       0x0000000000000000       0x12 core/computer.32
 .comment       0x0000000000000000       0x12 core/gdt.32
 .group         0x0000000000000000        0xc core/idle.32
 .comment       0x0000000000000000       0x12 core/idle.32
 .comment       0x0000000000000000       0x12 core/idt.32
 .comment       0x0000000000000000       0x12 core/kheap.32
 .comment       0x0000000000000000       0x12 core/main.32
 .comment       0x0000000000000000       0x12 core/physmgr.32
 .group         0x0000000000000000        0xc core/pipe.32
 .comment       0x0000000000000000       0x12 core/pipe.32
 .group         0x0000000000000000        0xc core/terminal.32
 .comment       0x0000000000000000       0x12 core/terminal.32
 .comment       0x0000000000000000       0x12 core/tss.32
 .group         0x0000000000000000        0x8 core/unixfile.32
 .group         0x0000000000000000        0x8 core/unixfile.32
 .group         0x0000000000000000        0xc core/unixfile.32
 .group         0x0000000000000000        0x8 core/unixfile.32
 .group         0x0000000000000000        0xc core/unixfile.32
 .group         0x0000000000000000        0x8 core/unixfile.32
 .group         0x0000000000000000        0xc core/unixfile.32
 .group         0x0000000000000000        0xc core/unixfile.32
 .comment       0x0000000000000000       0x12 core/unixfile.32
 .comment       0x0000000000000000       0x12 core/virtmgr.32
 .comment       0x0000000000000000       0x12 coreobjs/c++.32
 .comment       0x0000000000000000       0x12 dbg/kconsole.32
 .group         0x0000000000000000        0xc fs/vfs.32
 .group         0x0000000000000000        0xc fs/vfs.32
 .group         0x0000000000000000        0xc fs/vfs.32
 .comment       0x0000000000000000       0x12 fs/vfs.32
 .group         0x0000000000000000        0xc hal/bus.32
 .comment       0x0000000000000000       0x12 hal/bus.32
 .group         0x0000000000000000        0xc hal/buzzer.32
 .comment       0x0000000000000000       0x12 hal/buzzer.32
 .group         0x0000000000000000        0xc hal/clock.32
 .comment       0x0000000000000000       0x12 hal/clock.32
 .group         0x0000000000000000       0x14 hal/device.32
 .group         0x0000000000000000        0xc hal/device.32
 .group         0x0000000000000000        0x8 hal/device.32
 .group         0x0000000000000000        0xc hal/device.32
 .group         0x0000000000000000        0xc hal/device.32
 .comment       0x0000000000000000       0x12 hal/device.32
 .group         0x0000000000000000        0xc hal/diskctrl.32
 .comment       0x0000000000000000       0x12 hal/diskctrl.32
 .group         0x0000000000000000        0xc hal/diskphys.32
 .comment       0x0000000000000000       0x12 hal/diskphys.32
 .group         0x0000000000000000        0xc hal/fpu.32
 .comment       0x0000000000000000       0x12 hal/fpu.32
 .group         0x0000000000000000        0xc hal/intctrl.32
 .comment       0x0000000000000000       0x12 hal/intctrl.32
 .group         0x0000000000000000        0xc hal/keybrd.32
 .comment       0x0000000000000000       0x12 hal/keybrd.32
 .group         0x0000000000000000        0xc hal/logidisk.32
 .comment       0x0000000000000000       0x12 hal/logidisk.32
 .group         0x0000000000000000        0xc hal/mouse.32
 .comment       0x0000000000000000       0x12 hal/mouse.32
 .comment       0x0000000000000000       0x12 hal/partition.32
 .group         0x0000000000000000        0xc hal/serial.32
[...]
Memory Configuration

Name             Origin             Length             Attributes
*default*        0x0000000000000000 0xffffffffffffffff

Linker script and memory map

LOAD D:/Users/Alex/Desktop/Banana/kernel/boot.32
LOAD crti.32
LOAD /cygdrive/d/Users/Alex/Desktop/Toolchain/Output/bin/../lib/gcc/i386-banana/8.1.0/crtbegin.o
LOAD D:/Users/Alex/Desktop/Banana/kernel/morenasm.32
LOAD acpica/utclib.32
LOAD core/malloc.32
LOAD libk/string.32
LOAD fs/fat/diskio.32
LOAD fs/fat/ff.32
LOAD fs/fat/ffsystem.32
LOAD fs/fat/ffunicode.32
LOAD compat/inlines.32
LOAD compat/resolve.32
LOAD core/computer.32
LOAD core/gdt.32
LOAD core/idle.32
LOAD core/idt.32
LOAD core/kheap.32
LOAD core/main.32
LOAD core/physmgr.32
LOAD core/pipe.32
LOAD core/terminal.32
LOAD core/tss.32
LOAD core/unixfile.32
LOAD core/virtmgr.32
LOAD coreobjs/c++.32
LOAD dbg/kconsole.32
LOAD fs/vfs.32
LOAD hal/bus.32
LOAD hal/buzzer.32
LOAD hal/clock.32
LOAD hal/device.32
LOAD hal/diskctrl.32
LOAD hal/diskphys.32
LOAD hal/fpu.32
LOAD hal/intctrl.32
LOAD hal/keybrd.32
LOAD hal/logidisk.32
LOAD hal/mouse.32
LOAD hal/partition.32
LOAD hal/serial.32
LOAD hal/timer.32
LOAD hal/vcache.32
LOAD hal/video.32
LOAD hw/acpi.32
LOAD hw/cpu.32
LOAD hw/ports.32
LOAD hw/smp.32
LOAD krnl/env.32
LOAD krnl/panic.32
LOAD krnl/powctrl.32
LOAD net/ethernet.32
LOAD reg/registry.32
LOAD sys/sc_eject.32
LOAD sys/sc_exit.32
LOAD sys/sc_getcwd.32
LOAD sys/sc_getpid.32
LOAD sys/sc_getramdata.32
LOAD sys/sc_getvgaptr.32
LOAD sys/sc_loaddll.32
LOAD sys/sc_read.32
LOAD sys/sc_sbrk.32
LOAD sys/sc_setcwd.32
LOAD sys/sc_settime.32
LOAD sys/sc_timezone.32
LOAD sys/sc_write.32
LOAD sys/sc_wsbe.32
LOAD sys/sc_yield.32
LOAD sys/syscalls.32
LOAD thr/elf.32
LOAD thr/prcssthr.32
LOAD vm86/vm8086.32
LOAD vm86/x87em.32
LOAD fs/fat/vfslink.32
LOAD fs/iso9660/vfslink.32
LOAD hal/sound/sndcard.32
LOAD hal/sound/sndport.32
LOAD hw/bus/isa.32
LOAD hw/bus/pci.32
LOAD hw/diskctrl/ide.32
LOAD hw/diskctrl/satabus.32
LOAD hw/diskphys/ata.32
LOAD hw/diskphys/atapi.32
LOAD hw/diskphys/sata.32
LOAD hw/diskphys/satapi.32
LOAD hw/fpu/avx.32
LOAD hw/fpu/mmx.32
LOAD hw/fpu/sse.32
LOAD hw/fpu/x87.32
LOAD hw/intctrl/apic.32
LOAD hw/intctrl/pic.32
LOAD hw/timer/apictimer.32
LOAD hw/timer/pit.32
LOAD hw/fpu/x86/avx.32
LOAD hw/fpu/x86/sse.32
LOAD hw/fpu/x86/x87.32
LOAD /cygdrive/d/Users/Alex/Desktop/Toolchain/Output/bin/../lib/gcc/i386-banana/8.1.0/crtend.o
LOAD crtn.32
LOAD /cygdrive/d/Users/Alex/Desktop/Toolchain/Output/bin/../lib/gcc/i386-banana/8.1.0/libkgcc.a
LOAD D:/Users/Alex/Desktop/Banana/kernel/libsoftfp.a
LOAD D:/Users/Alex/Desktop/Banana/kernel/libk/libm32.a
                0x00000000c0000000                . = 0xc0000000

.text           0x00000000c0000000    0x22f6a
 *(.text)
 .text          0x00000000c0000000       0x41 D:/Users/Alex/Desktop/Banana/kernel/boot.32
                0x00000000c0000020                callGlobalConstructors
 .text          0x00000000c0000041        0x0 crti.32
 *fill*         0x00000000c0000041        0x3 
 .text          0x00000000c0000044      0x101 /cygdrive/d/Users/Alex/Desktop/Toolchain/Output/bin/../lib/gcc/i386-banana/8.1.0/crtbegin.o
 *fill*         0x00000000c0000145        0xb 
 .text          0x00000000c0000150      0x430 D:/Users/Alex/Desktop/Banana/kernel/morenasm.32
                0x00000000c0000150                manualPCIProbe
                0x00000000c000019b                prepareTramp
                0x00000000c00001b4                doTPAUSE
                0x00000000c00001be                hasLegacyFPU
                0x00000000c00001e3                is486
                0x00000000c0000219                detectCPUID
                0x00000000c000022f                goToVM86
                0x00000000c000025f                goToUsermode
                0x00000000c0000289                switchToThreadASMFirstTime
                0x00000000c0000297                switchToThreadASM
                0x00000000c0000327                asmQuickAcquireLock
                0x00000000c0000345                asmQuickReleaseLock
                0x00000000c0000351                asmAcquireLock
                0x00000000c0000372                asmReleaseLock
                0x00000000c0000385                loadGDT
                0x00000000c00003a5                isr0
                0x00000000c00003b5                isr1
                0x00000000c00003bf                isr2
                0x00000000c00003c9                isr3
                0x00000000c00003d3                isr4
                0x00000000c00003dd                isr5
                0x00000000c00003e7                isr6
                0x00000000c00003f1                isr7
                0x00000000c00003fb                isr8
                0x00000000c0000403                isr9
                0x00000000c000040d                isr10
                0x00000000c0000415                isr11
                0x00000000c000041d                isr12
                0x00000000c0000425                isr13
                0x00000000c000042d                isr14
                0x00000000c0000435                isr15
                0x00000000c000043f                isr16
                0x00000000c0000449                isr17
                0x00000000c0000453                isr18
                0x00000000c000045d                irq3
                0x00000000c0000467                irq4
                0x00000000c0000471                irq5
                0x00000000c000047b                irq6
                0x00000000c0000485                irq7
                0x00000000c000048f                irq8
                0x00000000c0000499                irq9
                0x00000000c00004a3                irq10
                0x00000000c00004ad                irq11
                0x00000000c00004b7                irq12
                0x00000000c00004c1                irq13
                0x00000000c00004cb                irq14
                0x00000000c00004d5                irq15
                0x00000000c00004df                irq1
                0x00000000c00004e6                irq2
                0x00000000c00004ed                isr96
                0x00000000c00004f4                irq0
                0x00000000c00004f9                int_common_stub
                0x00000000c00004f9                syscall_common_stub
                0x00000000c000052b                irq16
                0x00000000c0000535                irq17
                0x00000000c000053f                irq18
                0x00000000c0000549                irq19
                0x00000000c0000553                irq20
                0x00000000c000055d                irq21
                0x00000000c0000567                irq22
                0x00000000c0000571                irq23
                0x00000000c000057b                memcpy
 .text          0x00000000c0000580      0x5dd acpica/utclib.32
                0x00000000c0000580                memcmp
                0x00000000c00005bc                memmove
                0x00000000c0000684                memset
                0x00000000c00006a0                strlen
                0x00000000c00006b8                strpbrk
                0x00000000c00006f4                strtok
                0x00000000c0000740                strcpy
                0x00000000c0000764                strncpy
                0x00000000c00007cc                strcmp
                0x00000000c000080c                strchr
                0x00000000c0000830                strncmp
                0x00000000c0000880                strcat
                0x00000000c00008b0                strncat
                0x00000000c00008ec                strstr
                0x00000000c0000934                toupper
                0x00000000c0000948                tolower
                0x00000000c000095c                simple_strtoul
 .text          0x00000000c0000b5d      0xfad core/malloc.32
                0x00000000c0000cc8                dlfree
                0x00000000c0001023                dlmalloc
                0x00000000c0001560                dlrealloc
                0x00000000c0001703                dlmemalign
                0x00000000c0001826                dlcalloc
                0x00000000c00018c0                dlcfree
                0x00000000c00018c5                dlindependent_calloc
                0x00000000c00018ea                dlindependent_comalloc
                0x00000000c0001901                dlvalloc
                0x00000000c000192c                dlpvalloc
                0x00000000c0001962                dlmalloc_trim
                0x00000000c000196f                dlmalloc_usable_size
                0x00000000c00019a0                dlmallinfo
                0x00000000c0001a6f                dlmalloc_stats
                0x00000000c0001a80                dlmallopt
 .text          0x00000000c0001b0a        0x0 libk/string.32
 .text          0x00000000c0001b0a       0x51 fs/fat/diskio.32
                0x00000000c0001b0a                disk_status
                0x00000000c0001b0d                disk_initialize
                0x00000000c0001b10                disk_read
                0x00000000c0001b26                disk_write
                0x00000000c0001b3c                disk_ioctl
 .text          0x00000000c0001b5b     0x6a69 fs/fat/ff.32
                0x00000000c0004e29                f_mount
                0x00000000c0004e8b                f_open
                0x00000000c00052c7                f_read
                0x00000000c0005547                f_write
                0x00000000c0005801                f_sync
                0x00000000c00059dd                f_close
                0x00000000c0005a0c                f_lseek
                0x00000000c0005ec3                f_opendir
                0x00000000c0005fc5                f_closedir
                0x00000000c0005fe7                f_readdir
                0x00000000c0006082                f_stat
                0x00000000c0006111                f_getfree
                0x00000000c00062dc                f_truncate
                0x00000000c00063d4                f_unlink
                0x00000000c0006557                f_mkdir
                0x00000000c0006783                f_rename
                0x00000000c0006a76                f_chmod
                0x00000000c0006b54                f_utime
                0x00000000c0006c32                f_getlabel
                0x00000000c0006e20                f_setlabel
                0x00000000c000708d                f_expand
                0x00000000c00072c3                f_forward
                0x00000000c00074a1                f_mkfs
 .text          0x00000000c00085c4       0x2f fs/fat/ffsystem.32
                0x00000000c00085c4                ff_memalloc
                0x00000000c00085dc                ff_memfree
 *fill*         0x00000000c00085f3        0x1 
 .text          0x00000000c00085f4      0x274 fs/fat/ffunicode.32
                0x00000000c00085f4                ff_uni2oem
                0x00000000c000868c                ff_oem2uni
                0x00000000c0008700                ff_wtoupper
 .text          0x00000000c0008868       0xa7 compat/inlines.32
                0x00000000c0008868                CPU::current()
                0x00000000c0008874                operator new(unsigned long)
                0x00000000c0008879                operator delete(void*)
                0x00000000c000887e                disableIRQs()
                0x00000000c0008886                enableIRQs()
                0x00000000c0008895                lockScheduler()
                0x00000000c000889d                unlockScheduler()
                0x00000000c00088ac                lockStuff()
                0x00000000c00088ba                unlockStuff()
                0x00000000c00088f4                Virt::getAKernelVAS()
                0x00000000c00088fa                __not_memcpy
 *fill*         0x00000000c000890f        0x1 
 .text          0x00000000c0008910      0x118 compat/resolve.32
                0x00000000c0008910                Krnl::resolveCompatibilitySymbol(char*)
 .text          0x00000000c0008a28      0xb8d core/computer.32
                0x00000000c0008a28                Computer::close(int, int, void*)
                0x00000000c0008a6c                Krnl::firstTask()
                0x00000000c0008bc0                Computer::Computer()
                0x00000000c0008bc0                Computer::Computer()
                0x00000000c0008d1c                Computer::setBootMessage(char const*)
                0x00000000c0008d1e                Computer::detectFeatures()
                0x00000000c0008f28                Computer::displayFeatures()
                0x00000000c000926e                Computer::rdmsr(unsigned int)
                0x00000000c000929a                Computer::wrmsr(unsigned int, unsigned long long)
                0x00000000c00092d2                Computer::shutdown()
                0x00000000c00092ea                Computer::restart()
                0x00000000c0009302                Computer::sleep()
                0x00000000c0009316                Computer::nmiEnabled()
                0x00000000c0009322                Computer::readCMOS(unsigned char)
                0x00000000c000933c                Computer::enableNMI(bool)
                0x00000000c0009354                Computer::open(int, int, void*)
                0x00000000c00094f8                Computer::disableNMI()
                0x00000000c0009506                Computer::writeCMOS(unsigned char, unsigned char)
                0x00000000c0009524                Computer::handleNMI()
                0x00000000c000958a                Computer::setDiskActivityLight(int, bool)
 *fill*         0x00000000c00095b5        0x1 
 .text          0x00000000c00095b6      0x19d core/gdt.32
                0x00000000c00095b6                GDTEntry::setBase(unsigned int)
                0x00000000c00095d2                GDTEntry::setLimit(unsigned int)
                0x00000000c00095f0                GDT::GDT()
                0x00000000c00095f0                GDT::GDT()
                0x00000000c0009606                GDT::addEntry(GDTEntry)
                0x00000000c0009628                GDT::getNumberOfEntries()
                0x00000000c0009630                GDT::flush()
                0x00000000c0009652                GDT::setup()
 .text          0x00000000c0009753       0x6b core/idle.32
                0x00000000c0009753                idleFunction(void*)
 *fill*         0x00000000c00097be        0x2 
 .text          0x00000000c00097c0      0x464 core/idt.32
                0x00000000c00097c0                IDTEntry::IDTEntry(bool)
                0x00000000c00097c0                IDTEntry::IDTEntry(bool)
                0x00000000c0009832                IDTEntry::setOffset(unsigned int)
                0x00000000c0009848                IDT::IDT()
                0x00000000c0009848                IDT::IDT()
                0x00000000c000984a                IDT::getPointerToInvalidOpcodeEntryForF00F()
                0x00000000c0009852                IDT::addEntry(IDTEntry, int)
                0x00000000c000986c                IDT::addEntry(int, void (*)(), bool)
                0x00000000c00098a4                IDT::flush()
                0x00000000c00098be                IDT::setup()
 .text          0x00000000c0009c24      0x191 core/kheap.32
                0x00000000c0009c24                sbrk
                0x00000000c0009cc7                mmap
                0x00000000c0009cdd                munmap
                0x00000000c0009cf3                liballoc_lock()
                0x00000000c0009d00                liballoc_unlock()
                0x00000000c0009d14                liballoc_alloc(int)
                0x00000000c0009d2c                liballoc_free(void*, int)
                0x00000000c0009d47                realloc
                0x00000000c0009d5b                malloc
                0x00000000c0009d6b                free
                0x00000000c0009d7b                rfree
                0x00000000c0009d8b                calloc
 .text          0x00000000c0009db5      0x437 core/main.32
                0x00000000c0009db5                Krnl::setBootMessage(char const*)
                0x00000000c0009e21                kernel_main
 .text          0x00000000c000a1ec      0x673 core/physmgr.32
                0x00000000c000a1ec                Phys::allocateDMA(unsigned long)
                0x00000000c000a2fb                Phys::freeDMA(unsigned long, unsigned long)
                0x00000000c000a341                Phys::setPageState(unsigned long, bool)
                0x00000000c000a373                Phys::getPageState(unsigned long)
                0x00000000c000a38f                Phys::freePage(unsigned long)
                0x00000000c000a412                Phys::allocatePage()
                0x00000000c000a4fd                Phys::allocateContiguousPages(int)
                0x00000000c000a559                Phys::allowSegmentToBeUsed(unsigned long, unsigned long)
                0x00000000c000a591                Phys::physicalMemorySetup(unsigned int)
 *fill*         0x00000000c000a85f        0x1 
 .text          0x00000000c000a860      0x273 core/pipe.32
                0x00000000c000a860                Pipe::isAtty()
                0x00000000c000a864                Pipe::~Pipe()
                0x00000000c000a864                Pipe::~Pipe()
                0x00000000c000a888                Pipe::~Pipe()
                0x00000000c000a8b0                Pipe::read(unsigned long long, void*, int*)
                0x00000000c000a9ac                Pipe::write(unsigned long long, void*, int*)
                0x00000000c000aa6c                Pipe::Pipe(int)
                0x00000000c000aa6c                Pipe::Pipe(int)
 *fill*         0x00000000c000aad3        0x1 
 .text          0x00000000c000aad4      0xb8f core/terminal.32
                0x00000000c000aad4                VgaText::isAtty()
                0x00000000c000aad8                VgaText::~VgaText()
                0x00000000c000aad8                VgaText::~VgaText()
                0x00000000c000aafc                VgaText::~VgaText()
                0x00000000c000ab26                VgaText::read(unsigned long long, void*, int*)
                0x00000000c000ab46                setTerminalScrollLock(bool)
                0x00000000c000ab47                addToTerminalCycle(VgaText*)
                0x00000000c000ab68                installVgaTextImplementation()
                0x00000000c000ab7d                scrollTerminalScrollLock(int)
                0x00000000c000ab7e                VgaText::updateTitle()
                0x00000000c000abbc                VgaText::load()
                0x00000000c000ac0a                VgaText::updateCursor()
                0x00000000c000ac20                VgaText::doANSI_SGR(int)
                0x00000000c000ac94                VgaText::setDefaultBgColour(VgaColour)
                0x00000000c000aca4                VgaText::setDefaultFgColour(VgaColour)
                0x00000000c000acb4                VgaText::setDefaultColours(VgaColour, VgaColour)
                0x00000000c000acd4                VgaText::setTitleTextColour(VgaColour)
                0x00000000c000ace4                VgaText::setTitleColour(VgaColour)
                0x00000000c000acf4                VgaText::setTitle(char*)
                0x00000000c000ad1a                VgaText::combineColours(unsigned char, unsigned char)
                0x00000000c000ad2c                VgaText::scrollScreen()
                0x00000000c000adc0                VgaText::combineCharAndColour(char, unsigned char)
                0x00000000c000add2                VgaText::writeCharacter(char, VgaColour, VgaColour, int, int)
                0x00000000c000ae2e                VgaText::getCursorX()
                0x00000000c000ae36                VgaText::getCursorY()
                0x00000000c000ae3e                VgaText::setCursor(int, int)
                0x00000000c000ae55                setActiveTerminal(VgaText*)
                0x00000000c000aeb7                doTerminalCycle()
                0x00000000c000aed2                VgaText::setCursorX(int)
                0x00000000c000aeea                VgaText::setCursorY(int)
                0x00000000c000af02                VgaText::incrementCursor(bool)
                0x00000000c000af56                VgaText::decrementCursor(bool)
                0x00000000c000af78                VgaText::putchar(char, VgaColour, VgaColour)
                0x00000000c000b050                VgaText::doUpdate()
                0x00000000c000b05e                VgaText::puts(char const*, VgaColour, VgaColour)
                0x00000000c000b1d6                VgaText::clearScreen()
                0x00000000c000b230                VgaText::putchar(char)
                0x00000000c000b31c                VgaText::putx(unsigned int)
                0x00000000c000b362                VgaText::puts(char const*)
                0x00000000c000b388                VgaText::VgaText(char const*)
                0x00000000c000b388                VgaText::VgaText(char const*)
                0x00000000c000b504                VgaText::receiveKey(unsigned char)
                0x00000000c000b5ea                VgaText::write(unsigned long long, void*, int*)
                0x00000000c000b63e                newTerminal(char*)
 *fill*         0x00000000c000b663        0x1 
 .text          0x00000000c000b664      0x1a1 core/tss.32
                0x00000000c000b664                TSS::TSS()
                0x00000000c000b664                TSS::TSS()
                0x00000000c000b674                TSS::setESP(unsigned long)
                0x00000000c000b688                TSS::flush()
                0x00000000c000b6a8                TSS::setup(unsigned long, unsigned long)
 *fill*         0x00000000c000b805        0x1 
 .text          0x00000000c000b806      0x4c2 core/unixfile.32
                0x00000000c000b806                ReservedFilename::read(unsigned long long, void*, int*)
                0x00000000c000b85c                ReservedFilename::isAtty()
                0x00000000c000b878                ReservedFilename::write(unsigned long long, void*, int*)
                0x00000000c000b8d6                UnixFile::getFileDescriptor()
                0x00000000c000b8de                UnixFile::UnixFile(int)
                0x00000000c000b8de                UnixFile::UnixFile(int)
                0x00000000c000ba8e                ReservedFilename::ReservedFilename(int)
                0x00000000c000ba8e                ReservedFilename::ReservedFilename(int)
                0x00000000c000bac0                UnixFile::~UnixFile()
                0x00000000c000bac0                UnixFile::~UnixFile()
                0x00000000c000bb58                UnixFile::~UnixFile()
                0x00000000c000bb80                ReservedFilename::~ReservedFilename()
                0x00000000c000bb80                ReservedFilename::~ReservedFilename()
                0x00000000c000bba4                ReservedFilename::~ReservedFilename()
                0x00000000c000bbcb                getFromFileDescriptor(int)
 .text          0x00000000c000bcc8     0x1218 core/virtmgr.32
                0x00000000c000bcc8                Virt::setPageState(unsigned long, Virt::VirtPageState)
                0x00000000c000bcfd                Virt::getPageState(unsigned long)
                0x00000000c000bd21                Virt::allocateKernelVirtualPages(int)
                0x00000000c000be32                Virt::freeSwapfilePage(unsigned long)
                0x00000000c000be50                Virt::swapIDToSector(unsigned long)
                0x00000000c000be62                Virt::allocateSwapfilePage()
                0x00000000c000bee0                Virt::virtualMemorySetup()
                0x00000000c000bf2b                Virt::setupPageSwapping(int)
                0x00000000c000bf9c                VAS::VAS()
                0x00000000c000bf9c                VAS::VAS()
                0x00000000c000bfd8                VAS::VAS(VAS*)
                0x00000000c000bfd8                VAS::VAS(VAS*)
                0x00000000c000c006                VAS::getForeignPageTableEntry(bool, unsigned long)
                0x00000000c000c032                VAS::getPageTableEntry(unsigned long)
                0x00000000c000c051                Virt::freeKernelVirtualPages(unsigned long)
                0x00000000c000c174                VAS::freeAllocatedPages(unsigned long)
                0x00000000c000c198                VAS::virtualToPhysical(unsigned long)
                0x00000000c000c1b0                VAS::reflagRange(unsigned long, int, int, int)
                0x00000000c000c1f0                VAS::setToWriteCombining(unsigned long, int)
                0x00000000c000c222                VAS::mapOtherVASIn(bool, VAS*)
                0x00000000c000c24c                VAS::~VAS()
                0x00000000c000c24c                VAS::~VAS()
                0x00000000c000c3c8                VAS::mapPage(unsigned long, unsigned long, int)
                0x00000000c000c4ca                VAS::allocatePages(int, int)
                0x00000000c000c6a2                VAS::setCPUSpecific(unsigned long)
                0x00000000c000c6be                VAS::mapRange(unsigned long, unsigned long, int, int)
                0x00000000c000c784                VAS::mapForeignPage(bool, VAS*, unsigned long, unsigned long, int)
                0x00000000c000c872                VAS::VAS(bool)
                0x00000000c000c872                VAS::VAS(bool)
                0x00000000c000caf2                VAS::evict(unsigned long)
                0x00000000c000cbc2                VAS::tryLoadBackOffDisk(unsigned long)
                0x00000000c000ccd6                VAS::scanForEviction()
                0x00000000c000cdb4                mapVASFirstTime
 .text          0x00000000c000cee0       0x95 coreobjs/c++.32
                0x00000000c000cee0                __cxa_atexit
                0x00000000c000cee3                __cxa_finalize
                0x00000000c000cee4                __stack_chk_fail
                0x00000000c000cf50                __cxa_pure_virtual
                0x00000000c000cf61                operator new[](unsigned long)
                0x00000000c000cf66                operator delete(void*, unsigned long)
                0x00000000c000cf6b                operator delete[](void*)
                0x00000000c000cf70                operator delete[](void*, unsigned long)
 .text          0x00000000c000cf75      0x1fc dbg/kconsole.32
                0x00000000c000cf75                Dbg::stringifyxWithBase(unsigned int, char*, int)
                0x00000000c000cfce                Dbg::logc(char)
                0x00000000c000cfee                Dbg::logs(char*)
                0x00000000c000d00b                Dbg::logWriteInt(unsigned int)
                0x00000000c000d028                Dbg::logWriteIntBase(unsigned int, int)
                0x00000000c000d047                Dbg::kprintf(char const*, ...)
 *fill*         0x00000000c000d171        0x1 
 .text          0x00000000c000d172      0xcac fs/vfs.32
                0x00000000c000d172                File::read(unsigned long long, void*, int*)
                0x00000000c000d1ca                File::write(unsigned long long, void*, int*)
                0x00000000c000d222                Directory::read(unsigned long long, void*, int*)
                0x00000000c000d27a                Directory::write(unsigned long long, void*, int*)
                0x00000000c000d2a8                File::isAtty()
                0x00000000c000d2ac                Directory::isAtty()
                0x00000000c000d2b0                Filesystem::getlabel(LogicalDisk*, int, char*, unsigned int*)
                0x00000000c000d2b6                Filesystem::setlabel(LogicalDisk*, int, char*)
                0x00000000c000d2bc                Filesystem::allocateSwapfile(char const*, int)
                0x00000000c000d2c2                File::~File()
                0x00000000c000d2c2                File::~File()
                0x00000000c000d2e6                File::~File()
                0x00000000c000d310                Directory::~Directory()
                0x00000000c000d310                Directory::~Directory()
                0x00000000c000d334                Directory::~Directory()
                0x00000000c000d35e                Filesystem::Filesystem()
                0x00000000c000d35e                Filesystem::Filesystem()
                0x00000000c000d382                Filesystem::~Filesystem()
                0x00000000c000d382                Filesystem::~Filesystem()
                0x00000000c000d390                Filesystem::~Filesystem()
                0x00000000c000d3b4                Fs::getcwd(Process*, char*, int)
                0x00000000c000d3de                Fs::initVFS()
                0x00000000c000d408                Fs::standardiseFiles(char*, char const*, char const*)
                0x00000000c000d5b2                File::File(char const*, Process*)
                0x00000000c000d5b2                File::File(char const*, Process*)
                0x00000000c000d68c                File::open(FileOpenMode)
                0x00000000c000d6ea                File::close()
                0x00000000c000d74a                File::seek(unsigned long long)
                0x00000000c000d7a0                File::tell(unsigned long long*)
                0x00000000c000d7f0                File::rewind()
                0x00000000c000d804                File::unlink()
                0x00000000c000d850                File::rename(char const*)
                0x00000000c000d89e                File::chfatattr(unsigned char, unsigned char)
                0x00000000c000d8fa                File::exists()
                0x00000000c000d938                File::stat(unsigned long long*, bool*)
                0x00000000c000d999                Fs::setcwd(Process*, char*)
                0x00000000c000db12                Directory::Directory(char const*, Process*)
                0x00000000c000db12                Directory::Directory(char const*, Process*)
                0x00000000c000dbec                Directory::open()
                0x00000000c000dc48                Directory::close()
                0x00000000c000dca8                Directory::unlink()
                0x00000000c000dcf4                Directory::rename(char const*)
                0x00000000c000dd42                Directory::exists()
                0x00000000c000dd80                Directory::read(dirent*)
                0x00000000c000ddcc                Directory::create()
                0x00000000c000de18                Filesystem::chfatattr(char const*, unsigned char, unsigned char)
 *fill*         0x00000000c000de1e        0x2 
 .text          0x00000000c000de20       0x86 hal/bus.32
                0x00000000c000de20                Bus::Bus(char const*)
                0x00000000c000de20                Bus::Bus(char const*)
                0x00000000c000de58                Bus::~Bus()
                0x00000000c000de58                Bus::~Bus()
                0x00000000c000de7c                Bus::~Bus()
 *fill*         0x00000000c000dea6        0x2 
 .text          0x00000000c000dea8      0x153 hal/buzzer.32
                0x00000000c000dea8                Buzzer::Buzzer(char const*)
                0x00000000c000dea8                Buzzer::Buzzer(char const*)
                0x00000000c000deec                Buzzer::~Buzzer()
                0x00000000c000deec                Buzzer::~Buzzer()
                0x00000000c000df10                Buzzer::~Buzzer()
                0x00000000c000df3a                Buzzer::stop()
                0x00000000c000df4d                beepThread(void*)
                0x00000000c000df8e                Buzzer::beep(int, int, bool)
 *fill*         0x00000000c000dffb        0x1 
 .text          0x00000000c000dffc      0x467 hal/clock.32
                0x00000000c000dffc                User::loadClockSettings(int)
                0x00000000c000e04e                Clock::Clock(char const*)
                0x00000000c000e04e                Clock::Clock(char const*)
                0x00000000c000e084                Clock::~Clock()
                0x00000000c000e084                Clock::~Clock()
                0x00000000c000e0a8                Clock::~Clock()
                0x00000000c000e0d2                Clock::timeInSecondsLocal()
                0x00000000c000e11a                Clock::setTimeInSecondsLocal(unsigned long long)
                0x00000000c000e173                datetimeToSeconds(datetime_t)
                0x00000000c000e29a                Clock::setTimeInDatetimeLocal(datetime_t)
                0x00000000c000e2fa                secondsToDatetime(unsigned long long)
                0x00000000c000e43e                Clock::timeInDatetimeLocal()
 *fill*         0x00000000c000e463        0x1 
 .text          0x00000000c000e464      0x504 hal/device.32
                0x00000000c000e464                Device::hibernate()
                0x00000000c000e466                Device::wake()
                0x00000000c000e468                Device::detect()
                0x00000000c000e46a                Device::disableLegacy()
                0x00000000c000e46c                Device::powerSaving(PowerSavingLevel)
                0x00000000c000e46e                DriverlessDevice::close(int, int, void*)
                0x00000000c000e472                DriverlessDevice::detect()
                0x00000000c000e474                DriverlessDevice::open(int, int, void*)
                0x00000000c000e488                Device::~Device()
                0x00000000c000e488                Device::~Device()
                0x00000000c000e496                Device::~Device()
                0x00000000c000e4be                Device::findAndLoadDriver()
                0x00000000c000e4cc                Device::preOpenPCI(PCIDeviceInfo)
                0x00000000c000e4f2                Device::preOpenACPI(void*, char*, char*)
                0x00000000c000e532                Device::addIRQHandler(int, void (*)(regs*, void*), bool, void*)
                0x00000000c000e570                Device::getParent()
                0x00000000c000e57c                Device::removeIRQHandler(int, void (*)(regs*, void*), bool)
                0x00000000c000e5ba                Device::addChild(Device*)
                0x00000000c000e5fe                Device::removeAllChildren()
                0x00000000c000e644                Device::hibernateAll()
                0x00000000c000e674                Device::wakeAll()
                0x00000000c000e6a4                Device::detectAll()
                0x00000000c000e6d4                Device::disableLegacyAll()
                0x00000000c000e704                Device::loadDriversForAll()
                0x00000000c000e744                Device::closeAll()
                0x00000000c000e77a                Device::powerSavingAll(PowerSavingLevel)
                0x00000000c000e7b0                Device::setName(char const*)
                0x00000000c000e7be                Device::Device(char const*)
                0x00000000c000e7be                Device::Device(char const*)
                0x00000000c000e8ba                Device::getName()
                0x00000000c000e8c4                DriverlessDevice::DriverlessDevice(char const*)
                0x00000000c000e8c4                DriverlessDevice::DriverlessDevice(char const*)
                0x00000000c000e8fa                Device::addToLinkedList(LinkedList<Device>&, DeviceType)
                0x00000000c000e93e                getDevicesOfType(DeviceType)
 .text          0x00000000c000e968       0x86 hal/diskctrl.32
                0x00000000c000e968                HardDiskController::HardDiskController(char const*)
                0x00000000c000e968                HardDiskController::HardDiskController(char const*)
                0x00000000c000e9a0                HardDiskController::~HardDiskController()
                0x00000000c000e9a0                HardDiskController::~HardDiskController()
                0x00000000c000e9c4                HardDiskController::~HardDiskController()
 .text          0x00000000c000e9ee       0xe2 hal/diskphys.32
                0x00000000c000e9ee                PhysicalDisk::eject()
                0x00000000c000e9f2                PhysicalDisk::PhysicalDisk(char const*, int)
                0x00000000c000e9f2                PhysicalDisk::PhysicalDisk(char const*, int)
                0x00000000c000ea5a                PhysicalDisk::startCache()
                0x00000000c000ea82                PhysicalDisk::~PhysicalDisk()
                0x00000000c000ea82                PhysicalDisk::~PhysicalDisk()
                0x00000000c000eaa6                PhysicalDisk::~PhysicalDisk()
 .text          0x00000000c000ead0       0xfc hal/fpu.32
                0x00000000c000ead0                FPU::FPU(char const*)
                0x00000000c000ead0                FPU::FPU(char const*)
                0x00000000c000eb08                FPU::~FPU()
                0x00000000c000eb08                FPU::~FPU()
                0x00000000c000eb2c                FPU::~FPU()
                0x00000000c000eb56                setupFPU()
 .text          0x00000000c000ebcc     0x12bf hal/intctrl.32
                0x00000000c000ebcc                InterruptController::uninstallISRHandler(int, void (*)(regs*, void*))
                0x00000000c000ec04                InterruptController::installISRHandler(int, void (*)(regs*, void*), void*)
                0x00000000c000ec56                doubleFault(regs*, void*)
                0x00000000c000ec70                InterruptController::installIRQHandler(int, void (*)(regs*, void*), bool, void*)
                0x00000000c000ed0c                InterruptController::clearAllHandlers(int, bool)
                0x00000000c000edb4                InterruptController::uninstallIRQHandler(int, void (*)(regs*, void*), bool)
                0x00000000c000ee3b                nmiHandler(regs*, void*)
                0x00000000c000ee49                int_handler
                0x00000000c000eeea                InterruptController::InterruptController(char const*)
                0x00000000c000eeea                InterruptController::InterruptController(char const*)
                0x00000000c000ef90                InterruptController::~InterruptController()
                0x00000000c000ef90                InterruptController::~InterruptController()
                0x00000000c000efb4                InterruptController::~InterruptController()
                0x00000000c000efde                displayDebugInfo(regs*)
                0x00000000c000f46d                x87EmulHandler(regs*, void*)
                0x00000000c000f5a6                gpFault(regs*, void*)
                0x00000000c000f5df                pgFault(regs*, void*)
                0x00000000c000f62e                otherISRHandler(regs*, void*)
                0x00000000c000f64d                opcodeFault(regs*, void*)
                0x00000000c000fa27                displayProgramFault(char const*)
                0x00000000c000fa4f                setupInterruptController()
                0x00000000c000fe3e                InterruptController::convertLegacyIRQNumber(int)
 *fill*         0x00000000c000fe8b        0x1 
 .text          0x00000000c000fe8c      0x788 hal/keybrd.32
                0x00000000c000fe8c                startGUI(void*)
                0x00000000c000fef8                startGUIVESA(void*)
                0x00000000c000ff64                sendKeyToTerminal(unsigned char)
                0x00000000c0010022                sendKeyboardToken(KeyboardToken)
                0x00000000c0010464                clearInternalKeybuffer(VgaText*)
                0x00000000c0010499                readKeyboard(VgaText*, char*, unsigned long)
                0x00000000c001058a                Keyboard::Keyboard(char const*)
                0x00000000c001058a                Keyboard::Keyboard(char const*)
                0x00000000c00105c6                Keyboard::~Keyboard()
                0x00000000c00105c6                Keyboard::~Keyboard()
                0x00000000c00105ea                Keyboard::~Keyboard()
 .text          0x00000000c0010614      0x42a hal/logidisk.32
                0x00000000c0010614                LogicalDisk::close(int, int, void*)
                0x00000000c0010618                LogicalDisk::~LogicalDisk()
                0x00000000c0010618                LogicalDisk::~LogicalDisk()
                0x00000000c001063c                LogicalDisk::~LogicalDisk()
                0x00000000c0010666                LogicalDisk::open(int, int, void*)
                0x00000000c001067a                LogicalDisk::absoluteToRelative(unsigned long long)
                0x00000000c00106b2                LogicalDisk::relativeToAbsolute(unsigned long long)
                0x00000000c00106f8                LogicalDisk::LogicalDisk(char const*, PhysicalDisk*, unsigned long long, unsigned long long)
                0x00000000c00106f8                LogicalDisk::LogicalDisk(char const*, PhysicalDisk*, unsigned long long, unsigned long long)
                0x00000000c00107ae                LogicalDisk::assignDriveLetter()
                0x00000000c0010864                LogicalDisk::mount()
                0x00000000c00108ec                LogicalDisk::unmount()
                0x00000000c00108fc                LogicalDisk::eject()
                0x00000000c0010910                LogicalDisk::unassignDriveLetter()
                0x00000000c0010966                LogicalDisk::read(unsigned long long, int, void*)
                0x00000000c00109d2                LogicalDisk::write(unsigned long long, int, void*)
 *fill*         0x00000000c0010a3e        0x2 
 .text          0x00000000c0010a40       0x86 hal/mouse.32
                0x00000000c0010a40                Mouse::Mouse(char const*)
                0x00000000c0010a40                Mouse::Mouse(char const*)
                0x00000000c0010a78                Mouse::~Mouse()
                0x00000000c0010a78                Mouse::~Mouse()
                0x00000000c0010a9c                Mouse::~Mouse()
 .text          0x00000000c0010ac6      0x339 hal/partition.32
                0x00000000c0010ac6                makePartition(PhysicalDisk*, unsigned long long, unsigned long long)
                0x00000000c0010b6e                createPartitionsForDisk(PhysicalDisk*)
 *fill*         0x00000000c0010dff        0x1 
 .text          0x00000000c0010e00       0x86 hal/serial.32
                0x00000000c0010e00                Serial::Serial(char const*)
                0x00000000c0010e00                Serial::Serial(char const*)
                0x00000000c0010e38                Serial::~Serial()
                0x00000000c0010e38                Serial::~Serial()
                0x00000000c0010e5c                Serial::~Serial()
 *fill*         0x00000000c0010e86        0x2 
 .text          0x00000000c0010e88      0x2f2 hal/timer.32
                0x00000000c0010e88                Timer::Timer(char const*)
                0x00000000c0010e88                Timer::Timer(char const*)
                0x00000000c0010ec0                Timer::~Timer()
                0x00000000c0010ec0                Timer::~Timer()
                0x00000000c0010ee4                Timer::~Timer()
                0x00000000c0010f0e                Timer::read()
                0x00000000c0010f19                timerHandler(unsigned int)
                0x00000000c0011080                setupTimer(int)
 *fill*         0x00000000c001117a        0x2 
 .text          0x00000000c001117c      0x43e hal/vcache.32
                0x00000000c001117c                VCache::VCache(PhysicalDisk*)
                0x00000000c001117c                VCache::VCache(PhysicalDisk*)
                0x00000000c00112e4                VCache::invalidateReadBuffer()
                0x00000000c00112f4                VCache::writeWriteBuffer()
                0x00000000c0011340                VCache::~VCache()
                0x00000000c0011340                VCache::~VCache()
                0x00000000c0011394                VCache::~VCache()
                0x00000000c00113bc                VCache::write(unsigned long long, int, void*)
                0x00000000c00114b6                VCache::read(unsigned long long, int, void*)
 .text          0x00000000c00115ba      0x4b3 hal/video.32
                0x00000000c00115ba                Video::putrect(int, int, int, int, unsigned int)
                0x00000000c0011606                Video::bitblit(int, int, int, int, int, int, int, unsigned int*)
                0x00000000c0011676                Video::blit(unsigned int*, int, int, int, int)
                0x00000000c00116f4                Video::clearScreen(unsigned int)
                0x00000000c0011728                Video::putpixel(int, int, unsigned int)
                0x00000000c0011736                Video::Video(char const*)
                0x00000000c0011736                Video::Video(char const*)
                0x00000000c001176c                Video::~Video()
                0x00000000c001176c                Video::~Video()
                0x00000000c0011790                Video::~Video()
                0x00000000c00117ba                Video::isMonochrome()
                0x00000000c00117c6                Video::getWidth()
                0x00000000c00117d2                Video::getHeight()
                0x00000000c00117de                Video::drawCursor(int, int, unsigned char*, int)
                0x00000000c001189a                Video::tgaParse(unsigned char*, int, int*, int*)
                0x00000000c0011a02                Video::putTGA(int, int, unsigned char*, int)
 *fill*         0x00000000c0011a6d        0x3 
 .text          0x00000000c0011a70     0x1707 hw/acpi.32
                0x00000000c0011a70                ACPI::close(int, int, void*)
                0x00000000c0011b24                findRSDP()
                0x00000000c0011bf8                loadACPITables(unsigned char*)
                0x00000000c0011e5c                findRSDT(unsigned char*)
                0x00000000c001201c                findDataTable(unsigned char*, char*)
                0x00000000c0012094                scanMADT()
                0x00000000c0012570                ACPI::ACPI()
                0x00000000c0012570                ACPI::ACPI()
                0x00000000c00125d4                ACPI::getPCIIRQAssignment(unsigned char, unsigned short, unsigned char)
                0x00000000c00126bc                ACPI::registerPCIIRQAssignment(void*, unsigned short, unsigned char, unsigned char)
                0x00000000c0012784                ACPI::setScreenBrightnessLevel(void*, int)
                0x00000000c001278c                ACPI::detectPCI()
                0x00000000c0012c70                ACPI::writeSimpleBootFlag(SimpleBootFlagTable*)
                0x00000000c0012cb8                ACPI::sleep()
                0x00000000c0012cf4                ACPI::open(int, int, void*)
 *fill*         0x00000000c0013177        0x1 
 .text          0x00000000c0013178     0x1861 hw/cpu.32
                0x00000000c0013178                CPU::close(int, int, void*)
                0x00000000c001317c                CPU::lookupAMDName(unsigned char, unsigned char)
                0x00000000c0013310                CPU::lookupIntelName(unsigned char, unsigned char)
                0x00000000c00135be                CPU::AMD_K6_write_msr(unsigned int, unsigned int, unsigned int, CPU::REGS*)
                0x00000000c00135da                CPU::AMD_K6_read_msr(unsigned int, CPU::REGS*)
                0x00000000c00135f2                CPU::AMD_K6_writeback(int, int, int)
                0x00000000c0013666                CPU::cpuid(int, unsigned long*, unsigned long*, unsigned long*, unsigned long*)
                0x00000000c00136ea                CPU::cpuidCheckEDX(unsigned int)
                0x00000000c0013718                CPU::cpuidCheckECX(unsigned int)
                0x00000000c0013746                CPU::cpuidCheckExtendedEBX(unsigned int)
                0x00000000c0013774                CPU::cpuidCheckExtendedECX(unsigned int)
                0x00000000c00137a2                CPU::CPU()
                0x00000000c00137a2                CPU::CPU()
                0x00000000c0013830                CPU::displayFeatures()
                0x00000000c0013ad0                CPU::detectFeatures()
                0x00000000c00144fa                CPU::setupSMEP()
                0x00000000c0014506                CPU::setupUMIP()
                0x00000000c0014510                CPU::setupTSC()
                0x00000000c001451a                CPU::setupLargePages()
                0x00000000c0014524                CPU::setupPAT()
                0x00000000c0014560                CPU::setupMTRR()
                0x00000000c0014562                CPU::setupGlobalPages()
                0x00000000c001456c                CPU::allowUsermodeDataAccess()
                0x00000000c001457e                CPU::prohibitUsermodeDataAccess()
                0x00000000c0014590                CPU::setupSMAP()
                0x00000000c001459e                CPU::setupFeatures()
                0x00000000c001466a                CPU::open(int, int, void*)
                0x00000000c00147de                CPU::decodeAddress(regs*, int*, bool*, unsigned char*)
 .text          0x00000000c00149d9        0x0 hw/ports.32
 .text          0x00000000c00149d9      0x16a hw/smp.32
                0x00000000c00149d9                Krnl::smpEntry()
                0x00000000c00149db                Krnl::startCPU(int)
                0x00000000c0014b24                Krnl::startCPUs()
 *fill*         0x00000000c0014b43        0x1 
 .text          0x00000000c0014b44      0x581 krnl/env.32
                0x00000000c0014b44                EnvVarContainer::getEnv(char const*)
                0x00000000c0014b82                EnvVarContainer::setEnv(char const*, char const*)
                0x00000000c0014c44                EnvVarContainer::deleteEnv(char const*)
                0x00000000c0014c46                EnvVarContainer::loadFrom(char const*, char const*)
                0x00000000c0014e2c                EnvVarContainer::__loadSystem()
                0x00000000c0014e46                EnvVarContainer::__loadUser()
                0x00000000c0014e48                EnvVarContainer::EnvVarContainer(Process*)
                0x00000000c0014e48                EnvVarContainer::EnvVarContainer(Process*)
                0x00000000c0014e6a                EnvVarContainer::~EnvVarContainer()
                0x00000000c0014e6a                EnvVarContainer::~EnvVarContainer()
                0x00000000c0014e9a                Krnl::getEnv(Process*, char const*)
                0x00000000c0014eff                Krnl::setEnvSystem(char const*, char const*)
                0x00000000c0014f19                Krnl::setEnvUser(char const*, char const*)
                0x00000000c0014f38                Krnl::setEnvProcess(Process*, char const*, char const*)
                0x00000000c0014f4b                Krnl::deleteEnvSystem(char const*)
                0x00000000c0014f4c                Krnl::deleteEnvUser(char const*)
                0x00000000c0014f4d                Krnl::deleteEnvProcess(Process*, char const*)
                0x00000000c0014f4e                Krnl::newProcessEnv(Process*)
                0x00000000c0014f70                Krnl::copyProcessEnv(Process*, Process*)
                0x00000000c0014fbc                Krnl::loadSystemEnv()
                0x00000000c0014fea                Krnl::loadUserEnv()
                0x00000000c0015010                Krnl::flushEnv()
                0x00000000c0015011                Krnl::getProcessTotalEnvCount(Process*)
                0x00000000c0015031                Krnl::getProcessEnvPair(Process*, int)
 .text          0x00000000c00150c5      0x243 krnl/panic.32
                0x00000000c00150c5                Krnl::panic(char const*)
 .text          0x00000000c0015308      0x194 krnl/powctrl.32
                0x00000000c0015308                Krnl::powerThread(void*)
                0x00000000c0015388                Krnl::changePowerSettings(Krnl::PowerSettings)
                0x00000000c001539e                Krnl::userIOReceived()
                0x00000000c00153a9                Krnl::handlePowerButton()
                0x00000000c00153de                Krnl::handleSleepButton()
                0x00000000c0015413                Krnl::setupPowerManager()
 .text          0x00000000c001549c      0x5a0 net/ethernet.32
                0x00000000c001549c                Net::switchEndian16(unsigned short)
                0x00000000c00154c0                Net::switchEndian32(unsigned int)
                0x00000000c00154f0                Net::crc32Calc(unsigned char*, int)
                0x00000000c0015594                Net::wrapEthernetFrame(Net::UnwrappedEthernetFrame, unsigned char*)
                0x00000000c00157b0                Net::unwrapEthernetFrame(unsigned char*, int)
 .text          0x00000000c0015a3c      0x50e reg/registry.32
                0x00000000c0015a3c                Reg::findLineFromLoadedData(char*, char*, char*)
                0x00000000c0015b94                Reg::getLineFromRegistry(char*, char*, char*, char*)
                0x00000000c0015ce9                Reg::getLine(char*, char*, char*)
                0x00000000c0015d20                Reg::readInt(char*, char*, int*)
                0x00000000c0015e0b                Reg::readString(char*, char*, char*, int)
                0x00000000c0015e8c                Reg::readBool(char*, char*, bool*)
                0x00000000c0015eb1                Reg::readBoolWithDefault(char*, char*, bool)
                0x00000000c0015edd                Reg::readIntWithDefault(char*, char*, int)
                0x00000000c0015f09                Reg::readStringWithDefault(char*, char*, char*, int, char*)
 .text          0x00000000c0015f4a       0x36 sys/sc_eject.32
                0x00000000c0015f4a                Sys::eject(regs*)
 .text          0x00000000c0015f80       0x18 sys/sc_exit.32
                0x00000000c0015f80                Sys::exit(regs*)
 .text          0x00000000c0015f98       0x1f sys/sc_getcwd.32
                0x00000000c0015f98                Sys::getCwd(regs*)
 .text          0x00000000c0015fb7        0xc sys/sc_getpid.32
                0x00000000c0015fb7                Sys::getPID(regs*)
 .text          0x00000000c0015fc3       0x1a sys/sc_getramdata.32
                0x00000000c0015fc3                Sys::getRAMData(regs*)
 .text          0x00000000c0015fdd       0x84 sys/sc_getvgaptr.32
                0x00000000c0015fdd                Sys::getVGAPtr(regs*)
 .text          0x00000000c0016061       0xa8 sys/sc_loaddll.32
                0x00000000c0016061                Sys::loadDLL(regs*)
 .text          0x00000000c0016109       0x68 sys/sc_read.32
                0x00000000c0016109                Sys::read(regs*)
 .text          0x00000000c0016171       0x55 sys/sc_sbrk.32
                0x00000000c0016171                Sys::sbrk(regs*)
 .text          0x00000000c00161c6       0x1c sys/sc_setcwd.32
                0x00000000c00161c6                Sys::setCwd(regs*)
 .text          0x00000000c00161e2       0x95 sys/sc_settime.32
                0x00000000c00161e2                Sys::setTime(regs*)
 .text          0x00000000c0016277       0x4a sys/sc_timezone.32
                0x00000000c0016277                Sys::timezone(regs*)
 .text          0x00000000c00162c1       0x68 sys/sc_write.32
                0x00000000c00162c1                Sys::write(regs*)
 .text          0x00000000c0016329       0x62 sys/sc_wsbe.32
                0x00000000c0016329                Sys::wsbe(regs*)
 .text          0x00000000c001638b       0x38 sys/sc_yield.32
                0x00000000c001638b                Sys::yield(regs*)
 .text          0x00000000c00163c3      0xf8e sys/syscalls.32
                0x00000000c00163c3                sysCallSeekDir(regs*)
                0x00000000c00163c8                sysCallTellDir(regs*)
                0x00000000c00163cd                sysCallVerify(regs*)
                0x00000000c00163d7                sysCallGetArgc(regs*)
                0x00000000c00163e7                sysFormatDisk(regs*)
                0x00000000c0016451                sysSetDiskVolumeLabel(regs*)
                0x00000000c001649b                sysGetDiskVolumeLabel(regs*)
                0x00000000c00164f0                sysShutdown(regs*)
                0x00000000c001654e                sysCallRealpath(regs*)
                0x00000000c0016591                sysCallReadDir(regs*)
                0x00000000c0016610                sysCallIsATTY(regs*)
                0x00000000c001666a                sysCallSeek(regs*)
                0x00000000c00166c1                sysCallTell(regs*)
                0x00000000c001672d                sysCallSize(regs*)
                0x00000000c001679f                sysCallSizeFromFilename(regs*)
                0x00000000c001684e                sysCallClose(regs*)
                0x00000000c00168ae                sysCallOpenDir(regs*)
                0x00000000c0016923                sysCallCloseDir(regs*)
                0x00000000c0016977                sysCallMakeDir(regs*)
                0x00000000c00169e7                sysCallWait(regs*)
                0x00000000c0016a01                sysCallNotImpl(regs*)
                0x00000000c0016a1c                sysPanic(regs*)
                0x00000000c0016a36                sysCallRmdir(regs*)
                0x00000000c0016a9a                sysCallUnlink(regs*)
                0x00000000c0016afe                sysCallGetArgv(regs*)
                0x00000000c0016b4a                sysCallTTYName(regs*)
                0x00000000c0016bcd                sysCallUSleep(regs*)
                0x00000000c0016bf6                sysCallSpawn(regs*)
                0x00000000c0016c5e                sysCallGetEnv(regs*)
                0x00000000c0016d0b                sysAppSettings(regs*)
                0x00000000c0016e1f                sysSetFatAttrib(regs*)
                0x00000000c0016e91                sysPipe(regs*)
                0x00000000c0016ed6                sysGetUnixTime(regs*)
                0x00000000c0016eea                string_ends_with(char const*, char const*)
                0x00000000c0016f32                sysCallOpen(regs*)
                0x00000000c001711a                Sys::loadSyscalls()
                0x00000000c001730f                Sys::systemCall(regs*, void*)
 .text          0x00000000c0017351     0x1203 thr/elf.32
                0x00000000c0017351                Thr::allocateMemoryForTask(Process*, File*, unsigned long, unsigned long, unsigned long)
                0x00000000c00175fb                Thr::loadProgramIntoMemory(Process*, char const*)
                0x00000000c0017811                Thr::runtimeReferenceHelper()
                0x00000000c0017824                Thr::getAddressOfKernelSymbol(char const*)
                0x00000000c0017873                Thr::loadKernelSymbolTable(char const*)
                0x00000000c0017b31                Thr::loadDriverIntoMemory(char const*, unsigned long, bool)
                0x00000000c0018267                Thr::getDriverBaseFromAddress(unsigned long)
                0x00000000c0018299                Thr::getDriverNameFromAddress(unsigned long)
                0x00000000c00182d0                Thr::getDriverOffsetFromAddress(unsigned long)
                0x00000000c00182ea                Thr::loadDLL(char const*, bool)
                0x00000000c001851b                Thr::executeDLL(unsigned long, void*)
 .text          0x00000000c0018554     0x12a9 thr/prcssthr.32
                0x00000000c0018554                userModeEntryPoint(void*)
                0x00000000c001857c                changeTSS
                0x00000000c00185ac                switchToThread(ThreadControlBlock*)
                0x00000000c0018660                Process::addArgs(char**)
                0x00000000c00186c0                Process::Process(char const*, Process*, char**)
                0x00000000c00186c0                Process::Process(char const*, Process*, char**)
                0x00000000c00188ac                Process::Process(bool, char const*, Process*, char**)
                0x00000000c00188ac                Process::Process(bool, char const*, Process*, char**)
                0x00000000c0018a64                taskStartupFunction
                0x00000000c0018a70                Semaphore::Semaphore(int)
                0x00000000c0018a70                Semaphore::Semaphore(int)
                0x00000000c0018aa0                Mutex::Mutex()
                0x00000000c0018aa0                Mutex::Mutex()
                0x00000000c0018ab4                Process::createThread(void (*)(void*), void*, int)
                0x00000000c0018bac                Process::createUserThread()
                0x00000000c0018bc8                setupMultitasking(void (*)())
                0x00000000c0018cd0                schedule()
                0x00000000c0018d5c                Semaphore::tryAcquire()
                0x00000000c0018e28                Semaphore::assertLocked(char const*)
                0x00000000c0018ea0                blockTaskWithSchedulerLockAlreadyHeld(TaskState)
                0x00000000c0018ec8                blockTask(TaskState)
                0x00000000c0018ef8                waitTask(int, int*, int)
                0x00000000c0018f3c                milliTenthSleepUntil(unsigned int)
                0x00000000c0018fc8                milliTenthSleep(unsigned int)
                0x00000000c0018fd8                sleep(unsigned int)
                0x00000000c0018ff4                Semaphore::acquire()
                0x00000000c00190b0                taskReturned
                0x00000000c00190ec                Thr::processFromPID(int)
                0x00000000c001918c                unblockTask(ThreadControlBlock*)
                0x00000000c0019230                cleanupTerminatedTask(ThreadControlBlock*)
                0x00000000c00194f8                cleanerTaskFunction(void*)
                0x00000000c00195e8                terminateTask(int)
                0x00000000c00196b4                Thr::terminateFromIRQ(int)
                0x00000000c00196c0                Semaphore::release()
 .text          0x00000000c00197fd      0xb93 vm86/vm8086.32
                0x00000000c00197fd                Vm::inbv(unsigned short)
                0x00000000c0019810                Vm::outbv(unsigned short, unsigned char)
                0x00000000c0019846                Vm::realToLinear(unsigned short, unsigned short)
                0x00000000c0019856                Vm::getSegment(unsigned int)
                0x00000000c001985e                Vm::getOffset(unsigned int)
                0x00000000c0019863                Vm::mainloop2()
                0x00000000c001989d                Vm::mainVm8086Loop(void*)
                0x00000000c00198ad                Vm::mainloop3(unsigned long)
                0x00000000c00198d3                Vm::initialise8086()
                0x00000000c0019916                Vm::finish8086()
                0x00000000c0019977                Vm::getOutput8086(unsigned char*)
                0x00000000c001999c                Vm::start8086FromBuffer(unsigned char*, int, unsigned short, unsigned short, unsigned short, unsigned short)
                0x00000000c0019a55                Vm::start8086(char const*, unsigned short, unsigned short, unsigned short, unsigned short)
                0x00000000c0019bbd                Vm::doISR(regs*, int, unsigned char*, unsigned short, unsigned short)
                0x00000000c0019c47                Vm::readByteFromReal(unsigned short, unsigned short)
                0x00000000c0019c58                Vm::readWordFromReal(unsigned short, unsigned short)
                0x00000000c0019c6a                Vm::readDwordFromReal(unsigned short, unsigned short)
                0x00000000c0019c7b                Vm::writeByteFromReal(unsigned short, unsigned short, unsigned char)
                0x00000000c0019c90                Vm::writeWordFromReal(unsigned short, unsigned short, unsigned short)
                0x00000000c0019ca6                Vm::writeDwordFromReal(unsigned short, unsigned short, unsigned int)
                0x00000000c0019cbb                Vm::faultHandler(regs*)
 .text          0x00000000c001a390      0xfcd vm86/x87em.32
                0x00000000c001a390                Vm::fpuInternalTo32(unsigned long long)
                0x00000000c001a3ee                Vm::fpuInternalTo64(unsigned long long)
                0x00000000c001a3f7                Vm::fpu32ToInternal(unsigned int)
                0x00000000c001a43c                Vm::fpu64ToInternal(unsigned long long)
                0x00000000c001a445                Vm::fpuFloatToLong(unsigned long long)
                0x00000000c001a4a4                Vm::fpuULongToFloat(unsigned long long)
                0x00000000c001a4e0                Vm::fpuLongToFloat(long long)
                0x00000000c001a53f                Vm::fpuGet0()
                0x00000000c001a544                Vm::fpuGet1()
                0x00000000c001a54c                Vm::fpuGetPi()
                0x00000000c001a554                Vm::fpuGetLog2E()
                0x00000000c001a56c                Vm::fpuGetLogE2()
                0x00000000c001a584                Vm::fpuGetLog210()
                0x00000000c001a59c                Vm::fpuGetLog102()
                0x00000000c001a5b4                Vm::fpuIsSecondLarger(unsigned long long, unsigned long long)
                0x00000000c001a5c8                Vm::fpuAreEqual(unsigned long long, unsigned long long)
                0x00000000c001a5de                Vm::fpuUnorderedCompare(unsigned long long, unsigned long long)
                0x00000000c001a634                Vm::fpuAdd(unsigned long long, unsigned long long)
                0x00000000c001a645                Vm::fpuAbs(unsigned long long)
                0x00000000c001a64e                Vm::fpuChs(unsigned long long)
                0x00000000c001a65e                Vm::fpuSub(unsigned long long, unsigned long long)
                0x00000000c001a66d                Vm::fpuMultiply(unsigned long long, unsigned long long)
                0x00000000c001a68c                Vm::fpuDivide(unsigned long long, unsigned long long)
                0x00000000c001a6a8                Vm::fpuSquare(unsigned long long)
                0x00000000c001a6be                Vm::fpuGetReg(int)
                0x00000000c001a701                Vm::fpuSetReg(int, unsigned long long)
                0x00000000c001a74d                Vm::fpuPush(unsigned long long)
                0x00000000c001a7ab                Vm::fpuPop()
                0x00000000c001a7fe                Vm::x87Handler(regs*)
 *fill*         0x00000000c001b35d        0x3 
 .text          0x00000000c001b360     0x13b7 fs/fat/vfslink.32
                0x00000000c001b360                FAT::getName()
                0x00000000c001b368                FAT::tell(void*, unsigned long long*)
                0x00000000c001b3a4                FAT::stat(void*, unsigned long long*)
                0x00000000c001b3e0                FAT::~FAT()
                0x00000000c001b3e0                FAT::~FAT()
                0x00000000c001b404                FAT::~FAT()
                0x00000000c001b42c                FAT::getlabel(LogicalDisk*, int, char*, unsigned int*)
                0x00000000c001b4d0                FAT::setlabel(LogicalDisk*, int, char*)
                0x00000000c001b594                FAT::format(LogicalDisk*, int, char const*, int)
                0x00000000c001b768                FAT::tryMount(LogicalDisk*, int)
                0x00000000c001b980                FAT::allocateSwapfile(char const*, int)
                0x00000000c001bb3c                FAT::readDir(void*, unsigned long, void*, int*)
                0x00000000c001bca8                FAT::read(void*, unsigned long, void*, int*)
                0x00000000c001bd08                FAT::write(void*, unsigned long, void*, int*)
                0x00000000c001bd68                FAT::close(void*)
                0x00000000c001bdbc                FAT::closeDir(void*)
                0x00000000c001be10                FAT::seek(void*, unsigned long long)
                0x00000000c001be6c                fatWrapperReadDisk
                0x00000000c001beb4                fatWrapperWriteDisk
                0x00000000c001befc                fatWrapperIoctl
                0x00000000c001c00c                FAT::FAT()
                0x00000000c001c00c                FAT::FAT()
                0x00000000c001c060                FAT::fixFilepath(char*)
                0x00000000c001c09c                FAT::open(char const*, void**, FileOpenMode)
                0x00000000c001c1d0                FAT::openDir(char const*, void**)
                0x00000000c001c280                FAT::stat(char const*, unsigned long long*, bool*)
                0x00000000c001c374                FAT::unlink(char const*)
                0x00000000c001c3f4                FAT::chfatattr(char const*, unsigned char, unsigned char)
                0x00000000c001c55c                FAT::rename(char const*, char const*)
                0x00000000c001c628                FAT::mkdir(char const*)
                0x00000000c001c6a8                FAT::exists(char const*)
 *fill*         0x00000000c001c717        0x1 
 .text          0x00000000c001c718      0xba7 fs/iso9660/vfslink.32
                0x00000000c001c718                ISO9660::format(LogicalDisk*, int, char const*, int)
                0x00000000c001c71e                ISO9660::seek(void*, unsigned long long)
                0x00000000c001c74e                ISO9660::tell(void*, unsigned long long*)
                0x00000000c001c772                ISO9660::getName()
                0x00000000c001c778                ISO9660::stat(void*, unsigned long long*)
                0x00000000c001c79c                ISO9660::chfatattr(char const*, unsigned char, unsigned char)
                0x00000000c001c7a2                ISO9660::unlink(char const*)
                0x00000000c001c7a8                ISO9660::write(void*, unsigned long, void*, int*)
                0x00000000c001c7ae                ISO9660::rename(char const*, char const*)
                0x00000000c001c7b4                ISO9660::mkdir(char const*)
                0x00000000c001c7ba                ISO9660::close(void*)
                0x00000000c001c7dc                ISO9660::closeDir(void*)
                0x00000000c001c7fe                ISO9660::~ISO9660()
                0x00000000c001c7fe                ISO9660::~ISO9660()
                0x00000000c001c822                ISO9660::~ISO9660()
                0x00000000c001c849                __memmem(unsigned char*, int, unsigned char*, int)
                0x00000000c001c88b                readSectorFromCDROM(unsigned int, unsigned char*, char)
                0x00000000c001c906                ISO9660::tryMount(LogicalDisk*, int)
                0x00000000c001c966                ISO9660::read(void*, unsigned long, void*, int*)
                0x00000000c001cb6a                ISO9660::readDir(void*, unsigned long, void*, int*)
                0x00000000c001cde4                readRoot(unsigned int*, unsigned int*, char)
                0x00000000c001ce38                readRecursively(char*, unsigned int, unsigned int, unsigned int*, unsigned int*, char, int*)
                0x00000000c001d00e                getFileData(char*, unsigned int*, unsigned int*, char, int*)
                0x00000000c001d09c                ISO9660::open(char const*, void**, FileOpenMode)
                0x00000000c001d14a                ISO9660::exists(char const*)
                0x00000000c001d16e                ISO9660::stat(char const*, unsigned long long*, bool*)
                0x00000000c001d202                ISO9660::openDir(char const*, void**)
                0x00000000c001d29c                ISO9660::ISO9660()
                0x00000000c001d29c                ISO9660::ISO9660()
 *fill*         0x00000000c001d2bf        0x1 
 .text          0x00000000c001d2c0      0x298 hal/sound/sndcard.32
                0x00000000c001d2c0                SoundCard::beginPlayback()
                0x00000000c001d2ce                SoundCard::stopPlayback()
                0x00000000c001d2dc                SoundCard::SoundCard(char const*)
                0x00000000c001d2dc                SoundCard::SoundCard(char const*)
                0x00000000c001d37a                SoundCard::~SoundCard()
                0x00000000c001d37a                SoundCard::~SoundCard()
                0x00000000c001d39e                SoundCard::~SoundCard()
                0x00000000c001d3c8                SoundCard::configureRates(int, int, int)
                0x00000000c001d3f8                SoundCard::getSamples16(int, short*)
                0x00000000c001d462                SoundCard::getSamples32(int, int*)
                0x00000000c001d4e8                SoundCard::addChannel(SoundPort*)
                0x00000000c001d544                SoundCard::removeChannel(int)
 .text          0x00000000c001d558      0x3fb hal/sound/sndport.32
                0x00000000c001d558                SoundPort::SoundPort(int, int, int, int)
                0x00000000c001d558                SoundPort::SoundPort(int, int, int, int)
                0x00000000c001d5e4                SoundPort::~SoundPort()
                0x00000000c001d5e4                SoundPort::~SoundPort()
                0x00000000c001d618                SoundPort::unpause()
                0x00000000c001d624                SoundPort::pause()
                0x00000000c001d630                SoundPort::getBufferUsed()
                0x00000000c001d638                SoundPort::getBufferSize()
                0x00000000c001d640                SoundPort::buffer16(short*, int)
                0x00000000c001d6f4                SoundPort::buffer32(int*, int)
                0x00000000c001d7a0                SoundPort::unbufferAndAdd16(int, short*, SoundCard*)
                0x00000000c001d89c                SoundPort::unbufferAndAdd32(int, int*, SoundCard*)
 .text          0x00000000c001d953        0x0 hw/bus/isa.32
 *fill*         0x00000000c001d953        0x1 
 .text          0x00000000c001d954     0x1187 hw/bus/pci.32
                0x00000000c001d954                PCI::open(int, int, void*)
                0x00000000c001d972                PCI::close(int, int, void*)
                0x00000000c001d976                PCI::PCI()
                0x00000000c001d976                PCI::PCI()
                0x00000000c001da0c                PCI::readBAR8(unsigned int, int)
                0x00000000c001da28                PCI::readBAR16(unsigned int, int)
                0x00000000c001da46                PCI::readBAR32(unsigned int, int)
                0x00000000c001da62                PCI::writeBAR8(unsigned int, unsigned char, int)
                0x00000000c001da82                PCI::writeBAR16(unsigned int, unsigned short, int)
                0x00000000c001daa4                PCI::writeBAR32(unsigned int, unsigned int, int)
                0x00000000c001dac4                PCI::legacyMechanism(unsigned char, unsigned char, unsigned char, unsigned char)
                0x00000000c001db32                PCI::pciReadWord(unsigned char, unsigned char, unsigned char, unsigned char)
                0x00000000c001dbda                PCI::getVendorID(unsigned char, unsigned char, unsigned char)
                0x00000000c001dbfe                PCI::getHeaderType(unsigned char, unsigned char, unsigned char)
                0x00000000c001dc26                PCI::getClassCode(unsigned char, unsigned char, unsigned char)
                0x00000000c001dc70                PCI::getProgIF(unsigned char, unsigned char, unsigned char)
                0x00000000c001dc98                PCI::getRevisionID(unsigned char, unsigned char, unsigned char)
                0x00000000c001dcbc                PCI::getInterruptNumber(unsigned char, unsigned char, unsigned char)
                0x00000000c001dce0                PCI::getSecondaryBus(unsigned char, unsigned char, unsigned char)
                0x00000000c001dd08                PCI::getBARAddress(unsigned char, unsigned char, unsigned char, unsigned char)
                0x00000000c001dd6c                PCI::pciWriteWord(unsigned char, unsigned char, unsigned char, unsigned char, unsigned short)
                0x00000000c001de54                PCI::pciDetailsToFilepath(PCIDeviceInfo, char*)
                0x00000000c001e246                PCI::checkBus(unsigned char)
                0x00000000c001e26a                PCI::foundDevice(PCIDeviceInfo)
                0x00000000c001e6aa                PCI::getDeviceData(unsigned char, unsigned char, unsigned char)
                0x00000000c001ea1c                PCI::checkDevice(unsigned char, unsigned char)
                0x00000000c001ea88                PCI::detect()
 *fill*         0x00000000c001eadb        0x1 
 .text          0x00000000c001eadc      0xb4a hw/diskctrl/ide.32
                0x00000000c001eadc                IDE::close(int, int, void*)
                0x00000000c001eae0                IDE::IDE()
                0x00000000c001eae0                IDE::IDE()
                0x00000000c001eb14                IDE::prepareInterrupt(unsigned char)
                0x00000000c001eb26                selectDrive(unsigned char, unsigned char)
                0x00000000c001eb28                IDE::getBase(unsigned char)
                0x00000000c001eb3a                IDE::write(unsigned char, unsigned char, unsigned char)
                0x00000000c001ebfa                IDE::read(unsigned char, unsigned char)
                0x00000000c001eca8                IDE::waitInterrupt(unsigned char)
                0x00000000c001ed0a                ideChannel0IRQHandler(regs*, void*)
                0x00000000c001ed26                ideChannel1IRQHandler(regs*, void*)
                0x00000000c001ed42                IDE::enableIRQs(unsigned char, bool)
                0x00000000c001ed88                IDE::open(int, int, void*)
                0x00000000c001f196                IDE::readBuffer(unsigned char, unsigned char, unsigned int, unsigned int)
                0x00000000c001f262                IDE::detect()
                0x00000000c001f522                IDE::printError(unsigned char, unsigned char, unsigned char)
                0x00000000c001f5d2                IDE::polling(unsigned char, unsigned int)
 .text          0x00000000c001f626      0x458 hw/diskctrl/satabus.32
                0x00000000c001f626                SATABus::close(int, int, void*)
                0x00000000c001f62a                SATABus::detect()
                0x00000000c001f62c                SATABus::SATABus()
                0x00000000c001f62c                SATABus::SATABus()
                0x00000000c001f6b2                SATABus::findCmdslot(SATABus::tagHBA_PORT volatile*)
                0x00000000c001f6e4                SATABus::checkType(SATABus::tagHBA_PORT volatile*)
                0x00000000c001f72c                SATABus::startCmd(SATABus::tagHBA_PORT volatile*)
                0x00000000c001f74c                SATABus::stopCmd(SATABus::tagHBA_PORT volatile*)
                0x00000000c001f776                SATABus::portRebase(SATABus::tagHBA_PORT volatile*, int)
                0x00000000c001f87c                SATABus::probePort(SATABus::tagHBA_MEM volatile*)
                0x00000000c001fa5e                SATABus::open(int, int, void*)
 .text          0x00000000c001fa7e      0x684 hw/diskphys/ata.32
                0x00000000c001fa7e                ATA::close(int, int, void*)
                0x00000000c001faa2                ATA::powerSaving(PowerSavingLevel)
                0x00000000c001faa4                ATA::ATA()
                0x00000000c001faa4                ATA::ATA()
                0x00000000c001fad2                ATA::flush(bool)
                0x00000000c001fb1c                ATA::readyForCommand()
                0x00000000c001fb68                ATA::access(unsigned long long, int, void*, bool)
                0x00000000c001ff5e                ATA::read(unsigned long long, int, void*)
                0x00000000c001ffaa                ATA::write(unsigned long long, int, void*)
                0x00000000c002000c                ATA::detectCHS()
                0x00000000c0020036                ATA::open(int, int, void*)
 .text          0x00000000c0020102      0x645 hw/diskphys/atapi.32
                0x00000000c0020102                ATAPI::write(unsigned long long, int, void*)
                0x00000000c0020108                ATAPI::close(int, int, void*)
                0x00000000c002012c                ATAPI::ATAPI()
                0x00000000c002012c                ATAPI::ATAPI()
                0x00000000c002015a                ATAPI::readyForCommand()
                0x00000000c00201ac                ATAPI::sendPacket(unsigned char*, int, bool, unsigned short*, int)
                0x00000000c002046c                ATAPI::diskRemoved()
                0x00000000c00204c8                ATAPI::eject()
                0x00000000c0020510                ATAPI::diskInserted()
                0x00000000c002052c                ATAPI::detectMedia()
                0x00000000c00205e8                ATAPI::open(int, int, void*)
                0x00000000c00206c8                ATAPI::read(unsigned long long, int, void*)
 *fill*         0x00000000c0020747        0x1 
 .text          0x00000000c0020748      0xa68 hw/diskphys/sata.32
                0x00000000c0020748                SATA::close(int, int, void*)
                0x00000000c002076c                SATA::powerSaving(PowerSavingLevel)
                0x00000000c002076e                SATA::open(int, int, void*)
                0x00000000c0020964                SATA::SATA()
                0x00000000c0020964                SATA::SATA()
                0x00000000c0020992                SATA::access(unsigned long long, int, void*, bool)
                0x00000000c0020f8a                SATA::read(unsigned long long, int, void*)
                0x00000000c002108a                SATA::write(unsigned long long, int, void*)
 .text          0x00000000c00211b0      0x6d4 hw/diskphys/satapi.32
                0x00000000c00211b0                SATAPI::write(unsigned long long, int, void*)
                0x00000000c00211b6                SATAPI::close(int, int, void*)
                0x00000000c00211da                SATAPI::SATAPI()
                0x00000000c00211da                SATAPI::SATAPI()
                0x00000000c0021208                SATAPI::diskRemoved()
                0x00000000c0021264                SATAPI::diskInserted()
                0x00000000c0021280                SATAPI::sendPacket(unsigned char*, int, unsigned long long, unsigned short*, int)
                0x00000000c0021514                SATAPI::eject()
                0x00000000c002156c                SATAPI::detectMedia()
                0x00000000c00216ac                SATAPI::open(int, int, void*)
                0x00000000c00217ac                SATAPI::read(unsigned long long, int, void*)
 .text          0x00000000c0021884       0x94 hw/fpu/avx.32
                0x00000000c0021884                AVX::open(int, int, void*)
                0x00000000c0021898                AVX::close(int, int, void*)
                0x00000000c00218ac                AVX::available()
                0x00000000c00218c0                AVX::save(void*)
                0x00000000c00218d8                AVX::load(void*)
                0x00000000c00218f0                AVX::AVX()
                0x00000000c00218f0                AVX::AVX()
 .text          0x00000000c0021918       0x94 hw/fpu/mmx.32
                0x00000000c0021918                MMX::available()
                0x00000000c002192c                MMX::open(int, int, void*)
                0x00000000c0021940                MMX::close(int, int, void*)
                0x00000000c0021954                MMX::save(void*)
                0x00000000c002196c                MMX::load(void*)
                0x00000000c0021984                MMX::MMX()
                0x00000000c0021984                MMX::MMX()
 .text          0x00000000c00219ac       0x9c hw/fpu/sse.32
                0x00000000c00219ac                SSE::open(int, int, void*)
                0x00000000c00219c0                SSE::close(int, int, void*)
                0x00000000c00219d4                SSE::available()
                0x00000000c00219f0                SSE::save(void*)
                0x00000000c0021a08                SSE::load(void*)
                0x00000000c0021a20                SSE::SSE()
                0x00000000c0021a20                SSE::SSE()
 .text          0x00000000c0021a48       0x8e hw/fpu/x87.32
                0x00000000c0021a48                x87::open(int, int, void*)
                0x00000000c0021a5a                x87::close(int, int, void*)
                0x00000000c0021a6c                x87::available()
                0x00000000c0021a7e                x87::save(void*)
                0x00000000c0021a96                x87::load(void*)
                0x00000000c0021aae                x87::x87()
                0x00000000c0021aae                x87::x87()
 .text          0x00000000c0021ad6      0x71e hw/intctrl/apic.32
                0x00000000c0021ad6                APIC::disable()
                0x00000000c0021ad8                APIC::close(int, int, void*)
                0x00000000c0021afa                IOAPIC::close(int, int, void*)
                0x00000000c0021b00                APIC::io_wait()
                0x00000000c0021b06                APIC::getBase()
                0x00000000c0021b48                APIC::eoi(unsigned char)
                0x00000000c0021b76                APIC::open(int, int, void*)
                0x00000000c0021cc4                IOAPIC::IOAPIC()
                0x00000000c0021cc4                IOAPIC::IOAPIC()
                0x00000000c0021cec                APIC::APIC()
                0x00000000c0021cec                APIC::APIC()
                0x00000000c0021dc8                IOAPIC::handlesGSIWithNumber(unsigned int)
                0x00000000c0021dfa                IOAPIC::read(int)
                0x00000000c0021e22                IOAPIC::open(int, int, void*)
                0x00000000c0021f18                IOAPIC::write(int, int)
                0x00000000c0021f44                IOAPIC::redirect(unsigned char, unsigned long long, unsigned char, bool, bool)
                0x00000000c002203e                APIC::installIRQHandler(int, void (*)(regs*, void*), bool, void*)
 .text          0x00000000c00221f4      0x3d3 hw/intctrl/pic.32
                0x00000000c00221f4                PIC::disable()
                0x00000000c0022222                PIC::close(int, int, void*)
                0x00000000c0022244                PIC::PIC()
                0x00000000c0022244                PIC::PIC()
                0x00000000c002231a                PIC::ioWait()
                0x00000000c0022320                PIC::getIRQReg(int)
                0x00000000c002238a                PIC::eoi(unsigned char)
                0x00000000c002241c                PIC::remap()
                0x00000000c0022588                PIC::open(int, int, void*)
 *fill*         0x00000000c00225c7        0x1 
 .text          0x00000000c00225c8      0x240 hw/timer/apictimer.32
                0x00000000c00225c8                APICTimer::close(int, int, void*)
                0x00000000c00225d0                apicTimerHandler(regs*, void*)
                0x00000000c00225f8                APICTimer::write(int)
                0x00000000c00226e0                APICTimer::open(int, int, void*)
                0x00000000c00227e0                APICTimer::APICTimer()
                0x00000000c00227e0                APICTimer::APICTimer()
 .text          0x00000000c0022808      0x1a3 hw/timer/pit.32
                0x00000000c0022808                PIT::write(int)
                0x00000000c0022888                pitHandler(regs*, void*)
                0x00000000c00228ac                PIT::open(int, int, void*)
                0x00000000c00228fc                PIT::close(int, int, void*)
                0x00000000c002292c                PIT::PIT()
                0x00000000c002292c                PIT::PIT()
 *fill*         0x00000000c00229ab        0x5 
 .text          0x00000000c00229b0       0x1e hw/fpu/x86/avx.32
                0x00000000c00229b0                avxDetect
                0x00000000c00229b6                avxSave
                0x00000000c00229b7                avxLoad
                0x00000000c00229b8                avxInit
                0x00000000c00229b9                avxClose
                0x00000000c00229ba                wouldSheSayYes
 *fill*         0x00000000c00229ce        0x2 
 .text          0x00000000c00229d0       0x35 hw/fpu/x86/sse.32
                0x00000000c00229d0                absolutelyNoChanceInHell
                0x00000000c00229d0                sseDetect
                0x00000000c00229e8                sseSave
                0x00000000c00229ee                sseLoad
                0x00000000c00229f4                sseInit
                0x00000000c0022a04                sseClose
 *fill*         0x00000000c0022a05        0xb 
 .text          0x00000000c0022a10       0x49 hw/fpu/x86/x87.32
                0x00000000c0022a16                x87Detect
                0x00000000c0022a31                x87Save
                0x00000000c0022a38                x87Load
                0x00000000c0022a3f                x87Init
                0x00000000c0022a58                x87Close
 *fill*         0x00000000c0022a59        0x3 
 .text          0x00000000c0022a5c       0x25 /cygdrive/d/Users/Alex/Desktop/Toolchain/Output/bin/../lib/gcc/i386-banana/8.1.0/crtend.o
 .text          0x00000000c0022a81        0x0 crtn.32
 *fill*         0x00000000c0022a81        0x3 
 .text          0x00000000c0022a84      0x14b /cygdrive/d/Users/Alex/Desktop/Toolchain/Output/bin/../lib/gcc/i386-banana/8.1.0/libkgcc.a(_divdi3.o)
                0x00000000c0022a84                __divdi3
 *fill*         0x00000000c0022bcf        0x1 
 .text          0x00000000c0022bd0      0x17e /cygdrive/d/Users/Alex/Desktop/Toolchain/Output/bin/../lib/gcc/i386-banana/8.1.0/libkgcc.a(_moddi3.o)
                0x00000000c0022bd0                __moddi3
 *fill*         0x00000000c0022d4e        0x2 
 .text          0x00000000c0022d50       0xff /cygdrive/d/Users/Alex/Desktop/Toolchain/Output/bin/../lib/gcc/i386-banana/8.1.0/libkgcc.a(_udivdi3.o)
                0x00000000c0022d50                __udivdi3
 *fill*         0x00000000c0022e4f        0x1 
 .text          0x00000000c0022e50      0x11a /cygdrive/d/Users/Alex/Desktop/Toolchain/Output/bin/../lib/gcc/i386-banana/8.1.0/libkgcc.a(_umoddi3.o)
                0x00000000c0022e50                __umoddi3
 *(.gnu.linkonce.t*)

.iplt           0x00000000c0022f70        0x0
 .iplt          0x00000000c0022f70        0x0 D:/Users/Alex/Desktop/Banana/kernel/boot.32

.init           0x00000000c0022f6a        0xf
 .init          0x00000000c0022f6a        0x3 crti.32
                0x00000000c0022f6a                _init
 .init          0x00000000c0022f6d        0x5 /cygdrive/d/Users/Alex/Desktop/Toolchain/Output/bin/../lib/gcc/i386-banana/8.1.0/crtbegin.o
 .init          0x00000000c0022f72        0x5 /cygdrive/d/Users/Alex/Desktop/Toolchain/Output/bin/../lib/gcc/i386-banana/8.1.0/crtend.o
 .init          0x00000000c0022f77        0x2 crtn.32

.fini           0x00000000c0022f79        0xa
 .fini          0x00000000c0022f79        0x3 crti.32
                0x00000000c0022f79                _fini
 .fini          0x00000000c0022f7c        0x5 /cygdrive/d/Users/Alex/Desktop/Toolchain/Output/bin/../lib/gcc/i386-banana/8.1.0/crtbegin.o
 .fini          0x00000000c0022f81        0x2 crtn.32

.text._ZN8ComputerD2Ev
                0x00000000c0022f84       0x23
 .text._ZN8ComputerD2Ev
                0x00000000c0022f84       0x23 core/computer.32
                0x00000000c0022f84                Computer::~Computer()
                0x00000000c0022f84                Computer::~Computer()

.text._ZN8ComputerD0Ev
                0x00000000c0022fa8       0x2a
 .text._ZN8ComputerD0Ev
                0x00000000c0022fa8       0x2a core/computer.32
                0x00000000c0022fa8                Computer::~Computer()

.text._Z10idleCommonv
                0x00000000c0022fd2       0x21
 .text._Z10idleCommonv
                0x00000000c0022fd2       0x21 core/idle.32
                0x00000000c0022fd2                idleCommon()

.text._ZN10LinkedListI8UnixFileED2Ev
                0x00000000c0022ff4        0x2
 .text._ZN10LinkedListI8UnixFileED2Ev
                0x00000000c0022ff4        0x2 core/unixfile.32
                0x00000000c0022ff4                LinkedList<UnixFile>::~LinkedList()
                0x00000000c0022ff4                LinkedList<UnixFile>::~LinkedList()

.text._ZN10LinkedListI8UnixFileEC2Ev
                0x00000000c0022ff6       0x42
 .text._ZN10LinkedListI8UnixFileEC2Ev
                0x00000000c0022ff6       0x42 core/unixfile.32