Archive member included to satisfy reference by file (symbol)

/cygdrive/d/Users/Alex/Desktop/Toolchain/Output/bin/../lib/gcc/i386-banana/8.1.0/libkgcc.a(_divdi3.o)
                              fs/fat/ff.32 (__divdi3)
/cygdrive/d/Users/Alex/Desktop/Toolchain/Output/bin/../lib/gcc/i386-banana/8.1.0/libkgcc.a(_moddi3.o)
                              compat/resolve.32 (__moddi3)
/cygdrive/d/Users/Alex/Desktop/Toolchain/Output/bin/../lib/gcc/i386-banana/8.1.0/libkgcc.a(_udivdi3.o)
                              fs/fat/ff.32 (__udivdi3)
/cygdrive/d/Users/Alex/Desktop/Toolchain/Output/bin/../lib/gcc/i386-banana/8.1.0/libkgcc.a(_umoddi3.o)
                              compat/resolve.32 (__umoddi3)
D:/Users/Alex/Desktop/Banana/kernel/libsoftfp.a(sfieeelib.o)
                              hal/sound/sndhw.32 (__addsf3)
D:/Users/Alex/Desktop/Banana/kernel/libsoftfp.a(dfieeelib.o)
                              hal/libresample/src_linear.32 (__adddf3)
D:/Users/Alex/Desktop/Banana/kernel/libsoftfp.a(sfdfcvt.o)
                              hal/libresample/samplerate.32 (__truncdfsf2)
D:/Users/Alex/Desktop/Banana/kernel/libk/libm32.a(s_fabs.c.o)
                              hal/libresample/samplerate.32 (fabs)
D:/Users/Alex/Desktop/Banana/kernel/libk/libm32.a(s_lrint.S.o)
                              hal/libresample/samplerate.32 (lrint)
D:/Users/Alex/Desktop/Banana/kernel/libk/libm32.a(s_lrintf.S.o)
                              hal/sound/sndhw.32 (lrintf)

Discarded input sections

 .comment       0x0000000000000000       0x12 /cygdrive/d/Users/Alex/Desktop/Toolchain/Output/bin/../lib/gcc/i386-banana/8.1.0/crtbegin.o
 .comment       0x0000000000000000       0x12 acpica/utclib.32
 .comment       0x0000000000000000       0x12 core/malloc.32
 .comment       0x0000000000000000       0x12 libk/string.32
 .comment       0x0000000000000000       0x12 fs/fat/diskio.32
 .comment       0x0000000000000000       0x12 fs/fat/ff.32
 .comment       0x0000000000000000       0x12 fs/fat/ffsystem.32
 .comment       0x0000000000000000       0x12 fs/fat/ffunicode.32
 .comment       0x0000000000000000       0x12 hal/libresample/samplerate.32
 .comment       0x0000000000000000       0x12 hal/libresample/src_linear.32
 .comment       0x0000000000000000       0x12 hal/libresample/src_sinc.32
 .comment       0x0000000000000000       0x12 hal/libresample/src_zoh.32
 .comment       0x0000000000000000       0x12 compat/inlines.32
 .comment       0x0000000000000000       0x12 compat/resolve.32
 .group         0x0000000000000000       0x14 core/computer.32
 .group         0x0000000000000000        0xc core/computer.32
 .comment       0x0000000000000000       0x12 core/computer.32
 .comment       0x0000000000000000       0x12 core/gdt.32
 .group         0x0000000000000000        0xc core/idle.32
 .comment       0x0000000000000000       0x12 core/idle.32
 .comment       0x0000000000000000       0x12 core/idt.32
 .comment       0x0000000000000000       0x12 core/kheap.32
 .comment       0x0000000000000000       0x12 core/main.32
 .comment       0x0000000000000000       0x12 core/physmgr.32
 .group         0x0000000000000000        0xc core/pipe.32
 .comment       0x0000000000000000       0x12 core/pipe.32
 .group         0x0000000000000000        0xc core/terminal.32
 .comment       0x0000000000000000       0x12 core/terminal.32
 .comment       0x0000000000000000       0x12 core/tss.32
 .group         0x0000000000000000        0x8 core/unixfile.32
 .group         0x0000000000000000        0xc core/unixfile.32
 .group         0x0000000000000000        0xc core/unixfile.32
 .group         0x0000000000000000        0x8 core/unixfile.32
 .group         0x0000000000000000        0xc core/unixfile.32
 .group         0x0000000000000000        0x8 core/unixfile.32
 .group         0x0000000000000000        0xc core/unixfile.32
 .group         0x0000000000000000        0xc core/unixfile.32
 .comment       0x0000000000000000       0x12 core/unixfile.32
 .comment       0x0000000000000000       0x12 core/virtmgr.32
 .comment       0x0000000000000000       0x12 coreobjs/c++.32
 .comment       0x0000000000000000       0x12 dbg/kconsole.32
 .group         0x0000000000000000        0xc fs/vfs.32
 .group         0x0000000000000000        0xc fs/vfs.32
 .group         0x0000000000000000        0xc fs/vfs.32
 .comment       0x0000000000000000       0x12 fs/vfs.32
 .group         0x0000000000000000        0xc hal/bus.32
 .comment       0x0000000000000000       0x12 hal/bus.32
 .group         0x0000000000000000        0xc hal/buzzer.32
 .comment       0x0000000000000000       0x12 hal/buzzer.32
 .group         0x0000000000000000        0xc hal/clock.32
 .comment       0x0000000000000000       0x12 hal/clock.32
 .group         0x0000000000000000       0x14 hal/device.32
 .group         0x0000000000000000        0xc hal/device.32
 .group         0x0000000000000000        0xc hal/device.32
 .group         0x0000000000000000        0xc hal/device.32
[...]
Memory Configuration

Name             Origin             Length             Attributes
*default*        0x0000000000000000 0xffffffffffffffff

Linker script and memory map

LOAD D:/Users/Alex/Desktop/Banana/kernel/boot.32
LOAD crti.32
LOAD /cygdrive/d/Users/Alex/Desktop/Toolchain/Output/bin/../lib/gcc/i386-banana/8.1.0/crtbegin.o
LOAD D:/Users/Alex/Desktop/Banana/kernel/morenasm.32
LOAD acpica/utclib.32
LOAD core/malloc.32
LOAD libk/string.32
LOAD fs/fat/diskio.32
LOAD fs/fat/ff.32
LOAD fs/fat/ffsystem.32
LOAD fs/fat/ffunicode.32
LOAD hal/libresample/samplerate.32
LOAD hal/libresample/src_linear.32
LOAD hal/libresample/src_sinc.32
LOAD hal/libresample/src_zoh.32
LOAD compat/inlines.32
LOAD compat/resolve.32
LOAD core/computer.32
LOAD core/gdt.32
LOAD core/idle.32
LOAD core/idt.32
LOAD core/kheap.32
LOAD core/main.32
LOAD core/physmgr.32
LOAD core/pipe.32
LOAD core/terminal.32
LOAD core/tss.32
LOAD core/unixfile.32
LOAD core/virtmgr.32
LOAD coreobjs/c++.32
LOAD dbg/kconsole.32
LOAD fs/vfs.32
LOAD hal/bus.32
LOAD hal/buzzer.32
LOAD hal/clock.32
LOAD hal/device.32
LOAD hal/diskctrl.32
LOAD hal/diskphys.32
LOAD hal/fpu.32
LOAD hal/intctrl.32
LOAD hal/keybrd.32
LOAD hal/logidisk.32
LOAD hal/mouse.32
LOAD hal/partition.32
LOAD hal/serial.32
LOAD hal/timer.32
LOAD hal/vcache.32
LOAD hal/video.32
LOAD hw/acpi.32
LOAD hw/cpu.32
LOAD hw/ports.32
LOAD hw/smp.32
LOAD krnl/env.32
LOAD krnl/panic.32
LOAD net/ethernet.32
LOAD reg/registry.32
LOAD sys/sc_eject.32
LOAD sys/sc_exit.32
LOAD sys/sc_getcwd.32
LOAD sys/sc_getpid.32
LOAD sys/sc_getramdata.32
LOAD sys/sc_loaddll.32
LOAD sys/sc_read.32
LOAD sys/sc_sbrk.32
LOAD sys/sc_setcwd.32
LOAD sys/sc_settime.32
LOAD sys/sc_timezone.32
LOAD sys/sc_write.32
LOAD sys/sc_wsbe.32
LOAD sys/sc_yield.32
LOAD sys/syscalls.32
LOAD thr/elf.32
LOAD thr/prcssthr.32
LOAD vm86/vm8086.32
LOAD vm86/x87em.32
LOAD fs/fat/vfslink.32
LOAD fs/iso9660/vfslink.32
LOAD hal/sound/sndchannel.32
LOAD hal/sound/sndhw.32
LOAD hw/bus/isa.32
LOAD hw/bus/pci.32
LOAD hw/diskctrl/ide.32
LOAD hw/diskctrl/satabus.32
LOAD hw/diskphys/ata.32
LOAD hw/diskphys/atapi.32
LOAD hw/diskphys/sata.32
LOAD hw/diskphys/satapi.32
LOAD hw/fpu/avx.32
LOAD hw/fpu/mmx.32
LOAD hw/fpu/sse.32
LOAD hw/fpu/x87.32
LOAD hw/intctrl/apic.32
LOAD hw/intctrl/pic.32
LOAD hw/timer/apictimer.32
LOAD hw/timer/pit.32
LOAD hw/fpu/x86/avx.32
LOAD hw/fpu/x86/sse.32
LOAD hw/fpu/x86/x87.32
LOAD /cygdrive/d/Users/Alex/Desktop/Toolchain/Output/bin/../lib/gcc/i386-banana/8.1.0/crtend.o
LOAD crtn.32
LOAD /cygdrive/d/Users/Alex/Desktop/Toolchain/Output/bin/../lib/gcc/i386-banana/8.1.0/libkgcc.a
LOAD D:/Users/Alex/Desktop/Banana/kernel/libsoftfp.a
LOAD D:/Users/Alex/Desktop/Banana/kernel/libk/libm32.a
                0x00000000c0000000                . = 0xc0000000

.text           0x00000000c0000000    0x286b8
 *(.text)
 .text          0x00000000c0000000       0x41 D:/Users/Alex/Desktop/Banana/kernel/boot.32
                0x00000000c0000020                callGlobalConstructors
 .text          0x00000000c0000041        0x0 crti.32
 *fill*         0x00000000c0000041        0x3 
 .text          0x00000000c0000044      0x101 /cygdrive/d/Users/Alex/Desktop/Toolchain/Output/bin/../lib/gcc/i386-banana/8.1.0/crtbegin.o
 *fill*         0x00000000c0000145        0xb 
 .text          0x00000000c0000150      0x4ed D:/Users/Alex/Desktop/Banana/kernel/morenasm.32
                0x00000000c0000150                manualPCIProbe
                0x00000000c000019b                prepareTramp
                0x00000000c00001b4                voodooXADD
                0x00000000c000027f                doTPAUSE
                0x00000000c0000289                hasLegacyFPU
                0x00000000c00002ae                is486
                0x00000000c00002e4                detectCPUID
                0x00000000c00002fa                goToVM86
                0x00000000c000032a                goToUsermode
                0x00000000c0000354                switchToThreadASMFirstTime
                0x00000000c0000362                switchToThreadASM
                0x00000000c00003ea                asmQuickAcquireLock
                0x00000000c0000408                asmQuickReleaseLock
                0x00000000c0000414                asmAcquireLock
                0x00000000c0000435                asmReleaseLock
                0x00000000c0000448                loadGDT
                0x00000000c0000468                isr0
                0x00000000c0000478                isr1
                0x00000000c0000482                isr2
                0x00000000c000048c                isr3
                0x00000000c0000496                isr4
                0x00000000c00004a0                isr5
                0x00000000c00004aa                isr6
                0x00000000c00004b4                isr7
                0x00000000c00004be                isr8
                0x00000000c00004c6                isr9
                0x00000000c00004d0                isr10
                0x00000000c00004d8                isr11
                0x00000000c00004e0                isr12
                0x00000000c00004e8                isr13
                0x00000000c00004f0                isr14
                0x00000000c00004f8                isr15
                0x00000000c0000502                isr16
                0x00000000c000050c                isr17
                0x00000000c0000516                isr18
                0x00000000c0000520                irq3
                0x00000000c000052a                irq4
                0x00000000c0000534                irq5
                0x00000000c000053e                irq6
                0x00000000c0000548                irq7
                0x00000000c0000552                irq8
                0x00000000c000055c                irq9
                0x00000000c0000566                irq10
                0x00000000c0000570                irq11
                0x00000000c000057a                irq12
                0x00000000c0000584                irq13
                0x00000000c000058e                irq14
                0x00000000c0000598                irq15
                0x00000000c00005a2                irq1
                0x00000000c00005a9                irq2
                0x00000000c00005b0                isr96
                0x00000000c00005b7                irq0
                0x00000000c00005bc                int_common_stub
                0x00000000c00005bc                syscall_common_stub
                0x00000000c00005ed                irq16
                0x00000000c00005f7                irq17
                0x00000000c0000601                irq18
                0x00000000c000060b                irq19
                0x00000000c0000615                irq20
                0x00000000c000061f                irq21
                0x00000000c0000629                irq22
                0x00000000c0000633                irq23
 *fill*         0x00000000c000063d        0x3 
 .text          0x00000000c0000640      0x611 acpica/utclib.32
                0x00000000c0000640                memcmp
                0x00000000c000067c                memmove
                0x00000000c0000744                memcpy
                0x00000000c0000778                memset
                0x00000000c0000794                strlen
                0x00000000c00007ac                strpbrk
                0x00000000c00007e8                strtok
                0x00000000c0000834                strcpy
                0x00000000c0000858                strncpy
                0x00000000c00008c0                strcmp
                0x00000000c0000900                strchr
                0x00000000c0000924                strncmp
                0x00000000c0000974                strcat
                0x00000000c00009a4                strncat
                0x00000000c00009e0                strstr
                0x00000000c0000a28                toupper
                0x00000000c0000a3c                tolower
                0x00000000c0000a50                simple_strtoul
 .text          0x00000000c0000c51      0xfbf core/malloc.32
                0x00000000c0000dbc                dlfree
                0x00000000c0001117                dlmalloc
                0x00000000c0001654                dlrealloc
                0x00000000c0001809                dlmemalign
                0x00000000c000192c                dlcalloc
                0x00000000c00019c6                dlcfree
                0x00000000c00019cb                dlindependent_calloc
                0x00000000c00019f0                dlindependent_comalloc
                0x00000000c0001a07                dlvalloc
                0x00000000c0001a32                dlpvalloc
                0x00000000c0001a68                dlmalloc_trim
                0x00000000c0001a75                dlmalloc_usable_size
                0x00000000c0001aa6                dlmallinfo
                0x00000000c0001b75                dlmalloc_stats
                0x00000000c0001b86                dlmallopt
 .text          0x00000000c0001c10        0x0 libk/string.32
 .text          0x00000000c0001c10       0x51 fs/fat/diskio.32
                0x00000000c0001c10                disk_status
                0x00000000c0001c13                disk_initialize
                0x00000000c0001c16                disk_read
                0x00000000c0001c2c                disk_write
                0x00000000c0001c42                disk_ioctl
 .text          0x00000000c0001c61     0x6833 fs/fat/ff.32
                0x00000000c0004f2f                f_mount
                0x00000000c0004f91                f_open
                0x00000000c00053cd                f_read
                0x00000000c000564d                f_write
                0x00000000c0005907                f_sync
                0x00000000c0005ae3                f_close
                0x00000000c0005b12                f_lseek
                0x00000000c0005fc9                f_opendir
                0x00000000c00060cb                f_closedir
                0x00000000c00060ed                f_readdir
                0x00000000c0006188                f_stat
                0x00000000c0006217                f_getfree
                0x00000000c00063e2                f_truncate
                0x00000000c00064da                f_unlink
                0x00000000c000665d                f_mkdir
                0x00000000c0006889                f_rename
                0x00000000c0006b7c                f_chmod
                0x00000000c0006c5a                f_utime
                0x00000000c0006d38                f_getlabel
                0x00000000c0006f26                f_setlabel
                0x00000000c0007193                f_forward
                0x00000000c0007371                f_mkfs
 .text          0x00000000c0008494       0x2d fs/fat/ffsystem.32
                0x00000000c0008494                ff_memalloc
                0x00000000c00084aa                ff_memfree
 .text          0x00000000c00084c1      0x253 fs/fat/ffunicode.32
                0x00000000c00084c1                ff_uni2oem
                0x00000000c0008551                ff_oem2uni
                0x00000000c00085bd                ff_wtoupper
 .text          0x00000000c0008714      0x8fb hal/libresample/samplerate.32
                0x00000000c0008758                src_delete
                0x00000000c0008794                src_process
                0x00000000c000894a                src_callback_read
                0x00000000c0008ac7                src_set_ratio
                0x00000000c0008b31                src_get_channels
                0x00000000c0008b53                src_reset
                0x00000000c0008b9f                src_new
                0x00000000c0008c2d                src_callback_new
                0x00000000c0008c8f                src_get_name
                0x00000000c0008cc6                src_get_description
                0x00000000c0008cfd                src_get_version
                0x00000000c0008d03                src_is_valid_ratio
                0x00000000c0008d57                src_error
                0x00000000c0008d65                src_strerror
                0x00000000c0008d78                src_simple
                0x00000000c0008dcb                src_short_to_float_array
                0x00000000c0008e30                src_float_to_short_array
                0x00000000c0008eef                src_int_to_float_array
                0x00000000c0008f52                src_float_to_int_array
 .text          0x00000000c000900f      0x8cb hal/libresample/src_linear.32
                0x00000000c0009835                linear_get_name
                0x00000000c0009844                linear_get_description
                0x00000000c0009853                linear_set_converter
 .text          0x00000000c00098da     0x447c hal/libresample/src_sinc.32
                0x00000000c000dc6d                sinc_get_name
                0x00000000c000dc80                sinc_get_description
                0x00000000c000dc93                sinc_set_converter
 .text          0x00000000c000dd56      0x77c hal/libresample/src_zoh.32
                0x00000000c000e42d                zoh_get_name
                0x00000000c000e43c                zoh_get_description
                0x00000000c000e44b                zoh_set_converter
 .text          0x00000000c000e4d2       0x23 compat/inlines.32
                0x00000000c000e4d2                CPU::current()
                0x00000000c000e4df                operator new(unsigned long)
 .text          0x00000000c000e4f5      0x111 compat/resolve.32
                0x00000000c000e4f5                Krnl::resolveCompatibilitySymbol(char*)
 .text          0x00000000c000e606      0xa17 core/computer.32
                0x00000000c000e606                Computer::close(int, int, void*)
                0x00000000c000e64a                Krnl::firstTask()
                0x00000000c000e73a                Computer::Computer()
                0x00000000c000e73a                Computer::Computer()
                0x00000000c000e896                Computer::setBootMessage(char const*)
                0x00000000c000e898                Computer::detectFeatures()
                0x00000000c000eaa2                Computer::displayFeatures()
                0x00000000c000ede8                Computer::rdmsr(unsigned int)
                0x00000000c000ee14                Computer::wrmsr(unsigned int, unsigned long long)
                0x00000000c000ee4c                Computer::nmiEnabled()
                0x00000000c000ee58                Computer::readCMOS(unsigned char)
                0x00000000c000ee72                Computer::enableNMI(bool)
                0x00000000c000ee8a                Computer::open(int, int, void*)
                0x00000000c000ef60                Computer::disableNMI()
                0x00000000c000ef6e                Computer::writeCMOS(unsigned char, unsigned char)
                0x00000000c000ef8c                Computer::handleNMI()
                0x00000000c000eff2                Computer::setDiskActivityLight(int, bool)
 *fill*         0x00000000c000f01d        0x1 
 .text          0x00000000c000f01e      0x1b7 core/gdt.32
                0x00000000c000f01e                GDTEntry::setBase(unsigned int)
                0x00000000c000f03a                GDTEntry::setLimit(unsigned int)
                0x00000000c000f058                GDT::GDT()
                0x00000000c000f058                GDT::GDT()
                0x00000000c000f06e                GDT::addEntry(GDTEntry)
                0x00000000c000f0aa                GDT::getNumberOfEntries()
                0x00000000c000f0b2                GDT::flush()
                0x00000000c000f0d4                GDT::setup()
 .text          0x00000000c000f1d5       0x62 core/idle.32
                0x00000000c000f1d5                idleFunction(void*)
 *fill*         0x00000000c000f237        0x1 
 .text          0x00000000c000f238      0x45f core/idt.32
                0x00000000c000f238                IDTEntry::IDTEntry(bool)
                0x00000000c000f238                IDTEntry::IDTEntry(bool)
                0x00000000c000f2a6                IDTEntry::setOffset(unsigned int)
                0x00000000c000f2ba                IDT::IDT()
                0x00000000c000f2ba                IDT::IDT()
                0x00000000c000f2bc                IDT::getPointerToInvalidOpcodeEntryForF00F()
                0x00000000c000f2c4                IDT::addEntry(IDTEntry, int)
                0x00000000c000f2de                IDT::addEntry(int, void (*)(), bool)
                0x00000000c000f316                IDT::flush()
                0x00000000c000f330                IDT::setup()
 .text          0x00000000c000f697      0x203 core/kheap.32
                0x00000000c000f697                sbrk
                0x00000000c000f7a5                mmap
                0x00000000c000f7bb                munmap
                0x00000000c000f7d1                liballoc_lock()
                0x00000000c000f7e2                liballoc_unlock()
                0x00000000c000f7f3                liballoc_alloc(int)
                0x00000000c000f80e                liballoc_free(void*, int)
                0x00000000c000f82c                realloc
                0x00000000c000f840                malloc
                0x00000000c000f850                free
                0x00000000c000f860                rfree
                0x00000000c000f870                calloc
 .text          0x00000000c000f89a      0x485 core/main.32
                0x00000000c000f89a                hwTextMode_loadInData(VgaText*)
                0x00000000c000f8e5                hwTextMode_loadInTitle(VgaText*, char*)
                0x00000000c000f963                hwTextMode_showCursor(VgaText*, bool)
                0x00000000c000f9c1                hwTextMode_update(VgaText*)
                0x00000000c000f9c2                hwTextMode_updateCursor(VgaText*)
                0x00000000c000fa13                hwTextMode_disableBlink(VgaText*, bool)
                0x00000000c000fa59                hwTextMode_scrollScreen(VgaText*)
                0x00000000c000fb06                hwTextMode_writeCharacter(VgaText*, char, VgaColour, VgaColour, int, int)
                0x00000000c000fb88                setupTextMode()
                0x00000000c000fbf8                kernel_main
 .text          0x00000000c000fd1f      0x5c8 core/physmgr.32
                0x00000000c000fd1f                Phys::allocateDMA(unsigned long)
                0x00000000c000fdc2                Phys::freeDMA(unsigned long, unsigned long)
                0x00000000c000fe0a                Phys::setPageState(unsigned long, bool)
                0x00000000c000fe3c                Phys::getPageState(unsigned long)
                0x00000000c000fe58                Phys::freePage(unsigned long)
                0x00000000c000fee2                Phys::allocatePage()
                0x00000000c0010025                Phys::allocateContiguousPages(int)
                0x00000000c001007f                Phys::allowSegmentToBeUsed(unsigned long, unsigned long)
                0x00000000c00100b7                Phys::physicalMemorySetup(unsigned int)
 *fill*         0x00000000c00102e7        0x1 
 .text          0x00000000c00102e8      0x273 core/pipe.32
                0x00000000c00102e8                Pipe::isAtty()
                0x00000000c00102ec                Pipe::~Pipe()
                0x00000000c00102ec                Pipe::~Pipe()
                0x00000000c0010310                Pipe::~Pipe()
                0x00000000c0010338                Pipe::read(unsigned long long, void*, int*)
                0x00000000c001042c                Pipe::write(unsigned long long, void*, int*)
                0x00000000c00104f4                Pipe::Pipe(int)
                0x00000000c00104f4                Pipe::Pipe(int)
 *fill*         0x00000000c001055b        0x1 
 .text          0x00000000c001055c      0xf73 core/terminal.32
                0x00000000c001055c                VgaText::isAtty()
                0x00000000c0010560                VgaText::~VgaText()
                0x00000000c0010560                VgaText::~VgaText()
                0x00000000c0010584                VgaText::~VgaText()
                0x00000000c00105ae                VgaText::read(unsigned long long, void*, int*)
                0x00000000c00105ce                setTerminalScrollLock(bool)
                0x00000000c00105cf                addToTerminalCycle(VgaText*)
                0x00000000c00105fc                installVgaTextImplementation()
                0x00000000c0010611                scrollTerminalScrollLock(int)
                0x00000000c0010612                VgaText::load()
                0x00000000c0010666                VgaText::updateCursor()
                0x00000000c0010680                VgaText::showCursor(bool)
                0x00000000c0010690                VgaText::disableBlink(bool)
                0x00000000c00106ca                VgaText::doANSI_SGR(int)
                0x00000000c0010756                VgaText::setDefaultBgColour(VgaColour)
                0x00000000c001076c                VgaText::setDefaultFgColour(VgaColour)
                0x00000000c0010782                VgaText::setDefaultColours(VgaColour, VgaColour)
                0x00000000c00107a2                VgaText::combineColours(unsigned char, unsigned char)
                0x00000000c00107b4                VgaText::scrollScreen()
                0x00000000c0010848                VgaText::combineCharAndColour(char, unsigned char)
                0x00000000c001085a                VgaText::writeCharacter(char, VgaColour, VgaColour, int, int)
                0x00000000c00108ba                VgaText::getCursorX()
                0x00000000c00108c6                VgaText::getCursorY()
                0x00000000c00108d2                VgaText::setCursor(int, int)
                0x00000000c00108f0                VgaText::setCursorX(int)
                0x00000000c001090c                VgaText::setCursorY(int)
                0x00000000c0010928                VgaText::incrementCursor(bool)
                0x00000000c0010990                VgaText::updateRAMUsageDisplay(int)
                0x00000000c00109f4                VgaText::updateDiskUsage()
                0x00000000c0010b5e                VgaText::updateTitle()
                0x00000000c0010ba4                VgaText::setTitleTextColour(VgaColour)
                0x00000000c0010bb4                VgaText::setTitleColour(VgaColour)
                0x00000000c0010bc4                VgaText::setTitle(char*)
                0x00000000c0010bea                VgaText::decrementCursor(bool)
                0x00000000c0010c12                VgaText::putchar(char, VgaColour, VgaColour)
                0x00000000c0010d0e                VgaText::isShowingCursor()
                0x00000000c0010d1a                VgaText::isBlinkDisabled()
                0x00000000c0010d28                VgaText::setCursorHeight(int)
                0x00000000c0010d46                VgaText::getCursorHeight()
                0x00000000c0010d51                setActiveTerminal(VgaText*)
                0x00000000c0010e03                doTerminalCycle()
                0x00000000c0010e20                VgaText::doUpdate()
                0x00000000c0010e32                VgaText::puts(char const*, VgaColour, VgaColour)
                0x00000000c0010ff2                VgaText::clearScreen()
                0x00000000c0011056                VgaText::putchar(char)
                0x00000000c0011170                VgaText::puts(char const*)
                0x00000000c0011196                VgaText::putx(unsigned int)
                0x00000000c00111dc                VgaText::VgaText(char const*)
                0x00000000c00111dc                VgaText::VgaText(char const*)
                0x00000000c001136e                VgaText::receiveKey(unsigned char)
                0x00000000c0011456                VgaText::write(unsigned long long, void*, int*)
                0x00000000c00114aa                newTerminal(char*)
 *fill*         0x00000000c00114cf        0x1 
 .text          0x00000000c00114d0      0x1b3 core/tss.32
                0x00000000c00114d0                TSS::TSS()
                0x00000000c00114d0                TSS::TSS()
                0x00000000c00114de                TSS::setESP(unsigned long)
                0x00000000c00114f0                TSS::flush()
                0x00000000c0011510                TSS::setup(unsigned long, unsigned long)
 *fill*         0x00000000c0011683        0x1 
 .text          0x00000000c0011684      0x4c2 core/unixfile.32
                0x00000000c0011684                ReservedFilename::read(unsigned long long, void*, int*)
                0x00000000c00116da                ReservedFilename::isAtty()
                0x00000000c00116f6                ReservedFilename::write(unsigned long long, void*, int*)
                0x00000000c0011754                UnixFile::getFileDescriptor()
                0x00000000c001175c                UnixFile::UnixFile(int)
                0x00000000c001175c                UnixFile::UnixFile(int)
                0x00000000c001190c                ReservedFilename::ReservedFilename(int)
                0x00000000c001190c                ReservedFilename::ReservedFilename(int)
                0x00000000c001193e                UnixFile::~UnixFile()
                0x00000000c001193e                UnixFile::~UnixFile()
                0x00000000c00119d6                UnixFile::~UnixFile()
                0x00000000c00119fe                ReservedFilename::~ReservedFilename()
                0x00000000c00119fe                ReservedFilename::~ReservedFilename()
                0x00000000c0011a22                ReservedFilename::~ReservedFilename()
                0x00000000c0011a49                getFromFileDescriptor(int)
 .text          0x00000000c0011b46     0x1304 core/virtmgr.32
                0x00000000c0011b46                Virt::setPageState(unsigned long, Virt::VirtPageState)
                0x00000000c0011b7b                Virt::getPageState(unsigned long)
                0x00000000c0011b9f                Virt::allocateKernelVirtualPages(int)
                0x00000000c0011cb0                Virt::freeSwapfilePage(unsigned long)
                0x00000000c0011cce                Virt::swapIDToSector(unsigned long)
                0x00000000c0011ce0                Virt::allocateSwapfilePage()
                0x00000000c0011d5e                Virt::virtualMemorySetup()
                0x00000000c0011ddd                Virt::swappingSetup()
                0x00000000c0011e3a                Virt::getAKernelVAS()
                0x00000000c0011e40                Virt::setupPageSwapping(int)
                0x00000000c0011f70                VAS::VAS()
                0x00000000c0011f70                VAS::VAS()
                0x00000000c0011fa0                VAS::VAS(VAS*)
                0x00000000c0011fa0                VAS::VAS(VAS*)
                0x00000000c0011fc4                VAS::getForeignPageTableEntry(bool, unsigned long)
                0x00000000c0011ff0                VAS::getPageTableEntry(unsigned long)
                0x00000000c001200f                Virt::freeKernelVirtualPages(unsigned long)
                0x00000000c0012132                VAS::freeAllocatedPages(unsigned long)
                0x00000000c0012156                VAS::virtualToPhysical(unsigned long)
                0x00000000c001216e                VAS::reflagRange(unsigned long, int, int, int)
                0x00000000c00121ae                VAS::setToWriteCombining(unsigned long, int)
                0x00000000c00121e0                VAS::mapOtherVASIn(bool, VAS*)
                0x00000000c001220a                VAS::~VAS()
                0x00000000c001220a                VAS::~VAS()
                0x00000000c0012376                VAS::mapPage(unsigned long, unsigned long, int)
                0x00000000c0012476                VAS::allocatePages(int, int)
                0x00000000c001264e                VAS::setCPUSpecific(unsigned long)
                0x00000000c001266a                VAS::mapRange(unsigned long, unsigned long, int, int)
                0x00000000c0012730                VAS::mapForeignPage(bool, VAS*, unsigned long, unsigned long, int)
                0x00000000c001281e                VAS::VAS(bool)
                0x00000000c001281e                VAS::VAS(bool)
                0x00000000c0012a7a                VAS::evict(unsigned long)
                0x00000000c0012b56                VAS::tryLoadBackOffDisk(unsigned long)
                0x00000000c0012cd8                VAS::scanForEviction(int, int)
                0x00000000c0012d8e                mapVASFirstTime
 .text          0x00000000c0012e4a       0x95 coreobjs/c++.32
                0x00000000c0012e4a                __cxa_atexit
                0x00000000c0012e4d                __cxa_finalize
                0x00000000c0012e4e                __stack_chk_fail
                0x00000000c0012eba                __cxa_pure_virtual
                0x00000000c0012ecb                operator new[](unsigned long)
                0x00000000c0012ed0                operator delete(void*, unsigned long)
                0x00000000c0012ed5                operator delete[](void*)
                0x00000000c0012eda                operator delete[](void*, unsigned long)
 .text          0x00000000c0012edf      0x1ef dbg/kconsole.32
                0x00000000c0012edf                Dbg::stringifyxWithBase(unsigned int, char*, int)
                0x00000000c0012f40                Dbg::logc(char)
                0x00000000c0012f57                Dbg::logs(char*)
                0x00000000c0012f74                Dbg::logWriteInt(unsigned int)
                0x00000000c0012f91                Dbg::logWriteIntBase(unsigned int, int)
                0x00000000c0012fb0                Dbg::kprintf(char const*, ...)
 .text          0x00000000c00130ce      0xb7c fs/vfs.32
                0x00000000c00130ce                File::read(unsigned long long, void*, int*)
                0x00000000c0013126                File::write(unsigned long long, void*, int*)
                0x00000000c001317e                Directory::read(unsigned long long, void*, int*)
                0x00000000c00131d6                Directory::write(unsigned long long, void*, int*)
                0x00000000c0013204                File::isAtty()
                0x00000000c0013208                Directory::isAtty()
                0x00000000c001320c                Filesystem::getlabel(LogicalDisk*, int, char*, unsigned int*)
                0x00000000c0013212                Filesystem::setlabel(LogicalDisk*, int, char*)
                0x00000000c0013218                File::~File()
                0x00000000c0013218                File::~File()
                0x00000000c001323c                File::~File()
                0x00000000c0013266                Directory::~Directory()
                0x00000000c0013266                Directory::~Directory()
                0x00000000c001328a                Directory::~Directory()
                0x00000000c00132b4                Filesystem::Filesystem()
                0x00000000c00132b4                Filesystem::Filesystem()
                0x00000000c00132d8                Filesystem::~Filesystem()
                0x00000000c00132d8                Filesystem::~Filesystem()
                0x00000000c00132e6                Filesystem::~Filesystem()
                0x00000000c001330a                Fs::getcwd(Process*, char*, int)
                0x00000000c0013334                Fs::initVFS()
                0x00000000c001335e                Fs::standardiseFiles(char*, char const*, char const*)
                0x00000000c0013508                File::File(char const*, Process*)
                0x00000000c0013508                File::File(char const*, Process*)
                0x00000000c001356c                File::open(FileOpenMode)
                0x00000000c00135ca                File::close()
                0x00000000c001362a                File::seek(unsigned long long)
                0x00000000c0013680                File::tell(unsigned long long*)
                0x00000000c00136d0                File::rewind()
                0x00000000c00136e4                File::unlink()
                0x00000000c0013730                File::rename(char const*)
                0x00000000c001377e                File::chfatattr(unsigned char, unsigned char)
                0x00000000c00137da                File::exists()
                0x00000000c0013818                File::stat(unsigned long long*, bool*)
                0x00000000c0013879                Fs::setcwd(Process*, char*)
                0x00000000c00139b4                Directory::Directory(char const*, Process*)
                0x00000000c00139b4                Directory::Directory(char const*, Process*)
                0x00000000c0013a18                Directory::open()
                0x00000000c0013a74                Directory::close()
                0x00000000c0013ad4                Directory::unlink()
                0x00000000c0013b20                Directory::rename(char const*)
                0x00000000c0013b6e                Directory::exists()
                0x00000000c0013bac                Directory::read(dirent*)
                0x00000000c0013bf8                Directory::create()
                0x00000000c0013c44                Filesystem::chfatattr(char const*, unsigned char, unsigned char)
 .text          0x00000000c0013c4a       0x84 hal/bus.32
                0x00000000c0013c4a                Bus::Bus(char const*)
                0x00000000c0013c4a                Bus::Bus(char const*)
                0x00000000c0013c80                Bus::~Bus()
                0x00000000c0013c80                Bus::~Bus()
                0x00000000c0013ca4                Bus::~Bus()
 .text          0x00000000c0013cce      0x14e hal/buzzer.32
                0x00000000c0013cce                Buzzer::Buzzer(char const*)
                0x00000000c0013cce                Buzzer::Buzzer(char const*)
                0x00000000c0013d12                Buzzer::~Buzzer()
                0x00000000c0013d12                Buzzer::~Buzzer()
                0x00000000c0013d36                Buzzer::~Buzzer()
                0x00000000c0013d60                Buzzer::stop()
                0x00000000c0013d73                beepThread(void*)
                0x00000000c0013dae                Buzzer::beep(int, int, bool)
 .text          0x00000000c0013e1c      0x467 hal/clock.32
                0x00000000c0013e1c                User::loadClockSettings(int)
                0x00000000c0013e6e                Clock::Clock(char const*)
                0x00000000c0013e6e                Clock::Clock(char const*)
                0x00000000c0013ea4                Clock::~Clock()
                0x00000000c0013ea4                Clock::~Clock()
                0x00000000c0013ec8                Clock::~Clock()
                0x00000000c0013ef2                Clock::timeInSecondsLocal()
                0x00000000c0013f3a                Clock::setTimeInSecondsLocal(unsigned long long)
                0x00000000c0013f93                datetimeToSeconds(datetime_t)
                0x00000000c00140ba                Clock::setTimeInDatetimeLocal(datetime_t)
                0x00000000c001411a                secondsToDatetime(unsigned long long)
                0x00000000c001425e                Clock::timeInDatetimeLocal()
 *fill*         0x00000000c0014283        0x1 
 .text          0x00000000c0014284      0x4de hal/device.32
                0x00000000c0014284                Device::hibernate()
                0x00000000c0014286                Device::wake()
                0x00000000c0014288                Device::detect()
                0x00000000c001428a                Device::disableLegacy()
                0x00000000c001428c                Device::powerSaving(PowerSavingLevel)
                0x00000000c001428e                DriverlessDevice::close(int, int, void*)
                0x00000000c0014292                DriverlessDevice::detect()
                0x00000000c0014294                DriverlessDevice::open(int, int, void*)
                0x00000000c00142a8                Device::~Device()
                0x00000000c00142a8                Device::~Device()
                0x00000000c00142b6                Device::~Device()
                0x00000000c00142de                Device::findAndLoadDriver()
                0x00000000c00142e0                Device::preOpenPCI(PCIDeviceInfo)
                0x00000000c0014306                Device::preOpenACPI(void*, char*, char*)
                0x00000000c001435a                Device::addIRQHandler(int, void (*)(regs*, void*), bool, void*)
                0x00000000c0014398                Device::removeIRQHandler(int, void (*)(regs*, void*), bool)
                0x00000000c00143d6                Device::addChild(Device*)
                0x00000000c001441a                Device::removeAllChildren()
                0x00000000c0014460                Device::hibernateAll()
                0x00000000c0014490                Device::wakeAll()
                0x00000000c00144c0                Device::detectAll()
                0x00000000c00144f0                Device::disableLegacyAll()
                0x00000000c0014520                Device::loadDriversForAll()
                0x00000000c001454c                Device::closeAll()
                0x00000000c0014582                Device::powerSavingAll(PowerSavingLevel)
                0x00000000c00145b8                Device::setName(char const*)
                0x00000000c00145c6                Device::Device(char const*)
                0x00000000c00145c6                Device::Device(char const*)
                0x00000000c00146c2                Device::getName()
                0x00000000c00146cc                DriverlessDevice::DriverlessDevice(char const*)
                0x00000000c00146cc                DriverlessDevice::DriverlessDevice(char const*)
                0x00000000c00146f4                Device::addToLinkedList(LinkedList<Device>&, DeviceType)
                0x00000000c0014738                getDevicesOfType(DeviceType)
 .text          0x00000000c0014762       0x84 hal/diskctrl.32
                0x00000000c0014762                HardDiskController::HardDiskController(char const*)
                0x00000000c0014762                HardDiskController::HardDiskController(char const*)
                0x00000000c0014798                HardDiskController::~HardDiskController()
                0x00000000c0014798                HardDiskController::~HardDiskController()
                0x00000000c00147bc                HardDiskController::~HardDiskController()
 .text          0x00000000c00147e6       0xf2 hal/diskphys.32
                0x00000000c00147e6                PhysicalDisk::eject()
                0x00000000c00147fa                PhysicalDisk::PhysicalDisk(char const*, int)
                0x00000000c00147fa                PhysicalDisk::PhysicalDisk(char const*, int)
                0x00000000c0014862                PhysicalDisk::startCache()
                0x00000000c001488a                PhysicalDisk::~PhysicalDisk()
                0x00000000c001488a                PhysicalDisk::~PhysicalDisk()
                0x00000000c00148ae                PhysicalDisk::~PhysicalDisk()
 .text          0x00000000c00148d8      0x13b hal/fpu.32
                0x00000000c00148d8                FPU::FPU(char const*)
                0x00000000c00148d8                FPU::FPU(char const*)
                0x00000000c001490e                FPU::~FPU()
                0x00000000c001490e                FPU::~FPU()
                0x00000000c0014932                FPU::~FPU()
                0x00000000c001495c                setupFPU()
 *fill*         0x00000000c0014a13        0x1 
 .text          0x00000000c0014a14     0x13b7 hal/intctrl.32
                0x00000000c0014a14                InterruptController::uninstallISRHandler(int, void (*)(regs*, void*))
                0x00000000c0014a4c                InterruptController::installISRHandler(int, void (*)(regs*, void*), void*)
                0x00000000c0014a9e                doubleFault(regs*, void*)
                0x00000000c0014ab8                InterruptController::installIRQHandler(int, void (*)(regs*, void*), bool, void*)
                0x00000000c0014b54                InterruptController::clearAllHandlers(int, bool)
                0x00000000c0014bfc                InterruptController::uninstallIRQHandler(int, void (*)(regs*, void*), bool)
                0x00000000c0014c83                nmiHandler(regs*, void*)
                0x00000000c0014c91                int_handler
                0x00000000c0014d32                InterruptController::InterruptController(char const*)
                0x00000000c0014d32                InterruptController::InterruptController(char const*)
                0x00000000c0014dd8                InterruptController::~InterruptController()
                0x00000000c0014dd8                InterruptController::~InterruptController()
                0x00000000c0014dfc                InterruptController::~InterruptController()
                0x00000000c0014e26                displayDebugInfo(regs*)
                0x00000000c00152b5                x87EmulHandler(regs*, void*)
                0x00000000c00152e4                gpFault(regs*, void*)
                0x00000000c001531d                pgFault(regs*, void*)
                0x00000000c0015369                otherISRHandler(regs*, void*)
                0x00000000c0015388                opcodeFault(regs*, void*)
                0x00000000c001598e                displayProgramFault(char const*)
                0x00000000c00159b6                setupInterruptController()
                0x00000000c0015d7e                InterruptController::convertLegacyIRQNumber(int)
 *fill*         0x00000000c0015dcb        0x1 
 .text          0x00000000c0015dcc      0x6c8 hal/keybrd.32
                0x00000000c0015dcc                startGUI(void*)
                0x00000000c0015e28                startGUIVESA(void*)
                0x00000000c0015e84                sendKeyToTerminal(unsigned char)
                0x00000000c0015ef0                sendKeyboardToken(KeyboardToken)
                0x00000000c001632d                clearInternalKeybuffer(VgaText*)
                0x00000000c0016362                readKeyboard(VgaText*, char*, unsigned long)
                0x00000000c001640a                Keyboard::Keyboard(char const*)
                0x00000000c001640a                Keyboard::Keyboard(char const*)
                0x00000000c0016446                Keyboard::~Keyboard()
                0x00000000c0016446                Keyboard::~Keyboard()
                0x00000000c001646a                Keyboard::~Keyboard()
 .text          0x00000000c0016494      0x414 hal/logidisk.32
                0x00000000c0016494                LogicalDisk::close(int, int, void*)
                0x00000000c0016498                LogicalDisk::~LogicalDisk()
                0x00000000c0016498                LogicalDisk::~LogicalDisk()
                0x00000000c00164bc                LogicalDisk::~LogicalDisk()
                0x00000000c00164e6                LogicalDisk::open(int, int, void*)
                0x00000000c00164fa                LogicalDisk::absoluteToRelative(unsigned long long)
                0x00000000c0016532                LogicalDisk::relativeToAbsolute(unsigned long long)
                0x00000000c0016578                LogicalDisk::LogicalDisk(char const*, PhysicalDisk*, unsigned long long, unsigned long long)
                0x00000000c0016578                LogicalDisk::LogicalDisk(char const*, PhysicalDisk*, unsigned long long, unsigned long long)
                0x00000000c001662e                LogicalDisk::assignDriveLetter()
                0x00000000c00166e4                LogicalDisk::mount()
                0x00000000c0016756                LogicalDisk::unmount()
                0x00000000c0016766                LogicalDisk::eject()
                0x00000000c001677a                LogicalDisk::unassignDriveLetter()
                0x00000000c00167d0                LogicalDisk::read(unsigned long long, int, void*)
                0x00000000c001683c                LogicalDisk::write(unsigned long long, int, void*)
 .text          0x00000000c00168a8       0x84 hal/mouse.32
                0x00000000c00168a8                Mouse::Mouse(char const*)
                0x00000000c00168a8                Mouse::Mouse(char const*)
                0x00000000c00168de                Mouse::~Mouse()
                0x00000000c00168de                Mouse::~Mouse()
                0x00000000c0016902                Mouse::~Mouse()
 .text          0x00000000c001692c      0x34d hal/partition.32
                0x00000000c001692c                makePartition(PhysicalDisk*, unsigned long long, unsigned long long)
                0x00000000c00169e8                createPartitionsForDisk(PhysicalDisk*)
 *fill*         0x00000000c0016c79        0x1 
 .text          0x00000000c0016c7a       0x84 hal/serial.32
                0x00000000c0016c7a                Serial::Serial(char const*)
                0x00000000c0016c7a                Serial::Serial(char const*)
                0x00000000c0016cb0                Serial::~Serial()
                0x00000000c0016cb0                Serial::~Serial()
                0x00000000c0016cd4                Serial::~Serial()
 .text          0x00000000c0016cfe      0x2b8 hal/timer.32
                0x00000000c0016cfe                Timer::Timer(char const*)
                0x00000000c0016cfe                Timer::Timer(char const*)
                0x00000000c0016d34                Timer::~Timer()
                0x00000000c0016d34                Timer::~Timer()
                0x00000000c0016d58                Timer::~Timer()
                0x00000000c0016d82                Timer::read()
                0x00000000c0016d8d                timerHandler(unsigned long long)
                0x00000000c0016ec4                setupTimer(int)
 .text          0x00000000c0016fb6      0x425 hal/vcache.32
                0x00000000c0016fb6                VCache::VCache(PhysicalDisk*)
                0x00000000c0016fb6                VCache::VCache(PhysicalDisk*)
                0x00000000c001711e                VCache::invalidateReadBuffer()
                0x00000000c001712e                VCache::writeWriteBuffer()
                0x00000000c001716a                VCache::~VCache()
                0x00000000c001716a                VCache::~VCache()
                0x00000000c00171be                VCache::~VCache()
                0x00000000c00171e6                VCache::write(unsigned long long, int, void*)
                0x00000000c00172dc                VCache::read(unsigned long long, int, void*)
 *fill*         0x00000000c00173db        0x1 
 .text          0x00000000c00173dc      0x4cd hal/video.32
                0x00000000c00173dc                Video::putrect(int, int, int, int, unsigned int)
                0x00000000c0017428                Video::bitblit(int, int, int, int, int, int, int, unsigned int*)
                0x00000000c0017498                Video::blit(unsigned int*, int, int, int, int)
                0x00000000c0017516                Video::clearScreen(unsigned int)
                0x00000000c001754a                Video::putpixel(int, int, unsigned int)
                0x00000000c0017558                Video::Video(char const*)
                0x00000000c0017558                Video::Video(char const*)
                0x00000000c001758e                Video::~Video()
                0x00000000c001758e                Video::~Video()
                0x00000000c00175b2                Video::~Video()
                0x00000000c00175dc                Video::isMonochrome()
                0x00000000c00175e8                Video::getWidth()
                0x00000000c00175f4                Video::getHeight()
                0x00000000c0017600                Video::drawCursor(int, int, unsigned char*, int)
                0x00000000c00176bc                Video::tgaParse(unsigned char*, int, int*, int*)
                0x00000000c001783e                Video::putTGA(int, int, unsigned char*, int)
 *fill*         0x00000000c00178a9        0x1 
 .text          0x00000000c00178aa      0xf64 hw/acpi.32
                0x00000000c00178aa                ACPI::close(int, int, void*)
                0x00000000c001795f                findRSDP()
                0x00000000c00179e9                loadACPITables(unsigned char*)
                0x00000000c0017c10                findRSDT(unsigned char*)
                0x00000000c0017d2e                findDataTable(unsigned char*, char*)
                0x00000000c0017dca                scanMADT()
                0x00000000c0018250                ACPI::ACPI()
                0x00000000c0018250                ACPI::ACPI()
                0x00000000c00182ba                ACPI::getPCIIRQAssignment(unsigned char, unsigned short, unsigned char)
                0x00000000c001839c                ACPI::registerPCIIRQAssignment(void*, unsigned short, unsigned char, unsigned char)
                0x00000000c0018462                ACPI::setScreenBrightnessLevel(void*, int)
                0x00000000c0018468                ACPI::writeSimpleBootFlag(SimpleBootFlagTable*)
                0x00000000c00184b0                ACPI::open(int, int, void*)
                0x00000000c00187f6                ACPI::sleep()
 .text          0x00000000c001880e     0x1715 hw/cpu.32
                0x00000000c001880e                CPU::close(int, int, void*)
                0x00000000c0018812                CPU::lookupAMDName(unsigned char, unsigned char)
                0x00000000c00189a6                CPU::lookupIntelName(unsigned char, unsigned char)
                0x00000000c0018c54                CPU::AMD_K6_write_msr(unsigned int, unsigned int, unsigned int, CPU::REGS*)
                0x00000000c0018c70                CPU::AMD_K6_read_msr(unsigned int, CPU::REGS*)
                0x00000000c0018c88                CPU::AMD_K6_writeback(int, int, int)
                0x00000000c0018cfc                CPU::cpuid(int, unsigned long*, unsigned long*, unsigned long*, unsigned long*)
                0x00000000c0018d80                CPU::cpuidCheckEDX(unsigned int)
                0x00000000c0018dae                CPU::cpuidCheckECX(unsigned int)
                0x00000000c0018ddc                CPU::cpuidCheckExtendedEBX(unsigned int)
                0x00000000c0018e0a                CPU::cpuidCheckExtendedECX(unsigned int)
                0x00000000c0018e38                CPU::CPU()
                0x00000000c0018e38                CPU::CPU()
                0x00000000c0018ec6                CPU::displayFeatures()
                0x00000000c0019142                CPU::detectFeatures()
                0x00000000c0019b32                CPU::setupSMEP()
                0x00000000c0019b3e                CPU::setupUMIP()
                0x00000000c0019b48                CPU::setupTSC()
                0x00000000c0019b52                CPU::setupLargePages()
                0x00000000c0019b5c                CPU::setupPAT()
                0x00000000c0019b98                CPU::setupMTRR()
                0x00000000c0019b9a                CPU::setupGlobalPages()
                0x00000000c0019ba4                CPU::allowUsermodeDataAccess()
                0x00000000c0019bb6                CPU::prohibitUsermodeDataAccess()
                0x00000000c0019bc8                CPU::setupSMAP()
                0x00000000c0019bd6                CPU::setupFeatures()
                0x00000000c0019c56                CPU::open(int, int, void*)
                0x00000000c0019d28                CPU::decodeAddress(regs*, int*, bool*, unsigned char*)
 .text          0x00000000c0019f23        0x0 hw/ports.32
 .text          0x00000000c0019f23      0x16a hw/smp.32
                0x00000000c0019f23                Krnl::smpEntry()
                0x00000000c0019f25                Krnl::startCPU(int)
                0x00000000c001a06e                Krnl::startCPUs()
 *fill*         0x00000000c001a08d        0x1 
 .text          0x00000000c001a08e      0x5d3 krnl/env.32
                0x00000000c001a08e                EnvVarContainer::getEnv(char const*)
                0x00000000c001a0cc                EnvVarContainer::setEnv(char const*, char const*)
                0x00000000c001a198                EnvVarContainer::deleteEnv(char const*)
                0x00000000c001a19a                EnvVarContainer::loadFrom(char const*, char const*)
                0x00000000c001a390                EnvVarContainer::__loadSystem()
                0x00000000c001a3aa                EnvVarContainer::__loadUser()
                0x00000000c001a3ac                EnvVarContainer::EnvVarContainer(Process*)
                0x00000000c001a3ac                EnvVarContainer::EnvVarContainer(Process*)
                0x00000000c001a3ce                EnvVarContainer::~EnvVarContainer()
                0x00000000c001a3ce                EnvVarContainer::~EnvVarContainer()
                0x00000000c001a3fe                Krnl::getEnv(Process*, char const*)
                0x00000000c001a463                Krnl::setEnvSystem(char const*, char const*)
                0x00000000c001a47d                Krnl::setEnvUser(char const*, char const*)
                0x00000000c001a49c                Krnl::setEnvProcess(Process*, char const*, char const*)
                0x00000000c001a4af                Krnl::deleteEnvSystem(char const*)
                0x00000000c001a4b0                Krnl::deleteEnvUser(char const*)
                0x00000000c001a4b1                Krnl::deleteEnvProcess(Process*, char const*)
                0x00000000c001a4b2                Krnl::newProcessEnv(Process*)
                0x00000000c001a4d4                Krnl::copyProcessEnv(Process*, Process*)
                0x00000000c001a528                Krnl::loadSystemEnv()
                0x00000000c001a556                Krnl::loadUserEnv()
                0x00000000c001a57c                Krnl::flushEnv()
                0x00000000c001a57d                Krnl::getProcessTotalEnvCount(Process*)
                0x00000000c001a59d                Krnl::getProcessEnvPair(Process*, int)
 .text          0x00000000c001a661      0x396 krnl/panic.32
                0x00000000c001a661                Krnl::panic(char const*)
 .text          0x00000000c001a9f7      0x3b6 net/ethernet.32
                0x00000000c001a9f7                Net::switchEndian16(unsigned short)
                0x00000000c001aa18                Net::switchEndian32(unsigned int)
                0x00000000c001aa47                Net::crc32Calc(unsigned char*, int)
                0x00000000c001aad8                Net::wrapEthernetFrame(Net::UnwrappedEthernetFrame, unsigned char*)
                0x00000000c001ac14                Net::unwrapEthernetFrame(unsigned char*, int)
 .text          0x00000000c001adad      0x513 reg/registry.32
                0x00000000c001adad                Reg::findLineFromLoadedData(char*, char*, char*)
                0x00000000c001af05                Reg::getLineFromRegistry(char*, char*, char*, char*)
                0x00000000c001b05a                Reg::getLine(char*, char*, char*)
                0x00000000c001b091                Reg::readInt(char*, char*, int*)
                0x00000000c001b17c                Reg::readString(char*, char*, char*, int)
                0x00000000c001b1fd                Reg::readBool(char*, char*, bool*)
                0x00000000c001b222                Reg::readBoolWithDefault(char*, char*, bool)
                0x00000000c001b24e                Reg::readIntWithDefault(char*, char*, int)
                0x00000000c001b27a                Reg::readStringWithDefault(char*, char*, char*, int, char*)
 .text          0x00000000c001b2c0       0x36 sys/sc_eject.32
                0x00000000c001b2c0                Sys::eject(regs*)
 .text          0x00000000c001b2f6       0x18 sys/sc_exit.32
                0x00000000c001b2f6                Sys::exit(regs*)
 .text          0x00000000c001b30e       0x1f sys/sc_getcwd.32
                0x00000000c001b30e                Sys::getCwd(regs*)
 .text          0x00000000c001b32d        0xc sys/sc_getpid.32
                0x00000000c001b32d                Sys::getPID(regs*)
 .text          0x00000000c001b339       0x17 sys/sc_getramdata.32
                0x00000000c001b339                Sys::getRAMData(regs*)
 .text          0x00000000c001b350       0xa8 sys/sc_loaddll.32
                0x00000000c001b350                Sys::loadDLL(regs*)
 .text          0x00000000c001b3f8       0x68 sys/sc_read.32
                0x00000000c001b3f8                Sys::read(regs*)
 .text          0x00000000c001b460       0x55 sys/sc_sbrk.32
                0x00000000c001b460                Sys::sbrk(regs*)
 .text          0x00000000c001b4b5       0x1c sys/sc_setcwd.32
                0x00000000c001b4b5                Sys::setCwd(regs*)
 .text          0x00000000c001b4d1      0x128 sys/sc_settime.32
                0x00000000c001b4d1                Sys::setTime(regs*)
 .text          0x00000000c001b5f9       0x4a sys/sc_timezone.32
                0x00000000c001b5f9                Sys::timezone(regs*)
 .text          0x00000000c001b643       0x68 sys/sc_write.32
                0x00000000c001b643                Sys::write(regs*)
 .text          0x00000000c001b6ab       0x62 sys/sc_wsbe.32
                0x00000000c001b6ab                Sys::wsbe(regs*)
 .text          0x00000000c001b70d       0x3b sys/sc_yield.32
                0x00000000c001b70d                Sys::yield(regs*)
 .text          0x00000000c001b748     0x10e5 sys/syscalls.32
                0x00000000c001b748                sysCallSeekDir(regs*)
                0x00000000c001b74d                sysCallTellDir(regs*)
                0x00000000c001b752                sysCallVerify(regs*)
                0x00000000c001b75c                sysFormatDisk(regs*)
                0x00000000c001b7c6                sysSetDiskVolumeLabel(regs*)
                0x00000000c001b80c                sysGetDiskVolumeLabel(regs*)
                0x00000000c001b85d                sysShutdown(regs*)
                0x00000000c001b8bb                sysCallRealpath(regs*)
                0x00000000c001b8fe                sysCallGetArgc(regs*)
                0x00000000c001b92c                sysCallReadDir(regs*)
                0x00000000c001b9ba                sysCallIsATTY(regs*)
                0x00000000c001ba14                sysCallSeek(regs*)
                0x00000000c001ba7d                sysCallTell(regs*)
                0x00000000c001bafa                sysCallSize(regs*)
                0x00000000c001bb7d                sysCallSizeFromFilename(regs*)
                0x00000000c001bc3d                sysCallClose(regs*)
                0x00000000c001bcc5                sysCallOpenDir(regs*)
                0x00000000c001bd3a                sysCallCloseDir(regs*)
                0x00000000c001bda0                sysCallMakeDir(regs*)
                0x00000000c001be10                sysCallWait(regs*)
                0x00000000c001be2a                sysCallNotImpl(regs*)
                0x00000000c001be45                sysPanic(regs*)
                0x00000000c001be6b                sysCallRmdir(regs*)
                0x00000000c001becf                sysCallUnlink(regs*)
                0x00000000c001bf33                sysCallGetArgv(regs*)
                0x00000000c001bf7f                sysCallTTYName(regs*)
                0x00000000c001c002                sysCallUSleep(regs*)
                0x00000000c001c029                sysCallSpawn(regs*)
                0x00000000c001c081                sysCallGetEnv(regs*)
                0x00000000c001c1b9                sysAppSettings(regs*)
                0x00000000c001c2d8                sysSetFatAttrib(regs*)
                0x00000000c001c34a                sysPipe(regs*)
                0x00000000c001c38f                sysGetUnixTime(regs*)
                0x00000000c001c3a3                string_ends_with(char const*, char const*)
                0x00000000c001c3eb                sysCallOpen(regs*)
                0x00000000c001c600                Sys::loadSyscalls()
                0x00000000c001c7eb                Sys::systemCall(regs*, void*)
 .text          0x00000000c001c82d     0x11d4 thr/elf.32
                0x00000000c001c82d                Thr::allocateMemoryForTask(Process*, File*, unsigned long, unsigned long, unsigned long)
                0x00000000c001cabf                Thr::loadProgramIntoMemory(Process*, char const*)
                0x00000000c001ccd5                Thr::runtimeReferenceHelper()
                0x00000000c001cce8                Thr::getAddressOfKernelSymbol(char const*)
                0x00000000c001cd37                Thr::loadKernelSymbolTable(char const*)
                0x00000000c001cff5                Thr::loadDriverIntoMemory(char const*, unsigned long, bool)
                0x00000000c001d711                Thr::getDriverBaseFromAddress(unsigned long)
                0x00000000c001d743                Thr::getDriverNameFromAddress(unsigned long)
                0x00000000c001d77a                Thr::getDriverOffsetFromAddress(unsigned long)
                0x00000000c001d794                Thr::loadDLL(char const*, bool)
                0x00000000c001d9c8                Thr::executeDLL(unsigned long, void*)
 *fill*         0x00000000c001da01        0x1 
 .text          0x00000000c001da02     0x1056 thr/prcssthr.32
                0x00000000c001da02                changeTSS
                0x00000000c001da32                Process::addArgs(char**)
                0x00000000c001da8c                Process::Process(char const*, Process*, char**)
                0x00000000c001da8c                Process::Process(char const*, Process*, char**)
                0x00000000c001dc70                Process::Process(bool, char const*, Process*, char**)
                0x00000000c001dc70                Process::Process(bool, char const*, Process*, char**)
                0x00000000c001de1f                disableIRQs()
                0x00000000c001de27                getIRQNestingLevel()
                0x00000000c001de2d                enableIRQs()
                0x00000000c001de3c                lockScheduler()
                0x00000000c001de3e                unlockScheduler()
                0x00000000c001de40                userModeEntryPoint(void*)
                0x00000000c001de63                lockStuff()
                0x00000000c001de6f                taskStartupFunction
                0x00000000c001de78                updateTimeUsed()
                0x00000000c001dedd                switchToThread(ThreadControlBlock*)
                0x00000000c001df2e                Semaphore::Semaphore(int)
                0x00000000c001df2e                Semaphore::Semaphore(int)
                0x00000000c001df5c                Mutex::Mutex()
                0x00000000c001df5c                Mutex::Mutex()
                0x00000000c001df6e                Process::createThread(void (*)(void*), void*, int)
                0x00000000c001e052                Process::createUserThread()
                0x00000000c001e06e                setupMultitasking(void (*)())
                0x00000000c001e178                schedule()
                0x00000000c001e1fd                unlockStuff()
                0x00000000c001e232                Semaphore::tryAcquire()
                0x00000000c001e260                Semaphore::assertLocked(char const*)
                0x00000000c001e290                blockTaskWithSchedulerLockAlreadyHeld(TaskState)
                0x00000000c001e2d2                blockTask(TaskState)
                0x00000000c001e2f3                waitTask(int, int*, int)
                0x00000000c001e335                nanoSleepUntil(unsigned long long)
                0x00000000c001e38c                nanoSleep(unsigned long long)
                0x00000000c001e3a1                sleep(unsigned long long)
                0x00000000c001e3be                Semaphore::acquire()
                0x00000000c001e426                taskReturned
                0x00000000c001e454                unblockTask(ThreadControlBlock*)
                0x00000000c001e503                cleanupTerminatedTask(ThreadControlBlock*)
                0x00000000c001e7cc                cleanerTaskFunction(void*)
                0x00000000c001e87f                terminateTask(int)
                0x00000000c001e95f                Thr::terminateFromIRQ(int)
                0x00000000c001e96c                Semaphore::release()
 .text          0x00000000c001ea58      0xc26 vm86/vm8086.32
                0x00000000c001ea58                Vm::inbv(unsigned short)
                0x00000000c001ea6b                Vm::outbv(unsigned short, unsigned char)
                0x00000000c001eabe                Vm::realToLinear(unsigned short, unsigned short)
                0x00000000c001eace                Vm::getSegment(unsigned int)
                0x00000000c001ead6                Vm::getOffset(unsigned int)
                0x00000000c001eadb                Vm::mainloop2()
                0x00000000c001eb16                Vm::mainVm8086Loop(void*)
                0x00000000c001eb23                Vm::mainloop3(unsigned long)
                0x00000000c001eb4d                Vm::initialise8086()
                0x00000000c001eb90                Vm::finish8086()
                0x00000000c001ebd5                Vm::getOutput8086(unsigned char*)
                0x00000000c001ebff                Vm::start8086(char const*, unsigned short, unsigned short, unsigned short, unsigned short)
                0x00000000c001ed4f                Vm::doISR(regs*, int, unsigned char*, unsigned short, unsigned short)
                0x00000000c001edd9                Vm::readByteFromReal(unsigned short, unsigned short)
                0x00000000c001edea                Vm::readWordFromReal(unsigned short, unsigned short)
                0x00000000c001edfc                Vm::readDwordFromReal(unsigned short, unsigned short)
                0x00000000c001ee0d                Vm::writeByteFromReal(unsigned short, unsigned short, unsigned char)
                0x00000000c001ee22                Vm::writeWordFromReal(unsigned short, unsigned short, unsigned short)
                0x00000000c001ee38                Vm::writeDwordFromReal(unsigned short, unsigned short, unsigned int)
                0x00000000c001ee4d                Vm::faultHandler(regs*)
 .text          0x00000000c001f67e      0xefd vm86/x87em.32
                0x00000000c001f67e                Vm::fpuInternalTo32(unsigned long long)
                0x00000000c001f6d9                Vm::fpuInternalTo64(unsigned long long)
                0x00000000c001f6e2                Vm::fpu32ToInternal(unsigned int)
                0x00000000c001f727                Vm::fpu64ToInternal(unsigned long long)
                0x00000000c001f730                Vm::fpuFloatToLong(unsigned long long)
                0x00000000c001f78b                Vm::fpuULongToFloat(unsigned long long)
                0x00000000c001f7c1                Vm::fpuLongToFloat(long long)
                0x00000000c001f817                Vm::fpuGet0()
                0x00000000c001f81c                Vm::fpuGet1()
                0x00000000c001f824                Vm::fpuGetPi()
                0x00000000c001f82c                Vm::fpuGetLog2E()
                0x00000000c001f844                Vm::fpuGetLogE2()
                0x00000000c001f85c                Vm::fpuGetLog210()
                0x00000000c001f874                Vm::fpuGetLog102()
                0x00000000c001f88c                Vm::fpuIsSecondLarger(unsigned long long, unsigned long long)
                0x00000000c001f8a0                Vm::fpuAreEqual(unsigned long long, unsigned long long)
                0x00000000c001f8b6                Vm::fpuUnorderedCompare(unsigned long long, unsigned long long)
                0x00000000c001f909                Vm::fpuAdd(unsigned long long, unsigned long long)
                0x00000000c001f91a                Vm::fpuAbs(unsigned long long)
                0x00000000c001f923                Vm::fpuChs(unsigned long long)
                0x00000000c001f933                Vm::fpuSub(unsigned long long, unsigned long long)
                0x00000000c001f942                Vm::fpuMultiply(unsigned long long, unsigned long long)
                0x00000000c001f961                Vm::fpuDivide(unsigned long long, unsigned long long)
                0x00000000c001f97d                Vm::fpuSquare(unsigned long long)
                0x00000000c001f993                Vm::fpuGetReg(int)
                0x00000000c001f9d6                Vm::fpuSetReg(int, unsigned long long)
                0x00000000c001fa21                Vm::fpuPush(unsigned long long)
                0x00000000c001fa7e                Vm::fpuPop()
                0x00000000c001fad0                Vm::x87Handler(regs*)
 *fill*         0x00000000c002057b        0x1 
 .text          0x00000000c002057c     0x10ed fs/fat/vfslink.32
                0x00000000c002057c                FAT::getName()
                0x00000000c0020582                FAT::tell(void*, unsigned long long*)
                0x00000000c00205b6                FAT::stat(void*, unsigned long long*)
                0x00000000c00205ea                FAT::~FAT()
                0x00000000c00205ea                FAT::~FAT()
                0x00000000c002060e                FAT::~FAT()
                0x00000000c0020636                FAT::getlabel(LogicalDisk*, int, char*, unsigned int*)
                0x00000000c00206d4                FAT::setlabel(LogicalDisk*, int, char*)
                0x00000000c002078e                FAT::format(LogicalDisk*, int, char const*, int)
                0x00000000c0020972                FAT::tryMount(LogicalDisk*, int)
                0x00000000c0020b78                FAT::readDir(void*, unsigned long, void*, int*)
                0x00000000c0020c7e                FAT::read(void*, unsigned long, void*, int*)
                0x00000000c0020cd8                FAT::write(void*, unsigned long, void*, int*)
                0x00000000c0020d32                FAT::close(void*)
                0x00000000c0020d7e                FAT::closeDir(void*)
                0x00000000c0020dca                FAT::seek(void*, unsigned long long)
                0x00000000c0020e1e                fatWrapperReadDisk
                0x00000000c0020e65                fatWrapperWriteDisk
                0x00000000c0020eac                fatWrapperIoctl
                0x00000000c0020fb0                FAT::FAT()
                0x00000000c0020fb0                FAT::FAT()
                0x00000000c0021002                FAT::fixFilepath(char*)
                0x00000000c002103a                FAT::open(char const*, void**, FileOpenMode)
                0x00000000c0021162                FAT::openDir(char const*, void**)
                0x00000000c0021208                FAT::stat(char const*, unsigned long long*, bool*)
                0x00000000c00212f2                FAT::unlink(char const*)
                0x00000000c002136c                FAT::chfatattr(char const*, unsigned char, unsigned char)
                0x00000000c00214c0                FAT::rename(char const*, char const*)
                0x00000000c0021584                FAT::mkdir(char const*)
                0x00000000c00215fe                FAT::exists(char const*)
 *fill*         0x00000000c0021669        0x1 
 .text          0x00000000c002166a      0xbc1 fs/iso9660/vfslink.32
                0x00000000c002166a                ISO9660::format(LogicalDisk*, int, char const*, int)
                0x00000000c0021670                ISO9660::seek(void*, unsigned long long)
                0x00000000c00216a0                ISO9660::tell(void*, unsigned long long*)
                0x00000000c00216c4                ISO9660::getName()
                0x00000000c00216ca                ISO9660::stat(void*, unsigned long long*)
                0x00000000c00216ee                ISO9660::chfatattr(char const*, unsigned char, unsigned char)
                0x00000000c00216f4                ISO9660::unlink(char const*)
                0x00000000c00216fa                ISO9660::write(void*, unsigned long, void*, int*)
                0x00000000c0021700                ISO9660::rename(char const*, char const*)
                0x00000000c0021706                ISO9660::mkdir(char const*)
                0x00000000c002170c                ISO9660::close(void*)
                0x00000000c002172e                ISO9660::closeDir(void*)
                0x00000000c0021750                ISO9660::~ISO9660()
                0x00000000c0021750                ISO9660::~ISO9660()
                0x00000000c0021774                ISO9660::~ISO9660()
                0x00000000c002179b                __memmem(unsigned char*, int, unsigned char*, int)
                0x00000000c00217dd                readSectorFromCDROM(unsigned int, unsigned char*, char)
                0x00000000c0021844                ISO9660::tryMount(LogicalDisk*, int)
                0x00000000c0021894                ISO9660::read(void*, unsigned long, void*, int*)
                0x00000000c0021a94                ISO9660::readDir(void*, unsigned long, void*, int*)
                0x00000000c0021d21                readRoot(unsigned int*, unsigned int*, char)
                0x00000000c0021d76                readRecursively(char*, unsigned int, unsigned int, unsigned int*, unsigned int*, char, int*)
                0x00000000c0021f49                getFileData(char*, unsigned int*, unsigned int*, char, int*)
                0x00000000c0021fd8                ISO9660::open(char const*, void**, FileOpenMode)
                0x00000000c0022098                ISO9660::exists(char const*)
                0x00000000c00220bc                ISO9660::stat(char const*, unsigned long long*, bool*)
                0x00000000c0022150                ISO9660::openDir(char const*, void**)
                0x00000000c0022208                ISO9660::ISO9660()
                0x00000000c0022208                ISO9660::ISO9660()
 *fill*         0x00000000c002222b        0x1 
 .text          0x00000000c002222c      0x326 hal/sound/sndchannel.32
                0x00000000c002222c                SoundChannel::~SoundChannel()
                0x00000000c002222c                SoundChannel::~SoundChannel()
                0x00000000c0022248                SoundChannel::setSpeed(float)
                0x00000000c0022254                SoundChannel::getSpeed()
                0x00000000c002225c                SoundChannel::setVolume(int)
                0x00000000c0022278                SoundChannel::getVolume()
                0x00000000c0022280                SoundChannel::pause()
                0x00000000c002228a                SoundChannel::SoundChannel(int, int, int, int)
                0x00000000c002228a                SoundChannel::SoundChannel(int, int, int, int)
                0x00000000c00223e0                SoundChannel::play()
                0x00000000c00223ea                SoundChannel::paused()
                0x00000000c00223f2                SoundChannel::getSampleRate()
                0x00000000c00223fa                SoundChannel::getBits()
                0x00000000c0022402                SoundChannel::getBufferUsed()
                0x00000000c002240a                SoundChannel::getBufferSize()
                0x00000000c0022412                SoundChannel::unbuffer(float*, int, int)
                0x00000000c00224b2                SoundChannel::buffer8(unsigned char*, int)
 .text          0x00000000c0022552      0x3d5 hal/sound/sndhw.32
                0x00000000c0022552                SoundDevice::SoundDevice(char const*)
                0x00000000c0022552                SoundDevice::SoundDevice(char const*)
                0x00000000c00225be                SoundDevice::~SoundDevice()
                0x00000000c00225be                SoundDevice::~SoundDevice()
                0x00000000c0022638                SoundDevice::~SoundDevice()
                0x00000000c0022662                SoundDevice::getFreeChannelNum()
                0x00000000c002267c                SoundDevice::addChannel(SoundChannel*)
                0x00000000c00226ec                SoundDevice::removeChannel(int)
                0x00000000c002271e                SoundDevice::floatTo8(float*, unsigned char*, int)
                0x00000000c0022806                SoundDevice::getAudio(int, float*, float*)
 .text          0x00000000c0022927        0x0 hw/bus/isa.32
 *fill*         0x00000000c0022927        0x1 
 .text          0x00000000c0022928      0x6c3 hw/bus/pci.32
                0x00000000c0022928                PCI::open(int, int, void*)
                0x00000000c002293c                PCI::close(int, int, void*)
                0x00000000c0022940                PCI::PCI()
                0x00000000c0022940                PCI::PCI()
                0x00000000c00229c0                PCI::pciReadWord(unsigned char, unsigned char, unsigned char, unsigned char)
                0x00000000c0022a08                PCI::getVendorID(unsigned char, unsigned char, unsigned char)
                0x00000000c0022a2a                PCI::getHeaderType(unsigned char, unsigned char, unsigned char)
                0x00000000c0022a4e                PCI::getClassCode(unsigned char, unsigned char, unsigned char)
                0x00000000c0022a92                PCI::getProgIF(unsigned char, unsigned char, unsigned char)
                0x00000000c0022ab6                PCI::getRevisionID(unsigned char, unsigned char, unsigned char)
                0x00000000c0022ad8                PCI::getInterruptNumber(unsigned char, unsigned char, unsigned char)
                0x00000000c0022afa                PCI::getSecondaryBus(unsigned char, unsigned char, unsigned char)
                0x00000000c0022b1e                PCI::getBARAddress(unsigned char, unsigned char, unsigned char, unsigned char)
                0x00000000c0022b7e                PCI::pciWriteWord(unsigned char, unsigned char, unsigned char, unsigned char, unsigned short)
                0x00000000c0022bea                PCI::checkBus(unsigned char)
                0x00000000c0022c0e                PCI::foundDevice(PCIDeviceInfo)
                0x00000000c0022d80                PCI::getDeviceData(unsigned char, unsigned char, unsigned char)
                0x00000000c0022f2c                PCI::checkDevice(unsigned char, unsigned char)
                0x00000000c0022f98                PCI::detect()
 *fill*         0x00000000c0022feb        0x1 
 .text          0x00000000c0022fec      0xc70 hw/diskctrl/ide.32
                0x00000000c0022fec                IDE::close(int, int, void*)
                0x00000000c0022ff0                IDE::IDE()
                0x00000000c0022ff0                IDE::IDE()
                0x00000000c0023024                IDE::prepareInterrupt(unsigned char)
                0x00000000c0023036                selectDrive(unsigned char, unsigned char)
                0x00000000c0023038                IDE::getBase(unsigned char)
                0x00000000c002304a                IDE::write(unsigned char, unsigned char, unsigned char)
                0x00000000c002310a                IDE::read(unsigned char, unsigned char)
                0x00000000c00231b8                IDE::waitInterrupt(unsigned char)
                0x00000000c002321e                ideChannel0IRQHandler(regs*, void*)
                0x00000000c002323a                ideChannel1IRQHandler(regs*, void*)
                0x00000000c0023256                IDE::enableIRQs(unsigned char, bool)
                0x00000000c002329c                IDE::open(int, int, void*)
                0x00000000c00236ac                IDE::readBuffer(unsigned char, unsigned char, unsigned int, unsigned int)
                0x00000000c0023778                IDE::detect()
                0x00000000c0023a60                IDE::printError(unsigned char, unsigned char, unsigned char)
                0x00000000c0023bf6                IDE::polling(unsigned char, unsigned int)
 .text          0x00000000c0023c5c      0x390 hw/diskctrl/satabus.32
                0x00000000c0023c5c                SATABus::close(int, int, void*)
                0x00000000c0023c60                SATABus::detect()
                0x00000000c0023c62                SATABus::SATABus()
                0x00000000c0023c62                SATABus::SATABus()
                0x00000000c0023d0e                SATABus::findCmdslot(SATABus::tagHBA_PORT volatile*)
                0x00000000c0023d56                SATABus::checkType(SATABus::tagHBA_PORT volatile*)
                0x00000000c0023d9e                SATABus::startCmd(SATABus::tagHBA_PORT volatile*)
                0x00000000c0023dbe                SATABus::stopCmd(SATABus::tagHBA_PORT volatile*)
                0x00000000c0023de8                SATABus::portRebase(SATABus::tagHBA_PORT volatile*, int)
                0x00000000c0023eee                SATABus::probePort(SATABus::tagHBA_MEM volatile*)
                0x00000000c0023fcc                SATABus::open(int, int, void*)
 .text          0x00000000c0023fec      0x63c hw/diskphys/ata.32
                0x00000000c0023fec                ATA::close(int, int, void*)
                0x00000000c0024010                ATA::powerSaving(PowerSavingLevel)
                0x00000000c0024012                ATA::ATA()
                0x00000000c0024012                ATA::ATA()
                0x00000000c0024040                ATA::flush(bool)
                0x00000000c002408a                ATA::readyForCommand()
                0x00000000c00240da                ATA::access(unsigned long long, int, void*, bool)
                0x00000000c0024462                ATA::read(unsigned long long, int, void*)
                0x00000000c00244ca                ATA::write(unsigned long long, int, void*)
                0x00000000c0024532                ATA::detectCHS()
                0x00000000c002455c                ATA::open(int, int, void*)
 .text          0x00000000c0024628      0x5bd hw/diskphys/atapi.32
                0x00000000c0024628                ATAPI::write(unsigned long long, int, void*)
                0x00000000c002462e                ATAPI::close(int, int, void*)
                0x00000000c0024652                ATAPI::ATAPI()
                0x00000000c0024652                ATAPI::ATAPI()
                0x00000000c0024680                ATAPI::readyForCommand()
                0x00000000c00246d0                ATAPI::sendPacket(unsigned char*, int, bool, unsigned short*, int)
                0x00000000c0024990                ATAPI::diskRemoved()
                0x00000000c00249ac                ATAPI::eject()
                0x00000000c00249f4                ATAPI::diskInserted()
                0x00000000c0024a22                ATAPI::detectMedia()
                0x00000000c0024ade                ATAPI::open(int, int, void*)
                0x00000000c0024b66                ATAPI::read(unsigned long long, int, void*)
 *fill*         0x00000000c0024be5        0x1 
 .text          0x00000000c0024be6      0x455 hw/diskphys/sata.32
                0x00000000c0024be6                SATA::close(int, int, void*)
                0x00000000c0024c0a                SATA::powerSaving(PowerSavingLevel)
                0x00000000c0024c0c                SATA::open(int, int, void*)
                0x00000000c0024cba                SATA::SATA()
                0x00000000c0024cba                SATA::SATA()
                0x00000000c0024ce8                SATA::access(unsigned long long, int, void*, bool)
                0x00000000c0024f4e                SATA::read(unsigned long long, int, void*)
                0x00000000c0024fb6                SATA::write(unsigned long long, int, void*)
 *fill*         0x00000000c002503b        0x1 
 .text          0x00000000c002503c      0x500 hw/diskphys/satapi.32
                0x00000000c002503c                SATAPI::write(unsigned long long, int, void*)
                0x00000000c0025042                SATAPI::close(int, int, void*)
                0x00000000c0025066                SATAPI::SATAPI()
                0x00000000c0025066                SATAPI::SATAPI()
                0x00000000c0025094                SATAPI::diskRemoved()
                0x00000000c00250b0                SATAPI::diskInserted()
                0x00000000c00250de                SATAPI::sendPacket(unsigned char*, int, unsigned long long, unsigned short*, int)
                0x00000000c00252e2                SATAPI::eject()
                0x00000000c002532a                SATAPI::detectMedia()
                0x00000000c00253ec                SATAPI::open(int, int, void*)
                0x00000000c002549a                SATAPI::read(unsigned long long, int, void*)
 .text          0x00000000c002553c       0x8e hw/fpu/avx.32
                0x00000000c002553c                AVX::open(int, int, void*)
                0x00000000c002554e                AVX::close(int, int, void*)
                0x00000000c0025560                AVX::available()
                0x00000000c0025572                AVX::save(void*)
                0x00000000c002558a                AVX::load(void*)
                0x00000000c00255a2                AVX::AVX()
                0x00000000c00255a2                AVX::AVX()
 .text          0x00000000c00255ca       0x90 hw/fpu/mmx.32
                0x00000000c00255ca                MMX::available()
                0x00000000c00255de                MMX::open(int, int, void*)
                0x00000000c00255f0                MMX::close(int, int, void*)
                0x00000000c0025602                MMX::save(void*)
                0x00000000c002561a                MMX::load(void*)
                0x00000000c0025632                MMX::MMX()
                0x00000000c0025632                MMX::MMX()
 .text          0x00000000c002565a       0x96 hw/fpu/sse.32
                0x00000000c002565a                SSE::open(int, int, void*)
                0x00000000c002566c                SSE::close(int, int, void*)
                0x00000000c002567e                SSE::available()
                0x00000000c0025698                SSE::save(void*)
                0x00000000c00256b0                SSE::load(void*)
                0x00000000c00256c8                SSE::SSE()
                0x00000000c00256c8                SSE::SSE()
 .text          0x00000000c00256f0       0x8e hw/fpu/x87.32
                0x00000000c00256f0                x87::open(int, int, void*)
                0x00000000c0025702                x87::close(int, int, void*)
                0x00000000c0025714                x87::available()
                0x00000000c0025726                x87::save(void*)
                0x00000000c002573e                x87::load(void*)
                0x00000000c0025756                x87::x87()
                0x00000000c0025756                x87::x87()
 .text          0x00000000c002577e      0x71e hw/intctrl/apic.32
                0x00000000c002577e                APIC::disable()
                0x00000000c0025780                APIC::close(int, int, void*)
                0x00000000c00257a2                IOAPIC::close(int, int, void*)
                0x00000000c00257a8                APIC::io_wait()
                0x00000000c00257ae                APIC::getBase()
                0x00000000c00257f0                APIC::eoi(unsigned char)
                0x00000000c002581e                APIC::open(int, int, void*)
                0x00000000c002596c                IOAPIC::IOAPIC()
                0x00000000c002596c                IOAPIC::IOAPIC()
                0x00000000c0025994                APIC::APIC()
                0x00000000c0025994                APIC::APIC()
                0x00000000c0025a70                IOAPIC::handlesGSIWithNumber(unsigned int)
                0x00000000c0025aa2                IOAPIC::read(int)
                0x00000000c0025aca                IOAPIC::open(int, int, void*)
                0x00000000c0025bc0                IOAPIC::write(int, int)
                0x00000000c0025bec                IOAPIC::redirect(unsigned char, unsigned long long, unsigned char, bool, bool)
                0x00000000c0025ce6                APIC::installIRQHandler(int, void (*)(regs*, void*), bool, void*)
 .text          0x00000000c0025e9c      0x3d3 hw/intctrl/pic.32
                0x00000000c0025e9c                PIC::disable()
                0x00000000c0025eca                PIC::close(int, int, void*)
                0x00000000c0025eec                PIC::PIC()
                0x00000000c0025eec                PIC::PIC()
                0x00000000c0025fc2                PIC::ioWait()
                0x00000000c0025fc8                PIC::getIRQReg(int)
                0x00000000c0026032                PIC::eoi(unsigned char)
                0x00000000c00260c4                PIC::remap()
                0x00000000c0026230                PIC::open(int, int, void*)
 *fill*         0x00000000c002626f        0x1 
 .text          0x00000000c0026270      0x25e hw/timer/apictimer.32
                0x00000000c0026270                APICTimer::close(int, int, void*)
                0x00000000c0026276                apicTimerHandler(regs*, void*)
                0x00000000c00262a4                APICTimer::write(int)
                0x00000000c00263a8                APICTimer::open(int, int, void*)
                0x00000000c00264a6                APICTimer::APICTimer()
                0x00000000c00264a6                APICTimer::APICTimer()
 .text          0x00000000c00264ce      0x1a7 hw/timer/pit.32
                0x00000000c00264ce                PIT::write(int)
                0x00000000c002654c                pitHandler(regs*, void*)
                0x00000000c0026578                PIT::open(int, int, void*)
                0x00000000c00265c6                PIT::close(int, int, void*)
                0x00000000c00265f6                PIT::PIT()
                0x00000000c00265f6                PIT::PIT()
 *fill*         0x00000000c0026675        0xb 
 .text          0x00000000c0026680       0x1e hw/fpu/x86/avx.32
                0x00000000c0026680                avxDetect
                0x00000000c0026686                avxSave
                0x00000000c0026687                avxLoad
                0x00000000c0026688                avxInit
                0x00000000c0026689                avxClose
                0x00000000c002668a                wouldSheSayYes
 *fill*         0x00000000c002669e        0x2 
 .text          0x00000000c00266a0       0x35 hw/fpu/x86/sse.32
                0x00000000c00266a0                absolutelyNoChanceInHell
                0x00000000c00266a0                sseDetect
                0x00000000c00266b8                sseSave
                0x00000000c00266be                sseLoad
                0x00000000c00266c4                sseInit
                0x00000000c00266d4                sseClose
 *fill*         0x00000000c00266d5        0xb 
 .text          0x00000000c00266e0       0x47 hw/fpu/x86/x87.32
                0x00000000c00266e6                x87Detect
                0x00000000c0026701                x87Save
                0x00000000c0026707                x87Load
                0x00000000c002670c                x87Init
                0x00000000c0026726                x87Close
 *fill*         0x00000000c0026727        0x1 
 .text          0x00000000c0026728       0x25 /cygdrive/d/Users/Alex/Desktop/Toolchain/Output/bin/../lib/gcc/i386-banana/8.1.0/crtend.o
 .text          0x00000000c002674d        0x0 crtn.32
 *fill*         0x00000000c002674d        0x3 
 .text          0x00000000c0026750      0x14b /cygdrive/d/Users/Alex/Desktop/Toolchain/Output/bin/../lib/gcc/i386-banana/8.1.0/libkgcc.a(_divdi3.o)
                0x00000000c0026750                __divdi3
 *fill*         0x00000000c002689b        0x1 
 .text          0x00000000c002689c      0x17e /cygdrive/d/Users/Alex/Desktop/Toolchain/Output/bin/../lib/gcc/i386-banana/8.1.0/libkgcc.a(_moddi3.o)
                0x00000000c002689c                __moddi3
 *fill*         0x00000000c0026a1a        0x2 
 .text          0x00000000c0026a1c       0xff /cygdrive/d/Users/Alex/Desktop/Toolchain/Output/bin/../lib/gcc/i386-banana/8.1.0/libkgcc.a(_udivdi3.o)
                0x00000000c0026a1c                __udivdi3
 *fill*         0x00000000c0026b1b        0x1 
 .text          0x00000000c0026b1c      0x11a /cygdrive/d/Users/Alex/Desktop/Toolchain/Output/bin/../lib/gcc/i386-banana/8.1.0/libkgcc.a(_umoddi3.o)
                0x00000000c0026b1c                __umoddi3
 .text          0x00000000c0026c36      0x96d D:/Users/Alex/Desktop/Banana/kernel/libsoftfp.a(sfieeelib.o)
                0x00000000c0026c36                __addsf3
                0x00000000c0026f38                __subsf3
                0x00000000c0026f4c                __negsf2
                0x00000000c0026f59                __mulsf3
                0x00000000c002711c                __divsf3
                0x00000000c0027347                __floatsisf
                0x00000000c00273bb                __floatunsisf
                0x00000000c00273fd                __fixsfsi
                0x00000000c002745f                __fixunssfsi
                0x00000000c0027490                __cmpsf2
                0x00000000c0027525                __eqsf2