Archive member included to satisfy reference by file (symbol)

/cygdrive/d/Users/Alex/Desktop/Toolchain/Output/bin/../lib/gcc/i386-banana/8.1.0/libkgcc.a(_divdi3.o)
                              fs/fat/ff.32 (__divdi3)
/cygdrive/d/Users/Alex/Desktop/Toolchain/Output/bin/../lib/gcc/i386-banana/8.1.0/libkgcc.a(_moddi3.o)
                              thr/elf.32 (__moddi3)
/cygdrive/d/Users/Alex/Desktop/Toolchain/Output/bin/../lib/gcc/i386-banana/8.1.0/libkgcc.a(_udivdi3.o)
                              fs/fat/ff.32 (__udivdi3)
/cygdrive/d/Users/Alex/Desktop/Toolchain/Output/bin/../lib/gcc/i386-banana/8.1.0/libkgcc.a(_umoddi3.o)
                              core/pipe.32 (__umoddi3)
D:/Users/Alex/Desktop/Banana/kernel/libsoftfp.a(sfieeelib.o)
                              hal/sound/sndhw.32 (__addsf3)
D:/Users/Alex/Desktop/Banana/kernel/libsoftfp.a(dfieeelib.o)
                              hal/libresample/src_linear.32 (__adddf3)
D:/Users/Alex/Desktop/Banana/kernel/libsoftfp.a(sfdfcvt.o)
                              hal/libresample/samplerate.32 (__truncdfsf2)
D:/Users/Alex/Desktop/Banana/kernel/libk/libm32.a(s_fabs.c.o)
                              hal/libresample/samplerate.32 (fabs)
D:/Users/Alex/Desktop/Banana/kernel/libk/libm32.a(s_lrint.S.o)
                              hal/libresample/samplerate.32 (lrint)
D:/Users/Alex/Desktop/Banana/kernel/libk/libm32.a(s_lrintf.S.o)
                              hal/sound/sndhw.32 (lrintf)

Discarded input sections

 .comment       0x0000000000000000       0x12 /cygdrive/d/Users/Alex/Desktop/Toolchain/Output/bin/../lib/gcc/i386-banana/8.1.0/crtbegin.o
 .comment       0x0000000000000000       0x12 acpica/utclib.32
 .comment       0x0000000000000000       0x12 core/malloc.32
 .comment       0x0000000000000000       0x12 libk/string.32
 .comment       0x0000000000000000       0x12 fs/fat/diskio.32
 .comment       0x0000000000000000       0x12 fs/fat/ff.32
 .comment       0x0000000000000000       0x12 fs/fat/ffsystem.32
 .comment       0x0000000000000000       0x12 fs/fat/ffunicode.32
 .comment       0x0000000000000000       0x12 hal/libresample/samplerate.32
 .comment       0x0000000000000000       0x12 hal/libresample/src_linear.32
 .comment       0x0000000000000000       0x12 hal/libresample/src_sinc.32
 .comment       0x0000000000000000       0x12 hal/libresample/src_zoh.32
 .group         0x0000000000000000       0x14 core/computer.32
 .group         0x0000000000000000        0xc core/computer.32
 .comment       0x0000000000000000       0x12 core/computer.32
 .comment       0x0000000000000000       0x12 core/gdt.32
 .group         0x0000000000000000        0xc core/idle.32
 .comment       0x0000000000000000       0x12 core/idle.32
 .comment       0x0000000000000000       0x12 core/idt.32
 .group         0x0000000000000000        0x8 core/kheap.32
 .group         0x0000000000000000        0x8 core/kheap.32
 .comment       0x0000000000000000       0x12 core/kheap.32
 .comment       0x0000000000000000       0x12 core/main.32
 .comment       0x0000000000000000       0x12 core/physmgr.32
 .group         0x0000000000000000        0xc core/pipe.32
 .comment       0x0000000000000000       0x12 core/pipe.32
 .group         0x0000000000000000        0xc core/terminal.32
 .comment       0x0000000000000000       0x12 core/terminal.32
 .group         0x0000000000000000        0x8 core/tss.32
 .text._ZN3CPU7readCR3Ev
                0x0000000000000000       0x12 core/tss.32
 .comment       0x0000000000000000       0x12 core/tss.32
 .group         0x0000000000000000        0x8 core/unixfile.32
 .group         0x0000000000000000        0xc core/unixfile.32
 .group         0x0000000000000000        0xc core/unixfile.32
 .group         0x0000000000000000        0x8 core/unixfile.32
 .group         0x0000000000000000        0xc core/unixfile.32
 .group         0x0000000000000000        0x8 core/unixfile.32
 .group         0x0000000000000000        0xc core/unixfile.32
 .group         0x0000000000000000        0xc core/unixfile.32
 .comment       0x0000000000000000       0x12 core/unixfile.32
 .group         0x0000000000000000        0x8 core/virtmgr.32
 .group         0x0000000000000000        0x8 core/virtmgr.32
 .text._ZN3CPU7readCR3Ev
                0x0000000000000000       0x12 core/virtmgr.32
 .text._ZN3CPU8writeCR3Em
                0x0000000000000000        0x9 core/virtmgr.32
 .comment       0x0000000000000000       0x12 core/virtmgr.32
 .comment       0x0000000000000000       0x12 coreobjs/c++.32
 .comment       0x0000000000000000       0x12 dbg/kconsole.32
 .group         0x0000000000000000        0xc fs/vfs.32
 .group         0x0000000000000000        0xc fs/vfs.32
 .group         0x0000000000000000        0xc fs/vfs.32
 .comment       0x0000000000000000       0x12 fs/vfs.32
 .group         0x0000000000000000        0xc hal/bus.32
 .comment       0x0000000000000000       0x12 hal/bus.32
 .group         0x0000000000000000        0xc hal/buzzer.32
[...]
Memory Configuration

Name             Origin             Length             Attributes
*default*        0x0000000000000000 0xffffffffffffffff

Linker script and memory map

LOAD D:/Users/Alex/Desktop/Banana/kernel/boot.32
LOAD crti.32
LOAD /cygdrive/d/Users/Alex/Desktop/Toolchain/Output/bin/../lib/gcc/i386-banana/8.1.0/crtbegin.o
LOAD D:/Users/Alex/Desktop/Banana/kernel/morenasm.32
LOAD acpica/utclib.32
LOAD core/malloc.32
LOAD libk/string.32
LOAD fs/fat/diskio.32
LOAD fs/fat/ff.32
LOAD fs/fat/ffsystem.32
LOAD fs/fat/ffunicode.32
LOAD hal/libresample/samplerate.32
LOAD hal/libresample/src_linear.32
LOAD hal/libresample/src_sinc.32
LOAD hal/libresample/src_zoh.32
LOAD core/computer.32
LOAD core/gdt.32
LOAD core/idle.32
LOAD core/idt.32
LOAD core/kheap.32
LOAD core/main.32
LOAD core/physmgr.32
LOAD core/pipe.32
LOAD core/terminal.32
LOAD core/tss.32
LOAD core/unixfile.32
LOAD core/virtmgr.32
LOAD coreobjs/c++.32
LOAD dbg/kconsole.32
LOAD fs/vfs.32
LOAD hal/bus.32
LOAD hal/buzzer.32
LOAD hal/clock.32
LOAD hal/device.32
LOAD hal/diskctrl.32
LOAD hal/diskphys.32
LOAD hal/fpu.32
LOAD hal/intctrl.32
LOAD hal/keybrd.32
LOAD hal/logidisk.32
LOAD hal/mouse.32
LOAD hal/partition.32
LOAD hal/timer.32
LOAD hal/vcache.32
LOAD hal/video.32
LOAD hw/acpi.32
LOAD hw/cpu.32
LOAD hw/ports.32
LOAD krnl/panic.32
LOAD reg/registry.32
LOAD sys/sc_exit.32
LOAD sys/sc_loaddll.32
LOAD sys/sc_read.32
LOAD sys/sc_sbrk.32
LOAD sys/sc_write.32
LOAD sys/sc_yield.32
LOAD sys/syscalls.32
LOAD thr/elf.32
LOAD thr/prcssthr.32
LOAD vm86/vm8086.32
LOAD fs/fat/vfslink.32
LOAD fs/iso9660/vfslink.32
LOAD hal/sound/sndchannel.32
LOAD hal/sound/sndhw.32
LOAD hw/bus/isa.32
LOAD hw/bus/pci.32
LOAD hw/diskctrl/ide.32
LOAD hw/diskphys/ata.32
LOAD hw/diskphys/atapi.32
LOAD hw/fpu/avx.32
LOAD hw/fpu/mmx.32
LOAD hw/fpu/sse.32
LOAD hw/fpu/x87.32
LOAD hw/intctrl/apic.32
LOAD hw/intctrl/pic.32
LOAD hw/timer/apictimer.32
LOAD hw/timer/pit.32
LOAD hw/fpu/x86/avx.32
LOAD hw/fpu/x86/sse.32
LOAD hw/fpu/x86/x87.32
LOAD /cygdrive/d/Users/Alex/Desktop/Toolchain/Output/bin/../lib/gcc/i386-banana/8.1.0/crtend.o
LOAD crtn.32
LOAD /cygdrive/d/Users/Alex/Desktop/Toolchain/Output/bin/../lib/gcc/i386-banana/8.1.0/libkgcc.a
LOAD D:/Users/Alex/Desktop/Banana/kernel/libsoftfp.a
LOAD D:/Users/Alex/Desktop/Banana/kernel/libk/libm32.a
                0x00000000c0000000                . = 0xc0000000

.text           0x00000000c0000000    0x25148
 *(.text)
 .text          0x00000000c0000000       0x41 D:/Users/Alex/Desktop/Banana/kernel/boot.32
                0x00000000c0000020                callGlobalConstructors
 .text          0x00000000c0000041        0x0 crti.32
 *fill*         0x00000000c0000041        0x3 
 .text          0x00000000c0000044      0x101 /cygdrive/d/Users/Alex/Desktop/Toolchain/Output/bin/../lib/gcc/i386-banana/8.1.0/crtbegin.o
 *fill*         0x00000000c0000145        0xb 
 .text          0x00000000c0000150      0x4fd D:/Users/Alex/Desktop/Banana/kernel/morenasm.32
                0x00000000c0000150                prepareTramp
                0x00000000c0000169                voodooXADD
                0x00000000c000022e                doTPAUSE
                0x00000000c0000238                hasLegacyFPU
                0x00000000c000025d                is486
                0x00000000c0000293                goToVM86
                0x00000000c00002c4                goToUsermode
                0x00000000c00002ef                switchToThreadASMFirstTime
                0x00000000c00002fd                switchToThreadASM
                0x00000000c000039d                detectCPUID
                0x00000000c00003b3                asmQuickAcquireLock
                0x00000000c00003d1                asmQuickReleaseLock
                0x00000000c00003dd                asmAcquireLock
                0x00000000c00003fe                asmReleaseLock
                0x00000000c0000411                loadGDT
                0x00000000c0000431                isr0
                0x00000000c0000441                isr1
                0x00000000c000044b                isr2
                0x00000000c0000455                isr3
                0x00000000c000045f                isr4
                0x00000000c0000469                isr5
                0x00000000c0000473                isr6
                0x00000000c000047d                isr7
                0x00000000c0000487                isr8
                0x00000000c000048f                isr9
                0x00000000c0000499                isr10
                0x00000000c00004a1                isr11
                0x00000000c00004a9                isr12
                0x00000000c00004b1                isr13
                0x00000000c00004b9                isr14
                0x00000000c00004c1                isr15
                0x00000000c00004cb                isr16
                0x00000000c00004d5                isr17
                0x00000000c00004df                isr18
                0x00000000c00004e9                isr96
                0x00000000c00004f3                irq0
                0x00000000c00004fd                irq1
                0x00000000c0000507                irq2
                0x00000000c0000511                irq3
                0x00000000c000051b                irq4
                0x00000000c0000525                irq5
                0x00000000c000052f                irq6
                0x00000000c0000539                irq7
                0x00000000c0000543                irq8
                0x00000000c000054d                irq9
                0x00000000c0000557                irq10
                0x00000000c0000561                irq11
                0x00000000c000056b                irq12
                0x00000000c0000575                irq13
                0x00000000c000057f                irq14
                0x00000000c0000589                irq15
                0x00000000c0000593                irq16
                0x00000000c000059d                irq17
                0x00000000c00005a7                irq18
                0x00000000c00005b1                irq19
                0x00000000c00005bb                irq20
                0x00000000c00005c5                irq21
                0x00000000c00005cf                irq22
                0x00000000c00005d9                irq23
                0x00000000c00005e3                int_common_stub
                0x00000000c0000613                syscall_common_stub
 .text          0x00000000c000064d      0x40f acpica/utclib.32
                0x00000000c000064d                memcmp
                0x00000000c0000678                memmove
                0x00000000c00006b0                memcpy
                0x00000000c00006e6                memset
                0x00000000c0000703                strlen
                0x00000000c0000713                strpbrk
                0x00000000c0000736                strtok
                0x00000000c0000785                strcpy
                0x00000000c00007a5                strncpy
                0x00000000c00007d6                strcmp
                0x00000000c00007f7                strchr
                0x00000000c000080d                strncmp
                0x00000000c000083c                strcat
                0x00000000c0000863                strncat
                0x00000000c000089d                strstr
                0x00000000c00008da                toupper
                0x00000000c00008ee                tolower
                0x00000000c0000902                simple_strtoul
 .text          0x00000000c0000a5c      0xfbf core/malloc.32
                0x00000000c0000bc7                dlfree
                0x00000000c0000f22                dlmalloc
                0x00000000c000145f                dlrealloc
                0x00000000c0001614                dlmemalign
                0x00000000c0001737                dlcalloc
                0x00000000c00017d1                dlcfree
                0x00000000c00017d6                dlindependent_calloc
                0x00000000c00017fb                dlindependent_comalloc
                0x00000000c0001812                dlvalloc
                0x00000000c000183d                dlpvalloc
                0x00000000c0001873                dlmalloc_trim
                0x00000000c0001880                dlmalloc_usable_size
                0x00000000c00018b1                dlmallinfo
                0x00000000c0001980                dlmalloc_stats
                0x00000000c0001991                dlmallopt
 .text          0x00000000c0001a1b        0x0 libk/string.32
 .text          0x00000000c0001a1b       0x51 fs/fat/diskio.32
                0x00000000c0001a1b                disk_status
                0x00000000c0001a1e                disk_initialize
                0x00000000c0001a21                disk_read
                0x00000000c0001a37                disk_write
                0x00000000c0001a4d                disk_ioctl
 .text          0x00000000c0001a6c     0x6833 fs/fat/ff.32
                0x00000000c0004d3a                f_mount
                0x00000000c0004d9c                f_open
                0x00000000c00051d8                f_read
                0x00000000c0005458                f_write
                0x00000000c0005712                f_sync
                0x00000000c00058ee                f_close
                0x00000000c000591d                f_lseek
                0x00000000c0005dd4                f_opendir
                0x00000000c0005ed6                f_closedir
                0x00000000c0005ef8                f_readdir
                0x00000000c0005f93                f_stat
                0x00000000c0006022                f_getfree
                0x00000000c00061ed                f_truncate
                0x00000000c00062e5                f_unlink
                0x00000000c0006468                f_mkdir
                0x00000000c0006694                f_rename
                0x00000000c0006987                f_chmod
                0x00000000c0006a65                f_utime
                0x00000000c0006b43                f_getlabel
                0x00000000c0006d31                f_setlabel
                0x00000000c0006f9e                f_forward
                0x00000000c000717c                f_mkfs
 .text          0x00000000c000829f       0x2d fs/fat/ffsystem.32
                0x00000000c000829f                ff_memalloc
                0x00000000c00082b5                ff_memfree
 .text          0x00000000c00082cc      0x253 fs/fat/ffunicode.32
                0x00000000c00082cc                ff_uni2oem
                0x00000000c000835c                ff_oem2uni
                0x00000000c00083c8                ff_wtoupper
 .text          0x00000000c000851f      0x8a1 hal/libresample/samplerate.32
                0x00000000c00085c6                src_delete
                0x00000000c0008602                src_process
                0x00000000c0008776                src_callback_read
                0x00000000c00088d1                src_set_ratio
                0x00000000c000891a                src_get_channels
                0x00000000c000893c                src_reset
                0x00000000c0008988                src_new
                0x00000000c0008a16                src_callback_new
                0x00000000c0008a78                src_get_name
                0x00000000c0008aaf                src_get_description
                0x00000000c0008ae6                src_get_version
                0x00000000c0008aec                src_is_valid_ratio
                0x00000000c0008b08                src_error
                0x00000000c0008b16                src_strerror
                0x00000000c0008b29                src_simple
                0x00000000c0008b7c                src_short_to_float_array
                0x00000000c0008be1                src_float_to_short_array
                0x00000000c0008ca0                src_int_to_float_array
                0x00000000c0008d03                src_float_to_int_array
 .text          0x00000000c0008dc0      0x8f0 hal/libresample/src_linear.32
                0x00000000c000960b                linear_get_name
                0x00000000c000961a                linear_get_description
                0x00000000c0009629                linear_set_converter
 .text          0x00000000c00096b0     0x40fd hal/libresample/src_sinc.32
                0x00000000c000d6c4                sinc_get_name
                0x00000000c000d6d7                sinc_get_description
                0x00000000c000d6ea                sinc_set_converter
 .text          0x00000000c000d7ad      0x7a6 hal/libresample/src_zoh.32
                0x00000000c000deae                zoh_get_name
                0x00000000c000debd                zoh_get_description
                0x00000000c000decc                zoh_set_converter
 *fill*         0x00000000c000df53        0x1 
 .text          0x00000000c000df54      0x9e1 core/computer.32
                0x00000000c000df54                Computer::close(int, int, void*)
                0x00000000c000df98                Computer::Computer()
                0x00000000c000df98                Computer::Computer()
                0x00000000c000e0f4                Computer::setBootMessage(char const*)
                0x00000000c000e0f6                Computer::start()
                0x00000000c000e1d2                firstTask()
                0x00000000c000e1e0                Computer::detectFeatures()
                0x00000000c000e3ba                Computer::displayFeatures()
                0x00000000c000e700                Computer::rdmsr(unsigned int)
                0x00000000c000e72c                Computer::wrmsr(unsigned int, unsigned long long)
                0x00000000c000e764                Computer::nmiEnabled()
                0x00000000c000e770                Computer::readCMOS(unsigned char)
                0x00000000c000e78a                Computer::enableNMI(bool)
                0x00000000c000e7a2                Computer::open(int, int, void*)
                0x00000000c000e878                Computer::disableNMI()
                0x00000000c000e886                Computer::writeCMOS(unsigned char, unsigned char)
                0x00000000c000e8a4                Computer::handleNMI()
                0x00000000c000e90a                Computer::setDiskActivityLight(int, bool)
 *fill*         0x00000000c000e935        0x1 
 .text          0x00000000c000e936      0x1b7 core/gdt.32
                0x00000000c000e936                GDTEntry::setBase(unsigned int)
                0x00000000c000e952                GDTEntry::setLimit(unsigned int)
                0x00000000c000e970                GDT::GDT()
                0x00000000c000e970                GDT::GDT()
                0x00000000c000e986                GDT::addEntry(GDTEntry)
                0x00000000c000e9c2                GDT::getNumberOfEntries()
                0x00000000c000e9ca                GDT::flush()
                0x00000000c000e9ec                GDT::setup()
 .text          0x00000000c000eaed       0x61 core/idle.32
                0x00000000c000eaed                idleFunction(void*)
 .text          0x00000000c000eb4e      0x45f core/idt.32
                0x00000000c000eb4e                IDTEntry::IDTEntry(bool)
                0x00000000c000eb4e                IDTEntry::IDTEntry(bool)
                0x00000000c000ebbc                IDTEntry::setOffset(unsigned int)
                0x00000000c000ebd0                IDT::IDT()
                0x00000000c000ebd0                IDT::IDT()
                0x00000000c000ebd2                IDT::getPointerToInvalidOpcodeEntryForF00F()
                0x00000000c000ebda                IDT::addEntry(IDTEntry, int)
                0x00000000c000ebf4                IDT::addEntry(int, void (*)(), bool)
                0x00000000c000ec2c                IDT::flush()
                0x00000000c000ec46                IDT::setup()
 .text          0x00000000c000efad      0x20d core/kheap.32
                0x00000000c000efad                sbrk
                0x00000000c000f0c5                mmap
                0x00000000c000f0db                munmap
                0x00000000c000f0f1                liballoc_lock()
                0x00000000c000f102                liballoc_unlock()
                0x00000000c000f113                liballoc_alloc(int)
                0x00000000c000f12e                liballoc_free(void*, int)
                0x00000000c000f14c                realloc
                0x00000000c000f160                malloc
                0x00000000c000f170                free
                0x00000000c000f180                rfree
                0x00000000c000f190                calloc
 .text          0x00000000c000f1ba      0x38d core/main.32
                0x00000000c000f1ba                hwTextMode_loadInData(VgaText*)
                0x00000000c000f1ff                hwTextMode_loadInTitle(VgaText*, char*)
                0x00000000c000f241                hwTextMode_showCursor(VgaText*, bool)
                0x00000000c000f295                hwTextMode_update(VgaText*)
                0x00000000c000f296                hwTextMode_updateCursor(VgaText*)
                0x00000000c000f2de                hwTextMode_disableBlink(VgaText*, bool)
                0x00000000c000f31a                hwTextMode_scrollScreen(VgaText*)
                0x00000000c000f3a0                hwTextMode_writeCharacter(VgaText*, char, VgaColour, VgaColour, int, int)
                0x00000000c000f3fe                setupTextMode()
                0x00000000c000f44f                kernel_main
 .text          0x00000000c000f547      0x4f3 core/physmgr.32
                0x00000000c000f547                Phys::allocateDMA(unsigned long)
                0x00000000c000f5ea                Phys::freeDMA(unsigned long, unsigned long)
                0x00000000c000f632                Phys::setPageState(unsigned long, bool)
                0x00000000c000f664                Phys::getPageState(unsigned long)
                0x00000000c000f680                Phys::freePage(unsigned long)
                0x00000000c000f70a                Phys::allocatePage()
                0x00000000c000f7d2                Phys::allowSegmentToBeUsed(unsigned long, unsigned long)
                0x00000000c000f80a                Phys::physicalMemorySetup(unsigned int)
 .text          0x00000000c000fa3a      0x273 core/pipe.32
                0x00000000c000fa3a                Pipe::isAtty()
                0x00000000c000fa3e                Pipe::~Pipe()
                0x00000000c000fa3e                Pipe::~Pipe()
                0x00000000c000fa62                Pipe::~Pipe()
                0x00000000c000fa8a                Pipe::read(unsigned long long, void*, int*)
                0x00000000c000fb7e                Pipe::write(unsigned long long, void*, int*)
                0x00000000c000fc46                Pipe::Pipe(int)
                0x00000000c000fc46                Pipe::Pipe(int)
 *fill*         0x00000000c000fcad        0x1 
 .text          0x00000000c000fcae      0xf65 core/terminal.32
                0x00000000c000fcae                VgaText::isAtty()
                0x00000000c000fcb2                VgaText::~VgaText()
                0x00000000c000fcb2                VgaText::~VgaText()
                0x00000000c000fcd6                VgaText::~VgaText()
                0x00000000c000fd00                VgaText::read(unsigned long long, void*, int*)
                0x00000000c000fd20                setTerminalScrollLock(bool)
                0x00000000c000fd21                addToTerminalCycle(VgaText*)
                0x00000000c000fd4e                installVgaTextImplementation()
                0x00000000c000fd63                scrollTerminalScrollLock(int)
                0x00000000c000fd64                VgaText::load()
                0x00000000c000fdb8                VgaText::updateCursor()
                0x00000000c000fdd2                VgaText::showCursor(bool)
                0x00000000c000fde2                VgaText::disableBlink(bool)
                0x00000000c000fe1c                VgaText::doANSI_SGR(int)
                0x00000000c000fea8                VgaText::setDefaultBgColour(VgaColour)
                0x00000000c000febe                VgaText::setDefaultFgColour(VgaColour)
                0x00000000c000fed4                VgaText::setDefaultColours(VgaColour, VgaColour)
                0x00000000c000fef4                VgaText::combineColours(unsigned char, unsigned char)
                0x00000000c000ff06                VgaText::scrollScreen()
                0x00000000c000ff9a                VgaText::combineCharAndColour(char, unsigned char)
                0x00000000c000ffac                VgaText::writeCharacter(char, VgaColour, VgaColour, int, int)
                0x00000000c001000c                VgaText::getCursorX()
                0x00000000c0010018                VgaText::getCursorY()
                0x00000000c0010024                VgaText::setCursor(int, int)
                0x00000000c0010042                VgaText::setCursorX(int)
                0x00000000c001005e                VgaText::setCursorY(int)
                0x00000000c001007a                VgaText::incrementCursor(bool)
                0x00000000c00100e2                VgaText::updateRAMUsageDisplay(int)
                0x00000000c001013c                VgaText::updateDiskUsage()
                0x00000000c00102a2                VgaText::updateTitle()
                0x00000000c00102e8                VgaText::setTitleTextColour(VgaColour)
                0x00000000c00102f8                VgaText::setTitleColour(VgaColour)
                0x00000000c0010308                VgaText::setTitle(char*)
                0x00000000c001032e                VgaText::decrementCursor(bool)
                0x00000000c0010356                VgaText::putchar(char, VgaColour, VgaColour)
                0x00000000c0010452                VgaText::isShowingCursor()
                0x00000000c001045e                VgaText::isBlinkDisabled()
                0x00000000c001046c                VgaText::setCursorHeight(int)
                0x00000000c001048a                VgaText::getCursorHeight()
                0x00000000c0010495                setActiveTerminal(VgaText*)
                0x00000000c0010547                doTerminalCycle()
                0x00000000c0010564                VgaText::doUpdate()
                0x00000000c0010576                VgaText::puts(char const*, VgaColour, VgaColour)
                0x00000000c0010736                VgaText::clearScreen()
                0x00000000c001079a                VgaText::putchar(char)
                0x00000000c00108b4                VgaText::puts(char const*)
                0x00000000c00108da                VgaText::putx(unsigned int)
                0x00000000c0010920                VgaText::VgaText(char const*)
                0x00000000c0010920                VgaText::VgaText(char const*)
                0x00000000c0010ab2                VgaText::receiveKey(unsigned char)
                0x00000000c0010b9a                VgaText::write(unsigned long long, void*, int*)
                0x00000000c0010bee                newTerminal(char*)
 *fill*         0x00000000c0010c13        0x1 
 .text          0x00000000c0010c14      0x18f core/tss.32
                0x00000000c0010c14                TSS::TSS()
                0x00000000c0010c14                TSS::TSS()
                0x00000000c0010c22                TSS::setESP(unsigned long)
                0x00000000c0010c34                TSS::flush()
                0x00000000c0010c54                TSS::setup(unsigned long, unsigned long)
 *fill*         0x00000000c0010da3        0x1 
 .text          0x00000000c0010da4      0x482 core/unixfile.32
                0x00000000c0010da4                ReservedFilename::read(unsigned long long, void*, int*)
                0x00000000c0010dfa                ReservedFilename::isAtty()
                0x00000000c0010e16                ReservedFilename::write(unsigned long long, void*, int*)
                0x00000000c0010e74                UnixFile::getFileDescriptor()
                0x00000000c0010e7c                UnixFile::UnixFile(int)
                0x00000000c0010e7c                UnixFile::UnixFile(int)
                0x00000000c0010fec                ReservedFilename::ReservedFilename(int)
                0x00000000c0010fec                ReservedFilename::ReservedFilename(int)
                0x00000000c001101e                UnixFile::~UnixFile()
                0x00000000c001101e                UnixFile::~UnixFile()
                0x00000000c00110b6                UnixFile::~UnixFile()
                0x00000000c00110de                ReservedFilename::~ReservedFilename()
                0x00000000c00110de                ReservedFilename::~ReservedFilename()
                0x00000000c0011102                ReservedFilename::~ReservedFilename()
                0x00000000c0011129                getFromFileDescriptor(int)
 .text          0x00000000c0011226      0xec7 core/virtmgr.32
                0x00000000c0011226                Virt::setPageState(unsigned long, Virt::VirtPageState)
                0x00000000c001125b                Virt::getPageState(unsigned long)
                0x00000000c001127f                Virt::allocateKernelVirtualPages(int)
                0x00000000c0011390                Virt::virtualMemorySetup()
                0x00000000c001140f                Virt::getAKernelVAS()
                0x00000000c0011415                Virt::setupPageSwapping(int)
                0x00000000c001153a                VAS::VAS()
                0x00000000c001153a                VAS::VAS()
                0x00000000c001156a                VAS::VAS(VAS*)
                0x00000000c001156a                VAS::VAS(VAS*)
                0x00000000c001158e                VAS::getForeignPageTableEntry(bool, unsigned long)
                0x00000000c00115ba                VAS::getPageTableEntry(unsigned long)
                0x00000000c00115d9                Virt::freeKernelVirtualPages(unsigned long)
                0x00000000c00116fc                VAS::freeAllocatedPages(unsigned long)
                0x00000000c0011720                VAS::virtualToPhysical(unsigned long)
                0x00000000c0011738                VAS::reflagRange(unsigned long, int, int, int)
                0x00000000c0011778                VAS::setToWriteCombining(unsigned long, int)
                0x00000000c00117b0                VAS::mapOtherVASIn(bool, VAS*)
                0x00000000c00117e6                VAS::~VAS()
                0x00000000c00117e6                VAS::~VAS()
                0x00000000c0011952                VAS::mapPage(unsigned long, unsigned long, int)
                0x00000000c0011a52                VAS::allocatePages(int, int)
                0x00000000c0011c22                VAS::setCPUSpecific(unsigned long)
                0x00000000c0011c3e                VAS::mapRange(unsigned long, unsigned long, int, int)
                0x00000000c0011d08                VAS::mapForeignPage(bool, VAS*, unsigned long, unsigned long, int)
                0x00000000c0011df6                VAS::VAS(bool)
                0x00000000c0011df6                VAS::VAS(bool)
                0x00000000c0012026                mapVASFirstTime
 .text          0x00000000c00120ed       0x93 coreobjs/c++.32
                0x00000000c00120ed                __cxa_atexit
                0x00000000c00120f0                __cxa_finalize
                0x00000000c00120f1                __stack_chk_fail
                0x00000000c0012151                __cxa_pure_virtual
                0x00000000c0012162                operator new(unsigned long)
                0x00000000c0012167                operator new[](unsigned long)
                0x00000000c001216c                operator delete(void*)
                0x00000000c0012171                operator delete(void*, unsigned long)
                0x00000000c0012176                operator delete[](void*)
                0x00000000c001217b                operator delete[](void*, unsigned long)
 .text          0x00000000c0012180      0x1ef dbg/kconsole.32
                0x00000000c0012180                Dbg::stringifyxWithBase(unsigned int, char*, int)
                0x00000000c00121e1                Dbg::logc(char)
                0x00000000c00121f8                Dbg::logs(char*)
                0x00000000c0012215                Dbg::logWriteInt(unsigned int)
                0x00000000c0012232                Dbg::logWriteIntBase(unsigned int, int)
                0x00000000c0012251                Dbg::kprintf(char const*, ...)
 *fill*         0x00000000c001236f        0x1 
 .text          0x00000000c0012370      0xb68 fs/vfs.32
                0x00000000c0012370                File::read(unsigned long long, void*, int*)
                0x00000000c00123c8                File::write(unsigned long long, void*, int*)
                0x00000000c0012420                Directory::read(unsigned long long, void*, int*)
                0x00000000c0012478                Directory::write(unsigned long long, void*, int*)
                0x00000000c00124a6                File::isAtty()
                0x00000000c00124aa                Directory::isAtty()
                0x00000000c00124ae                Filesystem::getlabel(LogicalDisk*, int, char*, unsigned int*)
                0x00000000c00124b4                Filesystem::setlabel(LogicalDisk*, int, char*)
                0x00000000c00124ba                File::~File()
                0x00000000c00124ba                File::~File()
                0x00000000c00124de                File::~File()
                0x00000000c0012508                Directory::~Directory()
                0x00000000c0012508                Directory::~Directory()
                0x00000000c001252c                Directory::~Directory()
                0x00000000c0012556                Filesystem::Filesystem()
                0x00000000c0012556                Filesystem::Filesystem()
                0x00000000c001257a                Filesystem::~Filesystem()
                0x00000000c001257a                Filesystem::~Filesystem()
                0x00000000c0012588                Filesystem::~Filesystem()
                0x00000000c00125ac                initVFS()
                0x00000000c00125d6                standardiseFiles(char*, char const*, char const*)
                0x00000000c0012780                File::File(char const*, Process*)
                0x00000000c0012780                File::File(char const*, Process*)
                0x00000000c00127e4                File::open(FileOpenMode)
                0x00000000c0012842                File::close()
                0x00000000c00128a2                File::seek(unsigned long long)
                0x00000000c00128f8                File::tell(unsigned long long*)
                0x00000000c0012948                File::rewind()
                0x00000000c001295c                File::unlink()
                0x00000000c00129a8                File::rename(char const*)
                0x00000000c00129f6                File::chfatattr(unsigned char, unsigned char)
                0x00000000c0012a52                File::exists()
                0x00000000c0012a90                File::stat(unsigned long long*, bool*)
                0x00000000c0012af1                getcwd(Process*, char*, int)
                0x00000000c0012b1b                setcwd(Process*, char*)
                0x00000000c0012c42                Directory::Directory(char const*, Process*)
                0x00000000c0012c42                Directory::Directory(char const*, Process*)
                0x00000000c0012ca6                Directory::open()
                0x00000000c0012d02                Directory::close()
                0x00000000c0012d62                Directory::unlink()
                0x00000000c0012dae                Directory::rename(char const*)
                0x00000000c0012dfc                Directory::exists()
                0x00000000c0012e3a                Directory::read(dirent*)
                0x00000000c0012e86                Directory::create()
                0x00000000c0012ed2                Filesystem::chfatattr(char const*, unsigned char, unsigned char)
 .text          0x00000000c0012ed8       0x84 hal/bus.32
                0x00000000c0012ed8                Bus::Bus(char const*)
                0x00000000c0012ed8                Bus::Bus(char const*)
                0x00000000c0012f0e                Bus::~Bus()
                0x00000000c0012f0e                Bus::~Bus()
                0x00000000c0012f32                Bus::~Bus()
 .text          0x00000000c0012f5c      0x14e hal/buzzer.32
                0x00000000c0012f5c                Buzzer::Buzzer(char const*)
                0x00000000c0012f5c                Buzzer::Buzzer(char const*)
                0x00000000c0012fa0                Buzzer::~Buzzer()
                0x00000000c0012fa0                Buzzer::~Buzzer()
                0x00000000c0012fc4                Buzzer::~Buzzer()
                0x00000000c0012fee                Buzzer::stop()
                0x00000000c0013001                beepThread(void*)
                0x00000000c001303c                Buzzer::beep(int, int, bool)
 .text          0x00000000c00130aa      0x42f hal/clock.32
                0x00000000c00130aa                loadClockSettings()
                0x00000000c00130c4                Clock::Clock(char const*)
                0x00000000c00130c4                Clock::Clock(char const*)
                0x00000000c00130fa                Clock::~Clock()
                0x00000000c00130fa                Clock::~Clock()
                0x00000000c001311e                Clock::~Clock()
                0x00000000c0013148                Clock::timeInSecondsLocal()
                0x00000000c0013190                Clock::setTimeInSecondsLocal(unsigned long long)
                0x00000000c00131e9                datetimeToSeconds(datetime_t)
                0x00000000c0013310                Clock::setTimeInDatetimeLocal(datetime_t)
                0x00000000c0013370                secondsToDatetime(unsigned long long)
                0x00000000c00134b4                Clock::timeInDatetimeLocal()
 *fill*         0x00000000c00134d9        0x1 
 .text          0x00000000c00134da      0x504 hal/device.32
                0x00000000c00134da                Device::hibernate()
                0x00000000c00134dc                Device::wake()
                0x00000000c00134de                Device::detect()
                0x00000000c00134e0                Device::disableLegacy()
                0x00000000c00134e2                Device::powerSaving(PowerSavingLevel)
                0x00000000c00134e4                DriverlessDevice::close(int, int, void*)
                0x00000000c00134e8                DriverlessDevice::detect()
                0x00000000c00134ea                DriverlessDevice::open(int, int, void*)
                0x00000000c00134fe                Device::~Device()
                0x00000000c00134fe                Device::~Device()
                0x00000000c001350c                Device::~Device()
                0x00000000c0013534                Device::findAndLoadDriver()
                0x00000000c0013536                Device::preOpenPCI(PCIDeviceInfo)
                0x00000000c001355c                Device::preOpenACPI(void*, char*, char*)
                0x00000000c00135b0                Device::addIRQHandler(int, void (*)(regs*, void*), bool, void*)
                0x00000000c001360e                Device::removeIRQHandler(int, void (*)(regs*, void*), bool)
                0x00000000c001365c                Device::addChild(Device*)
                0x00000000c00136a0                Device::removeAllChildren()
                0x00000000c00136e6                Device::hibernateAll()
                0x00000000c0013716                Device::wakeAll()
                0x00000000c0013746                Device::detectAll()
                0x00000000c0013776                Device::disableLegacyAll()
                0x00000000c00137a6                Device::loadDriversForAll()
                0x00000000c00137d2                Device::closeAll()
                0x00000000c0013808                Device::powerSavingAll(PowerSavingLevel)
                0x00000000c001383e                Device::setName(char const*)
                0x00000000c001384c                Device::Device(char const*)
                0x00000000c001384c                Device::Device(char const*)
                0x00000000c001393e                Device::getName()
                0x00000000c0013948                DriverlessDevice::DriverlessDevice(char const*)
                0x00000000c0013948                DriverlessDevice::DriverlessDevice(char const*)
                0x00000000c0013970                Device::addToLinkedList(LinkedList<Device>&, DeviceType)
                0x00000000c00139b4                getDevicesOfType(DeviceType)
 .text          0x00000000c00139de       0x84 hal/diskctrl.32
                0x00000000c00139de                HardDiskController::HardDiskController(char const*)
                0x00000000c00139de                HardDiskController::HardDiskController(char const*)
                0x00000000c0013a14                HardDiskController::~HardDiskController()
                0x00000000c0013a14                HardDiskController::~HardDiskController()
                0x00000000c0013a38                HardDiskController::~HardDiskController()
 .text          0x00000000c0013a62       0xde hal/diskphys.32
                0x00000000c0013a62                PhysicalDisk::PhysicalDisk(char const*, int)
                0x00000000c0013a62                PhysicalDisk::PhysicalDisk(char const*, int)
                0x00000000c0013aca                PhysicalDisk::startCache()
                0x00000000c0013af2                PhysicalDisk::~PhysicalDisk()
                0x00000000c0013af2                PhysicalDisk::~PhysicalDisk()
                0x00000000c0013b16                PhysicalDisk::~PhysicalDisk()
 .text          0x00000000c0013b40      0x142 hal/fpu.32
                0x00000000c0013b40                FPU::FPU(char const*)
                0x00000000c0013b40                FPU::FPU(char const*)
                0x00000000c0013b76                FPU::~FPU()
                0x00000000c0013b76                FPU::~FPU()
                0x00000000c0013b9a                FPU::~FPU()
                0x00000000c0013bc4                setupFPU()
 .text          0x00000000c0013c82     0x2303 hal/intctrl.32
                0x00000000c0013c82                InterruptController::uninstallISRHandler(int, void (*)(regs*, void*))
                0x00000000c0013cba                InterruptController::installISRHandler(int, void (*)(regs*, void*), void*)
                0x00000000c0013d0c                doubleFault(regs*, void*)
                0x00000000c0013d26                InterruptController::installIRQHandler(int, void (*)(regs*, void*), bool, void*)
                0x00000000c0013dc2                InterruptController::clearAllHandlers(int, bool)
                0x00000000c0013e6a                InterruptController::uninstallIRQHandler(int, void (*)(regs*, void*), bool)
                0x00000000c0013ef1                nmiHandler(regs*, void*)
                0x00000000c0013eff                int_handler
                0x00000000c0013f9a                InterruptController::InterruptController(char const*)
                0x00000000c0013f9a                InterruptController::InterruptController(char const*)
                0x00000000c0014040                InterruptController::~InterruptController()
                0x00000000c0014040                InterruptController::~InterruptController()
                0x00000000c0014064                InterruptController::~InterruptController()
                0x00000000c001408e                displayDebugInfo(regs*)
                0x00000000c00144a5                x87EmulHandler(regs*, void*)
                0x00000000c00144ed                gpFault(regs*, void*)
                0x00000000c0014526                pgFault(regs*, void*)
                0x00000000c001453d                otherISRHandler(regs*, void*)
                0x00000000c001455c                opcodeFault(regs*, void*)
                0x00000000c0014b15                displayProgramFault(char const*)
                0x00000000c0014b3d                fpuInternalTo32(unsigned long long)
                0x00000000c0014b92                fpuInternalTo64(unsigned long long)
                0x00000000c0014b9b                fpu32ToInternal(unsigned int)
                0x00000000c0014bac                fpu64ToInternal(unsigned long long)
                0x00000000c0014bb5                fpuFloatToLong(unsigned long long)
                0x00000000c0014c18                fpuULongToFloat(unsigned long long)
                0x00000000c0014c6b                fpuLongToFloat(long long)
                0x00000000c0014cfe                fpuGet0()
                0x00000000c0014d03                fpuGet1()
                0x00000000c0014d0b                fpuGetPi()
                0x00000000c0014d13                fpuGetLog2E()
                0x00000000c0014d1b                fpuGetLogE2()
                0x00000000c0014d23                fpuGetLog210()
                0x00000000c0014d2b                fpuGetLog102()
                0x00000000c0014d33                fpuIsSecondLarger(unsigned long long, unsigned long long)
                0x00000000c0014d47                fpuAreEqual(unsigned long long, unsigned long long)
                0x00000000c0014d5d                fpuUnorderedCompare(unsigned long long, unsigned long long)
                0x00000000c0014db2                fpuNormalise(unsigned long long)
                0x00000000c0014dbb                fpuAdd(unsigned long long, unsigned long long)
                0x00000000c0014dcc                fpuAbs(unsigned long long)
                0x00000000c0014dd5                fpuChs(unsigned long long)
                0x00000000c0014de5                fpuSub(unsigned long long, unsigned long long)
                0x00000000c0014df4                fpuMultiply(unsigned long long, unsigned long long)
                0x00000000c0014e13                fpuDivide(unsigned long long, unsigned long long)
                0x00000000c0014e2f                fpuSquare(unsigned long long)
                0x00000000c0014e45                fpuGetReg(int)
                0x00000000c0014e8e                fpuSetReg(int, unsigned long long)
                0x00000000c0014edf                fpuPush(unsigned long long)
                0x00000000c0014f3c                fpuPop()
                0x00000000c0014f8e                x87Handler(regs*)
                0x00000000c0015b3d                setupInterruptController()
                0x00000000c0015ef6                InterruptController::convertLegacyIRQNumber(int)
 *fill*         0x00000000c0015f85        0x1 
 .text          0x00000000c0015f86      0x620 hal/keybrd.32
                0x00000000c0015f86                startGUI(void*)
                0x00000000c0015ff8                sendKeyToTerminal(unsigned char)
                0x00000000c0016064                sendKeyboardToken(KeyboardToken)
                0x00000000c001643f                clearInternalKeybuffer(VgaText*)
                0x00000000c0016474                readKeyboard(VgaText*, char*, unsigned long)
                0x00000000c001651c                Keyboard::Keyboard(char const*)
                0x00000000c001651c                Keyboard::Keyboard(char const*)
                0x00000000c0016558                Keyboard::~Keyboard()
                0x00000000c0016558                Keyboard::~Keyboard()
                0x00000000c001657c                Keyboard::~Keyboard()
 .text          0x00000000c00165a6      0x400 hal/logidisk.32
                0x00000000c00165a6                LogicalDisk::close(int, int, void*)
                0x00000000c00165aa                LogicalDisk::~LogicalDisk()
                0x00000000c00165aa                LogicalDisk::~LogicalDisk()
                0x00000000c00165ce                LogicalDisk::~LogicalDisk()
                0x00000000c00165f8                LogicalDisk::open(int, int, void*)
                0x00000000c001660c                LogicalDisk::absoluteToRelative(unsigned long long)
                0x00000000c0016644                LogicalDisk::relativeToAbsolute(unsigned long long)
                0x00000000c001668a                LogicalDisk::LogicalDisk(char const*, PhysicalDisk*, unsigned long long, unsigned long long)
                0x00000000c001668a                LogicalDisk::LogicalDisk(char const*, PhysicalDisk*, unsigned long long, unsigned long long)
                0x00000000c0016740                LogicalDisk::assignDriveLetter()
                0x00000000c00167f6                LogicalDisk::mount()
                0x00000000c0016868                LogicalDisk::unmount()
                0x00000000c0016878                LogicalDisk::unassignDriveLetter()
                0x00000000c00168ce                LogicalDisk::read(unsigned long long, int, void*)
                0x00000000c001693a                LogicalDisk::write(unsigned long long, int, void*)
 .text          0x00000000c00169a6       0x84 hal/mouse.32
                0x00000000c00169a6                Mouse::Mouse(char const*)
                0x00000000c00169a6                Mouse::Mouse(char const*)
                0x00000000c00169dc                Mouse::~Mouse()
                0x00000000c00169dc                Mouse::~Mouse()
                0x00000000c0016a00                Mouse::~Mouse()
 .text          0x00000000c0016a2a      0x339 hal/partition.32
                0x00000000c0016a2a                makePartition(PhysicalDisk*, unsigned long long, unsigned long long)
                0x00000000c0016ad2                createPartitionsForDisk(PhysicalDisk*)
 *fill*         0x00000000c0016d63        0x1 
 .text          0x00000000c0016d64      0x2e7 hal/timer.32
                0x00000000c0016d64                Timer::Timer(char const*)
                0x00000000c0016d64                Timer::Timer(char const*)
                0x00000000c0016d9a                Timer::~Timer()
                0x00000000c0016d9a                Timer::~Timer()
                0x00000000c0016dbe                Timer::~Timer()
                0x00000000c0016de8                Timer::read()
                0x00000000c0016df3                timerHandler(unsigned long long)
                0x00000000c0016f2a                setupTimer(int)
 *fill*         0x00000000c001704b        0x1 
 .text          0x00000000c001704c      0x2d1 hal/vcache.32
                0x00000000c001704c                VCache::VCache(PhysicalDisk*)
                0x00000000c001704c                VCache::VCache(PhysicalDisk*)
                0x00000000c001713c                VCache::writeWriteBuffer()
                0x00000000c0017178                VCache::~VCache()
                0x00000000c0017178                VCache::~VCache()
                0x00000000c00171b8                VCache::~VCache()
                0x00000000c00171e0                VCache::write(unsigned long long, int, void*)
                0x00000000c00172c4                VCache::read(unsigned long long, int, void*)
 *fill*         0x00000000c001731d        0x1 
 .text          0x00000000c001731e      0x26d hal/video.32
                0x00000000c001731e                Video::putrect(int, int, int, int, unsigned int)
                0x00000000c0017368                Video::blit(unsigned int*, int, int, int, int)
                0x00000000c00173e6                Video::clearScreen(unsigned int)
                0x00000000c001741a                Video::putpixel(int, int, unsigned int)
                0x00000000c0017428                Video::Video(char const*)
                0x00000000c0017428                Video::Video(char const*)
                0x00000000c001745e                Video::~Video()
                0x00000000c001745e                Video::~Video()
                0x00000000c0017482                Video::~Video()
                0x00000000c00174ac                Video::isMonochrome()
                0x00000000c00174b8                Video::getWidth()
                0x00000000c00174c4                Video::getHeight()
                0x00000000c00174d0                Video::drawCursor(int, int, unsigned char*, int)
 *fill*         0x00000000c001758b        0x1 
 .text          0x00000000c001758c      0xd04 hw/acpi.32
                0x00000000c001758c                ACPI::close(int, int, void*)
                0x00000000c0017641                findRSDP()
                0x00000000c00176cb                loadACPITables(unsigned char*)
                0x00000000c00178f2                findRSDT(unsigned char*)
                0x00000000c0017a10                findDataTable(unsigned char*, char*)
                0x00000000c0017aac                scanMADT()
                0x00000000c0017e40                ACPI::ACPI()
                0x00000000c0017e40                ACPI::ACPI()
                0x00000000c0017ea0                ACPI::getPCIIRQAssignment(unsigned char, unsigned short, unsigned char)
                0x00000000c0017f82                ACPI::registerPCIIRQAssignment(void*, unsigned short, unsigned char, unsigned char)
                0x00000000c0018088                ACPI::setScreenBrightnessLevel(void*, int)
                0x00000000c001808e                ACPI::writeSimpleBootFlag(SimpleBootFlagTable*)
                0x00000000c00180d6                ACPI::open(int, int, void*)
                0x00000000c0018278                ACPI::sleep()
 .text          0x00000000c0018290     0x17a6 hw/cpu.32
                0x00000000c0018290                CPU::close(int, int, void*)
                0x00000000c0018293                lookupAMDCPUName(unsigned char, unsigned char)
                0x00000000c0018427                lookupIntelCPUName(unsigned char, unsigned char)
                0x00000000c00186d5                AMD_K6_write_msr(unsigned int, unsigned int, unsigned int, REGS*)
                0x00000000c00186f1                AMD_K6_read_msr(unsigned int, REGS*)
                0x00000000c0018709                AMD_K6_writeback(int, int, int)
                0x00000000c001877c                cpuid(int, unsigned long*, unsigned long*, unsigned long*, unsigned long*)
                0x00000000c00187ff                cpuidCheckEDX(unsigned int)
                0x00000000c001882c                cpuidCheckECX(unsigned int)
                0x00000000c0018859                cpuidCheckExtendedEBX(unsigned int)
                0x00000000c0018886                cpuidCheckExtendedECX(unsigned int)
                0x00000000c00188b3                getCPUNumber()
                0x00000000c00188b6                thisCPU()
                0x00000000c00188ca                CPU::CPU()
                0x00000000c00188ca                CPU::CPU()
                0x00000000c0018958                CPU::displayFeatures()
                0x00000000c0018bd4                CPU::detectFeatures()
                0x00000000c00195c6                CPU::setupSMEP()
                0x00000000c00195e0                CPU::setupUMIP()
                0x00000000c00195f8                CPU::setupTSC()
                0x00000000c0019610                CPU::setupLargePages()
                0x00000000c0019628                CPU::setupPAT()
                0x00000000c0019664                CPU::setupMTRR()
                0x00000000c0019666                CPU::setupGlobalPages()
                0x00000000c001967c                CPU::allowUsermodeDataAccess()
                0x00000000c001968e                CPU::prohibitUsermodeDataAccess()
                0x00000000c00196a0                CPU::setupSMAP()
                0x00000000c00196c6                CPU::setupFeatures()
                0x00000000c0019768                CPU::open(int, int, void*)
                0x00000000c001983e                CPU::decodeAddress(regs*, int*, bool*, unsigned char*)
 .text          0x00000000c0019a36        0x0 hw/ports.32
 .text          0x00000000c0019a36      0x338 krnl/panic.32
                0x00000000c0019a36                Krnl::panic(char const*)
 .text          0x00000000c0019d6e      0x503 reg/registry.32
                0x00000000c0019d6e                Reg::findLineFromLoadedData(char*, char*, char*)
                0x00000000c0019ec6                Reg::getLineFromRegistry(char*, char*, char*, char*)
                0x00000000c001a025                Reg::getLine(char*, char*, char*)
                0x00000000c001a05c                Reg::readInt(char*, char*, int*)
                0x00000000c001a147                Reg::readString(char*, char*, char*, int)
                0x00000000c001a1c8                Reg::readBool(char*, char*, bool*)
                0x00000000c001a1ed                Reg::readBoolWithDefault(char*, char*, bool)
                0x00000000c001a219                Reg::readIntWithDefault(char*, char*, int)
                0x00000000c001a245                Reg::readStringWithDefault(char*, char*, char*, int, char*)
 .text          0x00000000c001a271       0x18 sys/sc_exit.32
                0x00000000c001a271                Sys::exit(regs*)
 .text          0x00000000c001a289       0x95 sys/sc_loaddll.32
                0x00000000c001a289                Sys::loadDLL(regs*)
 .text          0x00000000c001a31e       0x68 sys/sc_read.32
                0x00000000c001a31e                Sys::read(regs*)
 .text          0x00000000c001a386       0x55 sys/sc_sbrk.32
                0x00000000c001a386                Sys::sbrk(regs*)
 .text          0x00000000c001a3db       0x68 sys/sc_write.32
                0x00000000c001a3db                Sys::write(regs*)
 .text          0x00000000c001a443       0x1a sys/sc_yield.32
                0x00000000c001a443                Sys::yield(regs*)
 .text          0x00000000c001a45d      0xf85 sys/syscalls.32
                0x00000000c001a45d                sysCallGetPID(regs*)
                0x00000000c001a469                sysCallSeekDir(regs*)
                0x00000000c001a46e                sysCallTellDir(regs*)
                0x00000000c001a473                sysCallVerify(regs*)
                0x00000000c001a47d                sysCallFork(regs*)
                0x00000000c001a488                sysCallExecve(regs*)
                0x00000000c001a493                sysCallGetArgc(regs*)
                0x00000000c001a4a3                sysFormatDisk(regs*)
                0x00000000c001a50d                sysSetDiskVolumeLabel(regs*)
                0x00000000c001a553                sysGetDiskVolumeLabel(regs*)
                0x00000000c001a5a4                sysShutdown(regs*)
                0x00000000c001a602                sysCallGetCwd(regs*)
                0x00000000c001a621                sysCallSetCwd(regs*)
                0x00000000c001a63d                sysCallRealpath(regs*)
                0x00000000c001a680                sysCallReadDir(regs*)
                0x00000000c001a70e                sysCallIsATTY(regs*)
                0x00000000c001a768                sysCallSeek(regs*)
                0x00000000c001a7d1                sysCallTell(regs*)
                0x00000000c001a84e                sysCallSizeFromFilename(regs*)
                0x00000000c001a8ff                sysCallSize(regs*)
                0x00000000c001a982                sysCallClose(regs*)
                0x00000000c001aa0a                sysCallOpenDir(regs*)
                0x00000000c001aa77                sysCallMakeDir(regs*)
                0x00000000c001aad0                sysCallCloseDir(regs*)
                0x00000000c001ab36                sysCallWait(regs*)
                0x00000000c001ab50                sysCallRmdir(regs*)
                0x00000000c001aba2                sysCallUnlink(regs*)
                0x00000000c001abf4                sysCallGetArgv(regs*)
                0x00000000c001ac40                sysCallTTYName(regs*)
                0x00000000c001acc3                sysCallGetEnv(regs*)
                0x00000000c001ad15                sysCallUSleep(regs*)
                0x00000000c001ad3c                sysCallSpawn(regs*)
                0x00000000c001ad94                sysAppSettings(regs*)
                0x00000000c001aeb3                sysSetFatAttrib(regs*)
                0x00000000c001af13                sysPanic(regs*)
                0x00000000c001af39                sysPipe(regs*)
                0x00000000c001af7e                sysGetUnixTime(regs*)
                0x00000000c001af92                string_ends_with(char const*, char const*)
                0x00000000c001afda                sysCallOpen(regs*)
                0x00000000c001b1e7                setupSystemCalls()
                0x00000000c001b3a0                systemCall(regs*, void*)
 .text          0x00000000c001b3e2     0x11c7 thr/elf.32
                0x00000000c001b3e2                Thr::allocateMemoryForTask(Process*, File*, unsigned long, unsigned long, unsigned long)
                0x00000000c001b65f                Thr::loadProgramIntoMemory(Process*, char const*)
                0x00000000c001b875                Thr::runtimeReferenceHelper()
                0x00000000c001b888                Thr::getAddressOfKernelSymbol(char const*)
                0x00000000c001b8d7                Thr::loadKernelSymbolTable(char const*)
                0x00000000c001bb98                Thr::loadDriverIntoMemory(char const*, unsigned long, bool)
                0x00000000c001c336                Thr::getDriverBaseFromAddress(unsigned long)
                0x00000000c001c368                Thr::getDriverNameFromAddress(unsigned long)
                0x00000000c001c39f                Thr::getDriverOffsetFromAddress(unsigned long)
                0x00000000c001c3b9                Thr::loadDLL(char const*, bool)
                0x00000000c001c57f                Thr::executeDLL(unsigned long, void*)
 *fill*         0x00000000c001c5a9        0x1 
 .text          0x00000000c001c5aa      0xfce thr/prcssthr.32
                0x00000000c001c5aa                changeTSS
                0x00000000c001c5d8                Process::addArgs(char**)
                0x00000000c001c632                Process::Process(char const*, Process*, char**)
                0x00000000c001c632                Process::Process(char const*, Process*, char**)
                0x00000000c001c7ea                Process::Process(bool, char const*, Process*, char**)
                0x00000000c001c7ea                Process::Process(bool, char const*, Process*, char**)
                0x00000000c001c96d                disableIRQs()
                0x00000000c001c975                getIRQNestingLevel()
                0x00000000c001c97b                enableIRQs()
                0x00000000c001c98a                lockScheduler()
                0x00000000c001c98c                unlockScheduler()
                0x00000000c001c98e                userModeEntryPoint(void*)
                0x00000000c001c9b1                lockStuff()
                0x00000000c001c9bd                taskStartupFunction
                0x00000000c001c9c6                updateTimeUsed()
                0x00000000c001ca24                switchToThread(ThreadControlBlock*)
                0x00000000c001ca74                Semaphore::Semaphore(int)
                0x00000000c001ca74                Semaphore::Semaphore(int)
                0x00000000c001caa2                Mutex::Mutex()
                0x00000000c001caa2                Mutex::Mutex()
                0x00000000c001cab4                Process::createThread(void (*)(void*), void*, int)
                0x00000000c001cb98                Process::createUserThread()
                0x00000000c001cbb4                setupMultitasking(void (*)())
                0x00000000c001ccbe                schedule()
                0x00000000c001cd43                unlockStuff()
                0x00000000c001cd78                Semaphore::tryAcquire()
                0x00000000c001cda6                Semaphore::assertLocked(char const*)
                0x00000000c001cdd6                blockTaskWithSchedulerLockAlreadyHeld(TaskState)
                0x00000000c001ce18                blockTask(TaskState)
                0x00000000c001ce39                waitTask(int, int*, int)
                0x00000000c001ce7b                nanoSleepUntil(unsigned long long)
                0x00000000c001ced2                nanoSleep(unsigned long long)
                0x00000000c001cee7                sleep(unsigned long long)
                0x00000000c001cf04                Semaphore::acquire()
                0x00000000c001cf6c                taskReturned
                0x00000000c001cf9a                unblockTask(ThreadControlBlock*)
                0x00000000c001d049                cleanupTerminatedTask(ThreadControlBlock*)
                0x00000000c001d2ed                cleanerTaskFunction(void*)
                0x00000000c001d3a0                terminateTask(int)
                0x00000000c001d480                Thr::terminateFromIRQ(int)
                0x00000000c001d48c                Semaphore::release()
 .text          0x00000000c001d578      0x8bf vm86/vm8086.32
                0x00000000c001d578                Vm::vm8086EntryPoint(void*)
                0x00000000c001d5a3                Vm::inbv(unsigned short)
                0x00000000c001d5a9                Vm::outbv(unsigned short, unsigned char)
                0x00000000c001d5b3                Vm::realToLinear(unsigned short, unsigned short)
                0x00000000c001d5c3                Vm::getSegment(unsigned int)
                0x00000000c001d5cb                Vm::getOffset(unsigned int)
                0x00000000c001d5d0                Vm::loadFileAsThread(Process*, char const*, unsigned short, unsigned short, unsigned short, unsigned short)
                0x00000000c001d6ff                Vm::doISR(regs*, int, unsigned char*, unsigned short, unsigned short)
                0x00000000c001d789                Vm::readByteFromReal(unsigned short, unsigned short)
                0x00000000c001d79a                Vm::readWordFromReal(unsigned short, unsigned short)
                0x00000000c001d7ac                Vm::readDwordFromReal(unsigned short, unsigned short)
                0x00000000c001d7bd                Vm::writeByteFromReal(unsigned short, unsigned short, unsigned char)
                0x00000000c001d7d2                Vm::writeWordFromReal(unsigned short, unsigned short, unsigned short)
                0x00000000c001d7e8                Vm::writeDwordFromReal(unsigned short, unsigned short, unsigned int)
                0x00000000c001d7fd                Vm::faultHandler(regs*)
 *fill*         0x00000000c001de37        0x1 
 .text          0x00000000c001de38     0x10ed fs/fat/vfslink.32
                0x00000000c001de38                FAT::getName()
                0x00000000c001de3e                FAT::tell(void*, unsigned long long*)
                0x00000000c001de72                FAT::stat(void*, unsigned long long*)
                0x00000000c001dea6                FAT::~FAT()
                0x00000000c001dea6                FAT::~FAT()
                0x00000000c001deca                FAT::~FAT()
                0x00000000c001def2                FAT::getlabel(LogicalDisk*, int, char*, unsigned int*)
                0x00000000c001df90                FAT::setlabel(LogicalDisk*, int, char*)
                0x00000000c001e04a                FAT::format(LogicalDisk*, int, char const*, int)
                0x00000000c001e22e                FAT::tryMount(LogicalDisk*, int)
                0x00000000c001e434                FAT::readDir(void*, unsigned long, void*, int*)
                0x00000000c001e53a                FAT::read(void*, unsigned long, void*, int*)
                0x00000000c001e594                FAT::write(void*, unsigned long, void*, int*)
                0x00000000c001e5ee                FAT::close(void*)
                0x00000000c001e63a                FAT::closeDir(void*)
                0x00000000c001e686                FAT::seek(void*, unsigned long long)
                0x00000000c001e6da                fatWrapperReadDisk
                0x00000000c001e721                fatWrapperWriteDisk
                0x00000000c001e768                fatWrapperIoctl
                0x00000000c001e86c                FAT::FAT()
                0x00000000c001e86c                FAT::FAT()
                0x00000000c001e8be                FAT::fixFilepath(char*)
                0x00000000c001e8f6                FAT::open(char const*, void**, FileOpenMode)
                0x00000000c001ea1e                FAT::openDir(char const*, void**)
                0x00000000c001eac4                FAT::stat(char const*, unsigned long long*, bool*)
                0x00000000c001ebae                FAT::unlink(char const*)
                0x00000000c001ec28                FAT::chfatattr(char const*, unsigned char, unsigned char)
                0x00000000c001ed7c                FAT::rename(char const*, char const*)
                0x00000000c001ee40                FAT::mkdir(char const*)
                0x00000000c001eeba                FAT::exists(char const*)
 *fill*         0x00000000c001ef25        0x1 
 .text          0x00000000c001ef26      0xbdf fs/iso9660/vfslink.32
                0x00000000c001ef26                ISO9660::format(LogicalDisk*, int, char const*, int)
                0x00000000c001ef2c                ISO9660::seek(void*, unsigned long long)
                0x00000000c001ef5c                ISO9660::tell(void*, unsigned long long*)
                0x00000000c001ef80                ISO9660::getName()
                0x00000000c001ef86                ISO9660::stat(void*, unsigned long long*)
                0x00000000c001efaa                ISO9660::chfatattr(char const*, unsigned char, unsigned char)
                0x00000000c001efb0                ISO9660::unlink(char const*)
                0x00000000c001efb6                ISO9660::write(void*, unsigned long, void*, int*)
                0x00000000c001efbc                ISO9660::rename(char const*, char const*)
                0x00000000c001efc2                ISO9660::mkdir(char const*)
                0x00000000c001efc8                ISO9660::close(void*)
                0x00000000c001efea                ISO9660::closeDir(void*)
                0x00000000c001f00c                ISO9660::~ISO9660()
                0x00000000c001f00c                ISO9660::~ISO9660()
                0x00000000c001f030                ISO9660::~ISO9660()
                0x00000000c001f057                __memmem(unsigned char*, int, unsigned char*, int)
                0x00000000c001f099                readSectorFromCDROM(unsigned int, unsigned char*, char)
                0x00000000c001f100                ISO9660::tryMount(LogicalDisk*, int)
                0x00000000c001f150                ISO9660::read(void*, unsigned long, void*, int*)
                0x00000000c001f394                ISO9660::readDir(void*, unsigned long, void*, int*)
                0x00000000c001f621                readRoot(unsigned int*, unsigned int*, char)
                0x00000000c001f676                readRecursively(char*, unsigned int, unsigned int, unsigned int*, unsigned int*, char, int*)
                0x00000000c001f849                getFileData(char*, unsigned int*, unsigned int*, char, int*)
                0x00000000c001f8d8                ISO9660::open(char const*, void**, FileOpenMode)
                0x00000000c001f972                ISO9660::exists(char const*)
                0x00000000c001f996                ISO9660::stat(char const*, unsigned long long*, bool*)
                0x00000000c001fa2a                ISO9660::openDir(char const*, void**)
                0x00000000c001fae2                ISO9660::ISO9660()
                0x00000000c001fae2                ISO9660::ISO9660()
 *fill*         0x00000000c001fb05        0x1 
 .text          0x00000000c001fb06      0x326 hal/sound/sndchannel.32
                0x00000000c001fb06                SoundChannel::~SoundChannel()
                0x00000000c001fb06                SoundChannel::~SoundChannel()
                0x00000000c001fb22                SoundChannel::setSpeed(float)
                0x00000000c001fb2e                SoundChannel::getSpeed()
                0x00000000c001fb36                SoundChannel::setVolume(int)
                0x00000000c001fb52                SoundChannel::getVolume()
                0x00000000c001fb5a                SoundChannel::pause()
                0x00000000c001fb64                SoundChannel::SoundChannel(int, int, int, int)
                0x00000000c001fb64                SoundChannel::SoundChannel(int, int, int, int)
                0x00000000c001fcba                SoundChannel::play()
                0x00000000c001fcc4                SoundChannel::paused()
                0x00000000c001fccc                SoundChannel::getSampleRate()
                0x00000000c001fcd4                SoundChannel::getBits()
                0x00000000c001fcdc                SoundChannel::getBufferUsed()
                0x00000000c001fce4                SoundChannel::getBufferSize()
                0x00000000c001fcec                SoundChannel::unbuffer(float*, int, int)
                0x00000000c001fd8c                SoundChannel::buffer8(unsigned char*, int)
 .text          0x00000000c001fe2c      0x3d5 hal/sound/sndhw.32
                0x00000000c001fe2c                SoundDevice::SoundDevice(char const*)
                0x00000000c001fe2c                SoundDevice::SoundDevice(char const*)
                0x00000000c001fe98                SoundDevice::~SoundDevice()
                0x00000000c001fe98                SoundDevice::~SoundDevice()
                0x00000000c001ff12                SoundDevice::~SoundDevice()
                0x00000000c001ff3c                SoundDevice::getFreeChannelNum()
                0x00000000c001ff56                SoundDevice::addChannel(SoundChannel*)
                0x00000000c001ffc6                SoundDevice::removeChannel(int)
                0x00000000c001fff8                SoundDevice::floatTo8(float*, unsigned char*, int)
                0x00000000c00200e0                SoundDevice::getAudio(int, float*, float*)
 .text          0x00000000c0020201        0x0 hw/bus/isa.32
 *fill*         0x00000000c0020201        0x1 
 .text          0x00000000c0020202      0x6c1 hw/bus/pci.32
                0x00000000c0020202                PCI::open(int, int, void*)
                0x00000000c0020216                PCI::close(int, int, void*)
                0x00000000c002021a                PCI::PCI()
                0x00000000c002021a                PCI::PCI()
                0x00000000c002029a                PCI::pciReadWord(unsigned char, unsigned char, unsigned char, unsigned char)
                0x00000000c00202e2                PCI::getVendorID(unsigned char, unsigned char, unsigned char)
                0x00000000c0020304                PCI::getHeaderType(unsigned char, unsigned char, unsigned char)
                0x00000000c0020328                PCI::getClassCode(unsigned char, unsigned char, unsigned char)
                0x00000000c002036c                PCI::getProgIF(unsigned char, unsigned char, unsigned char)
                0x00000000c0020390                PCI::getRevisionID(unsigned char, unsigned char, unsigned char)
                0x00000000c00203b2                PCI::getInterruptNumber(unsigned char, unsigned char, unsigned char)
                0x00000000c00203d4                PCI::getSecondaryBus(unsigned char, unsigned char, unsigned char)
                0x00000000c00203f8                PCI::getBARAddress(unsigned char, unsigned char, unsigned char, unsigned char)
                0x00000000c0020458                PCI::pciWriteWord(unsigned char, unsigned char, unsigned char, unsigned char, unsigned short)
                0x00000000c00204c4                PCI::checkBus(unsigned char)
                0x00000000c00204e8                PCI::foundDevice(PCIDeviceInfo)
                0x00000000c0020658                PCI::getDeviceData(unsigned char, unsigned char, unsigned char)
                0x00000000c0020804                PCI::checkDevice(unsigned char, unsigned char)
                0x00000000c0020870                PCI::detect()
 *fill*         0x00000000c00208c3        0x1 
 .text          0x00000000c00208c4      0xc70 hw/diskctrl/ide.32
                0x00000000c00208c4                IDE::close(int, int, void*)
                0x00000000c00208c8                IDE::IDE()
                0x00000000c00208c8                IDE::IDE()
                0x00000000c00208fc                IDE::prepareInterrupt(unsigned char)
                0x00000000c002090e                selectDrive(unsigned char, unsigned char)
                0x00000000c0020910                IDE::getBase(unsigned char)
                0x00000000c0020922                IDE::write(unsigned char, unsigned char, unsigned char)
                0x00000000c00209e2                IDE::read(unsigned char, unsigned char)
                0x00000000c0020a90                IDE::waitInterrupt(unsigned char)
                0x00000000c0020af6                ideChannel0IRQHandler(regs*, void*)
                0x00000000c0020b12                ideChannel1IRQHandler(regs*, void*)
                0x00000000c0020b2e                IDE::enableIRQs(unsigned char, bool)
                0x00000000c0020b74                IDE::open(int, int, void*)
                0x00000000c0020f84                IDE::readBuffer(unsigned char, unsigned char, unsigned int, unsigned int)
                0x00000000c0021050                IDE::detect()
                0x00000000c0021338                IDE::printError(unsigned char, unsigned char, unsigned char)
                0x00000000c00214ce                IDE::polling(unsigned char, unsigned int)
 .text          0x00000000c0021534      0x62b hw/diskphys/ata.32
                0x00000000c0021534                ATA::close(int, int, void*)
                0x00000000c0021558                ATA::powerSaving(PowerSavingLevel)
                0x00000000c002155a                ATA::ATA()
                0x00000000c002155a                ATA::ATA()
                0x00000000c0021588                ATA::flush(bool)
                0x00000000c00215d2                ATA::readyForCommand()
                0x00000000c0021622                ATA::access(unsigned long long, int, void*, bool)
                0x00000000c00219a0                ATA::read(unsigned long long, int, void*)
                0x00000000c0021a08                ATA::write(unsigned long long, int, void*)
                0x00000000c0021a70                ATA::detectCHS()
                0x00000000c0021a9a                ATA::open(int, int, void*)
 *fill*         0x00000000c0021b5f        0x1 
 .text          0x00000000c0021b60      0x5b3 hw/diskphys/atapi.32
                0x00000000c0021b60                ATAPI::write(unsigned long long, int, void*)
                0x00000000c0021b66                ATAPI::close(int, int, void*)
                0x00000000c0021b8a                ATAPI::ATAPI()
                0x00000000c0021b8a                ATAPI::ATAPI()
                0x00000000c0021bb8                ATAPI::readyForCommand()
                0x00000000c0021c08                ATAPI::sendPacket(unsigned char*, int, bool, unsigned short*, int)
                0x00000000c0021ec8                ATAPI::diskRemoved()
                0x00000000c0021ee4                ATAPI::eject()
                0x00000000c0021f2a                ATAPI::diskInserted()
                0x00000000c0021f58                ATAPI::detectMedia()
                0x00000000c0022014                ATAPI::open(int, int, void*)
                0x00000000c0022094                ATAPI::read(unsigned long long, int, void*)
 *fill*         0x00000000c0022113        0x1 
 .text          0x00000000c0022114       0x8e hw/fpu/avx.32
                0x00000000c0022114                AVX::open(int, int, void*)
                0x00000000c0022126                AVX::close(int, int, void*)
                0x00000000c0022138                AVX::available()
                0x00000000c002214a                AVX::save(void*)
                0x00000000c0022162                AVX::load(void*)
                0x00000000c002217a                AVX::AVX()
                0x00000000c002217a                AVX::AVX()
 .text          0x00000000c00221a2       0x90 hw/fpu/mmx.32
                0x00000000c00221a2                MMX::available()
                0x00000000c00221b6                MMX::open(int, int, void*)
                0x00000000c00221c8                MMX::close(int, int, void*)
                0x00000000c00221da                MMX::save(void*)
                0x00000000c00221f2                MMX::load(void*)
                0x00000000c002220a                MMX::MMX()
                0x00000000c002220a                MMX::MMX()
 .text          0x00000000c0022232       0x96 hw/fpu/sse.32
                0x00000000c0022232                SSE::open(int, int, void*)
                0x00000000c0022244                SSE::close(int, int, void*)
                0x00000000c0022256                SSE::available()
                0x00000000c0022270                SSE::save(void*)
                0x00000000c0022288                SSE::load(void*)
                0x00000000c00222a0                SSE::SSE()
                0x00000000c00222a0                SSE::SSE()
 .text          0x00000000c00222c8       0x8e hw/fpu/x87.32
                0x00000000c00222c8                x87::open(int, int, void*)
                0x00000000c00222da                x87::close(int, int, void*)
                0x00000000c00222ec                x87::available()
                0x00000000c00222fe                x87::save(void*)
                0x00000000c0022316                x87::load(void*)
                0x00000000c002232e                x87::x87()
                0x00000000c002232e                x87::x87()
 .text          0x00000000c0022356      0x5f3 hw/intctrl/apic.32
                0x00000000c0022356                APIC::disable()
                0x00000000c0022358                APIC::close(int, int, void*)
                0x00000000c002237a                IOAPIC::close(int, int, void*)
                0x00000000c0022380                APIC::io_wait()
                0x00000000c0022386                APIC::getBase()
                0x00000000c00223c8                APIC::eoi(unsigned char)
                0x00000000c00223f6                APIC::open(int, int, void*)
                0x00000000c00224b0                IOAPIC::IOAPIC()
                0x00000000c00224b0                IOAPIC::IOAPIC()
                0x00000000c00224d8                APIC::APIC()
                0x00000000c00224d8                APIC::APIC()
                0x00000000c00225a8                IOAPIC::handlesGSIWithNumber(unsigned int)
                0x00000000c00225da                IOAPIC::read(int)
                0x00000000c0022602                IOAPIC::open(int, int, void*)
                0x00000000c00226f8                IOAPIC::write(int, int)
                0x00000000c0022724                IOAPIC::redirect(unsigned char, unsigned long long, unsigned char)
                0x00000000c00227de                APIC::installIRQHandler(int, void (*)(regs*, void*), bool, void*)
 *fill*         0x00000000c0022949        0x1 
 .text          0x00000000c002294a      0x3d3 hw/intctrl/pic.32
                0x00000000c002294a                PIC::disable()
                0x00000000c0022978                PIC::close(int, int, void*)
                0x00000000c002299a                PIC::PIC()
                0x00000000c002299a                PIC::PIC()
                0x00000000c0022a70                PIC::ioWait()
                0x00000000c0022a76                PIC::getIRQReg(int)
                0x00000000c0022ae0                PIC::eoi(unsigned char)
                0x00000000c0022b72                PIC::remap()
                0x00000000c0022cde                PIC::open(int, int, void*)
 *fill*         0x00000000c0022d1d        0x1 
 .text          0x00000000c0022d1e      0x252 hw/timer/apictimer.32
                0x00000000c0022d1e                APICTimer::close(int, int, void*)
                0x00000000c0022d24                apicTimerHandler(regs*, void*)
                0x00000000c0022d52                APICTimer::write(int)
                0x00000000c0022e50                APICTimer::open(int, int, void*)
                0x00000000c0022f48                APICTimer::APICTimer()
                0x00000000c0022f48                APICTimer::APICTimer()
 .text          0x00000000c0022f70      0x1a7 hw/timer/pit.32
                0x00000000c0022f70                PIT::write(int)
                0x00000000c0022fee                pitHandler(regs*, void*)
                0x00000000c002301a                PIT::open(int, int, void*)
                0x00000000c0023068                PIT::close(int, int, void*)
                0x00000000c0023098                PIT::PIT()
                0x00000000c0023098                PIT::PIT()
 *fill*         0x00000000c0023117        0x9 
 .text          0x00000000c0023120        0xa hw/fpu/x86/avx.32
                0x00000000c0023120                avxDetect
                0x00000000c0023126                avxSave
                0x00000000c0023127                avxLoad
                0x00000000c0023128                avxInit
                0x00000000c0023129                avxClose
 *fill*         0x00000000c002312a        0x6 
 .text          0x00000000c0023130       0x38 hw/fpu/x86/sse.32
                0x00000000c0023130                sseDetect
                0x00000000c002314b                sseSave
                0x00000000c0023151                sseLoad
                0x00000000c0023157                sseInit
                0x00000000c0023167                sseClose
 *fill*         0x00000000c0023168        0x8 
 .text          0x00000000c0023170       0x47 hw/fpu/x86/x87.32
                0x00000000c0023176                x87Detect
                0x00000000c0023191                x87Save
                0x00000000c0023197                x87Load
                0x00000000c002319c                x87Init
                0x00000000c00231b6                x87Close
 *fill*         0x00000000c00231b7        0x1 
 .text          0x00000000c00231b8       0x25 /cygdrive/d/Users/Alex/Desktop/Toolchain/Output/bin/../lib/gcc/i386-banana/8.1.0/crtend.o
 .text          0x00000000c00231dd        0x0 crtn.32
 *fill*         0x00000000c00231dd        0x3 
 .text          0x00000000c00231e0      0x14b /cygdrive/d/Users/Alex/Desktop/Toolchain/Output/bin/../lib/gcc/i386-banana/8.1.0/libkgcc.a(_divdi3.o)
                0x00000000c00231e0                __divdi3
 *fill*         0x00000000c002332b        0x1 
 .text          0x00000000c002332c      0x17e /cygdrive/d/Users/Alex/Desktop/Toolchain/Output/bin/../lib/gcc/i386-banana/8.1.0/libkgcc.a(_moddi3.o)
                0x00000000c002332c                __moddi3
 *fill*         0x00000000c00234aa        0x2 
 .text          0x00000000c00234ac       0xff /cygdrive/d/Users/Alex/Desktop/Toolchain/Output/bin/../lib/gcc/i386-banana/8.1.0/libkgcc.a(_udivdi3.o)
                0x00000000c00234ac                __udivdi3
 *fill*         0x00000000c00235ab        0x1 
 .text          0x00000000c00235ac      0x11a /cygdrive/d/Users/Alex/Desktop/Toolchain/Output/bin/../lib/gcc/i386-banana/8.1.0/libkgcc.a(_umoddi3.o)
                0x00000000c00235ac                __umoddi3
 .text          0x00000000c00236c6      0x96d D:/Users/Alex/Desktop/Banana/kernel/libsoftfp.a(sfieeelib.o)
                0x00000000c00236c6                __addsf3
                0x00000000c00239c8                __subsf3
                0x00000000c00239dc                __negsf2
                0x00000000c00239e9                __mulsf3
                0x00000000c0023bac                __divsf3
                0x00000000c0023dd7                __floatsisf
                0x00000000c0023e4b                __floatunsisf
                0x00000000c0023e8d                __fixsfsi
                0x00000000c0023eef                __fixunssfsi
                0x00000000c0023f20                __cmpsf2
                0x00000000c0023fb5                __eqsf2
                0x00000000c0023ff0                __nesf2
                0x00000000c0023ff2                __gtsf2
                0x00000000c002402d                __gesf2
                0x00000000c002402f                __ltsf2
                0x00000000c0024031                __lesf2
 .text          0x00000000c0024033      0xf50 D:/Users/Alex/Desktop/Banana/kernel/libsoftfp.a(dfieeelib.o)
                0x00000000c0024033                __adddf3
                0x00000000c0024684                __subdf3
                0x00000000c002469f                __negdf2
                0x00000000c00246b0                __muldf3
                0x00000000c0024994                __divdf3
                0x00000000c0024d13                __floatsidf
                0x00000000c0024d6e                __floatunsidf
                0x00000000c0024dac                __fixdfsi
                0x00000000c0024e19                __fixunsdfsi
                0x00000000c0024e55                __cmpdf2
                0x00000000c0024f43                __eqdf2
                0x00000000c0024f5f                __nedf2
                0x00000000c0024f61                __gtdf2
                0x00000000c0024f7d                __gedf2
                0x00000000c0024f7f                __ltdf2
                0x00000000c0024f81                __ledf2
 .text          0x00000000c0024f83      0x18d D:/Users/Alex/Desktop/Banana/kernel/libsoftfp.a(sfdfcvt.o)
                0x00000000c0024f83                __truncdfsf2
                0x00000000c00250a7                __extendsfdf2
 .text          0x00000000c0025110       0x1e D:/Users/Alex/Desktop/Banana/kernel/libk/libm32.a(s_fabs.c.o)
                0x00000000c0025110                fabs
 *fill*         0x00000000c002512e        0x2 
 .text          0x00000000c0025130        0xc D:/Users/Alex/Desktop/Banana/kernel/libk/libm32.a(s_lrint.S.o)
                0x00000000c0025130                lrint
 .text          0x00000000c002513c        0xc D:/Users/Alex/Desktop/Banana/kernel/libk/libm32.a(s_lrintf.S.o)
                0x00000000c002513c                lrintf
 *(.gnu.linkonce.t*)

.iplt           0x00000000c0025148        0x0
 .iplt          0x00000000c0025148        0x0 D:/Users/Alex/Desktop/Banana/kernel/boot.32

.init           0x00000000c0025148        0xf
 .init          0x00000000c0025148        0x3 crti.32
                0x00000000c0025148                _init
 .init          0x00000000c002514b        0x5 /cygdrive/d/Users/Alex/Desktop/Toolchain/Output/bin/../lib/gcc/i386-banana/8.1.0/crtbegin.o
 .init          0x00000000c0025150        0x5 /cygdrive/d/Users/Alex/Desktop/Toolchain/Output/bin/../lib/gcc/i386-banana/8.1.0/crtend.o
 .init          0x00000000c0025155        0x2 crtn.32

.fini           0x00000000c0025157        0xa
 .fini          0x00000000c0025157        0x3 crti.32
                0x00000000c0025157                _fini
 .fini          0x00000000c002515a        0x5 /cygdrive/d/Users/Alex/Desktop/Toolchain/Output/bin/../lib/gcc/i386-banana/8.1.0/crtbegin.o
 .fini          0x00000000c002515f        0x2 crtn.32

.text._ZN8ComputerD2Ev
                0x00000000c0025162       0x23
 .text._ZN8ComputerD2Ev
                0x00000000c0025162       0x23 core/computer.32
                0x00000000c0025162                Computer::~Computer()
                0x00000000c0025162                Computer::~Computer()

.text._ZN8ComputerD0Ev
                0x00000000c0025186       0x2a
 .text._ZN8ComputerD0Ev
                0x00000000c0025186       0x2a core/computer.32
                0x00000000c0025186                Computer::~Computer()

.text._Z10idleCommonv
                0x00000000c00251b0       0x15
 .text._Z10idleCommonv
                0x00000000c00251b0       0x15 core/idle.32
                0x00000000c00251b0                idleCommon()

.text._ZN3CPU7readCR3Ev
                0x00000000c00251c5       0x12
 .text._ZN3CPU7readCR3Ev
                0x00000000c00251c5       0x12 core/kheap.32
                0x00000000c00251c5                CPU::readCR3()

.text._ZN3CPU8writeCR3Em
                0x00000000c00251d7        0x9
 .text._ZN3CPU8writeCR3Em
                0x00000000c00251d7        0x9 core/kheap.32
                0x00000000c00251d7                CPU::writeCR3(unsigned long)

.text._ZN10LinkedListI8UnixFileED2Ev
                0x00000000c00251e0        0x2
 .text._ZN10LinkedListI8UnixFileED2Ev
                0x00000000c00251e0        0x2 core/unixfile.32
                0x00000000c00251e0                LinkedList<UnixFile>::~LinkedList()
                0x00000000c00251e0                LinkedList<UnixFile>::~LinkedList()

.text._ZN10LinkedListI8UnixFileEC2Ev
                0x00000000c00251e2       0x58
 .text._ZN10LinkedListI8UnixFileEC2Ev
                0x00000000c00251e2       0x58 core/unixfile.32
                0x00000000c00251e2                LinkedList<UnixFile>::LinkedList()
                0x00000000c00251e2                LinkedList<UnixFile>::LinkedList()

.text._ZN10LinkedListI8UnixFileE10addElementEPS0_
                0x00000000c002523a       0xd3
 .text._ZN10LinkedListI8UnixFileE10addElementEPS0_
                0x00000000c002523a       0xd3 core/unixfile.32
                0x00000000c002523a                LinkedList<UnixFile>::addElement(UnixFile*)

.text._ZN10LinkedListI8UnixFileE15getFirstElementEv
                0x00000000c002530e        0x7
 .text._ZN10LinkedListI8UnixFileE15getFirstElementEv
                0x00000000c002530e        0x7 core/unixfile.32
                0x00000000c002530e                LinkedList<UnixFile>::getFirstElement()

.text._ZN10LinkedListI8UnixFileE11removeFirstEv
                0x00000000c0025316       0xa1
 .text._ZN10LinkedListI8UnixFileE11removeFirstEv
                0x00000000c0025316       0xa1 core/unixfile.32
                0x00000000c0025316                LinkedList<UnixFile>::removeFirst()

.text._ZN10LinkedListI8UnixFileE7getNextEPS0_
                0x00000000c00253b8        0x8
 .text._ZN10LinkedListI8UnixFileE7getNextEPS0_
                0x00000000c00253b8        0x8 core/unixfile.32
                0x00000000c00253b8                LinkedList<UnixFile>::getNext(UnixFile*)

.text._ZN16DriverlessDeviceD2Ev
                0x00000000c00253c0       0x1a
 .text._ZN16DriverlessDeviceD2Ev
                0x00000000c00253c0       0x1a hal/device.32
                0x00000000c00253c0                DriverlessDevice::~DriverlessDevice()
                0x00000000c00253c0                DriverlessDevice::~DriverlessDevice()

.text._ZN16DriverlessDeviceD0Ev
                0x00000000c00253da       0x2a
 .text._ZN16DriverlessDeviceD0Ev
                0x00000000c00253da       0x2a hal/device.32
                0x00000000c00253da                DriverlessDevice::~DriverlessDevice()

.text._ZN10LinkedListI6DeviceE10addElementEPS0_
                0x00000000c0025404       0xdc
 .text._ZN10LinkedListI6DeviceE10addElementEPS0_
                0x00000000c0025404       0xdc hal/device.32
                0x00000000c0025404                LinkedList<Device>::addElement(Device*)

.text._ZN10LinkedListI6DeviceEC2Ev
                0x00000000c00254e0       0x58
 .text._ZN10LinkedListI6DeviceEC2Ev
                0x00000000c00254e0       0x58 hal/device.32
                0x00000000c00254e0                LinkedList<Device>::LinkedList()
                0x00000000c00254e0                LinkedList<Device>::LinkedList()

.text._ZN3CPU7readCR0Ev
                0x00000000c0025538       0x12
 .text._ZN3CPU7readCR0Ev
                0x00000000c0025538       0x12 hal/fpu.32
                0x00000000c0025538                CPU::readCR0()

.text._ZN3CPU8writeCR0Em
                0x00000000c002554a        0x9
 .text._ZN3CPU8writeCR0Em
                0x00000000c002554a        0x9 hal/fpu.32
                0x00000000c002554a                CPU::writeCR0(unsigned long)

.text._ZN3CPU7readDR0Ev
                0x00000000c0025553       0x12
 .text._ZN3CPU7readDR0Ev
                0x00000000c0025553       0x12 hal/intctrl.32
                0x00000000c0025553                CPU::readDR0()

.text._ZN3CPU7readDR1Ev
                0x00000000c0025565       0x12
 .text._ZN3CPU7readDR1Ev
                0x00000000c0025565       0x12 hal/intctrl.32
                0x00000000c0025565                CPU::readDR1()

.text._ZN3CPU7readDR2Ev
                0x00000000c0025577       0x12
 .text._ZN3CPU7readDR2Ev
                0x00000000c0025577       0x12 hal/intctrl.32
                0x00000000c0025577                CPU::readDR2()

.text._ZN3CPU7readDR3Ev
                0x00000000c0025589       0x12
 .text._ZN3CPU7readDR3Ev
                0x00000000c0025589       0x12 hal/intctrl.32
                0x00000000c0025589                CPU::readDR3()

.text._ZN3CPU7readDR6Ev
                0x00000000c002559b       0x12
 .text._ZN3CPU7readDR6Ev
                0x00000000c002559b       0x12 hal/intctrl.32
                0x00000000c002559b                CPU::readDR6()

.text._ZN3CPU7readDR7Ev
                0x00000000c00255ad       0x12
 .text._ZN3CPU7readDR7Ev
                0x00000000c00255ad       0x12 hal/intctrl.32
                0x00000000c00255ad                CPU::readDR7()

.text._ZN9_FPUStateC2Ev
                0x00000000c00255c0        0xd
 .text._ZN9_FPUStateC2Ev