Archive member included to satisfy reference by file (symbol)

/cygdrive/c/Users/Alex/Toolchain/Output/bin/../lib/gcc/i386-banana/8.1.0/libkgcc.a(_divdi3.o)
                              krnl/intops.32 (__divdi3)
/cygdrive/c/Users/Alex/Toolchain/Output/bin/../lib/gcc/i386-banana/8.1.0/libkgcc.a(_moddi3.o)
                              krnl/intops.32 (__moddi3)
/cygdrive/c/Users/Alex/Toolchain/Output/bin/../lib/gcc/i386-banana/8.1.0/libkgcc.a(_udivdi3.o)
                              hal/clock.32 (__udivdi3)
/cygdrive/c/Users/Alex/Toolchain/Output/bin/../lib/gcc/i386-banana/8.1.0/libkgcc.a(_umoddi3.o)
                              hal/clock.32 (__umoddi3)

Allocating common symbols
Common symbol       size              file

dcache              0x40              fs/iso9660/iso9660.32
cdDriveLetter       0x1               fs/iso9660/iso9660.32
icache              0x40              fs/iso9660/iso9660.32

Discarded input sections

 .comment       0x0000000000000000       0x12 /cygdrive/c/Users/Alex/Toolchain/Output/bin/../lib/gcc/i386-banana/8.1.0/crtbegin.o
 .comment       0x0000000000000000       0x12 acpica/utclib.32
 .comment       0x0000000000000000       0x12 krnl/malloc.32
 .comment       0x0000000000000000       0x12 libk/ctype.32
 .comment       0x0000000000000000       0x12 libk/string.32
 .comment       0x0000000000000000       0x12 arch/i386/cc.32
 .comment       0x0000000000000000       0x12 fs/fat/diskio.32
 .comment       0x0000000000000000       0x12 fs/fat/ff.32
 .comment       0x0000000000000000       0x12 fs/fat/ffsystem.32
 .comment       0x0000000000000000       0x12 fs/fat/ffunicode.32
 .comment       0x0000000000000000       0x12 fs/iso9660/iso9660.32
 .comment       0x0000000000000000       0x12 dbg/kconsole.32
 .comment       0x0000000000000000       0x12 dbg/usban.32
 .comment       0x0000000000000000       0x12 fs/symlink.32
 .group         0x0000000000000000        0xc fs/vfs.32
 .group         0x0000000000000000        0xc fs/vfs.32
 .group         0x0000000000000000        0xc fs/vfs.32
 .comment       0x0000000000000000       0x12 fs/vfs.32
 .group         0x0000000000000000        0xc hal/bus.32
 .comment       0x0000000000000000       0x12 hal/bus.32
 .comment       0x0000000000000000       0x12 hal/buzzer.32
 .group         0x0000000000000000        0xc hal/clock.32
 .comment       0x0000000000000000       0x12 hal/clock.32
 .group         0x0000000000000000       0x14 hal/device.32
 .group         0x0000000000000000        0xc hal/device.32
 .group         0x0000000000000000        0x8 hal/device.32
 .group         0x0000000000000000        0xc hal/device.32
 .group         0x0000000000000000        0xc hal/device.32
 .comment       0x0000000000000000       0x12 hal/device.32
 .group         0x0000000000000000        0xc hal/diskctrl.32
 .comment       0x0000000000000000       0x12 hal/diskctrl.32
 .group         0x0000000000000000        0xc hal/diskphys.32
 .comment       0x0000000000000000       0x12 hal/diskphys.32
 .comment       0x0000000000000000       0x12 hal/fpu.32
 .comment       0x0000000000000000       0x12 hal/intctrl.32
 .group         0x0000000000000000        0xc hal/keybrd.32
 .comment       0x0000000000000000       0x12 hal/keybrd.32
 .group         0x0000000000000000        0xc hal/logidisk.32
 .comment       0x0000000000000000       0x12 hal/logidisk.32
 .group         0x0000000000000000        0xc hal/mouse.32
 .comment       0x0000000000000000       0x12 hal/mouse.32
 .group         0x0000000000000000        0xc hal/nic.32
 .comment       0x0000000000000000       0x12 hal/nic.32
 .comment       0x0000000000000000       0x12 hal/partition.32
 .group         0x0000000000000000        0xc hal/serial.32
 .comment       0x0000000000000000       0x12 hal/serial.32
 .group         0x0000000000000000        0x8 hal/timer.32
 .group         0x0000000000000000        0x8 hal/timer.32
 .group         0x0000000000000000        0xc hal/timer.32
 .group         0x0000000000000000        0xc hal/timer.32
 .group         0x0000000000000000        0xc hal/timer.32
 .comment       0x0000000000000000       0x12 hal/timer.32
 .group         0x0000000000000000        0xc hal/vcache.32
 .comment       0x0000000000000000       0x12 hal/vcache.32
 .group         0x0000000000000000        0xc hal/video.32
 .comment       0x0000000000000000       0x12 hal/video.32
 .group         0x0000000000000000       0x14 hw/acpi.32
 .group         0x0000000000000000        0x8 hw/acpi.32
 .group         0x0000000000000000        0x8 hw/acpi.32
 .group         0x0000000000000000        0x8 hw/acpi.32
 .group         0x0000000000000000        0xc hw/acpi.32
 .group         0x0000000000000000        0xc hw/acpi.32
 .comment       0x0000000000000000       0x12 hw/acpi.32
 .comment       0x0000000000000000       0x12 krnl/assert.32
 .comment       0x0000000000000000       0x12 krnl/atexit.32
 .comment       0x0000000000000000       0x12 krnl/bootmsg.32
[...]
Memory Configuration

Name             Origin             Length             Attributes
*default*        0x0000000000000000 0xffffffffffffffff

Linker script and memory map

LOAD C:/Users/Alex/Desktop/Banana/kernel/boot.32
LOAD crti.32
LOAD /cygdrive/c/Users/Alex/Toolchain/Output/bin/../lib/gcc/i386-banana/8.1.0/crtbegin.o
LOAD C:/Users/Alex/Desktop/Banana/kernel/morenasm.32
LOAD acpica/utclib.32
LOAD krnl/malloc.32
LOAD libk/ctype.32
LOAD libk/string.32
LOAD arch/i386/cc.32
LOAD fs/fat/diskio.32
LOAD fs/fat/ff.32
LOAD fs/fat/ffsystem.32
LOAD fs/fat/ffunicode.32
LOAD fs/iso9660/iso9660.32
LOAD dbg/kconsole.32
LOAD dbg/usban.32
LOAD fs/symlink.32
LOAD fs/vfs.32
LOAD hal/bus.32
LOAD hal/buzzer.32
LOAD hal/clock.32
LOAD hal/device.32
LOAD hal/diskctrl.32
LOAD hal/diskphys.32
LOAD hal/fpu.32
LOAD hal/intctrl.32
LOAD hal/keybrd.32
LOAD hal/logidisk.32
LOAD hal/mouse.32
LOAD hal/nic.32
LOAD hal/partition.32
LOAD hal/serial.32
LOAD hal/timer.32
LOAD hal/vcache.32
LOAD hal/video.32
LOAD hw/acpi.32
LOAD krnl/assert.32
LOAD krnl/atexit.32
LOAD krnl/bootmsg.32
LOAD krnl/c++.32
LOAD krnl/cdefs.32
LOAD krnl/cm.32
LOAD krnl/compat.32
LOAD krnl/computer.32
LOAD krnl/crc32.32
LOAD krnl/env.32
LOAD krnl/fault.32
LOAD krnl/gdt.32
LOAD krnl/idle.32
LOAD krnl/idt.32
LOAD krnl/inlines.32
LOAD krnl/intlformat.32
LOAD krnl/intops.32
LOAD krnl/kheap.32
LOAD krnl/mailbox.32
LOAD krnl/main.32
LOAD krnl/mutex.32
LOAD krnl/panic.32
LOAD krnl/physmgr.32
LOAD krnl/pipe.32
LOAD krnl/powctrl.32
LOAD krnl/random.32
LOAD krnl/resolve.32
LOAD krnl/semaphore.32
LOAD krnl/signal.32
LOAD krnl/syscalls.32
LOAD krnl/terminal.32
LOAD krnl/tss.32
LOAD krnl/unixfile.32
LOAD krnl/virtmgr.32
LOAD sys/alarm.32
LOAD sys/eject.32
LOAD sys/exit.32
LOAD sys/getcwd.32
LOAD sys/getpid.32
LOAD sys/getramdata.32
LOAD sys/getvgaptr.32
LOAD sys/kill.32
LOAD sys/loaddll.32
LOAD sys/pause.32
LOAD sys/read.32
LOAD sys/registersignal.32
LOAD sys/registry.32
LOAD sys/sbrk.32
LOAD sys/setcwd.32
LOAD sys/settime.32
LOAD sys/symlink.32
LOAD sys/timezone.32
LOAD sys/truncate.32
LOAD sys/write.32
LOAD sys/wsbe.32
LOAD sys/yield.32
LOAD thr/alarm.32
LOAD thr/elf.32
LOAD thr/exec.32
LOAD thr/prcssthr.32
LOAD vm86/vm8086.32
LOAD arch/i386/hal.32
LOAD arch/i386/intctrl.32
LOAD arch/i386/pic.32
LOAD arch/i386/rtc.32
LOAD arch/i386/vga.32
LOAD fs/fat/vfslink.32
LOAD fs/iso9660/helper.32
LOAD fs/iso9660/vfslink.32
LOAD hal/sound/sndcard.32
LOAD hal/sound/sndport.32
LOAD hw/bus/isa.32
LOAD hw/bus/pci.32
LOAD hw/diskctrl/ide.32
LOAD hw/diskctrl/satabus.32
LOAD hw/diskphys/ata.32
LOAD hw/diskphys/atapi.32
LOAD hw/diskphys/sata.32
LOAD hw/diskphys/satapi.32
LOAD hw/intctrl/apic.32
LOAD hw/timer/apictimer.32
LOAD hw/timer/pit.32
LOAD arch/i386/avx.32
LOAD arch/i386/interrupt.32
LOAD arch/i386/rdrand.32
LOAD arch/i386/sse.32
LOAD arch/i386/x87.32
LOAD /cygdrive/c/Users/Alex/Toolchain/Output/bin/../lib/gcc/i386-banana/8.1.0/crtend.o
LOAD crtn.32
LOAD /cygdrive/c/Users/Alex/Toolchain/Output/bin/../lib/gcc/i386-banana/8.1.0/libkgcc.a
LOAD C:/Users/Alex/Desktop/Banana/kernel/libsoftfp.a
LOAD C:/Users/Alex/Desktop/Banana/kernel/libk/libm32.a
                0x00000000c0000000                . = 0xc0000000

.text           0x00000000c0000000    0x21afe
 *(.text)
 .text          0x00000000c0000000       0x20 C:/Users/Alex/Desktop/Banana/kernel/boot.32
 .text          0x00000000c0000020        0x0 crti.32
 .text          0x00000000c0000020      0x101 /cygdrive/c/Users/Alex/Toolchain/Output/bin/../lib/gcc/i386-banana/8.1.0/crtbegin.o
 *fill*         0x00000000c0000121        0xf 
 .text          0x00000000c0000130      0x24f C:/Users/Alex/Desktop/Banana/kernel/morenasm.32
                0x00000000c0000130                manualPCIProbe
                0x00000000c000017b                prepareTramp
                0x00000000c0000194                doTPAUSE
                0x00000000c000019e                hasLegacyFPU
                0x00000000c00001c3                is486
                0x00000000c00001f9                detectCPUID
                0x00000000c000020f                goToVM86
                0x00000000c000023f                goToUsermode
                0x00000000c0000269                switchToThreadASMFirstTime
                0x00000000c0000277                switchToThreadASM
                0x00000000c00002fc                asmQuickAcquireLock
                0x00000000c000031a                asmQuickReleaseLock
                0x00000000c0000326                asmAcquireLock
                0x00000000c0000347                asmReleaseLock
                0x00000000c000035a                loadGDT
                0x00000000c000037a                memcpy
 *fill*         0x00000000c000037f        0x1 
 .text          0x00000000c0000380      0x868 acpica/utclib.32
                0x00000000c0000380                memcmp
                0x00000000c00003d0                memmove
                0x00000000c00004f0                memset
                0x00000000c0000570                strlen
                0x00000000c00005a0                strpbrk
                0x00000000c00005f0                strtok
                0x00000000c0000640                strcpy
                0x00000000c0000680                strncpy
                0x00000000c0000750                strcmp
                0x00000000c00007a0                strchr
                0x00000000c00007e0                strncmp
                0x00000000c0000840                strcat
                0x00000000c0000870                strncat
                0x00000000c00008d0                strstr
                0x00000000c0000930                toupper
                0x00000000c0000950                tolower
                0x00000000c0000970                simple_strtoul
 .text          0x00000000c0000be8     0x1140 krnl/malloc.32
                0x00000000c0000d53                dlfree
                0x00000000c000121a                dlmalloc
                0x00000000c0001757                dlrealloc
                0x00000000c0001934                dlmemalign
                0x00000000c0001a57                dlcalloc
                0x00000000c0001ae8                dlcfree
                0x00000000c0001aed                dlindependent_calloc
                0x00000000c0001b12                dlindependent_comalloc
                0x00000000c0001b29                dlvalloc
                0x00000000c0001b54                dlpvalloc
                0x00000000c0001b8a                dlmalloc_trim
                0x00000000c0001b97                dlmalloc_usable_size
                0x00000000c0001bc8                dlmallinfo
                0x00000000c0001c97                dlmalloc_stats
                0x00000000c0001ca8                dlmallopt
 .text          0x00000000c0001d28      0x1f2 libk/ctype.32
                0x00000000c0001d28                isblank
                0x00000000c0001d48                iscntrl
                0x00000000c0001d68                isdigit
                0x00000000c0001d84                islower
                0x00000000c0001da0                isspace
                0x00000000c0001dc8                isupper
                0x00000000c0001de4                isalpha
                0x00000000c0001e14                isalnum
                0x00000000c0001e44                ispunct
                0x00000000c0001e84                isgraph
                0x00000000c0001eb4                isprint
                0x00000000c0001edc                isxdigit
 .text          0x00000000c0001f1a        0x0 libk/string.32
 *fill*         0x00000000c0001f1a        0x2 
 .text          0x00000000c0001f1c       0x53 arch/i386/cc.32
                0x00000000c0001f1c                LWIP_PLATFORM_HTONS
                0x00000000c0001f40                LWIP_PLATFORM_HTONL
 .text          0x00000000c0001f6f       0x51 fs/fat/diskio.32
                0x00000000c0001f6f                disk_status
                0x00000000c0001f72                disk_initialize
                0x00000000c0001f75                disk_read
                0x00000000c0001f8b                disk_write
                0x00000000c0001fa1                disk_ioctl
 .text          0x00000000c0001fc0     0x3e46 fs/fat/ff.32
                0x00000000c0003de1                f_mount
                0x00000000c0003e43                f_open
                0x00000000c0004106                f_read
                0x00000000c0004305                f_write
                0x00000000c000454d                f_sync
                0x00000000c0004612                f_close
                0x00000000c0004641                f_lseek
                0x00000000c00047f2                f_opendir
                0x00000000c00048bd                f_closedir
                0x00000000c00048df                f_readdir
                0x00000000c0004971                f_stat
                0x00000000c00049f0                f_getfree
                0x00000000c0004af9                f_truncate
                0x00000000c0004be3                f_unlink
                0x00000000c0004d05                f_mkdir
                0x00000000c0004ea0                f_rename
                0x00000000c0005058                f_chmod
                0x00000000c0005108                f_utime
                0x00000000c00051b8                f_getlabel
                0x00000000c0005309                f_setlabel
                0x00000000c0005499                f_expand
                0x00000000c0005606                f_mkfs
 *fill*         0x00000000c0005e06        0x2 
 .text          0x00000000c0005e08       0x2f fs/fat/ffsystem.32
                0x00000000c0005e08                ff_memalloc
                0x00000000c0005e20                ff_memfree
 *fill*         0x00000000c0005e37        0x1 
 .text          0x00000000c0005e38      0x2dc fs/fat/ffunicode.32
                0x00000000c0005e38                ff_uni2oem
                0x00000000c0005ed8                ff_oem2uni
                0x00000000c0005f50                ff_wtoupper
 .text          0x00000000c0006114      0xd32 fs/iso9660/iso9660.32
                0x00000000c000635f                isoReadDiscSector
                0x00000000c00063fa                strnicmp
                0x00000000c00066a9                stricmp
                0x00000000c00066f5                iso_open
                0x00000000c000677f                iso_close
                0x00000000c000679d                iso_read
                0x00000000c00068b3                iso_seek
                0x00000000c0006937                iso_tell
                0x00000000c0006968                iso_total
                0x00000000c0006993                fn_postprocess
                0x00000000c00069ba                iso_readdir
                0x00000000c0006c11                iso_reset
                0x00000000c0006c2e                init_percd
                0x00000000c0006d28                iso_ioctl
                0x00000000c0006d40                fs_iso9660_init
                0x00000000c0006dd6                fs_iso9660_shutdown
 .text          0x00000000c0006e46      0x254 dbg/kconsole.32
                0x00000000c0006e46                Dbg::stringifyxWithBase(unsigned int, char*, int)
                0x00000000c0006ee6                Dbg::logc(char)
                0x00000000c0006f06                Dbg::logs(char*)
                0x00000000c0006f25                Dbg::logWriteInt(unsigned int)
                0x00000000c0006f43                Dbg::logWriteIntBase(unsigned int, int)
                0x00000000c0006f64                Dbg::kprintf(char const*, ...)
 *fill*         0x00000000c000709a        0x2 
 .text          0x00000000c000709c      0x2d4 dbg/usban.32
                0x00000000c000709c                KiUbsanPrintDetails(char const*, void*)
                0x00000000c0007108                __ubsan_handle_type_mismatch_v1
                0x00000000c00071e4                __ubsan_handle_pointer_overflow
                0x00000000c0007210                __ubsan_handle_out_of_bounds
                0x00000000c000723c                __ubsan_handle_add_overflow
                0x00000000c0007268                __ubsan_handle_load_invalid_value
                0x00000000c0007294                __ubsan_handle_divrem_overflow
                0x00000000c00072c0                __ubsan_handle_mul_overflow
                0x00000000c00072ec                __ubsan_handle_sub_overflow
                0x00000000c0007318                __ubsan_handle_shift_out_of_bounds
                0x00000000c0007344                __ubsan_handle_negate_overflow
 .text          0x00000000c0007370      0x814 fs/symlink.32
                0x00000000c00074bf                KiDeinitialiseSymlinks(void*)
                0x00000000c0007552                KeRegisterSymlink(char const*, unsigned long long)
                0x00000000c00075d5                KeInitialiseSymlinks()
                0x00000000c0007737                KiIsSymlinkRegistered(char const*)
                0x00000000c00078a1                KeDereferenceSymlink(char const*, char*)
                0x00000000c0007a48                KeCreateSymlink(char const*, char const*)
 .text          0x00000000c0007b84      0xd88 fs/vfs.32
                0x00000000c0007b84                File::read(unsigned long long, void*, int*)
                0x00000000c0007bdc                File::write(unsigned long long, void*, int*)
                0x00000000c0007c34                Directory::read(unsigned long long, void*, int*)
                0x00000000c0007c8c                Directory::write(unsigned long long, void*, int*)
                0x00000000c0007cba                File::isAtty()
                0x00000000c0007cbe                Directory::isAtty()
                0x00000000c0007cc2                Filesystem::getlabel(LogicalDisk*, int, char*, unsigned int*)
                0x00000000c0007cc8                Filesystem::setlabel(LogicalDisk*, int, char*)
                0x00000000c0007cce                Filesystem::allocateSwapfile(char const*, int)
                0x00000000c0007cd4                File::~File()
                0x00000000c0007cd4                File::~File()
                0x00000000c0007cf8                File::~File()
                0x00000000c0007d22                Directory::~Directory()
                0x00000000c0007d22                Directory::~Directory()
                0x00000000c0007d46                Directory::~Directory()
                0x00000000c0007d70                Filesystem::Filesystem()
                0x00000000c0007d70                Filesystem::Filesystem()
                0x00000000c0007d94                Filesystem::~Filesystem()
                0x00000000c0007d94                Filesystem::~Filesystem()
                0x00000000c0007da2                Filesystem::~Filesystem()
                0x00000000c0007dc6                Fs::getcwd(Process*, char*, int)
                0x00000000c0007df0                Fs::initVFS()
                0x00000000c0007e1a                Fs::standardiseFiles(char*, char const*, char const*, bool)
                0x00000000c0008034                File::File(char const*, Process*, bool)
                0x00000000c0008034                File::File(char const*, Process*, bool)
                0x00000000c0008132                File::File(char const*, Process*)
                0x00000000c0008132                File::File(char const*, Process*)
                0x00000000c0008150                File::open(FileOpenMode)
                0x00000000c00081ae                File::close()
                0x00000000c000820e                File::seek(unsigned long long)
                0x00000000c0008264                File::truncate(unsigned long long)
                0x00000000c00082ba                File::tell(unsigned long long*)
                0x00000000c000830a                File::rewind()
                0x00000000c000831e                File::unlink()
                0x00000000c000836a                File::rename(char const*)
                0x00000000c00083b8                File::chfatattr(unsigned char, unsigned char)
                0x00000000c0008414                File::exists()
                0x00000000c0008452                File::stat(unsigned long long*, bool*)
                0x00000000c00084b3                Fs::setcwd(Process*, char*)
                0x00000000c0008612                Directory::Directory(char const*, Process*)
                0x00000000c0008612                Directory::Directory(char const*, Process*)
                0x00000000c00086da                Directory::open()
                0x00000000c0008736                Directory::close()
                0x00000000c0008796                Directory::unlink()
                0x00000000c00087e2                Directory::rename(char const*)
                0x00000000c0008830                Directory::exists()
                0x00000000c000886e                Directory::read(dirent*)
                0x00000000c00088ba                Directory::create()
                0x00000000c0008906                Filesystem::chfatattr(char const*, unsigned char, unsigned char)
 .text          0x00000000c000890c       0x86 hal/bus.32
                0x00000000c000890c                Bus::Bus(char const*)
                0x00000000c000890c                Bus::Bus(char const*)
                0x00000000c0008944                Bus::~Bus()
                0x00000000c0008944                Bus::~Bus()
                0x00000000c0008968                Bus::~Bus()
 .text          0x00000000c0008992       0x9b hal/buzzer.32
                0x00000000c0008992                KeBeepThread(void*)
                0x00000000c00089d3                KeBeep(int, int, bool)
 *fill*         0x00000000c0008a2d        0x1 
 .text          0x00000000c0008a2e      0xeac hal/clock.32
                0x00000000c0008a2e                KeLoadTimezoneStrings()
                0x00000000c0008dbd                KeGetTimezoneStringFromID(int)
                0x00000000c0008e5a                KeUpdateTimezone(char const*)
                0x00000000c0008f54                KeSetTimezone(char const*)
                0x00000000c0008fb1                KeSetTimezone(int)
                0x00000000c0008fe4                KeLoadTimezone()
                0x00000000c000905e                Clock::Clock(char const*)
                0x00000000c000905e                Clock::Clock(char const*)
                0x00000000c0009094                Clock::~Clock()
                0x00000000c0009094                Clock::~Clock()
                0x00000000c00090b8                Clock::~Clock()
                0x00000000c00090e2                Clock::timeInSecondsLocal()
                0x00000000c0009158                Clock::setTimeInSecondsLocal(unsigned long long)
                0x00000000c00091e4                KeDatetimeToSeconds(datetime_t)
                0x00000000c0009524                Clock::setTimeInDatetimeLocal(datetime_t)
                0x00000000c00095f2                KeSecondsToDatetime(unsigned long long)
                0x00000000c00098ae                Clock::timeInDatetimeLocal()
 .text          0x00000000c00098da      0x47a hal/device.32
                0x00000000c00098da                Device::hibernate()
                0x00000000c00098dc                Device::wake()
                0x00000000c00098de                Device::detect()
                0x00000000c00098e0                Device::disableLegacy()
                0x00000000c00098e2                Device::powerSaving(PowerSavingLevel)
                0x00000000c00098e4                DriverlessDevice::close(int, int, void*)
                0x00000000c00098e8                DriverlessDevice::detect()
                0x00000000c00098ea                DriverlessDevice::open(int, int, void*)
                0x00000000c00098fe                Device::~Device()
                0x00000000c00098fe                Device::~Device()
                0x00000000c000990c                Device::~Device()
                0x00000000c0009934                Device::findAndLoadDriver()
                0x00000000c0009942                Device::preOpenPCI(PCIDeviceInfo)
                0x00000000c0009968                Device::preOpenACPI(void*, char*, char*)
                0x00000000c00099a8                Device::addIRQHandler(int, void (*)(regs*, void*), bool, void*)
                0x00000000c00099d2                Device::getParent()
                0x00000000c00099de                Device::removeIRQHandler(int, void (*)(regs*, void*), bool)
                0x00000000c00099fc                Device::addChild(Device*)
                0x00000000c0009a40                Device::removeAllChildren()
                0x00000000c0009a86                Device::hibernateAll()
                0x00000000c0009ab6                Device::wakeAll()
                0x00000000c0009ae6                Device::detectAll()
                0x00000000c0009b16                Device::disableLegacyAll()
                0x00000000c0009b18                Device::loadDriversForAll()
                0x00000000c0009b1a                Device::powerSavingAll(PowerSavingLevel)
                0x00000000c0009b50                Device::setName(char const*)
                0x00000000c0009b5e                Device::Device(char const*)
                0x00000000c0009b5e                Device::Device(char const*)
                0x00000000c0009c5a                Device::getName()
                0x00000000c0009c64                Device::closeAll()
                0x00000000c0009cb0                DriverlessDevice::DriverlessDevice(char const*)
                0x00000000c0009cb0                DriverlessDevice::DriverlessDevice(char const*)
                0x00000000c0009ce6                Device::addToLinkedList(LinkedList<Device>&, DeviceType)
                0x00000000c0009d2a                getDevicesOfType(DeviceType)
 .text          0x00000000c0009d54       0x86 hal/diskctrl.32
                0x00000000c0009d54                HardDiskController::HardDiskController(char const*)
                0x00000000c0009d54                HardDiskController::HardDiskController(char const*)
                0x00000000c0009d8c                HardDiskController::~HardDiskController()
                0x00000000c0009d8c                HardDiskController::~HardDiskController()
                0x00000000c0009db0                HardDiskController::~HardDiskController()
 .text          0x00000000c0009dda       0xe2 hal/diskphys.32
                0x00000000c0009dda                PhysicalDisk::eject()
                0x00000000c0009dde                PhysicalDisk::PhysicalDisk(char const*, int)
                0x00000000c0009dde                PhysicalDisk::PhysicalDisk(char const*, int)
                0x00000000c0009e46                PhysicalDisk::startCache()
                0x00000000c0009e6e                PhysicalDisk::~PhysicalDisk()
                0x00000000c0009e6e                PhysicalDisk::~PhysicalDisk()
                0x00000000c0009e92                PhysicalDisk::~PhysicalDisk()
 .text          0x00000000c0009ebc        0x0 hal/fpu.32
 .text          0x00000000c0009ebc        0x0 hal/intctrl.32
 .text          0x00000000c0009ebc      0x874 hal/keybrd.32
                0x00000000c0009ebc                startGUI(void*)
                0x00000000c0009f21                startGUIVESA(void*)
                0x00000000c0009f86                sendKeyToTerminal(unsigned char)
                0x00000000c000a05c                sendKeyboardToken(KeyboardToken)
                0x00000000c000a518                clearInternalKeybuffer(VgaText*)
                0x00000000c000a54d                readKeyboard(VgaText*, char*, unsigned long)
                0x00000000c000a6a6                Keyboard::Keyboard(char const*)
                0x00000000c000a6a6                Keyboard::Keyboard(char const*)
                0x00000000c000a6e2                Keyboard::~Keyboard()
                0x00000000c000a6e2                Keyboard::~Keyboard()
                0x00000000c000a706                Keyboard::~Keyboard()
 .text          0x00000000c000a730      0x3f8 hal/logidisk.32
                0x00000000c000a730                LogicalDisk::close(int, int, void*)
                0x00000000c000a734                LogicalDisk::~LogicalDisk()
                0x00000000c000a734                LogicalDisk::~LogicalDisk()
                0x00000000c000a758                LogicalDisk::~LogicalDisk()
                0x00000000c000a782                LogicalDisk::open(int, int, void*)
                0x00000000c000a796                LogicalDisk::absoluteToRelative(unsigned long long)
                0x00000000c000a7ce                LogicalDisk::relativeToAbsolute(unsigned long long)
                0x00000000c000a814                LogicalDisk::LogicalDisk(char const*, PhysicalDisk*, unsigned long long, unsigned long long)
                0x00000000c000a814                LogicalDisk::LogicalDisk(char const*, PhysicalDisk*, unsigned long long, unsigned long long)
                0x00000000c000a8d4                LogicalDisk::assignDriveLetter()
                0x00000000c000a98e                LogicalDisk::mount()
                0x00000000c000a9d6                LogicalDisk::unmount()
                0x00000000c000a9e6                LogicalDisk::eject()
                0x00000000c000a9fa                LogicalDisk::unassignDriveLetter()
                0x00000000c000aa50                LogicalDisk::read(unsigned long long, int, void*)
                0x00000000c000aabc                LogicalDisk::write(unsigned long long, int, void*)
 .text          0x00000000c000ab28       0x86 hal/mouse.32
                0x00000000c000ab28                Mouse::Mouse(char const*)
                0x00000000c000ab28                Mouse::Mouse(char const*)
                0x00000000c000ab60                Mouse::~Mouse()
                0x00000000c000ab60                Mouse::~Mouse()
                0x00000000c000ab84                Mouse::~Mouse()
 .text          0x00000000c000abae       0x90 hal/nic.32
                0x00000000c000abae                NIC::getMAC()
                0x00000000c000abb4                NIC::write(int, unsigned char*, int*)
                0x00000000c000abba                NIC::NIC(char const*)
                0x00000000c000abba                NIC::NIC(char const*)
                0x00000000c000abf0                NIC::~NIC()
                0x00000000c000abf0                NIC::~NIC()
                0x00000000c000ac14                NIC::~NIC()
 .text          0x00000000c000ac3e      0x33b hal/partition.32
                0x00000000c000ac3e                makePartition(PhysicalDisk*, unsigned long long, unsigned long long)
                0x00000000c000ace6                createPartitionsForDisk(PhysicalDisk*)
 *fill*         0x00000000c000af79        0x3 
 .text          0x00000000c000af7c       0x86 hal/serial.32
                0x00000000c000af7c                Serial::Serial(char const*)
                0x00000000c000af7c                Serial::Serial(char const*)
                0x00000000c000afb4                Serial::~Serial()
                0x00000000c000afb4                Serial::~Serial()
                0x00000000c000afd8                Serial::~Serial()
 *fill*         0x00000000c000b002        0x2 
 .text          0x00000000c000b004      0x264 hal/timer.32
                0x00000000c000b004                Timer::Timer(char const*)
                0x00000000c000b004                Timer::Timer(char const*)
                0x00000000c000b03c                Timer::~Timer()
                0x00000000c000b03c                Timer::~Timer()
                0x00000000c000b060                Timer::~Timer()
                0x00000000c000b08a                Timer::read()
                0x00000000c000b095                setupTimer(int)
                0x00000000c000b0d0                timerHandler(unsigned int)
 .text          0x00000000c000b268      0x5fe hal/vcache.32
                0x00000000c000b268                VCache::VCache(PhysicalDisk*)
                0x00000000c000b268                VCache::VCache(PhysicalDisk*)
                0x00000000c000b3d8                VCache::invalidateReadBuffer()
                0x00000000c000b3e8                VCache::writeWriteBuffer()
                0x00000000c000b434                VCache::~VCache()
                0x00000000c000b434                VCache::~VCache()
                0x00000000c000b48c                VCache::~VCache()
                0x00000000c000b4b4                VCache::write(unsigned long long, int, void*)
                0x00000000c000b682                VCache::read(unsigned long long, int, void*)
 .text          0x00000000c000b866      0x70e hal/video.32
                0x00000000c000b866                Video::putrect(int, int, int, int, unsigned int)
                0x00000000c000b8b2                Video::bitblit(int, int, int, int, int, int, int, unsigned int*)
                0x00000000c000b922                Video::blit(unsigned int*, int, int, int, int)
                0x00000000c000b9a0                Video::clearScreen(unsigned int)
                0x00000000c000b9d4                Video::putpixel(int, int, unsigned int)
                0x00000000c000b9e2                Video::readPixelApprox(int, int)
                0x00000000c000b9f6                Video::Video(char const*)
                0x00000000c000b9f6                Video::Video(char const*)
                0x00000000c000ba2c                Video::~Video()
                0x00000000c000ba2c                Video::~Video()
                0x00000000c000ba50                Video::~Video()
                0x00000000c000ba7a                Video::isMonochrome()
                0x00000000c000ba86                Video::getWidth()
                0x00000000c000ba92                Video::getHeight()
                0x00000000c000ba9e                Video::drawCursor(int, int, unsigned int*, int)
                0x00000000c000bb5a                Video::tgaParse(unsigned char*, int, int*, int*)
                0x00000000c000bf04                Video::putTGA(int, int, unsigned char*, int)
 .text          0x00000000c000bf74     0x114f hw/acpi.32
                0x00000000c000bf74                ACPI::close(int, int, void*)
                0x00000000c000bf7c                loadACPITables(unsigned char*)
                0x00000000c000c1dc                findRSDT(unsigned char*)
                0x00000000c000c328                findDataTable(unsigned char*, char*)
                0x00000000c000c39c                scanMADT()
                0x00000000c000c7f4                ACPI::ACPI()
                0x00000000c000c7f4                ACPI::ACPI()
                0x00000000c000c848                ACPI::getPCIIRQAssignment(unsigned char, unsigned short, unsigned char)
                0x00000000c000c944                ACPI::registerPCIIRQAssignment(void*, unsigned short, unsigned char, unsigned char)
                0x00000000c000ca10                ACPI::setScreenBrightnessLevel(void*, int)
                0x00000000c000ca18                ACPI::detectPCI()
                0x00000000c000cc24                ACPI::writeSimpleBootFlag(SimpleBootFlagTable*)
                0x00000000c000cc3c                ACPI::open(int, int, void*)
 *fill*         0x00000000c000d0c3        0x1 
 .text          0x00000000c000d0c4       0xea krnl/assert.32
                0x00000000c000d0c4                KeAssertionFailed(char*, char const*, char const*, int)
 .text          0x00000000c000d1ae       0xb6 krnl/atexit.32
                0x00000000c000d1ae                KeInitialiseAtexit()
                0x00000000c000d1cd                KeRegisterAtexit(void (*)(void*), void*)
                0x00000000c000d201                KeExecuteAtexit()
 .text          0x00000000c000d264       0x9f krnl/bootmsg.32
                0x00000000c000d264                KeDisplaySplashScreen()
                0x00000000c000d293                KeSetBootMessage(char const*)
 .text          0x00000000c000d303       0x5f krnl/c++.32
                0x00000000c000d303                __cxa_atexit
                0x00000000c000d306                __cxa_finalize
                0x00000000c000d307                __stack_chk_fail
                0x00000000c000d33d                __cxa_pure_virtual
                0x00000000c000d34e                operator new[](unsigned long)
                0x00000000c000d353                operator delete(void*, unsigned long)
                0x00000000c000d358                operator delete[](void*)
                0x00000000c000d35d                operator delete[](void*, unsigned long)
 *fill*         0x00000000c000d362        0x2 
 .text          0x00000000c000d364       0x44 krnl/cdefs.32
                0x00000000c000d364                CUnlockScheduler
                0x00000000c000d37c                CLockScheduler
                0x00000000c000d38c                CPrintf
 .text          0x00000000c000d3a8      0xd56 krnl/cm.32
                0x00000000c000d3a8                CmOpen(char const*)
                0x00000000c000d4c6                CmClose(Reghive_Tag*)
                0x00000000c000d4dc                CmReadExtent(Reghive_Tag*, int, unsigned char*)
                0x00000000c000d518                CmGetString(Reghive_Tag*, int, char*)
                0x00000000c000d58f                CmEnterDirectory(Reghive_Tag*, int)
                0x00000000c000d5ce                CmGetNext(Reghive_Tag*, int)
                0x00000000c000d600                CmWriteExtent(Reghive_Tag*, int, unsigned char*)
                0x00000000c000d63c                CmFreeExtent(Reghive_Tag*, int)
                0x00000000c000d664                CmUpdateHeader(Reghive_Tag*)
                0x00000000c000d685                CmExpand(Reghive_Tag*, int)
                0x00000000c000d700                CmFindUnusedExtent(Reghive_Tag*)
                0x00000000c000d786                CmCreateExtent(Reghive_Tag*, int, int, unsigned char*)
                0x00000000c000d87a                CmSetString(Reghive_Tag*, int, char const*)
                0x00000000c000d9b6                CmGetMatch(char*, char*, bool, bool*)
                0x00000000c000da17                CmAddShift(unsigned int*, int*, unsigned char, int)
                0x00000000c000da47                CmGetShift(unsigned int*, int*, int, bool*)
                0x00000000c000da7e                CmGetInteger(Reghive_Tag*, int, unsigned long long*)
                0x00000000c000daa8                CmSetInteger(Reghive_Tag*, int, unsigned long long)
                0x00000000c000dae8                CmConvertFromInternalFilename(unsigned char const*, char*)
                0x00000000c000db8c                CmGetNameAndTypeFromExtent(Reghive_Tag*, int, char*)
                0x00000000c000dbba                CmConvertToInternalFilename(char const*, unsigned char*)
                0x00000000c000dd58                CmCreateString(Reghive_Tag*, int, char const*)
                0x00000000c000dda5                CmFindInDirectory(Reghive_Tag*, int, char const*)
                0x00000000c000de1f                CmCreateInteger(Reghive_Tag*, int, char const*, unsigned long long, int)
                0x00000000c000de72                CmCreateDirectory(Reghive_Tag*, int, char const*)
                0x00000000c000df36                zStrtok(char*, char const*)
                0x00000000c000dfa8                CmFindObjectFromPath(Reghive_Tag*, char const*)
                0x00000000c000e029                CmDisplayTree(Reghive_Tag*, int, int)
                0x00000000c000e0cc                CmSplitFinalSlashInPlace(char*)
 *fill*         0x00000000c000e0fe        0x2 
 .text          0x00000000c000e100       0x1d krnl/compat.32
                0x00000000c000e100                Krnl::handlePowerButton()
                0x00000000c000e110                Krnl::handleSleepButton()
 *fill*         0x00000000c000e11d        0x1 
 .text          0x00000000c000e11e      0x2c3 krnl/computer.32
                0x00000000c000e11e                Computer::close(int, int, void*)
                0x00000000c000e124                Computer::open(int, int, void*)
                0x00000000c000e20a                KeFirstTask()
                0x00000000c000e32c                Computer::Computer()
                0x00000000c000e32c                Computer::Computer()
                0x00000000c000e370                KePrepareShutdown()
                0x00000000c000e390                KeShutdown()
                0x00000000c000e3b4                KeSleep()
                0x00000000c000e3c0                KeRestart()
 .text          0x00000000c000e3e1       0x2b krnl/crc32.32
                0x00000000c000e3e1                KeCalculateCRC32(unsigned char*, int)
 .text          0x00000000c000e40c      0x5bf krnl/env.32
                0x00000000c000e40c                EnvVarContainer::getEnv(char const*)
                0x00000000c000e44a                EnvVarContainer::setEnv(char const*, char const*)
                0x00000000c000e50c                EnvVarContainer::deleteEnv(char const*)
                0x00000000c000e50e                EnvVarContainer::loadFrom(char const*, char const*)
                0x00000000c000e732                EnvVarContainer::__loadSystem()
                0x00000000c000e74c                EnvVarContainer::__loadUser()
                0x00000000c000e74e                EnvVarContainer::EnvVarContainer(Process*)
                0x00000000c000e74e                EnvVarContainer::EnvVarContainer(Process*)
                0x00000000c000e770                EnvVarContainer::~EnvVarContainer()
                0x00000000c000e770                EnvVarContainer::~EnvVarContainer()
                0x00000000c000e7a0                KeGetEnv(Process*, char const*)
                0x00000000c000e805                KeSetEnvSystem(char const*, char const*)
                0x00000000c000e81f                KeSetEnvUser(char const*, char const*)
                0x00000000c000e83e                KeSetEnvProcess(Process*, char const*, char const*)
                0x00000000c000e851                KeDeleteEnvSystem(char const*)
                0x00000000c000e852                KeDeleteEnvUser(char const*)
                0x00000000c000e853                KeDeleteEnvProcess(Process*, char const*)
                0x00000000c000e854                KeNewProcessEnv(Process*)
                0x00000000c000e876                KeCopyProcessEnv(Process*, Process*)
                0x00000000c000e8c2                KeLoadSystemEnv()
                0x00000000c000e8f0                KeLoadUserEnv()
                0x00000000c000e916                KeFlushEnv()
                0x00000000c000e917                KeGetProcessTotalEnvCount(Process*)
                0x00000000c000e937                KeGetProcessEnvPair(Process*, int)
 *fill*         0x00000000c000e9cb        0x1 
 .text          0x00000000c000e9cc      0x361 krnl/fault.32
                0x00000000c000e9cc                KeSetupInterrupts()
                0x00000000c000ea44                int_handler
                0x00000000c000eb74                KeDisplayProgramFault(char const*)
                0x00000000c000ebc4                KeGeneralProtectionFault(void*, void*)
                0x00000000c000ec18                KePageFault(void*, void*)
                0x00000000c000ec7c                KeNonMaskableInterrupt(void*, void*)
                0x00000000c000ec8c                KeOtherFault(void*, void*)
                0x00000000c000ecc0                KeOpcodeFault(void*, void*)
                0x00000000c000ed14                KeDoubleFault(void*, void*)
 *fill*         0x00000000c000ed2d        0x1 
 .text          0x00000000c000ed2e      0x1db krnl/gdt.32
                0x00000000c000ed2e                GDTEntry::setBase(unsigned int)
                0x00000000c000ed4a                GDTEntry::setLimit(unsigned int)
                0x00000000c000ed68                GDT::GDT()
                0x00000000c000ed68                GDT::GDT()
                0x00000000c000ed7e                GDT::addEntry(GDTEntry)
                0x00000000c000eda0                GDT::getNumberOfEntries()
                0x00000000c000eda8                GDT::flush()
                0x00000000c000edca                GDT::setup()
 .text          0x00000000c000ef09       0x20 krnl/idle.32
                0x00000000c000ef09                idleFunction(void*)
 *fill*         0x00000000c000ef29        0x3 
 .text          0x00000000c000ef2c      0x46c krnl/idt.32
                0x00000000c000ef2c                IDTEntry::IDTEntry(bool)
                0x00000000c000ef2c                IDTEntry::IDTEntry(bool)
                0x00000000c000efa6                IDTEntry::setOffset(unsigned int)
                0x00000000c000efbc                IDT::IDT()
                0x00000000c000efbc                IDT::IDT()
                0x00000000c000efbe                IDT::getPointerToInvalidOpcodeEntryForF00F()
                0x00000000c000efc6                IDT::addEntry(IDTEntry, int)
                0x00000000c000efe0                IDT::addEntry(int, void (*)(), bool)
                0x00000000c000f018                IDT::flush()
                0x00000000c000f032                IDT::setup()
 .text          0x00000000c000f398       0x9a krnl/inlines.32
                0x00000000c000f398                CPU::current()
                0x00000000c000f3a4                operator new(unsigned long)
                0x00000000c000f3a9                operator delete(void*)
                0x00000000c000f3ae                disableIRQs()
                0x00000000c000f3b0                enableIRQs()
                0x00000000c000f3b2                lockScheduler()
                0x00000000c000f3ba                unlockScheduler()
                0x00000000c000f3cc                lockStuff()
                0x00000000c000f3da                unlockStuff()
                0x00000000c000f417                Virt::getAKernelVAS()
                0x00000000c000f41d                __not_memcpy
 .text          0x00000000c000f432      0x2bc krnl/intlformat.32
                0x00000000c000f432                KeFormatDate(char*, int, int, int, int, bool)
                0x00000000c000f622                KeFormatShortDate(char*, int, int, int, int)
                0x00000000c000f644                KeFormatLongDate(char*, int, int, int, int)
                0x00000000c000f666                KeSetLocale(klocale_t)
                0x00000000c000f67c                KeInitialiseLocale()
                0x00000000c000f6ea                KeFormatCurrency(char*, int, long long, long long)
                0x00000000c000f6eb                KeFormatCurrency(char*, int, double)
                0x00000000c000f6ec                KeFormatNumber(char*, long long, long long)
                0x00000000c000f6ed                KeFormatNumber(char*, double)
 *fill*         0x00000000c000f6ee        0x2 
 .text          0x00000000c000f6f0      0x42e krnl/intops.32
                0x00000000c000f6f0                KeBasedUnsignedIntegerToString(unsigned long long, char*, int)
                0x00000000c000f878                KeBasedSignedIntegerToString(long long, char*, int)
                0x00000000c000fa24                KeGetDigitsInNumber(long long)
                0x00000000c000fa90                KeItoa(unsigned long long, char*)
                0x00000000c000fac0                KeItoa(long long, char*)
                0x00000000c000faf0                KeXtoa(unsigned long long, char*)
 .text          0x00000000c000fb1e      0x207 krnl/kheap.32
                0x00000000c000fb1e                sbrk
                0x00000000c000fbb5                sbrk_thunk
                0x00000000c000fbeb                mmap
                0x00000000c000fc49                munmap
                0x00000000c000fc5e                liballoc_lock()
                0x00000000c000fc6c                liballoc_unlock()
                0x00000000c000fc84                liballoc_alloc(int)
                0x00000000c000fc9c                liballoc_free(void*, int)
                0x00000000c000fcb7                realloc
                0x00000000c000fccb                malloc
                0x00000000c000fcdb                free
                0x00000000c000fceb                rfree
                0x00000000c000fcfb                calloc
 *fill*         0x00000000c000fd25        0x3 
 .text          0x00000000c000fd28      0x1d3 krnl/mailbox.32
                0x00000000c000fd28                KeMailboxTryPost(Mailbox*, void*)
                0x00000000c000fd88                KeMailboxTryGet(Mailbox*, void**)
                0x00000000c000fde8                KeMailboxCreate()
                0x00000000c000fe1c                KeMailboxPost(Mailbox*, void*)
                0x00000000c000fe80                KeMailboxGet(Mailbox*, void**)
                0x00000000c000fee4                KeMailboxDestroy(Mailbox*)
 .text          0x00000000c000fefb       0xfd krnl/main.32
                0x00000000c000fefb                KeEntryPoint
 .text          0x00000000c000fff8       0x1a krnl/mutex.32
                0x00000000c000fff8                Mutex::Mutex()
                0x00000000c000fff8                Mutex::Mutex()
 .text          0x00000000c0010012        0xc krnl/panic.32
                0x00000000c0010012                KePanic(char const*)
 .text          0x00000000c001001e      0x667 krnl/physmgr.32
                0x00000000c001001e                Phys::allocateDMA(unsigned long)
                0x00000000c0010106                Phys::freeDMA(unsigned long, unsigned long)
                0x00000000c0010141                Phys::setPageState(unsigned long, bool)
                0x00000000c0010181                Phys::getPageState(unsigned long)
                0x00000000c001019d                Phys::freePage(unsigned long)
                0x00000000c0010206                Phys::allocatePage()
                0x00000000c00102e4                Phys::allocateContiguousPages(int)
                0x00000000c001035f                Phys::allowSegmentToBeUsed(unsigned long, unsigned long)
                0x00000000c0010397                Phys::physicalMemorySetup(unsigned int)
 *fill*         0x00000000c0010685        0x1 
 .text          0x00000000c0010686      0x275 krnl/pipe.32
                0x00000000c0010686                Pipe::isAtty()
                0x00000000c001068a                Pipe::~Pipe()
                0x00000000c001068a                Pipe::~Pipe()
                0x00000000c00106ae                Pipe::~Pipe()
                0x00000000c00106d6                Pipe::write(unsigned long long, void*, int*)
                0x00000000c0010796                Pipe::read(unsigned long long, void*, int*)
                0x00000000c0010894                Pipe::Pipe(int)
                0x00000000c0010894                Pipe::Pipe(int)
 .text          0x00000000c00108fb      0x10c krnl/powctrl.32
                0x00000000c00108fb                KePowerThread(void*)
                0x00000000c001092d                KeChangePowerSettings(PowerSettings)
                0x00000000c0010943                KeUserIOReceived()
                0x00000000c001094e                KeHandlePowerButton()
                0x00000000c0010966                KeHandleSleepButton()
                0x00000000c001097e                KeSetupPowerManager()
 .text          0x00000000c0010a07       0x9d krnl/random.32
                0x00000000c0010a07                KeRand()
                0x00000000c0010a49                KeSeedRand(unsigned int)
                0x00000000c0010a72                KeInitRand()
 .text          0x00000000c0010aa4      0x1bc krnl/resolve.32
                0x00000000c0010aa4                KeResolveCompatibilitySymbol(char*)
 .text          0x00000000c0010c60      0x415 krnl/semaphore.32
                0x00000000c0010c60                Semaphore::Semaphore(int)
                0x00000000c0010c60                Semaphore::Semaphore(int)
                0x00000000c0010c90                Semaphore::tryAcquire()
                0x00000000c0010d64                Semaphore::assertLocked(char const*)
                0x00000000c0010df0                Semaphore::acquire(int)
                0x00000000c0010fa8                Semaphore::acquire()
                0x00000000c0010fc4                Semaphore::release()
 .text          0x00000000c0011075      0x407 krnl/signal.32
                0x00000000c0011075                KiSigKill(int)
                0x00000000c0011089                KiDefaultSignalHandlerIgnore(int)
                0x00000000c001108a                KiDefaultSignalHandlerPause(int)
                0x00000000c00110b6                KiDefaultSignalHandlerResume(int)
                0x00000000c00110e2                KeDeinitSignals(SigHandlerBlock*)
                0x00000000c00110e7                KeInitSignals()
                0x00000000c001114c                KeRegisterSignalHandler(SigHandlerBlock*, int, void (*)(int), unsigned int, int)
                0x00000000c0011182                KeRaiseSignal(SigHandlerBlock*, int)
                0x00000000c0011203                KeCheckSignal(SigHandlerBlock*, int*)
                0x00000000c0011399                KiCheckSignalZ
                0x00000000c00113ef                KeCompleteSignal(SigHandlerBlock*, int)
                0x00000000c001142a                KiFinishSignalZ
 .text          0x00000000c001147c      0xe18 krnl/syscalls.32
                0x00000000c001147c                SysSeekDir(regs*)
                0x00000000c0011481                SysTellDir(regs*)
                0x00000000c0011486                SysVerify(regs*)
                0x00000000c0011490                SysGetArgc(regs*)
                0x00000000c00114a4                SysTTYName(regs*)
                0x00000000c00114ac                SysFormatDisk(regs*)
                0x00000000c0011523                SysSetDiskVolumeLabel(regs*)
                0x00000000c0011577                SysGetDiskVolumeLabel(regs*)
                0x00000000c00115d0                SysRealpath(regs*)
                0x00000000c0011614                SysReadDir(regs*)
                0x00000000c0011694                SysIsATTY(regs*)
                0x00000000c00116ee                SysSeek(regs*)
                0x00000000c001174c                SysTell(regs*)
                0x00000000c00117c1                SysSize(regs*)
                0x00000000c001183b                SysSizeFromFilename(regs*)
                0x00000000c0011965                SysSizeFromFilenameNoSymlink(regs*)
                0x00000000c0011a8f                SysClose(regs*)
                0x00000000c0011aef                SysOpenDir(regs*)
                0x00000000c0011b6c                SysMakeDir(regs*)
                0x00000000c0011bda                SysCloseDir(regs*)
                0x00000000c0011c2e                SysWait(regs*)
                0x00000000c0011c4f                SysNotImpl(regs*)
                0x00000000c0011c6a                SysPanic(regs*)
                0x00000000c0011c85                SysRmdir(regs*)
                0x00000000c0011cea                SysUnlink(regs*)
                0x00000000c0011d4f                SysGetArgv(regs*)
                0x00000000c0011d9c                SysUSleep(regs*)
                0x00000000c0011dc6                SysSpawn(regs*)
                0x00000000c0011e39                SysGetEnv(regs*)
                0x00000000c0011eea                SysSetFatAttrib(regs*)
                0x00000000c0011f5d                SysShutdown(regs*)
                0x00000000c0011fba                SysPipe(regs*)
                0x00000000c0011fff                SysGetUnixTime(regs*)
                0x00000000c0012013                string_ends_with(char const*, char const*)
                0x00000000c001205b                SysOpen(regs*)
                0x00000000c0012252                KeSystemCall(regs*, void*)
 .text          0x00000000c0012294      0xb0b krnl/terminal.32
                0x00000000c0012294                VgaText::isAtty()
                0x00000000c0012298                VgaText::~VgaText()
                0x00000000c0012298                VgaText::~VgaText()
                0x00000000c00122bc                VgaText::~VgaText()
                0x00000000c00122e6                VgaText::read(unsigned long long, void*, int*)
                0x00000000c0012306                setTerminalScrollLock(bool)
                0x00000000c0012307                doTerminalCycle()
                0x00000000c0012308                addToTerminalCycle(VgaText*)
                0x00000000c0012309                scrollTerminalScrollLock(int)
                0x00000000c001230a                VgaText::updateTitle()
                0x00000000c001230c                VgaText::load()
                0x00000000c001230e                VgaText::updateCursor()
                0x00000000c0012324                VgaText::doANSI_SGR(int)
                0x00000000c0012398                VgaText::setDefaultBgColour(VgaColour)
                0x00000000c00123a8                VgaText::setDefaultFgColour(VgaColour)
                0x00000000c00123b8                VgaText::setDefaultColours(VgaColour, VgaColour)
                0x00000000c00123d8                VgaText::setTitleTextColour(VgaColour)
                0x00000000c00123e4                VgaText::setTitleColour(VgaColour)
                0x00000000c00123f0                VgaText::setTitle(char*)
                0x00000000c00123f2                VgaText::combineColours(unsigned char, unsigned char)
                0x00000000c0012404                VgaText::scrollScreen()
                0x00000000c0012496                VgaText::combineCharAndColour(char, unsigned char)
                0x00000000c00124a6                VgaText::writeCharacter(char, VgaColour, VgaColour, int, int)
                0x00000000c0012552                VgaText::getCursorX()
                0x00000000c001255a                VgaText::getCursorY()
                0x00000000c0012562                VgaText::setCursor(int, int)
                0x00000000c0012579                setActiveTerminal(VgaText*)
                0x00000000c00125c4                VgaText::clearScreen()
                0x00000000c0012612                VgaText::setCursorX(int)
                0x00000000c001262a                VgaText::setCursorY(int)
                0x00000000c0012642                VgaText::incrementCursor(bool)
                0x00000000c0012696                VgaText::decrementCursor(bool)
                0x00000000c00126b8                VgaText::putchar(char, VgaColour, VgaColour)
                0x00000000c0012788                VgaText::putchar(char)
                0x00000000c0012880                VgaText::putx(unsigned int)
                0x00000000c00128c6                VgaText::puts(char const*)
                0x00000000c00128ec                VgaText::write(unsigned long long, void*, int*)
                0x00000000c0012938                VgaText::puts(char const*, VgaColour, VgaColour)
                0x00000000c0012ab2                VgaText::VgaText(char const*)
                0x00000000c0012ab2                VgaText::VgaText(char const*)
                0x00000000c0012c12                VgaText::receiveKey(unsigned char)
                0x00000000c0012d9e                VgaText::doUpdate()
 *fill*         0x00000000c0012d9f        0x1 
 .text          0x00000000c0012da0      0x224 krnl/tss.32
                0x00000000c0012da0                TSS::TSS()
                0x00000000c0012da0                TSS::TSS()
                0x00000000c0012db0                TSS::setESP(unsigned long)
                0x00000000c0012dc4                TSS::flush()
                0x00000000c0012de4                TSS::setup(unsigned long, unsigned long)
 .text          0x00000000c0012fc4      0x4dc krnl/unixfile.32
                0x00000000c0012fc4                ReservedFilename::read(unsigned long long, void*, int*)
                0x00000000c001301a                ReservedFilename::isAtty()
                0x00000000c0013036                ReservedFilename::write(unsigned long long, void*, int*)
                0x00000000c0013094                UnixFile::getFileDescriptor()
                0x00000000c001309c                UnixFile::UnixFile(int)
                0x00000000c001309c                UnixFile::UnixFile(int)
                0x00000000c0013250                ReservedFilename::ReservedFilename(int)
                0x00000000c0013250                ReservedFilename::ReservedFilename(int)
                0x00000000c0013282                UnixFile::~UnixFile()
                0x00000000c0013282                UnixFile::~UnixFile()
                0x00000000c001331e                UnixFile::~UnixFile()
                0x00000000c0013346                ReservedFilename::~ReservedFilename()
                0x00000000c0013346                ReservedFilename::~ReservedFilename()
                0x00000000c001336a                ReservedFilename::~ReservedFilename()
                0x00000000c0013391                KeGetFileFromDescriptor(int)
 .text          0x00000000c00134a0     0x14bc krnl/virtmgr.32
                0x00000000c00134a0                Virt::setPageState(unsigned long, Virt::VirtPageState)
                0x00000000c00134da                Virt::getPageState(unsigned long)
                0x00000000c00134fd                Virt::allocateKernelVirtualPages(int)
                0x00000000c0013622                Virt::freeSwapfilePage(unsigned long)
                0x00000000c0013645                Virt::swapIDToSector(unsigned long)
                0x00000000c001365b                Virt::allocateSwapfilePage()
                0x00000000c00136db                Virt::virtualMemorySetup()
                0x00000000c001372c                Virt::setupPageSwapping(int)
                0x00000000c001379e                VAS::setCPUSpecific(unsigned long)
                0x00000000c00137a0                VAS::VAS(VAS*)
                0x00000000c00137a0                VAS::VAS(VAS*)
                0x00000000c00137b8                VAS::getForeignPageTableEntry(bool, unsigned long)
                0x00000000c00137e6                VAS::getPageTableEntry(unsigned long)
                0x00000000c0013805                Virt::freeKernelVirtualPages(unsigned long)
                0x00000000c0013942                VAS::freeAllocatedPages(unsigned long)
                0x00000000c0013966                VAS::virtualToPhysical(unsigned long)
                0x00000000c0013980                VAS::reflagRange(unsigned long, int, unsigned long, unsigned long)
                0x00000000c00139c2                VAS::VAS()
                0x00000000c00139c2                VAS::VAS()
                0x00000000c0013a2c                VAS::setToWriteCombining(unsigned long, int)
                0x00000000c0013a4c                VAS::mapOtherVASIn(bool, VAS*)
                0x00000000c0013a78                VAS::~VAS()
                0x00000000c0013a78                VAS::~VAS()
                0x00000000c0013be0                VAS::mapPage(unsigned long, unsigned long, int)
                0x00000000c0013ce4                VAS::allocatePages(int, int)
                0x00000000c0013dca                VAS::mapRange(unsigned long, unsigned long, int, int)
                0x00000000c0013e22                VAS::mapForeignPage(bool, VAS*, unsigned long, unsigned long, int)
                0x00000000c0013f18                VAS::VAS(bool)
                0x00000000c0013f18                VAS::VAS(bool)
                0x00000000c0014100                VAS::evict(unsigned long)
                0x00000000c0014204                VAS::canLockPage(unsigned long)
                0x00000000c001421e                VAS::unlockPage(unsigned long)
                0x00000000c0014252                VAS::canLockPages(unsigned long, int)
                0x00000000c001428e                VAS::unlockPages(unsigned long, int)
                0x00000000c00142ca                VAS::tryLoadBackOffDisk(unsigned long)
                0x00000000c00145da                VAS::lockPage(unsigned long)
                0x00000000c001464c                VAS::lockPages(unsigned long, int)
                0x00000000c0014688                VAS::allocateSharedMemoryWithKernel(unsigned long, unsigned long*)
                0x00000000c00146fc                VAS::freeSharedMemoryWithKernel(unsigned long, unsigned long)
                0x00000000c0014728                VAS::scanForEviction()
                0x00000000c0014861                mapVASFirstTime
 .text          0x00000000c001495c       0x2f sys/alarm.32
                0x00000000c001495c                SysAlarm(regs*)
 .text          0x00000000c001498b       0x36 sys/eject.32
                0x00000000c001498b                SysEject(regs*)
 .text          0x00000000c00149c1       0x18 sys/exit.32
                0x00000000c00149c1                SysExit(regs*)
 .text          0x00000000c00149d9       0x1f sys/getcwd.32
                0x00000000c00149d9                SysGetCwd(regs*)
 .text          0x00000000c00149f8       0x26 sys/getpid.32
                0x00000000c00149f8                SysGetPID(regs*)
 .text          0x00000000c0014a1e       0x21 sys/getramdata.32
                0x00000000c0014a1e                SysGetRAMData(regs*)
 .text          0x00000000c0014a3f       0x97 sys/getvgaptr.32
                0x00000000c0014a3f                SysGetVGAPtr(regs*)
 *fill*         0x00000000c0014ad6        0x2 
 .text          0x00000000c0014ad8       0xb9 sys/kill.32
                0x00000000c0014ad8                SysKill(regs*)
 .text          0x00000000c0014b91       0xa8 sys/loaddll.32
                0x00000000c0014b91                SysLoadDLL(regs*)
 .text          0x00000000c0014c39       0x12 sys/pause.32
                0x00000000c0014c39                SysPause(regs*)
 .text          0x00000000c0014c4b       0x68 sys/read.32
                0x00000000c0014c4b                SysRead(regs*)
 .text          0x00000000c0014cb3       0x29 sys/registersignal.32
                0x00000000c0014cb3                SysRegisterSignal(regs*)
 .text          0x00000000c0014cdc      0x1cc sys/registry.32
                0x00000000c0014cdc                SysRegistryGetTypeFromPath(regs*)
                0x00000000c0014d20                SysRegistryReadExtent(regs*)
                0x00000000c0014d68                SysRegistryPathToExtentLookup(regs*)
                0x00000000c0014d7f                SysRegistryEnterDirectory(regs*)
                0x00000000c0014d96                SysRegistryGetNext(regs*)
                0x00000000c0014dad                SysRegistryGetNameAndTypeFromExtent(regs*)
                0x00000000c0014de7                SysRegistryOpen(regs*)
                0x00000000c0014dfb                SysRegistryClose(regs*)
                0x00000000c0014e12                SysRegistryEasyReadString(regs*)
                0x00000000c0014e5e                SysRegistryEasyReadInteger(regs*)
 .text          0x00000000c0014ea8       0x55 sys/sbrk.32
                0x00000000c0014ea8                SysSbrk(regs*)
 .text          0x00000000c0014efd       0x1c sys/setcwd.32
                0x00000000c0014efd                SysSetCwd(regs*)
 .text          0x00000000c0014f19       0xd7 sys/settime.32
                0x00000000c0014f19                SysSetTime(regs*)
 .text          0x00000000c0014ff0       0x73 sys/symlink.32
                0x00000000c0014ff0                SysSymlink(regs*)
 .text          0x00000000c0015063       0x3e sys/timezone.32
                0x00000000c0015063                SysTimezone(regs*)
 .text          0x00000000c00150a1       0xfc sys/truncate.32
                0x00000000c00150a1                SysTruncate(regs*)
 .text          0x00000000c001519d       0x68 sys/write.32
                0x00000000c001519d                SysWrite(regs*)
 .text          0x00000000c0015205       0x9d sys/wsbe.32
                0x00000000c0015205                SysWsbe(regs*)
 .text          0x00000000c00152a2       0x28 sys/yield.32
                0x00000000c00152a2                SysYield(regs*)
 *fill*         0x00000000c00152ca        0x2 
 .text          0x00000000c00152cc      0x1a7 thr/alarm.32
                0x00000000c00152cc                KeAlarm(ThreadControlBlock*, unsigned long long)
                0x00000000c00153c4                KeCheckAlarm(ThreadControlBlock*)
 .text          0x00000000c0015473     0x120b thr/elf.32
                0x00000000c0015473                Thr::allocateMemoryForTask(Process*, File*, unsigned long, unsigned long, unsigned long)
                0x00000000c0015705                Thr::loadProgramIntoMemory(Process*, char const*)
                0x00000000c0015917                Thr::runtimeReferenceHelper()
                0x00000000c001592a                Thr::getAddressOfKernelSymbol(char const*)
                0x00000000c0015979                Thr::loadKernelSymbolTable(char const*)
                0x00000000c0015c37                Thr::loadDriverIntoMemory(char const*, unsigned long, bool)
                0x00000000c0016370                Thr::getDriverBaseFromAddress(unsigned long)
                0x00000000c00163a2                Thr::getDriverNameFromAddress(unsigned long)
                0x00000000c00163d9                Thr::getDriverOffsetFromAddress(unsigned long)
                0x00000000c00163f3                Thr::loadDLL(char const*, bool)
                0x00000000c0016645                Thr::executeDLL(unsigned long, void*)
 .text          0x00000000c001667e       0x5a thr/exec.32
                0x00000000c001667e                KeProcessExec(Process*, char const*)
 .text          0x00000000c00166d8     0x1291 thr/prcssthr.32
                0x00000000c00166d8                userModeEntryPoint(void*)
                0x00000000c0016704                changeTSS
                0x00000000c0016734                switchToThread(ThreadControlBlock*)
                0x00000000c001681c                Process::addArgs(char**)
                0x00000000c0016888                Process::Process(char const*, Process*, char**)
                0x00000000c0016888                Process::Process(char const*, Process*, char**)
                0x00000000c0016ab0                Process::Process(bool, char const*, Process*, char**)
                0x00000000c0016ab0                Process::Process(bool, char const*, Process*, char**)
                0x00000000c0016c9c                taskStartupFunction
                0x00000000c0016ca8                KeDisablePreemption()
                0x00000000c0016cd0                KeRestorePreemption()
                0x00000000c0016cf0                Process::createThread(void (*)(void*), void*, int)
                0x00000000c0016e30                Process::createUserThread()
                0x00000000c0016e50                setupMultitasking(void (*)())
                0x00000000c0016f88                schedule()
                0x00000000c001701c                blockTaskWithSchedulerLockAlreadyHeld(TaskState)
                0x00000000c0017048                blockTask(TaskState)
                0x00000000c0017084                waitTask(int, int*, int)
                0x00000000c00170c8                milliTenthSleepUntil(unsigned long long)
                0x00000000c001717c                milliTenthSleep(unsigned long long)
                0x00000000c0017194                sleep(unsigned long long)
                0x00000000c00171b4                sleep(unsigned int)
                0x00000000c00171cc                milliTenthSleep(unsigned int)
                0x00000000c00171ec                taskReturned
                0x00000000c0017234                Thr::processFromPID(int)
                0x00000000c00172e4                unblockTask(ThreadControlBlock*)
                0x00000000c0017398                cleanupTerminatedTask(ThreadControlBlock*)
                0x00000000c0017674                cleanerTaskFunction(void*)
                0x00000000c001778c                terminateTask(int)
                0x00000000c001789c                Thr::terminateFromIRQ(int)
 .text          0x00000000c0017969      0xd10 vm86/vm8086.32
                0x00000000c0017969                Vm::inbv(unsigned short)
                0x00000000c001797c                Vm::outbv(unsigned short, unsigned char)
                0x00000000c00179b2                Vm::realToLinear(unsigned short, unsigned short)
                0x00000000c00179c2                Vm::getSegment(unsigned int)
                0x00000000c00179ca                Vm::getOffset(unsigned int)
                0x00000000c00179cf                Vm::mainloop2()
                0x00000000c0017a09                Vm::mainVm8086Loop(void*)
                0x00000000c0017a1c                Vm::mainloop3(unsigned long)
                0x00000000c0017a42                Vm::initialise8086()
                0x00000000c0017a85                Vm::resetConventionalMemory8086()
                0x00000000c0017a86                Vm::finish8086()
                0x00000000c0017ae8                Vm::getOutput8086(unsigned char*)
                0x00000000c0017b0d                Vm::start8086FromBuffer(unsigned char*, int, unsigned short, unsigned short, unsigned short, unsigned short)
                0x00000000c0017c3a                Vm::start8086(char const*, unsigned short, unsigned short, unsigned short, unsigned short)
                0x00000000c0017e48                Vm::doISR(regs*, int, unsigned char*, unsigned short, unsigned short)
                0x00000000c0017ee1                Vm::readByteFromReal(unsigned short, unsigned short)
                0x00000000c0017ef2                Vm::readWordFromReal(unsigned short, unsigned short)
                0x00000000c0017f04                Vm::readDwordFromReal(unsigned short, unsigned short)
                0x00000000c0017f15                Vm::writeByteFromReal(unsigned short, unsigned short, unsigned char)
                0x00000000c0017f2a                Vm::writeWordFromReal(unsigned short, unsigned short, unsigned short)
                0x00000000c0017f40                Vm::writeDwordFromReal(unsigned short, unsigned short, unsigned int)
                0x00000000c0017f55                Vm::faultHandler(regs*)
 *fill*         0x00000000c0018679        0x1 
 .text          0x00000000c001867a     0x1ee7 arch/i386/hal.32
                0x00000000c001867a                noCopro(unsigned long)
                0x00000000c001867c                CPU::close(int, int, void*)
                0x00000000c001867f                x86ReadCMOS(unsigned char)
                0x00000000c00186d3                x86WriteCMOS(unsigned char, unsigned char)
                0x00000000c0018733                AMD_K6_write_msr(unsigned int, unsigned int, unsigned int, REGS*)
                0x00000000c0018752                AMD_K6_read_msr(unsigned int, REGS*)
                0x00000000c001876f                AMD_K6_writeback(int, int, int)
                0x00000000c001882f                cpuid(int, unsigned long*, unsigned long*, unsigned long*, unsigned long*)
                0x00000000c00188cd                cpuidCheckEDX(unsigned int)
                0x00000000c00188fa                cpuidCheckECX(unsigned int)
                0x00000000c0018928                cpuidCheckExtendedEBX(unsigned int)
                0x00000000c0018956                cpuidCheckExtendedECX(unsigned int)
                0x00000000c0018984                HalDetectFeatures()
                0x00000000c001974f                HalEnableNMI()
                0x00000000c0019762                HalDisableNMI()
                0x00000000c0019775                HalGetNMIState()
                0x00000000c001977b                x86rdmsr(unsigned int)
                0x00000000c00197b9                x86wrmsr(unsigned int, unsigned long long)
                0x00000000c00197fe                HalHandleGeneralProtectionFault(void*, void*)
                0x00000000c0019814                HalFindRSDP()
                0x00000000c00198a9                HalHandlePageFault(void*, void*)
                0x00000000c0019956                HalHandleOpcodeFault(void*, void*)
                0x00000000c0019998                HalDisplayDebugInfo(void*)
                0x00000000c0019d26                HalReceivedNMI()
                0x00000000c0019dc1                HalSystemIdle()
                0x00000000c0019e20                i386SaveCoprocessor(void*)
                0x00000000c0019e34                i386LoadCoprocessor(void*)
                0x00000000c0019e48                x87EmulHandler(regs*, void*)
                0x00000000c0019ee5                HalInitialiseCoprocessor()
                0x00000000c0019f69                HalPanic(char const*)
                0x00000000c001a07d                HalQueryPerformanceCounter()
                0x00000000c001a08d                HalInitialise()
                0x00000000c001a21f                HalMakeBeep(int)
                0x00000000c001a259                HalGetRand()
                0x00000000c001a25c                HalEndOfInterrupt(int)
                0x00000000c001a287                HalRestart()
                0x00000000c001a288                HalShutdown()
                0x00000000c001a289                HalSleep()
                0x00000000c001a28a                CPU::CPU()
                0x00000000c001a28a                CPU::CPU()
                0x00000000c001a30e                CPU::setupSMEP()
                0x00000000c001a31a                CPU::setupUMIP()
                0x00000000c001a324                CPU::setupTSC()
                0x00000000c001a32e                CPU::setupLargePages()
                0x00000000c001a338                CPU::setupPAT()
                0x00000000c001a36a                CPU::setupMTRR()
                0x00000000c001a36c                CPU::setupGlobalPages()
                0x00000000c001a376                CPU::allowUsermodeDataAccess()
                0x00000000c001a384                CPU::prohibitUsermodeDataAccess()
                0x00000000c001a392                CPU::setupSMAP()
                0x00000000c001a3a0                CPU::setupFeatures()
                0x00000000c001a46c                CPU::open(int, int, void*)
 .text          0x00000000c001a561      0x261 arch/i386/intctrl.32
                0x00000000c001a561                convertLegacyIRQNumber(int)
                0x00000000c001a59d                HalInstallISRHandler(int, void (*)(regs*, void*), void*)
                0x00000000c001a5e7                HalInstallIRQHandler(int, void (*)(regs*, void*), bool, void*)
                0x00000000c001a715                HalUninstallISRHandler(int, void (*)(regs*, void*))
                0x00000000c001a749                HalUninstallIRQHandler(int, void (*)(regs*, void*), bool)
 *fill*         0x00000000c001a7c2        0x2 
 .text          0x00000000c001a7c4      0x2dc arch/i386/pic.32
                0x00000000c001a7c4                picIoWait()
                0x00000000c001a7cc                picDisable()
                0x00000000c001a800                picGetIRQReg(int)
                0x00000000c001a87c                picOpen()
                0x00000000c001aa00                picEOI(int)
 .text          0x00000000c001aaa0      0x5f3 arch/i386/rtc.32
                0x00000000c001aaa0                RTC::open(int, int, void*)
                0x00000000c001aaa4                RTC::close(int, int, void*)
                0x00000000c001aaa8                RTC::timeInSecondsUTC()
                0x00000000c001aaba                RTC::timeInDatetimeUTC()
                0x00000000c001aae0                RTC::setTimeInSecondsUTC(unsigned long long)
                0x00000000c001ab1e                RTC::~RTC()
                0x00000000c001ab1e                RTC::~RTC()
                0x00000000c001ab42                RTC::~RTC()
                0x00000000c001ab6c                RTC::get_update_in_progress_flag()
                0x00000000c001ab80                RTC::completeRTCRefresh()
                0x00000000c001ae34                RTC::setTimeInDatetimeUTC(datetime_t)
                0x00000000c001afaa                rtcIRQHandler(regs*, void*)
                0x00000000c001afea                RTC::RTC()
                0x00000000c001afea                RTC::RTC()
 *fill*         0x00000000c001b093        0x1 
 .text          0x00000000c001b094      0x1f4 arch/i386/vga.32
                0x00000000c001b094                HalConsoleScroll(int, int)
                0x00000000c001b19c                HalConsoleWriteCharacter(char, int, int, int, int)
                0x00000000c001b200                HalConsoleCursorUpdate(int, int)
 .text          0x00000000c001b288     0x14cf fs/fat/vfslink.32
                0x00000000c001b288                FAT::getName()
                0x00000000c001b290                FAT::tell(void*, unsigned long long*)
                0x00000000c001b2cc                FAT::stat(void*, unsigned long long*)
                0x00000000c001b308                FAT::~FAT()
                0x00000000c001b308                FAT::~FAT()
                0x00000000c001b32c                FAT::~FAT()
                0x00000000c001b354                FAT::getlabel(LogicalDisk*, int, char*, unsigned int*)
                0x00000000c001b3f8                FAT::setlabel(LogicalDisk*, int, char*)
                0x00000000c001b4bc                FAT::format(LogicalDisk*, int, char const*, int)
                0x00000000c001b6a0                FAT::tryMount(LogicalDisk*, int)
                0x00000000c001b8bc                FAT::allocateSwapfile(char const*, int)
                0x00000000c001ba7c                FAT::readDir(void*, unsigned long, void*, int*)
                0x00000000c001bbec                FAT::read(void*, unsigned long, void*, int*)
                0x00000000c001bc4c                FAT::write(void*, unsigned long, void*, int*)
                0x00000000c001bcac                FAT::close(void*)
                0x00000000c001bd00                FAT::closeDir(void*)
                0x00000000c001bd54                FAT::truncate(void*, unsigned long long)
                0x00000000c001bdc0                FAT::seek(void*, unsigned long long)
                0x00000000c001be18                fatWrapperReadDisk
                0x00000000c001be58                fatWrapperWriteDisk
                0x00000000c001be98                fatWrapperIoctl
                0x00000000c001bfb4                FAT::FAT()
                0x00000000c001bfb4                FAT::FAT()
                0x00000000c001c00c                FAT::fixFilepath(char*)
                0x00000000c001c04c                FAT::open(char const*, void**, FileOpenMode)
                0x00000000c001c1c0                FAT::openDir(char const*, void**)
                0x00000000c001c270                FAT::stat(char const*, unsigned long long*, bool*)
                0x00000000c001c368                FAT::unlink(char const*)
                0x00000000c001c3e8                FAT::chfatattr(char const*, unsigned char, unsigned char)
                0x00000000c001c59c                FAT::rename(char const*, char const*)
                0x00000000c001c668                FAT::mkdir(char const*)
                0x00000000c001c6e8                FAT::exists(char const*)
 *fill*         0x00000000c001c757        0x1 
 .text          0x00000000c001c758       0x94 fs/iso9660/helper.32
                0x00000000c001c758                isoReadDiscSectorHelper
                0x00000000c001c7b4                iso_kprintf
                0x00000000c001c7d0                iso_kprintfd
 .text          0x00000000c001c7ec      0x71c fs/iso9660/vfslink.32
                0x00000000c001c7ec                ISO9660::format(LogicalDisk*, int, char const*, int)
                0x00000000c001c7f2                ISO9660::truncate(void*, unsigned long long)
                0x00000000c001c7f8                ISO9660::getName()
                0x00000000c001c7fe                ISO9660::closeDir(void*)
                0x00000000c001c808                ISO9660::chfatattr(char const*, unsigned char, unsigned char)
                0x00000000c001c80e                ISO9660::unlink(char const*)
                0x00000000c001c814                ISO9660::write(void*, unsigned long, void*, int*)
                0x00000000c001c81a                ISO9660::rename(char const*, char const*)
                0x00000000c001c820                ISO9660::mkdir(char const*)
                0x00000000c001c826                ISO9660::~ISO9660()
                0x00000000c001c826                ISO9660::~ISO9660()
                0x00000000c001c84a                ISO9660::~ISO9660()
                0x00000000c001c872                ISO9660::exists(char const*)
                0x00000000c001c886                ISO9660::open(char const*, void**, FileOpenMode)
                0x00000000c001c96c                ISO9660::read(void*, unsigned long, void*, int*)
                0x00000000c001c9b4                ISO9660::seek(void*, unsigned long long)
                0x00000000c001c9f6                ISO9660::tell(void*, unsigned long long*)
                0x00000000c001ca34                ISO9660::stat(void*, unsigned long long*)
                0x00000000c001ca86                ISO9660::stat(char const*, unsigned long long*, bool*)
                0x00000000c001cbc8                ISO9660::close(void*)
                0x00000000c001cbf8                ISO9660::openDir(char const*, void**)
                0x00000000c001ccd2                ISO9660::readDir(void*, unsigned long, void*, int*)
                0x00000000c001cdef                readSectorFromCDROM(unsigned int, unsigned char*, char)
                0x00000000c001ce6e                ISO9660::tryMount(LogicalDisk*, int)
                0x00000000c001cee0                ISO9660::ISO9660()
                0x00000000c001cee0                ISO9660::ISO9660()
 .text          0x00000000c001cf08      0x26c hal/sound/sndcard.32
                0x00000000c001cf08                SoundCard::beginPlayback()
                0x00000000c001cf16                SoundCard::stopPlayback()
                0x00000000c001cf24                SoundCard::SoundCard(char const*)
                0x00000000c001cf24                SoundCard::SoundCard(char const*)
                0x00000000c001cfc2                SoundCard::~SoundCard()
                0x00000000c001cfc2                SoundCard::~SoundCard()
                0x00000000c001cfe6                SoundCard::~SoundCard()
                0x00000000c001d010                SoundCard::configureRates(int, int, int)
                0x00000000c001d040                SoundCard::getSamples16(int, short*)
                0x00000000c001d09c                SoundCard::getSamples32(int, int*)
                0x00000000c001d122                SoundCard::addChannel(SoundPort*)
                0x00000000c001d160                SoundCard::removeChannel(int)
 .text          0x00000000c001d174      0x426 hal/sound/sndport.32
                0x00000000c001d174                SoundPort::SoundPort(int, int, int, int)
                0x00000000c001d174                SoundPort::SoundPort(int, int, int, int)
                0x00000000c001d200                SoundPort::~SoundPort()
                0x00000000c001d200                SoundPort::~SoundPort()
                0x00000000c001d234                SoundPort::unpause()
                0x00000000c001d240                SoundPort::pause()
                0x00000000c001d24c                SoundPort::getBufferUsed()
                0x00000000c001d254                SoundPort::getBufferSize()
                0x00000000c001d25c                SoundPort::buffer8(signed char*, int)
                0x00000000c001d2f0                SoundPort::buffer16(short*, int)
                0x00000000c001d384                SoundPort::buffer32(int*, int)
                0x00000000c001d410                SoundPort::unbufferAndAdd16(int, short*, SoundCard*)
                0x00000000c001d4dc                SoundPort::unbufferAndAdd32(int, int*, SoundCard*)
 .text          0x00000000c001d59a        0x0 hw/bus/isa.32
 .text          0x00000000c001d59a      0xc23 hw/bus/pci.32
                0x00000000c001d59a                PCI::open(int, int, void*)
                0x00000000c001d5b8                PCI::close(int, int, void*)
                0x00000000c001d5bc                PCI::PCI()
                0x00000000c001d5bc                PCI::PCI()
                0x00000000c001d654                PCI::readBAR8(unsigned int, int)
                0x00000000c001d670                PCI::readBAR16(unsigned int, int)
                0x00000000c001d68e                PCI::readBAR32(unsigned int, int)
                0x00000000c001d6aa                PCI::writeBAR8(unsigned int, unsigned char, int)
                0x00000000c001d6ca                PCI::writeBAR16(unsigned int, unsigned short, int)
                0x00000000c001d6ec                PCI::writeBAR32(unsigned int, unsigned int, int)
                0x00000000c001d70c                PCI::legacyMechanism(unsigned char, unsigned char, unsigned char, unsigned char)
                0x00000000c001d782                PCI::pciReadWord(unsigned char, unsigned char, unsigned char, unsigned char)
                0x00000000c001d82c                PCI::getVendorID(unsigned char, unsigned char, unsigned char)
                0x00000000c001d850                PCI::getHeaderType(unsigned char, unsigned char, unsigned char)
                0x00000000c001d878                PCI::getClassCode(unsigned char, unsigned char, unsigned char)
                0x00000000c001d8c2                PCI::getProgIF(unsigned char, unsigned char, unsigned char)
                0x00000000c001d8ea                PCI::getRevisionID(unsigned char, unsigned char, unsigned char)
                0x00000000c001d90e                PCI::getInterruptNumber(unsigned char, unsigned char, unsigned char)
                0x00000000c001d932                PCI::getSecondaryBus(unsigned char, unsigned char, unsigned char)
                0x00000000c001d95a                PCI::getBARAddress(unsigned char, unsigned char, unsigned char, unsigned char)
                0x00000000c001d9be                PCI::pciWriteWord(unsigned char, unsigned char, unsigned char, unsigned char, unsigned short)
                0x00000000c001daa6                PCI::pciDetailsToFilepath(PCIDeviceInfo, char*)
                0x00000000c001dd6c                PCI::checkBus(unsigned char)
                0x00000000c001dd90                PCI::foundDevice(PCIDeviceInfo)
                0x00000000c001df76                PCI::getDeviceData(unsigned char, unsigned char, unsigned char)
                0x00000000c001e0f2                PCI::checkDevice(unsigned char, unsigned char)
                0x00000000c001e164                PCI::detect()
 *fill*         0x00000000c001e1bd        0x1 
 .text          0x00000000c001e1be      0xe58 hw/diskctrl/ide.32
                0x00000000c001e1be                IDE::close(int, int, void*)
                0x00000000c001e1c2                IDE::IDE()
                0x00000000c001e1c2                IDE::IDE()
                0x00000000c001e1f6                IDE::prepareInterrupt(unsigned char)
                0x00000000c001e208                selectDrive(unsigned char, unsigned char)
                0x00000000c001e20a                IDE::getBase(unsigned char)
                0x00000000c001e21c                IDE::write(unsigned char, unsigned char, unsigned char)
                0x00000000c001e2dc                IDE::read(unsigned char, unsigned char)
                0x00000000c001e38a                IDE::waitInterrupt(unsigned char)
                0x00000000c001e3ed                ideChannel0IRQHandler(regs*, void*)
                0x00000000c001e409                ideChannel1IRQHandler(regs*, void*)
                0x00000000c001e426                IDE::enableIRQs(unsigned char, bool)
                0x00000000c001e470                IDE::open(int, int, void*)
                0x00000000c001e9ca                IDE::readBuffer(unsigned char, unsigned char, unsigned int, unsigned int)
                0x00000000c001ea9a                IDE::detect()
                0x00000000c001ef08                IDE::printError(unsigned char, unsigned char, unsigned char)
                0x00000000c001efc2                IDE::polling(unsigned char, unsigned int)
 .text          0x00000000c001f016      0x33d hw/diskctrl/satabus.32
                0x00000000c001f016                SATABus::close(int, int, void*)
                0x00000000c001f01a                SATABus::detect()
                0x00000000c001f01c                SATABus::SATABus()
                0x00000000c001f01c                SATABus::SATABus()
                0x00000000c001f0a2                SATABus::findCmdslot(SATABus::tagHBA_PORT volatile*)
                0x00000000c001f0d4                SATABus::checkType(SATABus::tagHBA_PORT volatile*)
                0x00000000c001f11c                SATABus::startCmd(SATABus::tagHBA_PORT volatile*)
                0x00000000c001f13c                SATABus::stopCmd(SATABus::tagHBA_PORT volatile*)
                0x00000000c001f166                SATABus::portRebase(SATABus::tagHBA_PORT volatile*, int)
                0x00000000c001f276                SATABus::probePort(SATABus::tagHBA_MEM volatile*)
                0x00000000c001f320                SATABus::open(int, int, void*)
 *fill*         0x00000000c001f353        0x1 
 .text          0x00000000c001f354      0x7a9 hw/diskphys/ata.32
                0x00000000c001f354                ATA::close(int, int, void*)
                0x00000000c001f378                ATA::powerSaving(PowerSavingLevel)
                0x00000000c001f37a                ATA::ATA()
                0x00000000c001f37a                ATA::ATA()
                0x00000000c001f3a8                ATA::flush(bool)
                0x00000000c001f3f6                ATA::readyForCommand()
                0x00000000c001f442                ATA::access(unsigned long long, int, void*, bool)
                0x00000000c001f832                ATA::read(unsigned long long, int, void*)
                0x00000000c001f87e                ATA::write(unsigned long long, int, void*)
                0x00000000c001f8ca                ATA::detectCHS()
                0x00000000c001f8f4                ATA::open(int, int, void*)
                0x00000000c001fadf                combineCharAndColour(char, unsigned char)
                0x00000000c001faf0                combineColours(unsigned char, unsigned char)
 *fill*         0x00000000c001fafd        0x1 
 .text          0x00000000c001fafe      0x618 hw/diskphys/atapi.32
                0x00000000c001fafe                ATAPI::write(unsigned long long, int, void*)
                0x00000000c001fb04                ATAPI::close(int, int, void*)
                0x00000000c001fb28                ATAPI::ATAPI()
                0x00000000c001fb28                ATAPI::ATAPI()
                0x00000000c001fb56                ATAPI::readyForCommand()
                0x00000000c001fba8                ATAPI::sendPacket(unsigned char*, int, bool, unsigned short*, int)
                0x00000000c001fe70                ATAPI::diskRemoved()
                0x00000000c001feaa                ATAPI::eject()
                0x00000000c001fef2                ATAPI::diskInserted()
                0x00000000c001fefe                ATAPI::detectMedia()
                0x00000000c001ffbc                ATAPI::open(int, int, void*)
                0x00000000c002009c                ATAPI::read(unsigned long long, int, void*)
 .text          0x00000000c0020116      0x44c hw/diskphys/sata.32
                0x00000000c0020116                SATA::close(int, int, void*)
                0x00000000c002013a                SATA::powerSaving(PowerSavingLevel)
                0x00000000c002013c                SATA::open(int, int, void*)
                0x00000000c00201f4                SATA::SATA()
                0x00000000c00201f4                SATA::SATA()
                0x00000000c0020222                SATA::access(unsigned long long, int, void*, bool)
                0x00000000c00204aa                SATA::read(unsigned long long, int, void*)
                0x00000000c00204f6                SATA::write(unsigned long long, int, void*)
 .text          0x00000000c0020562      0x5d4 hw/diskphys/satapi.32
                0x00000000c0020562                SATAPI::write(unsigned long long, int, void*)
                0x00000000c0020568                SATAPI::close(int, int, void*)
                0x00000000c002058c                SATAPI::SATAPI()
                0x00000000c002058c                SATAPI::SATAPI()
                0x00000000c00205ba                SATAPI::diskRemoved()
                0x00000000c00205bc                SATAPI::diskInserted()
                0x00000000c00205d8                SATAPI::sendPacket(unsigned char*, int, unsigned long long, unsigned short*, int)
                0x00000000c00208ba                SATAPI::eject()
                0x00000000c00208f6                SATAPI::detectMedia()
                0x00000000c002094c                SATAPI::open(int, int, void*)
                0x00000000c0020a4c                SATAPI::read(unsigned long long, int, void*)
 .text          0x00000000c0020b36      0x443 hw/intctrl/apic.32
                0x00000000c0020b36                IOAPIC::close(int, int, void*)
                0x00000000c0020b3c                apicGetBase()
                0x00000000c0020b5a                IOAPIC::IOAPIC()
                0x00000000c0020b5a                IOAPIC::IOAPIC()
                0x00000000c0020b82                apicOpen()