Archive member included to satisfy reference by file (symbol)

/cygdrive/d/Users/Alex/Desktop/Toolchain/Output/bin/../lib/gcc/i386-banana/8.1.0/libkgcc.a(_divdi3.o)
                              fs/fat/ff.32 (__divdi3)
/cygdrive/d/Users/Alex/Desktop/Toolchain/Output/bin/../lib/gcc/i386-banana/8.1.0/libkgcc.a(_moddi3.o)
                              compat/resolve.32 (__moddi3)
/cygdrive/d/Users/Alex/Desktop/Toolchain/Output/bin/../lib/gcc/i386-banana/8.1.0/libkgcc.a(_udivdi3.o)
                              fs/fat/ff.32 (__udivdi3)
/cygdrive/d/Users/Alex/Desktop/Toolchain/Output/bin/../lib/gcc/i386-banana/8.1.0/libkgcc.a(_umoddi3.o)
                              compat/resolve.32 (__umoddi3)
D:/Users/Alex/Desktop/Banana/kernel/libsoftfp.a(sfieeelib.o)
                              hal/sound/sndhw.32 (__addsf3)
D:/Users/Alex/Desktop/Banana/kernel/libsoftfp.a(dfieeelib.o)
                              hal/libresample/src_linear.32 (__adddf3)
D:/Users/Alex/Desktop/Banana/kernel/libsoftfp.a(sfdfcvt.o)
                              hal/libresample/samplerate.32 (__truncdfsf2)
D:/Users/Alex/Desktop/Banana/kernel/libk/libm32.a(s_fabs.c.o)
                              hal/libresample/samplerate.32 (fabs)
D:/Users/Alex/Desktop/Banana/kernel/libk/libm32.a(s_lrint.S.o)
                              hal/libresample/samplerate.32 (lrint)
D:/Users/Alex/Desktop/Banana/kernel/libk/libm32.a(s_lrintf.S.o)
                              hal/sound/sndhw.32 (lrintf)

Discarded input sections

 .comment       0x0000000000000000       0x12 /cygdrive/d/Users/Alex/Desktop/Toolchain/Output/bin/../lib/gcc/i386-banana/8.1.0/crtbegin.o
 .comment       0x0000000000000000       0x12 acpica/utclib.32
 .comment       0x0000000000000000       0x12 core/malloc.32
 .comment       0x0000000000000000       0x12 libk/string.32
 .comment       0x0000000000000000       0x12 fs/fat/diskio.32
 .comment       0x0000000000000000       0x12 fs/fat/ff.32
 .comment       0x0000000000000000       0x12 fs/fat/ffsystem.32
 .comment       0x0000000000000000       0x12 fs/fat/ffunicode.32
 .comment       0x0000000000000000       0x12 hal/libresample/samplerate.32
 .comment       0x0000000000000000       0x12 hal/libresample/src_linear.32
 .comment       0x0000000000000000       0x12 hal/libresample/src_sinc.32
 .comment       0x0000000000000000       0x12 hal/libresample/src_zoh.32
 .comment       0x0000000000000000       0x12 compat/inlines.32
 .comment       0x0000000000000000       0x12 compat/resolve.32
 .group         0x0000000000000000       0x14 core/computer.32
 .group         0x0000000000000000        0xc core/computer.32
 .comment       0x0000000000000000       0x12 core/computer.32
 .comment       0x0000000000000000       0x12 core/gdt.32
 .group         0x0000000000000000        0xc core/idle.32
 .comment       0x0000000000000000       0x12 core/idle.32
 .comment       0x0000000000000000       0x12 core/idt.32
 .comment       0x0000000000000000       0x12 core/kheap.32
 .comment       0x0000000000000000       0x12 core/main.32
 .comment       0x0000000000000000       0x12 core/physmgr.32
 .group         0x0000000000000000        0xc core/pipe.32
 .comment       0x0000000000000000       0x12 core/pipe.32
 .group         0x0000000000000000        0xc core/terminal.32
 .comment       0x0000000000000000       0x12 core/terminal.32
 .comment       0x0000000000000000       0x12 core/tss.32
 .group         0x0000000000000000        0x8 core/unixfile.32
 .group         0x0000000000000000        0xc core/unixfile.32
 .group         0x0000000000000000        0xc core/unixfile.32
 .group         0x0000000000000000        0x8 core/unixfile.32
 .group         0x0000000000000000        0xc core/unixfile.32
 .group         0x0000000000000000        0x8 core/unixfile.32
 .group         0x0000000000000000        0xc core/unixfile.32
 .group         0x0000000000000000        0xc core/unixfile.32
 .comment       0x0000000000000000       0x12 core/unixfile.32
 .comment       0x0000000000000000       0x12 core/virtmgr.32
 .comment       0x0000000000000000       0x12 coreobjs/c++.32
 .comment       0x0000000000000000       0x12 dbg/kconsole.32
 .group         0x0000000000000000        0xc fs/vfs.32
 .group         0x0000000000000000        0xc fs/vfs.32
 .group         0x0000000000000000        0xc fs/vfs.32
 .comment       0x0000000000000000       0x12 fs/vfs.32
 .group         0x0000000000000000        0xc hal/bus.32
 .comment       0x0000000000000000       0x12 hal/bus.32
 .group         0x0000000000000000        0xc hal/buzzer.32
 .comment       0x0000000000000000       0x12 hal/buzzer.32
 .group         0x0000000000000000        0xc hal/clock.32
 .comment       0x0000000000000000       0x12 hal/clock.32
 .group         0x0000000000000000       0x14 hal/device.32
 .group         0x0000000000000000        0xc hal/device.32
 .group         0x0000000000000000        0xc hal/device.32
 .group         0x0000000000000000        0xc hal/device.32
[...]
Memory Configuration

Name             Origin             Length             Attributes
*default*        0x0000000000000000 0xffffffffffffffff

Linker script and memory map

LOAD D:/Users/Alex/Desktop/Banana/kernel/boot.32
LOAD crti.32
LOAD /cygdrive/d/Users/Alex/Desktop/Toolchain/Output/bin/../lib/gcc/i386-banana/8.1.0/crtbegin.o
LOAD D:/Users/Alex/Desktop/Banana/kernel/morenasm.32
LOAD acpica/utclib.32
LOAD core/malloc.32
LOAD libk/string.32
LOAD fs/fat/diskio.32
LOAD fs/fat/ff.32
LOAD fs/fat/ffsystem.32
LOAD fs/fat/ffunicode.32
LOAD hal/libresample/samplerate.32
LOAD hal/libresample/src_linear.32
LOAD hal/libresample/src_sinc.32
LOAD hal/libresample/src_zoh.32
LOAD compat/inlines.32
LOAD compat/resolve.32
LOAD core/computer.32
LOAD core/gdt.32
LOAD core/idle.32
LOAD core/idt.32
LOAD core/kheap.32
LOAD core/main.32
LOAD core/physmgr.32
LOAD core/pipe.32
LOAD core/terminal.32
LOAD core/tss.32
LOAD core/unixfile.32
LOAD core/virtmgr.32
LOAD coreobjs/c++.32
LOAD dbg/kconsole.32
LOAD fs/vfs.32
LOAD hal/bus.32
LOAD hal/buzzer.32
LOAD hal/clock.32
LOAD hal/device.32
LOAD hal/diskctrl.32
LOAD hal/diskphys.32
LOAD hal/fpu.32
LOAD hal/intctrl.32
LOAD hal/keybrd.32
LOAD hal/logidisk.32
LOAD hal/mouse.32
LOAD hal/partition.32
LOAD hal/serial.32
LOAD hal/timer.32
LOAD hal/vcache.32
LOAD hal/video.32
LOAD hw/acpi.32
LOAD hw/cpu.32
LOAD hw/ports.32
LOAD hw/smp.32
LOAD krnl/env.32
LOAD krnl/panic.32
LOAD net/ethernet.32
LOAD reg/registry.32
LOAD sys/sc_eject.32
LOAD sys/sc_exit.32
LOAD sys/sc_getcwd.32
LOAD sys/sc_getpid.32
LOAD sys/sc_getramdata.32
LOAD sys/sc_getvgaptr.32
LOAD sys/sc_loaddll.32
LOAD sys/sc_read.32
LOAD sys/sc_sbrk.32
LOAD sys/sc_setcwd.32
LOAD sys/sc_settime.32
LOAD sys/sc_timezone.32
LOAD sys/sc_write.32
LOAD sys/sc_wsbe.32
LOAD sys/sc_yield.32
LOAD sys/syscalls.32
LOAD thr/elf.32
LOAD thr/prcssthr.32
LOAD vm86/vm8086.32
LOAD vm86/x87em.32
LOAD fs/fat/vfslink.32
LOAD fs/iso9660/vfslink.32
LOAD hal/sound/sndchannel.32
LOAD hal/sound/sndhw.32
LOAD hw/bus/isa.32
LOAD hw/bus/pci.32
LOAD hw/diskctrl/ide.32
LOAD hw/diskctrl/satabus.32
LOAD hw/diskphys/ata.32
LOAD hw/diskphys/atapi.32
LOAD hw/diskphys/sata.32
LOAD hw/diskphys/satapi.32
LOAD hw/fpu/avx.32
LOAD hw/fpu/mmx.32
LOAD hw/fpu/sse.32
LOAD hw/fpu/x87.32
LOAD hw/intctrl/apic.32
LOAD hw/intctrl/pic.32
LOAD hw/timer/apictimer.32
LOAD hw/timer/pit.32
LOAD hw/fpu/x86/avx.32
LOAD hw/fpu/x86/sse.32
LOAD hw/fpu/x86/x87.32
LOAD /cygdrive/d/Users/Alex/Desktop/Toolchain/Output/bin/../lib/gcc/i386-banana/8.1.0/crtend.o
LOAD crtn.32
LOAD /cygdrive/d/Users/Alex/Desktop/Toolchain/Output/bin/../lib/gcc/i386-banana/8.1.0/libkgcc.a
LOAD D:/Users/Alex/Desktop/Banana/kernel/libsoftfp.a
LOAD D:/Users/Alex/Desktop/Banana/kernel/libk/libm32.a
                0x00000000c0000000                . = 0xc0000000

.text           0x00000000c0000000    0x29128
 *(.text)
 .text          0x00000000c0000000       0x41 D:/Users/Alex/Desktop/Banana/kernel/boot.32
                0x00000000c0000020                callGlobalConstructors
 .text          0x00000000c0000041        0x0 crti.32
 *fill*         0x00000000c0000041        0x3 
 .text          0x00000000c0000044      0x101 /cygdrive/d/Users/Alex/Desktop/Toolchain/Output/bin/../lib/gcc/i386-banana/8.1.0/crtbegin.o
 *fill*         0x00000000c0000145        0xb 
 .text          0x00000000c0000150      0x517 D:/Users/Alex/Desktop/Banana/kernel/morenasm.32
                0x00000000c0000150                manualPCIProbe
                0x00000000c000019b                prepareTramp
                0x00000000c00001b4                voodooXADD
                0x00000000c000027f                doTPAUSE
                0x00000000c0000289                hasLegacyFPU
                0x00000000c00002ae                is486
                0x00000000c00002e4                detectCPUID
                0x00000000c00002fa                goToVM86
                0x00000000c000032a                goToUsermode
                0x00000000c0000354                switchToThreadASMFirstTime
                0x00000000c0000362                switchToThreadASM
                0x00000000c00003f2                asmQuickAcquireLock
                0x00000000c0000410                asmQuickReleaseLock
                0x00000000c000041c                asmAcquireLock
                0x00000000c000043d                asmReleaseLock
                0x00000000c0000450                loadGDT
                0x00000000c0000470                isr0
                0x00000000c0000480                isr1
                0x00000000c000048a                isr2
                0x00000000c0000494                isr3
                0x00000000c000049e                isr4
                0x00000000c00004a8                isr5
                0x00000000c00004b2                isr6
                0x00000000c00004bc                isr7
                0x00000000c00004c6                isr8
                0x00000000c00004ce                isr9
                0x00000000c00004d8                isr10
                0x00000000c00004e0                isr11
                0x00000000c00004e8                isr12
                0x00000000c00004f0                isr13
                0x00000000c00004f8                isr14
                0x00000000c0000500                isr15
                0x00000000c000050a                isr16
                0x00000000c0000514                isr17
                0x00000000c000051e                isr18
                0x00000000c0000528                irq3
                0x00000000c0000532                irq4
                0x00000000c000053c                irq5
                0x00000000c0000546                irq6
                0x00000000c0000550                irq7
                0x00000000c000055a                irq8
                0x00000000c0000564                irq9
                0x00000000c000056e                irq10
                0x00000000c0000578                irq11
                0x00000000c0000582                irq12
                0x00000000c000058c                irq13
                0x00000000c0000596                irq14
                0x00000000c00005a0                irq15
                0x00000000c00005aa                irq1
                0x00000000c00005b1                irq2
                0x00000000c00005b8                isr96
                0x00000000c00005bf                irq0
                0x00000000c00005c4                int_common_stub
                0x00000000c00005c4                syscall_common_stub
                0x00000000c00005f5                irq16
                0x00000000c00005ff                irq17
                0x00000000c0000609                irq18
                0x00000000c0000613                irq19
                0x00000000c000061d                irq20
                0x00000000c0000627                irq21
                0x00000000c0000631                irq22
                0x00000000c000063b                irq23
                0x00000000c0000645                hexStrToInt
                0x00000000c0000662                memcpy
 *fill*         0x00000000c0000667        0x1 
 .text          0x00000000c0000668      0x5dd acpica/utclib.32
                0x00000000c0000668                memcmp
                0x00000000c00006a4                memmove
                0x00000000c000076c                memset
                0x00000000c0000788                strlen
                0x00000000c00007a0                strpbrk
                0x00000000c00007dc                strtok
                0x00000000c0000828                strcpy
                0x00000000c000084c                strncpy
                0x00000000c00008b4                strcmp
                0x00000000c00008f4                strchr
                0x00000000c0000918                strncmp
                0x00000000c0000968                strcat
                0x00000000c0000998                strncat
                0x00000000c00009d4                strstr
                0x00000000c0000a1c                toupper
                0x00000000c0000a30                tolower
                0x00000000c0000a44                simple_strtoul
 .text          0x00000000c0000c45      0xfb6 core/malloc.32
                0x00000000c0000db0                dlfree
                0x00000000c000110b                dlmalloc
                0x00000000c0001648                dlrealloc
                0x00000000c00017f4                dlmemalign
                0x00000000c0001917                dlcalloc
                0x00000000c00019b1                dlcfree
                0x00000000c00019b6                dlindependent_calloc
                0x00000000c00019db                dlindependent_comalloc
                0x00000000c00019f2                dlvalloc
                0x00000000c0001a1d                dlpvalloc
                0x00000000c0001a53                dlmalloc_trim
                0x00000000c0001a60                dlmalloc_usable_size
                0x00000000c0001a91                dlmallinfo
                0x00000000c0001b60                dlmalloc_stats
                0x00000000c0001b71                dlmallopt
 .text          0x00000000c0001bfb        0x0 libk/string.32
 .text          0x00000000c0001bfb       0x51 fs/fat/diskio.32
                0x00000000c0001bfb                disk_status
                0x00000000c0001bfe                disk_initialize
                0x00000000c0001c01                disk_read
                0x00000000c0001c17                disk_write
                0x00000000c0001c2d                disk_ioctl
 .text          0x00000000c0001c4c     0x6833 fs/fat/ff.32
                0x00000000c0004f1a                f_mount
                0x00000000c0004f7c                f_open
                0x00000000c00053b8                f_read
                0x00000000c0005638                f_write
                0x00000000c00058f2                f_sync
                0x00000000c0005ace                f_close
                0x00000000c0005afd                f_lseek
                0x00000000c0005fb4                f_opendir
                0x00000000c00060b6                f_closedir
                0x00000000c00060d8                f_readdir
                0x00000000c0006173                f_stat
                0x00000000c0006202                f_getfree
                0x00000000c00063cd                f_truncate
                0x00000000c00064c5                f_unlink
                0x00000000c0006648                f_mkdir
                0x00000000c0006874                f_rename
                0x00000000c0006b67                f_chmod
                0x00000000c0006c45                f_utime
                0x00000000c0006d23                f_getlabel
                0x00000000c0006f11                f_setlabel
                0x00000000c000717e                f_forward
                0x00000000c000735c                f_mkfs
 .text          0x00000000c000847f       0x2d fs/fat/ffsystem.32
                0x00000000c000847f                ff_memalloc
                0x00000000c0008495                ff_memfree
 .text          0x00000000c00084ac      0x253 fs/fat/ffunicode.32
                0x00000000c00084ac                ff_uni2oem
                0x00000000c000853c                ff_oem2uni
                0x00000000c00085a8                ff_wtoupper
 .text          0x00000000c00086ff      0x8fb hal/libresample/samplerate.32
                0x00000000c0008743                src_delete
                0x00000000c000877f                src_process
                0x00000000c0008935                src_callback_read
                0x00000000c0008ab2                src_set_ratio
                0x00000000c0008b1c                src_get_channels
                0x00000000c0008b3e                src_reset
                0x00000000c0008b8a                src_new
                0x00000000c0008c18                src_callback_new
                0x00000000c0008c7a                src_get_name
                0x00000000c0008cb1                src_get_description
                0x00000000c0008ce8                src_get_version
                0x00000000c0008cee                src_is_valid_ratio
                0x00000000c0008d42                src_error
                0x00000000c0008d50                src_strerror
                0x00000000c0008d63                src_simple
                0x00000000c0008db6                src_short_to_float_array
                0x00000000c0008e1b                src_float_to_short_array
                0x00000000c0008eda                src_int_to_float_array
                0x00000000c0008f3d                src_float_to_int_array
 .text          0x00000000c0008ffa      0x8cb hal/libresample/src_linear.32
                0x00000000c0009820                linear_get_name
                0x00000000c000982f                linear_get_description
                0x00000000c000983e                linear_set_converter
 .text          0x00000000c00098c5     0x447c hal/libresample/src_sinc.32
                0x00000000c000dc58                sinc_get_name
                0x00000000c000dc6b                sinc_get_description
                0x00000000c000dc7e                sinc_set_converter
 .text          0x00000000c000dd41      0x77c hal/libresample/src_zoh.32
                0x00000000c000e418                zoh_get_name
                0x00000000c000e427                zoh_get_description
                0x00000000c000e436                zoh_set_converter
 .text          0x00000000c000e4bd       0xb6 compat/inlines.32
                0x00000000c000e4bd                CPU::current()
                0x00000000c000e4c9                operator new(unsigned long)
                0x00000000c000e4ce                operator delete(void*)
                0x00000000c000e4d3                disableIRQs()
                0x00000000c000e4db                enableIRQs()
                0x00000000c000e4ea                lockScheduler()
                0x00000000c000e4f2                unlockScheduler()
                0x00000000c000e501                lockStuff()
                0x00000000c000e50f                unlockStuff()
                0x00000000c000e549                Virt::getAKernelVAS()
                0x00000000c000e54f                __not_memcpy
 .text          0x00000000c000e573      0x111 compat/resolve.32
                0x00000000c000e573                Krnl::resolveCompatibilitySymbol(char*)
 .text          0x00000000c000e684      0xa17 core/computer.32
                0x00000000c000e684                Computer::close(int, int, void*)
                0x00000000c000e6c8                Krnl::firstTask()
                0x00000000c000e7b8                Computer::Computer()
                0x00000000c000e7b8                Computer::Computer()
                0x00000000c000e914                Computer::setBootMessage(char const*)
                0x00000000c000e916                Computer::detectFeatures()
                0x00000000c000eb20                Computer::displayFeatures()
                0x00000000c000ee66                Computer::rdmsr(unsigned int)
                0x00000000c000ee92                Computer::wrmsr(unsigned int, unsigned long long)
                0x00000000c000eeca                Computer::nmiEnabled()
                0x00000000c000eed6                Computer::readCMOS(unsigned char)
                0x00000000c000eef0                Computer::enableNMI(bool)
                0x00000000c000ef08                Computer::open(int, int, void*)
                0x00000000c000efde                Computer::disableNMI()
                0x00000000c000efec                Computer::writeCMOS(unsigned char, unsigned char)
                0x00000000c000f00a                Computer::handleNMI()
                0x00000000c000f070                Computer::setDiskActivityLight(int, bool)
 *fill*         0x00000000c000f09b        0x1 
 .text          0x00000000c000f09c      0x1b7 core/gdt.32
                0x00000000c000f09c                GDTEntry::setBase(unsigned int)
                0x00000000c000f0b8                GDTEntry::setLimit(unsigned int)
                0x00000000c000f0d6                GDT::GDT()
                0x00000000c000f0d6                GDT::GDT()
                0x00000000c000f0ec                GDT::addEntry(GDTEntry)
                0x00000000c000f128                GDT::getNumberOfEntries()
                0x00000000c000f130                GDT::flush()
                0x00000000c000f152                GDT::setup()
 .text          0x00000000c000f253       0x6b core/idle.32
                0x00000000c000f253                idleFunction(void*)
 .text          0x00000000c000f2be      0x45e core/idt.32
                0x00000000c000f2be                IDTEntry::IDTEntry(bool)
                0x00000000c000f2be                IDTEntry::IDTEntry(bool)
                0x00000000c000f32c                IDTEntry::setOffset(unsigned int)
                0x00000000c000f340                IDT::IDT()
                0x00000000c000f340                IDT::IDT()
                0x00000000c000f342                IDT::getPointerToInvalidOpcodeEntryForF00F()
                0x00000000c000f34a                IDT::addEntry(IDTEntry, int)
                0x00000000c000f364                IDT::addEntry(int, void (*)(), bool)
                0x00000000c000f39c                IDT::flush()
                0x00000000c000f3b6                IDT::setup()
 .text          0x00000000c000f71c      0x1fe core/kheap.32
                0x00000000c000f71c                sbrk
                0x00000000c000f829                mmap
                0x00000000c000f83f                munmap
                0x00000000c000f855                liballoc_lock()
                0x00000000c000f862                liballoc_unlock()
                0x00000000c000f876                liballoc_alloc(int)
                0x00000000c000f891                liballoc_free(void*, int)
                0x00000000c000f8ac                realloc
                0x00000000c000f8c0                malloc
                0x00000000c000f8d0                free
                0x00000000c000f8e0                rfree
                0x00000000c000f8f0                calloc
 .text          0x00000000c000f91a      0x44f core/main.32
                0x00000000c000f91a                hwTextMode_loadInData(VgaText*)
                0x00000000c000f95f                hwTextMode_loadInTitle(VgaText*, char*)
                0x00000000c000f9cb                hwTextMode_showCursor(VgaText*, bool)
                0x00000000c000fa26                hwTextMode_update(VgaText*)
                0x00000000c000fa27                hwTextMode_updateCursor(VgaText*)
                0x00000000c000fa6f                hwTextMode_disableBlink(VgaText*, bool)
                0x00000000c000fab5                hwTextMode_scrollScreen(VgaText*)
                0x00000000c000fb56                hwTextMode_writeCharacter(VgaText*, char, VgaColour, VgaColour, int, int)
                0x00000000c000fbd5                setupTextMode()
                0x00000000c000fc45                kernel_main
 .text          0x00000000c000fd69      0x56c core/physmgr.32
                0x00000000c000fd69                Phys::allocateDMA(unsigned long)
                0x00000000c000fe0c                Phys::freeDMA(unsigned long, unsigned long)
                0x00000000c000fe54                Phys::setPageState(unsigned long, bool)
                0x00000000c000fe86                Phys::getPageState(unsigned long)
                0x00000000c000fea2                Phys::freePage(unsigned long)
                0x00000000c000ff2c                Phys::allocatePage()
                0x00000000c0010011                Phys::allocateContiguousPages(int)
                0x00000000c001006d                Phys::allowSegmentToBeUsed(unsigned long, unsigned long)
                0x00000000c00100a5                Phys::physicalMemorySetup(unsigned int)
 *fill*         0x00000000c00102d5        0x1 
 .text          0x00000000c00102d6      0x297 core/pipe.32
                0x00000000c00102d6                Pipe::isAtty()
                0x00000000c00102da                Pipe::~Pipe()
                0x00000000c00102da                Pipe::~Pipe()
                0x00000000c00102fe                Pipe::~Pipe()
                0x00000000c0010326                Pipe::read(unsigned long long, void*, int*)
                0x00000000c0010434                Pipe::write(unsigned long long, void*, int*)
                0x00000000c0010506                Pipe::Pipe(int)
                0x00000000c0010506                Pipe::Pipe(int)
 *fill*         0x00000000c001056d        0x1 
 .text          0x00000000c001056e      0xe4b core/terminal.32
                0x00000000c001056e                VgaText::isAtty()
                0x00000000c0010572                VgaText::~VgaText()
                0x00000000c0010572                VgaText::~VgaText()
                0x00000000c0010596                VgaText::~VgaText()
                0x00000000c00105c0                VgaText::read(unsigned long long, void*, int*)
                0x00000000c00105e0                setTerminalScrollLock(bool)
                0x00000000c00105e1                addToTerminalCycle(VgaText*)
                0x00000000c0010602                installVgaTextImplementation()
                0x00000000c0010617                scrollTerminalScrollLock(int)
                0x00000000c0010618                VgaText::load()
                0x00000000c0010666                VgaText::updateCursor()
                0x00000000c001067c                VgaText::showCursor(bool)
                0x00000000c0010688                VgaText::disableBlink(bool)
                0x00000000c00106bc                VgaText::doANSI_SGR(int)
                0x00000000c0010730                VgaText::setDefaultBgColour(VgaColour)
                0x00000000c0010740                VgaText::setDefaultFgColour(VgaColour)
                0x00000000c0010750                VgaText::setDefaultColours(VgaColour, VgaColour)
                0x00000000c0010770                VgaText::combineColours(unsigned char, unsigned char)
                0x00000000c0010782                VgaText::scrollScreen()
                0x00000000c0010816                VgaText::combineCharAndColour(char, unsigned char)
                0x00000000c0010828                VgaText::writeCharacter(char, VgaColour, VgaColour, int, int)
                0x00000000c0010884                VgaText::getCursorX()
                0x00000000c001088c                VgaText::getCursorY()
                0x00000000c0010894                VgaText::setCursor(int, int)
                0x00000000c00108ac                VgaText::setCursorX(int)
                0x00000000c00108c4                VgaText::setCursorY(int)
                0x00000000c00108dc                VgaText::incrementCursor(bool)
                0x00000000c0010930                VgaText::updateRAMUsageDisplay(int)
                0x00000000c0010994                VgaText::updateDiskUsage()
                0x00000000c0010afe                VgaText::updateTitle()
                0x00000000c0010b42                VgaText::setTitleTextColour(VgaColour)
                0x00000000c0010b50                VgaText::setTitleColour(VgaColour)
                0x00000000c0010b5e                VgaText::setTitle(char*)
                0x00000000c0010b84                VgaText::decrementCursor(bool)
                0x00000000c0010ba6                VgaText::putchar(char, VgaColour, VgaColour)
                0x00000000c0010c7e                VgaText::isShowingCursor()
                0x00000000c0010c86                VgaText::isBlinkDisabled()
                0x00000000c0010c92                VgaText::setCursorHeight(int)
                0x00000000c0010caa                VgaText::getCursorHeight()
                0x00000000c0010cb2                setActiveTerminal(VgaText*)
                0x00000000c0010d58                doTerminalCycle()
                0x00000000c0010d72                VgaText::doUpdate()
                0x00000000c0010d80                VgaText::puts(char const*, VgaColour, VgaColour)
                0x00000000c0010ef8                VgaText::clearScreen()
                0x00000000c0010f52                VgaText::putchar(char)
                0x00000000c001103e                VgaText::puts(char const*)
                0x00000000c0011064                VgaText::putx(unsigned int)
                0x00000000c00110aa                VgaText::VgaText(char const*)
                0x00000000c00110aa                VgaText::VgaText(char const*)
                0x00000000c0011258                VgaText::receiveKey(unsigned char)
                0x00000000c0011340                VgaText::write(unsigned long long, void*, int*)
                0x00000000c0011394                newTerminal(char*)
 *fill*         0x00000000c00113b9        0x1 
 .text          0x00000000c00113ba      0x1b3 core/tss.32
                0x00000000c00113ba                TSS::TSS()
                0x00000000c00113ba                TSS::TSS()
                0x00000000c00113c8                TSS::setESP(unsigned long)
                0x00000000c00113da                TSS::flush()
                0x00000000c00113fa                TSS::setup(unsigned long, unsigned long)
 *fill*         0x00000000c001156d        0x1 
 .text          0x00000000c001156e      0x4c2 core/unixfile.32
                0x00000000c001156e                ReservedFilename::read(unsigned long long, void*, int*)
                0x00000000c00115c4                ReservedFilename::isAtty()
                0x00000000c00115e0                ReservedFilename::write(unsigned long long, void*, int*)
                0x00000000c001163e                UnixFile::getFileDescriptor()
                0x00000000c0011646                UnixFile::UnixFile(int)
                0x00000000c0011646                UnixFile::UnixFile(int)
                0x00000000c00117f6                ReservedFilename::ReservedFilename(int)
                0x00000000c00117f6                ReservedFilename::ReservedFilename(int)
                0x00000000c0011828                UnixFile::~UnixFile()
                0x00000000c0011828                UnixFile::~UnixFile()
                0x00000000c00118c0                UnixFile::~UnixFile()
                0x00000000c00118e8                ReservedFilename::~ReservedFilename()
                0x00000000c00118e8                ReservedFilename::~ReservedFilename()
                0x00000000c001190c                ReservedFilename::~ReservedFilename()
                0x00000000c0011933                getFromFileDescriptor(int)
 .text          0x00000000c0011a30     0x12f9 core/virtmgr.32
                0x00000000c0011a30                Virt::setPageState(unsigned long, Virt::VirtPageState)
                0x00000000c0011a65                Virt::getPageState(unsigned long)
                0x00000000c0011a89                Virt::allocateKernelVirtualPages(int)
                0x00000000c0011b9a                Virt::freeSwapfilePage(unsigned long)
                0x00000000c0011bb8                Virt::swapIDToSector(unsigned long)
                0x00000000c0011bca                Virt::allocateSwapfilePage()
                0x00000000c0011c48                Virt::virtualMemorySetup()
                0x00000000c0011cc7                Virt::swappingSetup()
                0x00000000c0011cc8                Virt::setupPageSwapping(int)
                0x00000000c0011e94                VAS::VAS()
                0x00000000c0011e94                VAS::VAS()
                0x00000000c0011ed0                VAS::VAS(VAS*)
                0x00000000c0011ed0                VAS::VAS(VAS*)
                0x00000000c0011efe                VAS::getForeignPageTableEntry(bool, unsigned long)
                0x00000000c0011f2a                VAS::getPageTableEntry(unsigned long)
                0x00000000c0011f49                Virt::freeKernelVirtualPages(unsigned long)
                0x00000000c001206c                VAS::freeAllocatedPages(unsigned long)
                0x00000000c0012090                VAS::virtualToPhysical(unsigned long)
                0x00000000c00120a8                VAS::reflagRange(unsigned long, int, int, int)
                0x00000000c00120e8                VAS::setToWriteCombining(unsigned long, int)
                0x00000000c001211a                VAS::mapOtherVASIn(bool, VAS*)
                0x00000000c0012144                VAS::~VAS()
                0x00000000c0012144                VAS::~VAS()
                0x00000000c00122c0                VAS::mapPage(unsigned long, unsigned long, int)
                0x00000000c00123c2                VAS::allocatePages(int, int)
                0x00000000c001259a                VAS::setCPUSpecific(unsigned long)
                0x00000000c00125b6                VAS::mapRange(unsigned long, unsigned long, int, int)
                0x00000000c001267c                VAS::mapForeignPage(bool, VAS*, unsigned long, unsigned long, int)
                0x00000000c001276a                VAS::VAS(bool)
                0x00000000c001276a                VAS::VAS(bool)
                0x00000000c00129ea                VAS::evict(unsigned long)
                0x00000000c0012aac                VAS::tryLoadBackOffDisk(unsigned long)
                0x00000000c0012bbc                VAS::scanForEviction()
                0x00000000c0012c6d                mapVASFirstTime
 .text          0x00000000c0012d29       0x95 coreobjs/c++.32
                0x00000000c0012d29                __cxa_atexit
                0x00000000c0012d2c                __cxa_finalize
                0x00000000c0012d2d                __stack_chk_fail
                0x00000000c0012d99                __cxa_pure_virtual
                0x00000000c0012daa                operator new[](unsigned long)
                0x00000000c0012daf                operator delete(void*, unsigned long)
                0x00000000c0012db4                operator delete[](void*)
                0x00000000c0012db9                operator delete[](void*, unsigned long)
 .text          0x00000000c0012dbe      0x1ef dbg/kconsole.32
                0x00000000c0012dbe                Dbg::stringifyxWithBase(unsigned int, char*, int)
                0x00000000c0012e1f                Dbg::logc(char)
                0x00000000c0012e36                Dbg::logs(char*)
                0x00000000c0012e53                Dbg::logWriteInt(unsigned int)
                0x00000000c0012e70                Dbg::logWriteIntBase(unsigned int, int)
                0x00000000c0012e8f                Dbg::kprintf(char const*, ...)
 *fill*         0x00000000c0012fad        0x1 
 .text          0x00000000c0012fae      0xb82 fs/vfs.32
                0x00000000c0012fae                File::read(unsigned long long, void*, int*)
                0x00000000c0013006                File::write(unsigned long long, void*, int*)
                0x00000000c001305e                Directory::read(unsigned long long, void*, int*)
                0x00000000c00130b6                Directory::write(unsigned long long, void*, int*)
                0x00000000c00130e4                File::isAtty()
                0x00000000c00130e8                Directory::isAtty()
                0x00000000c00130ec                Filesystem::getlabel(LogicalDisk*, int, char*, unsigned int*)
                0x00000000c00130f2                Filesystem::setlabel(LogicalDisk*, int, char*)
                0x00000000c00130f8                Filesystem::getFileFirstSector(char const*)
                0x00000000c00130fe                File::~File()
                0x00000000c00130fe                File::~File()
                0x00000000c0013122                File::~File()
                0x00000000c001314c                Directory::~Directory()
                0x00000000c001314c                Directory::~Directory()
                0x00000000c0013170                Directory::~Directory()
                0x00000000c001319a                Filesystem::Filesystem()
                0x00000000c001319a                Filesystem::Filesystem()
                0x00000000c00131be                Filesystem::~Filesystem()
                0x00000000c00131be                Filesystem::~Filesystem()
                0x00000000c00131cc                Filesystem::~Filesystem()
                0x00000000c00131f0                Fs::getcwd(Process*, char*, int)
                0x00000000c001321a                Fs::initVFS()
                0x00000000c0013244                Fs::standardiseFiles(char*, char const*, char const*)
                0x00000000c00133ee                File::File(char const*, Process*)
                0x00000000c00133ee                File::File(char const*, Process*)
                0x00000000c0013452                File::open(FileOpenMode)
                0x00000000c00134b0                File::close()
                0x00000000c0013510                File::seek(unsigned long long)
                0x00000000c0013566                File::tell(unsigned long long*)
                0x00000000c00135b6                File::rewind()
                0x00000000c00135ca                File::unlink()
                0x00000000c0013616                File::rename(char const*)
                0x00000000c0013664                File::chfatattr(unsigned char, unsigned char)
                0x00000000c00136c0                File::exists()
                0x00000000c00136fe                File::stat(unsigned long long*, bool*)
                0x00000000c001375f                Fs::setcwd(Process*, char*)
                0x00000000c001389a                Directory::Directory(char const*, Process*)
                0x00000000c001389a                Directory::Directory(char const*, Process*)
                0x00000000c00138fe                Directory::open()
                0x00000000c001395a                Directory::close()
                0x00000000c00139ba                Directory::unlink()
                0x00000000c0013a06                Directory::rename(char const*)
                0x00000000c0013a54                Directory::exists()
                0x00000000c0013a92                Directory::read(dirent*)
                0x00000000c0013ade                Directory::create()
                0x00000000c0013b2a                Filesystem::chfatattr(char const*, unsigned char, unsigned char)
 .text          0x00000000c0013b30       0x84 hal/bus.32
                0x00000000c0013b30                Bus::Bus(char const*)
                0x00000000c0013b30                Bus::Bus(char const*)
                0x00000000c0013b66                Bus::~Bus()
                0x00000000c0013b66                Bus::~Bus()
                0x00000000c0013b8a                Bus::~Bus()
 .text          0x00000000c0013bb4      0x156 hal/buzzer.32
                0x00000000c0013bb4                Buzzer::Buzzer(char const*)
                0x00000000c0013bb4                Buzzer::Buzzer(char const*)
                0x00000000c0013bf8                Buzzer::~Buzzer()
                0x00000000c0013bf8                Buzzer::~Buzzer()
                0x00000000c0013c1c                Buzzer::~Buzzer()
                0x00000000c0013c46                Buzzer::stop()
                0x00000000c0013c59                beepThread(void*)
                0x00000000c0013c9c                Buzzer::beep(int, int, bool)
 .text          0x00000000c0013d0a      0x467 hal/clock.32
                0x00000000c0013d0a                User::loadClockSettings(int)
                0x00000000c0013d5c                Clock::Clock(char const*)
                0x00000000c0013d5c                Clock::Clock(char const*)
                0x00000000c0013d92                Clock::~Clock()
                0x00000000c0013d92                Clock::~Clock()
                0x00000000c0013db6                Clock::~Clock()
                0x00000000c0013de0                Clock::timeInSecondsLocal()
                0x00000000c0013e28                Clock::setTimeInSecondsLocal(unsigned long long)
                0x00000000c0013e81                datetimeToSeconds(datetime_t)
                0x00000000c0013fa8                Clock::setTimeInDatetimeLocal(datetime_t)
                0x00000000c0014008                secondsToDatetime(unsigned long long)
                0x00000000c001414c                Clock::timeInDatetimeLocal()
 *fill*         0x00000000c0014171        0x1 
 .text          0x00000000c0014172      0x4e2 hal/device.32
                0x00000000c0014172                Device::hibernate()
                0x00000000c0014174                Device::wake()
                0x00000000c0014176                Device::detect()
                0x00000000c0014178                Device::disableLegacy()
                0x00000000c001417a                Device::powerSaving(PowerSavingLevel)
                0x00000000c001417c                DriverlessDevice::close(int, int, void*)
                0x00000000c0014180                DriverlessDevice::detect()
                0x00000000c0014182                DriverlessDevice::open(int, int, void*)
                0x00000000c0014196                Device::~Device()
                0x00000000c0014196                Device::~Device()
                0x00000000c00141a4                Device::~Device()
                0x00000000c00141cc                Device::findAndLoadDriver()
                0x00000000c00141ce                Device::preOpenPCI(PCIDeviceInfo)
                0x00000000c00141f4                Device::preOpenACPI(void*, char*, char*)
                0x00000000c001423e                Device::addIRQHandler(int, void (*)(regs*, void*), bool, void*)
                0x00000000c001427c                Device::removeIRQHandler(int, void (*)(regs*, void*), bool)
                0x00000000c00142ba                Device::addChild(Device*)
                0x00000000c00142fe                Device::removeAllChildren()
                0x00000000c0014344                Device::hibernateAll()
                0x00000000c0014374                Device::wakeAll()
                0x00000000c00143a4                Device::detectAll()
                0x00000000c00143d4                Device::disableLegacyAll()
                0x00000000c0014404                Device::loadDriversForAll()
                0x00000000c0014430                Device::closeAll()
                0x00000000c0014466                Device::powerSavingAll(PowerSavingLevel)
                0x00000000c001449c                Device::setName(char const*)
                0x00000000c00144aa                Device::Device(char const*)
                0x00000000c00144aa                Device::Device(char const*)
                0x00000000c00145a6                Device::getName()
                0x00000000c00145b0                DriverlessDevice::DriverlessDevice(char const*)
                0x00000000c00145b0                DriverlessDevice::DriverlessDevice(char const*)
                0x00000000c00145e6                Device::addToLinkedList(LinkedList<Device>&, DeviceType)
                0x00000000c001462a                getDevicesOfType(DeviceType)
 .text          0x00000000c0014654       0x84 hal/diskctrl.32
                0x00000000c0014654                HardDiskController::HardDiskController(char const*)
                0x00000000c0014654                HardDiskController::HardDiskController(char const*)
                0x00000000c001468a                HardDiskController::~HardDiskController()
                0x00000000c001468a                HardDiskController::~HardDiskController()
                0x00000000c00146ae                HardDiskController::~HardDiskController()
 .text          0x00000000c00146d8       0xf2 hal/diskphys.32
                0x00000000c00146d8                PhysicalDisk::eject()
                0x00000000c00146ec                PhysicalDisk::PhysicalDisk(char const*, int)
                0x00000000c00146ec                PhysicalDisk::PhysicalDisk(char const*, int)
                0x00000000c0014754                PhysicalDisk::startCache()
                0x00000000c001477c                PhysicalDisk::~PhysicalDisk()
                0x00000000c001477c                PhysicalDisk::~PhysicalDisk()
                0x00000000c00147a0                PhysicalDisk::~PhysicalDisk()
 .text          0x00000000c00147ca      0x13b hal/fpu.32
                0x00000000c00147ca                FPU::FPU(char const*)
                0x00000000c00147ca                FPU::FPU(char const*)
                0x00000000c0014800                FPU::~FPU()
                0x00000000c0014800                FPU::~FPU()
                0x00000000c0014824                FPU::~FPU()
                0x00000000c001484e                setupFPU()
 *fill*         0x00000000c0014905        0x1 
 .text          0x00000000c0014906     0x1439 hal/intctrl.32
                0x00000000c0014906                InterruptController::uninstallISRHandler(int, void (*)(regs*, void*))
                0x00000000c001493e                InterruptController::installISRHandler(int, void (*)(regs*, void*), void*)
                0x00000000c0014990                doubleFault(regs*, void*)
                0x00000000c00149aa                InterruptController::installIRQHandler(int, void (*)(regs*, void*), bool, void*)
                0x00000000c0014a46                InterruptController::clearAllHandlers(int, bool)
                0x00000000c0014aee                InterruptController::uninstallIRQHandler(int, void (*)(regs*, void*), bool)
                0x00000000c0014b75                nmiHandler(regs*, void*)
                0x00000000c0014b83                int_handler
                0x00000000c0014c24                InterruptController::InterruptController(char const*)
                0x00000000c0014c24                InterruptController::InterruptController(char const*)
                0x00000000c0014cca                InterruptController::~InterruptController()
                0x00000000c0014cca                InterruptController::~InterruptController()
                0x00000000c0014cee                InterruptController::~InterruptController()
                0x00000000c0014d18                displayDebugInfo(regs*)
                0x00000000c00151a7                x87EmulHandler(regs*, void*)
                0x00000000c001521a                gpFault(regs*, void*)
                0x00000000c0015253                pgFault(regs*, void*)
                0x00000000c001528f                otherISRHandler(regs*, void*)
                0x00000000c00152ae                opcodeFault(regs*, void*)
                0x00000000c00158cb                displayProgramFault(char const*)
                0x00000000c00158f3                setupInterruptController()
                0x00000000c0015cf2                InterruptController::convertLegacyIRQNumber(int)
 *fill*         0x00000000c0015d3f        0x1 
 .text          0x00000000c0015d40      0x794 hal/keybrd.32
                0x00000000c0015d40                startGUI(void*)
                0x00000000c0015dac                startGUIVESA(void*)
                0x00000000c0015e18                sendKeyToTerminal(unsigned char)
                0x00000000c0015ed6                sendKeyboardToken(KeyboardToken)
                0x00000000c0016313                clearInternalKeybuffer(VgaText*)
                0x00000000c0016348                readKeyboard(VgaText*, char*, unsigned long)
                0x00000000c001644a                Keyboard::Keyboard(char const*)
                0x00000000c001644a                Keyboard::Keyboard(char const*)
                0x00000000c0016486                Keyboard::~Keyboard()
                0x00000000c0016486                Keyboard::~Keyboard()
                0x00000000c00164aa                Keyboard::~Keyboard()
 .text          0x00000000c00164d4      0x414 hal/logidisk.32
                0x00000000c00164d4                LogicalDisk::close(int, int, void*)
                0x00000000c00164d8                LogicalDisk::~LogicalDisk()
                0x00000000c00164d8                LogicalDisk::~LogicalDisk()
                0x00000000c00164fc                LogicalDisk::~LogicalDisk()
                0x00000000c0016526                LogicalDisk::open(int, int, void*)
                0x00000000c001653a                LogicalDisk::absoluteToRelative(unsigned long long)
                0x00000000c0016572                LogicalDisk::relativeToAbsolute(unsigned long long)
                0x00000000c00165b8                LogicalDisk::LogicalDisk(char const*, PhysicalDisk*, unsigned long long, unsigned long long)
                0x00000000c00165b8                LogicalDisk::LogicalDisk(char const*, PhysicalDisk*, unsigned long long, unsigned long long)
                0x00000000c001666e                LogicalDisk::assignDriveLetter()
                0x00000000c0016724                LogicalDisk::mount()
                0x00000000c0016796                LogicalDisk::unmount()
                0x00000000c00167a6                LogicalDisk::eject()
                0x00000000c00167ba                LogicalDisk::unassignDriveLetter()
                0x00000000c0016810                LogicalDisk::read(unsigned long long, int, void*)
                0x00000000c001687c                LogicalDisk::write(unsigned long long, int, void*)
 .text          0x00000000c00168e8       0x84 hal/mouse.32
                0x00000000c00168e8                Mouse::Mouse(char const*)
                0x00000000c00168e8                Mouse::Mouse(char const*)
                0x00000000c001691e                Mouse::~Mouse()
                0x00000000c001691e                Mouse::~Mouse()
                0x00000000c0016942                Mouse::~Mouse()
 .text          0x00000000c001696c      0x359 hal/partition.32
                0x00000000c001696c                makePartition(PhysicalDisk*, unsigned long long, unsigned long long)
                0x00000000c0016a34                createPartitionsForDisk(PhysicalDisk*)
 *fill*         0x00000000c0016cc5        0x1 
 .text          0x00000000c0016cc6       0x84 hal/serial.32
                0x00000000c0016cc6                Serial::Serial(char const*)
                0x00000000c0016cc6                Serial::Serial(char const*)
                0x00000000c0016cfc                Serial::~Serial()
                0x00000000c0016cfc                Serial::~Serial()
                0x00000000c0016d20                Serial::~Serial()
 .text          0x00000000c0016d4a      0x2f3 hal/timer.32
                0x00000000c0016d4a                Timer::Timer(char const*)
                0x00000000c0016d4a                Timer::Timer(char const*)
                0x00000000c0016d80                Timer::~Timer()
                0x00000000c0016d80                Timer::~Timer()
                0x00000000c0016da4                Timer::~Timer()
                0x00000000c0016dce                Timer::read()
                0x00000000c0016dd9                timerHandler(unsigned long long)
                0x00000000c0016f4b                setupTimer(int)
 *fill*         0x00000000c001703d        0x1 
 .text          0x00000000c001703e      0x437 hal/vcache.32
                0x00000000c001703e                VCache::VCache(PhysicalDisk*)
                0x00000000c001703e                VCache::VCache(PhysicalDisk*)
                0x00000000c00171a6                VCache::invalidateReadBuffer()
                0x00000000c00171b6                VCache::writeWriteBuffer()
                0x00000000c00171f2                VCache::~VCache()
                0x00000000c00171f2                VCache::~VCache()
                0x00000000c0017246                VCache::~VCache()
                0x00000000c001726e                VCache::write(unsigned long long, int, void*)
                0x00000000c0017376                VCache::read(unsigned long long, int, void*)
 *fill*         0x00000000c0017475        0x1 
 .text          0x00000000c0017476      0x4cd hal/video.32
                0x00000000c0017476                Video::putrect(int, int, int, int, unsigned int)
                0x00000000c00174c2                Video::bitblit(int, int, int, int, int, int, int, unsigned int*)
                0x00000000c0017532                Video::blit(unsigned int*, int, int, int, int)
                0x00000000c00175b0                Video::clearScreen(unsigned int)
                0x00000000c00175e4                Video::putpixel(int, int, unsigned int)
                0x00000000c00175f2                Video::Video(char const*)
                0x00000000c00175f2                Video::Video(char const*)
                0x00000000c0017628                Video::~Video()
                0x00000000c0017628                Video::~Video()
                0x00000000c001764c                Video::~Video()
                0x00000000c0017676                Video::isMonochrome()
                0x00000000c0017682                Video::getWidth()
                0x00000000c001768e                Video::getHeight()
                0x00000000c001769a                Video::drawCursor(int, int, unsigned char*, int)
                0x00000000c0017756                Video::tgaParse(unsigned char*, int, int*, int*)
                0x00000000c00178d8                Video::putTGA(int, int, unsigned char*, int)
 *fill*         0x00000000c0017943        0x1 
 .text          0x00000000c0017944     0x1141 hw/acpi.32
                0x00000000c0017944                ACPI::close(int, int, void*)
                0x00000000c00179f9                findRSDP()
                0x00000000c0017a93                loadACPITables(unsigned char*)
                0x00000000c0017cfc                findRSDT(unsigned char*)
                0x00000000c0017e5a                findDataTable(unsigned char*, char*)
                0x00000000c0017ef6                scanMADT()
                0x00000000c001837c                ACPI::ACPI()
                0x00000000c001837c                ACPI::ACPI()
                0x00000000c00183e6                ACPI::getPCIIRQAssignment(unsigned char, unsigned short, unsigned char)
                0x00000000c00184c8                ACPI::registerPCIIRQAssignment(void*, unsigned short, unsigned char, unsigned char)
                0x00000000c001858e                ACPI::setScreenBrightnessLevel(void*, int)
                0x00000000c0018594                ACPI::writeSimpleBootFlag(SimpleBootFlagTable*)
                0x00000000c00185dc                ACPI::sleep()
                0x00000000c00185f4                ACPI::open(int, int, void*)
 *fill*         0x00000000c0018a85        0x1 
 .text          0x00000000c0018a86     0x1701 hw/cpu.32
                0x00000000c0018a86                CPU::close(int, int, void*)
                0x00000000c0018a8a                CPU::lookupAMDName(unsigned char, unsigned char)
                0x00000000c0018c1e                CPU::lookupIntelName(unsigned char, unsigned char)
                0x00000000c0018ecc                CPU::AMD_K6_write_msr(unsigned int, unsigned int, unsigned int, CPU::REGS*)
                0x00000000c0018ee8                CPU::AMD_K6_read_msr(unsigned int, CPU::REGS*)
                0x00000000c0018f00                CPU::AMD_K6_writeback(int, int, int)
                0x00000000c0018f74                CPU::cpuid(int, unsigned long*, unsigned long*, unsigned long*, unsigned long*)
                0x00000000c0018ff8                CPU::cpuidCheckEDX(unsigned int)
                0x00000000c0019026                CPU::cpuidCheckECX(unsigned int)
                0x00000000c0019054                CPU::cpuidCheckExtendedEBX(unsigned int)
                0x00000000c0019082                CPU::cpuidCheckExtendedECX(unsigned int)
                0x00000000c00190b0                CPU::CPU()
                0x00000000c00190b0                CPU::CPU()
                0x00000000c001913e                CPU::displayFeatures()
                0x00000000c00193ba                CPU::detectFeatures()
                0x00000000c0019d96                CPU::setupSMEP()
                0x00000000c0019da2                CPU::setupUMIP()
                0x00000000c0019dac                CPU::setupTSC()
                0x00000000c0019db6                CPU::setupLargePages()
                0x00000000c0019dc0                CPU::setupPAT()
                0x00000000c0019dfc                CPU::setupMTRR()
                0x00000000c0019dfe                CPU::setupGlobalPages()
                0x00000000c0019e08                CPU::allowUsermodeDataAccess()
                0x00000000c0019e1a                CPU::prohibitUsermodeDataAccess()
                0x00000000c0019e2c                CPU::setupSMAP()
                0x00000000c0019e3a                CPU::setupFeatures()
                0x00000000c0019eba                CPU::open(int, int, void*)
                0x00000000c0019f8c                CPU::decodeAddress(regs*, int*, bool*, unsigned char*)
 .text          0x00000000c001a187        0x0 hw/ports.32
 .text          0x00000000c001a187      0x16a hw/smp.32
                0x00000000c001a187                Krnl::smpEntry()
                0x00000000c001a189                Krnl::startCPU(int)
                0x00000000c001a2d2                Krnl::startCPUs()
 *fill*         0x00000000c001a2f1        0x1 
 .text          0x00000000c001a2f2      0x605 krnl/env.32
                0x00000000c001a2f2                EnvVarContainer::getEnv(char const*)
                0x00000000c001a330                EnvVarContainer::setEnv(char const*, char const*)
                0x00000000c001a41c                EnvVarContainer::deleteEnv(char const*)
                0x00000000c001a41e                EnvVarContainer::loadFrom(char const*, char const*)
                0x00000000c001a626                EnvVarContainer::__loadSystem()
                0x00000000c001a640                EnvVarContainer::__loadUser()
                0x00000000c001a642                EnvVarContainer::EnvVarContainer(Process*)
                0x00000000c001a642                EnvVarContainer::EnvVarContainer(Process*)
                0x00000000c001a664                EnvVarContainer::~EnvVarContainer()
                0x00000000c001a664                EnvVarContainer::~EnvVarContainer()
                0x00000000c001a694                Krnl::getEnv(Process*, char const*)
                0x00000000c001a6f9                Krnl::setEnvSystem(char const*, char const*)
                0x00000000c001a713                Krnl::setEnvUser(char const*, char const*)
                0x00000000c001a732                Krnl::setEnvProcess(Process*, char const*, char const*)
                0x00000000c001a745                Krnl::deleteEnvSystem(char const*)
                0x00000000c001a746                Krnl::deleteEnvUser(char const*)
                0x00000000c001a747                Krnl::deleteEnvProcess(Process*, char const*)
                0x00000000c001a748                Krnl::newProcessEnv(Process*)
                0x00000000c001a76a                Krnl::copyProcessEnv(Process*, Process*)
                0x00000000c001a7be                Krnl::loadSystemEnv()
                0x00000000c001a7ec                Krnl::loadUserEnv()
                0x00000000c001a812                Krnl::flushEnv()
                0x00000000c001a813                Krnl::getProcessTotalEnvCount(Process*)
                0x00000000c001a833                Krnl::getProcessEnvPair(Process*, int)
 .text          0x00000000c001a8f7      0x396 krnl/panic.32
                0x00000000c001a8f7                Krnl::panic(char const*)
 .text          0x00000000c001ac8d      0x59f net/ethernet.32
                0x00000000c001ac8d                Net::switchEndian16(unsigned short)
                0x00000000c001acae                Net::switchEndian32(unsigned int)
                0x00000000c001acdd                Net::crc32Calc(unsigned char*, int)
                0x00000000c001ad6e                Net::wrapEthernetFrame(Net::UnwrappedEthernetFrame, unsigned char*)
                0x00000000c001af6a                Net::unwrapEthernetFrame(unsigned char*, int)
 .text          0x00000000c001b22c      0x517 reg/registry.32
                0x00000000c001b22c                Reg::findLineFromLoadedData(char*, char*, char*)
                0x00000000c001b384                Reg::getLineFromRegistry(char*, char*, char*, char*)
                0x00000000c001b4d9                Reg::getLine(char*, char*, char*)
                0x00000000c001b510                Reg::readInt(char*, char*, int*)
                0x00000000c001b5fb                Reg::readString(char*, char*, char*, int)
                0x00000000c001b67c                Reg::readBool(char*, char*, bool*)
                0x00000000c001b6a1                Reg::readBoolWithDefault(char*, char*, bool)
                0x00000000c001b6cd                Reg::readIntWithDefault(char*, char*, int)
                0x00000000c001b6f9                Reg::readStringWithDefault(char*, char*, char*, int, char*)
 .text          0x00000000c001b743       0x36 sys/sc_eject.32
                0x00000000c001b743                Sys::eject(regs*)
 .text          0x00000000c001b779       0x18 sys/sc_exit.32
                0x00000000c001b779                Sys::exit(regs*)
 .text          0x00000000c001b791       0x1f sys/sc_getcwd.32
                0x00000000c001b791                Sys::getCwd(regs*)
 .text          0x00000000c001b7b0        0xc sys/sc_getpid.32
                0x00000000c001b7b0                Sys::getPID(regs*)
 .text          0x00000000c001b7bc       0x17 sys/sc_getramdata.32
                0x00000000c001b7bc                Sys::getRAMData(regs*)
 .text          0x00000000c001b7d3       0x88 sys/sc_getvgaptr.32
                0x00000000c001b7d3                Sys::getVGAPtr(regs*)
 .text          0x00000000c001b85b       0xa8 sys/sc_loaddll.32
                0x00000000c001b85b                Sys::loadDLL(regs*)
 .text          0x00000000c001b903       0x68 sys/sc_read.32
                0x00000000c001b903                Sys::read(regs*)
 .text          0x00000000c001b96b       0x55 sys/sc_sbrk.32
                0x00000000c001b96b                Sys::sbrk(regs*)
 .text          0x00000000c001b9c0       0x1c sys/sc_setcwd.32
                0x00000000c001b9c0                Sys::setCwd(regs*)
 .text          0x00000000c001b9dc      0x128 sys/sc_settime.32
                0x00000000c001b9dc                Sys::setTime(regs*)
 .text          0x00000000c001bb04       0x4a sys/sc_timezone.32
                0x00000000c001bb04                Sys::timezone(regs*)
 .text          0x00000000c001bb4e       0x68 sys/sc_write.32
                0x00000000c001bb4e                Sys::write(regs*)
 .text          0x00000000c001bbb6       0x62 sys/sc_wsbe.32
                0x00000000c001bbb6                Sys::wsbe(regs*)
 .text          0x00000000c001bc18       0x46 sys/sc_yield.32
                0x00000000c001bc18                Sys::yield(regs*)
 .text          0x00000000c001bc5e     0x1113 sys/syscalls.32
                0x00000000c001bc5e                sysCallSeekDir(regs*)
                0x00000000c001bc63                sysCallTellDir(regs*)
                0x00000000c001bc68                sysCallVerify(regs*)
                0x00000000c001bc72                sysFormatDisk(regs*)
                0x00000000c001bcdc                sysSetDiskVolumeLabel(regs*)
                0x00000000c001bd22                sysGetDiskVolumeLabel(regs*)
                0x00000000c001bd73                sysShutdown(regs*)
                0x00000000c001bdd1                sysCallRealpath(regs*)
                0x00000000c001be14                sysCallGetArgc(regs*)
                0x00000000c001be42                sysCallReadDir(regs*)
                0x00000000c001bed0                sysCallIsATTY(regs*)
                0x00000000c001bf2a                sysCallSeek(regs*)
                0x00000000c001bf93                sysCallTell(regs*)
                0x00000000c001c010                sysCallSize(regs*)
                0x00000000c001c093                sysCallSizeFromFilename(regs*)
                0x00000000c001c153                sysCallClose(regs*)
                0x00000000c001c1db                sysCallOpenDir(regs*)
                0x00000000c001c250                sysCallCloseDir(regs*)
                0x00000000c001c2b6                sysCallMakeDir(regs*)
                0x00000000c001c326                sysCallWait(regs*)
                0x00000000c001c340                sysCallNotImpl(regs*)
                0x00000000c001c35b                sysPanic(regs*)
                0x00000000c001c381                sysCallRmdir(regs*)
                0x00000000c001c3e5                sysCallUnlink(regs*)
                0x00000000c001c449                sysCallGetArgv(regs*)
                0x00000000c001c495                sysCallTTYName(regs*)
                0x00000000c001c518                sysCallUSleep(regs*)
                0x00000000c001c53f                sysCallSpawn(regs*)
                0x00000000c001c5b4                sysCallGetEnv(regs*)
                0x00000000c001c6ec                sysAppSettings(regs*)
                0x00000000c001c812                sysSetFatAttrib(regs*)
                0x00000000c001c884                sysPipe(regs*)
                0x00000000c001c8c9                sysGetUnixTime(regs*)
                0x00000000c001c8dd                string_ends_with(char const*, char const*)
                0x00000000c001c925                sysCallOpen(regs*)
                0x00000000c001cb3a                Sys::loadSyscalls()
                0x00000000c001cd2f                Sys::systemCall(regs*, void*)
 .text          0x00000000c001cd71     0x11f9 thr/elf.32
                0x00000000c001cd71                Thr::allocateMemoryForTask(Process*, File*, unsigned long, unsigned long, unsigned long)
                0x00000000c001d017                Thr::loadProgramIntoMemory(Process*, char const*)
                0x00000000c001d22d                Thr::runtimeReferenceHelper()
                0x00000000c001d240                Thr::getAddressOfKernelSymbol(char const*)
                0x00000000c001d28f                Thr::loadKernelSymbolTable(char const*)
                0x00000000c001d54d                Thr::loadDriverIntoMemory(char const*, unsigned long, bool)
                0x00000000c001dc83                Thr::getDriverBaseFromAddress(unsigned long)
                0x00000000c001dcb5                Thr::getDriverNameFromAddress(unsigned long)
                0x00000000c001dcec                Thr::getDriverOffsetFromAddress(unsigned long)
                0x00000000c001dd06                Thr::loadDLL(char const*, bool)
                0x00000000c001df31                Thr::executeDLL(unsigned long, void*)
 .text          0x00000000c001df6a     0x1315 thr/prcssthr.32
                0x00000000c001df6a                userModeEntryPoint(void*)
                0x00000000c001df90                changeTSS
                0x00000000c001dfc0                switchToThread(ThreadControlBlock*)
                0x00000000c001e06a                Process::addArgs(char**)
                0x00000000c001e0c4                Process::Process(char const*, Process*, char**)
                0x00000000c001e0c4                Process::Process(char const*, Process*, char**)
                0x00000000c001e2a8                Process::Process(bool, char const*, Process*, char**)
                0x00000000c001e2a8                Process::Process(bool, char const*, Process*, char**)
                0x00000000c001e457                taskStartupFunction
                0x00000000c001e460                Semaphore::Semaphore(int)
                0x00000000c001e460                Semaphore::Semaphore(int)
                0x00000000c001e48e                Mutex::Mutex()
                0x00000000c001e48e                Mutex::Mutex()
                0x00000000c001e4a0                Process::createThread(void (*)(void*), void*, int)
                0x00000000c001e5a6                Process::createUserThread()
                0x00000000c001e5c2                setupMultitasking(void (*)())
                0x00000000c001e6e4                schedule()
                0x00000000c001e76a                Semaphore::tryAcquire()
                0x00000000c001e826                Semaphore::assertLocked(char const*)
                0x00000000c001e895                blockTaskWithSchedulerLockAlreadyHeld(TaskState)
                0x00000000c001e8e3                blockTask(TaskState)
                0x00000000c001e910                waitTask(int, int*, int)
                0x00000000c001e952                nanoSleepUntil(unsigned long long)
                0x00000000c001e9e7                nanoSleep(unsigned long long)
                0x00000000c001e9ff                sleep(unsigned long long)
                0x00000000c001ea1c                Semaphore::acquire()
                0x00000000c001eabe                taskReturned
                0x00000000c001eaf9                Thr::processFromPID(int)
                0x00000000c001eba8                unblockTask(ThreadControlBlock*)
                0x00000000c001ec55                cleanupTerminatedTask(ThreadControlBlock*)
                0x00000000c001ef1e                cleanerTaskFunction(void*)
                0x00000000c001f017                terminateTask(int)
                0x00000000c001f149                Thr::terminateFromIRQ(int)
                0x00000000c001f156                Semaphore::release()
 .text          0x00000000c001f27f      0xc5c vm86/vm8086.32
                0x00000000c001f27f                Vm::inbv(unsigned short)
                0x00000000c001f292                Vm::outbv(unsigned short, unsigned char)
                0x00000000c001f2e5                Vm::realToLinear(unsigned short, unsigned short)
                0x00000000c001f2f5                Vm::getSegment(unsigned int)
                0x00000000c001f2fd                Vm::getOffset(unsigned int)
                0x00000000c001f302                Vm::mainloop2()
                0x00000000c001f33c                Vm::mainVm8086Loop(void*)
                0x00000000c001f34c                Vm::mainloop3(unsigned long)
                0x00000000c001f372                Vm::initialise8086()
                0x00000000c001f3b5                Vm::finish8086()
                0x00000000c001f416                Vm::getOutput8086(unsigned char*)
                0x00000000c001f444                Vm::start8086(char const*, unsigned short, unsigned short, unsigned short, unsigned short)
                0x00000000c001f5ac                Vm::doISR(regs*, int, unsigned char*, unsigned short, unsigned short)
                0x00000000c001f636                Vm::readByteFromReal(unsigned short, unsigned short)
                0x00000000c001f647                Vm::readWordFromReal(unsigned short, unsigned short)
                0x00000000c001f659                Vm::readDwordFromReal(unsigned short, unsigned short)
                0x00000000c001f66a                Vm::writeByteFromReal(unsigned short, unsigned short, unsigned char)
                0x00000000c001f67f                Vm::writeWordFromReal(unsigned short, unsigned short, unsigned short)
                0x00000000c001f695                Vm::writeDwordFromReal(unsigned short, unsigned short, unsigned int)
                0x00000000c001f6aa                Vm::faultHandler(regs*)
 .text          0x00000000c001fedb      0xefd vm86/x87em.32
                0x00000000c001fedb                Vm::fpuInternalTo32(unsigned long long)
                0x00000000c001ff36                Vm::fpuInternalTo64(unsigned long long)
                0x00000000c001ff3f                Vm::fpu32ToInternal(unsigned int)
                0x00000000c001ff84                Vm::fpu64ToInternal(unsigned long long)
                0x00000000c001ff8d                Vm::fpuFloatToLong(unsigned long long)
                0x00000000c001ffe8                Vm::fpuULongToFloat(unsigned long long)
                0x00000000c002001e                Vm::fpuLongToFloat(long long)
                0x00000000c0020074                Vm::fpuGet0()
                0x00000000c0020079                Vm::fpuGet1()
                0x00000000c0020081                Vm::fpuGetPi()
                0x00000000c0020089                Vm::fpuGetLog2E()
                0x00000000c00200a1                Vm::fpuGetLogE2()
                0x00000000c00200b9                Vm::fpuGetLog210()
                0x00000000c00200d1                Vm::fpuGetLog102()
                0x00000000c00200e9                Vm::fpuIsSecondLarger(unsigned long long, unsigned long long)
                0x00000000c00200fd                Vm::fpuAreEqual(unsigned long long, unsigned long long)
                0x00000000c0020113                Vm::fpuUnorderedCompare(unsigned long long, unsigned long long)
                0x00000000c0020166                Vm::fpuAdd(unsigned long long, unsigned long long)
                0x00000000c0020177                Vm::fpuAbs(unsigned long long)
                0x00000000c0020180                Vm::fpuChs(unsigned long long)
                0x00000000c0020190                Vm::fpuSub(unsigned long long, unsigned long long)
                0x00000000c002019f                Vm::fpuMultiply(unsigned long long, unsigned long long)
                0x00000000c00201be                Vm::fpuDivide(unsigned long long, unsigned long long)
                0x00000000c00201da                Vm::fpuSquare(unsigned long long)
                0x00000000c00201f0                Vm::fpuGetReg(int)
                0x00000000c0020233                Vm::fpuSetReg(int, unsigned long long)
                0x00000000c002027e                Vm::fpuPush(unsigned long long)
                0x00000000c00202db                Vm::fpuPop()
                0x00000000c002032d                Vm::x87Handler(regs*)
 .text          0x00000000c0020dd8     0x121d fs/fat/vfslink.32
                0x00000000c0020dd8                FAT::getName()
                0x00000000c0020dde                FAT::tell(void*, unsigned long long*)
                0x00000000c0020e12                FAT::stat(void*, unsigned long long*)
                0x00000000c0020e46                FAT::~FAT()
                0x00000000c0020e46                FAT::~FAT()
                0x00000000c0020e6a                FAT::~FAT()
                0x00000000c0020e92                FAT::getlabel(LogicalDisk*, int, char*, unsigned int*)
                0x00000000c0020f30                FAT::setlabel(LogicalDisk*, int, char*)
                0x00000000c0020fea                FAT::format(LogicalDisk*, int, char const*, int)
                0x00000000c00211ce                FAT::tryMount(LogicalDisk*, int)
                0x00000000c00213d4                FAT::getFileFirstSector(char const*)
                0x00000000c0021496                FAT::readDir(void*, unsigned long, void*, int*)
                0x00000000c002160a                FAT::read(void*, unsigned long, void*, int*)
                0x00000000c0021664                FAT::write(void*, unsigned long, void*, int*)
                0x00000000c00216be                FAT::close(void*)
                0x00000000c002170a                FAT::closeDir(void*)
                0x00000000c0021756                FAT::seek(void*, unsigned long long)
                0x00000000c00217aa                fatWrapperReadDisk
                0x00000000c00217f1                fatWrapperWriteDisk
                0x00000000c0021838                fatWrapperIoctl
                0x00000000c002193c                FAT::FAT()
                0x00000000c002193c                FAT::FAT()
                0x00000000c002198e                FAT::fixFilepath(char*)
                0x00000000c00219c6                FAT::open(char const*, void**, FileOpenMode)
                0x00000000c0021aee                FAT::openDir(char const*, void**)
                0x00000000c0021b94                FAT::stat(char const*, unsigned long long*, bool*)
                0x00000000c0021c7e                FAT::unlink(char const*)
                0x00000000c0021cf8                FAT::chfatattr(char const*, unsigned char, unsigned char)
                0x00000000c0021e4c                FAT::rename(char const*, char const*)
                0x00000000c0021f10                FAT::mkdir(char const*)
                0x00000000c0021f8a                FAT::exists(char const*)
 *fill*         0x00000000c0021ff5        0x1 
 .text          0x00000000c0021ff6      0xbb9 fs/iso9660/vfslink.32
                0x00000000c0021ff6                ISO9660::format(LogicalDisk*, int, char const*, int)
                0x00000000c0021ffc                ISO9660::seek(void*, unsigned long long)
                0x00000000c002202c                ISO9660::tell(void*, unsigned long long*)
                0x00000000c0022050                ISO9660::getName()
                0x00000000c0022056                ISO9660::stat(void*, unsigned long long*)
                0x00000000c002207a                ISO9660::chfatattr(char const*, unsigned char, unsigned char)
                0x00000000c0022080                ISO9660::unlink(char const*)
                0x00000000c0022086                ISO9660::write(void*, unsigned long, void*, int*)
                0x00000000c002208c                ISO9660::rename(char const*, char const*)
                0x00000000c0022092                ISO9660::mkdir(char const*)
                0x00000000c0022098                ISO9660::close(void*)
                0x00000000c00220ba                ISO9660::closeDir(void*)
                0x00000000c00220dc                ISO9660::~ISO9660()
                0x00000000c00220dc                ISO9660::~ISO9660()
                0x00000000c0022100                ISO9660::~ISO9660()
                0x00000000c0022127                __memmem(unsigned char*, int, unsigned char*, int)
                0x00000000c0022169                readSectorFromCDROM(unsigned int, unsigned char*, char)
                0x00000000c00221cc                ISO9660::tryMount(LogicalDisk*, int)
                0x00000000c002221c                ISO9660::read(void*, unsigned long, void*, int*)
                0x00000000c002241c                ISO9660::readDir(void*, unsigned long, void*, int*)
                0x00000000c00226a2                readRoot(unsigned int*, unsigned int*, char)
                0x00000000c00226fa                readRecursively(char*, unsigned int, unsigned int, unsigned int*, unsigned int*, char, int*)
                0x00000000c00228cd                getFileData(char*, unsigned int*, unsigned int*, char, int*)
                0x00000000c002295c                ISO9660::open(char const*, void**, FileOpenMode)
                0x00000000c0022a1c                ISO9660::exists(char const*)
                0x00000000c0022a40                ISO9660::stat(char const*, unsigned long long*, bool*)
                0x00000000c0022ad4                ISO9660::openDir(char const*, void**)
                0x00000000c0022b8c                ISO9660::ISO9660()
                0x00000000c0022b8c                ISO9660::ISO9660()
 *fill*         0x00000000c0022baf        0x1 
 .text          0x00000000c0022bb0      0x326 hal/sound/sndchannel.32
                0x00000000c0022bb0                SoundChannel::~SoundChannel()
                0x00000000c0022bb0                SoundChannel::~SoundChannel()
                0x00000000c0022bcc                SoundChannel::setSpeed(float)
                0x00000000c0022bd8                SoundChannel::getSpeed()
                0x00000000c0022be0                SoundChannel::setVolume(int)
                0x00000000c0022bfc                SoundChannel::getVolume()
                0x00000000c0022c04                SoundChannel::pause()
                0x00000000c0022c0e                SoundChannel::SoundChannel(int, int, int, int)
                0x00000000c0022c0e                SoundChannel::SoundChannel(int, int, int, int)
                0x00000000c0022d64                SoundChannel::play()
                0x00000000c0022d6e                SoundChannel::paused()
                0x00000000c0022d76                SoundChannel::getSampleRate()
                0x00000000c0022d7e                SoundChannel::getBits()
                0x00000000c0022d86                SoundChannel::getBufferUsed()
                0x00000000c0022d8e                SoundChannel::getBufferSize()
                0x00000000c0022d96                SoundChannel::unbuffer(float*, int, int)
                0x00000000c0022e36                SoundChannel::buffer8(unsigned char*, int)
 .text          0x00000000c0022ed6      0x3d5 hal/sound/sndhw.32
                0x00000000c0022ed6                SoundDevice::SoundDevice(char const*)
                0x00000000c0022ed6                SoundDevice::SoundDevice(char const*)
                0x00000000c0022f42                SoundDevice::~SoundDevice()
                0x00000000c0022f42                SoundDevice::~SoundDevice()
                0x00000000c0022fbc                SoundDevice::~SoundDevice()
                0x00000000c0022fe6                SoundDevice::getFreeChannelNum()
                0x00000000c0023000                SoundDevice::addChannel(SoundChannel*)
                0x00000000c0023070                SoundDevice::removeChannel(int)
                0x00000000c00230a2                SoundDevice::floatTo8(float*, unsigned char*, int)
                0x00000000c002318a                SoundDevice::getAudio(int, float*, float*)
 .text          0x00000000c00232ab        0x0 hw/bus/isa.32
 *fill*         0x00000000c00232ab        0x1 
 .text          0x00000000c00232ac      0x795 hw/bus/pci.32
                0x00000000c00232ac                PCI::open(int, int, void*)
                0x00000000c00232c0                PCI::close(int, int, void*)
                0x00000000c00232c4                PCI::PCI()
                0x00000000c00232c4                PCI::PCI()
                0x00000000c0023344                PCI::readBAR8(unsigned int, int)
                0x00000000c0023360                PCI::readBAR16(unsigned int, int)
                0x00000000c002337e                PCI::readBAR32(unsigned int, int)
                0x00000000c002339a                PCI::writeBAR8(unsigned int, unsigned char, int)
                0x00000000c00233ba                PCI::writeBAR16(unsigned int, unsigned short, int)
                0x00000000c00233dc                PCI::writeBAR32(unsigned int, unsigned int, int)
                0x00000000c00233fc                PCI::pciReadWord(unsigned char, unsigned char, unsigned char, unsigned char)
                0x00000000c0023444                PCI::getVendorID(unsigned char, unsigned char, unsigned char)
                0x00000000c0023466                PCI::getHeaderType(unsigned char, unsigned char, unsigned char)
                0x00000000c002348a                PCI::getClassCode(unsigned char, unsigned char, unsigned char)
                0x00000000c00234ce                PCI::getProgIF(unsigned char, unsigned char, unsigned char)
                0x00000000c00234f2                PCI::getRevisionID(unsigned char, unsigned char, unsigned char)
                0x00000000c0023514                PCI::getInterruptNumber(unsigned char, unsigned char, unsigned char)
                0x00000000c0023536                PCI::getSecondaryBus(unsigned char, unsigned char, unsigned char)
                0x00000000c002355a                PCI::getBARAddress(unsigned char, unsigned char, unsigned char, unsigned char)
                0x00000000c00235ba                PCI::pciWriteWord(unsigned char, unsigned char, unsigned char, unsigned char, unsigned short)
                0x00000000c0023626                PCI::pciDetailsToFilepath(PCIDeviceInfo)
                0x00000000c002362a                PCI::checkBus(unsigned char)
                0x00000000c002364e                PCI::foundDevice(PCIDeviceInfo)
                0x00000000c00237d6                PCI::getDeviceData(unsigned char, unsigned char, unsigned char)
                0x00000000c0023982                PCI::checkDevice(unsigned char, unsigned char)
                0x00000000c00239ee                PCI::detect()
 *fill*         0x00000000c0023a41        0x1 
 .text          0x00000000c0023a42      0xc70 hw/diskctrl/ide.32
                0x00000000c0023a42                IDE::close(int, int, void*)
                0x00000000c0023a46                IDE::IDE()
                0x00000000c0023a46                IDE::IDE()
                0x00000000c0023a7a                IDE::prepareInterrupt(unsigned char)
                0x00000000c0023a8c                selectDrive(unsigned char, unsigned char)
                0x00000000c0023a8e                IDE::getBase(unsigned char)
                0x00000000c0023aa0                IDE::write(unsigned char, unsigned char, unsigned char)
                0x00000000c0023b60                IDE::read(unsigned char, unsigned char)
                0x00000000c0023c0e                IDE::waitInterrupt(unsigned char)
                0x00000000c0023c74                ideChannel0IRQHandler(regs*, void*)
                0x00000000c0023c90                ideChannel1IRQHandler(regs*, void*)
                0x00000000c0023cac                IDE::enableIRQs(unsigned char, bool)
                0x00000000c0023cf2                IDE::open(int, int, void*)
                0x00000000c0024102                IDE::readBuffer(unsigned char, unsigned char, unsigned int, unsigned int)
                0x00000000c00241ce                IDE::detect()
                0x00000000c00244b6                IDE::printError(unsigned char, unsigned char, unsigned char)
                0x00000000c002464c                IDE::polling(unsigned char, unsigned int)
 .text          0x00000000c00246b2      0x390 hw/diskctrl/satabus.32
                0x00000000c00246b2                SATABus::close(int, int, void*)
                0x00000000c00246b6                SATABus::detect()
                0x00000000c00246b8                SATABus::SATABus()
                0x00000000c00246b8                SATABus::SATABus()
                0x00000000c0024764                SATABus::findCmdslot(SATABus::tagHBA_PORT volatile*)
                0x00000000c00247ac                SATABus::checkType(SATABus::tagHBA_PORT volatile*)
                0x00000000c00247f4                SATABus::startCmd(SATABus::tagHBA_PORT volatile*)
                0x00000000c0024814                SATABus::stopCmd(SATABus::tagHBA_PORT volatile*)
                0x00000000c002483e                SATABus::portRebase(SATABus::tagHBA_PORT volatile*, int)
                0x00000000c0024944                SATABus::probePort(SATABus::tagHBA_MEM volatile*)
                0x00000000c0024a22                SATABus::open(int, int, void*)
 .text          0x00000000c0024a42      0x63c hw/diskphys/ata.32
                0x00000000c0024a42                ATA::close(int, int, void*)
                0x00000000c0024a66                ATA::powerSaving(PowerSavingLevel)
                0x00000000c0024a68                ATA::ATA()
                0x00000000c0024a68                ATA::ATA()
                0x00000000c0024a96                ATA::flush(bool)
                0x00000000c0024ae0                ATA::readyForCommand()
                0x00000000c0024b30                ATA::access(unsigned long long, int, void*, bool)
                0x00000000c0024eb8                ATA::read(unsigned long long, int, void*)
                0x00000000c0024f20                ATA::write(unsigned long long, int, void*)
                0x00000000c0024f88                ATA::detectCHS()
                0x00000000c0024fb2                ATA::open(int, int, void*)
 .text          0x00000000c002507e      0x5bd hw/diskphys/atapi.32
                0x00000000c002507e                ATAPI::write(unsigned long long, int, void*)
                0x00000000c0025084                ATAPI::close(int, int, void*)
                0x00000000c00250a8                ATAPI::ATAPI()
                0x00000000c00250a8                ATAPI::ATAPI()
                0x00000000c00250d6                ATAPI::readyForCommand()
                0x00000000c0025126                ATAPI::sendPacket(unsigned char*, int, bool, unsigned short*, int)
                0x00000000c00253e6                ATAPI::diskRemoved()
                0x00000000c0025402                ATAPI::eject()
                0x00000000c002544a                ATAPI::diskInserted()
                0x00000000c0025478                ATAPI::detectMedia()
                0x00000000c0025534                ATAPI::open(int, int, void*)
                0x00000000c00255bc                ATAPI::read(unsigned long long, int, void*)
 *fill*         0x00000000c002563b        0x1 
 .text          0x00000000c002563c      0x45d hw/diskphys/sata.32
                0x00000000c002563c                SATA::close(int, int, void*)
                0x00000000c0025660                SATA::powerSaving(PowerSavingLevel)
                0x00000000c0025662                SATA::open(int, int, void*)
                0x00000000c002570c                SATA::SATA()
                0x00000000c002570c                SATA::SATA()
                0x00000000c002573a                SATA::access(unsigned long long, int, void*, bool)
                0x00000000c00259ac                SATA::read(unsigned long long, int, void*)
                0x00000000c0025a14                SATA::write(unsigned long long, int, void*)
 *fill*         0x00000000c0025a99        0x1 
 .text          0x00000000c0025a9a      0x504 hw/diskphys/satapi.32
                0x00000000c0025a9a                SATAPI::write(unsigned long long, int, void*)
                0x00000000c0025aa0                SATAPI::close(int, int, void*)
                0x00000000c0025ac4                SATAPI::SATAPI()
                0x00000000c0025ac4                SATAPI::SATAPI()
                0x00000000c0025af2                SATAPI::diskRemoved()
                0x00000000c0025b0e                SATAPI::diskInserted()
                0x00000000c0025b3c                SATAPI::sendPacket(unsigned char*, int, unsigned long long, unsigned short*, int)
                0x00000000c0025d4a                SATAPI::eject()
                0x00000000c0025d92                SATAPI::detectMedia()
                0x00000000c0025e54                SATAPI::open(int, int, void*)
                0x00000000c0025efc                SATAPI::read(unsigned long long, int, void*)
 .text          0x00000000c0025f9e       0x8e hw/fpu/avx.32
                0x00000000c0025f9e                AVX::open(int, int, void*)
                0x00000000c0025fb0                AVX::close(int, int, void*)
                0x00000000c0025fc2                AVX::available()
                0x00000000c0025fd4                AVX::save(void*)
                0x00000000c0025fec                AVX::load(void*)
                0x00000000c0026004                AVX::AVX()
                0x00000000c0026004                AVX::AVX()
 .text          0x00000000c002602c       0x90 hw/fpu/mmx.32
                0x00000000c002602c                MMX::available()
                0x00000000c0026040                MMX::open(int, int, void*)
                0x00000000c0026052                MMX::close(int, int, void*)
                0x00000000c0026064                MMX::save(void*)
                0x00000000c002607c                MMX::load(void*)
                0x00000000c0026094                MMX::MMX()
                0x00000000c0026094                MMX::MMX()
 .text          0x00000000c00260bc       0x96 hw/fpu/sse.32
                0x00000000c00260bc                SSE::open(int, int, void*)
                0x00000000c00260ce                SSE::close(int, int, void*)
                0x00000000c00260e0                SSE::available()
                0x00000000c00260fa                SSE::save(void*)
                0x00000000c0026112                SSE::load(void*)
                0x00000000c002612a                SSE::SSE()
                0x00000000c002612a                SSE::SSE()
 .text          0x00000000c0026152       0x8e hw/fpu/x87.32
                0x00000000c0026152                x87::open(int, int, void*)
                0x00000000c0026164                x87::close(int, int, void*)
                0x00000000c0026176                x87::available()
                0x00000000c0026188                x87::save(void*)
                0x00000000c00261a0                x87::load(void*)
                0x00000000c00261b8                x87::x87()
                0x00000000c00261b8                x87::x87()
 .text          0x00000000c00261e0      0x71e hw/intctrl/apic.32
                0x00000000c00261e0                APIC::disable()
                0x00000000c00261e2                APIC::close(int, int, void*)
                0x00000000c0026204                IOAPIC::close(int, int, void*)
                0x00000000c002620a                APIC::io_wait()
                0x00000000c0026210                APIC::getBase()
                0x00000000c0026252                APIC::eoi(unsigned char)
                0x00000000c0026280                APIC::open(int, int, void*)
                0x00000000c00263ce                IOAPIC::IOAPIC()
                0x00000000c00263ce                IOAPIC::IOAPIC()
                0x00000000c00263f6                APIC::APIC()
                0x00000000c00263f6                APIC::APIC()
                0x00000000c00264d2                IOAPIC::handlesGSIWithNumber(unsigned int)
                0x00000000c0026504                IOAPIC::read(int)
                0x00000000c002652c                IOAPIC::open(int, int, void*)
                0x00000000c0026622                IOAPIC::write(int, int)
                0x00000000c002664e                IOAPIC::redirect(unsigned char, unsigned long long, unsigned char, bool, bool)
                0x00000000c0026748                APIC::installIRQHandler(int, void (*)(regs*, void*), bool, void*)
 .text          0x00000000c00268fe      0x3d3 hw/intctrl/pic.32
                0x00000000c00268fe                PIC::disable()
                0x00000000c002692c                PIC::close(int, int, void*)
                0x00000000c002694e                PIC::PIC()
                0x00000000c002694e                PIC::PIC()
                0x00000000c0026a24                PIC::ioWait()
                0x00000000c0026a2a                PIC::getIRQReg(int)
                0x00000000c0026a94                PIC::eoi(unsigned char)
                0x00000000c0026b26                PIC::remap()
                0x00000000c0026c92                PIC::open(int, int, void*)
 *fill*         0x00000000c0026cd1        0x1 
 .text          0x00000000c0026cd2      0x25e hw/timer/apictimer.32
                0x00000000c0026cd2                APICTimer::close(int, int, void*)
                0x00000000c0026cd8                apicTimerHandler(regs*, void*)
                0x00000000c0026d06                APICTimer::write(int)
                0x00000000c0026e0a                APICTimer::open(int, int, void*)
                0x00000000c0026f08                APICTimer::APICTimer()
                0x00000000c0026f08                APICTimer::APICTimer()
 .text          0x00000000c0026f30      0x1a7 hw/timer/pit.32
                0x00000000c0026f30                PIT::write(int)
                0x00000000c0026fae                pitHandler(regs*, void*)
                0x00000000c0026fda                PIT::open(int, int, void*)
                0x00000000c0027028                PIT::close(int, int, void*)
                0x00000000c0027058                PIT::PIT()
                0x00000000c0027058                PIT::PIT()
 *fill*         0x00000000c00270d7        0x9 
 .text          0x00000000c00270e0       0x1e hw/fpu/x86/avx.32
                0x00000000c00270e0                avxDetect
                0x00000000c00270e6                avxSave
                0x00000000c00270e7                avxLoad
                0x00000000c00270e8                avxInit
                0x00000000c00270e9                avxClose
                0x00000000c00270ea                wouldSheSayYes
 *fill*         0x00000000c00270fe        0x2 
 .text          0x00000000c0027100       0x35 hw/fpu/x86/sse.32
                0x00000000c0027100                absolutelyNoChanceInHell
                0x00000000c0027100                sseDetect
                0x00000000c0027118                sseSave
                0x00000000c002711e                sseLoad
                0x00000000c0027124                sseInit
                0x00000000c0027134                sseClose
 *fill*         0x00000000c0027135        0xb 
 .text          0x00000000c0027140       0x4d hw/fpu/x86/x87.32
                0x00000000c0027146                x87Detect
                0x00000000c0027161                x87Save
                0x00000000c002716a                x87Load
                0x00000000c0027172                x87Init
                0x00000000c002718c                x87Close
 *fill*         0x00000000c002718d        0x3 
 .text          0x00000000c0027190       0x25 /cygdrive/d/Users/Alex/Desktop/Toolchain/Output/bin/../lib/gcc/i386-banana/8.1.0/crtend.o
 .text          0x00000000c00271b5        0x0 crtn.32
 *fill*         0x00000000c00271b5        0x3 
 .text          0x00000000c00271b8      0x14b /cygdrive/d/Users/Alex/Desktop/Toolchain/Output/bin/../lib/gcc/i386-banana/8.1.0/libkgcc.a(_divdi3.o)
                0x00000000c00271b8                __divdi3
 *fill*         0x00000000c0027303        0x1 
 .text          0x00000000c0027304      0x17e /cygdrive/d/Users/Alex/Desktop/Toolchain/Output/bin/../lib/gcc/i386-banana/8.1.0/libkgcc.a(_moddi3.o)
                0x00000000c0027304                __moddi3
 *fill*         0x00000000c0027482        0x2 