Archive member included to satisfy reference by file (symbol)

/cygdrive/d/Users/Alex/Desktop/Toolchain/Output/bin/../lib/gcc/i386-banana/8.1.0/libkgcc.a(_divdi3.o)
                              fs/fat/ff.32 (__divdi3)
/cygdrive/d/Users/Alex/Desktop/Toolchain/Output/bin/../lib/gcc/i386-banana/8.1.0/libkgcc.a(_moddi3.o)
                              compat/resolve.32 (__moddi3)
/cygdrive/d/Users/Alex/Desktop/Toolchain/Output/bin/../lib/gcc/i386-banana/8.1.0/libkgcc.a(_udivdi3.o)
                              fs/fat/ff.32 (__udivdi3)
/cygdrive/d/Users/Alex/Desktop/Toolchain/Output/bin/../lib/gcc/i386-banana/8.1.0/libkgcc.a(_umoddi3.o)
                              compat/resolve.32 (__umoddi3)
D:/Users/Alex/Desktop/Banana/kernel/libsoftfp.a(sfieeelib.o)
                              hal/libresample/src_linear.32 (__subsf3)
D:/Users/Alex/Desktop/Banana/kernel/libsoftfp.a(dfieeelib.o)
                              hal/libresample/src_linear.32 (__adddf3)
D:/Users/Alex/Desktop/Banana/kernel/libsoftfp.a(sfdfcvt.o)
                              hal/libresample/samplerate.32 (__truncdfsf2)
D:/Users/Alex/Desktop/Banana/kernel/libk/libm32.a(s_fabs.c.o)
                              hal/libresample/samplerate.32 (fabs)
D:/Users/Alex/Desktop/Banana/kernel/libk/libm32.a(s_lrint.S.o)
                              hal/libresample/samplerate.32 (lrint)
D:/Users/Alex/Desktop/Banana/kernel/libk/libm32.a(s_lrintf.S.o)
                              hal/sound/sndhw.32 (lrintf)

Discarded input sections

 .comment       0x0000000000000000       0x12 /cygdrive/d/Users/Alex/Desktop/Toolchain/Output/bin/../lib/gcc/i386-banana/8.1.0/crtbegin.o
 .comment       0x0000000000000000       0x12 acpica/utclib.32
 .comment       0x0000000000000000       0x12 core/malloc.32
 .comment       0x0000000000000000       0x12 libk/string.32
 .comment       0x0000000000000000       0x12 fs/fat/diskio.32
 .comment       0x0000000000000000       0x12 fs/fat/ff.32
 .comment       0x0000000000000000       0x12 fs/fat/ffsystem.32
 .comment       0x0000000000000000       0x12 fs/fat/ffunicode.32
 .comment       0x0000000000000000       0x12 hal/libresample/samplerate.32
 .comment       0x0000000000000000       0x12 hal/libresample/src_linear.32
 .comment       0x0000000000000000       0x12 hal/libresample/src_sinc.32
 .comment       0x0000000000000000       0x12 hal/libresample/src_zoh.32
 .comment       0x0000000000000000       0x12 compat/inlines.32
 .comment       0x0000000000000000       0x12 compat/resolve.32
 .group         0x0000000000000000       0x14 core/computer.32
 .group         0x0000000000000000        0xc core/computer.32
 .comment       0x0000000000000000       0x12 core/computer.32
 .comment       0x0000000000000000       0x12 core/gdt.32
 .group         0x0000000000000000        0xc core/idle.32
 .comment       0x0000000000000000       0x12 core/idle.32
 .comment       0x0000000000000000       0x12 core/idt.32
 .comment       0x0000000000000000       0x12 core/kheap.32
 .comment       0x0000000000000000       0x12 core/main.32
 .comment       0x0000000000000000       0x12 core/physmgr.32
 .group         0x0000000000000000        0xc core/pipe.32
 .comment       0x0000000000000000       0x12 core/pipe.32
 .group         0x0000000000000000        0xc core/terminal.32
 .comment       0x0000000000000000       0x12 core/terminal.32
 .comment       0x0000000000000000       0x12 core/tss.32
 .group         0x0000000000000000        0x8 core/unixfile.32
 .group         0x0000000000000000        0xc core/unixfile.32
 .group         0x0000000000000000        0xc core/unixfile.32
 .group         0x0000000000000000        0x8 core/unixfile.32
 .group         0x0000000000000000        0xc core/unixfile.32
 .group         0x0000000000000000        0x8 core/unixfile.32
 .group         0x0000000000000000        0xc core/unixfile.32
 .group         0x0000000000000000        0xc core/unixfile.32
 .comment       0x0000000000000000       0x12 core/unixfile.32
 .comment       0x0000000000000000       0x12 core/virtmgr.32
 .comment       0x0000000000000000       0x12 coreobjs/c++.32
 .comment       0x0000000000000000       0x12 dbg/kconsole.32
 .group         0x0000000000000000        0xc fs/vfs.32
 .group         0x0000000000000000        0xc fs/vfs.32
 .group         0x0000000000000000        0xc fs/vfs.32
 .comment       0x0000000000000000       0x12 fs/vfs.32
 .group         0x0000000000000000        0xc hal/bus.32
 .comment       0x0000000000000000       0x12 hal/bus.32
 .group         0x0000000000000000        0xc hal/buzzer.32
 .comment       0x0000000000000000       0x12 hal/buzzer.32
 .group         0x0000000000000000        0xc hal/clock.32
 .comment       0x0000000000000000       0x12 hal/clock.32
 .group         0x0000000000000000       0x14 hal/device.32
 .group         0x0000000000000000        0xc hal/device.32
 .group         0x0000000000000000        0xc hal/device.32
 .group         0x0000000000000000        0xc hal/device.32
[...]
Memory Configuration

Name             Origin             Length             Attributes
*default*        0x0000000000000000 0xffffffffffffffff

Linker script and memory map

LOAD D:/Users/Alex/Desktop/Banana/kernel/boot.32
LOAD crti.32
LOAD /cygdrive/d/Users/Alex/Desktop/Toolchain/Output/bin/../lib/gcc/i386-banana/8.1.0/crtbegin.o
LOAD D:/Users/Alex/Desktop/Banana/kernel/morenasm.32
LOAD acpica/utclib.32
LOAD core/malloc.32
LOAD libk/string.32
LOAD fs/fat/diskio.32
LOAD fs/fat/ff.32
LOAD fs/fat/ffsystem.32
LOAD fs/fat/ffunicode.32
LOAD hal/libresample/samplerate.32
LOAD hal/libresample/src_linear.32
LOAD hal/libresample/src_sinc.32
LOAD hal/libresample/src_zoh.32
LOAD compat/inlines.32
LOAD compat/resolve.32
LOAD core/computer.32
LOAD core/gdt.32
LOAD core/idle.32
LOAD core/idt.32
LOAD core/kheap.32
LOAD core/main.32
LOAD core/physmgr.32
LOAD core/pipe.32
LOAD core/terminal.32
LOAD core/tss.32
LOAD core/unixfile.32
LOAD core/virtmgr.32
LOAD coreobjs/c++.32
LOAD dbg/kconsole.32
LOAD fs/vfs.32
LOAD hal/bus.32
LOAD hal/buzzer.32
LOAD hal/clock.32
LOAD hal/device.32
LOAD hal/diskctrl.32
LOAD hal/diskphys.32
LOAD hal/fpu.32
LOAD hal/intctrl.32
LOAD hal/keybrd.32
LOAD hal/logidisk.32
LOAD hal/mouse.32
LOAD hal/partition.32
LOAD hal/serial.32
LOAD hal/timer.32
LOAD hal/vcache.32
LOAD hal/video.32
LOAD hw/acpi.32
LOAD hw/cpu.32
LOAD hw/ports.32
LOAD hw/smp.32
LOAD krnl/env.32
LOAD krnl/panic.32
LOAD net/ethernet.32
LOAD reg/registry.32
LOAD sys/sc_eject.32
LOAD sys/sc_exit.32
LOAD sys/sc_getcwd.32
LOAD sys/sc_getpid.32
LOAD sys/sc_getramdata.32
LOAD sys/sc_getvgaptr.32
LOAD sys/sc_loaddll.32
LOAD sys/sc_read.32
LOAD sys/sc_sbrk.32
LOAD sys/sc_setcwd.32
LOAD sys/sc_settime.32
LOAD sys/sc_timezone.32
LOAD sys/sc_write.32
LOAD sys/sc_wsbe.32
LOAD sys/sc_yield.32
LOAD sys/syscalls.32
LOAD thr/elf.32
LOAD thr/prcssthr.32
LOAD vm86/vm8086.32
LOAD vm86/x87em.32
LOAD fs/fat/vfslink.32
LOAD fs/iso9660/vfslink.32
LOAD hal/sound/sndchannel.32
LOAD hal/sound/sndhw.32
LOAD hw/bus/isa.32
LOAD hw/bus/pci.32
LOAD hw/diskctrl/ide.32
LOAD hw/diskctrl/satabus.32
LOAD hw/diskphys/ata.32
LOAD hw/diskphys/atapi.32
LOAD hw/diskphys/sata.32
LOAD hw/diskphys/satapi.32
LOAD hw/fpu/avx.32
LOAD hw/fpu/mmx.32
LOAD hw/fpu/sse.32
LOAD hw/fpu/x87.32
LOAD hw/intctrl/apic.32
LOAD hw/intctrl/pic.32
LOAD hw/timer/apictimer.32
LOAD hw/timer/pit.32
LOAD hw/fpu/x86/avx.32
LOAD hw/fpu/x86/sse.32
LOAD hw/fpu/x86/x87.32
LOAD /cygdrive/d/Users/Alex/Desktop/Toolchain/Output/bin/../lib/gcc/i386-banana/8.1.0/crtend.o
LOAD crtn.32
LOAD /cygdrive/d/Users/Alex/Desktop/Toolchain/Output/bin/../lib/gcc/i386-banana/8.1.0/libkgcc.a
LOAD D:/Users/Alex/Desktop/Banana/kernel/libsoftfp.a
LOAD D:/Users/Alex/Desktop/Banana/kernel/libk/libm32.a
                0x00000000c0000000                . = 0xc0000000

.text           0x00000000c0000000    0x28f98
 *(.text)
 .text          0x00000000c0000000       0x41 D:/Users/Alex/Desktop/Banana/kernel/boot.32
                0x00000000c0000020                callGlobalConstructors
 .text          0x00000000c0000041        0x0 crti.32
 *fill*         0x00000000c0000041        0x3 
 .text          0x00000000c0000044      0x101 /cygdrive/d/Users/Alex/Desktop/Toolchain/Output/bin/../lib/gcc/i386-banana/8.1.0/crtbegin.o
 *fill*         0x00000000c0000145        0xb 
 .text          0x00000000c0000150      0x4fb D:/Users/Alex/Desktop/Banana/kernel/morenasm.32
                0x00000000c0000150                manualPCIProbe
                0x00000000c000019b                prepareTramp
                0x00000000c00001b4                voodooXADD
                0x00000000c000027f                doTPAUSE
                0x00000000c0000289                hasLegacyFPU
                0x00000000c00002ae                is486
                0x00000000c00002e4                detectCPUID
                0x00000000c00002fa                goToVM86
                0x00000000c000032a                goToUsermode
                0x00000000c0000354                switchToThreadASMFirstTime
                0x00000000c0000362                switchToThreadASM
                0x00000000c00003f2                asmQuickAcquireLock
                0x00000000c0000410                asmQuickReleaseLock
                0x00000000c000041c                asmAcquireLock
                0x00000000c000043d                asmReleaseLock
                0x00000000c0000450                loadGDT
                0x00000000c0000470                isr0
                0x00000000c0000480                isr1
                0x00000000c000048a                isr2
                0x00000000c0000494                isr3
                0x00000000c000049e                isr4
                0x00000000c00004a8                isr5
                0x00000000c00004b2                isr6
                0x00000000c00004bc                isr7
                0x00000000c00004c6                isr8
                0x00000000c00004ce                isr9
                0x00000000c00004d8                isr10
                0x00000000c00004e0                isr11
                0x00000000c00004e8                isr12
                0x00000000c00004f0                isr13
                0x00000000c00004f8                isr14
                0x00000000c0000500                isr15
                0x00000000c000050a                isr16
                0x00000000c0000514                isr17
                0x00000000c000051e                isr18
                0x00000000c0000528                irq3
                0x00000000c0000532                irq4
                0x00000000c000053c                irq5
                0x00000000c0000546                irq6
                0x00000000c0000550                irq7
                0x00000000c000055a                irq8
                0x00000000c0000564                irq9
                0x00000000c000056e                irq10
                0x00000000c0000578                irq11
                0x00000000c0000582                irq12
                0x00000000c000058c                irq13
                0x00000000c0000596                irq14
                0x00000000c00005a0                irq15
                0x00000000c00005aa                irq1
                0x00000000c00005b1                irq2
                0x00000000c00005b8                isr96
                0x00000000c00005bf                irq0
                0x00000000c00005c4                syscall_common_stub
                0x00000000c00005c4                int_common_stub
                0x00000000c00005f6                irq16
                0x00000000c0000600                irq17
                0x00000000c000060a                irq18
                0x00000000c0000614                irq19
                0x00000000c000061e                irq20
                0x00000000c0000628                irq21
                0x00000000c0000632                irq22
                0x00000000c000063c                irq23
                0x00000000c0000646                memcpy
 *fill*         0x00000000c000064b        0x1 
 .text          0x00000000c000064c      0x5dd acpica/utclib.32
                0x00000000c000064c                memcmp
                0x00000000c0000688                memmove
                0x00000000c0000750                memset
                0x00000000c000076c                strlen
                0x00000000c0000784                strpbrk
                0x00000000c00007c0                strtok
                0x00000000c000080c                strcpy
                0x00000000c0000830                strncpy
                0x00000000c0000898                strcmp
                0x00000000c00008d8                strchr
                0x00000000c00008fc                strncmp
                0x00000000c000094c                strcat
                0x00000000c000097c                strncat
                0x00000000c00009b8                strstr
                0x00000000c0000a00                toupper
                0x00000000c0000a14                tolower
                0x00000000c0000a28                simple_strtoul
 .text          0x00000000c0000c29      0xfad core/malloc.32
                0x00000000c0000d94                dlfree
                0x00000000c00010ef                dlmalloc
                0x00000000c000162c                dlrealloc
                0x00000000c00017cf                dlmemalign
                0x00000000c00018f2                dlcalloc
                0x00000000c000198c                dlcfree
                0x00000000c0001991                dlindependent_calloc
                0x00000000c00019b6                dlindependent_comalloc
                0x00000000c00019cd                dlvalloc
                0x00000000c00019f8                dlpvalloc
                0x00000000c0001a2e                dlmalloc_trim
                0x00000000c0001a3b                dlmalloc_usable_size
                0x00000000c0001a6c                dlmallinfo
                0x00000000c0001b3b                dlmalloc_stats
                0x00000000c0001b4c                dlmallopt
 .text          0x00000000c0001bd6        0x0 libk/string.32
 .text          0x00000000c0001bd6       0x51 fs/fat/diskio.32
                0x00000000c0001bd6                disk_status
                0x00000000c0001bd9                disk_initialize
                0x00000000c0001bdc                disk_read
                0x00000000c0001bf2                disk_write
                0x00000000c0001c08                disk_ioctl
 .text          0x00000000c0001c27     0x6833 fs/fat/ff.32
                0x00000000c0004ef5                f_mount
                0x00000000c0004f57                f_open
                0x00000000c0005393                f_read
                0x00000000c0005613                f_write
                0x00000000c00058cd                f_sync
                0x00000000c0005aa9                f_close
                0x00000000c0005ad8                f_lseek
                0x00000000c0005f8f                f_opendir
                0x00000000c0006091                f_closedir
                0x00000000c00060b3                f_readdir
                0x00000000c000614e                f_stat
                0x00000000c00061dd                f_getfree
                0x00000000c00063a8                f_truncate
                0x00000000c00064a0                f_unlink
                0x00000000c0006623                f_mkdir
                0x00000000c000684f                f_rename
                0x00000000c0006b42                f_chmod
                0x00000000c0006c20                f_utime
                0x00000000c0006cfe                f_getlabel
                0x00000000c0006eec                f_setlabel
                0x00000000c0007159                f_forward
                0x00000000c0007337                f_mkfs
 .text          0x00000000c000845a       0x2d fs/fat/ffsystem.32
                0x00000000c000845a                ff_memalloc
                0x00000000c0008470                ff_memfree
 .text          0x00000000c0008487      0x253 fs/fat/ffunicode.32
                0x00000000c0008487                ff_uni2oem
                0x00000000c0008517                ff_oem2uni
                0x00000000c0008583                ff_wtoupper
 .text          0x00000000c00086da      0x8fb hal/libresample/samplerate.32
                0x00000000c000871e                src_delete
                0x00000000c000875a                src_process
                0x00000000c0008910                src_callback_read
                0x00000000c0008a8d                src_set_ratio
                0x00000000c0008af7                src_get_channels
                0x00000000c0008b19                src_reset
                0x00000000c0008b65                src_new
                0x00000000c0008bf3                src_callback_new
                0x00000000c0008c55                src_get_name
                0x00000000c0008c8c                src_get_description
                0x00000000c0008cc3                src_get_version
                0x00000000c0008cc9                src_is_valid_ratio
                0x00000000c0008d1d                src_error
                0x00000000c0008d2b                src_strerror
                0x00000000c0008d3e                src_simple
                0x00000000c0008d91                src_short_to_float_array
                0x00000000c0008df6                src_float_to_short_array
                0x00000000c0008eb5                src_int_to_float_array
                0x00000000c0008f18                src_float_to_int_array
 .text          0x00000000c0008fd5      0x8cb hal/libresample/src_linear.32
                0x00000000c00097fb                linear_get_name
                0x00000000c000980a                linear_get_description
                0x00000000c0009819                linear_set_converter
 .text          0x00000000c00098a0     0x447c hal/libresample/src_sinc.32
                0x00000000c000dc33                sinc_get_name
                0x00000000c000dc46                sinc_get_description
                0x00000000c000dc59                sinc_set_converter
 .text          0x00000000c000dd1c      0x77c hal/libresample/src_zoh.32
                0x00000000c000e3f3                zoh_get_name
                0x00000000c000e402                zoh_get_description
                0x00000000c000e411                zoh_set_converter
 .text          0x00000000c000e498       0xa7 compat/inlines.32
                0x00000000c000e498                CPU::current()
                0x00000000c000e4a4                operator new(unsigned long)
                0x00000000c000e4a9                operator delete(void*)
                0x00000000c000e4ae                disableIRQs()
                0x00000000c000e4b6                enableIRQs()
                0x00000000c000e4c5                lockScheduler()
                0x00000000c000e4cd                unlockScheduler()
                0x00000000c000e4dc                lockStuff()
                0x00000000c000e4ea                unlockStuff()
                0x00000000c000e524                Virt::getAKernelVAS()
                0x00000000c000e52a                __not_memcpy
 .text          0x00000000c000e53f      0x111 compat/resolve.32
                0x00000000c000e53f                Krnl::resolveCompatibilitySymbol(char*)
 .text          0x00000000c000e650      0xa8d core/computer.32
                0x00000000c000e650                Computer::close(int, int, void*)
                0x00000000c000e694                Krnl::firstTask()
                0x00000000c000e7d6                Computer::Computer()
                0x00000000c000e7d6                Computer::Computer()
                0x00000000c000e932                Computer::setBootMessage(char const*)
                0x00000000c000e934                Computer::detectFeatures()
                0x00000000c000eb3e                Computer::displayFeatures()
                0x00000000c000ee84                Computer::rdmsr(unsigned int)
                0x00000000c000eeb0                Computer::wrmsr(unsigned int, unsigned long long)
                0x00000000c000eee8                Computer::nmiEnabled()
                0x00000000c000eef4                Computer::readCMOS(unsigned char)
                0x00000000c000ef0e                Computer::enableNMI(bool)
                0x00000000c000ef26                Computer::open(int, int, void*)
                0x00000000c000f020                Computer::disableNMI()
                0x00000000c000f02e                Computer::writeCMOS(unsigned char, unsigned char)
                0x00000000c000f04c                Computer::handleNMI()
                0x00000000c000f0b2                Computer::setDiskActivityLight(int, bool)
 *fill*         0x00000000c000f0dd        0x1 
 .text          0x00000000c000f0de      0x1b7 core/gdt.32
                0x00000000c000f0de                GDTEntry::setBase(unsigned int)
                0x00000000c000f0fa                GDTEntry::setLimit(unsigned int)
                0x00000000c000f118                GDT::GDT()
                0x00000000c000f118                GDT::GDT()
                0x00000000c000f12e                GDT::addEntry(GDTEntry)
                0x00000000c000f16a                GDT::getNumberOfEntries()
                0x00000000c000f172                GDT::flush()
                0x00000000c000f194                GDT::setup()
 .text          0x00000000c000f295       0x6b core/idle.32
                0x00000000c000f295                idleFunction(void*)
 .text          0x00000000c000f300      0x45e core/idt.32
                0x00000000c000f300                IDTEntry::IDTEntry(bool)
                0x00000000c000f300                IDTEntry::IDTEntry(bool)
                0x00000000c000f36e                IDTEntry::setOffset(unsigned int)
                0x00000000c000f382                IDT::IDT()
                0x00000000c000f382                IDT::IDT()
                0x00000000c000f384                IDT::getPointerToInvalidOpcodeEntryForF00F()
                0x00000000c000f38c                IDT::addEntry(IDTEntry, int)
                0x00000000c000f3a6                IDT::addEntry(int, void (*)(), bool)
                0x00000000c000f3de                IDT::flush()
                0x00000000c000f3f8                IDT::setup()
 .text          0x00000000c000f75e      0x1fe core/kheap.32
                0x00000000c000f75e                sbrk
                0x00000000c000f86b                mmap
                0x00000000c000f881                munmap
                0x00000000c000f897                liballoc_lock()
                0x00000000c000f8a4                liballoc_unlock()
                0x00000000c000f8b8                liballoc_alloc(int)
                0x00000000c000f8d3                liballoc_free(void*, int)
                0x00000000c000f8ee                realloc
                0x00000000c000f902                malloc
                0x00000000c000f912                free
                0x00000000c000f922                rfree
                0x00000000c000f932                calloc
 .text          0x00000000c000f95c      0x1b6 core/main.32
                0x00000000c000f95c                Krnl::setBootMessage(char const*)
                0x00000000c000f9c8                kernel_main
 .text          0x00000000c000fb12      0x50d core/physmgr.32
                0x00000000c000fb12                Phys::allocateDMA(unsigned long)
                0x00000000c000fbb5                Phys::freeDMA(unsigned long, unsigned long)
                0x00000000c000fbfd                Phys::setPageState(unsigned long, bool)
                0x00000000c000fc2f                Phys::getPageState(unsigned long)
                0x00000000c000fc4b                Phys::freePage(unsigned long)
                0x00000000c000fca6                Phys::allocatePage()
                0x00000000c000fd5b                Phys::allocateContiguousPages(int)
                0x00000000c000fdb7                Phys::allowSegmentToBeUsed(unsigned long, unsigned long)
                0x00000000c000fdef                Phys::physicalMemorySetup(unsigned int)
 *fill*         0x00000000c001001f        0x1 
 .text          0x00000000c0010020      0x273 core/pipe.32
                0x00000000c0010020                Pipe::isAtty()
                0x00000000c0010024                Pipe::~Pipe()
                0x00000000c0010024                Pipe::~Pipe()
                0x00000000c0010048                Pipe::~Pipe()
                0x00000000c0010070                Pipe::read(unsigned long long, void*, int*)
                0x00000000c001016c                Pipe::write(unsigned long long, void*, int*)
                0x00000000c001022c                Pipe::Pipe(int)
                0x00000000c001022c                Pipe::Pipe(int)
 *fill*         0x00000000c0010293        0x1 
 .text          0x00000000c0010294      0xc7b core/terminal.32
                0x00000000c0010294                VgaText::isAtty()
                0x00000000c0010298                VgaText::~VgaText()
                0x00000000c0010298                VgaText::~VgaText()
                0x00000000c00102bc                VgaText::~VgaText()
                0x00000000c00102e6                VgaText::read(unsigned long long, void*, int*)
                0x00000000c0010306                setTerminalScrollLock(bool)
                0x00000000c0010307                addToTerminalCycle(VgaText*)
                0x00000000c0010328                installVgaTextImplementation()
                0x00000000c001033d                scrollTerminalScrollLock(int)
                0x00000000c001033e                VgaText::updateTitle()
                0x00000000c001037c                VgaText::load()
                0x00000000c00103ca                VgaText::updateCursor()
                0x00000000c00103e0                VgaText::showCursor(bool)
                0x00000000c00103ec                VgaText::disableBlink(bool)
                0x00000000c0010420                VgaText::doANSI_SGR(int)
                0x00000000c0010494                VgaText::setDefaultBgColour(VgaColour)
                0x00000000c00104a4                VgaText::setDefaultFgColour(VgaColour)
                0x00000000c00104b4                VgaText::setDefaultColours(VgaColour, VgaColour)
                0x00000000c00104d4                VgaText::setTitleTextColour(VgaColour)
                0x00000000c00104e4                VgaText::setTitleColour(VgaColour)
                0x00000000c00104f4                VgaText::setTitle(char*)
                0x00000000c001051a                VgaText::combineColours(unsigned char, unsigned char)
                0x00000000c001052c                VgaText::scrollScreen()
                0x00000000c00105c0                VgaText::combineCharAndColour(char, unsigned char)
                0x00000000c00105d2                VgaText::writeCharacter(char, VgaColour, VgaColour, int, int)
                0x00000000c001062e                VgaText::getCursorX()
                0x00000000c0010636                VgaText::getCursorY()
                0x00000000c001063e                VgaText::setCursor(int, int)
                0x00000000c0010656                VgaText::setCursorX(int)
                0x00000000c001066e                VgaText::setCursorY(int)
                0x00000000c0010686                VgaText::incrementCursor(bool)
                0x00000000c00106da                VgaText::decrementCursor(bool)
                0x00000000c00106fc                VgaText::putchar(char, VgaColour, VgaColour)
                0x00000000c00107d4                VgaText::isShowingCursor()
                0x00000000c00107dc                VgaText::isBlinkDisabled()
                0x00000000c00107e8                VgaText::setCursorHeight(int)
                0x00000000c0010800                VgaText::getCursorHeight()
                0x00000000c0010808                setActiveTerminal(VgaText*)
                0x00000000c00108ae                doTerminalCycle()
                0x00000000c00108c8                VgaText::doUpdate()
                0x00000000c00108d6                VgaText::puts(char const*, VgaColour, VgaColour)
                0x00000000c0010a4e                VgaText::clearScreen()
                0x00000000c0010aa8                VgaText::putchar(char)
                0x00000000c0010b94                VgaText::putx(unsigned int)
                0x00000000c0010bda                VgaText::puts(char const*)
                0x00000000c0010c00                VgaText::VgaText(char const*)
                0x00000000c0010c00                VgaText::VgaText(char const*)
                0x00000000c0010dae                VgaText::receiveKey(unsigned char)
                0x00000000c0010e96                VgaText::write(unsigned long long, void*, int*)
                0x00000000c0010eea                newTerminal(char*)
 *fill*         0x00000000c0010f0f        0x1 
 .text          0x00000000c0010f10      0x1b3 core/tss.32
                0x00000000c0010f10                TSS::TSS()
                0x00000000c0010f10                TSS::TSS()
                0x00000000c0010f1e                TSS::setESP(unsigned long)
                0x00000000c0010f30                TSS::flush()
                0x00000000c0010f50                TSS::setup(unsigned long, unsigned long)
 *fill*         0x00000000c00110c3        0x1 
 .text          0x00000000c00110c4      0x4c2 core/unixfile.32
                0x00000000c00110c4                ReservedFilename::read(unsigned long long, void*, int*)
                0x00000000c001111a                ReservedFilename::isAtty()
                0x00000000c0011136                ReservedFilename::write(unsigned long long, void*, int*)
                0x00000000c0011194                UnixFile::getFileDescriptor()
                0x00000000c001119c                UnixFile::UnixFile(int)
                0x00000000c001119c                UnixFile::UnixFile(int)
                0x00000000c001134c                ReservedFilename::ReservedFilename(int)
                0x00000000c001134c                ReservedFilename::ReservedFilename(int)
                0x00000000c001137e                UnixFile::~UnixFile()
                0x00000000c001137e                UnixFile::~UnixFile()
                0x00000000c0011416                UnixFile::~UnixFile()
                0x00000000c001143e                ReservedFilename::~ReservedFilename()
                0x00000000c001143e                ReservedFilename::~ReservedFilename()
                0x00000000c0011462                ReservedFilename::~ReservedFilename()
                0x00000000c0011489                getFromFileDescriptor(int)
 .text          0x00000000c0011586     0x12f9 core/virtmgr.32
                0x00000000c0011586                Virt::setPageState(unsigned long, Virt::VirtPageState)
                0x00000000c00115bb                Virt::getPageState(unsigned long)
                0x00000000c00115df                Virt::allocateKernelVirtualPages(int)
                0x00000000c00116f0                Virt::freeSwapfilePage(unsigned long)
                0x00000000c001170e                Virt::swapIDToSector(unsigned long)
                0x00000000c0011720                Virt::allocateSwapfilePage()
                0x00000000c001179e                Virt::virtualMemorySetup()
                0x00000000c001181d                Virt::setupPageSwapping(int)
                0x00000000c00119ea                VAS::VAS()
                0x00000000c00119ea                VAS::VAS()
                0x00000000c0011a26                VAS::VAS(VAS*)
                0x00000000c0011a26                VAS::VAS(VAS*)
                0x00000000c0011a54                VAS::getForeignPageTableEntry(bool, unsigned long)
                0x00000000c0011a80                VAS::getPageTableEntry(unsigned long)
                0x00000000c0011a9f                Virt::freeKernelVirtualPages(unsigned long)
                0x00000000c0011bc2                VAS::freeAllocatedPages(unsigned long)
                0x00000000c0011be6                VAS::virtualToPhysical(unsigned long)
                0x00000000c0011bfe                VAS::reflagRange(unsigned long, int, int, int)
                0x00000000c0011c3e                VAS::setToWriteCombining(unsigned long, int)
                0x00000000c0011c70                VAS::mapOtherVASIn(bool, VAS*)
                0x00000000c0011c9a                VAS::~VAS()
                0x00000000c0011c9a                VAS::~VAS()
                0x00000000c0011e16                VAS::mapPage(unsigned long, unsigned long, int)
                0x00000000c0011f18                VAS::allocatePages(int, int)
                0x00000000c00120f0                VAS::setCPUSpecific(unsigned long)
                0x00000000c001210c                VAS::mapRange(unsigned long, unsigned long, int, int)
                0x00000000c00121d2                VAS::mapForeignPage(bool, VAS*, unsigned long, unsigned long, int)
                0x00000000c00122c0                VAS::VAS(bool)
                0x00000000c00122c0                VAS::VAS(bool)
                0x00000000c0012540                VAS::evict(unsigned long)
                0x00000000c0012602                VAS::tryLoadBackOffDisk(unsigned long)
                0x00000000c0012712                VAS::scanForEviction()
                0x00000000c00127c3                mapVASFirstTime
 .text          0x00000000c001287f       0x95 coreobjs/c++.32
                0x00000000c001287f                __cxa_atexit
                0x00000000c0012882                __cxa_finalize
                0x00000000c0012883                __stack_chk_fail
                0x00000000c00128ef                __cxa_pure_virtual
                0x00000000c0012900                operator new[](unsigned long)
                0x00000000c0012905                operator delete(void*, unsigned long)
                0x00000000c001290a                operator delete[](void*)
                0x00000000c001290f                operator delete[](void*, unsigned long)
 .text          0x00000000c0012914      0x1ef dbg/kconsole.32
                0x00000000c0012914                Dbg::stringifyxWithBase(unsigned int, char*, int)
                0x00000000c0012975                Dbg::logc(char)
                0x00000000c001298c                Dbg::logs(char*)
                0x00000000c00129a9                Dbg::logWriteInt(unsigned int)
                0x00000000c00129c6                Dbg::logWriteIntBase(unsigned int, int)
                0x00000000c00129e5                Dbg::kprintf(char const*, ...)
 *fill*         0x00000000c0012b03        0x1 
 .text          0x00000000c0012b04      0xb82 fs/vfs.32
                0x00000000c0012b04                File::read(unsigned long long, void*, int*)
                0x00000000c0012b5c                File::write(unsigned long long, void*, int*)
                0x00000000c0012bb4                Directory::read(unsigned long long, void*, int*)
                0x00000000c0012c0c                Directory::write(unsigned long long, void*, int*)
                0x00000000c0012c3a                File::isAtty()
                0x00000000c0012c3e                Directory::isAtty()
                0x00000000c0012c42                Filesystem::getlabel(LogicalDisk*, int, char*, unsigned int*)
                0x00000000c0012c48                Filesystem::setlabel(LogicalDisk*, int, char*)
                0x00000000c0012c4e                Filesystem::getFileFirstSector(char const*)
                0x00000000c0012c54                File::~File()
                0x00000000c0012c54                File::~File()
                0x00000000c0012c78                File::~File()
                0x00000000c0012ca2                Directory::~Directory()
                0x00000000c0012ca2                Directory::~Directory()
                0x00000000c0012cc6                Directory::~Directory()
                0x00000000c0012cf0                Filesystem::Filesystem()
                0x00000000c0012cf0                Filesystem::Filesystem()
                0x00000000c0012d14                Filesystem::~Filesystem()
                0x00000000c0012d14                Filesystem::~Filesystem()
                0x00000000c0012d22                Filesystem::~Filesystem()
                0x00000000c0012d46                Fs::getcwd(Process*, char*, int)
                0x00000000c0012d70                Fs::initVFS()
                0x00000000c0012d9a                Fs::standardiseFiles(char*, char const*, char const*)
                0x00000000c0012f44                File::File(char const*, Process*)
                0x00000000c0012f44                File::File(char const*, Process*)
                0x00000000c0012fa8                File::open(FileOpenMode)
                0x00000000c0013006                File::close()
                0x00000000c0013066                File::seek(unsigned long long)
                0x00000000c00130bc                File::tell(unsigned long long*)
                0x00000000c001310c                File::rewind()
                0x00000000c0013120                File::unlink()
                0x00000000c001316c                File::rename(char const*)
                0x00000000c00131ba                File::chfatattr(unsigned char, unsigned char)
                0x00000000c0013216                File::exists()
                0x00000000c0013254                File::stat(unsigned long long*, bool*)
                0x00000000c00132b5                Fs::setcwd(Process*, char*)
                0x00000000c00133f0                Directory::Directory(char const*, Process*)
                0x00000000c00133f0                Directory::Directory(char const*, Process*)
                0x00000000c0013454                Directory::open()
                0x00000000c00134b0                Directory::close()
                0x00000000c0013510                Directory::unlink()
                0x00000000c001355c                Directory::rename(char const*)
                0x00000000c00135aa                Directory::exists()
                0x00000000c00135e8                Directory::read(dirent*)
                0x00000000c0013634                Directory::create()
                0x00000000c0013680                Filesystem::chfatattr(char const*, unsigned char, unsigned char)
 .text          0x00000000c0013686       0x84 hal/bus.32
                0x00000000c0013686                Bus::Bus(char const*)
                0x00000000c0013686                Bus::Bus(char const*)
                0x00000000c00136bc                Bus::~Bus()
                0x00000000c00136bc                Bus::~Bus()
                0x00000000c00136e0                Bus::~Bus()
 .text          0x00000000c001370a      0x156 hal/buzzer.32
                0x00000000c001370a                Buzzer::Buzzer(char const*)
                0x00000000c001370a                Buzzer::Buzzer(char const*)
                0x00000000c001374e                Buzzer::~Buzzer()
                0x00000000c001374e                Buzzer::~Buzzer()
                0x00000000c0013772                Buzzer::~Buzzer()
                0x00000000c001379c                Buzzer::stop()
                0x00000000c00137af                beepThread(void*)
                0x00000000c00137f2                Buzzer::beep(int, int, bool)
 .text          0x00000000c0013860      0x467 hal/clock.32
                0x00000000c0013860                User::loadClockSettings(int)
                0x00000000c00138b2                Clock::Clock(char const*)
                0x00000000c00138b2                Clock::Clock(char const*)
                0x00000000c00138e8                Clock::~Clock()
                0x00000000c00138e8                Clock::~Clock()
                0x00000000c001390c                Clock::~Clock()
                0x00000000c0013936                Clock::timeInSecondsLocal()
                0x00000000c001397e                Clock::setTimeInSecondsLocal(unsigned long long)
                0x00000000c00139d7                datetimeToSeconds(datetime_t)
                0x00000000c0013afe                Clock::setTimeInDatetimeLocal(datetime_t)
                0x00000000c0013b5e                secondsToDatetime(unsigned long long)
                0x00000000c0013ca2                Clock::timeInDatetimeLocal()
 *fill*         0x00000000c0013cc7        0x1 
 .text          0x00000000c0013cc8      0x504 hal/device.32
                0x00000000c0013cc8                Device::hibernate()
                0x00000000c0013cca                Device::wake()
                0x00000000c0013ccc                Device::detect()
                0x00000000c0013cce                Device::disableLegacy()
                0x00000000c0013cd0                Device::powerSaving(PowerSavingLevel)
                0x00000000c0013cd2                DriverlessDevice::close(int, int, void*)
                0x00000000c0013cd6                DriverlessDevice::detect()
                0x00000000c0013cd8                DriverlessDevice::open(int, int, void*)
                0x00000000c0013cec                Device::~Device()
                0x00000000c0013cec                Device::~Device()
                0x00000000c0013cfa                Device::~Device()
                0x00000000c0013d22                Device::findAndLoadDriver()
                0x00000000c0013d30                Device::preOpenPCI(PCIDeviceInfo)
                0x00000000c0013d56                Device::preOpenACPI(void*, char*, char*)
                0x00000000c0013d96                Device::addIRQHandler(int, void (*)(regs*, void*), bool, void*)
                0x00000000c0013dd4                Device::getParent()
                0x00000000c0013de0                Device::removeIRQHandler(int, void (*)(regs*, void*), bool)
                0x00000000c0013e1e                Device::addChild(Device*)
                0x00000000c0013e62                Device::removeAllChildren()
                0x00000000c0013ea8                Device::hibernateAll()
                0x00000000c0013ed8                Device::wakeAll()
                0x00000000c0013f08                Device::detectAll()
                0x00000000c0013f38                Device::disableLegacyAll()
                0x00000000c0013f68                Device::loadDriversForAll()
                0x00000000c0013fa8                Device::closeAll()
                0x00000000c0013fde                Device::powerSavingAll(PowerSavingLevel)
                0x00000000c0014014                Device::setName(char const*)
                0x00000000c0014022                Device::Device(char const*)
                0x00000000c0014022                Device::Device(char const*)
                0x00000000c001411e                Device::getName()
                0x00000000c0014128                DriverlessDevice::DriverlessDevice(char const*)
                0x00000000c0014128                DriverlessDevice::DriverlessDevice(char const*)
                0x00000000c001415e                Device::addToLinkedList(LinkedList<Device>&, DeviceType)
                0x00000000c00141a2                getDevicesOfType(DeviceType)
 .text          0x00000000c00141cc       0x84 hal/diskctrl.32
                0x00000000c00141cc                HardDiskController::HardDiskController(char const*)
                0x00000000c00141cc                HardDiskController::HardDiskController(char const*)
                0x00000000c0014202                HardDiskController::~HardDiskController()
                0x00000000c0014202                HardDiskController::~HardDiskController()
                0x00000000c0014226                HardDiskController::~HardDiskController()
 .text          0x00000000c0014250       0xf2 hal/diskphys.32
                0x00000000c0014250                PhysicalDisk::eject()
                0x00000000c0014264                PhysicalDisk::PhysicalDisk(char const*, int)
                0x00000000c0014264                PhysicalDisk::PhysicalDisk(char const*, int)
                0x00000000c00142cc                PhysicalDisk::startCache()
                0x00000000c00142f4                PhysicalDisk::~PhysicalDisk()
                0x00000000c00142f4                PhysicalDisk::~PhysicalDisk()
                0x00000000c0014318                PhysicalDisk::~PhysicalDisk()
 .text          0x00000000c0014342      0x13b hal/fpu.32
                0x00000000c0014342                FPU::FPU(char const*)
                0x00000000c0014342                FPU::FPU(char const*)
                0x00000000c0014378                FPU::~FPU()
                0x00000000c0014378                FPU::~FPU()
                0x00000000c001439c                FPU::~FPU()
                0x00000000c00143c6                setupFPU()
 *fill*         0x00000000c001447d        0x1 
 .text          0x00000000c001447e     0x1413 hal/intctrl.32
                0x00000000c001447e                InterruptController::uninstallISRHandler(int, void (*)(regs*, void*))
                0x00000000c00144b6                InterruptController::installISRHandler(int, void (*)(regs*, void*), void*)
                0x00000000c0014508                doubleFault(regs*, void*)
                0x00000000c0014522                InterruptController::installIRQHandler(int, void (*)(regs*, void*), bool, void*)
                0x00000000c00145be                InterruptController::clearAllHandlers(int, bool)
                0x00000000c0014666                InterruptController::uninstallIRQHandler(int, void (*)(regs*, void*), bool)
                0x00000000c00146ed                nmiHandler(regs*, void*)
                0x00000000c00146fb                int_handler
                0x00000000c001479c                InterruptController::InterruptController(char const*)
                0x00000000c001479c                InterruptController::InterruptController(char const*)
                0x00000000c0014842                InterruptController::~InterruptController()
                0x00000000c0014842                InterruptController::~InterruptController()
                0x00000000c0014866                InterruptController::~InterruptController()
                0x00000000c0014890                displayDebugInfo(regs*)
                0x00000000c0014d1f                x87EmulHandler(regs*, void*)
                0x00000000c0014d92                gpFault(regs*, void*)
                0x00000000c0014dcb                pgFault(regs*, void*)
                0x00000000c0014de2                otherISRHandler(regs*, void*)
                0x00000000c0014e01                opcodeFault(regs*, void*)
                0x00000000c001541e                displayProgramFault(char const*)
                0x00000000c0015446                setupInterruptController()
                0x00000000c0015844                InterruptController::convertLegacyIRQNumber(int)
 *fill*         0x00000000c0015891        0x1 
 .text          0x00000000c0015892      0x794 hal/keybrd.32
                0x00000000c0015892                startGUI(void*)
                0x00000000c00158fe                startGUIVESA(void*)
                0x00000000c001596a                sendKeyToTerminal(unsigned char)
                0x00000000c0015a28                sendKeyboardToken(KeyboardToken)
                0x00000000c0015e65                clearInternalKeybuffer(VgaText*)
                0x00000000c0015e9a                readKeyboard(VgaText*, char*, unsigned long)
                0x00000000c0015f9c                Keyboard::Keyboard(char const*)
                0x00000000c0015f9c                Keyboard::Keyboard(char const*)
                0x00000000c0015fd8                Keyboard::~Keyboard()
                0x00000000c0015fd8                Keyboard::~Keyboard()
                0x00000000c0015ffc                Keyboard::~Keyboard()
 .text          0x00000000c0016026      0x414 hal/logidisk.32
                0x00000000c0016026                LogicalDisk::close(int, int, void*)
                0x00000000c001602a                LogicalDisk::~LogicalDisk()
                0x00000000c001602a                LogicalDisk::~LogicalDisk()
                0x00000000c001604e                LogicalDisk::~LogicalDisk()
                0x00000000c0016078                LogicalDisk::open(int, int, void*)
                0x00000000c001608c                LogicalDisk::absoluteToRelative(unsigned long long)
                0x00000000c00160c4                LogicalDisk::relativeToAbsolute(unsigned long long)
                0x00000000c001610a                LogicalDisk::LogicalDisk(char const*, PhysicalDisk*, unsigned long long, unsigned long long)
                0x00000000c001610a                LogicalDisk::LogicalDisk(char const*, PhysicalDisk*, unsigned long long, unsigned long long)
                0x00000000c00161c0                LogicalDisk::assignDriveLetter()
                0x00000000c0016276                LogicalDisk::mount()
                0x00000000c00162e8                LogicalDisk::unmount()
                0x00000000c00162f8                LogicalDisk::eject()
                0x00000000c001630c                LogicalDisk::unassignDriveLetter()
                0x00000000c0016362                LogicalDisk::read(unsigned long long, int, void*)
                0x00000000c00163ce                LogicalDisk::write(unsigned long long, int, void*)
 .text          0x00000000c001643a       0x84 hal/mouse.32
                0x00000000c001643a                Mouse::Mouse(char const*)
                0x00000000c001643a                Mouse::Mouse(char const*)
                0x00000000c0016470                Mouse::~Mouse()
                0x00000000c0016470                Mouse::~Mouse()
                0x00000000c0016494                Mouse::~Mouse()
 .text          0x00000000c00164be      0x359 hal/partition.32
                0x00000000c00164be                makePartition(PhysicalDisk*, unsigned long long, unsigned long long)
                0x00000000c0016586                createPartitionsForDisk(PhysicalDisk*)
 *fill*         0x00000000c0016817        0x1 
 .text          0x00000000c0016818       0x84 hal/serial.32
                0x00000000c0016818                Serial::Serial(char const*)
                0x00000000c0016818                Serial::Serial(char const*)
                0x00000000c001684e                Serial::~Serial()
                0x00000000c001684e                Serial::~Serial()
                0x00000000c0016872                Serial::~Serial()
 .text          0x00000000c001689c      0x2f3 hal/timer.32
                0x00000000c001689c                Timer::Timer(char const*)
                0x00000000c001689c                Timer::Timer(char const*)
                0x00000000c00168d2                Timer::~Timer()
                0x00000000c00168d2                Timer::~Timer()
                0x00000000c00168f6                Timer::~Timer()
                0x00000000c0016920                Timer::read()
                0x00000000c001692b                timerHandler(unsigned long long)
                0x00000000c0016a9d                setupTimer(int)
 *fill*         0x00000000c0016b8f        0x1 
 .text          0x00000000c0016b90      0x409 hal/vcache.32
                0x00000000c0016b90                VCache::VCache(PhysicalDisk*)
                0x00000000c0016b90                VCache::VCache(PhysicalDisk*)
                0x00000000c0016cf8                VCache::invalidateReadBuffer()
                0x00000000c0016d08                VCache::writeWriteBuffer()
                0x00000000c0016d44                VCache::~VCache()
                0x00000000c0016d44                VCache::~VCache()
                0x00000000c0016d98                VCache::~VCache()
                0x00000000c0016dc0                VCache::write(unsigned long long, int, void*)
                0x00000000c0016eaa                VCache::read(unsigned long long, int, void*)
 *fill*         0x00000000c0016f99        0x1 
 .text          0x00000000c0016f9a      0x4cd hal/video.32
                0x00000000c0016f9a                Video::putrect(int, int, int, int, unsigned int)
                0x00000000c0016fe6                Video::bitblit(int, int, int, int, int, int, int, unsigned int*)
                0x00000000c0017056                Video::blit(unsigned int*, int, int, int, int)
                0x00000000c00170d4                Video::clearScreen(unsigned int)
                0x00000000c0017108                Video::putpixel(int, int, unsigned int)
                0x00000000c0017116                Video::Video(char const*)
                0x00000000c0017116                Video::Video(char const*)
                0x00000000c001714c                Video::~Video()
                0x00000000c001714c                Video::~Video()
                0x00000000c0017170                Video::~Video()
                0x00000000c001719a                Video::isMonochrome()
                0x00000000c00171a6                Video::getWidth()
                0x00000000c00171b2                Video::getHeight()
                0x00000000c00171be                Video::drawCursor(int, int, unsigned char*, int)
                0x00000000c001727a                Video::tgaParse(unsigned char*, int, int*, int*)
                0x00000000c00173fc                Video::putTGA(int, int, unsigned char*, int)
 *fill*         0x00000000c0017467        0x1 
 .text          0x00000000c0017468     0x114d hw/acpi.32
                0x00000000c0017468                ACPI::close(int, int, void*)
                0x00000000c001751d                findRSDP()
                0x00000000c00175b7                loadACPITables(unsigned char*)
                0x00000000c001780e                findRSDT(unsigned char*)
                0x00000000c0017958                findDataTable(unsigned char*, char*)
                0x00000000c00179f4                scanMADT()
                0x00000000c0017e7a                ACPI::ACPI()
                0x00000000c0017e7a                ACPI::ACPI()
                0x00000000c0017ece                ACPI::getPCIIRQAssignment(unsigned char, unsigned short, unsigned char)
                0x00000000c0017fb0                ACPI::registerPCIIRQAssignment(void*, unsigned short, unsigned char, unsigned char)
                0x00000000c0018076                ACPI::setScreenBrightnessLevel(void*, int)
                0x00000000c001807c                ACPI::detectPCI()
                0x00000000c00181a0                ACPI::writeSimpleBootFlag(SimpleBootFlagTable*)
                0x00000000c00181e8                ACPI::sleep()
                0x00000000c0018200                ACPI::open(int, int, void*)
 *fill*         0x00000000c00185b5        0x1 
 .text          0x00000000c00185b6     0x1717 hw/cpu.32
                0x00000000c00185b6                CPU::close(int, int, void*)
                0x00000000c00185ba                CPU::lookupAMDName(unsigned char, unsigned char)
                0x00000000c001874e                CPU::lookupIntelName(unsigned char, unsigned char)
                0x00000000c00189fc                CPU::AMD_K6_write_msr(unsigned int, unsigned int, unsigned int, CPU::REGS*)
                0x00000000c0018a18                CPU::AMD_K6_read_msr(unsigned int, CPU::REGS*)
                0x00000000c0018a30                CPU::AMD_K6_writeback(int, int, int)
                0x00000000c0018aa4                CPU::cpuid(int, unsigned long*, unsigned long*, unsigned long*, unsigned long*)
                0x00000000c0018b28                CPU::cpuidCheckEDX(unsigned int)
                0x00000000c0018b56                CPU::cpuidCheckECX(unsigned int)
                0x00000000c0018b84                CPU::cpuidCheckExtendedEBX(unsigned int)
                0x00000000c0018bb2                CPU::cpuidCheckExtendedECX(unsigned int)
                0x00000000c0018be0                CPU::CPU()
                0x00000000c0018be0                CPU::CPU()
                0x00000000c0018c6e                CPU::displayFeatures()
                0x00000000c0018eea                CPU::detectFeatures()
                0x00000000c00198dc                CPU::setupSMEP()
                0x00000000c00198e8                CPU::setupUMIP()
                0x00000000c00198f2                CPU::setupTSC()
                0x00000000c00198fc                CPU::setupLargePages()
                0x00000000c0019906                CPU::setupPAT()
                0x00000000c0019942                CPU::setupMTRR()
                0x00000000c0019944                CPU::setupGlobalPages()
                0x00000000c001994e                CPU::allowUsermodeDataAccess()
                0x00000000c0019960                CPU::prohibitUsermodeDataAccess()
                0x00000000c0019972                CPU::setupSMAP()
                0x00000000c0019980                CPU::setupFeatures()
                0x00000000c0019a00                CPU::open(int, int, void*)
                0x00000000c0019ad2                CPU::decodeAddress(regs*, int*, bool*, unsigned char*)
 .text          0x00000000c0019ccd        0x0 hw/ports.32
 .text          0x00000000c0019ccd      0x16a hw/smp.32
                0x00000000c0019ccd                Krnl::smpEntry()
                0x00000000c0019ccf                Krnl::startCPU(int)
                0x00000000c0019e18                Krnl::startCPUs()
 *fill*         0x00000000c0019e37        0x1 
 .text          0x00000000c0019e38      0x5cd krnl/env.32
                0x00000000c0019e38                EnvVarContainer::getEnv(char const*)
                0x00000000c0019e76                EnvVarContainer::setEnv(char const*, char const*)
                0x00000000c0019f38                EnvVarContainer::deleteEnv(char const*)
                0x00000000c0019f3a                EnvVarContainer::loadFrom(char const*, char const*)
                0x00000000c001a13c                EnvVarContainer::__loadSystem()
                0x00000000c001a156                EnvVarContainer::__loadUser()
                0x00000000c001a158                EnvVarContainer::EnvVarContainer(Process*)
                0x00000000c001a158                EnvVarContainer::EnvVarContainer(Process*)
                0x00000000c001a17a                EnvVarContainer::~EnvVarContainer()
                0x00000000c001a17a                EnvVarContainer::~EnvVarContainer()
                0x00000000c001a1aa                Krnl::getEnv(Process*, char const*)
                0x00000000c001a20f                Krnl::setEnvSystem(char const*, char const*)
                0x00000000c001a229                Krnl::setEnvUser(char const*, char const*)
                0x00000000c001a248                Krnl::setEnvProcess(Process*, char const*, char const*)
                0x00000000c001a25b                Krnl::deleteEnvSystem(char const*)
                0x00000000c001a25c                Krnl::deleteEnvUser(char const*)
                0x00000000c001a25d                Krnl::deleteEnvProcess(Process*, char const*)
                0x00000000c001a25e                Krnl::newProcessEnv(Process*)
                0x00000000c001a280                Krnl::copyProcessEnv(Process*, Process*)
                0x00000000c001a2cc                Krnl::loadSystemEnv()
                0x00000000c001a2fa                Krnl::loadUserEnv()
                0x00000000c001a320                Krnl::flushEnv()
                0x00000000c001a321                Krnl::getProcessTotalEnvCount(Process*)
                0x00000000c001a341                Krnl::getProcessEnvPair(Process*, int)
 .text          0x00000000c001a405      0x396 krnl/panic.32
                0x00000000c001a405                Krnl::panic(char const*)
 .text          0x00000000c001a79b      0x57f net/ethernet.32
                0x00000000c001a79b                Net::switchEndian16(unsigned short)
                0x00000000c001a7bc                Net::switchEndian32(unsigned int)
                0x00000000c001a7eb                Net::crc32Calc(unsigned char*, int)
                0x00000000c001a87c                Net::wrapEthernetFrame(Net::UnwrappedEthernetFrame, unsigned char*)
                0x00000000c001aa8f                Net::unwrapEthernetFrame(unsigned char*, int)
 .text          0x00000000c001ad1a      0x50e reg/registry.32
                0x00000000c001ad1a                Reg::findLineFromLoadedData(char*, char*, char*)
                0x00000000c001ae72                Reg::getLineFromRegistry(char*, char*, char*, char*)
                0x00000000c001afc7                Reg::getLine(char*, char*, char*)
                0x00000000c001affe                Reg::readInt(char*, char*, int*)
                0x00000000c001b0e9                Reg::readString(char*, char*, char*, int)
                0x00000000c001b16a                Reg::readBool(char*, char*, bool*)
                0x00000000c001b18f                Reg::readBoolWithDefault(char*, char*, bool)
                0x00000000c001b1bb                Reg::readIntWithDefault(char*, char*, int)
                0x00000000c001b1e7                Reg::readStringWithDefault(char*, char*, char*, int, char*)
 .text          0x00000000c001b228       0x36 sys/sc_eject.32
                0x00000000c001b228                Sys::eject(regs*)
 .text          0x00000000c001b25e       0x18 sys/sc_exit.32
                0x00000000c001b25e                Sys::exit(regs*)
 .text          0x00000000c001b276       0x1f sys/sc_getcwd.32
                0x00000000c001b276                Sys::getCwd(regs*)
 .text          0x00000000c001b295        0xc sys/sc_getpid.32
                0x00000000c001b295                Sys::getPID(regs*)
 .text          0x00000000c001b2a1       0x17 sys/sc_getramdata.32
                0x00000000c001b2a1                Sys::getRAMData(regs*)
 .text          0x00000000c001b2b8       0x84 sys/sc_getvgaptr.32
                0x00000000c001b2b8                Sys::getVGAPtr(regs*)
 .text          0x00000000c001b33c       0xa8 sys/sc_loaddll.32
                0x00000000c001b33c                Sys::loadDLL(regs*)
 .text          0x00000000c001b3e4       0x68 sys/sc_read.32
                0x00000000c001b3e4                Sys::read(regs*)
 .text          0x00000000c001b44c       0x55 sys/sc_sbrk.32
                0x00000000c001b44c                Sys::sbrk(regs*)
 .text          0x00000000c001b4a1       0x1c sys/sc_setcwd.32
                0x00000000c001b4a1                Sys::setCwd(regs*)
 .text          0x00000000c001b4bd      0x128 sys/sc_settime.32
                0x00000000c001b4bd                Sys::setTime(regs*)
 .text          0x00000000c001b5e5       0x4a sys/sc_timezone.32
                0x00000000c001b5e5                Sys::timezone(regs*)
 .text          0x00000000c001b62f       0x68 sys/sc_write.32
                0x00000000c001b62f                Sys::write(regs*)
 .text          0x00000000c001b697       0x62 sys/sc_wsbe.32
                0x00000000c001b697                Sys::wsbe(regs*)
 .text          0x00000000c001b6f9       0x46 sys/sc_yield.32
                0x00000000c001b6f9                Sys::yield(regs*)
 .text          0x00000000c001b73f     0x1101 sys/syscalls.32
                0x00000000c001b73f                sysCallSeekDir(regs*)
                0x00000000c001b744                sysCallTellDir(regs*)
                0x00000000c001b749                sysCallVerify(regs*)
                0x00000000c001b753                sysFormatDisk(regs*)
                0x00000000c001b7bd                sysSetDiskVolumeLabel(regs*)
                0x00000000c001b803                sysGetDiskVolumeLabel(regs*)
                0x00000000c001b854                sysShutdown(regs*)
                0x00000000c001b8b2                sysCallRealpath(regs*)
                0x00000000c001b8f5                sysCallGetArgc(regs*)
                0x00000000c001b923                sysCallReadDir(regs*)
                0x00000000c001b9b1                sysCallIsATTY(regs*)
                0x00000000c001ba0b                sysCallSeek(regs*)
                0x00000000c001ba74                sysCallTell(regs*)
                0x00000000c001baf1                sysCallSize(regs*)
                0x00000000c001bb74                sysCallSizeFromFilename(regs*)
                0x00000000c001bc34                sysCallClose(regs*)
                0x00000000c001bcbc                sysCallOpenDir(regs*)
                0x00000000c001bd31                sysCallCloseDir(regs*)
                0x00000000c001bd97                sysCallMakeDir(regs*)
                0x00000000c001be07                sysCallWait(regs*)
                0x00000000c001be21                sysCallNotImpl(regs*)
                0x00000000c001be3c                sysPanic(regs*)
                0x00000000c001be62                sysCallRmdir(regs*)
                0x00000000c001bec6                sysCallUnlink(regs*)
                0x00000000c001bf2a                sysCallGetArgv(regs*)
                0x00000000c001bf76                sysCallTTYName(regs*)
                0x00000000c001bff9                sysCallUSleep(regs*)
                0x00000000c001c020                sysCallSpawn(regs*)
                0x00000000c001c095                sysCallGetEnv(regs*)
                0x00000000c001c1cd                sysAppSettings(regs*)
                0x00000000c001c2e1                sysSetFatAttrib(regs*)
                0x00000000c001c353                sysPipe(regs*)
                0x00000000c001c398                sysGetUnixTime(regs*)
                0x00000000c001c3ac                string_ends_with(char const*, char const*)
                0x00000000c001c3f4                sysCallOpen(regs*)
                0x00000000c001c609                Sys::loadSyscalls()
                0x00000000c001c7fe                Sys::systemCall(regs*, void*)
 .text          0x00000000c001c840     0x11fd thr/elf.32
                0x00000000c001c840                Thr::allocateMemoryForTask(Process*, File*, unsigned long, unsigned long, unsigned long)
                0x00000000c001caea                Thr::loadProgramIntoMemory(Process*, char const*)
                0x00000000c001cd00                Thr::runtimeReferenceHelper()
                0x00000000c001cd13                Thr::getAddressOfKernelSymbol(char const*)
                0x00000000c001cd62                Thr::loadKernelSymbolTable(char const*)
                0x00000000c001d020                Thr::loadDriverIntoMemory(char const*, unsigned long, bool)
                0x00000000c001d756                Thr::getDriverBaseFromAddress(unsigned long)
                0x00000000c001d788                Thr::getDriverNameFromAddress(unsigned long)
                0x00000000c001d7bf                Thr::getDriverOffsetFromAddress(unsigned long)
                0x00000000c001d7d9                Thr::loadDLL(char const*, bool)
                0x00000000c001da04                Thr::executeDLL(unsigned long, void*)
 *fill*         0x00000000c001da3d        0x1 
 .text          0x00000000c001da3e     0x1315 thr/prcssthr.32
                0x00000000c001da3e                userModeEntryPoint(void*)
                0x00000000c001da64                changeTSS
                0x00000000c001da94                switchToThread(ThreadControlBlock*)
                0x00000000c001db3e                Process::addArgs(char**)
                0x00000000c001db98                Process::Process(char const*, Process*, char**)
                0x00000000c001db98                Process::Process(char const*, Process*, char**)
                0x00000000c001dd7c                Process::Process(bool, char const*, Process*, char**)
                0x00000000c001dd7c                Process::Process(bool, char const*, Process*, char**)
                0x00000000c001df2b                taskStartupFunction
                0x00000000c001df34                Semaphore::Semaphore(int)
                0x00000000c001df34                Semaphore::Semaphore(int)
                0x00000000c001df62                Mutex::Mutex()
                0x00000000c001df62                Mutex::Mutex()
                0x00000000c001df74                Process::createThread(void (*)(void*), void*, int)
                0x00000000c001e07a                Process::createUserThread()
                0x00000000c001e096                setupMultitasking(void (*)())
                0x00000000c001e1b8                schedule()
                0x00000000c001e23e                Semaphore::tryAcquire()
                0x00000000c001e2fa                Semaphore::assertLocked(char const*)
                0x00000000c001e369                blockTaskWithSchedulerLockAlreadyHeld(TaskState)
                0x00000000c001e3b7                blockTask(TaskState)
                0x00000000c001e3e4                waitTask(int, int*, int)
                0x00000000c001e426                nanoSleepUntil(unsigned long long)
                0x00000000c001e4bb                nanoSleep(unsigned long long)
                0x00000000c001e4d3                sleep(unsigned long long)
                0x00000000c001e4f0                Semaphore::acquire()
                0x00000000c001e592                taskReturned
                0x00000000c001e5cd                Thr::processFromPID(int)
                0x00000000c001e67c                unblockTask(ThreadControlBlock*)
                0x00000000c001e729                cleanupTerminatedTask(ThreadControlBlock*)
                0x00000000c001e9f2                cleanerTaskFunction(void*)
                0x00000000c001eaeb                terminateTask(int)
                0x00000000c001ec1d                Thr::terminateFromIRQ(int)
                0x00000000c001ec2a                Semaphore::release()
 .text          0x00000000c001ed53      0xada vm86/vm8086.32
                0x00000000c001ed53                Vm::inbv(unsigned short)
                0x00000000c001ed66                Vm::outbv(unsigned short, unsigned char)
                0x00000000c001ed9c                Vm::realToLinear(unsigned short, unsigned short)
                0x00000000c001edac                Vm::getSegment(unsigned int)
                0x00000000c001edb4                Vm::getOffset(unsigned int)
                0x00000000c001edb9                Vm::mainloop2()
                0x00000000c001edf3                Vm::mainVm8086Loop(void*)
                0x00000000c001ee03                Vm::mainloop3(unsigned long)
                0x00000000c001ee29                Vm::initialise8086()
                0x00000000c001ee6c                Vm::finish8086()
                0x00000000c001eecd                Vm::getOutput8086(unsigned char*)
                0x00000000c001eef2                Vm::start8086(char const*, unsigned short, unsigned short, unsigned short, unsigned short)
                0x00000000c001f05a                Vm::doISR(regs*, int, unsigned char*, unsigned short, unsigned short)
                0x00000000c001f0e4                Vm::readByteFromReal(unsigned short, unsigned short)
                0x00000000c001f0f5                Vm::readWordFromReal(unsigned short, unsigned short)
                0x00000000c001f107                Vm::readDwordFromReal(unsigned short, unsigned short)
                0x00000000c001f118                Vm::writeByteFromReal(unsigned short, unsigned short, unsigned char)
                0x00000000c001f12d                Vm::writeWordFromReal(unsigned short, unsigned short, unsigned short)
                0x00000000c001f143                Vm::writeDwordFromReal(unsigned short, unsigned short, unsigned int)
                0x00000000c001f158                Vm::faultHandler(regs*)
 .text          0x00000000c001f82d      0xefd vm86/x87em.32
                0x00000000c001f82d                Vm::fpuInternalTo32(unsigned long long)
                0x00000000c001f888                Vm::fpuInternalTo64(unsigned long long)
                0x00000000c001f891                Vm::fpu32ToInternal(unsigned int)
                0x00000000c001f8d6                Vm::fpu64ToInternal(unsigned long long)
                0x00000000c001f8df                Vm::fpuFloatToLong(unsigned long long)
                0x00000000c001f93a                Vm::fpuULongToFloat(unsigned long long)
                0x00000000c001f970                Vm::fpuLongToFloat(long long)
                0x00000000c001f9c6                Vm::fpuGet0()
                0x00000000c001f9cb                Vm::fpuGet1()
                0x00000000c001f9d3                Vm::fpuGetPi()
                0x00000000c001f9db                Vm::fpuGetLog2E()
                0x00000000c001f9f3                Vm::fpuGetLogE2()
                0x00000000c001fa0b                Vm::fpuGetLog210()
                0x00000000c001fa23                Vm::fpuGetLog102()
                0x00000000c001fa3b                Vm::fpuIsSecondLarger(unsigned long long, unsigned long long)
                0x00000000c001fa4f                Vm::fpuAreEqual(unsigned long long, unsigned long long)
                0x00000000c001fa65                Vm::fpuUnorderedCompare(unsigned long long, unsigned long long)
                0x00000000c001fab8                Vm::fpuAdd(unsigned long long, unsigned long long)
                0x00000000c001fac9                Vm::fpuAbs(unsigned long long)
                0x00000000c001fad2                Vm::fpuChs(unsigned long long)
                0x00000000c001fae2                Vm::fpuSub(unsigned long long, unsigned long long)
                0x00000000c001faf1                Vm::fpuMultiply(unsigned long long, unsigned long long)
                0x00000000c001fb10                Vm::fpuDivide(unsigned long long, unsigned long long)
                0x00000000c001fb2c                Vm::fpuSquare(unsigned long long)
                0x00000000c001fb42                Vm::fpuGetReg(int)
                0x00000000c001fb85                Vm::fpuSetReg(int, unsigned long long)
                0x00000000c001fbd0                Vm::fpuPush(unsigned long long)
                0x00000000c001fc2d                Vm::fpuPop()
                0x00000000c001fc7f                Vm::x87Handler(regs*)
 .text          0x00000000c002072a     0x1203 fs/fat/vfslink.32
                0x00000000c002072a                FAT::getName()
                0x00000000c0020730                FAT::tell(void*, unsigned long long*)
                0x00000000c0020764                FAT::stat(void*, unsigned long long*)
                0x00000000c0020798                FAT::~FAT()
                0x00000000c0020798                FAT::~FAT()
                0x00000000c00207bc                FAT::~FAT()
                0x00000000c00207e4                FAT::getlabel(LogicalDisk*, int, char*, unsigned int*)
                0x00000000c0020882                FAT::setlabel(LogicalDisk*, int, char*)
                0x00000000c002093c                FAT::format(LogicalDisk*, int, char const*, int)
                0x00000000c0020b20                FAT::tryMount(LogicalDisk*, int)
                0x00000000c0020d26                FAT::getFileFirstSector(char const*)
                0x00000000c0020de8                FAT::readDir(void*, unsigned long, void*, int*)
                0x00000000c0020f42                FAT::read(void*, unsigned long, void*, int*)
                0x00000000c0020f9c                FAT::write(void*, unsigned long, void*, int*)
                0x00000000c0020ff6                FAT::close(void*)
                0x00000000c0021042                FAT::closeDir(void*)
                0x00000000c002108e                FAT::seek(void*, unsigned long long)
                0x00000000c00210e2                fatWrapperReadDisk
                0x00000000c0021129                fatWrapperWriteDisk
                0x00000000c0021170                fatWrapperIoctl
                0x00000000c0021274                FAT::FAT()
                0x00000000c0021274                FAT::FAT()
                0x00000000c00212c6                FAT::fixFilepath(char*)
                0x00000000c00212fe                FAT::open(char const*, void**, FileOpenMode)
                0x00000000c0021426                FAT::openDir(char const*, void**)
                0x00000000c00214cc                FAT::stat(char const*, unsigned long long*, bool*)
                0x00000000c00215b6                FAT::unlink(char const*)
                0x00000000c0021630                FAT::chfatattr(char const*, unsigned char, unsigned char)
                0x00000000c0021784                FAT::rename(char const*, char const*)
                0x00000000c0021848                FAT::mkdir(char const*)
                0x00000000c00218c2                FAT::exists(char const*)
 *fill*         0x00000000c002192d        0x1 
 .text          0x00000000c002192e      0xba5 fs/iso9660/vfslink.32
                0x00000000c002192e                ISO9660::format(LogicalDisk*, int, char const*, int)
                0x00000000c0021934                ISO9660::seek(void*, unsigned long long)
                0x00000000c0021964                ISO9660::tell(void*, unsigned long long*)
                0x00000000c0021988                ISO9660::getName()
                0x00000000c002198e                ISO9660::stat(void*, unsigned long long*)
                0x00000000c00219b2                ISO9660::chfatattr(char const*, unsigned char, unsigned char)
                0x00000000c00219b8                ISO9660::unlink(char const*)
                0x00000000c00219be                ISO9660::write(void*, unsigned long, void*, int*)
                0x00000000c00219c4                ISO9660::rename(char const*, char const*)
                0x00000000c00219ca                ISO9660::mkdir(char const*)
                0x00000000c00219d0                ISO9660::close(void*)
                0x00000000c00219f2                ISO9660::closeDir(void*)
                0x00000000c0021a14                ISO9660::~ISO9660()
                0x00000000c0021a14                ISO9660::~ISO9660()
                0x00000000c0021a38                ISO9660::~ISO9660()
                0x00000000c0021a5f                __memmem(unsigned char*, int, unsigned char*, int)
                0x00000000c0021aa1                readSectorFromCDROM(unsigned int, unsigned char*, char)
                0x00000000c0021afc                ISO9660::tryMount(LogicalDisk*, int)
                0x00000000c0021b4c                ISO9660::read(void*, unsigned long, void*, int*)
                0x00000000c0021d50                ISO9660::readDir(void*, unsigned long, void*, int*)
                0x00000000c0021fca                readRoot(unsigned int*, unsigned int*, char)
                0x00000000c002201e                readRecursively(char*, unsigned int, unsigned int, unsigned int*, unsigned int*, char, int*)
                0x00000000c00221f1                getFileData(char*, unsigned int*, unsigned int*, char, int*)
                0x00000000c0022280                ISO9660::open(char const*, void**, FileOpenMode)
                0x00000000c0022340                ISO9660::exists(char const*)
                0x00000000c0022364                ISO9660::stat(char const*, unsigned long long*, bool*)
                0x00000000c00223f8                ISO9660::openDir(char const*, void**)
                0x00000000c00224b0                ISO9660::ISO9660()
                0x00000000c00224b0                ISO9660::ISO9660()
 *fill*         0x00000000c00224d3        0x1 
 .text          0x00000000c00224d4      0x3a6 hal/sound/sndchannel.32
                0x00000000c00224d4                SoundChannel::SoundChannel(int, int, int, int)
                0x00000000c00224d4                SoundChannel::SoundChannel(int, int, int, int)
                0x00000000c002260e                SoundChannel::~SoundChannel()
                0x00000000c002260e                SoundChannel::~SoundChannel()
                0x00000000c002262a                SoundChannel::getSampleRate()
                0x00000000c0022632                SoundChannel::getBits()
                0x00000000c002263a                SoundChannel::getBufferUsed()
                0x00000000c0022642                SoundChannel::getBufferSize()
                0x00000000c002264a                SoundChannel::unbuffer(float*, int, int)
                0x00000000c00226de                SoundChannel::buffer16(short*, int)
                0x00000000c00227da                SoundChannel::buffer8(unsigned char*, int)
 .text          0x00000000c002287a      0x504 hal/sound/sndhw.32
                0x00000000c002287a                SoundDevice::SoundDevice(char const*)
                0x00000000c002287a                SoundDevice::SoundDevice(char const*)
                0x00000000c00228e6                SoundDevice::~SoundDevice()
                0x00000000c00228e6                SoundDevice::~SoundDevice()
                0x00000000c0022960                SoundDevice::~SoundDevice()
                0x00000000c002298a                SoundDevice::getFreeChannelNum()
                0x00000000c00229a4                SoundDevice::addChannel(SoundChannel*)
                0x00000000c0022a14                SoundDevice::removeChannel(int)
                0x00000000c0022a46                SoundDevice::floatTo16(float*, short*, int)
                0x00000000c0022b34                SoundDevice::floatTo8(float*, unsigned char*, int)
                0x00000000c0022c1c                SoundDevice::getAudio(int, float*, float*)
 .text          0x00000000c0022d7e        0x0 hw/bus/isa.32
 .text          0x00000000c0022d7e      0xbbb hw/bus/pci.32
                0x00000000c0022d7e                PCI::open(int, int, void*)
                0x00000000c0022d9c                PCI::close(int, int, void*)
                0x00000000c0022da0                PCI::PCI()
                0x00000000c0022da0                PCI::PCI()
                0x00000000c0022e36                PCI::readBAR8(unsigned int, int)
                0x00000000c0022e52                PCI::readBAR16(unsigned int, int)
                0x00000000c0022e70                PCI::readBAR32(unsigned int, int)
                0x00000000c0022e8c                PCI::writeBAR8(unsigned int, unsigned char, int)
                0x00000000c0022eac                PCI::writeBAR16(unsigned int, unsigned short, int)
                0x00000000c0022ef0                PCI::writeBAR32(unsigned int, unsigned int, int)
                0x00000000c0022f10                PCI::legacyMechanism(unsigned char, unsigned char, unsigned char, unsigned char)
                0x00000000c0022f7e                PCI::pciReadWord(unsigned char, unsigned char, unsigned char, unsigned char)
                0x00000000c0023026                PCI::getVendorID(unsigned char, unsigned char, unsigned char)
                0x00000000c002304a                PCI::getHeaderType(unsigned char, unsigned char, unsigned char)
                0x00000000c0023072                PCI::getClassCode(unsigned char, unsigned char, unsigned char)
                0x00000000c00230bc                PCI::getProgIF(unsigned char, unsigned char, unsigned char)
                0x00000000c00230e4                PCI::getRevisionID(unsigned char, unsigned char, unsigned char)
                0x00000000c0023108                PCI::getInterruptNumber(unsigned char, unsigned char, unsigned char)
                0x00000000c002312c                PCI::getSecondaryBus(unsigned char, unsigned char, unsigned char)
                0x00000000c0023154                PCI::getBARAddress(unsigned char, unsigned char, unsigned char, unsigned char)
                0x00000000c00231b8                PCI::pciWriteWord(unsigned char, unsigned char, unsigned char, unsigned char, unsigned short)
                0x00000000c00232a0                PCI::pciDetailsToFilepath(PCIDeviceInfo, char*)
                0x00000000c002352c                PCI::checkBus(unsigned char)
                0x00000000c0023550                PCI::foundDevice(PCIDeviceInfo)
                0x00000000c00236c2                PCI::getDeviceData(unsigned char, unsigned char, unsigned char)
                0x00000000c002387a                PCI::checkDevice(unsigned char, unsigned char)
                0x00000000c00238e6                PCI::detect()
 *fill*         0x00000000c0023939        0x1 
 .text          0x00000000c002393a      0xc70 hw/diskctrl/ide.32
                0x00000000c002393a                IDE::close(int, int, void*)
                0x00000000c002393e                IDE::IDE()
                0x00000000c002393e                IDE::IDE()
                0x00000000c0023972                IDE::prepareInterrupt(unsigned char)
                0x00000000c0023984                selectDrive(unsigned char, unsigned char)
                0x00000000c0023986                IDE::getBase(unsigned char)
                0x00000000c0023998                IDE::write(unsigned char, unsigned char, unsigned char)
                0x00000000c0023a58                IDE::read(unsigned char, unsigned char)
                0x00000000c0023b06                IDE::waitInterrupt(unsigned char)
                0x00000000c0023b6c                ideChannel0IRQHandler(regs*, void*)
                0x00000000c0023b88                ideChannel1IRQHandler(regs*, void*)
                0x00000000c0023ba4                IDE::enableIRQs(unsigned char, bool)
                0x00000000c0023bea                IDE::open(int, int, void*)
                0x00000000c0023ffa                IDE::readBuffer(unsigned char, unsigned char, unsigned int, unsigned int)
                0x00000000c00240c6                IDE::detect()
                0x00000000c00243ae                IDE::printError(unsigned char, unsigned char, unsigned char)
                0x00000000c0024544                IDE::polling(unsigned char, unsigned int)
 .text          0x00000000c00245aa      0x390 hw/diskctrl/satabus.32
                0x00000000c00245aa                SATABus::close(int, int, void*)
                0x00000000c00245ae                SATABus::detect()
                0x00000000c00245b0                SATABus::SATABus()
                0x00000000c00245b0                SATABus::SATABus()
                0x00000000c002465c                SATABus::findCmdslot(SATABus::tagHBA_PORT volatile*)
                0x00000000c00246a4                SATABus::checkType(SATABus::tagHBA_PORT volatile*)
                0x00000000c00246ec                SATABus::startCmd(SATABus::tagHBA_PORT volatile*)
                0x00000000c002470c                SATABus::stopCmd(SATABus::tagHBA_PORT volatile*)
                0x00000000c0024736                SATABus::portRebase(SATABus::tagHBA_PORT volatile*, int)
                0x00000000c002483c                SATABus::probePort(SATABus::tagHBA_MEM volatile*)
                0x00000000c002491a                SATABus::open(int, int, void*)
 .text          0x00000000c002493a      0x604 hw/diskphys/ata.32
                0x00000000c002493a                ATA::close(int, int, void*)
                0x00000000c002495e                ATA::powerSaving(PowerSavingLevel)
                0x00000000c0024960                ATA::ATA()
                0x00000000c0024960                ATA::ATA()
                0x00000000c002498e                ATA::flush(bool)
                0x00000000c00249d8                ATA::readyForCommand()
                0x00000000c0024a28                ATA::access(unsigned long long, int, void*, bool)
                0x00000000c0024db0                ATA::read(unsigned long long, int, void*)
                0x00000000c0024dfc                ATA::write(unsigned long long, int, void*)
                0x00000000c0024e48                ATA::detectCHS()
                0x00000000c0024e72                ATA::open(int, int, void*)
 .text          0x00000000c0024f3e      0x5bd hw/diskphys/atapi.32
                0x00000000c0024f3e                ATAPI::write(unsigned long long, int, void*)
                0x00000000c0024f44                ATAPI::close(int, int, void*)
                0x00000000c0024f68                ATAPI::ATAPI()
                0x00000000c0024f68                ATAPI::ATAPI()
                0x00000000c0024f96                ATAPI::readyForCommand()
                0x00000000c0024fe6                ATAPI::sendPacket(unsigned char*, int, bool, unsigned short*, int)
                0x00000000c00252a6                ATAPI::diskRemoved()
                0x00000000c00252c2                ATAPI::eject()
                0x00000000c002530a                ATAPI::diskInserted()
                0x00000000c0025338                ATAPI::detectMedia()
                0x00000000c00253f4                ATAPI::open(int, int, void*)
                0x00000000c002547c                ATAPI::read(unsigned long long, int, void*)
 *fill*         0x00000000c00254fb        0x1 
 .text          0x00000000c00254fc      0x41c hw/diskphys/sata.32
                0x00000000c00254fc                SATA::close(int, int, void*)
                0x00000000c0025520                SATA::powerSaving(PowerSavingLevel)
                0x00000000c0025522                SATA::open(int, int, void*)
                0x00000000c00255cc                SATA::SATA()
                0x00000000c00255cc                SATA::SATA()
                0x00000000c00255fa                SATA::access(unsigned long long, int, void*, bool)
                0x00000000c0025860                SATA::read(unsigned long long, int, void*)
                0x00000000c00258ac                SATA::write(unsigned long long, int, void*)
 .text          0x00000000c0025918      0x4fe hw/diskphys/satapi.32
                0x00000000c0025918                SATAPI::write(unsigned long long, int, void*)
                0x00000000c002591e                SATAPI::close(int, int, void*)
                0x00000000c0025942                SATAPI::SATAPI()
                0x00000000c0025942                SATAPI::SATAPI()
                0x00000000c0025970                SATAPI::diskRemoved()
                0x00000000c002598c                SATAPI::diskInserted()
                0x00000000c00259ba                SATAPI::sendPacket(unsigned char*, int, unsigned long long, unsigned short*, int)
                0x00000000c0025bc2                SATAPI::eject()
                0x00000000c0025c0a                SATAPI::detectMedia()
                0x00000000c0025ccc                SATAPI::open(int, int, void*)
                0x00000000c0025d74                SATAPI::read(unsigned long long, int, void*)
 .text          0x00000000c0025e16       0x8e hw/fpu/avx.32
                0x00000000c0025e16                AVX::open(int, int, void*)
                0x00000000c0025e28                AVX::close(int, int, void*)
                0x00000000c0025e3a                AVX::available()
                0x00000000c0025e4c                AVX::save(void*)
                0x00000000c0025e64                AVX::load(void*)
                0x00000000c0025e7c                AVX::AVX()
                0x00000000c0025e7c                AVX::AVX()
 .text          0x00000000c0025ea4       0x90 hw/fpu/mmx.32
                0x00000000c0025ea4                MMX::available()
                0x00000000c0025eb8                MMX::open(int, int, void*)
                0x00000000c0025eca                MMX::close(int, int, void*)
                0x00000000c0025edc                MMX::save(void*)
                0x00000000c0025ef4                MMX::load(void*)
                0x00000000c0025f0c                MMX::MMX()
                0x00000000c0025f0c                MMX::MMX()
 .text          0x00000000c0025f34       0x96 hw/fpu/sse.32
                0x00000000c0025f34                SSE::open(int, int, void*)
                0x00000000c0025f46                SSE::close(int, int, void*)
                0x00000000c0025f58                SSE::available()
                0x00000000c0025f72                SSE::save(void*)
                0x00000000c0025f8a                SSE::load(void*)
                0x00000000c0025fa2                SSE::SSE()
                0x00000000c0025fa2                SSE::SSE()
 .text          0x00000000c0025fca       0x8e hw/fpu/x87.32
                0x00000000c0025fca                x87::open(int, int, void*)
                0x00000000c0025fdc                x87::close(int, int, void*)
                0x00000000c0025fee                x87::available()
                0x00000000c0026000                x87::save(void*)
                0x00000000c0026018                x87::load(void*)
                0x00000000c0026030                x87::x87()
                0x00000000c0026030                x87::x87()
 .text          0x00000000c0026058      0x71e hw/intctrl/apic.32
                0x00000000c0026058                APIC::disable()
                0x00000000c002605a                APIC::close(int, int, void*)
                0x00000000c002607c                IOAPIC::close(int, int, void*)
                0x00000000c0026082                APIC::io_wait()
                0x00000000c0026088                APIC::getBase()
                0x00000000c00260ca                APIC::eoi(unsigned char)
                0x00000000c00260f8                APIC::open(int, int, void*)
                0x00000000c0026246                IOAPIC::IOAPIC()
                0x00000000c0026246                IOAPIC::IOAPIC()
                0x00000000c002626e                APIC::APIC()
                0x00000000c002626e                APIC::APIC()
                0x00000000c002634a                IOAPIC::handlesGSIWithNumber(unsigned int)
                0x00000000c002637c                IOAPIC::read(int)
                0x00000000c00263a4                IOAPIC::open(int, int, void*)
                0x00000000c002649a                IOAPIC::write(int, int)
                0x00000000c00264c6                IOAPIC::redirect(unsigned char, unsigned long long, unsigned char, bool, bool)
                0x00000000c00265c0                APIC::installIRQHandler(int, void (*)(regs*, void*), bool, void*)
 .text          0x00000000c0026776      0x3d3 hw/intctrl/pic.32
                0x00000000c0026776                PIC::disable()
                0x00000000c00267a4                PIC::close(int, int, void*)
                0x00000000c00267c6                PIC::PIC()
                0x00000000c00267c6                PIC::PIC()
                0x00000000c002689c                PIC::ioWait()
                0x00000000c00268a2                PIC::getIRQReg(int)
                0x00000000c002690c                PIC::eoi(unsigned char)
                0x00000000c002699e                PIC::remap()
                0x00000000c0026b0a                PIC::open(int, int, void*)
 *fill*         0x00000000c0026b49        0x1 
 .text          0x00000000c0026b4a      0x25e hw/timer/apictimer.32
                0x00000000c0026b4a                APICTimer::close(int, int, void*)
                0x00000000c0026b50                apicTimerHandler(regs*, void*)
                0x00000000c0026b7e                APICTimer::write(int)
                0x00000000c0026c82                APICTimer::open(int, int, void*)
                0x00000000c0026d80                APICTimer::APICTimer()
                0x00000000c0026d80                APICTimer::APICTimer()
 .text          0x00000000c0026da8      0x1a7 hw/timer/pit.32
                0x00000000c0026da8                PIT::write(int)
                0x00000000c0026e26                pitHandler(regs*, void*)
                0x00000000c0026e52                PIT::open(int, int, void*)
                0x00000000c0026ea0                PIT::close(int, int, void*)
                0x00000000c0026ed0                PIT::PIT()
                0x00000000c0026ed0                PIT::PIT()
 *fill*         0x00000000c0026f4f        0x1 
 .text          0x00000000c0026f50       0x1e hw/fpu/x86/avx.32
                0x00000000c0026f50                avxDetect
                0x00000000c0026f56                avxSave
                0x00000000c0026f57                avxLoad
                0x00000000c0026f58                avxInit
                0x00000000c0026f59                avxClose
                0x00000000c0026f5a                wouldSheSayYes
 *fill*         0x00000000c0026f6e        0x2 
 .text          0x00000000c0026f70       0x35 hw/fpu/x86/sse.32
                0x00000000c0026f70                absolutelyNoChanceInHell
                0x00000000c0026f70                sseDetect
                0x00000000c0026f88                sseSave
                0x00000000c0026f8e                sseLoad
                0x00000000c0026f94                sseInit
                0x00000000c0026fa4                sseClose
 *fill*         0x00000000c0026fa5        0xb 
 .text          0x00000000c0026fb0       0x4d hw/fpu/x86/x87.32
                0x00000000c0026fb6                x87Detect
                0x00000000c0026fd1                x87Save
                0x00000000c0026fda                x87Load
                0x00000000c0026fe2                x87Init
                0x00000000c0026ffc                x87Close
 *fill*         0x00000000c0026ffd        0x3 
 .text          0x00000000c0027000       0x25 /cygdrive/d/Users/Alex/Desktop/Toolchain/Output/bin/../lib/gcc/i386-banana/8.1.0/crtend.o
 .text          0x00000000c0027025        0x0 crtn.32
 *fill*         0x00000000c0027025        0x3 
 .text          0x00000000c0027028      0x14b /cygdrive/d/Users/Alex/Desktop/Toolchain/Output/bin/../lib/gcc/i386-banana/8.1.0/libkgcc.a(_divdi3.o)
                0x00000000c0027028                __divdi3
 *fill*         0x00000000c0027173        0x1 
 .text          0x00000000c0027174      0x17e /cygdrive/d/Users/Alex/Desktop/Toolchain/Output/bin/../lib/gcc/i386-banana/8.1.0/libkgcc.a(_moddi3.o)
                0x00000000c0027174                __moddi3
 *fill*         0x00000000c00272f2        0x2 
 .text          0x00000000c00272f4       0xff /cygdrive/d/Users/Alex/Desktop/Toolchain/Output/bin/../lib/gcc/i386-banana/8.1.0/libkgcc.a(_udivdi3.o)
                0x00000000c00272f4                __udivdi3
 *fill*         0x00000000c00273f3        0x1 
 .text          0x00000000c00273f4      0x11a /cygdrive/d/Users/Alex/Desktop/Toolchain/Output/bin/../lib/gcc/i386-banana/8.1.0/libkgcc.a(_umoddi3.o)
                0x00000000c00273f4                __umoddi3
 .text          0x00000000c002750e      0x96d D:/Users/Alex/Desktop/Banana/kernel/libsoftfp.a(sfieeelib.o)
                0x00000000c002750e                __addsf3
                0x00000000c0027810                __subsf3
                0x00000000c0027824                __negsf2
                0x00000000c0027831                __mulsf3
                0x00000000c00279f4                __divsf3
                0x00000000c0027c1f                __floatsisf
                0x00000000c0027c93                __floatunsisf
                0x00000000c0027cd5                __fixsfsi
                0x00000000c0027d37                __fixunssfsi
                0x00000000c0027d68                __cmpsf2
                0x00000000c0027dfd                __eqsf2