Archive member included to satisfy reference by file (symbol)

/cygdrive/d/Users/Alex/Desktop/Toolchain/Output/bin/../lib/gcc/i386-banana/8.1.0/libkgcc.a(_divdi3.o)
                              krnl/resolve.32 (__divdi3)
/cygdrive/d/Users/Alex/Desktop/Toolchain/Output/bin/../lib/gcc/i386-banana/8.1.0/libkgcc.a(_moddi3.o)
                              krnl/resolve.32 (__moddi3)
/cygdrive/d/Users/Alex/Desktop/Toolchain/Output/bin/../lib/gcc/i386-banana/8.1.0/libkgcc.a(_udivdi3.o)
                              hal/clock.32 (__udivdi3)
/cygdrive/d/Users/Alex/Desktop/Toolchain/Output/bin/../lib/gcc/i386-banana/8.1.0/libkgcc.a(_umoddi3.o)
                              core/pipe.32 (__umoddi3)

Allocating common symbols
Common symbol       size              file

dcache              0x40              fs/iso9660/iso9660.32
cdDriveLetter       0x1               fs/iso9660/iso9660.32
icache              0x40              fs/iso9660/iso9660.32

Discarded input sections

 .comment       0x0000000000000000       0x12 /cygdrive/d/Users/Alex/Desktop/Toolchain/Output/bin/../lib/gcc/i386-banana/8.1.0/crtbegin.o
 .comment       0x0000000000000000       0x12 acpica/utclib.32
 .comment       0x0000000000000000       0x12 core/malloc.32
 .comment       0x0000000000000000       0x12 libk/ctype.32
 .comment       0x0000000000000000       0x12 libk/string.32
 .comment       0x0000000000000000       0x12 fs/fat/diskio.32
 .comment       0x0000000000000000       0x12 fs/fat/ff.32
 .comment       0x0000000000000000       0x12 fs/fat/ffsystem.32
 .comment       0x0000000000000000       0x12 fs/fat/ffunicode.32
 .comment       0x0000000000000000       0x12 fs/iso9660/iso9660.32
 .group         0x0000000000000000       0x14 core/computer.32
 .group         0x0000000000000000        0xc core/computer.32
 .comment       0x0000000000000000       0x12 core/computer.32
 .comment       0x0000000000000000       0x12 core/gdt.32
 .group         0x0000000000000000        0xc core/idle.32
 .comment       0x0000000000000000       0x12 core/idle.32
 .comment       0x0000000000000000       0x12 core/idt.32
 .comment       0x0000000000000000       0x12 core/kheap.32
 .comment       0x0000000000000000       0x12 core/main.32
 .comment       0x0000000000000000       0x12 core/physmgr.32
 .group         0x0000000000000000        0xc core/pipe.32
 .comment       0x0000000000000000       0x12 core/pipe.32
 .group         0x0000000000000000        0xc core/terminal.32
 .comment       0x0000000000000000       0x12 core/terminal.32
 .comment       0x0000000000000000       0x12 core/tss.32
 .group         0x0000000000000000        0xc core/unixfile.32
 .group         0x0000000000000000        0xc core/unixfile.32
 .group         0x0000000000000000        0xc core/unixfile.32
 .group         0x0000000000000000        0xc core/unixfile.32
 .group         0x0000000000000000        0xc core/unixfile.32
 .group         0x0000000000000000        0xc core/unixfile.32
 .group         0x0000000000000000        0xc core/unixfile.32
 .group         0x0000000000000000        0xc core/unixfile.32
 .comment       0x0000000000000000       0x12 core/unixfile.32
 .comment       0x0000000000000000       0x12 core/virtmgr.32
 .comment       0x0000000000000000       0x12 coreobjs/c++.32
 .comment       0x0000000000000000       0x12 dbg/kconsole.32
 .comment       0x0000000000000000       0x12 dbg/usban.32
 .group         0x0000000000000000        0xc fs/vfs.32
 .group         0x0000000000000000        0xc fs/vfs.32
 .group         0x0000000000000000        0xc fs/vfs.32
 .comment       0x0000000000000000       0x12 fs/vfs.32
 .group         0x0000000000000000        0xc hal/bus.32
 .comment       0x0000000000000000       0x12 hal/bus.32
 .comment       0x0000000000000000       0x12 hal/buzzer.32
 .group         0x0000000000000000        0xc hal/clock.32
 .comment       0x0000000000000000       0x12 hal/clock.32
 .group         0x0000000000000000       0x14 hal/device.32
 .group         0x0000000000000000        0xc hal/device.32
 .group         0x0000000000000000        0xc hal/device.32
 .group         0x0000000000000000        0xc hal/device.32
 .group         0x0000000000000000        0xc hal/device.32
 .comment       0x0000000000000000       0x12 hal/device.32
 .group         0x0000000000000000        0xc hal/diskctrl.32
 .comment       0x0000000000000000       0x12 hal/diskctrl.32
 .group         0x0000000000000000        0xc hal/diskphys.32
 .comment       0x0000000000000000       0x12 hal/diskphys.32
 .comment       0x0000000000000000       0x12 hal/fpu.32
 .comment       0x0000000000000000       0x12 hal/intctrl.32
 .group         0x0000000000000000        0xc hal/keybrd.32
 .comment       0x0000000000000000       0x12 hal/keybrd.32
 .group         0x0000000000000000        0xc hal/logidisk.32
 .comment       0x0000000000000000       0x12 hal/logidisk.32
 .group         0x0000000000000000        0xc hal/mouse.32
[...]
Memory Configuration

Name             Origin             Length             Attributes
*default*        0x0000000000000000 0xffffffffffffffff

Linker script and memory map

LOAD D:/Users/Alex/Desktop/Banana/kernel/boot.32
LOAD crti.32
LOAD /cygdrive/d/Users/Alex/Desktop/Toolchain/Output/bin/../lib/gcc/i386-banana/8.1.0/crtbegin.o
LOAD D:/Users/Alex/Desktop/Banana/kernel/morenasm.32
LOAD acpica/utclib.32
LOAD core/malloc.32
LOAD libk/ctype.32
LOAD libk/string.32
LOAD fs/fat/diskio.32
LOAD fs/fat/ff.32
LOAD fs/fat/ffsystem.32
LOAD fs/fat/ffunicode.32
LOAD fs/iso9660/iso9660.32
LOAD core/computer.32
LOAD core/gdt.32
LOAD core/idle.32
LOAD core/idt.32
LOAD core/kheap.32
LOAD core/main.32
LOAD core/physmgr.32
LOAD core/pipe.32
LOAD core/terminal.32
LOAD core/tss.32
LOAD core/unixfile.32
LOAD core/virtmgr.32
LOAD coreobjs/c++.32
LOAD dbg/kconsole.32
LOAD dbg/usban.32
LOAD fs/vfs.32
LOAD hal/bus.32
LOAD hal/buzzer.32
LOAD hal/clock.32
LOAD hal/device.32
LOAD hal/diskctrl.32
LOAD hal/diskphys.32
LOAD hal/fpu.32
LOAD hal/intctrl.32
LOAD hal/keybrd.32
LOAD hal/logidisk.32
LOAD hal/mouse.32
LOAD hal/nic.32
LOAD hal/partition.32
LOAD hal/serial.32
LOAD hal/timer.32
LOAD hal/vcache.32
LOAD hal/video.32
LOAD hw/acpi.32
LOAD hw/cpu.32
LOAD krnl/bootmsg.32
LOAD krnl/env.32
LOAD krnl/inlines.32
LOAD krnl/panic.32
LOAD krnl/powctrl.32
LOAD krnl/random.32
LOAD krnl/resolve.32
LOAD krnl/signal.32
LOAD krnl/syscalls.32
LOAD net/ethernet.32
LOAD reg/cm.32
LOAD reg/registry.32
LOAD sys/eject.32
LOAD sys/exit.32
LOAD sys/getcwd.32
LOAD sys/getpid.32
LOAD sys/getramdata.32
LOAD sys/getvgaptr.32
LOAD sys/kill.32
LOAD sys/loaddll.32
LOAD sys/read.32
LOAD sys/registersignal.32
LOAD sys/registry.32
LOAD sys/sbrk.32
LOAD sys/setcwd.32
LOAD sys/settime.32
LOAD sys/timezone.32
LOAD sys/write.32
LOAD sys/wsbe.32
LOAD sys/yield.32
LOAD thr/elf.32
LOAD thr/prcssthr.32
LOAD vm86/vm8086.32
LOAD arch/i386/hal.32
LOAD arch/i386/pic.32
LOAD arch/i386/rtc.32
LOAD arch/i386/vga.32
LOAD fs/fat/vfslink.32
LOAD fs/iso9660/helper.32
LOAD fs/iso9660/vfslink.32
LOAD hal/sound/sndcard.32
LOAD hal/sound/sndport.32
LOAD hw/bus/isa.32
LOAD hw/bus/pci.32
LOAD hw/diskctrl/ide.32
LOAD hw/diskctrl/satabus.32
LOAD hw/diskphys/ata.32
LOAD hw/diskphys/atapi.32
LOAD hw/diskphys/sata.32
LOAD hw/diskphys/satapi.32
LOAD hw/intctrl/apic.32
LOAD hw/timer/apictimer.32
LOAD hw/timer/pit.32
LOAD arch/i386/avx.32
LOAD arch/i386/interrupt.32
LOAD arch/i386/rdrand.32
LOAD arch/i386/sse.32
LOAD arch/i386/x87.32
LOAD /cygdrive/d/Users/Alex/Desktop/Toolchain/Output/bin/../lib/gcc/i386-banana/8.1.0/crtend.o
LOAD crtn.32
LOAD /cygdrive/d/Users/Alex/Desktop/Toolchain/Output/bin/../lib/gcc/i386-banana/8.1.0/libkgcc.a
LOAD D:/Users/Alex/Desktop/Banana/kernel/libsoftfp.a
LOAD D:/Users/Alex/Desktop/Banana/kernel/libk/libm32.a
                0x00000000c0000000                . = 0xc0000000

.text           0x00000000c0000000    0x7036a
 *(.text)
 .text          0x00000000c0000000       0x20 D:/Users/Alex/Desktop/Banana/kernel/boot.32
 .text          0x00000000c0000020        0x0 crti.32
 .text          0x00000000c0000020      0x101 /cygdrive/d/Users/Alex/Desktop/Toolchain/Output/bin/../lib/gcc/i386-banana/8.1.0/crtbegin.o
 *fill*         0x00000000c0000121        0xf 
 .text          0x00000000c0000130      0x24f D:/Users/Alex/Desktop/Banana/kernel/morenasm.32
                0x00000000c0000130                manualPCIProbe
                0x00000000c000017b                prepareTramp
                0x00000000c0000194                doTPAUSE
                0x00000000c000019e                hasLegacyFPU
                0x00000000c00001c3                is486
                0x00000000c00001f9                detectCPUID
                0x00000000c000020f                goToVM86
                0x00000000c000023f                goToUsermode
                0x00000000c0000269                switchToThreadASMFirstTime
                0x00000000c0000277                switchToThreadASM
                0x00000000c00002fc                asmQuickAcquireLock
                0x00000000c000031a                asmQuickReleaseLock
                0x00000000c0000326                asmAcquireLock
                0x00000000c0000347                asmReleaseLock
                0x00000000c000035a                loadGDT
                0x00000000c000037a                memcpy
 *fill*         0x00000000c000037f        0x1 
 .text          0x00000000c0000380     0x1d37 acpica/utclib.32
                0x00000000c0000380                memcmp
                0x00000000c0000520                memmove
                0x00000000c00007a0                memset
                0x00000000c0000830                strlen
                0x00000000c00008d0                strpbrk
                0x00000000c0000a50                strtok
                0x00000000c0000b70                strcpy
                0x00000000c0000cb0                strncpy
                0x00000000c0000ff0                strcmp
                0x00000000c0001190                strchr
                0x00000000c0001240                strncmp
                0x00000000c0001430                strcat
                0x00000000c0001590                strncat
                0x00000000c0001770                strstr
                0x00000000c0001800                toupper
                0x00000000c0001890                tolower
                0x00000000c0001920                simple_strtoul
 .text          0x00000000c00020b7     0x4f41 core/malloc.32
                0x00000000c0002bae                dlfree
                0x00000000c0003b72                dlmalloc
                0x00000000c00056d7                dlrealloc
                0x00000000c0006202                dlmemalign
                0x00000000c00066d2                dlcalloc
                0x00000000c00069c0                dlcfree
                0x00000000c00069c5                dlindependent_calloc
                0x00000000c00069ea                dlindependent_comalloc
                0x00000000c0006a01                dlvalloc
                0x00000000c0006a2c                dlpvalloc
                0x00000000c0006a62                dlmalloc_trim
                0x00000000c0006a75                dlmalloc_usable_size
                0x00000000c0006b9d                dlmallinfo
                0x00000000c0006f58                dlmalloc_stats
                0x00000000c0006f6c                dlmallopt
 .text          0x00000000c0006ff8      0x1f2 libk/ctype.32
                0x00000000c0006ff8                isblank
                0x00000000c0007018                iscntrl
                0x00000000c0007038                isdigit
                0x00000000c0007054                islower
                0x00000000c0007070                isspace
                0x00000000c0007098                isupper
                0x00000000c00070b4                isalpha
                0x00000000c00070e4                isalnum
                0x00000000c0007114                ispunct
                0x00000000c0007154                isgraph
                0x00000000c0007184                isprint
                0x00000000c00071ac                isxdigit
 .text          0x00000000c00071ea        0x0 libk/string.32
 .text          0x00000000c00071ea      0x1c8 fs/fat/diskio.32
                0x00000000c00071ea                disk_status
                0x00000000c00071ed                disk_initialize
                0x00000000c00071f0                disk_read
                0x00000000c000728b                disk_write
                0x00000000c0007326                disk_ioctl
 .text          0x00000000c00073b2     0xc2a5 fs/fat/ff.32
                0x00000000c000dbe3                f_mount
                0x00000000c000dd5d                f_open
                0x00000000c000e4f6                f_read
                0x00000000c000ee43                f_write
                0x00000000c000f954                f_sync
                0x00000000c000fca6                f_close
                0x00000000c000fd0f                f_lseek
                0x00000000c0010515                f_opendir
                0x00000000c0010721                f_closedir
                0x00000000c001077d                f_readdir
                0x00000000c0010865                f_stat
                0x00000000c0010919                f_getfree
                0x00000000c0010cd6                f_truncate
                0x00000000c00110a3                f_unlink
                0x00000000c00111f0                f_mkdir
                0x00000000c0011623                f_rename
                0x00000000c0011946                f_chmod
                0x00000000c0011a9e                f_utime
                0x00000000c0011c3c                f_getlabel
                0x00000000c0011f6e                f_setlabel
                0x00000000c00122dd                f_expand
                0x00000000c0012745                f_mkfs
 *fill*         0x00000000c0013657        0x1 
 .text          0x00000000c0013658       0x2f fs/fat/ffsystem.32
                0x00000000c0013658                ff_memalloc
                0x00000000c0013670                ff_memfree
 *fill*         0x00000000c0013687        0x1 
 .text          0x00000000c0013688      0x4ea fs/fat/ffunicode.32
                0x00000000c0013688                ff_uni2oem
                0x00000000c0013790                ff_oem2uni
                0x00000000c001386c                ff_wtoupper
 .text          0x00000000c0013b72     0x4b94 fs/iso9660/iso9660.32
                0x00000000c00148a6                isoReadDiscSector
                0x00000000c0014aaf                strnicmp
                0x00000000c00151b6                stricmp
                0x00000000c0015286                iso_open
                0x00000000c0015605                iso_close
                0x00000000c0015693                iso_read
                0x00000000c0015e6b                iso_seek
                0x00000000c00164af                iso_tell
                0x00000000c0016650                iso_total
                0x00000000c00167ed                fn_postprocess
                0x00000000c0016877                iso_readdir
                0x00000000c0017fa4                iso_reset
                0x00000000c0017fc1                init_percd
                0x00000000c0018393                iso_ioctl
                0x00000000c00183ab                fs_iso9660_init
                0x00000000c00185de                fs_iso9660_shutdown
 *fill*         0x00000000c0018706        0x2 
 .text          0x00000000c0018708     0x1cd6 core/computer.32
                0x00000000c0018708                Computer::close(int, int, void*)
                0x00000000c00188c4                Krnl::firstTask()
                0x00000000c0018c10                Computer::Computer()
                0x00000000c0018c10                Computer::Computer()
                0x00000000c00190e0                Computer::setBootMessage(char const*)
                0x00000000c00190e4                Computer::detectFeatures()
                0x00000000c0019b28                Computer::displayFeatures()
                0x00000000c0019b2c                Computer::rdmsr(unsigned int)
                0x00000000c0019ba4                Computer::wrmsr(unsigned int, unsigned long long)
                0x00000000c0019c24                Computer::shutdown()
                0x00000000c0019cbc                Computer::restart()
                0x00000000c0019d54                Computer::sleep()
                0x00000000c0019dd4                Computer::nmiEnabled()
                0x00000000c0019e18                Computer::readCMOS(unsigned char)
                0x00000000c0019e78                Computer::enableNMI(bool)
                0x00000000c0019f14                Computer::open(int, int, void*)
                0x00000000c001a2c8                Computer::disableNMI()
                0x00000000c001a300                Computer::writeCMOS(unsigned char, unsigned char)
                0x00000000c001a368                Computer::handleNMI()
 .text          0x00000000c001a3de      0x50f core/gdt.32
                0x00000000c001a3de                GDTEntry::setBase(unsigned int)
                0x00000000c001a46e                GDTEntry::setLimit(unsigned int)
                0x00000000c001a4dc                GDT::GDT()
                0x00000000c001a4dc                GDT::GDT()
                0x00000000c001a562                GDT::addEntry(GDTEntry)
                0x00000000c001a63e                GDT::getNumberOfEntries()
                0x00000000c001a666                GDT::flush()
                0x00000000c001a6d4                GDT::setup()
 .text          0x00000000c001a8ed       0x38 core/idle.32
                0x00000000c001a8ed                idleFunction(void*)
 *fill*         0x00000000c001a925        0x3 
 .text          0x00000000c001a928      0xcf0 core/idt.32
                0x00000000c001a928                IDTEntry::IDTEntry(bool)
                0x00000000c001a928                IDTEntry::IDTEntry(bool)
                0x00000000c001ab94                IDTEntry::setOffset(unsigned int)
                0x00000000c001abf8                IDT::IDT()
                0x00000000c001abf8                IDT::IDT()
                0x00000000c001ac2a                IDT::getPointerToInvalidOpcodeEntryForF00F()
                0x00000000c001ac6a                IDT::addEntry(IDTEntry, int)
                0x00000000c001acd0                IDT::addEntry(int, void (*)(), bool)
                0x00000000c001ad2c                IDT::flush()
                0x00000000c001ad6a                IDT::setup()
 .text          0x00000000c001b618      0x2a5 core/kheap.32
                0x00000000c001b618                sbrk
                0x00000000c001b734                mmap
                0x00000000c001b74a                munmap
                0x00000000c001b760                liballoc_lock()
                0x00000000c001b79a                liballoc_unlock()
                0x00000000c001b7d8                liballoc_alloc(int)
                0x00000000c001b812                liballoc_free(void*, int)
                0x00000000c001b84f                realloc
                0x00000000c001b863                malloc
                0x00000000c001b873                free
                0x00000000c001b883                rfree
                0x00000000c001b893                calloc
 .text          0x00000000c001b8bd      0x135 core/main.32
                0x00000000c001b8bd                KeEntryPoint
 .text          0x00000000c001b9f2      0xd45 core/physmgr.32
                0x00000000c001b9f2                Phys::allocateDMA(unsigned long)
                0x00000000c001bce0                Phys::freeDMA(unsigned long, unsigned long)
                0x00000000c001bd96                Phys::setPageState(unsigned long, bool)
                0x00000000c001bed3                Phys::getPageState(unsigned long)
                0x00000000c001bf32                Phys::freePage(unsigned long)
                0x00000000c001bfc0                Phys::allocatePage()
                0x00000000c001c188                Phys::allocateContiguousPages(int)
                0x00000000c001c277                Phys::allowSegmentToBeUsed(unsigned long, unsigned long)
                0x00000000c001c2b9                Phys::physicalMemorySetup(unsigned int)
 *fill*         0x00000000c001c737        0x1 
 .text          0x00000000c001c738      0xaa5 core/pipe.32
                0x00000000c001c738                Pipe::isAtty()
                0x00000000c001c73c                Pipe::~Pipe()
                0x00000000c001c73c                Pipe::~Pipe()
                0x00000000c001c80c                Pipe::~Pipe()
                0x00000000c001c834                Pipe::write(unsigned long long, void*, int*)
                0x00000000c001cb9c                Pipe::read(unsigned long long, void*, int*)
                0x00000000c001cf76                Pipe::Pipe(int)
                0x00000000c001cf76                Pipe::Pipe(int)
 *fill*         0x00000000c001d1dd        0x1 
 .text          0x00000000c001d1de     0x306f core/terminal.32
                0x00000000c001d1de                VgaText::isAtty()
                0x00000000c001d1e2                VgaText::~VgaText()
                0x00000000c001d1e2                VgaText::~VgaText()
                0x00000000c001d2b2                VgaText::~VgaText()
                0x00000000c001d2dc                VgaText::read(unsigned long long, void*, int*)
                0x00000000c001d31c                setTerminalScrollLock(bool)
                0x00000000c001d31d                doTerminalCycle()
                0x00000000c001d31e                addToTerminalCycle(VgaText*)
                0x00000000c001d31f                scrollTerminalScrollLock(int)
                0x00000000c001d320                VgaText::updateTitle()
                0x00000000c001d322                VgaText::load()
                0x00000000c001d324                VgaText::updateCursor()
                0x00000000c001d370                VgaText::doANSI_SGR(int)
                0x00000000c001d7e4                VgaText::setDefaultBgColour(VgaColour)
                0x00000000c001d85c                VgaText::setDefaultFgColour(VgaColour)
                0x00000000c001d8d4                VgaText::setDefaultColours(VgaColour, VgaColour)
                0x00000000c001d932                VgaText::setTitleTextColour(VgaColour)
                0x00000000c001d990                VgaText::setTitleColour(VgaColour)
                0x00000000c001d9ee                VgaText::setTitle(char*)
                0x00000000c001da12                VgaText::combineColours(unsigned char, unsigned char)
                0x00000000c001da26                VgaText::scrollScreen()
                0x00000000c001dd9c                VgaText::combineCharAndColour(char, unsigned char)
                0x00000000c001ddac                VgaText::writeCharacter(char, VgaColour, VgaColour, int, int)
                0x00000000c001deb0                VgaText::getCursorX()
                0x00000000c001def2                VgaText::getCursorY()
                0x00000000c001df34                VgaText::setCursor(int, int)
                0x00000000c001dfd0                setActiveTerminal(VgaText*)
                0x00000000c001e064                VgaText::clearScreen()
                0x00000000c001e180                VgaText::setCursorX(int)
                0x00000000c001e1cc                VgaText::setCursorY(int)
                0x00000000c001e218                VgaText::incrementCursor(bool)
                0x00000000c001e41a                VgaText::decrementCursor(bool)
                0x00000000c001e4e6                VgaText::putchar(char, VgaColour, VgaColour)
                0x00000000c001e822                VgaText::putchar(char)
                0x00000000c001ee00                VgaText::putx(unsigned int)
                0x00000000c001eeae                VgaText::puts(char const*)
                0x00000000c001ef1e                VgaText::write(unsigned long long, void*, int*)
                0x00000000c001f084                VgaText::puts(char const*, VgaColour, VgaColour)
                0x00000000c001f714                VgaText::VgaText(char const*)
                0x00000000c001f714                VgaText::VgaText(char const*)
                0x00000000c001fda2                VgaText::receiveKey(unsigned char)
                0x00000000c002020e                VgaText::doUpdate()
                0x00000000c002020f                newTerminal(char*)
 *fill*         0x00000000c002024d        0x3 
 .text          0x00000000c0020250      0xc60 core/tss.32
                0x00000000c0020250                TSS::TSS()
                0x00000000c0020250                TSS::TSS()
                0x00000000c00202d8                TSS::setESP(unsigned long)
                0x00000000c002037c                TSS::flush()
                0x00000000c00203c4                TSS::setup(unsigned long, unsigned long)
 .text          0x00000000c0020eb0     0x11bd core/unixfile.32
                0x00000000c0020eb0                ReservedFilename::read(unsigned long long, void*, int*)
                0x00000000c0021176                ReservedFilename::isAtty()
                0x00000000c0021274                ReservedFilename::write(unsigned long long, void*, int*)
                0x00000000c002153e                UnixFile::getFileDescriptor()
                0x00000000c0021580                UnixFile::UnixFile(int)
                0x00000000c0021580                UnixFile::UnixFile(int)
                0x00000000c0021a88                ReservedFilename::ReservedFilename(int)
                0x00000000c0021a88                ReservedFilename::ReservedFilename(int)
                0x00000000c0021bc8                UnixFile::~UnixFile()
                0x00000000c0021bc8                UnixFile::~UnixFile()
                0x00000000c0021d4c                UnixFile::~UnixFile()
                0x00000000c0021d74                ReservedFilename::~ReservedFilename()
                0x00000000c0021d74                ReservedFilename::~ReservedFilename()
                0x00000000c0021e58                ReservedFilename::~ReservedFilename()
                0x00000000c0021e7f                getFromFileDescriptor(int)
 *fill*         0x00000000c002206d        0x1 
 .text          0x00000000c002206e     0x3e09 core/virtmgr.32
                0x00000000c002206e                Virt::setPageState(unsigned long, Virt::VirtPageState)
                0x00000000c0022155                Virt::getPageState(unsigned long)
                0x00000000c00221fb                Virt::allocateKernelVirtualPages(int)
                0x00000000c002236d                Virt::freeSwapfilePage(unsigned long)
                0x00000000c00223f8                Virt::swapIDToSector(unsigned long)
                0x00000000c002240e                Virt::allocateSwapfilePage()
                0x00000000c00225c5                Virt::virtualMemorySetup()
                0x00000000c0022628                Virt::setupPageSwapping(int)
                0x00000000c0022850                VAS::VAS(VAS*)
                0x00000000c0022850                VAS::VAS(VAS*)
                0x00000000c002292a                VAS::getForeignPageTableEntry(bool, unsigned long)
                0x00000000c002297a                VAS::getPageTableEntry(unsigned long)
                0x00000000c00229b9                Virt::freeKernelVirtualPages(unsigned long)
                0x00000000c0022be0                VAS::freeAllocatedPages(unsigned long)
                0x00000000c0022c3c                VAS::virtualToPhysical(unsigned long)
                0x00000000c0022c9e                VAS::reflagRange(unsigned long, int, int, int)
                0x00000000c0022d84                VAS::VAS()
                0x00000000c0022d84                VAS::VAS()
                0x00000000c0022f70                VAS::setToWriteCombining(unsigned long, int)
                0x00000000c0023064                VAS::mapOtherVASIn(bool, VAS*)
                0x00000000c0023172                VAS::~VAS()
                0x00000000c0023172                VAS::~VAS()
                0x00000000c0023670                VAS::mapPage(unsigned long, unsigned long, int)
                0x00000000c00239a8                VAS::allocatePages(int, int)
                0x00000000c0023ea8                VAS::setCPUSpecific(unsigned long)
                0x00000000c0023ee2                VAS::mapRange(unsigned long, unsigned long, int, int)
                0x00000000c00240c4                VAS::mapForeignPage(bool, VAS*, unsigned long, unsigned long, int)
                0x00000000c0024322                VAS::VAS(bool)
                0x00000000c0024322                VAS::VAS(bool)
                0x00000000c0024f98                VAS::evict(unsigned long)
                0x00000000c002530a                VAS::tryLoadBackOffDisk(unsigned long)
                0x00000000c00256f6                VAS::scanForEviction()
                0x00000000c0025b9e                mapVASFirstTime
 .text          0x00000000c0025e77       0x5f coreobjs/c++.32
                0x00000000c0025e77                __cxa_atexit
                0x00000000c0025e7a                __cxa_finalize
                0x00000000c0025e7b                __stack_chk_fail
                0x00000000c0025eb1                __cxa_pure_virtual
                0x00000000c0025ec2                operator new[](unsigned long)
                0x00000000c0025ec7                operator delete(void*, unsigned long)
                0x00000000c0025ecc                operator delete[](void*)
                0x00000000c0025ed1                operator delete[](void*, unsigned long)
 .text          0x00000000c0025ed6      0x623 dbg/kconsole.32
                0x00000000c0025ed6                Dbg::stringifyxWithBase(unsigned int, char*, int)
                0x00000000c00260f0                Dbg::logc(char)
                0x00000000c0026110                Dbg::logs(char*)
                0x00000000c002619f                Dbg::logWriteInt(unsigned int)
                0x00000000c00261bf                Dbg::logWriteIntBase(unsigned int, int)
                0x00000000c00261e2                Dbg::kprintf(char const*, ...)
 *fill*         0x00000000c00264f9        0x3 
 .text          0x00000000c00264fc       0xf0 dbg/usban.32
                0x00000000c00264fc                __ubsan_handle_type_mismatch_v1
                0x00000000c0026514                __ubsan_handle_pointer_overflow
                0x00000000c002652c                __ubsan_handle_add_overflow
                0x00000000c0026544                __ubsan_handle_out_of_bounds
                0x00000000c002655c                __ubsan_handle_load_invalid_value
                0x00000000c0026574                __ubsan_handle_divrem_overflow
                0x00000000c002658c                __ubsan_handle_mul_overflow
                0x00000000c00265a4                __ubsan_handle_sub_overflow
                0x00000000c00265bc                __ubsan_handle_shift_out_of_bounds
                0x00000000c00265d4                __ubsan_handle_negate_overflow
 .text          0x00000000c00265ec     0x7506 fs/vfs.32
                0x00000000c00265ec                File::isAtty()
                0x00000000c00265f0                Directory::isAtty()
                0x00000000c00265f4                Filesystem::getlabel(LogicalDisk*, int, char*, unsigned int*)
                0x00000000c00265fa                Filesystem::setlabel(LogicalDisk*, int, char*)
                0x00000000c0026600                Filesystem::allocateSwapfile(char const*, int)
                0x00000000c0026606                File::~File()
                0x00000000c0026606                File::~File()
                0x00000000c00266d6                File::~File()
                0x00000000c0026700                Directory::~Directory()
                0x00000000c0026700                Directory::~Directory()
                0x00000000c00267d0                Directory::~Directory()
                0x00000000c00267fa                Directory::write(unsigned long long, void*, int*)
                0x00000000c00269aa                File::read(unsigned long long, void*, int*)
                0x00000000c0026e00                File::write(unsigned long long, void*, int*)
                0x00000000c0027256                Directory::read(unsigned long long, void*, int*)
                0x00000000c00276ac                Filesystem::Filesystem()
                0x00000000c00276ac                Filesystem::Filesystem()
                0x00000000c0027784                Filesystem::~Filesystem()
                0x00000000c0027784                Filesystem::~Filesystem()
                0x00000000c0027802                Filesystem::~Filesystem()
                0x00000000c0027829                Fs::getcwd(Process*, char*, int)
                0x00000000c0027964                Fs::initVFS()
                0x00000000c002798e                Fs::standardiseFiles(char*, char const*, char const*)
                0x00000000c00287e4                File::File(char const*, Process*)
                0x00000000c00287e4                File::File(char const*, Process*)
                0x00000000c0028d72                File::open(FileOpenMode)
                0x00000000c00291d6                File::close()
                0x00000000c0029628                File::seek(unsigned long long)
                0x00000000c0029a5e                File::tell(unsigned long long*)
                0x00000000c0029e82                File::rewind()
                0x00000000c0029eb4                File::unlink()
                0x00000000c002a2c8                File::rename(char const*)
                0x00000000c002a6cc                File::chfatattr(unsigned char, unsigned char)
                0x00000000c002aaee                File::exists()
                0x00000000c002ae82                File::stat(unsigned long long*, bool*)
                0x00000000c002b4fc                Fs::setcwd(Process*, char*)
                0x00000000c002bab4                Directory::Directory(char const*, Process*)
                0x00000000c002bab4                Directory::Directory(char const*, Process*)
                0x00000000c002c042                Directory::open()
                0x00000000c002c4b6                Directory::close()
                0x00000000c002c908                Directory::unlink()
                0x00000000c002cd1c                Directory::rename(char const*)
                0x00000000c002d120                Directory::exists()
                0x00000000c002d4b4                Directory::read(dirent*)
                0x00000000c002d6d8                Directory::create()
                0x00000000c002daec                Filesystem::chfatattr(char const*, unsigned char, unsigned char)
 *fill*         0x00000000c002daf2        0x2 
 .text          0x00000000c002daf4      0x252 hal/bus.32
                0x00000000c002daf4                Bus::Bus(char const*)
                0x00000000c002daf4                Bus::Bus(char const*)
                0x00000000c002dc38                Bus::~Bus()
                0x00000000c002dc38                Bus::~Bus()
                0x00000000c002dd1c                Bus::~Bus()
 .text          0x00000000c002dd46       0xee hal/buzzer.32
                0x00000000c002dd46                beepThread(void*)
                0x00000000c002ddb2                Krnl::beep(int, int, bool)
 .text          0x00000000c002de34      0xad8 hal/clock.32
                0x00000000c002de34                User::loadClockSettings(int)
                0x00000000c002df20                Clock::Clock(char const*)
                0x00000000c002df20                Clock::Clock(char const*)
                0x00000000c002e04a                Clock::~Clock()
                0x00000000c002e04a                Clock::~Clock()
                0x00000000c002e11a                Clock::~Clock()
                0x00000000c002e144                Clock::timeInSecondsLocal()
                0x00000000c002e294                Clock::setTimeInSecondsLocal(unsigned long long)
                0x00000000c002e3dd                datetimeToSeconds(datetime_t)
                0x00000000c002e5d6                Clock::setTimeInDatetimeLocal(datetime_t)
                0x00000000c002e756                secondsToDatetime(unsigned long long)
                0x00000000c002e8ca                Clock::timeInDatetimeLocal()
 .text          0x00000000c002e90c     0x167b hal/device.32
                0x00000000c002e90c                Device::hibernate()
                0x00000000c002e90e                Device::wake()
                0x00000000c002e910                Device::detect()
                0x00000000c002e912                Device::disableLegacy()
                0x00000000c002e914                Device::powerSaving(PowerSavingLevel)
                0x00000000c002e916                DriverlessDevice::close(int, int, void*)
                0x00000000c002e91a                DriverlessDevice::detect()
                0x00000000c002e91c                DriverlessDevice::open(int, int, void*)
                0x00000000c002e930                Device::~Device()
                0x00000000c002e930                Device::~Device()
                0x00000000c002e9ae                Device::~Device()
                0x00000000c002e9d8                Device::findAndLoadDriver()
                0x00000000c002e9e6                Device::preOpenPCI(PCIDeviceInfo)
                0x00000000c002ea80                Device::preOpenACPI(void*, char*, char*)
                0x00000000c002eb92                Device::addIRQHandler(int, void (*)(regs*, void*), bool, void*)
                0x00000000c002ebbc                Device::getParent()
                0x00000000c002ec06                Device::removeIRQHandler(int, void (*)(regs*, void*), bool)
                0x00000000c002ec24                Device::addChild(Device*)
                0x00000000c002edc0                Device::removeAllChildren()
                0x00000000c002ef84                Device::hibernateAll()
                0x00000000c002f0d8                Device::wakeAll()
                0x00000000c002f22c                Device::detectAll()
                0x00000000c002f380                Device::disableLegacyAll()
                0x00000000c002f382                Device::loadDriversForAll()
                0x00000000c002f384                Device::closeAll()
                0x00000000c002f4dc                Device::powerSavingAll(PowerSavingLevel)
                0x00000000c002f63c                Device::setName(char const*)
                0x00000000c002f68e                Device::Device(char const*)
                0x00000000c002f68e                Device::Device(char const*)
                0x00000000c002fc7e                Device::getName()
                0x00000000c002fcc2                DriverlessDevice::DriverlessDevice(char const*)
                0x00000000c002fcc2                DriverlessDevice::DriverlessDevice(char const*)
                0x00000000c002fdec                Device::addToLinkedList(LinkedList<Device>&, DeviceType)
                0x00000000c002ff27                getDevicesOfType(DeviceType)
 *fill*         0x00000000c002ff87        0x1 
 .text          0x00000000c002ff88      0x252 hal/diskctrl.32
                0x00000000c002ff88                HardDiskController::HardDiskController(char const*)
                0x00000000c002ff88                HardDiskController::HardDiskController(char const*)
                0x00000000c00300cc                HardDiskController::~HardDiskController()
                0x00000000c00300cc                HardDiskController::~HardDiskController()
                0x00000000c00301b0                HardDiskController::~HardDiskController()
 .text          0x00000000c00301da      0x3f8 hal/diskphys.32
                0x00000000c00301da                PhysicalDisk::eject()
                0x00000000c00301de                PhysicalDisk::PhysicalDisk(char const*, int)
                0x00000000c00301de                PhysicalDisk::PhysicalDisk(char const*, int)
                0x00000000c003045e                PhysicalDisk::startCache()
                0x00000000c00304d8                PhysicalDisk::~PhysicalDisk()
                0x00000000c00304d8                PhysicalDisk::~PhysicalDisk()
                0x00000000c00305a8                PhysicalDisk::~PhysicalDisk()
 .text          0x00000000c00305d2        0x0 hal/fpu.32
 .text          0x00000000c00305d2     0x1907 hal/intctrl.32
                0x00000000c00305d2                int_handler
                0x00000000c00309e6                installISRHandler(int, void (*)(regs*, void*), void*)
                0x00000000c0030ca3                installIRQHandler(int, void (*)(regs*, void*), bool, void*)
                0x00000000c003144c                uninstallISRHandler(int, void (*)(regs*, void*))
                0x00000000c003174b                uninstallIRQHandler(int, void (*)(regs*, void*), bool)
                0x00000000c0031b7d                setupINTS()
                0x00000000c0031da6                convertLegacyIRQNumber(int)
 *fill*         0x00000000c0031ed9        0x1 
 .text          0x00000000c0031eda     0x12a0 hal/keybrd.32
                0x00000000c0031eda                startGUI(void*)
                0x00000000c0031f61                startGUIVESA(void*)
                0x00000000c0031fe8                sendKeyToTerminal(unsigned char)
                0x00000000c0032183                sendKeyboardToken(KeyboardToken)
                0x00000000c00329b0                clearInternalKeybuffer(VgaText*)
                0x00000000c0032a78                readKeyboard(VgaText*, char*, unsigned long)
                0x00000000c0032f4e                Keyboard::Keyboard(char const*)
                0x00000000c0032f4e                Keyboard::Keyboard(char const*)
                0x00000000c0033080                Keyboard::~Keyboard()
                0x00000000c0033080                Keyboard::~Keyboard()
                0x00000000c0033150                Keyboard::~Keyboard()
 .text          0x00000000c003317a      0xf99 hal/logidisk.32
                0x00000000c003317a                LogicalDisk::close(int, int, void*)
                0x00000000c003317e                LogicalDisk::~LogicalDisk()
                0x00000000c003317e                LogicalDisk::~LogicalDisk()
                0x00000000c003324e                LogicalDisk::~LogicalDisk()
                0x00000000c0033278                LogicalDisk::open(int, int, void*)
                0x00000000c003328c                LogicalDisk::absoluteToRelative(unsigned long long)
                0x00000000c0033362                LogicalDisk::relativeToAbsolute(unsigned long long)
                0x00000000c00333f4                LogicalDisk::LogicalDisk(char const*, PhysicalDisk*, unsigned long long, unsigned long long)
                0x00000000c00333f4                LogicalDisk::LogicalDisk(char const*, PhysicalDisk*, unsigned long long, unsigned long long)
                0x00000000c00337a8                LogicalDisk::assignDriveLetter()
                0x00000000c0033a0c                LogicalDisk::mount()
                0x00000000c0033b72                LogicalDisk::unmount()
                0x00000000c0033bc0                LogicalDisk::eject()
                0x00000000c0033c78                LogicalDisk::unassignDriveLetter()
                0x00000000c0033e00                LogicalDisk::read(unsigned long long, int, void*)
                0x00000000c0033f8a                LogicalDisk::write(unsigned long long, int, void*)
 *fill*         0x00000000c0034113        0x1 
 .text          0x00000000c0034114      0x252 hal/mouse.32
                0x00000000c0034114                Mouse::Mouse(char const*)
                0x00000000c0034114                Mouse::Mouse(char const*)
                0x00000000c0034258                Mouse::~Mouse()
                0x00000000c0034258                Mouse::~Mouse()
                0x00000000c003433c                Mouse::~Mouse()
 .text          0x00000000c0034366      0x230 hal/nic.32
                0x00000000c0034366                NIC::getMAC()
                0x00000000c003436c                NIC::write(int, unsigned char*, int*)
                0x00000000c0034372                NIC::NIC(char const*)
                0x00000000c0034372                NIC::NIC(char const*)
                0x00000000c003449c                NIC::~NIC()
                0x00000000c003449c                NIC::~NIC()
                0x00000000c003456c                NIC::~NIC()
 .text          0x00000000c0034596      0xe6c hal/partition.32
                0x00000000c0034596                makePartition(PhysicalDisk*, unsigned long long, unsigned long long)
                0x00000000c0034700                createPartitionsForDisk(PhysicalDisk*)
 *fill*         0x00000000c0035402        0x2 
 .text          0x00000000c0035404      0x252 hal/serial.32
                0x00000000c0035404                Serial::Serial(char const*)
                0x00000000c0035404                Serial::Serial(char const*)
                0x00000000c0035548                Serial::~Serial()
                0x00000000c0035548                Serial::~Serial()
                0x00000000c003562c                Serial::~Serial()
 *fill*         0x00000000c0035656        0x2 
 .text          0x00000000c0035658      0x7a4 hal/timer.32
                0x00000000c0035658                Timer::Timer(char const*)
                0x00000000c0035658                Timer::Timer(char const*)
                0x00000000c003579c                Timer::~Timer()
                0x00000000c003579c                Timer::~Timer()
                0x00000000c0035880                Timer::~Timer()
                0x00000000c00358aa                Timer::read()
                0x00000000c00358f7                setupTimer(int)
                0x00000000c00359e5                timerHandler(unsigned int)
 .text          0x00000000c0035dfc     0x1a4c hal/vcache.32
                0x00000000c0035dfc                VCache::VCache(PhysicalDisk*)
                0x00000000c0035dfc                VCache::VCache(PhysicalDisk*)
                0x00000000c00367a2                VCache::invalidateReadBuffer()
                0x00000000c003683e                VCache::writeWriteBuffer()
                0x00000000c0036a40                VCache::~VCache()
                0x00000000c0036a40                VCache::~VCache()
                0x00000000c0036c1c                VCache::~VCache()
                0x00000000c0036c44                VCache::write(unsigned long long, int, void*)
                0x00000000c0037212                VCache::read(unsigned long long, int, void*)
 .text          0x00000000c0037848     0x123e hal/video.32
                0x00000000c0037848                Video::putpixel(int, int, unsigned int)
                0x00000000c0037856                Video::readPixelApprox(int, int)
                0x00000000c003786a                Video::putrect(int, int, int, int, unsigned int)
                0x00000000c0037992                Video::bitblit(int, int, int, int, int, int, int, unsigned int*)
                0x00000000c0037ba2                Video::blit(unsigned int*, int, int, int, int)
                0x00000000c0037da8                Video::clearScreen(unsigned int)
                0x00000000c0037ede                Video::Video(char const*)
                0x00000000c0037ede                Video::Video(char const*)
                0x00000000c0038008                Video::~Video()
                0x00000000c0038008                Video::~Video()
                0x00000000c00380d8                Video::~Video()
                0x00000000c0038102                Video::isMonochrome()
                0x00000000c003814c                Video::getWidth()
                0x00000000c0038196                Video::getHeight()
                0x00000000c00381e0                Video::drawCursor(int, int, unsigned int*, int)
                0x00000000c003848e                Video::tgaParse(unsigned char*, int, int*, int*)
                0x00000000c00388d8                Video::putTGA(int, int, unsigned char*, int)
 *fill*         0x00000000c0038a86        0x2 
 .text          0x00000000c0038a88     0x3d8f hw/acpi.32
                0x00000000c0038a88                ACPI::close(int, int, void*)
                0x00000000c0038b3c                findRSDP()
                0x00000000c0038c90                loadACPITables(unsigned char*)
                0x00000000c0039558                findRSDT(unsigned char*)
                0x00000000c0039740                findDataTable(unsigned char*, char*)
                0x00000000c003994c                scanMADT()
                0x00000000c003ae84                ACPI::ACPI()
                0x00000000c003ae84                ACPI::ACPI()
                0x00000000c003b088                ACPI::getPCIIRQAssignment(unsigned char, unsigned short, unsigned char)
                0x00000000c003b45c                ACPI::registerPCIIRQAssignment(void*, unsigned short, unsigned char, unsigned char)
                0x00000000c003b990                ACPI::setScreenBrightnessLevel(void*, int)
                0x00000000c003b998                ACPI::detectPCI()
                0x00000000c003bed0                ACPI::writeSimpleBootFlag(SimpleBootFlagTable*)
                0x00000000c003bfa4                ACPI::sleep()
                0x00000000c003bfc0                ACPI::open(int, int, void*)
 *fill*         0x00000000c003c817        0x1 
 .text          0x00000000c003c818     0x2198 hw/cpu.32
                0x00000000c003c818                CPU::close(int, int, void*)
                0x00000000c003c81c                CPU::AMD_K6_write_msr(unsigned int, unsigned int, unsigned int, CPU::REGS*)
                0x00000000c003c838                CPU::AMD_K6_read_msr(unsigned int, CPU::REGS*)
                0x00000000c003c850                CPU::AMD_K6_writeback(int, int, int)
                0x00000000c003c8c4                CPU::cpuid(int, unsigned long*, unsigned long*, unsigned long*, unsigned long*)
                0x00000000c003ca42                CPU::cpuidCheckEDX(unsigned int)
                0x00000000c003ca70                CPU::cpuidCheckECX(unsigned int)
                0x00000000c003ca9e                CPU::cpuidCheckExtendedEBX(unsigned int)
                0x00000000c003cacc                CPU::cpuidCheckExtendedECX(unsigned int)
                0x00000000c003cafa                CPU::CPU()
                0x00000000c003cafa                CPU::CPU()
                0x00000000c003ce48                CPU::displayFeatures()
                0x00000000c003ce4a                CPU::detectFeatures()
                0x00000000c003e1ac                CPU::setupSMEP()
                0x00000000c003e1b8                CPU::setupUMIP()
                0x00000000c003e1c2                CPU::setupTSC()
                0x00000000c003e1cc                CPU::setupLargePages()
                0x00000000c003e1d6                CPU::setupPAT()
                0x00000000c003e286                CPU::setupMTRR()
                0x00000000c003e288                CPU::setupGlobalPages()
                0x00000000c003e292                CPU::allowUsermodeDataAccess()
                0x00000000c003e2e2                CPU::prohibitUsermodeDataAccess()
                0x00000000c003e332                CPU::setupSMAP()
                0x00000000c003e36c                CPU::setupFeatures()
                0x00000000c003e604                CPU::open(int, int, void*)
 .text          0x00000000c003e9b0      0x557 krnl/bootmsg.32
                0x00000000c003e9b0                KeDisplaySplashScreen()
                0x00000000c003ed99                KeSetBootMessage(char const*)
 *fill*         0x00000000c003ef07        0x1 
 .text          0x00000000c003ef08     0x175a krnl/env.32
                0x00000000c003ef08                EnvVarContainer::getEnv(char const*)
                0x00000000c003f060                EnvVarContainer::setEnv(char const*, char const*)
                0x00000000c003f228                EnvVarContainer::deleteEnv(char const*)
                0x00000000c003f22a                EnvVarContainer::loadFrom(char const*, char const*)
                0x00000000c003f850                EnvVarContainer::__loadSystem()
                0x00000000c003f888                EnvVarContainer::__loadUser()
                0x00000000c003f88a                EnvVarContainer::EnvVarContainer(Process*)
                0x00000000c003f88a                EnvVarContainer::EnvVarContainer(Process*)
                0x00000000c003f980                EnvVarContainer::~EnvVarContainer()
                0x00000000c003f980                EnvVarContainer::~EnvVarContainer()
                0x00000000c003fa82                Krnl::getEnv(Process*, char const*)
                0x00000000c003fb62                Krnl::setEnvSystem(char const*, char const*)
                0x00000000c003fb99                Krnl::setEnvUser(char const*, char const*)
                0x00000000c003fbd3                Krnl::setEnvProcess(Process*, char const*, char const*)
                0x00000000c003fc48                Krnl::deleteEnvSystem(char const*)
                0x00000000c003fc68                Krnl::deleteEnvUser(char const*)
                0x00000000c003fc88                Krnl::deleteEnvProcess(Process*, char const*)
                0x00000000c003fce6                Krnl::newProcessEnv(Process*)
                0x00000000c003fd21                Krnl::copyProcessEnv(Process*, Process*)
                0x00000000c003feba                Krnl::loadSystemEnv()
                0x00000000c003ff20                Krnl::loadUserEnv()
                0x00000000c003ff7d                Krnl::flushEnv()
                0x00000000c003ff7e                Krnl::getProcessTotalEnvCount(Process*)
                0x00000000c00400f3                Krnl::getProcessEnvPair(Process*, int)
 .text          0x00000000c0040662      0x193 krnl/inlines.32
                0x00000000c0040662                CPU::current()
                0x00000000c00406ae                operator new(unsigned long)
                0x00000000c00406b3                operator delete(void*)
                0x00000000c00406b8                disableIRQs()
                0x00000000c00406ba                enableIRQs()
                0x00000000c00406bc                lockScheduler()
                0x00000000c00406e9                unlockScheduler()
                0x00000000c004071a                lockStuff()
                0x00000000c004076a                unlockStuff()
                0x00000000c00407da                Virt::getAKernelVAS()
                0x00000000c00407e0                __not_memcpy
 .text          0x00000000c00407f5        0xc krnl/panic.32
                0x00000000c00407f5                KePanic(char const*)
 .text          0x00000000c0040801      0x1fd krnl/powctrl.32
                0x00000000c0040801                Krnl::powerThread(void*)
                0x00000000c0040866                Krnl::changePowerSettings(Krnl::PowerSettings)
                0x00000000c004087c                Krnl::userIOReceived()
                0x00000000c0040887                Krnl::handlePowerButton()
                0x00000000c00408f2                Krnl::handleSleepButton()
                0x00000000c004095d                Krnl::setupPowerManager()
 .text          0x00000000c00409fe       0x9d krnl/random.32
                0x00000000c00409fe                KeRand()
                0x00000000c0040a40                KeSeedRand(unsigned int)
                0x00000000c0040a69                KeInitRand()
 *fill*         0x00000000c0040a9b        0x1 
 .text          0x00000000c0040a9c      0x1bc krnl/resolve.32
                0x00000000c0040a9c                KeResolveCompatibilitySymbol(char*)
 .text          0x00000000c0040c58      0xde7 krnl/signal.32
                0x00000000c0040c58                KiSigKill(int)
                0x00000000c0040c6c                KiDefaultSignalHandlerIgnore(int)
                0x00000000c0040c6d                KiDefaultSignalHandlerPause(int)
                0x00000000c0040c99                KiDefaultSignalHandlerResume(int)
                0x00000000c0040cc5                KeDeinitSignals(SigHandlerBlock*)
                0x00000000c0040cca                KeInitSignals()
                0x00000000c0040db6                KeRegisterSignalHandler(SigHandlerBlock*, int, void (*)(int), unsigned int, int)
                0x00000000c0040f2d                KeRaiseSignal(SigHandlerBlock*, int)
                0x00000000c00410ba                KeCheckSignal(SigHandlerBlock*, int*)
                0x00000000c00416b6                KiCheckSignalZ
                0x00000000c0041816                KeCompleteSignal(SigHandlerBlock*, int)
                0x00000000c0041917                KiFinishSignalZ
 .text          0x00000000c0041a3f     0x4829 krnl/syscalls.32
                0x00000000c0041a3f                SysSeekDir(regs*)
                0x00000000c0041a44                SysTellDir(regs*)
                0x00000000c0041a49                SysTTYName(regs*)
                0x00000000c0041a51                SysNotImpl(regs*)
                0x00000000c0041a6c                SysVerify(regs*)
                0x00000000c0041ab3                SysGetArgc(regs*)
                0x00000000c0041b38                SysFormatDisk(regs*)
                0x00000000c0041e6c                SysSetDiskVolumeLabel(regs*)
                0x00000000c004253a                SysGetDiskVolumeLabel(regs*)
                0x00000000c0042c5a                SysShutdown(regs*)
                0x00000000c0042e75                SysRealpath(regs*)
                0x00000000c004300d                SysReadDir(regs*)
                0x00000000c004323c                SysIsATTY(regs*)
                0x00000000c0043435                SysSeek(regs*)
                0x00000000c00435ab                SysTell(regs*)
                0x00000000c00437a9                SysSize(regs*)
                0x00000000c00439ac                SysClose(regs*)
                0x00000000c0043b8b                SysCloseDir(regs*)
                0x00000000c0043d06                SysWait(regs*)
                0x00000000c0043d98                SysPanic(regs*)
                0x00000000c0043ded                SysGetArgv(regs*)
                0x00000000c00440a6                SysUSleep(regs*)
                0x00000000c0044142                SysGetEnv(regs*)
                0x00000000c004434a                SysGetUnixTime(regs*)
                0x00000000c00443bd                SysSizeFromFilename(regs*)
                0x00000000c00446d0                SysOpenDir(regs*)
                0x00000000c00448fa                SysMakeDir(regs*)
                0x00000000c0044ab2                SysRmdir(regs*)
                0x00000000c0044c6d                SysUnlink(regs*)
                0x00000000c0044e28                SysSetFatAttrib(regs*)
                0x00000000c0045073                SysPipe(regs*)
                0x00000000c0045230                SysSpawn(regs*)
                0x00000000c0045411                string_ends_with(char const*, char const*)
                0x00000000c0045497                SysOpen(regs*)
                0x00000000c00460be                KeSystemCall(regs*, void*)
 .text          0x00000000c0046268      0x2cd net/ethernet.32
                0x00000000c0046268                KeSwitchEndian16(unsigned short)
                0x00000000c00462bc                KeSwitchEndian32(unsigned int)
                0x00000000c00462f0                EthernetCRC32(unsigned char*, int)
                0x00000000c004643c                EthernetReceivedPacket(EthernetUnwrappedFrame*, unsigned short)
 .text          0x00000000c0046535     0x238f reg/cm.32
                0x00000000c0046535                CmOpen(char const*)
                0x00000000c00468d4                CmClose(Reghive_Tag*)
                0x00000000c0046945                CmReadExtent(Reghive_Tag*, int, unsigned char*)
                0x00000000c0046a60                CmGetString(Reghive_Tag*, int, char*)
                0x00000000c0046bf5                CmEnterDirectory(Reghive_Tag*, int)
                0x00000000c0046c34                CmGetNext(Reghive_Tag*, int)
                0x00000000c0046c66                CmWriteExtent(Reghive_Tag*, int, unsigned char*)
                0x00000000c0046d81                CmFreeExtent(Reghive_Tag*, int)
                0x00000000c0046da9                CmUpdateHeader(Reghive_Tag*)
                0x00000000c0046e19                CmExpand(Reghive_Tag*, int)
                0x00000000c0046f96                CmFindUnusedExtent(Reghive_Tag*)
                0x00000000c0047147                CmCreateExtent(Reghive_Tag*, int, int, unsigned char*)
                0x00000000c004723b                CmSetString(Reghive_Tag*, int, char const*)
                0x00000000c0047707                CmGetMatch(char*, char*, bool, bool*)
                0x00000000c00477fb                CmAddShift(unsigned int*, int*, unsigned char, int)
                0x00000000c00478f5                CmGetShift(unsigned int*, int*, int, bool*)
                0x00000000c0047a41                CmGetInteger(Reghive_Tag*, int, unsigned long long*)
                0x00000000c0047a8d                CmSetInteger(Reghive_Tag*, int, unsigned long long)
                0x00000000c0047acd                CmConvertFromInternalFilename(unsigned char const*, char*)
                0x00000000c0047d06                CmGetNameAndTypeFromExtent(Reghive_Tag*, int, char*)
                0x00000000c0047d34                CmConvertToInternalFilename(char const*, unsigned char*)
                0x00000000c00482df                CmCreateString(Reghive_Tag*, int, char const*)
                0x00000000c004832c                CmFindInDirectory(Reghive_Tag*, int, char const*)
                0x00000000c00483a6                CmCreateInteger(Reghive_Tag*, int, char const*, unsigned long long, int)
                0x00000000c00483f9                CmCreateDirectory(Reghive_Tag*, int, char const*)
                0x00000000c00484bd                zStrtok(char*, char const*)
                0x00000000c004869e                CmFindObjectFromPath(Reghive_Tag*, char const*)
                0x00000000c004871f                CmDisplayTree(Reghive_Tag*, int, int)
                0x00000000c00487fa                CmSplitFinalSlashInPlace(char*)
 .text          0x00000000c00488c4     0x1267 reg/registry.32
                0x00000000c00488c4                Reg::findLineFromLoadedData(char*, char*, char*)
                0x00000000c0048cf5                Reg::getLineFromRegistry(char*, char*, char*, char*)
                0x00000000c004909a                Reg::getLine(char*, char*, char*)
                0x00000000c00490d1                Reg::readInt(char*, char*, int*)
                0x00000000c0049791                Reg::readString(char*, char*, char*, int)
                0x00000000c0049a15                Reg::readBool(char*, char*, bool*)
                0x00000000c0049a60                Reg::readBoolWithDefault(char*, char*, bool)
                0x00000000c0049aa7                Reg::readIntWithDefault(char*, char*, int)
                0x00000000c0049ad3                Reg::readStringWithDefault(char*, char*, char*, int, char*)
 .text          0x00000000c0049b2b      0x172 sys/eject.32
                0x00000000c0049b2b                SysEject(regs*)
 .text          0x00000000c0049c9d       0x4e sys/exit.32
                0x00000000c0049c9d                SysExit(regs*)
 .text          0x00000000c0049ceb       0x9d sys/getcwd.32
                0x00000000c0049ceb                SysGetCwd(regs*)
 .text          0x00000000c0049d88       0x57 sys/getpid.32
                0x00000000c0049d88                SysGetPID(regs*)
 .text          0x00000000c0049ddf       0x86 sys/getramdata.32
                0x00000000c0049ddf                SysGetRAMData(regs*)
 .text          0x00000000c0049e65      0x23f sys/getvgaptr.32
                0x00000000c0049e65                SysGetVGAPtr(regs*)
 .text          0x00000000c004a0a4      0x330 sys/kill.32
                0x00000000c004a0a4                SysKill(regs*)
 .text          0x00000000c004a3d4      0x21f sys/loaddll.32
                0x00000000c004a3d4                SysLoadDLL(regs*)
 .text          0x00000000c004a5f3      0x1e6 sys/read.32
                0x00000000c004a5f3                SysRead(regs*)
 .text          0x00000000c004a7d9       0xdc sys/registersignal.32
                0x00000000c004a7d9                SysRegisterSignal(regs*)
 .text          0x00000000c004a8b5      0x4e1 sys/registry.32
                0x00000000c004a8b5                SysRegistryGetTypeFromPath(regs*)
                0x00000000c004a9ac                SysRegistryReadExtent(regs*)
                0x00000000c004aaaa                SysRegistryPathToExtentLookup(regs*)
                0x00000000c004ab3b                SysRegistryEnterDirectory(regs*)
                0x00000000c004abcc                SysRegistryGetNext(regs*)
                0x00000000c004ac5d                SysRegistryGetNameAndTypeFromExtent(regs*)
                0x00000000c004acff                SysRegistryOpen(regs*)
                0x00000000c004ad49                SysRegistryClose(regs*)
 .text          0x00000000c004ad96      0x18c sys/sbrk.32
                0x00000000c004ad96                SysSbrk(regs*)
 .text          0x00000000c004af22       0x80 sys/setcwd.32
                0x00000000c004af22                SysSetCwd(regs*)
 .text          0x00000000c004afa2      0x206 sys/settime.32
                0x00000000c004afa2                SysSetTime(regs*)
 .text          0x00000000c004b1a8       0x99 sys/timezone.32
                0x00000000c004b1a8                SysTimezone(regs*)
 .text          0x00000000c004b241      0x1e6 sys/write.32
                0x00000000c004b241                SysWrite(regs*)
 .text          0x00000000c004b427      0x166 sys/wsbe.32
                0x00000000c004b427                SysWsbe(regs*)
 .text          0x00000000c004b58d       0x5e sys/yield.32
                0x00000000c004b58d                SysYield(regs*)
 .text          0x00000000c004b5eb     0x425b thr/elf.32
                0x00000000c004b5eb                Thr::allocateMemoryForTask(Process*, File*, unsigned long, unsigned long, unsigned long)
                0x00000000c004bcc9                Thr::loadProgramIntoMemory(Process*, char const*)
                0x00000000c004c52e                Thr::runtimeReferenceHelper()
                0x00000000c004c541                Thr::getAddressOfKernelSymbol(char const*)
                0x00000000c004c7e2                Thr::loadKernelSymbolTable(char const*)
                0x00000000c004d26c                Thr::loadDriverIntoMemory(char const*, unsigned long, bool)
                0x00000000c004ee7a                Thr::getDriverBaseFromAddress(unsigned long)
                0x00000000c004f085                Thr::getDriverNameFromAddress(unsigned long)
                0x00000000c004f28b                Thr::getDriverOffsetFromAddress(unsigned long)
                0x00000000c004f2ad                Thr::loadDLL(char const*, bool)
                0x00000000c004f80d                Thr::executeDLL(unsigned long, void*)
 *fill*         0x00000000c004f846        0x2 
 .text          0x00000000c004f848     0x4ced thr/prcssthr.32
                0x00000000c004f848                userModeEntryPoint(void*)
                0x00000000c004f910                changeTSS
                0x00000000c004fa4c                switchToThread(ThreadControlBlock*)
                0x00000000c004fc38                Process::addArgs(char**)
                0x00000000c0050044                Process::Process(char const*, Process*, char**)
                0x00000000c0050044                Process::Process(char const*, Process*, char**)
                0x00000000c00508b0                Process::Process(bool, char const*, Process*, char**)
                0x00000000c00508b0                Process::Process(bool, char const*, Process*, char**)
                0x00000000c00510a4                taskStartupFunction
                0x00000000c00510ec                Semaphore::Semaphore(int)
                0x00000000c00510ec                Semaphore::Semaphore(int)
                0x00000000c0051254                Mutex::Mutex()
                0x00000000c0051254                Mutex::Mutex()
                0x00000000c00512e4                Process::createThread(void (*)(void*), void*, int)
                0x00000000c005196c                Process::createUserThread()
                0x00000000c00519a4                setupMultitasking(void (*)())
                0x00000000c0051bc0                schedule()
                0x00000000c0051ccc                Semaphore::tryAcquire()
                0x00000000c0051f74                Semaphore::assertLocked(char const*)
                0x00000000c00520e8                blockTaskWithSchedulerLockAlreadyHeld(TaskState)
                0x00000000c0052168                blockTask(TaskState)
                0x00000000c0052214                waitTask(int, int*, int)
                0x00000000c00523bc                milliTenthSleepUntil(unsigned int)
                0x00000000c005252c                milliTenthSleep(unsigned int)
                0x00000000c0052540                sleep(unsigned int)
                0x00000000c005255c                Semaphore::acquire()
                0x00000000c00528ec                taskReturned
                0x00000000c0052974                Thr::processFromPID(int)
                0x00000000c0052af8                unblockTask(ThreadControlBlock*)
                0x00000000c0052c4c                cleanupTerminatedTask(ThreadControlBlock*)
                0x00000000c0053c88                cleanerTaskFunction(void*)
                0x00000000c0053ee4                terminateTask(int)
                0x00000000c00541cc                Thr::terminateFromIRQ(int)
                0x00000000c00541dc                Semaphore::release()
 .text          0x00000000c0054535     0x2e23 vm86/vm8086.32
                0x00000000c0054535                Vm::inbv(unsigned short)
                0x00000000c0054548                Vm::outbv(unsigned short, unsigned char)
                0x00000000c005460f                Vm::realToLinear(unsigned short, unsigned short)
                0x00000000c005461f                Vm::getSegment(unsigned int)
                0x00000000c0054627                Vm::getOffset(unsigned int)
                0x00000000c005462c                Vm::mainloop2()
                0x00000000c00546b9                Vm::mainVm8086Loop(void*)
                0x00000000c00546ee                Vm::mainloop3(unsigned long)
                0x00000000c005473a                Vm::initialise8086()
                0x00000000c00547e4                Vm::finish8086()
                0x00000000c00548a9                Vm::getOutput8086(unsigned char*)
                0x00000000c00548ce                Vm::start8086FromBuffer(unsigned char*, int, unsigned short, unsigned short, unsigned short, unsigned short)
                0x00000000c0054a8f                Vm::start8086(char const*, unsigned short, unsigned short, unsigned short, unsigned short)
                0x00000000c0054e69                Vm::doISR(regs*, int, unsigned char*, unsigned short, unsigned short)
                0x00000000c0055152                Vm::readByteFromReal(unsigned short, unsigned short)
                0x00000000c005517f                Vm::readWordFromReal(unsigned short, unsigned short)
                0x00000000c00551b1                Vm::readDwordFromReal(unsigned short, unsigned short)
                0x00000000c00551e2                Vm::writeByteFromReal(unsigned short, unsigned short, unsigned char)
                0x00000000c0055213                Vm::writeWordFromReal(unsigned short, unsigned short, unsigned short)
                0x00000000c0055247                Vm::writeDwordFromReal(unsigned short, unsigned short, unsigned int)
                0x00000000c005527c                Vm::faultHandler(regs*)
 .text          0x00000000c0057358     0x20e9 arch/i386/hal.32
                0x00000000c0057358                noCopro(unsigned long)
                0x00000000c0057359                nmiHandler(regs*, void*)
                0x00000000c0057393                doubleFault(regs*, void*)
                0x00000000c00573ac                displayDebugInfo(regs*)
                0x00000000c0058371                HalSystemIdle()
                0x00000000c00584b2                displayProgramFault(char const*)
                0x00000000c0058632                gpFault(regs*, void*)
                0x00000000c0058699                pgFault(regs*, void*)
                0x00000000c005880e                otherISRHandler(regs*, void*)
                0x00000000c0058842                opcodeFault(regs*, void*)
                0x00000000c0058a19                i386SaveCoprocessor(void*)
                0x00000000c0058a2d                i386LoadCoprocessor(void*)
                0x00000000c0058a41                x87EmulHandler(regs*, void*)
                0x00000000c0058b86                HalInitialiseCoprocessor()
                0x00000000c0058c8f                HalPanic(char const*)
                0x00000000c0058f0e                HalQueryPerformanceCounter()
                0x00000000c0058fa0                HalInitialise()
                0x00000000c0059372                HalMakeBeep(int)
                0x00000000c00593ac                HalGetRand()
                0x00000000c00593af                HalEndOfInterrupt(int)
                0x00000000c005943e                HalRestart()
                0x00000000c005943f                HalShutdown()
                0x00000000c0059440                HalSleep()
 *fill*         0x00000000c0059441        0x3 
 .text          0x00000000c0059444      0x30c arch/i386/pic.32
                0x00000000c0059444                picIoWait()
                0x00000000c005944c                picDisable()
                0x00000000c0059480                picGetIRQReg(int)
                0x00000000c0059528                picOpen()
                0x00000000c00596ac                picEOI(int)
 .text          0x00000000c0059750      0xdd9 arch/i386/rtc.32
                0x00000000c0059750                RTC::open(int, int, void*)
                0x00000000c0059754                RTC::close(int, int, void*)
                0x00000000c0059758                RTC::~RTC()
                0x00000000c0059758                RTC::~RTC()
                0x00000000c0059828                RTC::~RTC()
                0x00000000c0059852                RTC::timeInSecondsUTC()
                0x00000000c00598a2                RTC::timeInDatetimeUTC()
                0x00000000c0059938                RTC::setTimeInSecondsUTC(unsigned long long)
                0x00000000c00599e6                RTC::get_update_in_progress_flag()
                0x00000000c0059a1e                RTC::completeRTCRefresh()
                0x00000000c0059eec                RTC::setTimeInDatetimeUTC(datetime_t)
                0x00000000c005a1c8                rtcIRQHandler(regs*, void*)
                0x00000000c005a2a6                RTC::RTC()
                0x00000000c005a2a6                RTC::RTC()
 *fill*         0x00000000c005a529        0x3 
 .text          0x00000000c005a52c      0x590 arch/i386/vga.32
                0x00000000c005a52c                HalConsoleScroll(int, int)
                0x00000000c005a8d8                HalConsoleWriteCharacter(char, int, int, int, int)
                0x00000000c005aa34                HalConsoleCursorUpdate(int, int)
 .text          0x00000000c005aabc     0x30f7 fs/fat/vfslink.32
                0x00000000c005aabc                FAT::getName()
                0x00000000c005aac4                FAT::tell(void*, unsigned long long*)
                0x00000000c005ab88                FAT::stat(void*, unsigned long long*)
                0x00000000c005ac4c                FAT::~FAT()
                0x00000000c005ac4c                FAT::~FAT()
                0x00000000c005ad30                FAT::~FAT()
                0x00000000c005ad58                FAT::getlabel(LogicalDisk*, int, char*, unsigned int*)
                0x00000000c005b0dc                FAT::setlabel(LogicalDisk*, int, char*)
                0x00000000c005b47c                FAT::format(LogicalDisk*, int, char const*, int)
                0x00000000c005b944                FAT::tryMount(LogicalDisk*, int)
                0x00000000c005be2c                FAT::allocateSwapfile(char const*, int)
                0x00000000c005c34c                FAT::readDir(void*, unsigned long, void*, int*)
                0x00000000c005c4ec                FAT::read(void*, unsigned long, void*, int*)
                0x00000000c005c57c                FAT::write(void*, unsigned long, void*, int*)
                0x00000000c005c60c                FAT::close(void*)
                0x00000000c005c660                FAT::closeDir(void*)
                0x00000000c005c6b4                FAT::seek(void*, unsigned long long)
                0x00000000c005c70c                fatWrapperReadDisk
                0x00000000c005c814                fatWrapperWriteDisk
                0x00000000c005c91c                fatWrapperIoctl
                0x00000000c005ce9c                FAT::FAT()
                0x00000000c005ce9c                FAT::FAT()
                0x00000000c005d064                FAT::fixFilepath(char*)
                0x00000000c005d1f8                FAT::open(char const*, void**, FileOpenMode)
                0x00000000c005d3f4                FAT::openDir(char const*, void**)
                0x00000000c005d530                FAT::stat(char const*, unsigned long long*, bool*)
                0x00000000c005d6ac                FAT::unlink(char const*)
                0x00000000c005d75c                FAT::chfatattr(char const*, unsigned char, unsigned char)
                0x00000000c005d93c                FAT::rename(char const*, char const*)
                0x00000000c005da64                FAT::mkdir(char const*)
                0x00000000c005db14                FAT::exists(char const*)
 *fill*         0x00000000c005dbb3        0x1 
 .text          0x00000000c005dbb4      0x198 fs/iso9660/helper.32
                0x00000000c005dbb4                isoReadDiscSectorHelper
                0x00000000c005dd14                iso_kprintf
                0x00000000c005dd30                iso_kprintfd
 .text          0x00000000c005dd4c     0x14a6 fs/iso9660/vfslink.32
                0x00000000c005dd4c                ISO9660::format(LogicalDisk*, int, char const*, int)
                0x00000000c005dd52                ISO9660::getName()
                0x00000000c005dd58                ISO9660::chfatattr(char const*, unsigned char, unsigned char)
                0x00000000c005dd5e                ISO9660::unlink(char const*)
                0x00000000c005dd64                ISO9660::write(void*, unsigned long, void*, int*)
                0x00000000c005dd6a                ISO9660::rename(char const*, char const*)
                0x00000000c005dd70                ISO9660::mkdir(char const*)
                0x00000000c005dd76                ISO9660::~ISO9660()
                0x00000000c005dd76                ISO9660::~ISO9660()
                0x00000000c005de46                ISO9660::~ISO9660()
                0x00000000c005de6e                ISO9660::exists(char const*)
                0x00000000c005de82                ISO9660::seek(void*, unsigned long long)
                0x00000000c005dec4                ISO9660::close(void*)
                0x00000000c005def4                ISO9660::closeDir(void*)
                0x00000000c005df80                ISO9660::read(void*, unsigned long, void*, int*)
                0x00000000c005dfe2                ISO9660::tell(void*, unsigned long long*)
                0x00000000c005e04a                ISO9660::stat(void*, unsigned long long*)
                0x00000000c005e0b6                ISO9660::readDir(void*, unsigned long, void*, int*)
                0x00000000c005e30a                ISO9660::open(char const*, void**, FileOpenMode)
                0x00000000c005e6d2                ISO9660::stat(char const*, unsigned long long*, bool*)
                0x00000000c005eb12                ISO9660::openDir(char const*, void**)
                0x00000000c005ef76                readSectorFromCDROM(unsigned int, unsigned char*, char)
                0x00000000c005f096                ISO9660::tryMount(LogicalDisk*, int)
                0x00000000c005f11e                ISO9660::ISO9660()
                0x00000000c005f11e                ISO9660::ISO9660()
 .text          0x00000000c005f1f2      0xb96 hal/sound/sndcard.32
                0x00000000c005f1f2                SoundCard::beginPlayback()
                0x00000000c005f200                SoundCard::stopPlayback()
                0x00000000c005f20e                SoundCard::SoundCard(char const*)
                0x00000000c005f20e                SoundCard::SoundCard(char const*)
                0x00000000c005f596                SoundCard::~SoundCard()
                0x00000000c005f596                SoundCard::~SoundCard()
                0x00000000c005f666                SoundCard::~SoundCard()
                0x00000000c005f690                SoundCard::configureRates(int, int, int)
                0x00000000c005f78e                SoundCard::getSamples16(int, short*)
                0x00000000c005f936                SoundCard::getSamples32(int, int*)
                0x00000000c005fc4e                SoundCard::addChannel(SoundPort*)
                0x00000000c005fd18                SoundCard::removeChannel(int)
 .text          0x00000000c005fd88     0x1c81 hal/sound/sndport.32
                0x00000000c005fd88                SoundPort::SoundPort(int, int, int, int)
                0x00000000c005fd88                SoundPort::SoundPort(int, int, int, int)
                0x00000000c0060124                SoundPort::~SoundPort()
                0x00000000c0060124                SoundPort::~SoundPort()
                0x00000000c006026c                SoundPort::unpause()
                0x00000000c00602bc                SoundPort::pause()
                0x00000000c006030c                SoundPort::getBufferUsed()
                0x00000000c0060358                SoundPort::getBufferSize()
                0x00000000c00603a4                SoundPort::buffer16(short*, int)
                0x00000000c0060914                SoundPort::buffer32(int*, int)
                0x00000000c0060e74                SoundPort::unbufferAndAdd16(int, short*, SoundCard*)
                0x00000000c00613cc                SoundPort::unbufferAndAdd32(int, int*, SoundCard*)
 .text          0x00000000c0061a09        0x0 hw/bus/isa.32
 *fill*         0x00000000c0061a09        0x1 
 .text          0x00000000c0061a0a     0x243f hw/bus/pci.32
                0x00000000c0061a0a                PCI::close(int, int, void*)
                0x00000000c0061a0e                PCI::open(int, int, void*)
                0x00000000c0061ace                PCI::PCI()
                0x00000000c0061ace                PCI::PCI()
                0x00000000c0061ea0                PCI::readBAR8(unsigned int, int)
                0x00000000c0061eda                PCI::readBAR16(unsigned int, int)
                0x00000000c0061f1a                PCI::readBAR32(unsigned int, int)
                0x00000000c0061f58                PCI::writeBAR8(unsigned int, unsigned char, int)
                0x00000000c0061f9c                PCI::writeBAR16(unsigned int, unsigned short, int)
                0x00000000c0061fde                PCI::writeBAR32(unsigned int, unsigned int, int)
                0x00000000c0062022                PCI::legacyMechanism(unsigned char, unsigned char, unsigned char, unsigned char)
                0x00000000c0062098                PCI::pciReadWord(unsigned char, unsigned char, unsigned char, unsigned char)
                0x00000000c00621d0                PCI::getVendorID(unsigned char, unsigned char, unsigned char)
                0x00000000c0062226                PCI::getHeaderType(unsigned char, unsigned char, unsigned char)
                0x00000000c006227e                PCI::getClassCode(unsigned char, unsigned char, unsigned char)
                0x00000000c0062312                PCI::getProgIF(unsigned char, unsigned char, unsigned char)
                0x00000000c006236a                PCI::getRevisionID(unsigned char, unsigned char, unsigned char)
                0x00000000c00623c0                PCI::getInterruptNumber(unsigned char, unsigned char, unsigned char)
                0x00000000c0062416                PCI::getSecondaryBus(unsigned char, unsigned char, unsigned char)
                0x00000000c006246e                PCI::getBARAddress(unsigned char, unsigned char, unsigned char, unsigned char)
                0x00000000c0062520                PCI::pciWriteWord(unsigned char, unsigned char, unsigned char, unsigned char, unsigned short)
                0x00000000c006268c                PCI::pciDetailsToFilepath(PCIDeviceInfo, char*)
                0x00000000c0063132                PCI::checkBus(unsigned char)
                0x00000000c0063172                PCI::foundDevice(PCIDeviceInfo)
                0x00000000c0063710                PCI::getDeviceData(unsigned char, unsigned char, unsigned char)
                0x00000000c0063c8e                PCI::checkDevice(unsigned char, unsigned char)
                0x00000000c0063d88                PCI::detect()
 *fill*         0x00000000c0063e49        0x1 
 .text          0x00000000c0063e4a     0x33da hw/diskctrl/ide.32
                0x00000000c0063e4a                IDE::close(int, int, void*)
                0x00000000c0063e4e                IDE::IDE()
                0x00000000c0063e4e                IDE::IDE()
                0x00000000c0063f76                IDE::prepareInterrupt(unsigned char)
                0x00000000c0063fd7                selectDrive(unsigned char, unsigned char)
                0x00000000c0063fd8                IDE::getBase(unsigned char)
                0x00000000c006403a                IDE::write(unsigned char, unsigned char, unsigned char)
                0x00000000c0064310                IDE::read(unsigned char, unsigned char)
                0x00000000c00645d8                IDE::waitInterrupt(unsigned char)
                0x00000000c00646fd                ideChannel0IRQHandler(regs*, void*)
                0x00000000c006476c                ideChannel1IRQHandler(regs*, void*)
                0x00000000c00647dc                IDE::enableIRQs(unsigned char, bool)
                0x00000000c00648f2                IDE::open(int, int, void*)
                0x00000000c0065f88                IDE::readBuffer(unsigned char, unsigned char, unsigned int, unsigned int)
                0x00000000c006627a                IDE::detect()
                0x00000000c006706e                IDE::printError(unsigned char, unsigned char, unsigned char)
                0x00000000c006719e                IDE::polling(unsigned char, unsigned int)
 .text          0x00000000c0067224      0xf7b hw/diskctrl/satabus.32
                0x00000000c0067224                SATABus::close(int, int, void*)
                0x00000000c0067228                SATABus::detect()
                0x00000000c006722a                SATABus::SATABus()
                0x00000000c006722a                SATABus::SATABus()
                0x00000000c00674a0                SATABus::findCmdslot(SATABus::tagHBA_PORT volatile*)
                0x00000000c0067594                SATABus::checkType(SATABus::tagHBA_PORT volatile*)
                0x00000000c006762e                SATABus::startCmd(SATABus::tagHBA_PORT volatile*)
                0x00000000c00676ba                SATABus::stopCmd(SATABus::tagHBA_PORT volatile*)
                0x00000000c0067768                SATABus::portRebase(SATABus::tagHBA_PORT volatile*, int)
                0x00000000c0067da0                SATABus::probePort(SATABus::tagHBA_MEM volatile*)
                0x00000000c00680f4                SATABus::open(int, int, void*)
 *fill*         0x00000000c006819f        0x1 
 .text          0x00000000c00681a0     0x195e hw/diskphys/ata.32
                0x00000000c00681a0                ATA::powerSaving(PowerSavingLevel)
                0x00000000c00681a2                ATA::close(int, int, void*)
                0x00000000c0068246                ATA::ATA()
                0x00000000c0068246                ATA::ATA()
                0x00000000c0068320                ATA::flush(bool)
                0x00000000c006844e                ATA::readyForCommand()
                0x00000000c0068546                ATA::access(unsigned long long, int, void*, bool)
                0x00000000c00690f0                ATA::detectCHS()
                0x00000000c00691ea                ATA::open(int, int, void*)
                0x00000000c00696f1                combineCharAndColour(char, unsigned char)
                0x00000000c0069702                combineColours(unsigned char, unsigned char)
                0x00000000c0069710                ATA::read(unsigned long long, int, void*)
                0x00000000c0069906                ATA::write(unsigned long long, int, void*)
 .text          0x00000000c0069afe     0x1731 hw/diskphys/atapi.32
                0x00000000c0069afe                ATAPI::write(unsigned long long, int, void*)
                0x00000000c0069b04                ATAPI::close(int, int, void*)
                0x00000000c0069ba8                ATAPI::ATAPI()
                0x00000000c0069ba8                ATAPI::ATAPI()
                0x00000000c0069c82                ATAPI::readyForCommand()
                0x00000000c0069d80                ATAPI::sendPacket(unsigned char*, int, bool, unsigned short*, int)
                0x00000000c006a85c                ATAPI::diskRemoved()
                0x00000000c006a992                ATAPI::eject()
                0x00000000c006aa0e                ATAPI::diskInserted()
                0x00000000c006aa5a                ATAPI::detectMedia()
                0x00000000c006ac50                ATAPI::open(int, int, void*)
                0x00000000c006b0f2                ATAPI::read(unsigned long long, int, void*)
 *fill*         0x00000000c006b22f        0x1 
 .text          0x00000000c006b230     0x131b hw/diskphys/sata.32
                0x00000000c006b230                SATA::powerSaving(PowerSavingLevel)
                0x00000000c006b232                SATA::close(int, int, void*)
                0x00000000c006b2d6                SATA::open(int, int, void*)
                0x00000000c006b530                SATA::SATA()
                0x00000000c006b530                SATA::SATA()
                0x00000000c006b60a                SATA::access(unsigned long long, int, void*, bool)
                0x00000000c006c01a                SATA::read(unsigned long long, int, void*)
                0x00000000c006c296                SATA::write(unsigned long long, int, void*)
 *fill*         0x00000000c006c54b        0x1 
 .text          0x00000000c006c54c     0x16c5 hw/diskphys/satapi.32
                0x00000000c006c54c                SATAPI::write(unsigned long long, int, void*)
                0x00000000c006c552                SATAPI::close(int, int, void*)
                0x00000000c006c5f6                SATAPI::SATAPI()
                0x00000000c006c5f6                SATAPI::SATAPI()
                0x00000000c006c6d0                SATAPI::diskRemoved()
                0x00000000c006c6d2                SATAPI::diskInserted()
                0x00000000c006c72a                SATAPI::sendPacket(unsigned char*, int, unsigned long long, unsigned short*, int)
                0x00000000c006d2c6                SATAPI::eject()
                0x00000000c006d37e                SATAPI::detectMedia()
                0x00000000c006d61e                SATAPI::open(int, int, void*)
                0x00000000c006d986                SATAPI::read(unsigned long long, int, void*)
 *fill*         0x00000000c006dc11        0x1 
 .text          0x00000000c006dc12     0x128b hw/intctrl/apic.32
                0x00000000c006dc12                IOAPIC::close(int, int, void*)
                0x00000000c006dc18                apicGetBase()
                0x00000000c006dcc6                IOAPIC::IOAPIC()
                0x00000000c006dcc6                IOAPIC::IOAPIC()
                0x00000000c006dd9a                apicOpen()
                0x00000000c006e392                IOAPIC::handlesGSIWithNumber(unsigned int)
                0x00000000c006e4a4                IOAPIC::read(int)
                0x00000000c006e578                IOAPIC::open(int, int, void*)
                0x00000000c006eba4                IOAPIC::write(int, int)
                0x00000000c006ec80                IOAPIC::redirect(unsigned char, unsigned long long, unsigned char, bool, bool)
 *fill*         0x00000000c006ee9d        0x3 
 .text          0x00000000c006eea0      0x45c hw/timer/apictimer.32
                0x00000000c006eea0                APICTimer::close(int, int, void*)
                0x00000000c006eea8                apicTimerHandler(regs*, void*)
                0x00000000c006ef14                APICTimer::open(int, int, void*)
                0x00000000c006f19c                APICTimer::write(int)
                0x00000000c006f214                APICTimer::APICTimer()
                0x00000000c006f214                APICTimer::APICTimer()
 .text          0x00000000c006f2fc      0x741 hw/timer/pit.32
                0x00000000c006f2fc                PIT::write(int)
                0x00000000c006f3f8                pitHandler(regs*, void*)
                0x00000000c006f448                PIT::open(int, int, void*)
                0x00000000c006f5c0                PIT::close(int, int, void*)
                0x00000000c006f68c                PIT::PIT()
                0x00000000c006f68c                PIT::PIT()
 *fill*         0x00000000c006fa3d        0x3 
 .text          0x00000000c006fa40       0x83 arch/i386/avx.32
                0x00000000c006fa40                avxDetect
                0x00000000c006fa6a                avxSave
                0x00000000c006fa7b                avxLoad
                0x00000000c006fa8c                avxInit
                0x00000000c006faae                avxClose
                0x00000000c006faaf                wouldSheSayYes
 *fill*         0x00000000c006fac3        0xd 
 .text          0x00000000c006fad0      0x2ec arch/i386/interrupt.32
                0x00000000c006fad0                isr0
                0x00000000c006fae0                isr1
                0x00000000c006faea                isr2
                0x00000000c006faf4                isr3
                0x00000000c006fafe                isr4
                0x00000000c006fb08                isr5
                0x00000000c006fb12                isr6
                0x00000000c006fb1c                isr7
                0x00000000c006fb26                isr8
                0x00000000c006fb2e                isr9
                0x00000000c006fb38                isr10
                0x00000000c006fb40                isr11
                0x00000000c006fb48                isr12
                0x00000000c006fb50                isr13
                0x00000000c006fb6a                isr14
                0x00000000c006fb72                isr15
                0x00000000c006fb7c                isr16
                0x00000000c006fb86                isr17
                0x00000000c006fb90                isr18
                0x00000000c006fb9a                irq3
                0x00000000c006fba4                irq4
                0x00000000c006fbae                irq5
                0x00000000c006fbb8                irq6
                0x00000000c006fbc2                irq7
                0x00000000c006fbcc                irq8
                0x00000000c006fbd6                irq9
                0x00000000c006fbe0                irq10
                0x00000000c006fbea                irq11
                0x00000000c006fbf4                irq12
                0x00000000c006fbfe                irq13
                0x00000000c006fc08                irq14
                0x00000000c006fc12                irq15
                0x00000000c006fc1c                irq1
                0x00000000c006fc23                irq2
                0x00000000c006fc2a                isr96
                0x00000000c006fc31                irq0
                0x00000000c006fc36                int_common_stub
                0x00000000c006fc68                syscall_common_stub
                0x00000000c006fd6c                irq16
                0x00000000c006fd76                irq17
                0x00000000c006fd80                irq18
                0x00000000c006fd8a                irq19
                0x00000000c006fd94                irq20
                0x00000000c006fd9e                irq21
                0x00000000c006fda8                irq22
                0x00000000c006fdb2                irq23
 *fill*         0x00000000c006fdbc        0x4 
 .text          0x00000000c006fdc0       0x10 arch/i386/rdrand.32
                0x00000000c006fdc0                i386GetRDRAND
 .text          0x00000000c006fdd0       0x39 arch/i386/sse.32
                0x00000000c006fdd0                absolutelyNoChanceInHell
                0x00000000c006fdd0                sseDetect
                0x00000000c006fde8                sseSave
                0x00000000c006fdf0                sseLoad
                0x00000000c006fdf8                sseInit
                0x00000000c006fe08                sseClose
 *fill*         0x00000000c006fe09        0x7 
 .text          0x00000000c006fe10       0x49 arch/i386/x87.32
                0x00000000c006fe16                x87Detect
                0x00000000c006fe31                x87Save
                0x00000000c006fe38                x87Load
                0x00000000c006fe3f                x87Init
                0x00000000c006fe58                x87Close
 *fill*         0x00000000c006fe59        0x3 
 .text          0x00000000c006fe5c       0x25 /cygdrive/d/Users/Alex/Desktop/Toolchain/Output/bin/../lib/gcc/i386-banana/8.1.0/crtend.o
 .text          0x00000000c006fe81        0x0 crtn.32
 *fill*         0x00000000c006fe81        0x3 
 .text          0x00000000c006fe84      0x14b /cygdrive/d/Users/Alex/Desktop/Toolchain/Output/bin/../lib/gcc/i386-banana/8.1.0/libkgcc.a(_divdi3.o)