Archive member included to satisfy reference by file (symbol)

/cygdrive/d/Users/Alex/Desktop/Toolchain/Output/bin/../lib/gcc/i386-banana/8.1.0/libkgcc.a(_divdi3.o)
                              fs/fat/ff.32 (__divdi3)
/cygdrive/d/Users/Alex/Desktop/Toolchain/Output/bin/../lib/gcc/i386-banana/8.1.0/libkgcc.a(_moddi3.o)
                              compat/resolve.32 (__moddi3)
/cygdrive/d/Users/Alex/Desktop/Toolchain/Output/bin/../lib/gcc/i386-banana/8.1.0/libkgcc.a(_udivdi3.o)
                              fs/fat/ff.32 (__udivdi3)
/cygdrive/d/Users/Alex/Desktop/Toolchain/Output/bin/../lib/gcc/i386-banana/8.1.0/libkgcc.a(_umoddi3.o)
                              compat/resolve.32 (__umoddi3)
D:/Users/Alex/Desktop/Banana/kernel/libsoftfp.a(sfieeelib.o)
                              hal/sound/sndhw.32 (__addsf3)
D:/Users/Alex/Desktop/Banana/kernel/libsoftfp.a(dfieeelib.o)
                              hal/libresample/src_linear.32 (__adddf3)
D:/Users/Alex/Desktop/Banana/kernel/libsoftfp.a(sfdfcvt.o)
                              hal/libresample/samplerate.32 (__truncdfsf2)
D:/Users/Alex/Desktop/Banana/kernel/libk/libm32.a(s_fabs.c.o)
                              hal/libresample/samplerate.32 (fabs)
D:/Users/Alex/Desktop/Banana/kernel/libk/libm32.a(s_lrint.S.o)
                              hal/libresample/samplerate.32 (lrint)
D:/Users/Alex/Desktop/Banana/kernel/libk/libm32.a(s_lrintf.S.o)
                              hal/sound/sndhw.32 (lrintf)

Discarded input sections

 .comment       0x0000000000000000       0x12 /cygdrive/d/Users/Alex/Desktop/Toolchain/Output/bin/../lib/gcc/i386-banana/8.1.0/crtbegin.o
 .comment       0x0000000000000000       0x12 acpica/utclib.32
 .comment       0x0000000000000000       0x12 core/malloc.32
 .comment       0x0000000000000000       0x12 libk/string.32
 .comment       0x0000000000000000       0x12 fs/fat/diskio.32
 .comment       0x0000000000000000       0x12 fs/fat/ff.32
 .comment       0x0000000000000000       0x12 fs/fat/ffsystem.32
 .comment       0x0000000000000000       0x12 fs/fat/ffunicode.32
 .comment       0x0000000000000000       0x12 hal/libresample/samplerate.32
 .comment       0x0000000000000000       0x12 hal/libresample/src_linear.32
 .comment       0x0000000000000000       0x12 hal/libresample/src_sinc.32
 .comment       0x0000000000000000       0x12 hal/libresample/src_zoh.32
 .comment       0x0000000000000000       0x12 compat/inlines.32
 .comment       0x0000000000000000       0x12 compat/resolve.32
 .group         0x0000000000000000       0x14 core/computer.32
 .group         0x0000000000000000        0xc core/computer.32
 .comment       0x0000000000000000       0x12 core/computer.32
 .comment       0x0000000000000000       0x12 core/gdt.32
 .group         0x0000000000000000        0xc core/idle.32
 .comment       0x0000000000000000       0x12 core/idle.32
 .comment       0x0000000000000000       0x12 core/idt.32
 .comment       0x0000000000000000       0x12 core/kheap.32
 .comment       0x0000000000000000       0x12 core/main.32
 .comment       0x0000000000000000       0x12 core/physmgr.32
 .group         0x0000000000000000        0xc core/pipe.32
 .comment       0x0000000000000000       0x12 core/pipe.32
 .group         0x0000000000000000        0xc core/terminal.32
 .comment       0x0000000000000000       0x12 core/terminal.32
 .comment       0x0000000000000000       0x12 core/tss.32
 .group         0x0000000000000000        0x8 core/unixfile.32
 .group         0x0000000000000000        0xc core/unixfile.32
 .group         0x0000000000000000        0xc core/unixfile.32
 .group         0x0000000000000000        0x8 core/unixfile.32
 .group         0x0000000000000000        0xc core/unixfile.32
 .group         0x0000000000000000        0x8 core/unixfile.32
 .group         0x0000000000000000        0xc core/unixfile.32
 .group         0x0000000000000000        0xc core/unixfile.32
 .comment       0x0000000000000000       0x12 core/unixfile.32
 .comment       0x0000000000000000       0x12 core/virtmgr.32
 .comment       0x0000000000000000       0x12 coreobjs/c++.32
 .comment       0x0000000000000000       0x12 dbg/kconsole.32
 .group         0x0000000000000000        0xc fs/vfs.32
 .group         0x0000000000000000        0xc fs/vfs.32
 .group         0x0000000000000000        0xc fs/vfs.32
 .comment       0x0000000000000000       0x12 fs/vfs.32
 .group         0x0000000000000000        0xc hal/bus.32
 .comment       0x0000000000000000       0x12 hal/bus.32
 .group         0x0000000000000000        0xc hal/buzzer.32
 .comment       0x0000000000000000       0x12 hal/buzzer.32
 .group         0x0000000000000000        0xc hal/clock.32
 .comment       0x0000000000000000       0x12 hal/clock.32
 .group         0x0000000000000000       0x14 hal/device.32
 .group         0x0000000000000000        0xc hal/device.32
 .group         0x0000000000000000        0xc hal/device.32
 .group         0x0000000000000000        0xc hal/device.32
[...]
Memory Configuration

Name             Origin             Length             Attributes
*default*        0x0000000000000000 0xffffffffffffffff

Linker script and memory map

LOAD D:/Users/Alex/Desktop/Banana/kernel/boot.32
LOAD crti.32
LOAD /cygdrive/d/Users/Alex/Desktop/Toolchain/Output/bin/../lib/gcc/i386-banana/8.1.0/crtbegin.o
LOAD D:/Users/Alex/Desktop/Banana/kernel/morenasm.32
LOAD acpica/utclib.32
LOAD core/malloc.32
LOAD libk/string.32
LOAD fs/fat/diskio.32
LOAD fs/fat/ff.32
LOAD fs/fat/ffsystem.32
LOAD fs/fat/ffunicode.32
LOAD hal/libresample/samplerate.32
LOAD hal/libresample/src_linear.32
LOAD hal/libresample/src_sinc.32
LOAD hal/libresample/src_zoh.32
LOAD compat/inlines.32
LOAD compat/resolve.32
LOAD core/computer.32
LOAD core/gdt.32
LOAD core/idle.32
LOAD core/idt.32
LOAD core/kheap.32
LOAD core/main.32
LOAD core/physmgr.32
LOAD core/pipe.32
LOAD core/terminal.32
LOAD core/tss.32
LOAD core/unixfile.32
LOAD core/virtmgr.32
LOAD coreobjs/c++.32
LOAD dbg/kconsole.32
LOAD fs/vfs.32
LOAD hal/bus.32
LOAD hal/buzzer.32
LOAD hal/clock.32
LOAD hal/device.32
LOAD hal/diskctrl.32
LOAD hal/diskphys.32
LOAD hal/fpu.32
LOAD hal/intctrl.32
LOAD hal/keybrd.32
LOAD hal/logidisk.32
LOAD hal/mouse.32
LOAD hal/partition.32
LOAD hal/serial.32
LOAD hal/timer.32
LOAD hal/vcache.32
LOAD hal/video.32
LOAD hw/acpi.32
LOAD hw/cpu.32
LOAD hw/ports.32
LOAD hw/smp.32
LOAD krnl/env.32
LOAD krnl/panic.32
LOAD net/ethernet.32
LOAD reg/registry.32
LOAD sys/sc_eject.32
LOAD sys/sc_exit.32
LOAD sys/sc_getcwd.32
LOAD sys/sc_getpid.32
LOAD sys/sc_getramdata.32
LOAD sys/sc_loaddll.32
LOAD sys/sc_read.32
LOAD sys/sc_sbrk.32
LOAD sys/sc_setcwd.32
LOAD sys/sc_settime.32
LOAD sys/sc_timezone.32
LOAD sys/sc_write.32
LOAD sys/sc_wsbe.32
LOAD sys/sc_yield.32
LOAD sys/syscalls.32
LOAD thr/elf.32
LOAD thr/prcssthr.32
LOAD vm86/vm8086.32
LOAD vm86/x87em.32
LOAD fs/fat/vfslink.32
LOAD fs/iso9660/vfslink.32
LOAD hal/sound/sndchannel.32
LOAD hal/sound/sndhw.32
LOAD hw/bus/isa.32
LOAD hw/bus/pci.32
LOAD hw/diskctrl/ide.32
LOAD hw/diskctrl/satabus.32
LOAD hw/diskphys/ata.32
LOAD hw/diskphys/atapi.32
LOAD hw/diskphys/sata.32
LOAD hw/diskphys/satapi.32
LOAD hw/fpu/avx.32
LOAD hw/fpu/mmx.32
LOAD hw/fpu/sse.32
LOAD hw/fpu/x87.32
LOAD hw/intctrl/apic.32
LOAD hw/intctrl/pic.32
LOAD hw/timer/apictimer.32
LOAD hw/timer/pit.32
LOAD hw/fpu/x86/avx.32
LOAD hw/fpu/x86/sse.32
LOAD hw/fpu/x86/x87.32
LOAD /cygdrive/d/Users/Alex/Desktop/Toolchain/Output/bin/../lib/gcc/i386-banana/8.1.0/crtend.o
LOAD crtn.32
LOAD /cygdrive/d/Users/Alex/Desktop/Toolchain/Output/bin/../lib/gcc/i386-banana/8.1.0/libkgcc.a
LOAD D:/Users/Alex/Desktop/Banana/kernel/libsoftfp.a
LOAD D:/Users/Alex/Desktop/Banana/kernel/libk/libm32.a
                0x00000000c0000000                . = 0xc0000000

.text           0x00000000c0000000    0x28688
 *(.text)
 .text          0x00000000c0000000       0x41 D:/Users/Alex/Desktop/Banana/kernel/boot.32
                0x00000000c0000020                callGlobalConstructors
 .text          0x00000000c0000041        0x0 crti.32
 *fill*         0x00000000c0000041        0x3 
 .text          0x00000000c0000044      0x101 /cygdrive/d/Users/Alex/Desktop/Toolchain/Output/bin/../lib/gcc/i386-banana/8.1.0/crtbegin.o
 *fill*         0x00000000c0000145        0xb 
 .text          0x00000000c0000150      0x4ed D:/Users/Alex/Desktop/Banana/kernel/morenasm.32
                0x00000000c0000150                manualPCIProbe
                0x00000000c000019b                prepareTramp
                0x00000000c00001b4                voodooXADD
                0x00000000c000027f                doTPAUSE
                0x00000000c0000289                hasLegacyFPU
                0x00000000c00002ae                is486
                0x00000000c00002e4                detectCPUID
                0x00000000c00002fa                goToVM86
                0x00000000c000032a                goToUsermode
                0x00000000c0000354                switchToThreadASMFirstTime
                0x00000000c0000362                switchToThreadASM
                0x00000000c00003ea                asmQuickAcquireLock
                0x00000000c0000408                asmQuickReleaseLock
                0x00000000c0000414                asmAcquireLock
                0x00000000c0000435                asmReleaseLock
                0x00000000c0000448                loadGDT
                0x00000000c0000468                isr0
                0x00000000c0000478                isr1
                0x00000000c0000482                isr2
                0x00000000c000048c                isr3
                0x00000000c0000496                isr4
                0x00000000c00004a0                isr5
                0x00000000c00004aa                isr6
                0x00000000c00004b4                isr7
                0x00000000c00004be                isr8
                0x00000000c00004c6                isr9
                0x00000000c00004d0                isr10
                0x00000000c00004d8                isr11
                0x00000000c00004e0                isr12
                0x00000000c00004e8                isr13
                0x00000000c00004f0                isr14
                0x00000000c00004f8                isr15
                0x00000000c0000502                isr16
                0x00000000c000050c                isr17
                0x00000000c0000516                isr18
                0x00000000c0000520                irq3
                0x00000000c000052a                irq4
                0x00000000c0000534                irq5
                0x00000000c000053e                irq6
                0x00000000c0000548                irq7
                0x00000000c0000552                irq8
                0x00000000c000055c                irq9
                0x00000000c0000566                irq10
                0x00000000c0000570                irq11
                0x00000000c000057a                irq12
                0x00000000c0000584                irq13
                0x00000000c000058e                irq14
                0x00000000c0000598                irq15
                0x00000000c00005a2                irq1
                0x00000000c00005a9                irq2
                0x00000000c00005b0                isr96
                0x00000000c00005b7                irq0
                0x00000000c00005bc                int_common_stub
                0x00000000c00005bc                syscall_common_stub
                0x00000000c00005ed                irq16
                0x00000000c00005f7                irq17
                0x00000000c0000601                irq18
                0x00000000c000060b                irq19
                0x00000000c0000615                irq20
                0x00000000c000061f                irq21
                0x00000000c0000629                irq22
                0x00000000c0000633                irq23
 *fill*         0x00000000c000063d        0x3 
 .text          0x00000000c0000640      0x611 acpica/utclib.32
                0x00000000c0000640                memcmp
                0x00000000c000067c                memmove
                0x00000000c0000744                memcpy
                0x00000000c0000778                memset
                0x00000000c0000794                strlen
                0x00000000c00007ac                strpbrk
                0x00000000c00007e8                strtok
                0x00000000c0000834                strcpy
                0x00000000c0000858                strncpy
                0x00000000c00008c0                strcmp
                0x00000000c0000900                strchr
                0x00000000c0000924                strncmp
                0x00000000c0000974                strcat
                0x00000000c00009a4                strncat
                0x00000000c00009e0                strstr
                0x00000000c0000a28                toupper
                0x00000000c0000a3c                tolower
                0x00000000c0000a50                simple_strtoul
 .text          0x00000000c0000c51      0xfbf core/malloc.32
                0x00000000c0000dbc                dlfree
                0x00000000c0001117                dlmalloc
                0x00000000c0001654                dlrealloc
                0x00000000c0001809                dlmemalign
                0x00000000c000192c                dlcalloc
                0x00000000c00019c6                dlcfree
                0x00000000c00019cb                dlindependent_calloc
                0x00000000c00019f0                dlindependent_comalloc
                0x00000000c0001a07                dlvalloc
                0x00000000c0001a32                dlpvalloc
                0x00000000c0001a68                dlmalloc_trim
                0x00000000c0001a75                dlmalloc_usable_size
                0x00000000c0001aa6                dlmallinfo
                0x00000000c0001b75                dlmalloc_stats
                0x00000000c0001b86                dlmallopt
 .text          0x00000000c0001c10        0x0 libk/string.32
 .text          0x00000000c0001c10       0x51 fs/fat/diskio.32
                0x00000000c0001c10                disk_status
                0x00000000c0001c13                disk_initialize
                0x00000000c0001c16                disk_read
                0x00000000c0001c2c                disk_write
                0x00000000c0001c42                disk_ioctl
 .text          0x00000000c0001c61     0x6833 fs/fat/ff.32
                0x00000000c0004f2f                f_mount
                0x00000000c0004f91                f_open
                0x00000000c00053cd                f_read
                0x00000000c000564d                f_write
                0x00000000c0005907                f_sync
                0x00000000c0005ae3                f_close
                0x00000000c0005b12                f_lseek
                0x00000000c0005fc9                f_opendir
                0x00000000c00060cb                f_closedir
                0x00000000c00060ed                f_readdir
                0x00000000c0006188                f_stat
                0x00000000c0006217                f_getfree
                0x00000000c00063e2                f_truncate
                0x00000000c00064da                f_unlink
                0x00000000c000665d                f_mkdir
                0x00000000c0006889                f_rename
                0x00000000c0006b7c                f_chmod
                0x00000000c0006c5a                f_utime
                0x00000000c0006d38                f_getlabel
                0x00000000c0006f26                f_setlabel
                0x00000000c0007193                f_forward
                0x00000000c0007371                f_mkfs
 .text          0x00000000c0008494       0x2d fs/fat/ffsystem.32
                0x00000000c0008494                ff_memalloc
                0x00000000c00084aa                ff_memfree
 .text          0x00000000c00084c1      0x253 fs/fat/ffunicode.32
                0x00000000c00084c1                ff_uni2oem
                0x00000000c0008551                ff_oem2uni
                0x00000000c00085bd                ff_wtoupper
 .text          0x00000000c0008714      0x8fb hal/libresample/samplerate.32
                0x00000000c0008758                src_delete
                0x00000000c0008794                src_process
                0x00000000c000894a                src_callback_read
                0x00000000c0008ac7                src_set_ratio
                0x00000000c0008b31                src_get_channels
                0x00000000c0008b53                src_reset
                0x00000000c0008b9f                src_new
                0x00000000c0008c2d                src_callback_new
                0x00000000c0008c8f                src_get_name
                0x00000000c0008cc6                src_get_description
                0x00000000c0008cfd                src_get_version
                0x00000000c0008d03                src_is_valid_ratio
                0x00000000c0008d57                src_error
                0x00000000c0008d65                src_strerror
                0x00000000c0008d78                src_simple
                0x00000000c0008dcb                src_short_to_float_array
                0x00000000c0008e30                src_float_to_short_array
                0x00000000c0008eef                src_int_to_float_array
                0x00000000c0008f52                src_float_to_int_array
 .text          0x00000000c000900f      0x8cb hal/libresample/src_linear.32
                0x00000000c0009835                linear_get_name
                0x00000000c0009844                linear_get_description
                0x00000000c0009853                linear_set_converter
 .text          0x00000000c00098da     0x447c hal/libresample/src_sinc.32
                0x00000000c000dc6d                sinc_get_name
                0x00000000c000dc80                sinc_get_description
                0x00000000c000dc93                sinc_set_converter
 .text          0x00000000c000dd56      0x77c hal/libresample/src_zoh.32
                0x00000000c000e42d                zoh_get_name
                0x00000000c000e43c                zoh_get_description
                0x00000000c000e44b                zoh_set_converter
 .text          0x00000000c000e4d2       0x23 compat/inlines.32
                0x00000000c000e4d2                CPU::current()
                0x00000000c000e4df                operator new(unsigned long)
 .text          0x00000000c000e4f5      0x111 compat/resolve.32
                0x00000000c000e4f5                Krnl::resolveCompatibilitySymbol(char*)
 .text          0x00000000c000e606      0xa17 core/computer.32
                0x00000000c000e606                Computer::close(int, int, void*)
                0x00000000c000e64a                Krnl::firstTask()
                0x00000000c000e73a                Computer::Computer()
                0x00000000c000e73a                Computer::Computer()
                0x00000000c000e896                Computer::setBootMessage(char const*)
                0x00000000c000e898                Computer::detectFeatures()
                0x00000000c000eaa2                Computer::displayFeatures()
                0x00000000c000ede8                Computer::rdmsr(unsigned int)
                0x00000000c000ee14                Computer::wrmsr(unsigned int, unsigned long long)
                0x00000000c000ee4c                Computer::nmiEnabled()
                0x00000000c000ee58                Computer::readCMOS(unsigned char)
                0x00000000c000ee72                Computer::enableNMI(bool)
                0x00000000c000ee8a                Computer::open(int, int, void*)
                0x00000000c000ef60                Computer::disableNMI()
                0x00000000c000ef6e                Computer::writeCMOS(unsigned char, unsigned char)
                0x00000000c000ef8c                Computer::handleNMI()
                0x00000000c000eff2                Computer::setDiskActivityLight(int, bool)
 *fill*         0x00000000c000f01d        0x1 
 .text          0x00000000c000f01e      0x1b7 core/gdt.32
                0x00000000c000f01e                GDTEntry::setBase(unsigned int)
                0x00000000c000f03a                GDTEntry::setLimit(unsigned int)
                0x00000000c000f058                GDT::GDT()
                0x00000000c000f058                GDT::GDT()
                0x00000000c000f06e                GDT::addEntry(GDTEntry)
                0x00000000c000f0aa                GDT::getNumberOfEntries()
                0x00000000c000f0b2                GDT::flush()
                0x00000000c000f0d4                GDT::setup()
 .text          0x00000000c000f1d5       0x62 core/idle.32
                0x00000000c000f1d5                idleFunction(void*)
 *fill*         0x00000000c000f237        0x1 
 .text          0x00000000c000f238      0x45f core/idt.32
                0x00000000c000f238                IDTEntry::IDTEntry(bool)
                0x00000000c000f238                IDTEntry::IDTEntry(bool)
                0x00000000c000f2a6                IDTEntry::setOffset(unsigned int)
                0x00000000c000f2ba                IDT::IDT()
                0x00000000c000f2ba                IDT::IDT()
                0x00000000c000f2bc                IDT::getPointerToInvalidOpcodeEntryForF00F()
                0x00000000c000f2c4                IDT::addEntry(IDTEntry, int)
                0x00000000c000f2de                IDT::addEntry(int, void (*)(), bool)
                0x00000000c000f316                IDT::flush()
                0x00000000c000f330                IDT::setup()
 .text          0x00000000c000f697      0x203 core/kheap.32
                0x00000000c000f697                sbrk
                0x00000000c000f7a5                mmap
                0x00000000c000f7bb                munmap
                0x00000000c000f7d1                liballoc_lock()
                0x00000000c000f7e2                liballoc_unlock()
                0x00000000c000f7f3                liballoc_alloc(int)
                0x00000000c000f80e                liballoc_free(void*, int)
                0x00000000c000f82c                realloc
                0x00000000c000f840                malloc
                0x00000000c000f850                free
                0x00000000c000f860                rfree
                0x00000000c000f870                calloc
 .text          0x00000000c000f89a      0x485 core/main.32
                0x00000000c000f89a                hwTextMode_loadInData(VgaText*)
                0x00000000c000f8e5                hwTextMode_loadInTitle(VgaText*, char*)
                0x00000000c000f963                hwTextMode_showCursor(VgaText*, bool)
                0x00000000c000f9c1                hwTextMode_update(VgaText*)
                0x00000000c000f9c2                hwTextMode_updateCursor(VgaText*)
                0x00000000c000fa13                hwTextMode_disableBlink(VgaText*, bool)
                0x00000000c000fa59                hwTextMode_scrollScreen(VgaText*)
                0x00000000c000fb06                hwTextMode_writeCharacter(VgaText*, char, VgaColour, VgaColour, int, int)
                0x00000000c000fb88                setupTextMode()
                0x00000000c000fbf8                kernel_main
 .text          0x00000000c000fd1f      0x5b4 core/physmgr.32
                0x00000000c000fd1f                Phys::allocateDMA(unsigned long)
                0x00000000c000fdc2                Phys::freeDMA(unsigned long, unsigned long)
                0x00000000c000fe0a                Phys::setPageState(unsigned long, bool)
                0x00000000c000fe3c                Phys::getPageState(unsigned long)
                0x00000000c000fe58                Phys::freePage(unsigned long)
                0x00000000c000fee2                Phys::allocatePage()
                0x00000000c0010011                Phys::allocateContiguousPages(int)
                0x00000000c001006b                Phys::allowSegmentToBeUsed(unsigned long, unsigned long)
                0x00000000c00100a3                Phys::physicalMemorySetup(unsigned int)
 *fill*         0x00000000c00102d3        0x1 
 .text          0x00000000c00102d4      0x273 core/pipe.32
                0x00000000c00102d4                Pipe::isAtty()
                0x00000000c00102d8                Pipe::~Pipe()
                0x00000000c00102d8                Pipe::~Pipe()
                0x00000000c00102fc                Pipe::~Pipe()
                0x00000000c0010324                Pipe::read(unsigned long long, void*, int*)
                0x00000000c0010418                Pipe::write(unsigned long long, void*, int*)
                0x00000000c00104e0                Pipe::Pipe(int)
                0x00000000c00104e0                Pipe::Pipe(int)
 *fill*         0x00000000c0010547        0x1 
 .text          0x00000000c0010548      0xf73 core/terminal.32
                0x00000000c0010548                VgaText::isAtty()
                0x00000000c001054c                VgaText::~VgaText()
                0x00000000c001054c                VgaText::~VgaText()
                0x00000000c0010570                VgaText::~VgaText()
                0x00000000c001059a                VgaText::read(unsigned long long, void*, int*)
                0x00000000c00105ba                setTerminalScrollLock(bool)
                0x00000000c00105bb                addToTerminalCycle(VgaText*)
                0x00000000c00105e8                installVgaTextImplementation()
                0x00000000c00105fd                scrollTerminalScrollLock(int)
                0x00000000c00105fe                VgaText::load()
                0x00000000c0010652                VgaText::updateCursor()
                0x00000000c001066c                VgaText::showCursor(bool)
                0x00000000c001067c                VgaText::disableBlink(bool)
                0x00000000c00106b6                VgaText::doANSI_SGR(int)
                0x00000000c0010742                VgaText::setDefaultBgColour(VgaColour)
                0x00000000c0010758                VgaText::setDefaultFgColour(VgaColour)
                0x00000000c001076e                VgaText::setDefaultColours(VgaColour, VgaColour)
                0x00000000c001078e                VgaText::combineColours(unsigned char, unsigned char)
                0x00000000c00107a0                VgaText::scrollScreen()
                0x00000000c0010834                VgaText::combineCharAndColour(char, unsigned char)
                0x00000000c0010846                VgaText::writeCharacter(char, VgaColour, VgaColour, int, int)
                0x00000000c00108a6                VgaText::getCursorX()
                0x00000000c00108b2                VgaText::getCursorY()
                0x00000000c00108be                VgaText::setCursor(int, int)
                0x00000000c00108dc                VgaText::setCursorX(int)
                0x00000000c00108f8                VgaText::setCursorY(int)
                0x00000000c0010914                VgaText::incrementCursor(bool)
                0x00000000c001097c                VgaText::updateRAMUsageDisplay(int)
                0x00000000c00109e0                VgaText::updateDiskUsage()
                0x00000000c0010b4a                VgaText::updateTitle()
                0x00000000c0010b90                VgaText::setTitleTextColour(VgaColour)
                0x00000000c0010ba0                VgaText::setTitleColour(VgaColour)
                0x00000000c0010bb0                VgaText::setTitle(char*)
                0x00000000c0010bd6                VgaText::decrementCursor(bool)
                0x00000000c0010bfe                VgaText::putchar(char, VgaColour, VgaColour)
                0x00000000c0010cfa                VgaText::isShowingCursor()
                0x00000000c0010d06                VgaText::isBlinkDisabled()
                0x00000000c0010d14                VgaText::setCursorHeight(int)
                0x00000000c0010d32                VgaText::getCursorHeight()
                0x00000000c0010d3d                setActiveTerminal(VgaText*)
                0x00000000c0010def                doTerminalCycle()
                0x00000000c0010e0c                VgaText::doUpdate()
                0x00000000c0010e1e                VgaText::puts(char const*, VgaColour, VgaColour)
                0x00000000c0010fde                VgaText::clearScreen()
                0x00000000c0011042                VgaText::putchar(char)
                0x00000000c001115c                VgaText::puts(char const*)
                0x00000000c0011182                VgaText::putx(unsigned int)
                0x00000000c00111c8                VgaText::VgaText(char const*)
                0x00000000c00111c8                VgaText::VgaText(char const*)
                0x00000000c001135a                VgaText::receiveKey(unsigned char)
                0x00000000c0011442                VgaText::write(unsigned long long, void*, int*)
                0x00000000c0011496                newTerminal(char*)
 *fill*         0x00000000c00114bb        0x1 
 .text          0x00000000c00114bc      0x1b3 core/tss.32
                0x00000000c00114bc                TSS::TSS()
                0x00000000c00114bc                TSS::TSS()
                0x00000000c00114ca                TSS::setESP(unsigned long)
                0x00000000c00114dc                TSS::flush()
                0x00000000c00114fc                TSS::setup(unsigned long, unsigned long)
 *fill*         0x00000000c001166f        0x1 
 .text          0x00000000c0011670      0x4c2 core/unixfile.32
                0x00000000c0011670                ReservedFilename::read(unsigned long long, void*, int*)
                0x00000000c00116c6                ReservedFilename::isAtty()
                0x00000000c00116e2                ReservedFilename::write(unsigned long long, void*, int*)
                0x00000000c0011740                UnixFile::getFileDescriptor()
                0x00000000c0011748                UnixFile::UnixFile(int)
                0x00000000c0011748                UnixFile::UnixFile(int)
                0x00000000c00118f8                ReservedFilename::ReservedFilename(int)
                0x00000000c00118f8                ReservedFilename::ReservedFilename(int)
                0x00000000c001192a                UnixFile::~UnixFile()
                0x00000000c001192a                UnixFile::~UnixFile()
                0x00000000c00119c2                UnixFile::~UnixFile()
                0x00000000c00119ea                ReservedFilename::~ReservedFilename()
                0x00000000c00119ea                ReservedFilename::~ReservedFilename()
                0x00000000c0011a0e                ReservedFilename::~ReservedFilename()
                0x00000000c0011a35                getFromFileDescriptor(int)
 .text          0x00000000c0011b32     0x12ae core/virtmgr.32
                0x00000000c0011b32                Virt::setPageState(unsigned long, Virt::VirtPageState)
                0x00000000c0011b67                Virt::getPageState(unsigned long)
                0x00000000c0011b8b                Virt::allocateKernelVirtualPages(int)
                0x00000000c0011c9c                Virt::freeSwapfilePage(unsigned long)
                0x00000000c0011cba                Virt::swapIDToSector(unsigned long)
                0x00000000c0011ccc                Virt::allocateSwapfilePage()
                0x00000000c0011d4a                Virt::virtualMemorySetup()
                0x00000000c0011dc9                Virt::swappingSetup()
                0x00000000c0011e26                Virt::getAKernelVAS()
                0x00000000c0011e2c                Virt::setupPageSwapping(int)
                0x00000000c0011f5c                VAS::VAS()
                0x00000000c0011f5c                VAS::VAS()
                0x00000000c0011f8c                VAS::VAS(VAS*)
                0x00000000c0011f8c                VAS::VAS(VAS*)
                0x00000000c0011fb0                VAS::getForeignPageTableEntry(bool, unsigned long)
                0x00000000c0011fdc                VAS::getPageTableEntry(unsigned long)
                0x00000000c0011ffb                Virt::freeKernelVirtualPages(unsigned long)
                0x00000000c001211e                VAS::freeAllocatedPages(unsigned long)
                0x00000000c0012142                VAS::virtualToPhysical(unsigned long)
                0x00000000c001215a                VAS::reflagRange(unsigned long, int, int, int)
                0x00000000c001219a                VAS::setToWriteCombining(unsigned long, int)
                0x00000000c00121cc                VAS::mapOtherVASIn(bool, VAS*)
                0x00000000c00121f6                VAS::~VAS()
                0x00000000c00121f6                VAS::~VAS()
                0x00000000c0012362                VAS::mapPage(unsigned long, unsigned long, int)
                0x00000000c0012462                VAS::allocatePages(int, int)
                0x00000000c001263a                VAS::setCPUSpecific(unsigned long)
                0x00000000c0012656                VAS::mapRange(unsigned long, unsigned long, int, int)
                0x00000000c001271c                VAS::mapForeignPage(bool, VAS*, unsigned long, unsigned long, int)
                0x00000000c001280a                VAS::VAS(bool)
                0x00000000c001280a                VAS::VAS(bool)
                0x00000000c0012a66                VAS::evict(unsigned long)
                0x00000000c0012afe                VAS::tryLoadBackOffDisk(unsigned long)
                0x00000000c0012c36                VAS::scanForEviction(int, int)
                0x00000000c0012d24                mapVASFirstTime
 .text          0x00000000c0012de0       0x95 coreobjs/c++.32
                0x00000000c0012de0                __cxa_atexit
                0x00000000c0012de3                __cxa_finalize
                0x00000000c0012de4                __stack_chk_fail
                0x00000000c0012e50                __cxa_pure_virtual
                0x00000000c0012e61                operator new[](unsigned long)
                0x00000000c0012e66                operator delete(void*, unsigned long)
                0x00000000c0012e6b                operator delete[](void*)
                0x00000000c0012e70                operator delete[](void*, unsigned long)
 .text          0x00000000c0012e75      0x1ef dbg/kconsole.32
                0x00000000c0012e75                Dbg::stringifyxWithBase(unsigned int, char*, int)
                0x00000000c0012ed6                Dbg::logc(char)
                0x00000000c0012eed                Dbg::logs(char*)
                0x00000000c0012f0a                Dbg::logWriteInt(unsigned int)
                0x00000000c0012f27                Dbg::logWriteIntBase(unsigned int, int)
                0x00000000c0012f46                Dbg::kprintf(char const*, ...)
 .text          0x00000000c0013064      0xb7c fs/vfs.32
                0x00000000c0013064                File::read(unsigned long long, void*, int*)
                0x00000000c00130bc                File::write(unsigned long long, void*, int*)
                0x00000000c0013114                Directory::read(unsigned long long, void*, int*)
                0x00000000c001316c                Directory::write(unsigned long long, void*, int*)
                0x00000000c001319a                File::isAtty()
                0x00000000c001319e                Directory::isAtty()
                0x00000000c00131a2                Filesystem::getlabel(LogicalDisk*, int, char*, unsigned int*)
                0x00000000c00131a8                Filesystem::setlabel(LogicalDisk*, int, char*)
                0x00000000c00131ae                File::~File()
                0x00000000c00131ae                File::~File()
                0x00000000c00131d2                File::~File()
                0x00000000c00131fc                Directory::~Directory()
                0x00000000c00131fc                Directory::~Directory()
                0x00000000c0013220                Directory::~Directory()
                0x00000000c001324a                Filesystem::Filesystem()
                0x00000000c001324a                Filesystem::Filesystem()
                0x00000000c001326e                Filesystem::~Filesystem()
                0x00000000c001326e                Filesystem::~Filesystem()
                0x00000000c001327c                Filesystem::~Filesystem()
                0x00000000c00132a0                Fs::getcwd(Process*, char*, int)
                0x00000000c00132ca                Fs::initVFS()
                0x00000000c00132f4                Fs::standardiseFiles(char*, char const*, char const*)
                0x00000000c001349e                File::File(char const*, Process*)
                0x00000000c001349e                File::File(char const*, Process*)
                0x00000000c0013502                File::open(FileOpenMode)
                0x00000000c0013560                File::close()
                0x00000000c00135c0                File::seek(unsigned long long)
                0x00000000c0013616                File::tell(unsigned long long*)
                0x00000000c0013666                File::rewind()
                0x00000000c001367a                File::unlink()
                0x00000000c00136c6                File::rename(char const*)
                0x00000000c0013714                File::chfatattr(unsigned char, unsigned char)
                0x00000000c0013770                File::exists()
                0x00000000c00137ae                File::stat(unsigned long long*, bool*)
                0x00000000c001380f                Fs::setcwd(Process*, char*)
                0x00000000c001394a                Directory::Directory(char const*, Process*)
                0x00000000c001394a                Directory::Directory(char const*, Process*)
                0x00000000c00139ae                Directory::open()
                0x00000000c0013a0a                Directory::close()
                0x00000000c0013a6a                Directory::unlink()
                0x00000000c0013ab6                Directory::rename(char const*)
                0x00000000c0013b04                Directory::exists()
                0x00000000c0013b42                Directory::read(dirent*)
                0x00000000c0013b8e                Directory::create()
                0x00000000c0013bda                Filesystem::chfatattr(char const*, unsigned char, unsigned char)
 .text          0x00000000c0013be0       0x84 hal/bus.32
                0x00000000c0013be0                Bus::Bus(char const*)
                0x00000000c0013be0                Bus::Bus(char const*)
                0x00000000c0013c16                Bus::~Bus()
                0x00000000c0013c16                Bus::~Bus()
                0x00000000c0013c3a                Bus::~Bus()
 .text          0x00000000c0013c64      0x14e hal/buzzer.32
                0x00000000c0013c64                Buzzer::Buzzer(char const*)
                0x00000000c0013c64                Buzzer::Buzzer(char const*)
                0x00000000c0013ca8                Buzzer::~Buzzer()
                0x00000000c0013ca8                Buzzer::~Buzzer()
                0x00000000c0013ccc                Buzzer::~Buzzer()
                0x00000000c0013cf6                Buzzer::stop()
                0x00000000c0013d09                beepThread(void*)
                0x00000000c0013d44                Buzzer::beep(int, int, bool)
 .text          0x00000000c0013db2      0x467 hal/clock.32
                0x00000000c0013db2                User::loadClockSettings(int)
                0x00000000c0013e04                Clock::Clock(char const*)
                0x00000000c0013e04                Clock::Clock(char const*)
                0x00000000c0013e3a                Clock::~Clock()
                0x00000000c0013e3a                Clock::~Clock()
                0x00000000c0013e5e                Clock::~Clock()
                0x00000000c0013e88                Clock::timeInSecondsLocal()
                0x00000000c0013ed0                Clock::setTimeInSecondsLocal(unsigned long long)
                0x00000000c0013f29                datetimeToSeconds(datetime_t)
                0x00000000c0014050                Clock::setTimeInDatetimeLocal(datetime_t)
                0x00000000c00140b0                secondsToDatetime(unsigned long long)
                0x00000000c00141f4                Clock::timeInDatetimeLocal()
 *fill*         0x00000000c0014219        0x1 
 .text          0x00000000c001421a      0x4de hal/device.32
                0x00000000c001421a                Device::hibernate()
                0x00000000c001421c                Device::wake()
                0x00000000c001421e                Device::detect()
                0x00000000c0014220                Device::disableLegacy()
                0x00000000c0014222                Device::powerSaving(PowerSavingLevel)
                0x00000000c0014224                DriverlessDevice::close(int, int, void*)
                0x00000000c0014228                DriverlessDevice::detect()
                0x00000000c001422a                DriverlessDevice::open(int, int, void*)
                0x00000000c001423e                Device::~Device()
                0x00000000c001423e                Device::~Device()
                0x00000000c001424c                Device::~Device()
                0x00000000c0014274                Device::findAndLoadDriver()
                0x00000000c0014276                Device::preOpenPCI(PCIDeviceInfo)
                0x00000000c001429c                Device::preOpenACPI(void*, char*, char*)
                0x00000000c00142f0                Device::addIRQHandler(int, void (*)(regs*, void*), bool, void*)
                0x00000000c001432e                Device::removeIRQHandler(int, void (*)(regs*, void*), bool)
                0x00000000c001436c                Device::addChild(Device*)
                0x00000000c00143b0                Device::removeAllChildren()
                0x00000000c00143f6                Device::hibernateAll()
                0x00000000c0014426                Device::wakeAll()
                0x00000000c0014456                Device::detectAll()
                0x00000000c0014486                Device::disableLegacyAll()
                0x00000000c00144b6                Device::loadDriversForAll()
                0x00000000c00144e2                Device::closeAll()
                0x00000000c0014518                Device::powerSavingAll(PowerSavingLevel)
                0x00000000c001454e                Device::setName(char const*)
                0x00000000c001455c                Device::Device(char const*)
                0x00000000c001455c                Device::Device(char const*)
                0x00000000c0014658                Device::getName()
                0x00000000c0014662                DriverlessDevice::DriverlessDevice(char const*)
                0x00000000c0014662                DriverlessDevice::DriverlessDevice(char const*)
                0x00000000c001468a                Device::addToLinkedList(LinkedList<Device>&, DeviceType)
                0x00000000c00146ce                getDevicesOfType(DeviceType)
 .text          0x00000000c00146f8       0x84 hal/diskctrl.32
                0x00000000c00146f8                HardDiskController::HardDiskController(char const*)
                0x00000000c00146f8                HardDiskController::HardDiskController(char const*)
                0x00000000c001472e                HardDiskController::~HardDiskController()
                0x00000000c001472e                HardDiskController::~HardDiskController()
                0x00000000c0014752                HardDiskController::~HardDiskController()
 .text          0x00000000c001477c       0xf2 hal/diskphys.32
                0x00000000c001477c                PhysicalDisk::eject()
                0x00000000c0014790                PhysicalDisk::PhysicalDisk(char const*, int)
                0x00000000c0014790                PhysicalDisk::PhysicalDisk(char const*, int)
                0x00000000c00147f8                PhysicalDisk::startCache()
                0x00000000c0014820                PhysicalDisk::~PhysicalDisk()
                0x00000000c0014820                PhysicalDisk::~PhysicalDisk()
                0x00000000c0014844                PhysicalDisk::~PhysicalDisk()
 .text          0x00000000c001486e      0x13b hal/fpu.32
                0x00000000c001486e                FPU::FPU(char const*)
                0x00000000c001486e                FPU::FPU(char const*)
                0x00000000c00148a4                FPU::~FPU()
                0x00000000c00148a4                FPU::~FPU()
                0x00000000c00148c8                FPU::~FPU()
                0x00000000c00148f2                setupFPU()
 *fill*         0x00000000c00149a9        0x1 
 .text          0x00000000c00149aa     0x13a7 hal/intctrl.32
                0x00000000c00149aa                InterruptController::uninstallISRHandler(int, void (*)(regs*, void*))
                0x00000000c00149e2                InterruptController::installISRHandler(int, void (*)(regs*, void*), void*)
                0x00000000c0014a34                doubleFault(regs*, void*)
                0x00000000c0014a4e                InterruptController::installIRQHandler(int, void (*)(regs*, void*), bool, void*)
                0x00000000c0014aea                InterruptController::clearAllHandlers(int, bool)
                0x00000000c0014b92                InterruptController::uninstallIRQHandler(int, void (*)(regs*, void*), bool)
                0x00000000c0014c19                nmiHandler(regs*, void*)
                0x00000000c0014c27                int_handler
                0x00000000c0014cc8                InterruptController::InterruptController(char const*)
                0x00000000c0014cc8                InterruptController::InterruptController(char const*)
                0x00000000c0014d6e                InterruptController::~InterruptController()
                0x00000000c0014d6e                InterruptController::~InterruptController()
                0x00000000c0014d92                InterruptController::~InterruptController()
                0x00000000c0014dbc                displayDebugInfo(regs*)
                0x00000000c001524b                x87EmulHandler(regs*, void*)
                0x00000000c001527a                gpFault(regs*, void*)
                0x00000000c00152b3                pgFault(regs*, void*)
                0x00000000c00152f0                otherISRHandler(regs*, void*)
                0x00000000c001530f                opcodeFault(regs*, void*)
                0x00000000c0015915                displayProgramFault(char const*)
                0x00000000c001593d                setupInterruptController()
                0x00000000c0015d04                InterruptController::convertLegacyIRQNumber(int)
 *fill*         0x00000000c0015d51        0x1 
 .text          0x00000000c0015d52      0x6c8 hal/keybrd.32
                0x00000000c0015d52                startGUI(void*)
                0x00000000c0015dae                startGUIVESA(void*)
                0x00000000c0015e0a                sendKeyToTerminal(unsigned char)
                0x00000000c0015e76                sendKeyboardToken(KeyboardToken)
                0x00000000c00162b3                clearInternalKeybuffer(VgaText*)
                0x00000000c00162e8                readKeyboard(VgaText*, char*, unsigned long)
                0x00000000c0016390                Keyboard::Keyboard(char const*)
                0x00000000c0016390                Keyboard::Keyboard(char const*)
                0x00000000c00163cc                Keyboard::~Keyboard()
                0x00000000c00163cc                Keyboard::~Keyboard()
                0x00000000c00163f0                Keyboard::~Keyboard()
 .text          0x00000000c001641a      0x414 hal/logidisk.32
                0x00000000c001641a                LogicalDisk::close(int, int, void*)
                0x00000000c001641e                LogicalDisk::~LogicalDisk()
                0x00000000c001641e                LogicalDisk::~LogicalDisk()
                0x00000000c0016442                LogicalDisk::~LogicalDisk()
                0x00000000c001646c                LogicalDisk::open(int, int, void*)
                0x00000000c0016480                LogicalDisk::absoluteToRelative(unsigned long long)
                0x00000000c00164b8                LogicalDisk::relativeToAbsolute(unsigned long long)
                0x00000000c00164fe                LogicalDisk::LogicalDisk(char const*, PhysicalDisk*, unsigned long long, unsigned long long)
                0x00000000c00164fe                LogicalDisk::LogicalDisk(char const*, PhysicalDisk*, unsigned long long, unsigned long long)
                0x00000000c00165b4                LogicalDisk::assignDriveLetter()
                0x00000000c001666a                LogicalDisk::mount()
                0x00000000c00166dc                LogicalDisk::unmount()
                0x00000000c00166ec                LogicalDisk::eject()
                0x00000000c0016700                LogicalDisk::unassignDriveLetter()
                0x00000000c0016756                LogicalDisk::read(unsigned long long, int, void*)
                0x00000000c00167c2                LogicalDisk::write(unsigned long long, int, void*)
 .text          0x00000000c001682e       0x84 hal/mouse.32
                0x00000000c001682e                Mouse::Mouse(char const*)
                0x00000000c001682e                Mouse::Mouse(char const*)
                0x00000000c0016864                Mouse::~Mouse()
                0x00000000c0016864                Mouse::~Mouse()
                0x00000000c0016888                Mouse::~Mouse()
 .text          0x00000000c00168b2      0x34d hal/partition.32
                0x00000000c00168b2                makePartition(PhysicalDisk*, unsigned long long, unsigned long long)
                0x00000000c001696e                createPartitionsForDisk(PhysicalDisk*)
 *fill*         0x00000000c0016bff        0x1 
 .text          0x00000000c0016c00       0x84 hal/serial.32
                0x00000000c0016c00                Serial::Serial(char const*)
                0x00000000c0016c00                Serial::Serial(char const*)
                0x00000000c0016c36                Serial::~Serial()
                0x00000000c0016c36                Serial::~Serial()
                0x00000000c0016c5a                Serial::~Serial()
 .text          0x00000000c0016c84      0x2b8 hal/timer.32
                0x00000000c0016c84                Timer::Timer(char const*)
                0x00000000c0016c84                Timer::Timer(char const*)
                0x00000000c0016cba                Timer::~Timer()
                0x00000000c0016cba                Timer::~Timer()
                0x00000000c0016cde                Timer::~Timer()
                0x00000000c0016d08                Timer::read()
                0x00000000c0016d13                timerHandler(unsigned long long)
                0x00000000c0016e4a                setupTimer(int)
 .text          0x00000000c0016f3c      0x425 hal/vcache.32
                0x00000000c0016f3c                VCache::VCache(PhysicalDisk*)
                0x00000000c0016f3c                VCache::VCache(PhysicalDisk*)
                0x00000000c00170a4                VCache::invalidateReadBuffer()
                0x00000000c00170b4                VCache::writeWriteBuffer()
                0x00000000c00170f0                VCache::~VCache()
                0x00000000c00170f0                VCache::~VCache()
                0x00000000c0017144                VCache::~VCache()
                0x00000000c001716c                VCache::write(unsigned long long, int, void*)
                0x00000000c0017262                VCache::read(unsigned long long, int, void*)
 *fill*         0x00000000c0017361        0x1 
 .text          0x00000000c0017362      0x4cd hal/video.32
                0x00000000c0017362                Video::putrect(int, int, int, int, unsigned int)
                0x00000000c00173ae                Video::bitblit(int, int, int, int, int, int, int, unsigned int*)
                0x00000000c001741e                Video::blit(unsigned int*, int, int, int, int)
                0x00000000c001749c                Video::clearScreen(unsigned int)
                0x00000000c00174d0                Video::putpixel(int, int, unsigned int)
                0x00000000c00174de                Video::Video(char const*)
                0x00000000c00174de                Video::Video(char const*)
                0x00000000c0017514                Video::~Video()
                0x00000000c0017514                Video::~Video()
                0x00000000c0017538                Video::~Video()
                0x00000000c0017562                Video::isMonochrome()
                0x00000000c001756e                Video::getWidth()
                0x00000000c001757a                Video::getHeight()
                0x00000000c0017586                Video::drawCursor(int, int, unsigned char*, int)
                0x00000000c0017642                Video::tgaParse(unsigned char*, int, int*, int*)
                0x00000000c00177c4                Video::putTGA(int, int, unsigned char*, int)
 *fill*         0x00000000c001782f        0x1 
 .text          0x00000000c0017830      0xf64 hw/acpi.32
                0x00000000c0017830                ACPI::close(int, int, void*)
                0x00000000c00178e5                findRSDP()
                0x00000000c001796f                loadACPITables(unsigned char*)
                0x00000000c0017b96                findRSDT(unsigned char*)
                0x00000000c0017cb4                findDataTable(unsigned char*, char*)
                0x00000000c0017d50                scanMADT()
                0x00000000c00181d6                ACPI::ACPI()
                0x00000000c00181d6                ACPI::ACPI()
                0x00000000c0018240                ACPI::getPCIIRQAssignment(unsigned char, unsigned short, unsigned char)
                0x00000000c0018322                ACPI::registerPCIIRQAssignment(void*, unsigned short, unsigned char, unsigned char)
                0x00000000c00183e8                ACPI::setScreenBrightnessLevel(void*, int)
                0x00000000c00183ee                ACPI::writeSimpleBootFlag(SimpleBootFlagTable*)
                0x00000000c0018436                ACPI::open(int, int, void*)
                0x00000000c001877c                ACPI::sleep()
 .text          0x00000000c0018794     0x1715 hw/cpu.32
                0x00000000c0018794                CPU::close(int, int, void*)
                0x00000000c0018798                CPU::lookupAMDName(unsigned char, unsigned char)
                0x00000000c001892c                CPU::lookupIntelName(unsigned char, unsigned char)
                0x00000000c0018bda                CPU::AMD_K6_write_msr(unsigned int, unsigned int, unsigned int, CPU::REGS*)
                0x00000000c0018bf6                CPU::AMD_K6_read_msr(unsigned int, CPU::REGS*)
                0x00000000c0018c0e                CPU::AMD_K6_writeback(int, int, int)
                0x00000000c0018c82                CPU::cpuid(int, unsigned long*, unsigned long*, unsigned long*, unsigned long*)
                0x00000000c0018d06                CPU::cpuidCheckEDX(unsigned int)
                0x00000000c0018d34                CPU::cpuidCheckECX(unsigned int)
                0x00000000c0018d62                CPU::cpuidCheckExtendedEBX(unsigned int)
                0x00000000c0018d90                CPU::cpuidCheckExtendedECX(unsigned int)
                0x00000000c0018dbe                CPU::CPU()
                0x00000000c0018dbe                CPU::CPU()
                0x00000000c0018e4c                CPU::displayFeatures()
                0x00000000c00190c8                CPU::detectFeatures()
                0x00000000c0019ab8                CPU::setupSMEP()
                0x00000000c0019ac4                CPU::setupUMIP()
                0x00000000c0019ace                CPU::setupTSC()
                0x00000000c0019ad8                CPU::setupLargePages()
                0x00000000c0019ae2                CPU::setupPAT()
                0x00000000c0019b1e                CPU::setupMTRR()
                0x00000000c0019b20                CPU::setupGlobalPages()
                0x00000000c0019b2a                CPU::allowUsermodeDataAccess()
                0x00000000c0019b3c                CPU::prohibitUsermodeDataAccess()
                0x00000000c0019b4e                CPU::setupSMAP()
                0x00000000c0019b5c                CPU::setupFeatures()
                0x00000000c0019bdc                CPU::open(int, int, void*)
                0x00000000c0019cae                CPU::decodeAddress(regs*, int*, bool*, unsigned char*)
 .text          0x00000000c0019ea9        0x0 hw/ports.32
 .text          0x00000000c0019ea9      0x16a hw/smp.32
                0x00000000c0019ea9                Krnl::smpEntry()
                0x00000000c0019eab                Krnl::startCPU(int)
                0x00000000c0019ff4                Krnl::startCPUs()
 *fill*         0x00000000c001a013        0x1 
 .text          0x00000000c001a014      0x5d3 krnl/env.32
                0x00000000c001a014                EnvVarContainer::getEnv(char const*)
                0x00000000c001a052                EnvVarContainer::setEnv(char const*, char const*)
                0x00000000c001a11e                EnvVarContainer::deleteEnv(char const*)
                0x00000000c001a120                EnvVarContainer::loadFrom(char const*, char const*)
                0x00000000c001a316                EnvVarContainer::__loadSystem()
                0x00000000c001a330                EnvVarContainer::__loadUser()
                0x00000000c001a332                EnvVarContainer::EnvVarContainer(Process*)
                0x00000000c001a332                EnvVarContainer::EnvVarContainer(Process*)
                0x00000000c001a354                EnvVarContainer::~EnvVarContainer()
                0x00000000c001a354                EnvVarContainer::~EnvVarContainer()
                0x00000000c001a384                Krnl::getEnv(Process*, char const*)
                0x00000000c001a3e9                Krnl::setEnvSystem(char const*, char const*)
                0x00000000c001a403                Krnl::setEnvUser(char const*, char const*)
                0x00000000c001a422                Krnl::setEnvProcess(Process*, char const*, char const*)
                0x00000000c001a435                Krnl::deleteEnvSystem(char const*)
                0x00000000c001a436                Krnl::deleteEnvUser(char const*)
                0x00000000c001a437                Krnl::deleteEnvProcess(Process*, char const*)
                0x00000000c001a438                Krnl::newProcessEnv(Process*)
                0x00000000c001a45a                Krnl::copyProcessEnv(Process*, Process*)
                0x00000000c001a4ae                Krnl::loadSystemEnv()
                0x00000000c001a4dc                Krnl::loadUserEnv()
                0x00000000c001a502                Krnl::flushEnv()
                0x00000000c001a503                Krnl::getProcessTotalEnvCount(Process*)
                0x00000000c001a523                Krnl::getProcessEnvPair(Process*, int)
 .text          0x00000000c001a5e7      0x396 krnl/panic.32
                0x00000000c001a5e7                Krnl::panic(char const*)
 .text          0x00000000c001a97d      0x3b6 net/ethernet.32
                0x00000000c001a97d                Net::switchEndian16(unsigned short)
                0x00000000c001a99e                Net::switchEndian32(unsigned int)
                0x00000000c001a9cd                Net::crc32Calc(unsigned char*, int)
                0x00000000c001aa5e                Net::wrapEthernetFrame(Net::UnwrappedEthernetFrame, unsigned char*)
                0x00000000c001ab9a                Net::unwrapEthernetFrame(unsigned char*, int)
 .text          0x00000000c001ad33      0x513 reg/registry.32
                0x00000000c001ad33                Reg::findLineFromLoadedData(char*, char*, char*)
                0x00000000c001ae8b                Reg::getLineFromRegistry(char*, char*, char*, char*)
                0x00000000c001afe0                Reg::getLine(char*, char*, char*)
                0x00000000c001b017                Reg::readInt(char*, char*, int*)
                0x00000000c001b102                Reg::readString(char*, char*, char*, int)
                0x00000000c001b183                Reg::readBool(char*, char*, bool*)
                0x00000000c001b1a8                Reg::readBoolWithDefault(char*, char*, bool)
                0x00000000c001b1d4                Reg::readIntWithDefault(char*, char*, int)
                0x00000000c001b200                Reg::readStringWithDefault(char*, char*, char*, int, char*)
 .text          0x00000000c001b246       0x36 sys/sc_eject.32
                0x00000000c001b246                Sys::eject(regs*)
 .text          0x00000000c001b27c       0x18 sys/sc_exit.32
                0x00000000c001b27c                Sys::exit(regs*)
 .text          0x00000000c001b294       0x1f sys/sc_getcwd.32
                0x00000000c001b294                Sys::getCwd(regs*)
 .text          0x00000000c001b2b3        0xc sys/sc_getpid.32
                0x00000000c001b2b3                Sys::getPID(regs*)
 .text          0x00000000c001b2bf       0x17 sys/sc_getramdata.32
                0x00000000c001b2bf                Sys::getRAMData(regs*)
 .text          0x00000000c001b2d6       0xa8 sys/sc_loaddll.32
                0x00000000c001b2d6                Sys::loadDLL(regs*)
 .text          0x00000000c001b37e       0x68 sys/sc_read.32
                0x00000000c001b37e                Sys::read(regs*)
 .text          0x00000000c001b3e6       0x9f sys/sc_sbrk.32
                0x00000000c001b3e6                Sys::sbrk(regs*)
 .text          0x00000000c001b485       0x1c sys/sc_setcwd.32
                0x00000000c001b485                Sys::setCwd(regs*)
 .text          0x00000000c001b4a1      0x128 sys/sc_settime.32
                0x00000000c001b4a1                Sys::setTime(regs*)
 .text          0x00000000c001b5c9       0x4a sys/sc_timezone.32
                0x00000000c001b5c9                Sys::timezone(regs*)
 .text          0x00000000c001b613       0x68 sys/sc_write.32
                0x00000000c001b613                Sys::write(regs*)
 .text          0x00000000c001b67b       0x62 sys/sc_wsbe.32
                0x00000000c001b67b                Sys::wsbe(regs*)
 .text          0x00000000c001b6dd       0x3b sys/sc_yield.32
                0x00000000c001b6dd                Sys::yield(regs*)
 .text          0x00000000c001b718     0x10e5 sys/syscalls.32
                0x00000000c001b718                sysCallSeekDir(regs*)
                0x00000000c001b71d                sysCallTellDir(regs*)
                0x00000000c001b722                sysCallVerify(regs*)
                0x00000000c001b72c                sysFormatDisk(regs*)
                0x00000000c001b796                sysSetDiskVolumeLabel(regs*)
                0x00000000c001b7dc                sysGetDiskVolumeLabel(regs*)
                0x00000000c001b82d                sysShutdown(regs*)
                0x00000000c001b88b                sysCallRealpath(regs*)
                0x00000000c001b8ce                sysCallGetArgc(regs*)
                0x00000000c001b8fc                sysCallReadDir(regs*)
                0x00000000c001b98a                sysCallIsATTY(regs*)
                0x00000000c001b9e4                sysCallSeek(regs*)
                0x00000000c001ba4d                sysCallTell(regs*)
                0x00000000c001baca                sysCallSize(regs*)
                0x00000000c001bb4d                sysCallSizeFromFilename(regs*)
                0x00000000c001bc0d                sysCallClose(regs*)
                0x00000000c001bc95                sysCallOpenDir(regs*)
                0x00000000c001bd0a                sysCallCloseDir(regs*)
                0x00000000c001bd70                sysCallMakeDir(regs*)
                0x00000000c001bde0                sysCallWait(regs*)
                0x00000000c001bdfa                sysCallNotImpl(regs*)
                0x00000000c001be15                sysPanic(regs*)
                0x00000000c001be3b                sysCallRmdir(regs*)
                0x00000000c001be9f                sysCallUnlink(regs*)
                0x00000000c001bf03                sysCallGetArgv(regs*)
                0x00000000c001bf4f                sysCallTTYName(regs*)
                0x00000000c001bfd2                sysCallUSleep(regs*)
                0x00000000c001bff9                sysCallSpawn(regs*)
                0x00000000c001c051                sysCallGetEnv(regs*)
                0x00000000c001c189                sysAppSettings(regs*)
                0x00000000c001c2a8                sysSetFatAttrib(regs*)
                0x00000000c001c31a                sysPipe(regs*)
                0x00000000c001c35f                sysGetUnixTime(regs*)
                0x00000000c001c373                string_ends_with(char const*, char const*)
                0x00000000c001c3bb                sysCallOpen(regs*)
                0x00000000c001c5d0                Sys::loadSyscalls()
                0x00000000c001c7bb                Sys::systemCall(regs*, void*)
 .text          0x00000000c001c7fd     0x11d4 thr/elf.32
                0x00000000c001c7fd                Thr::allocateMemoryForTask(Process*, File*, unsigned long, unsigned long, unsigned long)
                0x00000000c001ca8f                Thr::loadProgramIntoMemory(Process*, char const*)
                0x00000000c001cca5                Thr::runtimeReferenceHelper()
                0x00000000c001ccb8                Thr::getAddressOfKernelSymbol(char const*)
                0x00000000c001cd07                Thr::loadKernelSymbolTable(char const*)
                0x00000000c001cfc5                Thr::loadDriverIntoMemory(char const*, unsigned long, bool)
                0x00000000c001d6e1                Thr::getDriverBaseFromAddress(unsigned long)
                0x00000000c001d713                Thr::getDriverNameFromAddress(unsigned long)
                0x00000000c001d74a                Thr::getDriverOffsetFromAddress(unsigned long)
                0x00000000c001d764                Thr::loadDLL(char const*, bool)
                0x00000000c001d998                Thr::executeDLL(unsigned long, void*)
 *fill*         0x00000000c001d9d1        0x1 
 .text          0x00000000c001d9d2     0x1056 thr/prcssthr.32
                0x00000000c001d9d2                changeTSS
                0x00000000c001da02                Process::addArgs(char**)
                0x00000000c001da5c                Process::Process(char const*, Process*, char**)
                0x00000000c001da5c                Process::Process(char const*, Process*, char**)
                0x00000000c001dc40                Process::Process(bool, char const*, Process*, char**)
                0x00000000c001dc40                Process::Process(bool, char const*, Process*, char**)
                0x00000000c001ddef                disableIRQs()
                0x00000000c001ddf7                getIRQNestingLevel()
                0x00000000c001ddfd                enableIRQs()
                0x00000000c001de0c                lockScheduler()
                0x00000000c001de0e                unlockScheduler()
                0x00000000c001de10                userModeEntryPoint(void*)
                0x00000000c001de33                lockStuff()
                0x00000000c001de3f                taskStartupFunction
                0x00000000c001de48                updateTimeUsed()
                0x00000000c001dead                switchToThread(ThreadControlBlock*)
                0x00000000c001defe                Semaphore::Semaphore(int)
                0x00000000c001defe                Semaphore::Semaphore(int)
                0x00000000c001df2c                Mutex::Mutex()
                0x00000000c001df2c                Mutex::Mutex()
                0x00000000c001df3e                Process::createThread(void (*)(void*), void*, int)
                0x00000000c001e022                Process::createUserThread()
                0x00000000c001e03e                setupMultitasking(void (*)())
                0x00000000c001e148                schedule()
                0x00000000c001e1cd                unlockStuff()
                0x00000000c001e202                Semaphore::tryAcquire()
                0x00000000c001e230                Semaphore::assertLocked(char const*)
                0x00000000c001e260                blockTaskWithSchedulerLockAlreadyHeld(TaskState)
                0x00000000c001e2a2                blockTask(TaskState)
                0x00000000c001e2c3                waitTask(int, int*, int)
                0x00000000c001e305                nanoSleepUntil(unsigned long long)
                0x00000000c001e35c                nanoSleep(unsigned long long)
                0x00000000c001e371                sleep(unsigned long long)
                0x00000000c001e38e                Semaphore::acquire()
                0x00000000c001e3f6                taskReturned
                0x00000000c001e424                unblockTask(ThreadControlBlock*)
                0x00000000c001e4d3                cleanupTerminatedTask(ThreadControlBlock*)
                0x00000000c001e79c                cleanerTaskFunction(void*)
                0x00000000c001e84f                terminateTask(int)
                0x00000000c001e92f                Thr::terminateFromIRQ(int)
                0x00000000c001e93c                Semaphore::release()
 .text          0x00000000c001ea28      0xc26 vm86/vm8086.32
                0x00000000c001ea28                Vm::inbv(unsigned short)
                0x00000000c001ea3b                Vm::outbv(unsigned short, unsigned char)
                0x00000000c001ea8e                Vm::realToLinear(unsigned short, unsigned short)
                0x00000000c001ea9e                Vm::getSegment(unsigned int)
                0x00000000c001eaa6                Vm::getOffset(unsigned int)
                0x00000000c001eaab                Vm::mainloop2()
                0x00000000c001eae6                Vm::mainVm8086Loop(void*)
                0x00000000c001eaf3                Vm::mainloop3(unsigned long)
                0x00000000c001eb1d                Vm::initialise8086()
                0x00000000c001eb60                Vm::finish8086()
                0x00000000c001eba5                Vm::getOutput8086(unsigned char*)
                0x00000000c001ebcf                Vm::start8086(char const*, unsigned short, unsigned short, unsigned short, unsigned short)
                0x00000000c001ed1f                Vm::doISR(regs*, int, unsigned char*, unsigned short, unsigned short)
                0x00000000c001eda9                Vm::readByteFromReal(unsigned short, unsigned short)
                0x00000000c001edba                Vm::readWordFromReal(unsigned short, unsigned short)
                0x00000000c001edcc                Vm::readDwordFromReal(unsigned short, unsigned short)
                0x00000000c001eddd                Vm::writeByteFromReal(unsigned short, unsigned short, unsigned char)
                0x00000000c001edf2                Vm::writeWordFromReal(unsigned short, unsigned short, unsigned short)
                0x00000000c001ee08                Vm::writeDwordFromReal(unsigned short, unsigned short, unsigned int)
                0x00000000c001ee1d                Vm::faultHandler(regs*)
 .text          0x00000000c001f64e      0xefd vm86/x87em.32
                0x00000000c001f64e                Vm::fpuInternalTo32(unsigned long long)
                0x00000000c001f6a9                Vm::fpuInternalTo64(unsigned long long)
                0x00000000c001f6b2                Vm::fpu32ToInternal(unsigned int)
                0x00000000c001f6f7                Vm::fpu64ToInternal(unsigned long long)
                0x00000000c001f700                Vm::fpuFloatToLong(unsigned long long)
                0x00000000c001f75b                Vm::fpuULongToFloat(unsigned long long)
                0x00000000c001f791                Vm::fpuLongToFloat(long long)
                0x00000000c001f7e7                Vm::fpuGet0()
                0x00000000c001f7ec                Vm::fpuGet1()
                0x00000000c001f7f4                Vm::fpuGetPi()
                0x00000000c001f7fc                Vm::fpuGetLog2E()
                0x00000000c001f814                Vm::fpuGetLogE2()
                0x00000000c001f82c                Vm::fpuGetLog210()
                0x00000000c001f844                Vm::fpuGetLog102()
                0x00000000c001f85c                Vm::fpuIsSecondLarger(unsigned long long, unsigned long long)
                0x00000000c001f870                Vm::fpuAreEqual(unsigned long long, unsigned long long)
                0x00000000c001f886                Vm::fpuUnorderedCompare(unsigned long long, unsigned long long)
                0x00000000c001f8d9                Vm::fpuAdd(unsigned long long, unsigned long long)
                0x00000000c001f8ea                Vm::fpuAbs(unsigned long long)
                0x00000000c001f8f3                Vm::fpuChs(unsigned long long)
                0x00000000c001f903                Vm::fpuSub(unsigned long long, unsigned long long)
                0x00000000c001f912                Vm::fpuMultiply(unsigned long long, unsigned long long)
                0x00000000c001f931                Vm::fpuDivide(unsigned long long, unsigned long long)
                0x00000000c001f94d                Vm::fpuSquare(unsigned long long)
                0x00000000c001f963                Vm::fpuGetReg(int)
                0x00000000c001f9a6                Vm::fpuSetReg(int, unsigned long long)
                0x00000000c001f9f1                Vm::fpuPush(unsigned long long)
                0x00000000c001fa4e                Vm::fpuPop()
                0x00000000c001faa0                Vm::x87Handler(regs*)
 *fill*         0x00000000c002054b        0x1 
 .text          0x00000000c002054c     0x10ed fs/fat/vfslink.32
                0x00000000c002054c                FAT::getName()
                0x00000000c0020552                FAT::tell(void*, unsigned long long*)
                0x00000000c0020586                FAT::stat(void*, unsigned long long*)
                0x00000000c00205ba                FAT::~FAT()
                0x00000000c00205ba                FAT::~FAT()
                0x00000000c00205de                FAT::~FAT()
                0x00000000c0020606                FAT::getlabel(LogicalDisk*, int, char*, unsigned int*)
                0x00000000c00206a4                FAT::setlabel(LogicalDisk*, int, char*)
                0x00000000c002075e                FAT::format(LogicalDisk*, int, char const*, int)
                0x00000000c0020942                FAT::tryMount(LogicalDisk*, int)
                0x00000000c0020b48                FAT::readDir(void*, unsigned long, void*, int*)
                0x00000000c0020c4e                FAT::read(void*, unsigned long, void*, int*)
                0x00000000c0020ca8                FAT::write(void*, unsigned long, void*, int*)
                0x00000000c0020d02                FAT::close(void*)
                0x00000000c0020d4e                FAT::closeDir(void*)
                0x00000000c0020d9a                FAT::seek(void*, unsigned long long)
                0x00000000c0020dee                fatWrapperReadDisk
                0x00000000c0020e35                fatWrapperWriteDisk
                0x00000000c0020e7c                fatWrapperIoctl
                0x00000000c0020f80                FAT::FAT()
                0x00000000c0020f80                FAT::FAT()
                0x00000000c0020fd2                FAT::fixFilepath(char*)
                0x00000000c002100a                FAT::open(char const*, void**, FileOpenMode)
                0x00000000c0021132                FAT::openDir(char const*, void**)
                0x00000000c00211d8                FAT::stat(char const*, unsigned long long*, bool*)
                0x00000000c00212c2                FAT::unlink(char const*)
                0x00000000c002133c                FAT::chfatattr(char const*, unsigned char, unsigned char)
                0x00000000c0021490                FAT::rename(char const*, char const*)
                0x00000000c0021554                FAT::mkdir(char const*)
                0x00000000c00215ce                FAT::exists(char const*)
 *fill*         0x00000000c0021639        0x1 
 .text          0x00000000c002163a      0xbc1 fs/iso9660/vfslink.32
                0x00000000c002163a                ISO9660::format(LogicalDisk*, int, char const*, int)
                0x00000000c0021640                ISO9660::seek(void*, unsigned long long)
                0x00000000c0021670                ISO9660::tell(void*, unsigned long long*)
                0x00000000c0021694                ISO9660::getName()
                0x00000000c002169a                ISO9660::stat(void*, unsigned long long*)
                0x00000000c00216be                ISO9660::chfatattr(char const*, unsigned char, unsigned char)
                0x00000000c00216c4                ISO9660::unlink(char const*)
                0x00000000c00216ca                ISO9660::write(void*, unsigned long, void*, int*)
                0x00000000c00216d0                ISO9660::rename(char const*, char const*)
                0x00000000c00216d6                ISO9660::mkdir(char const*)
                0x00000000c00216dc                ISO9660::close(void*)
                0x00000000c00216fe                ISO9660::closeDir(void*)
                0x00000000c0021720                ISO9660::~ISO9660()
                0x00000000c0021720                ISO9660::~ISO9660()
                0x00000000c0021744                ISO9660::~ISO9660()
                0x00000000c002176b                __memmem(unsigned char*, int, unsigned char*, int)
                0x00000000c00217ad                readSectorFromCDROM(unsigned int, unsigned char*, char)
                0x00000000c0021814                ISO9660::tryMount(LogicalDisk*, int)
                0x00000000c0021864                ISO9660::read(void*, unsigned long, void*, int*)
                0x00000000c0021a64                ISO9660::readDir(void*, unsigned long, void*, int*)
                0x00000000c0021cf1                readRoot(unsigned int*, unsigned int*, char)
                0x00000000c0021d46                readRecursively(char*, unsigned int, unsigned int, unsigned int*, unsigned int*, char, int*)
                0x00000000c0021f19                getFileData(char*, unsigned int*, unsigned int*, char, int*)
                0x00000000c0021fa8                ISO9660::open(char const*, void**, FileOpenMode)
                0x00000000c0022068                ISO9660::exists(char const*)
                0x00000000c002208c                ISO9660::stat(char const*, unsigned long long*, bool*)
                0x00000000c0022120                ISO9660::openDir(char const*, void**)
                0x00000000c00221d8                ISO9660::ISO9660()
                0x00000000c00221d8                ISO9660::ISO9660()
 *fill*         0x00000000c00221fb        0x1 
 .text          0x00000000c00221fc      0x326 hal/sound/sndchannel.32
                0x00000000c00221fc                SoundChannel::~SoundChannel()
                0x00000000c00221fc                SoundChannel::~SoundChannel()
                0x00000000c0022218                SoundChannel::setSpeed(float)
                0x00000000c0022224                SoundChannel::getSpeed()
                0x00000000c002222c                SoundChannel::setVolume(int)
                0x00000000c0022248                SoundChannel::getVolume()
                0x00000000c0022250                SoundChannel::pause()
                0x00000000c002225a                SoundChannel::SoundChannel(int, int, int, int)
                0x00000000c002225a                SoundChannel::SoundChannel(int, int, int, int)
                0x00000000c00223b0                SoundChannel::play()
                0x00000000c00223ba                SoundChannel::paused()
                0x00000000c00223c2                SoundChannel::getSampleRate()
                0x00000000c00223ca                SoundChannel::getBits()
                0x00000000c00223d2                SoundChannel::getBufferUsed()
                0x00000000c00223da                SoundChannel::getBufferSize()
                0x00000000c00223e2                SoundChannel::unbuffer(float*, int, int)
                0x00000000c0022482                SoundChannel::buffer8(unsigned char*, int)
 .text          0x00000000c0022522      0x3d5 hal/sound/sndhw.32
                0x00000000c0022522                SoundDevice::SoundDevice(char const*)
                0x00000000c0022522                SoundDevice::SoundDevice(char const*)
                0x00000000c002258e                SoundDevice::~SoundDevice()
                0x00000000c002258e                SoundDevice::~SoundDevice()
                0x00000000c0022608                SoundDevice::~SoundDevice()
                0x00000000c0022632                SoundDevice::getFreeChannelNum()
                0x00000000c002264c                SoundDevice::addChannel(SoundChannel*)
                0x00000000c00226bc                SoundDevice::removeChannel(int)
                0x00000000c00226ee                SoundDevice::floatTo8(float*, unsigned char*, int)
                0x00000000c00227d6                SoundDevice::getAudio(int, float*, float*)
 .text          0x00000000c00228f7        0x0 hw/bus/isa.32
 *fill*         0x00000000c00228f7        0x1 
 .text          0x00000000c00228f8      0x6c3 hw/bus/pci.32
                0x00000000c00228f8                PCI::open(int, int, void*)
                0x00000000c002290c                PCI::close(int, int, void*)
                0x00000000c0022910                PCI::PCI()
                0x00000000c0022910                PCI::PCI()
                0x00000000c0022990                PCI::pciReadWord(unsigned char, unsigned char, unsigned char, unsigned char)
                0x00000000c00229d8                PCI::getVendorID(unsigned char, unsigned char, unsigned char)
                0x00000000c00229fa                PCI::getHeaderType(unsigned char, unsigned char, unsigned char)
                0x00000000c0022a1e                PCI::getClassCode(unsigned char, unsigned char, unsigned char)
                0x00000000c0022a62                PCI::getProgIF(unsigned char, unsigned char, unsigned char)
                0x00000000c0022a86                PCI::getRevisionID(unsigned char, unsigned char, unsigned char)
                0x00000000c0022aa8                PCI::getInterruptNumber(unsigned char, unsigned char, unsigned char)
                0x00000000c0022aca                PCI::getSecondaryBus(unsigned char, unsigned char, unsigned char)
                0x00000000c0022aee                PCI::getBARAddress(unsigned char, unsigned char, unsigned char, unsigned char)
                0x00000000c0022b4e                PCI::pciWriteWord(unsigned char, unsigned char, unsigned char, unsigned char, unsigned short)
                0x00000000c0022bba                PCI::checkBus(unsigned char)
                0x00000000c0022bde                PCI::foundDevice(PCIDeviceInfo)
                0x00000000c0022d50                PCI::getDeviceData(unsigned char, unsigned char, unsigned char)
                0x00000000c0022efc                PCI::checkDevice(unsigned char, unsigned char)
                0x00000000c0022f68                PCI::detect()
 *fill*         0x00000000c0022fbb        0x1 
 .text          0x00000000c0022fbc      0xc70 hw/diskctrl/ide.32
                0x00000000c0022fbc                IDE::close(int, int, void*)
                0x00000000c0022fc0                IDE::IDE()
                0x00000000c0022fc0                IDE::IDE()
                0x00000000c0022ff4                IDE::prepareInterrupt(unsigned char)
                0x00000000c0023006                selectDrive(unsigned char, unsigned char)
                0x00000000c0023008                IDE::getBase(unsigned char)
                0x00000000c002301a                IDE::write(unsigned char, unsigned char, unsigned char)
                0x00000000c00230da                IDE::read(unsigned char, unsigned char)
                0x00000000c0023188                IDE::waitInterrupt(unsigned char)
                0x00000000c00231ee                ideChannel0IRQHandler(regs*, void*)
                0x00000000c002320a                ideChannel1IRQHandler(regs*, void*)
                0x00000000c0023226                IDE::enableIRQs(unsigned char, bool)
                0x00000000c002326c                IDE::open(int, int, void*)
                0x00000000c002367c                IDE::readBuffer(unsigned char, unsigned char, unsigned int, unsigned int)
                0x00000000c0023748                IDE::detect()
                0x00000000c0023a30                IDE::printError(unsigned char, unsigned char, unsigned char)
                0x00000000c0023bc6                IDE::polling(unsigned char, unsigned int)
 .text          0x00000000c0023c2c      0x390 hw/diskctrl/satabus.32
                0x00000000c0023c2c                SATABus::close(int, int, void*)
                0x00000000c0023c30                SATABus::detect()
                0x00000000c0023c32                SATABus::SATABus()
                0x00000000c0023c32                SATABus::SATABus()
                0x00000000c0023cde                SATABus::findCmdslot(SATABus::tagHBA_PORT volatile*)
                0x00000000c0023d26                SATABus::checkType(SATABus::tagHBA_PORT volatile*)
                0x00000000c0023d6e                SATABus::startCmd(SATABus::tagHBA_PORT volatile*)
                0x00000000c0023d8e                SATABus::stopCmd(SATABus::tagHBA_PORT volatile*)
                0x00000000c0023db8                SATABus::portRebase(SATABus::tagHBA_PORT volatile*, int)
                0x00000000c0023ebe                SATABus::probePort(SATABus::tagHBA_MEM volatile*)
                0x00000000c0023f9c                SATABus::open(int, int, void*)
 .text          0x00000000c0023fbc      0x63c hw/diskphys/ata.32
                0x00000000c0023fbc                ATA::close(int, int, void*)
                0x00000000c0023fe0                ATA::powerSaving(PowerSavingLevel)
                0x00000000c0023fe2                ATA::ATA()
                0x00000000c0023fe2                ATA::ATA()
                0x00000000c0024010                ATA::flush(bool)
                0x00000000c002405a                ATA::readyForCommand()
                0x00000000c00240aa                ATA::access(unsigned long long, int, void*, bool)
                0x00000000c0024432                ATA::read(unsigned long long, int, void*)
                0x00000000c002449a                ATA::write(unsigned long long, int, void*)
                0x00000000c0024502                ATA::detectCHS()
                0x00000000c002452c                ATA::open(int, int, void*)
 .text          0x00000000c00245f8      0x5bd hw/diskphys/atapi.32
                0x00000000c00245f8                ATAPI::write(unsigned long long, int, void*)
                0x00000000c00245fe                ATAPI::close(int, int, void*)
                0x00000000c0024622                ATAPI::ATAPI()
                0x00000000c0024622                ATAPI::ATAPI()
                0x00000000c0024650                ATAPI::readyForCommand()
                0x00000000c00246a0                ATAPI::sendPacket(unsigned char*, int, bool, unsigned short*, int)
                0x00000000c0024960                ATAPI::diskRemoved()
                0x00000000c002497c                ATAPI::eject()
                0x00000000c00249c4                ATAPI::diskInserted()
                0x00000000c00249f2                ATAPI::detectMedia()
                0x00000000c0024aae                ATAPI::open(int, int, void*)
                0x00000000c0024b36                ATAPI::read(unsigned long long, int, void*)
 *fill*         0x00000000c0024bb5        0x1 
 .text          0x00000000c0024bb6      0x455 hw/diskphys/sata.32
                0x00000000c0024bb6                SATA::close(int, int, void*)
                0x00000000c0024bda                SATA::powerSaving(PowerSavingLevel)
                0x00000000c0024bdc                SATA::open(int, int, void*)
                0x00000000c0024c8a                SATA::SATA()
                0x00000000c0024c8a                SATA::SATA()
                0x00000000c0024cb8                SATA::access(unsigned long long, int, void*, bool)
                0x00000000c0024f1e                SATA::read(unsigned long long, int, void*)
                0x00000000c0024f86                SATA::write(unsigned long long, int, void*)
 *fill*         0x00000000c002500b        0x1 
 .text          0x00000000c002500c      0x500 hw/diskphys/satapi.32
                0x00000000c002500c                SATAPI::write(unsigned long long, int, void*)
                0x00000000c0025012                SATAPI::close(int, int, void*)
                0x00000000c0025036                SATAPI::SATAPI()
                0x00000000c0025036                SATAPI::SATAPI()
                0x00000000c0025064                SATAPI::diskRemoved()
                0x00000000c0025080                SATAPI::diskInserted()
                0x00000000c00250ae                SATAPI::sendPacket(unsigned char*, int, unsigned long long, unsigned short*, int)
                0x00000000c00252b2                SATAPI::eject()
                0x00000000c00252fa                SATAPI::detectMedia()
                0x00000000c00253bc                SATAPI::open(int, int, void*)
                0x00000000c002546a                SATAPI::read(unsigned long long, int, void*)
 .text          0x00000000c002550c       0x8e hw/fpu/avx.32
                0x00000000c002550c                AVX::open(int, int, void*)
                0x00000000c002551e                AVX::close(int, int, void*)
                0x00000000c0025530                AVX::available()
                0x00000000c0025542                AVX::save(void*)
                0x00000000c002555a                AVX::load(void*)
                0x00000000c0025572                AVX::AVX()
                0x00000000c0025572                AVX::AVX()
 .text          0x00000000c002559a       0x90 hw/fpu/mmx.32
                0x00000000c002559a                MMX::available()
                0x00000000c00255ae                MMX::open(int, int, void*)
                0x00000000c00255c0                MMX::close(int, int, void*)
                0x00000000c00255d2                MMX::save(void*)
                0x00000000c00255ea                MMX::load(void*)
                0x00000000c0025602                MMX::MMX()
                0x00000000c0025602                MMX::MMX()
 .text          0x00000000c002562a       0x96 hw/fpu/sse.32
                0x00000000c002562a                SSE::open(int, int, void*)
                0x00000000c002563c                SSE::close(int, int, void*)
                0x00000000c002564e                SSE::available()
                0x00000000c0025668                SSE::save(void*)
                0x00000000c0025680                SSE::load(void*)
                0x00000000c0025698                SSE::SSE()
                0x00000000c0025698                SSE::SSE()
 .text          0x00000000c00256c0       0x8e hw/fpu/x87.32
                0x00000000c00256c0                x87::open(int, int, void*)
                0x00000000c00256d2                x87::close(int, int, void*)
                0x00000000c00256e4                x87::available()
                0x00000000c00256f6                x87::save(void*)
                0x00000000c002570e                x87::load(void*)
                0x00000000c0025726                x87::x87()
                0x00000000c0025726                x87::x87()
 .text          0x00000000c002574e      0x71e hw/intctrl/apic.32
                0x00000000c002574e                APIC::disable()
                0x00000000c0025750                APIC::close(int, int, void*)
                0x00000000c0025772                IOAPIC::close(int, int, void*)
                0x00000000c0025778                APIC::io_wait()
                0x00000000c002577e                APIC::getBase()
                0x00000000c00257c0                APIC::eoi(unsigned char)
                0x00000000c00257ee                APIC::open(int, int, void*)
                0x00000000c002593c                IOAPIC::IOAPIC()
                0x00000000c002593c                IOAPIC::IOAPIC()
                0x00000000c0025964                APIC::APIC()
                0x00000000c0025964                APIC::APIC()
                0x00000000c0025a40                IOAPIC::handlesGSIWithNumber(unsigned int)
                0x00000000c0025a72                IOAPIC::read(int)
                0x00000000c0025a9a                IOAPIC::open(int, int, void*)
                0x00000000c0025b90                IOAPIC::write(int, int)
                0x00000000c0025bbc                IOAPIC::redirect(unsigned char, unsigned long long, unsigned char, bool, bool)
                0x00000000c0025cb6                APIC::installIRQHandler(int, void (*)(regs*, void*), bool, void*)
 .text          0x00000000c0025e6c      0x3d3 hw/intctrl/pic.32
                0x00000000c0025e6c                PIC::disable()
                0x00000000c0025e9a                PIC::close(int, int, void*)
                0x00000000c0025ebc                PIC::PIC()
                0x00000000c0025ebc                PIC::PIC()
                0x00000000c0025f92                PIC::ioWait()
                0x00000000c0025f98                PIC::getIRQReg(int)
                0x00000000c0026002                PIC::eoi(unsigned char)
                0x00000000c0026094                PIC::remap()
                0x00000000c0026200                PIC::open(int, int, void*)
 *fill*         0x00000000c002623f        0x1 
 .text          0x00000000c0026240      0x25e hw/timer/apictimer.32
                0x00000000c0026240                APICTimer::close(int, int, void*)
                0x00000000c0026246                apicTimerHandler(regs*, void*)
                0x00000000c0026274                APICTimer::write(int)
                0x00000000c0026378                APICTimer::open(int, int, void*)
                0x00000000c0026476                APICTimer::APICTimer()
                0x00000000c0026476                APICTimer::APICTimer()
 .text          0x00000000c002649e      0x1a7 hw/timer/pit.32
                0x00000000c002649e                PIT::write(int)
                0x00000000c002651c                pitHandler(regs*, void*)
                0x00000000c0026548                PIT::open(int, int, void*)
                0x00000000c0026596                PIT::close(int, int, void*)
                0x00000000c00265c6                PIT::PIT()
                0x00000000c00265c6                PIT::PIT()
 *fill*         0x00000000c0026645        0xb 
 .text          0x00000000c0026650       0x1e hw/fpu/x86/avx.32
                0x00000000c0026650                avxDetect
                0x00000000c0026656                avxSave
                0x00000000c0026657                avxLoad
                0x00000000c0026658                avxInit
                0x00000000c0026659                avxClose
                0x00000000c002665a                wouldSheSayYes
 *fill*         0x00000000c002666e        0x2 
 .text          0x00000000c0026670       0x35 hw/fpu/x86/sse.32
                0x00000000c0026670                absolutelyNoChanceInHell
                0x00000000c0026670                sseDetect
                0x00000000c0026688                sseSave
                0x00000000c002668e                sseLoad
                0x00000000c0026694                sseInit
                0x00000000c00266a4                sseClose
 *fill*         0x00000000c00266a5        0xb 
 .text          0x00000000c00266b0       0x47 hw/fpu/x86/x87.32
                0x00000000c00266b6                x87Detect
                0x00000000c00266d1                x87Save
                0x00000000c00266d7                x87Load
                0x00000000c00266dc                x87Init
                0x00000000c00266f6                x87Close
 *fill*         0x00000000c00266f7        0x1 
 .text          0x00000000c00266f8       0x25 /cygdrive/d/Users/Alex/Desktop/Toolchain/Output/bin/../lib/gcc/i386-banana/8.1.0/crtend.o
 .text          0x00000000c002671d        0x0 crtn.32
 *fill*         0x00000000c002671d        0x3 
 .text          0x00000000c0026720      0x14b /cygdrive/d/Users/Alex/Desktop/Toolchain/Output/bin/../lib/gcc/i386-banana/8.1.0/libkgcc.a(_divdi3.o)
                0x00000000c0026720                __divdi3
 *fill*         0x00000000c002686b        0x1 
 .text          0x00000000c002686c      0x17e /cygdrive/d/Users/Alex/Desktop/Toolchain/Output/bin/../lib/gcc/i386-banana/8.1.0/libkgcc.a(_moddi3.o)
                0x00000000c002686c                __moddi3
 *fill*         0x00000000c00269ea        0x2 
 .text          0x00000000c00269ec       0xff /cygdrive/d/Users/Alex/Desktop/Toolchain/Output/bin/../lib/gcc/i386-banana/8.1.0/libkgcc.a(_udivdi3.o)
                0x00000000c00269ec                __udivdi3
 *fill*         0x00000000c0026aeb        0x1 
 .text          0x00000000c0026aec      0x11a /cygdrive/d/Users/Alex/Desktop/Toolchain/Output/bin/../lib/gcc/i386-banana/8.1.0/libkgcc.a(_umoddi3.o)
                0x00000000c0026aec                __umoddi3
 .text          0x00000000c0026c06      0x96d D:/Users/Alex/Desktop/Banana/kernel/libsoftfp.a(sfieeelib.o)
                0x00000000c0026c06                __addsf3
                0x00000000c0026f08                __subsf3
                0x00000000c0026f1c                __negsf2
                0x00000000c0026f29                __mulsf3
                0x00000000c00270ec                __divsf3
                0x00000000c0027317                __floatsisf
                0x00000000c002738b                __floatunsisf
                0x00000000c00273cd                __fixsfsi
                0x00000000c002742f                __fixunssfsi
                0x00000000c0027460                __cmpsf2
                0x00000000c00274f5                __eqsf2