Archive member included to satisfy reference by file (symbol)

/cygdrive/d/Users/Alex/Desktop/Toolchain/Output/bin/../lib/gcc/i386-banana/8.1.0/libkgcc.a(_divdi3.o)
                              fs/fat/ff.32 (__divdi3)
/cygdrive/d/Users/Alex/Desktop/Toolchain/Output/bin/../lib/gcc/i386-banana/8.1.0/libkgcc.a(_moddi3.o)
                              thr/elf.32 (__moddi3)
/cygdrive/d/Users/Alex/Desktop/Toolchain/Output/bin/../lib/gcc/i386-banana/8.1.0/libkgcc.a(_udivdi3.o)
                              fs/fat/ff.32 (__udivdi3)
/cygdrive/d/Users/Alex/Desktop/Toolchain/Output/bin/../lib/gcc/i386-banana/8.1.0/libkgcc.a(_umoddi3.o)
                              core/pipe.32 (__umoddi3)
D:/Users/Alex/Desktop/Banana/kernel/libsoftfp.a(sfieeelib.o)
                              hal/sound/sndhw.32 (__addsf3)
D:/Users/Alex/Desktop/Banana/kernel/libsoftfp.a(dfieeelib.o)
                              hal/libresample/src_linear.32 (__adddf3)
D:/Users/Alex/Desktop/Banana/kernel/libsoftfp.a(sfdfcvt.o)
                              hal/libresample/samplerate.32 (__truncdfsf2)
D:/Users/Alex/Desktop/Banana/kernel/libk/libm32.a(s_fabs.c.o)
                              hal/libresample/samplerate.32 (fabs)
D:/Users/Alex/Desktop/Banana/kernel/libk/libm32.a(s_lrint.S.o)
                              hal/libresample/samplerate.32 (lrint)
D:/Users/Alex/Desktop/Banana/kernel/libk/libm32.a(s_lrintf.S.o)
                              hal/sound/sndhw.32 (lrintf)

Discarded input sections

 .comment       0x0000000000000000       0x12 /cygdrive/d/Users/Alex/Desktop/Toolchain/Output/bin/../lib/gcc/i386-banana/8.1.0/crtbegin.o
 .comment       0x0000000000000000       0x12 acpica/utclib.32
 .comment       0x0000000000000000       0x12 core/malloc.32
 .comment       0x0000000000000000       0x12 libk/string.32
 .comment       0x0000000000000000       0x12 fs/fat/diskio.32
 .comment       0x0000000000000000       0x12 fs/fat/ff.32
 .comment       0x0000000000000000       0x12 fs/fat/ffsystem.32
 .comment       0x0000000000000000       0x12 fs/fat/ffunicode.32
 .comment       0x0000000000000000       0x12 hal/libresample/samplerate.32
 .comment       0x0000000000000000       0x12 hal/libresample/src_linear.32
 .comment       0x0000000000000000       0x12 hal/libresample/src_sinc.32
 .comment       0x0000000000000000       0x12 hal/libresample/src_zoh.32
 .group         0x0000000000000000       0x14 core/computer.32
 .group         0x0000000000000000        0xc core/computer.32
 .comment       0x0000000000000000       0x12 core/computer.32
 .comment       0x0000000000000000       0x12 core/gdt.32
 .group         0x0000000000000000        0xc core/idle.32
 .comment       0x0000000000000000       0x12 core/idle.32
 .comment       0x0000000000000000       0x12 core/idt.32
 .comment       0x0000000000000000       0x12 core/kheap.32
 .comment       0x0000000000000000       0x12 core/main.32
 .comment       0x0000000000000000       0x12 core/physmgr.32
 .group         0x0000000000000000        0xc core/pipe.32
 .comment       0x0000000000000000       0x12 core/pipe.32
 .group         0x0000000000000000        0xc core/terminal.32
 .comment       0x0000000000000000       0x12 core/terminal.32
 .comment       0x0000000000000000       0x12 core/tss.32
 .group         0x0000000000000000        0x8 core/unixfile.32
 .group         0x0000000000000000        0xc core/unixfile.32
 .group         0x0000000000000000        0xc core/unixfile.32
 .group         0x0000000000000000        0x8 core/unixfile.32
 .group         0x0000000000000000        0xc core/unixfile.32
 .group         0x0000000000000000        0x8 core/unixfile.32
 .group         0x0000000000000000        0xc core/unixfile.32
 .group         0x0000000000000000        0xc core/unixfile.32
 .comment       0x0000000000000000       0x12 core/unixfile.32
 .comment       0x0000000000000000       0x12 core/virtmgr.32
 .comment       0x0000000000000000       0x12 coreobjs/c++.32
 .comment       0x0000000000000000       0x12 dbg/kconsole.32
 .group         0x0000000000000000        0xc fs/vfs.32
 .group         0x0000000000000000        0xc fs/vfs.32
 .group         0x0000000000000000        0xc fs/vfs.32
 .comment       0x0000000000000000       0x12 fs/vfs.32
 .group         0x0000000000000000        0xc hal/bus.32
 .comment       0x0000000000000000       0x12 hal/bus.32
 .group         0x0000000000000000        0xc hal/buzzer.32
 .comment       0x0000000000000000       0x12 hal/buzzer.32
 .group         0x0000000000000000        0xc hal/clock.32
 .comment       0x0000000000000000       0x12 hal/clock.32
 .group         0x0000000000000000       0x14 hal/device.32
 .group         0x0000000000000000        0xc hal/device.32
 .group         0x0000000000000000        0xc hal/device.32
 .group         0x0000000000000000        0xc hal/device.32
 .group         0x0000000000000000        0xc hal/device.32
 .comment       0x0000000000000000       0x12 hal/device.32
[...]
Memory Configuration

Name             Origin             Length             Attributes
*default*        0x0000000000000000 0xffffffffffffffff

Linker script and memory map

LOAD D:/Users/Alex/Desktop/Banana/kernel/boot.32
LOAD crti.32
LOAD /cygdrive/d/Users/Alex/Desktop/Toolchain/Output/bin/../lib/gcc/i386-banana/8.1.0/crtbegin.o
LOAD D:/Users/Alex/Desktop/Banana/kernel/morenasm.32
LOAD acpica/utclib.32
LOAD core/malloc.32
LOAD libk/string.32
LOAD fs/fat/diskio.32
LOAD fs/fat/ff.32
LOAD fs/fat/ffsystem.32
LOAD fs/fat/ffunicode.32
LOAD hal/libresample/samplerate.32
LOAD hal/libresample/src_linear.32
LOAD hal/libresample/src_sinc.32
LOAD hal/libresample/src_zoh.32
LOAD core/computer.32
LOAD core/gdt.32
LOAD core/idle.32
LOAD core/idt.32
LOAD core/kheap.32
LOAD core/main.32
LOAD core/physmgr.32
LOAD core/pipe.32
LOAD core/terminal.32
LOAD core/tss.32
LOAD core/unixfile.32
LOAD core/virtmgr.32
LOAD coreobjs/c++.32
LOAD dbg/kconsole.32
LOAD fs/vfs.32
LOAD hal/bus.32
LOAD hal/buzzer.32
LOAD hal/clock.32
LOAD hal/device.32
LOAD hal/diskctrl.32
LOAD hal/diskphys.32
LOAD hal/fpu.32
LOAD hal/intctrl.32
LOAD hal/keybrd.32
LOAD hal/logidisk.32
LOAD hal/mouse.32
LOAD hal/partition.32
LOAD hal/timer.32
LOAD hal/vcache.32
LOAD hal/video.32
LOAD hw/acpi.32
LOAD hw/cpu.32
LOAD hw/ports.32
LOAD krnl/panic.32
LOAD reg/registry.32
LOAD sys/sc_exit.32
LOAD sys/sc_loaddll.32
LOAD sys/sc_read.32
LOAD sys/sc_sbrk.32
LOAD sys/sc_write.32
LOAD sys/sc_yield.32
LOAD sys/syscalls.32
LOAD thr/elf.32
LOAD thr/prcssthr.32
LOAD vm86/vm8086.32
LOAD vm86/x87em.32
LOAD fs/fat/vfslink.32
LOAD fs/iso9660/vfslink.32
LOAD hal/sound/sndchannel.32
LOAD hal/sound/sndhw.32
LOAD hw/bus/isa.32
LOAD hw/bus/pci.32
LOAD hw/diskctrl/ide.32
LOAD hw/diskphys/ata.32
LOAD hw/diskphys/atapi.32
LOAD hw/fpu/avx.32
LOAD hw/fpu/mmx.32
LOAD hw/fpu/sse.32
LOAD hw/fpu/x87.32
LOAD hw/intctrl/apic.32
LOAD hw/intctrl/pic.32
LOAD hw/timer/apictimer.32
LOAD hw/timer/pit.32
LOAD hw/fpu/x86/avx.32
LOAD hw/fpu/x86/sse.32
LOAD hw/fpu/x86/x87.32
LOAD /cygdrive/d/Users/Alex/Desktop/Toolchain/Output/bin/../lib/gcc/i386-banana/8.1.0/crtend.o
LOAD crtn.32
LOAD /cygdrive/d/Users/Alex/Desktop/Toolchain/Output/bin/../lib/gcc/i386-banana/8.1.0/libkgcc.a
LOAD D:/Users/Alex/Desktop/Banana/kernel/libsoftfp.a
LOAD D:/Users/Alex/Desktop/Banana/kernel/libk/libm32.a
                0x00000000c0000000                . = 0xc0000000

.text           0x00000000c0000000    0x250f8
 *(.text)
 .text          0x00000000c0000000       0x41 D:/Users/Alex/Desktop/Banana/kernel/boot.32
                0x00000000c0000020                callGlobalConstructors
 .text          0x00000000c0000041        0x0 crti.32
 *fill*         0x00000000c0000041        0x3 
 .text          0x00000000c0000044      0x101 /cygdrive/d/Users/Alex/Desktop/Toolchain/Output/bin/../lib/gcc/i386-banana/8.1.0/crtbegin.o
 *fill*         0x00000000c0000145        0xb 
 .text          0x00000000c0000150      0x494 D:/Users/Alex/Desktop/Banana/kernel/morenasm.32
                0x00000000c0000150                prepareTramp
                0x00000000c0000169                voodooXADD
                0x00000000c0000234                doTPAUSE
                0x00000000c000023e                hasLegacyFPU
                0x00000000c0000263                is486
                0x00000000c0000299                detectCPUID
                0x00000000c00002af                goToVM86
                0x00000000c00002e0                goToUsermode
                0x00000000c000030b                switchToThreadASMFirstTime
                0x00000000c0000319                switchToThreadASM
                0x00000000c00003a1                asmQuickAcquireLock
                0x00000000c00003bf                asmQuickReleaseLock
                0x00000000c00003cb                asmAcquireLock
                0x00000000c00003ec                asmReleaseLock
                0x00000000c00003ff                loadGDT
                0x00000000c000041f                isr0
                0x00000000c000042f                isr1
                0x00000000c0000439                isr2
                0x00000000c0000443                isr3
                0x00000000c000044d                isr4
                0x00000000c0000457                isr5
                0x00000000c0000461                isr6
                0x00000000c000046b                isr7
                0x00000000c0000475                isr8
                0x00000000c000047d                isr9
                0x00000000c0000487                isr10
                0x00000000c000048f                isr11
                0x00000000c0000497                isr12
                0x00000000c000049f                isr13
                0x00000000c00004a7                isr14
                0x00000000c00004af                isr15
                0x00000000c00004b9                isr16
                0x00000000c00004c3                isr17
                0x00000000c00004cd                isr18
                0x00000000c00004d7                irq3
                0x00000000c00004e1                irq4
                0x00000000c00004eb                irq5
                0x00000000c00004f5                irq6
                0x00000000c00004ff                irq7
                0x00000000c0000509                irq8
                0x00000000c0000513                irq9
                0x00000000c000051d                irq10
                0x00000000c0000527                irq11
                0x00000000c0000531                irq12
                0x00000000c000053b                irq13
                0x00000000c0000545                irq14
                0x00000000c000054f                irq15
                0x00000000c0000559                irq1
                0x00000000c0000560                irq2
                0x00000000c0000567                isr96
                0x00000000c000056e                irq0
                0x00000000c0000573                syscall_common_stub
                0x00000000c0000573                int_common_stub
                0x00000000c0000594                irq16
                0x00000000c000059e                irq17
                0x00000000c00005a8                irq18
                0x00000000c00005b2                irq19
                0x00000000c00005bc                irq20
                0x00000000c00005c6                irq21
                0x00000000c00005d0                irq22
                0x00000000c00005da                irq23
 .text          0x00000000c00005e4      0x40f acpica/utclib.32
                0x00000000c00005e4                memcmp
                0x00000000c000060f                memmove
                0x00000000c0000647                memcpy
                0x00000000c000067d                memset
                0x00000000c000069a                strlen
                0x00000000c00006aa                strpbrk
                0x00000000c00006cd                strtok
                0x00000000c000071c                strcpy
                0x00000000c000073c                strncpy
                0x00000000c000076d                strcmp
                0x00000000c000078e                strchr
                0x00000000c00007a4                strncmp
                0x00000000c00007d3                strcat
                0x00000000c00007fa                strncat
                0x00000000c0000834                strstr
                0x00000000c0000871                toupper
                0x00000000c0000885                tolower
                0x00000000c0000899                simple_strtoul
 .text          0x00000000c00009f3      0xfbf core/malloc.32
                0x00000000c0000b5e                dlfree
                0x00000000c0000eb9                dlmalloc
                0x00000000c00013f6                dlrealloc
                0x00000000c00015ab                dlmemalign
                0x00000000c00016ce                dlcalloc
                0x00000000c0001768                dlcfree
                0x00000000c000176d                dlindependent_calloc
                0x00000000c0001792                dlindependent_comalloc
                0x00000000c00017a9                dlvalloc
                0x00000000c00017d4                dlpvalloc
                0x00000000c000180a                dlmalloc_trim
                0x00000000c0001817                dlmalloc_usable_size
                0x00000000c0001848                dlmallinfo
                0x00000000c0001917                dlmalloc_stats
                0x00000000c0001928                dlmallopt
 .text          0x00000000c00019b2        0x0 libk/string.32
 .text          0x00000000c00019b2       0x51 fs/fat/diskio.32
                0x00000000c00019b2                disk_status
                0x00000000c00019b5                disk_initialize
                0x00000000c00019b8                disk_read
                0x00000000c00019ce                disk_write
                0x00000000c00019e4                disk_ioctl
 .text          0x00000000c0001a03     0x6833 fs/fat/ff.32
                0x00000000c0004cd1                f_mount
                0x00000000c0004d33                f_open
                0x00000000c000516f                f_read
                0x00000000c00053ef                f_write
                0x00000000c00056a9                f_sync
                0x00000000c0005885                f_close
                0x00000000c00058b4                f_lseek
                0x00000000c0005d6b                f_opendir
                0x00000000c0005e6d                f_closedir
                0x00000000c0005e8f                f_readdir
                0x00000000c0005f2a                f_stat
                0x00000000c0005fb9                f_getfree
                0x00000000c0006184                f_truncate
                0x00000000c000627c                f_unlink
                0x00000000c00063ff                f_mkdir
                0x00000000c000662b                f_rename
                0x00000000c000691e                f_chmod
                0x00000000c00069fc                f_utime
                0x00000000c0006ada                f_getlabel
                0x00000000c0006cc8                f_setlabel
                0x00000000c0006f35                f_forward
                0x00000000c0007113                f_mkfs
 .text          0x00000000c0008236       0x2d fs/fat/ffsystem.32
                0x00000000c0008236                ff_memalloc
                0x00000000c000824c                ff_memfree
 .text          0x00000000c0008263      0x253 fs/fat/ffunicode.32
                0x00000000c0008263                ff_uni2oem
                0x00000000c00082f3                ff_oem2uni
                0x00000000c000835f                ff_wtoupper
 .text          0x00000000c00084b6      0x8a1 hal/libresample/samplerate.32
                0x00000000c000855d                src_delete
                0x00000000c0008599                src_process
                0x00000000c000870d                src_callback_read
                0x00000000c0008868                src_set_ratio
                0x00000000c00088b1                src_get_channels
                0x00000000c00088d3                src_reset
                0x00000000c000891f                src_new
                0x00000000c00089ad                src_callback_new
                0x00000000c0008a0f                src_get_name
                0x00000000c0008a46                src_get_description
                0x00000000c0008a7d                src_get_version
                0x00000000c0008a83                src_is_valid_ratio
                0x00000000c0008a9f                src_error
                0x00000000c0008aad                src_strerror
                0x00000000c0008ac0                src_simple
                0x00000000c0008b13                src_short_to_float_array
                0x00000000c0008b78                src_float_to_short_array
                0x00000000c0008c37                src_int_to_float_array
                0x00000000c0008c9a                src_float_to_int_array
 .text          0x00000000c0008d57      0x8f0 hal/libresample/src_linear.32
                0x00000000c00095a2                linear_get_name
                0x00000000c00095b1                linear_get_description
                0x00000000c00095c0                linear_set_converter
 .text          0x00000000c0009647     0x40fd hal/libresample/src_sinc.32
                0x00000000c000d65b                sinc_get_name
                0x00000000c000d66e                sinc_get_description
                0x00000000c000d681                sinc_set_converter
 .text          0x00000000c000d744      0x7a6 hal/libresample/src_zoh.32
                0x00000000c000de45                zoh_get_name
                0x00000000c000de54                zoh_get_description
                0x00000000c000de63                zoh_set_converter
 .text          0x00000000c000deea      0xa11 core/computer.32
                0x00000000c000deea                Computer::close(int, int, void*)
                0x00000000c000df2e                Computer::Computer()
                0x00000000c000df2e                Computer::Computer()
                0x00000000c000e08a                Computer::setBootMessage(char const*)
                0x00000000c000e08c                Computer::start()
                0x00000000c000e168                firstTask()
                0x00000000c000e176                Computer::detectFeatures()
                0x00000000c000e380                Computer::displayFeatures()
                0x00000000c000e6c6                Computer::rdmsr(unsigned int)
                0x00000000c000e6f2                Computer::wrmsr(unsigned int, unsigned long long)
                0x00000000c000e72a                Computer::nmiEnabled()
                0x00000000c000e736                Computer::readCMOS(unsigned char)
                0x00000000c000e750                Computer::enableNMI(bool)
                0x00000000c000e768                Computer::open(int, int, void*)
                0x00000000c000e83e                Computer::disableNMI()
                0x00000000c000e84c                Computer::writeCMOS(unsigned char, unsigned char)
                0x00000000c000e86a                Computer::handleNMI()
                0x00000000c000e8d0                Computer::setDiskActivityLight(int, bool)
 *fill*         0x00000000c000e8fb        0x1 
 .text          0x00000000c000e8fc      0x1b7 core/gdt.32
                0x00000000c000e8fc                GDTEntry::setBase(unsigned int)
                0x00000000c000e918                GDTEntry::setLimit(unsigned int)
                0x00000000c000e936                GDT::GDT()
                0x00000000c000e936                GDT::GDT()
                0x00000000c000e94c                GDT::addEntry(GDTEntry)
                0x00000000c000e988                GDT::getNumberOfEntries()
                0x00000000c000e990                GDT::flush()
                0x00000000c000e9b2                GDT::setup()
 .text          0x00000000c000eab3       0x62 core/idle.32
                0x00000000c000eab3                idleFunction(void*)
 *fill*         0x00000000c000eb15        0x1 
 .text          0x00000000c000eb16      0x45f core/idt.32
                0x00000000c000eb16                IDTEntry::IDTEntry(bool)
                0x00000000c000eb16                IDTEntry::IDTEntry(bool)
                0x00000000c000eb84                IDTEntry::setOffset(unsigned int)
                0x00000000c000eb98                IDT::IDT()
                0x00000000c000eb98                IDT::IDT()
                0x00000000c000eb9a                IDT::getPointerToInvalidOpcodeEntryForF00F()
                0x00000000c000eba2                IDT::addEntry(IDTEntry, int)
                0x00000000c000ebbc                IDT::addEntry(int, void (*)(), bool)
                0x00000000c000ebf4                IDT::flush()
                0x00000000c000ec0e                IDT::setup()
 .text          0x00000000c000ef75      0x203 core/kheap.32
                0x00000000c000ef75                sbrk
                0x00000000c000f083                mmap
                0x00000000c000f099                munmap
                0x00000000c000f0af                liballoc_lock()
                0x00000000c000f0c0                liballoc_unlock()
                0x00000000c000f0d1                liballoc_alloc(int)
                0x00000000c000f0ec                liballoc_free(void*, int)
                0x00000000c000f10a                realloc
                0x00000000c000f11e                malloc
                0x00000000c000f12e                free
                0x00000000c000f13e                rfree
                0x00000000c000f14e                calloc
 .text          0x00000000c000f178      0x38d core/main.32
                0x00000000c000f178                hwTextMode_loadInData(VgaText*)
                0x00000000c000f1bd                hwTextMode_loadInTitle(VgaText*, char*)
                0x00000000c000f1ff                hwTextMode_showCursor(VgaText*, bool)
                0x00000000c000f253                hwTextMode_update(VgaText*)
                0x00000000c000f254                hwTextMode_updateCursor(VgaText*)
                0x00000000c000f29c                hwTextMode_disableBlink(VgaText*, bool)
                0x00000000c000f2d8                hwTextMode_scrollScreen(VgaText*)
                0x00000000c000f35e                hwTextMode_writeCharacter(VgaText*, char, VgaColour, VgaColour, int, int)
                0x00000000c000f3bc                setupTextMode()
                0x00000000c000f40d                kernel_main
 .text          0x00000000c000f505      0x4f3 core/physmgr.32
                0x00000000c000f505                Phys::allocateDMA(unsigned long)
                0x00000000c000f5a8                Phys::freeDMA(unsigned long, unsigned long)
                0x00000000c000f5f0                Phys::setPageState(unsigned long, bool)
                0x00000000c000f622                Phys::getPageState(unsigned long)
                0x00000000c000f63e                Phys::freePage(unsigned long)
                0x00000000c000f6c8                Phys::allocatePage()
                0x00000000c000f790                Phys::allowSegmentToBeUsed(unsigned long, unsigned long)
                0x00000000c000f7c8                Phys::physicalMemorySetup(unsigned int)
 .text          0x00000000c000f9f8      0x273 core/pipe.32
                0x00000000c000f9f8                Pipe::isAtty()
                0x00000000c000f9fc                Pipe::~Pipe()
                0x00000000c000f9fc                Pipe::~Pipe()
                0x00000000c000fa20                Pipe::~Pipe()
                0x00000000c000fa48                Pipe::read(unsigned long long, void*, int*)
                0x00000000c000fb3c                Pipe::write(unsigned long long, void*, int*)
                0x00000000c000fc04                Pipe::Pipe(int)
                0x00000000c000fc04                Pipe::Pipe(int)
 *fill*         0x00000000c000fc6b        0x1 
 .text          0x00000000c000fc6c      0xf65 core/terminal.32
                0x00000000c000fc6c                VgaText::isAtty()
                0x00000000c000fc70                VgaText::~VgaText()
                0x00000000c000fc70                VgaText::~VgaText()
                0x00000000c000fc94                VgaText::~VgaText()
                0x00000000c000fcbe                VgaText::read(unsigned long long, void*, int*)
                0x00000000c000fcde                setTerminalScrollLock(bool)
                0x00000000c000fcdf                addToTerminalCycle(VgaText*)
                0x00000000c000fd0c                installVgaTextImplementation()
                0x00000000c000fd21                scrollTerminalScrollLock(int)
                0x00000000c000fd22                VgaText::load()
                0x00000000c000fd76                VgaText::updateCursor()
                0x00000000c000fd90                VgaText::showCursor(bool)
                0x00000000c000fda0                VgaText::disableBlink(bool)
                0x00000000c000fdda                VgaText::doANSI_SGR(int)
                0x00000000c000fe66                VgaText::setDefaultBgColour(VgaColour)
                0x00000000c000fe7c                VgaText::setDefaultFgColour(VgaColour)
                0x00000000c000fe92                VgaText::setDefaultColours(VgaColour, VgaColour)
                0x00000000c000feb2                VgaText::combineColours(unsigned char, unsigned char)
                0x00000000c000fec4                VgaText::scrollScreen()
                0x00000000c000ff58                VgaText::combineCharAndColour(char, unsigned char)
                0x00000000c000ff6a                VgaText::writeCharacter(char, VgaColour, VgaColour, int, int)
                0x00000000c000ffca                VgaText::getCursorX()
                0x00000000c000ffd6                VgaText::getCursorY()
                0x00000000c000ffe2                VgaText::setCursor(int, int)
                0x00000000c0010000                VgaText::setCursorX(int)
                0x00000000c001001c                VgaText::setCursorY(int)
                0x00000000c0010038                VgaText::incrementCursor(bool)
                0x00000000c00100a0                VgaText::updateRAMUsageDisplay(int)
                0x00000000c00100fa                VgaText::updateDiskUsage()
                0x00000000c0010260                VgaText::updateTitle()
                0x00000000c00102a6                VgaText::setTitleTextColour(VgaColour)
                0x00000000c00102b6                VgaText::setTitleColour(VgaColour)
                0x00000000c00102c6                VgaText::setTitle(char*)
                0x00000000c00102ec                VgaText::decrementCursor(bool)
                0x00000000c0010314                VgaText::putchar(char, VgaColour, VgaColour)
                0x00000000c0010410                VgaText::isShowingCursor()
                0x00000000c001041c                VgaText::isBlinkDisabled()
                0x00000000c001042a                VgaText::setCursorHeight(int)
                0x00000000c0010448                VgaText::getCursorHeight()
                0x00000000c0010453                setActiveTerminal(VgaText*)
                0x00000000c0010505                doTerminalCycle()
                0x00000000c0010522                VgaText::doUpdate()
                0x00000000c0010534                VgaText::puts(char const*, VgaColour, VgaColour)
                0x00000000c00106f4                VgaText::clearScreen()
                0x00000000c0010758                VgaText::putchar(char)
                0x00000000c0010872                VgaText::puts(char const*)
                0x00000000c0010898                VgaText::putx(unsigned int)
                0x00000000c00108de                VgaText::VgaText(char const*)
                0x00000000c00108de                VgaText::VgaText(char const*)
                0x00000000c0010a70                VgaText::receiveKey(unsigned char)
                0x00000000c0010b58                VgaText::write(unsigned long long, void*, int*)
                0x00000000c0010bac                newTerminal(char*)
 *fill*         0x00000000c0010bd1        0x1 
 .text          0x00000000c0010bd2      0x1b3 core/tss.32
                0x00000000c0010bd2                TSS::TSS()
                0x00000000c0010bd2                TSS::TSS()
                0x00000000c0010be0                TSS::setESP(unsigned long)
                0x00000000c0010bf2                TSS::flush()
                0x00000000c0010c12                TSS::setup(unsigned long, unsigned long)
 *fill*         0x00000000c0010d85        0x1 
 .text          0x00000000c0010d86      0x482 core/unixfile.32
                0x00000000c0010d86                ReservedFilename::read(unsigned long long, void*, int*)
                0x00000000c0010ddc                ReservedFilename::isAtty()
                0x00000000c0010df8                ReservedFilename::write(unsigned long long, void*, int*)
                0x00000000c0010e56                UnixFile::getFileDescriptor()
                0x00000000c0010e5e                UnixFile::UnixFile(int)
                0x00000000c0010e5e                UnixFile::UnixFile(int)
                0x00000000c0010fce                ReservedFilename::ReservedFilename(int)
                0x00000000c0010fce                ReservedFilename::ReservedFilename(int)
                0x00000000c0011000                UnixFile::~UnixFile()
                0x00000000c0011000                UnixFile::~UnixFile()
                0x00000000c0011098                UnixFile::~UnixFile()
                0x00000000c00110c0                ReservedFilename::~ReservedFilename()
                0x00000000c00110c0                ReservedFilename::~ReservedFilename()
                0x00000000c00110e4                ReservedFilename::~ReservedFilename()
                0x00000000c001110b                getFromFileDescriptor(int)
 .text          0x00000000c0011208      0xed9 core/virtmgr.32
                0x00000000c0011208                Virt::setPageState(unsigned long, Virt::VirtPageState)
                0x00000000c001123d                Virt::getPageState(unsigned long)
                0x00000000c0011261                Virt::allocateKernelVirtualPages(int)
                0x00000000c0011372                Virt::virtualMemorySetup()
                0x00000000c00113f1                Virt::getAKernelVAS()
                0x00000000c00113f7                Virt::setupPageSwapping(int)
                0x00000000c001151c                VAS::VAS()
                0x00000000c001151c                VAS::VAS()
                0x00000000c001154c                VAS::VAS(VAS*)
                0x00000000c001154c                VAS::VAS(VAS*)
                0x00000000c0011570                VAS::getForeignPageTableEntry(bool, unsigned long)
                0x00000000c001159c                VAS::getPageTableEntry(unsigned long)
                0x00000000c00115bb                Virt::freeKernelVirtualPages(unsigned long)
                0x00000000c00116de                VAS::freeAllocatedPages(unsigned long)
                0x00000000c0011702                VAS::virtualToPhysical(unsigned long)
                0x00000000c001171a                VAS::reflagRange(unsigned long, int, int, int)
                0x00000000c001175a                VAS::setToWriteCombining(unsigned long, int)
                0x00000000c001178c                VAS::mapOtherVASIn(bool, VAS*)
                0x00000000c00117b6                VAS::~VAS()
                0x00000000c00117b6                VAS::~VAS()
                0x00000000c0011922                VAS::mapPage(unsigned long, unsigned long, int)
                0x00000000c0011a22                VAS::allocatePages(int, int)
                0x00000000c0011bfa                VAS::setCPUSpecific(unsigned long)
                0x00000000c0011c16                VAS::mapRange(unsigned long, unsigned long, int, int)
                0x00000000c0011cdc                VAS::mapForeignPage(bool, VAS*, unsigned long, unsigned long, int)
                0x00000000c0011dca                VAS::VAS(bool)
                0x00000000c0011dca                VAS::VAS(bool)
                0x00000000c0012025                mapVASFirstTime
 .text          0x00000000c00120e1       0x93 coreobjs/c++.32
                0x00000000c00120e1                __cxa_atexit
                0x00000000c00120e4                __cxa_finalize
                0x00000000c00120e5                __stack_chk_fail
                0x00000000c0012145                __cxa_pure_virtual
                0x00000000c0012156                operator new(unsigned long)
                0x00000000c001215b                operator new[](unsigned long)
                0x00000000c0012160                operator delete(void*)
                0x00000000c0012165                operator delete(void*, unsigned long)
                0x00000000c001216a                operator delete[](void*)
                0x00000000c001216f                operator delete[](void*, unsigned long)
 .text          0x00000000c0012174      0x1ef dbg/kconsole.32
                0x00000000c0012174                Dbg::stringifyxWithBase(unsigned int, char*, int)
                0x00000000c00121d5                Dbg::logc(char)
                0x00000000c00121ec                Dbg::logs(char*)
                0x00000000c0012209                Dbg::logWriteInt(unsigned int)
                0x00000000c0012226                Dbg::logWriteIntBase(unsigned int, int)
                0x00000000c0012245                Dbg::kprintf(char const*, ...)
 *fill*         0x00000000c0012363        0x1 
 .text          0x00000000c0012364      0xb68 fs/vfs.32
                0x00000000c0012364                File::read(unsigned long long, void*, int*)
                0x00000000c00123bc                File::write(unsigned long long, void*, int*)
                0x00000000c0012414                Directory::read(unsigned long long, void*, int*)
                0x00000000c001246c                Directory::write(unsigned long long, void*, int*)
                0x00000000c001249a                File::isAtty()
                0x00000000c001249e                Directory::isAtty()
                0x00000000c00124a2                Filesystem::getlabel(LogicalDisk*, int, char*, unsigned int*)
                0x00000000c00124a8                Filesystem::setlabel(LogicalDisk*, int, char*)
                0x00000000c00124ae                File::~File()
                0x00000000c00124ae                File::~File()
                0x00000000c00124d2                File::~File()
                0x00000000c00124fc                Directory::~Directory()
                0x00000000c00124fc                Directory::~Directory()
                0x00000000c0012520                Directory::~Directory()
                0x00000000c001254a                Filesystem::Filesystem()
                0x00000000c001254a                Filesystem::Filesystem()
                0x00000000c001256e                Filesystem::~Filesystem()
                0x00000000c001256e                Filesystem::~Filesystem()
                0x00000000c001257c                Filesystem::~Filesystem()
                0x00000000c00125a0                initVFS()
                0x00000000c00125ca                standardiseFiles(char*, char const*, char const*)
                0x00000000c0012774                File::File(char const*, Process*)
                0x00000000c0012774                File::File(char const*, Process*)
                0x00000000c00127d8                File::open(FileOpenMode)
                0x00000000c0012836                File::close()
                0x00000000c0012896                File::seek(unsigned long long)
                0x00000000c00128ec                File::tell(unsigned long long*)
                0x00000000c001293c                File::rewind()
                0x00000000c0012950                File::unlink()
                0x00000000c001299c                File::rename(char const*)
                0x00000000c00129ea                File::chfatattr(unsigned char, unsigned char)
                0x00000000c0012a46                File::exists()
                0x00000000c0012a84                File::stat(unsigned long long*, bool*)
                0x00000000c0012ae5                getcwd(Process*, char*, int)
                0x00000000c0012b0f                setcwd(Process*, char*)
                0x00000000c0012c36                Directory::Directory(char const*, Process*)
                0x00000000c0012c36                Directory::Directory(char const*, Process*)
                0x00000000c0012c9a                Directory::open()
                0x00000000c0012cf6                Directory::close()
                0x00000000c0012d56                Directory::unlink()
                0x00000000c0012da2                Directory::rename(char const*)
                0x00000000c0012df0                Directory::exists()
                0x00000000c0012e2e                Directory::read(dirent*)
                0x00000000c0012e7a                Directory::create()
                0x00000000c0012ec6                Filesystem::chfatattr(char const*, unsigned char, unsigned char)
 .text          0x00000000c0012ecc       0x84 hal/bus.32
                0x00000000c0012ecc                Bus::Bus(char const*)
                0x00000000c0012ecc                Bus::Bus(char const*)
                0x00000000c0012f02                Bus::~Bus()
                0x00000000c0012f02                Bus::~Bus()
                0x00000000c0012f26                Bus::~Bus()
 .text          0x00000000c0012f50      0x14e hal/buzzer.32
                0x00000000c0012f50                Buzzer::Buzzer(char const*)
                0x00000000c0012f50                Buzzer::Buzzer(char const*)
                0x00000000c0012f94                Buzzer::~Buzzer()
                0x00000000c0012f94                Buzzer::~Buzzer()
                0x00000000c0012fb8                Buzzer::~Buzzer()
                0x00000000c0012fe2                Buzzer::stop()
                0x00000000c0012ff5                beepThread(void*)
                0x00000000c0013030                Buzzer::beep(int, int, bool)
 .text          0x00000000c001309e      0x42f hal/clock.32
                0x00000000c001309e                loadClockSettings()
                0x00000000c00130b8                Clock::Clock(char const*)
                0x00000000c00130b8                Clock::Clock(char const*)
                0x00000000c00130ee                Clock::~Clock()
                0x00000000c00130ee                Clock::~Clock()
                0x00000000c0013112                Clock::~Clock()
                0x00000000c001313c                Clock::timeInSecondsLocal()
                0x00000000c0013184                Clock::setTimeInSecondsLocal(unsigned long long)
                0x00000000c00131dd                datetimeToSeconds(datetime_t)
                0x00000000c0013304                Clock::setTimeInDatetimeLocal(datetime_t)
                0x00000000c0013364                secondsToDatetime(unsigned long long)
                0x00000000c00134a8                Clock::timeInDatetimeLocal()
 *fill*         0x00000000c00134cd        0x1 
 .text          0x00000000c00134ce      0x4d4 hal/device.32
                0x00000000c00134ce                Device::hibernate()
                0x00000000c00134d0                Device::wake()
                0x00000000c00134d2                Device::detect()
                0x00000000c00134d4                Device::disableLegacy()
                0x00000000c00134d6                Device::powerSaving(PowerSavingLevel)
                0x00000000c00134d8                DriverlessDevice::close(int, int, void*)
                0x00000000c00134dc                DriverlessDevice::detect()
                0x00000000c00134de                DriverlessDevice::open(int, int, void*)
                0x00000000c00134f2                Device::~Device()
                0x00000000c00134f2                Device::~Device()
                0x00000000c0013500                Device::~Device()
                0x00000000c0013528                Device::findAndLoadDriver()
                0x00000000c001352a                Device::preOpenPCI(PCIDeviceInfo)
                0x00000000c0013550                Device::preOpenACPI(void*, char*, char*)
                0x00000000c00135a4                Device::addIRQHandler(int, void (*)(regs*, void*), bool, void*)
                0x00000000c00135e2                Device::removeIRQHandler(int, void (*)(regs*, void*), bool)
                0x00000000c0013620                Device::addChild(Device*)
                0x00000000c0013664                Device::removeAllChildren()
                0x00000000c00136aa                Device::hibernateAll()
                0x00000000c00136da                Device::wakeAll()
                0x00000000c001370a                Device::detectAll()
                0x00000000c001373a                Device::disableLegacyAll()
                0x00000000c001376a                Device::loadDriversForAll()
                0x00000000c0013796                Device::closeAll()
                0x00000000c00137cc                Device::powerSavingAll(PowerSavingLevel)
                0x00000000c0013802                Device::setName(char const*)
                0x00000000c0013810                Device::Device(char const*)
                0x00000000c0013810                Device::Device(char const*)
                0x00000000c0013902                Device::getName()
                0x00000000c001390c                DriverlessDevice::DriverlessDevice(char const*)
                0x00000000c001390c                DriverlessDevice::DriverlessDevice(char const*)
                0x00000000c0013934                Device::addToLinkedList(LinkedList<Device>&, DeviceType)
                0x00000000c0013978                getDevicesOfType(DeviceType)
 .text          0x00000000c00139a2       0x84 hal/diskctrl.32
                0x00000000c00139a2                HardDiskController::HardDiskController(char const*)
                0x00000000c00139a2                HardDiskController::HardDiskController(char const*)
                0x00000000c00139d8                HardDiskController::~HardDiskController()
                0x00000000c00139d8                HardDiskController::~HardDiskController()
                0x00000000c00139fc                HardDiskController::~HardDiskController()
 .text          0x00000000c0013a26       0xde hal/diskphys.32
                0x00000000c0013a26                PhysicalDisk::PhysicalDisk(char const*, int)
                0x00000000c0013a26                PhysicalDisk::PhysicalDisk(char const*, int)
                0x00000000c0013a8e                PhysicalDisk::startCache()
                0x00000000c0013ab6                PhysicalDisk::~PhysicalDisk()
                0x00000000c0013ab6                PhysicalDisk::~PhysicalDisk()
                0x00000000c0013ada                PhysicalDisk::~PhysicalDisk()
 .text          0x00000000c0013b04      0x13b hal/fpu.32
                0x00000000c0013b04                FPU::FPU(char const*)
                0x00000000c0013b04                FPU::FPU(char const*)
                0x00000000c0013b3a                FPU::~FPU()
                0x00000000c0013b3a                FPU::~FPU()
                0x00000000c0013b5e                FPU::~FPU()
                0x00000000c0013b88                setupFPU()
 *fill*         0x00000000c0013c3f        0x1 
 .text          0x00000000c0013c40     0x12a1 hal/intctrl.32
                0x00000000c0013c40                InterruptController::uninstallISRHandler(int, void (*)(regs*, void*))
                0x00000000c0013c78                InterruptController::installISRHandler(int, void (*)(regs*, void*), void*)
                0x00000000c0013cca                doubleFault(regs*, void*)
                0x00000000c0013ce4                InterruptController::installIRQHandler(int, void (*)(regs*, void*), bool, void*)
                0x00000000c0013d80                InterruptController::clearAllHandlers(int, bool)
                0x00000000c0013e28                InterruptController::uninstallIRQHandler(int, void (*)(regs*, void*), bool)
                0x00000000c0013eaf                nmiHandler(regs*, void*)
                0x00000000c0013ebd                int_handler
                0x00000000c0013f5e                InterruptController::InterruptController(char const*)
                0x00000000c0013f5e                InterruptController::InterruptController(char const*)
                0x00000000c0014004                InterruptController::~InterruptController()
                0x00000000c0014004                InterruptController::~InterruptController()
                0x00000000c0014028                InterruptController::~InterruptController()
                0x00000000c0014052                displayDebugInfo(regs*)
                0x00000000c0014457                x87EmulHandler(regs*, void*)
                0x00000000c0014486                gpFault(regs*, void*)
                0x00000000c00144bf                pgFault(regs*, void*)
                0x00000000c00144d6                otherISRHandler(regs*, void*)
                0x00000000c00144f5                opcodeFault(regs*, void*)
                0x00000000c0014ab4                displayProgramFault(char const*)
                0x00000000c0014adc                setupInterruptController()
                0x00000000c0014e94                InterruptController::convertLegacyIRQNumber(int)
 *fill*         0x00000000c0014ee1        0x1 
 .text          0x00000000c0014ee2      0x620 hal/keybrd.32
                0x00000000c0014ee2                startGUI(void*)
                0x00000000c0014f54                sendKeyToTerminal(unsigned char)
                0x00000000c0014fc0                sendKeyboardToken(KeyboardToken)
                0x00000000c001539b                clearInternalKeybuffer(VgaText*)
                0x00000000c00153d0                readKeyboard(VgaText*, char*, unsigned long)
                0x00000000c0015478                Keyboard::Keyboard(char const*)
                0x00000000c0015478                Keyboard::Keyboard(char const*)
                0x00000000c00154b4                Keyboard::~Keyboard()
                0x00000000c00154b4                Keyboard::~Keyboard()
                0x00000000c00154d8                Keyboard::~Keyboard()
 .text          0x00000000c0015502      0x400 hal/logidisk.32
                0x00000000c0015502                LogicalDisk::close(int, int, void*)
                0x00000000c0015506                LogicalDisk::~LogicalDisk()
                0x00000000c0015506                LogicalDisk::~LogicalDisk()
                0x00000000c001552a                LogicalDisk::~LogicalDisk()
                0x00000000c0015554                LogicalDisk::open(int, int, void*)
                0x00000000c0015568                LogicalDisk::absoluteToRelative(unsigned long long)
                0x00000000c00155a0                LogicalDisk::relativeToAbsolute(unsigned long long)
                0x00000000c00155e6                LogicalDisk::LogicalDisk(char const*, PhysicalDisk*, unsigned long long, unsigned long long)
                0x00000000c00155e6                LogicalDisk::LogicalDisk(char const*, PhysicalDisk*, unsigned long long, unsigned long long)
                0x00000000c001569c                LogicalDisk::assignDriveLetter()
                0x00000000c0015752                LogicalDisk::mount()
                0x00000000c00157c4                LogicalDisk::unmount()
                0x00000000c00157d4                LogicalDisk::unassignDriveLetter()
                0x00000000c001582a                LogicalDisk::read(unsigned long long, int, void*)
                0x00000000c0015896                LogicalDisk::write(unsigned long long, int, void*)
 .text          0x00000000c0015902       0x84 hal/mouse.32
                0x00000000c0015902                Mouse::Mouse(char const*)
                0x00000000c0015902                Mouse::Mouse(char const*)
                0x00000000c0015938                Mouse::~Mouse()
                0x00000000c0015938                Mouse::~Mouse()
                0x00000000c001595c                Mouse::~Mouse()
 .text          0x00000000c0015986      0x339 hal/partition.32
                0x00000000c0015986                makePartition(PhysicalDisk*, unsigned long long, unsigned long long)
                0x00000000c0015a2e                createPartitionsForDisk(PhysicalDisk*)
 *fill*         0x00000000c0015cbf        0x1 
 .text          0x00000000c0015cc0      0x2b8 hal/timer.32
                0x00000000c0015cc0                Timer::Timer(char const*)
                0x00000000c0015cc0                Timer::Timer(char const*)
                0x00000000c0015cf6                Timer::~Timer()
                0x00000000c0015cf6                Timer::~Timer()
                0x00000000c0015d1a                Timer::~Timer()
                0x00000000c0015d44                Timer::read()
                0x00000000c0015d4f                timerHandler(unsigned long long)
                0x00000000c0015e86                setupTimer(int)
 .text          0x00000000c0015f78      0x2d1 hal/vcache.32
                0x00000000c0015f78                VCache::VCache(PhysicalDisk*)
                0x00000000c0015f78                VCache::VCache(PhysicalDisk*)
                0x00000000c0016068                VCache::writeWriteBuffer()
                0x00000000c00160a4                VCache::~VCache()
                0x00000000c00160a4                VCache::~VCache()
                0x00000000c00160e4                VCache::~VCache()
                0x00000000c001610c                VCache::write(unsigned long long, int, void*)
                0x00000000c00161f0                VCache::read(unsigned long long, int, void*)
 *fill*         0x00000000c0016249        0x1 
 .text          0x00000000c001624a      0x26d hal/video.32
                0x00000000c001624a                Video::putrect(int, int, int, int, unsigned int)
                0x00000000c0016294                Video::blit(unsigned int*, int, int, int, int)
                0x00000000c0016312                Video::clearScreen(unsigned int)
                0x00000000c0016346                Video::putpixel(int, int, unsigned int)
                0x00000000c0016354                Video::Video(char const*)
                0x00000000c0016354                Video::Video(char const*)
                0x00000000c001638a                Video::~Video()
                0x00000000c001638a                Video::~Video()
                0x00000000c00163ae                Video::~Video()
                0x00000000c00163d8                Video::isMonochrome()
                0x00000000c00163e4                Video::getWidth()
                0x00000000c00163f0                Video::getHeight()
                0x00000000c00163fc                Video::drawCursor(int, int, unsigned char*, int)
 *fill*         0x00000000c00164b7        0x1 
 .text          0x00000000c00164b8      0xdf6 hw/acpi.32
                0x00000000c00164b8                ACPI::close(int, int, void*)
                0x00000000c001656d                findRSDP()
                0x00000000c00165f7                loadACPITables(unsigned char*)
                0x00000000c001681e                findRSDT(unsigned char*)
                0x00000000c001693c                findDataTable(unsigned char*, char*)
                0x00000000c00169d8                scanMADT()
                0x00000000c0016e5e                ACPI::ACPI()
                0x00000000c0016e5e                ACPI::ACPI()
                0x00000000c0016ebe                ACPI::getPCIIRQAssignment(unsigned char, unsigned short, unsigned char)
                0x00000000c0016fa0                ACPI::registerPCIIRQAssignment(void*, unsigned short, unsigned char, unsigned char)
                0x00000000c00170a6                ACPI::setScreenBrightnessLevel(void*, int)
                0x00000000c00170ac                ACPI::writeSimpleBootFlag(SimpleBootFlagTable*)
                0x00000000c00170f4                ACPI::open(int, int, void*)
                0x00000000c0017296                ACPI::sleep()
 .text          0x00000000c00172ae     0x1715 hw/cpu.32
                0x00000000c00172ae                CPU::close(int, int, void*)
                0x00000000c00172b2                CPU::lookupAMDName(unsigned char, unsigned char)
                0x00000000c0017446                CPU::lookupIntelName(unsigned char, unsigned char)
                0x00000000c00176f4                CPU::AMD_K6_write_msr(unsigned int, unsigned int, unsigned int, CPU::REGS*)
                0x00000000c0017710                CPU::AMD_K6_read_msr(unsigned int, CPU::REGS*)
                0x00000000c0017728                CPU::AMD_K6_writeback(int, int, int)
                0x00000000c001779c                CPU::cpuid(int, unsigned long*, unsigned long*, unsigned long*, unsigned long*)
                0x00000000c0017820                CPU::cpuidCheckEDX(unsigned int)
                0x00000000c001784e                CPU::cpuidCheckECX(unsigned int)
                0x00000000c001787c                CPU::cpuidCheckExtendedEBX(unsigned int)
                0x00000000c00178aa                CPU::cpuidCheckExtendedECX(unsigned int)
                0x00000000c00178d8                CPU::CPU()
                0x00000000c00178d8                CPU::CPU()
                0x00000000c0017966                CPU::displayFeatures()
                0x00000000c0017be2                CPU::detectFeatures()
                0x00000000c00185d2                CPU::setupSMEP()
                0x00000000c00185de                CPU::setupUMIP()
                0x00000000c00185e8                CPU::setupTSC()
                0x00000000c00185f2                CPU::setupLargePages()
                0x00000000c00185fc                CPU::setupPAT()
                0x00000000c0018638                CPU::setupMTRR()
                0x00000000c001863a                CPU::setupGlobalPages()
                0x00000000c0018644                CPU::allowUsermodeDataAccess()
                0x00000000c0018656                CPU::prohibitUsermodeDataAccess()
                0x00000000c0018668                CPU::setupSMAP()
                0x00000000c0018676                CPU::setupFeatures()
                0x00000000c00186f6                CPU::open(int, int, void*)
                0x00000000c00187c8                CPU::decodeAddress(regs*, int*, bool*, unsigned char*)
 .text          0x00000000c00189c3        0x0 hw/ports.32
 .text          0x00000000c00189c3      0x32c krnl/panic.32
                0x00000000c00189c3                Krnl::panic(char const*)
 .text          0x00000000c0018cef      0x503 reg/registry.32
                0x00000000c0018cef                Reg::findLineFromLoadedData(char*, char*, char*)
                0x00000000c0018e47                Reg::getLineFromRegistry(char*, char*, char*, char*)
                0x00000000c0018fa6                Reg::getLine(char*, char*, char*)
                0x00000000c0018fdd                Reg::readInt(char*, char*, int*)
                0x00000000c00190c8                Reg::readString(char*, char*, char*, int)
                0x00000000c0019149                Reg::readBool(char*, char*, bool*)
                0x00000000c001916e                Reg::readBoolWithDefault(char*, char*, bool)
                0x00000000c001919a                Reg::readIntWithDefault(char*, char*, int)
                0x00000000c00191c6                Reg::readStringWithDefault(char*, char*, char*, int, char*)
 .text          0x00000000c00191f2       0x18 sys/sc_exit.32
                0x00000000c00191f2                Sys::exit(regs*)
 .text          0x00000000c001920a       0x95 sys/sc_loaddll.32
                0x00000000c001920a                Sys::loadDLL(regs*)
 .text          0x00000000c001929f       0x68 sys/sc_read.32
                0x00000000c001929f                Sys::read(regs*)
 .text          0x00000000c0019307       0x55 sys/sc_sbrk.32
                0x00000000c0019307                Sys::sbrk(regs*)
 .text          0x00000000c001935c       0x68 sys/sc_write.32
                0x00000000c001935c                Sys::write(regs*)
 .text          0x00000000c00193c4       0x1a sys/sc_yield.32
                0x00000000c00193c4                Sys::yield(regs*)
 .text          0x00000000c00193de      0xf85 sys/syscalls.32
                0x00000000c00193de                sysCallGetPID(regs*)
                0x00000000c00193ea                sysCallSeekDir(regs*)
                0x00000000c00193ef                sysCallTellDir(regs*)
                0x00000000c00193f4                sysCallVerify(regs*)
                0x00000000c00193fe                sysCallFork(regs*)
                0x00000000c0019409                sysCallExecve(regs*)
                0x00000000c0019414                sysCallGetArgc(regs*)
                0x00000000c0019424                sysFormatDisk(regs*)
                0x00000000c001948e                sysSetDiskVolumeLabel(regs*)
                0x00000000c00194d4                sysGetDiskVolumeLabel(regs*)
                0x00000000c0019525                sysShutdown(regs*)
                0x00000000c0019583                sysCallGetCwd(regs*)
                0x00000000c00195a2                sysCallSetCwd(regs*)
                0x00000000c00195be                sysCallRealpath(regs*)
                0x00000000c0019601                sysCallReadDir(regs*)
                0x00000000c001968f                sysCallIsATTY(regs*)
                0x00000000c00196e9                sysCallSeek(regs*)
                0x00000000c0019752                sysCallTell(regs*)
                0x00000000c00197cf                sysCallSizeFromFilename(regs*)
                0x00000000c0019880                sysCallSize(regs*)
                0x00000000c0019903                sysCallClose(regs*)
                0x00000000c001998b                sysCallOpenDir(regs*)
                0x00000000c00199f8                sysCallMakeDir(regs*)
                0x00000000c0019a51                sysCallCloseDir(regs*)
                0x00000000c0019ab7                sysCallWait(regs*)
                0x00000000c0019ad1                sysCallRmdir(regs*)
                0x00000000c0019b23                sysCallUnlink(regs*)
                0x00000000c0019b75                sysCallGetArgv(regs*)
                0x00000000c0019bc1                sysCallTTYName(regs*)
                0x00000000c0019c44                sysCallGetEnv(regs*)
                0x00000000c0019c96                sysCallUSleep(regs*)
                0x00000000c0019cbd                sysCallSpawn(regs*)
                0x00000000c0019d15                sysAppSettings(regs*)
                0x00000000c0019e34                sysSetFatAttrib(regs*)
                0x00000000c0019e94                sysPanic(regs*)
                0x00000000c0019eba                sysPipe(regs*)
                0x00000000c0019eff                sysGetUnixTime(regs*)
                0x00000000c0019f13                string_ends_with(char const*, char const*)
                0x00000000c0019f5b                sysCallOpen(regs*)
                0x00000000c001a168                setupSystemCalls()
                0x00000000c001a321                systemCall(regs*, void*)
 .text          0x00000000c001a363     0x11c7 thr/elf.32
                0x00000000c001a363                Thr::allocateMemoryForTask(Process*, File*, unsigned long, unsigned long, unsigned long)
                0x00000000c001a5e0                Thr::loadProgramIntoMemory(Process*, char const*)
                0x00000000c001a7f6                Thr::runtimeReferenceHelper()
                0x00000000c001a809                Thr::getAddressOfKernelSymbol(char const*)
                0x00000000c001a858                Thr::loadKernelSymbolTable(char const*)
                0x00000000c001ab19                Thr::loadDriverIntoMemory(char const*, unsigned long, bool)
                0x00000000c001b2b7                Thr::getDriverBaseFromAddress(unsigned long)
                0x00000000c001b2e9                Thr::getDriverNameFromAddress(unsigned long)
                0x00000000c001b320                Thr::getDriverOffsetFromAddress(unsigned long)
                0x00000000c001b33a                Thr::loadDLL(char const*, bool)
                0x00000000c001b500                Thr::executeDLL(unsigned long, void*)
 .text          0x00000000c001b52a      0xfd8 thr/prcssthr.32
                0x00000000c001b52a                changeTSS
                0x00000000c001b55a                Process::addArgs(char**)
                0x00000000c001b5b4                Process::Process(char const*, Process*, char**)
                0x00000000c001b5b4                Process::Process(char const*, Process*, char**)
                0x00000000c001b76c                Process::Process(bool, char const*, Process*, char**)
                0x00000000c001b76c                Process::Process(bool, char const*, Process*, char**)
                0x00000000c001b8ef                disableIRQs()
                0x00000000c001b8f7                getIRQNestingLevel()
                0x00000000c001b8fd                enableIRQs()
                0x00000000c001b90c                lockScheduler()
                0x00000000c001b90e                unlockScheduler()
                0x00000000c001b910                userModeEntryPoint(void*)
                0x00000000c001b933                lockStuff()
                0x00000000c001b93f                taskStartupFunction
                0x00000000c001b948                updateTimeUsed()
                0x00000000c001b9ad                switchToThread(ThreadControlBlock*)
                0x00000000c001b9fe                Semaphore::Semaphore(int)
                0x00000000c001b9fe                Semaphore::Semaphore(int)
                0x00000000c001ba2c                Mutex::Mutex()
                0x00000000c001ba2c                Mutex::Mutex()
                0x00000000c001ba3e                Process::createThread(void (*)(void*), void*, int)
                0x00000000c001bb22                Process::createUserThread()
                0x00000000c001bb3e                setupMultitasking(void (*)())
                0x00000000c001bc48                schedule()
                0x00000000c001bccd                unlockStuff()
                0x00000000c001bd02                Semaphore::tryAcquire()
                0x00000000c001bd30                Semaphore::assertLocked(char const*)
                0x00000000c001bd60                blockTaskWithSchedulerLockAlreadyHeld(TaskState)
                0x00000000c001bda2                blockTask(TaskState)
                0x00000000c001bdc3                waitTask(int, int*, int)
                0x00000000c001be05                nanoSleepUntil(unsigned long long)
                0x00000000c001be5c                nanoSleep(unsigned long long)
                0x00000000c001be71                sleep(unsigned long long)
                0x00000000c001be8e                Semaphore::acquire()
                0x00000000c001bef6                taskReturned
                0x00000000c001bf24                unblockTask(ThreadControlBlock*)
                0x00000000c001bfd3                cleanupTerminatedTask(ThreadControlBlock*)
                0x00000000c001c277                cleanerTaskFunction(void*)
                0x00000000c001c32a                terminateTask(int)
                0x00000000c001c40a                Thr::terminateFromIRQ(int)
                0x00000000c001c416                Semaphore::release()
 .text          0x00000000c001c502      0x8bf vm86/vm8086.32
                0x00000000c001c502                Vm::vm8086EntryPoint(void*)
                0x00000000c001c52d                Vm::inbv(unsigned short)
                0x00000000c001c533                Vm::outbv(unsigned short, unsigned char)
                0x00000000c001c53d                Vm::realToLinear(unsigned short, unsigned short)
                0x00000000c001c54d                Vm::getSegment(unsigned int)
                0x00000000c001c555                Vm::getOffset(unsigned int)
                0x00000000c001c55a                Vm::loadFileAsThread(Process*, char const*, unsigned short, unsigned short, unsigned short, unsigned short)
                0x00000000c001c689                Vm::doISR(regs*, int, unsigned char*, unsigned short, unsigned short)
                0x00000000c001c713                Vm::readByteFromReal(unsigned short, unsigned short)
                0x00000000c001c724                Vm::readWordFromReal(unsigned short, unsigned short)
                0x00000000c001c736                Vm::readDwordFromReal(unsigned short, unsigned short)
                0x00000000c001c747                Vm::writeByteFromReal(unsigned short, unsigned short, unsigned char)
                0x00000000c001c75c                Vm::writeWordFromReal(unsigned short, unsigned short, unsigned short)
                0x00000000c001c772                Vm::writeDwordFromReal(unsigned short, unsigned short, unsigned int)
                0x00000000c001c787                Vm::faultHandler(regs*)
 .text          0x00000000c001cdc1      0xefd vm86/x87em.32
                0x00000000c001cdc1                Vm::fpuInternalTo32(unsigned long long)
                0x00000000c001ce1c                Vm::fpuInternalTo64(unsigned long long)
                0x00000000c001ce25                Vm::fpu32ToInternal(unsigned int)
                0x00000000c001ce6a                Vm::fpu64ToInternal(unsigned long long)
                0x00000000c001ce73                Vm::fpuFloatToLong(unsigned long long)
                0x00000000c001cece                Vm::fpuULongToFloat(unsigned long long)
                0x00000000c001cf04                Vm::fpuLongToFloat(long long)
                0x00000000c001cf5a                Vm::fpuGet0()
                0x00000000c001cf5f                Vm::fpuGet1()
                0x00000000c001cf67                Vm::fpuGetPi()
                0x00000000c001cf6f                Vm::fpuGetLog2E()
                0x00000000c001cf87                Vm::fpuGetLogE2()
                0x00000000c001cf9f                Vm::fpuGetLog210()
                0x00000000c001cfb7                Vm::fpuGetLog102()
                0x00000000c001cfcf                Vm::fpuIsSecondLarger(unsigned long long, unsigned long long)
                0x00000000c001cfe3                Vm::fpuAreEqual(unsigned long long, unsigned long long)
                0x00000000c001cff9                Vm::fpuUnorderedCompare(unsigned long long, unsigned long long)
                0x00000000c001d04c                Vm::fpuAdd(unsigned long long, unsigned long long)
                0x00000000c001d05d                Vm::fpuAbs(unsigned long long)
                0x00000000c001d066                Vm::fpuChs(unsigned long long)
                0x00000000c001d076                Vm::fpuSub(unsigned long long, unsigned long long)
                0x00000000c001d085                Vm::fpuMultiply(unsigned long long, unsigned long long)
                0x00000000c001d0a4                Vm::fpuDivide(unsigned long long, unsigned long long)
                0x00000000c001d0c0                Vm::fpuSquare(unsigned long long)
                0x00000000c001d0d6                Vm::fpuGetReg(int)
                0x00000000c001d119                Vm::fpuSetReg(int, unsigned long long)
                0x00000000c001d164                Vm::fpuPush(unsigned long long)
                0x00000000c001d1c1                Vm::fpuPop()
                0x00000000c001d213                Vm::x87Handler(regs*)
 .text          0x00000000c001dcbe     0x10ed fs/fat/vfslink.32
                0x00000000c001dcbe                FAT::getName()
                0x00000000c001dcc4                FAT::tell(void*, unsigned long long*)
                0x00000000c001dcf8                FAT::stat(void*, unsigned long long*)
                0x00000000c001dd2c                FAT::~FAT()
                0x00000000c001dd2c                FAT::~FAT()
                0x00000000c001dd50                FAT::~FAT()
                0x00000000c001dd78                FAT::getlabel(LogicalDisk*, int, char*, unsigned int*)
                0x00000000c001de16                FAT::setlabel(LogicalDisk*, int, char*)
                0x00000000c001ded0                FAT::format(LogicalDisk*, int, char const*, int)
                0x00000000c001e0b4                FAT::tryMount(LogicalDisk*, int)
                0x00000000c001e2ba                FAT::readDir(void*, unsigned long, void*, int*)
                0x00000000c001e3c0                FAT::read(void*, unsigned long, void*, int*)
                0x00000000c001e41a                FAT::write(void*, unsigned long, void*, int*)
                0x00000000c001e474                FAT::close(void*)
                0x00000000c001e4c0                FAT::closeDir(void*)
                0x00000000c001e50c                FAT::seek(void*, unsigned long long)
                0x00000000c001e560                fatWrapperReadDisk
                0x00000000c001e5a7                fatWrapperWriteDisk
                0x00000000c001e5ee                fatWrapperIoctl
                0x00000000c001e6f2                FAT::FAT()
                0x00000000c001e6f2                FAT::FAT()
                0x00000000c001e744                FAT::fixFilepath(char*)
                0x00000000c001e77c                FAT::open(char const*, void**, FileOpenMode)
                0x00000000c001e8a4                FAT::openDir(char const*, void**)
                0x00000000c001e94a                FAT::stat(char const*, unsigned long long*, bool*)
                0x00000000c001ea34                FAT::unlink(char const*)
                0x00000000c001eaae                FAT::chfatattr(char const*, unsigned char, unsigned char)
                0x00000000c001ec02                FAT::rename(char const*, char const*)
                0x00000000c001ecc6                FAT::mkdir(char const*)
                0x00000000c001ed40                FAT::exists(char const*)
 *fill*         0x00000000c001edab        0x1 
 .text          0x00000000c001edac      0xbdf fs/iso9660/vfslink.32
                0x00000000c001edac                ISO9660::format(LogicalDisk*, int, char const*, int)
                0x00000000c001edb2                ISO9660::seek(void*, unsigned long long)
                0x00000000c001ede2                ISO9660::tell(void*, unsigned long long*)
                0x00000000c001ee06                ISO9660::getName()
                0x00000000c001ee0c                ISO9660::stat(void*, unsigned long long*)
                0x00000000c001ee30                ISO9660::chfatattr(char const*, unsigned char, unsigned char)
                0x00000000c001ee36                ISO9660::unlink(char const*)
                0x00000000c001ee3c                ISO9660::write(void*, unsigned long, void*, int*)
                0x00000000c001ee42                ISO9660::rename(char const*, char const*)
                0x00000000c001ee48                ISO9660::mkdir(char const*)
                0x00000000c001ee4e                ISO9660::close(void*)
                0x00000000c001ee70                ISO9660::closeDir(void*)
                0x00000000c001ee92                ISO9660::~ISO9660()
                0x00000000c001ee92                ISO9660::~ISO9660()
                0x00000000c001eeb6                ISO9660::~ISO9660()
                0x00000000c001eedd                __memmem(unsigned char*, int, unsigned char*, int)
                0x00000000c001ef1f                readSectorFromCDROM(unsigned int, unsigned char*, char)
                0x00000000c001ef86                ISO9660::tryMount(LogicalDisk*, int)
                0x00000000c001efd6                ISO9660::read(void*, unsigned long, void*, int*)
                0x00000000c001f21a                ISO9660::readDir(void*, unsigned long, void*, int*)
                0x00000000c001f4a7                readRoot(unsigned int*, unsigned int*, char)
                0x00000000c001f4fc                readRecursively(char*, unsigned int, unsigned int, unsigned int*, unsigned int*, char, int*)
                0x00000000c001f6cf                getFileData(char*, unsigned int*, unsigned int*, char, int*)
                0x00000000c001f75e                ISO9660::open(char const*, void**, FileOpenMode)
                0x00000000c001f7f8                ISO9660::exists(char const*)
                0x00000000c001f81c                ISO9660::stat(char const*, unsigned long long*, bool*)
                0x00000000c001f8b0                ISO9660::openDir(char const*, void**)
                0x00000000c001f968                ISO9660::ISO9660()
                0x00000000c001f968                ISO9660::ISO9660()
 *fill*         0x00000000c001f98b        0x1 
 .text          0x00000000c001f98c      0x326 hal/sound/sndchannel.32
                0x00000000c001f98c                SoundChannel::~SoundChannel()
                0x00000000c001f98c                SoundChannel::~SoundChannel()
                0x00000000c001f9a8                SoundChannel::setSpeed(float)
                0x00000000c001f9b4                SoundChannel::getSpeed()
                0x00000000c001f9bc                SoundChannel::setVolume(int)
                0x00000000c001f9d8                SoundChannel::getVolume()
                0x00000000c001f9e0                SoundChannel::pause()
                0x00000000c001f9ea                SoundChannel::SoundChannel(int, int, int, int)
                0x00000000c001f9ea                SoundChannel::SoundChannel(int, int, int, int)
                0x00000000c001fb40                SoundChannel::play()
                0x00000000c001fb4a                SoundChannel::paused()
                0x00000000c001fb52                SoundChannel::getSampleRate()
                0x00000000c001fb5a                SoundChannel::getBits()
                0x00000000c001fb62                SoundChannel::getBufferUsed()
                0x00000000c001fb6a                SoundChannel::getBufferSize()
                0x00000000c001fb72                SoundChannel::unbuffer(float*, int, int)
                0x00000000c001fc12                SoundChannel::buffer8(unsigned char*, int)
 .text          0x00000000c001fcb2      0x3d5 hal/sound/sndhw.32
                0x00000000c001fcb2                SoundDevice::SoundDevice(char const*)
                0x00000000c001fcb2                SoundDevice::SoundDevice(char const*)
                0x00000000c001fd1e                SoundDevice::~SoundDevice()
                0x00000000c001fd1e                SoundDevice::~SoundDevice()
                0x00000000c001fd98                SoundDevice::~SoundDevice()
                0x00000000c001fdc2                SoundDevice::getFreeChannelNum()
                0x00000000c001fddc                SoundDevice::addChannel(SoundChannel*)
                0x00000000c001fe4c                SoundDevice::removeChannel(int)
                0x00000000c001fe7e                SoundDevice::floatTo8(float*, unsigned char*, int)
                0x00000000c001ff66                SoundDevice::getAudio(int, float*, float*)
 .text          0x00000000c0020087        0x0 hw/bus/isa.32
 *fill*         0x00000000c0020087        0x1 
 .text          0x00000000c0020088      0x6c1 hw/bus/pci.32
                0x00000000c0020088                PCI::open(int, int, void*)
                0x00000000c002009c                PCI::close(int, int, void*)
                0x00000000c00200a0                PCI::PCI()
                0x00000000c00200a0                PCI::PCI()
                0x00000000c0020120                PCI::pciReadWord(unsigned char, unsigned char, unsigned char, unsigned char)
                0x00000000c0020168                PCI::getVendorID(unsigned char, unsigned char, unsigned char)
                0x00000000c002018a                PCI::getHeaderType(unsigned char, unsigned char, unsigned char)
                0x00000000c00201ae                PCI::getClassCode(unsigned char, unsigned char, unsigned char)
                0x00000000c00201f2                PCI::getProgIF(unsigned char, unsigned char, unsigned char)
                0x00000000c0020216                PCI::getRevisionID(unsigned char, unsigned char, unsigned char)
                0x00000000c0020238                PCI::getInterruptNumber(unsigned char, unsigned char, unsigned char)
                0x00000000c002025a                PCI::getSecondaryBus(unsigned char, unsigned char, unsigned char)
                0x00000000c002027e                PCI::getBARAddress(unsigned char, unsigned char, unsigned char, unsigned char)
                0x00000000c00202de                PCI::pciWriteWord(unsigned char, unsigned char, unsigned char, unsigned char, unsigned short)
                0x00000000c002034a                PCI::checkBus(unsigned char)
                0x00000000c002036e                PCI::foundDevice(PCIDeviceInfo)
                0x00000000c00204de                PCI::getDeviceData(unsigned char, unsigned char, unsigned char)
                0x00000000c002068a                PCI::checkDevice(unsigned char, unsigned char)
                0x00000000c00206f6                PCI::detect()
 *fill*         0x00000000c0020749        0x1 
 .text          0x00000000c002074a      0xc70 hw/diskctrl/ide.32
                0x00000000c002074a                IDE::close(int, int, void*)
                0x00000000c002074e                IDE::IDE()
                0x00000000c002074e                IDE::IDE()
                0x00000000c0020782                IDE::prepareInterrupt(unsigned char)
                0x00000000c0020794                selectDrive(unsigned char, unsigned char)
                0x00000000c0020796                IDE::getBase(unsigned char)
                0x00000000c00207a8                IDE::write(unsigned char, unsigned char, unsigned char)
                0x00000000c0020868                IDE::read(unsigned char, unsigned char)
                0x00000000c0020916                IDE::waitInterrupt(unsigned char)
                0x00000000c002097c                ideChannel0IRQHandler(regs*, void*)
                0x00000000c0020998                ideChannel1IRQHandler(regs*, void*)
                0x00000000c00209b4                IDE::enableIRQs(unsigned char, bool)
                0x00000000c00209fa                IDE::open(int, int, void*)
                0x00000000c0020e0a                IDE::readBuffer(unsigned char, unsigned char, unsigned int, unsigned int)
                0x00000000c0020ed6                IDE::detect()
                0x00000000c00211be                IDE::printError(unsigned char, unsigned char, unsigned char)
                0x00000000c0021354                IDE::polling(unsigned char, unsigned int)
 .text          0x00000000c00213ba      0x62b hw/diskphys/ata.32
                0x00000000c00213ba                ATA::close(int, int, void*)
                0x00000000c00213de                ATA::powerSaving(PowerSavingLevel)
                0x00000000c00213e0                ATA::ATA()
                0x00000000c00213e0                ATA::ATA()
                0x00000000c002140e                ATA::flush(bool)
                0x00000000c0021458                ATA::readyForCommand()
                0x00000000c00214a8                ATA::access(unsigned long long, int, void*, bool)
                0x00000000c0021826                ATA::read(unsigned long long, int, void*)
                0x00000000c002188e                ATA::write(unsigned long long, int, void*)
                0x00000000c00218f6                ATA::detectCHS()
                0x00000000c0021920                ATA::open(int, int, void*)
 *fill*         0x00000000c00219e5        0x1 
 .text          0x00000000c00219e6      0x5b3 hw/diskphys/atapi.32
                0x00000000c00219e6                ATAPI::write(unsigned long long, int, void*)
                0x00000000c00219ec                ATAPI::close(int, int, void*)
                0x00000000c0021a10                ATAPI::ATAPI()
                0x00000000c0021a10                ATAPI::ATAPI()
                0x00000000c0021a3e                ATAPI::readyForCommand()
                0x00000000c0021a8e                ATAPI::sendPacket(unsigned char*, int, bool, unsigned short*, int)
                0x00000000c0021d4e                ATAPI::diskRemoved()
                0x00000000c0021d6a                ATAPI::eject()
                0x00000000c0021db0                ATAPI::diskInserted()
                0x00000000c0021dde                ATAPI::detectMedia()
                0x00000000c0021e9a                ATAPI::open(int, int, void*)
                0x00000000c0021f1a                ATAPI::read(unsigned long long, int, void*)
 *fill*         0x00000000c0021f99        0x1 
 .text          0x00000000c0021f9a       0x8e hw/fpu/avx.32
                0x00000000c0021f9a                AVX::open(int, int, void*)
                0x00000000c0021fac                AVX::close(int, int, void*)
                0x00000000c0021fbe                AVX::available()
                0x00000000c0021fd0                AVX::save(void*)
                0x00000000c0021fe8                AVX::load(void*)
                0x00000000c0022000                AVX::AVX()
                0x00000000c0022000                AVX::AVX()
 .text          0x00000000c0022028       0x90 hw/fpu/mmx.32
                0x00000000c0022028                MMX::available()
                0x00000000c002203c                MMX::open(int, int, void*)
                0x00000000c002204e                MMX::close(int, int, void*)
                0x00000000c0022060                MMX::save(void*)
                0x00000000c0022078                MMX::load(void*)
                0x00000000c0022090                MMX::MMX()
                0x00000000c0022090                MMX::MMX()
 .text          0x00000000c00220b8       0x96 hw/fpu/sse.32
                0x00000000c00220b8                SSE::open(int, int, void*)
                0x00000000c00220ca                SSE::close(int, int, void*)
                0x00000000c00220dc                SSE::available()
                0x00000000c00220f6                SSE::save(void*)
                0x00000000c002210e                SSE::load(void*)
                0x00000000c0022126                SSE::SSE()
                0x00000000c0022126                SSE::SSE()
 .text          0x00000000c002214e       0x8e hw/fpu/x87.32
                0x00000000c002214e                x87::open(int, int, void*)
                0x00000000c0022160                x87::close(int, int, void*)
                0x00000000c0022172                x87::available()
                0x00000000c0022184                x87::save(void*)
                0x00000000c002219c                x87::load(void*)
                0x00000000c00221b4                x87::x87()
                0x00000000c00221b4                x87::x87()
 .text          0x00000000c00221dc      0x712 hw/intctrl/apic.32
                0x00000000c00221dc                APIC::disable()
                0x00000000c00221de                APIC::close(int, int, void*)
                0x00000000c0022200                IOAPIC::close(int, int, void*)
                0x00000000c0022206                APIC::io_wait()
                0x00000000c002220c                APIC::getBase()
                0x00000000c002224e                APIC::eoi(unsigned char)
                0x00000000c002227c                APIC::open(int, int, void*)
                0x00000000c00223ca                IOAPIC::IOAPIC()
                0x00000000c00223ca                IOAPIC::IOAPIC()
                0x00000000c00223f2                APIC::APIC()
                0x00000000c00223f2                APIC::APIC()
                0x00000000c00224c2                IOAPIC::handlesGSIWithNumber(unsigned int)
                0x00000000c00224f4                IOAPIC::read(int)
                0x00000000c002251c                IOAPIC::open(int, int, void*)
                0x00000000c0022612                IOAPIC::write(int, int)
                0x00000000c002263e                IOAPIC::redirect(unsigned char, unsigned long long, unsigned char, bool, bool)
                0x00000000c0022738                APIC::installIRQHandler(int, void (*)(regs*, void*), bool, void*)
 .text          0x00000000c00228ee      0x3d3 hw/intctrl/pic.32
                0x00000000c00228ee                PIC::disable()
                0x00000000c002291c                PIC::close(int, int, void*)
                0x00000000c002293e                PIC::PIC()
                0x00000000c002293e                PIC::PIC()
                0x00000000c0022a14                PIC::ioWait()
                0x00000000c0022a1a                PIC::getIRQReg(int)
                0x00000000c0022a84                PIC::eoi(unsigned char)
                0x00000000c0022b16                PIC::remap()
                0x00000000c0022c82                PIC::open(int, int, void*)
 *fill*         0x00000000c0022cc1        0x1 
 .text          0x00000000c0022cc2      0x25e hw/timer/apictimer.32
                0x00000000c0022cc2                APICTimer::close(int, int, void*)
                0x00000000c0022cc8                apicTimerHandler(regs*, void*)
                0x00000000c0022cf6                APICTimer::write(int)
                0x00000000c0022dfa                APICTimer::open(int, int, void*)
                0x00000000c0022ef8                APICTimer::APICTimer()
                0x00000000c0022ef8                APICTimer::APICTimer()
 .text          0x00000000c0022f20      0x1a7 hw/timer/pit.32
                0x00000000c0022f20                PIT::write(int)
                0x00000000c0022f9e                pitHandler(regs*, void*)
                0x00000000c0022fca                PIT::open(int, int, void*)
                0x00000000c0023018                PIT::close(int, int, void*)
                0x00000000c0023048                PIT::PIT()
                0x00000000c0023048                PIT::PIT()
 *fill*         0x00000000c00230c7        0x9 
 .text          0x00000000c00230d0        0xa hw/fpu/x86/avx.32
                0x00000000c00230d0                avxDetect
                0x00000000c00230d6                avxSave
                0x00000000c00230d7                avxLoad
                0x00000000c00230d8                avxInit
                0x00000000c00230d9                avxClose
 *fill*         0x00000000c00230da        0x6 
 .text          0x00000000c00230e0       0x38 hw/fpu/x86/sse.32
                0x00000000c00230e0                sseDetect
                0x00000000c00230fb                sseSave
                0x00000000c0023101                sseLoad
                0x00000000c0023107                sseInit
                0x00000000c0023117                sseClose
 *fill*         0x00000000c0023118        0x8 
 .text          0x00000000c0023120       0x47 hw/fpu/x86/x87.32
                0x00000000c0023126                x87Detect
                0x00000000c0023141                x87Save
                0x00000000c0023147                x87Load
                0x00000000c002314c                x87Init
                0x00000000c0023166                x87Close
 *fill*         0x00000000c0023167        0x1 
 .text          0x00000000c0023168       0x25 /cygdrive/d/Users/Alex/Desktop/Toolchain/Output/bin/../lib/gcc/i386-banana/8.1.0/crtend.o
 .text          0x00000000c002318d        0x0 crtn.32
 *fill*         0x00000000c002318d        0x3 
 .text          0x00000000c0023190      0x14b /cygdrive/d/Users/Alex/Desktop/Toolchain/Output/bin/../lib/gcc/i386-banana/8.1.0/libkgcc.a(_divdi3.o)
                0x00000000c0023190                __divdi3
 *fill*         0x00000000c00232db        0x1 
 .text          0x00000000c00232dc      0x17e /cygdrive/d/Users/Alex/Desktop/Toolchain/Output/bin/../lib/gcc/i386-banana/8.1.0/libkgcc.a(_moddi3.o)
                0x00000000c00232dc                __moddi3
 *fill*         0x00000000c002345a        0x2 
 .text          0x00000000c002345c       0xff /cygdrive/d/Users/Alex/Desktop/Toolchain/Output/bin/../lib/gcc/i386-banana/8.1.0/libkgcc.a(_udivdi3.o)
                0x00000000c002345c                __udivdi3
 *fill*         0x00000000c002355b        0x1 
 .text          0x00000000c002355c      0x11a /cygdrive/d/Users/Alex/Desktop/Toolchain/Output/bin/../lib/gcc/i386-banana/8.1.0/libkgcc.a(_umoddi3.o)
                0x00000000c002355c                __umoddi3
 .text          0x00000000c0023676      0x96d D:/Users/Alex/Desktop/Banana/kernel/libsoftfp.a(sfieeelib.o)
                0x00000000c0023676                __addsf3
                0x00000000c0023978                __subsf3
                0x00000000c002398c                __negsf2
                0x00000000c0023999                __mulsf3
                0x00000000c0023b5c                __divsf3
                0x00000000c0023d87                __floatsisf
                0x00000000c0023dfb                __floatunsisf
                0x00000000c0023e3d                __fixsfsi
                0x00000000c0023e9f                __fixunssfsi
                0x00000000c0023ed0                __cmpsf2
                0x00000000c0023f65                __eqsf2
                0x00000000c0023fa0                __nesf2
                0x00000000c0023fa2                __gtsf2
                0x00000000c0023fdd                __gesf2
                0x00000000c0023fdf                __ltsf2
                0x00000000c0023fe1                __lesf2
 .text          0x00000000c0023fe3      0xf50 D:/Users/Alex/Desktop/Banana/kernel/libsoftfp.a(dfieeelib.o)
                0x00000000c0023fe3                __adddf3
                0x00000000c0024634                __subdf3
                0x00000000c002464f                __negdf2
                0x00000000c0024660                __muldf3
                0x00000000c0024944                __divdf3
                0x00000000c0024cc3                __floatsidf
                0x00000000c0024d1e                __floatunsidf
                0x00000000c0024d5c                __fixdfsi
                0x00000000c0024dc9                __fixunsdfsi
                0x00000000c0024e05                __cmpdf2
                0x00000000c0024ef3                __eqdf2
                0x00000000c0024f0f                __nedf2
                0x00000000c0024f11                __gtdf2
                0x00000000c0024f2d                __gedf2
                0x00000000c0024f2f                __ltdf2
                0x00000000c0024f31                __ledf2
 .text          0x00000000c0024f33      0x18d D:/Users/Alex/Desktop/Banana/kernel/libsoftfp.a(sfdfcvt.o)
                0x00000000c0024f33                __truncdfsf2
                0x00000000c0025057                __extendsfdf2
 .text          0x00000000c00250c0       0x1e D:/Users/Alex/Desktop/Banana/kernel/libk/libm32.a(s_fabs.c.o)
                0x00000000c00250c0                fabs
 *fill*         0x00000000c00250de        0x2 
 .text          0x00000000c00250e0        0xc D:/Users/Alex/Desktop/Banana/kernel/libk/libm32.a(s_lrint.S.o)
                0x00000000c00250e0                lrint
 .text          0x00000000c00250ec        0xc D:/Users/Alex/Desktop/Banana/kernel/libk/libm32.a(s_lrintf.S.o)
                0x00000000c00250ec                lrintf
 *(.gnu.linkonce.t*)

.iplt           0x00000000c00250f8        0x0
 .iplt          0x00000000c00250f8        0x0 D:/Users/Alex/Desktop/Banana/kernel/boot.32

.init           0x00000000c00250f8        0xf
 .init          0x00000000c00250f8        0x3 crti.32
                0x00000000c00250f8                _init
 .init          0x00000000c00250fb        0x5 /cygdrive/d/Users/Alex/Desktop/Toolchain/Output/bin/../lib/gcc/i386-banana/8.1.0/crtbegin.o
 .init          0x00000000c0025100        0x5 /cygdrive/d/Users/Alex/Desktop/Toolchain/Output/bin/../lib/gcc/i386-banana/8.1.0/crtend.o
 .init          0x00000000c0025105        0x2 crtn.32

.fini           0x00000000c0025107        0xa
 .fini          0x00000000c0025107        0x3 crti.32
                0x00000000c0025107                _fini
 .fini          0x00000000c002510a        0x5 /cygdrive/d/Users/Alex/Desktop/Toolchain/Output/bin/../lib/gcc/i386-banana/8.1.0/crtbegin.o
 .fini          0x00000000c002510f        0x2 crtn.32

.text._ZN8ComputerD2Ev
                0x00000000c0025112       0x23
 .text._ZN8ComputerD2Ev
                0x00000000c0025112       0x23 core/computer.32
                0x00000000c0025112                Computer::~Computer()
                0x00000000c0025112                Computer::~Computer()

.text._ZN8ComputerD0Ev
                0x00000000c0025136       0x2a
 .text._ZN8ComputerD0Ev
                0x00000000c0025136       0x2a core/computer.32
                0x00000000c0025136                Computer::~Computer()

.text._Z10idleCommonv
                0x00000000c0025160       0x15
 .text._Z10idleCommonv
                0x00000000c0025160       0x15 core/idle.32
                0x00000000c0025160                idleCommon()

.text._ZN10LinkedListI8UnixFileED2Ev
                0x00000000c0025176        0x2
 .text._ZN10LinkedListI8UnixFileED2Ev
                0x00000000c0025176        0x2 core/unixfile.32
                0x00000000c0025176                LinkedList<UnixFile>::~LinkedList()
                0x00000000c0025176                LinkedList<UnixFile>::~LinkedList()

.text._ZN10LinkedListI8UnixFileEC2Ev
                0x00000000c0025178       0x58
 .text._ZN10LinkedListI8UnixFileEC2Ev
                0x00000000c0025178       0x58 core/unixfile.32
                0x00000000c0025178                LinkedList<UnixFile>::LinkedList()
                0x00000000c0025178                LinkedList<UnixFile>::LinkedList()

.text._ZN10LinkedListI8UnixFileE10addElementEPS0_
                0x00000000c00251d0       0xd3
 .text._ZN10LinkedListI8UnixFileE10addElementEPS0_
                0x00000000c00251d0       0xd3 core/unixfile.32
                0x00000000c00251d0                LinkedList<UnixFile>::addElement(UnixFile*)

.text._ZN10LinkedListI8UnixFileE15getFirstElementEv
                0x00000000c00252a4        0x7
 .text._ZN10LinkedListI8UnixFileE15getFirstElementEv
                0x00000000c00252a4        0x7 core/unixfile.32
                0x00000000c00252a4                LinkedList<UnixFile>::getFirstElement()

.text._ZN10LinkedListI8UnixFileE11removeFirstEv
                0x00000000c00252ac       0xa1
 .text._ZN10LinkedListI8UnixFileE11removeFirstEv
                0x00000000c00252ac       0xa1 core/unixfile.32
                0x00000000c00252ac                LinkedList<UnixFile>::removeFirst()

.text._ZN10LinkedListI8UnixFileE7getNextEPS0_
                0x00000000c002534e        0x8
 .text._ZN10LinkedListI8UnixFileE7getNextEPS0_
                0x00000000c002534e        0x8 core/unixfile.32
                0x00000000c002534e                LinkedList<UnixFile>::getNext(UnixFile*)

.text._ZN16DriverlessDeviceD2Ev
                0x00000000c0025356       0x1a
 .text._ZN16DriverlessDeviceD2Ev
                0x00000000c0025356       0x1a hal/device.32
                0x00000000c0025356                DriverlessDevice::~DriverlessDevice()
                0x00000000c0025356                DriverlessDevice::~DriverlessDevice()

.text._ZN16DriverlessDeviceD0Ev
                0x00000000c0025370       0x2a
 .text._ZN16DriverlessDeviceD0Ev
                0x00000000c0025370       0x2a hal/device.32
                0x00000000c0025370                DriverlessDevice::~DriverlessDevice()

.text._ZN10LinkedListI6DeviceE10addElementEPS0_
                0x00000000c002539a       0xdc
 .text._ZN10LinkedListI6DeviceE10addElementEPS0_
                0x00000000c002539a       0xdc hal/device.32
                0x00000000c002539a                LinkedList<Device>::addElement(Device*)

.text._ZN10LinkedListI6DeviceEC2Ev
                0x00000000c0025476       0x58
 .text._ZN10LinkedListI6DeviceEC2Ev
                0x00000000c0025476       0x58 hal/device.32
                0x00000000c0025476                LinkedList<Device>::LinkedList()
                0x00000000c0025476                LinkedList<Device>::LinkedList()

.text._ZN10LinkedListIV18ThreadControlBlockE15getFirstElementEv
                0x00000000c00254ce        0x7
 .text._ZN10LinkedListIV18ThreadControlBlockE15getFirstElementEv
                0x00000000c00254ce        0x7 hal/timer.32
                0x00000000c00254ce                LinkedList<ThreadControlBlock volatile>::getFirstElement()

.text._ZN10LinkedListIV18ThreadControlBlockE7isEmptyEv
                0x00000000c00254d6       0x1c
 .text._ZN10LinkedListIV18ThreadControlBlockE7isEmptyEv
                0x00000000c00254d6       0x1c hal/timer.32
                0x00000000c00254d6                LinkedList<ThreadControlBlock volatile>::isEmpty()

.text._ZN10LinkedListIV18ThreadControlBlockE11removeFirstEv
                0x00000000c00254f2       0xae
 .text._ZN10LinkedListIV18ThreadControlBlockE11removeFirstEv
                0x00000000c00254f2       0xae hal/timer.32
                0x00000000c00254f2                LinkedList<ThreadControlBlock volatile>::removeFirst()

.text._ZN10LinkedListIV18ThreadControlBlockE10addElementEPS1_
                0x00000000c00255a0       0xd3
 .text._ZN10LinkedListIV18ThreadControlBlockE10addElementEPS1_
                0x00000000c00255a0       0xd3 hal/timer.32
                0x00000000c00255a0                LinkedList<ThreadControlBlock volatile>::addElement(ThreadControlBlock volatile*)

.text._ZN4ACPID2Ev
                0x00000000c0025674       0x23
 .text._ZN4ACPID2Ev
                0x00000000c0025674       0x23 hw/acpi.32
                0x00000000c0025674                ACPI::~ACPI()
                0x00000000c0025674                ACPI::~ACPI()

.text._ZN4ACPID0Ev
                0x00000000c0025698       0x2a
 .text._ZN4ACPID0Ev
                0x00000000c0025698       0x2a hw/acpi.32
                0x00000000c0025698                ACPI::~ACPI()

.text._ZN3CPUD2Ev
                0x00000000c00256c2       0x23
 .text._ZN3CPUD2Ev
                0x00000000c00256c2       0x23 hw/cpu.32
                0x00000000c00256c2                CPU::~CPU()
                0x00000000c00256c2                CPU::~CPU()

.text._ZN3CPUD0Ev
                0x00000000c00256e6       0x2a
 .text._ZN3CPUD0Ev
                0x00000000c00256e6       0x2a hw/cpu.32
                0x00000000c00256e6                CPU::~CPU()

.text._ZN10LinkedListIV18ThreadControlBlockED2Ev
                0x00000000c0025710        0x2
 .text._ZN10LinkedListIV18ThreadControlBlockED2Ev