Archive member included to satisfy reference by file (symbol)

/cygdrive/d/Users/Alex/Desktop/Toolchain/Output/bin/../lib/gcc/i386-banana/8.1.0/libkgcc.a(_divdi3.o)
                              krnl/resolve.32 (__divdi3)
/cygdrive/d/Users/Alex/Desktop/Toolchain/Output/bin/../lib/gcc/i386-banana/8.1.0/libkgcc.a(_moddi3.o)
                              krnl/resolve.32 (__moddi3)
/cygdrive/d/Users/Alex/Desktop/Toolchain/Output/bin/../lib/gcc/i386-banana/8.1.0/libkgcc.a(_udivdi3.o)
                              hal/clock.32 (__udivdi3)
/cygdrive/d/Users/Alex/Desktop/Toolchain/Output/bin/../lib/gcc/i386-banana/8.1.0/libkgcc.a(_umoddi3.o)
                              core/pipe.32 (__umoddi3)

Allocating common symbols
Common symbol       size              file

dcache              0x40              fs/iso9660/iso9660.32
cdDriveLetter       0x1               fs/iso9660/iso9660.32
icache              0x40              fs/iso9660/iso9660.32

Discarded input sections

 .comment       0x0000000000000000       0x12 /cygdrive/d/Users/Alex/Desktop/Toolchain/Output/bin/../lib/gcc/i386-banana/8.1.0/crtbegin.o
 .comment       0x0000000000000000       0x12 acpica/utclib.32
 .comment       0x0000000000000000       0x12 core/malloc.32
 .comment       0x0000000000000000       0x12 libk/ctype.32
 .comment       0x0000000000000000       0x12 libk/string.32
 .comment       0x0000000000000000       0x12 fs/fat/diskio.32
 .comment       0x0000000000000000       0x12 fs/fat/ff.32
 .comment       0x0000000000000000       0x12 fs/fat/ffsystem.32
 .comment       0x0000000000000000       0x12 fs/fat/ffunicode.32
 .comment       0x0000000000000000       0x12 fs/iso9660/iso9660.32
 .group         0x0000000000000000       0x14 core/computer.32
 .group         0x0000000000000000        0xc core/computer.32
 .comment       0x0000000000000000       0x12 core/computer.32
 .comment       0x0000000000000000       0x12 core/gdt.32
 .group         0x0000000000000000        0xc core/idle.32
 .comment       0x0000000000000000       0x12 core/idle.32
 .comment       0x0000000000000000       0x12 core/idt.32
 .comment       0x0000000000000000       0x12 core/kheap.32
 .comment       0x0000000000000000       0x12 core/main.32
 .comment       0x0000000000000000       0x12 core/physmgr.32
 .group         0x0000000000000000        0xc core/pipe.32
 .comment       0x0000000000000000       0x12 core/pipe.32
 .group         0x0000000000000000        0xc core/terminal.32
 .comment       0x0000000000000000       0x12 core/terminal.32
 .comment       0x0000000000000000       0x12 core/tss.32
 .group         0x0000000000000000        0x8 core/unixfile.32
 .group         0x0000000000000000        0x8 core/unixfile.32
 .group         0x0000000000000000        0xc core/unixfile.32
 .group         0x0000000000000000        0x8 core/unixfile.32
 .group         0x0000000000000000        0xc core/unixfile.32
 .group         0x0000000000000000        0x8 core/unixfile.32
 .group         0x0000000000000000        0xc core/unixfile.32
 .group         0x0000000000000000        0xc core/unixfile.32
 .comment       0x0000000000000000       0x12 core/unixfile.32
 .comment       0x0000000000000000       0x12 core/virtmgr.32
 .comment       0x0000000000000000       0x12 coreobjs/c++.32
 .comment       0x0000000000000000       0x12 dbg/kconsole.32
 .group         0x0000000000000000        0xc fs/vfs.32
 .group         0x0000000000000000        0xc fs/vfs.32
 .group         0x0000000000000000        0xc fs/vfs.32
 .comment       0x0000000000000000       0x12 fs/vfs.32
 .group         0x0000000000000000        0xc hal/bus.32
 .comment       0x0000000000000000       0x12 hal/bus.32
 .comment       0x0000000000000000       0x12 hal/buzzer.32
 .group         0x0000000000000000        0xc hal/clock.32
 .comment       0x0000000000000000       0x12 hal/clock.32
 .group         0x0000000000000000       0x14 hal/device.32
 .group         0x0000000000000000        0xc hal/device.32
 .group         0x0000000000000000        0x8 hal/device.32
 .group         0x0000000000000000        0xc hal/device.32
 .group         0x0000000000000000        0xc hal/device.32
 .comment       0x0000000000000000       0x12 hal/device.32
 .group         0x0000000000000000        0xc hal/diskctrl.32
 .comment       0x0000000000000000       0x12 hal/diskctrl.32
 .group         0x0000000000000000        0xc hal/diskphys.32
 .comment       0x0000000000000000       0x12 hal/diskphys.32
 .comment       0x0000000000000000       0x12 hal/fpu.32
 .comment       0x0000000000000000       0x12 hal/intctrl.32
 .group         0x0000000000000000        0xc hal/keybrd.32
 .comment       0x0000000000000000       0x12 hal/keybrd.32
 .group         0x0000000000000000        0xc hal/logidisk.32
 .comment       0x0000000000000000       0x12 hal/logidisk.32
 .group         0x0000000000000000        0xc hal/mouse.32
 .comment       0x0000000000000000       0x12 hal/mouse.32
 .group         0x0000000000000000        0xc hal/nic.32
[...]
Memory Configuration

Name             Origin             Length             Attributes
*default*        0x0000000000000000 0xffffffffffffffff

Linker script and memory map

LOAD D:/Users/Alex/Desktop/Banana/kernel/boot.32
LOAD crti.32
LOAD /cygdrive/d/Users/Alex/Desktop/Toolchain/Output/bin/../lib/gcc/i386-banana/8.1.0/crtbegin.o
LOAD D:/Users/Alex/Desktop/Banana/kernel/morenasm.32
LOAD acpica/utclib.32
LOAD core/malloc.32
LOAD libk/ctype.32
LOAD libk/string.32
LOAD fs/fat/diskio.32
LOAD fs/fat/ff.32
LOAD fs/fat/ffsystem.32
LOAD fs/fat/ffunicode.32
LOAD fs/iso9660/iso9660.32
LOAD core/computer.32
LOAD core/gdt.32
LOAD core/idle.32
LOAD core/idt.32
LOAD core/kheap.32
LOAD core/main.32
LOAD core/physmgr.32
LOAD core/pipe.32
LOAD core/terminal.32
LOAD core/tss.32
LOAD core/unixfile.32
LOAD core/virtmgr.32
LOAD coreobjs/c++.32
LOAD dbg/kconsole.32
LOAD fs/vfs.32
LOAD hal/bus.32
LOAD hal/buzzer.32
LOAD hal/clock.32
LOAD hal/device.32
LOAD hal/diskctrl.32
LOAD hal/diskphys.32
LOAD hal/fpu.32
LOAD hal/intctrl.32
LOAD hal/keybrd.32
LOAD hal/logidisk.32
LOAD hal/mouse.32
LOAD hal/nic.32
LOAD hal/partition.32
LOAD hal/serial.32
LOAD hal/timer.32
LOAD hal/vcache.32
LOAD hal/video.32
LOAD hw/acpi.32
LOAD hw/cpu.32
LOAD krnl/bootmsg.32
LOAD krnl/env.32
LOAD krnl/inlines.32
LOAD krnl/panic.32
LOAD krnl/powctrl.32
LOAD krnl/random.32
LOAD krnl/resolve.32
LOAD krnl/signal.32
LOAD krnl/syscalls.32
LOAD net/ethernet.32
LOAD reg/cm.32
LOAD reg/registry.32
LOAD sys/eject.32
LOAD sys/exit.32
LOAD sys/getcwd.32
LOAD sys/getpid.32
LOAD sys/getramdata.32
LOAD sys/getvgaptr.32
LOAD sys/kill.32
LOAD sys/loaddll.32
LOAD sys/read.32
LOAD sys/registersignal.32
LOAD sys/registry.32
LOAD sys/sbrk.32
LOAD sys/setcwd.32
LOAD sys/settime.32
LOAD sys/timezone.32
LOAD sys/write.32
LOAD sys/wsbe.32
LOAD sys/yield.32
LOAD thr/elf.32
LOAD thr/prcssthr.32
LOAD vm86/vm8086.32
LOAD arch/i386/hal.32
LOAD arch/i386/pic.32
LOAD arch/i386/rtc.32
LOAD arch/i386/vga.32
LOAD fs/fat/vfslink.32
LOAD fs/iso9660/helper.32
LOAD fs/iso9660/vfslink.32
LOAD hal/sound/sndcard.32
LOAD hal/sound/sndport.32
LOAD hw/bus/isa.32
LOAD hw/bus/pci.32
LOAD hw/diskctrl/ide.32
LOAD hw/diskctrl/satabus.32
LOAD hw/diskphys/ata.32
LOAD hw/diskphys/atapi.32
LOAD hw/diskphys/sata.32
LOAD hw/diskphys/satapi.32
LOAD hw/intctrl/apic.32
LOAD hw/timer/apictimer.32
LOAD hw/timer/pit.32
LOAD arch/i386/avx.32
LOAD arch/i386/interrupt.32
LOAD arch/i386/rdrand.32
LOAD arch/i386/sse.32
LOAD arch/i386/x87.32
LOAD /cygdrive/d/Users/Alex/Desktop/Toolchain/Output/bin/../lib/gcc/i386-banana/8.1.0/crtend.o
LOAD crtn.32
LOAD /cygdrive/d/Users/Alex/Desktop/Toolchain/Output/bin/../lib/gcc/i386-banana/8.1.0/libkgcc.a
LOAD D:/Users/Alex/Desktop/Banana/kernel/libsoftfp.a
LOAD D:/Users/Alex/Desktop/Banana/kernel/libk/libm32.a
                0x00000000c0000000                . = 0xc0000000

.text           0x00000000c0000000    0x1e82a
 *(.text)
 .text          0x00000000c0000000       0x20 D:/Users/Alex/Desktop/Banana/kernel/boot.32
 .text          0x00000000c0000020        0x0 crti.32
 .text          0x00000000c0000020      0x101 /cygdrive/d/Users/Alex/Desktop/Toolchain/Output/bin/../lib/gcc/i386-banana/8.1.0/crtbegin.o
 *fill*         0x00000000c0000121        0xf 
 .text          0x00000000c0000130      0x24f D:/Users/Alex/Desktop/Banana/kernel/morenasm.32
                0x00000000c0000130                manualPCIProbe
                0x00000000c000017b                prepareTramp
                0x00000000c0000194                doTPAUSE
                0x00000000c000019e                hasLegacyFPU
                0x00000000c00001c3                is486
                0x00000000c00001f9                detectCPUID
                0x00000000c000020f                goToVM86
                0x00000000c000023f                goToUsermode
                0x00000000c0000269                switchToThreadASMFirstTime
                0x00000000c0000277                switchToThreadASM
                0x00000000c00002fc                asmQuickAcquireLock
                0x00000000c000031a                asmQuickReleaseLock
                0x00000000c0000326                asmAcquireLock
                0x00000000c0000347                asmReleaseLock
                0x00000000c000035a                loadGDT
                0x00000000c000037a                memcpy
 *fill*         0x00000000c000037f        0x1 
 .text          0x00000000c0000380      0x868 acpica/utclib.32
                0x00000000c0000380                memcmp
                0x00000000c00003d0                memmove
                0x00000000c00004f0                memset
                0x00000000c0000570                strlen
                0x00000000c00005a0                strpbrk
                0x00000000c00005f0                strtok
                0x00000000c0000640                strcpy
                0x00000000c0000680                strncpy
                0x00000000c0000750                strcmp
                0x00000000c00007a0                strchr
                0x00000000c00007e0                strncmp
                0x00000000c0000840                strcat
                0x00000000c0000870                strncat
                0x00000000c00008d0                strstr
                0x00000000c0000930                toupper
                0x00000000c0000950                tolower
                0x00000000c0000970                simple_strtoul
 .text          0x00000000c0000be8      0xfaa core/malloc.32
                0x00000000c0000d53                dlfree
                0x00000000c00010ab                dlmalloc
                0x00000000c00015e8                dlrealloc
                0x00000000c000178b                dlmemalign
                0x00000000c00018ae                dlcalloc
                0x00000000c0001948                dlcfree
                0x00000000c000194d                dlindependent_calloc
                0x00000000c0001972                dlindependent_comalloc
                0x00000000c0001989                dlvalloc
                0x00000000c00019b4                dlpvalloc
                0x00000000c00019ea                dlmalloc_trim
                0x00000000c00019f7                dlmalloc_usable_size
                0x00000000c0001a28                dlmallinfo
                0x00000000c0001af7                dlmalloc_stats
                0x00000000c0001b08                dlmallopt
 *fill*         0x00000000c0001b92        0x2 
 .text          0x00000000c0001b94      0x1f2 libk/ctype.32
                0x00000000c0001b94                isblank
                0x00000000c0001bb4                iscntrl
                0x00000000c0001bd4                isdigit
                0x00000000c0001bf0                islower
                0x00000000c0001c0c                isspace
                0x00000000c0001c34                isupper
                0x00000000c0001c50                isalpha
                0x00000000c0001c80                isalnum
                0x00000000c0001cb0                ispunct
                0x00000000c0001cf0                isgraph
                0x00000000c0001d20                isprint
                0x00000000c0001d48                isxdigit
 .text          0x00000000c0001d86        0x0 libk/string.32
 .text          0x00000000c0001d86       0x51 fs/fat/diskio.32
                0x00000000c0001d86                disk_status
                0x00000000c0001d89                disk_initialize
                0x00000000c0001d8c                disk_read
                0x00000000c0001da2                disk_write
                0x00000000c0001db8                disk_ioctl
 .text          0x00000000c0001dd7     0x3e46 fs/fat/ff.32
                0x00000000c0003bf8                f_mount
                0x00000000c0003c5a                f_open
                0x00000000c0003f1d                f_read
                0x00000000c000411c                f_write
                0x00000000c0004364                f_sync
                0x00000000c0004429                f_close
                0x00000000c0004458                f_lseek
                0x00000000c0004609                f_opendir
                0x00000000c00046d4                f_closedir
                0x00000000c00046f6                f_readdir
                0x00000000c0004788                f_stat
                0x00000000c0004807                f_getfree
                0x00000000c0004910                f_truncate
                0x00000000c00049fa                f_unlink
                0x00000000c0004b1c                f_mkdir
                0x00000000c0004cb7                f_rename
                0x00000000c0004e6f                f_chmod
                0x00000000c0004f1f                f_utime
                0x00000000c0004fcf                f_getlabel
                0x00000000c0005120                f_setlabel
                0x00000000c00052b0                f_expand
                0x00000000c000541d                f_mkfs
 *fill*         0x00000000c0005c1d        0x3 
 .text          0x00000000c0005c20       0x2f fs/fat/ffsystem.32
                0x00000000c0005c20                ff_memalloc
                0x00000000c0005c38                ff_memfree
 *fill*         0x00000000c0005c4f        0x1 
 .text          0x00000000c0005c50      0x2dc fs/fat/ffunicode.32
                0x00000000c0005c50                ff_uni2oem
                0x00000000c0005cf0                ff_oem2uni
                0x00000000c0005d68                ff_wtoupper
 .text          0x00000000c0005f2c      0xd32 fs/iso9660/iso9660.32
                0x00000000c0006177                isoReadDiscSector
                0x00000000c0006212                strnicmp
                0x00000000c00064c1                stricmp
                0x00000000c000650d                iso_open
                0x00000000c0006597                iso_close
                0x00000000c00065b5                iso_read
                0x00000000c00066cb                iso_seek
                0x00000000c000674f                iso_tell
                0x00000000c0006780                iso_total
                0x00000000c00067ab                fn_postprocess
                0x00000000c00067d2                iso_readdir
                0x00000000c0006a29                iso_reset
                0x00000000c0006a46                init_percd
                0x00000000c0006b40                iso_ioctl
                0x00000000c0006b58                fs_iso9660_init
                0x00000000c0006bee                fs_iso9660_shutdown
 .text          0x00000000c0006c5e      0x6bb core/computer.32
                0x00000000c0006c5e                Computer::close(int, int, void*)
                0x00000000c0006ca3                Krnl::firstTask()
                0x00000000c0006dde                Computer::Computer()
                0x00000000c0006dde                Computer::Computer()
                0x00000000c0006e8e                Computer::setBootMessage(char const*)
                0x00000000c0006e90                Computer::detectFeatures()
                0x00000000c00070b6                Computer::displayFeatures()
                0x00000000c00070b8                Computer::rdmsr(unsigned int)
                0x00000000c00070e4                Computer::wrmsr(unsigned int, unsigned long long)
                0x00000000c0007120                Computer::shutdown()
                0x00000000c0007138                Computer::restart()
                0x00000000c0007150                Computer::sleep()
                0x00000000c0007164                Computer::nmiEnabled()
                0x00000000c0007170                Computer::readCMOS(unsigned char)
                0x00000000c000718e                Computer::enableNMI(bool)
                0x00000000c00071a6                Computer::open(int, int, void*)
                0x00000000c000727a                Computer::disableNMI()
                0x00000000c000728a                Computer::writeCMOS(unsigned char, unsigned char)
                0x00000000c00072ae                Computer::handleNMI()
 *fill*         0x00000000c0007319        0x1 
 .text          0x00000000c000731a      0x1db core/gdt.32
                0x00000000c000731a                GDTEntry::setBase(unsigned int)
                0x00000000c0007336                GDTEntry::setLimit(unsigned int)
                0x00000000c0007354                GDT::GDT()
                0x00000000c0007354                GDT::GDT()
                0x00000000c000736a                GDT::addEntry(GDTEntry)
                0x00000000c000738c                GDT::getNumberOfEntries()
                0x00000000c0007394                GDT::flush()
                0x00000000c00073b6                GDT::setup()
 .text          0x00000000c00074f5       0x1d core/idle.32
                0x00000000c00074f5                idleFunction(void*)
 *fill*         0x00000000c0007512        0x2 
 .text          0x00000000c0007514      0x46c core/idt.32
                0x00000000c0007514                IDTEntry::IDTEntry(bool)
                0x00000000c0007514                IDTEntry::IDTEntry(bool)
                0x00000000c000758e                IDTEntry::setOffset(unsigned int)
                0x00000000c00075a4                IDT::IDT()
                0x00000000c00075a4                IDT::IDT()
                0x00000000c00075a6                IDT::getPointerToInvalidOpcodeEntryForF00F()
                0x00000000c00075ae                IDT::addEntry(IDTEntry, int)
                0x00000000c00075c8                IDT::addEntry(int, void (*)(), bool)
                0x00000000c0007600                IDT::flush()
                0x00000000c000761a                IDT::setup()
 .text          0x00000000c0007980      0x188 core/kheap.32
                0x00000000c0007980                sbrk
                0x00000000c0007a17                mmap
                0x00000000c0007a2d                munmap
                0x00000000c0007a43                liballoc_lock()
                0x00000000c0007a51                liballoc_unlock()
                0x00000000c0007a67                liballoc_alloc(int)
                0x00000000c0007a7f                liballoc_free(void*, int)
                0x00000000c0007a9a                realloc
                0x00000000c0007aae                malloc
                0x00000000c0007abe                free
                0x00000000c0007ace                rfree
                0x00000000c0007ade                calloc
 .text          0x00000000c0007b08       0xc3 core/main.32
                0x00000000c0007b08                KeEntryPoint
 .text          0x00000000c0007bcb      0x63a core/physmgr.32
                0x00000000c0007bcb                Phys::allocateDMA(unsigned long)
                0x00000000c0007cb3                Phys::freeDMA(unsigned long, unsigned long)
                0x00000000c0007cee                Phys::setPageState(unsigned long, bool)
                0x00000000c0007d2e                Phys::getPageState(unsigned long)
                0x00000000c0007d4a                Phys::freePage(unsigned long)
                0x00000000c0007db3                Phys::allocatePage()
                0x00000000c0007e82                Phys::allocateContiguousPages(int)
                0x00000000c0007ee9                Phys::allowSegmentToBeUsed(unsigned long, unsigned long)
                0x00000000c0007f21                Phys::physicalMemorySetup(unsigned int)
 *fill*         0x00000000c0008205        0x1 
 .text          0x00000000c0008206      0x273 core/pipe.32
                0x00000000c0008206                Pipe::isAtty()
                0x00000000c000820a                Pipe::~Pipe()
                0x00000000c000820a                Pipe::~Pipe()
                0x00000000c000822e                Pipe::~Pipe()
                0x00000000c0008256                Pipe::write(unsigned long long, void*, int*)
                0x00000000c0008316                Pipe::read(unsigned long long, void*, int*)
                0x00000000c0008412                Pipe::Pipe(int)
                0x00000000c0008412                Pipe::Pipe(int)
 *fill*         0x00000000c0008479        0x1 
 .text          0x00000000c000847a      0xad8 core/terminal.32
                0x00000000c000847a                VgaText::isAtty()
                0x00000000c000847e                VgaText::~VgaText()
                0x00000000c000847e                VgaText::~VgaText()
                0x00000000c00084a2                VgaText::~VgaText()
                0x00000000c00084cc                VgaText::read(unsigned long long, void*, int*)
                0x00000000c00084ec                setTerminalScrollLock(bool)
                0x00000000c00084ed                doTerminalCycle()
                0x00000000c00084ee                addToTerminalCycle(VgaText*)
                0x00000000c00084ef                scrollTerminalScrollLock(int)
                0x00000000c00084f0                VgaText::updateTitle()
                0x00000000c00084f2                VgaText::load()
                0x00000000c00084f4                VgaText::updateCursor()
                0x00000000c000850a                VgaText::doANSI_SGR(int)
                0x00000000c000857e                VgaText::setDefaultBgColour(VgaColour)
                0x00000000c000858e                VgaText::setDefaultFgColour(VgaColour)
                0x00000000c000859e                VgaText::setDefaultColours(VgaColour, VgaColour)
                0x00000000c00085be                VgaText::setTitleTextColour(VgaColour)
                0x00000000c00085ca                VgaText::setTitleColour(VgaColour)
                0x00000000c00085d6                VgaText::setTitle(char*)
                0x00000000c00085d8                VgaText::combineColours(unsigned char, unsigned char)
                0x00000000c00085ea                VgaText::scrollScreen()
                0x00000000c000867c                VgaText::combineCharAndColour(char, unsigned char)
                0x00000000c000868c                VgaText::writeCharacter(char, VgaColour, VgaColour, int, int)
                0x00000000c000871c                VgaText::getCursorX()
                0x00000000c0008724                VgaText::getCursorY()
                0x00000000c000872c                VgaText::setCursor(int, int)
                0x00000000c0008743                setActiveTerminal(VgaText*)
                0x00000000c000878e                VgaText::clearScreen()
                0x00000000c00087dc                VgaText::setCursorX(int)
                0x00000000c00087f4                VgaText::setCursorY(int)
                0x00000000c000880c                VgaText::incrementCursor(bool)
                0x00000000c0008860                VgaText::decrementCursor(bool)
                0x00000000c0008882                VgaText::putchar(char, VgaColour, VgaColour)
                0x00000000c0008952                VgaText::putchar(char)
                0x00000000c0008a4a                VgaText::putx(unsigned int)
                0x00000000c0008a90                VgaText::puts(char const*)
                0x00000000c0008ab6                VgaText::write(unsigned long long, void*, int*)
                0x00000000c0008b02                VgaText::puts(char const*, VgaColour, VgaColour)
                0x00000000c0008c50                VgaText::VgaText(char const*)
                0x00000000c0008c50                VgaText::VgaText(char const*)
                0x00000000c0008da0                VgaText::receiveKey(unsigned char)
                0x00000000c0008f2c                VgaText::doUpdate()
                0x00000000c0008f2d                newTerminal(char*)
 *fill*         0x00000000c0008f52        0x2 
 .text          0x00000000c0008f54      0x1a1 core/tss.32
                0x00000000c0008f54                TSS::TSS()
                0x00000000c0008f54                TSS::TSS()
                0x00000000c0008f64                TSS::setESP(unsigned long)
                0x00000000c0008f78                TSS::flush()
                0x00000000c0008f98                TSS::setup(unsigned long, unsigned long)
 *fill*         0x00000000c00090f5        0x1 
 .text          0x00000000c00090f6      0x4ca core/unixfile.32
                0x00000000c00090f6                ReservedFilename::read(unsigned long long, void*, int*)
                0x00000000c000914c                ReservedFilename::isAtty()
                0x00000000c0009168                ReservedFilename::write(unsigned long long, void*, int*)
                0x00000000c00091c6                UnixFile::getFileDescriptor()
                0x00000000c00091ce                UnixFile::UnixFile(int)
                0x00000000c00091ce                UnixFile::UnixFile(int)
                0x00000000c0009382                ReservedFilename::ReservedFilename(int)
                0x00000000c0009382                ReservedFilename::ReservedFilename(int)
                0x00000000c00093b4                UnixFile::~UnixFile()
                0x00000000c00093b4                UnixFile::~UnixFile()
                0x00000000c0009450                UnixFile::~UnixFile()
                0x00000000c0009478                ReservedFilename::~ReservedFilename()
                0x00000000c0009478                ReservedFilename::~ReservedFilename()
                0x00000000c000949c                ReservedFilename::~ReservedFilename()
                0x00000000c00094c3                getFromFileDescriptor(int)
 .text          0x00000000c00095c0     0x1259 core/virtmgr.32
                0x00000000c00095c0                Virt::setPageState(unsigned long, Virt::VirtPageState)
                0x00000000c00095fa                Virt::getPageState(unsigned long)
                0x00000000c000961d                Virt::allocateKernelVirtualPages(int)
                0x00000000c0009742                Virt::freeSwapfilePage(unsigned long)
                0x00000000c0009765                Virt::swapIDToSector(unsigned long)
                0x00000000c000977b                Virt::allocateSwapfilePage()
                0x00000000c00097fb                Virt::virtualMemorySetup()
                0x00000000c000984c                Virt::setupPageSwapping(int)
                0x00000000c00098be                VAS::VAS(VAS*)
                0x00000000c00098be                VAS::VAS(VAS*)
                0x00000000c00098ec                VAS::getForeignPageTableEntry(bool, unsigned long)
                0x00000000c000991a                VAS::getPageTableEntry(unsigned long)
                0x00000000c0009939                Virt::freeKernelVirtualPages(unsigned long)
                0x00000000c0009a4c                VAS::freeAllocatedPages(unsigned long)
                0x00000000c0009a70                VAS::virtualToPhysical(unsigned long)
                0x00000000c0009a8a                VAS::reflagRange(unsigned long, int, int, int)
                0x00000000c0009acc                VAS::VAS()
                0x00000000c0009acc                VAS::VAS()
                0x00000000c0009b36                VAS::setToWriteCombining(unsigned long, int)
                0x00000000c0009b6a                VAS::mapOtherVASIn(bool, VAS*)
                0x00000000c0009b96                VAS::~VAS()
                0x00000000c0009b96                VAS::~VAS()
                0x00000000c0009d04                VAS::mapPage(unsigned long, unsigned long, int)
                0x00000000c0009e0a                VAS::allocatePages(int, int)
                0x00000000c0009ffa                VAS::setCPUSpecific(unsigned long)
                0x00000000c000a018                VAS::mapRange(unsigned long, unsigned long, int, int)
                0x00000000c000a0ee                VAS::mapForeignPage(bool, VAS*, unsigned long, unsigned long, int)
                0x00000000c000a1e4                VAS::VAS(bool)
                0x00000000c000a1e4                VAS::VAS(bool)
                0x00000000c000a476                VAS::evict(unsigned long)
                0x00000000c000a542                VAS::tryLoadBackOffDisk(unsigned long)
                0x00000000c000a638                VAS::scanForEviction()
                0x00000000c000a71e                mapVASFirstTime
 .text          0x00000000c000a819       0x5f coreobjs/c++.32
                0x00000000c000a819                __cxa_atexit
                0x00000000c000a81c                __cxa_finalize
                0x00000000c000a81d                __stack_chk_fail
                0x00000000c000a853                __cxa_pure_virtual
                0x00000000c000a864                operator new[](unsigned long)
                0x00000000c000a869                operator delete(void*, unsigned long)
                0x00000000c000a86e                operator delete[](void*)
                0x00000000c000a873                operator delete[](void*, unsigned long)
 .text          0x00000000c000a878      0x254 dbg/kconsole.32
                0x00000000c000a878                Dbg::stringifyxWithBase(unsigned int, char*, int)
                0x00000000c000a918                Dbg::logc(char)
                0x00000000c000a938                Dbg::logs(char*)
                0x00000000c000a957                Dbg::logWriteInt(unsigned int)
                0x00000000c000a975                Dbg::logWriteIntBase(unsigned int, int)
                0x00000000c000a996                Dbg::kprintf(char const*, ...)
 .text          0x00000000c000aacc      0xc60 fs/vfs.32
                0x00000000c000aacc                File::read(unsigned long long, void*, int*)
                0x00000000c000ab24                File::write(unsigned long long, void*, int*)
                0x00000000c000ab7c                Directory::read(unsigned long long, void*, int*)
                0x00000000c000abd4                Directory::write(unsigned long long, void*, int*)
                0x00000000c000ac02                File::isAtty()
                0x00000000c000ac06                Directory::isAtty()
                0x00000000c000ac0a                Filesystem::getlabel(LogicalDisk*, int, char*, unsigned int*)
                0x00000000c000ac10                Filesystem::setlabel(LogicalDisk*, int, char*)
                0x00000000c000ac16                Filesystem::allocateSwapfile(char const*, int)
                0x00000000c000ac1c                File::~File()
                0x00000000c000ac1c                File::~File()
                0x00000000c000ac40                File::~File()
                0x00000000c000ac6a                Directory::~Directory()
                0x00000000c000ac6a                Directory::~Directory()
                0x00000000c000ac8e                Directory::~Directory()
                0x00000000c000acb8                Filesystem::Filesystem()
                0x00000000c000acb8                Filesystem::Filesystem()
                0x00000000c000acdc                Filesystem::~Filesystem()
                0x00000000c000acdc                Filesystem::~Filesystem()
                0x00000000c000acea                Filesystem::~Filesystem()
                0x00000000c000ad0e                Fs::getcwd(Process*, char*, int)
                0x00000000c000ad38                Fs::initVFS()
                0x00000000c000ad62                Fs::standardiseFiles(char*, char const*, char const*)
                0x00000000c000af18                File::File(char const*, Process*)
                0x00000000c000af18                File::File(char const*, Process*)
                0x00000000c000afd4                File::open(FileOpenMode)
                0x00000000c000b032                File::close()
                0x00000000c000b092                File::seek(unsigned long long)
                0x00000000c000b0e8                File::tell(unsigned long long*)
                0x00000000c000b138                File::rewind()
                0x00000000c000b14c                File::unlink()
                0x00000000c000b198                File::rename(char const*)
                0x00000000c000b1e6                File::chfatattr(unsigned char, unsigned char)
                0x00000000c000b242                File::exists()
                0x00000000c000b280                File::stat(unsigned long long*, bool*)
                0x00000000c000b2e1                Fs::setcwd(Process*, char*)
                0x00000000c000b43e                Directory::Directory(char const*, Process*)
                0x00000000c000b43e                Directory::Directory(char const*, Process*)
                0x00000000c000b4fa                Directory::open()
                0x00000000c000b556                Directory::close()
                0x00000000c000b5b6                Directory::unlink()
                0x00000000c000b602                Directory::rename(char const*)
                0x00000000c000b650                Directory::exists()
                0x00000000c000b68e                Directory::read(dirent*)
                0x00000000c000b6da                Directory::create()
                0x00000000c000b726                Filesystem::chfatattr(char const*, unsigned char, unsigned char)
 .text          0x00000000c000b72c       0x86 hal/bus.32
                0x00000000c000b72c                Bus::Bus(char const*)
                0x00000000c000b72c                Bus::Bus(char const*)
                0x00000000c000b764                Bus::~Bus()
                0x00000000c000b764                Bus::~Bus()
                0x00000000c000b788                Bus::~Bus()
 .text          0x00000000c000b7b2       0x96 hal/buzzer.32
                0x00000000c000b7b2                beepThread(void*)
                0x00000000c000b7ef                Krnl::beep(int, int, bool)
 .text          0x00000000c000b848      0x45f hal/clock.32
                0x00000000c000b848                User::loadClockSettings(int)
                0x00000000c000b89a                Clock::Clock(char const*)
                0x00000000c000b89a                Clock::Clock(char const*)
                0x00000000c000b8d0                Clock::~Clock()
                0x00000000c000b8d0                Clock::~Clock()
                0x00000000c000b8f4                Clock::~Clock()
                0x00000000c000b91e                Clock::timeInSecondsLocal()
                0x00000000c000b966                Clock::setTimeInSecondsLocal(unsigned long long)
                0x00000000c000b9bf                datetimeToSeconds(datetime_t)
                0x00000000c000bade                Clock::setTimeInDatetimeLocal(datetime_t)
                0x00000000c000bb3e                secondsToDatetime(unsigned long long)
                0x00000000c000bc82                Clock::timeInDatetimeLocal()
 *fill*         0x00000000c000bca7        0x1 
 .text          0x00000000c000bca8      0x464 hal/device.32
                0x00000000c000bca8                Device::hibernate()
                0x00000000c000bcaa                Device::wake()
                0x00000000c000bcac                Device::detect()
                0x00000000c000bcae                Device::disableLegacy()
                0x00000000c000bcb0                Device::powerSaving(PowerSavingLevel)
                0x00000000c000bcb2                DriverlessDevice::close(int, int, void*)
                0x00000000c000bcb6                DriverlessDevice::detect()
                0x00000000c000bcb8                DriverlessDevice::open(int, int, void*)
                0x00000000c000bccc                Device::~Device()
                0x00000000c000bccc                Device::~Device()
                0x00000000c000bcda                Device::~Device()
                0x00000000c000bd02                Device::findAndLoadDriver()
                0x00000000c000bd10                Device::preOpenPCI(PCIDeviceInfo)
                0x00000000c000bd36                Device::preOpenACPI(void*, char*, char*)
                0x00000000c000bd76                Device::addIRQHandler(int, void (*)(regs*, void*), bool, void*)
                0x00000000c000bda0                Device::getParent()
                0x00000000c000bdac                Device::removeIRQHandler(int, void (*)(regs*, void*), bool)
                0x00000000c000bdca                Device::addChild(Device*)
                0x00000000c000be0e                Device::removeAllChildren()
                0x00000000c000be54                Device::hibernateAll()
                0x00000000c000be84                Device::wakeAll()
                0x00000000c000beb4                Device::detectAll()
                0x00000000c000bee4                Device::disableLegacyAll()
                0x00000000c000bee6                Device::loadDriversForAll()
                0x00000000c000bee8                Device::closeAll()
                0x00000000c000bf1e                Device::powerSavingAll(PowerSavingLevel)
                0x00000000c000bf54                Device::setName(char const*)
                0x00000000c000bf62                Device::Device(char const*)
                0x00000000c000bf62                Device::Device(char const*)
                0x00000000c000c05e                Device::getName()
                0x00000000c000c068                DriverlessDevice::DriverlessDevice(char const*)
                0x00000000c000c068                DriverlessDevice::DriverlessDevice(char const*)
                0x00000000c000c09e                Device::addToLinkedList(LinkedList<Device>&, DeviceType)
                0x00000000c000c0e2                getDevicesOfType(DeviceType)
 .text          0x00000000c000c10c       0x86 hal/diskctrl.32
                0x00000000c000c10c                HardDiskController::HardDiskController(char const*)
                0x00000000c000c10c                HardDiskController::HardDiskController(char const*)
                0x00000000c000c144                HardDiskController::~HardDiskController()
                0x00000000c000c144                HardDiskController::~HardDiskController()
                0x00000000c000c168                HardDiskController::~HardDiskController()
 .text          0x00000000c000c192       0xe2 hal/diskphys.32
                0x00000000c000c192                PhysicalDisk::eject()
                0x00000000c000c196                PhysicalDisk::PhysicalDisk(char const*, int)
                0x00000000c000c196                PhysicalDisk::PhysicalDisk(char const*, int)
                0x00000000c000c1fe                PhysicalDisk::startCache()
                0x00000000c000c226                PhysicalDisk::~PhysicalDisk()
                0x00000000c000c226                PhysicalDisk::~PhysicalDisk()
                0x00000000c000c24a                PhysicalDisk::~PhysicalDisk()
 .text          0x00000000c000c274        0x0 hal/fpu.32
 .text          0x00000000c000c274      0x359 hal/intctrl.32
                0x00000000c000c274                int_handler
                0x00000000c000c2fe                installISRHandler(int, void (*)(regs*, void*), void*)
                0x00000000c000c348                installIRQHandler(int, void (*)(regs*, void*), bool, void*)
                0x00000000c000c47c                uninstallISRHandler(int, void (*)(regs*, void*))
                0x00000000c000c4b0                uninstallIRQHandler(int, void (*)(regs*, void*), bool)
                0x00000000c000c52e                setupINTS()
                0x00000000c000c58b                convertLegacyIRQNumber(int)
 *fill*         0x00000000c000c5cd        0x1 
 .text          0x00000000c000c5ce      0x8be hal/keybrd.32
                0x00000000c000c5ce                startGUI(void*)
                0x00000000c000c63c                startGUIVESA(void*)
                0x00000000c000c6aa                sendKeyToTerminal(unsigned char)
                0x00000000c000c785                sendKeyboardToken(KeyboardToken)
                0x00000000c000cc6f                clearInternalKeybuffer(VgaText*)
                0x00000000c000cca4                readKeyboard(VgaText*, char*, unsigned long)
                0x00000000c000ce02                Keyboard::Keyboard(char const*)
                0x00000000c000ce02                Keyboard::Keyboard(char const*)
                0x00000000c000ce3e                Keyboard::~Keyboard()
                0x00000000c000ce3e                Keyboard::~Keyboard()
                0x00000000c000ce62                Keyboard::~Keyboard()
 .text          0x00000000c000ce8c      0x3f8 hal/logidisk.32
                0x00000000c000ce8c                LogicalDisk::close(int, int, void*)
                0x00000000c000ce90                LogicalDisk::~LogicalDisk()
                0x00000000c000ce90                LogicalDisk::~LogicalDisk()
                0x00000000c000ceb4                LogicalDisk::~LogicalDisk()
                0x00000000c000cede                LogicalDisk::open(int, int, void*)
                0x00000000c000cef2                LogicalDisk::absoluteToRelative(unsigned long long)
                0x00000000c000cf2a                LogicalDisk::relativeToAbsolute(unsigned long long)
                0x00000000c000cf70                LogicalDisk::LogicalDisk(char const*, PhysicalDisk*, unsigned long long, unsigned long long)
                0x00000000c000cf70                LogicalDisk::LogicalDisk(char const*, PhysicalDisk*, unsigned long long, unsigned long long)
                0x00000000c000d030                LogicalDisk::assignDriveLetter()
                0x00000000c000d0ea                LogicalDisk::mount()
                0x00000000c000d132                LogicalDisk::unmount()
                0x00000000c000d142                LogicalDisk::eject()
                0x00000000c000d156                LogicalDisk::unassignDriveLetter()
                0x00000000c000d1ac                LogicalDisk::read(unsigned long long, int, void*)
                0x00000000c000d218                LogicalDisk::write(unsigned long long, int, void*)
 .text          0x00000000c000d284       0x86 hal/mouse.32
                0x00000000c000d284                Mouse::Mouse(char const*)
                0x00000000c000d284                Mouse::Mouse(char const*)
                0x00000000c000d2bc                Mouse::~Mouse()
                0x00000000c000d2bc                Mouse::~Mouse()
                0x00000000c000d2e0                Mouse::~Mouse()
 .text          0x00000000c000d30a       0x90 hal/nic.32
                0x00000000c000d30a                NIC::getMAC()
                0x00000000c000d310                NIC::write(int, unsigned char*, int*)
                0x00000000c000d316                NIC::NIC(char const*)
                0x00000000c000d316                NIC::NIC(char const*)
                0x00000000c000d34c                NIC::~NIC()
                0x00000000c000d34c                NIC::~NIC()
                0x00000000c000d370                NIC::~NIC()
 .text          0x00000000c000d39a      0x33b hal/partition.32
                0x00000000c000d39a                makePartition(PhysicalDisk*, unsigned long long, unsigned long long)
                0x00000000c000d442                createPartitionsForDisk(PhysicalDisk*)
 *fill*         0x00000000c000d6d5        0x3 
 .text          0x00000000c000d6d8       0x86 hal/serial.32
                0x00000000c000d6d8                Serial::Serial(char const*)
                0x00000000c000d6d8                Serial::Serial(char const*)
                0x00000000c000d710                Serial::~Serial()
                0x00000000c000d710                Serial::~Serial()
                0x00000000c000d734                Serial::~Serial()
 *fill*         0x00000000c000d75e        0x2 
 .text          0x00000000c000d760      0x234 hal/timer.32
                0x00000000c000d760                Timer::Timer(char const*)
                0x00000000c000d760                Timer::Timer(char const*)
                0x00000000c000d798                Timer::~Timer()
                0x00000000c000d798                Timer::~Timer()
                0x00000000c000d7bc                Timer::~Timer()
                0x00000000c000d7e6                Timer::read()
                0x00000000c000d7f1                setupTimer(int)
                0x00000000c000d82c                timerHandler(unsigned int)
 .text          0x00000000c000d994      0x444 hal/vcache.32
                0x00000000c000d994                VCache::VCache(PhysicalDisk*)
                0x00000000c000d994                VCache::VCache(PhysicalDisk*)
                0x00000000c000db04                VCache::invalidateReadBuffer()
                0x00000000c000db14                VCache::writeWriteBuffer()
                0x00000000c000db60                VCache::~VCache()
                0x00000000c000db60                VCache::~VCache()
                0x00000000c000dbb8                VCache::~VCache()
                0x00000000c000dbe0                VCache::write(unsigned long long, int, void*)
                0x00000000c000dcce                VCache::read(unsigned long long, int, void*)
 .text          0x00000000c000ddd8      0x4c7 hal/video.32
                0x00000000c000ddd8                Video::putrect(int, int, int, int, unsigned int)
                0x00000000c000de24                Video::bitblit(int, int, int, int, int, int, int, unsigned int*)
                0x00000000c000de94                Video::blit(unsigned int*, int, int, int, int)
                0x00000000c000df12                Video::clearScreen(unsigned int)
                0x00000000c000df46                Video::putpixel(int, int, unsigned int)
                0x00000000c000df54                Video::readPixelApprox(int, int)
                0x00000000c000df68                Video::Video(char const*)
                0x00000000c000df68                Video::Video(char const*)
                0x00000000c000df9e                Video::~Video()
                0x00000000c000df9e                Video::~Video()
                0x00000000c000dfc2                Video::~Video()
                0x00000000c000dfec                Video::isMonochrome()
                0x00000000c000dff8                Video::getWidth()
                0x00000000c000e004                Video::getHeight()
                0x00000000c000e010                Video::drawCursor(int, int, unsigned int*, int)
                0x00000000c000e0cc                Video::tgaParse(unsigned char*, int, int*, int*)
                0x00000000c000e234                Video::putTGA(int, int, unsigned char*, int)
 *fill*         0x00000000c000e29f        0x1 
 .text          0x00000000c000e2a0     0x138b hw/acpi.32
                0x00000000c000e2a0                ACPI::close(int, int, void*)
                0x00000000c000e354                findRSDP()
                0x00000000c000e3ec                loadACPITables(unsigned char*)
                0x00000000c000e658                findRSDT(unsigned char*)
                0x00000000c000e7b0                findDataTable(unsigned char*, char*)
                0x00000000c000e830                scanMADT()
                0x00000000c000ece8                ACPI::ACPI()
                0x00000000c000ece8                ACPI::ACPI()
                0x00000000c000ed3c                ACPI::getPCIIRQAssignment(unsigned char, unsigned short, unsigned char)
                0x00000000c000ee38                ACPI::registerPCIIRQAssignment(void*, unsigned short, unsigned char, unsigned char)
                0x00000000c000ef04                ACPI::setScreenBrightnessLevel(void*, int)
                0x00000000c000ef0c                ACPI::detectPCI()
                0x00000000c000f12c                ACPI::writeSimpleBootFlag(SimpleBootFlagTable*)
                0x00000000c000f174                ACPI::sleep()
                0x00000000c000f190                ACPI::open(int, int, void*)
 *fill*         0x00000000c000f62b        0x1 
 .text          0x00000000c000f62c      0xba5 hw/cpu.32
                0x00000000c000f62c                CPU::close(int, int, void*)
                0x00000000c000f630                CPU::AMD_K6_write_msr(unsigned int, unsigned int, unsigned int, CPU::REGS*)
                0x00000000c000f64c                CPU::AMD_K6_read_msr(unsigned int, CPU::REGS*)
                0x00000000c000f664                CPU::AMD_K6_writeback(int, int, int)
                0x00000000c000f6d8                CPU::cpuid(int, unsigned long*, unsigned long*, unsigned long*, unsigned long*)
                0x00000000c000f75c                CPU::cpuidCheckEDX(unsigned int)
                0x00000000c000f78a                CPU::cpuidCheckECX(unsigned int)
                0x00000000c000f7b8                CPU::cpuidCheckExtendedEBX(unsigned int)
                0x00000000c000f7e6                CPU::cpuidCheckExtendedECX(unsigned int)
                0x00000000c000f814                CPU::CPU()
                0x00000000c000f814                CPU::CPU()
                0x00000000c000f8a2                CPU::displayFeatures()
                0x00000000c000f8a4                CPU::detectFeatures()
                0x00000000c000ff78                CPU::setupSMEP()
                0x00000000c000ff84                CPU::setupUMIP()
                0x00000000c000ff8e                CPU::setupTSC()
                0x00000000c000ff98                CPU::setupLargePages()
                0x00000000c000ffa2                CPU::setupPAT()
                0x00000000c000ffde                CPU::setupMTRR()
                0x00000000c000ffe0                CPU::setupGlobalPages()
                0x00000000c000ffea                CPU::allowUsermodeDataAccess()
                0x00000000c000fffc                CPU::prohibitUsermodeDataAccess()
                0x00000000c001000e                CPU::setupSMAP()
                0x00000000c001001c                CPU::setupFeatures()
                0x00000000c00100e8                CPU::open(int, int, void*)
 .text          0x00000000c00101d1       0xd8 krnl/bootmsg.32
                0x00000000c00101d1                KeDisplaySplashScreen()
                0x00000000c0010246                KeSetBootMessage(char const*)
 *fill*         0x00000000c00102a9        0x1 
 .text          0x00000000c00102aa      0x585 krnl/env.32
                0x00000000c00102aa                EnvVarContainer::getEnv(char const*)
                0x00000000c00102e8                EnvVarContainer::setEnv(char const*, char const*)
                0x00000000c00103aa                EnvVarContainer::deleteEnv(char const*)
                0x00000000c00103ac                EnvVarContainer::loadFrom(char const*, char const*)
                0x00000000c0010596                EnvVarContainer::__loadSystem()
                0x00000000c00105b0                EnvVarContainer::__loadUser()
                0x00000000c00105b2                EnvVarContainer::EnvVarContainer(Process*)
                0x00000000c00105b2                EnvVarContainer::EnvVarContainer(Process*)
                0x00000000c00105d4                EnvVarContainer::~EnvVarContainer()
                0x00000000c00105d4                EnvVarContainer::~EnvVarContainer()
                0x00000000c0010604                Krnl::getEnv(Process*, char const*)
                0x00000000c0010669                Krnl::setEnvSystem(char const*, char const*)
                0x00000000c0010683                Krnl::setEnvUser(char const*, char const*)
                0x00000000c00106a2                Krnl::setEnvProcess(Process*, char const*, char const*)
                0x00000000c00106b5                Krnl::deleteEnvSystem(char const*)
                0x00000000c00106b6                Krnl::deleteEnvUser(char const*)
                0x00000000c00106b7                Krnl::deleteEnvProcess(Process*, char const*)
                0x00000000c00106b8                Krnl::newProcessEnv(Process*)
                0x00000000c00106da                Krnl::copyProcessEnv(Process*, Process*)
                0x00000000c0010726                Krnl::loadSystemEnv()
                0x00000000c0010754                Krnl::loadUserEnv()
                0x00000000c001077a                Krnl::flushEnv()
                0x00000000c001077b                Krnl::getProcessTotalEnvCount(Process*)
                0x00000000c001079b                Krnl::getProcessEnvPair(Process*, int)
 .text          0x00000000c001082f       0x94 krnl/inlines.32
                0x00000000c001082f                CPU::current()
                0x00000000c001083b                operator new(unsigned long)
                0x00000000c0010840                operator delete(void*)
                0x00000000c0010845                disableIRQs()
                0x00000000c0010847                enableIRQs()
                0x00000000c0010849                lockScheduler()
                0x00000000c0010851                unlockScheduler()
                0x00000000c0010860                lockStuff()
                0x00000000c001086e                unlockStuff()
                0x00000000c00108a8                Virt::getAKernelVAS()
                0x00000000c00108ae                __not_memcpy
 .text          0x00000000c00108c3        0xc krnl/panic.32
                0x00000000c00108c3                KePanic(char const*)
 .text          0x00000000c00108cf      0x142 krnl/powctrl.32
                0x00000000c00108cf                Krnl::powerThread(void*)
                0x00000000c00108fd                Krnl::changePowerSettings(Krnl::PowerSettings)
                0x00000000c0010913                Krnl::userIOReceived()
                0x00000000c001091e                Krnl::handlePowerButton()
                0x00000000c0010953                Krnl::handleSleepButton()
                0x00000000c0010988                Krnl::setupPowerManager()
 .text          0x00000000c0010a11       0x9d krnl/random.32
                0x00000000c0010a11                KeRand()
                0x00000000c0010a53                KeSeedRand(unsigned int)
                0x00000000c0010a7c                KeInitRand()
 *fill*         0x00000000c0010aae        0x2 
 .text          0x00000000c0010ab0      0x1bc krnl/resolve.32
                0x00000000c0010ab0                KeResolveCompatibilitySymbol(char*)
 .text          0x00000000c0010c6c      0x313 krnl/signal.32
                0x00000000c0010c6c                KiSigKill(int)
                0x00000000c0010c80                KiDefaultSignalHandlerIgnore(int)
                0x00000000c0010c81                KiDefaultSignalHandlerPause(int)
                0x00000000c0010cad                KiDefaultSignalHandlerResume(int)
                0x00000000c0010cd9                KeDeinitSignals(SigHandlerBlock*)
                0x00000000c0010cde                KeInitSignals()
                0x00000000c0010d29                KeRegisterSignalHandler(SigHandlerBlock*, int, void (*)(int), unsigned int, int)
                0x00000000c0010d5f                KeRaiseSignal(SigHandlerBlock*, int)
                0x00000000c0010ddc                KeCheckSignal(SigHandlerBlock*, int*)
                0x00000000c0010ecb                KiCheckSignalZ
                0x00000000c0010f0d                KeCompleteSignal(SigHandlerBlock*, int)
                0x00000000c0010f48                KiFinishSignalZ
 .text          0x00000000c0010f7f      0xc61 krnl/syscalls.32
                0x00000000c0010f7f                SysSeekDir(regs*)
                0x00000000c0010f84                SysTellDir(regs*)
                0x00000000c0010f89                SysVerify(regs*)
                0x00000000c0010f93                SysGetArgc(regs*)
                0x00000000c0010fa7                SysTTYName(regs*)
                0x00000000c0010faf                SysFormatDisk(regs*)
                0x00000000c0011026                SysSetDiskVolumeLabel(regs*)
                0x00000000c001107a                SysGetDiskVolumeLabel(regs*)
                0x00000000c00110d3                SysShutdown(regs*)
                0x00000000c0011131                SysRealpath(regs*)
                0x00000000c0011176                SysReadDir(regs*)
                0x00000000c00111f6                SysIsATTY(regs*)
                0x00000000c0011250                SysSeek(regs*)
                0x00000000c00112a7                SysTell(regs*)
                0x00000000c0011314                SysSize(regs*)
                0x00000000c0011387                SysSizeFromFilename(regs*)
                0x00000000c0011438                SysClose(regs*)
                0x00000000c0011498                SysOpenDir(regs*)
                0x00000000c0011515                SysMakeDir(regs*)
                0x00000000c0011583                SysCloseDir(regs*)
                0x00000000c00115d7                SysWait(regs*)
                0x00000000c00115f8                SysNotImpl(regs*)
                0x00000000c0011613                SysPanic(regs*)
                0x00000000c001162e                SysRmdir(regs*)
                0x00000000c0011693                SysUnlink(regs*)
                0x00000000c00116f8                SysGetArgv(regs*)
                0x00000000c0011745                SysUSleep(regs*)
                0x00000000c001176e                SysSpawn(regs*)
                0x00000000c00117e1                SysGetEnv(regs*)
                0x00000000c0011892                SysSetFatAttrib(regs*)
                0x00000000c0011905                SysPipe(regs*)
                0x00000000c001194a                SysGetUnixTime(regs*)
                0x00000000c001195e                string_ends_with(char const*, char const*)
                0x00000000c00119a6                SysOpen(regs*)
                0x00000000c0011b9e                KeSystemCall(regs*, void*)
 .text          0x00000000c0011be0      0x159 net/ethernet.32
                0x00000000c0011be0                KeSwitchEndian16(unsigned short)
                0x00000000c0011c04                KeSwitchEndian32(unsigned int)
                0x00000000c0011c34                EthernetCRC32(unsigned char*, int)
                0x00000000c0011cd8                EthernetReceivedPacket(EthernetUnwrappedFrame*, unsigned short)
 .text          0x00000000c0011d39      0xd56 reg/cm.32
                0x00000000c0011d39                CmOpen(char const*)
                0x00000000c0011e57                CmClose(Reghive_Tag*)
                0x00000000c0011e6d                CmReadExtent(Reghive_Tag*, int, unsigned char*)
                0x00000000c0011ea9                CmGetString(Reghive_Tag*, int, char*)
                0x00000000c0011f20                CmEnterDirectory(Reghive_Tag*, int)
                0x00000000c0011f5f                CmGetNext(Reghive_Tag*, int)
                0x00000000c0011f91                CmWriteExtent(Reghive_Tag*, int, unsigned char*)
                0x00000000c0011fcd                CmFreeExtent(Reghive_Tag*, int)
                0x00000000c0011ff5                CmUpdateHeader(Reghive_Tag*)
                0x00000000c0012016                CmExpand(Reghive_Tag*, int)
                0x00000000c0012091                CmFindUnusedExtent(Reghive_Tag*)
                0x00000000c0012117                CmCreateExtent(Reghive_Tag*, int, int, unsigned char*)
                0x00000000c001220b                CmSetString(Reghive_Tag*, int, char const*)
                0x00000000c0012347                CmGetMatch(char*, char*, bool, bool*)
                0x00000000c00123a8                CmAddShift(unsigned int*, int*, unsigned char, int)
                0x00000000c00123d8                CmGetShift(unsigned int*, int*, int, bool*)
                0x00000000c001240f                CmGetInteger(Reghive_Tag*, int, unsigned long long*)
                0x00000000c0012439                CmSetInteger(Reghive_Tag*, int, unsigned long long)
                0x00000000c0012479                CmConvertFromInternalFilename(unsigned char const*, char*)
                0x00000000c001251d                CmGetNameAndTypeFromExtent(Reghive_Tag*, int, char*)
                0x00000000c001254b                CmConvertToInternalFilename(char const*, unsigned char*)
                0x00000000c00126e9                CmCreateString(Reghive_Tag*, int, char const*)
                0x00000000c0012736                CmFindInDirectory(Reghive_Tag*, int, char const*)
                0x00000000c00127b0                CmCreateInteger(Reghive_Tag*, int, char const*, unsigned long long, int)
                0x00000000c0012803                CmCreateDirectory(Reghive_Tag*, int, char const*)
                0x00000000c00128c7                zStrtok(char*, char const*)
                0x00000000c0012939                CmFindObjectFromPath(Reghive_Tag*, char const*)
                0x00000000c00129ba                CmDisplayTree(Reghive_Tag*, int, int)
                0x00000000c0012a5d                CmSplitFinalSlashInPlace(char*)
 .text          0x00000000c0012a8f      0x52a reg/registry.32
                0x00000000c0012a8f                Reg::findLineFromLoadedData(char*, char*, char*)
                0x00000000c0012c00                Reg::getLineFromRegistry(char*, char*, char*, char*)
                0x00000000c0012d55                Reg::getLine(char*, char*, char*)
                0x00000000c0012d8c                Reg::readInt(char*, char*, int*)
                0x00000000c0012e7a                Reg::readString(char*, char*, char*, int)
                0x00000000c0012efb                Reg::readBool(char*, char*, bool*)
                0x00000000c0012f20                Reg::readBoolWithDefault(char*, char*, bool)
                0x00000000c0012f4c                Reg::readIntWithDefault(char*, char*, int)
                0x00000000c0012f78                Reg::readStringWithDefault(char*, char*, char*, int, char*)
 .text          0x00000000c0012fb9       0x36 sys/eject.32
                0x00000000c0012fb9                SysEject(regs*)
 .text          0x00000000c0012fef       0x18 sys/exit.32
                0x00000000c0012fef                SysExit(regs*)
 .text          0x00000000c0013007       0x1f sys/getcwd.32
                0x00000000c0013007                SysGetCwd(regs*)
 .text          0x00000000c0013026        0xc sys/getpid.32
                0x00000000c0013026                SysGetPID(regs*)
 .text          0x00000000c0013032       0x1a sys/getramdata.32
                0x00000000c0013032                SysGetRAMData(regs*)
 .text          0x00000000c001304c       0x82 sys/getvgaptr.32
                0x00000000c001304c                SysGetVGAPtr(regs*)
 *fill*         0x00000000c00130ce        0x2 
 .text          0x00000000c00130d0       0xb9 sys/kill.32
                0x00000000c00130d0                SysKill(regs*)
 .text          0x00000000c0013189       0xa8 sys/loaddll.32
                0x00000000c0013189                SysLoadDLL(regs*)
 .text          0x00000000c0013231       0x68 sys/read.32
                0x00000000c0013231                SysRead(regs*)
 .text          0x00000000c0013299       0x29 sys/registersignal.32
                0x00000000c0013299                SysRegisterSignal(regs*)
 .text          0x00000000c00132c2      0x19c sys/registry.32
                0x00000000c00132c2                SysRegistryGetTypeFromPath(regs*)
                0x00000000c0013339                SysRegistryReadExtent(regs*)
                0x00000000c0013381                SysRegistryPathToExtentLookup(regs*)
                0x00000000c00133a9                SysRegistryEnterDirectory(regs*)
                0x00000000c00133d1                SysRegistryGetNext(regs*)
                0x00000000c00133f9                SysRegistryGetNameAndTypeFromExtent(regs*)
                0x00000000c0013433                SysRegistryOpen(regs*)
                0x00000000c0013447                SysRegistryClose(regs*)
 .text          0x00000000c001345e       0x55 sys/sbrk.32
                0x00000000c001345e                SysSbrk(regs*)
 .text          0x00000000c00134b3       0x1c sys/setcwd.32
                0x00000000c00134b3                SysSetCwd(regs*)
 .text          0x00000000c00134cf       0x96 sys/settime.32
                0x00000000c00134cf                SysSetTime(regs*)
 .text          0x00000000c0013565       0x4a sys/timezone.32
                0x00000000c0013565                SysTimezone(regs*)
 .text          0x00000000c00135af       0x68 sys/write.32
                0x00000000c00135af                SysWrite(regs*)
 .text          0x00000000c0013617       0x62 sys/wsbe.32
                0x00000000c0013617                SysWsbe(regs*)
 .text          0x00000000c0013679       0x25 sys/yield.32
                0x00000000c0013679                SysYield(regs*)
 .text          0x00000000c001369e     0x11e6 thr/elf.32
                0x00000000c001369e                Thr::allocateMemoryForTask(Process*, File*, unsigned long, unsigned long, unsigned long)
                0x00000000c001392c                Thr::loadProgramIntoMemory(Process*, char const*)
                0x00000000c0013b3e                Thr::runtimeReferenceHelper()
                0x00000000c0013b51                Thr::getAddressOfKernelSymbol(char const*)
                0x00000000c0013ba0                Thr::loadKernelSymbolTable(char const*)
                0x00000000c0013e5e                Thr::loadDriverIntoMemory(char const*, unsigned long, bool)
                0x00000000c0014597                Thr::getDriverBaseFromAddress(unsigned long)
                0x00000000c00145c9                Thr::getDriverNameFromAddress(unsigned long)
                0x00000000c0014600                Thr::getDriverOffsetFromAddress(unsigned long)
                0x00000000c001461a                Thr::loadDLL(char const*, bool)
                0x00000000c001484b                Thr::executeDLL(unsigned long, void*)
 .text          0x00000000c0014884     0x13d9 thr/prcssthr.32
                0x00000000c0014884                userModeEntryPoint(void*)
                0x00000000c00148ac                changeTSS
                0x00000000c00148dc                switchToThread(ThreadControlBlock*)
                0x00000000c001498c                Process::addArgs(char**)
                0x00000000c00149f8                Process::Process(char const*, Process*, char**)
                0x00000000c00149f8                Process::Process(char const*, Process*, char**)
                0x00000000c0014c04                Process::Process(bool, char const*, Process*, char**)
                0x00000000c0014c04                Process::Process(bool, char const*, Process*, char**)
                0x00000000c0014dd8                taskStartupFunction
                0x00000000c0014de4                Semaphore::Semaphore(int)
                0x00000000c0014de4                Semaphore::Semaphore(int)
                0x00000000c0014e14                Mutex::Mutex()
                0x00000000c0014e14                Mutex::Mutex()
                0x00000000c0014e28                Process::createThread(void (*)(void*), void*, int)
                0x00000000c0014f34                Process::createUserThread()
                0x00000000c0014f54                setupMultitasking(void (*)())
                0x00000000c0015078                schedule()
                0x00000000c001510c                Semaphore::tryAcquire()
                0x00000000c00151e0                Semaphore::assertLocked(char const*)
                0x00000000c0015264                blockTaskWithSchedulerLockAlreadyHeld(TaskState)
                0x00000000c001528c                blockTask(TaskState)
                0x00000000c00152c4                waitTask(int, int*, int)
                0x00000000c0015308                milliTenthSleepUntil(unsigned int)
                0x00000000c00153a8                milliTenthSleep(unsigned int)
                0x00000000c00153bc                sleep(unsigned int)
                0x00000000c00153d8                Semaphore::acquire()
                0x00000000c00154a0                taskReturned
                0x00000000c00154e4                Thr::processFromPID(int)
                0x00000000c0015590                unblockTask(ThreadControlBlock*)
                0x00000000c001563c                cleanupTerminatedTask(ThreadControlBlock*)
                0x00000000c0015910                cleanerTaskFunction(void*)
                0x00000000c0015a18                terminateTask(int)
                0x00000000c0015b04                Thr::terminateFromIRQ(int)
                0x00000000c0015b14                Semaphore::release()
 .text          0x00000000c0015c5d      0xbe8 vm86/vm8086.32
                0x00000000c0015c5d                Vm::inbv(unsigned short)
                0x00000000c0015c70                Vm::outbv(unsigned short, unsigned char)
                0x00000000c0015ca6                Vm::realToLinear(unsigned short, unsigned short)
                0x00000000c0015cb6                Vm::getSegment(unsigned int)
                0x00000000c0015cbe                Vm::getOffset(unsigned int)
                0x00000000c0015cc3                Vm::mainloop2()
                0x00000000c0015cfd                Vm::mainVm8086Loop(void*)
                0x00000000c0015d0d                Vm::mainloop3(unsigned long)
                0x00000000c0015d33                Vm::initialise8086()
                0x00000000c0015d76                Vm::finish8086()
                0x00000000c0015dd7                Vm::getOutput8086(unsigned char*)
                0x00000000c0015dfc                Vm::start8086FromBuffer(unsigned char*, int, unsigned short, unsigned short, unsigned short, unsigned short)
                0x00000000c0015eb5                Vm::start8086(char const*, unsigned short, unsigned short, unsigned short, unsigned short)
                0x00000000c0016044                Vm::doISR(regs*, int, unsigned char*, unsigned short, unsigned short)
                0x00000000c00160cd                Vm::readByteFromReal(unsigned short, unsigned short)
                0x00000000c00160de                Vm::readWordFromReal(unsigned short, unsigned short)
                0x00000000c00160f0                Vm::readDwordFromReal(unsigned short, unsigned short)
                0x00000000c0016101                Vm::writeByteFromReal(unsigned short, unsigned short, unsigned char)
                0x00000000c0016116                Vm::writeWordFromReal(unsigned short, unsigned short, unsigned short)
                0x00000000c001612c                Vm::writeDwordFromReal(unsigned short, unsigned short, unsigned int)
                0x00000000c0016141                Vm::faultHandler(regs*)
 .text          0x00000000c0016845      0xabf arch/i386/hal.32
                0x00000000c0016845                noCopro(unsigned long)
                0x00000000c0016846                nmiHandler(regs*, void*)
                0x00000000c001685f                doubleFault(regs*, void*)
                0x00000000c0016878                displayDebugInfo(regs*)
                0x00000000c0016bd4                HalSystemIdle()
                0x00000000c0016c50                displayProgramFault(char const*)
                0x00000000c0016c9c                gpFault(regs*, void*)
                0x00000000c0016d03                pgFault(regs*, void*)
                0x00000000c0016d8c                otherISRHandler(regs*, void*)
                0x00000000c0016dc0                opcodeFault(regs*, void*)
                0x00000000c0016e43                i386SaveCoprocessor(void*)
                0x00000000c0016e57                i386LoadCoprocessor(void*)
                0x00000000c0016e6b                x87EmulHandler(regs*, void*)
                0x00000000c0016f08                HalInitialiseCoprocessor()
                0x00000000c0016fb6                HalPanic(char const*)
                0x00000000c00170c2                HalQueryPerformanceCounter()
                0x00000000c00170dd                HalInitialise()
                0x00000000c0017293                HalMakeBeep(int)
                0x00000000c00172cd                HalGetRand()
                0x00000000c00172d0                HalEndOfInterrupt(int)
                0x00000000c0017301                HalRestart()
                0x00000000c0017302                HalShutdown()
                0x00000000c0017303                HalSleep()
 .text          0x00000000c0017304      0x2dc arch/i386/pic.32
                0x00000000c0017304                picIoWait()
                0x00000000c001730c                picDisable()
                0x00000000c0017340                picGetIRQReg(int)
                0x00000000c00173bc                picOpen()
                0x00000000c0017540                picEOI(int)
 .text          0x00000000c00175e0      0x674 arch/i386/rtc.32
                0x00000000c00175e0                RTC::open(int, int, void*)
                0x00000000c00175e4                RTC::close(int, int, void*)
                0x00000000c00175e8                RTC::timeInSecondsUTC()
                0x00000000c00175fa                RTC::timeInDatetimeUTC()
                0x00000000c0017620                RTC::setTimeInSecondsUTC(unsigned long long)
                0x00000000c001765e                RTC::~RTC()
                0x00000000c001765e                RTC::~RTC()
                0x00000000c0017682                RTC::~RTC()
                0x00000000c00176ac                RTC::get_update_in_progress_flag()
                0x00000000c00176c6                RTC::completeRTCRefresh()
                0x00000000c00179a6                RTC::setTimeInDatetimeUTC(datetime_t)
                0x00000000c0017b54                rtcIRQHandler(regs*, void*)
                0x00000000c0017b9a                RTC::RTC()
                0x00000000c0017b9a                RTC::RTC()
 .text          0x00000000c0017c54      0x1f4 arch/i386/vga.32
                0x00000000c0017c54                HalConsoleScroll(int, int)
                0x00000000c0017d5c                HalConsoleWriteCharacter(char, int, int, int, int)
                0x00000000c0017dc0                HalConsoleCursorUpdate(int, int)
 .text          0x00000000c0017e48     0x1463 fs/fat/vfslink.32
                0x00000000c0017e48                FAT::getName()
                0x00000000c0017e50                FAT::tell(void*, unsigned long long*)
                0x00000000c0017e8c                FAT::stat(void*, unsigned long long*)
                0x00000000c0017ec8                FAT::~FAT()
                0x00000000c0017ec8                FAT::~FAT()
                0x00000000c0017eec                FAT::~FAT()
                0x00000000c0017f14                FAT::getlabel(LogicalDisk*, int, char*, unsigned int*)
                0x00000000c0017fb8                FAT::setlabel(LogicalDisk*, int, char*)
                0x00000000c001807c                FAT::format(LogicalDisk*, int, char const*, int)
                0x00000000c0018260                FAT::tryMount(LogicalDisk*, int)
                0x00000000c001847c                FAT::allocateSwapfile(char const*, int)
                0x00000000c001863c                FAT::readDir(void*, unsigned long, void*, int*)
                0x00000000c00187ac                FAT::read(void*, unsigned long, void*, int*)
                0x00000000c001880c                FAT::write(void*, unsigned long, void*, int*)
                0x00000000c001886c                FAT::close(void*)
                0x00000000c00188c0                FAT::closeDir(void*)
                0x00000000c0018914                FAT::seek(void*, unsigned long long)
                0x00000000c001896c                fatWrapperReadDisk
                0x00000000c00189ac                fatWrapperWriteDisk
                0x00000000c00189ec                fatWrapperIoctl
                0x00000000c0018b08                FAT::FAT()
                0x00000000c0018b08                FAT::FAT()
                0x00000000c0018b60                FAT::fixFilepath(char*)
                0x00000000c0018ba0                FAT::open(char const*, void**, FileOpenMode)
                0x00000000c0018d14                FAT::openDir(char const*, void**)
                0x00000000c0018dc4                FAT::stat(char const*, unsigned long long*, bool*)
                0x00000000c0018ebc                FAT::unlink(char const*)
                0x00000000c0018f3c                FAT::chfatattr(char const*, unsigned char, unsigned char)
                0x00000000c00190f0                FAT::rename(char const*, char const*)
                0x00000000c00191bc                FAT::mkdir(char const*)
                0x00000000c001923c                FAT::exists(char const*)
 *fill*         0x00000000c00192ab        0x1 
 .text          0x00000000c00192ac       0x94 fs/iso9660/helper.32
                0x00000000c00192ac                isoReadDiscSectorHelper
                0x00000000c0019308                iso_kprintf
                0x00000000c0019324                iso_kprintfd
 .text          0x00000000c0019340      0x716 fs/iso9660/vfslink.32
                0x00000000c0019340                ISO9660::format(LogicalDisk*, int, char const*, int)
                0x00000000c0019346                ISO9660::getName()
                0x00000000c001934c                ISO9660::closeDir(void*)
                0x00000000c0019356                ISO9660::chfatattr(char const*, unsigned char, unsigned char)
                0x00000000c001935c                ISO9660::unlink(char const*)
                0x00000000c0019362                ISO9660::write(void*, unsigned long, void*, int*)
                0x00000000c0019368                ISO9660::rename(char const*, char const*)
                0x00000000c001936e                ISO9660::mkdir(char const*)
                0x00000000c0019374                ISO9660::~ISO9660()
                0x00000000c0019374                ISO9660::~ISO9660()
                0x00000000c0019398                ISO9660::~ISO9660()
                0x00000000c00193c0                ISO9660::exists(char const*)
                0x00000000c00193d4                ISO9660::open(char const*, void**, FileOpenMode)
                0x00000000c00194ba                ISO9660::read(void*, unsigned long, void*, int*)
                0x00000000c0019502                ISO9660::seek(void*, unsigned long long)
                0x00000000c0019544                ISO9660::tell(void*, unsigned long long*)
                0x00000000c0019582                ISO9660::stat(void*, unsigned long long*)
                0x00000000c00195d4                ISO9660::stat(char const*, unsigned long long*, bool*)
                0x00000000c0019716                ISO9660::close(void*)
                0x00000000c0019746                ISO9660::openDir(char const*, void**)
                0x00000000c0019820                ISO9660::readDir(void*, unsigned long, void*, int*)
                0x00000000c001993d                readSectorFromCDROM(unsigned int, unsigned char*, char)
                0x00000000c00199bc                ISO9660::tryMount(LogicalDisk*, int)
                0x00000000c0019a2e                ISO9660::ISO9660()
                0x00000000c0019a2e                ISO9660::ISO9660()
 .text          0x00000000c0019a56      0x26c hal/sound/sndcard.32
                0x00000000c0019a56                SoundCard::beginPlayback()
                0x00000000c0019a64                SoundCard::stopPlayback()
                0x00000000c0019a72                SoundCard::SoundCard(char const*)
                0x00000000c0019a72                SoundCard::SoundCard(char const*)
                0x00000000c0019b10                SoundCard::~SoundCard()
                0x00000000c0019b10                SoundCard::~SoundCard()
                0x00000000c0019b34                SoundCard::~SoundCard()
                0x00000000c0019b5e                SoundCard::configureRates(int, int, int)
                0x00000000c0019b8e                SoundCard::getSamples16(int, short*)
                0x00000000c0019bea                SoundCard::getSamples32(int, int*)
                0x00000000c0019c70                SoundCard::addChannel(SoundPort*)
                0x00000000c0019cae                SoundCard::removeChannel(int)
 *fill*         0x00000000c0019cc2        0x2 
 .text          0x00000000c0019cc4      0x38a hal/sound/sndport.32
                0x00000000c0019cc4                SoundPort::SoundPort(int, int, int, int)
                0x00000000c0019cc4                SoundPort::SoundPort(int, int, int, int)
                0x00000000c0019d50                SoundPort::~SoundPort()
                0x00000000c0019d50                SoundPort::~SoundPort()
                0x00000000c0019d84                SoundPort::unpause()
                0x00000000c0019d90                SoundPort::pause()
                0x00000000c0019d9c                SoundPort::getBufferUsed()
                0x00000000c0019da4                SoundPort::getBufferSize()
                0x00000000c0019dac                SoundPort::buffer16(short*, int)
                0x00000000c0019e38                SoundPort::buffer32(int*, int)
                0x00000000c0019ec4                SoundPort::unbufferAndAdd16(int, short*, SoundCard*)
                0x00000000c0019f90                SoundPort::unbufferAndAdd32(int, int*, SoundCard*)
 .text          0x00000000c001a04e        0x0 hw/bus/isa.32
 .text          0x00000000c001a04e      0xbb7 hw/bus/pci.32
                0x00000000c001a04e                PCI::open(int, int, void*)
                0x00000000c001a06c                PCI::close(int, int, void*)
                0x00000000c001a070                PCI::PCI()
                0x00000000c001a070                PCI::PCI()
                0x00000000c001a108                PCI::readBAR8(unsigned int, int)
                0x00000000c001a124                PCI::readBAR16(unsigned int, int)
                0x00000000c001a142                PCI::readBAR32(unsigned int, int)
                0x00000000c001a15e                PCI::writeBAR8(unsigned int, unsigned char, int)
                0x00000000c001a17e                PCI::writeBAR16(unsigned int, unsigned short, int)
                0x00000000c001a1a0                PCI::writeBAR32(unsigned int, unsigned int, int)
                0x00000000c001a1c0                PCI::legacyMechanism(unsigned char, unsigned char, unsigned char, unsigned char)
                0x00000000c001a236                PCI::pciReadWord(unsigned char, unsigned char, unsigned char, unsigned char)
                0x00000000c001a2e0                PCI::getVendorID(unsigned char, unsigned char, unsigned char)
                0x00000000c001a304                PCI::getHeaderType(unsigned char, unsigned char, unsigned char)
                0x00000000c001a32c                PCI::getClassCode(unsigned char, unsigned char, unsigned char)
                0x00000000c001a376                PCI::getProgIF(unsigned char, unsigned char, unsigned char)
                0x00000000c001a39e                PCI::getRevisionID(unsigned char, unsigned char, unsigned char)
                0x00000000c001a3c2                PCI::getInterruptNumber(unsigned char, unsigned char, unsigned char)
                0x00000000c001a3e6                PCI::getSecondaryBus(unsigned char, unsigned char, unsigned char)
                0x00000000c001a40e                PCI::getBARAddress(unsigned char, unsigned char, unsigned char, unsigned char)
                0x00000000c001a472                PCI::pciWriteWord(unsigned char, unsigned char, unsigned char, unsigned char, unsigned short)
                0x00000000c001a55a                PCI::pciDetailsToFilepath(PCIDeviceInfo, char*)
                0x00000000c001a820                PCI::checkBus(unsigned char)
                0x00000000c001a844                PCI::foundDevice(PCIDeviceInfo)
                0x00000000c001a9be                PCI::getDeviceData(unsigned char, unsigned char, unsigned char)
                0x00000000c001ab3a                PCI::checkDevice(unsigned char, unsigned char)
                0x00000000c001abac                PCI::detect()
 *fill*         0x00000000c001ac05        0x1 
 .text          0x00000000c001ac06      0xb9a hw/diskctrl/ide.32
                0x00000000c001ac06                IDE::close(int, int, void*)
                0x00000000c001ac0a                IDE::IDE()
                0x00000000c001ac0a                IDE::IDE()
                0x00000000c001ac3e                IDE::prepareInterrupt(unsigned char)
                0x00000000c001ac50                selectDrive(unsigned char, unsigned char)
                0x00000000c001ac52                IDE::getBase(unsigned char)
                0x00000000c001ac64                IDE::write(unsigned char, unsigned char, unsigned char)
                0x00000000c001ad24                IDE::read(unsigned char, unsigned char)
                0x00000000c001add2                IDE::waitInterrupt(unsigned char)
                0x00000000c001ae34                ideChannel0IRQHandler(regs*, void*)
                0x00000000c001ae50                ideChannel1IRQHandler(regs*, void*)
                0x00000000c001ae6c                IDE::enableIRQs(unsigned char, bool)
                0x00000000c001aeb6                IDE::open(int, int, void*)
                0x00000000c001b2f4                IDE::readBuffer(unsigned char, unsigned char, unsigned int, unsigned int)
                0x00000000c001b3c4                IDE::detect()
                0x00000000c001b692                IDE::printError(unsigned char, unsigned char, unsigned char)
                0x00000000c001b74c                IDE::polling(unsigned char, unsigned int)
 .text          0x00000000c001b7a0      0x32a hw/diskctrl/satabus.32
                0x00000000c001b7a0                SATABus::close(int, int, void*)
                0x00000000c001b7a4                SATABus::detect()
                0x00000000c001b7a6                SATABus::SATABus()
                0x00000000c001b7a6                SATABus::SATABus()
                0x00000000c001b82c                SATABus::findCmdslot(SATABus::tagHBA_PORT volatile*)
                0x00000000c001b85e                SATABus::checkType(SATABus::tagHBA_PORT volatile*)
                0x00000000c001b8a6                SATABus::startCmd(SATABus::tagHBA_PORT volatile*)
                0x00000000c001b8c6                SATABus::stopCmd(SATABus::tagHBA_PORT volatile*)
                0x00000000c001b8f0                SATABus::portRebase(SATABus::tagHBA_PORT volatile*, int)
                0x00000000c001ba00                SATABus::probePort(SATABus::tagHBA_MEM volatile*)
                0x00000000c001baaa                SATABus::open(int, int, void*)
 .text          0x00000000c001baca      0x93f hw/diskphys/ata.32
                0x00000000c001baca                ATA::close(int, int, void*)
                0x00000000c001baee                ATA::powerSaving(PowerSavingLevel)
                0x00000000c001baf0                ATA::ATA()
                0x00000000c001baf0                ATA::ATA()
                0x00000000c001bb1e                ATA::flush(bool)
                0x00000000c001bb6c                ATA::readyForCommand()
                0x00000000c001bbb8                ATA::access(unsigned long long, int, void*, bool)
                0x00000000c001bf4e                ATA::detectCHS()
                0x00000000c001bf78                ATA::open(int, int, void*)
                0x00000000c001c044                combineCharAndColour(char, unsigned char)
                0x00000000c001c055                combineColours(unsigned char, unsigned char)
                0x00000000c001c062                ATA::read(unsigned long long, int, void*)
                0x00000000c001c238                ATA::write(unsigned long long, int, void*)
 *fill*         0x00000000c001c409        0x1 
 .text          0x00000000c001c40a      0x618 hw/diskphys/atapi.32
                0x00000000c001c40a                ATAPI::write(unsigned long long, int, void*)
                0x00000000c001c410                ATAPI::close(int, int, void*)
                0x00000000c001c434                ATAPI::ATAPI()
                0x00000000c001c434                ATAPI::ATAPI()
                0x00000000c001c462                ATAPI::readyForCommand()
                0x00000000c001c4b4                ATAPI::sendPacket(unsigned char*, int, bool, unsigned short*, int)
                0x00000000c001c77c                ATAPI::diskRemoved()
                0x00000000c001c7b6                ATAPI::eject()
                0x00000000c001c7fe                ATAPI::diskInserted()
                0x00000000c001c80a                ATAPI::detectMedia()
                0x00000000c001c8c8                ATAPI::open(int, int, void*)
                0x00000000c001c9a8                ATAPI::read(unsigned long long, int, void*)
 .text          0x00000000c001ca22      0x807 hw/diskphys/sata.32
                0x00000000c001ca22                SATA::close(int, int, void*)
                0x00000000c001ca46                SATA::powerSaving(PowerSavingLevel)
                0x00000000c001ca48                SATA::open(int, int, void*)
                0x00000000c001caf2                SATA::SATA()
                0x00000000c001caf2                SATA::SATA()
                0x00000000c001cb20                SATA::access(unsigned long long, int, void*, bool)
                0x00000000c001cd74                SATA::read(unsigned long long, int, void*)
                0x00000000c001cfc4                SATA::write(unsigned long long, int, void*)
 *fill*         0x00000000c001d229        0x1 
 .text          0x00000000c001d22a      0x5d0 hw/diskphys/satapi.32
                0x00000000c001d22a                SATAPI::write(unsigned long long, int, void*)
                0x00000000c001d230                SATAPI::close(int, int, void*)
                0x00000000c001d254                SATAPI::SATAPI()
                0x00000000c001d254                SATAPI::SATAPI()
                0x00000000c001d282                SATAPI::diskRemoved()
                0x00000000c001d284                SATAPI::diskInserted()
                0x00000000c001d2a0                SATAPI::sendPacket(unsigned char*, int, unsigned long long, unsigned short*, int)
                0x00000000c001d57e                SATAPI::eject()
                0x00000000c001d5ba                SATAPI::detectMedia()
                0x00000000c001d610                SATAPI::open(int, int, void*)
                0x00000000c001d710                SATAPI::read(unsigned long long, int, void*)
 .text          0x00000000c001d7fa      0x45b hw/intctrl/apic.32
                0x00000000c001d7fa                IOAPIC::close(int, int, void*)
                0x00000000c001d800                apicGetBase()
                0x00000000c001d846                IOAPIC::IOAPIC()
                0x00000000c001d846                IOAPIC::IOAPIC()
                0x00000000c001d86e                apicOpen()
                0x00000000c001d9ea                IOAPIC::handlesGSIWithNumber(unsigned int)
                0x00000000c001da1c                IOAPIC::read(int)
                0x00000000c001da44                IOAPIC::open(int, int, void*)
                0x00000000c001db2a                IOAPIC::write(int, int)
                0x00000000c001db56                IOAPIC::redirect(unsigned char, unsigned long long, unsigned char, bool, bool)
 *fill*         0x00000000c001dc55        0x3 
 .text          0x00000000c001dc58       0xf0 hw/timer/apictimer.32
                0x00000000c001dc58                APICTimer::close(int, int, void*)
                0x00000000c001dc60                apicTimerHandler(regs*, void*)
                0x00000000c001dc88                APICTimer::open(int, int, void*)
                0x00000000c001dcf8                APICTimer::write(int)
                0x00000000c001dd20                APICTimer::APICTimer()
                0x00000000c001dd20                APICTimer::APICTimer()
 .text          0x00000000c001dd48      0x1ad hw/timer/pit.32
                0x00000000c001dd48                PIT::write(int)
                0x00000000c001ddcc                pitHandler(regs*, void*)
                0x00000000c001ddf4                PIT::open(int, int, void*)
                0x00000000c001de44                PIT::close(int, int, void*)
                0x00000000c001de74                PIT::PIT()
                0x00000000c001de74                PIT::PIT()
 *fill*         0x00000000c001def5        0xb 
 .text          0x00000000c001df00       0x83 arch/i386/avx.32
                0x00000000c001df00                avxDetect
                0x00000000c001df2a                avxSave
                0x00000000c001df3b                avxLoad
                0x00000000c001df4c                avxInit
                0x00000000c001df6e                avxClose
                0x00000000c001df6f                wouldSheSayYes
 *fill*         0x00000000c001df83        0xd 
 .text          0x00000000c001df90      0x2ec arch/i386/interrupt.32
                0x00000000c001df90                isr0
                0x00000000c001dfa0                isr1
                0x00000000c001dfaa                isr2
                0x00000000c001dfb4                isr3
                0x00000000c001dfbe                isr4
                0x00000000c001dfc8                isr5
                0x00000000c001dfd2                isr6
                0x00000000c001dfdc                isr7
                0x00000000c001dfe6                isr8
                0x00000000c001dfee                isr9
                0x00000000c001dff8                isr10
                0x00000000c001e000                isr11
                0x00000000c001e008                isr12
                0x00000000c001e010                isr13
                0x00000000c001e02a                isr14
                0x00000000c001e032                isr15
                0x00000000c001e03c                isr16
                0x00000000c001e046                isr17
                0x00000000c001e050                isr18
                0x00000000c001e05a                irq3
                0x00000000c001e064                irq4
                0x00000000c001e06e                irq5
                0x00000000c001e078                irq6
                0x00000000c001e082                irq7
                0x00000000c001e08c                irq8
                0x00000000c001e096                irq9
                0x00000000c001e0a0                irq10
                0x00000000c001e0aa                irq11
                0x00000000c001e0b4                irq12
                0x00000000c001e0be                irq13
                0x00000000c001e0c8                irq14
                0x00000000c001e0d2                irq15
                0x00000000c001e0dc                irq1
                0x00000000c001e0e3                irq2
                0x00000000c001e0ea                isr96
                0x00000000c001e0f1                irq0
                0x00000000c001e0f6                int_common_stub
                0x00000000c001e128                syscall_common_stub
                0x00000000c001e22c                irq16
                0x00000000c001e236                irq17
                0x00000000c001e240                irq18
                0x00000000c001e24a                irq19
                0x00000000c001e254                irq20
                0x00000000c001e25e                irq21
                0x00000000c001e268                irq22
                0x00000000c001e272                irq23
 *fill*         0x00000000c001e27c        0x4 
 .text          0x00000000c001e280       0x10 arch/i386/rdrand.32
                0x00000000c001e280                i386GetRDRAND
 .text          0x00000000c001e290       0x39 arch/i386/sse.32
                0x00000000c001e290                absolutelyNoChanceInHell
                0x00000000c001e290                sseDetect
                0x00000000c001e2a8                sseSave
                0x00000000c001e2b0                sseLoad
                0x00000000c001e2b8                sseInit
                0x00000000c001e2c8                sseClose
 *fill*         0x00000000c001e2c9        0x7 
 .text          0x00000000c001e2d0       0x49 arch/i386/x87.32
                0x00000000c001e2d6                x87Detect
                0x00000000c001e2f1                x87Save
                0x00000000c001e2f8                x87Load
                0x00000000c001e2ff                x87Init
                0x00000000c001e318                x87Close
 *fill*         0x00000000c001e319        0x3 
 .text          0x00000000c001e31c       0x25 /cygdrive/d/Users/Alex/Desktop/Toolchain/Output/bin/../lib/gcc/i386-banana/8.1.0/crtend.o
 .text          0x00000000c001e341        0x0 crtn.32
 *fill*         0x00000000c001e341        0x3 
 .text          0x00000000c001e344      0x14b /cygdrive/d/Users/Alex/Desktop/Toolchain/Output/bin/../lib/gcc/i386-banana/8.1.0/libkgcc.a(_divdi3.o)
                0x00000000c001e344                __divdi3
 *fill*         0x00000000c001e48f        0x1 
 .text          0x00000000c001e490      0x17e /cygdrive/d/Users/Alex/Desktop/Toolchain/Output/bin/../lib/gcc/i386-banana/8.1.0/libkgcc.a(_moddi3.o)
                0x00000000c001e490                __moddi3
 *fill*         0x00000000c001e60e        0x2 
 .text          0x00000000c001e610       0xff /cygdrive/d/Users/Alex/Desktop/Toolchain/Output/bin/../lib/gcc/i386-banana/8.1.0/libkgcc.a(_udivdi3.o)
                0x00000000c001e610                __udivdi3
 *fill*         0x00000000c001e70f        0x1 
 .text          0x00000000c001e710      0x11a /cygdrive/d/Users/Alex/Desktop/Toolchain/Output/bin/../lib/gcc/i386-banana/8.1.0/libkgcc.a(_umoddi3.o)
                0x00000000c001e710                __umoddi3
 *(.gnu.linkonce.t*)

.iplt           0x00000000c001e830        0x0
 .iplt          0x00000000c001e830        0x0 D:/Users/Alex/Desktop/Banana/kernel/boot.32

.init           0x00000000c001e82a        0xf
 .init          0x00000000c001e82a        0x3 crti.32
                0x00000000c001e82a                _init