Archive member included to satisfy reference by file (symbol)

/cygdrive/d/Users/Alex/Desktop/Toolchain/Output/bin/../lib/gcc/i386-banana/8.1.0/libkgcc.a(_divdi3.o)
                              fs/fat/ff.32 (__divdi3)
/cygdrive/d/Users/Alex/Desktop/Toolchain/Output/bin/../lib/gcc/i386-banana/8.1.0/libkgcc.a(_moddi3.o)
                              compat/resolve.32 (__moddi3)
/cygdrive/d/Users/Alex/Desktop/Toolchain/Output/bin/../lib/gcc/i386-banana/8.1.0/libkgcc.a(_udivdi3.o)
                              fs/fat/ff.32 (__udivdi3)
/cygdrive/d/Users/Alex/Desktop/Toolchain/Output/bin/../lib/gcc/i386-banana/8.1.0/libkgcc.a(_umoddi3.o)
                              compat/resolve.32 (__umoddi3)
D:/Users/Alex/Desktop/Banana/kernel/libsoftfp.a(sfieeelib.o)
                              hal/sound/sndhw.32 (__addsf3)
D:/Users/Alex/Desktop/Banana/kernel/libsoftfp.a(dfieeelib.o)
                              hal/libresample/src_linear.32 (__adddf3)
D:/Users/Alex/Desktop/Banana/kernel/libsoftfp.a(sfdfcvt.o)
                              hal/libresample/samplerate.32 (__truncdfsf2)
D:/Users/Alex/Desktop/Banana/kernel/libk/libm32.a(s_fabs.c.o)
                              hal/libresample/samplerate.32 (fabs)
D:/Users/Alex/Desktop/Banana/kernel/libk/libm32.a(s_lrint.S.o)
                              hal/libresample/samplerate.32 (lrint)
D:/Users/Alex/Desktop/Banana/kernel/libk/libm32.a(s_lrintf.S.o)
                              hal/sound/sndhw.32 (lrintf)

Discarded input sections

 .comment       0x0000000000000000       0x12 /cygdrive/d/Users/Alex/Desktop/Toolchain/Output/bin/../lib/gcc/i386-banana/8.1.0/crtbegin.o
 .comment       0x0000000000000000       0x12 acpica/utclib.32
 .comment       0x0000000000000000       0x12 core/malloc.32
 .comment       0x0000000000000000       0x12 libk/string.32
 .comment       0x0000000000000000       0x12 fs/fat/diskio.32
 .comment       0x0000000000000000       0x12 fs/fat/ff.32
 .comment       0x0000000000000000       0x12 fs/fat/ffsystem.32
 .comment       0x0000000000000000       0x12 fs/fat/ffunicode.32
 .comment       0x0000000000000000       0x12 hal/libresample/samplerate.32
 .comment       0x0000000000000000       0x12 hal/libresample/src_linear.32
 .comment       0x0000000000000000       0x12 hal/libresample/src_sinc.32
 .comment       0x0000000000000000       0x12 hal/libresample/src_zoh.32
 .comment       0x0000000000000000       0x12 compat/inlines.32
 .comment       0x0000000000000000       0x12 compat/resolve.32
 .group         0x0000000000000000       0x14 core/computer.32
 .group         0x0000000000000000        0xc core/computer.32
 .comment       0x0000000000000000       0x12 core/computer.32
 .comment       0x0000000000000000       0x12 core/gdt.32
 .group         0x0000000000000000        0xc core/idle.32
 .comment       0x0000000000000000       0x12 core/idle.32
 .comment       0x0000000000000000       0x12 core/idt.32
 .comment       0x0000000000000000       0x12 core/kheap.32
 .comment       0x0000000000000000       0x12 core/main.32
 .comment       0x0000000000000000       0x12 core/physmgr.32
 .group         0x0000000000000000        0xc core/pipe.32
 .comment       0x0000000000000000       0x12 core/pipe.32
 .group         0x0000000000000000        0xc core/terminal.32
 .comment       0x0000000000000000       0x12 core/terminal.32
 .comment       0x0000000000000000       0x12 core/tss.32
 .group         0x0000000000000000        0x8 core/unixfile.32
 .group         0x0000000000000000        0xc core/unixfile.32
 .group         0x0000000000000000        0xc core/unixfile.32
 .group         0x0000000000000000        0x8 core/unixfile.32
 .group         0x0000000000000000        0xc core/unixfile.32
 .group         0x0000000000000000        0x8 core/unixfile.32
 .group         0x0000000000000000        0xc core/unixfile.32
 .group         0x0000000000000000        0xc core/unixfile.32
 .comment       0x0000000000000000       0x12 core/unixfile.32
 .comment       0x0000000000000000       0x12 core/virtmgr.32
 .comment       0x0000000000000000       0x12 coreobjs/c++.32
 .comment       0x0000000000000000       0x12 dbg/kconsole.32
 .group         0x0000000000000000        0xc fs/vfs.32
 .group         0x0000000000000000        0xc fs/vfs.32
 .group         0x0000000000000000        0xc fs/vfs.32
 .comment       0x0000000000000000       0x12 fs/vfs.32
 .group         0x0000000000000000        0xc hal/bus.32
 .comment       0x0000000000000000       0x12 hal/bus.32
 .group         0x0000000000000000        0xc hal/buzzer.32
 .comment       0x0000000000000000       0x12 hal/buzzer.32
 .group         0x0000000000000000        0xc hal/clock.32
 .comment       0x0000000000000000       0x12 hal/clock.32
 .group         0x0000000000000000       0x14 hal/device.32
 .group         0x0000000000000000        0xc hal/device.32
 .group         0x0000000000000000        0xc hal/device.32
 .group         0x0000000000000000        0xc hal/device.32
[...]
Memory Configuration

Name             Origin             Length             Attributes
*default*        0x0000000000000000 0xffffffffffffffff

Linker script and memory map

LOAD D:/Users/Alex/Desktop/Banana/kernel/boot.32
LOAD crti.32
LOAD /cygdrive/d/Users/Alex/Desktop/Toolchain/Output/bin/../lib/gcc/i386-banana/8.1.0/crtbegin.o
LOAD D:/Users/Alex/Desktop/Banana/kernel/morenasm.32
LOAD acpica/utclib.32
LOAD core/malloc.32
LOAD libk/string.32
LOAD fs/fat/diskio.32
LOAD fs/fat/ff.32
LOAD fs/fat/ffsystem.32
LOAD fs/fat/ffunicode.32
LOAD hal/libresample/samplerate.32
LOAD hal/libresample/src_linear.32
LOAD hal/libresample/src_sinc.32
LOAD hal/libresample/src_zoh.32
LOAD compat/inlines.32
LOAD compat/resolve.32
LOAD core/computer.32
LOAD core/gdt.32
LOAD core/idle.32
LOAD core/idt.32
LOAD core/kheap.32
LOAD core/main.32
LOAD core/physmgr.32
LOAD core/pipe.32
LOAD core/terminal.32
LOAD core/tss.32
LOAD core/unixfile.32
LOAD core/virtmgr.32
LOAD coreobjs/c++.32
LOAD dbg/kconsole.32
LOAD fs/vfs.32
LOAD hal/bus.32
LOAD hal/buzzer.32
LOAD hal/clock.32
LOAD hal/device.32
LOAD hal/diskctrl.32
LOAD hal/diskphys.32
LOAD hal/fpu.32
LOAD hal/intctrl.32
LOAD hal/keybrd.32
LOAD hal/logidisk.32
LOAD hal/mouse.32
LOAD hal/partition.32
LOAD hal/serial.32
LOAD hal/timer.32
LOAD hal/vcache.32
LOAD hal/video.32
LOAD hw/acpi.32
LOAD hw/cpu.32
LOAD hw/ports.32
LOAD hw/smp.32
LOAD krnl/env.32
LOAD krnl/panic.32
LOAD net/ethernet.32
LOAD reg/registry.32
LOAD sys/sc_eject.32
LOAD sys/sc_exit.32
LOAD sys/sc_getcwd.32
LOAD sys/sc_getpid.32
LOAD sys/sc_getramdata.32
LOAD sys/sc_loaddll.32
LOAD sys/sc_read.32
LOAD sys/sc_sbrk.32
LOAD sys/sc_setcwd.32
LOAD sys/sc_settime.32
LOAD sys/sc_timezone.32
LOAD sys/sc_write.32
LOAD sys/sc_wsbe.32
LOAD sys/sc_yield.32
LOAD sys/syscalls.32
LOAD thr/elf.32
LOAD thr/prcssthr.32
LOAD vm86/vm8086.32
LOAD vm86/x87em.32
LOAD fs/fat/vfslink.32
LOAD fs/iso9660/vfslink.32
LOAD hal/sound/sndchannel.32
LOAD hal/sound/sndhw.32
LOAD hw/bus/isa.32
LOAD hw/bus/pci.32
LOAD hw/diskctrl/ide.32
LOAD hw/diskctrl/satabus.32
LOAD hw/diskphys/ata.32
LOAD hw/diskphys/atapi.32
LOAD hw/diskphys/sata.32
LOAD hw/diskphys/satapi.32
LOAD hw/fpu/avx.32
LOAD hw/fpu/mmx.32
LOAD hw/fpu/sse.32
LOAD hw/fpu/x87.32
LOAD hw/intctrl/apic.32
LOAD hw/intctrl/pic.32
LOAD hw/timer/apictimer.32
LOAD hw/timer/pit.32
LOAD hw/fpu/x86/avx.32
LOAD hw/fpu/x86/sse.32
LOAD hw/fpu/x86/x87.32
LOAD /cygdrive/d/Users/Alex/Desktop/Toolchain/Output/bin/../lib/gcc/i386-banana/8.1.0/crtend.o
LOAD crtn.32
LOAD /cygdrive/d/Users/Alex/Desktop/Toolchain/Output/bin/../lib/gcc/i386-banana/8.1.0/libkgcc.a
LOAD D:/Users/Alex/Desktop/Banana/kernel/libsoftfp.a
LOAD D:/Users/Alex/Desktop/Banana/kernel/libk/libm32.a
                0x00000000c0000000                . = 0xc0000000

.text           0x00000000c0000000    0x28598
 *(.text)
 .text          0x00000000c0000000       0x41 D:/Users/Alex/Desktop/Banana/kernel/boot.32
                0x00000000c0000020                callGlobalConstructors
 .text          0x00000000c0000041        0x0 crti.32
 *fill*         0x00000000c0000041        0x3 
 .text          0x00000000c0000044      0x101 /cygdrive/d/Users/Alex/Desktop/Toolchain/Output/bin/../lib/gcc/i386-banana/8.1.0/crtbegin.o
 *fill*         0x00000000c0000145        0xb 
 .text          0x00000000c0000150      0x4ed D:/Users/Alex/Desktop/Banana/kernel/morenasm.32
                0x00000000c0000150                manualPCIProbe
                0x00000000c000019b                prepareTramp
                0x00000000c00001b4                voodooXADD
                0x00000000c000027f                doTPAUSE
                0x00000000c0000289                hasLegacyFPU
                0x00000000c00002ae                is486
                0x00000000c00002e4                detectCPUID
                0x00000000c00002fa                goToVM86
                0x00000000c000032a                goToUsermode
                0x00000000c0000354                switchToThreadASMFirstTime
                0x00000000c0000362                switchToThreadASM
                0x00000000c00003ea                asmQuickAcquireLock
                0x00000000c0000408                asmQuickReleaseLock
                0x00000000c0000414                asmAcquireLock
                0x00000000c0000435                asmReleaseLock
                0x00000000c0000448                loadGDT
                0x00000000c0000468                isr0
                0x00000000c0000478                isr1
                0x00000000c0000482                isr2
                0x00000000c000048c                isr3
                0x00000000c0000496                isr4
                0x00000000c00004a0                isr5
                0x00000000c00004aa                isr6
                0x00000000c00004b4                isr7
                0x00000000c00004be                isr8
                0x00000000c00004c6                isr9
                0x00000000c00004d0                isr10
                0x00000000c00004d8                isr11
                0x00000000c00004e0                isr12
                0x00000000c00004e8                isr13
                0x00000000c00004f0                isr14
                0x00000000c00004f8                isr15
                0x00000000c0000502                isr16
                0x00000000c000050c                isr17
                0x00000000c0000516                isr18
                0x00000000c0000520                irq3
                0x00000000c000052a                irq4
                0x00000000c0000534                irq5
                0x00000000c000053e                irq6
                0x00000000c0000548                irq7
                0x00000000c0000552                irq8
                0x00000000c000055c                irq9
                0x00000000c0000566                irq10
                0x00000000c0000570                irq11
                0x00000000c000057a                irq12
                0x00000000c0000584                irq13
                0x00000000c000058e                irq14
                0x00000000c0000598                irq15
                0x00000000c00005a2                irq1
                0x00000000c00005a9                irq2
                0x00000000c00005b0                isr96
                0x00000000c00005b7                irq0
                0x00000000c00005bc                int_common_stub
                0x00000000c00005bc                syscall_common_stub
                0x00000000c00005ed                irq16
                0x00000000c00005f7                irq17
                0x00000000c0000601                irq18
                0x00000000c000060b                irq19
                0x00000000c0000615                irq20
                0x00000000c000061f                irq21
                0x00000000c0000629                irq22
                0x00000000c0000633                irq23
 *fill*         0x00000000c000063d        0x3 
 .text          0x00000000c0000640      0x611 acpica/utclib.32
                0x00000000c0000640                memcmp
                0x00000000c000067c                memmove
                0x00000000c0000744                memcpy
                0x00000000c0000778                memset
                0x00000000c0000794                strlen
                0x00000000c00007ac                strpbrk
                0x00000000c00007e8                strtok
                0x00000000c0000834                strcpy
                0x00000000c0000858                strncpy
                0x00000000c00008c0                strcmp
                0x00000000c0000900                strchr
                0x00000000c0000924                strncmp
                0x00000000c0000974                strcat
                0x00000000c00009a4                strncat
                0x00000000c00009e0                strstr
                0x00000000c0000a28                toupper
                0x00000000c0000a3c                tolower
                0x00000000c0000a50                simple_strtoul
 .text          0x00000000c0000c51      0xfbf core/malloc.32
                0x00000000c0000dbc                dlfree
                0x00000000c0001117                dlmalloc
                0x00000000c0001654                dlrealloc
                0x00000000c0001809                dlmemalign
                0x00000000c000192c                dlcalloc
                0x00000000c00019c6                dlcfree
                0x00000000c00019cb                dlindependent_calloc
                0x00000000c00019f0                dlindependent_comalloc
                0x00000000c0001a07                dlvalloc
                0x00000000c0001a32                dlpvalloc
                0x00000000c0001a68                dlmalloc_trim
                0x00000000c0001a75                dlmalloc_usable_size
                0x00000000c0001aa6                dlmallinfo
                0x00000000c0001b75                dlmalloc_stats
                0x00000000c0001b86                dlmallopt
 .text          0x00000000c0001c10        0x0 libk/string.32
 .text          0x00000000c0001c10       0x51 fs/fat/diskio.32
                0x00000000c0001c10                disk_status
                0x00000000c0001c13                disk_initialize
                0x00000000c0001c16                disk_read
                0x00000000c0001c2c                disk_write
                0x00000000c0001c42                disk_ioctl
 .text          0x00000000c0001c61     0x6833 fs/fat/ff.32
                0x00000000c0004f2f                f_mount
                0x00000000c0004f91                f_open
                0x00000000c00053cd                f_read
                0x00000000c000564d                f_write
                0x00000000c0005907                f_sync
                0x00000000c0005ae3                f_close
                0x00000000c0005b12                f_lseek
                0x00000000c0005fc9                f_opendir
                0x00000000c00060cb                f_closedir
                0x00000000c00060ed                f_readdir
                0x00000000c0006188                f_stat
                0x00000000c0006217                f_getfree
                0x00000000c00063e2                f_truncate
                0x00000000c00064da                f_unlink
                0x00000000c000665d                f_mkdir
                0x00000000c0006889                f_rename
                0x00000000c0006b7c                f_chmod
                0x00000000c0006c5a                f_utime
                0x00000000c0006d38                f_getlabel
                0x00000000c0006f26                f_setlabel
                0x00000000c0007193                f_forward
                0x00000000c0007371                f_mkfs
 .text          0x00000000c0008494       0x2d fs/fat/ffsystem.32
                0x00000000c0008494                ff_memalloc
                0x00000000c00084aa                ff_memfree
 .text          0x00000000c00084c1      0x253 fs/fat/ffunicode.32
                0x00000000c00084c1                ff_uni2oem
                0x00000000c0008551                ff_oem2uni
                0x00000000c00085bd                ff_wtoupper
 .text          0x00000000c0008714      0x8fb hal/libresample/samplerate.32
                0x00000000c0008758                src_delete
                0x00000000c0008794                src_process
                0x00000000c000894a                src_callback_read
                0x00000000c0008ac7                src_set_ratio
                0x00000000c0008b31                src_get_channels
                0x00000000c0008b53                src_reset
                0x00000000c0008b9f                src_new
                0x00000000c0008c2d                src_callback_new
                0x00000000c0008c8f                src_get_name
                0x00000000c0008cc6                src_get_description
                0x00000000c0008cfd                src_get_version
                0x00000000c0008d03                src_is_valid_ratio
                0x00000000c0008d57                src_error
                0x00000000c0008d65                src_strerror
                0x00000000c0008d78                src_simple
                0x00000000c0008dcb                src_short_to_float_array
                0x00000000c0008e30                src_float_to_short_array
                0x00000000c0008eef                src_int_to_float_array
                0x00000000c0008f52                src_float_to_int_array
 .text          0x00000000c000900f      0x8cb hal/libresample/src_linear.32
                0x00000000c0009835                linear_get_name
                0x00000000c0009844                linear_get_description
                0x00000000c0009853                linear_set_converter
 .text          0x00000000c00098da     0x447c hal/libresample/src_sinc.32
                0x00000000c000dc6d                sinc_get_name
                0x00000000c000dc80                sinc_get_description
                0x00000000c000dc93                sinc_set_converter
 .text          0x00000000c000dd56      0x77c hal/libresample/src_zoh.32
                0x00000000c000e42d                zoh_get_name
                0x00000000c000e43c                zoh_get_description
                0x00000000c000e44b                zoh_set_converter
 .text          0x00000000c000e4d2       0x23 compat/inlines.32
                0x00000000c000e4d2                CPU::current()
                0x00000000c000e4df                operator new(unsigned long)
 .text          0x00000000c000e4f5      0x111 compat/resolve.32
                0x00000000c000e4f5                Krnl::resolveCompatibilitySymbol(char*)
 .text          0x00000000c000e606      0xa17 core/computer.32
                0x00000000c000e606                Computer::close(int, int, void*)
                0x00000000c000e64a                Krnl::firstTask()
                0x00000000c000e73a                Computer::Computer()
                0x00000000c000e73a                Computer::Computer()
                0x00000000c000e896                Computer::setBootMessage(char const*)
                0x00000000c000e898                Computer::detectFeatures()
                0x00000000c000eaa2                Computer::displayFeatures()
                0x00000000c000ede8                Computer::rdmsr(unsigned int)
                0x00000000c000ee14                Computer::wrmsr(unsigned int, unsigned long long)
                0x00000000c000ee4c                Computer::nmiEnabled()
                0x00000000c000ee58                Computer::readCMOS(unsigned char)
                0x00000000c000ee72                Computer::enableNMI(bool)
                0x00000000c000ee8a                Computer::open(int, int, void*)
                0x00000000c000ef60                Computer::disableNMI()
                0x00000000c000ef6e                Computer::writeCMOS(unsigned char, unsigned char)
                0x00000000c000ef8c                Computer::handleNMI()
                0x00000000c000eff2                Computer::setDiskActivityLight(int, bool)
 *fill*         0x00000000c000f01d        0x1 
 .text          0x00000000c000f01e      0x1b7 core/gdt.32
                0x00000000c000f01e                GDTEntry::setBase(unsigned int)
                0x00000000c000f03a                GDTEntry::setLimit(unsigned int)
                0x00000000c000f058                GDT::GDT()
                0x00000000c000f058                GDT::GDT()
                0x00000000c000f06e                GDT::addEntry(GDTEntry)
                0x00000000c000f0aa                GDT::getNumberOfEntries()
                0x00000000c000f0b2                GDT::flush()
                0x00000000c000f0d4                GDT::setup()
 .text          0x00000000c000f1d5       0x62 core/idle.32
                0x00000000c000f1d5                idleFunction(void*)
 *fill*         0x00000000c000f237        0x1 
 .text          0x00000000c000f238      0x45f core/idt.32
                0x00000000c000f238                IDTEntry::IDTEntry(bool)
                0x00000000c000f238                IDTEntry::IDTEntry(bool)
                0x00000000c000f2a6                IDTEntry::setOffset(unsigned int)
                0x00000000c000f2ba                IDT::IDT()
                0x00000000c000f2ba                IDT::IDT()
                0x00000000c000f2bc                IDT::getPointerToInvalidOpcodeEntryForF00F()
                0x00000000c000f2c4                IDT::addEntry(IDTEntry, int)
                0x00000000c000f2de                IDT::addEntry(int, void (*)(), bool)
                0x00000000c000f316                IDT::flush()
                0x00000000c000f330                IDT::setup()
 .text          0x00000000c000f697      0x206 core/kheap.32
                0x00000000c000f697                sbrk
                0x00000000c000f7a5                mmap
                0x00000000c000f7bb                munmap
                0x00000000c000f7d1                liballoc_lock()
                0x00000000c000f7e2                liballoc_unlock()
                0x00000000c000f7f3                liballoc_alloc(int)
                0x00000000c000f811                liballoc_free(void*, int)
                0x00000000c000f82f                realloc
                0x00000000c000f843                malloc
                0x00000000c000f853                free
                0x00000000c000f863                rfree
                0x00000000c000f873                calloc
 .text          0x00000000c000f89d      0x480 core/main.32
                0x00000000c000f89d                hwTextMode_loadInData(VgaText*)
                0x00000000c000f8e8                hwTextMode_loadInTitle(VgaText*, char*)
                0x00000000c000f966                hwTextMode_showCursor(VgaText*, bool)
                0x00000000c000f9c4                hwTextMode_update(VgaText*)
                0x00000000c000f9c5                hwTextMode_updateCursor(VgaText*)
                0x00000000c000fa16                hwTextMode_disableBlink(VgaText*, bool)
                0x00000000c000fa5c                hwTextMode_scrollScreen(VgaText*)
                0x00000000c000fb09                hwTextMode_writeCharacter(VgaText*, char, VgaColour, VgaColour, int, int)
                0x00000000c000fb8b                setupTextMode()
                0x00000000c000fbfb                kernel_main
 .text          0x00000000c000fd1d      0x56a core/physmgr.32
                0x00000000c000fd1d                Phys::allocateDMA(unsigned long)
                0x00000000c000fdc0                Phys::freeDMA(unsigned long, unsigned long)
                0x00000000c000fe08                Phys::setPageState(unsigned long, bool)
                0x00000000c000fe3a                Phys::getPageState(unsigned long)
                0x00000000c000fe56                Phys::freePage(unsigned long)
                0x00000000c000fee0                Phys::allocatePage()
                0x00000000c000ffc5                Phys::allocateContiguousPages(int)
                0x00000000c001001f                Phys::allowSegmentToBeUsed(unsigned long, unsigned long)
                0x00000000c0010057                Phys::physicalMemorySetup(unsigned int)
 *fill*         0x00000000c0010287        0x1 
 .text          0x00000000c0010288      0x273 core/pipe.32
                0x00000000c0010288                Pipe::isAtty()
                0x00000000c001028c                Pipe::~Pipe()
                0x00000000c001028c                Pipe::~Pipe()
                0x00000000c00102b0                Pipe::~Pipe()
                0x00000000c00102d8                Pipe::read(unsigned long long, void*, int*)
                0x00000000c00103cc                Pipe::write(unsigned long long, void*, int*)
                0x00000000c0010494                Pipe::Pipe(int)
                0x00000000c0010494                Pipe::Pipe(int)
 *fill*         0x00000000c00104fb        0x1 
 .text          0x00000000c00104fc      0xf73 core/terminal.32
                0x00000000c00104fc                VgaText::isAtty()
                0x00000000c0010500                VgaText::~VgaText()
                0x00000000c0010500                VgaText::~VgaText()
                0x00000000c0010524                VgaText::~VgaText()
                0x00000000c001054e                VgaText::read(unsigned long long, void*, int*)
                0x00000000c001056e                setTerminalScrollLock(bool)
                0x00000000c001056f                addToTerminalCycle(VgaText*)
                0x00000000c001059c                installVgaTextImplementation()
                0x00000000c00105b1                scrollTerminalScrollLock(int)
                0x00000000c00105b2                VgaText::load()
                0x00000000c0010606                VgaText::updateCursor()
                0x00000000c0010620                VgaText::showCursor(bool)
                0x00000000c0010630                VgaText::disableBlink(bool)
                0x00000000c001066a                VgaText::doANSI_SGR(int)
                0x00000000c00106f6                VgaText::setDefaultBgColour(VgaColour)
                0x00000000c001070c                VgaText::setDefaultFgColour(VgaColour)
                0x00000000c0010722                VgaText::setDefaultColours(VgaColour, VgaColour)
                0x00000000c0010742                VgaText::combineColours(unsigned char, unsigned char)
                0x00000000c0010754                VgaText::scrollScreen()
                0x00000000c00107e8                VgaText::combineCharAndColour(char, unsigned char)
                0x00000000c00107fa                VgaText::writeCharacter(char, VgaColour, VgaColour, int, int)
                0x00000000c001085a                VgaText::getCursorX()
                0x00000000c0010866                VgaText::getCursorY()
                0x00000000c0010872                VgaText::setCursor(int, int)
                0x00000000c0010890                VgaText::setCursorX(int)
                0x00000000c00108ac                VgaText::setCursorY(int)
                0x00000000c00108c8                VgaText::incrementCursor(bool)
                0x00000000c0010930                VgaText::updateRAMUsageDisplay(int)
                0x00000000c0010994                VgaText::updateDiskUsage()
                0x00000000c0010afe                VgaText::updateTitle()
                0x00000000c0010b44                VgaText::setTitleTextColour(VgaColour)
                0x00000000c0010b54                VgaText::setTitleColour(VgaColour)
                0x00000000c0010b64                VgaText::setTitle(char*)
                0x00000000c0010b8a                VgaText::decrementCursor(bool)
                0x00000000c0010bb2                VgaText::putchar(char, VgaColour, VgaColour)
                0x00000000c0010cae                VgaText::isShowingCursor()
                0x00000000c0010cba                VgaText::isBlinkDisabled()
                0x00000000c0010cc8                VgaText::setCursorHeight(int)
                0x00000000c0010ce6                VgaText::getCursorHeight()
                0x00000000c0010cf1                setActiveTerminal(VgaText*)
                0x00000000c0010da3                doTerminalCycle()
                0x00000000c0010dc0                VgaText::doUpdate()
                0x00000000c0010dd2                VgaText::puts(char const*, VgaColour, VgaColour)
                0x00000000c0010f92                VgaText::clearScreen()
                0x00000000c0010ff6                VgaText::putchar(char)
                0x00000000c0011110                VgaText::puts(char const*)
                0x00000000c0011136                VgaText::putx(unsigned int)
                0x00000000c001117c                VgaText::VgaText(char const*)
                0x00000000c001117c                VgaText::VgaText(char const*)
                0x00000000c001130e                VgaText::receiveKey(unsigned char)
                0x00000000c00113f6                VgaText::write(unsigned long long, void*, int*)
                0x00000000c001144a                newTerminal(char*)
 *fill*         0x00000000c001146f        0x1 
 .text          0x00000000c0011470      0x1b3 core/tss.32
                0x00000000c0011470                TSS::TSS()
                0x00000000c0011470                TSS::TSS()
                0x00000000c001147e                TSS::setESP(unsigned long)
                0x00000000c0011490                TSS::flush()
                0x00000000c00114b0                TSS::setup(unsigned long, unsigned long)
 *fill*         0x00000000c0011623        0x1 
 .text          0x00000000c0011624      0x4c2 core/unixfile.32
                0x00000000c0011624                ReservedFilename::read(unsigned long long, void*, int*)
                0x00000000c001167a                ReservedFilename::isAtty()
                0x00000000c0011696                ReservedFilename::write(unsigned long long, void*, int*)
                0x00000000c00116f4                UnixFile::getFileDescriptor()
                0x00000000c00116fc                UnixFile::UnixFile(int)
                0x00000000c00116fc                UnixFile::UnixFile(int)
                0x00000000c00118ac                ReservedFilename::ReservedFilename(int)
                0x00000000c00118ac                ReservedFilename::ReservedFilename(int)
                0x00000000c00118de                UnixFile::~UnixFile()
                0x00000000c00118de                UnixFile::~UnixFile()
                0x00000000c0011976                UnixFile::~UnixFile()
                0x00000000c001199e                ReservedFilename::~ReservedFilename()
                0x00000000c001199e                ReservedFilename::~ReservedFilename()
                0x00000000c00119c2                ReservedFilename::~ReservedFilename()
                0x00000000c00119e9                getFromFileDescriptor(int)
 .text          0x00000000c0011ae6     0x123e core/virtmgr.32
                0x00000000c0011ae6                Virt::swappingSetup()
                0x00000000c0011c60                Virt::setPageState(unsigned long, Virt::VirtPageState)
                0x00000000c0011c95                Virt::getPageState(unsigned long)
                0x00000000c0011cb9                Virt::allocateKernelVirtualPages(int)
                0x00000000c0011dca                Virt::freeSwapfilePage(unsigned long)
                0x00000000c0011de8                Virt::swapIDToSector(unsigned long)
                0x00000000c0011dfa                Virt::allocateSwapfilePage()
                0x00000000c0011e78                Virt::virtualMemorySetup()
                0x00000000c0011ef7                Virt::getAKernelVAS()
                0x00000000c0011efe                VAS::VAS()
                0x00000000c0011efe                VAS::VAS()
                0x00000000c0011f3a                VAS::VAS(VAS*)
                0x00000000c0011f3a                VAS::VAS(VAS*)
                0x00000000c0011f68                VAS::getForeignPageTableEntry(bool, unsigned long)
                0x00000000c0011f94                VAS::getPageTableEntry(unsigned long)
                0x00000000c0011fb3                Virt::freeKernelVirtualPages(unsigned long)
                0x00000000c00120d6                VAS::freeAllocatedPages(unsigned long)
                0x00000000c00120fa                VAS::virtualToPhysical(unsigned long)
                0x00000000c0012112                VAS::reflagRange(unsigned long, int, int, int)
                0x00000000c0012152                VAS::setToWriteCombining(unsigned long, int)
                0x00000000c0012184                VAS::mapOtherVASIn(bool, VAS*)
                0x00000000c00121ae                VAS::~VAS()
                0x00000000c00121ae                VAS::~VAS()
                0x00000000c001231a                VAS::mapPage(unsigned long, unsigned long, int)
                0x00000000c001241a                VAS::allocatePages(int, int)
                0x00000000c00125f2                VAS::setCPUSpecific(unsigned long)
                0x00000000c001260e                VAS::mapRange(unsigned long, unsigned long, int, int)
                0x00000000c00126d4                VAS::mapForeignPage(bool, VAS*, unsigned long, unsigned long, int)
                0x00000000c00127c2                VAS::VAS(bool)
                0x00000000c00127c2                VAS::VAS(bool)
                0x00000000c0012a28                VAS::evict(unsigned long)
                0x00000000c0012ab0                VAS::tryLoadBackOffDisk(unsigned long)
                0x00000000c0012b86                VAS::scanForEviction()
                0x00000000c0012c68                mapVASFirstTime
 .text          0x00000000c0012d24       0x95 coreobjs/c++.32
                0x00000000c0012d24                __cxa_atexit
                0x00000000c0012d27                __cxa_finalize
                0x00000000c0012d28                __stack_chk_fail
                0x00000000c0012d94                __cxa_pure_virtual
                0x00000000c0012da5                operator new[](unsigned long)
                0x00000000c0012daa                operator delete(void*, unsigned long)
                0x00000000c0012daf                operator delete[](void*)
                0x00000000c0012db4                operator delete[](void*, unsigned long)
 .text          0x00000000c0012db9      0x1ef dbg/kconsole.32
                0x00000000c0012db9                Dbg::stringifyxWithBase(unsigned int, char*, int)
                0x00000000c0012e1a                Dbg::logc(char)
                0x00000000c0012e31                Dbg::logs(char*)
                0x00000000c0012e4e                Dbg::logWriteInt(unsigned int)
                0x00000000c0012e6b                Dbg::logWriteIntBase(unsigned int, int)
                0x00000000c0012e8a                Dbg::kprintf(char const*, ...)
 .text          0x00000000c0012fa8      0xb7c fs/vfs.32
                0x00000000c0012fa8                File::read(unsigned long long, void*, int*)
                0x00000000c0013000                File::write(unsigned long long, void*, int*)
                0x00000000c0013058                Directory::read(unsigned long long, void*, int*)
                0x00000000c00130b0                Directory::write(unsigned long long, void*, int*)
                0x00000000c00130de                File::isAtty()
                0x00000000c00130e2                Directory::isAtty()
                0x00000000c00130e6                Filesystem::getlabel(LogicalDisk*, int, char*, unsigned int*)
                0x00000000c00130ec                Filesystem::setlabel(LogicalDisk*, int, char*)
                0x00000000c00130f2                File::~File()
                0x00000000c00130f2                File::~File()
                0x00000000c0013116                File::~File()
                0x00000000c0013140                Directory::~Directory()
                0x00000000c0013140                Directory::~Directory()
                0x00000000c0013164                Directory::~Directory()
                0x00000000c001318e                Filesystem::Filesystem()
                0x00000000c001318e                Filesystem::Filesystem()
                0x00000000c00131b2                Filesystem::~Filesystem()
                0x00000000c00131b2                Filesystem::~Filesystem()
                0x00000000c00131c0                Filesystem::~Filesystem()
                0x00000000c00131e4                Fs::getcwd(Process*, char*, int)
                0x00000000c001320e                Fs::initVFS()
                0x00000000c0013238                Fs::standardiseFiles(char*, char const*, char const*)
                0x00000000c00133e2                File::File(char const*, Process*)
                0x00000000c00133e2                File::File(char const*, Process*)
                0x00000000c0013446                File::open(FileOpenMode)
                0x00000000c00134a4                File::close()
                0x00000000c0013504                File::seek(unsigned long long)
                0x00000000c001355a                File::tell(unsigned long long*)
                0x00000000c00135aa                File::rewind()
                0x00000000c00135be                File::unlink()
                0x00000000c001360a                File::rename(char const*)
                0x00000000c0013658                File::chfatattr(unsigned char, unsigned char)
                0x00000000c00136b4                File::exists()
                0x00000000c00136f2                File::stat(unsigned long long*, bool*)
                0x00000000c0013753                Fs::setcwd(Process*, char*)
                0x00000000c001388e                Directory::Directory(char const*, Process*)
                0x00000000c001388e                Directory::Directory(char const*, Process*)
                0x00000000c00138f2                Directory::open()
                0x00000000c001394e                Directory::close()
                0x00000000c00139ae                Directory::unlink()
                0x00000000c00139fa                Directory::rename(char const*)
                0x00000000c0013a48                Directory::exists()
                0x00000000c0013a86                Directory::read(dirent*)
                0x00000000c0013ad2                Directory::create()
                0x00000000c0013b1e                Filesystem::chfatattr(char const*, unsigned char, unsigned char)
 .text          0x00000000c0013b24       0x84 hal/bus.32
                0x00000000c0013b24                Bus::Bus(char const*)
                0x00000000c0013b24                Bus::Bus(char const*)
                0x00000000c0013b5a                Bus::~Bus()
                0x00000000c0013b5a                Bus::~Bus()
                0x00000000c0013b7e                Bus::~Bus()
 .text          0x00000000c0013ba8      0x14e hal/buzzer.32
                0x00000000c0013ba8                Buzzer::Buzzer(char const*)
                0x00000000c0013ba8                Buzzer::Buzzer(char const*)
                0x00000000c0013bec                Buzzer::~Buzzer()
                0x00000000c0013bec                Buzzer::~Buzzer()
                0x00000000c0013c10                Buzzer::~Buzzer()
                0x00000000c0013c3a                Buzzer::stop()
                0x00000000c0013c4d                beepThread(void*)
                0x00000000c0013c88                Buzzer::beep(int, int, bool)
 .text          0x00000000c0013cf6      0x467 hal/clock.32
                0x00000000c0013cf6                User::loadClockSettings(int)
                0x00000000c0013d48                Clock::Clock(char const*)
                0x00000000c0013d48                Clock::Clock(char const*)
                0x00000000c0013d7e                Clock::~Clock()
                0x00000000c0013d7e                Clock::~Clock()
                0x00000000c0013da2                Clock::~Clock()
                0x00000000c0013dcc                Clock::timeInSecondsLocal()
                0x00000000c0013e14                Clock::setTimeInSecondsLocal(unsigned long long)
                0x00000000c0013e6d                datetimeToSeconds(datetime_t)
                0x00000000c0013f94                Clock::setTimeInDatetimeLocal(datetime_t)
                0x00000000c0013ff4                secondsToDatetime(unsigned long long)
                0x00000000c0014138                Clock::timeInDatetimeLocal()
 *fill*         0x00000000c001415d        0x1 
 .text          0x00000000c001415e      0x4de hal/device.32
                0x00000000c001415e                Device::hibernate()
                0x00000000c0014160                Device::wake()
                0x00000000c0014162                Device::detect()
                0x00000000c0014164                Device::disableLegacy()
                0x00000000c0014166                Device::powerSaving(PowerSavingLevel)
                0x00000000c0014168                DriverlessDevice::close(int, int, void*)
                0x00000000c001416c                DriverlessDevice::detect()
                0x00000000c001416e                DriverlessDevice::open(int, int, void*)
                0x00000000c0014182                Device::~Device()
                0x00000000c0014182                Device::~Device()
                0x00000000c0014190                Device::~Device()
                0x00000000c00141b8                Device::findAndLoadDriver()
                0x00000000c00141ba                Device::preOpenPCI(PCIDeviceInfo)
                0x00000000c00141e0                Device::preOpenACPI(void*, char*, char*)
                0x00000000c0014234                Device::addIRQHandler(int, void (*)(regs*, void*), bool, void*)
                0x00000000c0014272                Device::removeIRQHandler(int, void (*)(regs*, void*), bool)
                0x00000000c00142b0                Device::addChild(Device*)
                0x00000000c00142f4                Device::removeAllChildren()
                0x00000000c001433a                Device::hibernateAll()
                0x00000000c001436a                Device::wakeAll()
                0x00000000c001439a                Device::detectAll()
                0x00000000c00143ca                Device::disableLegacyAll()
                0x00000000c00143fa                Device::loadDriversForAll()
                0x00000000c0014426                Device::closeAll()
                0x00000000c001445c                Device::powerSavingAll(PowerSavingLevel)
                0x00000000c0014492                Device::setName(char const*)
                0x00000000c00144a0                Device::Device(char const*)
                0x00000000c00144a0                Device::Device(char const*)
                0x00000000c001459c                Device::getName()
                0x00000000c00145a6                DriverlessDevice::DriverlessDevice(char const*)
                0x00000000c00145a6                DriverlessDevice::DriverlessDevice(char const*)
                0x00000000c00145ce                Device::addToLinkedList(LinkedList<Device>&, DeviceType)
                0x00000000c0014612                getDevicesOfType(DeviceType)
 .text          0x00000000c001463c       0x84 hal/diskctrl.32
                0x00000000c001463c                HardDiskController::HardDiskController(char const*)
                0x00000000c001463c                HardDiskController::HardDiskController(char const*)
                0x00000000c0014672                HardDiskController::~HardDiskController()
                0x00000000c0014672                HardDiskController::~HardDiskController()
                0x00000000c0014696                HardDiskController::~HardDiskController()
 .text          0x00000000c00146c0       0xf2 hal/diskphys.32
                0x00000000c00146c0                PhysicalDisk::eject()
                0x00000000c00146d4                PhysicalDisk::PhysicalDisk(char const*, int)
                0x00000000c00146d4                PhysicalDisk::PhysicalDisk(char const*, int)
                0x00000000c001473c                PhysicalDisk::startCache()
                0x00000000c0014764                PhysicalDisk::~PhysicalDisk()
                0x00000000c0014764                PhysicalDisk::~PhysicalDisk()
                0x00000000c0014788                PhysicalDisk::~PhysicalDisk()
 .text          0x00000000c00147b2      0x13b hal/fpu.32
                0x00000000c00147b2                FPU::FPU(char const*)
                0x00000000c00147b2                FPU::FPU(char const*)
                0x00000000c00147e8                FPU::~FPU()
                0x00000000c00147e8                FPU::~FPU()
                0x00000000c001480c                FPU::~FPU()
                0x00000000c0014836                setupFPU()
 *fill*         0x00000000c00148ed        0x1 
 .text          0x00000000c00148ee     0x13a7 hal/intctrl.32
                0x00000000c00148ee                InterruptController::uninstallISRHandler(int, void (*)(regs*, void*))
                0x00000000c0014926                InterruptController::installISRHandler(int, void (*)(regs*, void*), void*)
                0x00000000c0014978                doubleFault(regs*, void*)
                0x00000000c0014992                InterruptController::installIRQHandler(int, void (*)(regs*, void*), bool, void*)
                0x00000000c0014a2e                InterruptController::clearAllHandlers(int, bool)
                0x00000000c0014ad6                InterruptController::uninstallIRQHandler(int, void (*)(regs*, void*), bool)
                0x00000000c0014b5d                nmiHandler(regs*, void*)
                0x00000000c0014b6b                int_handler
                0x00000000c0014c0c                InterruptController::InterruptController(char const*)
                0x00000000c0014c0c                InterruptController::InterruptController(char const*)
                0x00000000c0014cb2                InterruptController::~InterruptController()
                0x00000000c0014cb2                InterruptController::~InterruptController()
                0x00000000c0014cd6                InterruptController::~InterruptController()
                0x00000000c0014d00                displayDebugInfo(regs*)
                0x00000000c001518f                x87EmulHandler(regs*, void*)
                0x00000000c00151be                gpFault(regs*, void*)
                0x00000000c00151f7                pgFault(regs*, void*)
                0x00000000c0015233                otherISRHandler(regs*, void*)
                0x00000000c0015252                opcodeFault(regs*, void*)
                0x00000000c0015858                displayProgramFault(char const*)
                0x00000000c0015880                setupInterruptController()
                0x00000000c0015c48                InterruptController::convertLegacyIRQNumber(int)
 *fill*         0x00000000c0015c95        0x1 
 .text          0x00000000c0015c96      0x6c8 hal/keybrd.32
                0x00000000c0015c96                startGUI(void*)
                0x00000000c0015cf2                startGUIVESA(void*)
                0x00000000c0015d4e                sendKeyToTerminal(unsigned char)
                0x00000000c0015dba                sendKeyboardToken(KeyboardToken)
                0x00000000c00161f7                clearInternalKeybuffer(VgaText*)
                0x00000000c001622c                readKeyboard(VgaText*, char*, unsigned long)
                0x00000000c00162d4                Keyboard::Keyboard(char const*)
                0x00000000c00162d4                Keyboard::Keyboard(char const*)
                0x00000000c0016310                Keyboard::~Keyboard()
                0x00000000c0016310                Keyboard::~Keyboard()
                0x00000000c0016334                Keyboard::~Keyboard()
 .text          0x00000000c001635e      0x414 hal/logidisk.32
                0x00000000c001635e                LogicalDisk::close(int, int, void*)
                0x00000000c0016362                LogicalDisk::~LogicalDisk()
                0x00000000c0016362                LogicalDisk::~LogicalDisk()
                0x00000000c0016386                LogicalDisk::~LogicalDisk()
                0x00000000c00163b0                LogicalDisk::open(int, int, void*)
                0x00000000c00163c4                LogicalDisk::absoluteToRelative(unsigned long long)
                0x00000000c00163fc                LogicalDisk::relativeToAbsolute(unsigned long long)
                0x00000000c0016442                LogicalDisk::LogicalDisk(char const*, PhysicalDisk*, unsigned long long, unsigned long long)
                0x00000000c0016442                LogicalDisk::LogicalDisk(char const*, PhysicalDisk*, unsigned long long, unsigned long long)
                0x00000000c00164f8                LogicalDisk::assignDriveLetter()
                0x00000000c00165ae                LogicalDisk::mount()
                0x00000000c0016620                LogicalDisk::unmount()
                0x00000000c0016630                LogicalDisk::eject()
                0x00000000c0016644                LogicalDisk::unassignDriveLetter()
                0x00000000c001669a                LogicalDisk::read(unsigned long long, int, void*)
                0x00000000c0016706                LogicalDisk::write(unsigned long long, int, void*)
 .text          0x00000000c0016772       0x84 hal/mouse.32
                0x00000000c0016772                Mouse::Mouse(char const*)
                0x00000000c0016772                Mouse::Mouse(char const*)
                0x00000000c00167a8                Mouse::~Mouse()
                0x00000000c00167a8                Mouse::~Mouse()
                0x00000000c00167cc                Mouse::~Mouse()
 .text          0x00000000c00167f6      0x34d hal/partition.32
                0x00000000c00167f6                makePartition(PhysicalDisk*, unsigned long long, unsigned long long)
                0x00000000c00168b2                createPartitionsForDisk(PhysicalDisk*)
 *fill*         0x00000000c0016b43        0x1 
 .text          0x00000000c0016b44       0x84 hal/serial.32
                0x00000000c0016b44                Serial::Serial(char const*)
                0x00000000c0016b44                Serial::Serial(char const*)
                0x00000000c0016b7a                Serial::~Serial()
                0x00000000c0016b7a                Serial::~Serial()
                0x00000000c0016b9e                Serial::~Serial()
 .text          0x00000000c0016bc8      0x2b8 hal/timer.32
                0x00000000c0016bc8                Timer::Timer(char const*)
                0x00000000c0016bc8                Timer::Timer(char const*)
                0x00000000c0016bfe                Timer::~Timer()
                0x00000000c0016bfe                Timer::~Timer()
                0x00000000c0016c22                Timer::~Timer()
                0x00000000c0016c4c                Timer::read()
                0x00000000c0016c57                timerHandler(unsigned long long)
                0x00000000c0016d8e                setupTimer(int)
 .text          0x00000000c0016e80      0x425 hal/vcache.32
                0x00000000c0016e80                VCache::VCache(PhysicalDisk*)
                0x00000000c0016e80                VCache::VCache(PhysicalDisk*)
                0x00000000c0016fe8                VCache::invalidateReadBuffer()
                0x00000000c0016ff8                VCache::writeWriteBuffer()
                0x00000000c0017034                VCache::~VCache()
                0x00000000c0017034                VCache::~VCache()
                0x00000000c0017088                VCache::~VCache()
                0x00000000c00170b0                VCache::write(unsigned long long, int, void*)
                0x00000000c00171a6                VCache::read(unsigned long long, int, void*)
 *fill*         0x00000000c00172a5        0x1 
 .text          0x00000000c00172a6      0x4cd hal/video.32
                0x00000000c00172a6                Video::putrect(int, int, int, int, unsigned int)
                0x00000000c00172f2                Video::bitblit(int, int, int, int, int, int, int, unsigned int*)
                0x00000000c0017362                Video::blit(unsigned int*, int, int, int, int)
                0x00000000c00173e0                Video::clearScreen(unsigned int)
                0x00000000c0017414                Video::putpixel(int, int, unsigned int)
                0x00000000c0017422                Video::Video(char const*)
                0x00000000c0017422                Video::Video(char const*)
                0x00000000c0017458                Video::~Video()
                0x00000000c0017458                Video::~Video()
                0x00000000c001747c                Video::~Video()
                0x00000000c00174a6                Video::isMonochrome()
                0x00000000c00174b2                Video::getWidth()
                0x00000000c00174be                Video::getHeight()
                0x00000000c00174ca                Video::drawCursor(int, int, unsigned char*, int)
                0x00000000c0017586                Video::tgaParse(unsigned char*, int, int*, int*)
                0x00000000c0017708                Video::putTGA(int, int, unsigned char*, int)
 *fill*         0x00000000c0017773        0x1 
 .text          0x00000000c0017774      0xf68 hw/acpi.32
                0x00000000c0017774                ACPI::close(int, int, void*)
                0x00000000c0017829                findRSDP()
                0x00000000c00178b3                loadACPITables(unsigned char*)
                0x00000000c0017ada                findRSDT(unsigned char*)
                0x00000000c0017bf8                findDataTable(unsigned char*, char*)
                0x00000000c0017c94                scanMADT()
                0x00000000c001811a                ACPI::ACPI()
                0x00000000c001811a                ACPI::ACPI()
                0x00000000c0018184                ACPI::getPCIIRQAssignment(unsigned char, unsigned short, unsigned char)
                0x00000000c0018266                ACPI::registerPCIIRQAssignment(void*, unsigned short, unsigned char, unsigned char)
                0x00000000c001832c                ACPI::setScreenBrightnessLevel(void*, int)
                0x00000000c0018332                ACPI::writeSimpleBootFlag(SimpleBootFlagTable*)
                0x00000000c001837a                ACPI::open(int, int, void*)
                0x00000000c00186c4                ACPI::sleep()
 .text          0x00000000c00186dc     0x1715 hw/cpu.32
                0x00000000c00186dc                CPU::close(int, int, void*)
                0x00000000c00186e0                CPU::lookupAMDName(unsigned char, unsigned char)
                0x00000000c0018874                CPU::lookupIntelName(unsigned char, unsigned char)
                0x00000000c0018b22                CPU::AMD_K6_write_msr(unsigned int, unsigned int, unsigned int, CPU::REGS*)
                0x00000000c0018b3e                CPU::AMD_K6_read_msr(unsigned int, CPU::REGS*)
                0x00000000c0018b56                CPU::AMD_K6_writeback(int, int, int)
                0x00000000c0018bca                CPU::cpuid(int, unsigned long*, unsigned long*, unsigned long*, unsigned long*)
                0x00000000c0018c4e                CPU::cpuidCheckEDX(unsigned int)
                0x00000000c0018c7c                CPU::cpuidCheckECX(unsigned int)
                0x00000000c0018caa                CPU::cpuidCheckExtendedEBX(unsigned int)
                0x00000000c0018cd8                CPU::cpuidCheckExtendedECX(unsigned int)
                0x00000000c0018d06                CPU::CPU()
                0x00000000c0018d06                CPU::CPU()
                0x00000000c0018d94                CPU::displayFeatures()
                0x00000000c0019010                CPU::detectFeatures()
                0x00000000c0019a00                CPU::setupSMEP()
                0x00000000c0019a0c                CPU::setupUMIP()
                0x00000000c0019a16                CPU::setupTSC()
                0x00000000c0019a20                CPU::setupLargePages()
                0x00000000c0019a2a                CPU::setupPAT()
                0x00000000c0019a66                CPU::setupMTRR()
                0x00000000c0019a68                CPU::setupGlobalPages()
                0x00000000c0019a72                CPU::allowUsermodeDataAccess()
                0x00000000c0019a84                CPU::prohibitUsermodeDataAccess()
                0x00000000c0019a96                CPU::setupSMAP()
                0x00000000c0019aa4                CPU::setupFeatures()
                0x00000000c0019b24                CPU::open(int, int, void*)
                0x00000000c0019bf6                CPU::decodeAddress(regs*, int*, bool*, unsigned char*)
 .text          0x00000000c0019df1        0x0 hw/ports.32
 .text          0x00000000c0019df1      0x16a hw/smp.32
                0x00000000c0019df1                Krnl::smpEntry()
                0x00000000c0019df3                Krnl::startCPU(int)
                0x00000000c0019f3c                Krnl::startCPUs()
 *fill*         0x00000000c0019f5b        0x1 
 .text          0x00000000c0019f5c      0x5d3 krnl/env.32
                0x00000000c0019f5c                EnvVarContainer::getEnv(char const*)
                0x00000000c0019f9a                EnvVarContainer::setEnv(char const*, char const*)
                0x00000000c001a066                EnvVarContainer::deleteEnv(char const*)
                0x00000000c001a068                EnvVarContainer::loadFrom(char const*, char const*)
                0x00000000c001a25e                EnvVarContainer::__loadSystem()
                0x00000000c001a278                EnvVarContainer::__loadUser()
                0x00000000c001a27a                EnvVarContainer::EnvVarContainer(Process*)
                0x00000000c001a27a                EnvVarContainer::EnvVarContainer(Process*)
                0x00000000c001a29c                EnvVarContainer::~EnvVarContainer()
                0x00000000c001a29c                EnvVarContainer::~EnvVarContainer()
                0x00000000c001a2cc                Krnl::getEnv(Process*, char const*)
                0x00000000c001a331                Krnl::setEnvSystem(char const*, char const*)
                0x00000000c001a34b                Krnl::setEnvUser(char const*, char const*)
                0x00000000c001a36a                Krnl::setEnvProcess(Process*, char const*, char const*)
                0x00000000c001a37d                Krnl::deleteEnvSystem(char const*)
                0x00000000c001a37e                Krnl::deleteEnvUser(char const*)
                0x00000000c001a37f                Krnl::deleteEnvProcess(Process*, char const*)
                0x00000000c001a380                Krnl::newProcessEnv(Process*)
                0x00000000c001a3a2                Krnl::copyProcessEnv(Process*, Process*)
                0x00000000c001a3f6                Krnl::loadSystemEnv()
                0x00000000c001a424                Krnl::loadUserEnv()
                0x00000000c001a44a                Krnl::flushEnv()
                0x00000000c001a44b                Krnl::getProcessTotalEnvCount(Process*)
                0x00000000c001a46b                Krnl::getProcessEnvPair(Process*, int)
 .text          0x00000000c001a52f      0x396 krnl/panic.32
                0x00000000c001a52f                Krnl::panic(char const*)
 .text          0x00000000c001a8c5      0x3b6 net/ethernet.32
                0x00000000c001a8c5                Net::switchEndian16(unsigned short)
                0x00000000c001a8e6                Net::switchEndian32(unsigned int)
                0x00000000c001a915                Net::crc32Calc(unsigned char*, int)
                0x00000000c001a9a6                Net::wrapEthernetFrame(Net::UnwrappedEthernetFrame, unsigned char*)
                0x00000000c001aae2                Net::unwrapEthernetFrame(unsigned char*, int)
 .text          0x00000000c001ac7b      0x513 reg/registry.32
                0x00000000c001ac7b                Reg::findLineFromLoadedData(char*, char*, char*)
                0x00000000c001add3                Reg::getLineFromRegistry(char*, char*, char*, char*)
                0x00000000c001af28                Reg::getLine(char*, char*, char*)
                0x00000000c001af5f                Reg::readInt(char*, char*, int*)
                0x00000000c001b04a                Reg::readString(char*, char*, char*, int)
                0x00000000c001b0cb                Reg::readBool(char*, char*, bool*)
                0x00000000c001b0f0                Reg::readBoolWithDefault(char*, char*, bool)
                0x00000000c001b11c                Reg::readIntWithDefault(char*, char*, int)
                0x00000000c001b148                Reg::readStringWithDefault(char*, char*, char*, int, char*)
 .text          0x00000000c001b18e       0x36 sys/sc_eject.32
                0x00000000c001b18e                Sys::eject(regs*)
 .text          0x00000000c001b1c4       0x18 sys/sc_exit.32
                0x00000000c001b1c4                Sys::exit(regs*)
 .text          0x00000000c001b1dc       0x1f sys/sc_getcwd.32
                0x00000000c001b1dc                Sys::getCwd(regs*)
 .text          0x00000000c001b1fb        0xc sys/sc_getpid.32
                0x00000000c001b1fb                Sys::getPID(regs*)
 .text          0x00000000c001b207       0x17 sys/sc_getramdata.32
                0x00000000c001b207                Sys::getRAMData(regs*)
 .text          0x00000000c001b21e       0xa8 sys/sc_loaddll.32
                0x00000000c001b21e                Sys::loadDLL(regs*)
 .text          0x00000000c001b2c6       0x68 sys/sc_read.32
                0x00000000c001b2c6                Sys::read(regs*)
 .text          0x00000000c001b32e       0x55 sys/sc_sbrk.32
                0x00000000c001b32e                Sys::sbrk(regs*)
 .text          0x00000000c001b383       0x1c sys/sc_setcwd.32
                0x00000000c001b383                Sys::setCwd(regs*)
 .text          0x00000000c001b39f      0x128 sys/sc_settime.32
                0x00000000c001b39f                Sys::setTime(regs*)
 .text          0x00000000c001b4c7       0x4a sys/sc_timezone.32
                0x00000000c001b4c7                Sys::timezone(regs*)
 .text          0x00000000c001b511       0x68 sys/sc_write.32
                0x00000000c001b511                Sys::write(regs*)
 .text          0x00000000c001b579       0x62 sys/sc_wsbe.32
                0x00000000c001b579                Sys::wsbe(regs*)
 .text          0x00000000c001b5db       0x3b sys/sc_yield.32
                0x00000000c001b5db                Sys::yield(regs*)
 .text          0x00000000c001b616     0x10e5 sys/syscalls.32
                0x00000000c001b616                sysCallSeekDir(regs*)
                0x00000000c001b61b                sysCallTellDir(regs*)
                0x00000000c001b620                sysCallVerify(regs*)
                0x00000000c001b62a                sysFormatDisk(regs*)
                0x00000000c001b694                sysSetDiskVolumeLabel(regs*)
                0x00000000c001b6da                sysGetDiskVolumeLabel(regs*)
                0x00000000c001b72b                sysShutdown(regs*)
                0x00000000c001b789                sysCallRealpath(regs*)
                0x00000000c001b7cc                sysCallGetArgc(regs*)
                0x00000000c001b7fa                sysCallReadDir(regs*)
                0x00000000c001b888                sysCallIsATTY(regs*)
                0x00000000c001b8e2                sysCallSeek(regs*)
                0x00000000c001b94b                sysCallTell(regs*)
                0x00000000c001b9c8                sysCallSize(regs*)
                0x00000000c001ba4b                sysCallSizeFromFilename(regs*)
                0x00000000c001bb0b                sysCallClose(regs*)
                0x00000000c001bb93                sysCallOpenDir(regs*)
                0x00000000c001bc08                sysCallCloseDir(regs*)
                0x00000000c001bc6e                sysCallMakeDir(regs*)
                0x00000000c001bcde                sysCallWait(regs*)
                0x00000000c001bcf8                sysCallNotImpl(regs*)
                0x00000000c001bd13                sysPanic(regs*)
                0x00000000c001bd39                sysCallRmdir(regs*)
                0x00000000c001bd9d                sysCallUnlink(regs*)
                0x00000000c001be01                sysCallGetArgv(regs*)
                0x00000000c001be4d                sysCallTTYName(regs*)
                0x00000000c001bed0                sysCallUSleep(regs*)
                0x00000000c001bef7                sysCallSpawn(regs*)
                0x00000000c001bf4f                sysCallGetEnv(regs*)
                0x00000000c001c087                sysAppSettings(regs*)
                0x00000000c001c1a6                sysSetFatAttrib(regs*)
                0x00000000c001c218                sysPipe(regs*)
                0x00000000c001c25d                sysGetUnixTime(regs*)
                0x00000000c001c271                string_ends_with(char const*, char const*)
                0x00000000c001c2b9                sysCallOpen(regs*)
                0x00000000c001c4ce                Sys::loadSyscalls()
                0x00000000c001c6b9                Sys::systemCall(regs*, void*)
 .text          0x00000000c001c6fb     0x11ef thr/elf.32
                0x00000000c001c6fb                Thr::allocateMemoryForTask(Process*, File*, unsigned long, unsigned long, unsigned long)
                0x00000000c001c98d                Thr::loadProgramIntoMemory(Process*, char const*)
                0x00000000c001cba3                Thr::runtimeReferenceHelper()
                0x00000000c001cbb6                Thr::getAddressOfKernelSymbol(char const*)
                0x00000000c001cc05                Thr::loadKernelSymbolTable(char const*)
                0x00000000c001cec3                Thr::loadDriverIntoMemory(char const*, unsigned long, bool)
                0x00000000c001d5df                Thr::getDriverBaseFromAddress(unsigned long)
                0x00000000c001d611                Thr::getDriverNameFromAddress(unsigned long)
                0x00000000c001d648                Thr::getDriverOffsetFromAddress(unsigned long)
                0x00000000c001d662                Thr::loadDLL(char const*, bool)
                0x00000000c001d8b1                Thr::executeDLL(unsigned long, void*)
 .text          0x00000000c001d8ea     0x1056 thr/prcssthr.32
                0x00000000c001d8ea                changeTSS
                0x00000000c001d91a                Process::addArgs(char**)
                0x00000000c001d974                Process::Process(char const*, Process*, char**)
                0x00000000c001d974                Process::Process(char const*, Process*, char**)
                0x00000000c001db58                Process::Process(bool, char const*, Process*, char**)
                0x00000000c001db58                Process::Process(bool, char const*, Process*, char**)
                0x00000000c001dd07                disableIRQs()
                0x00000000c001dd0f                getIRQNestingLevel()
                0x00000000c001dd15                enableIRQs()
                0x00000000c001dd24                lockScheduler()
                0x00000000c001dd26                unlockScheduler()
                0x00000000c001dd28                userModeEntryPoint(void*)
                0x00000000c001dd4b                lockStuff()
                0x00000000c001dd57                taskStartupFunction
                0x00000000c001dd60                updateTimeUsed()
                0x00000000c001ddc5                switchToThread(ThreadControlBlock*)
                0x00000000c001de16                Semaphore::Semaphore(int)
                0x00000000c001de16                Semaphore::Semaphore(int)
                0x00000000c001de44                Mutex::Mutex()
                0x00000000c001de44                Mutex::Mutex()
                0x00000000c001de56                Process::createThread(void (*)(void*), void*, int)
                0x00000000c001df3a                Process::createUserThread()
                0x00000000c001df56                setupMultitasking(void (*)())
                0x00000000c001e060                schedule()
                0x00000000c001e0e5                unlockStuff()
                0x00000000c001e11a                Semaphore::tryAcquire()
                0x00000000c001e148                Semaphore::assertLocked(char const*)
                0x00000000c001e178                blockTaskWithSchedulerLockAlreadyHeld(TaskState)
                0x00000000c001e1ba                blockTask(TaskState)
                0x00000000c001e1db                waitTask(int, int*, int)
                0x00000000c001e21d                nanoSleepUntil(unsigned long long)
                0x00000000c001e274                nanoSleep(unsigned long long)
                0x00000000c001e289                sleep(unsigned long long)
                0x00000000c001e2a6                Semaphore::acquire()
                0x00000000c001e30e                taskReturned
                0x00000000c001e33c                unblockTask(ThreadControlBlock*)
                0x00000000c001e3eb                cleanupTerminatedTask(ThreadControlBlock*)
                0x00000000c001e6b4                cleanerTaskFunction(void*)
                0x00000000c001e767                terminateTask(int)
                0x00000000c001e847                Thr::terminateFromIRQ(int)
                0x00000000c001e854                Semaphore::release()
 .text          0x00000000c001e940      0xc26 vm86/vm8086.32
                0x00000000c001e940                Vm::inbv(unsigned short)
                0x00000000c001e953                Vm::outbv(unsigned short, unsigned char)
                0x00000000c001e9a6                Vm::realToLinear(unsigned short, unsigned short)
                0x00000000c001e9b6                Vm::getSegment(unsigned int)
                0x00000000c001e9be                Vm::getOffset(unsigned int)
                0x00000000c001e9c3                Vm::mainloop2()
                0x00000000c001e9fe                Vm::mainVm8086Loop(void*)
                0x00000000c001ea0b                Vm::mainloop3(unsigned long)
                0x00000000c001ea35                Vm::initialise8086()
                0x00000000c001ea78                Vm::finish8086()
                0x00000000c001eabd                Vm::getOutput8086(unsigned char*)
                0x00000000c001eae7                Vm::start8086(char const*, unsigned short, unsigned short, unsigned short, unsigned short)
                0x00000000c001ec37                Vm::doISR(regs*, int, unsigned char*, unsigned short, unsigned short)
                0x00000000c001ecc1                Vm::readByteFromReal(unsigned short, unsigned short)
                0x00000000c001ecd2                Vm::readWordFromReal(unsigned short, unsigned short)
                0x00000000c001ece4                Vm::readDwordFromReal(unsigned short, unsigned short)
                0x00000000c001ecf5                Vm::writeByteFromReal(unsigned short, unsigned short, unsigned char)
                0x00000000c001ed0a                Vm::writeWordFromReal(unsigned short, unsigned short, unsigned short)
                0x00000000c001ed20                Vm::writeDwordFromReal(unsigned short, unsigned short, unsigned int)
                0x00000000c001ed35                Vm::faultHandler(regs*)
 .text          0x00000000c001f566      0xefd vm86/x87em.32
                0x00000000c001f566                Vm::fpuInternalTo32(unsigned long long)
                0x00000000c001f5c1                Vm::fpuInternalTo64(unsigned long long)
                0x00000000c001f5ca                Vm::fpu32ToInternal(unsigned int)
                0x00000000c001f60f                Vm::fpu64ToInternal(unsigned long long)
                0x00000000c001f618                Vm::fpuFloatToLong(unsigned long long)
                0x00000000c001f673                Vm::fpuULongToFloat(unsigned long long)
                0x00000000c001f6a9                Vm::fpuLongToFloat(long long)
                0x00000000c001f6ff                Vm::fpuGet0()
                0x00000000c001f704                Vm::fpuGet1()
                0x00000000c001f70c                Vm::fpuGetPi()
                0x00000000c001f714                Vm::fpuGetLog2E()
                0x00000000c001f72c                Vm::fpuGetLogE2()
                0x00000000c001f744                Vm::fpuGetLog210()
                0x00000000c001f75c                Vm::fpuGetLog102()
                0x00000000c001f774                Vm::fpuIsSecondLarger(unsigned long long, unsigned long long)
                0x00000000c001f788                Vm::fpuAreEqual(unsigned long long, unsigned long long)
                0x00000000c001f79e                Vm::fpuUnorderedCompare(unsigned long long, unsigned long long)
                0x00000000c001f7f1                Vm::fpuAdd(unsigned long long, unsigned long long)
                0x00000000c001f802                Vm::fpuAbs(unsigned long long)
                0x00000000c001f80b                Vm::fpuChs(unsigned long long)
                0x00000000c001f81b                Vm::fpuSub(unsigned long long, unsigned long long)
                0x00000000c001f82a                Vm::fpuMultiply(unsigned long long, unsigned long long)
                0x00000000c001f849                Vm::fpuDivide(unsigned long long, unsigned long long)
                0x00000000c001f865                Vm::fpuSquare(unsigned long long)
                0x00000000c001f87b                Vm::fpuGetReg(int)
                0x00000000c001f8be                Vm::fpuSetReg(int, unsigned long long)
                0x00000000c001f909                Vm::fpuPush(unsigned long long)
                0x00000000c001f966                Vm::fpuPop()
                0x00000000c001f9b8                Vm::x87Handler(regs*)
 *fill*         0x00000000c0020463        0x1 
 .text          0x00000000c0020464     0x10ed fs/fat/vfslink.32
                0x00000000c0020464                FAT::getName()
                0x00000000c002046a                FAT::tell(void*, unsigned long long*)
                0x00000000c002049e                FAT::stat(void*, unsigned long long*)
                0x00000000c00204d2                FAT::~FAT()
                0x00000000c00204d2                FAT::~FAT()
                0x00000000c00204f6                FAT::~FAT()
                0x00000000c002051e                FAT::getlabel(LogicalDisk*, int, char*, unsigned int*)
                0x00000000c00205bc                FAT::setlabel(LogicalDisk*, int, char*)
                0x00000000c0020676                FAT::format(LogicalDisk*, int, char const*, int)
                0x00000000c002085a                FAT::tryMount(LogicalDisk*, int)
                0x00000000c0020a60                FAT::readDir(void*, unsigned long, void*, int*)
                0x00000000c0020b66                FAT::read(void*, unsigned long, void*, int*)
                0x00000000c0020bc0                FAT::write(void*, unsigned long, void*, int*)
                0x00000000c0020c1a                FAT::close(void*)
                0x00000000c0020c66                FAT::closeDir(void*)
                0x00000000c0020cb2                FAT::seek(void*, unsigned long long)
                0x00000000c0020d06                fatWrapperReadDisk
                0x00000000c0020d4d                fatWrapperWriteDisk
                0x00000000c0020d94                fatWrapperIoctl
                0x00000000c0020e98                FAT::FAT()
                0x00000000c0020e98                FAT::FAT()
                0x00000000c0020eea                FAT::fixFilepath(char*)
                0x00000000c0020f22                FAT::open(char const*, void**, FileOpenMode)
                0x00000000c002104a                FAT::openDir(char const*, void**)
                0x00000000c00210f0                FAT::stat(char const*, unsigned long long*, bool*)
                0x00000000c00211da                FAT::unlink(char const*)
                0x00000000c0021254                FAT::chfatattr(char const*, unsigned char, unsigned char)
                0x00000000c00213a8                FAT::rename(char const*, char const*)
                0x00000000c002146c                FAT::mkdir(char const*)
                0x00000000c00214e6                FAT::exists(char const*)
 *fill*         0x00000000c0021551        0x1 
 .text          0x00000000c0021552      0xbc1 fs/iso9660/vfslink.32
                0x00000000c0021552                ISO9660::format(LogicalDisk*, int, char const*, int)
                0x00000000c0021558                ISO9660::seek(void*, unsigned long long)
                0x00000000c0021588                ISO9660::tell(void*, unsigned long long*)
                0x00000000c00215ac                ISO9660::getName()
                0x00000000c00215b2                ISO9660::stat(void*, unsigned long long*)
                0x00000000c00215d6                ISO9660::chfatattr(char const*, unsigned char, unsigned char)
                0x00000000c00215dc                ISO9660::unlink(char const*)
                0x00000000c00215e2                ISO9660::write(void*, unsigned long, void*, int*)
                0x00000000c00215e8                ISO9660::rename(char const*, char const*)
                0x00000000c00215ee                ISO9660::mkdir(char const*)
                0x00000000c00215f4                ISO9660::close(void*)
                0x00000000c0021616                ISO9660::closeDir(void*)
                0x00000000c0021638                ISO9660::~ISO9660()
                0x00000000c0021638                ISO9660::~ISO9660()
                0x00000000c002165c                ISO9660::~ISO9660()
                0x00000000c0021683                __memmem(unsigned char*, int, unsigned char*, int)
                0x00000000c00216c5                readSectorFromCDROM(unsigned int, unsigned char*, char)
                0x00000000c002172c                ISO9660::tryMount(LogicalDisk*, int)
                0x00000000c002177c                ISO9660::read(void*, unsigned long, void*, int*)
                0x00000000c002197c                ISO9660::readDir(void*, unsigned long, void*, int*)
                0x00000000c0021c09                readRoot(unsigned int*, unsigned int*, char)
                0x00000000c0021c5e                readRecursively(char*, unsigned int, unsigned int, unsigned int*, unsigned int*, char, int*)
                0x00000000c0021e31                getFileData(char*, unsigned int*, unsigned int*, char, int*)
                0x00000000c0021ec0                ISO9660::open(char const*, void**, FileOpenMode)
                0x00000000c0021f80                ISO9660::exists(char const*)
                0x00000000c0021fa4                ISO9660::stat(char const*, unsigned long long*, bool*)
                0x00000000c0022038                ISO9660::openDir(char const*, void**)
                0x00000000c00220f0                ISO9660::ISO9660()
                0x00000000c00220f0                ISO9660::ISO9660()
 *fill*         0x00000000c0022113        0x1 
 .text          0x00000000c0022114      0x326 hal/sound/sndchannel.32
                0x00000000c0022114                SoundChannel::~SoundChannel()
                0x00000000c0022114                SoundChannel::~SoundChannel()
                0x00000000c0022130                SoundChannel::setSpeed(float)
                0x00000000c002213c                SoundChannel::getSpeed()
                0x00000000c0022144                SoundChannel::setVolume(int)
                0x00000000c0022160                SoundChannel::getVolume()
                0x00000000c0022168                SoundChannel::pause()
                0x00000000c0022172                SoundChannel::SoundChannel(int, int, int, int)
                0x00000000c0022172                SoundChannel::SoundChannel(int, int, int, int)
                0x00000000c00222c8                SoundChannel::play()
                0x00000000c00222d2                SoundChannel::paused()
                0x00000000c00222da                SoundChannel::getSampleRate()
                0x00000000c00222e2                SoundChannel::getBits()
                0x00000000c00222ea                SoundChannel::getBufferUsed()
                0x00000000c00222f2                SoundChannel::getBufferSize()
                0x00000000c00222fa                SoundChannel::unbuffer(float*, int, int)
                0x00000000c002239a                SoundChannel::buffer8(unsigned char*, int)
 .text          0x00000000c002243a      0x3d5 hal/sound/sndhw.32
                0x00000000c002243a                SoundDevice::SoundDevice(char const*)
                0x00000000c002243a                SoundDevice::SoundDevice(char const*)
                0x00000000c00224a6                SoundDevice::~SoundDevice()
                0x00000000c00224a6                SoundDevice::~SoundDevice()
                0x00000000c0022520                SoundDevice::~SoundDevice()
                0x00000000c002254a                SoundDevice::getFreeChannelNum()
                0x00000000c0022564                SoundDevice::addChannel(SoundChannel*)
                0x00000000c00225d4                SoundDevice::removeChannel(int)
                0x00000000c0022606                SoundDevice::floatTo8(float*, unsigned char*, int)
                0x00000000c00226ee                SoundDevice::getAudio(int, float*, float*)
 .text          0x00000000c002280f        0x0 hw/bus/isa.32
 *fill*         0x00000000c002280f        0x1 
 .text          0x00000000c0022810      0x6c3 hw/bus/pci.32
                0x00000000c0022810                PCI::open(int, int, void*)
                0x00000000c0022824                PCI::close(int, int, void*)
                0x00000000c0022828                PCI::PCI()
                0x00000000c0022828                PCI::PCI()
                0x00000000c00228a8                PCI::pciReadWord(unsigned char, unsigned char, unsigned char, unsigned char)
                0x00000000c00228f0                PCI::getVendorID(unsigned char, unsigned char, unsigned char)
                0x00000000c0022912                PCI::getHeaderType(unsigned char, unsigned char, unsigned char)
                0x00000000c0022936                PCI::getClassCode(unsigned char, unsigned char, unsigned char)
                0x00000000c002297a                PCI::getProgIF(unsigned char, unsigned char, unsigned char)
                0x00000000c002299e                PCI::getRevisionID(unsigned char, unsigned char, unsigned char)
                0x00000000c00229c0                PCI::getInterruptNumber(unsigned char, unsigned char, unsigned char)
                0x00000000c00229e2                PCI::getSecondaryBus(unsigned char, unsigned char, unsigned char)
                0x00000000c0022a06                PCI::getBARAddress(unsigned char, unsigned char, unsigned char, unsigned char)
                0x00000000c0022a66                PCI::pciWriteWord(unsigned char, unsigned char, unsigned char, unsigned char, unsigned short)
                0x00000000c0022ad2                PCI::checkBus(unsigned char)
                0x00000000c0022af6                PCI::foundDevice(PCIDeviceInfo)
                0x00000000c0022c68                PCI::getDeviceData(unsigned char, unsigned char, unsigned char)
                0x00000000c0022e14                PCI::checkDevice(unsigned char, unsigned char)
                0x00000000c0022e80                PCI::detect()
 *fill*         0x00000000c0022ed3        0x1 
 .text          0x00000000c0022ed4      0xc70 hw/diskctrl/ide.32
                0x00000000c0022ed4                IDE::close(int, int, void*)
                0x00000000c0022ed8                IDE::IDE()
                0x00000000c0022ed8                IDE::IDE()
                0x00000000c0022f0c                IDE::prepareInterrupt(unsigned char)
                0x00000000c0022f1e                selectDrive(unsigned char, unsigned char)
                0x00000000c0022f20                IDE::getBase(unsigned char)
                0x00000000c0022f32                IDE::write(unsigned char, unsigned char, unsigned char)
                0x00000000c0022ff2                IDE::read(unsigned char, unsigned char)
                0x00000000c00230a0                IDE::waitInterrupt(unsigned char)
                0x00000000c0023106                ideChannel0IRQHandler(regs*, void*)
                0x00000000c0023122                ideChannel1IRQHandler(regs*, void*)
                0x00000000c002313e                IDE::enableIRQs(unsigned char, bool)
                0x00000000c0023184                IDE::open(int, int, void*)
                0x00000000c0023594                IDE::readBuffer(unsigned char, unsigned char, unsigned int, unsigned int)
                0x00000000c0023660                IDE::detect()
                0x00000000c0023948                IDE::printError(unsigned char, unsigned char, unsigned char)
                0x00000000c0023ade                IDE::polling(unsigned char, unsigned int)
 .text          0x00000000c0023b44      0x390 hw/diskctrl/satabus.32
                0x00000000c0023b44                SATABus::close(int, int, void*)
                0x00000000c0023b48                SATABus::detect()
                0x00000000c0023b4a                SATABus::SATABus()
                0x00000000c0023b4a                SATABus::SATABus()
                0x00000000c0023bf6                SATABus::findCmdslot(SATABus::tagHBA_PORT volatile*)
                0x00000000c0023c3e                SATABus::checkType(SATABus::tagHBA_PORT volatile*)
                0x00000000c0023c86                SATABus::startCmd(SATABus::tagHBA_PORT volatile*)
                0x00000000c0023ca6                SATABus::stopCmd(SATABus::tagHBA_PORT volatile*)
                0x00000000c0023cd0                SATABus::portRebase(SATABus::tagHBA_PORT volatile*, int)
                0x00000000c0023dd6                SATABus::probePort(SATABus::tagHBA_MEM volatile*)
                0x00000000c0023eb4                SATABus::open(int, int, void*)
 .text          0x00000000c0023ed4      0x63c hw/diskphys/ata.32
                0x00000000c0023ed4                ATA::close(int, int, void*)
                0x00000000c0023ef8                ATA::powerSaving(PowerSavingLevel)
                0x00000000c0023efa                ATA::ATA()
                0x00000000c0023efa                ATA::ATA()
                0x00000000c0023f28                ATA::flush(bool)
                0x00000000c0023f72                ATA::readyForCommand()
                0x00000000c0023fc2                ATA::access(unsigned long long, int, void*, bool)
                0x00000000c002434a                ATA::read(unsigned long long, int, void*)
                0x00000000c00243b2                ATA::write(unsigned long long, int, void*)
                0x00000000c002441a                ATA::detectCHS()
                0x00000000c0024444                ATA::open(int, int, void*)
 .text          0x00000000c0024510      0x5bd hw/diskphys/atapi.32
                0x00000000c0024510                ATAPI::write(unsigned long long, int, void*)
                0x00000000c0024516                ATAPI::close(int, int, void*)
                0x00000000c002453a                ATAPI::ATAPI()
                0x00000000c002453a                ATAPI::ATAPI()
                0x00000000c0024568                ATAPI::readyForCommand()
                0x00000000c00245b8                ATAPI::sendPacket(unsigned char*, int, bool, unsigned short*, int)
                0x00000000c0024878                ATAPI::diskRemoved()
                0x00000000c0024894                ATAPI::eject()
                0x00000000c00248dc                ATAPI::diskInserted()
                0x00000000c002490a                ATAPI::detectMedia()
                0x00000000c00249c6                ATAPI::open(int, int, void*)
                0x00000000c0024a4e                ATAPI::read(unsigned long long, int, void*)
 *fill*         0x00000000c0024acd        0x1 
 .text          0x00000000c0024ace      0x455 hw/diskphys/sata.32
                0x00000000c0024ace                SATA::close(int, int, void*)
                0x00000000c0024af2                SATA::powerSaving(PowerSavingLevel)
                0x00000000c0024af4                SATA::open(int, int, void*)
                0x00000000c0024ba2                SATA::SATA()
                0x00000000c0024ba2                SATA::SATA()
                0x00000000c0024bd0                SATA::access(unsigned long long, int, void*, bool)
                0x00000000c0024e36                SATA::read(unsigned long long, int, void*)
                0x00000000c0024e9e                SATA::write(unsigned long long, int, void*)
 *fill*         0x00000000c0024f23        0x1 
 .text          0x00000000c0024f24      0x500 hw/diskphys/satapi.32
                0x00000000c0024f24                SATAPI::write(unsigned long long, int, void*)
                0x00000000c0024f2a                SATAPI::close(int, int, void*)
                0x00000000c0024f4e                SATAPI::SATAPI()
                0x00000000c0024f4e                SATAPI::SATAPI()
                0x00000000c0024f7c                SATAPI::diskRemoved()
                0x00000000c0024f98                SATAPI::diskInserted()
                0x00000000c0024fc6                SATAPI::sendPacket(unsigned char*, int, unsigned long long, unsigned short*, int)
                0x00000000c00251ca                SATAPI::eject()
                0x00000000c0025212                SATAPI::detectMedia()
                0x00000000c00252d4                SATAPI::open(int, int, void*)
                0x00000000c0025382                SATAPI::read(unsigned long long, int, void*)
 .text          0x00000000c0025424       0x8e hw/fpu/avx.32
                0x00000000c0025424                AVX::open(int, int, void*)
                0x00000000c0025436                AVX::close(int, int, void*)
                0x00000000c0025448                AVX::available()
                0x00000000c002545a                AVX::save(void*)
                0x00000000c0025472                AVX::load(void*)
                0x00000000c002548a                AVX::AVX()
                0x00000000c002548a                AVX::AVX()
 .text          0x00000000c00254b2       0x90 hw/fpu/mmx.32
                0x00000000c00254b2                MMX::available()
                0x00000000c00254c6                MMX::open(int, int, void*)
                0x00000000c00254d8                MMX::close(int, int, void*)
                0x00000000c00254ea                MMX::save(void*)
                0x00000000c0025502                MMX::load(void*)
                0x00000000c002551a                MMX::MMX()
                0x00000000c002551a                MMX::MMX()
 .text          0x00000000c0025542       0x96 hw/fpu/sse.32
                0x00000000c0025542                SSE::open(int, int, void*)
                0x00000000c0025554                SSE::close(int, int, void*)
                0x00000000c0025566                SSE::available()
                0x00000000c0025580                SSE::save(void*)
                0x00000000c0025598                SSE::load(void*)
                0x00000000c00255b0                SSE::SSE()
                0x00000000c00255b0                SSE::SSE()
 .text          0x00000000c00255d8       0x8e hw/fpu/x87.32
                0x00000000c00255d8                x87::open(int, int, void*)
                0x00000000c00255ea                x87::close(int, int, void*)
                0x00000000c00255fc                x87::available()
                0x00000000c002560e                x87::save(void*)
                0x00000000c0025626                x87::load(void*)
                0x00000000c002563e                x87::x87()
                0x00000000c002563e                x87::x87()
 .text          0x00000000c0025666      0x71e hw/intctrl/apic.32
                0x00000000c0025666                APIC::disable()
                0x00000000c0025668                APIC::close(int, int, void*)
                0x00000000c002568a                IOAPIC::close(int, int, void*)
                0x00000000c0025690                APIC::io_wait()
                0x00000000c0025696                APIC::getBase()
                0x00000000c00256d8                APIC::eoi(unsigned char)
                0x00000000c0025706                APIC::open(int, int, void*)
                0x00000000c0025854                IOAPIC::IOAPIC()
                0x00000000c0025854                IOAPIC::IOAPIC()
                0x00000000c002587c                APIC::APIC()
                0x00000000c002587c                APIC::APIC()
                0x00000000c0025958                IOAPIC::handlesGSIWithNumber(unsigned int)
                0x00000000c002598a                IOAPIC::read(int)
                0x00000000c00259b2                IOAPIC::open(int, int, void*)
                0x00000000c0025aa8                IOAPIC::write(int, int)
                0x00000000c0025ad4                IOAPIC::redirect(unsigned char, unsigned long long, unsigned char, bool, bool)
                0x00000000c0025bce                APIC::installIRQHandler(int, void (*)(regs*, void*), bool, void*)
 .text          0x00000000c0025d84      0x3d3 hw/intctrl/pic.32
                0x00000000c0025d84                PIC::disable()
                0x00000000c0025db2                PIC::close(int, int, void*)
                0x00000000c0025dd4                PIC::PIC()
                0x00000000c0025dd4                PIC::PIC()
                0x00000000c0025eaa                PIC::ioWait()
                0x00000000c0025eb0                PIC::getIRQReg(int)
                0x00000000c0025f1a                PIC::eoi(unsigned char)
                0x00000000c0025fac                PIC::remap()
                0x00000000c0026118                PIC::open(int, int, void*)
 *fill*         0x00000000c0026157        0x1 
 .text          0x00000000c0026158      0x25e hw/timer/apictimer.32
                0x00000000c0026158                APICTimer::close(int, int, void*)
                0x00000000c002615e                apicTimerHandler(regs*, void*)
                0x00000000c002618c                APICTimer::write(int)
                0x00000000c0026290                APICTimer::open(int, int, void*)
                0x00000000c002638e                APICTimer::APICTimer()
                0x00000000c002638e                APICTimer::APICTimer()
 .text          0x00000000c00263b6      0x1a7 hw/timer/pit.32
                0x00000000c00263b6                PIT::write(int)
                0x00000000c0026434                pitHandler(regs*, void*)
                0x00000000c0026460                PIT::open(int, int, void*)
                0x00000000c00264ae                PIT::close(int, int, void*)
                0x00000000c00264de                PIT::PIT()
                0x00000000c00264de                PIT::PIT()
 *fill*         0x00000000c002655d        0x3 
 .text          0x00000000c0026560       0x1e hw/fpu/x86/avx.32
                0x00000000c0026560                avxDetect
                0x00000000c0026566                avxSave
                0x00000000c0026567                avxLoad
                0x00000000c0026568                avxInit
                0x00000000c0026569                avxClose
                0x00000000c002656a                wouldSheSayYes
 *fill*         0x00000000c002657e        0x2 
 .text          0x00000000c0026580       0x35 hw/fpu/x86/sse.32
                0x00000000c0026580                absolutelyNoChanceInHell
                0x00000000c0026580                sseDetect
                0x00000000c0026598                sseSave
                0x00000000c002659e                sseLoad
                0x00000000c00265a4                sseInit
                0x00000000c00265b4                sseClose
 *fill*         0x00000000c00265b5        0xb 
 .text          0x00000000c00265c0       0x47 hw/fpu/x86/x87.32
                0x00000000c00265c6                x87Detect
                0x00000000c00265e1                x87Save
                0x00000000c00265e7                x87Load
                0x00000000c00265ec                x87Init
                0x00000000c0026606                x87Close
 *fill*         0x00000000c0026607        0x1 
 .text          0x00000000c0026608       0x25 /cygdrive/d/Users/Alex/Desktop/Toolchain/Output/bin/../lib/gcc/i386-banana/8.1.0/crtend.o
 .text          0x00000000c002662d        0x0 crtn.32
 *fill*         0x00000000c002662d        0x3 
 .text          0x00000000c0026630      0x14b /cygdrive/d/Users/Alex/Desktop/Toolchain/Output/bin/../lib/gcc/i386-banana/8.1.0/libkgcc.a(_divdi3.o)
                0x00000000c0026630                __divdi3
 *fill*         0x00000000c002677b        0x1 
 .text          0x00000000c002677c      0x17e /cygdrive/d/Users/Alex/Desktop/Toolchain/Output/bin/../lib/gcc/i386-banana/8.1.0/libkgcc.a(_moddi3.o)
                0x00000000c002677c                __moddi3
 *fill*         0x00000000c00268fa        0x2 
 .text          0x00000000c00268fc       0xff /cygdrive/d/Users/Alex/Desktop/Toolchain/Output/bin/../lib/gcc/i386-banana/8.1.0/libkgcc.a(_udivdi3.o)
                0x00000000c00268fc                __udivdi3
 *fill*         0x00000000c00269fb        0x1 
 .text          0x00000000c00269fc      0x11a /cygdrive/d/Users/Alex/Desktop/Toolchain/Output/bin/../lib/gcc/i386-banana/8.1.0/libkgcc.a(_umoddi3.o)
                0x00000000c00269fc                __umoddi3
 .text          0x00000000c0026b16      0x96d D:/Users/Alex/Desktop/Banana/kernel/libsoftfp.a(sfieeelib.o)
                0x00000000c0026b16                __addsf3
                0x00000000c0026e18                __subsf3
                0x00000000c0026e2c                __negsf2
                0x00000000c0026e39                __mulsf3
                0x00000000c0026ffc                __divsf3
                0x00000000c0027227                __floatsisf
                0x00000000c002729b                __floatunsisf
                0x00000000c00272dd                __fixsfsi
                0x00000000c002733f                __fixunssfsi
                0x00000000c0027370                __cmpsf2
                0x00000000c0027405                __eqsf2
                0x00000000c0027440                __nesf2
                0x00000000c0027442                __gtsf2