Archive member included to satisfy reference by file (symbol)

/cygdrive/d/Users/Alex/Desktop/Toolchain/Output/bin/../lib/gcc/i386-banana/8.1.0/libkgcc.a(_divdi3.o)
                              krnl/resolve.32 (__divdi3)
/cygdrive/d/Users/Alex/Desktop/Toolchain/Output/bin/../lib/gcc/i386-banana/8.1.0/libkgcc.a(_moddi3.o)
                              krnl/resolve.32 (__moddi3)
/cygdrive/d/Users/Alex/Desktop/Toolchain/Output/bin/../lib/gcc/i386-banana/8.1.0/libkgcc.a(_udivdi3.o)
                              hal/clock.32 (__udivdi3)
/cygdrive/d/Users/Alex/Desktop/Toolchain/Output/bin/../lib/gcc/i386-banana/8.1.0/libkgcc.a(_umoddi3.o)
                              core/pipe.32 (__umoddi3)

Allocating common symbols
Common symbol       size              file

dcache              0x40              fs/iso9660/iso9660.32
cdDriveLetter       0x1               fs/iso9660/iso9660.32
icache              0x40              fs/iso9660/iso9660.32

Discarded input sections

 .comment       0x0000000000000000       0x12 /cygdrive/d/Users/Alex/Desktop/Toolchain/Output/bin/../lib/gcc/i386-banana/8.1.0/crtbegin.o
 .comment       0x0000000000000000       0x12 acpica/utclib.32
 .comment       0x0000000000000000       0x12 core/malloc.32
 .comment       0x0000000000000000       0x12 libk/ctype.32
 .comment       0x0000000000000000       0x12 libk/string.32
 .comment       0x0000000000000000       0x12 fs/fat/diskio.32
 .comment       0x0000000000000000       0x12 fs/fat/ff.32
 .comment       0x0000000000000000       0x12 fs/fat/ffsystem.32
 .comment       0x0000000000000000       0x12 fs/fat/ffunicode.32
 .comment       0x0000000000000000       0x12 fs/iso9660/iso9660.32
 .group         0x0000000000000000       0x14 core/computer.32
 .group         0x0000000000000000        0xc core/computer.32
 .comment       0x0000000000000000       0x12 core/computer.32
 .comment       0x0000000000000000       0x12 core/gdt.32
 .group         0x0000000000000000        0xc core/idle.32
 .comment       0x0000000000000000       0x12 core/idle.32
 .comment       0x0000000000000000       0x12 core/idt.32
 .comment       0x0000000000000000       0x12 core/kheap.32
 .comment       0x0000000000000000       0x12 core/main.32
 .comment       0x0000000000000000       0x12 core/physmgr.32
 .group         0x0000000000000000        0xc core/pipe.32
 .comment       0x0000000000000000       0x12 core/pipe.32
 .group         0x0000000000000000        0xc core/terminal.32
 .comment       0x0000000000000000       0x12 core/terminal.32
 .comment       0x0000000000000000       0x12 core/tss.32
 .group         0x0000000000000000        0x8 core/unixfile.32
 .group         0x0000000000000000        0x8 core/unixfile.32
 .group         0x0000000000000000        0xc core/unixfile.32
 .group         0x0000000000000000        0x8 core/unixfile.32
 .group         0x0000000000000000        0xc core/unixfile.32
 .group         0x0000000000000000        0x8 core/unixfile.32
 .group         0x0000000000000000        0xc core/unixfile.32
 .group         0x0000000000000000        0xc core/unixfile.32
 .comment       0x0000000000000000       0x12 core/unixfile.32
 .comment       0x0000000000000000       0x12 core/virtmgr.32
 .comment       0x0000000000000000       0x12 coreobjs/c++.32
 .comment       0x0000000000000000       0x12 dbg/kconsole.32
 .group         0x0000000000000000        0xc fs/vfs.32
 .group         0x0000000000000000        0xc fs/vfs.32
 .group         0x0000000000000000        0xc fs/vfs.32
 .comment       0x0000000000000000       0x12 fs/vfs.32
 .group         0x0000000000000000        0xc hal/bus.32
 .comment       0x0000000000000000       0x12 hal/bus.32
 .comment       0x0000000000000000       0x12 hal/buzzer.32
 .group         0x0000000000000000        0xc hal/clock.32
 .comment       0x0000000000000000       0x12 hal/clock.32
 .group         0x0000000000000000       0x14 hal/device.32
 .group         0x0000000000000000        0xc hal/device.32
 .group         0x0000000000000000        0x8 hal/device.32
 .group         0x0000000000000000        0xc hal/device.32
 .group         0x0000000000000000        0xc hal/device.32
 .comment       0x0000000000000000       0x12 hal/device.32
 .group         0x0000000000000000        0xc hal/diskctrl.32
 .comment       0x0000000000000000       0x12 hal/diskctrl.32
 .group         0x0000000000000000        0xc hal/diskphys.32
 .comment       0x0000000000000000       0x12 hal/diskphys.32
 .comment       0x0000000000000000       0x12 hal/fpu.32
 .comment       0x0000000000000000       0x12 hal/intctrl.32
 .group         0x0000000000000000        0xc hal/keybrd.32
 .comment       0x0000000000000000       0x12 hal/keybrd.32
 .group         0x0000000000000000        0xc hal/logidisk.32
 .comment       0x0000000000000000       0x12 hal/logidisk.32
 .group         0x0000000000000000        0xc hal/mouse.32
 .comment       0x0000000000000000       0x12 hal/mouse.32
[...]
Memory Configuration

Name             Origin             Length             Attributes
*default*        0x0000000000000000 0xffffffffffffffff

Linker script and memory map

LOAD D:/Users/Alex/Desktop/Banana/kernel/boot.32
LOAD crti.32
LOAD /cygdrive/d/Users/Alex/Desktop/Toolchain/Output/bin/../lib/gcc/i386-banana/8.1.0/crtbegin.o
LOAD D:/Users/Alex/Desktop/Banana/kernel/morenasm.32
LOAD acpica/utclib.32
LOAD core/malloc.32
LOAD libk/ctype.32
LOAD libk/string.32
LOAD fs/fat/diskio.32
LOAD fs/fat/ff.32
LOAD fs/fat/ffsystem.32
LOAD fs/fat/ffunicode.32
LOAD fs/iso9660/iso9660.32
LOAD core/computer.32
LOAD core/gdt.32
LOAD core/idle.32
LOAD core/idt.32
LOAD core/kheap.32
LOAD core/main.32
LOAD core/physmgr.32
LOAD core/pipe.32
LOAD core/terminal.32
LOAD core/tss.32
LOAD core/unixfile.32
LOAD core/virtmgr.32
LOAD coreobjs/c++.32
LOAD dbg/kconsole.32
LOAD fs/vfs.32
LOAD hal/bus.32
LOAD hal/buzzer.32
LOAD hal/clock.32
LOAD hal/device.32
LOAD hal/diskctrl.32
LOAD hal/diskphys.32
LOAD hal/fpu.32
LOAD hal/intctrl.32
LOAD hal/keybrd.32
LOAD hal/logidisk.32
LOAD hal/mouse.32
LOAD hal/partition.32
LOAD hal/serial.32
LOAD hal/timer.32
LOAD hal/vcache.32
LOAD hal/video.32
LOAD hw/acpi.32
LOAD hw/cpu.32
LOAD krnl/bootmsg.32
LOAD krnl/env.32
LOAD krnl/inlines.32
LOAD krnl/panic.32
LOAD krnl/powctrl.32
LOAD krnl/resolve.32
LOAD krnl/signal.32
LOAD krnl/syscalls.32
LOAD reg/registry.32
LOAD sys/eject.32
LOAD sys/exit.32
LOAD sys/getcwd.32
LOAD sys/getpid.32
LOAD sys/getramdata.32
LOAD sys/getvgaptr.32
LOAD sys/loaddll.32
LOAD sys/read.32
LOAD sys/registersignal.32
LOAD sys/sbrk.32
LOAD sys/setcwd.32
LOAD sys/settime.32
LOAD sys/timezone.32
LOAD sys/write.32
LOAD sys/wsbe.32
LOAD sys/yield.32
LOAD thr/elf.32
LOAD thr/prcssthr.32
LOAD vm86/vm8086.32
LOAD arch/i386/hal.32
LOAD arch/i386/pic.32
LOAD arch/i386/rtc.32
LOAD arch/i386/vga.32
LOAD fs/fat/vfslink.32
LOAD fs/iso9660/helper.32
LOAD fs/iso9660/vfslink.32
LOAD hal/sound/sndcard.32
LOAD hal/sound/sndport.32
LOAD hw/bus/isa.32
LOAD hw/bus/pci.32
LOAD hw/diskctrl/ide.32
LOAD hw/diskctrl/satabus.32
LOAD hw/diskphys/ata.32
LOAD hw/diskphys/atapi.32
LOAD hw/diskphys/sata.32
LOAD hw/diskphys/satapi.32
LOAD hw/intctrl/apic.32
LOAD hw/timer/apictimer.32
LOAD hw/timer/pit.32
LOAD arch/i386/avx.32
LOAD arch/i386/interrupt.32
LOAD arch/i386/rdrand.32
LOAD arch/i386/sse.32
LOAD arch/i386/x87.32
LOAD /cygdrive/d/Users/Alex/Desktop/Toolchain/Output/bin/../lib/gcc/i386-banana/8.1.0/crtend.o
LOAD crtn.32
LOAD /cygdrive/d/Users/Alex/Desktop/Toolchain/Output/bin/../lib/gcc/i386-banana/8.1.0/libkgcc.a
LOAD D:/Users/Alex/Desktop/Banana/kernel/libsoftfp.a
LOAD D:/Users/Alex/Desktop/Banana/kernel/libk/libm32.a
                0x00000000c0000000                . = 0xc0000000

.text           0x00000000c0000000    0x1c10a
 *(.text)
 .text          0x00000000c0000000       0x20 D:/Users/Alex/Desktop/Banana/kernel/boot.32
 .text          0x00000000c0000020        0x0 crti.32
 .text          0x00000000c0000020      0x101 /cygdrive/d/Users/Alex/Desktop/Toolchain/Output/bin/../lib/gcc/i386-banana/8.1.0/crtbegin.o
 *fill*         0x00000000c0000121        0xf 
 .text          0x00000000c0000130      0x252 D:/Users/Alex/Desktop/Banana/kernel/morenasm.32
                0x00000000c0000130                manualPCIProbe
                0x00000000c000017b                prepareTramp
                0x00000000c0000194                doTPAUSE
                0x00000000c000019e                hasLegacyFPU
                0x00000000c00001c3                is486
                0x00000000c00001f9                detectCPUID
                0x00000000c000020f                goToVM86
                0x00000000c000023f                goToUsermode
                0x00000000c0000269                switchToThreadASMFirstTime
                0x00000000c0000277                switchToThreadASM
                0x00000000c00002ff                asmQuickAcquireLock
                0x00000000c000031d                asmQuickReleaseLock
                0x00000000c0000329                asmAcquireLock
                0x00000000c000034a                asmReleaseLock
                0x00000000c000035d                loadGDT
                0x00000000c000037d                memcpy
 *fill*         0x00000000c0000382        0xe 
 .text          0x00000000c0000390      0x79e acpica/utclib.32
                0x00000000c0000390                memcmp
                0x00000000c00003e0                memmove
                0x00000000c00004d0                memset
                0x00000000c0000540                strlen
                0x00000000c0000570                strpbrk
                0x00000000c00005b0                strtok
                0x00000000c0000600                strcpy
                0x00000000c0000630                strncpy
                0x00000000c00006e0                strcmp
                0x00000000c0000730                strchr
                0x00000000c0000760                strncmp
                0x00000000c00007c0                strcat
                0x00000000c00007f0                strncat
                0x00000000c0000850                strstr
                0x00000000c00008b0                toupper
                0x00000000c00008d0                tolower
                0x00000000c00008f0                simple_strtoul
 .text          0x00000000c0000b2e      0xfad core/malloc.32
                0x00000000c0000c99                dlfree
                0x00000000c0000ff4                dlmalloc
                0x00000000c0001531                dlrealloc
                0x00000000c00016d4                dlmemalign
                0x00000000c00017f7                dlcalloc
                0x00000000c0001891                dlcfree
                0x00000000c0001896                dlindependent_calloc
                0x00000000c00018bb                dlindependent_comalloc
                0x00000000c00018d2                dlvalloc
                0x00000000c00018fd                dlpvalloc
                0x00000000c0001933                dlmalloc_trim
                0x00000000c0001940                dlmalloc_usable_size
                0x00000000c0001971                dlmallinfo
                0x00000000c0001a40                dlmalloc_stats
                0x00000000c0001a51                dlmallopt
 *fill*         0x00000000c0001adb        0x1 
 .text          0x00000000c0001adc      0x1f2 libk/ctype.32
                0x00000000c0001adc                isblank
                0x00000000c0001afc                iscntrl
                0x00000000c0001b1c                isdigit
                0x00000000c0001b38                islower
                0x00000000c0001b54                isspace
                0x00000000c0001b7c                isupper
                0x00000000c0001b98                isalpha
                0x00000000c0001bc8                isalnum
                0x00000000c0001bf8                ispunct
                0x00000000c0001c38                isgraph
                0x00000000c0001c68                isprint
                0x00000000c0001c90                isxdigit
 .text          0x00000000c0001cce        0x0 libk/string.32
 .text          0x00000000c0001cce       0x51 fs/fat/diskio.32
                0x00000000c0001cce                disk_status
                0x00000000c0001cd1                disk_initialize
                0x00000000c0001cd4                disk_read
                0x00000000c0001cea                disk_write
                0x00000000c0001d00                disk_ioctl
 .text          0x00000000c0001d1f     0x3d4b fs/fat/ff.32
                0x00000000c0003abb                f_mount
                0x00000000c0003b1d                f_open
                0x00000000c0003de8                f_read
                0x00000000c0003fe7                f_write
                0x00000000c000421b                f_sync
                0x00000000c00042d0                f_close
                0x00000000c00042ff                f_lseek
                0x00000000c00044a6                f_opendir
                0x00000000c0004571                f_closedir
                0x00000000c0004593                f_readdir
                0x00000000c0004625                f_stat
                0x00000000c00046a4                f_getfree
                0x00000000c00047a6                f_truncate
                0x00000000c000488a                f_unlink
                0x00000000c00049ac                f_mkdir
                0x00000000c0004b47                f_rename
                0x00000000c0004cfd                f_chmod
                0x00000000c0004da6                f_utime
                0x00000000c0004e54                f_getlabel
                0x00000000c0004fa5                f_setlabel
                0x00000000c0005135                f_expand
                0x00000000c0005295                f_mkfs
 *fill*         0x00000000c0005a6a        0x2 
 .text          0x00000000c0005a6c       0x2f fs/fat/ffsystem.32
                0x00000000c0005a6c                ff_memalloc
                0x00000000c0005a84                ff_memfree
 *fill*         0x00000000c0005a9b        0x1 
 .text          0x00000000c0005a9c      0x2a8 fs/fat/ffunicode.32
                0x00000000c0005a9c                ff_uni2oem
                0x00000000c0005b3c                ff_oem2uni
                0x00000000c0005bb4                ff_wtoupper
 .text          0x00000000c0005d44      0xc76 fs/iso9660/iso9660.32
                0x00000000c0005f63                isoReadDiscSector
                0x00000000c0005ffe                strnicmp
                0x00000000c00062b1                stricmp
                0x00000000c00062fd                iso_open
                0x00000000c0006387                iso_close
                0x00000000c00063a5                iso_read
                0x00000000c00064bb                iso_seek
                0x00000000c000653f                iso_tell
                0x00000000c0006570                iso_total
                0x00000000c000659b                fn_postprocess
                0x00000000c00065c1                iso_readdir
                0x00000000c00067b2                iso_reset
                0x00000000c00067bf                init_percd
                0x00000000c00068b9                iso_ioctl
                0x00000000c00068c1                fs_iso9660_init
                0x00000000c000694a                fs_iso9660_shutdown
 .text          0x00000000c00069ba      0x685 core/computer.32
                0x00000000c00069ba                Computer::close(int, int, void*)
                0x00000000c00069ff                Krnl::firstTask()
                0x00000000c0006b32                Computer::Computer()
                0x00000000c0006b32                Computer::Computer()
                0x00000000c0006be4                Computer::setBootMessage(char const*)
                0x00000000c0006be6                Computer::detectFeatures()
                0x00000000c0006df0                Computer::displayFeatures()
                0x00000000c0006df2                Computer::rdmsr(unsigned int)
                0x00000000c0006e1e                Computer::wrmsr(unsigned int, unsigned long long)
                0x00000000c0006e56                Computer::shutdown()
                0x00000000c0006e6e                Computer::restart()
                0x00000000c0006e86                Computer::sleep()
                0x00000000c0006e9a                Computer::nmiEnabled()
                0x00000000c0006ea6                Computer::readCMOS(unsigned char)
                0x00000000c0006ec0                Computer::enableNMI(bool)
                0x00000000c0006ed8                Computer::open(int, int, void*)
                0x00000000c0006fac                Computer::disableNMI()
                0x00000000c0006fbc                Computer::writeCMOS(unsigned char, unsigned char)
                0x00000000c0006fda                Computer::handleNMI()
 *fill*         0x00000000c000703f        0x1 
 .text          0x00000000c0007040      0x1cf core/gdt.32
                0x00000000c0007040                GDTEntry::setBase(unsigned int)
                0x00000000c000705c                GDTEntry::setLimit(unsigned int)
                0x00000000c000707a                GDT::GDT()
                0x00000000c000707a                GDT::GDT()
                0x00000000c0007090                GDT::addEntry(GDTEntry)
                0x00000000c00070b2                GDT::getNumberOfEntries()
                0x00000000c00070ba                GDT::flush()
                0x00000000c00070dc                GDT::setup()
 .text          0x00000000c000720f       0x1d core/idle.32
                0x00000000c000720f                idleFunction(void*)
 .text          0x00000000c000722c      0x464 core/idt.32
                0x00000000c000722c                IDTEntry::IDTEntry(bool)
                0x00000000c000722c                IDTEntry::IDTEntry(bool)
                0x00000000c000729e                IDTEntry::setOffset(unsigned int)
                0x00000000c00072b4                IDT::IDT()
                0x00000000c00072b4                IDT::IDT()
                0x00000000c00072b6                IDT::getPointerToInvalidOpcodeEntryForF00F()
                0x00000000c00072be                IDT::addEntry(IDTEntry, int)
                0x00000000c00072d8                IDT::addEntry(int, void (*)(), bool)
                0x00000000c0007310                IDT::flush()
                0x00000000c000732a                IDT::setup()
 .text          0x00000000c0007690      0x183 core/kheap.32
                0x00000000c0007690                sbrk
                0x00000000c0007725                mmap
                0x00000000c000773b                munmap
                0x00000000c0007751                liballoc_lock()
                0x00000000c000775e                liballoc_unlock()
                0x00000000c0007772                liballoc_alloc(int)
                0x00000000c000778a                liballoc_free(void*, int)
                0x00000000c00077a5                realloc
                0x00000000c00077b9                malloc
                0x00000000c00077c9                free
                0x00000000c00077d9                rfree
                0x00000000c00077e9                calloc
 .text          0x00000000c0007813       0xc3 core/main.32
                0x00000000c0007813                KeEntryPoint
 .text          0x00000000c00078d6      0x5dc core/physmgr.32
                0x00000000c00078d6                Phys::allocateDMA(unsigned long)
                0x00000000c00079ad                Phys::freeDMA(unsigned long, unsigned long)
                0x00000000c00079e0                Phys::setPageState(unsigned long, bool)
                0x00000000c0007a12                Phys::getPageState(unsigned long)
                0x00000000c0007a33                Phys::freePage(unsigned long)
                0x00000000c0007a95                Phys::allocatePage()
                0x00000000c0007b53                Phys::allocateContiguousPages(int)
                0x00000000c0007baf                Phys::allowSegmentToBeUsed(unsigned long, unsigned long)
                0x00000000c0007be7                Phys::physicalMemorySetup(unsigned int)
 .text          0x00000000c0007eb2      0x273 core/pipe.32
                0x00000000c0007eb2                Pipe::isAtty()
                0x00000000c0007eb6                Pipe::~Pipe()
                0x00000000c0007eb6                Pipe::~Pipe()
                0x00000000c0007eda                Pipe::~Pipe()
                0x00000000c0007f02                Pipe::write(unsigned long long, void*, int*)
                0x00000000c0007fc2                Pipe::read(unsigned long long, void*, int*)
                0x00000000c00080be                Pipe::Pipe(int)
                0x00000000c00080be                Pipe::Pipe(int)
 *fill*         0x00000000c0008125        0x1 
 .text          0x00000000c0008126      0xaa0 core/terminal.32
                0x00000000c0008126                VgaText::isAtty()
                0x00000000c000812a                VgaText::~VgaText()
                0x00000000c000812a                VgaText::~VgaText()
                0x00000000c000814e                VgaText::~VgaText()
                0x00000000c0008178                VgaText::read(unsigned long long, void*, int*)
                0x00000000c0008198                setTerminalScrollLock(bool)
                0x00000000c0008199                doTerminalCycle()
                0x00000000c000819a                addToTerminalCycle(VgaText*)
                0x00000000c000819b                scrollTerminalScrollLock(int)
                0x00000000c000819c                VgaText::updateTitle()
                0x00000000c000819e                VgaText::load()
                0x00000000c00081a0                VgaText::updateCursor()
                0x00000000c00081b6                VgaText::doANSI_SGR(int)
                0x00000000c000822a                VgaText::setDefaultBgColour(VgaColour)
                0x00000000c000823a                VgaText::setDefaultFgColour(VgaColour)
                0x00000000c000824a                VgaText::setDefaultColours(VgaColour, VgaColour)
                0x00000000c000826a                VgaText::setTitleTextColour(VgaColour)
                0x00000000c0008276                VgaText::setTitleColour(VgaColour)
                0x00000000c0008282                VgaText::setTitle(char*)
                0x00000000c0008284                VgaText::combineColours(unsigned char, unsigned char)
                0x00000000c0008296                VgaText::scrollScreen()
                0x00000000c000832e                VgaText::combineCharAndColour(char, unsigned char)
                0x00000000c0008340                VgaText::writeCharacter(char, VgaColour, VgaColour, int, int)
                0x00000000c00083d0                VgaText::getCursorX()
                0x00000000c00083d8                VgaText::getCursorY()
                0x00000000c00083e0                VgaText::setCursor(int, int)
                0x00000000c00083f7                setActiveTerminal(VgaText*)
                0x00000000c0008442                VgaText::clearScreen()
                0x00000000c0008490                VgaText::setCursorX(int)
                0x00000000c00084a8                VgaText::setCursorY(int)
                0x00000000c00084c0                VgaText::incrementCursor(bool)
                0x00000000c0008514                VgaText::decrementCursor(bool)
                0x00000000c0008536                VgaText::putchar(char, VgaColour, VgaColour)
                0x00000000c0008604                VgaText::putchar(char)
                0x00000000c00086f0                VgaText::putx(unsigned int)
                0x00000000c0008736                VgaText::puts(char const*)
                0x00000000c000875c                VgaText::write(unsigned long long, void*, int*)
                0x00000000c00087a8                VgaText::puts(char const*, VgaColour, VgaColour)
                0x00000000c00088fa                VgaText::VgaText(char const*)
                0x00000000c00088fa                VgaText::VgaText(char const*)
                0x00000000c0008a46                VgaText::receiveKey(unsigned char)
                0x00000000c0008ba0                VgaText::doUpdate()
                0x00000000c0008ba1                newTerminal(char*)
 *fill*         0x00000000c0008bc6        0x2 
 .text          0x00000000c0008bc8      0x1a1 core/tss.32
                0x00000000c0008bc8                TSS::TSS()
                0x00000000c0008bc8                TSS::TSS()
                0x00000000c0008bd8                TSS::setESP(unsigned long)
                0x00000000c0008bec                TSS::flush()
                0x00000000c0008c0c                TSS::setup(unsigned long, unsigned long)
 *fill*         0x00000000c0008d69        0x1 
 .text          0x00000000c0008d6a      0x4c2 core/unixfile.32
                0x00000000c0008d6a                ReservedFilename::read(unsigned long long, void*, int*)
                0x00000000c0008dc0                ReservedFilename::isAtty()
                0x00000000c0008ddc                ReservedFilename::write(unsigned long long, void*, int*)
                0x00000000c0008e3a                UnixFile::getFileDescriptor()
                0x00000000c0008e42                UnixFile::UnixFile(int)
                0x00000000c0008e42                UnixFile::UnixFile(int)
                0x00000000c0008ff2                ReservedFilename::ReservedFilename(int)
                0x00000000c0008ff2                ReservedFilename::ReservedFilename(int)
                0x00000000c0009024                UnixFile::~UnixFile()
                0x00000000c0009024                UnixFile::~UnixFile()
                0x00000000c00090bc                UnixFile::~UnixFile()
                0x00000000c00090e4                ReservedFilename::~ReservedFilename()
                0x00000000c00090e4                ReservedFilename::~ReservedFilename()
                0x00000000c0009108                ReservedFilename::~ReservedFilename()
                0x00000000c000912f                getFromFileDescriptor(int)
 .text          0x00000000c000922c     0x1166 core/virtmgr.32
                0x00000000c000922c                Virt::setPageState(unsigned long, Virt::VirtPageState)
                0x00000000c0009261                Virt::getPageState(unsigned long)
                0x00000000c0009285                Virt::allocateKernelVirtualPages(int)
                0x00000000c0009396                Virt::freeSwapfilePage(unsigned long)
                0x00000000c00093b4                Virt::swapIDToSector(unsigned long)
                0x00000000c00093c6                Virt::allocateSwapfilePage()
                0x00000000c0009444                Virt::virtualMemorySetup()
                0x00000000c000948f                Virt::setupPageSwapping(int)
                0x00000000c0009500                VAS::VAS()
                0x00000000c0009500                VAS::VAS()
                0x00000000c000953c                VAS::VAS(VAS*)
                0x00000000c000953c                VAS::VAS(VAS*)
                0x00000000c000956a                VAS::getForeignPageTableEntry(bool, unsigned long)
                0x00000000c0009596                VAS::getPageTableEntry(unsigned long)
                0x00000000c00095b5                Virt::freeKernelVirtualPages(unsigned long)
                0x00000000c00096da                VAS::freeAllocatedPages(unsigned long)
                0x00000000c00096fe                VAS::virtualToPhysical(unsigned long)
                0x00000000c0009718                VAS::reflagRange(unsigned long, int, int, int)
                0x00000000c0009758                VAS::setToWriteCombining(unsigned long, int)
                0x00000000c000978c                VAS::mapOtherVASIn(bool, VAS*)
                0x00000000c00097b6                VAS::~VAS()
                0x00000000c00097b6                VAS::~VAS()
                0x00000000c000991a                VAS::mapPage(unsigned long, unsigned long, int)
                0x00000000c0009a1e                VAS::allocatePages(int, int)
                0x00000000c0009bf6                VAS::setCPUSpecific(unsigned long)
                0x00000000c0009c14                VAS::mapRange(unsigned long, unsigned long, int, int)
                0x00000000c0009cda                VAS::mapForeignPage(bool, VAS*, unsigned long, unsigned long, int)
                0x00000000c0009dc8                VAS::VAS(bool)
                0x00000000c0009dc8                VAS::VAS(bool)
                0x00000000c000a048                VAS::evict(unsigned long)
                0x00000000c000a10a                VAS::tryLoadBackOffDisk(unsigned long)
                0x00000000c000a1f8                VAS::scanForEviction()
                0x00000000c000a2d8                mapVASFirstTime
 .text          0x00000000c000a392       0x5f coreobjs/c++.32
                0x00000000c000a392                __cxa_atexit
                0x00000000c000a395                __cxa_finalize
                0x00000000c000a396                __stack_chk_fail
                0x00000000c000a3cc                __cxa_pure_virtual
                0x00000000c000a3dd                operator new[](unsigned long)
                0x00000000c000a3e2                operator delete(void*, unsigned long)
                0x00000000c000a3e7                operator delete[](void*)
                0x00000000c000a3ec                operator delete[](void*, unsigned long)
 .text          0x00000000c000a3f1      0x21c dbg/kconsole.32
                0x00000000c000a3f1                Dbg::stringifyxWithBase(unsigned int, char*, int)
                0x00000000c000a45c                Dbg::logc(char)
                0x00000000c000a47c                Dbg::logs(char*)
                0x00000000c000a499                Dbg::logWriteInt(unsigned int)
                0x00000000c000a4b7                Dbg::logWriteIntBase(unsigned int, int)
                0x00000000c000a4d8                Dbg::kprintf(char const*, ...)
 *fill*         0x00000000c000a60d        0x1 
 .text          0x00000000c000a60e      0xc5c fs/vfs.32
                0x00000000c000a60e                File::read(unsigned long long, void*, int*)
                0x00000000c000a666                File::write(unsigned long long, void*, int*)
                0x00000000c000a6be                Directory::read(unsigned long long, void*, int*)
                0x00000000c000a716                Directory::write(unsigned long long, void*, int*)
                0x00000000c000a744                File::isAtty()
                0x00000000c000a748                Directory::isAtty()
                0x00000000c000a74c                Filesystem::getlabel(LogicalDisk*, int, char*, unsigned int*)
                0x00000000c000a752                Filesystem::setlabel(LogicalDisk*, int, char*)
                0x00000000c000a758                Filesystem::allocateSwapfile(char const*, int)
                0x00000000c000a75e                File::~File()
                0x00000000c000a75e                File::~File()
                0x00000000c000a782                File::~File()
                0x00000000c000a7ac                Directory::~Directory()
                0x00000000c000a7ac                Directory::~Directory()
                0x00000000c000a7d0                Directory::~Directory()
                0x00000000c000a7fa                Filesystem::Filesystem()
                0x00000000c000a7fa                Filesystem::Filesystem()
                0x00000000c000a81e                Filesystem::~Filesystem()
                0x00000000c000a81e                Filesystem::~Filesystem()
                0x00000000c000a82c                Filesystem::~Filesystem()
                0x00000000c000a850                Fs::getcwd(Process*, char*, int)
                0x00000000c000a87a                Fs::initVFS()
                0x00000000c000a8a4                Fs::standardiseFiles(char*, char const*, char const*)
                0x00000000c000aa4e                File::File(char const*, Process*)
                0x00000000c000aa4e                File::File(char const*, Process*)
                0x00000000c000ab0e                File::open(FileOpenMode)
                0x00000000c000ab6c                File::close()
                0x00000000c000abcc                File::seek(unsigned long long)
                0x00000000c000ac22                File::tell(unsigned long long*)
                0x00000000c000ac72                File::rewind()
                0x00000000c000ac86                File::unlink()
                0x00000000c000acd2                File::rename(char const*)
                0x00000000c000ad20                File::chfatattr(unsigned char, unsigned char)
                0x00000000c000ad7c                File::exists()
                0x00000000c000adba                File::stat(unsigned long long*, bool*)
                0x00000000c000ae1b                Fs::setcwd(Process*, char*)
                0x00000000c000af78                Directory::Directory(char const*, Process*)
                0x00000000c000af78                Directory::Directory(char const*, Process*)
                0x00000000c000b038                Directory::open()
                0x00000000c000b094                Directory::close()
                0x00000000c000b0f4                Directory::unlink()
                0x00000000c000b140                Directory::rename(char const*)
                0x00000000c000b18e                Directory::exists()
                0x00000000c000b1cc                Directory::read(dirent*)
                0x00000000c000b218                Directory::create()
                0x00000000c000b264                Filesystem::chfatattr(char const*, unsigned char, unsigned char)
 *fill*         0x00000000c000b26a        0x2 
 .text          0x00000000c000b26c       0x86 hal/bus.32
                0x00000000c000b26c                Bus::Bus(char const*)
                0x00000000c000b26c                Bus::Bus(char const*)
                0x00000000c000b2a4                Bus::~Bus()
                0x00000000c000b2a4                Bus::~Bus()
                0x00000000c000b2c8                Bus::~Bus()
 .text          0x00000000c000b2f2       0x96 hal/buzzer.32
                0x00000000c000b2f2                beepThread(void*)
                0x00000000c000b32f                Krnl::beep(int, int, bool)
 .text          0x00000000c000b388      0x46d hal/clock.32
                0x00000000c000b388                User::loadClockSettings(int)
                0x00000000c000b3da                Clock::Clock(char const*)
                0x00000000c000b3da                Clock::Clock(char const*)
                0x00000000c000b410                Clock::~Clock()
                0x00000000c000b410                Clock::~Clock()
                0x00000000c000b434                Clock::~Clock()
                0x00000000c000b45e                Clock::timeInSecondsLocal()
                0x00000000c000b4a6                Clock::setTimeInSecondsLocal(unsigned long long)
                0x00000000c000b4ff                datetimeToSeconds(datetime_t)
                0x00000000c000b62c                Clock::setTimeInDatetimeLocal(datetime_t)
                0x00000000c000b68c                secondsToDatetime(unsigned long long)
                0x00000000c000b7d0                Clock::timeInDatetimeLocal()
 *fill*         0x00000000c000b7f5        0x1 
 .text          0x00000000c000b7f6      0x464 hal/device.32
                0x00000000c000b7f6                Device::hibernate()
                0x00000000c000b7f8                Device::wake()
                0x00000000c000b7fa                Device::detect()
                0x00000000c000b7fc                Device::disableLegacy()
                0x00000000c000b7fe                Device::powerSaving(PowerSavingLevel)
                0x00000000c000b800                DriverlessDevice::close(int, int, void*)
                0x00000000c000b804                DriverlessDevice::detect()
                0x00000000c000b806                DriverlessDevice::open(int, int, void*)
                0x00000000c000b81a                Device::~Device()
                0x00000000c000b81a                Device::~Device()
                0x00000000c000b828                Device::~Device()
                0x00000000c000b850                Device::findAndLoadDriver()
                0x00000000c000b85e                Device::preOpenPCI(PCIDeviceInfo)
                0x00000000c000b884                Device::preOpenACPI(void*, char*, char*)
                0x00000000c000b8c4                Device::addIRQHandler(int, void (*)(regs*, void*), bool, void*)
                0x00000000c000b8ee                Device::getParent()
                0x00000000c000b8fa                Device::removeIRQHandler(int, void (*)(regs*, void*), bool)
                0x00000000c000b918                Device::addChild(Device*)
                0x00000000c000b95c                Device::removeAllChildren()
                0x00000000c000b9a2                Device::hibernateAll()
                0x00000000c000b9d2                Device::wakeAll()
                0x00000000c000ba02                Device::detectAll()
                0x00000000c000ba32                Device::disableLegacyAll()
                0x00000000c000ba34                Device::loadDriversForAll()
                0x00000000c000ba36                Device::closeAll()
                0x00000000c000ba6c                Device::powerSavingAll(PowerSavingLevel)
                0x00000000c000baa2                Device::setName(char const*)
                0x00000000c000bab0                Device::Device(char const*)
                0x00000000c000bab0                Device::Device(char const*)
                0x00000000c000bbac                Device::getName()
                0x00000000c000bbb6                DriverlessDevice::DriverlessDevice(char const*)
                0x00000000c000bbb6                DriverlessDevice::DriverlessDevice(char const*)
                0x00000000c000bbec                Device::addToLinkedList(LinkedList<Device>&, DeviceType)
                0x00000000c000bc30                getDevicesOfType(DeviceType)
 *fill*         0x00000000c000bc5a        0x2 
 .text          0x00000000c000bc5c       0x86 hal/diskctrl.32
                0x00000000c000bc5c                HardDiskController::HardDiskController(char const*)
                0x00000000c000bc5c                HardDiskController::HardDiskController(char const*)
                0x00000000c000bc94                HardDiskController::~HardDiskController()
                0x00000000c000bc94                HardDiskController::~HardDiskController()
                0x00000000c000bcb8                HardDiskController::~HardDiskController()
 .text          0x00000000c000bce2       0xe2 hal/diskphys.32
                0x00000000c000bce2                PhysicalDisk::eject()
                0x00000000c000bce6                PhysicalDisk::PhysicalDisk(char const*, int)
                0x00000000c000bce6                PhysicalDisk::PhysicalDisk(char const*, int)
                0x00000000c000bd4e                PhysicalDisk::startCache()
                0x00000000c000bd76                PhysicalDisk::~PhysicalDisk()
                0x00000000c000bd76                PhysicalDisk::~PhysicalDisk()
                0x00000000c000bd9a                PhysicalDisk::~PhysicalDisk()
 .text          0x00000000c000bdc4        0x0 hal/fpu.32
 .text          0x00000000c000bdc4      0x35d hal/intctrl.32
                0x00000000c000bdc4                int_handler
                0x00000000c000be4c                installISRHandler(int, void (*)(regs*, void*), void*)
                0x00000000c000be94                installIRQHandler(int, void (*)(regs*, void*), bool, void*)
                0x00000000c000bfcc                uninstallISRHandler(int, void (*)(regs*, void*))
                0x00000000c000c000                uninstallIRQHandler(int, void (*)(regs*, void*), bool)
                0x00000000c000c07f                setupINTS()
                0x00000000c000c0dc                convertLegacyIRQNumber(int)
 *fill*         0x00000000c000c121        0x1 
 .text          0x00000000c000c122      0x792 hal/keybrd.32
                0x00000000c000c122                startGUI(void*)
                0x00000000c000c18e                startGUIVESA(void*)
                0x00000000c000c1fa                sendKeyToTerminal(unsigned char)
                0x00000000c000c2c3                sendKeyboardToken(KeyboardToken)
                0x00000000c000c703                clearInternalKeybuffer(VgaText*)
                0x00000000c000c738                readKeyboard(VgaText*, char*, unsigned long)
                0x00000000c000c82a                Keyboard::Keyboard(char const*)
                0x00000000c000c82a                Keyboard::Keyboard(char const*)
                0x00000000c000c866                Keyboard::~Keyboard()
                0x00000000c000c866                Keyboard::~Keyboard()
                0x00000000c000c88a                Keyboard::~Keyboard()
 .text          0x00000000c000c8b4      0x3ea hal/logidisk.32
                0x00000000c000c8b4                LogicalDisk::close(int, int, void*)
                0x00000000c000c8b8                LogicalDisk::~LogicalDisk()
                0x00000000c000c8b8                LogicalDisk::~LogicalDisk()
                0x00000000c000c8dc                LogicalDisk::~LogicalDisk()
                0x00000000c000c906                LogicalDisk::open(int, int, void*)
                0x00000000c000c91a                LogicalDisk::absoluteToRelative(unsigned long long)
                0x00000000c000c952                LogicalDisk::relativeToAbsolute(unsigned long long)
                0x00000000c000c998                LogicalDisk::LogicalDisk(char const*, PhysicalDisk*, unsigned long long, unsigned long long)
                0x00000000c000c998                LogicalDisk::LogicalDisk(char const*, PhysicalDisk*, unsigned long long, unsigned long long)
                0x00000000c000ca4e                LogicalDisk::assignDriveLetter()
                0x00000000c000cb04                LogicalDisk::mount()
                0x00000000c000cb4c                LogicalDisk::unmount()
                0x00000000c000cb5c                LogicalDisk::eject()
                0x00000000c000cb70                LogicalDisk::unassignDriveLetter()
                0x00000000c000cbc6                LogicalDisk::read(unsigned long long, int, void*)
                0x00000000c000cc32                LogicalDisk::write(unsigned long long, int, void*)
 *fill*         0x00000000c000cc9e        0x2 
 .text          0x00000000c000cca0       0x86 hal/mouse.32
                0x00000000c000cca0                Mouse::Mouse(char const*)
                0x00000000c000cca0                Mouse::Mouse(char const*)
                0x00000000c000ccd8                Mouse::~Mouse()
                0x00000000c000ccd8                Mouse::~Mouse()
                0x00000000c000ccfc                Mouse::~Mouse()
 .text          0x00000000c000cd26      0x339 hal/partition.32
                0x00000000c000cd26                makePartition(PhysicalDisk*, unsigned long long, unsigned long long)
                0x00000000c000cdce                createPartitionsForDisk(PhysicalDisk*)
 *fill*         0x00000000c000d05f        0x1 
 .text          0x00000000c000d060       0x86 hal/serial.32
                0x00000000c000d060                Serial::Serial(char const*)
                0x00000000c000d060                Serial::Serial(char const*)
                0x00000000c000d098                Serial::~Serial()
                0x00000000c000d098                Serial::~Serial()
                0x00000000c000d0bc                Serial::~Serial()
 *fill*         0x00000000c000d0e6        0x2 
 .text          0x00000000c000d0e8      0x234 hal/timer.32
                0x00000000c000d0e8                Timer::Timer(char const*)
                0x00000000c000d0e8                Timer::Timer(char const*)
                0x00000000c000d120                Timer::~Timer()
                0x00000000c000d120                Timer::~Timer()
                0x00000000c000d144                Timer::~Timer()
                0x00000000c000d16e                Timer::read()
                0x00000000c000d179                setupTimer(int)
                0x00000000c000d1b4                timerHandler(unsigned int)
 .text          0x00000000c000d31c      0x3ce hal/vcache.32
                0x00000000c000d31c                VCache::VCache(PhysicalDisk*)
                0x00000000c000d31c                VCache::VCache(PhysicalDisk*)
                0x00000000c000d484                VCache::invalidateReadBuffer()
                0x00000000c000d494                VCache::writeWriteBuffer()
                0x00000000c000d4e0                VCache::~VCache()
                0x00000000c000d4e0                VCache::~VCache()
                0x00000000c000d534                VCache::~VCache()
                0x00000000c000d55c                VCache::write(unsigned long long, int, void*)
                0x00000000c000d672                VCache::read(unsigned long long, int, void*)
 .text          0x00000000c000d6ea      0x4b3 hal/video.32
                0x00000000c000d6ea                Video::putrect(int, int, int, int, unsigned int)
                0x00000000c000d736                Video::bitblit(int, int, int, int, int, int, int, unsigned int*)
                0x00000000c000d7a6                Video::blit(unsigned int*, int, int, int, int)
                0x00000000c000d824                Video::clearScreen(unsigned int)
                0x00000000c000d858                Video::putpixel(int, int, unsigned int)
                0x00000000c000d866                Video::Video(char const*)
                0x00000000c000d866                Video::Video(char const*)
                0x00000000c000d89c                Video::~Video()
                0x00000000c000d89c                Video::~Video()
                0x00000000c000d8c0                Video::~Video()
                0x00000000c000d8ea                Video::isMonochrome()
                0x00000000c000d8f6                Video::getWidth()
                0x00000000c000d902                Video::getHeight()
                0x00000000c000d90e                Video::drawCursor(int, int, unsigned char*, int)
                0x00000000c000d9ca                Video::tgaParse(unsigned char*, int, int*, int*)
                0x00000000c000db32                Video::putTGA(int, int, unsigned char*, int)
 *fill*         0x00000000c000db9d        0x3 
 .text          0x00000000c000dba0     0x1307 hw/acpi.32
                0x00000000c000dba0                ACPI::close(int, int, void*)
                0x00000000c000dc58                findRSDP()
                0x00000000c000dce8                loadACPITables(unsigned char*)
                0x00000000c000df4c                findRSDT(unsigned char*)
                0x00000000c000e09c                findDataTable(unsigned char*, char*)
                0x00000000c000e114                scanMADT()
                0x00000000c000e5e8                ACPI::ACPI()
                0x00000000c000e5e8                ACPI::ACPI()
                0x00000000c000e63c                ACPI::getPCIIRQAssignment(unsigned char, unsigned short, unsigned char)
                0x00000000c000e724                ACPI::registerPCIIRQAssignment(void*, unsigned short, unsigned char, unsigned char)
                0x00000000c000e7ec                ACPI::setScreenBrightnessLevel(void*, int)
                0x00000000c000e7f4                ACPI::detectPCI()
                0x00000000c000e9fc                ACPI::writeSimpleBootFlag(SimpleBootFlagTable*)
                0x00000000c000ea50                ACPI::sleep()
                0x00000000c000ea6c                ACPI::open(int, int, void*)
 *fill*         0x00000000c000eea7        0x1 
 .text          0x00000000c000eea8      0xb95 hw/cpu.32
                0x00000000c000eea8                CPU::close(int, int, void*)
                0x00000000c000eeac                CPU::AMD_K6_write_msr(unsigned int, unsigned int, unsigned int, CPU::REGS*)
                0x00000000c000eec8                CPU::AMD_K6_read_msr(unsigned int, CPU::REGS*)
                0x00000000c000eee0                CPU::AMD_K6_writeback(int, int, int)
                0x00000000c000ef54                CPU::cpuid(int, unsigned long*, unsigned long*, unsigned long*, unsigned long*)
                0x00000000c000efd8                CPU::cpuidCheckEDX(unsigned int)
                0x00000000c000f006                CPU::cpuidCheckECX(unsigned int)
                0x00000000c000f034                CPU::cpuidCheckExtendedEBX(unsigned int)
                0x00000000c000f062                CPU::cpuidCheckExtendedECX(unsigned int)
                0x00000000c000f090                CPU::CPU()
                0x00000000c000f090                CPU::CPU()
                0x00000000c000f11e                CPU::displayFeatures()
                0x00000000c000f120                CPU::detectFeatures()
                0x00000000c000f7e4                CPU::setupSMEP()
                0x00000000c000f7f0                CPU::setupUMIP()
                0x00000000c000f7fa                CPU::setupTSC()
                0x00000000c000f804                CPU::setupLargePages()
                0x00000000c000f80e                CPU::setupPAT()
                0x00000000c000f84a                CPU::setupMTRR()
                0x00000000c000f84c                CPU::setupGlobalPages()
                0x00000000c000f856                CPU::allowUsermodeDataAccess()
                0x00000000c000f868                CPU::prohibitUsermodeDataAccess()
                0x00000000c000f87a                CPU::setupSMAP()
                0x00000000c000f888                CPU::setupFeatures()
                0x00000000c000f954                CPU::open(int, int, void*)
 .text          0x00000000c000fa3d       0xd1 krnl/bootmsg.32
                0x00000000c000fa3d                KeDisplaySplashScreen()
                0x00000000c000faab                KeSetBootMessage(char const*)
 .text          0x00000000c000fb0e      0x581 krnl/env.32
                0x00000000c000fb0e                EnvVarContainer::getEnv(char const*)
                0x00000000c000fb4c                EnvVarContainer::setEnv(char const*, char const*)
                0x00000000c000fc0e                EnvVarContainer::deleteEnv(char const*)
                0x00000000c000fc10                EnvVarContainer::loadFrom(char const*, char const*)
                0x00000000c000fdf6                EnvVarContainer::__loadSystem()
                0x00000000c000fe10                EnvVarContainer::__loadUser()
                0x00000000c000fe12                EnvVarContainer::EnvVarContainer(Process*)
                0x00000000c000fe12                EnvVarContainer::EnvVarContainer(Process*)
                0x00000000c000fe34                EnvVarContainer::~EnvVarContainer()
                0x00000000c000fe34                EnvVarContainer::~EnvVarContainer()
                0x00000000c000fe64                Krnl::getEnv(Process*, char const*)
                0x00000000c000fec9                Krnl::setEnvSystem(char const*, char const*)
                0x00000000c000fee3                Krnl::setEnvUser(char const*, char const*)
                0x00000000c000ff02                Krnl::setEnvProcess(Process*, char const*, char const*)
                0x00000000c000ff15                Krnl::deleteEnvSystem(char const*)
                0x00000000c000ff16                Krnl::deleteEnvUser(char const*)
                0x00000000c000ff17                Krnl::deleteEnvProcess(Process*, char const*)
                0x00000000c000ff18                Krnl::newProcessEnv(Process*)
                0x00000000c000ff3a                Krnl::copyProcessEnv(Process*, Process*)
                0x00000000c000ff86                Krnl::loadSystemEnv()
                0x00000000c000ffb4                Krnl::loadUserEnv()
                0x00000000c000ffda                Krnl::flushEnv()
                0x00000000c000ffdb                Krnl::getProcessTotalEnvCount(Process*)
                0x00000000c000fffb                Krnl::getProcessEnvPair(Process*, int)
 .text          0x00000000c001008f       0x94 krnl/inlines.32
                0x00000000c001008f                CPU::current()
                0x00000000c001009b                operator new(unsigned long)
                0x00000000c00100a0                operator delete(void*)
                0x00000000c00100a5                disableIRQs()
                0x00000000c00100a7                enableIRQs()
                0x00000000c00100a9                lockScheduler()
                0x00000000c00100b1                unlockScheduler()
                0x00000000c00100c0                lockStuff()
                0x00000000c00100ce                unlockStuff()
                0x00000000c0010108                Virt::getAKernelVAS()
                0x00000000c001010e                __not_memcpy
 .text          0x00000000c0010123        0xc krnl/panic.32
                0x00000000c0010123                KePanic(char const*)
 .text          0x00000000c001012f      0x142 krnl/powctrl.32
                0x00000000c001012f                Krnl::powerThread(void*)
                0x00000000c001015d                Krnl::changePowerSettings(Krnl::PowerSettings)
                0x00000000c0010173                Krnl::userIOReceived()
                0x00000000c001017e                Krnl::handlePowerButton()
                0x00000000c00101b3                Krnl::handleSleepButton()
                0x00000000c00101e8                Krnl::setupPowerManager()
 *fill*         0x00000000c0010271        0x3 
 .text          0x00000000c0010274      0x190 krnl/resolve.32
                0x00000000c0010274                KeResolveCompatibilitySymbol(char*)
 .text          0x00000000c0010404      0x108 krnl/signal.32
                0x00000000c0010404                KiDefaultSignalHandlerAbort(int)
                0x00000000c0010411                KiDefaultSignalHandlerTerminate(int)
                0x00000000c001041e                KiSigKill(int)
                0x00000000c001042b                KiDefaultSignalHandlerIgnore(int)
                0x00000000c001042c                KiDefaultSignalHandlerPause(int)
                0x00000000c0010439                KiDefaultSignalHandlerResume(int)
                0x00000000c0010446                KeInitSignals()
                0x00000000c00104a1                KeRegisterSignalHandler(SigHandlerBlock*, int, void (*)(int), unsigned int, int)
                0x00000000c00104c8                KeRaiseSignal(SigHandlerBlock*, int)
                0x00000000c00104ce                KeCheckSignal(SigHandlerBlock*)
                0x00000000c00104d1                KeCompleteSignal(SigHandlerBlock*, int)
 .text          0x00000000c001050c      0xcfe krnl/syscalls.32
                0x00000000c001050c                SysSeekDir(regs*)
                0x00000000c0010511                SysTellDir(regs*)
                0x00000000c0010516                SysVerify(regs*)
                0x00000000c0010520                SysGetArgc(regs*)
                0x00000000c0010530                SysTTYName(regs*)
                0x00000000c0010538                SysFormatDisk(regs*)
                0x00000000c00105a5                SysSetDiskVolumeLabel(regs*)
                0x00000000c00105ef                SysGetDiskVolumeLabel(regs*)
                0x00000000c0010644                SysShutdown(regs*)
                0x00000000c00106a2                SysRealpath(regs*)
                0x00000000c00106e5                SysReadDir(regs*)
                0x00000000c0010765                SysIsATTY(regs*)
                0x00000000c00107c1                SysSeek(regs*)
                0x00000000c001081a                SysTell(regs*)
                0x00000000c0010889                SysSize(regs*)
                0x00000000c00108fe                SysSizeFromFilename(regs*)
                0x00000000c00109b1                SysClose(regs*)
                0x00000000c0010a11                SysOpenDir(regs*)
                0x00000000c0010b22                SysCloseDir(regs*)
                0x00000000c0010b76                SysMakeDir(regs*)
                0x00000000c0010be8                SysWait(regs*)
                0x00000000c0010c05                SysNotImpl(regs*)
                0x00000000c0010c20                SysPanic(regs*)
                0x00000000c0010c3b                SysRmdir(regs*)
                0x00000000c0010ca2                SysUnlink(regs*)
                0x00000000c0010d09                SysGetArgv(regs*)
                0x00000000c0010d56                SysUSleep(regs*)
                0x00000000c0010d7f                SysSpawn(regs*)
                0x00000000c0010de8                SysGetEnv(regs*)
                0x00000000c0010e97                SysSetFatAttrib(regs*)
                0x00000000c0010f0e                SysPipe(regs*)
                0x00000000c0010f53                SysGetUnixTime(regs*)
                0x00000000c0010f67                string_ends_with(char const*, char const*)
                0x00000000c0010fb1                SysOpen(regs*)
                0x00000000c00111b8                KeSystemCall(regs*, void*)
 .text          0x00000000c001120a      0x50e reg/registry.32
                0x00000000c001120a                Reg::findLineFromLoadedData(char*, char*, char*)
                0x00000000c0011362                Reg::getLineFromRegistry(char*, char*, char*, char*)
                0x00000000c00114b7                Reg::getLine(char*, char*, char*)
                0x00000000c00114ee                Reg::readInt(char*, char*, int*)
                0x00000000c00115d9                Reg::readString(char*, char*, char*, int)
                0x00000000c001165a                Reg::readBool(char*, char*, bool*)
                0x00000000c001167f                Reg::readBoolWithDefault(char*, char*, bool)
                0x00000000c00116ab                Reg::readIntWithDefault(char*, char*, int)
                0x00000000c00116d7                Reg::readStringWithDefault(char*, char*, char*, int, char*)
 .text          0x00000000c0011718       0x36 sys/eject.32
                0x00000000c0011718                SysEject(regs*)
 .text          0x00000000c001174e       0x18 sys/exit.32
                0x00000000c001174e                SysExit(regs*)
 .text          0x00000000c0011766       0x1f sys/getcwd.32
                0x00000000c0011766                SysGetCwd(regs*)
 .text          0x00000000c0011785        0xc sys/getpid.32
                0x00000000c0011785                SysGetPID(regs*)
 .text          0x00000000c0011791       0x1a sys/getramdata.32
                0x00000000c0011791                SysGetRAMData(regs*)
 .text          0x00000000c00117ab       0x82 sys/getvgaptr.32
                0x00000000c00117ab                SysGetVGAPtr(regs*)
 .text          0x00000000c001182d       0xa8 sys/loaddll.32
                0x00000000c001182d                SysLoadDLL(regs*)
 .text          0x00000000c00118d5       0x68 sys/read.32
                0x00000000c00118d5                SysRead(regs*)
 .text          0x00000000c001193d       0x29 sys/registersignal.32
                0x00000000c001193d                SysRegisterSignal(regs*)
 .text          0x00000000c0011966       0x67 sys/sbrk.32
                0x00000000c0011966                SysSbrk(regs*)
 .text          0x00000000c00119cd       0x1c sys/setcwd.32
                0x00000000c00119cd                SysSetCwd(regs*)
 .text          0x00000000c00119e9       0x95 sys/settime.32
                0x00000000c00119e9                SysSetTime(regs*)
 .text          0x00000000c0011a7e       0x4a sys/timezone.32
                0x00000000c0011a7e                SysTimezone(regs*)
 .text          0x00000000c0011ac8       0x68 sys/write.32
                0x00000000c0011ac8                SysWrite(regs*)
 .text          0x00000000c0011b30       0x62 sys/wsbe.32
                0x00000000c0011b30                SysWsbe(regs*)
 .text          0x00000000c0011b92       0x25 sys/yield.32
                0x00000000c0011b92                SysYield(regs*)
 .text          0x00000000c0011bb7     0x11e5 thr/elf.32
                0x00000000c0011bb7                Thr::allocateMemoryForTask(Process*, File*, unsigned long, unsigned long, unsigned long)
                0x00000000c0011e43                Thr::loadProgramIntoMemory(Process*, char const*)
                0x00000000c0012059                Thr::runtimeReferenceHelper()
                0x00000000c001206c                Thr::getAddressOfKernelSymbol(char const*)
                0x00000000c00120bb                Thr::loadKernelSymbolTable(char const*)
                0x00000000c0012379                Thr::loadDriverIntoMemory(char const*, unsigned long, bool)
                0x00000000c0012aaf                Thr::getDriverBaseFromAddress(unsigned long)
                0x00000000c0012ae1                Thr::getDriverNameFromAddress(unsigned long)
                0x00000000c0012b18                Thr::getDriverOffsetFromAddress(unsigned long)
                0x00000000c0012b32                Thr::loadDLL(char const*, bool)
                0x00000000c0012d63                Thr::executeDLL(unsigned long, void*)
 .text          0x00000000c0012d9c     0x138d thr/prcssthr.32
                0x00000000c0012d9c                userModeEntryPoint(void*)
                0x00000000c0012dc4                changeTSS
                0x00000000c0012df4                switchToThread(ThreadControlBlock*)
                0x00000000c0012ea8                Process::addArgs(char**)
                0x00000000c0012f08                Process::Process(char const*, Process*, char**)
                0x00000000c0012f08                Process::Process(char const*, Process*, char**)
                0x00000000c0013104                Process::Process(bool, char const*, Process*, char**)
                0x00000000c0013104                Process::Process(bool, char const*, Process*, char**)
                0x00000000c001337c                taskStartupFunction
                0x00000000c0013388                Semaphore::Semaphore(int)
                0x00000000c0013388                Semaphore::Semaphore(int)
                0x00000000c00133b8                Mutex::Mutex()
                0x00000000c00133b8                Mutex::Mutex()
                0x00000000c00133cc                Process::createThread(void (*)(void*), void*, int)
                0x00000000c00134c4                Process::createUserThread()
                0x00000000c00134e4                setupMultitasking(void (*)())
                0x00000000c00135ec                schedule()
                0x00000000c001367c                Semaphore::tryAcquire()
                0x00000000c0013748                Semaphore::assertLocked(char const*)
                0x00000000c00137c0                blockTaskWithSchedulerLockAlreadyHeld(TaskState)
                0x00000000c00137e8                blockTask(TaskState)
                0x00000000c0013818                waitTask(int, int*, int)
                0x00000000c001385c                milliTenthSleepUntil(unsigned int)
                0x00000000c00138ec                milliTenthSleep(unsigned int)
                0x00000000c00138fc                sleep(unsigned int)
                0x00000000c0013918                Semaphore::acquire()
                0x00000000c00139d4                taskReturned
                0x00000000c0013a10                Thr::processFromPID(int)
                0x00000000c0013ab0                unblockTask(ThreadControlBlock*)
                0x00000000c0013b54                cleanupTerminatedTask(ThreadControlBlock*)
                0x00000000c0013e20                cleanerTaskFunction(void*)
                0x00000000c0013f10                terminateTask(int)
                0x00000000c0013fdc                Thr::terminateFromIRQ(int)
                0x00000000c0013fec                Semaphore::release()
 .text          0x00000000c0014129      0xb93 vm86/vm8086.32
                0x00000000c0014129                Vm::inbv(unsigned short)
                0x00000000c001413c                Vm::outbv(unsigned short, unsigned char)
                0x00000000c0014172                Vm::realToLinear(unsigned short, unsigned short)
                0x00000000c0014182                Vm::getSegment(unsigned int)
                0x00000000c001418a                Vm::getOffset(unsigned int)
                0x00000000c001418f                Vm::mainloop2()
                0x00000000c00141c9                Vm::mainVm8086Loop(void*)
                0x00000000c00141d9                Vm::mainloop3(unsigned long)
                0x00000000c00141ff                Vm::initialise8086()
                0x00000000c0014242                Vm::finish8086()
                0x00000000c00142a3                Vm::getOutput8086(unsigned char*)
                0x00000000c00142c8                Vm::start8086FromBuffer(unsigned char*, int, unsigned short, unsigned short, unsigned short, unsigned short)
                0x00000000c0014381                Vm::start8086(char const*, unsigned short, unsigned short, unsigned short, unsigned short)
                0x00000000c00144e9                Vm::doISR(regs*, int, unsigned char*, unsigned short, unsigned short)
                0x00000000c0014573                Vm::readByteFromReal(unsigned short, unsigned short)
                0x00000000c0014584                Vm::readWordFromReal(unsigned short, unsigned short)
                0x00000000c0014596                Vm::readDwordFromReal(unsigned short, unsigned short)
                0x00000000c00145a7                Vm::writeByteFromReal(unsigned short, unsigned short, unsigned char)
                0x00000000c00145bc                Vm::writeWordFromReal(unsigned short, unsigned short, unsigned short)
                0x00000000c00145d2                Vm::writeDwordFromReal(unsigned short, unsigned short, unsigned int)
                0x00000000c00145e7                Vm::faultHandler(regs*)
 .text          0x00000000c0014cbc      0xa53 arch/i386/hal.32
                0x00000000c0014cbc                noCopro(unsigned long)
                0x00000000c0014cbd                nmiHandler(regs*, void*)
                0x00000000c0014cd6                doubleFault(regs*, void*)
                0x00000000c0014cef                displayDebugInfo(regs*)
                0x00000000c0015010                HalSystemIdle()
                0x00000000c0015086                displayProgramFault(char const*)
                0x00000000c00150d2                gpFault(regs*, void*)
                0x00000000c0015137                pgFault(regs*, void*)
                0x00000000c00151bd                otherISRHandler(regs*, void*)
                0x00000000c00151f1                opcodeFault(regs*, void*)
                0x00000000c0015271                i386SaveCoprocessor(void*)
                0x00000000c0015285                i386LoadCoprocessor(void*)
                0x00000000c0015299                x87EmulHandler(regs*, void*)
                0x00000000c0015336                HalInitialiseCoprocessor()
                0x00000000c00153e4                HalPanic(char const*)
                0x00000000c00154dd                HalQueryPerformanceCounter()
                0x00000000c00154f8                HalInitialise()
                0x00000000c001569e                HalMakeBeep(int)
                0x00000000c00156d8                HalGetRand()
                0x00000000c00156db                HalEndOfInterrupt(int)
                0x00000000c001570c                HalRestart()
                0x00000000c001570d                HalShutdown()
                0x00000000c001570e                HalSleep()
 *fill*         0x00000000c001570f        0x1 
 .text          0x00000000c0015710      0x2f4 arch/i386/pic.32
                0x00000000c0015710                picIoWait()
                0x00000000c0015718                picDisable()
                0x00000000c001574c                picGetIRQReg(int)
                0x00000000c00157d0                picOpen()
                0x00000000c0015960                picEOI(int)
 .text          0x00000000c0015a04      0x64d arch/i386/rtc.32
                0x00000000c0015a04                RTC::open(int, int, void*)
                0x00000000c0015a08                RTC::close(int, int, void*)
                0x00000000c0015a0c                RTC::timeInSecondsUTC()
                0x00000000c0015a1e                RTC::timeInDatetimeUTC()
                0x00000000c0015a44                RTC::setTimeInSecondsUTC(unsigned long long)
                0x00000000c0015a82                RTC::~RTC()
                0x00000000c0015a82                RTC::~RTC()
                0x00000000c0015aa6                RTC::~RTC()
                0x00000000c0015ad0                RTC::get_update_in_progress_flag()
                0x00000000c0015ae8                RTC::completeRTCRefresh()
                0x00000000c0015da0                RTC::setTimeInDatetimeUTC(datetime_t)
                0x00000000c0015f53                rtcIRQHandler(regs*, void*)
                0x00000000c0015f98                RTC::RTC()
                0x00000000c0015f98                RTC::RTC()
 *fill*         0x00000000c0016051        0x3 
 .text          0x00000000c0016054      0x203 arch/i386/vga.32
                0x00000000c0016054                HalConsoleScroll(int, int)
                0x00000000c001615c                HalConsoleWriteCharacter(char, int, int, int, int)
                0x00000000c00161c8                HalConsoleCursorUpdate(int, int)
 *fill*         0x00000000c0016257        0x1 
 .text          0x00000000c0016258     0x13e7 fs/fat/vfslink.32
                0x00000000c0016258                FAT::getName()
                0x00000000c0016260                FAT::tell(void*, unsigned long long*)
                0x00000000c001629c                FAT::stat(void*, unsigned long long*)
                0x00000000c00162d8                FAT::~FAT()
                0x00000000c00162d8                FAT::~FAT()
                0x00000000c00162fc                FAT::~FAT()
                0x00000000c0016324                FAT::getlabel(LogicalDisk*, int, char*, unsigned int*)
                0x00000000c00163c8                FAT::setlabel(LogicalDisk*, int, char*)
                0x00000000c001648c                FAT::format(LogicalDisk*, int, char const*, int)
                0x00000000c0016660                FAT::tryMount(LogicalDisk*, int)
                0x00000000c0016878                FAT::allocateSwapfile(char const*, int)
                0x00000000c0016a38                FAT::readDir(void*, unsigned long, void*, int*)
                0x00000000c0016ba4                FAT::read(void*, unsigned long, void*, int*)
                0x00000000c0016c04                FAT::write(void*, unsigned long, void*, int*)
                0x00000000c0016c64                FAT::close(void*)
                0x00000000c0016cb8                FAT::closeDir(void*)
                0x00000000c0016d0c                FAT::seek(void*, unsigned long long)
                0x00000000c0016d64                fatWrapperReadDisk
                0x00000000c0016da8                fatWrapperWriteDisk
                0x00000000c0016dec                fatWrapperIoctl
                0x00000000c0016f08                FAT::FAT()
                0x00000000c0016f08                FAT::FAT()
                0x00000000c0016f5c                FAT::fixFilepath(char*)
                0x00000000c0016f98                FAT::open(char const*, void**, FileOpenMode)
                0x00000000c00170d0                FAT::openDir(char const*, void**)
                0x00000000c0017180                FAT::stat(char const*, unsigned long long*, bool*)
                0x00000000c0017278                FAT::unlink(char const*)
                0x00000000c00172f8                FAT::chfatattr(char const*, unsigned char, unsigned char)
                0x00000000c0017484                FAT::rename(char const*, char const*)
                0x00000000c0017550                FAT::mkdir(char const*)
                0x00000000c00175d0                FAT::exists(char const*)
 *fill*         0x00000000c001763f        0x1 
 .text          0x00000000c0017640       0xc6 fs/iso9660/helper.32
                0x00000000c0017640                isoReadDiscSectorHelper
                0x00000000c001769c                iso_kprintf
                0x00000000c00176bc                iso_kprintfd
 .text          0x00000000c0017706      0x586 fs/iso9660/vfslink.32
                0x00000000c0017706                ISO9660::format(LogicalDisk*, int, char const*, int)
                0x00000000c001770c                ISO9660::getName()
                0x00000000c0017712                ISO9660::closeDir(void*)
                0x00000000c001771c                ISO9660::chfatattr(char const*, unsigned char, unsigned char)
                0x00000000c0017722                ISO9660::unlink(char const*)
                0x00000000c0017728                ISO9660::write(void*, unsigned long, void*, int*)
                0x00000000c001772e                ISO9660::rename(char const*, char const*)
                0x00000000c0017734                ISO9660::mkdir(char const*)
                0x00000000c001773a                ISO9660::~ISO9660()
                0x00000000c001773a                ISO9660::~ISO9660()
                0x00000000c001775e                ISO9660::~ISO9660()
                0x00000000c0017786                ISO9660::exists(char const*)
                0x00000000c001779a                ISO9660::open(char const*, void**, FileOpenMode)
                0x00000000c001783a                ISO9660::openDir(char const*, void**)
                0x00000000c00178ca                ISO9660::read(void*, unsigned long, void*, int*)
                0x00000000c001790a                ISO9660::seek(void*, unsigned long long)
                0x00000000c0017942                ISO9660::tell(void*, unsigned long long*)
                0x00000000c0017978                ISO9660::stat(void*, unsigned long long*)
                0x00000000c00179b2                ISO9660::stat(char const*, unsigned long long*, bool*)
                0x00000000c0017a84                ISO9660::close(void*)
                0x00000000c0017aaa                ISO9660::readDir(void*, unsigned long, void*, int*)
                0x00000000c0017b77                readSectorFromCDROM(unsigned int, unsigned char*, char)
                0x00000000c0017bf2                ISO9660::tryMount(LogicalDisk*, int)
                0x00000000c0017c64                ISO9660::ISO9660()
                0x00000000c0017c64                ISO9660::ISO9660()
 .text          0x00000000c0017c8c      0x26c hal/sound/sndcard.32
                0x00000000c0017c8c                SoundCard::beginPlayback()
                0x00000000c0017c9a                SoundCard::stopPlayback()
                0x00000000c0017ca8                SoundCard::SoundCard(char const*)
                0x00000000c0017ca8                SoundCard::SoundCard(char const*)
                0x00000000c0017d46                SoundCard::~SoundCard()
                0x00000000c0017d46                SoundCard::~SoundCard()
                0x00000000c0017d6a                SoundCard::~SoundCard()
                0x00000000c0017d94                SoundCard::configureRates(int, int, int)
                0x00000000c0017dc4                SoundCard::getSamples16(int, short*)
                0x00000000c0017e20                SoundCard::getSamples32(int, int*)
                0x00000000c0017ea6                SoundCard::addChannel(SoundPort*)
                0x00000000c0017ee4                SoundCard::removeChannel(int)
 .text          0x00000000c0017ef8      0x377 hal/sound/sndport.32
                0x00000000c0017ef8                SoundPort::SoundPort(int, int, int, int)
                0x00000000c0017ef8                SoundPort::SoundPort(int, int, int, int)
                0x00000000c0017f84                SoundPort::~SoundPort()
                0x00000000c0017f84                SoundPort::~SoundPort()
                0x00000000c0017fb8                SoundPort::unpause()
                0x00000000c0017fc4                SoundPort::pause()
                0x00000000c0017fd0                SoundPort::getBufferUsed()
                0x00000000c0017fd8                SoundPort::getBufferSize()
                0x00000000c0017fe0                SoundPort::buffer16(short*, int)
                0x00000000c001806c                SoundPort::buffer32(int*, int)
                0x00000000c00180f4                SoundPort::unbufferAndAdd16(int, short*, SoundCard*)
                0x00000000c00181b8                SoundPort::unbufferAndAdd32(int, int*, SoundCard*)
 .text          0x00000000c001826f        0x0 hw/bus/isa.32
 *fill*         0x00000000c001826f        0x1 
 .text          0x00000000c0018270      0xb49 hw/bus/pci.32
                0x00000000c0018270                PCI::open(int, int, void*)
                0x00000000c001828e                PCI::close(int, int, void*)
                0x00000000c0018292                PCI::PCI()
                0x00000000c0018292                PCI::PCI()
                0x00000000c001832c                PCI::readBAR8(unsigned int, int)
                0x00000000c0018348                PCI::readBAR16(unsigned int, int)
                0x00000000c0018366                PCI::readBAR32(unsigned int, int)
                0x00000000c0018382                PCI::writeBAR8(unsigned int, unsigned char, int)
                0x00000000c00183a2                PCI::writeBAR16(unsigned int, unsigned short, int)
                0x00000000c00183c4                PCI::writeBAR32(unsigned int, unsigned int, int)
                0x00000000c00183e4                PCI::legacyMechanism(unsigned char, unsigned char, unsigned char, unsigned char)
                0x00000000c0018452                PCI::pciReadWord(unsigned char, unsigned char, unsigned char, unsigned char)
                0x00000000c00184fa                PCI::getVendorID(unsigned char, unsigned char, unsigned char)
                0x00000000c001851e                PCI::getHeaderType(unsigned char, unsigned char, unsigned char)
                0x00000000c0018546                PCI::getClassCode(unsigned char, unsigned char, unsigned char)
                0x00000000c0018590                PCI::getProgIF(unsigned char, unsigned char, unsigned char)
                0x00000000c00185b8                PCI::getRevisionID(unsigned char, unsigned char, unsigned char)
                0x00000000c00185dc                PCI::getInterruptNumber(unsigned char, unsigned char, unsigned char)
                0x00000000c0018600                PCI::getSecondaryBus(unsigned char, unsigned char, unsigned char)
                0x00000000c0018628                PCI::getBARAddress(unsigned char, unsigned char, unsigned char, unsigned char)
                0x00000000c001868c                PCI::pciWriteWord(unsigned char, unsigned char, unsigned char, unsigned char, unsigned short)
                0x00000000c0018774                PCI::pciDetailsToFilepath(PCIDeviceInfo, char*)
                0x00000000c00189ee                PCI::checkBus(unsigned char)
                0x00000000c0018a14                PCI::foundDevice(PCIDeviceInfo)
                0x00000000c0018b86                PCI::getDeviceData(unsigned char, unsigned char, unsigned char)
                0x00000000c0018cfa                PCI::checkDevice(unsigned char, unsigned char)
                0x00000000c0018d66                PCI::detect()
 *fill*         0x00000000c0018db9        0x1 
 .text          0x00000000c0018dba      0xb5a hw/diskctrl/ide.32
                0x00000000c0018dba                IDE::close(int, int, void*)
                0x00000000c0018dbe                IDE::IDE()
                0x00000000c0018dbe                IDE::IDE()
                0x00000000c0018df2                IDE::prepareInterrupt(unsigned char)
                0x00000000c0018e04                selectDrive(unsigned char, unsigned char)
                0x00000000c0018e06                IDE::getBase(unsigned char)
                0x00000000c0018e18                IDE::write(unsigned char, unsigned char, unsigned char)
                0x00000000c0018ed8                IDE::read(unsigned char, unsigned char)
                0x00000000c0018f86                IDE::waitInterrupt(unsigned char)
                0x00000000c0018fee                ideChannel0IRQHandler(regs*, void*)
                0x00000000c001900a                ideChannel1IRQHandler(regs*, void*)
                0x00000000c0019026                IDE::enableIRQs(unsigned char, bool)
                0x00000000c001906c                IDE::open(int, int, void*)
                0x00000000c001947a                IDE::readBuffer(unsigned char, unsigned char, unsigned int, unsigned int)
                0x00000000c0019546                IDE::detect()
                0x00000000c0019806                IDE::printError(unsigned char, unsigned char, unsigned char)
                0x00000000c00198b6                IDE::polling(unsigned char, unsigned int)
 .text          0x00000000c0019914      0x32a hw/diskctrl/satabus.32
                0x00000000c0019914                SATABus::close(int, int, void*)
                0x00000000c0019918                SATABus::detect()
                0x00000000c001991a                SATABus::SATABus()
                0x00000000c001991a                SATABus::SATABus()
                0x00000000c00199a0                SATABus::findCmdslot(SATABus::tagHBA_PORT volatile*)
                0x00000000c00199d2                SATABus::checkType(SATABus::tagHBA_PORT volatile*)
                0x00000000c0019a1a                SATABus::startCmd(SATABus::tagHBA_PORT volatile*)
                0x00000000c0019a3a                SATABus::stopCmd(SATABus::tagHBA_PORT volatile*)
                0x00000000c0019a64                SATABus::portRebase(SATABus::tagHBA_PORT volatile*, int)
                0x00000000c0019b74                SATABus::probePort(SATABus::tagHBA_MEM volatile*)
                0x00000000c0019c1e                SATABus::open(int, int, void*)
 .text          0x00000000c0019c3e      0x5f4 hw/diskphys/ata.32
                0x00000000c0019c3e                ATA::close(int, int, void*)
                0x00000000c0019c62                ATA::powerSaving(PowerSavingLevel)
                0x00000000c0019c64                ATA::ATA()
                0x00000000c0019c64                ATA::ATA()
                0x00000000c0019c92                ATA::flush(bool)
                0x00000000c0019cdc                ATA::readyForCommand()
                0x00000000c0019d28                ATA::access(unsigned long long, int, void*, bool)
                0x00000000c001a0a4                ATA::read(unsigned long long, int, void*)
                0x00000000c001a0f0                ATA::write(unsigned long long, int, void*)
                0x00000000c001a13c                ATA::detectCHS()
                0x00000000c001a166                ATA::open(int, int, void*)
 .text          0x00000000c001a232      0x60e hw/diskphys/atapi.32
                0x00000000c001a232                ATAPI::write(unsigned long long, int, void*)
                0x00000000c001a238                ATAPI::close(int, int, void*)
                0x00000000c001a25c                ATAPI::ATAPI()
                0x00000000c001a25c                ATAPI::ATAPI()
                0x00000000c001a28a                ATAPI::readyForCommand()
                0x00000000c001a2dc                ATAPI::sendPacket(unsigned char*, int, bool, unsigned short*, int)
                0x00000000c001a59c                ATAPI::diskRemoved()
                0x00000000c001a5d6                ATAPI::eject()
                0x00000000c001a61e                ATAPI::diskInserted()
                0x00000000c001a62a                ATAPI::detectMedia()
                0x00000000c001a6e6                ATAPI::open(int, int, void*)
                0x00000000c001a7c6                ATAPI::read(unsigned long long, int, void*)
 .text          0x00000000c001a840      0x402 hw/diskphys/sata.32
                0x00000000c001a840                SATA::close(int, int, void*)
                0x00000000c001a864                SATA::powerSaving(PowerSavingLevel)
                0x00000000c001a866                SATA::open(int, int, void*)
                0x00000000c001a910                SATA::SATA()
                0x00000000c001a910                SATA::SATA()
                0x00000000c001a93e                SATA::access(unsigned long long, int, void*, bool)
                0x00000000c001ab8a                SATA::read(unsigned long long, int, void*)
                0x00000000c001abd6                SATA::write(unsigned long long, int, void*)
 .text          0x00000000c001ac42      0x5af hw/diskphys/satapi.32
                0x00000000c001ac42                SATAPI::write(unsigned long long, int, void*)
                0x00000000c001ac48                SATAPI::close(int, int, void*)
                0x00000000c001ac6c                SATAPI::SATAPI()
                0x00000000c001ac6c                SATAPI::SATAPI()
                0x00000000c001ac9a                SATAPI::diskRemoved()
                0x00000000c001ac9c                SATAPI::diskInserted()
                0x00000000c001acb8                SATAPI::sendPacket(unsigned char*, int, unsigned long long, unsigned short*, int)
                0x00000000c001af98                SATAPI::eject()
                0x00000000c001afd4                SATAPI::detectMedia()
                0x00000000c001affa                SATAPI::open(int, int, void*)
                0x00000000c001b0fa                SATAPI::read(unsigned long long, int, void*)
 *fill*         0x00000000c001b1f1        0x1 
 .text          0x00000000c001b1f2      0x455 hw/intctrl/apic.32
                0x00000000c001b1f2                IOAPIC::close(int, int, void*)
                0x00000000c001b1f8                apicGetBase()
                0x00000000c001b23a                IOAPIC::IOAPIC()
                0x00000000c001b23a                IOAPIC::IOAPIC()
                0x00000000c001b262                apicOpen()
                0x00000000c001b3c8                IOAPIC::handlesGSIWithNumber(unsigned int)
                0x00000000c001b3fa                IOAPIC::read(int)
                0x00000000c001b422                IOAPIC::open(int, int, void*)
                0x00000000c001b516                IOAPIC::write(int, int)
                0x00000000c001b542                IOAPIC::redirect(unsigned char, unsigned long long, unsigned char, bool, bool)
 *fill*         0x00000000c001b647        0x1 
 .text          0x00000000c001b648       0xf0 hw/timer/apictimer.32
                0x00000000c001b648                APICTimer::close(int, int, void*)
                0x00000000c001b650                apicTimerHandler(regs*, void*)
                0x00000000c001b678                APICTimer::open(int, int, void*)
                0x00000000c001b6e8                APICTimer::write(int)
                0x00000000c001b710                APICTimer::APICTimer()
                0x00000000c001b710                APICTimer::APICTimer()
 .text          0x00000000c001b738      0x1aa hw/timer/pit.32
                0x00000000c001b738                PIT::write(int)
                0x00000000c001b7bc                pitHandler(regs*, void*)
                0x00000000c001b7e0                PIT::open(int, int, void*)
                0x00000000c001b830                PIT::close(int, int, void*)
                0x00000000c001b860                PIT::PIT()
                0x00000000c001b860                PIT::PIT()
 *fill*         0x00000000c001b8e2        0xe 
 .text          0x00000000c001b8f0       0x83 arch/i386/avx.32
                0x00000000c001b8f0                avxDetect
                0x00000000c001b91a                avxSave
                0x00000000c001b92b                avxLoad
                0x00000000c001b93c                avxInit
                0x00000000c001b95e                avxClose
                0x00000000c001b95f                wouldSheSayYes
 *fill*         0x00000000c001b973        0xd 
 .text          0x00000000c001b980      0x1d6 arch/i386/interrupt.32
                0x00000000c001b980                isr0
                0x00000000c001b990                isr1
                0x00000000c001b99a                isr2
                0x00000000c001b9a4                isr3
                0x00000000c001b9ae                isr4
                0x00000000c001b9b8                isr5
                0x00000000c001b9c2                isr6
                0x00000000c001b9cc                isr7
                0x00000000c001b9d6                isr8
                0x00000000c001b9de                isr9
                0x00000000c001b9e8                isr10
                0x00000000c001b9f0                isr11
                0x00000000c001b9f8                isr12
                0x00000000c001ba00                isr13
                0x00000000c001ba08                isr14
                0x00000000c001ba10                isr15
                0x00000000c001ba1a                isr16
                0x00000000c001ba24                isr17
                0x00000000c001ba2e                isr18
                0x00000000c001ba38                irq3
                0x00000000c001ba42                irq4
                0x00000000c001ba4c                irq5
                0x00000000c001ba56                irq6
                0x00000000c001ba60                irq7
                0x00000000c001ba6a                irq8
                0x00000000c001ba74                irq9
                0x00000000c001ba7e                irq10
                0x00000000c001ba88                irq11
                0x00000000c001ba92                irq12
                0x00000000c001ba9c                irq13
                0x00000000c001baa6                irq14
                0x00000000c001bab0                irq15
                0x00000000c001baba                irq1
                0x00000000c001bac1                irq2
                0x00000000c001bac8                isr96
                0x00000000c001bacf                irq0
                0x00000000c001bad4                int_common_stub
                0x00000000c001bad4                syscall_common_stub
                0x00000000c001bb06                irq16
                0x00000000c001bb10                irq17
                0x00000000c001bb1a                irq18
                0x00000000c001bb24                irq19
                0x00000000c001bb2e                irq20
                0x00000000c001bb38                irq21
                0x00000000c001bb42                irq22
                0x00000000c001bb4c                irq23
 *fill*         0x00000000c001bb56        0xa 
 .text          0x00000000c001bb60       0x10 arch/i386/rdrand.32
                0x00000000c001bb60                i386GetRDRAND
 .text          0x00000000c001bb70       0x39 arch/i386/sse.32
                0x00000000c001bb70                absolutelyNoChanceInHell
                0x00000000c001bb70                sseDetect
                0x00000000c001bb88                sseSave
                0x00000000c001bb90                sseLoad
                0x00000000c001bb98                sseInit
                0x00000000c001bba8                sseClose
 *fill*         0x00000000c001bba9        0x7 
 .text          0x00000000c001bbb0       0x49 arch/i386/x87.32
                0x00000000c001bbb6                x87Detect
                0x00000000c001bbd1                x87Save
                0x00000000c001bbd8                x87Load
                0x00000000c001bbdf                x87Init
                0x00000000c001bbf8                x87Close
 *fill*         0x00000000c001bbf9        0x3 
 .text          0x00000000c001bbfc       0x25 /cygdrive/d/Users/Alex/Desktop/Toolchain/Output/bin/../lib/gcc/i386-banana/8.1.0/crtend.o
 .text          0x00000000c001bc21        0x0 crtn.32
 *fill*         0x00000000c001bc21        0x3 
 .text          0x00000000c001bc24      0x14b /cygdrive/d/Users/Alex/Desktop/Toolchain/Output/bin/../lib/gcc/i386-banana/8.1.0/libkgcc.a(_divdi3.o)
                0x00000000c001bc24                __divdi3
 *fill*         0x00000000c001bd6f        0x1 
 .text          0x00000000c001bd70      0x17e /cygdrive/d/Users/Alex/Desktop/Toolchain/Output/bin/../lib/gcc/i386-banana/8.1.0/libkgcc.a(_moddi3.o)
                0x00000000c001bd70                __moddi3
 *fill*         0x00000000c001beee        0x2 
 .text          0x00000000c001bef0       0xff /cygdrive/d/Users/Alex/Desktop/Toolchain/Output/bin/../lib/gcc/i386-banana/8.1.0/libkgcc.a(_udivdi3.o)
                0x00000000c001bef0                __udivdi3
 *fill*         0x00000000c001bfef        0x1 
 .text          0x00000000c001bff0      0x11a /cygdrive/d/Users/Alex/Desktop/Toolchain/Output/bin/../lib/gcc/i386-banana/8.1.0/libkgcc.a(_umoddi3.o)
                0x00000000c001bff0                __umoddi3
 *(.gnu.linkonce.t*)

.iplt           0x00000000c001c110        0x0
 .iplt          0x00000000c001c110        0x0 D:/Users/Alex/Desktop/Banana/kernel/boot.32

.init           0x00000000c001c10a        0xf
 .init          0x00000000c001c10a        0x3 crti.32
                0x00000000c001c10a                _init
 .init          0x00000000c001c10d        0x5 /cygdrive/d/Users/Alex/Desktop/Toolchain/Output/bin/../lib/gcc/i386-banana/8.1.0/crtbegin.o
 .init          0x00000000c001c112        0x5 /cygdrive/d/Users/Alex/Desktop/Toolchain/Output/bin/../lib/gcc/i386-banana/8.1.0/crtend.o
 .init          0x00000000c001c117        0x2 crtn.32

.fini           0x00000000c001c119        0xa
 .fini          0x00000000c001c119        0x3 crti.32
                0x00000000c001c119                _fini
 .fini          0x00000000c001c11c        0x5 /cygdrive/d/Users/Alex/Desktop/Toolchain/Output/bin/../lib/gcc/i386-banana/8.1.0/crtbegin.o
 .fini          0x00000000c001c121        0x2 crtn.32

.text._ZN8ComputerD2Ev
                0x00000000c001c124       0x23
 .text._ZN8ComputerD2Ev
                0x00000000c001c124       0x23 core/computer.32
                0x00000000c001c124                Computer::~Computer()
                0x00000000c001c124                Computer::~Computer()

.text._ZN8ComputerD0Ev
                0x00000000c001c148       0x2a
 .text._ZN8ComputerD0Ev
                0x00000000c001c148       0x2a core/computer.32
                0x00000000c001c148                Computer::~Computer()

.text._Z10idleCommonv
                0x00000000c001c172       0x21
 .text._Z10idleCommonv
                0x00000000c001c172       0x21 core/idle.32
                0x00000000c001c172                idleCommon()

.text._ZN10LinkedListI8UnixFileED2Ev
                0x00000000c001c194        0x2
 .text._ZN10LinkedListI8UnixFileED2Ev
                0x00000000c001c194        0x2 core/unixfile.32
                0x00000000c001c194                LinkedList<UnixFile>::~LinkedList()
                0x00000000c001c194                LinkedList<UnixFile>::~LinkedList()

.text._ZN10LinkedListI8UnixFileEC2Ev
                0x00000000c001c196       0x42
 .text._ZN10LinkedListI8UnixFileEC2Ev
                0x00000000c001c196       0x42 core/unixfile.32
                0x00000000c001c196                LinkedList<UnixFile>::LinkedList()
                0x00000000c001c196                LinkedList<UnixFile>::LinkedList()

.text._ZN10LinkedListI8UnixFileE10addElementEPS0_
                0x00000000c001c1d8       0xd3
 .text._ZN10LinkedListI8UnixFileE10addElementEPS0_
                0x00000000c001c1d8       0xd3 core/unixfile.32
                0x00000000c001c1d8                LinkedList<UnixFile>::addElement(UnixFile*)

.text._ZN10LinkedListI8UnixFileE15getFirstElementEv
                0x00000000c001c2ac        0x7
 .text._ZN10LinkedListI8UnixFileE15getFirstElementEv
                0x00000000c001c2ac        0x7 core/unixfile.32
                0x00000000c001c2ac                LinkedList<UnixFile>::getFirstElement()

.text._ZN10LinkedListI8UnixFileE11removeFirstEv
                0x00000000c001c2b4       0xa1
 .text._ZN10LinkedListI8UnixFileE11removeFirstEv
                0x00000000c001c2b4       0xa1 core/unixfile.32
                0x00000000c001c2b4                LinkedList<UnixFile>::removeFirst()

.text._ZN10LinkedListI8UnixFileE7getNextEPS0_
                0x00000000c001c356        0x8
 .text._ZN10LinkedListI8UnixFileE7getNextEPS0_
                0x00000000c001c356        0x8 core/unixfile.32
                0x00000000c001c356                LinkedList<UnixFile>::getNext(UnixFile*)

.text._ZN16DriverlessDeviceD2Ev
                0x00000000c001c35e       0x1a
 .text._ZN16DriverlessDeviceD2Ev
                0x00000000c001c35e       0x1a hal/device.32
                0x00000000c001c35e                DriverlessDevice::~DriverlessDevice()
                0x00000000c001c35e                DriverlessDevice::~DriverlessDevice()

.text._ZN16DriverlessDeviceD0Ev
                0x00000000c001c378       0x2a
 .text._ZN16DriverlessDeviceD0Ev
                0x00000000c001c378       0x2a hal/device.32
                0x00000000c001c378                DriverlessDevice::~DriverlessDevice()

.text._ZN10LinkedListI6DeviceE10addElementEPS0_
                0x00000000c001c3a2       0xdc
 .text._ZN10LinkedListI6DeviceE10addElementEPS0_
                0x00000000c001c3a2       0xdc hal/device.32
                0x00000000c001c3a2                LinkedList<Device>::addElement(Device*)

.text._ZN10LinkedListI6DeviceEC2Ev
                0x00000000c001c47e       0x42
 .text._ZN10LinkedListI6DeviceEC2Ev
                0x00000000c001c47e       0x42 hal/device.32
                0x00000000c001c47e                LinkedList<Device>::LinkedList()
                0x00000000c001c47e                LinkedList<Device>::LinkedList()

.text._ZN10LinkedListIV18ThreadControlBlockE7isEmptyEv
                0x00000000c001c4c0       0x1c
 .text._ZN10LinkedListIV18ThreadControlBlockE7isEmptyEv
                0x00000000c001c4c0       0x1c hal/timer.32
                0x00000000c001c4c0                LinkedList<ThreadControlBlock volatile>::isEmpty()

.text._ZN10LinkedListIV18ThreadControlBlockE15getFirstElementEv
                0x00000000c001c4dc        0x7
 .text._ZN10LinkedListIV18ThreadControlBlockE15getFirstElementEv
                0x00000000c001c4dc        0x7 hal/timer.32