Archive member included to satisfy reference by file (symbol)

/cygdrive/d/Users/Alex/Desktop/Toolchain/Output/bin/../lib/gcc/i386-banana/8.1.0/libkgcc.a(_divdi3.o)
                              fs/fat/ff.32 (__divdi3)
/cygdrive/d/Users/Alex/Desktop/Toolchain/Output/bin/../lib/gcc/i386-banana/8.1.0/libkgcc.a(_moddi3.o)
                              compat/resolve.32 (__moddi3)
/cygdrive/d/Users/Alex/Desktop/Toolchain/Output/bin/../lib/gcc/i386-banana/8.1.0/libkgcc.a(_udivdi3.o)
                              fs/fat/ff.32 (__udivdi3)
/cygdrive/d/Users/Alex/Desktop/Toolchain/Output/bin/../lib/gcc/i386-banana/8.1.0/libkgcc.a(_umoddi3.o)
                              compat/resolve.32 (__umoddi3)
D:/Users/Alex/Desktop/Banana/kernel/libsoftfp.a(sfieeelib.o)
                              hal/sound/sndhw.32 (__addsf3)
D:/Users/Alex/Desktop/Banana/kernel/libsoftfp.a(dfieeelib.o)
                              hal/libresample/src_linear.32 (__adddf3)
D:/Users/Alex/Desktop/Banana/kernel/libsoftfp.a(sfdfcvt.o)
                              hal/libresample/samplerate.32 (__truncdfsf2)
D:/Users/Alex/Desktop/Banana/kernel/libk/libm32.a(s_fabs.c.o)
                              hal/libresample/samplerate.32 (fabs)
D:/Users/Alex/Desktop/Banana/kernel/libk/libm32.a(s_lrint.S.o)
                              hal/libresample/samplerate.32 (lrint)
D:/Users/Alex/Desktop/Banana/kernel/libk/libm32.a(s_lrintf.S.o)
                              hal/sound/sndhw.32 (lrintf)

Discarded input sections

 .comment       0x0000000000000000       0x12 /cygdrive/d/Users/Alex/Desktop/Toolchain/Output/bin/../lib/gcc/i386-banana/8.1.0/crtbegin.o
 .comment       0x0000000000000000       0x12 acpica/utclib.32
 .comment       0x0000000000000000       0x12 core/malloc.32
 .comment       0x0000000000000000       0x12 libk/string.32
 .comment       0x0000000000000000       0x12 fs/fat/diskio.32
 .comment       0x0000000000000000       0x12 fs/fat/ff.32
 .comment       0x0000000000000000       0x12 fs/fat/ffsystem.32
 .comment       0x0000000000000000       0x12 fs/fat/ffunicode.32
 .comment       0x0000000000000000       0x12 hal/libresample/samplerate.32
 .comment       0x0000000000000000       0x12 hal/libresample/src_linear.32
 .comment       0x0000000000000000       0x12 hal/libresample/src_sinc.32
 .comment       0x0000000000000000       0x12 hal/libresample/src_zoh.32
 .comment       0x0000000000000000       0x12 compat/inlines.32
 .comment       0x0000000000000000       0x12 compat/resolve.32
 .group         0x0000000000000000       0x14 core/computer.32
 .group         0x0000000000000000        0xc core/computer.32
 .comment       0x0000000000000000       0x12 core/computer.32
 .comment       0x0000000000000000       0x12 core/gdt.32
 .group         0x0000000000000000        0xc core/idle.32
 .comment       0x0000000000000000       0x12 core/idle.32
 .comment       0x0000000000000000       0x12 core/idt.32
 .comment       0x0000000000000000       0x12 core/kheap.32
 .comment       0x0000000000000000       0x12 core/main.32
 .comment       0x0000000000000000       0x12 core/physmgr.32
 .group         0x0000000000000000        0xc core/pipe.32
 .comment       0x0000000000000000       0x12 core/pipe.32
 .group         0x0000000000000000        0xc core/terminal.32
 .comment       0x0000000000000000       0x12 core/terminal.32
 .comment       0x0000000000000000       0x12 core/tss.32
 .group         0x0000000000000000        0x8 core/unixfile.32
 .group         0x0000000000000000        0xc core/unixfile.32
 .group         0x0000000000000000        0xc core/unixfile.32
 .group         0x0000000000000000        0x8 core/unixfile.32
 .group         0x0000000000000000        0xc core/unixfile.32
 .group         0x0000000000000000        0x8 core/unixfile.32
 .group         0x0000000000000000        0xc core/unixfile.32
 .group         0x0000000000000000        0xc core/unixfile.32
 .comment       0x0000000000000000       0x12 core/unixfile.32
 .comment       0x0000000000000000       0x12 core/virtmgr.32
 .comment       0x0000000000000000       0x12 coreobjs/c++.32
 .comment       0x0000000000000000       0x12 dbg/kconsole.32
 .group         0x0000000000000000        0xc fs/vfs.32
 .group         0x0000000000000000        0xc fs/vfs.32
 .group         0x0000000000000000        0xc fs/vfs.32
 .comment       0x0000000000000000       0x12 fs/vfs.32
 .group         0x0000000000000000        0xc hal/bus.32
 .comment       0x0000000000000000       0x12 hal/bus.32
 .group         0x0000000000000000        0xc hal/buzzer.32
 .comment       0x0000000000000000       0x12 hal/buzzer.32
 .group         0x0000000000000000        0xc hal/clock.32
 .comment       0x0000000000000000       0x12 hal/clock.32
 .group         0x0000000000000000       0x14 hal/device.32
 .group         0x0000000000000000        0xc hal/device.32
 .group         0x0000000000000000        0xc hal/device.32
 .group         0x0000000000000000        0xc hal/device.32
[...]
Memory Configuration

Name             Origin             Length             Attributes
*default*        0x0000000000000000 0xffffffffffffffff

Linker script and memory map

LOAD D:/Users/Alex/Desktop/Banana/kernel/boot.32
LOAD crti.32
LOAD /cygdrive/d/Users/Alex/Desktop/Toolchain/Output/bin/../lib/gcc/i386-banana/8.1.0/crtbegin.o
LOAD D:/Users/Alex/Desktop/Banana/kernel/morenasm.32
LOAD acpica/utclib.32
LOAD core/malloc.32
LOAD libk/string.32
LOAD fs/fat/diskio.32
LOAD fs/fat/ff.32
LOAD fs/fat/ffsystem.32
LOAD fs/fat/ffunicode.32
LOAD hal/libresample/samplerate.32
LOAD hal/libresample/src_linear.32
LOAD hal/libresample/src_sinc.32
LOAD hal/libresample/src_zoh.32
LOAD compat/inlines.32
LOAD compat/resolve.32
LOAD core/computer.32
LOAD core/gdt.32
LOAD core/idle.32
LOAD core/idt.32
LOAD core/kheap.32
LOAD core/main.32
LOAD core/physmgr.32
LOAD core/pipe.32
LOAD core/terminal.32
LOAD core/tss.32
LOAD core/unixfile.32
LOAD core/virtmgr.32
LOAD coreobjs/c++.32
LOAD dbg/kconsole.32
LOAD fs/vfs.32
LOAD hal/bus.32
LOAD hal/buzzer.32
LOAD hal/clock.32
LOAD hal/device.32
LOAD hal/diskctrl.32
LOAD hal/diskphys.32
LOAD hal/fpu.32
LOAD hal/intctrl.32
LOAD hal/keybrd.32
LOAD hal/logidisk.32
LOAD hal/mouse.32
LOAD hal/partition.32
LOAD hal/serial.32
LOAD hal/timer.32
LOAD hal/vcache.32
LOAD hal/video.32
LOAD hw/acpi.32
LOAD hw/cpu.32
LOAD hw/ports.32
LOAD krnl/env.32
LOAD krnl/panic.32
LOAD net/ethernet.32
LOAD reg/registry.32
LOAD sys/sc_eject.32
LOAD sys/sc_exit.32
LOAD sys/sc_getcwd.32
LOAD sys/sc_getpid.32
LOAD sys/sc_loaddll.32
LOAD sys/sc_read.32
LOAD sys/sc_sbrk.32
LOAD sys/sc_setcwd.32
LOAD sys/sc_settime.32
LOAD sys/sc_timezone.32
LOAD sys/sc_write.32
LOAD sys/sc_yield.32
LOAD sys/syscalls.32
LOAD thr/elf.32
LOAD thr/prcssthr.32
LOAD vm86/vm8086.32
LOAD vm86/x87em.32
LOAD fs/fat/vfslink.32
LOAD fs/iso9660/vfslink.32
LOAD hal/sound/sndchannel.32
LOAD hal/sound/sndhw.32
LOAD hw/bus/isa.32
LOAD hw/bus/pci.32
LOAD hw/diskctrl/ide.32
LOAD hw/diskctrl/satabus.32
LOAD hw/diskphys/ata.32
LOAD hw/diskphys/atapi.32
LOAD hw/diskphys/sata.32
LOAD hw/diskphys/satapi.32
LOAD hw/fpu/avx.32
LOAD hw/fpu/mmx.32
LOAD hw/fpu/sse.32
LOAD hw/fpu/x87.32
LOAD hw/intctrl/apic.32
LOAD hw/intctrl/pic.32
LOAD hw/timer/apictimer.32
LOAD hw/timer/pit.32
LOAD hw/fpu/x86/avx.32
LOAD hw/fpu/x86/sse.32
LOAD hw/fpu/x86/x87.32
LOAD /cygdrive/d/Users/Alex/Desktop/Toolchain/Output/bin/../lib/gcc/i386-banana/8.1.0/crtend.o
LOAD crtn.32
LOAD /cygdrive/d/Users/Alex/Desktop/Toolchain/Output/bin/../lib/gcc/i386-banana/8.1.0/libkgcc.a
LOAD D:/Users/Alex/Desktop/Banana/kernel/libsoftfp.a
LOAD D:/Users/Alex/Desktop/Banana/kernel/libk/libm32.a
                0x00000000c0000000                . = 0xc0000000

.text           0x00000000c0000000    0x27de8
 *(.text)
 .text          0x00000000c0000000       0x41 D:/Users/Alex/Desktop/Banana/kernel/boot.32
                0x00000000c0000020                callGlobalConstructors
 .text          0x00000000c0000041        0x0 crti.32
 *fill*         0x00000000c0000041        0x3 
 .text          0x00000000c0000044      0x101 /cygdrive/d/Users/Alex/Desktop/Toolchain/Output/bin/../lib/gcc/i386-banana/8.1.0/crtbegin.o
 *fill*         0x00000000c0000145        0xb 
 .text          0x00000000c0000150      0x4ed D:/Users/Alex/Desktop/Banana/kernel/morenasm.32
                0x00000000c0000150                manualPCIProbe
                0x00000000c000019b                prepareTramp
                0x00000000c00001b4                voodooXADD
                0x00000000c000027f                doTPAUSE
                0x00000000c0000289                hasLegacyFPU
                0x00000000c00002ae                is486
                0x00000000c00002e4                detectCPUID
                0x00000000c00002fa                goToVM86
                0x00000000c000032a                goToUsermode
                0x00000000c0000354                switchToThreadASMFirstTime
                0x00000000c0000362                switchToThreadASM
                0x00000000c00003ea                asmQuickAcquireLock
                0x00000000c0000408                asmQuickReleaseLock
                0x00000000c0000414                asmAcquireLock
                0x00000000c0000435                asmReleaseLock
                0x00000000c0000448                loadGDT
                0x00000000c0000468                isr0
                0x00000000c0000478                isr1
                0x00000000c0000482                isr2
                0x00000000c000048c                isr3
                0x00000000c0000496                isr4
                0x00000000c00004a0                isr5
                0x00000000c00004aa                isr6
                0x00000000c00004b4                isr7
                0x00000000c00004be                isr8
                0x00000000c00004c6                isr9
                0x00000000c00004d0                isr10
                0x00000000c00004d8                isr11
                0x00000000c00004e0                isr12
                0x00000000c00004e8                isr13
                0x00000000c00004f0                isr14
                0x00000000c00004f8                isr15
                0x00000000c0000502                isr16
                0x00000000c000050c                isr17
                0x00000000c0000516                isr18
                0x00000000c0000520                irq3
                0x00000000c000052a                irq4
                0x00000000c0000534                irq5
                0x00000000c000053e                irq6
                0x00000000c0000548                irq7
                0x00000000c0000552                irq8
                0x00000000c000055c                irq9
                0x00000000c0000566                irq10
                0x00000000c0000570                irq11
                0x00000000c000057a                irq12
                0x00000000c0000584                irq13
                0x00000000c000058e                irq14
                0x00000000c0000598                irq15
                0x00000000c00005a2                irq1
                0x00000000c00005a9                irq2
                0x00000000c00005b0                isr96
                0x00000000c00005b7                irq0
                0x00000000c00005bc                int_common_stub
                0x00000000c00005bc                syscall_common_stub
                0x00000000c00005ed                irq16
                0x00000000c00005f7                irq17
                0x00000000c0000601                irq18
                0x00000000c000060b                irq19
                0x00000000c0000615                irq20
                0x00000000c000061f                irq21
                0x00000000c0000629                irq22
                0x00000000c0000633                irq23
 .text          0x00000000c000063d      0x3f1 acpica/utclib.32
                0x00000000c000063d                memcmp
                0x00000000c0000668                memmove
                0x00000000c00006a0                memcpy
                0x00000000c00006b8                memset
                0x00000000c00006d5                strlen
                0x00000000c00006e5                strpbrk
                0x00000000c0000708                strtok
                0x00000000c0000757                strcpy
                0x00000000c0000777                strncpy
                0x00000000c00007a8                strcmp
                0x00000000c00007c9                strchr
                0x00000000c00007df                strncmp
                0x00000000c000080e                strcat
                0x00000000c0000835                strncat
                0x00000000c000086f                strstr
                0x00000000c00008ac                toupper
                0x00000000c00008c0                tolower
                0x00000000c00008d4                simple_strtoul
 .text          0x00000000c0000a2e      0xfbf core/malloc.32
                0x00000000c0000b99                dlfree
                0x00000000c0000ef4                dlmalloc
                0x00000000c0001431                dlrealloc
                0x00000000c00015e6                dlmemalign
                0x00000000c0001709                dlcalloc
                0x00000000c00017a3                dlcfree
                0x00000000c00017a8                dlindependent_calloc
                0x00000000c00017cd                dlindependent_comalloc
                0x00000000c00017e4                dlvalloc
                0x00000000c000180f                dlpvalloc
                0x00000000c0001845                dlmalloc_trim
                0x00000000c0001852                dlmalloc_usable_size
                0x00000000c0001883                dlmallinfo
                0x00000000c0001952                dlmalloc_stats
                0x00000000c0001963                dlmallopt
 .text          0x00000000c00019ed        0x0 libk/string.32
 .text          0x00000000c00019ed       0x51 fs/fat/diskio.32
                0x00000000c00019ed                disk_status
                0x00000000c00019f0                disk_initialize
                0x00000000c00019f3                disk_read
                0x00000000c0001a09                disk_write
                0x00000000c0001a1f                disk_ioctl
 .text          0x00000000c0001a3e     0x6833 fs/fat/ff.32
                0x00000000c0004d0c                f_mount
                0x00000000c0004d6e                f_open
                0x00000000c00051aa                f_read
                0x00000000c000542a                f_write
                0x00000000c00056e4                f_sync
                0x00000000c00058c0                f_close
                0x00000000c00058ef                f_lseek
                0x00000000c0005da6                f_opendir
                0x00000000c0005ea8                f_closedir
                0x00000000c0005eca                f_readdir
                0x00000000c0005f65                f_stat
                0x00000000c0005ff4                f_getfree
                0x00000000c00061bf                f_truncate
                0x00000000c00062b7                f_unlink
                0x00000000c000643a                f_mkdir
                0x00000000c0006666                f_rename
                0x00000000c0006959                f_chmod
                0x00000000c0006a37                f_utime
                0x00000000c0006b15                f_getlabel
                0x00000000c0006d03                f_setlabel
                0x00000000c0006f70                f_forward
                0x00000000c000714e                f_mkfs
 .text          0x00000000c0008271       0x2d fs/fat/ffsystem.32
                0x00000000c0008271                ff_memalloc
                0x00000000c0008287                ff_memfree
 .text          0x00000000c000829e      0x253 fs/fat/ffunicode.32
                0x00000000c000829e                ff_uni2oem
                0x00000000c000832e                ff_oem2uni
                0x00000000c000839a                ff_wtoupper
 .text          0x00000000c00084f1      0x8fb hal/libresample/samplerate.32
                0x00000000c0008535                src_delete
                0x00000000c0008571                src_process
                0x00000000c0008727                src_callback_read
                0x00000000c00088a4                src_set_ratio
                0x00000000c000890e                src_get_channels
                0x00000000c0008930                src_reset
                0x00000000c000897c                src_new
                0x00000000c0008a0a                src_callback_new
                0x00000000c0008a6c                src_get_name
                0x00000000c0008aa3                src_get_description
                0x00000000c0008ada                src_get_version
                0x00000000c0008ae0                src_is_valid_ratio
                0x00000000c0008b34                src_error
                0x00000000c0008b42                src_strerror
                0x00000000c0008b55                src_simple
                0x00000000c0008ba8                src_short_to_float_array
                0x00000000c0008c0d                src_float_to_short_array
                0x00000000c0008ccc                src_int_to_float_array
                0x00000000c0008d2f                src_float_to_int_array
 .text          0x00000000c0008dec      0x8cb hal/libresample/src_linear.32
                0x00000000c0009612                linear_get_name
                0x00000000c0009621                linear_get_description
                0x00000000c0009630                linear_set_converter
 .text          0x00000000c00096b7     0x447c hal/libresample/src_sinc.32
                0x00000000c000da4a                sinc_get_name
                0x00000000c000da5d                sinc_get_description
                0x00000000c000da70                sinc_set_converter
 .text          0x00000000c000db33      0x77c hal/libresample/src_zoh.32
                0x00000000c000e20a                zoh_get_name
                0x00000000c000e219                zoh_get_description
                0x00000000c000e228                zoh_set_converter
 .text          0x00000000c000e2af       0x23 compat/inlines.32
                0x00000000c000e2af                CPU::current()
                0x00000000c000e2bc                operator new(unsigned long)
 .text          0x00000000c000e2d2      0x111 compat/resolve.32
                0x00000000c000e2d2                Krnl::resolveCompatibilitySymbol(char*)
 *fill*         0x00000000c000e3e3        0x1 
 .text          0x00000000c000e3e4      0xa11 core/computer.32
                0x00000000c000e3e4                Computer::close(int, int, void*)
                0x00000000c000e428                Krnl::firstTask()
                0x00000000c000e512                Computer::Computer()
                0x00000000c000e512                Computer::Computer()
                0x00000000c000e66e                Computer::setBootMessage(char const*)
                0x00000000c000e670                Computer::detectFeatures()
                0x00000000c000e87a                Computer::displayFeatures()
                0x00000000c000ebc0                Computer::rdmsr(unsigned int)
                0x00000000c000ebec                Computer::wrmsr(unsigned int, unsigned long long)
                0x00000000c000ec24                Computer::nmiEnabled()
                0x00000000c000ec30                Computer::readCMOS(unsigned char)
                0x00000000c000ec4a                Computer::enableNMI(bool)
                0x00000000c000ec62                Computer::open(int, int, void*)
                0x00000000c000ed38                Computer::disableNMI()
                0x00000000c000ed46                Computer::writeCMOS(unsigned char, unsigned char)
                0x00000000c000ed64                Computer::handleNMI()
                0x00000000c000edca                Computer::setDiskActivityLight(int, bool)
 *fill*         0x00000000c000edf5        0x1 
 .text          0x00000000c000edf6      0x1b7 core/gdt.32
                0x00000000c000edf6                GDTEntry::setBase(unsigned int)
                0x00000000c000ee12                GDTEntry::setLimit(unsigned int)
                0x00000000c000ee30                GDT::GDT()
                0x00000000c000ee30                GDT::GDT()
                0x00000000c000ee46                GDT::addEntry(GDTEntry)
                0x00000000c000ee82                GDT::getNumberOfEntries()
                0x00000000c000ee8a                GDT::flush()
                0x00000000c000eeac                GDT::setup()
 .text          0x00000000c000efad       0x62 core/idle.32
                0x00000000c000efad                idleFunction(void*)
 *fill*         0x00000000c000f00f        0x1 
 .text          0x00000000c000f010      0x45f core/idt.32
                0x00000000c000f010                IDTEntry::IDTEntry(bool)
                0x00000000c000f010                IDTEntry::IDTEntry(bool)
                0x00000000c000f07e                IDTEntry::setOffset(unsigned int)
                0x00000000c000f092                IDT::IDT()
                0x00000000c000f092                IDT::IDT()
                0x00000000c000f094                IDT::getPointerToInvalidOpcodeEntryForF00F()
                0x00000000c000f09c                IDT::addEntry(IDTEntry, int)
                0x00000000c000f0b6                IDT::addEntry(int, void (*)(), bool)
                0x00000000c000f0ee                IDT::flush()
                0x00000000c000f108                IDT::setup()
 .text          0x00000000c000f46f      0x203 core/kheap.32
                0x00000000c000f46f                sbrk
                0x00000000c000f57d                mmap
                0x00000000c000f593                munmap
                0x00000000c000f5a9                liballoc_lock()
                0x00000000c000f5ba                liballoc_unlock()
                0x00000000c000f5cb                liballoc_alloc(int)
                0x00000000c000f5e6                liballoc_free(void*, int)
                0x00000000c000f604                realloc
                0x00000000c000f618                malloc
                0x00000000c000f628                free
                0x00000000c000f638                rfree
                0x00000000c000f648                calloc
 .text          0x00000000c000f672      0x480 core/main.32
                0x00000000c000f672                hwTextMode_loadInData(VgaText*)
                0x00000000c000f6bd                hwTextMode_loadInTitle(VgaText*, char*)
                0x00000000c000f73b                hwTextMode_showCursor(VgaText*, bool)
                0x00000000c000f799                hwTextMode_update(VgaText*)
                0x00000000c000f79a                hwTextMode_updateCursor(VgaText*)
                0x00000000c000f7eb                hwTextMode_disableBlink(VgaText*, bool)
                0x00000000c000f831                hwTextMode_scrollScreen(VgaText*)
                0x00000000c000f8de                hwTextMode_writeCharacter(VgaText*, char, VgaColour, VgaColour, int, int)
                0x00000000c000f960                setupTextMode()
                0x00000000c000f9d0                kernel_main
 .text          0x00000000c000faf2      0x54d core/physmgr.32
                0x00000000c000faf2                Phys::allocateDMA(unsigned long)
                0x00000000c000fb95                Phys::freeDMA(unsigned long, unsigned long)
                0x00000000c000fbdd                Phys::setPageState(unsigned long, bool)
                0x00000000c000fc0f                Phys::getPageState(unsigned long)
                0x00000000c000fc2b                Phys::freePage(unsigned long)
                0x00000000c000fcb5                Phys::allocatePage()
                0x00000000c000fd7d                Phys::allocateContiguousPages(int)
                0x00000000c000fdd7                Phys::allowSegmentToBeUsed(unsigned long, unsigned long)
                0x00000000c000fe0f                Phys::physicalMemorySetup(unsigned int)
 *fill*         0x00000000c001003f        0x1 
 .text          0x00000000c0010040      0x273 core/pipe.32
                0x00000000c0010040                Pipe::isAtty()
                0x00000000c0010044                Pipe::~Pipe()
                0x00000000c0010044                Pipe::~Pipe()
                0x00000000c0010068                Pipe::~Pipe()
                0x00000000c0010090                Pipe::read(unsigned long long, void*, int*)
                0x00000000c0010184                Pipe::write(unsigned long long, void*, int*)
                0x00000000c001024c                Pipe::Pipe(int)
                0x00000000c001024c                Pipe::Pipe(int)
 *fill*         0x00000000c00102b3        0x1 
 .text          0x00000000c00102b4      0xf73 core/terminal.32
                0x00000000c00102b4                VgaText::isAtty()
                0x00000000c00102b8                VgaText::~VgaText()
                0x00000000c00102b8                VgaText::~VgaText()
                0x00000000c00102dc                VgaText::~VgaText()
                0x00000000c0010306                VgaText::read(unsigned long long, void*, int*)
                0x00000000c0010326                setTerminalScrollLock(bool)
                0x00000000c0010327                addToTerminalCycle(VgaText*)
                0x00000000c0010354                installVgaTextImplementation()
                0x00000000c0010369                scrollTerminalScrollLock(int)
                0x00000000c001036a                VgaText::load()
                0x00000000c00103be                VgaText::updateCursor()
                0x00000000c00103d8                VgaText::showCursor(bool)
                0x00000000c00103e8                VgaText::disableBlink(bool)
                0x00000000c0010422                VgaText::doANSI_SGR(int)
                0x00000000c00104ae                VgaText::setDefaultBgColour(VgaColour)
                0x00000000c00104c4                VgaText::setDefaultFgColour(VgaColour)
                0x00000000c00104da                VgaText::setDefaultColours(VgaColour, VgaColour)
                0x00000000c00104fa                VgaText::combineColours(unsigned char, unsigned char)
                0x00000000c001050c                VgaText::scrollScreen()
                0x00000000c00105a0                VgaText::combineCharAndColour(char, unsigned char)
                0x00000000c00105b2                VgaText::writeCharacter(char, VgaColour, VgaColour, int, int)
                0x00000000c0010612                VgaText::getCursorX()
                0x00000000c001061e                VgaText::getCursorY()
                0x00000000c001062a                VgaText::setCursor(int, int)
                0x00000000c0010648                VgaText::setCursorX(int)
                0x00000000c0010664                VgaText::setCursorY(int)
                0x00000000c0010680                VgaText::incrementCursor(bool)
                0x00000000c00106e8                VgaText::updateRAMUsageDisplay(int)
                0x00000000c001074c                VgaText::updateDiskUsage()
                0x00000000c00108b6                VgaText::updateTitle()
                0x00000000c00108fc                VgaText::setTitleTextColour(VgaColour)
                0x00000000c001090c                VgaText::setTitleColour(VgaColour)
                0x00000000c001091c                VgaText::setTitle(char*)
                0x00000000c0010942                VgaText::decrementCursor(bool)
                0x00000000c001096a                VgaText::putchar(char, VgaColour, VgaColour)
                0x00000000c0010a66                VgaText::isShowingCursor()
                0x00000000c0010a72                VgaText::isBlinkDisabled()
                0x00000000c0010a80                VgaText::setCursorHeight(int)
                0x00000000c0010a9e                VgaText::getCursorHeight()
                0x00000000c0010aa9                setActiveTerminal(VgaText*)
                0x00000000c0010b5b                doTerminalCycle()
                0x00000000c0010b78                VgaText::doUpdate()
                0x00000000c0010b8a                VgaText::puts(char const*, VgaColour, VgaColour)
                0x00000000c0010d4a                VgaText::clearScreen()
                0x00000000c0010dae                VgaText::putchar(char)
                0x00000000c0010ec8                VgaText::puts(char const*)
                0x00000000c0010eee                VgaText::putx(unsigned int)
                0x00000000c0010f34                VgaText::VgaText(char const*)
                0x00000000c0010f34                VgaText::VgaText(char const*)
                0x00000000c00110c6                VgaText::receiveKey(unsigned char)
                0x00000000c00111ae                VgaText::write(unsigned long long, void*, int*)
                0x00000000c0011202                newTerminal(char*)
 *fill*         0x00000000c0011227        0x1 
 .text          0x00000000c0011228      0x1b3 core/tss.32
                0x00000000c0011228                TSS::TSS()
                0x00000000c0011228                TSS::TSS()
                0x00000000c0011236                TSS::setESP(unsigned long)
                0x00000000c0011248                TSS::flush()
                0x00000000c0011268                TSS::setup(unsigned long, unsigned long)
 *fill*         0x00000000c00113db        0x1 
 .text          0x00000000c00113dc      0x4c2 core/unixfile.32
                0x00000000c00113dc                ReservedFilename::read(unsigned long long, void*, int*)
                0x00000000c0011432                ReservedFilename::isAtty()
                0x00000000c001144e                ReservedFilename::write(unsigned long long, void*, int*)
                0x00000000c00114ac                UnixFile::getFileDescriptor()
                0x00000000c00114b4                UnixFile::UnixFile(int)
                0x00000000c00114b4                UnixFile::UnixFile(int)
                0x00000000c0011664                ReservedFilename::ReservedFilename(int)
                0x00000000c0011664                ReservedFilename::ReservedFilename(int)
                0x00000000c0011696                UnixFile::~UnixFile()
                0x00000000c0011696                UnixFile::~UnixFile()
                0x00000000c001172e                UnixFile::~UnixFile()
                0x00000000c0011756                ReservedFilename::~ReservedFilename()
                0x00000000c0011756                ReservedFilename::~ReservedFilename()
                0x00000000c001177a                ReservedFilename::~ReservedFilename()
                0x00000000c00117a1                getFromFileDescriptor(int)
 .text          0x00000000c001189e      0xee3 core/virtmgr.32
                0x00000000c001189e                Virt::setPageState(unsigned long, Virt::VirtPageState)
                0x00000000c00118d3                Virt::getPageState(unsigned long)
                0x00000000c00118f7                Virt::allocateKernelVirtualPages(int)
                0x00000000c0011a08                Virt::virtualMemorySetup()
                0x00000000c0011a87                Virt::getAKernelVAS()
                0x00000000c0011a8d                Virt::setupPageSwapping(int)
                0x00000000c0011bbc                VAS::VAS()
                0x00000000c0011bbc                VAS::VAS()
                0x00000000c0011bec                VAS::VAS(VAS*)
                0x00000000c0011bec                VAS::VAS(VAS*)
                0x00000000c0011c10                VAS::getForeignPageTableEntry(bool, unsigned long)
                0x00000000c0011c3c                VAS::getPageTableEntry(unsigned long)
                0x00000000c0011c5b                Virt::freeKernelVirtualPages(unsigned long)
                0x00000000c0011d7e                VAS::freeAllocatedPages(unsigned long)
                0x00000000c0011da2                VAS::virtualToPhysical(unsigned long)
                0x00000000c0011dba                VAS::reflagRange(unsigned long, int, int, int)
                0x00000000c0011dfa                VAS::setToWriteCombining(unsigned long, int)
                0x00000000c0011e2c                VAS::mapOtherVASIn(bool, VAS*)
                0x00000000c0011e56                VAS::~VAS()
                0x00000000c0011e56                VAS::~VAS()
                0x00000000c0011fc2                VAS::mapPage(unsigned long, unsigned long, int)
                0x00000000c00120c2                VAS::allocatePages(int, int)
                0x00000000c001229a                VAS::setCPUSpecific(unsigned long)
                0x00000000c00122b6                VAS::mapRange(unsigned long, unsigned long, int, int)
                0x00000000c001237c                VAS::mapForeignPage(bool, VAS*, unsigned long, unsigned long, int)
                0x00000000c001246a                VAS::VAS(bool)
                0x00000000c001246a                VAS::VAS(bool)
                0x00000000c00126c5                mapVASFirstTime
 .text          0x00000000c0012781       0x95 coreobjs/c++.32
                0x00000000c0012781                __cxa_atexit
                0x00000000c0012784                __cxa_finalize
                0x00000000c0012785                __stack_chk_fail
                0x00000000c00127f1                __cxa_pure_virtual
                0x00000000c0012802                operator new[](unsigned long)
                0x00000000c0012807                operator delete(void*, unsigned long)
                0x00000000c001280c                operator delete[](void*)
                0x00000000c0012811                operator delete[](void*, unsigned long)
 .text          0x00000000c0012816      0x1ef dbg/kconsole.32
                0x00000000c0012816                Dbg::stringifyxWithBase(unsigned int, char*, int)
                0x00000000c0012877                Dbg::logc(char)
                0x00000000c001288e                Dbg::logs(char*)
                0x00000000c00128ab                Dbg::logWriteInt(unsigned int)
                0x00000000c00128c8                Dbg::logWriteIntBase(unsigned int, int)
                0x00000000c00128e7                Dbg::kprintf(char const*, ...)
 *fill*         0x00000000c0012a05        0x1 
 .text          0x00000000c0012a06      0xb7c fs/vfs.32
                0x00000000c0012a06                File::read(unsigned long long, void*, int*)
                0x00000000c0012a5e                File::write(unsigned long long, void*, int*)
                0x00000000c0012ab6                Directory::read(unsigned long long, void*, int*)
                0x00000000c0012b0e                Directory::write(unsigned long long, void*, int*)
                0x00000000c0012b3c                File::isAtty()
                0x00000000c0012b40                Directory::isAtty()
                0x00000000c0012b44                Filesystem::getlabel(LogicalDisk*, int, char*, unsigned int*)
                0x00000000c0012b4a                Filesystem::setlabel(LogicalDisk*, int, char*)
                0x00000000c0012b50                File::~File()
                0x00000000c0012b50                File::~File()
                0x00000000c0012b74                File::~File()
                0x00000000c0012b9e                Directory::~Directory()
                0x00000000c0012b9e                Directory::~Directory()
                0x00000000c0012bc2                Directory::~Directory()
                0x00000000c0012bec                Filesystem::Filesystem()
                0x00000000c0012bec                Filesystem::Filesystem()
                0x00000000c0012c10                Filesystem::~Filesystem()
                0x00000000c0012c10                Filesystem::~Filesystem()
                0x00000000c0012c1e                Filesystem::~Filesystem()
                0x00000000c0012c42                Fs::getcwd(Process*, char*, int)
                0x00000000c0012c6c                Fs::initVFS()
                0x00000000c0012c96                Fs::standardiseFiles(char*, char const*, char const*)
                0x00000000c0012e40                File::File(char const*, Process*)
                0x00000000c0012e40                File::File(char const*, Process*)
                0x00000000c0012ea4                File::open(FileOpenMode)
                0x00000000c0012f02                File::close()
                0x00000000c0012f62                File::seek(unsigned long long)
                0x00000000c0012fb8                File::tell(unsigned long long*)
                0x00000000c0013008                File::rewind()
                0x00000000c001301c                File::unlink()
                0x00000000c0013068                File::rename(char const*)
                0x00000000c00130b6                File::chfatattr(unsigned char, unsigned char)
                0x00000000c0013112                File::exists()
                0x00000000c0013150                File::stat(unsigned long long*, bool*)
                0x00000000c00131b1                Fs::setcwd(Process*, char*)
                0x00000000c00132ec                Directory::Directory(char const*, Process*)
                0x00000000c00132ec                Directory::Directory(char const*, Process*)
                0x00000000c0013350                Directory::open()
                0x00000000c00133ac                Directory::close()
                0x00000000c001340c                Directory::unlink()
                0x00000000c0013458                Directory::rename(char const*)
                0x00000000c00134a6                Directory::exists()
                0x00000000c00134e4                Directory::read(dirent*)
                0x00000000c0013530                Directory::create()
                0x00000000c001357c                Filesystem::chfatattr(char const*, unsigned char, unsigned char)
 .text          0x00000000c0013582       0x84 hal/bus.32
                0x00000000c0013582                Bus::Bus(char const*)
                0x00000000c0013582                Bus::Bus(char const*)
                0x00000000c00135b8                Bus::~Bus()
                0x00000000c00135b8                Bus::~Bus()
                0x00000000c00135dc                Bus::~Bus()
 .text          0x00000000c0013606      0x14e hal/buzzer.32
                0x00000000c0013606                Buzzer::Buzzer(char const*)
                0x00000000c0013606                Buzzer::Buzzer(char const*)
                0x00000000c001364a                Buzzer::~Buzzer()
                0x00000000c001364a                Buzzer::~Buzzer()
                0x00000000c001366e                Buzzer::~Buzzer()
                0x00000000c0013698                Buzzer::stop()
                0x00000000c00136ab                beepThread(void*)
                0x00000000c00136e6                Buzzer::beep(int, int, bool)
 .text          0x00000000c0013754      0x467 hal/clock.32
                0x00000000c0013754                User::loadClockSettings(int)
                0x00000000c00137a6                Clock::Clock(char const*)
                0x00000000c00137a6                Clock::Clock(char const*)
                0x00000000c00137dc                Clock::~Clock()
                0x00000000c00137dc                Clock::~Clock()
                0x00000000c0013800                Clock::~Clock()
                0x00000000c001382a                Clock::timeInSecondsLocal()
                0x00000000c0013872                Clock::setTimeInSecondsLocal(unsigned long long)
                0x00000000c00138cb                datetimeToSeconds(datetime_t)
                0x00000000c00139f2                Clock::setTimeInDatetimeLocal(datetime_t)
                0x00000000c0013a52                secondsToDatetime(unsigned long long)
                0x00000000c0013b96                Clock::timeInDatetimeLocal()
 *fill*         0x00000000c0013bbb        0x1 
 .text          0x00000000c0013bbc      0x4de hal/device.32
                0x00000000c0013bbc                Device::hibernate()
                0x00000000c0013bbe                Device::wake()
                0x00000000c0013bc0                Device::detect()
                0x00000000c0013bc2                Device::disableLegacy()
                0x00000000c0013bc4                Device::powerSaving(PowerSavingLevel)
                0x00000000c0013bc6                DriverlessDevice::close(int, int, void*)
                0x00000000c0013bca                DriverlessDevice::detect()
                0x00000000c0013bcc                DriverlessDevice::open(int, int, void*)
                0x00000000c0013be0                Device::~Device()
                0x00000000c0013be0                Device::~Device()
                0x00000000c0013bee                Device::~Device()
                0x00000000c0013c16                Device::findAndLoadDriver()
                0x00000000c0013c18                Device::preOpenPCI(PCIDeviceInfo)
                0x00000000c0013c3e                Device::preOpenACPI(void*, char*, char*)
                0x00000000c0013c92                Device::addIRQHandler(int, void (*)(regs*, void*), bool, void*)
                0x00000000c0013cd0                Device::removeIRQHandler(int, void (*)(regs*, void*), bool)
                0x00000000c0013d0e                Device::addChild(Device*)
                0x00000000c0013d52                Device::removeAllChildren()
                0x00000000c0013d98                Device::hibernateAll()
                0x00000000c0013dc8                Device::wakeAll()
                0x00000000c0013df8                Device::detectAll()
                0x00000000c0013e28                Device::disableLegacyAll()
                0x00000000c0013e58                Device::loadDriversForAll()
                0x00000000c0013e84                Device::closeAll()
                0x00000000c0013eba                Device::powerSavingAll(PowerSavingLevel)
                0x00000000c0013ef0                Device::setName(char const*)
                0x00000000c0013efe                Device::Device(char const*)
                0x00000000c0013efe                Device::Device(char const*)
                0x00000000c0013ffa                Device::getName()
                0x00000000c0014004                DriverlessDevice::DriverlessDevice(char const*)
                0x00000000c0014004                DriverlessDevice::DriverlessDevice(char const*)
                0x00000000c001402c                Device::addToLinkedList(LinkedList<Device>&, DeviceType)
                0x00000000c0014070                getDevicesOfType(DeviceType)
 .text          0x00000000c001409a       0x84 hal/diskctrl.32
                0x00000000c001409a                HardDiskController::HardDiskController(char const*)
                0x00000000c001409a                HardDiskController::HardDiskController(char const*)
                0x00000000c00140d0                HardDiskController::~HardDiskController()
                0x00000000c00140d0                HardDiskController::~HardDiskController()
                0x00000000c00140f4                HardDiskController::~HardDiskController()
 .text          0x00000000c001411e       0xf2 hal/diskphys.32
                0x00000000c001411e                PhysicalDisk::eject()
                0x00000000c0014132                PhysicalDisk::PhysicalDisk(char const*, int)
                0x00000000c0014132                PhysicalDisk::PhysicalDisk(char const*, int)
                0x00000000c001419a                PhysicalDisk::startCache()
                0x00000000c00141c2                PhysicalDisk::~PhysicalDisk()
                0x00000000c00141c2                PhysicalDisk::~PhysicalDisk()
                0x00000000c00141e6                PhysicalDisk::~PhysicalDisk()
 .text          0x00000000c0014210      0x13b hal/fpu.32
                0x00000000c0014210                FPU::FPU(char const*)
                0x00000000c0014210                FPU::FPU(char const*)
                0x00000000c0014246                FPU::~FPU()
                0x00000000c0014246                FPU::~FPU()
                0x00000000c001426a                FPU::~FPU()
                0x00000000c0014294                setupFPU()
 *fill*         0x00000000c001434b        0x1 
 .text          0x00000000c001434c     0x1381 hal/intctrl.32
                0x00000000c001434c                InterruptController::uninstallISRHandler(int, void (*)(regs*, void*))
                0x00000000c0014384                InterruptController::installISRHandler(int, void (*)(regs*, void*), void*)
                0x00000000c00143d6                doubleFault(regs*, void*)
                0x00000000c00143f0                InterruptController::installIRQHandler(int, void (*)(regs*, void*), bool, void*)
                0x00000000c001448c                InterruptController::clearAllHandlers(int, bool)
                0x00000000c0014534                InterruptController::uninstallIRQHandler(int, void (*)(regs*, void*), bool)
                0x00000000c00145bb                nmiHandler(regs*, void*)
                0x00000000c00145c9                int_handler
                0x00000000c001466a                InterruptController::InterruptController(char const*)
                0x00000000c001466a                InterruptController::InterruptController(char const*)
                0x00000000c0014710                InterruptController::~InterruptController()
                0x00000000c0014710                InterruptController::~InterruptController()
                0x00000000c0014734                InterruptController::~InterruptController()
                0x00000000c001475e                displayDebugInfo(regs*)
                0x00000000c0014bed                x87EmulHandler(regs*, void*)
                0x00000000c0014c1c                gpFault(regs*, void*)
                0x00000000c0014c55                pgFault(regs*, void*)
                0x00000000c0014c6c                otherISRHandler(regs*, void*)
                0x00000000c0014c8b                opcodeFault(regs*, void*)
                0x00000000c0015291                displayProgramFault(char const*)
                0x00000000c00152b9                setupInterruptController()
                0x00000000c0015680                InterruptController::convertLegacyIRQNumber(int)
 *fill*         0x00000000c00156cd        0x1 
 .text          0x00000000c00156ce      0x69a hal/keybrd.32
                0x00000000c00156ce                startGUI(void*)
                0x00000000c001572a                startGUIVESA(void*)
                0x00000000c0015786                sendKeyToTerminal(unsigned char)
                0x00000000c00157f2                sendKeyboardToken(KeyboardToken)
                0x00000000c0015c02                clearInternalKeybuffer(VgaText*)
                0x00000000c0015c37                readKeyboard(VgaText*, char*, unsigned long)
                0x00000000c0015cde                Keyboard::Keyboard(char const*)
                0x00000000c0015cde                Keyboard::Keyboard(char const*)
                0x00000000c0015d1a                Keyboard::~Keyboard()
                0x00000000c0015d1a                Keyboard::~Keyboard()
                0x00000000c0015d3e                Keyboard::~Keyboard()
 .text          0x00000000c0015d68      0x414 hal/logidisk.32
                0x00000000c0015d68                LogicalDisk::close(int, int, void*)
                0x00000000c0015d6c                LogicalDisk::~LogicalDisk()
                0x00000000c0015d6c                LogicalDisk::~LogicalDisk()
                0x00000000c0015d90                LogicalDisk::~LogicalDisk()
                0x00000000c0015dba                LogicalDisk::open(int, int, void*)
                0x00000000c0015dce                LogicalDisk::absoluteToRelative(unsigned long long)
                0x00000000c0015e06                LogicalDisk::relativeToAbsolute(unsigned long long)
                0x00000000c0015e4c                LogicalDisk::LogicalDisk(char const*, PhysicalDisk*, unsigned long long, unsigned long long)
                0x00000000c0015e4c                LogicalDisk::LogicalDisk(char const*, PhysicalDisk*, unsigned long long, unsigned long long)
                0x00000000c0015f02                LogicalDisk::assignDriveLetter()
                0x00000000c0015fb8                LogicalDisk::mount()
                0x00000000c001602a                LogicalDisk::unmount()
                0x00000000c001603a                LogicalDisk::eject()
                0x00000000c001604e                LogicalDisk::unassignDriveLetter()
                0x00000000c00160a4                LogicalDisk::read(unsigned long long, int, void*)
                0x00000000c0016110                LogicalDisk::write(unsigned long long, int, void*)
 .text          0x00000000c001617c       0x84 hal/mouse.32
                0x00000000c001617c                Mouse::Mouse(char const*)
                0x00000000c001617c                Mouse::Mouse(char const*)
                0x00000000c00161b2                Mouse::~Mouse()
                0x00000000c00161b2                Mouse::~Mouse()
                0x00000000c00161d6                Mouse::~Mouse()
 .text          0x00000000c0016200      0x34d hal/partition.32
                0x00000000c0016200                makePartition(PhysicalDisk*, unsigned long long, unsigned long long)
                0x00000000c00162bc                createPartitionsForDisk(PhysicalDisk*)
 *fill*         0x00000000c001654d        0x1 
 .text          0x00000000c001654e       0x84 hal/serial.32
                0x00000000c001654e                Serial::Serial(char const*)
                0x00000000c001654e                Serial::Serial(char const*)
                0x00000000c0016584                Serial::~Serial()
                0x00000000c0016584                Serial::~Serial()
                0x00000000c00165a8                Serial::~Serial()
 .text          0x00000000c00165d2      0x2b8 hal/timer.32
                0x00000000c00165d2                Timer::Timer(char const*)
                0x00000000c00165d2                Timer::Timer(char const*)
                0x00000000c0016608                Timer::~Timer()
                0x00000000c0016608                Timer::~Timer()
                0x00000000c001662c                Timer::~Timer()
                0x00000000c0016656                Timer::read()
                0x00000000c0016661                timerHandler(unsigned long long)
                0x00000000c0016798                setupTimer(int)
 .text          0x00000000c001688a      0x4b5 hal/vcache.32
                0x00000000c001688a                VCache::VCache(PhysicalDisk*)
                0x00000000c001688a                VCache::VCache(PhysicalDisk*)
                0x00000000c00169f2                VCache::invalidateReadBuffer()
                0x00000000c0016a14                VCache::writeWriteBuffer()
                0x00000000c0016a50                VCache::~VCache()
                0x00000000c0016a50                VCache::~VCache()
                0x00000000c0016aa4                VCache::~VCache()
                0x00000000c0016acc                VCache::write(unsigned long long, int, void*)
                0x00000000c0016bc2                VCache::read(unsigned long long, int, void*)
 *fill*         0x00000000c0016d3f        0x1 
 .text          0x00000000c0016d40      0x4cd hal/video.32
                0x00000000c0016d40                Video::putrect(int, int, int, int, unsigned int)
                0x00000000c0016d8c                Video::bitblit(int, int, int, int, int, int, int, unsigned int*)
                0x00000000c0016dfc                Video::blit(unsigned int*, int, int, int, int)
                0x00000000c0016e7a                Video::clearScreen(unsigned int)
                0x00000000c0016eae                Video::putpixel(int, int, unsigned int)
                0x00000000c0016ebc                Video::Video(char const*)
                0x00000000c0016ebc                Video::Video(char const*)
                0x00000000c0016ef2                Video::~Video()
                0x00000000c0016ef2                Video::~Video()
                0x00000000c0016f16                Video::~Video()
                0x00000000c0016f40                Video::isMonochrome()
                0x00000000c0016f4c                Video::getWidth()
                0x00000000c0016f58                Video::getHeight()
                0x00000000c0016f64                Video::drawCursor(int, int, unsigned char*, int)
                0x00000000c0017020                Video::tgaParse(unsigned char*, int, int*, int*)
                0x00000000c00171a2                Video::putTGA(int, int, unsigned char*, int)
 *fill*         0x00000000c001720d        0x1 
 .text          0x00000000c001720e      0xf64 hw/acpi.32
                0x00000000c001720e                ACPI::close(int, int, void*)
                0x00000000c00172c3                findRSDP()
                0x00000000c001734d                loadACPITables(unsigned char*)
                0x00000000c0017574                findRSDT(unsigned char*)
                0x00000000c0017692                findDataTable(unsigned char*, char*)
                0x00000000c001772e                scanMADT()
                0x00000000c0017bb4                ACPI::ACPI()
                0x00000000c0017bb4                ACPI::ACPI()
                0x00000000c0017c1e                ACPI::getPCIIRQAssignment(unsigned char, unsigned short, unsigned char)
                0x00000000c0017d00                ACPI::registerPCIIRQAssignment(void*, unsigned short, unsigned char, unsigned char)
                0x00000000c0017dc6                ACPI::setScreenBrightnessLevel(void*, int)
                0x00000000c0017dcc                ACPI::writeSimpleBootFlag(SimpleBootFlagTable*)
                0x00000000c0017e14                ACPI::open(int, int, void*)
                0x00000000c001815a                ACPI::sleep()
 .text          0x00000000c0018172     0x1715 hw/cpu.32
                0x00000000c0018172                CPU::close(int, int, void*)
                0x00000000c0018176                CPU::lookupAMDName(unsigned char, unsigned char)
                0x00000000c001830a                CPU::lookupIntelName(unsigned char, unsigned char)
                0x00000000c00185b8                CPU::AMD_K6_write_msr(unsigned int, unsigned int, unsigned int, CPU::REGS*)
                0x00000000c00185d4                CPU::AMD_K6_read_msr(unsigned int, CPU::REGS*)
                0x00000000c00185ec                CPU::AMD_K6_writeback(int, int, int)
                0x00000000c0018660                CPU::cpuid(int, unsigned long*, unsigned long*, unsigned long*, unsigned long*)
                0x00000000c00186e4                CPU::cpuidCheckEDX(unsigned int)
                0x00000000c0018712                CPU::cpuidCheckECX(unsigned int)
                0x00000000c0018740                CPU::cpuidCheckExtendedEBX(unsigned int)
                0x00000000c001876e                CPU::cpuidCheckExtendedECX(unsigned int)
                0x00000000c001879c                CPU::CPU()
                0x00000000c001879c                CPU::CPU()
                0x00000000c001882a                CPU::displayFeatures()
                0x00000000c0018aa6                CPU::detectFeatures()
                0x00000000c0019496                CPU::setupSMEP()
                0x00000000c00194a2                CPU::setupUMIP()
                0x00000000c00194ac                CPU::setupTSC()
                0x00000000c00194b6                CPU::setupLargePages()
                0x00000000c00194c0                CPU::setupPAT()
                0x00000000c00194fc                CPU::setupMTRR()
                0x00000000c00194fe                CPU::setupGlobalPages()
                0x00000000c0019508                CPU::allowUsermodeDataAccess()
                0x00000000c001951a                CPU::prohibitUsermodeDataAccess()
                0x00000000c001952c                CPU::setupSMAP()
                0x00000000c001953a                CPU::setupFeatures()
                0x00000000c00195ba                CPU::open(int, int, void*)
                0x00000000c001968c                CPU::decodeAddress(regs*, int*, bool*, unsigned char*)
 .text          0x00000000c0019887        0x0 hw/ports.32
 *fill*         0x00000000c0019887        0x1 
 .text          0x00000000c0019888      0x5d3 krnl/env.32
                0x00000000c0019888                EnvVarContainer::getEnv(char const*)
                0x00000000c00198c6                EnvVarContainer::setEnv(char const*, char const*)
                0x00000000c0019992                EnvVarContainer::deleteEnv(char const*)
                0x00000000c0019994                EnvVarContainer::loadFrom(char const*, char const*)
                0x00000000c0019b8a                EnvVarContainer::__loadSystem()
                0x00000000c0019ba4                EnvVarContainer::__loadUser()
                0x00000000c0019ba6                EnvVarContainer::EnvVarContainer(Process*)
                0x00000000c0019ba6                EnvVarContainer::EnvVarContainer(Process*)
                0x00000000c0019bc8                EnvVarContainer::~EnvVarContainer()
                0x00000000c0019bc8                EnvVarContainer::~EnvVarContainer()
                0x00000000c0019bf8                Krnl::getEnv(Process*, char const*)
                0x00000000c0019c5d                Krnl::setEnvSystem(char const*, char const*)
                0x00000000c0019c77                Krnl::setEnvUser(char const*, char const*)
                0x00000000c0019c96                Krnl::setEnvProcess(Process*, char const*, char const*)
                0x00000000c0019ca9                Krnl::deleteEnvSystem(char const*)
                0x00000000c0019caa                Krnl::deleteEnvUser(char const*)
                0x00000000c0019cab                Krnl::deleteEnvProcess(Process*, char const*)
                0x00000000c0019cac                Krnl::newProcessEnv(Process*)
                0x00000000c0019cce                Krnl::copyProcessEnv(Process*, Process*)
                0x00000000c0019d22                Krnl::loadSystemEnv()
                0x00000000c0019d50                Krnl::loadUserEnv()
                0x00000000c0019d76                Krnl::flushEnv()
                0x00000000c0019d77                Krnl::getProcessTotalEnvCount(Process*)
                0x00000000c0019d97                Krnl::getProcessEnvPair(Process*, int)
 .text          0x00000000c0019e5b      0x396 krnl/panic.32
                0x00000000c0019e5b                Krnl::panic(char const*)
 .text          0x00000000c001a1f1      0x3b6 net/ethernet.32
                0x00000000c001a1f1                Net::switchEndian16(unsigned short)
                0x00000000c001a212                Net::switchEndian32(unsigned int)
                0x00000000c001a241                Net::crc32Calc(unsigned char*, int)
                0x00000000c001a2d2                Net::wrapEthernetFrame(Net::UnwrappedEthernetFrame, unsigned char*)
                0x00000000c001a40e                Net::unwrapEthernetFrame(unsigned char*, int)
 .text          0x00000000c001a5a7      0x513 reg/registry.32
                0x00000000c001a5a7                Reg::findLineFromLoadedData(char*, char*, char*)
                0x00000000c001a6ff                Reg::getLineFromRegistry(char*, char*, char*, char*)
                0x00000000c001a854                Reg::getLine(char*, char*, char*)
                0x00000000c001a88b                Reg::readInt(char*, char*, int*)
                0x00000000c001a976                Reg::readString(char*, char*, char*, int)
                0x00000000c001a9f7                Reg::readBool(char*, char*, bool*)
                0x00000000c001aa1c                Reg::readBoolWithDefault(char*, char*, bool)
                0x00000000c001aa48                Reg::readIntWithDefault(char*, char*, int)
                0x00000000c001aa74                Reg::readStringWithDefault(char*, char*, char*, int, char*)
 .text          0x00000000c001aaba       0x36 sys/sc_eject.32
                0x00000000c001aaba                Sys::eject(regs*)
 .text          0x00000000c001aaf0       0x18 sys/sc_exit.32
                0x00000000c001aaf0                Sys::exit(regs*)
 .text          0x00000000c001ab08       0x1f sys/sc_getcwd.32
                0x00000000c001ab08                Sys::getCwd(regs*)
 .text          0x00000000c001ab27        0xc sys/sc_getpid.32
                0x00000000c001ab27                Sys::getPID(regs*)
 .text          0x00000000c001ab33       0xa8 sys/sc_loaddll.32
                0x00000000c001ab33                Sys::loadDLL(regs*)
 .text          0x00000000c001abdb       0x68 sys/sc_read.32
                0x00000000c001abdb                Sys::read(regs*)
 .text          0x00000000c001ac43       0x55 sys/sc_sbrk.32
                0x00000000c001ac43                Sys::sbrk(regs*)
 .text          0x00000000c001ac98       0x1c sys/sc_setcwd.32
                0x00000000c001ac98                Sys::setCwd(regs*)
 .text          0x00000000c001acb4      0x128 sys/sc_settime.32
                0x00000000c001acb4                Sys::setTime(regs*)
 .text          0x00000000c001addc       0x4a sys/sc_timezone.32
                0x00000000c001addc                Sys::timezone(regs*)
 .text          0x00000000c001ae26       0x68 sys/sc_write.32
                0x00000000c001ae26                Sys::write(regs*)
 .text          0x00000000c001ae8e       0x3b sys/sc_yield.32
                0x00000000c001ae8e                Sys::yield(regs*)
 .text          0x00000000c001aec9     0x1028 sys/syscalls.32
                0x00000000c001aec9                sysCallSeekDir(regs*)
                0x00000000c001aece                sysCallTellDir(regs*)
                0x00000000c001aed3                sysCallVerify(regs*)
                0x00000000c001aedd                sysCallGetArgc(regs*)
                0x00000000c001aeed                sysFormatDisk(regs*)
                0x00000000c001af57                sysSetDiskVolumeLabel(regs*)
                0x00000000c001af9d                sysGetDiskVolumeLabel(regs*)
                0x00000000c001afee                sysShutdown(regs*)
                0x00000000c001b04c                sysCallRealpath(regs*)
                0x00000000c001b08f                sysCallReadDir(regs*)
                0x00000000c001b11d                sysCallIsATTY(regs*)
                0x00000000c001b177                sysCallSeek(regs*)
                0x00000000c001b1e0                sysCallTell(regs*)
                0x00000000c001b25d                sysCallSize(regs*)
                0x00000000c001b2e0                sysCallSizeFromFilename(regs*)
                0x00000000c001b3a0                sysCallClose(regs*)
                0x00000000c001b428                sysCallOpenDir(regs*)
                0x00000000c001b49d                sysCallCloseDir(regs*)
                0x00000000c001b503                sysCallMakeDir(regs*)
                0x00000000c001b573                sysCallWait(regs*)
                0x00000000c001b58d                sysCallNotImpl(regs*)
                0x00000000c001b5a8                sysPanic(regs*)
                0x00000000c001b5ce                sysCallRmdir(regs*)
                0x00000000c001b632                sysCallUnlink(regs*)
                0x00000000c001b696                sysCallGetArgv(regs*)
                0x00000000c001b6e2                sysCallTTYName(regs*)
                0x00000000c001b765                sysCallUSleep(regs*)
                0x00000000c001b78c                sysCallSpawn(regs*)
                0x00000000c001b7e4                sysCallGetEnv(regs*)
                0x00000000c001b891                sysAppSettings(regs*)
                0x00000000c001b9b0                sysSetFatAttrib(regs*)
                0x00000000c001ba22                sysPipe(regs*)
                0x00000000c001ba67                sysGetUnixTime(regs*)
                0x00000000c001ba7b                string_ends_with(char const*, char const*)
                0x00000000c001bac3                sysCallOpen(regs*)
                0x00000000c001bcd8                Sys::loadSyscalls()
                0x00000000c001beaf                Sys::systemCall(regs*, void*)
 .text          0x00000000c001bef1     0x118b thr/elf.32
                0x00000000c001bef1                Thr::allocateMemoryForTask(Process*, File*, unsigned long, unsigned long, unsigned long)
                0x00000000c001c16e                Thr::loadProgramIntoMemory(Process*, char const*)
                0x00000000c001c384                Thr::runtimeReferenceHelper()
                0x00000000c001c397                Thr::getAddressOfKernelSymbol(char const*)
                0x00000000c001c3e6                Thr::loadKernelSymbolTable(char const*)
                0x00000000c001c6a4                Thr::loadDriverIntoMemory(char const*, unsigned long, bool)
                0x00000000c001cdc0                Thr::getDriverBaseFromAddress(unsigned long)
                0x00000000c001cdf2                Thr::getDriverNameFromAddress(unsigned long)
                0x00000000c001ce29                Thr::getDriverOffsetFromAddress(unsigned long)
                0x00000000c001ce43                Thr::loadDLL(char const*, bool)
                0x00000000c001d052                Thr::executeDLL(unsigned long, void*)
 .text          0x00000000c001d07c     0x1056 thr/prcssthr.32
                0x00000000c001d07c                changeTSS
                0x00000000c001d0ac                Process::addArgs(char**)
                0x00000000c001d106                Process::Process(char const*, Process*, char**)
                0x00000000c001d106                Process::Process(char const*, Process*, char**)
                0x00000000c001d2ea                Process::Process(bool, char const*, Process*, char**)
                0x00000000c001d2ea                Process::Process(bool, char const*, Process*, char**)
                0x00000000c001d499                disableIRQs()
                0x00000000c001d4a1                getIRQNestingLevel()
                0x00000000c001d4a7                enableIRQs()
                0x00000000c001d4b6                lockScheduler()
                0x00000000c001d4b8                unlockScheduler()
                0x00000000c001d4ba                userModeEntryPoint(void*)
                0x00000000c001d4dd                lockStuff()
                0x00000000c001d4e9                taskStartupFunction
                0x00000000c001d4f2                updateTimeUsed()
                0x00000000c001d557                switchToThread(ThreadControlBlock*)
                0x00000000c001d5a8                Semaphore::Semaphore(int)
                0x00000000c001d5a8                Semaphore::Semaphore(int)
                0x00000000c001d5d6                Mutex::Mutex()
                0x00000000c001d5d6                Mutex::Mutex()
                0x00000000c001d5e8                Process::createThread(void (*)(void*), void*, int)
                0x00000000c001d6cc                Process::createUserThread()
                0x00000000c001d6e8                setupMultitasking(void (*)())
                0x00000000c001d7f2                schedule()
                0x00000000c001d877                unlockStuff()
                0x00000000c001d8ac                Semaphore::tryAcquire()
                0x00000000c001d8da                Semaphore::assertLocked(char const*)
                0x00000000c001d90a                blockTaskWithSchedulerLockAlreadyHeld(TaskState)
                0x00000000c001d94c                blockTask(TaskState)
                0x00000000c001d96d                waitTask(int, int*, int)
                0x00000000c001d9af                nanoSleepUntil(unsigned long long)
                0x00000000c001da06                nanoSleep(unsigned long long)
                0x00000000c001da1b                sleep(unsigned long long)
                0x00000000c001da38                Semaphore::acquire()
                0x00000000c001daa0                taskReturned
                0x00000000c001dace                unblockTask(ThreadControlBlock*)
                0x00000000c001db7d                cleanupTerminatedTask(ThreadControlBlock*)
                0x00000000c001de46                cleanerTaskFunction(void*)
                0x00000000c001def9                terminateTask(int)
                0x00000000c001dfd9                Thr::terminateFromIRQ(int)
                0x00000000c001dfe6                Semaphore::release()
 .text          0x00000000c001e0d2      0xc26 vm86/vm8086.32
                0x00000000c001e0d2                Vm::inbv(unsigned short)
                0x00000000c001e0e5                Vm::outbv(unsigned short, unsigned char)
                0x00000000c001e138                Vm::realToLinear(unsigned short, unsigned short)
                0x00000000c001e148                Vm::getSegment(unsigned int)
                0x00000000c001e150                Vm::getOffset(unsigned int)
                0x00000000c001e155                Vm::mainloop2()
                0x00000000c001e190                Vm::mainVm8086Loop(void*)
                0x00000000c001e19d                Vm::mainloop3(unsigned long)
                0x00000000c001e1c7                Vm::initialise8086()
                0x00000000c001e20a                Vm::finish8086()
                0x00000000c001e24f                Vm::getOutput8086(unsigned char*)
                0x00000000c001e279                Vm::start8086(char const*, unsigned short, unsigned short, unsigned short, unsigned short)
                0x00000000c001e3c9                Vm::doISR(regs*, int, unsigned char*, unsigned short, unsigned short)
                0x00000000c001e453                Vm::readByteFromReal(unsigned short, unsigned short)
                0x00000000c001e464                Vm::readWordFromReal(unsigned short, unsigned short)
                0x00000000c001e476                Vm::readDwordFromReal(unsigned short, unsigned short)
                0x00000000c001e487                Vm::writeByteFromReal(unsigned short, unsigned short, unsigned char)
                0x00000000c001e49c                Vm::writeWordFromReal(unsigned short, unsigned short, unsigned short)
                0x00000000c001e4b2                Vm::writeDwordFromReal(unsigned short, unsigned short, unsigned int)
                0x00000000c001e4c7                Vm::faultHandler(regs*)
 .text          0x00000000c001ecf8      0xefd vm86/x87em.32
                0x00000000c001ecf8                Vm::fpuInternalTo32(unsigned long long)
                0x00000000c001ed53                Vm::fpuInternalTo64(unsigned long long)
                0x00000000c001ed5c                Vm::fpu32ToInternal(unsigned int)
                0x00000000c001eda1                Vm::fpu64ToInternal(unsigned long long)
                0x00000000c001edaa                Vm::fpuFloatToLong(unsigned long long)
                0x00000000c001ee05                Vm::fpuULongToFloat(unsigned long long)
                0x00000000c001ee3b                Vm::fpuLongToFloat(long long)
                0x00000000c001ee91                Vm::fpuGet0()
                0x00000000c001ee96                Vm::fpuGet1()
                0x00000000c001ee9e                Vm::fpuGetPi()
                0x00000000c001eea6                Vm::fpuGetLog2E()
                0x00000000c001eebe                Vm::fpuGetLogE2()
                0x00000000c001eed6                Vm::fpuGetLog210()
                0x00000000c001eeee                Vm::fpuGetLog102()
                0x00000000c001ef06                Vm::fpuIsSecondLarger(unsigned long long, unsigned long long)
                0x00000000c001ef1a                Vm::fpuAreEqual(unsigned long long, unsigned long long)
                0x00000000c001ef30                Vm::fpuUnorderedCompare(unsigned long long, unsigned long long)
                0x00000000c001ef83                Vm::fpuAdd(unsigned long long, unsigned long long)
                0x00000000c001ef94                Vm::fpuAbs(unsigned long long)
                0x00000000c001ef9d                Vm::fpuChs(unsigned long long)
                0x00000000c001efad                Vm::fpuSub(unsigned long long, unsigned long long)
                0x00000000c001efbc                Vm::fpuMultiply(unsigned long long, unsigned long long)
                0x00000000c001efdb                Vm::fpuDivide(unsigned long long, unsigned long long)
                0x00000000c001eff7                Vm::fpuSquare(unsigned long long)
                0x00000000c001f00d                Vm::fpuGetReg(int)
                0x00000000c001f050                Vm::fpuSetReg(int, unsigned long long)
                0x00000000c001f09b                Vm::fpuPush(unsigned long long)
                0x00000000c001f0f8                Vm::fpuPop()
                0x00000000c001f14a                Vm::x87Handler(regs*)
 *fill*         0x00000000c001fbf5        0x1 
 .text          0x00000000c001fbf6     0x10ed fs/fat/vfslink.32
                0x00000000c001fbf6                FAT::getName()
                0x00000000c001fbfc                FAT::tell(void*, unsigned long long*)
                0x00000000c001fc30                FAT::stat(void*, unsigned long long*)
                0x00000000c001fc64                FAT::~FAT()
                0x00000000c001fc64                FAT::~FAT()
                0x00000000c001fc88                FAT::~FAT()
                0x00000000c001fcb0                FAT::getlabel(LogicalDisk*, int, char*, unsigned int*)
                0x00000000c001fd4e                FAT::setlabel(LogicalDisk*, int, char*)
                0x00000000c001fe08                FAT::format(LogicalDisk*, int, char const*, int)
                0x00000000c001ffec                FAT::tryMount(LogicalDisk*, int)
                0x00000000c00201f2                FAT::readDir(void*, unsigned long, void*, int*)
                0x00000000c00202f8                FAT::read(void*, unsigned long, void*, int*)
                0x00000000c0020352                FAT::write(void*, unsigned long, void*, int*)
                0x00000000c00203ac                FAT::close(void*)
                0x00000000c00203f8                FAT::closeDir(void*)
                0x00000000c0020444                FAT::seek(void*, unsigned long long)
                0x00000000c0020498                fatWrapperReadDisk
                0x00000000c00204df                fatWrapperWriteDisk
                0x00000000c0020526                fatWrapperIoctl
                0x00000000c002062a                FAT::FAT()
                0x00000000c002062a                FAT::FAT()
                0x00000000c002067c                FAT::fixFilepath(char*)
                0x00000000c00206b4                FAT::open(char const*, void**, FileOpenMode)
                0x00000000c00207dc                FAT::openDir(char const*, void**)
                0x00000000c0020882                FAT::stat(char const*, unsigned long long*, bool*)
                0x00000000c002096c                FAT::unlink(char const*)
                0x00000000c00209e6                FAT::chfatattr(char const*, unsigned char, unsigned char)
                0x00000000c0020b3a                FAT::rename(char const*, char const*)
                0x00000000c0020bfe                FAT::mkdir(char const*)
                0x00000000c0020c78                FAT::exists(char const*)
 *fill*         0x00000000c0020ce3        0x1 
 .text          0x00000000c0020ce4      0xbc1 fs/iso9660/vfslink.32
                0x00000000c0020ce4                ISO9660::format(LogicalDisk*, int, char const*, int)
                0x00000000c0020cea                ISO9660::seek(void*, unsigned long long)
                0x00000000c0020d1a                ISO9660::tell(void*, unsigned long long*)
                0x00000000c0020d3e                ISO9660::getName()
                0x00000000c0020d44                ISO9660::stat(void*, unsigned long long*)
                0x00000000c0020d68                ISO9660::chfatattr(char const*, unsigned char, unsigned char)
                0x00000000c0020d6e                ISO9660::unlink(char const*)
                0x00000000c0020d74                ISO9660::write(void*, unsigned long, void*, int*)
                0x00000000c0020d7a                ISO9660::rename(char const*, char const*)
                0x00000000c0020d80                ISO9660::mkdir(char const*)
                0x00000000c0020d86                ISO9660::close(void*)
                0x00000000c0020da8                ISO9660::closeDir(void*)
                0x00000000c0020dca                ISO9660::~ISO9660()
                0x00000000c0020dca                ISO9660::~ISO9660()
                0x00000000c0020dee                ISO9660::~ISO9660()
                0x00000000c0020e15                __memmem(unsigned char*, int, unsigned char*, int)
                0x00000000c0020e57                readSectorFromCDROM(unsigned int, unsigned char*, char)
                0x00000000c0020ebe                ISO9660::tryMount(LogicalDisk*, int)
                0x00000000c0020f0e                ISO9660::read(void*, unsigned long, void*, int*)
                0x00000000c002110e                ISO9660::readDir(void*, unsigned long, void*, int*)
                0x00000000c002139b                readRoot(unsigned int*, unsigned int*, char)
                0x00000000c00213f0                readRecursively(char*, unsigned int, unsigned int, unsigned int*, unsigned int*, char, int*)
                0x00000000c00215c3                getFileData(char*, unsigned int*, unsigned int*, char, int*)
                0x00000000c0021652                ISO9660::open(char const*, void**, FileOpenMode)
                0x00000000c0021712                ISO9660::exists(char const*)
                0x00000000c0021736                ISO9660::stat(char const*, unsigned long long*, bool*)
                0x00000000c00217ca                ISO9660::openDir(char const*, void**)
                0x00000000c0021882                ISO9660::ISO9660()
                0x00000000c0021882                ISO9660::ISO9660()
 *fill*         0x00000000c00218a5        0x1 
 .text          0x00000000c00218a6      0x326 hal/sound/sndchannel.32
                0x00000000c00218a6                SoundChannel::~SoundChannel()
                0x00000000c00218a6                SoundChannel::~SoundChannel()
                0x00000000c00218c2                SoundChannel::setSpeed(float)
                0x00000000c00218ce                SoundChannel::getSpeed()
                0x00000000c00218d6                SoundChannel::setVolume(int)
                0x00000000c00218f2                SoundChannel::getVolume()
                0x00000000c00218fa                SoundChannel::pause()
                0x00000000c0021904                SoundChannel::SoundChannel(int, int, int, int)
                0x00000000c0021904                SoundChannel::SoundChannel(int, int, int, int)
                0x00000000c0021a5a                SoundChannel::play()
                0x00000000c0021a64                SoundChannel::paused()
                0x00000000c0021a6c                SoundChannel::getSampleRate()
                0x00000000c0021a74                SoundChannel::getBits()
                0x00000000c0021a7c                SoundChannel::getBufferUsed()
                0x00000000c0021a84                SoundChannel::getBufferSize()
                0x00000000c0021a8c                SoundChannel::unbuffer(float*, int, int)
                0x00000000c0021b2c                SoundChannel::buffer8(unsigned char*, int)
 .text          0x00000000c0021bcc      0x3d5 hal/sound/sndhw.32
                0x00000000c0021bcc                SoundDevice::SoundDevice(char const*)
                0x00000000c0021bcc                SoundDevice::SoundDevice(char const*)
                0x00000000c0021c38                SoundDevice::~SoundDevice()
                0x00000000c0021c38                SoundDevice::~SoundDevice()
                0x00000000c0021cb2                SoundDevice::~SoundDevice()
                0x00000000c0021cdc                SoundDevice::getFreeChannelNum()
                0x00000000c0021cf6                SoundDevice::addChannel(SoundChannel*)
                0x00000000c0021d66                SoundDevice::removeChannel(int)
                0x00000000c0021d98                SoundDevice::floatTo8(float*, unsigned char*, int)
                0x00000000c0021e80                SoundDevice::getAudio(int, float*, float*)
 .text          0x00000000c0021fa1        0x0 hw/bus/isa.32
 *fill*         0x00000000c0021fa1        0x1 
 .text          0x00000000c0021fa2      0x6c3 hw/bus/pci.32
                0x00000000c0021fa2                PCI::open(int, int, void*)
                0x00000000c0021fb6                PCI::close(int, int, void*)
                0x00000000c0021fba                PCI::PCI()
                0x00000000c0021fba                PCI::PCI()
                0x00000000c002203a                PCI::pciReadWord(unsigned char, unsigned char, unsigned char, unsigned char)
                0x00000000c0022082                PCI::getVendorID(unsigned char, unsigned char, unsigned char)
                0x00000000c00220a4                PCI::getHeaderType(unsigned char, unsigned char, unsigned char)
                0x00000000c00220c8                PCI::getClassCode(unsigned char, unsigned char, unsigned char)
                0x00000000c002210c                PCI::getProgIF(unsigned char, unsigned char, unsigned char)
                0x00000000c0022130                PCI::getRevisionID(unsigned char, unsigned char, unsigned char)
                0x00000000c0022152                PCI::getInterruptNumber(unsigned char, unsigned char, unsigned char)
                0x00000000c0022174                PCI::getSecondaryBus(unsigned char, unsigned char, unsigned char)
                0x00000000c0022198                PCI::getBARAddress(unsigned char, unsigned char, unsigned char, unsigned char)
                0x00000000c00221f8                PCI::pciWriteWord(unsigned char, unsigned char, unsigned char, unsigned char, unsigned short)
                0x00000000c0022264                PCI::checkBus(unsigned char)
                0x00000000c0022288                PCI::foundDevice(PCIDeviceInfo)
                0x00000000c00223fa                PCI::getDeviceData(unsigned char, unsigned char, unsigned char)
                0x00000000c00225a6                PCI::checkDevice(unsigned char, unsigned char)
                0x00000000c0022612                PCI::detect()
 *fill*         0x00000000c0022665        0x1 
 .text          0x00000000c0022666      0xc70 hw/diskctrl/ide.32
                0x00000000c0022666                IDE::close(int, int, void*)
                0x00000000c002266a                IDE::IDE()
                0x00000000c002266a                IDE::IDE()
                0x00000000c002269e                IDE::prepareInterrupt(unsigned char)
                0x00000000c00226b0                selectDrive(unsigned char, unsigned char)
                0x00000000c00226b2                IDE::getBase(unsigned char)
                0x00000000c00226c4                IDE::write(unsigned char, unsigned char, unsigned char)
                0x00000000c0022784                IDE::read(unsigned char, unsigned char)
                0x00000000c0022832                IDE::waitInterrupt(unsigned char)
                0x00000000c0022898                ideChannel0IRQHandler(regs*, void*)
                0x00000000c00228b4                ideChannel1IRQHandler(regs*, void*)
                0x00000000c00228d0                IDE::enableIRQs(unsigned char, bool)
                0x00000000c0022916                IDE::open(int, int, void*)
                0x00000000c0022d26                IDE::readBuffer(unsigned char, unsigned char, unsigned int, unsigned int)
                0x00000000c0022df2                IDE::detect()
                0x00000000c00230da                IDE::printError(unsigned char, unsigned char, unsigned char)
                0x00000000c0023270                IDE::polling(unsigned char, unsigned int)
 .text          0x00000000c00232d6      0x390 hw/diskctrl/satabus.32
                0x00000000c00232d6                SATABus::close(int, int, void*)
                0x00000000c00232da                SATABus::detect()
                0x00000000c00232dc                SATABus::SATABus()
                0x00000000c00232dc                SATABus::SATABus()
                0x00000000c0023388                SATABus::findCmdslot(SATABus::tagHBA_PORT volatile*)
                0x00000000c00233d0                SATABus::checkType(SATABus::tagHBA_PORT volatile*)
                0x00000000c0023418                SATABus::startCmd(SATABus::tagHBA_PORT volatile*)
                0x00000000c0023438                SATABus::stopCmd(SATABus::tagHBA_PORT volatile*)
                0x00000000c0023462                SATABus::portRebase(SATABus::tagHBA_PORT volatile*, int)
                0x00000000c0023568                SATABus::probePort(SATABus::tagHBA_MEM volatile*)
                0x00000000c0023646                SATABus::open(int, int, void*)
 .text          0x00000000c0023666      0x6c4 hw/diskphys/ata.32
                0x00000000c0023666                ATA::close(int, int, void*)
                0x00000000c002368a                ATA::powerSaving(PowerSavingLevel)
                0x00000000c002368c                ATA::ATA()
                0x00000000c002368c                ATA::ATA()
                0x00000000c00236ba                ATA::flush(bool)
                0x00000000c0023704                ATA::readyForCommand()
                0x00000000c0023754                ATA::access(unsigned long long, int, void*, bool)
                0x00000000c0023b64                ATA::read(unsigned long long, int, void*)
                0x00000000c0023bcc                ATA::write(unsigned long long, int, void*)
                0x00000000c0023c34                ATA::detectCHS()
                0x00000000c0023c5e                ATA::open(int, int, void*)
 .text          0x00000000c0023d2a      0x5bd hw/diskphys/atapi.32
                0x00000000c0023d2a                ATAPI::write(unsigned long long, int, void*)
                0x00000000c0023d30                ATAPI::close(int, int, void*)
                0x00000000c0023d54                ATAPI::ATAPI()
                0x00000000c0023d54                ATAPI::ATAPI()
                0x00000000c0023d82                ATAPI::readyForCommand()
                0x00000000c0023dd2                ATAPI::sendPacket(unsigned char*, int, bool, unsigned short*, int)
                0x00000000c0024092                ATAPI::diskRemoved()
                0x00000000c00240ae                ATAPI::eject()
                0x00000000c00240f6                ATAPI::diskInserted()
                0x00000000c0024124                ATAPI::detectMedia()
                0x00000000c00241e0                ATAPI::open(int, int, void*)
                0x00000000c0024268                ATAPI::read(unsigned long long, int, void*)
 *fill*         0x00000000c00242e7        0x1 
 .text          0x00000000c00242e8      0x482 hw/diskphys/sata.32
                0x00000000c00242e8                SATA::close(int, int, void*)
                0x00000000c002430c                SATA::powerSaving(PowerSavingLevel)
                0x00000000c002430e                SATA::open(int, int, void*)
                0x00000000c00243bc                SATA::SATA()
                0x00000000c00243bc                SATA::SATA()
                0x00000000c00243ea                SATA::access(unsigned long long, int, void*, bool)
                0x00000000c002469a                SATA::read(unsigned long long, int, void*)
                0x00000000c0024702                SATA::write(unsigned long long, int, void*)
 .text          0x00000000c002476a      0x500 hw/diskphys/satapi.32
                0x00000000c002476a                SATAPI::write(unsigned long long, int, void*)
                0x00000000c0024770                SATAPI::close(int, int, void*)
                0x00000000c0024794                SATAPI::SATAPI()
                0x00000000c0024794                SATAPI::SATAPI()
                0x00000000c00247c2                SATAPI::diskRemoved()
                0x00000000c00247de                SATAPI::diskInserted()
                0x00000000c002480c                SATAPI::sendPacket(unsigned char*, int, unsigned long long, unsigned short*, int)
                0x00000000c0024a10                SATAPI::eject()
                0x00000000c0024a58                SATAPI::detectMedia()
                0x00000000c0024b1a                SATAPI::open(int, int, void*)
                0x00000000c0024bc8                SATAPI::read(unsigned long long, int, void*)
 .text          0x00000000c0024c6a       0x8e hw/fpu/avx.32
                0x00000000c0024c6a                AVX::open(int, int, void*)
                0x00000000c0024c7c                AVX::close(int, int, void*)
                0x00000000c0024c8e                AVX::available()
                0x00000000c0024ca0                AVX::save(void*)
                0x00000000c0024cb8                AVX::load(void*)
                0x00000000c0024cd0                AVX::AVX()
                0x00000000c0024cd0                AVX::AVX()
 .text          0x00000000c0024cf8       0x90 hw/fpu/mmx.32
                0x00000000c0024cf8                MMX::available()
                0x00000000c0024d0c                MMX::open(int, int, void*)
                0x00000000c0024d1e                MMX::close(int, int, void*)
                0x00000000c0024d30                MMX::save(void*)
                0x00000000c0024d48                MMX::load(void*)
                0x00000000c0024d60                MMX::MMX()
                0x00000000c0024d60                MMX::MMX()
 .text          0x00000000c0024d88       0x96 hw/fpu/sse.32
                0x00000000c0024d88                SSE::open(int, int, void*)
                0x00000000c0024d9a                SSE::close(int, int, void*)
                0x00000000c0024dac                SSE::available()
                0x00000000c0024dc6                SSE::save(void*)
                0x00000000c0024dde                SSE::load(void*)
                0x00000000c0024df6                SSE::SSE()
                0x00000000c0024df6                SSE::SSE()
 .text          0x00000000c0024e1e       0x8e hw/fpu/x87.32
                0x00000000c0024e1e                x87::open(int, int, void*)
                0x00000000c0024e30                x87::close(int, int, void*)
                0x00000000c0024e42                x87::available()
                0x00000000c0024e54                x87::save(void*)
                0x00000000c0024e6c                x87::load(void*)
                0x00000000c0024e84                x87::x87()
                0x00000000c0024e84                x87::x87()
 .text          0x00000000c0024eac      0x71e hw/intctrl/apic.32
                0x00000000c0024eac                APIC::disable()
                0x00000000c0024eae                APIC::close(int, int, void*)
                0x00000000c0024ed0                IOAPIC::close(int, int, void*)
                0x00000000c0024ed6                APIC::io_wait()
                0x00000000c0024edc                APIC::getBase()
                0x00000000c0024f1e                APIC::eoi(unsigned char)
                0x00000000c0024f4c                APIC::open(int, int, void*)
                0x00000000c002509a                IOAPIC::IOAPIC()
                0x00000000c002509a                IOAPIC::IOAPIC()
                0x00000000c00250c2                APIC::APIC()
                0x00000000c00250c2                APIC::APIC()
                0x00000000c002519e                IOAPIC::handlesGSIWithNumber(unsigned int)
                0x00000000c00251d0                IOAPIC::read(int)
                0x00000000c00251f8                IOAPIC::open(int, int, void*)
                0x00000000c00252ee                IOAPIC::write(int, int)
                0x00000000c002531a                IOAPIC::redirect(unsigned char, unsigned long long, unsigned char, bool, bool)
                0x00000000c0025414                APIC::installIRQHandler(int, void (*)(regs*, void*), bool, void*)
 .text          0x00000000c00255ca      0x3d3 hw/intctrl/pic.32
                0x00000000c00255ca                PIC::disable()
                0x00000000c00255f8                PIC::close(int, int, void*)
                0x00000000c002561a                PIC::PIC()
                0x00000000c002561a                PIC::PIC()
                0x00000000c00256f0                PIC::ioWait()
                0x00000000c00256f6                PIC::getIRQReg(int)
                0x00000000c0025760                PIC::eoi(unsigned char)
                0x00000000c00257f2                PIC::remap()
                0x00000000c002595e                PIC::open(int, int, void*)
 *fill*         0x00000000c002599d        0x1 
 .text          0x00000000c002599e      0x25e hw/timer/apictimer.32
                0x00000000c002599e                APICTimer::close(int, int, void*)
                0x00000000c00259a4                apicTimerHandler(regs*, void*)
                0x00000000c00259d2                APICTimer::write(int)
                0x00000000c0025ad6                APICTimer::open(int, int, void*)
                0x00000000c0025bd4                APICTimer::APICTimer()
                0x00000000c0025bd4                APICTimer::APICTimer()
 .text          0x00000000c0025bfc      0x1a7 hw/timer/pit.32
                0x00000000c0025bfc                PIT::write(int)
                0x00000000c0025c7a                pitHandler(regs*, void*)
                0x00000000c0025ca6                PIT::open(int, int, void*)
                0x00000000c0025cf4                PIT::close(int, int, void*)
                0x00000000c0025d24                PIT::PIT()
                0x00000000c0025d24                PIT::PIT()
 *fill*         0x00000000c0025da3        0xd 
 .text          0x00000000c0025db0       0x1e hw/fpu/x86/avx.32
                0x00000000c0025db0                avxDetect
                0x00000000c0025db6                avxSave
                0x00000000c0025db7                avxLoad
                0x00000000c0025db8                avxInit
                0x00000000c0025db9                avxClose
                0x00000000c0025dba                wouldSheSayYes
 *fill*         0x00000000c0025dce        0x2 
 .text          0x00000000c0025dd0       0x35 hw/fpu/x86/sse.32
                0x00000000c0025dd0                absolutelyNoChanceInHell
                0x00000000c0025dd0                sseDetect
                0x00000000c0025de8                sseSave
                0x00000000c0025dee                sseLoad
                0x00000000c0025df4                sseInit
                0x00000000c0025e04                sseClose
 *fill*         0x00000000c0025e05        0xb 
 .text          0x00000000c0025e10       0x47 hw/fpu/x86/x87.32
                0x00000000c0025e16                x87Detect
                0x00000000c0025e31                x87Save
                0x00000000c0025e37                x87Load
                0x00000000c0025e3c                x87Init
                0x00000000c0025e56                x87Close
 *fill*         0x00000000c0025e57        0x1 
 .text          0x00000000c0025e58       0x25 /cygdrive/d/Users/Alex/Desktop/Toolchain/Output/bin/../lib/gcc/i386-banana/8.1.0/crtend.o
 .text          0x00000000c0025e7d        0x0 crtn.32
 *fill*         0x00000000c0025e7d        0x3 
 .text          0x00000000c0025e80      0x14b /cygdrive/d/Users/Alex/Desktop/Toolchain/Output/bin/../lib/gcc/i386-banana/8.1.0/libkgcc.a(_divdi3.o)
                0x00000000c0025e80                __divdi3
 *fill*         0x00000000c0025fcb        0x1 
 .text          0x00000000c0025fcc      0x17e /cygdrive/d/Users/Alex/Desktop/Toolchain/Output/bin/../lib/gcc/i386-banana/8.1.0/libkgcc.a(_moddi3.o)
                0x00000000c0025fcc                __moddi3
 *fill*         0x00000000c002614a        0x2 
 .text          0x00000000c002614c       0xff /cygdrive/d/Users/Alex/Desktop/Toolchain/Output/bin/../lib/gcc/i386-banana/8.1.0/libkgcc.a(_udivdi3.o)
                0x00000000c002614c                __udivdi3
 *fill*         0x00000000c002624b        0x1 
 .text          0x00000000c002624c      0x11a /cygdrive/d/Users/Alex/Desktop/Toolchain/Output/bin/../lib/gcc/i386-banana/8.1.0/libkgcc.a(_umoddi3.o)
                0x00000000c002624c                __umoddi3
 .text          0x00000000c0026366      0x96d D:/Users/Alex/Desktop/Banana/kernel/libsoftfp.a(sfieeelib.o)
                0x00000000c0026366                __addsf3
                0x00000000c0026668                __subsf3
                0x00000000c002667c                __negsf2
                0x00000000c0026689                __mulsf3
                0x00000000c002684c                __divsf3
                0x00000000c0026a77                __floatsisf
                0x00000000c0026aeb                __floatunsisf
                0x00000000c0026b2d                __fixsfsi
                0x00000000c0026b8f                __fixunssfsi
                0x00000000c0026bc0                __cmpsf2
                0x00000000c0026c55                __eqsf2
                0x00000000c0026c90                __nesf2
                0x00000000c0026c92                __gtsf2
                0x00000000c0026ccd                __gesf2
                0x00000000c0026ccf                __ltsf2
                0x00000000c0026cd1                __lesf2
 .text          0x00000000c0026cd3      0xf50 D:/Users/Alex/Desktop/Banana/kernel/libsoftfp.a(dfieeelib.o)
                0x00000000c0026cd3                __adddf3
                0x00000000c0027324                __subdf3
                0x00000000c002733f                __negdf2
                0x00000000c0027350                __muldf3
                0x00000000c0027634                __divdf3
                0x00000000c00279b3                __floatsidf
                0x00000000c0027a0e                __floatunsidf
                0x00000000c0027a4c                __fixdfsi
                0x00000000c0027ab9                __fixunsdfsi
                0x00000000c0027af5                __cmpdf2
                0x00000000c0027be3                __eqdf2
                0x00000000c0027bff                __nedf2
                0x00000000c0027c01                __gtdf2