Archive member included to satisfy reference by file (symbol)

/cygdrive/d/Users/Alex/Desktop/Toolchain/Output/bin/../lib/gcc/i386-banana/8.1.0/libkgcc.a(_divdi3.o)
                              fs/fat/ff.32 (__divdi3)
/cygdrive/d/Users/Alex/Desktop/Toolchain/Output/bin/../lib/gcc/i386-banana/8.1.0/libkgcc.a(_moddi3.o)
                              compat/resolve.32 (__moddi3)
/cygdrive/d/Users/Alex/Desktop/Toolchain/Output/bin/../lib/gcc/i386-banana/8.1.0/libkgcc.a(_udivdi3.o)
                              fs/fat/ff.32 (__udivdi3)
/cygdrive/d/Users/Alex/Desktop/Toolchain/Output/bin/../lib/gcc/i386-banana/8.1.0/libkgcc.a(_umoddi3.o)
                              compat/resolve.32 (__umoddi3)
D:/Users/Alex/Desktop/Banana/kernel/libsoftfp.a(sfieeelib.o)
                              hal/sound/sndhw.32 (__addsf3)
D:/Users/Alex/Desktop/Banana/kernel/libsoftfp.a(dfieeelib.o)
                              hal/libresample/src_linear.32 (__adddf3)
D:/Users/Alex/Desktop/Banana/kernel/libsoftfp.a(sfdfcvt.o)
                              hal/libresample/samplerate.32 (__truncdfsf2)
D:/Users/Alex/Desktop/Banana/kernel/libk/libm32.a(s_fabs.c.o)
                              hal/libresample/samplerate.32 (fabs)
D:/Users/Alex/Desktop/Banana/kernel/libk/libm32.a(s_lrint.S.o)
                              hal/libresample/samplerate.32 (lrint)
D:/Users/Alex/Desktop/Banana/kernel/libk/libm32.a(s_lrintf.S.o)
                              hal/sound/sndhw.32 (lrintf)

Discarded input sections

 .comment       0x0000000000000000       0x12 /cygdrive/d/Users/Alex/Desktop/Toolchain/Output/bin/../lib/gcc/i386-banana/8.1.0/crtbegin.o
 .comment       0x0000000000000000       0x12 acpica/utclib.32
 .comment       0x0000000000000000       0x12 core/malloc.32
 .comment       0x0000000000000000       0x12 libk/string.32
 .comment       0x0000000000000000       0x12 fs/fat/diskio.32
 .comment       0x0000000000000000       0x12 fs/fat/ff.32
 .comment       0x0000000000000000       0x12 fs/fat/ffsystem.32
 .comment       0x0000000000000000       0x12 fs/fat/ffunicode.32
 .comment       0x0000000000000000       0x12 hal/libresample/samplerate.32
 .comment       0x0000000000000000       0x12 hal/libresample/src_linear.32
 .comment       0x0000000000000000       0x12 hal/libresample/src_sinc.32
 .comment       0x0000000000000000       0x12 hal/libresample/src_zoh.32
 .comment       0x0000000000000000       0x12 compat/inlines.32
 .comment       0x0000000000000000       0x12 compat/resolve.32
 .group         0x0000000000000000       0x14 core/computer.32
 .group         0x0000000000000000        0xc core/computer.32
 .comment       0x0000000000000000       0x12 core/computer.32
 .comment       0x0000000000000000       0x12 core/gdt.32
 .group         0x0000000000000000        0xc core/idle.32
 .comment       0x0000000000000000       0x12 core/idle.32
 .comment       0x0000000000000000       0x12 core/idt.32
 .comment       0x0000000000000000       0x12 core/kheap.32
 .comment       0x0000000000000000       0x12 core/main.32
 .comment       0x0000000000000000       0x12 core/physmgr.32
 .group         0x0000000000000000        0xc core/pipe.32
 .comment       0x0000000000000000       0x12 core/pipe.32
 .group         0x0000000000000000        0xc core/terminal.32
 .comment       0x0000000000000000       0x12 core/terminal.32
 .comment       0x0000000000000000       0x12 core/tss.32
 .group         0x0000000000000000        0x8 core/unixfile.32
 .group         0x0000000000000000        0xc core/unixfile.32
 .group         0x0000000000000000        0xc core/unixfile.32
 .group         0x0000000000000000        0x8 core/unixfile.32
 .group         0x0000000000000000        0xc core/unixfile.32
 .group         0x0000000000000000        0x8 core/unixfile.32
 .group         0x0000000000000000        0xc core/unixfile.32
 .group         0x0000000000000000        0xc core/unixfile.32
 .comment       0x0000000000000000       0x12 core/unixfile.32
 .comment       0x0000000000000000       0x12 core/virtmgr.32
 .comment       0x0000000000000000       0x12 coreobjs/c++.32
 .comment       0x0000000000000000       0x12 dbg/kconsole.32
 .group         0x0000000000000000        0xc fs/vfs.32
 .group         0x0000000000000000        0xc fs/vfs.32
 .group         0x0000000000000000        0xc fs/vfs.32
 .comment       0x0000000000000000       0x12 fs/vfs.32
 .group         0x0000000000000000        0xc hal/bus.32
 .comment       0x0000000000000000       0x12 hal/bus.32
 .group         0x0000000000000000        0xc hal/buzzer.32
 .comment       0x0000000000000000       0x12 hal/buzzer.32
 .group         0x0000000000000000        0xc hal/clock.32
 .comment       0x0000000000000000       0x12 hal/clock.32
 .group         0x0000000000000000       0x14 hal/device.32
 .group         0x0000000000000000        0xc hal/device.32
 .group         0x0000000000000000        0xc hal/device.32
 .group         0x0000000000000000        0xc hal/device.32
[...]
Memory Configuration

Name             Origin             Length             Attributes
*default*        0x0000000000000000 0xffffffffffffffff

Linker script and memory map

LOAD D:/Users/Alex/Desktop/Banana/kernel/boot.32
LOAD crti.32
LOAD /cygdrive/d/Users/Alex/Desktop/Toolchain/Output/bin/../lib/gcc/i386-banana/8.1.0/crtbegin.o
LOAD D:/Users/Alex/Desktop/Banana/kernel/morenasm.32
LOAD acpica/utclib.32
LOAD core/malloc.32
LOAD libk/string.32
LOAD fs/fat/diskio.32
LOAD fs/fat/ff.32
LOAD fs/fat/ffsystem.32
LOAD fs/fat/ffunicode.32
LOAD hal/libresample/samplerate.32
LOAD hal/libresample/src_linear.32
LOAD hal/libresample/src_sinc.32
LOAD hal/libresample/src_zoh.32
LOAD compat/inlines.32
LOAD compat/resolve.32
LOAD core/computer.32
LOAD core/gdt.32
LOAD core/idle.32
LOAD core/idt.32
LOAD core/kheap.32
LOAD core/main.32
LOAD core/physmgr.32
LOAD core/pipe.32
LOAD core/terminal.32
LOAD core/tss.32
LOAD core/unixfile.32
LOAD core/virtmgr.32
LOAD coreobjs/c++.32
LOAD dbg/kconsole.32
LOAD fs/vfs.32
LOAD hal/bus.32
LOAD hal/buzzer.32
LOAD hal/clock.32
LOAD hal/device.32
LOAD hal/diskctrl.32
LOAD hal/diskphys.32
LOAD hal/fpu.32
LOAD hal/intctrl.32
LOAD hal/keybrd.32
LOAD hal/logidisk.32
LOAD hal/mouse.32
LOAD hal/partition.32
LOAD hal/serial.32
LOAD hal/timer.32
LOAD hal/vcache.32
LOAD hal/video.32
LOAD hw/acpi.32
LOAD hw/cpu.32
LOAD hw/ports.32
LOAD hw/smp.32
LOAD krnl/env.32
LOAD krnl/panic.32
LOAD net/ethernet.32
LOAD reg/registry.32
LOAD sys/sc_eject.32
LOAD sys/sc_exit.32
LOAD sys/sc_getcwd.32
LOAD sys/sc_getpid.32
LOAD sys/sc_getramdata.32
LOAD sys/sc_loaddll.32
LOAD sys/sc_read.32
LOAD sys/sc_sbrk.32
LOAD sys/sc_setcwd.32
LOAD sys/sc_settime.32
LOAD sys/sc_timezone.32
LOAD sys/sc_write.32
LOAD sys/sc_wsbe.32
LOAD sys/sc_yield.32
LOAD sys/syscalls.32
LOAD thr/elf.32
LOAD thr/prcssthr.32
LOAD vm86/vm8086.32
LOAD vm86/x87em.32
LOAD fs/fat/vfslink.32
LOAD fs/iso9660/vfslink.32
LOAD hal/sound/sndchannel.32
LOAD hal/sound/sndhw.32
LOAD hw/bus/isa.32
LOAD hw/bus/pci.32
LOAD hw/diskctrl/ide.32
LOAD hw/diskctrl/satabus.32
LOAD hw/diskphys/ata.32
LOAD hw/diskphys/atapi.32
LOAD hw/diskphys/sata.32
LOAD hw/diskphys/satapi.32
LOAD hw/fpu/avx.32
LOAD hw/fpu/mmx.32
LOAD hw/fpu/sse.32
LOAD hw/fpu/x87.32
LOAD hw/intctrl/apic.32
LOAD hw/intctrl/pic.32
LOAD hw/timer/apictimer.32
LOAD hw/timer/pit.32
LOAD hw/fpu/x86/avx.32
LOAD hw/fpu/x86/sse.32
LOAD hw/fpu/x86/x87.32
LOAD /cygdrive/d/Users/Alex/Desktop/Toolchain/Output/bin/../lib/gcc/i386-banana/8.1.0/crtend.o
LOAD crtn.32
LOAD /cygdrive/d/Users/Alex/Desktop/Toolchain/Output/bin/../lib/gcc/i386-banana/8.1.0/libkgcc.a
LOAD D:/Users/Alex/Desktop/Banana/kernel/libsoftfp.a
LOAD D:/Users/Alex/Desktop/Banana/kernel/libk/libm32.a
                0x00000000c0000000                . = 0xc0000000

.text           0x00000000c0000000    0x28678
 *(.text)
 .text          0x00000000c0000000       0x41 D:/Users/Alex/Desktop/Banana/kernel/boot.32
                0x00000000c0000020                callGlobalConstructors
 .text          0x00000000c0000041        0x0 crti.32
 *fill*         0x00000000c0000041        0x3 
 .text          0x00000000c0000044      0x101 /cygdrive/d/Users/Alex/Desktop/Toolchain/Output/bin/../lib/gcc/i386-banana/8.1.0/crtbegin.o
 *fill*         0x00000000c0000145        0xb 
 .text          0x00000000c0000150      0x4ed D:/Users/Alex/Desktop/Banana/kernel/morenasm.32
                0x00000000c0000150                manualPCIProbe
                0x00000000c000019b                prepareTramp
                0x00000000c00001b4                voodooXADD
                0x00000000c000027f                doTPAUSE
                0x00000000c0000289                hasLegacyFPU
                0x00000000c00002ae                is486
                0x00000000c00002e4                detectCPUID
                0x00000000c00002fa                goToVM86
                0x00000000c000032a                goToUsermode
                0x00000000c0000354                switchToThreadASMFirstTime
                0x00000000c0000362                switchToThreadASM
                0x00000000c00003ea                asmQuickAcquireLock
                0x00000000c0000408                asmQuickReleaseLock
                0x00000000c0000414                asmAcquireLock
                0x00000000c0000435                asmReleaseLock
                0x00000000c0000448                loadGDT
                0x00000000c0000468                isr0
                0x00000000c0000478                isr1
                0x00000000c0000482                isr2
                0x00000000c000048c                isr3
                0x00000000c0000496                isr4
                0x00000000c00004a0                isr5
                0x00000000c00004aa                isr6
                0x00000000c00004b4                isr7
                0x00000000c00004be                isr8
                0x00000000c00004c6                isr9
                0x00000000c00004d0                isr10
                0x00000000c00004d8                isr11
                0x00000000c00004e0                isr12
                0x00000000c00004e8                isr13
                0x00000000c00004f0                isr14
                0x00000000c00004f8                isr15
                0x00000000c0000502                isr16
                0x00000000c000050c                isr17
                0x00000000c0000516                isr18
                0x00000000c0000520                irq3
                0x00000000c000052a                irq4
                0x00000000c0000534                irq5
                0x00000000c000053e                irq6
                0x00000000c0000548                irq7
                0x00000000c0000552                irq8
                0x00000000c000055c                irq9
                0x00000000c0000566                irq10
                0x00000000c0000570                irq11
                0x00000000c000057a                irq12
                0x00000000c0000584                irq13
                0x00000000c000058e                irq14
                0x00000000c0000598                irq15
                0x00000000c00005a2                irq1
                0x00000000c00005a9                irq2
                0x00000000c00005b0                isr96
                0x00000000c00005b7                irq0
                0x00000000c00005bc                int_common_stub
                0x00000000c00005bc                syscall_common_stub
                0x00000000c00005ed                irq16
                0x00000000c00005f7                irq17
                0x00000000c0000601                irq18
                0x00000000c000060b                irq19
                0x00000000c0000615                irq20
                0x00000000c000061f                irq21
                0x00000000c0000629                irq22
                0x00000000c0000633                irq23
 *fill*         0x00000000c000063d        0x3 
 .text          0x00000000c0000640      0x611 acpica/utclib.32
                0x00000000c0000640                memcmp
                0x00000000c000067c                memmove
                0x00000000c0000744                memcpy
                0x00000000c0000778                memset
                0x00000000c0000794                strlen
                0x00000000c00007ac                strpbrk
                0x00000000c00007e8                strtok
                0x00000000c0000834                strcpy
                0x00000000c0000858                strncpy
                0x00000000c00008c0                strcmp
                0x00000000c0000900                strchr
                0x00000000c0000924                strncmp
                0x00000000c0000974                strcat
                0x00000000c00009a4                strncat
                0x00000000c00009e0                strstr
                0x00000000c0000a28                toupper
                0x00000000c0000a3c                tolower
                0x00000000c0000a50                simple_strtoul
 .text          0x00000000c0000c51      0xfbf core/malloc.32
                0x00000000c0000dbc                dlfree
                0x00000000c0001117                dlmalloc
                0x00000000c0001654                dlrealloc
                0x00000000c0001809                dlmemalign
                0x00000000c000192c                dlcalloc
                0x00000000c00019c6                dlcfree
                0x00000000c00019cb                dlindependent_calloc
                0x00000000c00019f0                dlindependent_comalloc
                0x00000000c0001a07                dlvalloc
                0x00000000c0001a32                dlpvalloc
                0x00000000c0001a68                dlmalloc_trim
                0x00000000c0001a75                dlmalloc_usable_size
                0x00000000c0001aa6                dlmallinfo
                0x00000000c0001b75                dlmalloc_stats
                0x00000000c0001b86                dlmallopt
 .text          0x00000000c0001c10        0x0 libk/string.32
 .text          0x00000000c0001c10       0x51 fs/fat/diskio.32
                0x00000000c0001c10                disk_status
                0x00000000c0001c13                disk_initialize
                0x00000000c0001c16                disk_read
                0x00000000c0001c2c                disk_write
                0x00000000c0001c42                disk_ioctl
 .text          0x00000000c0001c61     0x6833 fs/fat/ff.32
                0x00000000c0004f2f                f_mount
                0x00000000c0004f91                f_open
                0x00000000c00053cd                f_read
                0x00000000c000564d                f_write
                0x00000000c0005907                f_sync
                0x00000000c0005ae3                f_close
                0x00000000c0005b12                f_lseek
                0x00000000c0005fc9                f_opendir
                0x00000000c00060cb                f_closedir
                0x00000000c00060ed                f_readdir
                0x00000000c0006188                f_stat
                0x00000000c0006217                f_getfree
                0x00000000c00063e2                f_truncate
                0x00000000c00064da                f_unlink
                0x00000000c000665d                f_mkdir
                0x00000000c0006889                f_rename
                0x00000000c0006b7c                f_chmod
                0x00000000c0006c5a                f_utime
                0x00000000c0006d38                f_getlabel
                0x00000000c0006f26                f_setlabel
                0x00000000c0007193                f_forward
                0x00000000c0007371                f_mkfs
 .text          0x00000000c0008494       0x2d fs/fat/ffsystem.32
                0x00000000c0008494                ff_memalloc
                0x00000000c00084aa                ff_memfree
 .text          0x00000000c00084c1      0x253 fs/fat/ffunicode.32
                0x00000000c00084c1                ff_uni2oem
                0x00000000c0008551                ff_oem2uni
                0x00000000c00085bd                ff_wtoupper
 .text          0x00000000c0008714      0x8fb hal/libresample/samplerate.32
                0x00000000c0008758                src_delete
                0x00000000c0008794                src_process
                0x00000000c000894a                src_callback_read
                0x00000000c0008ac7                src_set_ratio
                0x00000000c0008b31                src_get_channels
                0x00000000c0008b53                src_reset
                0x00000000c0008b9f                src_new
                0x00000000c0008c2d                src_callback_new
                0x00000000c0008c8f                src_get_name
                0x00000000c0008cc6                src_get_description
                0x00000000c0008cfd                src_get_version
                0x00000000c0008d03                src_is_valid_ratio
                0x00000000c0008d57                src_error
                0x00000000c0008d65                src_strerror
                0x00000000c0008d78                src_simple
                0x00000000c0008dcb                src_short_to_float_array
                0x00000000c0008e30                src_float_to_short_array
                0x00000000c0008eef                src_int_to_float_array
                0x00000000c0008f52                src_float_to_int_array
 .text          0x00000000c000900f      0x8cb hal/libresample/src_linear.32
                0x00000000c0009835                linear_get_name
                0x00000000c0009844                linear_get_description
                0x00000000c0009853                linear_set_converter
 .text          0x00000000c00098da     0x447c hal/libresample/src_sinc.32
                0x00000000c000dc6d                sinc_get_name
                0x00000000c000dc80                sinc_get_description
                0x00000000c000dc93                sinc_set_converter
 .text          0x00000000c000dd56      0x77c hal/libresample/src_zoh.32
                0x00000000c000e42d                zoh_get_name
                0x00000000c000e43c                zoh_get_description
                0x00000000c000e44b                zoh_set_converter
 .text          0x00000000c000e4d2       0x23 compat/inlines.32
                0x00000000c000e4d2                CPU::current()
                0x00000000c000e4df                operator new(unsigned long)
 .text          0x00000000c000e4f5      0x111 compat/resolve.32
                0x00000000c000e4f5                Krnl::resolveCompatibilitySymbol(char*)
 .text          0x00000000c000e606      0xa17 core/computer.32
                0x00000000c000e606                Computer::close(int, int, void*)
                0x00000000c000e64a                Krnl::firstTask()
                0x00000000c000e73a                Computer::Computer()
                0x00000000c000e73a                Computer::Computer()
                0x00000000c000e896                Computer::setBootMessage(char const*)
                0x00000000c000e898                Computer::detectFeatures()
                0x00000000c000eaa2                Computer::displayFeatures()
                0x00000000c000ede8                Computer::rdmsr(unsigned int)
                0x00000000c000ee14                Computer::wrmsr(unsigned int, unsigned long long)
                0x00000000c000ee4c                Computer::nmiEnabled()
                0x00000000c000ee58                Computer::readCMOS(unsigned char)
                0x00000000c000ee72                Computer::enableNMI(bool)
                0x00000000c000ee8a                Computer::open(int, int, void*)
                0x00000000c000ef60                Computer::disableNMI()
                0x00000000c000ef6e                Computer::writeCMOS(unsigned char, unsigned char)
                0x00000000c000ef8c                Computer::handleNMI()
                0x00000000c000eff2                Computer::setDiskActivityLight(int, bool)
 *fill*         0x00000000c000f01d        0x1 
 .text          0x00000000c000f01e      0x1b7 core/gdt.32
                0x00000000c000f01e                GDTEntry::setBase(unsigned int)
                0x00000000c000f03a                GDTEntry::setLimit(unsigned int)
                0x00000000c000f058                GDT::GDT()
                0x00000000c000f058                GDT::GDT()
                0x00000000c000f06e                GDT::addEntry(GDTEntry)
                0x00000000c000f0aa                GDT::getNumberOfEntries()
                0x00000000c000f0b2                GDT::flush()
                0x00000000c000f0d4                GDT::setup()
 .text          0x00000000c000f1d5       0x62 core/idle.32
                0x00000000c000f1d5                idleFunction(void*)
 *fill*         0x00000000c000f237        0x1 
 .text          0x00000000c000f238      0x45f core/idt.32
                0x00000000c000f238                IDTEntry::IDTEntry(bool)
                0x00000000c000f238                IDTEntry::IDTEntry(bool)
                0x00000000c000f2a6                IDTEntry::setOffset(unsigned int)
                0x00000000c000f2ba                IDT::IDT()
                0x00000000c000f2ba                IDT::IDT()
                0x00000000c000f2bc                IDT::getPointerToInvalidOpcodeEntryForF00F()
                0x00000000c000f2c4                IDT::addEntry(IDTEntry, int)
                0x00000000c000f2de                IDT::addEntry(int, void (*)(), bool)
                0x00000000c000f316                IDT::flush()
                0x00000000c000f330                IDT::setup()
 .text          0x00000000c000f697      0x203 core/kheap.32
                0x00000000c000f697                sbrk
                0x00000000c000f7a5                mmap
                0x00000000c000f7bb                munmap
                0x00000000c000f7d1                liballoc_lock()
                0x00000000c000f7e2                liballoc_unlock()
                0x00000000c000f7f3                liballoc_alloc(int)
                0x00000000c000f80e                liballoc_free(void*, int)
                0x00000000c000f82c                realloc
                0x00000000c000f840                malloc
                0x00000000c000f850                free
                0x00000000c000f860                rfree
                0x00000000c000f870                calloc
 .text          0x00000000c000f89a      0x485 core/main.32
                0x00000000c000f89a                hwTextMode_loadInData(VgaText*)
                0x00000000c000f8e5                hwTextMode_loadInTitle(VgaText*, char*)
                0x00000000c000f963                hwTextMode_showCursor(VgaText*, bool)
                0x00000000c000f9c1                hwTextMode_update(VgaText*)
                0x00000000c000f9c2                hwTextMode_updateCursor(VgaText*)
                0x00000000c000fa13                hwTextMode_disableBlink(VgaText*, bool)
                0x00000000c000fa59                hwTextMode_scrollScreen(VgaText*)
                0x00000000c000fb06                hwTextMode_writeCharacter(VgaText*, char, VgaColour, VgaColour, int, int)
                0x00000000c000fb88                setupTextMode()
                0x00000000c000fbf8                kernel_main
 .text          0x00000000c000fd1f      0x5b4 core/physmgr.32
                0x00000000c000fd1f                Phys::allocateDMA(unsigned long)
                0x00000000c000fdc2                Phys::freeDMA(unsigned long, unsigned long)
                0x00000000c000fe0a                Phys::setPageState(unsigned long, bool)
                0x00000000c000fe3c                Phys::getPageState(unsigned long)
                0x00000000c000fe58                Phys::freePage(unsigned long)
                0x00000000c000fee2                Phys::allocatePage()
                0x00000000c0010011                Phys::allocateContiguousPages(int)
                0x00000000c001006b                Phys::allowSegmentToBeUsed(unsigned long, unsigned long)
                0x00000000c00100a3                Phys::physicalMemorySetup(unsigned int)
 *fill*         0x00000000c00102d3        0x1 
 .text          0x00000000c00102d4      0x273 core/pipe.32
                0x00000000c00102d4                Pipe::isAtty()
                0x00000000c00102d8                Pipe::~Pipe()
                0x00000000c00102d8                Pipe::~Pipe()
                0x00000000c00102fc                Pipe::~Pipe()
                0x00000000c0010324                Pipe::read(unsigned long long, void*, int*)
                0x00000000c0010418                Pipe::write(unsigned long long, void*, int*)
                0x00000000c00104e0                Pipe::Pipe(int)
                0x00000000c00104e0                Pipe::Pipe(int)
 *fill*         0x00000000c0010547        0x1 
 .text          0x00000000c0010548      0xf73 core/terminal.32
                0x00000000c0010548                VgaText::isAtty()
                0x00000000c001054c                VgaText::~VgaText()
                0x00000000c001054c                VgaText::~VgaText()
                0x00000000c0010570                VgaText::~VgaText()
                0x00000000c001059a                VgaText::read(unsigned long long, void*, int*)
                0x00000000c00105ba                setTerminalScrollLock(bool)
                0x00000000c00105bb                addToTerminalCycle(VgaText*)
                0x00000000c00105e8                installVgaTextImplementation()
                0x00000000c00105fd                scrollTerminalScrollLock(int)
                0x00000000c00105fe                VgaText::load()
                0x00000000c0010652                VgaText::updateCursor()
                0x00000000c001066c                VgaText::showCursor(bool)
                0x00000000c001067c                VgaText::disableBlink(bool)
                0x00000000c00106b6                VgaText::doANSI_SGR(int)
                0x00000000c0010742                VgaText::setDefaultBgColour(VgaColour)
                0x00000000c0010758                VgaText::setDefaultFgColour(VgaColour)
                0x00000000c001076e                VgaText::setDefaultColours(VgaColour, VgaColour)
                0x00000000c001078e                VgaText::combineColours(unsigned char, unsigned char)
                0x00000000c00107a0                VgaText::scrollScreen()
                0x00000000c0010834                VgaText::combineCharAndColour(char, unsigned char)
                0x00000000c0010846                VgaText::writeCharacter(char, VgaColour, VgaColour, int, int)
                0x00000000c00108a6                VgaText::getCursorX()
                0x00000000c00108b2                VgaText::getCursorY()
                0x00000000c00108be                VgaText::setCursor(int, int)
                0x00000000c00108dc                VgaText::setCursorX(int)
                0x00000000c00108f8                VgaText::setCursorY(int)
                0x00000000c0010914                VgaText::incrementCursor(bool)
                0x00000000c001097c                VgaText::updateRAMUsageDisplay(int)
                0x00000000c00109e0                VgaText::updateDiskUsage()
                0x00000000c0010b4a                VgaText::updateTitle()
                0x00000000c0010b90                VgaText::setTitleTextColour(VgaColour)
                0x00000000c0010ba0                VgaText::setTitleColour(VgaColour)
                0x00000000c0010bb0                VgaText::setTitle(char*)
                0x00000000c0010bd6                VgaText::decrementCursor(bool)
                0x00000000c0010bfe                VgaText::putchar(char, VgaColour, VgaColour)
                0x00000000c0010cfa                VgaText::isShowingCursor()
                0x00000000c0010d06                VgaText::isBlinkDisabled()
                0x00000000c0010d14                VgaText::setCursorHeight(int)
                0x00000000c0010d32                VgaText::getCursorHeight()
                0x00000000c0010d3d                setActiveTerminal(VgaText*)
                0x00000000c0010def                doTerminalCycle()
                0x00000000c0010e0c                VgaText::doUpdate()
                0x00000000c0010e1e                VgaText::puts(char const*, VgaColour, VgaColour)
                0x00000000c0010fde                VgaText::clearScreen()
                0x00000000c0011042                VgaText::putchar(char)
                0x00000000c001115c                VgaText::puts(char const*)
                0x00000000c0011182                VgaText::putx(unsigned int)
                0x00000000c00111c8                VgaText::VgaText(char const*)
                0x00000000c00111c8                VgaText::VgaText(char const*)
                0x00000000c001135a                VgaText::receiveKey(unsigned char)
                0x00000000c0011442                VgaText::write(unsigned long long, void*, int*)
                0x00000000c0011496                newTerminal(char*)
 *fill*         0x00000000c00114bb        0x1 
 .text          0x00000000c00114bc      0x1b3 core/tss.32
                0x00000000c00114bc                TSS::TSS()
                0x00000000c00114bc                TSS::TSS()
                0x00000000c00114ca                TSS::setESP(unsigned long)
                0x00000000c00114dc                TSS::flush()
                0x00000000c00114fc                TSS::setup(unsigned long, unsigned long)
 *fill*         0x00000000c001166f        0x1 
 .text          0x00000000c0011670      0x4c2 core/unixfile.32
                0x00000000c0011670                ReservedFilename::read(unsigned long long, void*, int*)
                0x00000000c00116c6                ReservedFilename::isAtty()
                0x00000000c00116e2                ReservedFilename::write(unsigned long long, void*, int*)
                0x00000000c0011740                UnixFile::getFileDescriptor()
                0x00000000c0011748                UnixFile::UnixFile(int)
                0x00000000c0011748                UnixFile::UnixFile(int)
                0x00000000c00118f8                ReservedFilename::ReservedFilename(int)
                0x00000000c00118f8                ReservedFilename::ReservedFilename(int)
                0x00000000c001192a                UnixFile::~UnixFile()
                0x00000000c001192a                UnixFile::~UnixFile()
                0x00000000c00119c2                UnixFile::~UnixFile()
                0x00000000c00119ea                ReservedFilename::~ReservedFilename()
                0x00000000c00119ea                ReservedFilename::~ReservedFilename()
                0x00000000c0011a0e                ReservedFilename::~ReservedFilename()
                0x00000000c0011a35                getFromFileDescriptor(int)
 .text          0x00000000c0011b32     0x129c core/virtmgr.32
                0x00000000c0011b32                Virt::setPageState(unsigned long, Virt::VirtPageState)
                0x00000000c0011b67                Virt::getPageState(unsigned long)
                0x00000000c0011b8b                Virt::allocateKernelVirtualPages(int)
                0x00000000c0011c9c                Virt::freeSwapfilePage(unsigned long)
                0x00000000c0011cba                Virt::swapIDToSector(unsigned long)
                0x00000000c0011ccc                Virt::allocateSwapfilePage()
                0x00000000c0011d4a                Virt::virtualMemorySetup()
                0x00000000c0011dc9                Virt::swappingSetup()
                0x00000000c0011e26                Virt::getAKernelVAS()
                0x00000000c0011e2c                Virt::setupPageSwapping(int)
                0x00000000c0011f5c                VAS::VAS()
                0x00000000c0011f5c                VAS::VAS()
                0x00000000c0011f8c                VAS::VAS(VAS*)
                0x00000000c0011f8c                VAS::VAS(VAS*)
                0x00000000c0011fb0                VAS::getForeignPageTableEntry(bool, unsigned long)
                0x00000000c0011fdc                VAS::getPageTableEntry(unsigned long)
                0x00000000c0011ffb                Virt::freeKernelVirtualPages(unsigned long)
                0x00000000c001211e                VAS::freeAllocatedPages(unsigned long)
                0x00000000c0012142                VAS::virtualToPhysical(unsigned long)
                0x00000000c001215a                VAS::reflagRange(unsigned long, int, int, int)
                0x00000000c001219a                VAS::setToWriteCombining(unsigned long, int)
                0x00000000c00121cc                VAS::mapOtherVASIn(bool, VAS*)
                0x00000000c00121f6                VAS::~VAS()
                0x00000000c00121f6                VAS::~VAS()
                0x00000000c0012362                VAS::mapPage(unsigned long, unsigned long, int)
                0x00000000c0012462                VAS::allocatePages(int, int)
                0x00000000c001263a                VAS::setCPUSpecific(unsigned long)
                0x00000000c0012656                VAS::mapRange(unsigned long, unsigned long, int, int)
                0x00000000c001271c                VAS::mapForeignPage(bool, VAS*, unsigned long, unsigned long, int)
                0x00000000c001280a                VAS::VAS(bool)
                0x00000000c001280a                VAS::VAS(bool)
                0x00000000c0012a66                VAS::evict(unsigned long)
                0x00000000c0012afe                VAS::tryLoadBackOffDisk(unsigned long)
                0x00000000c0012c3e                VAS::scanForEviction(int, int)
                0x00000000c0012d12                mapVASFirstTime
 .text          0x00000000c0012dce       0x95 coreobjs/c++.32
                0x00000000c0012dce                __cxa_atexit
                0x00000000c0012dd1                __cxa_finalize
                0x00000000c0012dd2                __stack_chk_fail
                0x00000000c0012e3e                __cxa_pure_virtual
                0x00000000c0012e4f                operator new[](unsigned long)
                0x00000000c0012e54                operator delete(void*, unsigned long)
                0x00000000c0012e59                operator delete[](void*)
                0x00000000c0012e5e                operator delete[](void*, unsigned long)
 .text          0x00000000c0012e63      0x1ef dbg/kconsole.32
                0x00000000c0012e63                Dbg::stringifyxWithBase(unsigned int, char*, int)
                0x00000000c0012ec4                Dbg::logc(char)
                0x00000000c0012edb                Dbg::logs(char*)
                0x00000000c0012ef8                Dbg::logWriteInt(unsigned int)
                0x00000000c0012f15                Dbg::logWriteIntBase(unsigned int, int)
                0x00000000c0012f34                Dbg::kprintf(char const*, ...)
 .text          0x00000000c0013052      0xb7c fs/vfs.32
                0x00000000c0013052                File::read(unsigned long long, void*, int*)
                0x00000000c00130aa                File::write(unsigned long long, void*, int*)
                0x00000000c0013102                Directory::read(unsigned long long, void*, int*)
                0x00000000c001315a                Directory::write(unsigned long long, void*, int*)
                0x00000000c0013188                File::isAtty()
                0x00000000c001318c                Directory::isAtty()
                0x00000000c0013190                Filesystem::getlabel(LogicalDisk*, int, char*, unsigned int*)
                0x00000000c0013196                Filesystem::setlabel(LogicalDisk*, int, char*)
                0x00000000c001319c                File::~File()
                0x00000000c001319c                File::~File()
                0x00000000c00131c0                File::~File()
                0x00000000c00131ea                Directory::~Directory()
                0x00000000c00131ea                Directory::~Directory()
                0x00000000c001320e                Directory::~Directory()
                0x00000000c0013238                Filesystem::Filesystem()
                0x00000000c0013238                Filesystem::Filesystem()
                0x00000000c001325c                Filesystem::~Filesystem()
                0x00000000c001325c                Filesystem::~Filesystem()
                0x00000000c001326a                Filesystem::~Filesystem()
                0x00000000c001328e                Fs::getcwd(Process*, char*, int)
                0x00000000c00132b8                Fs::initVFS()
                0x00000000c00132e2                Fs::standardiseFiles(char*, char const*, char const*)
                0x00000000c001348c                File::File(char const*, Process*)
                0x00000000c001348c                File::File(char const*, Process*)
                0x00000000c00134f0                File::open(FileOpenMode)
                0x00000000c001354e                File::close()
                0x00000000c00135ae                File::seek(unsigned long long)
                0x00000000c0013604                File::tell(unsigned long long*)
                0x00000000c0013654                File::rewind()
                0x00000000c0013668                File::unlink()
                0x00000000c00136b4                File::rename(char const*)
                0x00000000c0013702                File::chfatattr(unsigned char, unsigned char)
                0x00000000c001375e                File::exists()
                0x00000000c001379c                File::stat(unsigned long long*, bool*)
                0x00000000c00137fd                Fs::setcwd(Process*, char*)
                0x00000000c0013938                Directory::Directory(char const*, Process*)
                0x00000000c0013938                Directory::Directory(char const*, Process*)
                0x00000000c001399c                Directory::open()
                0x00000000c00139f8                Directory::close()
                0x00000000c0013a58                Directory::unlink()
                0x00000000c0013aa4                Directory::rename(char const*)
                0x00000000c0013af2                Directory::exists()
                0x00000000c0013b30                Directory::read(dirent*)
                0x00000000c0013b7c                Directory::create()
                0x00000000c0013bc8                Filesystem::chfatattr(char const*, unsigned char, unsigned char)
 .text          0x00000000c0013bce       0x84 hal/bus.32
                0x00000000c0013bce                Bus::Bus(char const*)
                0x00000000c0013bce                Bus::Bus(char const*)
                0x00000000c0013c04                Bus::~Bus()
                0x00000000c0013c04                Bus::~Bus()
                0x00000000c0013c28                Bus::~Bus()
 .text          0x00000000c0013c52      0x14e hal/buzzer.32
                0x00000000c0013c52                Buzzer::Buzzer(char const*)
                0x00000000c0013c52                Buzzer::Buzzer(char const*)
                0x00000000c0013c96                Buzzer::~Buzzer()
                0x00000000c0013c96                Buzzer::~Buzzer()
                0x00000000c0013cba                Buzzer::~Buzzer()
                0x00000000c0013ce4                Buzzer::stop()
                0x00000000c0013cf7                beepThread(void*)
                0x00000000c0013d32                Buzzer::beep(int, int, bool)
 .text          0x00000000c0013da0      0x467 hal/clock.32
                0x00000000c0013da0                User::loadClockSettings(int)
                0x00000000c0013df2                Clock::Clock(char const*)
                0x00000000c0013df2                Clock::Clock(char const*)
                0x00000000c0013e28                Clock::~Clock()
                0x00000000c0013e28                Clock::~Clock()
                0x00000000c0013e4c                Clock::~Clock()
                0x00000000c0013e76                Clock::timeInSecondsLocal()
                0x00000000c0013ebe                Clock::setTimeInSecondsLocal(unsigned long long)
                0x00000000c0013f17                datetimeToSeconds(datetime_t)
                0x00000000c001403e                Clock::setTimeInDatetimeLocal(datetime_t)
                0x00000000c001409e                secondsToDatetime(unsigned long long)
                0x00000000c00141e2                Clock::timeInDatetimeLocal()
 *fill*         0x00000000c0014207        0x1 
 .text          0x00000000c0014208      0x4de hal/device.32
                0x00000000c0014208                Device::hibernate()
                0x00000000c001420a                Device::wake()
                0x00000000c001420c                Device::detect()
                0x00000000c001420e                Device::disableLegacy()
                0x00000000c0014210                Device::powerSaving(PowerSavingLevel)
                0x00000000c0014212                DriverlessDevice::close(int, int, void*)
                0x00000000c0014216                DriverlessDevice::detect()
                0x00000000c0014218                DriverlessDevice::open(int, int, void*)
                0x00000000c001422c                Device::~Device()
                0x00000000c001422c                Device::~Device()
                0x00000000c001423a                Device::~Device()
                0x00000000c0014262                Device::findAndLoadDriver()
                0x00000000c0014264                Device::preOpenPCI(PCIDeviceInfo)
                0x00000000c001428a                Device::preOpenACPI(void*, char*, char*)
                0x00000000c00142de                Device::addIRQHandler(int, void (*)(regs*, void*), bool, void*)
                0x00000000c001431c                Device::removeIRQHandler(int, void (*)(regs*, void*), bool)
                0x00000000c001435a                Device::addChild(Device*)
                0x00000000c001439e                Device::removeAllChildren()
                0x00000000c00143e4                Device::hibernateAll()
                0x00000000c0014414                Device::wakeAll()
                0x00000000c0014444                Device::detectAll()
                0x00000000c0014474                Device::disableLegacyAll()
                0x00000000c00144a4                Device::loadDriversForAll()
                0x00000000c00144d0                Device::closeAll()
                0x00000000c0014506                Device::powerSavingAll(PowerSavingLevel)
                0x00000000c001453c                Device::setName(char const*)
                0x00000000c001454a                Device::Device(char const*)
                0x00000000c001454a                Device::Device(char const*)
                0x00000000c0014646                Device::getName()
                0x00000000c0014650                DriverlessDevice::DriverlessDevice(char const*)
                0x00000000c0014650                DriverlessDevice::DriverlessDevice(char const*)
                0x00000000c0014678                Device::addToLinkedList(LinkedList<Device>&, DeviceType)
                0x00000000c00146bc                getDevicesOfType(DeviceType)
 .text          0x00000000c00146e6       0x84 hal/diskctrl.32
                0x00000000c00146e6                HardDiskController::HardDiskController(char const*)
                0x00000000c00146e6                HardDiskController::HardDiskController(char const*)
                0x00000000c001471c                HardDiskController::~HardDiskController()
                0x00000000c001471c                HardDiskController::~HardDiskController()
                0x00000000c0014740                HardDiskController::~HardDiskController()
 .text          0x00000000c001476a       0xf2 hal/diskphys.32
                0x00000000c001476a                PhysicalDisk::eject()
                0x00000000c001477e                PhysicalDisk::PhysicalDisk(char const*, int)
                0x00000000c001477e                PhysicalDisk::PhysicalDisk(char const*, int)
                0x00000000c00147e6                PhysicalDisk::startCache()
                0x00000000c001480e                PhysicalDisk::~PhysicalDisk()
                0x00000000c001480e                PhysicalDisk::~PhysicalDisk()
                0x00000000c0014832                PhysicalDisk::~PhysicalDisk()
 .text          0x00000000c001485c      0x13b hal/fpu.32
                0x00000000c001485c                FPU::FPU(char const*)
                0x00000000c001485c                FPU::FPU(char const*)
                0x00000000c0014892                FPU::~FPU()
                0x00000000c0014892                FPU::~FPU()
                0x00000000c00148b6                FPU::~FPU()
                0x00000000c00148e0                setupFPU()
 *fill*         0x00000000c0014997        0x1 
 .text          0x00000000c0014998     0x13a7 hal/intctrl.32
                0x00000000c0014998                InterruptController::uninstallISRHandler(int, void (*)(regs*, void*))
                0x00000000c00149d0                InterruptController::installISRHandler(int, void (*)(regs*, void*), void*)
                0x00000000c0014a22                doubleFault(regs*, void*)
                0x00000000c0014a3c                InterruptController::installIRQHandler(int, void (*)(regs*, void*), bool, void*)
                0x00000000c0014ad8                InterruptController::clearAllHandlers(int, bool)
                0x00000000c0014b80                InterruptController::uninstallIRQHandler(int, void (*)(regs*, void*), bool)
                0x00000000c0014c07                nmiHandler(regs*, void*)
                0x00000000c0014c15                int_handler
                0x00000000c0014cb6                InterruptController::InterruptController(char const*)
                0x00000000c0014cb6                InterruptController::InterruptController(char const*)
                0x00000000c0014d5c                InterruptController::~InterruptController()
                0x00000000c0014d5c                InterruptController::~InterruptController()
                0x00000000c0014d80                InterruptController::~InterruptController()
                0x00000000c0014daa                displayDebugInfo(regs*)
                0x00000000c0015239                x87EmulHandler(regs*, void*)
                0x00000000c0015268                gpFault(regs*, void*)
                0x00000000c00152a1                pgFault(regs*, void*)
                0x00000000c00152de                otherISRHandler(regs*, void*)
                0x00000000c00152fd                opcodeFault(regs*, void*)
                0x00000000c0015903                displayProgramFault(char const*)
                0x00000000c001592b                setupInterruptController()
                0x00000000c0015cf2                InterruptController::convertLegacyIRQNumber(int)
 *fill*         0x00000000c0015d3f        0x1 
 .text          0x00000000c0015d40      0x6c8 hal/keybrd.32
                0x00000000c0015d40                startGUI(void*)
                0x00000000c0015d9c                startGUIVESA(void*)
                0x00000000c0015df8                sendKeyToTerminal(unsigned char)
                0x00000000c0015e64                sendKeyboardToken(KeyboardToken)
                0x00000000c00162a1                clearInternalKeybuffer(VgaText*)
                0x00000000c00162d6                readKeyboard(VgaText*, char*, unsigned long)
                0x00000000c001637e                Keyboard::Keyboard(char const*)
                0x00000000c001637e                Keyboard::Keyboard(char const*)
                0x00000000c00163ba                Keyboard::~Keyboard()
                0x00000000c00163ba                Keyboard::~Keyboard()
                0x00000000c00163de                Keyboard::~Keyboard()
 .text          0x00000000c0016408      0x414 hal/logidisk.32
                0x00000000c0016408                LogicalDisk::close(int, int, void*)
                0x00000000c001640c                LogicalDisk::~LogicalDisk()
                0x00000000c001640c                LogicalDisk::~LogicalDisk()
                0x00000000c0016430                LogicalDisk::~LogicalDisk()
                0x00000000c001645a                LogicalDisk::open(int, int, void*)
                0x00000000c001646e                LogicalDisk::absoluteToRelative(unsigned long long)
                0x00000000c00164a6                LogicalDisk::relativeToAbsolute(unsigned long long)
                0x00000000c00164ec                LogicalDisk::LogicalDisk(char const*, PhysicalDisk*, unsigned long long, unsigned long long)
                0x00000000c00164ec                LogicalDisk::LogicalDisk(char const*, PhysicalDisk*, unsigned long long, unsigned long long)
                0x00000000c00165a2                LogicalDisk::assignDriveLetter()
                0x00000000c0016658                LogicalDisk::mount()
                0x00000000c00166ca                LogicalDisk::unmount()
                0x00000000c00166da                LogicalDisk::eject()
                0x00000000c00166ee                LogicalDisk::unassignDriveLetter()
                0x00000000c0016744                LogicalDisk::read(unsigned long long, int, void*)
                0x00000000c00167b0                LogicalDisk::write(unsigned long long, int, void*)
 .text          0x00000000c001681c       0x84 hal/mouse.32
                0x00000000c001681c                Mouse::Mouse(char const*)
                0x00000000c001681c                Mouse::Mouse(char const*)
                0x00000000c0016852                Mouse::~Mouse()
                0x00000000c0016852                Mouse::~Mouse()
                0x00000000c0016876                Mouse::~Mouse()
 .text          0x00000000c00168a0      0x34d hal/partition.32
                0x00000000c00168a0                makePartition(PhysicalDisk*, unsigned long long, unsigned long long)
                0x00000000c001695c                createPartitionsForDisk(PhysicalDisk*)
 *fill*         0x00000000c0016bed        0x1 
 .text          0x00000000c0016bee       0x84 hal/serial.32
                0x00000000c0016bee                Serial::Serial(char const*)
                0x00000000c0016bee                Serial::Serial(char const*)
                0x00000000c0016c24                Serial::~Serial()
                0x00000000c0016c24                Serial::~Serial()
                0x00000000c0016c48                Serial::~Serial()
 .text          0x00000000c0016c72      0x2b8 hal/timer.32
                0x00000000c0016c72                Timer::Timer(char const*)
                0x00000000c0016c72                Timer::Timer(char const*)
                0x00000000c0016ca8                Timer::~Timer()
                0x00000000c0016ca8                Timer::~Timer()
                0x00000000c0016ccc                Timer::~Timer()
                0x00000000c0016cf6                Timer::read()
                0x00000000c0016d01                timerHandler(unsigned long long)
                0x00000000c0016e38                setupTimer(int)
 .text          0x00000000c0016f2a      0x425 hal/vcache.32
                0x00000000c0016f2a                VCache::VCache(PhysicalDisk*)
                0x00000000c0016f2a                VCache::VCache(PhysicalDisk*)
                0x00000000c0017092                VCache::invalidateReadBuffer()
                0x00000000c00170a2                VCache::writeWriteBuffer()
                0x00000000c00170de                VCache::~VCache()
                0x00000000c00170de                VCache::~VCache()
                0x00000000c0017132                VCache::~VCache()
                0x00000000c001715a                VCache::write(unsigned long long, int, void*)
                0x00000000c0017250                VCache::read(unsigned long long, int, void*)
 *fill*         0x00000000c001734f        0x1 
 .text          0x00000000c0017350      0x4cd hal/video.32
                0x00000000c0017350                Video::putrect(int, int, int, int, unsigned int)
                0x00000000c001739c                Video::bitblit(int, int, int, int, int, int, int, unsigned int*)
                0x00000000c001740c                Video::blit(unsigned int*, int, int, int, int)
                0x00000000c001748a                Video::clearScreen(unsigned int)
                0x00000000c00174be                Video::putpixel(int, int, unsigned int)
                0x00000000c00174cc                Video::Video(char const*)
                0x00000000c00174cc                Video::Video(char const*)
                0x00000000c0017502                Video::~Video()
                0x00000000c0017502                Video::~Video()
                0x00000000c0017526                Video::~Video()
                0x00000000c0017550                Video::isMonochrome()
                0x00000000c001755c                Video::getWidth()
                0x00000000c0017568                Video::getHeight()
                0x00000000c0017574                Video::drawCursor(int, int, unsigned char*, int)
                0x00000000c0017630                Video::tgaParse(unsigned char*, int, int*, int*)
                0x00000000c00177b2                Video::putTGA(int, int, unsigned char*, int)
 *fill*         0x00000000c001781d        0x1 
 .text          0x00000000c001781e      0xf64 hw/acpi.32
                0x00000000c001781e                ACPI::close(int, int, void*)
                0x00000000c00178d3                findRSDP()
                0x00000000c001795d                loadACPITables(unsigned char*)
                0x00000000c0017b84                findRSDT(unsigned char*)
                0x00000000c0017ca2                findDataTable(unsigned char*, char*)
                0x00000000c0017d3e                scanMADT()
                0x00000000c00181c4                ACPI::ACPI()
                0x00000000c00181c4                ACPI::ACPI()
                0x00000000c001822e                ACPI::getPCIIRQAssignment(unsigned char, unsigned short, unsigned char)
                0x00000000c0018310                ACPI::registerPCIIRQAssignment(void*, unsigned short, unsigned char, unsigned char)
                0x00000000c00183d6                ACPI::setScreenBrightnessLevel(void*, int)
                0x00000000c00183dc                ACPI::writeSimpleBootFlag(SimpleBootFlagTable*)
                0x00000000c0018424                ACPI::open(int, int, void*)
                0x00000000c001876a                ACPI::sleep()
 .text          0x00000000c0018782     0x1715 hw/cpu.32
                0x00000000c0018782                CPU::close(int, int, void*)
                0x00000000c0018786                CPU::lookupAMDName(unsigned char, unsigned char)
                0x00000000c001891a                CPU::lookupIntelName(unsigned char, unsigned char)
                0x00000000c0018bc8                CPU::AMD_K6_write_msr(unsigned int, unsigned int, unsigned int, CPU::REGS*)
                0x00000000c0018be4                CPU::AMD_K6_read_msr(unsigned int, CPU::REGS*)
                0x00000000c0018bfc                CPU::AMD_K6_writeback(int, int, int)
                0x00000000c0018c70                CPU::cpuid(int, unsigned long*, unsigned long*, unsigned long*, unsigned long*)
                0x00000000c0018cf4                CPU::cpuidCheckEDX(unsigned int)
                0x00000000c0018d22                CPU::cpuidCheckECX(unsigned int)
                0x00000000c0018d50                CPU::cpuidCheckExtendedEBX(unsigned int)
                0x00000000c0018d7e                CPU::cpuidCheckExtendedECX(unsigned int)
                0x00000000c0018dac                CPU::CPU()
                0x00000000c0018dac                CPU::CPU()
                0x00000000c0018e3a                CPU::displayFeatures()
                0x00000000c00190b6                CPU::detectFeatures()
                0x00000000c0019aa6                CPU::setupSMEP()
                0x00000000c0019ab2                CPU::setupUMIP()
                0x00000000c0019abc                CPU::setupTSC()
                0x00000000c0019ac6                CPU::setupLargePages()
                0x00000000c0019ad0                CPU::setupPAT()
                0x00000000c0019b0c                CPU::setupMTRR()
                0x00000000c0019b0e                CPU::setupGlobalPages()
                0x00000000c0019b18                CPU::allowUsermodeDataAccess()
                0x00000000c0019b2a                CPU::prohibitUsermodeDataAccess()
                0x00000000c0019b3c                CPU::setupSMAP()
                0x00000000c0019b4a                CPU::setupFeatures()
                0x00000000c0019bca                CPU::open(int, int, void*)
                0x00000000c0019c9c                CPU::decodeAddress(regs*, int*, bool*, unsigned char*)
 .text          0x00000000c0019e97        0x0 hw/ports.32
 .text          0x00000000c0019e97      0x16a hw/smp.32
                0x00000000c0019e97                Krnl::smpEntry()
                0x00000000c0019e99                Krnl::startCPU(int)
                0x00000000c0019fe2                Krnl::startCPUs()
 *fill*         0x00000000c001a001        0x1 
 .text          0x00000000c001a002      0x5d3 krnl/env.32
                0x00000000c001a002                EnvVarContainer::getEnv(char const*)
                0x00000000c001a040                EnvVarContainer::setEnv(char const*, char const*)
                0x00000000c001a10c                EnvVarContainer::deleteEnv(char const*)
                0x00000000c001a10e                EnvVarContainer::loadFrom(char const*, char const*)
                0x00000000c001a304                EnvVarContainer::__loadSystem()
                0x00000000c001a31e                EnvVarContainer::__loadUser()
                0x00000000c001a320                EnvVarContainer::EnvVarContainer(Process*)
                0x00000000c001a320                EnvVarContainer::EnvVarContainer(Process*)
                0x00000000c001a342                EnvVarContainer::~EnvVarContainer()
                0x00000000c001a342                EnvVarContainer::~EnvVarContainer()
                0x00000000c001a372                Krnl::getEnv(Process*, char const*)
                0x00000000c001a3d7                Krnl::setEnvSystem(char const*, char const*)
                0x00000000c001a3f1                Krnl::setEnvUser(char const*, char const*)
                0x00000000c001a410                Krnl::setEnvProcess(Process*, char const*, char const*)
                0x00000000c001a423                Krnl::deleteEnvSystem(char const*)
                0x00000000c001a424                Krnl::deleteEnvUser(char const*)
                0x00000000c001a425                Krnl::deleteEnvProcess(Process*, char const*)
                0x00000000c001a426                Krnl::newProcessEnv(Process*)
                0x00000000c001a448                Krnl::copyProcessEnv(Process*, Process*)
                0x00000000c001a49c                Krnl::loadSystemEnv()
                0x00000000c001a4ca                Krnl::loadUserEnv()
                0x00000000c001a4f0                Krnl::flushEnv()
                0x00000000c001a4f1                Krnl::getProcessTotalEnvCount(Process*)
                0x00000000c001a511                Krnl::getProcessEnvPair(Process*, int)
 .text          0x00000000c001a5d5      0x396 krnl/panic.32
                0x00000000c001a5d5                Krnl::panic(char const*)
 .text          0x00000000c001a96b      0x3b6 net/ethernet.32
                0x00000000c001a96b                Net::switchEndian16(unsigned short)
                0x00000000c001a98c                Net::switchEndian32(unsigned int)
                0x00000000c001a9bb                Net::crc32Calc(unsigned char*, int)
                0x00000000c001aa4c                Net::wrapEthernetFrame(Net::UnwrappedEthernetFrame, unsigned char*)
                0x00000000c001ab88                Net::unwrapEthernetFrame(unsigned char*, int)
 .text          0x00000000c001ad21      0x513 reg/registry.32
                0x00000000c001ad21                Reg::findLineFromLoadedData(char*, char*, char*)
                0x00000000c001ae79                Reg::getLineFromRegistry(char*, char*, char*, char*)
                0x00000000c001afce                Reg::getLine(char*, char*, char*)
                0x00000000c001b005                Reg::readInt(char*, char*, int*)
                0x00000000c001b0f0                Reg::readString(char*, char*, char*, int)
                0x00000000c001b171                Reg::readBool(char*, char*, bool*)
                0x00000000c001b196                Reg::readBoolWithDefault(char*, char*, bool)
                0x00000000c001b1c2                Reg::readIntWithDefault(char*, char*, int)
                0x00000000c001b1ee                Reg::readStringWithDefault(char*, char*, char*, int, char*)
 .text          0x00000000c001b234       0x36 sys/sc_eject.32
                0x00000000c001b234                Sys::eject(regs*)
 .text          0x00000000c001b26a       0x18 sys/sc_exit.32
                0x00000000c001b26a                Sys::exit(regs*)
 .text          0x00000000c001b282       0x1f sys/sc_getcwd.32
                0x00000000c001b282                Sys::getCwd(regs*)
 .text          0x00000000c001b2a1        0xc sys/sc_getpid.32
                0x00000000c001b2a1                Sys::getPID(regs*)
 .text          0x00000000c001b2ad       0x17 sys/sc_getramdata.32
                0x00000000c001b2ad                Sys::getRAMData(regs*)
 .text          0x00000000c001b2c4       0xa8 sys/sc_loaddll.32
                0x00000000c001b2c4                Sys::loadDLL(regs*)
 .text          0x00000000c001b36c       0x68 sys/sc_read.32
                0x00000000c001b36c                Sys::read(regs*)
 .text          0x00000000c001b3d4       0x9f sys/sc_sbrk.32
                0x00000000c001b3d4                Sys::sbrk(regs*)
 .text          0x00000000c001b473       0x1c sys/sc_setcwd.32
                0x00000000c001b473                Sys::setCwd(regs*)
 .text          0x00000000c001b48f      0x128 sys/sc_settime.32
                0x00000000c001b48f                Sys::setTime(regs*)
 .text          0x00000000c001b5b7       0x4a sys/sc_timezone.32
                0x00000000c001b5b7                Sys::timezone(regs*)
 .text          0x00000000c001b601       0x68 sys/sc_write.32
                0x00000000c001b601                Sys::write(regs*)
 .text          0x00000000c001b669       0x62 sys/sc_wsbe.32
                0x00000000c001b669                Sys::wsbe(regs*)
 .text          0x00000000c001b6cb       0x3b sys/sc_yield.32
                0x00000000c001b6cb                Sys::yield(regs*)
 .text          0x00000000c001b706     0x10e5 sys/syscalls.32
                0x00000000c001b706                sysCallSeekDir(regs*)
                0x00000000c001b70b                sysCallTellDir(regs*)
                0x00000000c001b710                sysCallVerify(regs*)
                0x00000000c001b71a                sysFormatDisk(regs*)
                0x00000000c001b784                sysSetDiskVolumeLabel(regs*)
                0x00000000c001b7ca                sysGetDiskVolumeLabel(regs*)
                0x00000000c001b81b                sysShutdown(regs*)
                0x00000000c001b879                sysCallRealpath(regs*)
                0x00000000c001b8bc                sysCallGetArgc(regs*)
                0x00000000c001b8ea                sysCallReadDir(regs*)
                0x00000000c001b978                sysCallIsATTY(regs*)
                0x00000000c001b9d2                sysCallSeek(regs*)
                0x00000000c001ba3b                sysCallTell(regs*)
                0x00000000c001bab8                sysCallSize(regs*)
                0x00000000c001bb3b                sysCallSizeFromFilename(regs*)
                0x00000000c001bbfb                sysCallClose(regs*)
                0x00000000c001bc83                sysCallOpenDir(regs*)
                0x00000000c001bcf8                sysCallCloseDir(regs*)
                0x00000000c001bd5e                sysCallMakeDir(regs*)
                0x00000000c001bdce                sysCallWait(regs*)
                0x00000000c001bde8                sysCallNotImpl(regs*)
                0x00000000c001be03                sysPanic(regs*)
                0x00000000c001be29                sysCallRmdir(regs*)
                0x00000000c001be8d                sysCallUnlink(regs*)
                0x00000000c001bef1                sysCallGetArgv(regs*)
                0x00000000c001bf3d                sysCallTTYName(regs*)
                0x00000000c001bfc0                sysCallUSleep(regs*)
                0x00000000c001bfe7                sysCallSpawn(regs*)
                0x00000000c001c03f                sysCallGetEnv(regs*)
                0x00000000c001c177                sysAppSettings(regs*)
                0x00000000c001c296                sysSetFatAttrib(regs*)
                0x00000000c001c308                sysPipe(regs*)
                0x00000000c001c34d                sysGetUnixTime(regs*)
                0x00000000c001c361                string_ends_with(char const*, char const*)
                0x00000000c001c3a9                sysCallOpen(regs*)
                0x00000000c001c5be                Sys::loadSyscalls()
                0x00000000c001c7a9                Sys::systemCall(regs*, void*)
 .text          0x00000000c001c7eb     0x11d4 thr/elf.32
                0x00000000c001c7eb                Thr::allocateMemoryForTask(Process*, File*, unsigned long, unsigned long, unsigned long)
                0x00000000c001ca7d                Thr::loadProgramIntoMemory(Process*, char const*)
                0x00000000c001cc93                Thr::runtimeReferenceHelper()
                0x00000000c001cca6                Thr::getAddressOfKernelSymbol(char const*)
                0x00000000c001ccf5                Thr::loadKernelSymbolTable(char const*)
                0x00000000c001cfb3                Thr::loadDriverIntoMemory(char const*, unsigned long, bool)
                0x00000000c001d6cf                Thr::getDriverBaseFromAddress(unsigned long)
                0x00000000c001d701                Thr::getDriverNameFromAddress(unsigned long)
                0x00000000c001d738                Thr::getDriverOffsetFromAddress(unsigned long)
                0x00000000c001d752                Thr::loadDLL(char const*, bool)
                0x00000000c001d986                Thr::executeDLL(unsigned long, void*)
 *fill*         0x00000000c001d9bf        0x1 
 .text          0x00000000c001d9c0     0x1056 thr/prcssthr.32
                0x00000000c001d9c0                changeTSS
                0x00000000c001d9f0                Process::addArgs(char**)
                0x00000000c001da4a                Process::Process(char const*, Process*, char**)
                0x00000000c001da4a                Process::Process(char const*, Process*, char**)
                0x00000000c001dc2e                Process::Process(bool, char const*, Process*, char**)
                0x00000000c001dc2e                Process::Process(bool, char const*, Process*, char**)
                0x00000000c001dddd                disableIRQs()
                0x00000000c001dde5                getIRQNestingLevel()
                0x00000000c001ddeb                enableIRQs()
                0x00000000c001ddfa                lockScheduler()
                0x00000000c001ddfc                unlockScheduler()
                0x00000000c001ddfe                userModeEntryPoint(void*)
                0x00000000c001de21                lockStuff()
                0x00000000c001de2d                taskStartupFunction
                0x00000000c001de36                updateTimeUsed()
                0x00000000c001de9b                switchToThread(ThreadControlBlock*)
                0x00000000c001deec                Semaphore::Semaphore(int)
                0x00000000c001deec                Semaphore::Semaphore(int)
                0x00000000c001df1a                Mutex::Mutex()
                0x00000000c001df1a                Mutex::Mutex()
                0x00000000c001df2c                Process::createThread(void (*)(void*), void*, int)
                0x00000000c001e010                Process::createUserThread()
                0x00000000c001e02c                setupMultitasking(void (*)())
                0x00000000c001e136                schedule()
                0x00000000c001e1bb                unlockStuff()
                0x00000000c001e1f0                Semaphore::tryAcquire()
                0x00000000c001e21e                Semaphore::assertLocked(char const*)
                0x00000000c001e24e                blockTaskWithSchedulerLockAlreadyHeld(TaskState)
                0x00000000c001e290                blockTask(TaskState)
                0x00000000c001e2b1                waitTask(int, int*, int)
                0x00000000c001e2f3                nanoSleepUntil(unsigned long long)
                0x00000000c001e34a                nanoSleep(unsigned long long)
                0x00000000c001e35f                sleep(unsigned long long)
                0x00000000c001e37c                Semaphore::acquire()
                0x00000000c001e3e4                taskReturned
                0x00000000c001e412                unblockTask(ThreadControlBlock*)
                0x00000000c001e4c1                cleanupTerminatedTask(ThreadControlBlock*)
                0x00000000c001e78a                cleanerTaskFunction(void*)
                0x00000000c001e83d                terminateTask(int)
                0x00000000c001e91d                Thr::terminateFromIRQ(int)
                0x00000000c001e92a                Semaphore::release()
 .text          0x00000000c001ea16      0xc26 vm86/vm8086.32
                0x00000000c001ea16                Vm::inbv(unsigned short)
                0x00000000c001ea29                Vm::outbv(unsigned short, unsigned char)
                0x00000000c001ea7c                Vm::realToLinear(unsigned short, unsigned short)
                0x00000000c001ea8c                Vm::getSegment(unsigned int)
                0x00000000c001ea94                Vm::getOffset(unsigned int)
                0x00000000c001ea99                Vm::mainloop2()
                0x00000000c001ead4                Vm::mainVm8086Loop(void*)
                0x00000000c001eae1                Vm::mainloop3(unsigned long)
                0x00000000c001eb0b                Vm::initialise8086()
                0x00000000c001eb4e                Vm::finish8086()
                0x00000000c001eb93                Vm::getOutput8086(unsigned char*)
                0x00000000c001ebbd                Vm::start8086(char const*, unsigned short, unsigned short, unsigned short, unsigned short)
                0x00000000c001ed0d                Vm::doISR(regs*, int, unsigned char*, unsigned short, unsigned short)
                0x00000000c001ed97                Vm::readByteFromReal(unsigned short, unsigned short)
                0x00000000c001eda8                Vm::readWordFromReal(unsigned short, unsigned short)
                0x00000000c001edba                Vm::readDwordFromReal(unsigned short, unsigned short)
                0x00000000c001edcb                Vm::writeByteFromReal(unsigned short, unsigned short, unsigned char)
                0x00000000c001ede0                Vm::writeWordFromReal(unsigned short, unsigned short, unsigned short)
                0x00000000c001edf6                Vm::writeDwordFromReal(unsigned short, unsigned short, unsigned int)
                0x00000000c001ee0b                Vm::faultHandler(regs*)
 .text          0x00000000c001f63c      0xefd vm86/x87em.32
                0x00000000c001f63c                Vm::fpuInternalTo32(unsigned long long)
                0x00000000c001f697                Vm::fpuInternalTo64(unsigned long long)
                0x00000000c001f6a0                Vm::fpu32ToInternal(unsigned int)
                0x00000000c001f6e5                Vm::fpu64ToInternal(unsigned long long)
                0x00000000c001f6ee                Vm::fpuFloatToLong(unsigned long long)
                0x00000000c001f749                Vm::fpuULongToFloat(unsigned long long)
                0x00000000c001f77f                Vm::fpuLongToFloat(long long)
                0x00000000c001f7d5                Vm::fpuGet0()
                0x00000000c001f7da                Vm::fpuGet1()
                0x00000000c001f7e2                Vm::fpuGetPi()
                0x00000000c001f7ea                Vm::fpuGetLog2E()
                0x00000000c001f802                Vm::fpuGetLogE2()
                0x00000000c001f81a                Vm::fpuGetLog210()
                0x00000000c001f832                Vm::fpuGetLog102()
                0x00000000c001f84a                Vm::fpuIsSecondLarger(unsigned long long, unsigned long long)
                0x00000000c001f85e                Vm::fpuAreEqual(unsigned long long, unsigned long long)
                0x00000000c001f874                Vm::fpuUnorderedCompare(unsigned long long, unsigned long long)
                0x00000000c001f8c7                Vm::fpuAdd(unsigned long long, unsigned long long)
                0x00000000c001f8d8                Vm::fpuAbs(unsigned long long)
                0x00000000c001f8e1                Vm::fpuChs(unsigned long long)
                0x00000000c001f8f1                Vm::fpuSub(unsigned long long, unsigned long long)
                0x00000000c001f900                Vm::fpuMultiply(unsigned long long, unsigned long long)
                0x00000000c001f91f                Vm::fpuDivide(unsigned long long, unsigned long long)
                0x00000000c001f93b                Vm::fpuSquare(unsigned long long)
                0x00000000c001f951                Vm::fpuGetReg(int)
                0x00000000c001f994                Vm::fpuSetReg(int, unsigned long long)
                0x00000000c001f9df                Vm::fpuPush(unsigned long long)
                0x00000000c001fa3c                Vm::fpuPop()
                0x00000000c001fa8e                Vm::x87Handler(regs*)
 *fill*         0x00000000c0020539        0x1 
 .text          0x00000000c002053a     0x10ed fs/fat/vfslink.32
                0x00000000c002053a                FAT::getName()
                0x00000000c0020540                FAT::tell(void*, unsigned long long*)
                0x00000000c0020574                FAT::stat(void*, unsigned long long*)
                0x00000000c00205a8                FAT::~FAT()
                0x00000000c00205a8                FAT::~FAT()
                0x00000000c00205cc                FAT::~FAT()
                0x00000000c00205f4                FAT::getlabel(LogicalDisk*, int, char*, unsigned int*)
                0x00000000c0020692                FAT::setlabel(LogicalDisk*, int, char*)
                0x00000000c002074c                FAT::format(LogicalDisk*, int, char const*, int)
                0x00000000c0020930                FAT::tryMount(LogicalDisk*, int)
                0x00000000c0020b36                FAT::readDir(void*, unsigned long, void*, int*)
                0x00000000c0020c3c                FAT::read(void*, unsigned long, void*, int*)
                0x00000000c0020c96                FAT::write(void*, unsigned long, void*, int*)
                0x00000000c0020cf0                FAT::close(void*)
                0x00000000c0020d3c                FAT::closeDir(void*)
                0x00000000c0020d88                FAT::seek(void*, unsigned long long)
                0x00000000c0020ddc                fatWrapperReadDisk
                0x00000000c0020e23                fatWrapperWriteDisk
                0x00000000c0020e6a                fatWrapperIoctl
                0x00000000c0020f6e                FAT::FAT()
                0x00000000c0020f6e                FAT::FAT()
                0x00000000c0020fc0                FAT::fixFilepath(char*)
                0x00000000c0020ff8                FAT::open(char const*, void**, FileOpenMode)
                0x00000000c0021120                FAT::openDir(char const*, void**)
                0x00000000c00211c6                FAT::stat(char const*, unsigned long long*, bool*)
                0x00000000c00212b0                FAT::unlink(char const*)
                0x00000000c002132a                FAT::chfatattr(char const*, unsigned char, unsigned char)
                0x00000000c002147e                FAT::rename(char const*, char const*)
                0x00000000c0021542                FAT::mkdir(char const*)
                0x00000000c00215bc                FAT::exists(char const*)
 *fill*         0x00000000c0021627        0x1 
 .text          0x00000000c0021628      0xbc1 fs/iso9660/vfslink.32
                0x00000000c0021628                ISO9660::format(LogicalDisk*, int, char const*, int)
                0x00000000c002162e                ISO9660::seek(void*, unsigned long long)
                0x00000000c002165e                ISO9660::tell(void*, unsigned long long*)
                0x00000000c0021682                ISO9660::getName()
                0x00000000c0021688                ISO9660::stat(void*, unsigned long long*)
                0x00000000c00216ac                ISO9660::chfatattr(char const*, unsigned char, unsigned char)
                0x00000000c00216b2                ISO9660::unlink(char const*)
                0x00000000c00216b8                ISO9660::write(void*, unsigned long, void*, int*)
                0x00000000c00216be                ISO9660::rename(char const*, char const*)
                0x00000000c00216c4                ISO9660::mkdir(char const*)
                0x00000000c00216ca                ISO9660::close(void*)
                0x00000000c00216ec                ISO9660::closeDir(void*)
                0x00000000c002170e                ISO9660::~ISO9660()
                0x00000000c002170e                ISO9660::~ISO9660()
                0x00000000c0021732                ISO9660::~ISO9660()
                0x00000000c0021759                __memmem(unsigned char*, int, unsigned char*, int)
                0x00000000c002179b                readSectorFromCDROM(unsigned int, unsigned char*, char)
                0x00000000c0021802                ISO9660::tryMount(LogicalDisk*, int)
                0x00000000c0021852                ISO9660::read(void*, unsigned long, void*, int*)
                0x00000000c0021a52                ISO9660::readDir(void*, unsigned long, void*, int*)
                0x00000000c0021cdf                readRoot(unsigned int*, unsigned int*, char)
                0x00000000c0021d34                readRecursively(char*, unsigned int, unsigned int, unsigned int*, unsigned int*, char, int*)
                0x00000000c0021f07                getFileData(char*, unsigned int*, unsigned int*, char, int*)
                0x00000000c0021f96                ISO9660::open(char const*, void**, FileOpenMode)
                0x00000000c0022056                ISO9660::exists(char const*)
                0x00000000c002207a                ISO9660::stat(char const*, unsigned long long*, bool*)
                0x00000000c002210e                ISO9660::openDir(char const*, void**)
                0x00000000c00221c6                ISO9660::ISO9660()
                0x00000000c00221c6                ISO9660::ISO9660()
 *fill*         0x00000000c00221e9        0x1 
 .text          0x00000000c00221ea      0x326 hal/sound/sndchannel.32
                0x00000000c00221ea                SoundChannel::~SoundChannel()
                0x00000000c00221ea                SoundChannel::~SoundChannel()
                0x00000000c0022206                SoundChannel::setSpeed(float)
                0x00000000c0022212                SoundChannel::getSpeed()
                0x00000000c002221a                SoundChannel::setVolume(int)
                0x00000000c0022236                SoundChannel::getVolume()
                0x00000000c002223e                SoundChannel::pause()
                0x00000000c0022248                SoundChannel::SoundChannel(int, int, int, int)
                0x00000000c0022248                SoundChannel::SoundChannel(int, int, int, int)
                0x00000000c002239e                SoundChannel::play()
                0x00000000c00223a8                SoundChannel::paused()
                0x00000000c00223b0                SoundChannel::getSampleRate()
                0x00000000c00223b8                SoundChannel::getBits()
                0x00000000c00223c0                SoundChannel::getBufferUsed()
                0x00000000c00223c8                SoundChannel::getBufferSize()
                0x00000000c00223d0                SoundChannel::unbuffer(float*, int, int)
                0x00000000c0022470                SoundChannel::buffer8(unsigned char*, int)
 .text          0x00000000c0022510      0x3d5 hal/sound/sndhw.32
                0x00000000c0022510                SoundDevice::SoundDevice(char const*)
                0x00000000c0022510                SoundDevice::SoundDevice(char const*)
                0x00000000c002257c                SoundDevice::~SoundDevice()
                0x00000000c002257c                SoundDevice::~SoundDevice()
                0x00000000c00225f6                SoundDevice::~SoundDevice()
                0x00000000c0022620                SoundDevice::getFreeChannelNum()
                0x00000000c002263a                SoundDevice::addChannel(SoundChannel*)
                0x00000000c00226aa                SoundDevice::removeChannel(int)
                0x00000000c00226dc                SoundDevice::floatTo8(float*, unsigned char*, int)
                0x00000000c00227c4                SoundDevice::getAudio(int, float*, float*)
 .text          0x00000000c00228e5        0x0 hw/bus/isa.32
 *fill*         0x00000000c00228e5        0x1 
 .text          0x00000000c00228e6      0x6c3 hw/bus/pci.32
                0x00000000c00228e6                PCI::open(int, int, void*)
                0x00000000c00228fa                PCI::close(int, int, void*)
                0x00000000c00228fe                PCI::PCI()
                0x00000000c00228fe                PCI::PCI()
                0x00000000c002297e                PCI::pciReadWord(unsigned char, unsigned char, unsigned char, unsigned char)
                0x00000000c00229c6                PCI::getVendorID(unsigned char, unsigned char, unsigned char)
                0x00000000c00229e8                PCI::getHeaderType(unsigned char, unsigned char, unsigned char)
                0x00000000c0022a0c                PCI::getClassCode(unsigned char, unsigned char, unsigned char)
                0x00000000c0022a50                PCI::getProgIF(unsigned char, unsigned char, unsigned char)
                0x00000000c0022a74                PCI::getRevisionID(unsigned char, unsigned char, unsigned char)
                0x00000000c0022a96                PCI::getInterruptNumber(unsigned char, unsigned char, unsigned char)
                0x00000000c0022ab8                PCI::getSecondaryBus(unsigned char, unsigned char, unsigned char)
                0x00000000c0022adc                PCI::getBARAddress(unsigned char, unsigned char, unsigned char, unsigned char)
                0x00000000c0022b3c                PCI::pciWriteWord(unsigned char, unsigned char, unsigned char, unsigned char, unsigned short)
                0x00000000c0022ba8                PCI::checkBus(unsigned char)
                0x00000000c0022bcc                PCI::foundDevice(PCIDeviceInfo)
                0x00000000c0022d3e                PCI::getDeviceData(unsigned char, unsigned char, unsigned char)
                0x00000000c0022eea                PCI::checkDevice(unsigned char, unsigned char)
                0x00000000c0022f56                PCI::detect()
 *fill*         0x00000000c0022fa9        0x1 
 .text          0x00000000c0022faa      0xc70 hw/diskctrl/ide.32
                0x00000000c0022faa                IDE::close(int, int, void*)
                0x00000000c0022fae                IDE::IDE()
                0x00000000c0022fae                IDE::IDE()
                0x00000000c0022fe2                IDE::prepareInterrupt(unsigned char)
                0x00000000c0022ff4                selectDrive(unsigned char, unsigned char)
                0x00000000c0022ff6                IDE::getBase(unsigned char)
                0x00000000c0023008                IDE::write(unsigned char, unsigned char, unsigned char)
                0x00000000c00230c8                IDE::read(unsigned char, unsigned char)
                0x00000000c0023176                IDE::waitInterrupt(unsigned char)
                0x00000000c00231dc                ideChannel0IRQHandler(regs*, void*)
                0x00000000c00231f8                ideChannel1IRQHandler(regs*, void*)
                0x00000000c0023214                IDE::enableIRQs(unsigned char, bool)
                0x00000000c002325a                IDE::open(int, int, void*)
                0x00000000c002366a                IDE::readBuffer(unsigned char, unsigned char, unsigned int, unsigned int)
                0x00000000c0023736                IDE::detect()
                0x00000000c0023a1e                IDE::printError(unsigned char, unsigned char, unsigned char)
                0x00000000c0023bb4                IDE::polling(unsigned char, unsigned int)
 .text          0x00000000c0023c1a      0x390 hw/diskctrl/satabus.32
                0x00000000c0023c1a                SATABus::close(int, int, void*)
                0x00000000c0023c1e                SATABus::detect()
                0x00000000c0023c20                SATABus::SATABus()
                0x00000000c0023c20                SATABus::SATABus()
                0x00000000c0023ccc                SATABus::findCmdslot(SATABus::tagHBA_PORT volatile*)
                0x00000000c0023d14                SATABus::checkType(SATABus::tagHBA_PORT volatile*)
                0x00000000c0023d5c                SATABus::startCmd(SATABus::tagHBA_PORT volatile*)
                0x00000000c0023d7c                SATABus::stopCmd(SATABus::tagHBA_PORT volatile*)
                0x00000000c0023da6                SATABus::portRebase(SATABus::tagHBA_PORT volatile*, int)
                0x00000000c0023eac                SATABus::probePort(SATABus::tagHBA_MEM volatile*)
                0x00000000c0023f8a                SATABus::open(int, int, void*)
 .text          0x00000000c0023faa      0x63c hw/diskphys/ata.32
                0x00000000c0023faa                ATA::close(int, int, void*)
                0x00000000c0023fce                ATA::powerSaving(PowerSavingLevel)
                0x00000000c0023fd0                ATA::ATA()
                0x00000000c0023fd0                ATA::ATA()
                0x00000000c0023ffe                ATA::flush(bool)
                0x00000000c0024048                ATA::readyForCommand()
                0x00000000c0024098                ATA::access(unsigned long long, int, void*, bool)
                0x00000000c0024420                ATA::read(unsigned long long, int, void*)
                0x00000000c0024488                ATA::write(unsigned long long, int, void*)
                0x00000000c00244f0                ATA::detectCHS()
                0x00000000c002451a                ATA::open(int, int, void*)
 .text          0x00000000c00245e6      0x5bd hw/diskphys/atapi.32
                0x00000000c00245e6                ATAPI::write(unsigned long long, int, void*)
                0x00000000c00245ec                ATAPI::close(int, int, void*)
                0x00000000c0024610                ATAPI::ATAPI()
                0x00000000c0024610                ATAPI::ATAPI()
                0x00000000c002463e                ATAPI::readyForCommand()
                0x00000000c002468e                ATAPI::sendPacket(unsigned char*, int, bool, unsigned short*, int)
                0x00000000c002494e                ATAPI::diskRemoved()
                0x00000000c002496a                ATAPI::eject()
                0x00000000c00249b2                ATAPI::diskInserted()
                0x00000000c00249e0                ATAPI::detectMedia()
                0x00000000c0024a9c                ATAPI::open(int, int, void*)
                0x00000000c0024b24                ATAPI::read(unsigned long long, int, void*)
 *fill*         0x00000000c0024ba3        0x1 
 .text          0x00000000c0024ba4      0x455 hw/diskphys/sata.32
                0x00000000c0024ba4                SATA::close(int, int, void*)
                0x00000000c0024bc8                SATA::powerSaving(PowerSavingLevel)
                0x00000000c0024bca                SATA::open(int, int, void*)
                0x00000000c0024c78                SATA::SATA()
                0x00000000c0024c78                SATA::SATA()
                0x00000000c0024ca6                SATA::access(unsigned long long, int, void*, bool)
                0x00000000c0024f0c                SATA::read(unsigned long long, int, void*)
                0x00000000c0024f74                SATA::write(unsigned long long, int, void*)
 *fill*         0x00000000c0024ff9        0x1 
 .text          0x00000000c0024ffa      0x500 hw/diskphys/satapi.32
                0x00000000c0024ffa                SATAPI::write(unsigned long long, int, void*)
                0x00000000c0025000                SATAPI::close(int, int, void*)
                0x00000000c0025024                SATAPI::SATAPI()
                0x00000000c0025024                SATAPI::SATAPI()
                0x00000000c0025052                SATAPI::diskRemoved()
                0x00000000c002506e                SATAPI::diskInserted()
                0x00000000c002509c                SATAPI::sendPacket(unsigned char*, int, unsigned long long, unsigned short*, int)
                0x00000000c00252a0                SATAPI::eject()
                0x00000000c00252e8                SATAPI::detectMedia()
                0x00000000c00253aa                SATAPI::open(int, int, void*)
                0x00000000c0025458                SATAPI::read(unsigned long long, int, void*)
 .text          0x00000000c00254fa       0x8e hw/fpu/avx.32
                0x00000000c00254fa                AVX::open(int, int, void*)
                0x00000000c002550c                AVX::close(int, int, void*)
                0x00000000c002551e                AVX::available()
                0x00000000c0025530                AVX::save(void*)
                0x00000000c0025548                AVX::load(void*)
                0x00000000c0025560                AVX::AVX()
                0x00000000c0025560                AVX::AVX()
 .text          0x00000000c0025588       0x90 hw/fpu/mmx.32
                0x00000000c0025588                MMX::available()
                0x00000000c002559c                MMX::open(int, int, void*)
                0x00000000c00255ae                MMX::close(int, int, void*)
                0x00000000c00255c0                MMX::save(void*)
                0x00000000c00255d8                MMX::load(void*)
                0x00000000c00255f0                MMX::MMX()
                0x00000000c00255f0                MMX::MMX()
 .text          0x00000000c0025618       0x96 hw/fpu/sse.32
                0x00000000c0025618                SSE::open(int, int, void*)
                0x00000000c002562a                SSE::close(int, int, void*)
                0x00000000c002563c                SSE::available()
                0x00000000c0025656                SSE::save(void*)
                0x00000000c002566e                SSE::load(void*)
                0x00000000c0025686                SSE::SSE()
                0x00000000c0025686                SSE::SSE()
 .text          0x00000000c00256ae       0x8e hw/fpu/x87.32
                0x00000000c00256ae                x87::open(int, int, void*)
                0x00000000c00256c0                x87::close(int, int, void*)
                0x00000000c00256d2                x87::available()
                0x00000000c00256e4                x87::save(void*)
                0x00000000c00256fc                x87::load(void*)
                0x00000000c0025714                x87::x87()
                0x00000000c0025714                x87::x87()
 .text          0x00000000c002573c      0x71e hw/intctrl/apic.32
                0x00000000c002573c                APIC::disable()
                0x00000000c002573e                APIC::close(int, int, void*)
                0x00000000c0025760                IOAPIC::close(int, int, void*)
                0x00000000c0025766                APIC::io_wait()
                0x00000000c002576c                APIC::getBase()
                0x00000000c00257ae                APIC::eoi(unsigned char)
                0x00000000c00257dc                APIC::open(int, int, void*)
                0x00000000c002592a                IOAPIC::IOAPIC()
                0x00000000c002592a                IOAPIC::IOAPIC()
                0x00000000c0025952                APIC::APIC()
                0x00000000c0025952                APIC::APIC()
                0x00000000c0025a2e                IOAPIC::handlesGSIWithNumber(unsigned int)
                0x00000000c0025a60                IOAPIC::read(int)
                0x00000000c0025a88                IOAPIC::open(int, int, void*)
                0x00000000c0025b7e                IOAPIC::write(int, int)
                0x00000000c0025baa                IOAPIC::redirect(unsigned char, unsigned long long, unsigned char, bool, bool)
                0x00000000c0025ca4                APIC::installIRQHandler(int, void (*)(regs*, void*), bool, void*)
 .text          0x00000000c0025e5a      0x3d3 hw/intctrl/pic.32
                0x00000000c0025e5a                PIC::disable()
                0x00000000c0025e88                PIC::close(int, int, void*)
                0x00000000c0025eaa                PIC::PIC()
                0x00000000c0025eaa                PIC::PIC()
                0x00000000c0025f80                PIC::ioWait()
                0x00000000c0025f86                PIC::getIRQReg(int)
                0x00000000c0025ff0                PIC::eoi(unsigned char)
                0x00000000c0026082                PIC::remap()
                0x00000000c00261ee                PIC::open(int, int, void*)
 *fill*         0x00000000c002622d        0x1 
 .text          0x00000000c002622e      0x25e hw/timer/apictimer.32
                0x00000000c002622e                APICTimer::close(int, int, void*)
                0x00000000c0026234                apicTimerHandler(regs*, void*)
                0x00000000c0026262                APICTimer::write(int)
                0x00000000c0026366                APICTimer::open(int, int, void*)
                0x00000000c0026464                APICTimer::APICTimer()
                0x00000000c0026464                APICTimer::APICTimer()
 .text          0x00000000c002648c      0x1a7 hw/timer/pit.32
                0x00000000c002648c                PIT::write(int)
                0x00000000c002650a                pitHandler(regs*, void*)
                0x00000000c0026536                PIT::open(int, int, void*)
                0x00000000c0026584                PIT::close(int, int, void*)
                0x00000000c00265b4                PIT::PIT()
                0x00000000c00265b4                PIT::PIT()
 *fill*         0x00000000c0026633        0xd 
 .text          0x00000000c0026640       0x1e hw/fpu/x86/avx.32
                0x00000000c0026640                avxDetect
                0x00000000c0026646                avxSave
                0x00000000c0026647                avxLoad
                0x00000000c0026648                avxInit
                0x00000000c0026649                avxClose
                0x00000000c002664a                wouldSheSayYes
 *fill*         0x00000000c002665e        0x2 
 .text          0x00000000c0026660       0x35 hw/fpu/x86/sse.32
                0x00000000c0026660                absolutelyNoChanceInHell
                0x00000000c0026660                sseDetect
                0x00000000c0026678                sseSave
                0x00000000c002667e                sseLoad
                0x00000000c0026684                sseInit
                0x00000000c0026694                sseClose
 *fill*         0x00000000c0026695        0xb 
 .text          0x00000000c00266a0       0x47 hw/fpu/x86/x87.32
                0x00000000c00266a6                x87Detect
                0x00000000c00266c1                x87Save
                0x00000000c00266c7                x87Load
                0x00000000c00266cc                x87Init
                0x00000000c00266e6                x87Close
 *fill*         0x00000000c00266e7        0x1 
 .text          0x00000000c00266e8       0x25 /cygdrive/d/Users/Alex/Desktop/Toolchain/Output/bin/../lib/gcc/i386-banana/8.1.0/crtend.o
 .text          0x00000000c002670d        0x0 crtn.32
 *fill*         0x00000000c002670d        0x3 
 .text          0x00000000c0026710      0x14b /cygdrive/d/Users/Alex/Desktop/Toolchain/Output/bin/../lib/gcc/i386-banana/8.1.0/libkgcc.a(_divdi3.o)
                0x00000000c0026710                __divdi3
 *fill*         0x00000000c002685b        0x1 
 .text          0x00000000c002685c      0x17e /cygdrive/d/Users/Alex/Desktop/Toolchain/Output/bin/../lib/gcc/i386-banana/8.1.0/libkgcc.a(_moddi3.o)
                0x00000000c002685c                __moddi3
 *fill*         0x00000000c00269da        0x2 
 .text          0x00000000c00269dc       0xff /cygdrive/d/Users/Alex/Desktop/Toolchain/Output/bin/../lib/gcc/i386-banana/8.1.0/libkgcc.a(_udivdi3.o)
                0x00000000c00269dc                __udivdi3
 *fill*         0x00000000c0026adb        0x1 
 .text          0x00000000c0026adc      0x11a /cygdrive/d/Users/Alex/Desktop/Toolchain/Output/bin/../lib/gcc/i386-banana/8.1.0/libkgcc.a(_umoddi3.o)
                0x00000000c0026adc                __umoddi3
 .text          0x00000000c0026bf6      0x96d D:/Users/Alex/Desktop/Banana/kernel/libsoftfp.a(sfieeelib.o)
                0x00000000c0026bf6                __addsf3
                0x00000000c0026ef8                __subsf3
                0x00000000c0026f0c                __negsf2
                0x00000000c0026f19                __mulsf3
                0x00000000c00270dc                __divsf3
                0x00000000c0027307                __floatsisf
                0x00000000c002737b                __floatunsisf
                0x00000000c00273bd                __fixsfsi
                0x00000000c002741f                __fixunssfsi
                0x00000000c0027450                __cmpsf2
                0x00000000c00274e5                __eqsf2