Archive member included to satisfy reference by file (symbol)

/cygdrive/d/Users/Alex/Desktop/Toolchain/Output/bin/../lib/gcc/i386-banana/8.1.0/libkgcc.a(_divdi3.o)
                              fs/fat/ff.32 (__divdi3)
/cygdrive/d/Users/Alex/Desktop/Toolchain/Output/bin/../lib/gcc/i386-banana/8.1.0/libkgcc.a(_moddi3.o)
                              compat/resolve.32 (__moddi3)
/cygdrive/d/Users/Alex/Desktop/Toolchain/Output/bin/../lib/gcc/i386-banana/8.1.0/libkgcc.a(_udivdi3.o)
                              fs/fat/ff.32 (__udivdi3)
/cygdrive/d/Users/Alex/Desktop/Toolchain/Output/bin/../lib/gcc/i386-banana/8.1.0/libkgcc.a(_umoddi3.o)
                              compat/resolve.32 (__umoddi3)
D:/Users/Alex/Desktop/Banana/kernel/libsoftfp.a(sfieeelib.o)
                              hal/sound/sndhw.32 (__addsf3)
D:/Users/Alex/Desktop/Banana/kernel/libsoftfp.a(dfieeelib.o)
                              hal/libresample/src_linear.32 (__adddf3)
D:/Users/Alex/Desktop/Banana/kernel/libsoftfp.a(sfdfcvt.o)
                              hal/libresample/samplerate.32 (__truncdfsf2)
D:/Users/Alex/Desktop/Banana/kernel/libk/libm32.a(s_fabs.c.o)
                              hal/libresample/samplerate.32 (fabs)
D:/Users/Alex/Desktop/Banana/kernel/libk/libm32.a(s_lrint.S.o)
                              hal/libresample/samplerate.32 (lrint)
D:/Users/Alex/Desktop/Banana/kernel/libk/libm32.a(s_lrintf.S.o)
                              hal/sound/sndhw.32 (lrintf)

Discarded input sections

 .comment       0x0000000000000000       0x12 /cygdrive/d/Users/Alex/Desktop/Toolchain/Output/bin/../lib/gcc/i386-banana/8.1.0/crtbegin.o
 .comment       0x0000000000000000       0x12 acpica/utclib.32
 .comment       0x0000000000000000       0x12 core/malloc.32
 .comment       0x0000000000000000       0x12 libk/string.32
 .comment       0x0000000000000000       0x12 fs/fat/diskio.32
 .comment       0x0000000000000000       0x12 fs/fat/ff.32
 .comment       0x0000000000000000       0x12 fs/fat/ffsystem.32
 .comment       0x0000000000000000       0x12 fs/fat/ffunicode.32
 .comment       0x0000000000000000       0x12 hal/libresample/samplerate.32
 .comment       0x0000000000000000       0x12 hal/libresample/src_linear.32
 .comment       0x0000000000000000       0x12 hal/libresample/src_sinc.32
 .comment       0x0000000000000000       0x12 hal/libresample/src_zoh.32
 .comment       0x0000000000000000       0x12 compat/inlines.32
 .comment       0x0000000000000000       0x12 compat/resolve.32
 .group         0x0000000000000000       0x14 core/computer.32
 .group         0x0000000000000000        0xc core/computer.32
 .comment       0x0000000000000000       0x12 core/computer.32
 .comment       0x0000000000000000       0x12 core/gdt.32
 .group         0x0000000000000000        0xc core/idle.32
 .comment       0x0000000000000000       0x12 core/idle.32
 .comment       0x0000000000000000       0x12 core/idt.32
 .comment       0x0000000000000000       0x12 core/kheap.32
 .comment       0x0000000000000000       0x12 core/main.32
 .comment       0x0000000000000000       0x12 core/physmgr.32
 .group         0x0000000000000000        0xc core/pipe.32
 .comment       0x0000000000000000       0x12 core/pipe.32
 .group         0x0000000000000000        0xc core/terminal.32
 .comment       0x0000000000000000       0x12 core/terminal.32
 .comment       0x0000000000000000       0x12 core/tss.32
 .group         0x0000000000000000        0x8 core/unixfile.32
 .group         0x0000000000000000        0xc core/unixfile.32
 .group         0x0000000000000000        0xc core/unixfile.32
 .group         0x0000000000000000        0x8 core/unixfile.32
 .group         0x0000000000000000        0xc core/unixfile.32
 .group         0x0000000000000000        0x8 core/unixfile.32
 .group         0x0000000000000000        0xc core/unixfile.32
 .group         0x0000000000000000        0xc core/unixfile.32
 .comment       0x0000000000000000       0x12 core/unixfile.32
 .comment       0x0000000000000000       0x12 core/virtmgr.32
 .comment       0x0000000000000000       0x12 coreobjs/c++.32
 .comment       0x0000000000000000       0x12 dbg/kconsole.32
 .group         0x0000000000000000        0xc fs/vfs.32
 .group         0x0000000000000000        0xc fs/vfs.32
 .group         0x0000000000000000        0xc fs/vfs.32
 .comment       0x0000000000000000       0x12 fs/vfs.32
 .group         0x0000000000000000        0xc hal/bus.32
 .comment       0x0000000000000000       0x12 hal/bus.32
 .group         0x0000000000000000        0xc hal/buzzer.32
 .comment       0x0000000000000000       0x12 hal/buzzer.32
 .group         0x0000000000000000        0xc hal/clock.32
 .comment       0x0000000000000000       0x12 hal/clock.32
 .group         0x0000000000000000       0x14 hal/device.32
 .group         0x0000000000000000        0xc hal/device.32
 .group         0x0000000000000000        0xc hal/device.32
 .group         0x0000000000000000        0xc hal/device.32
[...]
Memory Configuration

Name             Origin             Length             Attributes
*default*        0x0000000000000000 0xffffffffffffffff

Linker script and memory map

LOAD D:/Users/Alex/Desktop/Banana/kernel/boot.32
LOAD crti.32
LOAD /cygdrive/d/Users/Alex/Desktop/Toolchain/Output/bin/../lib/gcc/i386-banana/8.1.0/crtbegin.o
LOAD D:/Users/Alex/Desktop/Banana/kernel/morenasm.32
LOAD acpica/utclib.32
LOAD core/malloc.32
LOAD libk/string.32
LOAD fs/fat/diskio.32
LOAD fs/fat/ff.32
LOAD fs/fat/ffsystem.32
LOAD fs/fat/ffunicode.32
LOAD hal/libresample/samplerate.32
LOAD hal/libresample/src_linear.32
LOAD hal/libresample/src_sinc.32
LOAD hal/libresample/src_zoh.32
LOAD compat/inlines.32
LOAD compat/resolve.32
LOAD core/computer.32
LOAD core/gdt.32
LOAD core/idle.32
LOAD core/idt.32
LOAD core/kheap.32
LOAD core/main.32
LOAD core/physmgr.32
LOAD core/pipe.32
LOAD core/terminal.32
LOAD core/tss.32
LOAD core/unixfile.32
LOAD core/virtmgr.32
LOAD coreobjs/c++.32
LOAD dbg/kconsole.32
LOAD fs/vfs.32
LOAD hal/bus.32
LOAD hal/buzzer.32
LOAD hal/clock.32
LOAD hal/device.32
LOAD hal/diskctrl.32
LOAD hal/diskphys.32
LOAD hal/fpu.32
LOAD hal/intctrl.32
LOAD hal/keybrd.32
LOAD hal/logidisk.32
LOAD hal/mouse.32
LOAD hal/partition.32
LOAD hal/serial.32
LOAD hal/timer.32
LOAD hal/vcache.32
LOAD hal/video.32
LOAD hw/acpi.32
LOAD hw/cpu.32
LOAD hw/ports.32
LOAD hw/smp.32
LOAD krnl/env.32
LOAD krnl/panic.32
LOAD net/ethernet.32
LOAD reg/registry.32
LOAD sys/sc_eject.32
LOAD sys/sc_exit.32
LOAD sys/sc_getcwd.32
LOAD sys/sc_getpid.32
LOAD sys/sc_getramdata.32
LOAD sys/sc_getvgaptr.32
LOAD sys/sc_loaddll.32
LOAD sys/sc_read.32
LOAD sys/sc_sbrk.32
LOAD sys/sc_setcwd.32
LOAD sys/sc_settime.32
LOAD sys/sc_timezone.32
LOAD sys/sc_write.32
LOAD sys/sc_wsbe.32
LOAD sys/sc_yield.32
LOAD sys/syscalls.32
LOAD thr/elf.32
LOAD thr/prcssthr.32
LOAD vm86/vm8086.32
LOAD vm86/x87em.32
LOAD fs/fat/vfslink.32
LOAD fs/iso9660/vfslink.32
LOAD hal/sound/sndchannel.32
LOAD hal/sound/sndhw.32
LOAD hw/bus/isa.32
LOAD hw/bus/pci.32
LOAD hw/diskctrl/ide.32
LOAD hw/diskctrl/satabus.32
LOAD hw/diskphys/ata.32
LOAD hw/diskphys/atapi.32
LOAD hw/diskphys/sata.32
LOAD hw/diskphys/satapi.32
LOAD hw/fpu/avx.32
LOAD hw/fpu/mmx.32
LOAD hw/fpu/sse.32
LOAD hw/fpu/x87.32
LOAD hw/intctrl/apic.32
LOAD hw/intctrl/pic.32
LOAD hw/timer/apictimer.32
LOAD hw/timer/pit.32
LOAD hw/fpu/x86/avx.32
LOAD hw/fpu/x86/sse.32
LOAD hw/fpu/x86/x87.32
LOAD /cygdrive/d/Users/Alex/Desktop/Toolchain/Output/bin/../lib/gcc/i386-banana/8.1.0/crtend.o
LOAD crtn.32
LOAD /cygdrive/d/Users/Alex/Desktop/Toolchain/Output/bin/../lib/gcc/i386-banana/8.1.0/libkgcc.a
LOAD D:/Users/Alex/Desktop/Banana/kernel/libsoftfp.a
LOAD D:/Users/Alex/Desktop/Banana/kernel/libk/libm32.a
                0x00000000c0000000                . = 0xc0000000

.text           0x00000000c0000000    0x28188
 *(.text)
 .text          0x00000000c0000000       0x41 D:/Users/Alex/Desktop/Banana/kernel/boot.32
                0x00000000c0000020                callGlobalConstructors
 .text          0x00000000c0000041        0x0 crti.32
 *fill*         0x00000000c0000041        0x3 
 .text          0x00000000c0000044      0x101 /cygdrive/d/Users/Alex/Desktop/Toolchain/Output/bin/../lib/gcc/i386-banana/8.1.0/crtbegin.o
 *fill*         0x00000000c0000145        0xb 
 .text          0x00000000c0000150      0x4f5 D:/Users/Alex/Desktop/Banana/kernel/morenasm.32
                0x00000000c0000150                manualPCIProbe
                0x00000000c000019b                prepareTramp
                0x00000000c00001b4                voodooXADD
                0x00000000c000027f                doTPAUSE
                0x00000000c0000289                hasLegacyFPU
                0x00000000c00002ae                is486
                0x00000000c00002e4                detectCPUID
                0x00000000c00002fa                goToVM86
                0x00000000c000032a                goToUsermode
                0x00000000c0000354                switchToThreadASMFirstTime
                0x00000000c0000362                switchToThreadASM
                0x00000000c00003f2                asmQuickAcquireLock
                0x00000000c0000410                asmQuickReleaseLock
                0x00000000c000041c                asmAcquireLock
                0x00000000c000043d                asmReleaseLock
                0x00000000c0000450                loadGDT
                0x00000000c0000470                isr0
                0x00000000c0000480                isr1
                0x00000000c000048a                isr2
                0x00000000c0000494                isr3
                0x00000000c000049e                isr4
                0x00000000c00004a8                isr5
                0x00000000c00004b2                isr6
                0x00000000c00004bc                isr7
                0x00000000c00004c6                isr8
                0x00000000c00004ce                isr9
                0x00000000c00004d8                isr10
                0x00000000c00004e0                isr11
                0x00000000c00004e8                isr12
                0x00000000c00004f0                isr13
                0x00000000c00004f8                isr14
                0x00000000c0000500                isr15
                0x00000000c000050a                isr16
                0x00000000c0000514                isr17
                0x00000000c000051e                isr18
                0x00000000c0000528                irq3
                0x00000000c0000532                irq4
                0x00000000c000053c                irq5
                0x00000000c0000546                irq6
                0x00000000c0000550                irq7
                0x00000000c000055a                irq8
                0x00000000c0000564                irq9
                0x00000000c000056e                irq10
                0x00000000c0000578                irq11
                0x00000000c0000582                irq12
                0x00000000c000058c                irq13
                0x00000000c0000596                irq14
                0x00000000c00005a0                irq15
                0x00000000c00005aa                irq1
                0x00000000c00005b1                irq2
                0x00000000c00005b8                isr96
                0x00000000c00005bf                irq0
                0x00000000c00005c4                int_common_stub
                0x00000000c00005c4                syscall_common_stub
                0x00000000c00005f5                irq16
                0x00000000c00005ff                irq17
                0x00000000c0000609                irq18
                0x00000000c0000613                irq19
                0x00000000c000061d                irq20
                0x00000000c0000627                irq21
                0x00000000c0000631                irq22
                0x00000000c000063b                irq23
 *fill*         0x00000000c0000645        0xb 
 .text          0x00000000c0000650      0x847 acpica/utclib.32
                0x00000000c0000650                memcmp
                0x00000000c00006a0                memmove
                0x00000000c0000850                memcpy
                0x00000000c0000890                memset
                0x00000000c00008c0                strlen
                0x00000000c00008f0                strpbrk
                0x00000000c0000940                strtok
                0x00000000c0000990                strcpy
                0x00000000c00009c0                strncpy
                0x00000000c0000a50                strcmp
                0x00000000c0000aa0                strchr
                0x00000000c0000ad0                strncmp
                0x00000000c0000b30                strcat
                0x00000000c0000b60                strncat
                0x00000000c0000bc0                strstr
                0x00000000c0000c20                toupper
                0x00000000c0000c40                tolower
                0x00000000c0000c60                simple_strtoul
 .text          0x00000000c0000e97      0xfba core/malloc.32
                0x00000000c0001005                dlfree
                0x00000000c0001363                dlmalloc
                0x00000000c0001894                dlrealloc
                0x00000000c0001a4a                dlmemalign
                0x00000000c0001b6d                dlcalloc
                0x00000000c0001c07                dlcfree
                0x00000000c0001c0c                dlindependent_calloc
                0x00000000c0001c31                dlindependent_comalloc
                0x00000000c0001c48                dlvalloc
                0x00000000c0001c73                dlpvalloc
                0x00000000c0001ca9                dlmalloc_trim
                0x00000000c0001cb6                dlmalloc_usable_size
                0x00000000c0001ce7                dlmallinfo
                0x00000000c0001db6                dlmalloc_stats
                0x00000000c0001dc7                dlmallopt
 .text          0x00000000c0001e51        0x0 libk/string.32
 .text          0x00000000c0001e51       0x51 fs/fat/diskio.32
                0x00000000c0001e51                disk_status
                0x00000000c0001e54                disk_initialize
                0x00000000c0001e57                disk_read
                0x00000000c0001e6d                disk_write
                0x00000000c0001e83                disk_ioctl
 .text          0x00000000c0001ea2     0x6b5e fs/fat/ff.32
                0x00000000c0005268                f_mount
                0x00000000c00052ca                f_open
                0x00000000c0005741                f_read
                0x00000000c00059e2                f_write
                0x00000000c0005cec                f_sync
                0x00000000c0005ec8                f_close
                0x00000000c0005ef7                f_lseek
                0x00000000c000646e                f_opendir
                0x00000000c0006570                f_closedir
                0x00000000c0006592                f_readdir
                0x00000000c000662d                f_stat
                0x00000000c00066bc                f_getfree
                0x00000000c00068a2                f_truncate
                0x00000000c0006998                f_unlink
                0x00000000c0006b0f                f_mkdir
                0x00000000c0006d3b                f_rename
                0x00000000c0007030                f_chmod
                0x00000000c000710e                f_utime
                0x00000000c00071ec                f_getlabel
                0x00000000c00073e2                f_setlabel
                0x00000000c000764f                f_forward
                0x00000000c0007861                f_mkfs
 .text          0x00000000c0008a00       0x2d fs/fat/ffsystem.32
                0x00000000c0008a00                ff_memalloc
                0x00000000c0008a16                ff_memfree
 .text          0x00000000c0008a2d      0x252 fs/fat/ffunicode.32
                0x00000000c0008a2d                ff_uni2oem
                0x00000000c0008abc                ff_oem2uni
                0x00000000c0008b28                ff_wtoupper
 .text          0x00000000c0008c7f      0x8b3 hal/libresample/samplerate.32
                0x00000000c0008cc3                src_delete
                0x00000000c0008cff                src_process
                0x00000000c0008e94                src_callback_read
                0x00000000c0009025                src_set_ratio
                0x00000000c00090b0                src_get_channels
                0x00000000c00090d2                src_reset
                0x00000000c000911c                src_new
                0x00000000c00091aa                src_callback_new
                0x00000000c000920c                src_get_name
                0x00000000c0009243                src_get_description
                0x00000000c000927a                src_get_version
                0x00000000c0009280                src_is_valid_ratio
                0x00000000c00092d4                src_error
                0x00000000c00092e2                src_strerror
                0x00000000c00092f5                src_simple
                0x00000000c0009348                src_short_to_float_array
                0x00000000c0009391                src_float_to_short_array
                0x00000000c000943f                src_int_to_float_array
                0x00000000c0009486                src_float_to_int_array
 .text          0x00000000c0009532      0x7e2 hal/libresample/src_linear.32
                0x00000000c0009c67                linear_get_name
                0x00000000c0009c7a                linear_get_description
                0x00000000c0009c8d                linear_set_converter
 .text          0x00000000c0009d14     0x394a hal/libresample/src_sinc.32
                0x00000000c000d575                sinc_get_name
                0x00000000c000d588                sinc_get_description
                0x00000000c000d59b                sinc_set_converter
 .text          0x00000000c000d65e      0x6ca hal/libresample/src_zoh.32
                0x00000000c000dc7b                zoh_get_name
                0x00000000c000dc8e                zoh_get_description
                0x00000000c000dca1                zoh_set_converter
 .text          0x00000000c000dd28       0x23 compat/inlines.32
                0x00000000c000dd28                CPU::current()
                0x00000000c000dd35                operator new(unsigned long)
 .text          0x00000000c000dd4b      0x111 compat/resolve.32
                0x00000000c000dd4b                Krnl::resolveCompatibilitySymbol(char*)
 .text          0x00000000c000de5c      0x8ce core/computer.32
                0x00000000c000de5c                Computer::close(int, int, void*)
                0x00000000c000dea0                Krnl::firstTask()
                0x00000000c000df90                Computer::Computer()
                0x00000000c000df90                Computer::Computer()
                0x00000000c000e0ec                Computer::setBootMessage(char const*)
                0x00000000c000e0ee                Computer::detectFeatures()
                0x00000000c000e2fa                Computer::displayFeatures()
                0x00000000c000e4ec                Computer::rdmsr(unsigned int)
                0x00000000c000e518                Computer::wrmsr(unsigned int, unsigned long long)
                0x00000000c000e554                Computer::nmiEnabled()
                0x00000000c000e560                Computer::readCMOS(unsigned char)
                0x00000000c000e57a                Computer::enableNMI(bool)
                0x00000000c000e592                Computer::open(int, int, void*)
                0x00000000c000e668                Computer::disableNMI()
                0x00000000c000e676                Computer::writeCMOS(unsigned char, unsigned char)
                0x00000000c000e694                Computer::handleNMI()
                0x00000000c000e6fe                Computer::setDiskActivityLight(int, bool)
 .text          0x00000000c000e72a      0x1b3 core/gdt.32
                0x00000000c000e72a                GDTEntry::setBase(unsigned int)
                0x00000000c000e746                GDTEntry::setLimit(unsigned int)
                0x00000000c000e764                GDT::GDT()
                0x00000000c000e764                GDT::GDT()
                0x00000000c000e77a                GDT::addEntry(GDTEntry)
                0x00000000c000e7b2                GDT::getNumberOfEntries()
                0x00000000c000e7ba                GDT::flush()
                0x00000000c000e7dc                GDT::setup()
 .text          0x00000000c000e8dd       0x61 core/idle.32
                0x00000000c000e8dd                idleFunction(void*)
 .text          0x00000000c000e93e      0x456 core/idt.32
                0x00000000c000e93e                IDTEntry::IDTEntry(bool)
                0x00000000c000e93e                IDTEntry::IDTEntry(bool)
                0x00000000c000e9ac                IDTEntry::setOffset(unsigned int)
                0x00000000c000e9c0                IDT::IDT()
                0x00000000c000e9c0                IDT::IDT()
                0x00000000c000e9c2                IDT::getPointerToInvalidOpcodeEntryForF00F()
                0x00000000c000e9ca                IDT::addEntry(IDTEntry, int)
                0x00000000c000e9de                IDT::addEntry(int, void (*)(), bool)
                0x00000000c000ea16                IDT::flush()
                0x00000000c000ea30                IDT::setup()
 .text          0x00000000c000ed94      0x203 core/kheap.32
                0x00000000c000ed94                sbrk
                0x00000000c000ee9f                mmap
                0x00000000c000eeb5                munmap
                0x00000000c000eecb                liballoc_lock()
                0x00000000c000eedc                liballoc_unlock()
                0x00000000c000eeed                liballoc_alloc(int)
                0x00000000c000ef0b                liballoc_free(void*, int)
                0x00000000c000ef29                realloc
                0x00000000c000ef3d                malloc
                0x00000000c000ef4d                free
                0x00000000c000ef5d                rfree
                0x00000000c000ef6d                calloc
 .text          0x00000000c000ef97      0x466 core/main.32
                0x00000000c000ef97                hwTextMode_loadInData(VgaText*)
                0x00000000c000efdc                hwTextMode_loadInTitle(VgaText*, char*)
                0x00000000c000f05b                hwTextMode_showCursor(VgaText*, bool)
                0x00000000c000f0b6                hwTextMode_update(VgaText*)
                0x00000000c000f0b7                hwTextMode_updateCursor(VgaText*)
                0x00000000c000f100                hwTextMode_disableBlink(VgaText*, bool)
                0x00000000c000f146                hwTextMode_scrollScreen(VgaText*)
                0x00000000c000f1e7                hwTextMode_writeCharacter(VgaText*, char, VgaColour, VgaColour, int, int)
                0x00000000c000f268                setupTextMode()
                0x00000000c000f2d9                kernel_main
 .text          0x00000000c000f3fd      0x5e8 core/physmgr.32
                0x00000000c000f3fd                Phys::allocateDMA(unsigned long)
                0x00000000c000f4a1                Phys::freeDMA(unsigned long, unsigned long)
                0x00000000c000f4eb                Phys::setPageState(unsigned long, bool)
                0x00000000c000f523                Phys::getPageState(unsigned long)
                0x00000000c000f542                Phys::freePage(unsigned long)
                0x00000000c000f5c7                Phys::allocatePage()
                0x00000000c000f6ad                Phys::allocateContiguousPages(int)
                0x00000000c000f707                Phys::allowSegmentToBeUsed(unsigned long, unsigned long)
                0x00000000c000f741                Phys::physicalMemorySetup(unsigned int)
 *fill*         0x00000000c000f9e5        0x1 
 .text          0x00000000c000f9e6      0x275 core/pipe.32
                0x00000000c000f9e6                Pipe::isAtty()
                0x00000000c000f9ea                Pipe::~Pipe()
                0x00000000c000f9ea                Pipe::~Pipe()
                0x00000000c000fa0e                Pipe::~Pipe()
                0x00000000c000fa36                Pipe::read(unsigned long long, void*, int*)
                0x00000000c000fb2c                Pipe::write(unsigned long long, void*, int*)
                0x00000000c000fbf4                Pipe::Pipe(int)
                0x00000000c000fbf4                Pipe::Pipe(int)
 *fill*         0x00000000c000fc5b        0x1 
 .text          0x00000000c000fc5c      0xe7d core/terminal.32
                0x00000000c000fc5c                VgaText::isAtty()
                0x00000000c000fc60                VgaText::~VgaText()
                0x00000000c000fc60                VgaText::~VgaText()
                0x00000000c000fc84                VgaText::~VgaText()
                0x00000000c000fcae                VgaText::read(unsigned long long, void*, int*)
                0x00000000c000fcce                setTerminalScrollLock(bool)
                0x00000000c000fccf                addToTerminalCycle(VgaText*)
                0x00000000c000fcf0                installVgaTextImplementation()
                0x00000000c000fd05                scrollTerminalScrollLock(int)
                0x00000000c000fd06                VgaText::load()
                0x00000000c000fd54                VgaText::updateCursor()
                0x00000000c000fd6a                VgaText::showCursor(bool)
                0x00000000c000fd76                VgaText::disableBlink(bool)
                0x00000000c000fdaa                VgaText::doANSI_SGR(int)
                0x00000000c000fe1e                VgaText::setDefaultBgColour(VgaColour)
                0x00000000c000fe2e                VgaText::setDefaultFgColour(VgaColour)
                0x00000000c000fe3e                VgaText::setDefaultColours(VgaColour, VgaColour)
                0x00000000c000fe5e                VgaText::combineColours(unsigned char, unsigned char)
                0x00000000c000fe70                VgaText::scrollScreen()
                0x00000000c000ff04                VgaText::combineCharAndColour(char, unsigned char)
                0x00000000c000ff16                VgaText::writeCharacter(char, VgaColour, VgaColour, int, int)
                0x00000000c000ff72                VgaText::getCursorX()
                0x00000000c000ff7a                VgaText::getCursorY()
                0x00000000c000ff82                VgaText::setCursor(int, int)
                0x00000000c000ff9a                VgaText::setCursorX(int)
                0x00000000c000ffb2                VgaText::setCursorY(int)
                0x00000000c000ffca                VgaText::incrementCursor(bool)
                0x00000000c001001e                VgaText::updateRAMUsageDisplay(int)
                0x00000000c0010082                VgaText::updateDiskUsage()
                0x00000000c00101ec                VgaText::updateTitle()
                0x00000000c0010230                VgaText::setTitleTextColour(VgaColour)
                0x00000000c001023e                VgaText::setTitleColour(VgaColour)
                0x00000000c001024c                VgaText::setTitle(char*)
                0x00000000c0010272                VgaText::decrementCursor(bool)
                0x00000000c0010294                VgaText::putchar(char, VgaColour, VgaColour)
                0x00000000c001036c                VgaText::isShowingCursor()
                0x00000000c0010374                VgaText::isBlinkDisabled()
                0x00000000c0010380                VgaText::setCursorHeight(int)
                0x00000000c0010398                VgaText::getCursorHeight()
                0x00000000c00103a0                setActiveTerminal(VgaText*)
                0x00000000c0010446                doTerminalCycle()
                0x00000000c0010460                VgaText::doUpdate()
                0x00000000c001046e                VgaText::puts(char const*, VgaColour, VgaColour)
                0x00000000c00105e6                VgaText::clearScreen()
                0x00000000c0010640                VgaText::putchar(char)
                0x00000000c0010724                VgaText::puts(char const*)
                0x00000000c001074a                VgaText::putx(unsigned int)
                0x00000000c0010790                VgaText::VgaText(char const*)
                0x00000000c0010790                VgaText::VgaText(char const*)
                0x00000000c0010976                VgaText::receiveKey(unsigned char)
                0x00000000c0010a62                VgaText::write(unsigned long long, void*, int*)
                0x00000000c0010ab6                newTerminal(char*)
 *fill*         0x00000000c0010ad9        0x1 
 .text          0x00000000c0010ada      0x1b3 core/tss.32
                0x00000000c0010ada                TSS::TSS()
                0x00000000c0010ada                TSS::TSS()
                0x00000000c0010ae8                TSS::setESP(unsigned long)
                0x00000000c0010afa                TSS::flush()
                0x00000000c0010b1a                TSS::setup(unsigned long, unsigned long)
 *fill*         0x00000000c0010c8d        0x1 
 .text          0x00000000c0010c8e      0x4c2 core/unixfile.32
                0x00000000c0010c8e                ReservedFilename::read(unsigned long long, void*, int*)
                0x00000000c0010ce4                ReservedFilename::isAtty()
                0x00000000c0010d00                ReservedFilename::write(unsigned long long, void*, int*)
                0x00000000c0010d5e                UnixFile::getFileDescriptor()
                0x00000000c0010d66                UnixFile::UnixFile(int)
                0x00000000c0010d66                UnixFile::UnixFile(int)
                0x00000000c0010f16                ReservedFilename::ReservedFilename(int)
                0x00000000c0010f16                ReservedFilename::ReservedFilename(int)
                0x00000000c0010f48                UnixFile::~UnixFile()
                0x00000000c0010f48                UnixFile::~UnixFile()
                0x00000000c0010fe0                UnixFile::~UnixFile()
                0x00000000c0011008                ReservedFilename::~ReservedFilename()
                0x00000000c0011008                ReservedFilename::~ReservedFilename()
                0x00000000c001102c                ReservedFilename::~ReservedFilename()
                0x00000000c0011053                getFromFileDescriptor(int)
 .text          0x00000000c0011150     0x12c9 core/virtmgr.32
                0x00000000c0011150                Virt::setPageState(unsigned long, Virt::VirtPageState)
                0x00000000c0011185                Virt::getPageState(unsigned long)
                0x00000000c00111ab                Virt::allocateKernelVirtualPages(int)
                0x00000000c00112c3                Virt::freeSwapfilePage(unsigned long)
                0x00000000c00112e4                Virt::swapIDToSector(unsigned long)
                0x00000000c00112f6                Virt::allocateSwapfilePage()
                0x00000000c0011374                Virt::virtualMemorySetup()
                0x00000000c00113f3                Virt::swappingSetup()
                0x00000000c00113f4                Virt::getAKernelVAS()
                0x00000000c00113fa                Virt::setupPageSwapping(int)
                0x00000000c00115ce                VAS::VAS()
                0x00000000c00115ce                VAS::VAS()
                0x00000000c001160a                VAS::VAS(VAS*)
                0x00000000c001160a                VAS::VAS(VAS*)
                0x00000000c0011638                VAS::getForeignPageTableEntry(bool, unsigned long)
                0x00000000c0011664                VAS::getPageTableEntry(unsigned long)
                0x00000000c0011685                Virt::freeKernelVirtualPages(unsigned long)
                0x00000000c0011798                VAS::freeAllocatedPages(unsigned long)
                0x00000000c00117bc                VAS::virtualToPhysical(unsigned long)
                0x00000000c00117d4                VAS::reflagRange(unsigned long, int, int, int)
                0x00000000c0011816                VAS::setToWriteCombining(unsigned long, int)
                0x00000000c0011848                VAS::mapOtherVASIn(bool, VAS*)
                0x00000000c0011872                VAS::~VAS()
                0x00000000c0011872                VAS::~VAS()
                0x00000000c00119de                VAS::mapPage(unsigned long, unsigned long, int)
                0x00000000c0011ad8                VAS::allocatePages(int, int)
                0x00000000c0011caa                VAS::setCPUSpecific(unsigned long)
                0x00000000c0011cc6                VAS::mapRange(unsigned long, unsigned long, int, int)
                0x00000000c0011d88                VAS::mapForeignPage(bool, VAS*, unsigned long, unsigned long, int)
                0x00000000c0011e72                VAS::VAS(bool)
                0x00000000c0011e72                VAS::VAS(bool)
                0x00000000c00120d0                VAS::evict(unsigned long)
                0x00000000c0012192                VAS::tryLoadBackOffDisk(unsigned long)
                0x00000000c00122aa                VAS::scanForEviction()
                0x00000000c001235b                mapVASFirstTime
 .text          0x00000000c0012419       0x95 coreobjs/c++.32
                0x00000000c0012419                __cxa_atexit
                0x00000000c001241c                __cxa_finalize
                0x00000000c001241d                __stack_chk_fail
                0x00000000c0012489                __cxa_pure_virtual
                0x00000000c001249a                operator new[](unsigned long)
                0x00000000c001249f                operator delete(void*, unsigned long)
                0x00000000c00124a4                operator delete[](void*)
                0x00000000c00124a9                operator delete[](void*, unsigned long)
 .text          0x00000000c00124ae      0x200 dbg/kconsole.32
                0x00000000c00124ae                Dbg::stringifyxWithBase(unsigned int, char*, int)
                0x00000000c0012521                Dbg::logc(char)
                0x00000000c0012538                Dbg::logs(char*)
                0x00000000c0012555                Dbg::logWriteInt(unsigned int)
                0x00000000c0012572                Dbg::logWriteIntBase(unsigned int, int)
                0x00000000c0012591                Dbg::kprintf(char const*, ...)
 .text          0x00000000c00126ae      0xb82 fs/vfs.32
                0x00000000c00126ae                File::read(unsigned long long, void*, int*)
                0x00000000c0012706                File::write(unsigned long long, void*, int*)
                0x00000000c001275e                Directory::read(unsigned long long, void*, int*)
                0x00000000c00127b6                Directory::write(unsigned long long, void*, int*)
                0x00000000c00127e4                File::isAtty()
                0x00000000c00127e8                Directory::isAtty()
                0x00000000c00127ec                Filesystem::getlabel(LogicalDisk*, int, char*, unsigned int*)
                0x00000000c00127f2                Filesystem::setlabel(LogicalDisk*, int, char*)
                0x00000000c00127f8                Filesystem::getFileFirstSector(char const*)
                0x00000000c00127fe                File::~File()
                0x00000000c00127fe                File::~File()
                0x00000000c0012822                File::~File()
                0x00000000c001284c                Directory::~Directory()
                0x00000000c001284c                Directory::~Directory()
                0x00000000c0012870                Directory::~Directory()
                0x00000000c001289a                Filesystem::Filesystem()
                0x00000000c001289a                Filesystem::Filesystem()
                0x00000000c00128be                Filesystem::~Filesystem()
                0x00000000c00128be                Filesystem::~Filesystem()
                0x00000000c00128cc                Filesystem::~Filesystem()
                0x00000000c00128f0                Fs::getcwd(Process*, char*, int)
                0x00000000c001291a                Fs::initVFS()
                0x00000000c0012944                Fs::standardiseFiles(char*, char const*, char const*)
                0x00000000c0012aee                File::File(char const*, Process*)
                0x00000000c0012aee                File::File(char const*, Process*)
                0x00000000c0012b52                File::open(FileOpenMode)
                0x00000000c0012bb0                File::close()
                0x00000000c0012c10                File::seek(unsigned long long)
                0x00000000c0012c66                File::tell(unsigned long long*)
                0x00000000c0012cb6                File::rewind()
                0x00000000c0012cca                File::unlink()
                0x00000000c0012d16                File::rename(char const*)
                0x00000000c0012d64                File::chfatattr(unsigned char, unsigned char)
                0x00000000c0012dc0                File::exists()
                0x00000000c0012dfe                File::stat(unsigned long long*, bool*)
                0x00000000c0012e5f                Fs::setcwd(Process*, char*)
                0x00000000c0012f9a                Directory::Directory(char const*, Process*)
                0x00000000c0012f9a                Directory::Directory(char const*, Process*)
                0x00000000c0012ffe                Directory::open()
                0x00000000c001305a                Directory::close()
                0x00000000c00130ba                Directory::unlink()
                0x00000000c0013106                Directory::rename(char const*)
                0x00000000c0013154                Directory::exists()
                0x00000000c0013192                Directory::read(dirent*)
                0x00000000c00131de                Directory::create()
                0x00000000c001322a                Filesystem::chfatattr(char const*, unsigned char, unsigned char)
 .text          0x00000000c0013230       0x84 hal/bus.32
                0x00000000c0013230                Bus::Bus(char const*)
                0x00000000c0013230                Bus::Bus(char const*)
                0x00000000c0013266                Bus::~Bus()
                0x00000000c0013266                Bus::~Bus()
                0x00000000c001328a                Bus::~Bus()
 .text          0x00000000c00132b4      0x14e hal/buzzer.32
                0x00000000c00132b4                Buzzer::Buzzer(char const*)
                0x00000000c00132b4                Buzzer::Buzzer(char const*)
                0x00000000c00132f8                Buzzer::~Buzzer()
                0x00000000c00132f8                Buzzer::~Buzzer()
                0x00000000c001331c                Buzzer::~Buzzer()
                0x00000000c0013346                Buzzer::stop()
                0x00000000c0013359                beepThread(void*)
                0x00000000c0013394                Buzzer::beep(int, int, bool)
 .text          0x00000000c0013402      0x495 hal/clock.32
                0x00000000c0013402                User::loadClockSettings(int)
                0x00000000c0013454                Clock::Clock(char const*)
                0x00000000c0013454                Clock::Clock(char const*)
                0x00000000c001348a                Clock::~Clock()
                0x00000000c001348a                Clock::~Clock()
                0x00000000c00134ae                Clock::~Clock()
                0x00000000c00134d8                Clock::timeInSecondsLocal()
                0x00000000c001353c                Clock::setTimeInSecondsLocal(unsigned long long)
                0x00000000c0013596                datetimeToSeconds(datetime_t)
                0x00000000c00136bc                Clock::setTimeInDatetimeLocal(datetime_t)
                0x00000000c001372d                secondsToDatetime(unsigned long long)
                0x00000000c0013872                Clock::timeInDatetimeLocal()
 *fill*         0x00000000c0013897        0x1 
 .text          0x00000000c0013898      0x4da hal/device.32
                0x00000000c0013898                Device::hibernate()
                0x00000000c001389a                Device::wake()
                0x00000000c001389c                Device::detect()
                0x00000000c001389e                Device::disableLegacy()
                0x00000000c00138a0                Device::powerSaving(PowerSavingLevel)
                0x00000000c00138a2                DriverlessDevice::close(int, int, void*)
                0x00000000c00138a6                DriverlessDevice::detect()
                0x00000000c00138a8                DriverlessDevice::open(int, int, void*)
                0x00000000c00138bc                Device::~Device()
                0x00000000c00138bc                Device::~Device()
                0x00000000c00138ca                Device::~Device()
                0x00000000c00138f2                Device::findAndLoadDriver()
                0x00000000c00138f4                Device::preOpenPCI(PCIDeviceInfo)
                0x00000000c001391a                Device::preOpenACPI(void*, char*, char*)
                0x00000000c001396a                Device::addIRQHandler(int, void (*)(regs*, void*), bool, void*)
                0x00000000c00139a8                Device::removeIRQHandler(int, void (*)(regs*, void*), bool)
                0x00000000c00139e6                Device::addChild(Device*)
                0x00000000c0013a2a                Device::removeAllChildren()
                0x00000000c0013a70                Device::hibernateAll()
                0x00000000c0013aa0                Device::wakeAll()
                0x00000000c0013ad0                Device::detectAll()
                0x00000000c0013b00                Device::disableLegacyAll()
                0x00000000c0013b30                Device::loadDriversForAll()
                0x00000000c0013b5c                Device::closeAll()
                0x00000000c0013b92                Device::powerSavingAll(PowerSavingLevel)
                0x00000000c0013bc8                Device::setName(char const*)
                0x00000000c0013bd6                Device::Device(char const*)
                0x00000000c0013bd6                Device::Device(char const*)
                0x00000000c0013cd2                Device::getName()
                0x00000000c0013cdc                DriverlessDevice::DriverlessDevice(char const*)
                0x00000000c0013cdc                DriverlessDevice::DriverlessDevice(char const*)
                0x00000000c0013d04                Device::addToLinkedList(LinkedList<Device>&, DeviceType)
                0x00000000c0013d48                getDevicesOfType(DeviceType)
 .text          0x00000000c0013d72       0x84 hal/diskctrl.32
                0x00000000c0013d72                HardDiskController::HardDiskController(char const*)
                0x00000000c0013d72                HardDiskController::HardDiskController(char const*)
                0x00000000c0013da8                HardDiskController::~HardDiskController()
                0x00000000c0013da8                HardDiskController::~HardDiskController()
                0x00000000c0013dcc                HardDiskController::~HardDiskController()
 .text          0x00000000c0013df6       0xf2 hal/diskphys.32
                0x00000000c0013df6                PhysicalDisk::eject()
                0x00000000c0013e0a                PhysicalDisk::PhysicalDisk(char const*, int)
                0x00000000c0013e0a                PhysicalDisk::PhysicalDisk(char const*, int)
                0x00000000c0013e72                PhysicalDisk::startCache()
                0x00000000c0013e9a                PhysicalDisk::~PhysicalDisk()
                0x00000000c0013e9a                PhysicalDisk::~PhysicalDisk()
                0x00000000c0013ebe                PhysicalDisk::~PhysicalDisk()
 .text          0x00000000c0013ee8      0x13b hal/fpu.32
                0x00000000c0013ee8                FPU::FPU(char const*)
                0x00000000c0013ee8                FPU::FPU(char const*)
                0x00000000c0013f1e                FPU::~FPU()
                0x00000000c0013f1e                FPU::~FPU()
                0x00000000c0013f42                FPU::~FPU()
                0x00000000c0013f6c                setupFPU()
 *fill*         0x00000000c0014023        0x1 
 .text          0x00000000c0014024     0x1425 hal/intctrl.32
                0x00000000c0014024                InterruptController::uninstallISRHandler(int, void (*)(regs*, void*))
                0x00000000c001405e                InterruptController::installISRHandler(int, void (*)(regs*, void*), void*)
                0x00000000c00140b0                doubleFault(regs*, void*)
                0x00000000c00140ca                InterruptController::installIRQHandler(int, void (*)(regs*, void*), bool, void*)
                0x00000000c001416c                InterruptController::clearAllHandlers(int, bool)
                0x00000000c001421a                InterruptController::uninstallIRQHandler(int, void (*)(regs*, void*), bool)
                0x00000000c0014297                nmiHandler(regs*, void*)
                0x00000000c00142a5                int_handler
                0x00000000c0014346                InterruptController::InterruptController(char const*)
                0x00000000c0014346                InterruptController::InterruptController(char const*)
                0x00000000c00143ec                InterruptController::~InterruptController()
                0x00000000c00143ec                InterruptController::~InterruptController()
                0x00000000c0014410                InterruptController::~InterruptController()
                0x00000000c001443a                displayDebugInfo(regs*)
                0x00000000c00148cb                x87EmulHandler(regs*, void*)
                0x00000000c001493e                gpFault(regs*, void*)
                0x00000000c0014977                pgFault(regs*, void*)
                0x00000000c00149b3                otherISRHandler(regs*, void*)
                0x00000000c00149d2                opcodeFault(regs*, void*)
                0x00000000c0014fd6                displayProgramFault(char const*)
                0x00000000c0014ffe                setupInterruptController()
                0x00000000c00153fc                InterruptController::convertLegacyIRQNumber(int)
 *fill*         0x00000000c0015449        0x1 
 .text          0x00000000c001544a      0x6f4 hal/keybrd.32
                0x00000000c001544a                startGUI(void*)
                0x00000000c00154a6                startGUIVESA(void*)
                0x00000000c0015502                sendKeyToTerminal(unsigned char)
                0x00000000c001556f                sendKeyboardToken(KeyboardToken)
                0x00000000c00159d7                clearInternalKeybuffer(VgaText*)
                0x00000000c0015a0d                readKeyboard(VgaText*, char*, unsigned long)
                0x00000000c0015ab4                Keyboard::Keyboard(char const*)
                0x00000000c0015ab4                Keyboard::Keyboard(char const*)
                0x00000000c0015af0                Keyboard::~Keyboard()
                0x00000000c0015af0                Keyboard::~Keyboard()
                0x00000000c0015b14                Keyboard::~Keyboard()
 .text          0x00000000c0015b3e      0x447 hal/logidisk.32
                0x00000000c0015b3e                LogicalDisk::close(int, int, void*)
                0x00000000c0015b42                LogicalDisk::~LogicalDisk()
                0x00000000c0015b42                LogicalDisk::~LogicalDisk()
                0x00000000c0015b66                LogicalDisk::~LogicalDisk()
                0x00000000c0015b90                LogicalDisk::open(int, int, void*)
                0x00000000c0015ba4                LogicalDisk::absoluteToRelative(unsigned long long)
                0x00000000c0015bee                LogicalDisk::relativeToAbsolute(unsigned long long)
                0x00000000c0015c36                LogicalDisk::LogicalDisk(char const*, PhysicalDisk*, unsigned long long, unsigned long long)
                0x00000000c0015c36                LogicalDisk::LogicalDisk(char const*, PhysicalDisk*, unsigned long long, unsigned long long)
                0x00000000c0015cec                LogicalDisk::assignDriveLetter()
                0x00000000c0015d86                LogicalDisk::mount()
                0x00000000c0015df8                LogicalDisk::unmount()
                0x00000000c0015e08                LogicalDisk::eject()
                0x00000000c0015e1c                LogicalDisk::unassignDriveLetter()
                0x00000000c0015e86                LogicalDisk::read(unsigned long long, int, void*)
                0x00000000c0015f06                LogicalDisk::write(unsigned long long, int, void*)
 *fill*         0x00000000c0015f85        0x1 
 .text          0x00000000c0015f86       0x84 hal/mouse.32
                0x00000000c0015f86                Mouse::Mouse(char const*)
                0x00000000c0015f86                Mouse::Mouse(char const*)
                0x00000000c0015fbc                Mouse::~Mouse()
                0x00000000c0015fbc                Mouse::~Mouse()
                0x00000000c0015fe0                Mouse::~Mouse()
 .text          0x00000000c001600a      0x35c hal/partition.32
                0x00000000c001600a                makePartition(PhysicalDisk*, unsigned long long, unsigned long long)
                0x00000000c00160c6                createPartitionsForDisk(PhysicalDisk*)
 .text          0x00000000c0016366       0x84 hal/serial.32
                0x00000000c0016366                Serial::Serial(char const*)
                0x00000000c0016366                Serial::Serial(char const*)
                0x00000000c001639c                Serial::~Serial()
                0x00000000c001639c                Serial::~Serial()
                0x00000000c00163c0                Serial::~Serial()
 .text          0x00000000c00163ea      0x2c8 hal/timer.32
                0x00000000c00163ea                Timer::Timer(char const*)
                0x00000000c00163ea                Timer::Timer(char const*)
                0x00000000c0016420                Timer::~Timer()
                0x00000000c0016420                Timer::~Timer()
                0x00000000c0016444                Timer::~Timer()
                0x00000000c001646e                Timer::read()
                0x00000000c0016479                timerHandler(unsigned long long)
                0x00000000c00165c0                setupTimer(int)
 .text          0x00000000c00166b2      0x461 hal/vcache.32
                0x00000000c00166b2                VCache::VCache(PhysicalDisk*)
                0x00000000c00166b2                VCache::VCache(PhysicalDisk*)
                0x00000000c001681a                VCache::invalidateReadBuffer()
                0x00000000c001682a                VCache::writeWriteBuffer()
                0x00000000c0016866                VCache::~VCache()
                0x00000000c0016866                VCache::~VCache()
                0x00000000c00168ba                VCache::~VCache()
                0x00000000c00168e2                VCache::write(unsigned long long, int, void*)
                0x00000000c0016a02                VCache::read(unsigned long long, int, void*)
 *fill*         0x00000000c0016b13        0x1 
 .text          0x00000000c0016b14      0x4cb hal/video.32
                0x00000000c0016b14                Video::putrect(int, int, int, int, unsigned int)
                0x00000000c0016b5e                Video::bitblit(int, int, int, int, int, int, int, unsigned int*)
                0x00000000c0016bc8                Video::blit(unsigned int*, int, int, int, int)
                0x00000000c0016c4e                Video::clearScreen(unsigned int)
                0x00000000c0016c82                Video::putpixel(int, int, unsigned int)
                0x00000000c0016c90                Video::Video(char const*)
                0x00000000c0016c90                Video::Video(char const*)
                0x00000000c0016cc6                Video::~Video()
                0x00000000c0016cc6                Video::~Video()
                0x00000000c0016cea                Video::~Video()
                0x00000000c0016d14                Video::isMonochrome()
                0x00000000c0016d20                Video::getWidth()
                0x00000000c0016d2c                Video::getHeight()
                0x00000000c0016d38                Video::drawCursor(int, int, unsigned char*, int)
                0x00000000c0016df4                Video::tgaParse(unsigned char*, int, int*, int*)
                0x00000000c0016f74                Video::putTGA(int, int, unsigned char*, int)
 *fill*         0x00000000c0016fdf        0x1 
 .text          0x00000000c0016fe0      0xf7e hw/acpi.32
                0x00000000c0016fe0                ACPI::close(int, int, void*)
                0x00000000c0017097                findRSDP()
                0x00000000c0017131                loadACPITables(unsigned char*)
                0x00000000c001735a                findRSDT(unsigned char*)
                0x00000000c001747a                findDataTable(unsigned char*, char*)
                0x00000000c0017516                scanMADT()
                0x00000000c0017992                ACPI::ACPI()
                0x00000000c0017992                ACPI::ACPI()
                0x00000000c00179fc                ACPI::getPCIIRQAssignment(unsigned char, unsigned short, unsigned char)
                0x00000000c0017ade                ACPI::registerPCIIRQAssignment(void*, unsigned short, unsigned char, unsigned char)
                0x00000000c0017ba4                ACPI::setScreenBrightnessLevel(void*, int)
                0x00000000c0017baa                ACPI::writeSimpleBootFlag(SimpleBootFlagTable*)
                0x00000000c0017bf4                ACPI::open(int, int, void*)
                0x00000000c0017f46                ACPI::sleep()
 .text          0x00000000c0017f5e     0x16cf hw/cpu.32
                0x00000000c0017f5e                CPU::close(int, int, void*)
                0x00000000c0017f62                CPU::lookupAMDName(unsigned char, unsigned char)
                0x00000000c0018118                CPU::lookupIntelName(unsigned char, unsigned char)
                0x00000000c00183d2                CPU::AMD_K6_write_msr(unsigned int, unsigned int, unsigned int, CPU::REGS*)
                0x00000000c00183ee                CPU::AMD_K6_read_msr(unsigned int, CPU::REGS*)
                0x00000000c0018406                CPU::AMD_K6_writeback(int, int, int)
                0x00000000c001847a                CPU::cpuid(int, unsigned long*, unsigned long*, unsigned long*, unsigned long*)
                0x00000000c00184fe                CPU::cpuidCheckEDX(unsigned int)
                0x00000000c001852c                CPU::cpuidCheckECX(unsigned int)
                0x00000000c001855a                CPU::cpuidCheckExtendedEBX(unsigned int)
                0x00000000c0018588                CPU::cpuidCheckExtendedECX(unsigned int)
                0x00000000c00185b6                CPU::CPU()
                0x00000000c00185b6                CPU::CPU()
                0x00000000c0018644                CPU::displayFeatures()
                0x00000000c0018838                CPU::detectFeatures()
                0x00000000c001920c                CPU::setupSMEP()
                0x00000000c0019218                CPU::setupUMIP()
                0x00000000c0019222                CPU::setupTSC()
                0x00000000c001922c                CPU::setupLargePages()
                0x00000000c0019236                CPU::setupPAT()
                0x00000000c001927e                CPU::setupMTRR()
                0x00000000c0019280                CPU::setupGlobalPages()
                0x00000000c001928a                CPU::allowUsermodeDataAccess()
                0x00000000c001929c                CPU::prohibitUsermodeDataAccess()
                0x00000000c00192ae                CPU::setupSMAP()
                0x00000000c00192bc                CPU::setupFeatures()
                0x00000000c001933c                CPU::open(int, int, void*)
                0x00000000c001940e                CPU::decodeAddress(regs*, int*, bool*, unsigned char*)
 .text          0x00000000c001962d        0x0 hw/ports.32
 .text          0x00000000c001962d      0x16c hw/smp.32
                0x00000000c001962d                Krnl::smpEntry()
                0x00000000c001962f                Krnl::startCPU(int)
                0x00000000c001977a                Krnl::startCPUs()
 *fill*         0x00000000c0019799        0x1 
 .text          0x00000000c001979a      0x5f1 krnl/env.32
                0x00000000c001979a                EnvVarContainer::getEnv(char const*)
                0x00000000c00197d8                EnvVarContainer::setEnv(char const*, char const*)
                0x00000000c00198a4                EnvVarContainer::deleteEnv(char const*)
                0x00000000c00198a6                EnvVarContainer::loadFrom(char const*, char const*)
                0x00000000c0019a9c                EnvVarContainer::__loadSystem()
                0x00000000c0019ab6                EnvVarContainer::__loadUser()
                0x00000000c0019ab8                EnvVarContainer::EnvVarContainer(Process*)
                0x00000000c0019ab8                EnvVarContainer::EnvVarContainer(Process*)
                0x00000000c0019ada                EnvVarContainer::~EnvVarContainer()
                0x00000000c0019ada                EnvVarContainer::~EnvVarContainer()
                0x00000000c0019b0a                Krnl::getEnv(Process*, char const*)
                0x00000000c0019b6f                Krnl::setEnvSystem(char const*, char const*)
                0x00000000c0019b89                Krnl::setEnvUser(char const*, char const*)
                0x00000000c0019ba8                Krnl::setEnvProcess(Process*, char const*, char const*)
                0x00000000c0019bbb                Krnl::deleteEnvSystem(char const*)
                0x00000000c0019bbc                Krnl::deleteEnvUser(char const*)
                0x00000000c0019bbd                Krnl::deleteEnvProcess(Process*, char const*)
                0x00000000c0019bbe                Krnl::newProcessEnv(Process*)
                0x00000000c0019bde                Krnl::copyProcessEnv(Process*, Process*)
                0x00000000c0019c32                Krnl::loadSystemEnv()
                0x00000000c0019c60                Krnl::loadUserEnv()
                0x00000000c0019c86                Krnl::flushEnv()
                0x00000000c0019c87                Krnl::getProcessTotalEnvCount(Process*)
                0x00000000c0019ca7                Krnl::getProcessEnvPair(Process*, int)
 .text          0x00000000c0019d8b      0x396 krnl/panic.32
                0x00000000c0019d8b                Krnl::panic(char const*)
 .text          0x00000000c001a121      0x3bf net/ethernet.32
                0x00000000c001a121                Net::switchEndian16(unsigned short)
                0x00000000c001a142                Net::switchEndian32(unsigned int)
                0x00000000c001a171                Net::crc32Calc(unsigned char*, int)
                0x00000000c001a202                Net::wrapEthernetFrame(Net::UnwrappedEthernetFrame, unsigned char*)
                0x00000000c001a342                Net::unwrapEthernetFrame(unsigned char*, int)
 .text          0x00000000c001a4e0      0x534 reg/registry.32
                0x00000000c001a4e0                Reg::findLineFromLoadedData(char*, char*, char*)
                0x00000000c001a649                Reg::getLineFromRegistry(char*, char*, char*, char*)
                0x00000000c001a79a                Reg::getLine(char*, char*, char*)
                0x00000000c001a7d1                Reg::readInt(char*, char*, int*)
                0x00000000c001a8d0                Reg::readString(char*, char*, char*, int)
                0x00000000c001a951                Reg::readBool(char*, char*, bool*)
                0x00000000c001a976                Reg::readBoolWithDefault(char*, char*, bool)
                0x00000000c001a9a2                Reg::readIntWithDefault(char*, char*, int)
                0x00000000c001a9ce                Reg::readStringWithDefault(char*, char*, char*, int, char*)
 .text          0x00000000c001aa14       0x36 sys/sc_eject.32
                0x00000000c001aa14                Sys::eject(regs*)
 .text          0x00000000c001aa4a       0x18 sys/sc_exit.32
                0x00000000c001aa4a                Sys::exit(regs*)
 .text          0x00000000c001aa62       0x1f sys/sc_getcwd.32
                0x00000000c001aa62                Sys::getCwd(regs*)
 .text          0x00000000c001aa81        0xc sys/sc_getpid.32
                0x00000000c001aa81                Sys::getPID(regs*)
 .text          0x00000000c001aa8d       0x17 sys/sc_getramdata.32
                0x00000000c001aa8d                Sys::getRAMData(regs*)
 .text          0x00000000c001aaa4       0x87 sys/sc_getvgaptr.32
                0x00000000c001aaa4                Sys::getVGAPtr(regs*)
 .text          0x00000000c001ab2b       0xc4 sys/sc_loaddll.32
                0x00000000c001ab2b                Sys::loadDLL(regs*)
 .text          0x00000000c001abef       0x68 sys/sc_read.32
                0x00000000c001abef                Sys::read(regs*)
 .text          0x00000000c001ac57       0x55 sys/sc_sbrk.32
                0x00000000c001ac57                Sys::sbrk(regs*)
 .text          0x00000000c001acac       0x1c sys/sc_setcwd.32
                0x00000000c001acac                Sys::setCwd(regs*)
 .text          0x00000000c001acc8      0x124 sys/sc_settime.32
                0x00000000c001acc8                Sys::setTime(regs*)
 .text          0x00000000c001adec       0x54 sys/sc_timezone.32
                0x00000000c001adec                Sys::timezone(regs*)
 .text          0x00000000c001ae40       0x68 sys/sc_write.32
                0x00000000c001ae40                Sys::write(regs*)
 .text          0x00000000c001aea8       0x62 sys/sc_wsbe.32
                0x00000000c001aea8                Sys::wsbe(regs*)
 .text          0x00000000c001af0a       0x42 sys/sc_yield.32
                0x00000000c001af0a                Sys::yield(regs*)
 .text          0x00000000c001af4c     0x11f0 sys/syscalls.32
                0x00000000c001af4c                sysCallSeekDir(regs*)
                0x00000000c001af51                sysCallTellDir(regs*)
                0x00000000c001af56                sysCallVerify(regs*)
                0x00000000c001af60                sysFormatDisk(regs*)
                0x00000000c001afe7                sysSetDiskVolumeLabel(regs*)
                0x00000000c001b02d                sysGetDiskVolumeLabel(regs*)
                0x00000000c001b07a                sysShutdown(regs*)
                0x00000000c001b113                sysCallRealpath(regs*)
                0x00000000c001b16e                sysCallGetArgc(regs*)
                0x00000000c001b19c                sysCallReadDir(regs*)
                0x00000000c001b248                sysCallIsATTY(regs*)
                0x00000000c001b2a2                sysCallSeek(regs*)
                0x00000000c001b31c                sysCallTell(regs*)
                0x00000000c001b395                sysCallSize(regs*)
                0x00000000c001b414                sysCallSizeFromFilename(regs*)
                0x00000000c001b4c2                sysCallClose(regs*)
                0x00000000c001b56d                sysCallOpenDir(regs*)
                0x00000000c001b5f6                sysCallCloseDir(regs*)
                0x00000000c001b667                sysCallMakeDir(regs*)
                0x00000000c001b6db                sysCallWait(regs*)
                0x00000000c001b6f5                sysCallNotImpl(regs*)
                0x00000000c001b710                sysPanic(regs*)
                0x00000000c001b736                sysCallRmdir(regs*)
                0x00000000c001b793                sysCallUnlink(regs*)
                0x00000000c001b7f0                sysCallGetArgv(regs*)
                0x00000000c001b85f                sysCallTTYName(regs*)
                0x00000000c001b8f6                sysCallUSleep(regs*)
                0x00000000c001b932                sysCallSpawn(regs*)
                0x00000000c001b990                sysCallGetEnv(regs*)
                0x00000000c001bacd                sysAppSettings(regs*)
                0x00000000c001bbe7                sysSetFatAttrib(regs*)
                0x00000000c001bc4f                sysPipe(regs*)
                0x00000000c001bc94                sysGetUnixTime(regs*)
                0x00000000c001bca8                string_ends_with(char const*, char const*)
                0x00000000c001bcf3                sysCallOpen(regs*)
                0x00000000c001bf05                Sys::loadSyscalls()
                0x00000000c001c0fa                Sys::systemCall(regs*, void*)
 .text          0x00000000c001c13c     0x11cf thr/elf.32
                0x00000000c001c13c                Thr::allocateMemoryForTask(Process*, File*, unsigned long, unsigned long, unsigned long)
                0x00000000c001c3c9                Thr::loadProgramIntoMemory(Process*, char const*)
                0x00000000c001c5e8                Thr::runtimeReferenceHelper()
                0x00000000c001c5fb                Thr::getAddressOfKernelSymbol(char const*)
                0x00000000c001c64a                Thr::loadKernelSymbolTable(char const*)
                0x00000000c001c908                Thr::loadDriverIntoMemory(char const*, unsigned long, bool)
                0x00000000c001d015                Thr::getDriverBaseFromAddress(unsigned long)
                0x00000000c001d047                Thr::getDriverNameFromAddress(unsigned long)
                0x00000000c001d07e                Thr::getDriverOffsetFromAddress(unsigned long)
                0x00000000c001d098                Thr::loadDLL(char const*, bool)
                0x00000000c001d2d2                Thr::executeDLL(unsigned long, void*)
 *fill*         0x00000000c001d30b        0x1 
 .text          0x00000000c001d30c     0x1060 thr/prcssthr.32
                0x00000000c001d30c                changeTSS
                0x00000000c001d33c                Process::addArgs(char**)
                0x00000000c001d396                Process::Process(char const*, Process*, char**)
                0x00000000c001d396                Process::Process(char const*, Process*, char**)
                0x00000000c001d57a                Process::Process(bool, char const*, Process*, char**)
                0x00000000c001d57a                Process::Process(bool, char const*, Process*, char**)
                0x00000000c001d729                disableIRQs()
                0x00000000c001d731                getIRQNestingLevel()
                0x00000000c001d737                enableIRQs()
                0x00000000c001d746                lockScheduler()
                0x00000000c001d748                unlockScheduler()
                0x00000000c001d74a                userModeEntryPoint(void*)
                0x00000000c001d76d                lockStuff()
                0x00000000c001d779                taskStartupFunction
                0x00000000c001d782                updateTimeUsed()
                0x00000000c001d7da                switchToThread(ThreadControlBlock*)
                0x00000000c001d824                Semaphore::Semaphore(int)
                0x00000000c001d824                Semaphore::Semaphore(int)
                0x00000000c001d852                Mutex::Mutex()
                0x00000000c001d852                Mutex::Mutex()
                0x00000000c001d864                Process::createThread(void (*)(void*), void*, int)
                0x00000000c001d954                Process::createUserThread()
                0x00000000c001d970                setupMultitasking(void (*)())
                0x00000000c001da94                schedule()
                0x00000000c001db1b                unlockStuff()
                0x00000000c001db50                Semaphore::tryAcquire()
                0x00000000c001db7e                Semaphore::assertLocked(char const*)
                0x00000000c001dbae                blockTaskWithSchedulerLockAlreadyHeld(TaskState)
                0x00000000c001dbf0                blockTask(TaskState)
                0x00000000c001dc11                waitTask(int, int*, int)
                0x00000000c001dc53                nanoSleepUntil(unsigned long long)
                0x00000000c001dcae                nanoSleep(unsigned long long)
                0x00000000c001dcc8                sleep(unsigned long long)
                0x00000000c001dcee                Semaphore::acquire()
                0x00000000c001dd56                taskReturned
                0x00000000c001dd84                unblockTask(ThreadControlBlock*)
                0x00000000c001de35                cleanupTerminatedTask(ThreadControlBlock*)
                0x00000000c001e0e0                cleanerTaskFunction(void*)
                0x00000000c001e193                terminateTask(int)
                0x00000000c001e273                Thr::terminateFromIRQ(int)
                0x00000000c001e280                Semaphore::release()
 .text          0x00000000c001e36c      0xc41 vm86/vm8086.32
                0x00000000c001e36c                Vm::inbv(unsigned short)
                0x00000000c001e37f                Vm::outbv(unsigned short, unsigned char)
                0x00000000c001e3d2                Vm::realToLinear(unsigned short, unsigned short)
                0x00000000c001e3e2                Vm::getSegment(unsigned int)
                0x00000000c001e3ec                Vm::getOffset(unsigned int)
                0x00000000c001e3f1                Vm::mainloop2()
                0x00000000c001e42c                Vm::mainVm8086Loop(void*)
                0x00000000c001e439                Vm::mainloop3(unsigned long)
                0x00000000c001e463                Vm::initialise8086()
                0x00000000c001e4a6                Vm::finish8086()
                0x00000000c001e4eb                Vm::getOutput8086(unsigned char*)
                0x00000000c001e515                Vm::start8086(char const*, unsigned short, unsigned short, unsigned short, unsigned short)
                0x00000000c001e662                Vm::doISR(regs*, int, unsigned char*, unsigned short, unsigned short)
                0x00000000c001e6ec                Vm::readByteFromReal(unsigned short, unsigned short)
                0x00000000c001e6fd                Vm::readWordFromReal(unsigned short, unsigned short)
                0x00000000c001e70f                Vm::readDwordFromReal(unsigned short, unsigned short)
                0x00000000c001e720                Vm::writeByteFromReal(unsigned short, unsigned short, unsigned char)
                0x00000000c001e735                Vm::writeWordFromReal(unsigned short, unsigned short, unsigned short)
                0x00000000c001e74b                Vm::writeDwordFromReal(unsigned short, unsigned short, unsigned int)
                0x00000000c001e760                Vm::faultHandler(regs*)
 .text          0x00000000c001efad      0xf4d vm86/x87em.32
                0x00000000c001efad                Vm::fpuInternalTo32(unsigned long long)
                0x00000000c001f005                Vm::fpuInternalTo64(unsigned long long)
                0x00000000c001f00e                Vm::fpu32ToInternal(unsigned int)
                0x00000000c001f070                Vm::fpu64ToInternal(unsigned long long)
                0x00000000c001f079                Vm::fpuFloatToLong(unsigned long long)
                0x00000000c001f0dd                Vm::fpuULongToFloat(unsigned long long)
                0x00000000c001f11e                Vm::fpuLongToFloat(long long)
                0x00000000c001f185                Vm::fpuGet0()
                0x00000000c001f18a                Vm::fpuGet1()
                0x00000000c001f192                Vm::fpuGetPi()
                0x00000000c001f19a                Vm::fpuGetLog2E()
                0x00000000c001f1b2                Vm::fpuGetLogE2()
                0x00000000c001f1ca                Vm::fpuGetLog210()
                0x00000000c001f1e2                Vm::fpuGetLog102()
                0x00000000c001f1fa                Vm::fpuIsSecondLarger(unsigned long long, unsigned long long)
                0x00000000c001f20e                Vm::fpuAreEqual(unsigned long long, unsigned long long)
                0x00000000c001f22b                Vm::fpuUnorderedCompare(unsigned long long, unsigned long long)
                0x00000000c001f27e                Vm::fpuAdd(unsigned long long, unsigned long long)
                0x00000000c001f299                Vm::fpuAbs(unsigned long long)
                0x00000000c001f2a2                Vm::fpuChs(unsigned long long)
                0x00000000c001f2b2                Vm::fpuSub(unsigned long long, unsigned long long)
                0x00000000c001f2c1                Vm::fpuMultiply(unsigned long long, unsigned long long)
                0x00000000c001f2e3                Vm::fpuDivide(unsigned long long, unsigned long long)
                0x00000000c001f2ff                Vm::fpuSquare(unsigned long long)
                0x00000000c001f315                Vm::fpuGetReg(int)
                0x00000000c001f35a                Vm::fpuSetReg(int, unsigned long long)
                0x00000000c001f3a5                Vm::fpuPush(unsigned long long)
                0x00000000c001f3f4                Vm::fpuPop()
                0x00000000c001f446                Vm::x87Handler(regs*)
 .text          0x00000000c001fefa     0x11b9 fs/fat/vfslink.32
                0x00000000c001fefa                FAT::getName()
                0x00000000c001ff00                FAT::tell(void*, unsigned long long*)
                0x00000000c001ff34                FAT::stat(void*, unsigned long long*)
                0x00000000c001ff68                FAT::~FAT()
                0x00000000c001ff68                FAT::~FAT()
                0x00000000c001ff8c                FAT::~FAT()
                0x00000000c001ffb4                FAT::getlabel(LogicalDisk*, int, char*, unsigned int*)
                0x00000000c0020052                FAT::setlabel(LogicalDisk*, int, char*)
                0x00000000c002010c                FAT::format(LogicalDisk*, int, char const*, int)
                0x00000000c00202f0                FAT::tryMount(LogicalDisk*, int)
                0x00000000c00204f6                FAT::getFileFirstSector(char const*)
                0x00000000c00205c0                FAT::readDir(void*, unsigned long, void*, int*)
                0x00000000c00206c6                FAT::read(void*, unsigned long, void*, int*)
                0x00000000c0020720                FAT::write(void*, unsigned long, void*, int*)
                0x00000000c002077a                FAT::close(void*)
                0x00000000c00207c6                FAT::closeDir(void*)
                0x00000000c0020812                FAT::seek(void*, unsigned long long)
                0x00000000c0020866                fatWrapperReadDisk
                0x00000000c00208ad                fatWrapperWriteDisk
                0x00000000c00208f4                fatWrapperIoctl
                0x00000000c00209fa                FAT::FAT()
                0x00000000c00209fa                FAT::FAT()
                0x00000000c0020a4c                FAT::fixFilepath(char*)
                0x00000000c0020a84                FAT::open(char const*, void**, FileOpenMode)
                0x00000000c0020bac                FAT::openDir(char const*, void**)
                0x00000000c0020c52                FAT::stat(char const*, unsigned long long*, bool*)
                0x00000000c0020d3c                FAT::unlink(char const*)
                0x00000000c0020db6                FAT::chfatattr(char const*, unsigned char, unsigned char)
                0x00000000c0020f0a                FAT::rename(char const*, char const*)
                0x00000000c0020fce                FAT::mkdir(char const*)
                0x00000000c0021048                FAT::exists(char const*)
 *fill*         0x00000000c00210b3        0x1 
 .text          0x00000000c00210b4      0xc09 fs/iso9660/vfslink.32
                0x00000000c00210b4                ISO9660::format(LogicalDisk*, int, char const*, int)
                0x00000000c00210ba                ISO9660::seek(void*, unsigned long long)
                0x00000000c00210ea                ISO9660::tell(void*, unsigned long long*)
                0x00000000c002110c                ISO9660::getName()
                0x00000000c0021112                ISO9660::stat(void*, unsigned long long*)
                0x00000000c0021134                ISO9660::chfatattr(char const*, unsigned char, unsigned char)
                0x00000000c002113a                ISO9660::unlink(char const*)
                0x00000000c0021140                ISO9660::write(void*, unsigned long, void*, int*)
                0x00000000c0021146                ISO9660::rename(char const*, char const*)
                0x00000000c002114c                ISO9660::mkdir(char const*)
                0x00000000c0021152                ISO9660::close(void*)
                0x00000000c0021174                ISO9660::closeDir(void*)
                0x00000000c0021196                ISO9660::~ISO9660()
                0x00000000c0021196                ISO9660::~ISO9660()
                0x00000000c00211ba                ISO9660::~ISO9660()
                0x00000000c00211e1                __memmem(unsigned char*, int, unsigned char*, int)
                0x00000000c0021224                readSectorFromCDROM(unsigned int, unsigned char*, char)
                0x00000000c002128a                ISO9660::tryMount(LogicalDisk*, int)
                0x00000000c00212da                ISO9660::read(void*, unsigned long, void*, int*)
                0x00000000c0021508                ISO9660::readDir(void*, unsigned long, void*, int*)
                0x00000000c00217c0                readRoot(unsigned int*, unsigned int*, char)
                0x00000000c0021815                readRecursively(char*, unsigned int, unsigned int, unsigned int*, unsigned int*, char, int*)
                0x00000000c00219db                getFileData(char*, unsigned int*, unsigned int*, char, int*)
                0x00000000c0021a6a                ISO9660::open(char const*, void**, FileOpenMode)
                0x00000000c0021b2a                ISO9660::exists(char const*)
                0x00000000c0021b4e                ISO9660::stat(char const*, unsigned long long*, bool*)
                0x00000000c0021be2                ISO9660::openDir(char const*, void**)
                0x00000000c0021c9a                ISO9660::ISO9660()
                0x00000000c0021c9a                ISO9660::ISO9660()
 *fill*         0x00000000c0021cbd        0x1 
 .text          0x00000000c0021cbe      0x355 hal/sound/sndchannel.32
                0x00000000c0021cbe                SoundChannel::~SoundChannel()
                0x00000000c0021cbe                SoundChannel::~SoundChannel()
                0x00000000c0021cda                SoundChannel::setSpeed(float)
                0x00000000c0021cea                SoundChannel::getSpeed()
                0x00000000c0021cf2                SoundChannel::setVolume(int)
                0x00000000c0021d14                SoundChannel::getVolume()
                0x00000000c0021d1c                SoundChannel::pause()
                0x00000000c0021d26                SoundChannel::SoundChannel(int, int, int, int)
                0x00000000c0021d26                SoundChannel::SoundChannel(int, int, int, int)
                0x00000000c0021e9c                SoundChannel::play()
                0x00000000c0021ea6                SoundChannel::paused()
                0x00000000c0021eae                SoundChannel::getSampleRate()
                0x00000000c0021eb6                SoundChannel::getBits()
                0x00000000c0021ebe                SoundChannel::getBufferUsed()
                0x00000000c0021ec6                SoundChannel::getBufferSize()
                0x00000000c0021ece                SoundChannel::unbuffer(float*, int, int)
                0x00000000c0021f6e                SoundChannel::buffer8(unsigned char*, int)
 *fill*         0x00000000c0022013        0x1 
 .text          0x00000000c0022014      0x396 hal/sound/sndhw.32
                0x00000000c0022014                SoundDevice::SoundDevice(char const*)
                0x00000000c0022014                SoundDevice::SoundDevice(char const*)
                0x00000000c0022080                SoundDevice::~SoundDevice()
                0x00000000c0022080                SoundDevice::~SoundDevice()
                0x00000000c00220fa                SoundDevice::~SoundDevice()
                0x00000000c0022124                SoundDevice::getFreeChannelNum()
                0x00000000c002213e                SoundDevice::addChannel(SoundChannel*)
                0x00000000c00221ae                SoundDevice::removeChannel(int)
                0x00000000c00221e0                SoundDevice::floatTo8(float*, unsigned char*, int)
                0x00000000c002228a                SoundDevice::getAudio(int, float*, float*)
 .text          0x00000000c00223aa        0x0 hw/bus/isa.32
 .text          0x00000000c00223aa      0x6c7 hw/bus/pci.32
                0x00000000c00223aa                PCI::open(int, int, void*)
                0x00000000c00223be                PCI::close(int, int, void*)
                0x00000000c00223c2                PCI::PCI()
                0x00000000c00223c2                PCI::PCI()
                0x00000000c0022442                PCI::pciReadWord(unsigned char, unsigned char, unsigned char, unsigned char)
                0x00000000c002248c                PCI::getVendorID(unsigned char, unsigned char, unsigned char)
                0x00000000c00224ae                PCI::getHeaderType(unsigned char, unsigned char, unsigned char)
                0x00000000c00224d2                PCI::getClassCode(unsigned char, unsigned char, unsigned char)
                0x00000000c0022516                PCI::getProgIF(unsigned char, unsigned char, unsigned char)
                0x00000000c002253a                PCI::getRevisionID(unsigned char, unsigned char, unsigned char)
                0x00000000c002255c                PCI::getInterruptNumber(unsigned char, unsigned char, unsigned char)
                0x00000000c002257e                PCI::getSecondaryBus(unsigned char, unsigned char, unsigned char)
                0x00000000c00225a2                PCI::getBARAddress(unsigned char, unsigned char, unsigned char, unsigned char)
                0x00000000c0022600                PCI::pciWriteWord(unsigned char, unsigned char, unsigned char, unsigned char, unsigned short)
                0x00000000c0022670                PCI::checkBus(unsigned char)
                0x00000000c0022694                PCI::foundDevice(PCIDeviceInfo)
                0x00000000c0022806                PCI::getDeviceData(unsigned char, unsigned char, unsigned char)
                0x00000000c00229b2                PCI::checkDevice(unsigned char, unsigned char)
                0x00000000c0022a1e                PCI::detect()
 *fill*         0x00000000c0022a71        0x1 
 .text          0x00000000c0022a72      0xc7e hw/diskctrl/ide.32
                0x00000000c0022a72                IDE::close(int, int, void*)
                0x00000000c0022a76                IDE::IDE()
                0x00000000c0022a76                IDE::IDE()
                0x00000000c0022aaa                IDE::prepareInterrupt(unsigned char)
                0x00000000c0022abc                selectDrive(unsigned char, unsigned char)
                0x00000000c0022abe                IDE::getBase(unsigned char)
                0x00000000c0022ad0                IDE::write(unsigned char, unsigned char, unsigned char)
                0x00000000c0022b92                IDE::read(unsigned char, unsigned char)
                0x00000000c0022c48                IDE::waitInterrupt(unsigned char)
                0x00000000c0022cae                ideChannel0IRQHandler(regs*, void*)
                0x00000000c0022cca                ideChannel1IRQHandler(regs*, void*)
                0x00000000c0022ce6                IDE::enableIRQs(unsigned char, bool)
                0x00000000c0022d2c                IDE::open(int, int, void*)
                0x00000000c002313c                IDE::readBuffer(unsigned char, unsigned char, unsigned int, unsigned int)
                0x00000000c0023208                IDE::detect()
                0x00000000c00234f4                IDE::printError(unsigned char, unsigned char, unsigned char)
                0x00000000c002368a                IDE::polling(unsigned char, unsigned int)
 .text          0x00000000c00236f0      0x392 hw/diskctrl/satabus.32
                0x00000000c00236f0                SATABus::close(int, int, void*)
                0x00000000c00236f4                SATABus::detect()
                0x00000000c00236f6                SATABus::SATABus()
                0x00000000c00236f6                SATABus::SATABus()
                0x00000000c00237a4                SATABus::findCmdslot(SATABus::tagHBA_PORT volatile*)
                0x00000000c00237ec                SATABus::checkType(SATABus::tagHBA_PORT volatile*)
                0x00000000c0023834                SATABus::startCmd(SATABus::tagHBA_PORT volatile*)
                0x00000000c0023854                SATABus::stopCmd(SATABus::tagHBA_PORT volatile*)
                0x00000000c002387e                SATABus::portRebase(SATABus::tagHBA_PORT volatile*, int)
                0x00000000c0023984                SATABus::probePort(SATABus::tagHBA_MEM volatile*)
                0x00000000c0023a62                SATABus::open(int, int, void*)
 .text          0x00000000c0023a82      0x65e hw/diskphys/ata.32
                0x00000000c0023a82                ATA::close(int, int, void*)
                0x00000000c0023aa6                ATA::powerSaving(PowerSavingLevel)
                0x00000000c0023aa8                ATA::ATA()
                0x00000000c0023aa8                ATA::ATA()
                0x00000000c0023ad6                ATA::flush(bool)
                0x00000000c0023b20                ATA::readyForCommand()
                0x00000000c0023b70                ATA::access(unsigned long long, int, void*, bool)
                0x00000000c0023f24                ATA::read(unsigned long long, int, void*)
                0x00000000c0023f82                ATA::write(unsigned long long, int, void*)
                0x00000000c0023fe0                ATA::detectCHS()
                0x00000000c002400c                ATA::open(int, int, void*)
 .text          0x00000000c00240e0      0x5b2 hw/diskphys/atapi.32
                0x00000000c00240e0                ATAPI::write(unsigned long long, int, void*)
                0x00000000c00240e6                ATAPI::close(int, int, void*)
                0x00000000c002410a                ATAPI::ATAPI()
                0x00000000c002410a                ATAPI::ATAPI()
                0x00000000c0024138                ATAPI::readyForCommand()
                0x00000000c0024188                ATAPI::sendPacket(unsigned char*, int, bool, unsigned short*, int)
                0x00000000c0024444                ATAPI::diskRemoved()
                0x00000000c0024460                ATAPI::eject()
                0x00000000c00244a8                ATAPI::diskInserted()
                0x00000000c00244d6                ATAPI::detectMedia()
                0x00000000c0024592                ATAPI::open(int, int, void*)
                0x00000000c002461a                ATAPI::read(unsigned long long, int, void*)
 .text          0x00000000c0024692      0x470 hw/diskphys/sata.32
                0x00000000c0024692                SATA::close(int, int, void*)
                0x00000000c00246b6                SATA::powerSaving(PowerSavingLevel)
                0x00000000c00246b8                SATA::open(int, int, void*)
                0x00000000c0024766                SATA::SATA()
                0x00000000c0024766                SATA::SATA()
                0x00000000c0024794                SATA::access(unsigned long long, int, void*, bool)
                0x00000000c0024a08                SATA::read(unsigned long long, int, void*)
                0x00000000c0024a66                SATA::write(unsigned long long, int, void*)
 .text          0x00000000c0024b02      0x50a hw/diskphys/satapi.32
                0x00000000c0024b02                SATAPI::write(unsigned long long, int, void*)
                0x00000000c0024b08                SATAPI::close(int, int, void*)
                0x00000000c0024b2c                SATAPI::SATAPI()
                0x00000000c0024b2c                SATAPI::SATAPI()
                0x00000000c0024b5a                SATAPI::diskRemoved()
                0x00000000c0024b76                SATAPI::diskInserted()
                0x00000000c0024ba4                SATAPI::sendPacket(unsigned char*, int, unsigned long long, unsigned short*, int)
                0x00000000c0024db2                SATAPI::eject()
                0x00000000c0024dfa                SATAPI::detectMedia()
                0x00000000c0024ebc                SATAPI::open(int, int, void*)
                0x00000000c0024f6a                SATAPI::read(unsigned long long, int, void*)
 .text          0x00000000c002500c       0x8e hw/fpu/avx.32
                0x00000000c002500c                AVX::open(int, int, void*)
                0x00000000c002501e                AVX::close(int, int, void*)
                0x00000000c0025030                AVX::available()
                0x00000000c0025042                AVX::save(void*)
                0x00000000c002505a                AVX::load(void*)
                0x00000000c0025072                AVX::AVX()
                0x00000000c0025072                AVX::AVX()
 .text          0x00000000c002509a       0x90 hw/fpu/mmx.32
                0x00000000c002509a                MMX::available()
                0x00000000c00250ae                MMX::open(int, int, void*)
                0x00000000c00250c0                MMX::close(int, int, void*)
                0x00000000c00250d2                MMX::save(void*)
                0x00000000c00250ea                MMX::load(void*)
                0x00000000c0025102                MMX::MMX()
                0x00000000c0025102                MMX::MMX()
 .text          0x00000000c002512a       0x96 hw/fpu/sse.32
                0x00000000c002512a                SSE::open(int, int, void*)
                0x00000000c002513c                SSE::close(int, int, void*)
                0x00000000c002514e                SSE::available()
                0x00000000c0025168                SSE::save(void*)
                0x00000000c0025180                SSE::load(void*)
                0x00000000c0025198                SSE::SSE()
                0x00000000c0025198                SSE::SSE()
 .text          0x00000000c00251c0       0x8e hw/fpu/x87.32
                0x00000000c00251c0                x87::open(int, int, void*)
                0x00000000c00251d2                x87::close(int, int, void*)
                0x00000000c00251e4                x87::available()
                0x00000000c00251f6                x87::save(void*)
                0x00000000c002520e                x87::load(void*)
                0x00000000c0025226                x87::x87()
                0x00000000c0025226                x87::x87()
 .text          0x00000000c002524e      0x706 hw/intctrl/apic.32
                0x00000000c002524e                APIC::disable()
                0x00000000c0025250                APIC::close(int, int, void*)
                0x00000000c0025272                IOAPIC::close(int, int, void*)
                0x00000000c0025278                APIC::io_wait()
                0x00000000c002527e                APIC::getBase()
                0x00000000c00252c0                APIC::eoi(unsigned char)
                0x00000000c00252ee                APIC::open(int, int, void*)
                0x00000000c0025430                IOAPIC::IOAPIC()
                0x00000000c0025430                IOAPIC::IOAPIC()
                0x00000000c0025458                APIC::APIC()
                0x00000000c0025458                APIC::APIC()
                0x00000000c0025534                IOAPIC::handlesGSIWithNumber(unsigned int)
                0x00000000c0025566                IOAPIC::read(int)
                0x00000000c002558e                IOAPIC::open(int, int, void*)
                0x00000000c0025678                IOAPIC::write(int, int)
                0x00000000c00256a4                IOAPIC::redirect(unsigned char, unsigned long long, unsigned char, bool, bool)
                0x00000000c002579e                APIC::installIRQHandler(int, void (*)(regs*, void*), bool, void*)
 .text          0x00000000c0025954      0x3e1 hw/intctrl/pic.32
                0x00000000c0025954                PIC::disable()
                0x00000000c0025982                PIC::close(int, int, void*)
                0x00000000c00259a4                PIC::PIC()
                0x00000000c00259a4                PIC::PIC()
                0x00000000c0025a7a                PIC::ioWait()
                0x00000000c0025a80                PIC::getIRQReg(int)
                0x00000000c0025aea                PIC::eoi(unsigned char)
                0x00000000c0025b7e                PIC::remap()
                0x00000000c0025cf6                PIC::open(int, int, void*)
 *fill*         0x00000000c0025d35        0x1 
 .text          0x00000000c0025d36      0x256 hw/timer/apictimer.32
                0x00000000c0025d36                APICTimer::close(int, int, void*)
                0x00000000c0025d3c                apicTimerHandler(regs*, void*)
                0x00000000c0025d6a                APICTimer::write(int)
                0x00000000c0025e6c                APICTimer::open(int, int, void*)
                0x00000000c0025f64                APICTimer::APICTimer()
                0x00000000c0025f64                APICTimer::APICTimer()
 .text          0x00000000c0025f8c      0x1a7 hw/timer/pit.32
                0x00000000c0025f8c                PIT::write(int)
                0x00000000c002600a                pitHandler(regs*, void*)
                0x00000000c0026036                PIT::open(int, int, void*)
                0x00000000c0026084                PIT::close(int, int, void*)
                0x00000000c00260b4                PIT::PIT()
                0x00000000c00260b4                PIT::PIT()
 *fill*         0x00000000c0026133        0xd 
 .text          0x00000000c0026140       0x1e hw/fpu/x86/avx.32
                0x00000000c0026140                avxDetect
                0x00000000c0026146                avxSave
                0x00000000c0026147                avxLoad
                0x00000000c0026148                avxInit
                0x00000000c0026149                avxClose
                0x00000000c002614a                wouldSheSayYes
 *fill*         0x00000000c002615e        0x2 
 .text          0x00000000c0026160       0x35 hw/fpu/x86/sse.32
                0x00000000c0026160                absolutelyNoChanceInHell
                0x00000000c0026160                sseDetect
                0x00000000c0026178                sseSave
                0x00000000c002617e                sseLoad
                0x00000000c0026184                sseInit
                0x00000000c0026194                sseClose
 *fill*         0x00000000c0026195        0xb 
 .text          0x00000000c00261a0       0x4d hw/fpu/x86/x87.32
                0x00000000c00261a6                x87Detect
                0x00000000c00261c1                x87Save
                0x00000000c00261ca                x87Load
                0x00000000c00261d2                x87Init
                0x00000000c00261ec                x87Close
 *fill*         0x00000000c00261ed        0x3 
 .text          0x00000000c00261f0       0x25 /cygdrive/d/Users/Alex/Desktop/Toolchain/Output/bin/../lib/gcc/i386-banana/8.1.0/crtend.o
 .text          0x00000000c0026215        0x0 crtn.32
 *fill*         0x00000000c0026215        0x3 
 .text          0x00000000c0026218      0x14b /cygdrive/d/Users/Alex/Desktop/Toolchain/Output/bin/../lib/gcc/i386-banana/8.1.0/libkgcc.a(_divdi3.o)
                0x00000000c0026218                __divdi3
 *fill*         0x00000000c0026363        0x1 
 .text          0x00000000c0026364      0x17e /cygdrive/d/Users/Alex/Desktop/Toolchain/Output/bin/../lib/gcc/i386-banana/8.1.0/libkgcc.a(_moddi3.o)
                0x00000000c0026364                __moddi3
 *fill*         0x00000000c00264e2        0x2 
 .text          0x00000000c00264e4       0xff /cygdrive/d/Users/Alex/Desktop/Toolchain/Output/bin/../lib/gcc/i386-banana/8.1.0/libkgcc.a(_udivdi3.o)
                0x00000000c00264e4                __udivdi3
 *fill*         0x00000000c00265e3        0x1 
 .text          0x00000000c00265e4      0x11a /cygdrive/d/Users/Alex/Desktop/Toolchain/Output/bin/../lib/gcc/i386-banana/8.1.0/libkgcc.a(_umoddi3.o)
                0x00000000c00265e4                __umoddi3
 .text          0x00000000c00266fe      0x96d D:/Users/Alex/Desktop/Banana/kernel/libsoftfp.a(sfieeelib.o)
                0x00000000c00266fe                __addsf3
                0x00000000c0026a00                __subsf3
                0x00000000c0026a14                __negsf2
                0x00000000c0026a21                __mulsf3
                0x00000000c0026be4                __divsf3
                0x00000000c0026e0f                __floatsisf
                0x00000000c0026e83                __floatunsisf
                0x00000000c0026ec5                __fixsfsi
                0x00000000c0026f27                __fixunssfsi