Archive member included to satisfy reference by file (symbol)

/cygdrive/d/Users/Alex/Desktop/Toolchain/Output/bin/../lib/gcc/i386-banana/8.1.0/libkgcc.a(_divdi3.o)
                              fs/fat/ff.32 (__divdi3)
/cygdrive/d/Users/Alex/Desktop/Toolchain/Output/bin/../lib/gcc/i386-banana/8.1.0/libkgcc.a(_moddi3.o)
                              compat/resolve.32 (__moddi3)
/cygdrive/d/Users/Alex/Desktop/Toolchain/Output/bin/../lib/gcc/i386-banana/8.1.0/libkgcc.a(_udivdi3.o)
                              fs/fat/ff.32 (__udivdi3)
/cygdrive/d/Users/Alex/Desktop/Toolchain/Output/bin/../lib/gcc/i386-banana/8.1.0/libkgcc.a(_umoddi3.o)
                              compat/resolve.32 (__umoddi3)
D:/Users/Alex/Desktop/Banana/kernel/libsoftfp.a(sfieeelib.o)
                              hal/libresample/src_linear.32 (__subsf3)
D:/Users/Alex/Desktop/Banana/kernel/libsoftfp.a(dfieeelib.o)
                              hal/libresample/src_linear.32 (__adddf3)
D:/Users/Alex/Desktop/Banana/kernel/libsoftfp.a(sfdfcvt.o)
                              hal/libresample/samplerate.32 (__truncdfsf2)
D:/Users/Alex/Desktop/Banana/kernel/libk/libm32.a(s_fabs.c.o)
                              hal/libresample/samplerate.32 (fabs)
D:/Users/Alex/Desktop/Banana/kernel/libk/libm32.a(s_lrint.S.o)
                              hal/libresample/samplerate.32 (lrint)
D:/Users/Alex/Desktop/Banana/kernel/libk/libm32.a(s_lrintf.S.o)
                              hal/sound/sndhw.32 (lrintf)

Discarded input sections

 .comment       0x0000000000000000       0x12 /cygdrive/d/Users/Alex/Desktop/Toolchain/Output/bin/../lib/gcc/i386-banana/8.1.0/crtbegin.o
 .comment       0x0000000000000000       0x12 acpica/utclib.32
 .comment       0x0000000000000000       0x12 core/malloc.32
 .comment       0x0000000000000000       0x12 libk/string.32
 .comment       0x0000000000000000       0x12 fs/fat/diskio.32
 .comment       0x0000000000000000       0x12 fs/fat/ff.32
 .comment       0x0000000000000000       0x12 fs/fat/ffsystem.32
 .comment       0x0000000000000000       0x12 fs/fat/ffunicode.32
 .comment       0x0000000000000000       0x12 hal/libresample/samplerate.32
 .comment       0x0000000000000000       0x12 hal/libresample/src_linear.32
 .comment       0x0000000000000000       0x12 hal/libresample/src_sinc.32
 .comment       0x0000000000000000       0x12 hal/libresample/src_zoh.32
 .comment       0x0000000000000000       0x12 compat/inlines.32
 .comment       0x0000000000000000       0x12 compat/resolve.32
 .group         0x0000000000000000       0x14 core/computer.32
 .group         0x0000000000000000        0xc core/computer.32
 .comment       0x0000000000000000       0x12 core/computer.32
 .comment       0x0000000000000000       0x12 core/gdt.32
 .group         0x0000000000000000        0xc core/idle.32
 .comment       0x0000000000000000       0x12 core/idle.32
 .comment       0x0000000000000000       0x12 core/idt.32
 .comment       0x0000000000000000       0x12 core/kheap.32
 .comment       0x0000000000000000       0x12 core/main.32
 .comment       0x0000000000000000       0x12 core/physmgr.32
 .group         0x0000000000000000        0xc core/pipe.32
 .comment       0x0000000000000000       0x12 core/pipe.32
 .group         0x0000000000000000        0xc core/terminal.32
 .comment       0x0000000000000000       0x12 core/terminal.32
 .comment       0x0000000000000000       0x12 core/tss.32
 .group         0x0000000000000000        0x8 core/unixfile.32
 .group         0x0000000000000000        0xc core/unixfile.32
 .group         0x0000000000000000        0xc core/unixfile.32
 .group         0x0000000000000000        0x8 core/unixfile.32
 .group         0x0000000000000000        0xc core/unixfile.32
 .group         0x0000000000000000        0x8 core/unixfile.32
 .group         0x0000000000000000        0xc core/unixfile.32
 .group         0x0000000000000000        0xc core/unixfile.32
 .comment       0x0000000000000000       0x12 core/unixfile.32
 .comment       0x0000000000000000       0x12 core/virtmgr.32
 .comment       0x0000000000000000       0x12 coreobjs/c++.32
 .comment       0x0000000000000000       0x12 dbg/kconsole.32
 .group         0x0000000000000000        0xc fs/vfs.32
 .group         0x0000000000000000        0xc fs/vfs.32
 .group         0x0000000000000000        0xc fs/vfs.32
 .comment       0x0000000000000000       0x12 fs/vfs.32
 .group         0x0000000000000000        0xc hal/bus.32
 .comment       0x0000000000000000       0x12 hal/bus.32
 .group         0x0000000000000000        0xc hal/buzzer.32
 .comment       0x0000000000000000       0x12 hal/buzzer.32
 .group         0x0000000000000000        0xc hal/clock.32
 .comment       0x0000000000000000       0x12 hal/clock.32
 .group         0x0000000000000000       0x14 hal/device.32
 .group         0x0000000000000000        0xc hal/device.32
 .group         0x0000000000000000        0xc hal/device.32
 .group         0x0000000000000000        0xc hal/device.32
[...]
Memory Configuration

Name             Origin             Length             Attributes
*default*        0x0000000000000000 0xffffffffffffffff

Linker script and memory map

LOAD D:/Users/Alex/Desktop/Banana/kernel/boot.32
LOAD crti.32
LOAD /cygdrive/d/Users/Alex/Desktop/Toolchain/Output/bin/../lib/gcc/i386-banana/8.1.0/crtbegin.o
LOAD D:/Users/Alex/Desktop/Banana/kernel/morenasm.32
LOAD acpica/utclib.32
LOAD core/malloc.32
LOAD libk/string.32
LOAD fs/fat/diskio.32
LOAD fs/fat/ff.32
LOAD fs/fat/ffsystem.32
LOAD fs/fat/ffunicode.32
LOAD hal/libresample/samplerate.32
LOAD hal/libresample/src_linear.32
LOAD hal/libresample/src_sinc.32
LOAD hal/libresample/src_zoh.32
LOAD compat/inlines.32
LOAD compat/resolve.32
LOAD core/computer.32
LOAD core/gdt.32
LOAD core/idle.32
LOAD core/idt.32
LOAD core/kheap.32
LOAD core/main.32
LOAD core/physmgr.32
LOAD core/pipe.32
LOAD core/terminal.32
LOAD core/tss.32
LOAD core/unixfile.32
LOAD core/virtmgr.32
LOAD coreobjs/c++.32
LOAD dbg/kconsole.32
LOAD fs/vfs.32
LOAD hal/bus.32
LOAD hal/buzzer.32
LOAD hal/clock.32
LOAD hal/device.32
LOAD hal/diskctrl.32
LOAD hal/diskphys.32
LOAD hal/fpu.32
LOAD hal/intctrl.32
LOAD hal/keybrd.32
LOAD hal/logidisk.32
LOAD hal/mouse.32
LOAD hal/partition.32
LOAD hal/serial.32
LOAD hal/timer.32
LOAD hal/vcache.32
LOAD hal/video.32
LOAD hw/acpi.32
LOAD hw/cpu.32
LOAD hw/ports.32
LOAD hw/smp.32
LOAD krnl/env.32
LOAD krnl/panic.32
LOAD net/ethernet.32
LOAD reg/registry.32
LOAD sys/sc_eject.32
LOAD sys/sc_exit.32
LOAD sys/sc_getcwd.32
LOAD sys/sc_getpid.32
LOAD sys/sc_getramdata.32
LOAD sys/sc_getvgaptr.32
LOAD sys/sc_loaddll.32
LOAD sys/sc_read.32
LOAD sys/sc_sbrk.32
LOAD sys/sc_setcwd.32
LOAD sys/sc_settime.32
LOAD sys/sc_timezone.32
LOAD sys/sc_write.32
LOAD sys/sc_wsbe.32
LOAD sys/sc_yield.32
LOAD sys/syscalls.32
LOAD thr/elf.32
LOAD thr/prcssthr.32
LOAD vm86/vm8086.32
LOAD vm86/x87em.32
LOAD fs/fat/vfslink.32
LOAD fs/iso9660/vfslink.32
LOAD hal/sound/sndchannel.32
LOAD hal/sound/sndhw.32
LOAD hw/bus/isa.32
LOAD hw/bus/pci.32
LOAD hw/diskctrl/ide.32
LOAD hw/diskctrl/satabus.32
LOAD hw/diskphys/ata.32
LOAD hw/diskphys/atapi.32
LOAD hw/diskphys/sata.32
LOAD hw/diskphys/satapi.32
LOAD hw/fpu/avx.32
LOAD hw/fpu/mmx.32
LOAD hw/fpu/sse.32
LOAD hw/fpu/x87.32
LOAD hw/intctrl/apic.32
LOAD hw/intctrl/pic.32
LOAD hw/timer/apictimer.32
LOAD hw/timer/pit.32
LOAD hw/fpu/x86/avx.32
LOAD hw/fpu/x86/sse.32
LOAD hw/fpu/x86/x87.32
LOAD /cygdrive/d/Users/Alex/Desktop/Toolchain/Output/bin/../lib/gcc/i386-banana/8.1.0/crtend.o
LOAD crtn.32
LOAD /cygdrive/d/Users/Alex/Desktop/Toolchain/Output/bin/../lib/gcc/i386-banana/8.1.0/libkgcc.a
LOAD D:/Users/Alex/Desktop/Banana/kernel/libsoftfp.a
LOAD D:/Users/Alex/Desktop/Banana/kernel/libk/libm32.a
                0x00000000c0000000                . = 0xc0000000

.text           0x00000000c0000000    0x28eb8
 *(.text)
 .text          0x00000000c0000000       0x41 D:/Users/Alex/Desktop/Banana/kernel/boot.32
                0x00000000c0000020                callGlobalConstructors
 .text          0x00000000c0000041        0x0 crti.32
 *fill*         0x00000000c0000041        0x3 
 .text          0x00000000c0000044      0x101 /cygdrive/d/Users/Alex/Desktop/Toolchain/Output/bin/../lib/gcc/i386-banana/8.1.0/crtbegin.o
 *fill*         0x00000000c0000145        0xb 
 .text          0x00000000c0000150      0x4fb D:/Users/Alex/Desktop/Banana/kernel/morenasm.32
                0x00000000c0000150                manualPCIProbe
                0x00000000c000019b                prepareTramp
                0x00000000c00001b4                voodooXADD
                0x00000000c000027f                doTPAUSE
                0x00000000c0000289                hasLegacyFPU
                0x00000000c00002ae                is486
                0x00000000c00002e4                detectCPUID
                0x00000000c00002fa                goToVM86
                0x00000000c000032a                goToUsermode
                0x00000000c0000354                switchToThreadASMFirstTime
                0x00000000c0000362                switchToThreadASM
                0x00000000c00003f2                asmQuickAcquireLock
                0x00000000c0000410                asmQuickReleaseLock
                0x00000000c000041c                asmAcquireLock
                0x00000000c000043d                asmReleaseLock
                0x00000000c0000450                loadGDT
                0x00000000c0000470                isr0
                0x00000000c0000480                isr1
                0x00000000c000048a                isr2
                0x00000000c0000494                isr3
                0x00000000c000049e                isr4
                0x00000000c00004a8                isr5
                0x00000000c00004b2                isr6
                0x00000000c00004bc                isr7
                0x00000000c00004c6                isr8
                0x00000000c00004ce                isr9
                0x00000000c00004d8                isr10
                0x00000000c00004e0                isr11
                0x00000000c00004e8                isr12
                0x00000000c00004f0                isr13
                0x00000000c00004f8                isr14
                0x00000000c0000500                isr15
                0x00000000c000050a                isr16
                0x00000000c0000514                isr17
                0x00000000c000051e                isr18
                0x00000000c0000528                irq3
                0x00000000c0000532                irq4
                0x00000000c000053c                irq5
                0x00000000c0000546                irq6
                0x00000000c0000550                irq7
                0x00000000c000055a                irq8
                0x00000000c0000564                irq9
                0x00000000c000056e                irq10
                0x00000000c0000578                irq11
                0x00000000c0000582                irq12
                0x00000000c000058c                irq13
                0x00000000c0000596                irq14
                0x00000000c00005a0                irq15
                0x00000000c00005aa                irq1
                0x00000000c00005b1                irq2
                0x00000000c00005b8                isr96
                0x00000000c00005bf                irq0
                0x00000000c00005c4                syscall_common_stub
                0x00000000c00005c4                int_common_stub
                0x00000000c00005f6                irq16
                0x00000000c0000600                irq17
                0x00000000c000060a                irq18
                0x00000000c0000614                irq19
                0x00000000c000061e                irq20
                0x00000000c0000628                irq21
                0x00000000c0000632                irq22
                0x00000000c000063c                irq23
                0x00000000c0000646                memcpy
 *fill*         0x00000000c000064b        0x1 
 .text          0x00000000c000064c      0x5dd acpica/utclib.32
                0x00000000c000064c                memcmp
                0x00000000c0000688                memmove
                0x00000000c0000750                memset
                0x00000000c000076c                strlen
                0x00000000c0000784                strpbrk
                0x00000000c00007c0                strtok
                0x00000000c000080c                strcpy
                0x00000000c0000830                strncpy
                0x00000000c0000898                strcmp
                0x00000000c00008d8                strchr
                0x00000000c00008fc                strncmp
                0x00000000c000094c                strcat
                0x00000000c000097c                strncat
                0x00000000c00009b8                strstr
                0x00000000c0000a00                toupper
                0x00000000c0000a14                tolower
                0x00000000c0000a28                simple_strtoul
 .text          0x00000000c0000c29      0xfad core/malloc.32
                0x00000000c0000d94                dlfree
                0x00000000c00010ef                dlmalloc
                0x00000000c000162c                dlrealloc
                0x00000000c00017cf                dlmemalign
                0x00000000c00018f2                dlcalloc
                0x00000000c000198c                dlcfree
                0x00000000c0001991                dlindependent_calloc
                0x00000000c00019b6                dlindependent_comalloc
                0x00000000c00019cd                dlvalloc
                0x00000000c00019f8                dlpvalloc
                0x00000000c0001a2e                dlmalloc_trim
                0x00000000c0001a3b                dlmalloc_usable_size
                0x00000000c0001a6c                dlmallinfo
                0x00000000c0001b3b                dlmalloc_stats
                0x00000000c0001b4c                dlmallopt
 .text          0x00000000c0001bd6        0x0 libk/string.32
 .text          0x00000000c0001bd6       0x51 fs/fat/diskio.32
                0x00000000c0001bd6                disk_status
                0x00000000c0001bd9                disk_initialize
                0x00000000c0001bdc                disk_read
                0x00000000c0001bf2                disk_write
                0x00000000c0001c08                disk_ioctl
 .text          0x00000000c0001c27     0x6833 fs/fat/ff.32
                0x00000000c0004ef5                f_mount
                0x00000000c0004f57                f_open
                0x00000000c0005393                f_read
                0x00000000c0005613                f_write
                0x00000000c00058cd                f_sync
                0x00000000c0005aa9                f_close
                0x00000000c0005ad8                f_lseek
                0x00000000c0005f8f                f_opendir
                0x00000000c0006091                f_closedir
                0x00000000c00060b3                f_readdir
                0x00000000c000614e                f_stat
                0x00000000c00061dd                f_getfree
                0x00000000c00063a8                f_truncate
                0x00000000c00064a0                f_unlink
                0x00000000c0006623                f_mkdir
                0x00000000c000684f                f_rename
                0x00000000c0006b42                f_chmod
                0x00000000c0006c20                f_utime
                0x00000000c0006cfe                f_getlabel
                0x00000000c0006eec                f_setlabel
                0x00000000c0007159                f_forward
                0x00000000c0007337                f_mkfs
 .text          0x00000000c000845a       0x2d fs/fat/ffsystem.32
                0x00000000c000845a                ff_memalloc
                0x00000000c0008470                ff_memfree
 .text          0x00000000c0008487      0x253 fs/fat/ffunicode.32
                0x00000000c0008487                ff_uni2oem
                0x00000000c0008517                ff_oem2uni
                0x00000000c0008583                ff_wtoupper
 .text          0x00000000c00086da      0x8fb hal/libresample/samplerate.32
                0x00000000c000871e                src_delete
                0x00000000c000875a                src_process
                0x00000000c0008910                src_callback_read
                0x00000000c0008a8d                src_set_ratio
                0x00000000c0008af7                src_get_channels
                0x00000000c0008b19                src_reset
                0x00000000c0008b65                src_new
                0x00000000c0008bf3                src_callback_new
                0x00000000c0008c55                src_get_name
                0x00000000c0008c8c                src_get_description
                0x00000000c0008cc3                src_get_version
                0x00000000c0008cc9                src_is_valid_ratio
                0x00000000c0008d1d                src_error
                0x00000000c0008d2b                src_strerror
                0x00000000c0008d3e                src_simple
                0x00000000c0008d91                src_short_to_float_array
                0x00000000c0008df6                src_float_to_short_array
                0x00000000c0008eb5                src_int_to_float_array
                0x00000000c0008f18                src_float_to_int_array
 .text          0x00000000c0008fd5      0x8cb hal/libresample/src_linear.32
                0x00000000c00097fb                linear_get_name
                0x00000000c000980a                linear_get_description
                0x00000000c0009819                linear_set_converter
 .text          0x00000000c00098a0     0x447c hal/libresample/src_sinc.32
                0x00000000c000dc33                sinc_get_name
                0x00000000c000dc46                sinc_get_description
                0x00000000c000dc59                sinc_set_converter
 .text          0x00000000c000dd1c      0x77c hal/libresample/src_zoh.32
                0x00000000c000e3f3                zoh_get_name
                0x00000000c000e402                zoh_get_description
                0x00000000c000e411                zoh_set_converter
 .text          0x00000000c000e498       0xa7 compat/inlines.32
                0x00000000c000e498                CPU::current()
                0x00000000c000e4a4                operator new(unsigned long)
                0x00000000c000e4a9                operator delete(void*)
                0x00000000c000e4ae                disableIRQs()
                0x00000000c000e4b6                enableIRQs()
                0x00000000c000e4c5                lockScheduler()
                0x00000000c000e4cd                unlockScheduler()
                0x00000000c000e4dc                lockStuff()
                0x00000000c000e4ea                unlockStuff()
                0x00000000c000e524                Virt::getAKernelVAS()
                0x00000000c000e52a                __not_memcpy
 .text          0x00000000c000e53f      0x111 compat/resolve.32
                0x00000000c000e53f                Krnl::resolveCompatibilitySymbol(char*)
 .text          0x00000000c000e650      0xa17 core/computer.32
                0x00000000c000e650                Computer::close(int, int, void*)
                0x00000000c000e694                Krnl::firstTask()
                0x00000000c000e784                Computer::Computer()
                0x00000000c000e784                Computer::Computer()
                0x00000000c000e8e0                Computer::setBootMessage(char const*)
                0x00000000c000e8e2                Computer::detectFeatures()
                0x00000000c000eaec                Computer::displayFeatures()
                0x00000000c000ee32                Computer::rdmsr(unsigned int)
                0x00000000c000ee5e                Computer::wrmsr(unsigned int, unsigned long long)
                0x00000000c000ee96                Computer::nmiEnabled()
                0x00000000c000eea2                Computer::readCMOS(unsigned char)
                0x00000000c000eebc                Computer::enableNMI(bool)
                0x00000000c000eed4                Computer::open(int, int, void*)
                0x00000000c000efaa                Computer::disableNMI()
                0x00000000c000efb8                Computer::writeCMOS(unsigned char, unsigned char)
                0x00000000c000efd6                Computer::handleNMI()
                0x00000000c000f03c                Computer::setDiskActivityLight(int, bool)
 *fill*         0x00000000c000f067        0x1 
 .text          0x00000000c000f068      0x1b7 core/gdt.32
                0x00000000c000f068                GDTEntry::setBase(unsigned int)
                0x00000000c000f084                GDTEntry::setLimit(unsigned int)
                0x00000000c000f0a2                GDT::GDT()
                0x00000000c000f0a2                GDT::GDT()
                0x00000000c000f0b8                GDT::addEntry(GDTEntry)
                0x00000000c000f0f4                GDT::getNumberOfEntries()
                0x00000000c000f0fc                GDT::flush()
                0x00000000c000f11e                GDT::setup()
 .text          0x00000000c000f21f       0x6b core/idle.32
                0x00000000c000f21f                idleFunction(void*)
 .text          0x00000000c000f28a      0x45e core/idt.32
                0x00000000c000f28a                IDTEntry::IDTEntry(bool)
                0x00000000c000f28a                IDTEntry::IDTEntry(bool)
                0x00000000c000f2f8                IDTEntry::setOffset(unsigned int)
                0x00000000c000f30c                IDT::IDT()
                0x00000000c000f30c                IDT::IDT()
                0x00000000c000f30e                IDT::getPointerToInvalidOpcodeEntryForF00F()
                0x00000000c000f316                IDT::addEntry(IDTEntry, int)
                0x00000000c000f330                IDT::addEntry(int, void (*)(), bool)
                0x00000000c000f368                IDT::flush()
                0x00000000c000f382                IDT::setup()
 .text          0x00000000c000f6e8      0x1fe core/kheap.32
                0x00000000c000f6e8                sbrk
                0x00000000c000f7f5                mmap
                0x00000000c000f80b                munmap
                0x00000000c000f821                liballoc_lock()
                0x00000000c000f82e                liballoc_unlock()
                0x00000000c000f842                liballoc_alloc(int)
                0x00000000c000f85d                liballoc_free(void*, int)
                0x00000000c000f878                realloc
                0x00000000c000f88c                malloc
                0x00000000c000f89c                free
                0x00000000c000f8ac                rfree
                0x00000000c000f8bc                calloc
 .text          0x00000000c000f8e6      0x133 core/main.32
                0x00000000c000f8e6                kernel_main
 .text          0x00000000c000fa19      0x50d core/physmgr.32
                0x00000000c000fa19                Phys::allocateDMA(unsigned long)
                0x00000000c000fabc                Phys::freeDMA(unsigned long, unsigned long)
                0x00000000c000fb04                Phys::setPageState(unsigned long, bool)
                0x00000000c000fb36                Phys::getPageState(unsigned long)
                0x00000000c000fb52                Phys::freePage(unsigned long)
                0x00000000c000fbad                Phys::allocatePage()
                0x00000000c000fc62                Phys::allocateContiguousPages(int)
                0x00000000c000fcbe                Phys::allowSegmentToBeUsed(unsigned long, unsigned long)
                0x00000000c000fcf6                Phys::physicalMemorySetup(unsigned int)
 .text          0x00000000c000ff26      0x273 core/pipe.32
                0x00000000c000ff26                Pipe::isAtty()
                0x00000000c000ff2a                Pipe::~Pipe()
                0x00000000c000ff2a                Pipe::~Pipe()
                0x00000000c000ff4e                Pipe::~Pipe()
                0x00000000c000ff76                Pipe::read(unsigned long long, void*, int*)
                0x00000000c0010072                Pipe::write(unsigned long long, void*, int*)
                0x00000000c0010132                Pipe::Pipe(int)
                0x00000000c0010132                Pipe::Pipe(int)
 *fill*         0x00000000c0010199        0x1 
 .text          0x00000000c001019a      0xc7b core/terminal.32
                0x00000000c001019a                VgaText::isAtty()
                0x00000000c001019e                VgaText::~VgaText()
                0x00000000c001019e                VgaText::~VgaText()
                0x00000000c00101c2                VgaText::~VgaText()
                0x00000000c00101ec                VgaText::read(unsigned long long, void*, int*)
                0x00000000c001020c                setTerminalScrollLock(bool)
                0x00000000c001020d                addToTerminalCycle(VgaText*)
                0x00000000c001022e                installVgaTextImplementation()
                0x00000000c0010243                scrollTerminalScrollLock(int)
                0x00000000c0010244                VgaText::updateTitle()
                0x00000000c0010282                VgaText::load()
                0x00000000c00102d0                VgaText::updateCursor()
                0x00000000c00102e6                VgaText::showCursor(bool)
                0x00000000c00102f2                VgaText::disableBlink(bool)
                0x00000000c0010326                VgaText::doANSI_SGR(int)
                0x00000000c001039a                VgaText::setDefaultBgColour(VgaColour)
                0x00000000c00103aa                VgaText::setDefaultFgColour(VgaColour)
                0x00000000c00103ba                VgaText::setDefaultColours(VgaColour, VgaColour)
                0x00000000c00103da                VgaText::setTitleTextColour(VgaColour)
                0x00000000c00103ea                VgaText::setTitleColour(VgaColour)
                0x00000000c00103fa                VgaText::setTitle(char*)
                0x00000000c0010420                VgaText::combineColours(unsigned char, unsigned char)
                0x00000000c0010432                VgaText::scrollScreen()
                0x00000000c00104c6                VgaText::combineCharAndColour(char, unsigned char)
                0x00000000c00104d8                VgaText::writeCharacter(char, VgaColour, VgaColour, int, int)
                0x00000000c0010534                VgaText::getCursorX()
                0x00000000c001053c                VgaText::getCursorY()
                0x00000000c0010544                VgaText::setCursor(int, int)
                0x00000000c001055c                VgaText::setCursorX(int)
                0x00000000c0010574                VgaText::setCursorY(int)
                0x00000000c001058c                VgaText::incrementCursor(bool)
                0x00000000c00105e0                VgaText::decrementCursor(bool)
                0x00000000c0010602                VgaText::putchar(char, VgaColour, VgaColour)
                0x00000000c00106da                VgaText::isShowingCursor()
                0x00000000c00106e2                VgaText::isBlinkDisabled()
                0x00000000c00106ee                VgaText::setCursorHeight(int)
                0x00000000c0010706                VgaText::getCursorHeight()
                0x00000000c001070e                setActiveTerminal(VgaText*)
                0x00000000c00107b4                doTerminalCycle()
                0x00000000c00107ce                VgaText::doUpdate()
                0x00000000c00107dc                VgaText::puts(char const*, VgaColour, VgaColour)
                0x00000000c0010954                VgaText::clearScreen()
                0x00000000c00109ae                VgaText::putchar(char)
                0x00000000c0010a9a                VgaText::putx(unsigned int)
                0x00000000c0010ae0                VgaText::puts(char const*)
                0x00000000c0010b06                VgaText::VgaText(char const*)
                0x00000000c0010b06                VgaText::VgaText(char const*)
                0x00000000c0010cb4                VgaText::receiveKey(unsigned char)
                0x00000000c0010d9c                VgaText::write(unsigned long long, void*, int*)
                0x00000000c0010df0                newTerminal(char*)
 *fill*         0x00000000c0010e15        0x1 
 .text          0x00000000c0010e16      0x1b3 core/tss.32
                0x00000000c0010e16                TSS::TSS()
                0x00000000c0010e16                TSS::TSS()
                0x00000000c0010e24                TSS::setESP(unsigned long)
                0x00000000c0010e36                TSS::flush()
                0x00000000c0010e56                TSS::setup(unsigned long, unsigned long)
 *fill*         0x00000000c0010fc9        0x1 
 .text          0x00000000c0010fca      0x4c2 core/unixfile.32
                0x00000000c0010fca                ReservedFilename::read(unsigned long long, void*, int*)
                0x00000000c0011020                ReservedFilename::isAtty()
                0x00000000c001103c                ReservedFilename::write(unsigned long long, void*, int*)
                0x00000000c001109a                UnixFile::getFileDescriptor()
                0x00000000c00110a2                UnixFile::UnixFile(int)
                0x00000000c00110a2                UnixFile::UnixFile(int)
                0x00000000c0011252                ReservedFilename::ReservedFilename(int)
                0x00000000c0011252                ReservedFilename::ReservedFilename(int)
                0x00000000c0011284                UnixFile::~UnixFile()
                0x00000000c0011284                UnixFile::~UnixFile()
                0x00000000c001131c                UnixFile::~UnixFile()
                0x00000000c0011344                ReservedFilename::~ReservedFilename()
                0x00000000c0011344                ReservedFilename::~ReservedFilename()
                0x00000000c0011368                ReservedFilename::~ReservedFilename()
                0x00000000c001138f                getFromFileDescriptor(int)
 .text          0x00000000c001148c     0x12f9 core/virtmgr.32
                0x00000000c001148c                Virt::setPageState(unsigned long, Virt::VirtPageState)
                0x00000000c00114c1                Virt::getPageState(unsigned long)
                0x00000000c00114e5                Virt::allocateKernelVirtualPages(int)
                0x00000000c00115f6                Virt::freeSwapfilePage(unsigned long)
                0x00000000c0011614                Virt::swapIDToSector(unsigned long)
                0x00000000c0011626                Virt::allocateSwapfilePage()
                0x00000000c00116a4                Virt::virtualMemorySetup()
                0x00000000c0011723                Virt::setupPageSwapping(int)
                0x00000000c00118f0                VAS::VAS()
                0x00000000c00118f0                VAS::VAS()
                0x00000000c001192c                VAS::VAS(VAS*)
                0x00000000c001192c                VAS::VAS(VAS*)
                0x00000000c001195a                VAS::getForeignPageTableEntry(bool, unsigned long)
                0x00000000c0011986                VAS::getPageTableEntry(unsigned long)
                0x00000000c00119a5                Virt::freeKernelVirtualPages(unsigned long)
                0x00000000c0011ac8                VAS::freeAllocatedPages(unsigned long)
                0x00000000c0011aec                VAS::virtualToPhysical(unsigned long)
                0x00000000c0011b04                VAS::reflagRange(unsigned long, int, int, int)
                0x00000000c0011b44                VAS::setToWriteCombining(unsigned long, int)
                0x00000000c0011b76                VAS::mapOtherVASIn(bool, VAS*)
                0x00000000c0011ba0                VAS::~VAS()
                0x00000000c0011ba0                VAS::~VAS()
                0x00000000c0011d1c                VAS::mapPage(unsigned long, unsigned long, int)
                0x00000000c0011e1e                VAS::allocatePages(int, int)
                0x00000000c0011ff6                VAS::setCPUSpecific(unsigned long)
                0x00000000c0012012                VAS::mapRange(unsigned long, unsigned long, int, int)
                0x00000000c00120d8                VAS::mapForeignPage(bool, VAS*, unsigned long, unsigned long, int)
                0x00000000c00121c6                VAS::VAS(bool)
                0x00000000c00121c6                VAS::VAS(bool)
                0x00000000c0012446                VAS::evict(unsigned long)
                0x00000000c0012508                VAS::tryLoadBackOffDisk(unsigned long)
                0x00000000c0012618                VAS::scanForEviction()
                0x00000000c00126c9                mapVASFirstTime
 .text          0x00000000c0012785       0x95 coreobjs/c++.32
                0x00000000c0012785                __cxa_atexit
                0x00000000c0012788                __cxa_finalize
                0x00000000c0012789                __stack_chk_fail
                0x00000000c00127f5                __cxa_pure_virtual
                0x00000000c0012806                operator new[](unsigned long)
                0x00000000c001280b                operator delete(void*, unsigned long)
                0x00000000c0012810                operator delete[](void*)
                0x00000000c0012815                operator delete[](void*, unsigned long)
 .text          0x00000000c001281a      0x1ef dbg/kconsole.32
                0x00000000c001281a                Dbg::stringifyxWithBase(unsigned int, char*, int)
                0x00000000c001287b                Dbg::logc(char)
                0x00000000c0012892                Dbg::logs(char*)
                0x00000000c00128af                Dbg::logWriteInt(unsigned int)
                0x00000000c00128cc                Dbg::logWriteIntBase(unsigned int, int)
                0x00000000c00128eb                Dbg::kprintf(char const*, ...)
 *fill*         0x00000000c0012a09        0x1 
 .text          0x00000000c0012a0a      0xb82 fs/vfs.32
                0x00000000c0012a0a                File::read(unsigned long long, void*, int*)
                0x00000000c0012a62                File::write(unsigned long long, void*, int*)
                0x00000000c0012aba                Directory::read(unsigned long long, void*, int*)
                0x00000000c0012b12                Directory::write(unsigned long long, void*, int*)
                0x00000000c0012b40                File::isAtty()
                0x00000000c0012b44                Directory::isAtty()
                0x00000000c0012b48                Filesystem::getlabel(LogicalDisk*, int, char*, unsigned int*)
                0x00000000c0012b4e                Filesystem::setlabel(LogicalDisk*, int, char*)
                0x00000000c0012b54                Filesystem::getFileFirstSector(char const*)
                0x00000000c0012b5a                File::~File()
                0x00000000c0012b5a                File::~File()
                0x00000000c0012b7e                File::~File()
                0x00000000c0012ba8                Directory::~Directory()
                0x00000000c0012ba8                Directory::~Directory()
                0x00000000c0012bcc                Directory::~Directory()
                0x00000000c0012bf6                Filesystem::Filesystem()
                0x00000000c0012bf6                Filesystem::Filesystem()
                0x00000000c0012c1a                Filesystem::~Filesystem()
                0x00000000c0012c1a                Filesystem::~Filesystem()
                0x00000000c0012c28                Filesystem::~Filesystem()
                0x00000000c0012c4c                Fs::getcwd(Process*, char*, int)
                0x00000000c0012c76                Fs::initVFS()
                0x00000000c0012ca0                Fs::standardiseFiles(char*, char const*, char const*)
                0x00000000c0012e4a                File::File(char const*, Process*)
                0x00000000c0012e4a                File::File(char const*, Process*)
                0x00000000c0012eae                File::open(FileOpenMode)
                0x00000000c0012f0c                File::close()
                0x00000000c0012f6c                File::seek(unsigned long long)
                0x00000000c0012fc2                File::tell(unsigned long long*)
                0x00000000c0013012                File::rewind()
                0x00000000c0013026                File::unlink()
                0x00000000c0013072                File::rename(char const*)
                0x00000000c00130c0                File::chfatattr(unsigned char, unsigned char)
                0x00000000c001311c                File::exists()
                0x00000000c001315a                File::stat(unsigned long long*, bool*)
                0x00000000c00131bb                Fs::setcwd(Process*, char*)
                0x00000000c00132f6                Directory::Directory(char const*, Process*)
                0x00000000c00132f6                Directory::Directory(char const*, Process*)
                0x00000000c001335a                Directory::open()
                0x00000000c00133b6                Directory::close()
                0x00000000c0013416                Directory::unlink()
                0x00000000c0013462                Directory::rename(char const*)
                0x00000000c00134b0                Directory::exists()
                0x00000000c00134ee                Directory::read(dirent*)
                0x00000000c001353a                Directory::create()
                0x00000000c0013586                Filesystem::chfatattr(char const*, unsigned char, unsigned char)
 .text          0x00000000c001358c       0x84 hal/bus.32
                0x00000000c001358c                Bus::Bus(char const*)
                0x00000000c001358c                Bus::Bus(char const*)
                0x00000000c00135c2                Bus::~Bus()
                0x00000000c00135c2                Bus::~Bus()
                0x00000000c00135e6                Bus::~Bus()
 .text          0x00000000c0013610      0x156 hal/buzzer.32
                0x00000000c0013610                Buzzer::Buzzer(char const*)
                0x00000000c0013610                Buzzer::Buzzer(char const*)
                0x00000000c0013654                Buzzer::~Buzzer()
                0x00000000c0013654                Buzzer::~Buzzer()
                0x00000000c0013678                Buzzer::~Buzzer()
                0x00000000c00136a2                Buzzer::stop()
                0x00000000c00136b5                beepThread(void*)
                0x00000000c00136f8                Buzzer::beep(int, int, bool)
 .text          0x00000000c0013766      0x467 hal/clock.32
                0x00000000c0013766                User::loadClockSettings(int)
                0x00000000c00137b8                Clock::Clock(char const*)
                0x00000000c00137b8                Clock::Clock(char const*)
                0x00000000c00137ee                Clock::~Clock()
                0x00000000c00137ee                Clock::~Clock()
                0x00000000c0013812                Clock::~Clock()
                0x00000000c001383c                Clock::timeInSecondsLocal()
                0x00000000c0013884                Clock::setTimeInSecondsLocal(unsigned long long)
                0x00000000c00138dd                datetimeToSeconds(datetime_t)
                0x00000000c0013a04                Clock::setTimeInDatetimeLocal(datetime_t)
                0x00000000c0013a64                secondsToDatetime(unsigned long long)
                0x00000000c0013ba8                Clock::timeInDatetimeLocal()
 *fill*         0x00000000c0013bcd        0x1 
 .text          0x00000000c0013bce      0x504 hal/device.32
                0x00000000c0013bce                Device::hibernate()
                0x00000000c0013bd0                Device::wake()
                0x00000000c0013bd2                Device::detect()
                0x00000000c0013bd4                Device::disableLegacy()
                0x00000000c0013bd6                Device::powerSaving(PowerSavingLevel)
                0x00000000c0013bd8                DriverlessDevice::close(int, int, void*)
                0x00000000c0013bdc                DriverlessDevice::detect()
                0x00000000c0013bde                DriverlessDevice::open(int, int, void*)
                0x00000000c0013bf2                Device::~Device()
                0x00000000c0013bf2                Device::~Device()
                0x00000000c0013c00                Device::~Device()
                0x00000000c0013c28                Device::findAndLoadDriver()
                0x00000000c0013c36                Device::preOpenPCI(PCIDeviceInfo)
                0x00000000c0013c5c                Device::preOpenACPI(void*, char*, char*)
                0x00000000c0013c9c                Device::addIRQHandler(int, void (*)(regs*, void*), bool, void*)
                0x00000000c0013cda                Device::getParent()
                0x00000000c0013ce6                Device::removeIRQHandler(int, void (*)(regs*, void*), bool)
                0x00000000c0013d24                Device::addChild(Device*)
                0x00000000c0013d68                Device::removeAllChildren()
                0x00000000c0013dae                Device::hibernateAll()
                0x00000000c0013dde                Device::wakeAll()
                0x00000000c0013e0e                Device::detectAll()
                0x00000000c0013e3e                Device::disableLegacyAll()
                0x00000000c0013e6e                Device::loadDriversForAll()
                0x00000000c0013eae                Device::closeAll()
                0x00000000c0013ee4                Device::powerSavingAll(PowerSavingLevel)
                0x00000000c0013f1a                Device::setName(char const*)
                0x00000000c0013f28                Device::Device(char const*)
                0x00000000c0013f28                Device::Device(char const*)
                0x00000000c0014024                Device::getName()
                0x00000000c001402e                DriverlessDevice::DriverlessDevice(char const*)
                0x00000000c001402e                DriverlessDevice::DriverlessDevice(char const*)
                0x00000000c0014064                Device::addToLinkedList(LinkedList<Device>&, DeviceType)
                0x00000000c00140a8                getDevicesOfType(DeviceType)
 .text          0x00000000c00140d2       0x84 hal/diskctrl.32
                0x00000000c00140d2                HardDiskController::HardDiskController(char const*)
                0x00000000c00140d2                HardDiskController::HardDiskController(char const*)
                0x00000000c0014108                HardDiskController::~HardDiskController()
                0x00000000c0014108                HardDiskController::~HardDiskController()
                0x00000000c001412c                HardDiskController::~HardDiskController()
 .text          0x00000000c0014156       0xf2 hal/diskphys.32
                0x00000000c0014156                PhysicalDisk::eject()
                0x00000000c001416a                PhysicalDisk::PhysicalDisk(char const*, int)
                0x00000000c001416a                PhysicalDisk::PhysicalDisk(char const*, int)
                0x00000000c00141d2                PhysicalDisk::startCache()
                0x00000000c00141fa                PhysicalDisk::~PhysicalDisk()
                0x00000000c00141fa                PhysicalDisk::~PhysicalDisk()
                0x00000000c001421e                PhysicalDisk::~PhysicalDisk()
 .text          0x00000000c0014248      0x13b hal/fpu.32
                0x00000000c0014248                FPU::FPU(char const*)
                0x00000000c0014248                FPU::FPU(char const*)
                0x00000000c001427e                FPU::~FPU()
                0x00000000c001427e                FPU::~FPU()
                0x00000000c00142a2                FPU::~FPU()
                0x00000000c00142cc                setupFPU()
 *fill*         0x00000000c0014383        0x1 
 .text          0x00000000c0014384     0x1413 hal/intctrl.32
                0x00000000c0014384                InterruptController::uninstallISRHandler(int, void (*)(regs*, void*))
                0x00000000c00143bc                InterruptController::installISRHandler(int, void (*)(regs*, void*), void*)
                0x00000000c001440e                doubleFault(regs*, void*)
                0x00000000c0014428                InterruptController::installIRQHandler(int, void (*)(regs*, void*), bool, void*)
                0x00000000c00144c4                InterruptController::clearAllHandlers(int, bool)
                0x00000000c001456c                InterruptController::uninstallIRQHandler(int, void (*)(regs*, void*), bool)
                0x00000000c00145f3                nmiHandler(regs*, void*)
                0x00000000c0014601                int_handler
                0x00000000c00146a2                InterruptController::InterruptController(char const*)
                0x00000000c00146a2                InterruptController::InterruptController(char const*)
                0x00000000c0014748                InterruptController::~InterruptController()
                0x00000000c0014748                InterruptController::~InterruptController()
                0x00000000c001476c                InterruptController::~InterruptController()
                0x00000000c0014796                displayDebugInfo(regs*)
                0x00000000c0014c25                x87EmulHandler(regs*, void*)
                0x00000000c0014c98                gpFault(regs*, void*)
                0x00000000c0014cd1                pgFault(regs*, void*)
                0x00000000c0014ce8                otherISRHandler(regs*, void*)
                0x00000000c0014d07                opcodeFault(regs*, void*)
                0x00000000c0015324                displayProgramFault(char const*)
                0x00000000c001534c                setupInterruptController()
                0x00000000c001574a                InterruptController::convertLegacyIRQNumber(int)
 *fill*         0x00000000c0015797        0x1 
 .text          0x00000000c0015798      0x794 hal/keybrd.32
                0x00000000c0015798                startGUI(void*)
                0x00000000c0015804                startGUIVESA(void*)
                0x00000000c0015870                sendKeyToTerminal(unsigned char)
                0x00000000c001592e                sendKeyboardToken(KeyboardToken)
                0x00000000c0015d6b                clearInternalKeybuffer(VgaText*)
                0x00000000c0015da0                readKeyboard(VgaText*, char*, unsigned long)
                0x00000000c0015ea2                Keyboard::Keyboard(char const*)
                0x00000000c0015ea2                Keyboard::Keyboard(char const*)
                0x00000000c0015ede                Keyboard::~Keyboard()
                0x00000000c0015ede                Keyboard::~Keyboard()
                0x00000000c0015f02                Keyboard::~Keyboard()
 .text          0x00000000c0015f2c      0x414 hal/logidisk.32
                0x00000000c0015f2c                LogicalDisk::close(int, int, void*)
                0x00000000c0015f30                LogicalDisk::~LogicalDisk()
                0x00000000c0015f30                LogicalDisk::~LogicalDisk()
                0x00000000c0015f54                LogicalDisk::~LogicalDisk()
                0x00000000c0015f7e                LogicalDisk::open(int, int, void*)
                0x00000000c0015f92                LogicalDisk::absoluteToRelative(unsigned long long)
                0x00000000c0015fca                LogicalDisk::relativeToAbsolute(unsigned long long)
                0x00000000c0016010                LogicalDisk::LogicalDisk(char const*, PhysicalDisk*, unsigned long long, unsigned long long)
                0x00000000c0016010                LogicalDisk::LogicalDisk(char const*, PhysicalDisk*, unsigned long long, unsigned long long)
                0x00000000c00160c6                LogicalDisk::assignDriveLetter()
                0x00000000c001617c                LogicalDisk::mount()
                0x00000000c00161ee                LogicalDisk::unmount()
                0x00000000c00161fe                LogicalDisk::eject()
                0x00000000c0016212                LogicalDisk::unassignDriveLetter()
                0x00000000c0016268                LogicalDisk::read(unsigned long long, int, void*)
                0x00000000c00162d4                LogicalDisk::write(unsigned long long, int, void*)
 .text          0x00000000c0016340       0x84 hal/mouse.32
                0x00000000c0016340                Mouse::Mouse(char const*)
                0x00000000c0016340                Mouse::Mouse(char const*)
                0x00000000c0016376                Mouse::~Mouse()
                0x00000000c0016376                Mouse::~Mouse()
                0x00000000c001639a                Mouse::~Mouse()
 .text          0x00000000c00163c4      0x359 hal/partition.32
                0x00000000c00163c4                makePartition(PhysicalDisk*, unsigned long long, unsigned long long)
                0x00000000c001648c                createPartitionsForDisk(PhysicalDisk*)
 *fill*         0x00000000c001671d        0x1 
 .text          0x00000000c001671e       0x84 hal/serial.32
                0x00000000c001671e                Serial::Serial(char const*)
                0x00000000c001671e                Serial::Serial(char const*)
                0x00000000c0016754                Serial::~Serial()
                0x00000000c0016754                Serial::~Serial()
                0x00000000c0016778                Serial::~Serial()
 .text          0x00000000c00167a2      0x2f3 hal/timer.32
                0x00000000c00167a2                Timer::Timer(char const*)
                0x00000000c00167a2                Timer::Timer(char const*)
                0x00000000c00167d8                Timer::~Timer()
                0x00000000c00167d8                Timer::~Timer()
                0x00000000c00167fc                Timer::~Timer()
                0x00000000c0016826                Timer::read()
                0x00000000c0016831                timerHandler(unsigned long long)
                0x00000000c00169a3                setupTimer(int)
 *fill*         0x00000000c0016a95        0x1 
 .text          0x00000000c0016a96      0x409 hal/vcache.32
                0x00000000c0016a96                VCache::VCache(PhysicalDisk*)
                0x00000000c0016a96                VCache::VCache(PhysicalDisk*)
                0x00000000c0016bfe                VCache::invalidateReadBuffer()
                0x00000000c0016c0e                VCache::writeWriteBuffer()
                0x00000000c0016c4a                VCache::~VCache()
                0x00000000c0016c4a                VCache::~VCache()
                0x00000000c0016c9e                VCache::~VCache()
                0x00000000c0016cc6                VCache::write(unsigned long long, int, void*)
                0x00000000c0016db0                VCache::read(unsigned long long, int, void*)
 *fill*         0x00000000c0016e9f        0x1 
 .text          0x00000000c0016ea0      0x4cd hal/video.32
                0x00000000c0016ea0                Video::putrect(int, int, int, int, unsigned int)
                0x00000000c0016eec                Video::bitblit(int, int, int, int, int, int, int, unsigned int*)
                0x00000000c0016f5c                Video::blit(unsigned int*, int, int, int, int)
                0x00000000c0016fda                Video::clearScreen(unsigned int)
                0x00000000c001700e                Video::putpixel(int, int, unsigned int)
                0x00000000c001701c                Video::Video(char const*)
                0x00000000c001701c                Video::Video(char const*)
                0x00000000c0017052                Video::~Video()
                0x00000000c0017052                Video::~Video()
                0x00000000c0017076                Video::~Video()
                0x00000000c00170a0                Video::isMonochrome()
                0x00000000c00170ac                Video::getWidth()
                0x00000000c00170b8                Video::getHeight()
                0x00000000c00170c4                Video::drawCursor(int, int, unsigned char*, int)
                0x00000000c0017180                Video::tgaParse(unsigned char*, int, int*, int*)
                0x00000000c0017302                Video::putTGA(int, int, unsigned char*, int)
 *fill*         0x00000000c001736d        0x1 
 .text          0x00000000c001736e     0x1163 hw/acpi.32
                0x00000000c001736e                ACPI::close(int, int, void*)
                0x00000000c0017423                findRSDP()
                0x00000000c00174bd                loadACPITables(unsigned char*)
                0x00000000c0017714                findRSDT(unsigned char*)
                0x00000000c001785e                findDataTable(unsigned char*, char*)
                0x00000000c00178fa                scanMADT()
                0x00000000c0017d80                ACPI::ACPI()
                0x00000000c0017d80                ACPI::ACPI()
                0x00000000c0017dd4                ACPI::getPCIIRQAssignment(unsigned char, unsigned short, unsigned char)
                0x00000000c0017eb6                ACPI::registerPCIIRQAssignment(void*, unsigned short, unsigned char, unsigned char)
                0x00000000c0017f7c                ACPI::setScreenBrightnessLevel(void*, int)
                0x00000000c0017f82                ACPI::detectPCI()
                0x00000000c00180fc                ACPI::writeSimpleBootFlag(SimpleBootFlagTable*)
                0x00000000c0018144                ACPI::sleep()
                0x00000000c001815c                ACPI::open(int, int, void*)
 *fill*         0x00000000c00184d1        0x1 
 .text          0x00000000c00184d2     0x1717 hw/cpu.32
                0x00000000c00184d2                CPU::close(int, int, void*)
                0x00000000c00184d6                CPU::lookupAMDName(unsigned char, unsigned char)
                0x00000000c001866a                CPU::lookupIntelName(unsigned char, unsigned char)
                0x00000000c0018918                CPU::AMD_K6_write_msr(unsigned int, unsigned int, unsigned int, CPU::REGS*)
                0x00000000c0018934                CPU::AMD_K6_read_msr(unsigned int, CPU::REGS*)
                0x00000000c001894c                CPU::AMD_K6_writeback(int, int, int)
                0x00000000c00189c0                CPU::cpuid(int, unsigned long*, unsigned long*, unsigned long*, unsigned long*)
                0x00000000c0018a44                CPU::cpuidCheckEDX(unsigned int)
                0x00000000c0018a72                CPU::cpuidCheckECX(unsigned int)
                0x00000000c0018aa0                CPU::cpuidCheckExtendedEBX(unsigned int)
                0x00000000c0018ace                CPU::cpuidCheckExtendedECX(unsigned int)
                0x00000000c0018afc                CPU::CPU()
                0x00000000c0018afc                CPU::CPU()
                0x00000000c0018b8a                CPU::displayFeatures()
                0x00000000c0018e06                CPU::detectFeatures()
                0x00000000c00197f8                CPU::setupSMEP()
                0x00000000c0019804                CPU::setupUMIP()
                0x00000000c001980e                CPU::setupTSC()
                0x00000000c0019818                CPU::setupLargePages()
                0x00000000c0019822                CPU::setupPAT()
                0x00000000c001985e                CPU::setupMTRR()
                0x00000000c0019860                CPU::setupGlobalPages()
                0x00000000c001986a                CPU::allowUsermodeDataAccess()
                0x00000000c001987c                CPU::prohibitUsermodeDataAccess()
                0x00000000c001988e                CPU::setupSMAP()
                0x00000000c001989c                CPU::setupFeatures()
                0x00000000c001991c                CPU::open(int, int, void*)
                0x00000000c00199ee                CPU::decodeAddress(regs*, int*, bool*, unsigned char*)
 .text          0x00000000c0019be9        0x0 hw/ports.32
 .text          0x00000000c0019be9      0x16a hw/smp.32
                0x00000000c0019be9                Krnl::smpEntry()
                0x00000000c0019beb                Krnl::startCPU(int)
                0x00000000c0019d34                Krnl::startCPUs()
 *fill*         0x00000000c0019d53        0x1 
 .text          0x00000000c0019d54      0x5cd krnl/env.32
                0x00000000c0019d54                EnvVarContainer::getEnv(char const*)
                0x00000000c0019d92                EnvVarContainer::setEnv(char const*, char const*)
                0x00000000c0019e54                EnvVarContainer::deleteEnv(char const*)
                0x00000000c0019e56                EnvVarContainer::loadFrom(char const*, char const*)
                0x00000000c001a058                EnvVarContainer::__loadSystem()
                0x00000000c001a072                EnvVarContainer::__loadUser()
                0x00000000c001a074                EnvVarContainer::EnvVarContainer(Process*)
                0x00000000c001a074                EnvVarContainer::EnvVarContainer(Process*)
                0x00000000c001a096                EnvVarContainer::~EnvVarContainer()
                0x00000000c001a096                EnvVarContainer::~EnvVarContainer()
                0x00000000c001a0c6                Krnl::getEnv(Process*, char const*)
                0x00000000c001a12b                Krnl::setEnvSystem(char const*, char const*)
                0x00000000c001a145                Krnl::setEnvUser(char const*, char const*)
                0x00000000c001a164                Krnl::setEnvProcess(Process*, char const*, char const*)
                0x00000000c001a177                Krnl::deleteEnvSystem(char const*)
                0x00000000c001a178                Krnl::deleteEnvUser(char const*)
                0x00000000c001a179                Krnl::deleteEnvProcess(Process*, char const*)
                0x00000000c001a17a                Krnl::newProcessEnv(Process*)
                0x00000000c001a19c                Krnl::copyProcessEnv(Process*, Process*)
                0x00000000c001a1e8                Krnl::loadSystemEnv()
                0x00000000c001a216                Krnl::loadUserEnv()
                0x00000000c001a23c                Krnl::flushEnv()
                0x00000000c001a23d                Krnl::getProcessTotalEnvCount(Process*)
                0x00000000c001a25d                Krnl::getProcessEnvPair(Process*, int)
 .text          0x00000000c001a321      0x396 krnl/panic.32
                0x00000000c001a321                Krnl::panic(char const*)
 .text          0x00000000c001a6b7      0x57f net/ethernet.32
                0x00000000c001a6b7                Net::switchEndian16(unsigned short)
                0x00000000c001a6d8                Net::switchEndian32(unsigned int)
                0x00000000c001a707                Net::crc32Calc(unsigned char*, int)
                0x00000000c001a798                Net::wrapEthernetFrame(Net::UnwrappedEthernetFrame, unsigned char*)
                0x00000000c001a9ab                Net::unwrapEthernetFrame(unsigned char*, int)
 .text          0x00000000c001ac36      0x50e reg/registry.32
                0x00000000c001ac36                Reg::findLineFromLoadedData(char*, char*, char*)
                0x00000000c001ad8e                Reg::getLineFromRegistry(char*, char*, char*, char*)
                0x00000000c001aee3                Reg::getLine(char*, char*, char*)
                0x00000000c001af1a                Reg::readInt(char*, char*, int*)
                0x00000000c001b005                Reg::readString(char*, char*, char*, int)
                0x00000000c001b086                Reg::readBool(char*, char*, bool*)
                0x00000000c001b0ab                Reg::readBoolWithDefault(char*, char*, bool)
                0x00000000c001b0d7                Reg::readIntWithDefault(char*, char*, int)
                0x00000000c001b103                Reg::readStringWithDefault(char*, char*, char*, int, char*)
 .text          0x00000000c001b144       0x36 sys/sc_eject.32
                0x00000000c001b144                Sys::eject(regs*)
 .text          0x00000000c001b17a       0x18 sys/sc_exit.32
                0x00000000c001b17a                Sys::exit(regs*)
 .text          0x00000000c001b192       0x1f sys/sc_getcwd.32
                0x00000000c001b192                Sys::getCwd(regs*)
 .text          0x00000000c001b1b1        0xc sys/sc_getpid.32
                0x00000000c001b1b1                Sys::getPID(regs*)
 .text          0x00000000c001b1bd       0x17 sys/sc_getramdata.32
                0x00000000c001b1bd                Sys::getRAMData(regs*)
 .text          0x00000000c001b1d4       0x84 sys/sc_getvgaptr.32
                0x00000000c001b1d4                Sys::getVGAPtr(regs*)
 .text          0x00000000c001b258       0xa8 sys/sc_loaddll.32
                0x00000000c001b258                Sys::loadDLL(regs*)
 .text          0x00000000c001b300       0x68 sys/sc_read.32
                0x00000000c001b300                Sys::read(regs*)
 .text          0x00000000c001b368       0x55 sys/sc_sbrk.32
                0x00000000c001b368                Sys::sbrk(regs*)
 .text          0x00000000c001b3bd       0x1c sys/sc_setcwd.32
                0x00000000c001b3bd                Sys::setCwd(regs*)
 .text          0x00000000c001b3d9      0x128 sys/sc_settime.32
                0x00000000c001b3d9                Sys::setTime(regs*)
 .text          0x00000000c001b501       0x4a sys/sc_timezone.32
                0x00000000c001b501                Sys::timezone(regs*)
 .text          0x00000000c001b54b       0x68 sys/sc_write.32
                0x00000000c001b54b                Sys::write(regs*)
 .text          0x00000000c001b5b3       0x62 sys/sc_wsbe.32
                0x00000000c001b5b3                Sys::wsbe(regs*)
 .text          0x00000000c001b615       0x46 sys/sc_yield.32
                0x00000000c001b615                Sys::yield(regs*)
 .text          0x00000000c001b65b     0x1101 sys/syscalls.32
                0x00000000c001b65b                sysCallSeekDir(regs*)
                0x00000000c001b660                sysCallTellDir(regs*)
                0x00000000c001b665                sysCallVerify(regs*)
                0x00000000c001b66f                sysFormatDisk(regs*)
                0x00000000c001b6d9                sysSetDiskVolumeLabel(regs*)
                0x00000000c001b71f                sysGetDiskVolumeLabel(regs*)
                0x00000000c001b770                sysShutdown(regs*)
                0x00000000c001b7ce                sysCallRealpath(regs*)
                0x00000000c001b811                sysCallGetArgc(regs*)
                0x00000000c001b83f                sysCallReadDir(regs*)
                0x00000000c001b8cd                sysCallIsATTY(regs*)
                0x00000000c001b927                sysCallSeek(regs*)
                0x00000000c001b990                sysCallTell(regs*)
                0x00000000c001ba0d                sysCallSize(regs*)
                0x00000000c001ba90                sysCallSizeFromFilename(regs*)
                0x00000000c001bb50                sysCallClose(regs*)
                0x00000000c001bbd8                sysCallOpenDir(regs*)
                0x00000000c001bc4d                sysCallCloseDir(regs*)
                0x00000000c001bcb3                sysCallMakeDir(regs*)
                0x00000000c001bd23                sysCallWait(regs*)
                0x00000000c001bd3d                sysCallNotImpl(regs*)
                0x00000000c001bd58                sysPanic(regs*)
                0x00000000c001bd7e                sysCallRmdir(regs*)
                0x00000000c001bde2                sysCallUnlink(regs*)
                0x00000000c001be46                sysCallGetArgv(regs*)
                0x00000000c001be92                sysCallTTYName(regs*)
                0x00000000c001bf15                sysCallUSleep(regs*)
                0x00000000c001bf3c                sysCallSpawn(regs*)
                0x00000000c001bfb1                sysCallGetEnv(regs*)
                0x00000000c001c0e9                sysAppSettings(regs*)
                0x00000000c001c1fd                sysSetFatAttrib(regs*)
                0x00000000c001c26f                sysPipe(regs*)
                0x00000000c001c2b4                sysGetUnixTime(regs*)
                0x00000000c001c2c8                string_ends_with(char const*, char const*)
                0x00000000c001c310                sysCallOpen(regs*)
                0x00000000c001c525                Sys::loadSyscalls()
                0x00000000c001c71a                Sys::systemCall(regs*, void*)
 .text          0x00000000c001c75c     0x11fd thr/elf.32
                0x00000000c001c75c                Thr::allocateMemoryForTask(Process*, File*, unsigned long, unsigned long, unsigned long)
                0x00000000c001ca06                Thr::loadProgramIntoMemory(Process*, char const*)
                0x00000000c001cc1c                Thr::runtimeReferenceHelper()
                0x00000000c001cc2f                Thr::getAddressOfKernelSymbol(char const*)
                0x00000000c001cc7e                Thr::loadKernelSymbolTable(char const*)
                0x00000000c001cf3c                Thr::loadDriverIntoMemory(char const*, unsigned long, bool)
                0x00000000c001d672                Thr::getDriverBaseFromAddress(unsigned long)
                0x00000000c001d6a4                Thr::getDriverNameFromAddress(unsigned long)
                0x00000000c001d6db                Thr::getDriverOffsetFromAddress(unsigned long)
                0x00000000c001d6f5                Thr::loadDLL(char const*, bool)
                0x00000000c001d920                Thr::executeDLL(unsigned long, void*)
 *fill*         0x00000000c001d959        0x1 
 .text          0x00000000c001d95a     0x1315 thr/prcssthr.32
                0x00000000c001d95a                userModeEntryPoint(void*)
                0x00000000c001d980                changeTSS
                0x00000000c001d9b0                switchToThread(ThreadControlBlock*)
                0x00000000c001da5a                Process::addArgs(char**)
                0x00000000c001dab4                Process::Process(char const*, Process*, char**)
                0x00000000c001dab4                Process::Process(char const*, Process*, char**)
                0x00000000c001dc98                Process::Process(bool, char const*, Process*, char**)
                0x00000000c001dc98                Process::Process(bool, char const*, Process*, char**)
                0x00000000c001de47                taskStartupFunction
                0x00000000c001de50                Semaphore::Semaphore(int)
                0x00000000c001de50                Semaphore::Semaphore(int)
                0x00000000c001de7e                Mutex::Mutex()
                0x00000000c001de7e                Mutex::Mutex()
                0x00000000c001de90                Process::createThread(void (*)(void*), void*, int)
                0x00000000c001df96                Process::createUserThread()
                0x00000000c001dfb2                setupMultitasking(void (*)())
                0x00000000c001e0d4                schedule()
                0x00000000c001e15a                Semaphore::tryAcquire()
                0x00000000c001e216                Semaphore::assertLocked(char const*)
                0x00000000c001e285                blockTaskWithSchedulerLockAlreadyHeld(TaskState)
                0x00000000c001e2d3                blockTask(TaskState)
                0x00000000c001e300                waitTask(int, int*, int)
                0x00000000c001e342                nanoSleepUntil(unsigned long long)
                0x00000000c001e3d7                nanoSleep(unsigned long long)
                0x00000000c001e3ef                sleep(unsigned long long)
                0x00000000c001e40c                Semaphore::acquire()
                0x00000000c001e4ae                taskReturned
                0x00000000c001e4e9                Thr::processFromPID(int)
                0x00000000c001e598                unblockTask(ThreadControlBlock*)
                0x00000000c001e645                cleanupTerminatedTask(ThreadControlBlock*)
                0x00000000c001e90e                cleanerTaskFunction(void*)
                0x00000000c001ea07                terminateTask(int)
                0x00000000c001eb39                Thr::terminateFromIRQ(int)
                0x00000000c001eb46                Semaphore::release()
 .text          0x00000000c001ec6f      0xada vm86/vm8086.32
                0x00000000c001ec6f                Vm::inbv(unsigned short)
                0x00000000c001ec82                Vm::outbv(unsigned short, unsigned char)
                0x00000000c001ecb8                Vm::realToLinear(unsigned short, unsigned short)
                0x00000000c001ecc8                Vm::getSegment(unsigned int)
                0x00000000c001ecd0                Vm::getOffset(unsigned int)
                0x00000000c001ecd5                Vm::mainloop2()
                0x00000000c001ed0f                Vm::mainVm8086Loop(void*)
                0x00000000c001ed1f                Vm::mainloop3(unsigned long)
                0x00000000c001ed45                Vm::initialise8086()
                0x00000000c001ed88                Vm::finish8086()
                0x00000000c001ede9                Vm::getOutput8086(unsigned char*)
                0x00000000c001ee0e                Vm::start8086(char const*, unsigned short, unsigned short, unsigned short, unsigned short)
                0x00000000c001ef76                Vm::doISR(regs*, int, unsigned char*, unsigned short, unsigned short)
                0x00000000c001f000                Vm::readByteFromReal(unsigned short, unsigned short)
                0x00000000c001f011                Vm::readWordFromReal(unsigned short, unsigned short)
                0x00000000c001f023                Vm::readDwordFromReal(unsigned short, unsigned short)
                0x00000000c001f034                Vm::writeByteFromReal(unsigned short, unsigned short, unsigned char)
                0x00000000c001f049                Vm::writeWordFromReal(unsigned short, unsigned short, unsigned short)
                0x00000000c001f05f                Vm::writeDwordFromReal(unsigned short, unsigned short, unsigned int)
                0x00000000c001f074                Vm::faultHandler(regs*)
 .text          0x00000000c001f749      0xefd vm86/x87em.32
                0x00000000c001f749                Vm::fpuInternalTo32(unsigned long long)
                0x00000000c001f7a4                Vm::fpuInternalTo64(unsigned long long)
                0x00000000c001f7ad                Vm::fpu32ToInternal(unsigned int)
                0x00000000c001f7f2                Vm::fpu64ToInternal(unsigned long long)
                0x00000000c001f7fb                Vm::fpuFloatToLong(unsigned long long)
                0x00000000c001f856                Vm::fpuULongToFloat(unsigned long long)
                0x00000000c001f88c                Vm::fpuLongToFloat(long long)
                0x00000000c001f8e2                Vm::fpuGet0()
                0x00000000c001f8e7                Vm::fpuGet1()
                0x00000000c001f8ef                Vm::fpuGetPi()
                0x00000000c001f8f7                Vm::fpuGetLog2E()
                0x00000000c001f90f                Vm::fpuGetLogE2()
                0x00000000c001f927                Vm::fpuGetLog210()
                0x00000000c001f93f                Vm::fpuGetLog102()
                0x00000000c001f957                Vm::fpuIsSecondLarger(unsigned long long, unsigned long long)
                0x00000000c001f96b                Vm::fpuAreEqual(unsigned long long, unsigned long long)
                0x00000000c001f981                Vm::fpuUnorderedCompare(unsigned long long, unsigned long long)
                0x00000000c001f9d4                Vm::fpuAdd(unsigned long long, unsigned long long)
                0x00000000c001f9e5                Vm::fpuAbs(unsigned long long)
                0x00000000c001f9ee                Vm::fpuChs(unsigned long long)
                0x00000000c001f9fe                Vm::fpuSub(unsigned long long, unsigned long long)
                0x00000000c001fa0d                Vm::fpuMultiply(unsigned long long, unsigned long long)
                0x00000000c001fa2c                Vm::fpuDivide(unsigned long long, unsigned long long)
                0x00000000c001fa48                Vm::fpuSquare(unsigned long long)
                0x00000000c001fa5e                Vm::fpuGetReg(int)
                0x00000000c001faa1                Vm::fpuSetReg(int, unsigned long long)
                0x00000000c001faec                Vm::fpuPush(unsigned long long)
                0x00000000c001fb49                Vm::fpuPop()
                0x00000000c001fb9b                Vm::x87Handler(regs*)
 .text          0x00000000c0020646     0x1203 fs/fat/vfslink.32
                0x00000000c0020646                FAT::getName()
                0x00000000c002064c                FAT::tell(void*, unsigned long long*)
                0x00000000c0020680                FAT::stat(void*, unsigned long long*)
                0x00000000c00206b4                FAT::~FAT()
                0x00000000c00206b4                FAT::~FAT()
                0x00000000c00206d8                FAT::~FAT()
                0x00000000c0020700                FAT::getlabel(LogicalDisk*, int, char*, unsigned int*)
                0x00000000c002079e                FAT::setlabel(LogicalDisk*, int, char*)
                0x00000000c0020858                FAT::format(LogicalDisk*, int, char const*, int)
                0x00000000c0020a3c                FAT::tryMount(LogicalDisk*, int)
                0x00000000c0020c42                FAT::getFileFirstSector(char const*)
                0x00000000c0020d04                FAT::readDir(void*, unsigned long, void*, int*)
                0x00000000c0020e5e                FAT::read(void*, unsigned long, void*, int*)
                0x00000000c0020eb8                FAT::write(void*, unsigned long, void*, int*)
                0x00000000c0020f12                FAT::close(void*)
                0x00000000c0020f5e                FAT::closeDir(void*)
                0x00000000c0020faa                FAT::seek(void*, unsigned long long)
                0x00000000c0020ffe                fatWrapperReadDisk
                0x00000000c0021045                fatWrapperWriteDisk
                0x00000000c002108c                fatWrapperIoctl
                0x00000000c0021190                FAT::FAT()
                0x00000000c0021190                FAT::FAT()
                0x00000000c00211e2                FAT::fixFilepath(char*)
                0x00000000c002121a                FAT::open(char const*, void**, FileOpenMode)
                0x00000000c0021342                FAT::openDir(char const*, void**)
                0x00000000c00213e8                FAT::stat(char const*, unsigned long long*, bool*)
                0x00000000c00214d2                FAT::unlink(char const*)
                0x00000000c002154c                FAT::chfatattr(char const*, unsigned char, unsigned char)
                0x00000000c00216a0                FAT::rename(char const*, char const*)
                0x00000000c0021764                FAT::mkdir(char const*)
                0x00000000c00217de                FAT::exists(char const*)
 *fill*         0x00000000c0021849        0x1 
 .text          0x00000000c002184a      0xba5 fs/iso9660/vfslink.32
                0x00000000c002184a                ISO9660::format(LogicalDisk*, int, char const*, int)
                0x00000000c0021850                ISO9660::seek(void*, unsigned long long)
                0x00000000c0021880                ISO9660::tell(void*, unsigned long long*)
                0x00000000c00218a4                ISO9660::getName()
                0x00000000c00218aa                ISO9660::stat(void*, unsigned long long*)
                0x00000000c00218ce                ISO9660::chfatattr(char const*, unsigned char, unsigned char)
                0x00000000c00218d4                ISO9660::unlink(char const*)
                0x00000000c00218da                ISO9660::write(void*, unsigned long, void*, int*)
                0x00000000c00218e0                ISO9660::rename(char const*, char const*)
                0x00000000c00218e6                ISO9660::mkdir(char const*)
                0x00000000c00218ec                ISO9660::close(void*)
                0x00000000c002190e                ISO9660::closeDir(void*)
                0x00000000c0021930                ISO9660::~ISO9660()
                0x00000000c0021930                ISO9660::~ISO9660()
                0x00000000c0021954                ISO9660::~ISO9660()
                0x00000000c002197b                __memmem(unsigned char*, int, unsigned char*, int)
                0x00000000c00219bd                readSectorFromCDROM(unsigned int, unsigned char*, char)
                0x00000000c0021a18                ISO9660::tryMount(LogicalDisk*, int)
                0x00000000c0021a68                ISO9660::read(void*, unsigned long, void*, int*)
                0x00000000c0021c6c                ISO9660::readDir(void*, unsigned long, void*, int*)
                0x00000000c0021ee6                readRoot(unsigned int*, unsigned int*, char)
                0x00000000c0021f3a                readRecursively(char*, unsigned int, unsigned int, unsigned int*, unsigned int*, char, int*)
                0x00000000c002210d                getFileData(char*, unsigned int*, unsigned int*, char, int*)
                0x00000000c002219c                ISO9660::open(char const*, void**, FileOpenMode)
                0x00000000c002225c                ISO9660::exists(char const*)
                0x00000000c0022280                ISO9660::stat(char const*, unsigned long long*, bool*)
                0x00000000c0022314                ISO9660::openDir(char const*, void**)
                0x00000000c00223cc                ISO9660::ISO9660()
                0x00000000c00223cc                ISO9660::ISO9660()
 *fill*         0x00000000c00223ef        0x1 
 .text          0x00000000c00223f0      0x3a6 hal/sound/sndchannel.32
                0x00000000c00223f0                SoundChannel::SoundChannel(int, int, int, int)
                0x00000000c00223f0                SoundChannel::SoundChannel(int, int, int, int)
                0x00000000c002252a                SoundChannel::~SoundChannel()
                0x00000000c002252a                SoundChannel::~SoundChannel()
                0x00000000c0022546                SoundChannel::getSampleRate()
                0x00000000c002254e                SoundChannel::getBits()
                0x00000000c0022556                SoundChannel::getBufferUsed()
                0x00000000c002255e                SoundChannel::getBufferSize()
                0x00000000c0022566                SoundChannel::unbuffer(float*, int, int)
                0x00000000c00225fa                SoundChannel::buffer16(short*, int)
                0x00000000c00226f6                SoundChannel::buffer8(unsigned char*, int)
 .text          0x00000000c0022796      0x504 hal/sound/sndhw.32
                0x00000000c0022796                SoundDevice::SoundDevice(char const*)
                0x00000000c0022796                SoundDevice::SoundDevice(char const*)
                0x00000000c0022802                SoundDevice::~SoundDevice()
                0x00000000c0022802                SoundDevice::~SoundDevice()
                0x00000000c002287c                SoundDevice::~SoundDevice()
                0x00000000c00228a6                SoundDevice::getFreeChannelNum()
                0x00000000c00228c0                SoundDevice::addChannel(SoundChannel*)
                0x00000000c0022930                SoundDevice::removeChannel(int)
                0x00000000c0022962                SoundDevice::floatTo16(float*, short*, int)
                0x00000000c0022a50                SoundDevice::floatTo8(float*, unsigned char*, int)
                0x00000000c0022b38                SoundDevice::getAudio(int, float*, float*)
 .text          0x00000000c0022c9a        0x0 hw/bus/isa.32
 .text          0x00000000c0022c9a      0xbbb hw/bus/pci.32
                0x00000000c0022c9a                PCI::open(int, int, void*)
                0x00000000c0022cb8                PCI::close(int, int, void*)
                0x00000000c0022cbc                PCI::PCI()
                0x00000000c0022cbc                PCI::PCI()
                0x00000000c0022d52                PCI::readBAR8(unsigned int, int)
                0x00000000c0022d6e                PCI::readBAR16(unsigned int, int)
                0x00000000c0022d8c                PCI::readBAR32(unsigned int, int)
                0x00000000c0022da8                PCI::writeBAR8(unsigned int, unsigned char, int)
                0x00000000c0022dc8                PCI::writeBAR16(unsigned int, unsigned short, int)
                0x00000000c0022e0c                PCI::writeBAR32(unsigned int, unsigned int, int)
                0x00000000c0022e2c                PCI::legacyMechanism(unsigned char, unsigned char, unsigned char, unsigned char)
                0x00000000c0022e9a                PCI::pciReadWord(unsigned char, unsigned char, unsigned char, unsigned char)
                0x00000000c0022f42                PCI::getVendorID(unsigned char, unsigned char, unsigned char)
                0x00000000c0022f66                PCI::getHeaderType(unsigned char, unsigned char, unsigned char)
                0x00000000c0022f8e                PCI::getClassCode(unsigned char, unsigned char, unsigned char)
                0x00000000c0022fd8                PCI::getProgIF(unsigned char, unsigned char, unsigned char)
                0x00000000c0023000                PCI::getRevisionID(unsigned char, unsigned char, unsigned char)
                0x00000000c0023024                PCI::getInterruptNumber(unsigned char, unsigned char, unsigned char)
                0x00000000c0023048                PCI::getSecondaryBus(unsigned char, unsigned char, unsigned char)
                0x00000000c0023070                PCI::getBARAddress(unsigned char, unsigned char, unsigned char, unsigned char)
                0x00000000c00230d4                PCI::pciWriteWord(unsigned char, unsigned char, unsigned char, unsigned char, unsigned short)
                0x00000000c00231bc                PCI::pciDetailsToFilepath(PCIDeviceInfo, char*)
                0x00000000c0023448                PCI::checkBus(unsigned char)
                0x00000000c002346c                PCI::foundDevice(PCIDeviceInfo)
                0x00000000c00235de                PCI::getDeviceData(unsigned char, unsigned char, unsigned char)
                0x00000000c0023796                PCI::checkDevice(unsigned char, unsigned char)
                0x00000000c0023802                PCI::detect()
 *fill*         0x00000000c0023855        0x1 
 .text          0x00000000c0023856      0xc70 hw/diskctrl/ide.32
                0x00000000c0023856                IDE::close(int, int, void*)
                0x00000000c002385a                IDE::IDE()
                0x00000000c002385a                IDE::IDE()
                0x00000000c002388e                IDE::prepareInterrupt(unsigned char)
                0x00000000c00238a0                selectDrive(unsigned char, unsigned char)
                0x00000000c00238a2                IDE::getBase(unsigned char)
                0x00000000c00238b4                IDE::write(unsigned char, unsigned char, unsigned char)
                0x00000000c0023974                IDE::read(unsigned char, unsigned char)
                0x00000000c0023a22                IDE::waitInterrupt(unsigned char)
                0x00000000c0023a88                ideChannel0IRQHandler(regs*, void*)
                0x00000000c0023aa4                ideChannel1IRQHandler(regs*, void*)
                0x00000000c0023ac0                IDE::enableIRQs(unsigned char, bool)
                0x00000000c0023b06                IDE::open(int, int, void*)
                0x00000000c0023f16                IDE::readBuffer(unsigned char, unsigned char, unsigned int, unsigned int)
                0x00000000c0023fe2                IDE::detect()
                0x00000000c00242ca                IDE::printError(unsigned char, unsigned char, unsigned char)
                0x00000000c0024460                IDE::polling(unsigned char, unsigned int)
 .text          0x00000000c00244c6      0x390 hw/diskctrl/satabus.32
                0x00000000c00244c6                SATABus::close(int, int, void*)
                0x00000000c00244ca                SATABus::detect()
                0x00000000c00244cc                SATABus::SATABus()
                0x00000000c00244cc                SATABus::SATABus()
                0x00000000c0024578                SATABus::findCmdslot(SATABus::tagHBA_PORT volatile*)
                0x00000000c00245c0                SATABus::checkType(SATABus::tagHBA_PORT volatile*)
                0x00000000c0024608                SATABus::startCmd(SATABus::tagHBA_PORT volatile*)
                0x00000000c0024628                SATABus::stopCmd(SATABus::tagHBA_PORT volatile*)
                0x00000000c0024652                SATABus::portRebase(SATABus::tagHBA_PORT volatile*, int)
                0x00000000c0024758                SATABus::probePort(SATABus::tagHBA_MEM volatile*)
                0x00000000c0024836                SATABus::open(int, int, void*)
 .text          0x00000000c0024856      0x604 hw/diskphys/ata.32
                0x00000000c0024856                ATA::close(int, int, void*)
                0x00000000c002487a                ATA::powerSaving(PowerSavingLevel)
                0x00000000c002487c                ATA::ATA()
                0x00000000c002487c                ATA::ATA()
                0x00000000c00248aa                ATA::flush(bool)
                0x00000000c00248f4                ATA::readyForCommand()
                0x00000000c0024944                ATA::access(unsigned long long, int, void*, bool)
                0x00000000c0024ccc                ATA::read(unsigned long long, int, void*)
                0x00000000c0024d18                ATA::write(unsigned long long, int, void*)
                0x00000000c0024d64                ATA::detectCHS()
                0x00000000c0024d8e                ATA::open(int, int, void*)
 .text          0x00000000c0024e5a      0x5bd hw/diskphys/atapi.32
                0x00000000c0024e5a                ATAPI::write(unsigned long long, int, void*)
                0x00000000c0024e60                ATAPI::close(int, int, void*)
                0x00000000c0024e84                ATAPI::ATAPI()
                0x00000000c0024e84                ATAPI::ATAPI()
                0x00000000c0024eb2                ATAPI::readyForCommand()
                0x00000000c0024f02                ATAPI::sendPacket(unsigned char*, int, bool, unsigned short*, int)
                0x00000000c00251c2                ATAPI::diskRemoved()
                0x00000000c00251de                ATAPI::eject()
                0x00000000c0025226                ATAPI::diskInserted()
                0x00000000c0025254                ATAPI::detectMedia()
                0x00000000c0025310                ATAPI::open(int, int, void*)
                0x00000000c0025398                ATAPI::read(unsigned long long, int, void*)
 *fill*         0x00000000c0025417        0x1 
 .text          0x00000000c0025418      0x41c hw/diskphys/sata.32
                0x00000000c0025418                SATA::close(int, int, void*)
                0x00000000c002543c                SATA::powerSaving(PowerSavingLevel)
                0x00000000c002543e                SATA::open(int, int, void*)
                0x00000000c00254e8                SATA::SATA()
                0x00000000c00254e8                SATA::SATA()
                0x00000000c0025516                SATA::access(unsigned long long, int, void*, bool)
                0x00000000c002577c                SATA::read(unsigned long long, int, void*)
                0x00000000c00257c8                SATA::write(unsigned long long, int, void*)
 .text          0x00000000c0025834      0x4fe hw/diskphys/satapi.32
                0x00000000c0025834                SATAPI::write(unsigned long long, int, void*)
                0x00000000c002583a                SATAPI::close(int, int, void*)
                0x00000000c002585e                SATAPI::SATAPI()
                0x00000000c002585e                SATAPI::SATAPI()
                0x00000000c002588c                SATAPI::diskRemoved()
                0x00000000c00258a8                SATAPI::diskInserted()
                0x00000000c00258d6                SATAPI::sendPacket(unsigned char*, int, unsigned long long, unsigned short*, int)
                0x00000000c0025ade                SATAPI::eject()
                0x00000000c0025b26                SATAPI::detectMedia()
                0x00000000c0025be8                SATAPI::open(int, int, void*)
                0x00000000c0025c90                SATAPI::read(unsigned long long, int, void*)
 .text          0x00000000c0025d32       0x8e hw/fpu/avx.32
                0x00000000c0025d32                AVX::open(int, int, void*)
                0x00000000c0025d44                AVX::close(int, int, void*)
                0x00000000c0025d56                AVX::available()
                0x00000000c0025d68                AVX::save(void*)
                0x00000000c0025d80                AVX::load(void*)
                0x00000000c0025d98                AVX::AVX()
                0x00000000c0025d98                AVX::AVX()
 .text          0x00000000c0025dc0       0x90 hw/fpu/mmx.32
                0x00000000c0025dc0                MMX::available()
                0x00000000c0025dd4                MMX::open(int, int, void*)
                0x00000000c0025de6                MMX::close(int, int, void*)
                0x00000000c0025df8                MMX::save(void*)
                0x00000000c0025e10                MMX::load(void*)
                0x00000000c0025e28                MMX::MMX()
                0x00000000c0025e28                MMX::MMX()
 .text          0x00000000c0025e50       0x96 hw/fpu/sse.32
                0x00000000c0025e50                SSE::open(int, int, void*)
                0x00000000c0025e62                SSE::close(int, int, void*)
                0x00000000c0025e74                SSE::available()
                0x00000000c0025e8e                SSE::save(void*)
                0x00000000c0025ea6                SSE::load(void*)
                0x00000000c0025ebe                SSE::SSE()
                0x00000000c0025ebe                SSE::SSE()
 .text          0x00000000c0025ee6       0x8e hw/fpu/x87.32
                0x00000000c0025ee6                x87::open(int, int, void*)
                0x00000000c0025ef8                x87::close(int, int, void*)
                0x00000000c0025f0a                x87::available()
                0x00000000c0025f1c                x87::save(void*)
                0x00000000c0025f34                x87::load(void*)
                0x00000000c0025f4c                x87::x87()
                0x00000000c0025f4c                x87::x87()
 .text          0x00000000c0025f74      0x71e hw/intctrl/apic.32
                0x00000000c0025f74                APIC::disable()
                0x00000000c0025f76                APIC::close(int, int, void*)
                0x00000000c0025f98                IOAPIC::close(int, int, void*)
                0x00000000c0025f9e                APIC::io_wait()
                0x00000000c0025fa4                APIC::getBase()
                0x00000000c0025fe6                APIC::eoi(unsigned char)
                0x00000000c0026014                APIC::open(int, int, void*)
                0x00000000c0026162                IOAPIC::IOAPIC()
                0x00000000c0026162                IOAPIC::IOAPIC()
                0x00000000c002618a                APIC::APIC()
                0x00000000c002618a                APIC::APIC()
                0x00000000c0026266                IOAPIC::handlesGSIWithNumber(unsigned int)
                0x00000000c0026298                IOAPIC::read(int)
                0x00000000c00262c0                IOAPIC::open(int, int, void*)
                0x00000000c00263b6                IOAPIC::write(int, int)
                0x00000000c00263e2                IOAPIC::redirect(unsigned char, unsigned long long, unsigned char, bool, bool)
                0x00000000c00264dc                APIC::installIRQHandler(int, void (*)(regs*, void*), bool, void*)
 .text          0x00000000c0026692      0x3d3 hw/intctrl/pic.32
                0x00000000c0026692                PIC::disable()
                0x00000000c00266c0                PIC::close(int, int, void*)
                0x00000000c00266e2                PIC::PIC()
                0x00000000c00266e2                PIC::PIC()
                0x00000000c00267b8                PIC::ioWait()
                0x00000000c00267be                PIC::getIRQReg(int)
                0x00000000c0026828                PIC::eoi(unsigned char)
                0x00000000c00268ba                PIC::remap()
                0x00000000c0026a26                PIC::open(int, int, void*)
 *fill*         0x00000000c0026a65        0x1 
 .text          0x00000000c0026a66      0x25e hw/timer/apictimer.32
                0x00000000c0026a66                APICTimer::close(int, int, void*)
                0x00000000c0026a6c                apicTimerHandler(regs*, void*)
                0x00000000c0026a9a                APICTimer::write(int)
                0x00000000c0026b9e                APICTimer::open(int, int, void*)
                0x00000000c0026c9c                APICTimer::APICTimer()
                0x00000000c0026c9c                APICTimer::APICTimer()
 .text          0x00000000c0026cc4      0x1a7 hw/timer/pit.32
                0x00000000c0026cc4                PIT::write(int)
                0x00000000c0026d42                pitHandler(regs*, void*)
                0x00000000c0026d6e                PIT::open(int, int, void*)
                0x00000000c0026dbc                PIT::close(int, int, void*)
                0x00000000c0026dec                PIT::PIT()
                0x00000000c0026dec                PIT::PIT()
 *fill*         0x00000000c0026e6b        0x5 
 .text          0x00000000c0026e70       0x1e hw/fpu/x86/avx.32
                0x00000000c0026e70                avxDetect
                0x00000000c0026e76                avxSave
                0x00000000c0026e77                avxLoad
                0x00000000c0026e78                avxInit
                0x00000000c0026e79                avxClose
                0x00000000c0026e7a                wouldSheSayYes
 *fill*         0x00000000c0026e8e        0x2 
 .text          0x00000000c0026e90       0x35 hw/fpu/x86/sse.32
                0x00000000c0026e90                absolutelyNoChanceInHell
                0x00000000c0026e90                sseDetect
                0x00000000c0026ea8                sseSave
                0x00000000c0026eae                sseLoad
                0x00000000c0026eb4                sseInit
                0x00000000c0026ec4                sseClose
 *fill*         0x00000000c0026ec5        0xb 
 .text          0x00000000c0026ed0       0x4d hw/fpu/x86/x87.32
                0x00000000c0026ed6                x87Detect
                0x00000000c0026ef1                x87Save
                0x00000000c0026efa                x87Load
                0x00000000c0026f02                x87Init
                0x00000000c0026f1c                x87Close
 *fill*         0x00000000c0026f1d        0x3 
 .text          0x00000000c0026f20       0x25 /cygdrive/d/Users/Alex/Desktop/Toolchain/Output/bin/../lib/gcc/i386-banana/8.1.0/crtend.o
 .text          0x00000000c0026f45        0x0 crtn.32
 *fill*         0x00000000c0026f45        0x3 
 .text          0x00000000c0026f48      0x14b /cygdrive/d/Users/Alex/Desktop/Toolchain/Output/bin/../lib/gcc/i386-banana/8.1.0/libkgcc.a(_divdi3.o)
                0x00000000c0026f48                __divdi3
 *fill*         0x00000000c0027093        0x1 
 .text          0x00000000c0027094      0x17e /cygdrive/d/Users/Alex/Desktop/Toolchain/Output/bin/../lib/gcc/i386-banana/8.1.0/libkgcc.a(_moddi3.o)
                0x00000000c0027094                __moddi3
 *fill*         0x00000000c0027212        0x2 
 .text          0x00000000c0027214       0xff /cygdrive/d/Users/Alex/Desktop/Toolchain/Output/bin/../lib/gcc/i386-banana/8.1.0/libkgcc.a(_udivdi3.o)
                0x00000000c0027214                __udivdi3
 *fill*         0x00000000c0027313        0x1 
 .text          0x00000000c0027314      0x11a /cygdrive/d/Users/Alex/Desktop/Toolchain/Output/bin/../lib/gcc/i386-banana/8.1.0/libkgcc.a(_umoddi3.o)
                0x00000000c0027314                __umoddi3
 .text          0x00000000c002742e      0x96d D:/Users/Alex/Desktop/Banana/kernel/libsoftfp.a(sfieeelib.o)
                0x00000000c002742e                __addsf3
                0x00000000c0027730                __subsf3
                0x00000000c0027744                __negsf2
                0x00000000c0027751                __mulsf3
                0x00000000c0027914                __divsf3
                0x00000000c0027b3f                __floatsisf
                0x00000000c0027bb3                __floatunsisf
                0x00000000c0027bf5                __fixsfsi
                0x00000000c0027c57                __fixunssfsi
                0x00000000c0027c88                __cmpsf2
                0x00000000c0027d1d                __eqsf2
                0x00000000c0027d58                __nesf2
                0x00000000c0027d5a                __gtsf2