Archive member included to satisfy reference by file (symbol)

/cygdrive/d/Users/Alex/Desktop/Toolchain/Output/bin/../lib/gcc/i386-banana/8.1.0/libkgcc.a(_divdi3.o)
                              krnl/resolve.32 (__divdi3)
/cygdrive/d/Users/Alex/Desktop/Toolchain/Output/bin/../lib/gcc/i386-banana/8.1.0/libkgcc.a(_moddi3.o)
                              krnl/resolve.32 (__moddi3)
/cygdrive/d/Users/Alex/Desktop/Toolchain/Output/bin/../lib/gcc/i386-banana/8.1.0/libkgcc.a(_udivdi3.o)
                              hal/clock.32 (__udivdi3)
/cygdrive/d/Users/Alex/Desktop/Toolchain/Output/bin/../lib/gcc/i386-banana/8.1.0/libkgcc.a(_umoddi3.o)
                              core/pipe.32 (__umoddi3)

Allocating common symbols
Common symbol       size              file

dcache              0x40              fs/iso9660/iso9660.32
cdDriveLetter       0x1               fs/iso9660/iso9660.32
icache              0x40              fs/iso9660/iso9660.32

Discarded input sections

 .comment       0x0000000000000000       0x12 /cygdrive/d/Users/Alex/Desktop/Toolchain/Output/bin/../lib/gcc/i386-banana/8.1.0/crtbegin.o
 .comment       0x0000000000000000       0x12 acpica/utclib.32
 .comment       0x0000000000000000       0x12 core/malloc.32
 .comment       0x0000000000000000       0x12 libk/ctype.32
 .comment       0x0000000000000000       0x12 libk/string.32
 .comment       0x0000000000000000       0x12 fs/fat/diskio.32
 .comment       0x0000000000000000       0x12 fs/fat/ff.32
 .comment       0x0000000000000000       0x12 fs/fat/ffsystem.32
 .comment       0x0000000000000000       0x12 fs/fat/ffunicode.32
 .comment       0x0000000000000000       0x12 fs/iso9660/iso9660.32
 .group         0x0000000000000000       0x14 core/computer.32
 .group         0x0000000000000000        0xc core/computer.32
 .comment       0x0000000000000000       0x12 core/computer.32
 .comment       0x0000000000000000       0x12 core/gdt.32
 .group         0x0000000000000000        0xc core/idle.32
 .comment       0x0000000000000000       0x12 core/idle.32
 .comment       0x0000000000000000       0x12 core/idt.32
 .comment       0x0000000000000000       0x12 core/kheap.32
 .comment       0x0000000000000000       0x12 core/main.32
 .comment       0x0000000000000000       0x12 core/physmgr.32
 .group         0x0000000000000000        0xc core/pipe.32
 .comment       0x0000000000000000       0x12 core/pipe.32
 .group         0x0000000000000000        0xc core/terminal.32
 .comment       0x0000000000000000       0x12 core/terminal.32
 .comment       0x0000000000000000       0x12 core/tss.32
 .group         0x0000000000000000        0x8 core/unixfile.32
 .group         0x0000000000000000        0x8 core/unixfile.32
 .group         0x0000000000000000        0xc core/unixfile.32
 .group         0x0000000000000000        0x8 core/unixfile.32
 .group         0x0000000000000000        0xc core/unixfile.32
 .group         0x0000000000000000        0x8 core/unixfile.32
 .group         0x0000000000000000        0xc core/unixfile.32
 .group         0x0000000000000000        0xc core/unixfile.32
 .comment       0x0000000000000000       0x12 core/unixfile.32
 .comment       0x0000000000000000       0x12 core/virtmgr.32
 .comment       0x0000000000000000       0x12 coreobjs/c++.32
 .comment       0x0000000000000000       0x12 dbg/kconsole.32
 .group         0x0000000000000000        0xc fs/vfs.32
 .group         0x0000000000000000        0xc fs/vfs.32
 .group         0x0000000000000000        0xc fs/vfs.32
 .comment       0x0000000000000000       0x12 fs/vfs.32
 .group         0x0000000000000000        0xc hal/bus.32
 .comment       0x0000000000000000       0x12 hal/bus.32
 .comment       0x0000000000000000       0x12 hal/buzzer.32
 .group         0x0000000000000000        0xc hal/clock.32
 .comment       0x0000000000000000       0x12 hal/clock.32
 .group         0x0000000000000000       0x14 hal/device.32
 .group         0x0000000000000000        0xc hal/device.32
 .group         0x0000000000000000        0x8 hal/device.32
 .group         0x0000000000000000        0xc hal/device.32
 .group         0x0000000000000000        0xc hal/device.32
 .comment       0x0000000000000000       0x12 hal/device.32
 .group         0x0000000000000000        0xc hal/diskctrl.32
 .comment       0x0000000000000000       0x12 hal/diskctrl.32
 .group         0x0000000000000000        0xc hal/diskphys.32
 .comment       0x0000000000000000       0x12 hal/diskphys.32
 .comment       0x0000000000000000       0x12 hal/fpu.32
 .comment       0x0000000000000000       0x12 hal/intctrl.32
 .group         0x0000000000000000        0xc hal/keybrd.32
 .comment       0x0000000000000000       0x12 hal/keybrd.32
 .group         0x0000000000000000        0xc hal/logidisk.32
 .comment       0x0000000000000000       0x12 hal/logidisk.32
 .group         0x0000000000000000        0xc hal/mouse.32
 .comment       0x0000000000000000       0x12 hal/mouse.32
 .group         0x0000000000000000        0xc hal/nic.32
[...]
Memory Configuration

Name             Origin             Length             Attributes
*default*        0x0000000000000000 0xffffffffffffffff

Linker script and memory map

LOAD D:/Users/Alex/Desktop/Banana/kernel/boot.32
LOAD crti.32
LOAD /cygdrive/d/Users/Alex/Desktop/Toolchain/Output/bin/../lib/gcc/i386-banana/8.1.0/crtbegin.o
LOAD D:/Users/Alex/Desktop/Banana/kernel/morenasm.32
LOAD acpica/utclib.32
LOAD core/malloc.32
LOAD libk/ctype.32
LOAD libk/string.32
LOAD fs/fat/diskio.32
LOAD fs/fat/ff.32
LOAD fs/fat/ffsystem.32
LOAD fs/fat/ffunicode.32
LOAD fs/iso9660/iso9660.32
LOAD core/computer.32
LOAD core/gdt.32
LOAD core/idle.32
LOAD core/idt.32
LOAD core/kheap.32
LOAD core/main.32
LOAD core/physmgr.32
LOAD core/pipe.32
LOAD core/terminal.32
LOAD core/tss.32
LOAD core/unixfile.32
LOAD core/virtmgr.32
LOAD coreobjs/c++.32
LOAD dbg/kconsole.32
LOAD fs/vfs.32
LOAD hal/bus.32
LOAD hal/buzzer.32
LOAD hal/clock.32
LOAD hal/device.32
LOAD hal/diskctrl.32
LOAD hal/diskphys.32
LOAD hal/fpu.32
LOAD hal/intctrl.32
LOAD hal/keybrd.32
LOAD hal/logidisk.32
LOAD hal/mouse.32
LOAD hal/nic.32
LOAD hal/partition.32
LOAD hal/serial.32
LOAD hal/timer.32
LOAD hal/vcache.32
LOAD hal/video.32
LOAD hw/acpi.32
LOAD hw/cpu.32
LOAD krnl/bootmsg.32
LOAD krnl/env.32
LOAD krnl/inlines.32
LOAD krnl/panic.32
LOAD krnl/powctrl.32
LOAD krnl/random.32
LOAD krnl/resolve.32
LOAD krnl/signal.32
LOAD krnl/syscalls.32
LOAD net/ethernet.32
LOAD reg/cm.32
LOAD reg/registry.32
LOAD sys/eject.32
LOAD sys/exit.32
LOAD sys/getcwd.32
LOAD sys/getpid.32
LOAD sys/getramdata.32
LOAD sys/getvgaptr.32
LOAD sys/kill.32
LOAD sys/loaddll.32
LOAD sys/read.32
LOAD sys/registersignal.32
LOAD sys/registry.32
LOAD sys/sbrk.32
LOAD sys/setcwd.32
LOAD sys/settime.32
LOAD sys/timezone.32
LOAD sys/write.32
LOAD sys/wsbe.32
LOAD sys/yield.32
LOAD thr/elf.32
LOAD thr/prcssthr.32
LOAD vm86/vm8086.32
LOAD arch/i386/hal.32
LOAD arch/i386/pic.32
LOAD arch/i386/rtc.32
LOAD arch/i386/vga.32
LOAD fs/fat/vfslink.32
LOAD fs/iso9660/helper.32
LOAD fs/iso9660/vfslink.32
LOAD hal/sound/sndcard.32
LOAD hal/sound/sndport.32
LOAD hw/bus/isa.32
LOAD hw/bus/pci.32
LOAD hw/diskctrl/ide.32
LOAD hw/diskctrl/satabus.32
LOAD hw/diskphys/ata.32
LOAD hw/diskphys/atapi.32
LOAD hw/diskphys/sata.32
LOAD hw/diskphys/satapi.32
LOAD hw/intctrl/apic.32
LOAD hw/timer/apictimer.32
LOAD hw/timer/pit.32
LOAD arch/i386/avx.32
LOAD arch/i386/interrupt.32
LOAD arch/i386/rdrand.32
LOAD arch/i386/sse.32
LOAD arch/i386/x87.32
LOAD /cygdrive/d/Users/Alex/Desktop/Toolchain/Output/bin/../lib/gcc/i386-banana/8.1.0/crtend.o
LOAD crtn.32
LOAD /cygdrive/d/Users/Alex/Desktop/Toolchain/Output/bin/../lib/gcc/i386-banana/8.1.0/libkgcc.a
LOAD D:/Users/Alex/Desktop/Banana/kernel/libsoftfp.a
LOAD D:/Users/Alex/Desktop/Banana/kernel/libk/libm32.a
                0x00000000c0000000                . = 0xc0000000

.text           0x00000000c0000000    0x1e7ea
 *(.text)
 .text          0x00000000c0000000       0x20 D:/Users/Alex/Desktop/Banana/kernel/boot.32
 .text          0x00000000c0000020        0x0 crti.32
 .text          0x00000000c0000020      0x101 /cygdrive/d/Users/Alex/Desktop/Toolchain/Output/bin/../lib/gcc/i386-banana/8.1.0/crtbegin.o
 *fill*         0x00000000c0000121        0xf 
 .text          0x00000000c0000130      0x24f D:/Users/Alex/Desktop/Banana/kernel/morenasm.32
                0x00000000c0000130                manualPCIProbe
                0x00000000c000017b                prepareTramp
                0x00000000c0000194                doTPAUSE
                0x00000000c000019e                hasLegacyFPU
                0x00000000c00001c3                is486
                0x00000000c00001f9                detectCPUID
                0x00000000c000020f                goToVM86
                0x00000000c000023f                goToUsermode
                0x00000000c0000269                switchToThreadASMFirstTime
                0x00000000c0000277                switchToThreadASM
                0x00000000c00002fc                asmQuickAcquireLock
                0x00000000c000031a                asmQuickReleaseLock
                0x00000000c0000326                asmAcquireLock
                0x00000000c0000347                asmReleaseLock
                0x00000000c000035a                loadGDT
                0x00000000c000037a                memcpy
 *fill*         0x00000000c000037f        0x1 
 .text          0x00000000c0000380      0x87b acpica/utclib.32
                0x00000000c0000380                memcmp
                0x00000000c00003d0                memmove
                0x00000000c00004e0                memset
                0x00000000c0000560                strlen
                0x00000000c0000590                strpbrk
                0x00000000c00005e0                strtok
                0x00000000c0000630                strcpy
                0x00000000c0000670                strncpy
                0x00000000c0000740                strcmp
                0x00000000c0000790                strchr
                0x00000000c00007d0                strncmp
                0x00000000c0000830                strcat
                0x00000000c0000860                strncat
                0x00000000c00008c0                strstr
                0x00000000c0000920                toupper
                0x00000000c0000940                tolower
                0x00000000c0000960                simple_strtoul
 .text          0x00000000c0000bfb      0xfb0 core/malloc.32
                0x00000000c0000d66                dlfree
                0x00000000c00010c4                dlmalloc
                0x00000000c0001601                dlrealloc
                0x00000000c00017a4                dlmemalign
                0x00000000c00018c7                dlcalloc
                0x00000000c0001961                dlcfree
                0x00000000c0001966                dlindependent_calloc
                0x00000000c000198b                dlindependent_comalloc
                0x00000000c00019a2                dlvalloc
                0x00000000c00019cd                dlpvalloc
                0x00000000c0001a03                dlmalloc_trim
                0x00000000c0001a10                dlmalloc_usable_size
                0x00000000c0001a41                dlmallinfo
                0x00000000c0001b10                dlmalloc_stats
                0x00000000c0001b21                dlmallopt
 *fill*         0x00000000c0001bab        0x1 
 .text          0x00000000c0001bac      0x1f2 libk/ctype.32
                0x00000000c0001bac                isblank
                0x00000000c0001bcc                iscntrl
                0x00000000c0001bec                isdigit
                0x00000000c0001c08                islower
                0x00000000c0001c24                isspace
                0x00000000c0001c4c                isupper
                0x00000000c0001c68                isalpha
                0x00000000c0001c98                isalnum
                0x00000000c0001cc8                ispunct
                0x00000000c0001d08                isgraph
                0x00000000c0001d38                isprint
                0x00000000c0001d60                isxdigit
 .text          0x00000000c0001d9e        0x0 libk/string.32
 .text          0x00000000c0001d9e       0x51 fs/fat/diskio.32
                0x00000000c0001d9e                disk_status
                0x00000000c0001da1                disk_initialize
                0x00000000c0001da4                disk_read
                0x00000000c0001dba                disk_write
                0x00000000c0001dd0                disk_ioctl
 .text          0x00000000c0001def     0x3e39 fs/fat/ff.32
                0x00000000c0003c14                f_mount
                0x00000000c0003c76                f_open
                0x00000000c0003f3a                f_read
                0x00000000c000411b                f_write
                0x00000000c0004360                f_sync
                0x00000000c0004425                f_close
                0x00000000c0004454                f_lseek
                0x00000000c0004604                f_opendir
                0x00000000c00046cf                f_closedir
                0x00000000c00046f1                f_readdir
                0x00000000c0004783                f_stat
                0x00000000c0004802                f_getfree
                0x00000000c000490b                f_truncate
                0x00000000c00049f5                f_unlink
                0x00000000c0004b15                f_mkdir
                0x00000000c0004cb0                f_rename
                0x00000000c0004e68                f_chmod
                0x00000000c0004f18                f_utime
                0x00000000c0004fc8                f_getlabel
                0x00000000c0005120                f_setlabel
                0x00000000c00052b0                f_expand
                0x00000000c000541d                f_mkfs
 .text          0x00000000c0005c28       0x2f fs/fat/ffsystem.32
                0x00000000c0005c28                ff_memalloc
                0x00000000c0005c40                ff_memfree
 *fill*         0x00000000c0005c57        0x1 
 .text          0x00000000c0005c58      0x2d4 fs/fat/ffunicode.32
                0x00000000c0005c58                ff_uni2oem
                0x00000000c0005cf4                ff_oem2uni
                0x00000000c0005d6c                ff_wtoupper
 .text          0x00000000c0005f2c      0xd23 fs/iso9660/iso9660.32
                0x00000000c0006177                isoReadDiscSector
                0x00000000c0006212                strnicmp
                0x00000000c00064b2                stricmp
                0x00000000c00064fe                iso_open
                0x00000000c0006588                iso_close
                0x00000000c00065a6                iso_read
                0x00000000c00066bc                iso_seek
                0x00000000c0006740                iso_tell
                0x00000000c0006771                iso_total
                0x00000000c000679c                fn_postprocess
                0x00000000c00067c3                iso_readdir
                0x00000000c0006a1a                iso_reset
                0x00000000c0006a37                init_percd
                0x00000000c0006b31                iso_ioctl
                0x00000000c0006b49                fs_iso9660_init
                0x00000000c0006bdf                fs_iso9660_shutdown
 *fill*         0x00000000c0006c4f        0x1 
 .text          0x00000000c0006c50      0x6a7 core/computer.32
                0x00000000c0006c50                Computer::close(int, int, void*)
                0x00000000c0006c95                Krnl::firstTask()
                0x00000000c0006dd0                Computer::Computer()
                0x00000000c0006dd0                Computer::Computer()
                0x00000000c0006e80                Computer::setBootMessage(char const*)
                0x00000000c0006e82                Computer::detectFeatures()
                0x00000000c00070a8                Computer::displayFeatures()
                0x00000000c00070aa                Computer::rdmsr(unsigned int)
                0x00000000c00070d6                Computer::wrmsr(unsigned int, unsigned long long)
                0x00000000c0007112                Computer::shutdown()
                0x00000000c000712a                Computer::restart()
                0x00000000c0007142                Computer::sleep()
                0x00000000c0007156                Computer::nmiEnabled()
                0x00000000c0007162                Computer::readCMOS(unsigned char)
                0x00000000c000717e                Computer::enableNMI(bool)
                0x00000000c0007196                Computer::open(int, int, void*)
                0x00000000c0007258                Computer::disableNMI()
                0x00000000c0007268                Computer::writeCMOS(unsigned char, unsigned char)
                0x00000000c000728c                Computer::handleNMI()
 *fill*         0x00000000c00072f7        0x1 
 .text          0x00000000c00072f8      0x1db core/gdt.32
                0x00000000c00072f8                GDTEntry::setBase(unsigned int)
                0x00000000c0007314                GDTEntry::setLimit(unsigned int)
                0x00000000c0007332                GDT::GDT()
                0x00000000c0007332                GDT::GDT()
                0x00000000c0007348                GDT::addEntry(GDTEntry)
                0x00000000c000736a                GDT::getNumberOfEntries()
                0x00000000c0007372                GDT::flush()
                0x00000000c0007394                GDT::setup()
 .text          0x00000000c00074d3       0x1d core/idle.32
                0x00000000c00074d3                idleFunction(void*)
 .text          0x00000000c00074f0      0x46c core/idt.32
                0x00000000c00074f0                IDTEntry::IDTEntry(bool)
                0x00000000c00074f0                IDTEntry::IDTEntry(bool)
                0x00000000c000756a                IDTEntry::setOffset(unsigned int)
                0x00000000c0007580                IDT::IDT()
                0x00000000c0007580                IDT::IDT()
                0x00000000c0007582                IDT::getPointerToInvalidOpcodeEntryForF00F()
                0x00000000c000758a                IDT::addEntry(IDTEntry, int)
                0x00000000c00075a4                IDT::addEntry(int, void (*)(), bool)
                0x00000000c00075dc                IDT::flush()
                0x00000000c00075f6                IDT::setup()
 .text          0x00000000c000795c      0x185 core/kheap.32
                0x00000000c000795c                sbrk
                0x00000000c00079f0                mmap
                0x00000000c0007a06                munmap
                0x00000000c0007a1c                liballoc_lock()
                0x00000000c0007a2a                liballoc_unlock()
                0x00000000c0007a40                liballoc_alloc(int)
                0x00000000c0007a58                liballoc_free(void*, int)
                0x00000000c0007a73                realloc
                0x00000000c0007a87                malloc
                0x00000000c0007a97                free
                0x00000000c0007aa7                rfree
                0x00000000c0007ab7                calloc
 .text          0x00000000c0007ae1       0xc3 core/main.32
                0x00000000c0007ae1                KeEntryPoint
 .text          0x00000000c0007ba4      0x657 core/physmgr.32
                0x00000000c0007ba4                Phys::allocateDMA(unsigned long)
                0x00000000c0007c92                Phys::freeDMA(unsigned long, unsigned long)
                0x00000000c0007ccd                Phys::setPageState(unsigned long, bool)
                0x00000000c0007d0d                Phys::getPageState(unsigned long)
                0x00000000c0007d29                Phys::freePage(unsigned long)
                0x00000000c0007d92                Phys::allocatePage()
                0x00000000c0007e61                Phys::allocateContiguousPages(int)
                0x00000000c0007ec8                Phys::allowSegmentToBeUsed(unsigned long, unsigned long)
                0x00000000c0007f00                Phys::physicalMemorySetup(unsigned int)
 *fill*         0x00000000c00081fb        0x1 
 .text          0x00000000c00081fc      0x269 core/pipe.32
                0x00000000c00081fc                Pipe::isAtty()
                0x00000000c0008200                Pipe::~Pipe()
                0x00000000c0008200                Pipe::~Pipe()
                0x00000000c0008224                Pipe::~Pipe()
                0x00000000c000824c                Pipe::write(unsigned long long, void*, int*)
                0x00000000c000830c                Pipe::read(unsigned long long, void*, int*)
                0x00000000c00083fe                Pipe::Pipe(int)
                0x00000000c00083fe                Pipe::Pipe(int)
 *fill*         0x00000000c0008465        0x1 
 .text          0x00000000c0008466      0xaba core/terminal.32
                0x00000000c0008466                VgaText::isAtty()
                0x00000000c000846a                VgaText::~VgaText()
                0x00000000c000846a                VgaText::~VgaText()
                0x00000000c000848e                VgaText::~VgaText()
                0x00000000c00084b8                VgaText::read(unsigned long long, void*, int*)
                0x00000000c00084d8                setTerminalScrollLock(bool)
                0x00000000c00084d9                doTerminalCycle()
                0x00000000c00084da                addToTerminalCycle(VgaText*)
                0x00000000c00084db                scrollTerminalScrollLock(int)
                0x00000000c00084dc                VgaText::updateTitle()
                0x00000000c00084de                VgaText::load()
                0x00000000c00084e0                VgaText::updateCursor()
                0x00000000c00084f6                VgaText::doANSI_SGR(int)
                0x00000000c000856a                VgaText::setDefaultBgColour(VgaColour)
                0x00000000c000857a                VgaText::setDefaultFgColour(VgaColour)
                0x00000000c000858a                VgaText::setDefaultColours(VgaColour, VgaColour)
                0x00000000c00085aa                VgaText::setTitleTextColour(VgaColour)
                0x00000000c00085b6                VgaText::setTitleColour(VgaColour)
                0x00000000c00085c2                VgaText::setTitle(char*)
                0x00000000c00085c4                VgaText::combineColours(unsigned char, unsigned char)
                0x00000000c00085d6                VgaText::scrollScreen()
                0x00000000c0008668                VgaText::combineCharAndColour(char, unsigned char)
                0x00000000c0008678                VgaText::writeCharacter(char, VgaColour, VgaColour, int, int)
                0x00000000c0008708                VgaText::getCursorX()
                0x00000000c0008710                VgaText::getCursorY()
                0x00000000c0008718                VgaText::setCursor(int, int)
                0x00000000c000872f                setActiveTerminal(VgaText*)
                0x00000000c000877a                VgaText::clearScreen()
                0x00000000c00087c8                VgaText::setCursorX(int)
                0x00000000c00087e0                VgaText::setCursorY(int)
                0x00000000c00087f8                VgaText::incrementCursor(bool)
                0x00000000c000884c                VgaText::decrementCursor(bool)
                0x00000000c000886e                VgaText::putchar(char, VgaColour, VgaColour)
                0x00000000c000893e                VgaText::putchar(char)
                0x00000000c0008a36                VgaText::putx(unsigned int)
                0x00000000c0008a7c                VgaText::puts(char const*)
                0x00000000c0008aa2                VgaText::write(unsigned long long, void*, int*)
                0x00000000c0008aee                VgaText::puts(char const*, VgaColour, VgaColour)
                0x00000000c0008c3c                VgaText::VgaText(char const*)
                0x00000000c0008c3c                VgaText::VgaText(char const*)
                0x00000000c0008d8c                VgaText::receiveKey(unsigned char)
                0x00000000c0008efa                VgaText::doUpdate()
                0x00000000c0008efb                newTerminal(char*)
 .text          0x00000000c0008f20      0x1a1 core/tss.32
                0x00000000c0008f20                TSS::TSS()
                0x00000000c0008f20                TSS::TSS()
                0x00000000c0008f30                TSS::setESP(unsigned long)
                0x00000000c0008f44                TSS::flush()
                0x00000000c0008f64                TSS::setup(unsigned long, unsigned long)
 *fill*         0x00000000c00090c1        0x1 
 .text          0x00000000c00090c2      0x4ca core/unixfile.32
                0x00000000c00090c2                ReservedFilename::read(unsigned long long, void*, int*)
                0x00000000c0009118                ReservedFilename::isAtty()
                0x00000000c0009134                ReservedFilename::write(unsigned long long, void*, int*)
                0x00000000c0009192                UnixFile::getFileDescriptor()
                0x00000000c000919a                UnixFile::UnixFile(int)
                0x00000000c000919a                UnixFile::UnixFile(int)
                0x00000000c000934e                ReservedFilename::ReservedFilename(int)
                0x00000000c000934e                ReservedFilename::ReservedFilename(int)
                0x00000000c0009380                UnixFile::~UnixFile()
                0x00000000c0009380                UnixFile::~UnixFile()
                0x00000000c000941c                UnixFile::~UnixFile()
                0x00000000c0009444                ReservedFilename::~ReservedFilename()
                0x00000000c0009444                ReservedFilename::~ReservedFilename()
                0x00000000c0009468                ReservedFilename::~ReservedFilename()
                0x00000000c000948f                getFromFileDescriptor(int)
 .text          0x00000000c000958c     0x1271 core/virtmgr.32
                0x00000000c000958c                Virt::setPageState(unsigned long, Virt::VirtPageState)
                0x00000000c00095c6                Virt::getPageState(unsigned long)
                0x00000000c00095e9                Virt::allocateKernelVirtualPages(int)
                0x00000000c000970d                Virt::freeSwapfilePage(unsigned long)
                0x00000000c0009730                Virt::swapIDToSector(unsigned long)
                0x00000000c0009746                Virt::allocateSwapfilePage()
                0x00000000c00097c6                Virt::virtualMemorySetup()
                0x00000000c0009817                Virt::setupPageSwapping(int)
                0x00000000c0009888                VAS::VAS(VAS*)
                0x00000000c0009888                VAS::VAS(VAS*)
                0x00000000c00098b6                VAS::getForeignPageTableEntry(bool, unsigned long)
                0x00000000c00098e4                VAS::getPageTableEntry(unsigned long)
                0x00000000c0009903                Virt::freeKernelVirtualPages(unsigned long)
                0x00000000c0009a16                VAS::freeAllocatedPages(unsigned long)
                0x00000000c0009a3a                VAS::virtualToPhysical(unsigned long)
                0x00000000c0009a54                VAS::reflagRange(unsigned long, int, int, int)
                0x00000000c0009a98                VAS::VAS()
                0x00000000c0009a98                VAS::VAS()
                0x00000000c0009b02                VAS::setToWriteCombining(unsigned long, int)
                0x00000000c0009b36                VAS::mapOtherVASIn(bool, VAS*)
                0x00000000c0009b62                VAS::~VAS()
                0x00000000c0009b62                VAS::~VAS()
                0x00000000c0009cd0                VAS::mapPage(unsigned long, unsigned long, int)
                0x00000000c0009dd6                VAS::allocatePages(int, int)
                0x00000000c0009fc6                VAS::setCPUSpecific(unsigned long)
                0x00000000c0009fe4                VAS::mapRange(unsigned long, unsigned long, int, int)
                0x00000000c000a0ba                VAS::mapForeignPage(bool, VAS*, unsigned long, unsigned long, int)
                0x00000000c000a1b0                VAS::VAS(bool)
                0x00000000c000a1b0                VAS::VAS(bool)
                0x00000000c000a442                VAS::evict(unsigned long)
                0x00000000c000a50e                VAS::tryLoadBackOffDisk(unsigned long)
                0x00000000c000a61c                VAS::scanForEviction()
                0x00000000c000a702                mapVASFirstTime
 .text          0x00000000c000a7fd       0x5f coreobjs/c++.32
                0x00000000c000a7fd                __cxa_atexit
                0x00000000c000a800                __cxa_finalize
                0x00000000c000a801                __stack_chk_fail
                0x00000000c000a837                __cxa_pure_virtual
                0x00000000c000a848                operator new[](unsigned long)
                0x00000000c000a84d                operator delete(void*, unsigned long)
                0x00000000c000a852                operator delete[](void*)
                0x00000000c000a857                operator delete[](void*, unsigned long)
 .text          0x00000000c000a85c      0x223 dbg/kconsole.32
                0x00000000c000a85c                Dbg::stringifyxWithBase(unsigned int, char*, int)
                0x00000000c000a8cb                Dbg::logc(char)
                0x00000000c000a8eb                Dbg::logs(char*)
                0x00000000c000a90a                Dbg::logWriteInt(unsigned int)
                0x00000000c000a928                Dbg::logWriteIntBase(unsigned int, int)
                0x00000000c000a949                Dbg::kprintf(char const*, ...)
 *fill*         0x00000000c000aa7f        0x1 
 .text          0x00000000c000aa80      0xc60 fs/vfs.32
                0x00000000c000aa80                File::read(unsigned long long, void*, int*)
                0x00000000c000aad8                File::write(unsigned long long, void*, int*)
                0x00000000c000ab30                Directory::read(unsigned long long, void*, int*)
                0x00000000c000ab88                Directory::write(unsigned long long, void*, int*)
                0x00000000c000abb6                File::isAtty()
                0x00000000c000abba                Directory::isAtty()
                0x00000000c000abbe                Filesystem::getlabel(LogicalDisk*, int, char*, unsigned int*)
                0x00000000c000abc4                Filesystem::setlabel(LogicalDisk*, int, char*)
                0x00000000c000abca                Filesystem::allocateSwapfile(char const*, int)
                0x00000000c000abd0                File::~File()
                0x00000000c000abd0                File::~File()
                0x00000000c000abf4                File::~File()
                0x00000000c000ac1e                Directory::~Directory()
                0x00000000c000ac1e                Directory::~Directory()
                0x00000000c000ac42                Directory::~Directory()
                0x00000000c000ac6c                Filesystem::Filesystem()
                0x00000000c000ac6c                Filesystem::Filesystem()
                0x00000000c000ac90                Filesystem::~Filesystem()
                0x00000000c000ac90                Filesystem::~Filesystem()
                0x00000000c000ac9e                Filesystem::~Filesystem()
                0x00000000c000acc2                Fs::getcwd(Process*, char*, int)
                0x00000000c000acec                Fs::initVFS()
                0x00000000c000ad16                Fs::standardiseFiles(char*, char const*, char const*)
                0x00000000c000aecc                File::File(char const*, Process*)
                0x00000000c000aecc                File::File(char const*, Process*)
                0x00000000c000af88                File::open(FileOpenMode)
                0x00000000c000afe6                File::close()
                0x00000000c000b046                File::seek(unsigned long long)
                0x00000000c000b09c                File::tell(unsigned long long*)
                0x00000000c000b0ec                File::rewind()
                0x00000000c000b100                File::unlink()
                0x00000000c000b14c                File::rename(char const*)
                0x00000000c000b19a                File::chfatattr(unsigned char, unsigned char)
                0x00000000c000b1f6                File::exists()
                0x00000000c000b234                File::stat(unsigned long long*, bool*)
                0x00000000c000b295                Fs::setcwd(Process*, char*)
                0x00000000c000b3f2                Directory::Directory(char const*, Process*)
                0x00000000c000b3f2                Directory::Directory(char const*, Process*)
                0x00000000c000b4ae                Directory::open()
                0x00000000c000b50a                Directory::close()
                0x00000000c000b56a                Directory::unlink()
                0x00000000c000b5b6                Directory::rename(char const*)
                0x00000000c000b604                Directory::exists()
                0x00000000c000b642                Directory::read(dirent*)
                0x00000000c000b68e                Directory::create()
                0x00000000c000b6da                Filesystem::chfatattr(char const*, unsigned char, unsigned char)
 .text          0x00000000c000b6e0       0x86 hal/bus.32
                0x00000000c000b6e0                Bus::Bus(char const*)
                0x00000000c000b6e0                Bus::Bus(char const*)
                0x00000000c000b718                Bus::~Bus()
                0x00000000c000b718                Bus::~Bus()
                0x00000000c000b73c                Bus::~Bus()
 .text          0x00000000c000b766       0x96 hal/buzzer.32
                0x00000000c000b766                beepThread(void*)
                0x00000000c000b7a3                Krnl::beep(int, int, bool)
 .text          0x00000000c000b7fc      0x45f hal/clock.32
                0x00000000c000b7fc                User::loadClockSettings(int)
                0x00000000c000b84e                Clock::Clock(char const*)
                0x00000000c000b84e                Clock::Clock(char const*)
                0x00000000c000b884                Clock::~Clock()
                0x00000000c000b884                Clock::~Clock()
                0x00000000c000b8a8                Clock::~Clock()
                0x00000000c000b8d2                Clock::timeInSecondsLocal()
                0x00000000c000b91a                Clock::setTimeInSecondsLocal(unsigned long long)
                0x00000000c000b973                datetimeToSeconds(datetime_t)
                0x00000000c000ba92                Clock::setTimeInDatetimeLocal(datetime_t)
                0x00000000c000baf2                secondsToDatetime(unsigned long long)
                0x00000000c000bc36                Clock::timeInDatetimeLocal()
 *fill*         0x00000000c000bc5b        0x1 
 .text          0x00000000c000bc5c      0x460 hal/device.32
                0x00000000c000bc5c                Device::hibernate()
                0x00000000c000bc5e                Device::wake()
                0x00000000c000bc60                Device::detect()
                0x00000000c000bc62                Device::disableLegacy()
                0x00000000c000bc64                Device::powerSaving(PowerSavingLevel)
                0x00000000c000bc66                DriverlessDevice::close(int, int, void*)
                0x00000000c000bc6a                DriverlessDevice::detect()
                0x00000000c000bc6c                DriverlessDevice::open(int, int, void*)
                0x00000000c000bc80                Device::~Device()
                0x00000000c000bc80                Device::~Device()
                0x00000000c000bc8e                Device::~Device()
                0x00000000c000bcb6                Device::findAndLoadDriver()
                0x00000000c000bcc4                Device::preOpenPCI(PCIDeviceInfo)
                0x00000000c000bce6                Device::preOpenACPI(void*, char*, char*)
                0x00000000c000bd26                Device::addIRQHandler(int, void (*)(regs*, void*), bool, void*)
                0x00000000c000bd50                Device::getParent()
                0x00000000c000bd5c                Device::removeIRQHandler(int, void (*)(regs*, void*), bool)
                0x00000000c000bd7a                Device::addChild(Device*)
                0x00000000c000bdbe                Device::removeAllChildren()
                0x00000000c000be04                Device::hibernateAll()
                0x00000000c000be34                Device::wakeAll()
                0x00000000c000be64                Device::detectAll()
                0x00000000c000be94                Device::disableLegacyAll()
                0x00000000c000be96                Device::loadDriversForAll()
                0x00000000c000be98                Device::closeAll()
                0x00000000c000bece                Device::powerSavingAll(PowerSavingLevel)
                0x00000000c000bf04                Device::setName(char const*)
                0x00000000c000bf12                Device::Device(char const*)
                0x00000000c000bf12                Device::Device(char const*)
                0x00000000c000c00e                Device::getName()
                0x00000000c000c018                DriverlessDevice::DriverlessDevice(char const*)
                0x00000000c000c018                DriverlessDevice::DriverlessDevice(char const*)
                0x00000000c000c04e                Device::addToLinkedList(LinkedList<Device>&, DeviceType)
                0x00000000c000c092                getDevicesOfType(DeviceType)
 .text          0x00000000c000c0bc       0x86 hal/diskctrl.32
                0x00000000c000c0bc                HardDiskController::HardDiskController(char const*)
                0x00000000c000c0bc                HardDiskController::HardDiskController(char const*)
                0x00000000c000c0f4                HardDiskController::~HardDiskController()
                0x00000000c000c0f4                HardDiskController::~HardDiskController()
                0x00000000c000c118                HardDiskController::~HardDiskController()
 .text          0x00000000c000c142       0xe2 hal/diskphys.32
                0x00000000c000c142                PhysicalDisk::eject()
                0x00000000c000c146                PhysicalDisk::PhysicalDisk(char const*, int)
                0x00000000c000c146                PhysicalDisk::PhysicalDisk(char const*, int)
                0x00000000c000c1ae                PhysicalDisk::startCache()
                0x00000000c000c1d6                PhysicalDisk::~PhysicalDisk()
                0x00000000c000c1d6                PhysicalDisk::~PhysicalDisk()
                0x00000000c000c1fa                PhysicalDisk::~PhysicalDisk()
 .text          0x00000000c000c224        0x0 hal/fpu.32
 .text          0x00000000c000c224      0x368 hal/intctrl.32
                0x00000000c000c224                int_handler
                0x00000000c000c2ae                installISRHandler(int, void (*)(regs*, void*), void*)
                0x00000000c000c2f8                installIRQHandler(int, void (*)(regs*, void*), bool, void*)
                0x00000000c000c43b                uninstallISRHandler(int, void (*)(regs*, void*))
                0x00000000c000c46f                uninstallIRQHandler(int, void (*)(regs*, void*), bool)
                0x00000000c000c4ed                setupINTS()
                0x00000000c000c54a                convertLegacyIRQNumber(int)
 .text          0x00000000c000c58c      0x8be hal/keybrd.32
                0x00000000c000c58c                startGUI(void*)
                0x00000000c000c5fa                startGUIVESA(void*)
                0x00000000c000c668                sendKeyToTerminal(unsigned char)
                0x00000000c000c743                sendKeyboardToken(KeyboardToken)
                0x00000000c000cc2d                clearInternalKeybuffer(VgaText*)
                0x00000000c000cc62                readKeyboard(VgaText*, char*, unsigned long)
                0x00000000c000cdc0                Keyboard::Keyboard(char const*)
                0x00000000c000cdc0                Keyboard::Keyboard(char const*)
                0x00000000c000cdfc                Keyboard::~Keyboard()
                0x00000000c000cdfc                Keyboard::~Keyboard()
                0x00000000c000ce20                Keyboard::~Keyboard()
 .text          0x00000000c000ce4a      0x3f8 hal/logidisk.32
                0x00000000c000ce4a                LogicalDisk::close(int, int, void*)
                0x00000000c000ce4e                LogicalDisk::~LogicalDisk()
                0x00000000c000ce4e                LogicalDisk::~LogicalDisk()
                0x00000000c000ce72                LogicalDisk::~LogicalDisk()
                0x00000000c000ce9c                LogicalDisk::open(int, int, void*)
                0x00000000c000ceb0                LogicalDisk::absoluteToRelative(unsigned long long)
                0x00000000c000cee8                LogicalDisk::relativeToAbsolute(unsigned long long)
                0x00000000c000cf2e                LogicalDisk::LogicalDisk(char const*, PhysicalDisk*, unsigned long long, unsigned long long)
                0x00000000c000cf2e                LogicalDisk::LogicalDisk(char const*, PhysicalDisk*, unsigned long long, unsigned long long)
                0x00000000c000cfee                LogicalDisk::assignDriveLetter()
                0x00000000c000d0a8                LogicalDisk::mount()
                0x00000000c000d0f0                LogicalDisk::unmount()
                0x00000000c000d100                LogicalDisk::eject()
                0x00000000c000d114                LogicalDisk::unassignDriveLetter()
                0x00000000c000d16a                LogicalDisk::read(unsigned long long, int, void*)
                0x00000000c000d1d6                LogicalDisk::write(unsigned long long, int, void*)
 *fill*         0x00000000c000d242        0x2 
 .text          0x00000000c000d244       0x86 hal/mouse.32
                0x00000000c000d244                Mouse::Mouse(char const*)
                0x00000000c000d244                Mouse::Mouse(char const*)
                0x00000000c000d27c                Mouse::~Mouse()
                0x00000000c000d27c                Mouse::~Mouse()
                0x00000000c000d2a0                Mouse::~Mouse()
 .text          0x00000000c000d2ca       0x90 hal/nic.32
                0x00000000c000d2ca                NIC::getMAC()
                0x00000000c000d2d0                NIC::write(int, unsigned char*, int*)
                0x00000000c000d2d6                NIC::NIC(char const*)
                0x00000000c000d2d6                NIC::NIC(char const*)
                0x00000000c000d30c                NIC::~NIC()
                0x00000000c000d30c                NIC::~NIC()
                0x00000000c000d330                NIC::~NIC()
 .text          0x00000000c000d35a      0x33b hal/partition.32
                0x00000000c000d35a                makePartition(PhysicalDisk*, unsigned long long, unsigned long long)
                0x00000000c000d402                createPartitionsForDisk(PhysicalDisk*)
 *fill*         0x00000000c000d695        0x3 
 .text          0x00000000c000d698       0x86 hal/serial.32
                0x00000000c000d698                Serial::Serial(char const*)
                0x00000000c000d698                Serial::Serial(char const*)
                0x00000000c000d6d0                Serial::~Serial()
                0x00000000c000d6d0                Serial::~Serial()
                0x00000000c000d6f4                Serial::~Serial()
 *fill*         0x00000000c000d71e        0x2 
 .text          0x00000000c000d720      0x234 hal/timer.32
                0x00000000c000d720                Timer::Timer(char const*)
                0x00000000c000d720                Timer::Timer(char const*)
                0x00000000c000d758                Timer::~Timer()
                0x00000000c000d758                Timer::~Timer()
                0x00000000c000d77c                Timer::~Timer()
                0x00000000c000d7a6                Timer::read()
                0x00000000c000d7b1                setupTimer(int)
                0x00000000c000d7ec                timerHandler(unsigned int)
 .text          0x00000000c000d954      0x444 hal/vcache.32
                0x00000000c000d954                VCache::VCache(PhysicalDisk*)
                0x00000000c000d954                VCache::VCache(PhysicalDisk*)
                0x00000000c000dac4                VCache::invalidateReadBuffer()
                0x00000000c000dad4                VCache::writeWriteBuffer()
                0x00000000c000db20                VCache::~VCache()
                0x00000000c000db20                VCache::~VCache()
                0x00000000c000db78                VCache::~VCache()
                0x00000000c000dba0                VCache::write(unsigned long long, int, void*)
                0x00000000c000dc8e                VCache::read(unsigned long long, int, void*)
 .text          0x00000000c000dd98      0x4cb hal/video.32
                0x00000000c000dd98                Video::putrect(int, int, int, int, unsigned int)
                0x00000000c000dde4                Video::bitblit(int, int, int, int, int, int, int, unsigned int*)
                0x00000000c000de54                Video::blit(unsigned int*, int, int, int, int)
                0x00000000c000ded6                Video::clearScreen(unsigned int)
                0x00000000c000df0a                Video::putpixel(int, int, unsigned int)
                0x00000000c000df18                Video::readPixelApprox(int, int)
                0x00000000c000df2c                Video::Video(char const*)
                0x00000000c000df2c                Video::Video(char const*)
                0x00000000c000df62                Video::~Video()
                0x00000000c000df62                Video::~Video()
                0x00000000c000df86                Video::~Video()
                0x00000000c000dfb0                Video::isMonochrome()
                0x00000000c000dfbc                Video::getWidth()
                0x00000000c000dfc8                Video::getHeight()
                0x00000000c000dfd4                Video::drawCursor(int, int, unsigned int*, int)
                0x00000000c000e090                Video::tgaParse(unsigned char*, int, int*, int*)
                0x00000000c000e1f8                Video::putTGA(int, int, unsigned char*, int)
 *fill*         0x00000000c000e263        0x1 
 .text          0x00000000c000e264     0x133b hw/acpi.32
                0x00000000c000e264                ACPI::close(int, int, void*)
                0x00000000c000e318                findRSDP()
                0x00000000c000e3b0                loadACPITables(unsigned char*)
                0x00000000c000e61c                findRSDT(unsigned char*)
                0x00000000c000e774                findDataTable(unsigned char*, char*)
                0x00000000c000e7f4                scanMADT()
                0x00000000c000ecac                ACPI::ACPI()
                0x00000000c000ecac                ACPI::ACPI()
                0x00000000c000ed00                ACPI::getPCIIRQAssignment(unsigned char, unsigned short, unsigned char)
                0x00000000c000edfc                ACPI::registerPCIIRQAssignment(void*, unsigned short, unsigned char, unsigned char)
                0x00000000c000eec8                ACPI::setScreenBrightnessLevel(void*, int)
                0x00000000c000eed0                ACPI::detectPCI()
                0x00000000c000f0f0                ACPI::writeSimpleBootFlag(SimpleBootFlagTable*)
                0x00000000c000f138                ACPI::sleep()
                0x00000000c000f154                ACPI::open(int, int, void*)
 *fill*         0x00000000c000f59f        0x1 
 .text          0x00000000c000f5a0      0xba5 hw/cpu.32
                0x00000000c000f5a0                CPU::close(int, int, void*)
                0x00000000c000f5a4                CPU::AMD_K6_write_msr(unsigned int, unsigned int, unsigned int, CPU::REGS*)
                0x00000000c000f5c0                CPU::AMD_K6_read_msr(unsigned int, CPU::REGS*)
                0x00000000c000f5d8                CPU::AMD_K6_writeback(int, int, int)
                0x00000000c000f64c                CPU::cpuid(int, unsigned long*, unsigned long*, unsigned long*, unsigned long*)
                0x00000000c000f6d0                CPU::cpuidCheckEDX(unsigned int)
                0x00000000c000f6fe                CPU::cpuidCheckECX(unsigned int)
                0x00000000c000f72c                CPU::cpuidCheckExtendedEBX(unsigned int)
                0x00000000c000f75a                CPU::cpuidCheckExtendedECX(unsigned int)
                0x00000000c000f788                CPU::CPU()
                0x00000000c000f788                CPU::CPU()
                0x00000000c000f816                CPU::displayFeatures()
                0x00000000c000f818                CPU::detectFeatures()
                0x00000000c000feec                CPU::setupSMEP()
                0x00000000c000fef8                CPU::setupUMIP()
                0x00000000c000ff02                CPU::setupTSC()
                0x00000000c000ff0c                CPU::setupLargePages()
                0x00000000c000ff16                CPU::setupPAT()
                0x00000000c000ff52                CPU::setupMTRR()
                0x00000000c000ff54                CPU::setupGlobalPages()
                0x00000000c000ff5e                CPU::allowUsermodeDataAccess()
                0x00000000c000ff70                CPU::prohibitUsermodeDataAccess()
                0x00000000c000ff82                CPU::setupSMAP()
                0x00000000c000ff90                CPU::setupFeatures()
                0x00000000c001005c                CPU::open(int, int, void*)
 .text          0x00000000c0010145       0xd8 krnl/bootmsg.32
                0x00000000c0010145                KeDisplaySplashScreen()
                0x00000000c00101ba                KeSetBootMessage(char const*)
 *fill*         0x00000000c001021d        0x1 
 .text          0x00000000c001021e      0x585 krnl/env.32
                0x00000000c001021e                EnvVarContainer::getEnv(char const*)
                0x00000000c001025c                EnvVarContainer::setEnv(char const*, char const*)
                0x00000000c001031e                EnvVarContainer::deleteEnv(char const*)
                0x00000000c0010320                EnvVarContainer::loadFrom(char const*, char const*)
                0x00000000c001050a                EnvVarContainer::__loadSystem()
                0x00000000c0010524                EnvVarContainer::__loadUser()
                0x00000000c0010526                EnvVarContainer::EnvVarContainer(Process*)
                0x00000000c0010526                EnvVarContainer::EnvVarContainer(Process*)
                0x00000000c0010548                EnvVarContainer::~EnvVarContainer()
                0x00000000c0010548                EnvVarContainer::~EnvVarContainer()
                0x00000000c0010578                Krnl::getEnv(Process*, char const*)
                0x00000000c00105dd                Krnl::setEnvSystem(char const*, char const*)
                0x00000000c00105f7                Krnl::setEnvUser(char const*, char const*)
                0x00000000c0010616                Krnl::setEnvProcess(Process*, char const*, char const*)
                0x00000000c0010629                Krnl::deleteEnvSystem(char const*)
                0x00000000c001062a                Krnl::deleteEnvUser(char const*)
                0x00000000c001062b                Krnl::deleteEnvProcess(Process*, char const*)
                0x00000000c001062c                Krnl::newProcessEnv(Process*)
                0x00000000c001064e                Krnl::copyProcessEnv(Process*, Process*)
                0x00000000c001069a                Krnl::loadSystemEnv()
                0x00000000c00106c8                Krnl::loadUserEnv()
                0x00000000c00106ee                Krnl::flushEnv()
                0x00000000c00106ef                Krnl::getProcessTotalEnvCount(Process*)
                0x00000000c001070f                Krnl::getProcessEnvPair(Process*, int)
 .text          0x00000000c00107a3       0x94 krnl/inlines.32
                0x00000000c00107a3                CPU::current()
                0x00000000c00107af                operator new(unsigned long)
                0x00000000c00107b4                operator delete(void*)
                0x00000000c00107b9                disableIRQs()
                0x00000000c00107bb                enableIRQs()
                0x00000000c00107bd                lockScheduler()
                0x00000000c00107c5                unlockScheduler()
                0x00000000c00107d4                lockStuff()
                0x00000000c00107e2                unlockStuff()
                0x00000000c001081c                Virt::getAKernelVAS()
                0x00000000c0010822                __not_memcpy
 .text          0x00000000c0010837        0xc krnl/panic.32
                0x00000000c0010837                KePanic(char const*)
 .text          0x00000000c0010843      0x142 krnl/powctrl.32
                0x00000000c0010843                Krnl::powerThread(void*)
                0x00000000c0010871                Krnl::changePowerSettings(Krnl::PowerSettings)
                0x00000000c0010887                Krnl::userIOReceived()
                0x00000000c0010892                Krnl::handlePowerButton()
                0x00000000c00108c7                Krnl::handleSleepButton()
                0x00000000c00108fc                Krnl::setupPowerManager()
 .text          0x00000000c0010985       0x9b krnl/random.32
                0x00000000c0010985                KeRand()
                0x00000000c00109c5                KeSeedRand(unsigned int)
                0x00000000c00109ee                KeInitRand()
 .text          0x00000000c0010a20      0x1bc krnl/resolve.32
                0x00000000c0010a20                KeResolveCompatibilitySymbol(char*)
 .text          0x00000000c0010bdc      0x313 krnl/signal.32
                0x00000000c0010bdc                KiSigKill(int)
                0x00000000c0010bf0                KiDefaultSignalHandlerIgnore(int)
                0x00000000c0010bf1                KiDefaultSignalHandlerPause(int)
                0x00000000c0010c1d                KiDefaultSignalHandlerResume(int)
                0x00000000c0010c49                KeDeinitSignals(SigHandlerBlock*)
                0x00000000c0010c4e                KeInitSignals()
                0x00000000c0010c99                KeRegisterSignalHandler(SigHandlerBlock*, int, void (*)(int), unsigned int, int)
                0x00000000c0010ccf                KeRaiseSignal(SigHandlerBlock*, int)
                0x00000000c0010d4c                KeCheckSignal(SigHandlerBlock*, int*)
                0x00000000c0010e3b                KiCheckSignalZ
                0x00000000c0010e7d                KeCompleteSignal(SigHandlerBlock*, int)
                0x00000000c0010eb8                KiFinishSignalZ
 .text          0x00000000c0010eef      0xc95 krnl/syscalls.32
                0x00000000c0010eef                SysSeekDir(regs*)
                0x00000000c0010ef4                SysTellDir(regs*)
                0x00000000c0010ef9                SysVerify(regs*)
                0x00000000c0010f03                SysGetArgc(regs*)
                0x00000000c0010f17                SysTTYName(regs*)
                0x00000000c0010f1f                SysFormatDisk(regs*)
                0x00000000c0010f86                SysSetDiskVolumeLabel(regs*)
                0x00000000c0010fda                SysGetDiskVolumeLabel(regs*)
                0x00000000c0011033                SysShutdown(regs*)
                0x00000000c00110c0                SysRealpath(regs*)
                0x00000000c001110f                SysReadDir(regs*)
                0x00000000c001118f                SysIsATTY(regs*)
                0x00000000c00111e9                SysSeek(regs*)
                0x00000000c0011243                SysTell(regs*)
                0x00000000c00112b0                SysSize(regs*)
                0x00000000c0011323                SysSizeFromFilename(regs*)
                0x00000000c00113d4                SysClose(regs*)
                0x00000000c0011434                SysOpenDir(regs*)
                0x00000000c00114b1                SysMakeDir(regs*)
                0x00000000c001151f                SysCloseDir(regs*)
                0x00000000c001156e                SysWait(regs*)
                0x00000000c001158f                SysNotImpl(regs*)
                0x00000000c00115aa                SysPanic(regs*)
                0x00000000c00115c5                SysRmdir(regs*)
                0x00000000c001162a                SysUnlink(regs*)
                0x00000000c001168f                SysGetArgv(regs*)
                0x00000000c00116dc                SysUSleep(regs*)
                0x00000000c0011705                SysSpawn(regs*)
                0x00000000c0011776                SysGetEnv(regs*)
                0x00000000c001182b                SysSetFatAttrib(regs*)
                0x00000000c001189e                SysPipe(regs*)
                0x00000000c00118e3                SysGetUnixTime(regs*)
                0x00000000c00118f7                string_ends_with(char const*, char const*)
                0x00000000c0011942                SysOpen(regs*)
                0x00000000c0011b42                KeSystemCall(regs*, void*)
 .text          0x00000000c0011b84      0x159 net/ethernet.32
                0x00000000c0011b84                KeSwitchEndian16(unsigned short)
                0x00000000c0011ba8                KeSwitchEndian32(unsigned int)
                0x00000000c0011bd8                EthernetCRC32(unsigned char*, int)
                0x00000000c0011c7c                EthernetReceivedPacket(EthernetUnwrappedFrame*, unsigned short)
 .text          0x00000000c0011cdd      0xd55 reg/cm.32
                0x00000000c0011cdd                CmOpen(char const*)
                0x00000000c0011dfb                CmClose(Reghive_Tag*)
                0x00000000c0011e11                CmReadExtent(Reghive_Tag*, int, unsigned char*)
                0x00000000c0011e4d                CmGetString(Reghive_Tag*, int, char*)
                0x00000000c0011ec4                CmEnterDirectory(Reghive_Tag*, int)
                0x00000000c0011f03                CmGetNext(Reghive_Tag*, int)
                0x00000000c0011f35                CmWriteExtent(Reghive_Tag*, int, unsigned char*)
                0x00000000c0011f71                CmFreeExtent(Reghive_Tag*, int)
                0x00000000c0011f99                CmUpdateHeader(Reghive_Tag*)
                0x00000000c0011fba                CmExpand(Reghive_Tag*, int)
                0x00000000c0012035                CmFindUnusedExtent(Reghive_Tag*)
                0x00000000c00120bb                CmCreateExtent(Reghive_Tag*, int, int, unsigned char*)
                0x00000000c00121af                CmSetString(Reghive_Tag*, int, char const*)
                0x00000000c00122eb                CmGetMatch(char*, char*, bool, bool*)
                0x00000000c001234c                CmAddShift(unsigned int*, int*, unsigned char, int)
                0x00000000c001237c                CmGetShift(unsigned int*, int*, int, bool*)
                0x00000000c00123b3                CmGetInteger(Reghive_Tag*, int, unsigned long long*)
                0x00000000c00123dd                CmSetInteger(Reghive_Tag*, int, unsigned long long)
                0x00000000c001241d                CmConvertFromInternalFilename(unsigned char const*, char*)
                0x00000000c00124c1                CmGetNameAndTypeFromExtent(Reghive_Tag*, int, char*)
                0x00000000c00124ef                CmConvertToInternalFilename(char const*, unsigned char*)
                0x00000000c001268c                CmCreateString(Reghive_Tag*, int, char const*)
                0x00000000c00126d9                CmFindInDirectory(Reghive_Tag*, int, char const*)
                0x00000000c0012753                CmCreateInteger(Reghive_Tag*, int, char const*, unsigned long long, int)
                0x00000000c00127a6                CmCreateDirectory(Reghive_Tag*, int, char const*)
                0x00000000c001286a                zStrtok(char*, char const*)
                0x00000000c00128dc                CmFindObjectFromPath(Reghive_Tag*, char const*)
                0x00000000c001295d                CmDisplayTree(Reghive_Tag*, int, int)
                0x00000000c0012a00                CmSplitFinalSlashInPlace(char*)
 .text          0x00000000c0012a32      0x547 reg/registry.32
                0x00000000c0012a32                Reg::findLineFromLoadedData(char*, char*, char*)
                0x00000000c0012bc0                Reg::getLineFromRegistry(char*, char*, char*, char*)
                0x00000000c0012d15                Reg::getLine(char*, char*, char*)
                0x00000000c0012d4c                Reg::readInt(char*, char*, int*)
                0x00000000c0012e3a                Reg::readString(char*, char*, char*, int)
                0x00000000c0012ebb                Reg::readBool(char*, char*, bool*)
                0x00000000c0012ee0                Reg::readBoolWithDefault(char*, char*, bool)
                0x00000000c0012f0c                Reg::readIntWithDefault(char*, char*, int)
                0x00000000c0012f38                Reg::readStringWithDefault(char*, char*, char*, int, char*)
 .text          0x00000000c0012f79       0x36 sys/eject.32
                0x00000000c0012f79                SysEject(regs*)
 .text          0x00000000c0012faf       0x18 sys/exit.32
                0x00000000c0012faf                SysExit(regs*)
 .text          0x00000000c0012fc7       0x1f sys/getcwd.32
                0x00000000c0012fc7                SysGetCwd(regs*)
 .text          0x00000000c0012fe6        0xc sys/getpid.32
                0x00000000c0012fe6                SysGetPID(regs*)
 .text          0x00000000c0012ff2       0x1a sys/getramdata.32
                0x00000000c0012ff2                SysGetRAMData(regs*)
 .text          0x00000000c001300c       0x82 sys/getvgaptr.32
                0x00000000c001300c                SysGetVGAPtr(regs*)
 *fill*         0x00000000c001308e        0x2 
 .text          0x00000000c0013090       0xb9 sys/kill.32
                0x00000000c0013090                SysKill(regs*)
 .text          0x00000000c0013149       0xa8 sys/loaddll.32
                0x00000000c0013149                SysLoadDLL(regs*)
 .text          0x00000000c00131f1       0x68 sys/read.32
                0x00000000c00131f1                SysRead(regs*)
 .text          0x00000000c0013259       0x29 sys/registersignal.32
                0x00000000c0013259                SysRegisterSignal(regs*)
 .text          0x00000000c0013282      0x19c sys/registry.32
                0x00000000c0013282                SysRegistryGetTypeFromPath(regs*)
                0x00000000c00132f9                SysRegistryReadExtent(regs*)
                0x00000000c0013341                SysRegistryPathToExtentLookup(regs*)
                0x00000000c0013369                SysRegistryEnterDirectory(regs*)
                0x00000000c0013391                SysRegistryGetNext(regs*)
                0x00000000c00133b9                SysRegistryGetNameAndTypeFromExtent(regs*)
                0x00000000c00133f3                SysRegistryOpen(regs*)
                0x00000000c0013407                SysRegistryClose(regs*)
 .text          0x00000000c001341e       0x55 sys/sbrk.32
                0x00000000c001341e                SysSbrk(regs*)
 .text          0x00000000c0013473       0x1c sys/setcwd.32
                0x00000000c0013473                SysSetCwd(regs*)
 .text          0x00000000c001348f       0x96 sys/settime.32
                0x00000000c001348f                SysSetTime(regs*)
 .text          0x00000000c0013525       0x4a sys/timezone.32
                0x00000000c0013525                SysTimezone(regs*)
 .text          0x00000000c001356f       0x68 sys/write.32
                0x00000000c001356f                SysWrite(regs*)
 .text          0x00000000c00135d7       0x62 sys/wsbe.32
                0x00000000c00135d7                SysWsbe(regs*)
 .text          0x00000000c0013639       0x25 sys/yield.32
                0x00000000c0013639                SysYield(regs*)
 .text          0x00000000c001365e     0x11f6 thr/elf.32
                0x00000000c001365e                Thr::allocateMemoryForTask(Process*, File*, unsigned long, unsigned long, unsigned long)
                0x00000000c00138e5                Thr::loadProgramIntoMemory(Process*, char const*)
                0x00000000c0013afe                Thr::runtimeReferenceHelper()
                0x00000000c0013b11                Thr::getAddressOfKernelSymbol(char const*)
                0x00000000c0013b60                Thr::loadKernelSymbolTable(char const*)
                0x00000000c0013e1e                Thr::loadDriverIntoMemory(char const*, unsigned long, bool)
                0x00000000c0014558                Thr::getDriverBaseFromAddress(unsigned long)
                0x00000000c001458a                Thr::getDriverNameFromAddress(unsigned long)
                0x00000000c00145c1                Thr::getDriverOffsetFromAddress(unsigned long)
                0x00000000c00145db                Thr::loadDLL(char const*, bool)
                0x00000000c001481b                Thr::executeDLL(unsigned long, void*)
 .text          0x00000000c0014854     0x13bd thr/prcssthr.32
                0x00000000c0014854                userModeEntryPoint(void*)
                0x00000000c001487c                changeTSS
                0x00000000c00148ac                switchToThread(ThreadControlBlock*)
                0x00000000c001495c                Process::addArgs(char**)
                0x00000000c00149c8                Process::Process(char const*, Process*, char**)
                0x00000000c00149c8                Process::Process(char const*, Process*, char**)
                0x00000000c0014bd0                Process::Process(bool, char const*, Process*, char**)
                0x00000000c0014bd0                Process::Process(bool, char const*, Process*, char**)
                0x00000000c0014da4                taskStartupFunction
                0x00000000c0014db0                Semaphore::Semaphore(int)
                0x00000000c0014db0                Semaphore::Semaphore(int)
                0x00000000c0014de0                Mutex::Mutex()
                0x00000000c0014de0                Mutex::Mutex()
                0x00000000c0014df4                Process::createThread(void (*)(void*), void*, int)
                0x00000000c0014efc                Process::createUserThread()
                0x00000000c0014f1c                setupMultitasking(void (*)())
                0x00000000c0015040                schedule()
                0x00000000c00150d4                Semaphore::tryAcquire()
                0x00000000c0015194                Semaphore::assertLocked(char const*)
                0x00000000c0015218                blockTaskWithSchedulerLockAlreadyHeld(TaskState)
                0x00000000c0015240                blockTask(TaskState)
                0x00000000c0015278                waitTask(int, int*, int)
                0x00000000c00152bc                milliTenthSleepUntil(unsigned int)
                0x00000000c001535c                milliTenthSleep(unsigned int)
                0x00000000c0015370                sleep(unsigned int)
                0x00000000c001538c                Semaphore::acquire()
                0x00000000c0015454                taskReturned
                0x00000000c0015498                Thr::processFromPID(int)
                0x00000000c0015544                unblockTask(ThreadControlBlock*)
                0x00000000c00155f0                cleanupTerminatedTask(ThreadControlBlock*)
                0x00000000c00158c4                cleanerTaskFunction(void*)
                0x00000000c00159cc                terminateTask(int)
                0x00000000c0015ab8                Thr::terminateFromIRQ(int)
                0x00000000c0015ac8                Semaphore::release()
 .text          0x00000000c0015c11      0xbee vm86/vm8086.32
                0x00000000c0015c11                Vm::inbv(unsigned short)
                0x00000000c0015c24                Vm::outbv(unsigned short, unsigned char)
                0x00000000c0015c5a                Vm::realToLinear(unsigned short, unsigned short)
                0x00000000c0015c6a                Vm::getSegment(unsigned int)
                0x00000000c0015c72                Vm::getOffset(unsigned int)
                0x00000000c0015c77                Vm::mainloop2()
                0x00000000c0015cb1                Vm::mainVm8086Loop(void*)
                0x00000000c0015cc1                Vm::mainloop3(unsigned long)
                0x00000000c0015ce7                Vm::initialise8086()
                0x00000000c0015d2a                Vm::finish8086()
                0x00000000c0015d8b                Vm::getOutput8086(unsigned char*)
                0x00000000c0015db0                Vm::start8086FromBuffer(unsigned char*, int, unsigned short, unsigned short, unsigned short, unsigned short)
                0x00000000c0015e69                Vm::start8086(char const*, unsigned short, unsigned short, unsigned short, unsigned short)
                0x00000000c0015ff8                Vm::doISR(regs*, int, unsigned char*, unsigned short, unsigned short)
                0x00000000c0016081                Vm::readByteFromReal(unsigned short, unsigned short)
                0x00000000c0016092                Vm::readWordFromReal(unsigned short, unsigned short)
                0x00000000c00160a4                Vm::readDwordFromReal(unsigned short, unsigned short)
                0x00000000c00160b5                Vm::writeByteFromReal(unsigned short, unsigned short, unsigned char)
                0x00000000c00160ca                Vm::writeWordFromReal(unsigned short, unsigned short, unsigned short)
                0x00000000c00160e0                Vm::writeDwordFromReal(unsigned short, unsigned short, unsigned int)
                0x00000000c00160f5                Vm::faultHandler(regs*)
 .text          0x00000000c00167ff      0xaac arch/i386/hal.32
                0x00000000c00167ff                noCopro(unsigned long)
                0x00000000c0016800                nmiHandler(regs*, void*)
                0x00000000c0016819                doubleFault(regs*, void*)
                0x00000000c0016832                displayDebugInfo(regs*)
                0x00000000c0016b8e                HalSystemIdle()
                0x00000000c0016c0a                displayProgramFault(char const*)
                0x00000000c0016c56                gpFault(regs*, void*)
                0x00000000c0016cbd                pgFault(regs*, void*)
                0x00000000c0016d46                otherISRHandler(regs*, void*)
                0x00000000c0016d7a                opcodeFault(regs*, void*)
                0x00000000c0016dfd                i386SaveCoprocessor(void*)
                0x00000000c0016e11                i386LoadCoprocessor(void*)
                0x00000000c0016e25                x87EmulHandler(regs*, void*)
                0x00000000c0016ec2                HalInitialiseCoprocessor()
                0x00000000c0016f70                HalPanic(char const*)
                0x00000000c0017069                HalQueryPerformanceCounter()
                0x00000000c0017084                HalInitialise()
                0x00000000c001723a                HalMakeBeep(int)
                0x00000000c0017274                HalGetRand()
                0x00000000c0017277                HalEndOfInterrupt(int)
                0x00000000c00172a8                HalRestart()
                0x00000000c00172a9                HalShutdown()
                0x00000000c00172aa                HalSleep()
 *fill*         0x00000000c00172ab        0x1 
 .text          0x00000000c00172ac      0x2dc arch/i386/pic.32
                0x00000000c00172ac                picIoWait()
                0x00000000c00172b4                picDisable()
                0x00000000c00172e8                picGetIRQReg(int)
                0x00000000c0017364                picOpen()
                0x00000000c00174e8                picEOI(int)
 .text          0x00000000c0017588      0x664 arch/i386/rtc.32
                0x00000000c0017588                RTC::open(int, int, void*)
                0x00000000c001758c                RTC::close(int, int, void*)
                0x00000000c0017590                RTC::timeInSecondsUTC()
                0x00000000c00175a2                RTC::timeInDatetimeUTC()
                0x00000000c00175c8                RTC::setTimeInSecondsUTC(unsigned long long)
                0x00000000c0017606                RTC::~RTC()
                0x00000000c0017606                RTC::~RTC()
                0x00000000c001762a                RTC::~RTC()
                0x00000000c0017654                RTC::get_update_in_progress_flag()
                0x00000000c001766e                RTC::completeRTCRefresh()
                0x00000000c001793e                RTC::setTimeInDatetimeUTC(datetime_t)
                0x00000000c0017aec                rtcIRQHandler(regs*, void*)
                0x00000000c0017b32                RTC::RTC()
                0x00000000c0017b32                RTC::RTC()
 .text          0x00000000c0017bec      0x1f4 arch/i386/vga.32
                0x00000000c0017bec                HalConsoleScroll(int, int)
                0x00000000c0017cf4                HalConsoleWriteCharacter(char, int, int, int, int)
                0x00000000c0017d58                HalConsoleCursorUpdate(int, int)
 .text          0x00000000c0017de0     0x1463 fs/fat/vfslink.32
                0x00000000c0017de0                FAT::getName()
                0x00000000c0017de8                FAT::tell(void*, unsigned long long*)
                0x00000000c0017e24                FAT::stat(void*, unsigned long long*)
                0x00000000c0017e60                FAT::~FAT()
                0x00000000c0017e60                FAT::~FAT()
                0x00000000c0017e84                FAT::~FAT()
                0x00000000c0017eac                FAT::getlabel(LogicalDisk*, int, char*, unsigned int*)
                0x00000000c0017f50                FAT::setlabel(LogicalDisk*, int, char*)
                0x00000000c0018014                FAT::format(LogicalDisk*, int, char const*, int)
                0x00000000c00181f8                FAT::tryMount(LogicalDisk*, int)
                0x00000000c0018414                FAT::allocateSwapfile(char const*, int)
                0x00000000c00185d4                FAT::readDir(void*, unsigned long, void*, int*)
                0x00000000c0018744                FAT::read(void*, unsigned long, void*, int*)
                0x00000000c00187a4                FAT::write(void*, unsigned long, void*, int*)
                0x00000000c0018804                FAT::close(void*)
                0x00000000c0018858                FAT::closeDir(void*)
                0x00000000c00188ac                FAT::seek(void*, unsigned long long)
                0x00000000c0018904                fatWrapperReadDisk
                0x00000000c0018944                fatWrapperWriteDisk
                0x00000000c0018984                fatWrapperIoctl
                0x00000000c0018aa0                FAT::FAT()
                0x00000000c0018aa0                FAT::FAT()
                0x00000000c0018af8                FAT::fixFilepath(char*)
                0x00000000c0018b38                FAT::open(char const*, void**, FileOpenMode)
                0x00000000c0018cac                FAT::openDir(char const*, void**)
                0x00000000c0018d5c                FAT::stat(char const*, unsigned long long*, bool*)
                0x00000000c0018e54                FAT::unlink(char const*)
                0x00000000c0018ed4                FAT::chfatattr(char const*, unsigned char, unsigned char)
                0x00000000c0019088                FAT::rename(char const*, char const*)
                0x00000000c0019154                FAT::mkdir(char const*)
                0x00000000c00191d4                FAT::exists(char const*)
 *fill*         0x00000000c0019243        0x1 
 .text          0x00000000c0019244       0x94 fs/iso9660/helper.32
                0x00000000c0019244                isoReadDiscSectorHelper
                0x00000000c00192a0                iso_kprintf
                0x00000000c00192bc                iso_kprintfd
 .text          0x00000000c00192d8      0x716 fs/iso9660/vfslink.32
                0x00000000c00192d8                ISO9660::format(LogicalDisk*, int, char const*, int)
                0x00000000c00192de                ISO9660::getName()
                0x00000000c00192e4                ISO9660::closeDir(void*)
                0x00000000c00192ee                ISO9660::chfatattr(char const*, unsigned char, unsigned char)
                0x00000000c00192f4                ISO9660::unlink(char const*)
                0x00000000c00192fa                ISO9660::write(void*, unsigned long, void*, int*)
                0x00000000c0019300                ISO9660::rename(char const*, char const*)
                0x00000000c0019306                ISO9660::mkdir(char const*)
                0x00000000c001930c                ISO9660::~ISO9660()
                0x00000000c001930c                ISO9660::~ISO9660()
                0x00000000c0019330                ISO9660::~ISO9660()
                0x00000000c0019358                ISO9660::exists(char const*)
                0x00000000c001936c                ISO9660::open(char const*, void**, FileOpenMode)
                0x00000000c0019452                ISO9660::read(void*, unsigned long, void*, int*)
                0x00000000c001949a                ISO9660::seek(void*, unsigned long long)
                0x00000000c00194dc                ISO9660::tell(void*, unsigned long long*)
                0x00000000c001951a                ISO9660::stat(void*, unsigned long long*)
                0x00000000c001956c                ISO9660::stat(char const*, unsigned long long*, bool*)
                0x00000000c00196ae                ISO9660::close(void*)
                0x00000000c00196de                ISO9660::openDir(char const*, void**)
                0x00000000c00197b8                ISO9660::readDir(void*, unsigned long, void*, int*)
                0x00000000c00198d5                readSectorFromCDROM(unsigned int, unsigned char*, char)
                0x00000000c0019954                ISO9660::tryMount(LogicalDisk*, int)
                0x00000000c00199c6                ISO9660::ISO9660()
                0x00000000c00199c6                ISO9660::ISO9660()
 .text          0x00000000c00199ee      0x26c hal/sound/sndcard.32
                0x00000000c00199ee                SoundCard::beginPlayback()
                0x00000000c00199fc                SoundCard::stopPlayback()
                0x00000000c0019a0a                SoundCard::SoundCard(char const*)
                0x00000000c0019a0a                SoundCard::SoundCard(char const*)
                0x00000000c0019aa8                SoundCard::~SoundCard()
                0x00000000c0019aa8                SoundCard::~SoundCard()
                0x00000000c0019acc                SoundCard::~SoundCard()
                0x00000000c0019af6                SoundCard::configureRates(int, int, int)
                0x00000000c0019b26                SoundCard::getSamples16(int, short*)
                0x00000000c0019b82                SoundCard::getSamples32(int, int*)
                0x00000000c0019c08                SoundCard::addChannel(SoundPort*)
                0x00000000c0019c46                SoundCard::removeChannel(int)
 *fill*         0x00000000c0019c5a        0x2 
 .text          0x00000000c0019c5c      0x393 hal/sound/sndport.32
                0x00000000c0019c5c                SoundPort::SoundPort(int, int, int, int)
                0x00000000c0019c5c                SoundPort::SoundPort(int, int, int, int)
                0x00000000c0019ce8                SoundPort::~SoundPort()
                0x00000000c0019ce8                SoundPort::~SoundPort()
                0x00000000c0019d1c                SoundPort::unpause()
                0x00000000c0019d28                SoundPort::pause()
                0x00000000c0019d34                SoundPort::getBufferUsed()
                0x00000000c0019d3c                SoundPort::getBufferSize()
                0x00000000c0019d44                SoundPort::buffer16(short*, int)
                0x00000000c0019dd0                SoundPort::buffer32(int*, int)
                0x00000000c0019e5c                SoundPort::unbufferAndAdd16(int, short*, SoundCard*)
                0x00000000c0019f2c                SoundPort::unbufferAndAdd32(int, int*, SoundCard*)
 .text          0x00000000c0019fef        0x0 hw/bus/isa.32
 *fill*         0x00000000c0019fef        0x1 
 .text          0x00000000c0019ff0      0xbb7 hw/bus/pci.32
                0x00000000c0019ff0                PCI::open(int, int, void*)
                0x00000000c001a00e                PCI::close(int, int, void*)
                0x00000000c001a012                PCI::PCI()
                0x00000000c001a012                PCI::PCI()
                0x00000000c001a0aa                PCI::readBAR8(unsigned int, int)
                0x00000000c001a0c6                PCI::readBAR16(unsigned int, int)
                0x00000000c001a0e4                PCI::readBAR32(unsigned int, int)
                0x00000000c001a100                PCI::writeBAR8(unsigned int, unsigned char, int)
                0x00000000c001a120                PCI::writeBAR16(unsigned int, unsigned short, int)
                0x00000000c001a142                PCI::writeBAR32(unsigned int, unsigned int, int)
                0x00000000c001a162                PCI::legacyMechanism(unsigned char, unsigned char, unsigned char, unsigned char)
                0x00000000c001a1d8                PCI::pciReadWord(unsigned char, unsigned char, unsigned char, unsigned char)
                0x00000000c001a282                PCI::getVendorID(unsigned char, unsigned char, unsigned char)
                0x00000000c001a2a6                PCI::getHeaderType(unsigned char, unsigned char, unsigned char)
                0x00000000c001a2ce                PCI::getClassCode(unsigned char, unsigned char, unsigned char)
                0x00000000c001a318                PCI::getProgIF(unsigned char, unsigned char, unsigned char)
                0x00000000c001a340                PCI::getRevisionID(unsigned char, unsigned char, unsigned char)
                0x00000000c001a364                PCI::getInterruptNumber(unsigned char, unsigned char, unsigned char)
                0x00000000c001a388                PCI::getSecondaryBus(unsigned char, unsigned char, unsigned char)
                0x00000000c001a3b0                PCI::getBARAddress(unsigned char, unsigned char, unsigned char, unsigned char)
                0x00000000c001a414                PCI::pciWriteWord(unsigned char, unsigned char, unsigned char, unsigned char, unsigned short)
                0x00000000c001a4fc                PCI::pciDetailsToFilepath(PCIDeviceInfo, char*)
                0x00000000c001a7c2                PCI::checkBus(unsigned char)
                0x00000000c001a7e6                PCI::foundDevice(PCIDeviceInfo)
                0x00000000c001a960                PCI::getDeviceData(unsigned char, unsigned char, unsigned char)
                0x00000000c001aadc                PCI::checkDevice(unsigned char, unsigned char)
                0x00000000c001ab4e                PCI::detect()
 *fill*         0x00000000c001aba7        0x1 
 .text          0x00000000c001aba8      0xb90 hw/diskctrl/ide.32
                0x00000000c001aba8                IDE::close(int, int, void*)
                0x00000000c001abac                IDE::IDE()
                0x00000000c001abac                IDE::IDE()
                0x00000000c001abe0                IDE::prepareInterrupt(unsigned char)
                0x00000000c001abf2                selectDrive(unsigned char, unsigned char)
                0x00000000c001abf4                IDE::getBase(unsigned char)
                0x00000000c001ac06                IDE::write(unsigned char, unsigned char, unsigned char)
                0x00000000c001acc6                IDE::read(unsigned char, unsigned char)
                0x00000000c001ad74                IDE::waitInterrupt(unsigned char)
                0x00000000c001add6                ideChannel0IRQHandler(regs*, void*)
                0x00000000c001adf2                ideChannel1IRQHandler(regs*, void*)
                0x00000000c001ae0e                IDE::enableIRQs(unsigned char, bool)
                0x00000000c001ae58                IDE::open(int, int, void*)
                0x00000000c001b294                IDE::readBuffer(unsigned char, unsigned char, unsigned int, unsigned int)
                0x00000000c001b364                IDE::detect()
                0x00000000c001b62a                IDE::printError(unsigned char, unsigned char, unsigned char)
                0x00000000c001b6e4                IDE::polling(unsigned char, unsigned int)
 .text          0x00000000c001b738      0x32a hw/diskctrl/satabus.32
                0x00000000c001b738                SATABus::close(int, int, void*)
                0x00000000c001b73c                SATABus::detect()
                0x00000000c001b73e                SATABus::SATABus()
                0x00000000c001b73e                SATABus::SATABus()
                0x00000000c001b7c4                SATABus::findCmdslot(SATABus::tagHBA_PORT volatile*)
                0x00000000c001b7f6                SATABus::checkType(SATABus::tagHBA_PORT volatile*)
                0x00000000c001b83e                SATABus::startCmd(SATABus::tagHBA_PORT volatile*)
                0x00000000c001b85e                SATABus::stopCmd(SATABus::tagHBA_PORT volatile*)
                0x00000000c001b888                SATABus::portRebase(SATABus::tagHBA_PORT volatile*, int)
                0x00000000c001b998                SATABus::probePort(SATABus::tagHBA_MEM volatile*)
                0x00000000c001ba42                SATABus::open(int, int, void*)
 .text          0x00000000c001ba62      0x96d hw/diskphys/ata.32
                0x00000000c001ba62                ATA::close(int, int, void*)
                0x00000000c001ba86                ATA::powerSaving(PowerSavingLevel)
                0x00000000c001ba88                ATA::ATA()
                0x00000000c001ba88                ATA::ATA()
                0x00000000c001bab6                ATA::flush(bool)
                0x00000000c001bb04                ATA::readyForCommand()
                0x00000000c001bb50                ATA::access(unsigned long long, int, void*, bool)
                0x00000000c001bf14                ATA::detectCHS()
                0x00000000c001bf3e                ATA::open(int, int, void*)
                0x00000000c001c00a                combineCharAndColour(char, unsigned char)
                0x00000000c001c01b                combineColours(unsigned char, unsigned char)
                0x00000000c001c028                ATA::read(unsigned long long, int, void*)
                0x00000000c001c1fe                ATA::write(unsigned long long, int, void*)
 *fill*         0x00000000c001c3cf        0x1 
 .text          0x00000000c001c3d0      0x61a hw/diskphys/atapi.32
                0x00000000c001c3d0                ATAPI::write(unsigned long long, int, void*)
                0x00000000c001c3d6                ATAPI::close(int, int, void*)
                0x00000000c001c3fa                ATAPI::ATAPI()
                0x00000000c001c3fa                ATAPI::ATAPI()
                0x00000000c001c428                ATAPI::readyForCommand()
                0x00000000c001c47a                ATAPI::sendPacket(unsigned char*, int, bool, unsigned short*, int)
                0x00000000c001c742                ATAPI::diskRemoved()
                0x00000000c001c77c                ATAPI::eject()
                0x00000000c001c7c4                ATAPI::diskInserted()
                0x00000000c001c7d0                ATAPI::detectMedia()
                0x00000000c001c890                ATAPI::open(int, int, void*)
                0x00000000c001c970                ATAPI::read(unsigned long long, int, void*)
 .text          0x00000000c001c9ea      0x807 hw/diskphys/sata.32
                0x00000000c001c9ea                SATA::close(int, int, void*)
                0x00000000c001ca0e                SATA::powerSaving(PowerSavingLevel)
                0x00000000c001ca10                SATA::open(int, int, void*)
                0x00000000c001caba                SATA::SATA()
                0x00000000c001caba                SATA::SATA()
                0x00000000c001cae8                SATA::access(unsigned long long, int, void*, bool)
                0x00000000c001cd3c                SATA::read(unsigned long long, int, void*)
                0x00000000c001cf8c                SATA::write(unsigned long long, int, void*)
 *fill*         0x00000000c001d1f1        0x1 
 .text          0x00000000c001d1f2      0x5d0 hw/diskphys/satapi.32
                0x00000000c001d1f2                SATAPI::write(unsigned long long, int, void*)
                0x00000000c001d1f8                SATAPI::close(int, int, void*)
                0x00000000c001d21c                SATAPI::SATAPI()
                0x00000000c001d21c                SATAPI::SATAPI()
                0x00000000c001d24a                SATAPI::diskRemoved()
                0x00000000c001d24c                SATAPI::diskInserted()
                0x00000000c001d268                SATAPI::sendPacket(unsigned char*, int, unsigned long long, unsigned short*, int)
                0x00000000c001d546                SATAPI::eject()
                0x00000000c001d582                SATAPI::detectMedia()
                0x00000000c001d5d8                SATAPI::open(int, int, void*)
                0x00000000c001d6d8                SATAPI::read(unsigned long long, int, void*)
 .text          0x00000000c001d7c2      0x45b hw/intctrl/apic.32
                0x00000000c001d7c2                IOAPIC::close(int, int, void*)
                0x00000000c001d7c8                apicGetBase()
                0x00000000c001d80e                IOAPIC::IOAPIC()
                0x00000000c001d80e                IOAPIC::IOAPIC()
                0x00000000c001d836                apicOpen()
                0x00000000c001d9b2                IOAPIC::handlesGSIWithNumber(unsigned int)
                0x00000000c001d9e4                IOAPIC::read(int)
                0x00000000c001da0c                IOAPIC::open(int, int, void*)
                0x00000000c001daf2                IOAPIC::write(int, int)
                0x00000000c001db1e                IOAPIC::redirect(unsigned char, unsigned long long, unsigned char, bool, bool)
 *fill*         0x00000000c001dc1d        0x3 
 .text          0x00000000c001dc20       0xf0 hw/timer/apictimer.32
                0x00000000c001dc20                APICTimer::close(int, int, void*)
                0x00000000c001dc28                apicTimerHandler(regs*, void*)
                0x00000000c001dc50                APICTimer::open(int, int, void*)
                0x00000000c001dcc0                APICTimer::write(int)
                0x00000000c001dce8                APICTimer::APICTimer()
                0x00000000c001dce8                APICTimer::APICTimer()
 .text          0x00000000c001dd10      0x1ad hw/timer/pit.32
                0x00000000c001dd10                PIT::write(int)
                0x00000000c001dd94                pitHandler(regs*, void*)
                0x00000000c001ddbc                PIT::open(int, int, void*)
                0x00000000c001de0c                PIT::close(int, int, void*)
                0x00000000c001de3c                PIT::PIT()
                0x00000000c001de3c                PIT::PIT()
 *fill*         0x00000000c001debd        0x3 
 .text          0x00000000c001dec0       0x83 arch/i386/avx.32
                0x00000000c001dec0                avxDetect
                0x00000000c001deea                avxSave
                0x00000000c001defb                avxLoad
                0x00000000c001df0c                avxInit
                0x00000000c001df2e                avxClose
                0x00000000c001df2f                wouldSheSayYes
 *fill*         0x00000000c001df43        0xd 
 .text          0x00000000c001df50      0x2ec arch/i386/interrupt.32
                0x00000000c001df50                isr0
                0x00000000c001df60                isr1
                0x00000000c001df6a                isr2
                0x00000000c001df74                isr3
                0x00000000c001df7e                isr4
                0x00000000c001df88                isr5
                0x00000000c001df92                isr6
                0x00000000c001df9c                isr7
                0x00000000c001dfa6                isr8
                0x00000000c001dfae                isr9
                0x00000000c001dfb8                isr10
                0x00000000c001dfc0                isr11
                0x00000000c001dfc8                isr12
                0x00000000c001dfd0                isr13
                0x00000000c001dfea                isr14
                0x00000000c001dff2                isr15
                0x00000000c001dffc                isr16
                0x00000000c001e006                isr17
                0x00000000c001e010                isr18
                0x00000000c001e01a                irq3
                0x00000000c001e024                irq4
                0x00000000c001e02e                irq5
                0x00000000c001e038                irq6
                0x00000000c001e042                irq7
                0x00000000c001e04c                irq8
                0x00000000c001e056                irq9
                0x00000000c001e060                irq10
                0x00000000c001e06a                irq11
                0x00000000c001e074                irq12
                0x00000000c001e07e                irq13
                0x00000000c001e088                irq14
                0x00000000c001e092                irq15
                0x00000000c001e09c                irq1
                0x00000000c001e0a3                irq2
                0x00000000c001e0aa                isr96
                0x00000000c001e0b1                irq0
                0x00000000c001e0b6                int_common_stub
                0x00000000c001e0e8                syscall_common_stub
                0x00000000c001e1ec                irq16
                0x00000000c001e1f6                irq17
                0x00000000c001e200                irq18
                0x00000000c001e20a                irq19
                0x00000000c001e214                irq20
                0x00000000c001e21e                irq21
                0x00000000c001e228                irq22
                0x00000000c001e232                irq23
 *fill*         0x00000000c001e23c        0x4 
 .text          0x00000000c001e240       0x10 arch/i386/rdrand.32
                0x00000000c001e240                i386GetRDRAND
 .text          0x00000000c001e250       0x39 arch/i386/sse.32
                0x00000000c001e250                absolutelyNoChanceInHell
                0x00000000c001e250                sseDetect
                0x00000000c001e268                sseSave
                0x00000000c001e270                sseLoad
                0x00000000c001e278                sseInit
                0x00000000c001e288                sseClose
 *fill*         0x00000000c001e289        0x7 
 .text          0x00000000c001e290       0x49 arch/i386/x87.32
                0x00000000c001e296                x87Detect
                0x00000000c001e2b1                x87Save
                0x00000000c001e2b8                x87Load
                0x00000000c001e2bf                x87Init
                0x00000000c001e2d8                x87Close
 *fill*         0x00000000c001e2d9        0x3 
 .text          0x00000000c001e2dc       0x25 /cygdrive/d/Users/Alex/Desktop/Toolchain/Output/bin/../lib/gcc/i386-banana/8.1.0/crtend.o
 .text          0x00000000c001e301        0x0 crtn.32
 *fill*         0x00000000c001e301        0x3 
 .text          0x00000000c001e304      0x14b /cygdrive/d/Users/Alex/Desktop/Toolchain/Output/bin/../lib/gcc/i386-banana/8.1.0/libkgcc.a(_divdi3.o)
                0x00000000c001e304                __divdi3
 *fill*         0x00000000c001e44f        0x1 
 .text          0x00000000c001e450      0x17e /cygdrive/d/Users/Alex/Desktop/Toolchain/Output/bin/../lib/gcc/i386-banana/8.1.0/libkgcc.a(_moddi3.o)
                0x00000000c001e450                __moddi3
 *fill*         0x00000000c001e5ce        0x2 
 .text          0x00000000c001e5d0       0xff /cygdrive/d/Users/Alex/Desktop/Toolchain/Output/bin/../lib/gcc/i386-banana/8.1.0/libkgcc.a(_udivdi3.o)
                0x00000000c001e5d0                __udivdi3
 *fill*         0x00000000c001e6cf        0x1 
 .text          0x00000000c001e6d0      0x11a /cygdrive/d/Users/Alex/Desktop/Toolchain/Output/bin/../lib/gcc/i386-banana/8.1.0/libkgcc.a(_umoddi3.o)
                0x00000000c001e6d0                __umoddi3
 *(.gnu.linkonce.t*)

.iplt           0x00000000c001e7f0        0x0
 .iplt          0x00000000c001e7f0        0x0 D:/Users/Alex/Desktop/Banana/kernel/boot.32

.init           0x00000000c001e7ea        0xf
 .init          0x00000000c001e7ea        0x3 crti.32
                0x00000000c001e7ea                _init