Archive member included to satisfy reference by file (symbol)

/cygdrive/d/Users/Alex/Desktop/Toolchain/Output/bin/../lib/gcc/i386-banana/8.1.0/libgcc.a(_divdi3.o)
                              fs/fat/ff.32 (__divdi3)
/cygdrive/d/Users/Alex/Desktop/Toolchain/Output/bin/../lib/gcc/i386-banana/8.1.0/libgcc.a(_moddi3.o)
                              core/elf.32 (__moddi3)
/cygdrive/d/Users/Alex/Desktop/Toolchain/Output/bin/../lib/gcc/i386-banana/8.1.0/libgcc.a(_divmoddi4.o)
                              acpica/osl.32 (__divmoddi4)
/cygdrive/d/Users/Alex/Desktop/Toolchain/Output/bin/../lib/gcc/i386-banana/8.1.0/libgcc.a(_udivdi3.o)
                              acpica/utmath.32 (__udivdi3)
/cygdrive/d/Users/Alex/Desktop/Toolchain/Output/bin/../lib/gcc/i386-banana/8.1.0/libgcc.a(_umoddi3.o)
                              acpica/utmath.32 (__umoddi3)
D:/Users/Alex/Desktop/Banana/kernel/libk/libm32.a(s_fabs.c.o)
                              hal/libresample/samplerate.32 (fabs)
D:/Users/Alex/Desktop/Banana/kernel/libk/libm32.a(s_lrint.S.o)
                              hal/libresample/samplerate.32 (lrint)
D:/Users/Alex/Desktop/Banana/kernel/libk/libm32.a(s_lrintf.S.o)
                              hal/sound/sndhw.32 (lrintf)

Allocating common symbols
Common symbol       size              file

AcpiGbl_StateCache  0x4               acpica/utglobal.32
AcpiGbl_OwnerIdMask
                    0x200             acpica/utglobal.32
AcpiGbl_StepToNextCall
                    0x1               acpica/utglobal.32
AcpiGbl_RootTableList
                    0x10              acpica/utglobal.32
AcpiGbl_FadtGpeDevice
                    0x4               acpica/utglobal.32
AcpiGbl_GpeXruptListHead
                    0x4               acpica/utglobal.32
AcpiGbl_GlobalLockHandle
                    0x2               acpica/utglobal.32
AcpiGbl_RootNodeStruct
                    0x1c              acpica/utglobal.32
AcpiGbl_FACS        0x4               acpica/utglobal.32
AcpiGbl_AllGpesInitialized
                    0x1               acpica/utglobal.32
AcpiGbl_GlobalLockMutex
                    0x4               acpica/utglobal.32
AcpiGbl_IntegerByteWidth
                    0x1               acpica/utglobal.32
AcpiGbl_Pm1EnableRegisterSave
                    0x2               acpica/utglobal.32
AcpiGbl_NsLookupCount
                    0x4               acpica/utglobal.32
AcpiCurrentGpeCount
                    0x4               acpica/utglobal.32
AcpiGbl_IntegerBitWidth
                    0x1               acpica/utglobal.32
AcpiGbl_NamespaceCache
                    0x4               acpica/utglobal.32
AcpiGbl_TableHandler
                    0x4               acpica/utglobal.32
AcpiGbl_HardwareLock
                    0x4               acpica/utglobal.32
AcpiGbl_FixedEventHandlers
                    0x28              acpica/utglobal.32
AcpiSciCount        0x4               acpica/utglobal.32
AcpiGbl_DSDT        0x4               acpica/utglobal.32
AcpiGbl_GlobalNotify
                    0x10              acpica/utglobal.32
AcpiGbl_GlobalLockSemaphore
                    0x4               acpica/utglobal.32
AcpiGbl_SystemAwakeAndRunning
                    0x1               acpica/utglobal.32
AcpiGbl_InterfaceHandler
                    0x4               acpica/utglobal.32
AcpiGbl_EventsInitialized
                    0x1               acpica/utglobal.32
AcpiGbl_SupportedInterfaces
                    0x4               acpica/utglobal.32
AcpiGbl_GpeLock     0x4               acpica/utglobal.32
AcpiGbl_SleepTypeB  0x1               acpica/utglobal.32
AcpiGbl_InitHandler
                    0x4               acpica/utglobal.32
AcpiGbl_GlobalLockAcquired
                    0x1               acpica/utglobal.32
AcpiGbl_XPm1bEnable
                    0xc               acpica/utglobal.32
AcpiGbl_OriginalDsdtHeader
                    0x24              acpica/utglobal.32
AcpiGbl_ReferenceCountLock
                    0x4               acpica/utglobal.32
AcpiGpeCount        0x4               acpica/utglobal.32
AcpiGbl_TableHandlerContext
                    0x4               acpica/utglobal.32
AcpiGbl_XPm1aStatus
                    0xc               acpica/utglobal.32
AcpiGbl_OriginalMode
                    0x4               acpica/utglobal.32
AcpiGbl_CmSingleStep
                    0x1               acpica/utglobal.32
AcpiGbl_GlobalEventHandlerContext
                    0x4               acpica/utglobal.32
AcpiGbl_PsFindCount
                    0x4               acpica/utglobal.32
AcpiFixedEventCount
                    0x14              acpica/utglobal.32
AcpiGbl_AcpiHardwarePresent
                    0x1               acpica/utglobal.32
AcpiGbl_MutexInfo   0x60              acpica/utglobal.32
AcpiGbl_RootNode    0x4               acpica/utglobal.32
AcpiGbl_AddressRangeList
                    0x8               acpica/utglobal.32
AcpiGbl_FADT        0x114             acpica/utglobal.32
AcpiGbl_IntegerNybbleWidth
[...]
Memory Configuration

Name             Origin             Length             Attributes
*default*        0x0000000000000000 0xffffffffffffffff

Linker script and memory map

LOAD D:/Users/Alex/Desktop/Banana/kernel/boot.32
LOAD crti.32
LOAD /cygdrive/d/Users/Alex/Desktop/Toolchain/Output/bin/../lib/gcc/i386-banana/8.1.0/crtbegin.o
LOAD D:/Users/Alex/Desktop/Banana/kernel/morenasm.32
LOAD acpica/dsargs.32
LOAD acpica/dscontrol.32
LOAD acpica/dsdebug.32
LOAD acpica/dsfield.32
LOAD acpica/dsinit.32
LOAD acpica/dsmethod.32
LOAD acpica/dsmthdat.32
LOAD acpica/dsobject.32
LOAD acpica/dsopcode.32
LOAD acpica/dspkginit.32
LOAD acpica/dsutils.32
LOAD acpica/dswexec.32
LOAD acpica/dswload.32
LOAD acpica/dswload2.32
LOAD acpica/dswscope.32
LOAD acpica/dswstate.32
LOAD acpica/evevent.32
LOAD acpica/evglock.32
LOAD acpica/evgpe.32
LOAD acpica/evgpeblk.32
LOAD acpica/evgpeinit.32
LOAD acpica/evgpeutil.32
LOAD acpica/evhandler.32
LOAD acpica/evmisc.32
LOAD acpica/evregion.32
LOAD acpica/evrgnini.32
LOAD acpica/evsci.32
LOAD acpica/evxface.32
LOAD acpica/evxfevnt.32
LOAD acpica/evxfgpe.32
LOAD acpica/evxfregn.32
LOAD acpica/exconcat.32
LOAD acpica/exconfig.32
LOAD acpica/exconvrt.32
LOAD acpica/excreate.32
LOAD acpica/exdebug.32
LOAD acpica/exdump.32
LOAD acpica/exfield.32
LOAD acpica/exfldio.32
LOAD acpica/exmisc.32
LOAD acpica/exmutex.32
LOAD acpica/exnames.32
LOAD acpica/exoparg1.32
LOAD acpica/exoparg2.32
LOAD acpica/exoparg3.32
LOAD acpica/exoparg6.32
LOAD acpica/exprep.32
LOAD acpica/exregion.32
LOAD acpica/exresnte.32
LOAD acpica/exresolv.32
LOAD acpica/exresop.32
LOAD acpica/exserial.32
LOAD acpica/exstore.32
LOAD acpica/exstoren.32
LOAD acpica/exstorob.32
LOAD acpica/exsystem.32
LOAD acpica/extrace.32
LOAD acpica/exutils.32
LOAD acpica/hwacpi.32
LOAD acpica/hwesleep.32
LOAD acpica/hwgpe.32
LOAD acpica/hwpci.32
LOAD acpica/hwregs.32
LOAD acpica/hwsleep.32
LOAD acpica/hwtimer.32
LOAD acpica/hwvalid.32
LOAD acpica/hwxface.32
LOAD acpica/hwxfsleep.32
LOAD acpica/nsaccess.32
LOAD acpica/nsalloc.32
LOAD acpica/nsarguments.32
LOAD acpica/nsconvert.32
LOAD acpica/nsdump.32
LOAD acpica/nsdumpdv.32
LOAD acpica/nseval.32
LOAD acpica/nsinit.32
LOAD acpica/nsload.32
LOAD acpica/nsnames.32
LOAD acpica/nsobject.32
LOAD acpica/nsparse.32
LOAD acpica/nspredef.32
LOAD acpica/nsprepkg.32
LOAD acpica/nsrepair.32
LOAD acpica/nsrepair2.32
LOAD acpica/nssearch.32
LOAD acpica/nsutils.32
LOAD acpica/nswalk.32
LOAD acpica/nsxfeval.32
LOAD acpica/nsxfname.32
LOAD acpica/nsxfobj.32
LOAD acpica/psargs.32
LOAD acpica/psloop.32
LOAD acpica/psobject.32
LOAD acpica/psopcode.32
LOAD acpica/psopinfo.32
LOAD acpica/psparse.32
LOAD acpica/psscope.32
LOAD acpica/pstree.32
LOAD acpica/psutils.32
LOAD acpica/pswalk.32
LOAD acpica/psxface.32
LOAD acpica/rsaddr.32
LOAD acpica/rscalc.32
LOAD acpica/rscreate.32
LOAD acpica/rsdump.32
LOAD acpica/rsdumpinfo.32
LOAD acpica/rsinfo.32
LOAD acpica/rsio.32
LOAD acpica/rsirq.32
LOAD acpica/rslist.32
LOAD acpica/rsmemory.32
LOAD acpica/rsmisc.32
LOAD acpica/rsserial.32
LOAD acpica/rsutils.32
LOAD acpica/rsxface.32
LOAD acpica/tbdata.32
LOAD acpica/tbfadt.32
LOAD acpica/tbfind.32
LOAD acpica/tbinstal.32
LOAD acpica/tbprint.32
LOAD acpica/tbutils.32
LOAD acpica/tbxface.32
LOAD acpica/tbxfload.32
LOAD acpica/tbxfroot.32
LOAD acpica/utaddress.32
LOAD acpica/utalloc.32
LOAD acpica/utascii.32
LOAD acpica/utbuffer.32
LOAD acpica/utcache.32
LOAD acpica/utclib.32
LOAD acpica/utcopy.32
LOAD acpica/utdebug.32
LOAD acpica/utdecode.32
LOAD acpica/utdelete.32
LOAD acpica/uterror.32
LOAD acpica/uteval.32
LOAD acpica/utexcep.32
LOAD acpica/utglobal.32
LOAD acpica/uthex.32
LOAD acpica/utids.32
LOAD acpica/utinit.32
LOAD acpica/utlock.32
LOAD acpica/utmath.32
LOAD acpica/utmisc.32
LOAD acpica/utmutex.32
LOAD acpica/utnonansi.32
LOAD acpica/utobject.32
LOAD acpica/utosi.32
LOAD acpica/utownerid.32
LOAD acpica/utpredef.32
LOAD acpica/utprint.32
LOAD acpica/utresdecode.32
LOAD acpica/utresrc.32
LOAD acpica/utstate.32
LOAD acpica/utstring.32
LOAD acpica/utstrsuppt.32
LOAD acpica/utstrtoul64.32
LOAD acpica/uttrack.32
LOAD acpica/utuuid.32
LOAD acpica/utxface.32
LOAD acpica/utxferror.32
LOAD acpica/utxfinit.32
LOAD acpica/utxfmutex.32
LOAD core/malloc.32
LOAD libk/string.32
LOAD fs/fat/diskio.32
LOAD fs/fat/ff.32
LOAD fs/fat/ffsystem.32
LOAD fs/fat/ffunicode.32
LOAD hal/libresample/samplerate.32
LOAD hal/libresample/src_linear.32
LOAD hal/libresample/src_sinc.32
LOAD hal/libresample/src_zoh.32
LOAD acpica/osl.32
LOAD core/computer.32
LOAD core/elf.32
LOAD core/gdt.32
LOAD core/idle.32
LOAD core/idt.32
LOAD core/kconsole.32
LOAD core/kheap.32
LOAD core/main.32
LOAD core/physmgr.32
LOAD core/pipe.32
LOAD core/prcssthr.32
LOAD core/syscalls.32
LOAD core/terminal.32
LOAD core/tss.32
LOAD core/unixfile.32
LOAD core/virtmgr.32
LOAD coreobjs/c++.32
LOAD debugger/debug.32
LOAD fs/vfs.32
LOAD hal/bus.32
LOAD hal/buzzer.32
LOAD hal/clock.32
LOAD hal/device.32
LOAD hal/diskctrl.32
LOAD hal/diskphys.32
LOAD hal/fpu.32
LOAD hal/intctrl.32
LOAD hal/keybrd.32
LOAD hal/logidisk.32
LOAD hal/partition.32
LOAD hal/timer.32
LOAD hal/vcache.32
LOAD hw/acpi.32
LOAD hw/cpu.32
LOAD hw/ports.32
LOAD registry/registry.32
LOAD syscalls/sc_exit.32
LOAD syscalls/sc_sbrk.32
LOAD syscalls/sc_yield.32
LOAD vm86/vm8086.32
LOAD fs/fat/vfslink.32
LOAD fs/iso9660/vfslink.32
LOAD hal/sound/sndchannel.32
LOAD hal/sound/sndhw.32
LOAD hw/audio/sb16.32
LOAD hw/bus/isa.32
LOAD hw/bus/pci.32
LOAD hw/bus/ps2.32
LOAD hw/bus/ps2port.32
LOAD hw/buzzer/pcspk.32
LOAD hw/clock/rtc.32
LOAD hw/diskctrl/ide.32
LOAD hw/diskphys/ata.32
LOAD hw/diskphys/atapi.32
LOAD hw/dma/isadma.32
LOAD hw/fpu/avx.32
LOAD hw/fpu/mmx.32
LOAD hw/fpu/sse.32
LOAD hw/fpu/x87.32
LOAD hw/intctrl/apic.32
LOAD hw/intctrl/pic.32
LOAD hw/keybrd/ps2key.32
LOAD hw/timer/apictimer.32
LOAD hw/timer/pit.32
LOAD hw/fpu/x86/avx.32
LOAD hw/fpu/x86/sse.32
LOAD hw/fpu/x86/x87.32
LOAD /cygdrive/d/Users/Alex/Desktop/Toolchain/Output/bin/../lib/gcc/i386-banana/8.1.0/crtend.o
LOAD crtn.32
LOAD /cygdrive/d/Users/Alex/Desktop/Toolchain/Output/bin/../lib/gcc/i386-banana/8.1.0/libgcc.a
LOAD D:/Users/Alex/Desktop/Banana/kernel/libk/libm32.a
                0x00000000c0000000                . = 0xc0000000

.text           0x00000000c0000000    0x52bf8
 *(.text)
 .text          0x00000000c0000000       0x39 D:/Users/Alex/Desktop/Banana/kernel/boot.32
                0x00000000c000001e                callGlobalConstructors
 .text          0x00000000c0000039        0x0 crti.32
 *fill*         0x00000000c0000039        0x3 
 .text          0x00000000c000003c      0x101 /cygdrive/d/Users/Alex/Desktop/Toolchain/Output/bin/../lib/gcc/i386-banana/8.1.0/crtbegin.o
 *fill*         0x00000000c000013d        0x3 
 .text          0x00000000c0000140      0x443 D:/Users/Alex/Desktop/Banana/kernel/morenasm.32
                0x00000000c0000140                doTPAUSE
                0x00000000c000014a                hasLegacyFPU
                0x00000000c000016f                is486
                0x00000000c00001d2                goToVM86
                0x00000000c0000203                goToUsermode
                0x00000000c000022e                switchToThreadASMFirstTime
                0x00000000c000023c                switchToThreadASM
                0x00000000c00002d4                detectCPUID
                0x00000000c00002ea                asmQuickAcquireLock
                0x00000000c0000308                asmQuickReleaseLock
                0x00000000c0000314                asmAcquireLock
                0x00000000c0000335                asmReleaseLock
                0x00000000c0000348                loadGDT
                0x00000000c0000368                isr0
                0x00000000c0000378                isr1
                0x00000000c0000382                isr2
                0x00000000c000038c                isr3
                0x00000000c0000396                isr4
                0x00000000c00003a0                isr5
                0x00000000c00003aa                isr6
                0x00000000c00003b4                isr7
                0x00000000c00003be                isr8
                0x00000000c00003c6                isr9
                0x00000000c00003d0                isr10
                0x00000000c00003d8                isr11
                0x00000000c00003e0                isr12
                0x00000000c00003e8                isr13
                0x00000000c00003f0                isr14
                0x00000000c00003f8                isr15
                0x00000000c0000402                isr16
                0x00000000c000040c                isr17
                0x00000000c0000416                isr18
                0x00000000c0000420                isr96
                0x00000000c000042a                irq0
                0x00000000c0000434                irq1
                0x00000000c000043e                irq2
                0x00000000c0000448                irq3
                0x00000000c0000452                irq4
                0x00000000c000045c                irq5
                0x00000000c0000466                irq6
                0x00000000c0000470                irq7
                0x00000000c000047a                irq8
                0x00000000c0000484                irq9
                0x00000000c000048e                irq10
                0x00000000c0000498                irq11
                0x00000000c00004a2                irq12
                0x00000000c00004ac                irq13
                0x00000000c00004b6                irq14
                0x00000000c00004c0                irq15
                0x00000000c00004ca                irq16
                0x00000000c00004d4                irq17
                0x00000000c00004de                irq18
                0x00000000c00004e8                irq19
                0x00000000c00004f2                irq20
                0x00000000c00004fc                irq21
                0x00000000c0000506                irq22
                0x00000000c0000510                irq23
                0x00000000c000051a                int_common_stub
                0x00000000c000054a                syscall_common_stub
 .text          0x00000000c0000583      0x43e acpica/dsargs.32
                0x00000000c000073e                AcpiDsGetBufferFieldArguments
                0x00000000c00007a7                AcpiDsGetBankFieldArguments
                0x00000000c0000810                AcpiDsGetBufferArguments
                0x00000000c000088b                AcpiDsGetPackageArguments
                0x00000000c0000906                AcpiDsGetRegionArguments
 .text          0x00000000c00009c1      0x4ce acpica/dscontrol.32
                0x00000000c00009c3                AcpiDsExecBeginControlOp
                0x00000000c0000b04                AcpiDsExecEndControlOp
 .text          0x00000000c0000e8f        0x2 acpica/dsdebug.32
                0x00000000c0000e8f                AcpiDsDumpMethodStack
 .text          0x00000000c0000e91      0xaef acpica/dsfield.32
                0x00000000c0000e91                AcpiDsCreateBufferField
                0x00000000c00013f4                AcpiDsCreateField
                0x00000000c0001519                AcpiDsInitFieldObjects
                0x00000000c00016e0                AcpiDsCreateBankField
                0x00000000c000183c                AcpiDsCreateIndexField
 .text          0x00000000c0001980      0x25f acpica/dsinit.32
                0x00000000c0001b1a                AcpiDsInitializeObjects
 .text          0x00000000c0001bdf      0xaa7 acpica/dsmethod.32
                0x00000000c0001c2d                AcpiDsAutoSerializeMethod
                0x00000000c0001d53                AcpiDsMethodError
                0x00000000c0001ed4                AcpiDsBeginMethodExecution
                0x00000000c0002197                AcpiDsRestartControlMethod
                0x00000000c0002246                AcpiDsTerminateControlMethod
                0x00000000c000244f                AcpiDsCallControlMethod
 .text          0x00000000c0002686      0x7e9 acpica/dsmthdat.32
                0x00000000c0002686                AcpiDsMethodDataInit
                0x00000000c000288b                AcpiDsMethodDataDeleteAll
                0x00000000c0002963                AcpiDsMethodDataGetNode
                0x00000000c0002ab7                AcpiDsMethodDataInitArgs
                0x00000000c0002b3c                AcpiDsMethodDataGetValue
                0x00000000c0002cef                AcpiDsStoreObjectToLocal
 .text          0x00000000c0002e6f      0x7d5 acpica/dsobject.32
                0x00000000c0002e6f                AcpiDsBuildInternalBufferObj
                0x00000000c0002ff7                AcpiDsInitObjectFromOp
                0x00000000c00033d1                AcpiDsBuildInternalObject
                0x00000000c000359c                AcpiDsCreateNode
 .text          0x00000000c0003644      0xb9e acpica/dsopcode.32
                0x00000000c0003644                AcpiDsInitializeRegion
                0x00000000c00039a0                AcpiDsEvalBufferFieldOperands
                0x00000000c0003b2f                AcpiDsEvalRegionOperands
                0x00000000c0003d00                AcpiDsEvalTableRegionOperands
                0x00000000c0003ee4                AcpiDsEvalDataObjectOperands
                0x00000000c00040c5                AcpiDsEvalBankFieldOperands
 .text          0x00000000c00041e2      0x62e acpica/dspkginit.32
                0x00000000c00043e0                AcpiDsInitPackageElement
                0x00000000c0004458                AcpiDsBuildInternalPackageObj
 .text          0x00000000c0004810      0xa36 acpica/dsutils.32
                0x00000000c0004812                AcpiDsClearImplicitReturn
                0x00000000c0004857                AcpiDsDoImplicitReturn
                0x00000000c00048d1                AcpiDsIsResultUsed
                0x00000000c0004a7e                AcpiDsDeleteResultIfNotUsed
                0x00000000c0004afe                AcpiDsResolveOperands
                0x00000000c0004b64                AcpiDsClearOperands
                0x00000000c0004bc0                AcpiDsCreateOperand
                0x00000000c0004f77                AcpiDsCreateOperands
                0x00000000c000508b                AcpiDsEvaluateNamePath
 .text          0x00000000c0005246      0xb88 acpica/dswexec.32
                0x00000000c000524e                AcpiDsGetPredicateValue
                0x00000000c0005497                AcpiDsExecBeginOp
                0x00000000c00056d2                AcpiDsExecEndOp
 .text          0x00000000c0005dce      0x7a5 acpica/dswload.32
                0x00000000c0005dce                AcpiDsLoad1BeginOp
                0x00000000c000618e                AcpiDsLoad1EndOp
                0x00000000c0006493                AcpiDsInitCallbacks
 .text          0x00000000c0006573      0x9e5 acpica/dswload2.32
                0x00000000c0006573                AcpiDsLoad2BeginOp
                0x00000000c0006a53                AcpiDsLoad2EndOp
 .text          0x00000000c0006f58      0x17c acpica/dswscope.32
                0x00000000c0006f58                AcpiDsScopeStackClear
                0x00000000c0006f9d                AcpiDsScopeStackPush
                0x00000000c0007073                AcpiDsScopeStackPop
 .text          0x00000000c00070d4      0x9c3 acpica/dswstate.32
                0x00000000c000716d                AcpiDsResultPush
                0x00000000c000735d                AcpiDsResultPop
                0x00000000c00074a6                AcpiDsObjStackPush
                0x00000000c000752f                AcpiDsObjStackPop
                0x00000000c00075bc                AcpiDsObjStackPopAndDelete
                0x00000000c000764a                AcpiDsGetCurrentWalkState
                0x00000000c000765f                AcpiDsPushWalkState
                0x00000000c0007679                AcpiDsPopWalkState
                0x00000000c00076a3                AcpiDsCreateWalkState
                0x00000000c000774b                AcpiDsInitAmlWalk
                0x00000000c0007957                AcpiDsDeleteWalkState
 .text          0x00000000c0007a97      0x339 acpica/evevent.32
                0x00000000c0007a97                AcpiEvInstallXruptHandlers
                0x00000000c0007ba6                AcpiEvInitializeEvents
                0x00000000c0007cd5                AcpiEvFixedEventDetect
 .text          0x00000000c0007dd0      0x2f5 acpica/evglock.32
                0x00000000c0007e54                AcpiEvInitGlobalLockHandler
                0x00000000c0007ee5                AcpiEvRemoveGlobalLockHandler
                0x00000000c0007f1e                AcpiEvAcquireGlobalLock
                0x00000000c000803b                AcpiEvReleaseGlobalLock
 .text          0x00000000c00080c5      0xa50 acpica/evgpe.32
                0x00000000c00080c5                AcpiEvUpdateGpeEnableMask
                0x00000000c0008140                AcpiEvEnableGpe
                0x00000000c0008160                AcpiEvMaskGpe
                0x00000000c000824a                AcpiEvAddGpeReference
                0x00000000c00082ee                AcpiEvRemoveGpeReference
                0x00000000c0008376                AcpiEvLowGetGpeInfo
                0x00000000c00083e0                AcpiEvGetGpeEventInfo
                0x00000000c0008476                AcpiEvFinishGpe
                0x00000000c0008656                AcpiEvGpeDispatch
                0x00000000c00087e5                AcpiEvDetectGpe
                0x00000000c000899c                AcpiEvGpeDetect
 .text          0x00000000c0008b15      0x7e4 acpica/evgpeblk.32
                0x00000000c0008bf6                AcpiEvDeleteGpeBlock
                0x00000000c0008fc7                AcpiEvCreateGpeBlock
                0x00000000c000916a                AcpiEvInitializeGpeBlock
 .text          0x00000000c00092f9      0x4df acpica/evgpeinit.32
                0x00000000c00092f9                AcpiEvMatchGpeMethod
                0x00000000c00094b7                AcpiEvGpeInitialize
                0x00000000c00096c1                AcpiEvUpdateGpes
 .text          0x00000000c00097d8      0x46f acpica/evgpeutil.32
                0x00000000c00097d8                AcpiEvWalkGpeList
                0x00000000c000988a                AcpiEvGetGpeDevice
                0x00000000c00098f5                AcpiEvGetGpeXruptBlock
                0x00000000c0009a41                AcpiEvDeleteGpeXrupt
                0x00000000c0009b1d                AcpiEvDeleteGpeHandlers
 .text          0x00000000c0009c47      0x52c acpica/evhandler.32
                0x00000000c0009c47                AcpiEvHasDefaultHandler
                0x00000000c0009cb3                AcpiEvFindRegionHandler
                0x00000000c0009e08                AcpiEvInstallSpaceHandler
                0x00000000c000a0dd                AcpiEvInstallRegionHandlers
 .text          0x00000000c000a173      0x367 acpica/evmisc.32
                0x00000000c000a229                AcpiEvIsNotifyObject
                0x00000000c000a24b                AcpiEvQueueNotifyRequest
                0x00000000c000a378                AcpiEvTerminate
 .text          0x00000000c000a4da      0xac6 acpica/evregion.32
                0x00000000c000a4da                AcpiEvAddressSpaceDispatch
                0x00000000c000a827                AcpiEvAttachRegion
                0x00000000c000a880                AcpiEvExecuteRegMethod
                0x00000000c000aa96                AcpiEvDetachRegion
                0x00000000c000ae96                AcpiEvExecuteRegMethods
                0x00000000c000af0f                AcpiEvInitializeOpRegions
 .text          0x00000000c000afa0      0x5c0 acpica/evrgnini.32
                0x00000000c000afa0                AcpiEvSystemMemoryRegionSetup
                0x00000000c000b05f                AcpiEvIoSpaceRegionSetup
                0x00000000c000b082                AcpiEvIsPciRootBridge
                0x00000000c000b160                AcpiEvPciConfigRegionSetup
                0x00000000c000b40e                AcpiEvPciBarRegionSetup
                0x00000000c000b414                AcpiEvCmosRegionSetup
                0x00000000c000b41a                AcpiEvDefaultRegionSetup
                0x00000000c000b43d                AcpiEvInitializeRegion
 .text          0x00000000c000b560      0x1c4 acpica/evsci.32
                0x00000000c000b560                AcpiEvSciDispatch
                0x00000000c000b62e                AcpiEvGpeXruptHandler
                0x00000000c000b65c                AcpiEvInstallSciHandler
                0x00000000c000b694                AcpiEvRemoveAllSciHandlers
 .text          0x00000000c000b724      0xe32 acpica/evxface.32
                0x00000000c000b724                AcpiInstallNotifyHandler
                0x00000000c000b9ce                AcpiRemoveNotifyHandler
                0x00000000c000bc2d                AcpiInstallExceptionHandler
                0x00000000c000bc7f                AcpiInstallSciHandler
                0x00000000c000bd86                AcpiRemoveSciHandler
                0x00000000c000be80                AcpiInstallGlobalEventHandler
                0x00000000c000bee9                AcpiInstallFixedEventHandler
                0x00000000c000bfd8                AcpiRemoveFixedEventHandler
                0x00000000c000c2a9                AcpiInstallGpeHandler
                0x00000000c000c2d9                AcpiInstallGpeRawHandler
                0x00000000c000c309                AcpiRemoveGpeHandler
                0x00000000c000c4b5                AcpiAcquireGlobalLock
                0x00000000c000c519                AcpiReleaseGlobalLock
 .text          0x00000000c000c556      0x3c7 acpica/evxfevnt.32
                0x00000000c000c556                AcpiEnable
                0x00000000c000c5cc                AcpiDisable
                0x00000000c000c631                AcpiEnableEvent
                0x00000000c000c70c                AcpiDisableEvent
                0x00000000c000c7e6                AcpiClearEvent
                0x00000000c000c83f                AcpiGetEventStatus
 .text          0x00000000c000c91d      0xb16 acpica/evxfgpe.32
                0x00000000c000c91d                AcpiUpdateAllGpes
                0x00000000c000c9b0                AcpiEnableGpe
                0x00000000c000ca3b                AcpiDisableGpe
                0x00000000c000caa9                AcpiSetGpe
                0x00000000c000cb65                AcpiMaskGpe
                0x00000000c000cbe3                AcpiMarkGpeForWake
                0x00000000c000cc59                AcpiSetupGpeForWake
                0x00000000c000ce09                AcpiSetGpeWakeMask
                0x00000000c000cf2e                AcpiClearGpe
                0x00000000c000cfa6                AcpiGetGpeStatus
                0x00000000c000d022                AcpiDispatchGpe
                0x00000000c000d03e                AcpiFinishGpe
                0x00000000c000d0ae                AcpiDisableAllGpes
                0x00000000c000d0ed                AcpiEnableAllRuntimeGpes
                0x00000000c000d12c                AcpiEnableAllWakeupGpes
                0x00000000c000d16b                AcpiInstallGpeBlock
                0x00000000c000d2dd                AcpiRemoveGpeBlock
                0x00000000c000d3b8                AcpiGetGpeDevice
 .text          0x00000000c000d433      0x23b acpica/evxfregn.32
                0x00000000c000d433                AcpiInstallAddressSpaceHandler
                0x00000000c000d4ec                AcpiRemoveAddressSpaceHandler
 .text          0x00000000c000d66e      0x582 acpica/exconcat.32
                0x00000000c000d715                AcpiExDoConcatenate
                0x00000000c000daca                AcpiExConcatTemplate
 .text          0x00000000c000dbf0      0x6c5 acpica/exconfig.32
                0x00000000c000dcca                AcpiExUnloadTable
                0x00000000c000dd8f                AcpiExLoadTableOp
                0x00000000c000dfe7                AcpiExLoadOp
 .text          0x00000000c000e2b5      0x822 acpica/exconvrt.32
                0x00000000c000e2b5                AcpiExConvertToInteger
                0x00000000c000e434                AcpiExConvertToBuffer
                0x00000000c000e6e2                AcpiExConvertToString
                0x00000000c000e975                AcpiExConvertToTargetType
 .text          0x00000000c000ead7      0x5a9 acpica/excreate.32
                0x00000000c000ead7                AcpiExCreateAlias
                0x00000000c000eb6a                AcpiExCreateEvent
                0x00000000c000ebf7                AcpiExCreateMutex
                0x00000000c000ecb3                AcpiExCreateRegion
                0x00000000c000ee36                AcpiExCreateProcessor
                0x00000000c000eeed                AcpiExCreatePowerResource
                0x00000000c000ef8d                AcpiExCreateMethod
 .text          0x00000000c000f080      0x59b acpica/exdebug.32
                0x00000000c000f080                AcpiExDoDebugObject
 .text          0x00000000c000f61b        0x0 acpica/exdump.32
 .text          0x00000000c000f61b      0x543 acpica/exfield.32
                0x00000000c000f61b                AcpiExGetProtocolBufferLength
                0x00000000c000f673                AcpiExReadDataFromField
                0x00000000c000f8cd                AcpiExWriteDataToField
 .text          0x00000000c000fb5e     0x1087 acpica/exfldio.32
                0x00000000c000fdc2                AcpiExAccessRegion
                0x00000000c000ff72                AcpiExInsertIntoField
                0x00000000c00105e8                AcpiExWriteWithUpdateRule
                0x00000000c0010846                AcpiExExtractFromField
 .text          0x00000000c0010be5      0x725 acpica/exmisc.32
                0x00000000c0010be5                AcpiExGetObjectReference
                0x00000000c0010cf3                AcpiExDoMathOp
                0x00000000c0010f0a                AcpiExDoLogicalNumericOp
                0x00000000c0011024                AcpiExDoLogicalOp
 .text          0x00000000c001130a      0x63f acpica/exmutex.32
                0x00000000c001130a                AcpiExUnlinkMutex
                0x00000000c00113c5                AcpiExAcquireMutexObject
                0x00000000c00114ad                AcpiExAcquireMutex
                0x00000000c0011607                AcpiExReleaseMutexObject
                0x00000000c00116b5                AcpiExReleaseMutex
                0x00000000c00118a1                AcpiExReleaseAllMutexes
 .text          0x00000000c0011949      0x4eb acpica/exnames.32
                0x00000000c0011b5d                AcpiExGetNameString
 .text          0x00000000c0011e34     0x12f0 acpica/exoparg1.32
                0x00000000c0011e34                AcpiExOpcode_0A_0T_1R
                0x00000000c0011ef8                AcpiExOpcode_1A_0T_0R
                0x00000000c0012010                AcpiExOpcode_1A_1T_0R
                0x00000000c0012094                AcpiExOpcode_1A_1T_1R
                0x00000000c0012931                AcpiExOpcode_1A_0T_1R
 .text          0x00000000c0013124      0x9a7 acpica/exoparg2.32
                0x00000000c0013124                AcpiExOpcode_2A_0T_0R
                0x00000000c0013208                AcpiExOpcode_2A_2T_1R
                0x00000000c00133a2                AcpiExOpcode_2A_1T_1R
                0x00000000c00138c3                AcpiExOpcode_2A_0T_1R
 .text          0x00000000c0013acb      0x383 acpica/exoparg3.32
                0x00000000c0013acb                AcpiExOpcode_3A_0T_0R
                0x00000000c0013bdc                AcpiExOpcode_3A_1T_1R
 .text          0x00000000c0013e4e      0x3ba acpica/exoparg6.32
                0x00000000c0013f7b                AcpiExOpcode_6A_0T_1R
 .text          0x00000000c0014208      0x5c4 acpica/exprep.32
                0x00000000c00142d7                AcpiExPrepCommonFieldObject
                0x00000000c0014387                AcpiExPrepFieldValue
 .text          0x00000000c00147cc      0x54d acpica/exregion.32
                0x00000000c00147cc                AcpiExSystemMemorySpaceHandler
                0x00000000c0014b29                AcpiExSystemIoSpaceHandler
                0x00000000c0014bba                AcpiExPciConfigSpaceHandler
                0x00000000c0014c62                AcpiExCmosSpaceHandler
                0x00000000c0014c84                AcpiExPciBarSpaceHandler
                0x00000000c0014ca6                AcpiExDataTableSpaceHandler
 .text          0x00000000c0014d19      0x3a6 acpica/exresnte.32
                0x00000000c0014d19                AcpiExResolveNodeToValue
 .text          0x00000000c00150bf      0x698 acpica/exresolv.32
                0x00000000c001532d                AcpiExResolveToValue
                0x00000000c00153fb                AcpiExResolveMultiple
 .text          0x00000000c0015757      0x864 acpica/exresop.32
                0x00000000c00157ea                AcpiExResolveOperands
 .text          0x00000000c0015fbb      0x3f7 acpica/exserial.32
                0x00000000c0015fbb                AcpiExReadGpio
                0x00000000c001600a                AcpiExWriteGpio
                0x00000000c0016076                AcpiExReadSerialBus
                0x00000000c00161ec                AcpiExWriteSerialBus
 .text          0x00000000c00163b2      0x614 acpica/exstore.32
                0x00000000c00165ff                AcpiExStoreObjectToNode
                0x00000000c001681d                AcpiExStore
 .text          0x00000000c00169c6      0x2d9 acpica/exstoren.32
                0x00000000c00169c6                AcpiExResolveObject
                0x00000000c0016af6                AcpiExStoreObjectToObject
 .text          0x00000000c0016c9f      0x239 acpica/exstorob.32
                0x00000000c0016c9f                AcpiExStoreBufferToBuffer
                0x00000000c0016db0                AcpiExStoreStringToString
 .text          0x00000000c0016ed8      0x238 acpica/exsystem.32
                0x00000000c0016ed8                AcpiExSystemWaitSemaphore
                0x00000000c0016f3c                AcpiExSystemWaitMutex
                0x00000000c0016fa0                AcpiExSystemDoStall
                0x00000000c0016ff1                AcpiExSystemDoSleep
                0x00000000c001704e                AcpiExSystemSignalEvent
                0x00000000c0017081                AcpiExSystemWaitEvent
                0x00000000c00170c0                AcpiExSystemResetEvent
 .text          0x00000000c0017110      0x1fc acpica/extrace.32
                0x00000000c001717c                AcpiExTracePoint
                0x00000000c001718b                AcpiExStartTraceMethod
                0x00000000c001724c                AcpiExStopTraceMethod
                0x00000000c00172de                AcpiExStartTraceOpcode
                0x00000000c00172f5                AcpiExStopTraceOpcode
 .text          0x00000000c001730c      0x574 acpica/exutils.32
                0x00000000c001730c                AcpiExEnterInterpreter
                0x00000000c0017379                AcpiExExitInterpreter
                0x00000000c00173e6                AcpiExTruncateFor32bitTable
                0x00000000c001744e                AcpiExAcquireGlobalLock
                0x00000000c00174a8                AcpiExReleaseGlobalLock
                0x00000000c0017592                AcpiExEisaIdToString
                0x00000000c00176c8                AcpiExIntegerToString
                0x00000000c0017754                AcpiExPciClsToString
                0x00000000c0017853                AcpiIsValidSpaceId
 .text          0x00000000c0017880      0x1bb acpica/hwacpi.32
                0x00000000c0017880                AcpiHwGetMode
                0x00000000c00178df                AcpiHwSetMode
 .text          0x00000000c0017a3b      0x1d2 acpica/hwesleep.32
                0x00000000c0017a3b                AcpiHwExecuteSleepMethod
                0x00000000c0017aa7                AcpiHwExtendedSleep
                0x00000000c0017b6f                AcpiHwExtendedWakePrep
                0x00000000c0017bb2                AcpiHwExtendedWake
 .text          0x00000000c0017c0d      0x5cd acpica/hwgpe.32
                0x00000000c0017c0d                AcpiHwGetGpeRegisterBit
                0x00000000c0017c35                AcpiHwLowSetGpe
                0x00000000c0017d81                AcpiHwClearGpe
                0x00000000c0017dd4                AcpiHwGetGpeStatus
                0x00000000c0017fa6                AcpiHwDisableGpeBlock
                0x00000000c001800a                AcpiHwEnableRuntimeGpeBlock
                0x00000000c001810e                AcpiHwClearGpeBlock
                0x00000000c0018177                AcpiHwDisableAllGpes
                0x00000000c0018198                AcpiHwEnableAllRuntimeGpes
                0x00000000c00181b9                AcpiHwEnableAllWakeupGpes
 .text          0x00000000c00181da      0x394 acpica/hwpci.32
                0x00000000c001850a                AcpiHwDerivePciId
 .text          0x00000000c001856e      0xd0f acpica/hwregs.32
                0x00000000c00187b4                AcpiHwValidateRegister
                0x00000000c001890c                AcpiHwRead
                0x00000000c0018b37                AcpiHwWrite
                0x00000000c0018d25                AcpiHwGetBitRegisterInfo
                0x00000000c0018d61                AcpiHwWritePm1Control
                0x00000000c0018e8e                AcpiHwRegisterRead
                0x00000000c0019063                AcpiHwRegisterWrite
                0x00000000c001920a                AcpiHwClearAcpiStatus
 .text          0x00000000c001927d      0x2a5 acpica/hwsleep.32
                0x00000000c001927d                AcpiHwLegacySleep
                0x00000000c00193f1                AcpiHwLegacyWakePrep
                0x00000000c001948f                AcpiHwLegacyWake
 .text          0x00000000c0019522      0x120 acpica/hwtimer.32
                0x00000000c0019522                AcpiGetTimerResolution
                0x00000000c001954b                AcpiGetTimer
                0x00000000c0019596                AcpiGetTimerDuration
 .text          0x00000000c0019642      0x3a0 acpica/hwvalid.32
                0x00000000c00197d0                AcpiHwReadPort
                0x00000000c00198e8                AcpiHwWritePort
 .text          0x00000000c00199e2      0x4d7 acpica/hwxface.32
                0x00000000c00199e2                AcpiReset
                0x00000000c0019a7e                AcpiRead
                0x00000000c0019aa0                AcpiWrite
                0x00000000c0019ad6                AcpiReadBitRegister
                0x00000000c0019b5c                AcpiWriteBitRegister
                0x00000000c0019c93                AcpiGetSleepTypeData
 .text          0x00000000c0019eb9      0x1fa acpica/hwxfsleep.32
                0x00000000c0019eea                AcpiSetFirmwareWakingVector
                0x00000000c0019f29                AcpiEnterSleepStateS4bios
                0x00000000c0019fad                AcpiEnterSleepStatePrep
                0x00000000c001a047                AcpiEnterSleepState
                0x00000000c001a095                AcpiLeaveSleepStatePrep
                0x00000000c001a0a4                AcpiLeaveSleepState
 .text          0x00000000c001a0b3      0x8a3 acpica/nsaccess.32
                0x00000000c001a0b3                AcpiNsRootInitialize
                0x00000000c001a47b                AcpiNsLookup
 .text          0x00000000c001a956      0x4d4 acpica/nsalloc.32
                0x00000000c001a956                AcpiNsCreateNode
                0x00000000c001a997                AcpiNsDeleteNode
                0x00000000c001aa43                AcpiNsRemoveNode
                0x00000000c001aabc                AcpiNsInstallNode
                0x00000000c001ab89                AcpiNsDeleteChildren
                0x00000000c001ac09                AcpiNsDeleteNamespaceSubtree
                0x00000000c001acd8                AcpiNsDeleteNamespaceByOwner
 .text          0x00000000c001ae2a      0x41c acpica/nsarguments.32
                0x00000000c001ae2a                AcpiNsCheckArgumentTypes
                0x00000000c001af49                AcpiNsCheckAcpiCompliance
                0x00000000c001b0b8                AcpiNsCheckArgumentCount
 .text          0x00000000c001b246      0x673 acpica/nsconvert.32
                0x00000000c001b246                AcpiNsConvertToInteger
                0x00000000c001b36b                AcpiNsConvertToString
                0x00000000c001b488                AcpiNsConvertToBuffer
                0x00000000c001b60c                AcpiNsConvertToUnicode
                0x00000000c001b6e9                AcpiNsConvertToResource
                0x00000000c001b7a6                AcpiNsConvertToReference
 .text          0x00000000c001b8b9        0x0 acpica/nsdump.32
 .text          0x00000000c001b8b9        0x0 acpica/nsdumpdv.32
 .text          0x00000000c001b8b9      0x3d3 acpica/nseval.32
                0x00000000c001b8b9                AcpiNsEvaluate
 .text          0x00000000c001bc8c      0x750 acpica/nsinit.32
                0x00000000c001bed9                AcpiNsInitializeObjects
                0x00000000c001bf3e                AcpiNsInitializeDevices
                0x00000000c001c134                AcpiNsInitOnePackage
 .text          0x00000000c001c3dc       0xeb acpica/nsload.32
                0x00000000c001c3dc                AcpiNsLoadTable
 .text          0x00000000c001c4c7      0x644 acpica/nsnames.32
                0x00000000c001c4c7                AcpiNsHandleToName
                0x00000000c001c545                AcpiNsBuildNormalizedPath
                0x00000000c001c6dd                AcpiNsGetPathnameLength
                0x00000000c001c739                AcpiNsHandleToPathname
                0x00000000c001c7d8                AcpiNsGetNormalizedPathname
                0x00000000c001c869                AcpiNsGetExternalPathname
                0x00000000c001c9a0                AcpiNsBuildPrefixedPathname
 .text          0x00000000c001cb0b      0x4c7 acpica/nsobject.32
                0x00000000c001cb0b                AcpiNsDetachObject
                0x00000000c001cc0d                AcpiNsAttachObject
                0x00000000c001cd9f                AcpiNsGetAttachedObject
                0x00000000c001ce0c                AcpiNsGetSecondaryObject
                0x00000000c001ce42                AcpiNsAttachData
                0x00000000c001cef5                AcpiNsDetachData
                0x00000000c001cf7d                AcpiNsGetAttachedData
 .text          0x00000000c001cfd2      0x3ba acpica/nsparse.32
                0x00000000c001cfd2                AcpiNsExecuteTable
                0x00000000c001d1ac                AcpiNsOneCompleteParse
                0x00000000c001d36a                AcpiNsParseTable
 .text          0x00000000c001d38c      0x442 acpica/nspredef.32
                0x00000000c001d463                AcpiNsCheckObjectType
                0x00000000c001d698                AcpiNsCheckReturnValue
 .text          0x00000000c001d7ce      0xb0b acpica/nsprepkg.32
                0x00000000c001ddb7                AcpiNsCheckPackage
 .text          0x00000000c001e2d9      0x506 acpica/nsrepair.32
                0x00000000c001e347                AcpiNsRepairNullElement
                0x00000000c001e40f                AcpiNsRemoveNullElements
                0x00000000c001e4c2                AcpiNsWrapWithPackage
                0x00000000c001e517                AcpiNsSimpleRepair
 .text          0x00000000c001e7df      0xb1d acpica/nsrepair2.32
                0x00000000c001ec32                AcpiNsComplexRepairs
 .text          0x00000000c001f2fc      0x2c0 acpica/nssearch.32
                0x00000000c001f2fc                AcpiNsSearchOneScope
                0x00000000c001f3db                AcpiNsSearchAndEnter
 .text          0x00000000c001f5bc      0x903 acpica/nsutils.32
                0x00000000c001f5bc                AcpiNsPrintNodePathname
                0x00000000c001f645                AcpiNsGetType
                0x00000000c001f67e                AcpiNsLocal
                0x00000000c001f6ce                AcpiNsGetInternalNameLength
                0x00000000c001f7c3                AcpiNsBuildInternalName
                0x00000000c001f9b1                AcpiNsInternalizeName
                0x00000000c001fa55                AcpiNsExternalizeName
                0x00000000c001fce5                AcpiNsValidateHandle
                0x00000000c001fd0f                AcpiNsTerminate
                0x00000000c001fd61                AcpiNsOpensScope
                0x00000000c001fda2                AcpiNsGetNodeUnlocked
                0x00000000c001fe6d                AcpiNsGetNode
 .text          0x00000000c001febf      0x2ac acpica/nswalk.32
                0x00000000c001febf                AcpiNsGetNextNode
                0x00000000c001fed6                AcpiNsGetNextNodeTyped
                0x00000000c001ff33                AcpiNsWalkNamespace
 .text          0x00000000c002016b      0xa3c acpica/nsxfeval.32
                0x00000000c002041b                AcpiEvaluateObject
                0x00000000c0020711                AcpiEvaluateObjectTyped
                0x00000000c00208ac                AcpiWalkNamespace
                0x00000000c0020980                AcpiGetDevices
                0x00000000c00209ff                AcpiAttachData
                0x00000000c0020a90                AcpiDetachData
                0x00000000c0020b16                AcpiGetData
 .text          0x00000000c0020ba7      0x8eb acpica/nsxfname.32
                0x00000000c0020ba7                AcpiGetHandle
                0x00000000c0020c71                AcpiGetName
                0x00000000c0020d6a                AcpiGetObjectInfo
                0x00000000c0021210                AcpiInstallMethod
 .text          0x00000000c0021492      0x227 acpica/nsxfobj.32
                0x00000000c0021492                AcpiGetType
                0x00000000c0021533                AcpiGetParent
                0x00000000c00215d3                AcpiGetNextObject
 .text          0x00000000c00216b9      0xce2 acpica/psargs.32
                0x00000000c0021743                AcpiPsGetNextPackageEnd
                0x00000000c002176f                AcpiPsGetNextNamestring
                0x00000000c0021807                AcpiPsGetNextNamepath
                0x00000000c0021a83                AcpiPsGetNextSimpleArg
                0x00000000c0022025                AcpiPsGetNextArg
 .text          0x00000000c002239b      0x9cc acpica/psloop.32
                0x00000000c00225f5                AcpiPsParseLoop
 .text          0x00000000c0022d67      0xc2e acpica/psobject.32
                0x00000000c0022ec4                AcpiPsBuildNamedOp
                0x00000000c00230b4                AcpiPsCreateOp
                0x00000000c0023354                AcpiPsCompleteOp
                0x00000000c00237d5                AcpiPsCompleteFinalOp
 .text          0x00000000c0023995        0x0 acpica/psopcode.32
 .text          0x00000000c0023995       0x94 acpica/psopinfo.32
                0x00000000c0023995                AcpiPsGetOpcodeInfo
                0x00000000c00239ff                AcpiPsGetOpcodeName
                0x00000000c0023a13                AcpiPsGetArgumentCount
 .text          0x00000000c0023a29      0xa07 acpica/psparse.32
                0x00000000c0023a29                AcpiPsGetOpcodeSize
                0x00000000c0023a3f                AcpiPsPeekOpcode
                0x00000000c0023a8a                AcpiPsCompleteThisOp
                0x00000000c0023dfd                AcpiPsNextParseState
                0x00000000c0023f7a                AcpiPsParseAml
 .text          0x00000000c0024430      0x221 acpica/psscope.32
                0x00000000c0024430                AcpiPsGetParentScope
                0x00000000c002443b                AcpiPsHasCompletedScope
                0x00000000c002446e                AcpiPsInitScope
                0x00000000c00244e1                AcpiPsPushScope
                0x00000000c0024574                AcpiPsPopScope
                0x00000000c002460c                AcpiPsCleanupScope
 .text          0x00000000c0024651      0x25e acpica/pstree.32
                0x00000000c0024651                AcpiPsGetArg
                0x00000000c00246d5                AcpiPsAppendArg
                0x00000000c00247c4                AcpiPsGetDepthNext
 .text          0x00000000c00248af      0x1e5 acpica/psutils.32
                0x00000000c00248af                AcpiPsInitOp
                0x00000000c00248d2                AcpiPsAllocOp
                0x00000000c00249b3                AcpiPsCreateScopeOp
                0x00000000c00249ec                AcpiPsFreeOp
                0x00000000c0024a31                AcpiPsIsLeadingChar
                0x00000000c0024a56                AcpiPsGetName
                0x00000000c0024a75                AcpiPsSetName
 .text          0x00000000c0024a94       0xac acpica/pswalk.32
                0x00000000c0024a94                AcpiPsDeleteParseTree
 .text          0x00000000c0024b40      0x50d acpica/psxface.32
                0x00000000c0024b40                AcpiDebugTrace
                0x00000000c0024ba2                AcpiPsExecuteTable
                0x00000000c0024daa                AcpiPsExecuteMethod
 .text          0x00000000c002504d      0x10b acpica/rsaddr.32
                0x00000000c002504d                AcpiRsGetAddressCommon
                0x00000000c00250e0                AcpiRsSetAddressCommon
 .text          0x00000000c0025158      0x8c2 acpica/rscalc.32
                0x00000000c00251d5                AcpiRsGetAmlLength
                0x00000000c00254cd                AcpiRsGetListLength
                0x00000000c00258ce                AcpiRsGetPciRoutingTableLength
 .text          0x00000000c0025a1a      0x605 acpica/rscreate.32
                0x00000000c0025a1a                AcpiBufferToResource
                0x00000000c0025af1                AcpiRsCreateResourceList
                0x00000000c0025ba4                AcpiRsCreatePciRoutingTable
                0x00000000c0025f85                AcpiRsCreateAmlResources
 .text          0x00000000c002601f        0x0 acpica/rsdump.32
 .text          0x00000000c002601f        0x0 acpica/rsdumpinfo.32
 .text          0x00000000c002601f        0x0 acpica/rsinfo.32
 .text          0x00000000c002601f        0x0 acpica/rsio.32
 .text          0x00000000c002601f        0x0 acpica/rsirq.32
 .text          0x00000000c002601f      0x2da acpica/rslist.32
                0x00000000c002601f                AcpiRsConvertAmlToResources
                0x00000000c0026150                AcpiRsConvertResourcesToAml
 .text          0x00000000c00262f9        0x0 acpica/rsmemory.32
 .text          0x00000000c00262f9      0xf34 acpica/rsmisc.32
                0x00000000c00262f9                AcpiRsConvertAmlToResource
                0x00000000c0026b70                AcpiRsConvertResourceToAml
 .text          0x00000000c002722d        0x0 acpica/rsserial.32
 .text          0x00000000c002722d      0x6d6 acpica/rsutils.32
                0x00000000c002722d                AcpiRsDecodeBitmask
                0x00000000c0027285                AcpiRsEncodeBitmask
                0x00000000c00272df                AcpiRsMoveData
                0x00000000c00273ce                AcpiRsSetResourceLength
                0x00000000c002742c                AcpiRsSetResourceHeader
                0x00000000c00274b3                AcpiRsGetResourceSource
                0x00000000c00275aa                AcpiRsSetResourceSource
                0x00000000c002761e                AcpiRsGetPrtMethodData
                0x00000000c002767a                AcpiRsGetCrsMethodData
                0x00000000c00276d6                AcpiRsGetPrsMethodData
                0x00000000c0027732                AcpiRsGetAeiMethodData
                0x00000000c002778e                AcpiRsGetMethodData
                0x00000000c00277e9                AcpiRsSetSrsMethodData
 .text          0x00000000c0027903      0x74f acpica/rsxface.32
                0x00000000c0027a5f                AcpiGetIrqRoutingTable
                0x00000000c0027aab                AcpiGetCurrentResources
                0x00000000c0027af7                AcpiGetPossibleResources
                0x00000000c0027b43                AcpiSetCurrentResources
                0x00000000c0027bb2                AcpiGetEventResources
                0x00000000c0027bfe                AcpiResourceToAddress64
                0x00000000c0027e54                AcpiWalkResourceBuffer
                0x00000000c0027f2a                AcpiWalkResources
                0x00000000c0027ff2                AcpiGetVendorResource
 .text          0x00000000c0028052      0xe64 acpica/tbdata.32
                0x00000000c0028052                AcpiTbInitTableDescriptor
                0x00000000c00280c0                AcpiTbAcquireTable
                0x00000000c0028155                AcpiTbReleaseTable
                0x00000000c0028244                AcpiTbAcquireTempTable
                0x00000000c0028323                AcpiTbValidateTable
                0x00000000c002837c                AcpiTbInvalidateTable
                0x00000000c00283c3                AcpiTbReleaseTempTable
                0x00000000c00283da                AcpiTbValidateTempTable
                0x00000000c00284c7                AcpiTbVerifyTempTable
                0x00000000c00286ab                AcpiTbResizeRootTableList
                0x00000000c002886d                AcpiTbGetNextTableDescriptor
                0x00000000c00288f0                AcpiTbTerminate
                0x00000000c0028991                AcpiTbDeleteNamespaceByOwner
                0x00000000c0028a52                AcpiTbAllocateOwnerId
                0x00000000c0028abc                AcpiTbReleaseOwnerId
                0x00000000c0028b2a                AcpiTbGetOwnerId
                0x00000000c0028b93                AcpiTbIsTableLoaded
                0x00000000c0028bf9                AcpiTbSetTableLoadedFlag
                0x00000000c0028cc9                AcpiTbNotifyTable
                0x00000000c0028cf6                AcpiTbLoadTable
                0x00000000c0028d8f                AcpiTbInstallAndLoadTable
                0x00000000c0028e15                AcpiTbUnloadTable
 .text          0x00000000c0028eb6      0x96c acpica/tbfadt.32
                0x00000000c0029647                AcpiTbCreateLocalFadt
                0x00000000c00296ee                AcpiTbParseFadt
 .text          0x00000000c0029822      0x298 acpica/tbfind.32
                0x00000000c0029822                AcpiTbFindTable
 .text          0x00000000c0029aba      0x4e2 acpica/tbinstal.32
                0x00000000c0029aba                AcpiTbUninstallTable
                0x00000000c0029b2b                AcpiTbOverrideTable
                0x00000000c0029cdc                AcpiTbInstallTableWithOverride
                0x00000000c0029dcf                AcpiTbInstallStandardTable
 .text          0x00000000c0029f9c      0x2ec acpica/tbprint.32
                0x00000000c002a047                AcpiTbPrintTableHeader
                0x00000000c002a1c4                AcpiTbChecksum
                0x00000000c002a1ff                AcpiTbVerifyChecksum
 .text          0x00000000c002a288      0x66b acpica/tbutils.32
                0x00000000c002a288                AcpiTbInitializeFacs
                0x00000000c002a32c                AcpiTbCheckDsdtHeader
                0x00000000c002a3b5                AcpiTbCopyDsdt
                0x00000000c002a52d                AcpiTbParseRootTable
                0x00000000c002a7fe                AcpiTbGetTable
                0x00000000c002a888                AcpiTbPutTable
 .text          0x00000000c002a8f3      0x68b acpica/tbxface.32
                0x00000000c002a8f3                AcpiAllocateRootTable
                0x00000000c002a90f                AcpiInitializeTables
                0x00000000c002a9e9                AcpiReallocateRootTable
                0x00000000c002ab48                AcpiGetTableHeader
                0x00000000c002acdd                AcpiGetTable
                0x00000000c002adac                AcpiPutTable
                0x00000000c002ae34                AcpiGetTableByIndex
                0x00000000c002aeb9                AcpiInstallTableHandler
                0x00000000c002af22                AcpiRemoveTableHandler
 .text          0x00000000c002af7e      0x571 acpica/tbxfload.32
                0x00000000c002af7e                AcpiTbLoadNamespace
                0x00000000c002b243                AcpiLoadTables
                0x00000000c002b2d3                AcpiInstallTable
                0x00000000c002b331                AcpiLoadTable
                0x00000000c002b39a                AcpiUnloadParentTable
                0x00000000c002b4c3                AcpiUnloadTable
 .text          0x00000000c002b4ef      0x310 acpica/tbxfroot.32
                0x00000000c002b4ef                AcpiTbGetRsdpLength
                0x00000000c002b531                AcpiTbValidateRsdp
                0x00000000c002b5a2                AcpiTbScanMemoryForRsdp
                0x00000000c002b5f5                AcpiFindRootPointer
 .text          0x00000000c002b7ff      0x37f acpica/utaddress.32
                0x00000000c002b7ff                AcpiUtAddAddressRange
                0x00000000c002b8bd                AcpiUtRemoveAddressRange
                0x00000000c002b959                AcpiUtCheckAddressRange
                0x00000000c002bb19                AcpiUtDeleteAddressLists
 .text          0x00000000c002bb7e      0x2ae acpica/utalloc.32
                0x00000000c002bb7e                AcpiOsAllocateZeroed
                0x00000000c002bbb8                AcpiUtCreateCaches
                0x00000000c002bc8a                AcpiUtDeleteCaches
                0x00000000c002bd1d                AcpiUtValidateBuffer
                0x00000000c002bd67                AcpiUtInitializeBuffer
 .text          0x00000000c002be2c       0xfe acpica/utascii.32
                0x00000000c002be2c                AcpiUtValidNameChar
                0x00000000c002be6f                AcpiUtValidNameseg
                0x00000000c002beb4                AcpiUtCheckAndRepairAscii
 .text          0x00000000c002bf2a      0x2fe acpica/utbuffer.32
                0x00000000c002bf2a                AcpiUtDumpBuffer
                0x00000000c002c1ed                AcpiUtDebugDumpBuffer
 .text          0x00000000c002c228      0x317 acpica/utcache.32
                0x00000000c002c228                AcpiOsCreateCache
                0x00000000c002c2c1                AcpiOsPurgeCache
                0x00000000c002c34c                AcpiOsDeleteCache
                0x00000000c002c387                AcpiOsReleaseObject
                0x00000000c002c44a                AcpiOsAcquireObject
 .text          0x00000000c002c53f      0x7c7 acpica/utclib.32
                0x00000000c002c53f                memcmp
                0x00000000c002c5a3                memmove
                0x00000000c002c628                memcpy
                0x00000000c002c6b2                memset
                0x00000000c002c6e2                strlen
                0x00000000c002c709                strpbrk
                0x00000000c002c753                strtok
                0x00000000c002c7ec                strcpy
                0x00000000c002c826                strncpy
                0x00000000c002c888                strcmp
                0x00000000c002c8cc                strchr
                0x00000000c002c8f5                strncmp
                0x00000000c002c955                strcat
                0x00000000c002c99f                strncat
                0x00000000c002ca09                strstr
                0x00000000c002ca66                toupper
                0x00000000c002ca8a                tolower
                0x00000000c002caae                simple_strtoul
 .text          0x00000000c002cd06      0xc0f acpica/utcopy.32
                0x00000000c002d0c8                AcpiUtCopyIobjectToEobject
                0x00000000c002d32a                AcpiUtCopyEobjectToIobject
                0x00000000c002d86c                AcpiUtCopyIobjectToIobject
 .text          0x00000000c002d915        0x0 acpica/utdebug.32
 .text          0x00000000c002d915      0x1c7 acpica/utdecode.32
                0x00000000c002d915                AcpiUtGetRegionName
                0x00000000c002d963                AcpiUtGetEventName
                0x00000000c002d97c                AcpiUtGetTypeName
                0x00000000c002d995                AcpiUtGetObjectTypeName
                0x00000000c002d9d2                AcpiUtGetNodeName
                0x00000000c002da34                AcpiUtGetDescriptorName
                0x00000000c002da64                AcpiUtGetReferenceName
                0x00000000c002dab6                AcpiUtGetMutexName
                0x00000000c002dacf                AcpiUtValidObjectType
 .text          0x00000000c002dadc      0x908 acpica/utdelete.32
                0x00000000c002dadc                AcpiUtRemoveReference
                0x00000000c002e086                AcpiUtUpdateObjectReference
                0x00000000c002e370                AcpiUtAddReference
                0x00000000c002e3a2                AcpiUtDeleteInternalObjectList
 .text          0x00000000c002e3e4      0x2c2 acpica/uterror.32
                0x00000000c002e3e4                AcpiUtPredefinedWarning
                0x00000000c002e44d                AcpiUtPredefinedInfo
                0x00000000c002e4b6                AcpiUtPredefinedBiosError
                0x00000000c002e51f                AcpiUtPrefixedNamespaceError
                0x00000000c002e5ff                AcpiUtMethodError
 .text          0x00000000c002e6a6      0x374 acpica/uteval.32
                0x00000000c002e6a6                AcpiUtEvaluateObject
                0x00000000c002e8a7                AcpiUtEvaluateNumericObject
                0x00000000c002e8fd                AcpiUtExecute_STA
                0x00000000c002e96c                AcpiUtExecutePowerMethods
 .text          0x00000000c002ea1a      0x140 acpica/utexcep.32
                0x00000000c002ea1a                AcpiUtValidateException
                0x00000000c002eb14                AcpiFormatException
 .text          0x00000000c002eb5a        0x0 acpica/utglobal.32
 .text          0x00000000c002eb5a       0xe5 acpica/uthex.32
                0x00000000c002eb5a                AcpiUtHexToAsciiChar
                0x00000000c002ebac                AcpiUtAsciiCharToHex
                0x00000000c002ebd2                AcpiUtAsciiToHexByte
 .text          0x00000000c002ec3f      0x577 acpica/utids.32
                0x00000000c002ec3f                AcpiUtExecute_HID
                0x00000000c002ed30                AcpiUtExecute_UID
                0x00000000c002ee21                AcpiUtExecute_CID
                0x00000000c002f05d                AcpiUtExecute_CLS
 .text          0x00000000c002f1b6      0x368 acpica/utinit.32
                0x00000000c002f250                AcpiUtInitGlobals
                0x00000000c002f4c2                AcpiUtSubsystemShutdown
 .text          0x00000000c002f51e      0x1e7 acpica/utlock.32
                0x00000000c002f51e                AcpiUtCreateRwLock
                0x00000000c002f574                AcpiUtDeleteRwLock
                0x00000000c002f5c1                AcpiUtAcquireReadLock
                0x00000000c002f646                AcpiUtReleaseReadLock
                0x00000000c002f6c1                AcpiUtAcquireWriteLock
                0x00000000c002f6e9                AcpiUtReleaseWriteLock
 .text          0x00000000c002f705      0x238 acpica/utmath.32
                0x00000000c002f705                AcpiUtShortMultiply
                0x00000000c002f753                AcpiUtShortShiftLeft
                0x00000000c002f79f                AcpiUtShortShiftRight
                0x00000000c002f7eb                AcpiUtShortDivide
                0x00000000c002f888                AcpiUtDivide
 .text          0x00000000c002f93d      0x310 acpica/utmisc.32
                0x00000000c002f93d                AcpiUtIsPciRootBridge
                0x00000000c002f97a                AcpiUtDwordByteSwap
                0x00000000c002f9ad                AcpiUtSetIntegerWidth
                0x00000000c002f9ee                AcpiUtCreateUpdateStateAndPush
                0x00000000c002fa4b                AcpiUtWalkPackageTree
 .text          0x00000000c002fc4d      0x3a9 acpica/utmutex.32
                0x00000000c002fcbe                AcpiUtMutexInitialize
                0x00000000c002fdfb                AcpiUtMutexTerminate
                0x00000000c002fe7b                AcpiUtAcquireMutex
                0x00000000c002ff45                AcpiUtReleaseMutex
 .text          0x00000000c002fff6       0xe6 acpica/utnonansi.32
                0x00000000c002fff6                AcpiUtStrlwr
                0x00000000c003003c                AcpiUtStrupr
                0x00000000c0030082                AcpiUtStricmp
 .text          0x00000000c00300dc      0x689 acpica/utobject.32
                0x00000000c00300dc                AcpiUtValidInternalObject
                0x00000000c00300fc                AcpiUtAllocateObjectDescDbg
                0x00000000c003014a                AcpiUtDeleteObjectDesc
                0x00000000c00301a2                AcpiUtCreateInternalObjectDbg
                0x00000000c003025c                AcpiUtCreatePackageObject
                0x00000000c00302da                AcpiUtCreateIntegerObject
                0x00000000c003032f                AcpiUtCreateBufferObject
                0x00000000c00303e5                AcpiUtCreateStringObject
                0x00000000c0030714                AcpiUtGetObjectSize
 .text          0x00000000c0030765      0x55c acpica/utosi.32
                0x00000000c0030765                AcpiUtInitializeInterfaces
                0x00000000c00307f6                AcpiUtInterfaceTerminate
                0x00000000c00308dc                AcpiUtInstallInterface
                0x00000000c003097f                AcpiUtRemoveInterface
                0x00000000c0030a69                AcpiUtUpdateInterfaces
                0x00000000c0030b04                AcpiUtGetInterface
                0x00000000c0030b4d                AcpiUtOsiImplementation
 .text          0x00000000c0030cc1      0x270 acpica/utownerid.32
                0x00000000c0030cc1                AcpiUtAllocateOwnerId
                0x00000000c0030e40                AcpiUtReleaseOwnerId
 .text          0x00000000c0030f31      0x111 acpica/utpredef.32
                0x00000000c0030f31                AcpiUtGetNextPredefinedMethod
                0x00000000c0030f5c                AcpiUtMatchPredefinedMethod
                0x00000000c0030fb3                AcpiUtGetExpectedReturnTypes
 .text          0x00000000c0031042      0xbe5 acpica/utprint.32
                0x00000000c0031188                AcpiUtScanNumber
                0x00000000c0031218                AcpiUtPrintNumber
                0x00000000c00315e2                vsnprintf
                0x00000000c0031bc9                snprintf
                0x00000000c0031bf9                sprintf
 .text          0x00000000c0031c27        0x0 acpica/utresdecode.32
 .text          0x00000000c0031c27      0x404 acpica/utresrc.32
                0x00000000c0031c27                AcpiUtGetResourceType
                0x00000000c0031c42                AcpiUtGetResourceLength
                0x00000000c0031c7a                AcpiUtValidateResource
                0x00000000c0031e35                AcpiUtGetResourceHeaderLength
                0x00000000c0031e45                AcpiUtGetDescriptorLength
                0x00000000c0031e68                AcpiUtWalkAmlResources
                0x00000000c0031fda                AcpiUtGetResourceEndTag
 .text          0x00000000c003202b      0x1f1 acpica/utstate.32
                0x00000000c003202b                AcpiUtPushGenericState
                0x00000000c0032043                AcpiUtPopGenericState
                0x00000000c003206b                AcpiUtCreateGenericState
                0x00000000c003209a                AcpiUtCreateThreadState
                0x00000000c0032123                AcpiUtCreateUpdateState
                0x00000000c003216d                AcpiUtCreatePkgState
                0x00000000c00321c3                AcpiUtCreateControlState
                0x00000000c00321f7                AcpiUtDeleteGenericState
 .text          0x00000000c003221c      0x290 acpica/utstring.32
                0x00000000c003221c                AcpiUtPrintString
                0x00000000c00323fe                AcpiUtRepairName
 .text          0x00000000c00324ac      0x478 acpica/utstrsuppt.32
                0x00000000c00324ac                AcpiUtRemoveLeadingZeros
                0x00000000c00324d2                AcpiUtRemoveWhitespace
                0x00000000c0032507                AcpiUtRemoveHexPrefix
                0x00000000c0032547                AcpiUtDetectHexPrefix
                0x00000000c0032579                AcpiUtDetectOctalPrefix
                0x00000000c0032785                AcpiUtConvertOctalString
                0x00000000c003280c                AcpiUtConvertDecimalString
                0x00000000c003289b                AcpiUtConvertHexString
 .text          0x00000000c0032924      0x262 acpica/utstrtoul64.32
                0x00000000c0032924                AcpiUtStrtoul64
                0x00000000c0032a4d                AcpiUtImplicitStrtoul64
                0x00000000c0032ad1                AcpiUtExplicitStrtoul64
 .text          0x00000000c0032b86        0x0 acpica/uttrack.32
 .text          0x00000000c0032b86        0x0 acpica/utuuid.32
 .text          0x00000000c0032b86      0x6cd acpica/utxface.32
                0x00000000c0032b86                AcpiTerminate
                0x00000000c0032ba4                AcpiSubsystemStatus
                0x00000000c0032bbc                AcpiGetSystemInfo
                0x00000000c0032c83                AcpiGetStatistics
                0x00000000c0032cdd                AcpiInstallInitializationHandler
                0x00000000c0032d08                AcpiPurgeCachedObjects
                0x00000000c0032d58                AcpiInstallInterface
                0x00000000c0032e28                AcpiRemoveInterface
                0x00000000c0032ea3                AcpiInstallInterfaceHandler
                0x00000000c0032f0d                AcpiUpdateInterfaces
                0x00000000c0032f71                AcpiCheckAddressRange
                0x00000000c0032ff0                AcpiDecodePldBuffer
 .text          0x00000000c0033253      0x26a acpica/utxferror.32
                0x00000000c0033253                AcpiError
                0x00000000c00332a1                AcpiException
                0x00000000c0033318                AcpiWarning
                0x00000000c0033366                AcpiInfo
                0x00000000c00333aa                AcpiBiosError
                0x00000000c00333f8                AcpiBiosException
                0x00000000c003346f                AcpiBiosWarning
 .text          0x00000000c00334bd      0x246 acpica/utxfinit.32
                0x00000000c00334bd                AcpiInitializeSubsystem
                0x00000000c00335ce                AcpiEnableSubsystem
                0x00000000c00336ad                AcpiInitializeObjects
 .text          0x00000000c0033703      0x14f acpica/utxfmutex.32
                0x00000000c00337ac                AcpiAcquireMutex
                0x00000000c0033808                AcpiReleaseMutex
 .text          0x00000000c0033852      0xf4f core/malloc.32
                0x00000000c00339c3                dlfree
                0x00000000c0033ab3                dlmalloc
                0x00000000c0034200                dlrealloc
                0x00000000c00343b5                dlmemalign
                0x00000000c00344d8                dlcalloc
                0x00000000c0034572                dlcfree
                0x00000000c0034577                dlindependent_calloc
                0x00000000c003459c                dlindependent_comalloc
                0x00000000c00345b3                dlvalloc
                0x00000000c00345d9                dlpvalloc
                0x00000000c003460a                dlmalloc_trim
                0x00000000c0034612                dlmalloc_usable_size
                0x00000000c0034643                dlmallinfo
                0x00000000c003470b                dlmalloc_stats
                0x00000000c003471c                dlmallopt
 .text          0x00000000c00347a1        0x0 libk/string.32
 .text          0x00000000c00347a1       0x51 fs/fat/diskio.32
                0x00000000c00347a1                disk_status
                0x00000000c00347a4                disk_initialize
                0x00000000c00347a7                disk_read
                0x00000000c00347bd                disk_write
                0x00000000c00347d3                disk_ioctl
 .text          0x00000000c00347f2     0x66ce fs/fat/ff.32
                0x00000000c0037498                f_mount
                0x00000000c00374fa                f_open
                0x00000000c0037950                f_read
                0x00000000c0037ba2                f_write
                0x00000000c0037e31                f_sync
                0x00000000c0038036                f_close
                0x00000000c0038065                f_lseek
                0x00000000c0038543                f_opendir
                0x00000000c0038645                f_closedir
                0x00000000c0038667                f_readdir
                0x00000000c0038702                f_stat
                0x00000000c0038791                f_getfree
                0x00000000c003894c                f_truncate
                0x00000000c0038a44                f_unlink
                0x00000000c0038bc7                f_mkdir
                0x00000000c0038dd5                f_rename
                0x00000000c00390b1                f_chmod
                0x00000000c003918f                f_utime
                0x00000000c003926d                f_getlabel
                0x00000000c003940c                f_setlabel
                0x00000000c003965c                f_forward
                0x00000000c0039833                f_mkfs
 .text          0x00000000c003aec0        0xa fs/fat/ffsystem.32
                0x00000000c003aec0                ff_memalloc
                0x00000000c003aec5                ff_memfree
 .text          0x00000000c003aeca      0x147 fs/fat/ffunicode.32
                0x00000000c003aeca                ff_uni2oem
                0x00000000c003af14                ff_oem2uni
                0x00000000c003af41                ff_wtoupper
 .text          0x00000000c003b011      0x71d hal/libresample/samplerate.32
                0x00000000c003b011                src_delete
                0x00000000c003b04d                src_process
                0x00000000c003b196                src_callback_read
                0x00000000c003b31f                src_set_ratio
                0x00000000c003b37f                src_get_channels
                0x00000000c003b3a1                src_reset
                0x00000000c003b3e5                src_new
                0x00000000c003b4aa                src_callback_new
                0x00000000c003b50c                src_get_name
                0x00000000c003b543                src_get_description
                0x00000000c003b57a                src_get_version
                0x00000000c003b580                src_is_valid_ratio
                0x00000000c003b5a8                src_error
                0x00000000c003b5b6                src_strerror
                0x00000000c003b5c9                src_simple
                0x00000000c003b61c                src_short_to_float_array
                0x00000000c003b642                src_float_to_short_array
                0x00000000c003b6a6                src_int_to_float_array
                0x00000000c003b6cc                src_float_to_int_array
 .text          0x00000000c003b72e      0x3c9 hal/libresample/src_linear.32
                0x00000000c003ba52                linear_get_name
                0x00000000c003ba61                linear_get_description
                0x00000000c003ba70                linear_set_converter
 *fill*         0x00000000c003baf7        0x1 
 .text          0x00000000c003baf8     0x1a94 hal/libresample/src_sinc.32
                0x00000000c003d39c                sinc_get_name
                0x00000000c003d3af                sinc_get_description
                0x00000000c003d3c2                sinc_set_converter
 .text          0x00000000c003d58c      0x397 hal/libresample/src_zoh.32
                0x00000000c003d87e                zoh_get_name
                0x00000000c003d88d                zoh_get_description
                0x00000000c003d89c                zoh_set_converter
 *fill*         0x00000000c003d923        0x1 
 .text          0x00000000c003d924      0xb6d acpica/osl.32
                0x00000000c003d924                Subhandler
                0x00000000c003d934                isalnum
                0x00000000c003d95c                isalpha
                0x00000000c003d970                isblank
                0x00000000c003d98c                iscntrl
                0x00000000c003d9a8                isdigit
                0x00000000c003d9bc                islower
                0x00000000c003d9d0                ispunct
                0x00000000c003da0c                isgraph
                0x00000000c003da3c                isprint
                0x00000000c003da5c                isspace
                0x00000000c003da80                isupper
                0x00000000c003da94                isxdigit
                0x00000000c003dab8                AcpiOsInitialize
                0x00000000c003dabc                AcpiOsTerminate
                0x00000000c003dac0                AcpiOsGetRootPointer
                0x00000000c003daec                AcpiOsPredefinedOverride
                0x00000000c003db10                AcpiOsTableOverride
                0x00000000c003db20                AcpiOsPhysicalTableOverride
                0x00000000c003db34                AcpiOsReadPort
                0x00000000c003db80                AcpiOsWritePort
                0x00000000c003dbb4                AcpiOsGetTimer
                0x00000000c003dbd0                AcpiOsWaitEventsComplete
                0x00000000c003dbe4                AcpiOsReadPciConfiguration
                0x00000000c003dc58                AcpiOsWritePciConfiguration
                0x00000000c003dce4                AcpiOsSignal
                0x00000000c003dd18                AcpiOsReadMemory
                0x00000000c003ddb0                AcpiOsEnterSleep
                0x00000000c003ddb4                AcpiOsWriteMemory
                0x00000000c003de34                AcpiOsMapMemory
                0x00000000c003def0                AcpiOsUnmapMemory
                0x00000000c003def4                AcpiOsGetPhysicalAddress
                0x00000000c003df1c                AcpiOsAllocate
                0x00000000c003df24                AcpiOsFree
                0x00000000c003df2c                AcpiOsReadable
                0x00000000c003df40                AcpiOsWritable
                0x00000000c003df54                AcpiOsGetThreadId
                0x00000000c003df5c                AcpiOsExecute
                0x00000000c003df70                AcpiOsSleep
                0x00000000c003df90                AcpiOsStall
                0x00000000c003dfe0                AcpiOsCreateSemaphore
                0x00000000c003e010                AcpiOsDeleteSemaphore
                0x00000000c003e024                AcpiOsWaitSemaphore
                0x00000000c003e0cc                AcpiOsSignalSemaphore
                0x00000000c003e0f8                AcpiOsCreateLock
                0x00000000c003e114                AcpiOsDeleteLock
                0x00000000c003e118                AcpiOsAcquireLock
                0x00000000c003e120                AcpiOsReleaseLock
                0x00000000c003e128                AcpiOsInstallInterruptHandler
                0x00000000c003e168                AcpiOsRemoveInterruptHandler
                0x00000000c003e17c                __i__int_str
                0x00000000c003e410                __i_displayCharacter
                0x00000000c003e434                __i_displayString
                0x00000000c003e488                __i_internal_printf
                0x00000000c003e48c                AcpiOsVprintf
                0x00000000c003e490                AcpiOsPrintf
 *fill*         0x00000000c003e491        0x3 
 .text          0x00000000c003e494      0x67b core/computer.32
                0x00000000c003e494                Computer::close(int, int, void*)
                0x00000000c003e4d8                Computer::Computer()
                0x00000000c003e4d8                Computer::Computer()
                0x00000000c003e568                Computer::setBootMessage(char const*)
                0x00000000c003e56c                Computer::start()
                0x00000000c003e6d8                firstTask()
                0x00000000c003e6e8                Computer::detectFeatures()
                0x00000000c003e8c8                Computer::open(int, int, void*)
                0x00000000c003e990                Computer::displayFeatures()
                0x00000000c003e994                Computer::rdmsr(unsigned int)
                0x00000000c003e9c4                Computer::wrmsr(unsigned int, unsigned long long)
                0x00000000c003ea00                Computer::nmiEnabled()
                0x00000000c003ea0c                Computer::enableNMI(bool)
                0x00000000c003ea2c                Computer::disableNMI()
                0x00000000c003ea40                Computer::readCMOS(unsigned char)
                0x00000000c003ea5c                Computer::writeCMOS(unsigned char, unsigned char)
                0x00000000c003ea7c                Computer::handleNMI()
                0x00000000c003eae4                Computer::setDiskActivityLight(int, bool)
 .text          0x00000000c003eb0f      0xe6e core/elf.32
                0x00000000c003eb0f                allocateMemoryForTask(Process*, File*, unsigned long, unsigned long, unsigned long)
                0x00000000c003ed99                loadProgramIntoMemory(Process*, char const*)
                0x00000000c003efbe                runtimeReferenceHelper()
                0x00000000c003efd1                getAddressOfKernelSymbol(char const*)
                0x00000000c003f020                loadKernelSymbolTable(char const*)
                0x00000000c003f2e4                loadDriverIntoMemory(char const*, unsigned long)
                0x00000000c003f8a6                loadDLL(char const*)
                0x00000000c003f96f                executeDLL(unsigned long, void*)
 *fill*         0x00000000c003f97d        0x3 
 .text          0x00000000c003f980       0xea core/gdt.32
                0x00000000c003f980                GDTEntry::setBase(unsigned int)
                0x00000000c003f99c                GDTEntry::setLimit(unsigned int)
                0x00000000c003f9bc                GDT::GDT()
                0x00000000c003f9bc                GDT::GDT()
                0x00000000c003f9c8                GDT::addEntry(GDTEntry)
                0x00000000c003f9ea                GDT::getNumberOfEntries()
                0x00000000c003f9f2                GDT::flush()
                0x00000000c003fa14                GDT::setup()
 .text          0x00000000c003fa6a       0x75 core/idle.32
                0x00000000c003fa6a                idleFunction(void*)
 *fill*         0x00000000c003fadf        0x1 
 .text          0x00000000c003fae0      0x3a5 core/idt.32
                0x00000000c003fae0                IDTEntry::IDTEntry(bool)
                0x00000000c003fae0                IDTEntry::IDTEntry(bool)
                0x00000000c003fb0c                IDTEntry::setOffset(unsigned int)
                0x00000000c003fb20                IDT::IDT()
                0x00000000c003fb20                IDT::IDT()
                0x00000000c003fb22                IDT::getPointerToInvalidOpcodeEntryForF00F()
                0x00000000c003fb2a                IDT::addEntry(IDTEntry, int)
                0x00000000c003fb44                IDT::addEntry(int, void (*)(), bool)
                0x00000000c003fb86                IDT::flush()
                0x00000000c003fba0                IDT::setup()
 *fill*         0x00000000c003fe85        0x3 
 .text          0x00000000c003fe88      0x6a8 core/kconsole.32
                0x00000000c003fe88                stringifyxWithBase(unsigned int, char*, int)
                0x00000000c003fef0                logc(char)
                0x00000000c003ff0c                logs(char*)
                0x00000000c003ff40                logWriteInt(unsigned int)
                0x00000000c003ffd8                logWriteIntBase(unsigned int, int)
                0x00000000c004006c                kprintf(char const*, ...)
                0x00000000c00401e4                panic(char const*)
 .text          0x00000000c0040530      0x1e4 core/kheap.32
                0x00000000c0040530                sbrk
                0x00000000c004061f                mmap
                0x00000000c0040635                munmap
                0x00000000c004064b                liballoc_lock()
                0x00000000c004065c                liballoc_unlock()
                0x00000000c004066d                liballoc_alloc(int)
                0x00000000c0040688                liballoc_free(void*, int)
                0x00000000c00406a6                realloc
                0x00000000c00406ba                malloc
                0x00000000c00406ca                free
                0x00000000c00406da                rfree
                0x00000000c00406ea                calloc
 .text          0x00000000c0040714      0x3ef core/main.32
                0x00000000c0040714                hwTextMode_loadInData(VgaText*)
                0x00000000c0040760                hwTextMode_loadInTitle(VgaText*, char*)
                0x00000000c00407a4                hwTextMode_update(VgaText*)
                0x00000000c00407a8                hwTextMode_updateCursor(VgaText*)
                0x00000000c00407f0                hwTextMode_scrollScreen(VgaText*)
                0x00000000c0040878                hwTextMode_writeCharacter(VgaText*, char, VgaColour, VgaColour, int, int)
                0x00000000c00408d8                hwTextMode_showCursor(VgaText*, bool)
                0x00000000c0040930                hwTextMode_disableBlink(VgaText*, bool)
                0x00000000c004096c                setupTextMode()
                0x00000000c00409c0                kernel_main
 *fill*         0x00000000c0040b03        0x1 
 .text          0x00000000c0040b04      0x534 core/physmgr.32
                0x00000000c0040b04                PhysMem::allocateDMA(unsigned long)
                0x00000000c0040bb0                PhysMem::freeDMA(unsigned long, unsigned long)
                0x00000000c0040bfc                PhysMem::setPageState(unsigned long, bool)
                0x00000000c0040c30                PhysMem::getPageState(unsigned long)
                0x00000000c0040c4c                PhysMem::freePage(unsigned long)
                0x00000000c0040d00                PhysMem::allocatePage()
                0x00000000c0040de4                PhysMem::allowSegmentToBeUsed(unsigned long, unsigned long)
                0x00000000c0040e30                PhysMem::physicalMemorySetup(unsigned int)
 .text          0x00000000c0041038      0x235 core/pipe.32
                0x00000000c0041038                Pipe::isAtty()
                0x00000000c004103c                Pipe::~Pipe()
                0x00000000c004103c                Pipe::~Pipe()
                0x00000000c004104c                Pipe::~Pipe()
                0x00000000c0041070                Pipe::read(unsigned long long, void*, int*)
                0x00000000c0041164                Pipe::write(unsigned long long, void*, int*)
                0x00000000c004122c                Pipe::Pipe(int)
                0x00000000c004122c                Pipe::Pipe(int)
 *fill*         0x00000000c004126d        0x1 
 .text          0x00000000c004126e     0x16ac core/prcssthr.32
                0x00000000c004126e                userModeEntryPoint(void*)
                0x00000000c0041294                changeTSS
                0x00000000c00412c2                Process::createThread(void (*)(void*), void*, int)
                0x00000000c0041422                Process::createUserThread()
                0x00000000c004143e                Process::addArgs(char**)
                0x00000000c0041498                Process::Process(char const*, Process*, char**)
                0x00000000c0041498                Process::Process(char const*, Process*, char**)
                0x00000000c00415ea                Process::Process(bool, char const*, Process*, char**)
                0x00000000c00415ea                Process::Process(bool, char const*, Process*, char**)
                0x00000000c0041724                setupMultitasking(void (*)())
                0x00000000c00418c5                disableIRQs()
                0x00000000c00418cd                getIRQNestingLevel()
                0x00000000c00418d3                enableIRQs()
                0x00000000c00418e2                lockScheduler()
                0x00000000c00418e4                unlockScheduler()
                0x00000000c00418f3                lockStuff()
                0x00000000c0041901                taskStartupFunction
                0x00000000c004190a                updateTimeUsed()
                0x00000000c004199e                switchToThread(ThreadControlBlock*)
                0x00000000c00419b9                schedule()
                0x00000000c0041ba6                unlockStuff()
                0x00000000c0041be2                forkProcess(regs*)
                0x00000000c0041de3                blockTaskWithSchedulerLockAlreadyHeld(TaskState)
                0x00000000c0041e31                blockTask(TaskState)
                0x00000000c0041e5e                waitTask(int, int*, int)
                0x00000000c0041f6f                execveProcess(char const*, char* const*, char* const*)
                0x00000000c004201b                unblockTask(ThreadControlBlock*)
                0x00000000c0042106                cleanupTerminatedTask(ThreadControlBlock*)
                0x00000000c00424bf                cleanerTaskFunction(void*)
                0x00000000c00425e5                terminateTask(int)
                0x00000000c00426f0                nanoSleepUntil(unsigned long long)
                0x00000000c004270e                nanoSleep(unsigned long long)
                0x00000000c004273a                sleep(unsigned long long)
                0x00000000c0042771                taskReturned
                0x00000000c00427b8                Semaphore::Semaphore(int)
                0x00000000c00427b8                Semaphore::Semaphore(int)
                0x00000000c00427d8                Semaphore::tryAcquire()
                0x00000000c004280e                Semaphore::assertLocked(char const*)
                0x00000000c004284a                Semaphore::acquire()
                0x00000000c00428ba                Semaphore::release()
                0x00000000c00428fa                Mutex::Mutex()
                0x00000000c00428fa                Mutex::Mutex()
 *fill*         0x00000000c004291a        0x2 
 .text          0x00000000c004291c      0xe76 core/syscalls.32
                0x00000000c004291c                sysCallGetPID(regs*)
                0x00000000c0042928                sysCallSeekDir(regs*)
                0x00000000c0042930                sysCallVerify(regs*)
                0x00000000c004293c                sysCallGetArgc(regs*)
                0x00000000c004294c                sysFormatDisk(regs*)
                0x00000000c00429b8                sysSetDiskVolumeLabel(regs*)
                0x00000000c0042a00                sysGetDiskVolumeLabel(regs*)
                0x00000000c0042a54                sysCallWrite(regs*)
                0x00000000c0042ac4                sysCallRead(regs*)
                0x00000000c0042b34                sysCallReadDir(regs*)
                0x00000000c0042ba4                sysCallIsATTY(regs*)
                0x00000000c0042bfc                sysCallGetCwd(regs*)
                0x00000000c0042c1c                sysCallSetCwd(regs*)
                0x00000000c0042c38                sysCallRealpath(regs*)
                0x00000000c0042c7c                sysCallSeek(regs*)
                0x00000000c0042cd0                sysCallTell(regs*)
                0x00000000c0042d20                sysCallSizeFromFilename(regs*)
                0x00000000c0042d9c                sysCallSize(regs*)
                0x00000000c0042df0                sysCallClose(regs*)
                0x00000000c0042e40                sysCallMakeDir(regs*)
                0x00000000c0042e9c                sysCallCloseDir(regs*)
                0x00000000c0042eec                sysCallWait(regs*)
                0x00000000c0042f08                sysCallFork(regs*)
                0x00000000c0042f24                sysCallExecve(regs*)
                0x00000000c0042f7c                sysCallRmdir(regs*)
                0x00000000c0042fd0                sysCallUnlink(regs*)
                0x00000000c0042fd4                sysCallGetArgv(regs*)
                0x00000000c0043024                sysCallUSleep(regs*)
                0x00000000c004304c                sysAppSettings(regs*)
                0x00000000c0043170                sysSetFatAttrib(regs*)
                0x00000000c00431d0                sysPanic(regs*)
                0x00000000c00431f8                sysPipe(regs*)
                0x00000000c0043240                sysGetUnixTime(regs*)
                0x00000000c0043254                sysShutdown(regs*)
                0x00000000c00432a0                sysCallOpen(regs*)
                0x00000000c0043394                sysCallOpenDir(regs*)
                0x00000000c0043404                sysCallTTYName(regs*)
                0x00000000c0043484                sysCallGetEnv(regs*)
                0x00000000c00434dc                sysCallSpawn(regs*)
                0x00000000c0043550                sysCallTellDir(regs*)
                0x00000000c0043558                string_ends_with(char const*, char const*)
                0x00000000c00435a1                setupSystemCalls()
                0x00000000c0043750                systemCall(regs*, void*)
 *fill*         0x00000000c0043792        0x2 
 .text          0x00000000c0043794      0xe4b core/terminal.32
                0x00000000c0043794                VgaText::isAtty()
                0x00000000c0043798                VgaText::~VgaText()
                0x00000000c0043798                VgaText::~VgaText()
                0x00000000c00437a8                VgaText::~VgaText()
                0x00000000c00437ce                VgaText::read(unsigned long long, void*, int*)
                0x00000000c00437ee                setTerminalScrollLock(bool)
                0x00000000c00437ef                addToTerminalCycle(VgaText*)
                0x00000000c004381c                installVgaTextImplementation()
                0x00000000c0043831                scrollTerminalScrollLock(int)
                0x00000000c0043832                VgaText::load()
                0x00000000c0043886                VgaText::writeCharacter(char, VgaColour, VgaColour, int, int)
                0x00000000c00438da                VgaText::updateCursor()
                0x00000000c00438f4                VgaText::scrollScreen()
                0x00000000c0043986                VgaText::showCursor(bool)
                0x00000000c0043996                VgaText::disableBlink(bool)
                0x00000000c00439d0                setActiveTerminal(VgaText*)
                0x00000000c0043a65                doTerminalCycle()
                0x00000000c0043a82                VgaText::doANSI_SGR(int)
                0x00000000c0043b0e                VgaText::setDefaultBgColour(VgaColour)
                0x00000000c0043b24                VgaText::setDefaultFgColour(VgaColour)
                0x00000000c0043b3a                VgaText::setDefaultColours(VgaColour, VgaColour)
                0x00000000c0043b60                VgaText::combineColours(unsigned char, unsigned char)
                0x00000000c0043b72                VgaText::combineCharAndColour(char, unsigned char)
                0x00000000c0043b84                VgaText::getCursorX()
                0x00000000c0043b90                VgaText::getCursorY()
                0x00000000c0043b9c                VgaText::setCursor(int, int)
                0x00000000c0043bba                VgaText::setCursorX(int)
                0x00000000c0043bce                VgaText::setCursorY(int)
                0x00000000c0043be2                VgaText::incrementCursor(bool)