Archive member included to satisfy reference by file (symbol)

/cygdrive/d/Users/Alex/Desktop/Toolchain/Output/bin/../lib/gcc/i386-banana/8.1.0/libkgcc.a(_divdi3.o)
                              fs/fat/ff.32 (__divdi3)
/cygdrive/d/Users/Alex/Desktop/Toolchain/Output/bin/../lib/gcc/i386-banana/8.1.0/libkgcc.a(_moddi3.o)
                              compat/resolve.32 (__moddi3)
/cygdrive/d/Users/Alex/Desktop/Toolchain/Output/bin/../lib/gcc/i386-banana/8.1.0/libkgcc.a(_udivdi3.o)
                              fs/fat/ff.32 (__udivdi3)
/cygdrive/d/Users/Alex/Desktop/Toolchain/Output/bin/../lib/gcc/i386-banana/8.1.0/libkgcc.a(_umoddi3.o)
                              compat/resolve.32 (__umoddi3)

Discarded input sections

 .comment       0x0000000000000000       0x12 /cygdrive/d/Users/Alex/Desktop/Toolchain/Output/bin/../lib/gcc/i386-banana/8.1.0/crtbegin.o
 .comment       0x0000000000000000       0x12 acpica/utclib.32
 .comment       0x0000000000000000       0x12 core/malloc.32
 .comment       0x0000000000000000       0x12 libk/string.32
 .comment       0x0000000000000000       0x12 fs/fat/diskio.32
 .comment       0x0000000000000000       0x12 fs/fat/ff.32
 .comment       0x0000000000000000       0x12 fs/fat/ffsystem.32
 .comment       0x0000000000000000       0x12 fs/fat/ffunicode.32
 .comment       0x0000000000000000       0x12 compat/inlines.32
 .comment       0x0000000000000000       0x12 compat/resolve.32
 .group         0x0000000000000000       0x14 core/computer.32
 .group         0x0000000000000000        0xc core/computer.32
 .comment       0x0000000000000000       0x12 core/computer.32
 .comment       0x0000000000000000       0x12 core/gdt.32
 .group         0x0000000000000000        0xc core/idle.32
 .comment       0x0000000000000000       0x12 core/idle.32
 .comment       0x0000000000000000       0x12 core/idt.32
 .comment       0x0000000000000000       0x12 core/kheap.32
 .comment       0x0000000000000000       0x12 core/main.32
 .comment       0x0000000000000000       0x12 core/physmgr.32
 .group         0x0000000000000000        0xc core/pipe.32
 .comment       0x0000000000000000       0x12 core/pipe.32
 .group         0x0000000000000000        0xc core/terminal.32
 .comment       0x0000000000000000       0x12 core/terminal.32
 .comment       0x0000000000000000       0x12 core/tss.32
 .group         0x0000000000000000        0x8 core/unixfile.32
 .group         0x0000000000000000        0x8 core/unixfile.32
 .group         0x0000000000000000        0xc core/unixfile.32
 .group         0x0000000000000000        0x8 core/unixfile.32
 .group         0x0000000000000000        0xc core/unixfile.32
 .group         0x0000000000000000        0x8 core/unixfile.32
 .group         0x0000000000000000        0xc core/unixfile.32
 .group         0x0000000000000000        0xc core/unixfile.32
 .comment       0x0000000000000000       0x12 core/unixfile.32
 .comment       0x0000000000000000       0x12 core/virtmgr.32
 .comment       0x0000000000000000       0x12 coreobjs/c++.32
 .comment       0x0000000000000000       0x12 dbg/kconsole.32
 .group         0x0000000000000000        0xc fs/vfs.32
 .group         0x0000000000000000        0xc fs/vfs.32
 .group         0x0000000000000000        0xc fs/vfs.32
 .comment       0x0000000000000000       0x12 fs/vfs.32
 .group         0x0000000000000000        0xc hal/bus.32
 .comment       0x0000000000000000       0x12 hal/bus.32
 .comment       0x0000000000000000       0x12 hal/buzzer.32
 .group         0x0000000000000000        0xc hal/clock.32
 .comment       0x0000000000000000       0x12 hal/clock.32
 .group         0x0000000000000000       0x14 hal/device.32
 .group         0x0000000000000000        0xc hal/device.32
 .group         0x0000000000000000        0x8 hal/device.32
 .group         0x0000000000000000        0xc hal/device.32
 .group         0x0000000000000000        0xc hal/device.32
 .comment       0x0000000000000000       0x12 hal/device.32
 .group         0x0000000000000000        0xc hal/diskctrl.32
 .comment       0x0000000000000000       0x12 hal/diskctrl.32
 .group         0x0000000000000000        0xc hal/diskphys.32
 .comment       0x0000000000000000       0x12 hal/diskphys.32
 .comment       0x0000000000000000       0x12 hal/fpu.32
 .group         0x0000000000000000        0xc hal/intctrl.32
 .comment       0x0000000000000000       0x12 hal/intctrl.32
 .group         0x0000000000000000        0xc hal/keybrd.32
 .comment       0x0000000000000000       0x12 hal/keybrd.32
 .group         0x0000000000000000        0xc hal/logidisk.32
 .comment       0x0000000000000000       0x12 hal/logidisk.32
 .group         0x0000000000000000        0xc hal/mouse.32
 .comment       0x0000000000000000       0x12 hal/mouse.32
 .comment       0x0000000000000000       0x12 hal/partition.32
 .group         0x0000000000000000        0xc hal/serial.32
 .comment       0x0000000000000000       0x12 hal/serial.32
 .group         0x0000000000000000        0x8 hal/timer.32
[...]
Memory Configuration

Name             Origin             Length             Attributes
*default*        0x0000000000000000 0xffffffffffffffff

Linker script and memory map

LOAD D:/Users/Alex/Desktop/Banana/kernel/boot.32
LOAD crti.32
LOAD /cygdrive/d/Users/Alex/Desktop/Toolchain/Output/bin/../lib/gcc/i386-banana/8.1.0/crtbegin.o
LOAD D:/Users/Alex/Desktop/Banana/kernel/morenasm.32
LOAD acpica/utclib.32
LOAD core/malloc.32
LOAD libk/string.32
LOAD fs/fat/diskio.32
LOAD fs/fat/ff.32
LOAD fs/fat/ffsystem.32
LOAD fs/fat/ffunicode.32
LOAD compat/inlines.32
LOAD compat/resolve.32
LOAD core/computer.32
LOAD core/gdt.32
LOAD core/idle.32
LOAD core/idt.32
LOAD core/kheap.32
LOAD core/main.32
LOAD core/physmgr.32
LOAD core/pipe.32
LOAD core/terminal.32
LOAD core/tss.32
LOAD core/unixfile.32
LOAD core/virtmgr.32
LOAD coreobjs/c++.32
LOAD dbg/kconsole.32
LOAD fs/vfs.32
LOAD hal/bus.32
LOAD hal/buzzer.32
LOAD hal/clock.32
LOAD hal/device.32
LOAD hal/diskctrl.32
LOAD hal/diskphys.32
LOAD hal/fpu.32
LOAD hal/intctrl.32
LOAD hal/keybrd.32
LOAD hal/logidisk.32
LOAD hal/mouse.32
LOAD hal/partition.32
LOAD hal/serial.32
LOAD hal/timer.32
LOAD hal/vcache.32
LOAD hal/video.32
LOAD hw/acpi.32
LOAD hw/cpu.32
LOAD hw/smp.32
LOAD krnl/env.32
LOAD krnl/panic.32
LOAD krnl/powctrl.32
LOAD reg/registry.32
LOAD sys/sc_eject.32
LOAD sys/sc_exit.32
LOAD sys/sc_getcwd.32
LOAD sys/sc_getpid.32
LOAD sys/sc_getramdata.32
LOAD sys/sc_getvgaptr.32
LOAD sys/sc_loaddll.32
LOAD sys/sc_read.32
LOAD sys/sc_sbrk.32
LOAD sys/sc_setcwd.32
LOAD sys/sc_settime.32
LOAD sys/sc_timezone.32
LOAD sys/sc_write.32
LOAD sys/sc_wsbe.32
LOAD sys/sc_yield.32
LOAD sys/syscalls.32
LOAD thr/elf.32
LOAD thr/prcssthr.32
LOAD vm86/vm8086.32
LOAD vm86/x87em.32
LOAD arch/i386/hal.32
LOAD arch/i386/pic.32
LOAD fs/fat/vfslink.32
LOAD fs/iso9660/vfslink.32
LOAD hal/sound/sndcard.32
LOAD hal/sound/sndport.32
LOAD hw/bus/isa.32
LOAD hw/bus/pci.32
LOAD hw/diskctrl/ide.32
LOAD hw/diskctrl/satabus.32
LOAD hw/diskphys/ata.32
LOAD hw/diskphys/atapi.32
LOAD hw/diskphys/sata.32
LOAD hw/diskphys/satapi.32
LOAD hw/intctrl/apic.32
LOAD hw/intctrl/pic.32
LOAD hw/timer/apictimer.32
LOAD hw/timer/pit.32
LOAD arch/i386/avx.32
LOAD arch/i386/rdrand.32
LOAD arch/i386/sse.32
LOAD arch/i386/x87.32
LOAD /cygdrive/d/Users/Alex/Desktop/Toolchain/Output/bin/../lib/gcc/i386-banana/8.1.0/crtend.o
LOAD crtn.32
LOAD /cygdrive/d/Users/Alex/Desktop/Toolchain/Output/bin/../lib/gcc/i386-banana/8.1.0/libkgcc.a
LOAD D:/Users/Alex/Desktop/Banana/kernel/libsoftfp.a
LOAD D:/Users/Alex/Desktop/Banana/kernel/libk/libm32.a
                0x00000000c0000000                . = 0xc0000000

.text           0x00000000c0000000    0x2285a
 *(.text)
 .text          0x00000000c0000000       0x41 D:/Users/Alex/Desktop/Banana/kernel/boot.32
                0x00000000c0000020                callGlobalConstructors
 .text          0x00000000c0000041        0x0 crti.32
 *fill*         0x00000000c0000041        0x3 
 .text          0x00000000c0000044      0x101 /cygdrive/d/Users/Alex/Desktop/Toolchain/Output/bin/../lib/gcc/i386-banana/8.1.0/crtbegin.o
 *fill*         0x00000000c0000145        0xb 
 .text          0x00000000c0000150      0x428 D:/Users/Alex/Desktop/Banana/kernel/morenasm.32
                0x00000000c0000150                manualPCIProbe
                0x00000000c000019b                prepareTramp
                0x00000000c00001b4                doTPAUSE
                0x00000000c00001be                hasLegacyFPU
                0x00000000c00001e3                is486
                0x00000000c0000219                detectCPUID
                0x00000000c000022f                goToVM86
                0x00000000c000025f                goToUsermode
                0x00000000c0000289                switchToThreadASMFirstTime
                0x00000000c0000297                switchToThreadASM
                0x00000000c000031f                asmQuickAcquireLock
                0x00000000c000033d                asmQuickReleaseLock
                0x00000000c0000349                asmAcquireLock
                0x00000000c000036a                asmReleaseLock
                0x00000000c000037d                loadGDT
                0x00000000c000039d                isr0
                0x00000000c00003ad                isr1
                0x00000000c00003b7                isr2
                0x00000000c00003c1                isr3
                0x00000000c00003cb                isr4
                0x00000000c00003d5                isr5
                0x00000000c00003df                isr6
                0x00000000c00003e9                isr7
                0x00000000c00003f3                isr8
                0x00000000c00003fb                isr9
                0x00000000c0000405                isr10
                0x00000000c000040d                isr11
                0x00000000c0000415                isr12
                0x00000000c000041d                isr13
                0x00000000c0000425                isr14
                0x00000000c000042d                isr15
                0x00000000c0000437                isr16
                0x00000000c0000441                isr17
                0x00000000c000044b                isr18
                0x00000000c0000455                irq3
                0x00000000c000045f                irq4
                0x00000000c0000469                irq5
                0x00000000c0000473                irq6
                0x00000000c000047d                irq7
                0x00000000c0000487                irq8
                0x00000000c0000491                irq9
                0x00000000c000049b                irq10
                0x00000000c00004a5                irq11
                0x00000000c00004af                irq12
                0x00000000c00004b9                irq13
                0x00000000c00004c3                irq14
                0x00000000c00004cd                irq15
                0x00000000c00004d7                irq1
                0x00000000c00004de                irq2
                0x00000000c00004e5                isr96
                0x00000000c00004ec                irq0
                0x00000000c00004f1                int_common_stub
                0x00000000c00004f1                syscall_common_stub
                0x00000000c0000523                irq16
                0x00000000c000052d                irq17
                0x00000000c0000537                irq18
                0x00000000c0000541                irq19
                0x00000000c000054b                irq20
                0x00000000c0000555                irq21
                0x00000000c000055f                irq22
                0x00000000c0000569                irq23
                0x00000000c0000573                memcpy
 .text          0x00000000c0000578      0x5dd acpica/utclib.32
                0x00000000c0000578                memcmp
                0x00000000c00005b4                memmove
                0x00000000c000067c                memset
                0x00000000c0000698                strlen
                0x00000000c00006b0                strpbrk
                0x00000000c00006ec                strtok
                0x00000000c0000738                strcpy
                0x00000000c000075c                strncpy
                0x00000000c00007c4                strcmp
                0x00000000c0000804                strchr
                0x00000000c0000828                strncmp
                0x00000000c0000878                strcat
                0x00000000c00008a8                strncat
                0x00000000c00008e4                strstr
                0x00000000c000092c                toupper
                0x00000000c0000940                tolower
                0x00000000c0000954                simple_strtoul
 .text          0x00000000c0000b55      0xfad core/malloc.32
                0x00000000c0000cc0                dlfree
                0x00000000c000101b                dlmalloc
                0x00000000c0001558                dlrealloc
                0x00000000c00016fb                dlmemalign
                0x00000000c000181e                dlcalloc
                0x00000000c00018b8                dlcfree
                0x00000000c00018bd                dlindependent_calloc
                0x00000000c00018e2                dlindependent_comalloc
                0x00000000c00018f9                dlvalloc
                0x00000000c0001924                dlpvalloc
                0x00000000c000195a                dlmalloc_trim
                0x00000000c0001967                dlmalloc_usable_size
                0x00000000c0001998                dlmallinfo
                0x00000000c0001a67                dlmalloc_stats
                0x00000000c0001a78                dlmallopt
 .text          0x00000000c0001b02        0x0 libk/string.32
 .text          0x00000000c0001b02       0x51 fs/fat/diskio.32
                0x00000000c0001b02                disk_status
                0x00000000c0001b05                disk_initialize
                0x00000000c0001b08                disk_read
                0x00000000c0001b1e                disk_write
                0x00000000c0001b34                disk_ioctl
 .text          0x00000000c0001b53     0x6a69 fs/fat/ff.32
                0x00000000c0004e21                f_mount
                0x00000000c0004e83                f_open
                0x00000000c00052bf                f_read
                0x00000000c000553f                f_write
                0x00000000c00057f9                f_sync
                0x00000000c00059d5                f_close
                0x00000000c0005a04                f_lseek
                0x00000000c0005ebb                f_opendir
                0x00000000c0005fbd                f_closedir
                0x00000000c0005fdf                f_readdir
                0x00000000c000607a                f_stat
                0x00000000c0006109                f_getfree
                0x00000000c00062d4                f_truncate
                0x00000000c00063cc                f_unlink
                0x00000000c000654f                f_mkdir
                0x00000000c000677b                f_rename
                0x00000000c0006a6e                f_chmod
                0x00000000c0006b4c                f_utime
                0x00000000c0006c2a                f_getlabel
                0x00000000c0006e18                f_setlabel
                0x00000000c0007085                f_expand
                0x00000000c00072bb                f_forward
                0x00000000c0007499                f_mkfs
 .text          0x00000000c00085bc       0x2f fs/fat/ffsystem.32
                0x00000000c00085bc                ff_memalloc
                0x00000000c00085d4                ff_memfree
 *fill*         0x00000000c00085eb        0x1 
 .text          0x00000000c00085ec      0x274 fs/fat/ffunicode.32
                0x00000000c00085ec                ff_uni2oem
                0x00000000c0008684                ff_oem2uni
                0x00000000c00086f8                ff_wtoupper
 .text          0x00000000c0008860       0xa7 compat/inlines.32
                0x00000000c0008860                CPU::current()
                0x00000000c000886c                operator new(unsigned long)
                0x00000000c0008871                operator delete(void*)
                0x00000000c0008876                disableIRQs()
                0x00000000c000887e                enableIRQs()
                0x00000000c000888d                lockScheduler()
                0x00000000c0008895                unlockScheduler()
                0x00000000c00088a4                lockStuff()
                0x00000000c00088b2                unlockStuff()
                0x00000000c00088ec                Virt::getAKernelVAS()
                0x00000000c00088f2                __not_memcpy
 *fill*         0x00000000c0008907        0x1 
 .text          0x00000000c0008908      0x118 compat/resolve.32
                0x00000000c0008908                Krnl::resolveCompatibilitySymbol(char*)
 .text          0x00000000c0008a20      0xacf core/computer.32
                0x00000000c0008a20                Computer::close(int, int, void*)
                0x00000000c0008a64                Krnl::firstTask()
                0x00000000c0008bb8                Computer::Computer()
                0x00000000c0008bb8                Computer::Computer()
                0x00000000c0008d14                Computer::setBootMessage(char const*)
                0x00000000c0008d16                Computer::detectFeatures()
                0x00000000c0008f20                Computer::displayFeatures()
                0x00000000c0009266                Computer::rdmsr(unsigned int)
                0x00000000c0009292                Computer::wrmsr(unsigned int, unsigned long long)
                0x00000000c00092ca                Computer::shutdown()
                0x00000000c00092e2                Computer::restart()
                0x00000000c00092fa                Computer::sleep()
                0x00000000c000930e                Computer::nmiEnabled()
                0x00000000c000931a                Computer::readCMOS(unsigned char)
                0x00000000c0009334                Computer::enableNMI(bool)
                0x00000000c000934c                Computer::open(int, int, void*)
                0x00000000c0009432                Computer::disableNMI()
                0x00000000c0009440                Computer::writeCMOS(unsigned char, unsigned char)
                0x00000000c000945e                Computer::handleNMI()
                0x00000000c00094c4                Computer::setDiskActivityLight(int, bool)
 *fill*         0x00000000c00094ef        0x1 
 .text          0x00000000c00094f0      0x211 core/gdt.32
                0x00000000c00094f0                GDTEntry::setBase(unsigned int)
                0x00000000c000950c                GDTEntry::setLimit(unsigned int)
                0x00000000c000952a                GDT::GDT()
                0x00000000c000952a                GDT::GDT()
                0x00000000c0009540                GDT::addEntry(GDTEntry)
                0x00000000c0009562                GDT::getNumberOfEntries()
                0x00000000c000956a                GDT::flush()
                0x00000000c000958c                GDT::setup()
 .text          0x00000000c0009701       0x19 core/idle.32
                0x00000000c0009701                idleFunction(void*)
 *fill*         0x00000000c000971a        0x2 
 .text          0x00000000c000971c      0x464 core/idt.32
                0x00000000c000971c                IDTEntry::IDTEntry(bool)
                0x00000000c000971c                IDTEntry::IDTEntry(bool)
                0x00000000c000978e                IDTEntry::setOffset(unsigned int)
                0x00000000c00097a4                IDT::IDT()
                0x00000000c00097a4                IDT::IDT()
                0x00000000c00097a6                IDT::getPointerToInvalidOpcodeEntryForF00F()
                0x00000000c00097ae                IDT::addEntry(IDTEntry, int)
                0x00000000c00097c8                IDT::addEntry(int, void (*)(), bool)
                0x00000000c0009800                IDT::flush()
                0x00000000c000981a                IDT::setup()
 .text          0x00000000c0009b80      0x191 core/kheap.32
                0x00000000c0009b80                sbrk
                0x00000000c0009c23                mmap
                0x00000000c0009c39                munmap
                0x00000000c0009c4f                liballoc_lock()
                0x00000000c0009c5c                liballoc_unlock()
                0x00000000c0009c70                liballoc_alloc(int)
                0x00000000c0009c88                liballoc_free(void*, int)
                0x00000000c0009ca3                realloc
                0x00000000c0009cb7                malloc
                0x00000000c0009cc7                free
                0x00000000c0009cd7                rfree
                0x00000000c0009ce7                calloc
 .text          0x00000000c0009d11      0x437 core/main.32
                0x00000000c0009d11                Krnl::setBootMessage(char const*)
                0x00000000c0009d7d                kernel_main
 .text          0x00000000c000a148      0x668 core/physmgr.32
                0x00000000c000a148                Phys::allocateDMA(unsigned long)
                0x00000000c000a257                Phys::freeDMA(unsigned long, unsigned long)
                0x00000000c000a29d                Phys::setPageState(unsigned long, bool)
                0x00000000c000a2cf                Phys::getPageState(unsigned long)
                0x00000000c000a2eb                Phys::freePage(unsigned long)
                0x00000000c000a36e                Phys::allocatePage()
                0x00000000c000a459                Phys::allocateContiguousPages(int)
                0x00000000c000a4b5                Phys::allowSegmentToBeUsed(unsigned long, unsigned long)
                0x00000000c000a4ed                Phys::physicalMemorySetup(unsigned int)
 .text          0x00000000c000a7b0      0x273 core/pipe.32
                0x00000000c000a7b0                Pipe::isAtty()
                0x00000000c000a7b4                Pipe::~Pipe()
                0x00000000c000a7b4                Pipe::~Pipe()
                0x00000000c000a7d8                Pipe::~Pipe()
                0x00000000c000a800                Pipe::write(unsigned long long, void*, int*)
                0x00000000c000a8c0                Pipe::read(unsigned long long, void*, int*)
                0x00000000c000a9bc                Pipe::Pipe(int)
                0x00000000c000a9bc                Pipe::Pipe(int)
 *fill*         0x00000000c000aa23        0x1 
 .text          0x00000000c000aa24      0xb85 core/terminal.32
                0x00000000c000aa24                VgaText::isAtty()
                0x00000000c000aa28                VgaText::~VgaText()
                0x00000000c000aa28                VgaText::~VgaText()
                0x00000000c000aa4c                VgaText::~VgaText()
                0x00000000c000aa76                VgaText::read(unsigned long long, void*, int*)
                0x00000000c000aa96                setTerminalScrollLock(bool)
                0x00000000c000aa97                addToTerminalCycle(VgaText*)
                0x00000000c000aab8                installVgaTextImplementation()
                0x00000000c000aacd                scrollTerminalScrollLock(int)
                0x00000000c000aace                VgaText::updateTitle()
                0x00000000c000ab0c                VgaText::load()
                0x00000000c000ab5a                VgaText::updateCursor()
                0x00000000c000ab70                VgaText::doANSI_SGR(int)
                0x00000000c000abe4                VgaText::setDefaultBgColour(VgaColour)
                0x00000000c000abf4                VgaText::setDefaultFgColour(VgaColour)
                0x00000000c000ac04                VgaText::setDefaultColours(VgaColour, VgaColour)
                0x00000000c000ac24                VgaText::setTitleTextColour(VgaColour)
                0x00000000c000ac34                VgaText::setTitleColour(VgaColour)
                0x00000000c000ac44                VgaText::setTitle(char*)
                0x00000000c000ac6a                VgaText::combineColours(unsigned char, unsigned char)
                0x00000000c000ac7c                VgaText::scrollScreen()
                0x00000000c000ad10                VgaText::combineCharAndColour(char, unsigned char)
                0x00000000c000ad22                VgaText::writeCharacter(char, VgaColour, VgaColour, int, int)
                0x00000000c000ad7e                VgaText::getCursorX()
                0x00000000c000ad86                VgaText::getCursorY()
                0x00000000c000ad8e                VgaText::setCursor(int, int)
                0x00000000c000ada5                setActiveTerminal(VgaText*)
                0x00000000c000ae07                doTerminalCycle()
                0x00000000c000ae22                VgaText::setCursorX(int)
                0x00000000c000ae3a                VgaText::setCursorY(int)
                0x00000000c000ae52                VgaText::incrementCursor(bool)
                0x00000000c000aea6                VgaText::decrementCursor(bool)
                0x00000000c000aec8                VgaText::putchar(char, VgaColour, VgaColour)
                0x00000000c000af96                VgaText::doUpdate()
                0x00000000c000afa4                VgaText::puts(char const*, VgaColour, VgaColour)
                0x00000000c000b11c                VgaText::clearScreen()
                0x00000000c000b176                VgaText::putchar(char)
                0x00000000c000b262                VgaText::putx(unsigned int)
                0x00000000c000b2a8                VgaText::puts(char const*)
                0x00000000c000b2ce                VgaText::VgaText(char const*)
                0x00000000c000b2ce                VgaText::VgaText(char const*)
                0x00000000c000b44a                VgaText::receiveKey(unsigned char)
                0x00000000c000b530                VgaText::write(unsigned long long, void*, int*)
                0x00000000c000b584                newTerminal(char*)
 *fill*         0x00000000c000b5a9        0x3 
 .text          0x00000000c000b5ac      0x1a1 core/tss.32
                0x00000000c000b5ac                TSS::TSS()
                0x00000000c000b5ac                TSS::TSS()
                0x00000000c000b5bc                TSS::setESP(unsigned long)
                0x00000000c000b5d0                TSS::flush()
                0x00000000c000b5f0                TSS::setup(unsigned long, unsigned long)
 *fill*         0x00000000c000b74d        0x1 
 .text          0x00000000c000b74e      0x4c2 core/unixfile.32
                0x00000000c000b74e                ReservedFilename::read(unsigned long long, void*, int*)
                0x00000000c000b7a4                ReservedFilename::isAtty()
                0x00000000c000b7c0                ReservedFilename::write(unsigned long long, void*, int*)
                0x00000000c000b81e                UnixFile::getFileDescriptor()
                0x00000000c000b826                UnixFile::UnixFile(int)
                0x00000000c000b826                UnixFile::UnixFile(int)
                0x00000000c000b9d6                ReservedFilename::ReservedFilename(int)
                0x00000000c000b9d6                ReservedFilename::ReservedFilename(int)
                0x00000000c000ba08                UnixFile::~UnixFile()
                0x00000000c000ba08                UnixFile::~UnixFile()
                0x00000000c000baa0                UnixFile::~UnixFile()
                0x00000000c000bac8                ReservedFilename::~ReservedFilename()
                0x00000000c000bac8                ReservedFilename::~ReservedFilename()
                0x00000000c000baec                ReservedFilename::~ReservedFilename()
                0x00000000c000bb13                getFromFileDescriptor(int)
 .text          0x00000000c000bc10     0x124e core/virtmgr.32
                0x00000000c000bc10                Virt::setPageState(unsigned long, Virt::VirtPageState)
                0x00000000c000bc45                Virt::getPageState(unsigned long)
                0x00000000c000bc69                Virt::allocateKernelVirtualPages(int)
                0x00000000c000bd7a                Virt::freeSwapfilePage(unsigned long)
                0x00000000c000bd98                Virt::swapIDToSector(unsigned long)
                0x00000000c000bdaa                Virt::allocateSwapfilePage()
                0x00000000c000be28                Virt::virtualMemorySetup()
                0x00000000c000be73                Virt::setupPageSwapping(int)
                0x00000000c000bee4                VAS::VAS(VAS*)
                0x00000000c000bee4                VAS::VAS(VAS*)
                0x00000000c000bf12                VAS::getForeignPageTableEntry(bool, unsigned long)
                0x00000000c000bf3e                VAS::getPageTableEntry(unsigned long)
                0x00000000c000bf5d                Virt::freeKernelVirtualPages(unsigned long)
                0x00000000c000c080                VAS::freeAllocatedPages(unsigned long)
                0x00000000c000c0a4                VAS::virtualToPhysical(unsigned long)
                0x00000000c000c0bc                VAS::reflagRange(unsigned long, int, int, int)
                0x00000000c000c0fc                VAS::setToWriteCombining(unsigned long, int)
                0x00000000c000c12e                VAS::mapOtherVASIn(bool, VAS*)
                0x00000000c000c158                VAS::~VAS()
                0x00000000c000c158                VAS::~VAS()
                0x00000000c000c2d4                VAS::mapPage(unsigned long, unsigned long, int)
                0x00000000c000c3d8                VAS::allocatePages(int, int)
                0x00000000c000c5b0                VAS::setCPUSpecific(unsigned long)
                0x00000000c000c5cc                VAS::mapRange(unsigned long, unsigned long, int, int)
                0x00000000c000c692                VAS::mapForeignPage(bool, VAS*, unsigned long, unsigned long, int)
                0x00000000c000c780                VAS::VAS(bool)
                0x00000000c000c780                VAS::VAS(bool)
                0x00000000c000ca00                VAS::VAS()
                0x00000000c000ca00                VAS::VAS()
                0x00000000c000ca70                VAS::evict(unsigned long)
                0x00000000c000cb40                VAS::tryLoadBackOffDisk(unsigned long)
                0x00000000c000cc54                VAS::scanForEviction()
                0x00000000c000cd32                mapVASFirstTime
 .text          0x00000000c000ce5e       0x95 coreobjs/c++.32
                0x00000000c000ce5e                __cxa_atexit
                0x00000000c000ce61                __cxa_finalize
                0x00000000c000ce62                __stack_chk_fail
                0x00000000c000cece                __cxa_pure_virtual
                0x00000000c000cedf                operator new[](unsigned long)
                0x00000000c000cee4                operator delete(void*, unsigned long)
                0x00000000c000cee9                operator delete[](void*)
                0x00000000c000ceee                operator delete[](void*, unsigned long)
 .text          0x00000000c000cef3      0x1fc dbg/kconsole.32
                0x00000000c000cef3                Dbg::stringifyxWithBase(unsigned int, char*, int)
                0x00000000c000cf4c                Dbg::logc(char)
                0x00000000c000cf6c                Dbg::logs(char*)
                0x00000000c000cf89                Dbg::logWriteInt(unsigned int)
                0x00000000c000cfa6                Dbg::logWriteIntBase(unsigned int, int)
                0x00000000c000cfc5                Dbg::kprintf(char const*, ...)
 *fill*         0x00000000c000d0ef        0x1 
 .text          0x00000000c000d0f0      0xcac fs/vfs.32
                0x00000000c000d0f0                File::read(unsigned long long, void*, int*)
                0x00000000c000d148                File::write(unsigned long long, void*, int*)
                0x00000000c000d1a0                Directory::read(unsigned long long, void*, int*)
                0x00000000c000d1f8                Directory::write(unsigned long long, void*, int*)
                0x00000000c000d226                File::isAtty()
                0x00000000c000d22a                Directory::isAtty()
                0x00000000c000d22e                Filesystem::getlabel(LogicalDisk*, int, char*, unsigned int*)
                0x00000000c000d234                Filesystem::setlabel(LogicalDisk*, int, char*)
                0x00000000c000d23a                Filesystem::allocateSwapfile(char const*, int)
                0x00000000c000d240                File::~File()
                0x00000000c000d240                File::~File()
                0x00000000c000d264                File::~File()
                0x00000000c000d28e                Directory::~Directory()
                0x00000000c000d28e                Directory::~Directory()
                0x00000000c000d2b2                Directory::~Directory()
                0x00000000c000d2dc                Filesystem::Filesystem()
                0x00000000c000d2dc                Filesystem::Filesystem()
                0x00000000c000d300                Filesystem::~Filesystem()
                0x00000000c000d300                Filesystem::~Filesystem()
                0x00000000c000d30e                Filesystem::~Filesystem()
                0x00000000c000d332                Fs::getcwd(Process*, char*, int)
                0x00000000c000d35c                Fs::initVFS()
                0x00000000c000d386                Fs::standardiseFiles(char*, char const*, char const*)
                0x00000000c000d530                File::File(char const*, Process*)
                0x00000000c000d530                File::File(char const*, Process*)
                0x00000000c000d60a                File::open(FileOpenMode)
                0x00000000c000d668                File::close()
                0x00000000c000d6c8                File::seek(unsigned long long)
                0x00000000c000d71e                File::tell(unsigned long long*)
                0x00000000c000d76e                File::rewind()
                0x00000000c000d782                File::unlink()
                0x00000000c000d7ce                File::rename(char const*)
                0x00000000c000d81c                File::chfatattr(unsigned char, unsigned char)
                0x00000000c000d878                File::exists()
                0x00000000c000d8b6                File::stat(unsigned long long*, bool*)
                0x00000000c000d917                Fs::setcwd(Process*, char*)
                0x00000000c000da90                Directory::Directory(char const*, Process*)
                0x00000000c000da90                Directory::Directory(char const*, Process*)
                0x00000000c000db6a                Directory::open()
                0x00000000c000dbc6                Directory::close()
                0x00000000c000dc26                Directory::unlink()
                0x00000000c000dc72                Directory::rename(char const*)
                0x00000000c000dcc0                Directory::exists()
                0x00000000c000dcfe                Directory::read(dirent*)
                0x00000000c000dd4a                Directory::create()
                0x00000000c000dd96                Filesystem::chfatattr(char const*, unsigned char, unsigned char)
 .text          0x00000000c000dd9c       0x86 hal/bus.32
                0x00000000c000dd9c                Bus::Bus(char const*)
                0x00000000c000dd9c                Bus::Bus(char const*)
                0x00000000c000ddd4                Bus::~Bus()
                0x00000000c000ddd4                Bus::~Bus()
                0x00000000c000ddf8                Bus::~Bus()
 .text          0x00000000c000de22       0x96 hal/buzzer.32
                0x00000000c000de22                beepThread(void*)
                0x00000000c000de5f                Krnl::beep(int, int, bool)
 .text          0x00000000c000deb8      0x467 hal/clock.32
                0x00000000c000deb8                User::loadClockSettings(int)
                0x00000000c000df0a                Clock::Clock(char const*)
                0x00000000c000df0a                Clock::Clock(char const*)
                0x00000000c000df40                Clock::~Clock()
                0x00000000c000df40                Clock::~Clock()
                0x00000000c000df64                Clock::~Clock()
                0x00000000c000df8e                Clock::timeInSecondsLocal()
                0x00000000c000dfd6                Clock::setTimeInSecondsLocal(unsigned long long)
                0x00000000c000e02f                datetimeToSeconds(datetime_t)
                0x00000000c000e156                Clock::setTimeInDatetimeLocal(datetime_t)
                0x00000000c000e1b6                secondsToDatetime(unsigned long long)
                0x00000000c000e2fa                Clock::timeInDatetimeLocal()
 *fill*         0x00000000c000e31f        0x1 
 .text          0x00000000c000e320      0x504 hal/device.32
                0x00000000c000e320                Device::hibernate()
                0x00000000c000e322                Device::wake()
                0x00000000c000e324                Device::detect()
                0x00000000c000e326                Device::disableLegacy()
                0x00000000c000e328                Device::powerSaving(PowerSavingLevel)
                0x00000000c000e32a                DriverlessDevice::close(int, int, void*)
                0x00000000c000e32e                DriverlessDevice::detect()
                0x00000000c000e330                DriverlessDevice::open(int, int, void*)
                0x00000000c000e344                Device::~Device()
                0x00000000c000e344                Device::~Device()
                0x00000000c000e352                Device::~Device()
                0x00000000c000e37a                Device::findAndLoadDriver()
                0x00000000c000e388                Device::preOpenPCI(PCIDeviceInfo)
                0x00000000c000e3ae                Device::preOpenACPI(void*, char*, char*)
                0x00000000c000e3ee                Device::addIRQHandler(int, void (*)(regs*, void*), bool, void*)
                0x00000000c000e42c                Device::getParent()
                0x00000000c000e438                Device::removeIRQHandler(int, void (*)(regs*, void*), bool)
                0x00000000c000e476                Device::addChild(Device*)
                0x00000000c000e4ba                Device::removeAllChildren()
                0x00000000c000e500                Device::hibernateAll()
                0x00000000c000e530                Device::wakeAll()
                0x00000000c000e560                Device::detectAll()
                0x00000000c000e590                Device::disableLegacyAll()
                0x00000000c000e5c0                Device::loadDriversForAll()
                0x00000000c000e600                Device::closeAll()
                0x00000000c000e636                Device::powerSavingAll(PowerSavingLevel)
                0x00000000c000e66c                Device::setName(char const*)
                0x00000000c000e67a                Device::Device(char const*)
                0x00000000c000e67a                Device::Device(char const*)
                0x00000000c000e776                Device::getName()
                0x00000000c000e780                DriverlessDevice::DriverlessDevice(char const*)
                0x00000000c000e780                DriverlessDevice::DriverlessDevice(char const*)
                0x00000000c000e7b6                Device::addToLinkedList(LinkedList<Device>&, DeviceType)
                0x00000000c000e7fa                getDevicesOfType(DeviceType)
 .text          0x00000000c000e824       0x86 hal/diskctrl.32
                0x00000000c000e824                HardDiskController::HardDiskController(char const*)
                0x00000000c000e824                HardDiskController::HardDiskController(char const*)
                0x00000000c000e85c                HardDiskController::~HardDiskController()
                0x00000000c000e85c                HardDiskController::~HardDiskController()
                0x00000000c000e880                HardDiskController::~HardDiskController()
 .text          0x00000000c000e8aa       0xe2 hal/diskphys.32
                0x00000000c000e8aa                PhysicalDisk::eject()
                0x00000000c000e8ae                PhysicalDisk::PhysicalDisk(char const*, int)
                0x00000000c000e8ae                PhysicalDisk::PhysicalDisk(char const*, int)
                0x00000000c000e916                PhysicalDisk::startCache()
                0x00000000c000e93e                PhysicalDisk::~PhysicalDisk()
                0x00000000c000e93e                PhysicalDisk::~PhysicalDisk()
                0x00000000c000e962                PhysicalDisk::~PhysicalDisk()
 .text          0x00000000c000e98c        0x0 hal/fpu.32
 .text          0x00000000c000e98c     0x1165 hal/intctrl.32
                0x00000000c000e98c                InterruptController::uninstallISRHandler(int, void (*)(regs*, void*))
                0x00000000c000e9c4                InterruptController::installISRHandler(int, void (*)(regs*, void*), void*)
                0x00000000c000ea16                doubleFault(regs*, void*)
                0x00000000c000ea30                InterruptController::installIRQHandler(int, void (*)(regs*, void*), bool, void*)
                0x00000000c000eacc                InterruptController::clearAllHandlers(int, bool)
                0x00000000c000eb74                InterruptController::uninstallIRQHandler(int, void (*)(regs*, void*), bool)
                0x00000000c000ebfb                nmiHandler(regs*, void*)
                0x00000000c000ec09                int_handler
                0x00000000c000eca4                InterruptController::InterruptController(char const*)
                0x00000000c000eca4                InterruptController::InterruptController(char const*)
                0x00000000c000ed4a                InterruptController::~InterruptController()
                0x00000000c000ed4a                InterruptController::~InterruptController()
                0x00000000c000ed6e                InterruptController::~InterruptController()
                0x00000000c000ed98                displayDebugInfo(regs*)
                0x00000000c000f227                gpFault(regs*, void*)
                0x00000000c000f260                pgFault(regs*, void*)
                0x00000000c000f2af                otherISRHandler(regs*, void*)
                0x00000000c000f2ce                opcodeFault(regs*, void*)
                0x00000000c000f6a8                displayProgramFault(char const*)
                0x00000000c000f6d0                setupInterruptController()
                0x00000000c000faa4                InterruptController::convertLegacyIRQNumber(int)
 *fill*         0x00000000c000faf1        0x1 
 .text          0x00000000c000faf2      0x778 hal/keybrd.32
                0x00000000c000faf2                startGUI(void*)
                0x00000000c000fb5e                startGUIVESA(void*)
                0x00000000c000fbca                sendKeyToTerminal(unsigned char)
                0x00000000c000fc88                sendKeyboardToken(KeyboardToken)
                0x00000000c00100ba                clearInternalKeybuffer(VgaText*)
                0x00000000c00100ef                readKeyboard(VgaText*, char*, unsigned long)
                0x00000000c00101e0                Keyboard::Keyboard(char const*)
                0x00000000c00101e0                Keyboard::Keyboard(char const*)
                0x00000000c001021c                Keyboard::~Keyboard()
                0x00000000c001021c                Keyboard::~Keyboard()
                0x00000000c0010240                Keyboard::~Keyboard()
 .text          0x00000000c001026a      0x42a hal/logidisk.32
                0x00000000c001026a                LogicalDisk::close(int, int, void*)
                0x00000000c001026e                LogicalDisk::~LogicalDisk()
                0x00000000c001026e                LogicalDisk::~LogicalDisk()
                0x00000000c0010292                LogicalDisk::~LogicalDisk()
                0x00000000c00102bc                LogicalDisk::open(int, int, void*)
                0x00000000c00102d0                LogicalDisk::absoluteToRelative(unsigned long long)
                0x00000000c0010308                LogicalDisk::relativeToAbsolute(unsigned long long)
                0x00000000c001034e                LogicalDisk::LogicalDisk(char const*, PhysicalDisk*, unsigned long long, unsigned long long)
                0x00000000c001034e                LogicalDisk::LogicalDisk(char const*, PhysicalDisk*, unsigned long long, unsigned long long)
                0x00000000c0010404                LogicalDisk::assignDriveLetter()
                0x00000000c00104ba                LogicalDisk::mount()
                0x00000000c0010542                LogicalDisk::unmount()
                0x00000000c0010552                LogicalDisk::eject()
                0x00000000c0010566                LogicalDisk::unassignDriveLetter()
                0x00000000c00105bc                LogicalDisk::read(unsigned long long, int, void*)
                0x00000000c0010628                LogicalDisk::write(unsigned long long, int, void*)
 .text          0x00000000c0010694       0x86 hal/mouse.32
                0x00000000c0010694                Mouse::Mouse(char const*)
                0x00000000c0010694                Mouse::Mouse(char const*)
                0x00000000c00106cc                Mouse::~Mouse()
                0x00000000c00106cc                Mouse::~Mouse()
                0x00000000c00106f0                Mouse::~Mouse()
 .text          0x00000000c001071a      0x339 hal/partition.32
                0x00000000c001071a                makePartition(PhysicalDisk*, unsigned long long, unsigned long long)
                0x00000000c00107c2                createPartitionsForDisk(PhysicalDisk*)
 *fill*         0x00000000c0010a53        0x1 
 .text          0x00000000c0010a54       0x86 hal/serial.32
                0x00000000c0010a54                Serial::Serial(char const*)
                0x00000000c0010a54                Serial::Serial(char const*)
                0x00000000c0010a8c                Serial::~Serial()
                0x00000000c0010a8c                Serial::~Serial()
                0x00000000c0010ab0                Serial::~Serial()
 *fill*         0x00000000c0010ada        0x2 
 .text          0x00000000c0010adc      0x2f2 hal/timer.32
                0x00000000c0010adc                Timer::Timer(char const*)
                0x00000000c0010adc                Timer::Timer(char const*)
                0x00000000c0010b14                Timer::~Timer()
                0x00000000c0010b14                Timer::~Timer()
                0x00000000c0010b38                Timer::~Timer()
                0x00000000c0010b62                Timer::read()
                0x00000000c0010b6d                timerHandler(unsigned int)
                0x00000000c0010cd4                setupTimer(int)
 *fill*         0x00000000c0010dce        0x2 
 .text          0x00000000c0010dd0      0x43e hal/vcache.32
                0x00000000c0010dd0                VCache::VCache(PhysicalDisk*)
                0x00000000c0010dd0                VCache::VCache(PhysicalDisk*)
                0x00000000c0010f38                VCache::invalidateReadBuffer()
                0x00000000c0010f48                VCache::writeWriteBuffer()
                0x00000000c0010f94                VCache::~VCache()
                0x00000000c0010f94                VCache::~VCache()
                0x00000000c0010fe8                VCache::~VCache()
                0x00000000c0011010                VCache::write(unsigned long long, int, void*)
                0x00000000c001110a                VCache::read(unsigned long long, int, void*)
 .text          0x00000000c001120e      0x4b3 hal/video.32
                0x00000000c001120e                Video::putrect(int, int, int, int, unsigned int)
                0x00000000c001125a                Video::bitblit(int, int, int, int, int, int, int, unsigned int*)
                0x00000000c00112ca                Video::blit(unsigned int*, int, int, int, int)
                0x00000000c0011348                Video::clearScreen(unsigned int)
                0x00000000c001137c                Video::putpixel(int, int, unsigned int)
                0x00000000c001138a                Video::Video(char const*)
                0x00000000c001138a                Video::Video(char const*)
                0x00000000c00113c0                Video::~Video()
                0x00000000c00113c0                Video::~Video()
                0x00000000c00113e4                Video::~Video()
                0x00000000c001140e                Video::isMonochrome()
                0x00000000c001141a                Video::getWidth()
                0x00000000c0011426                Video::getHeight()
                0x00000000c0011432                Video::drawCursor(int, int, unsigned char*, int)
                0x00000000c00114ee                Video::tgaParse(unsigned char*, int, int*, int*)
                0x00000000c0011656                Video::putTGA(int, int, unsigned char*, int)
 *fill*         0x00000000c00116c1        0x3 
 .text          0x00000000c00116c4     0x1707 hw/acpi.32
                0x00000000c00116c4                ACPI::close(int, int, void*)
                0x00000000c0011778                findRSDP()
                0x00000000c001184c                loadACPITables(unsigned char*)
                0x00000000c0011ab0                findRSDT(unsigned char*)
                0x00000000c0011c70                findDataTable(unsigned char*, char*)
                0x00000000c0011ce8                scanMADT()
                0x00000000c00121c4                ACPI::ACPI()
                0x00000000c00121c4                ACPI::ACPI()
                0x00000000c0012228                ACPI::getPCIIRQAssignment(unsigned char, unsigned short, unsigned char)
                0x00000000c0012310                ACPI::registerPCIIRQAssignment(void*, unsigned short, unsigned char, unsigned char)
                0x00000000c00123d8                ACPI::setScreenBrightnessLevel(void*, int)
                0x00000000c00123e0                ACPI::detectPCI()
                0x00000000c00128c4                ACPI::writeSimpleBootFlag(SimpleBootFlagTable*)
                0x00000000c001290c                ACPI::sleep()
                0x00000000c0012948                ACPI::open(int, int, void*)
 *fill*         0x00000000c0012dcb        0x1 
 .text          0x00000000c0012dcc     0x1865 hw/cpu.32
                0x00000000c0012dcc                CPU::close(int, int, void*)
                0x00000000c0012dd0                CPU::lookupAMDName(unsigned char, unsigned char)
                0x00000000c0012f64                CPU::lookupIntelName(unsigned char, unsigned char)
                0x00000000c0013212                CPU::AMD_K6_write_msr(unsigned int, unsigned int, unsigned int, CPU::REGS*)
                0x00000000c001322e                CPU::AMD_K6_read_msr(unsigned int, CPU::REGS*)
                0x00000000c0013246                CPU::AMD_K6_writeback(int, int, int)
                0x00000000c00132ba                CPU::cpuid(int, unsigned long*, unsigned long*, unsigned long*, unsigned long*)
                0x00000000c001333e                CPU::cpuidCheckEDX(unsigned int)
                0x00000000c001336c                CPU::cpuidCheckECX(unsigned int)
                0x00000000c001339a                CPU::cpuidCheckExtendedEBX(unsigned int)
                0x00000000c00133c8                CPU::cpuidCheckExtendedECX(unsigned int)
                0x00000000c00133f6                CPU::CPU()
                0x00000000c00133f6                CPU::CPU()
                0x00000000c0013484                CPU::displayFeatures()
                0x00000000c0013724                CPU::detectFeatures()
                0x00000000c001414e                CPU::setupSMEP()
                0x00000000c001415a                CPU::setupUMIP()
                0x00000000c0014164                CPU::setupTSC()
                0x00000000c001416e                CPU::setupLargePages()
                0x00000000c0014178                CPU::setupPAT()
                0x00000000c00141b4                CPU::setupMTRR()
                0x00000000c00141b6                CPU::setupGlobalPages()
                0x00000000c00141c0                CPU::allowUsermodeDataAccess()
                0x00000000c00141d2                CPU::prohibitUsermodeDataAccess()
                0x00000000c00141e4                CPU::setupSMAP()
                0x00000000c00141f2                CPU::setupFeatures()
                0x00000000c00142be                CPU::open(int, int, void*)
                0x00000000c0014436                CPU::decodeAddress(regs*, int*, bool*, unsigned char*)
 .text          0x00000000c0014631      0x16a hw/smp.32
                0x00000000c0014631                Krnl::smpEntry()
                0x00000000c0014633                Krnl::startCPU(int)
                0x00000000c001477c                Krnl::startCPUs()
 *fill*         0x00000000c001479b        0x1 
 .text          0x00000000c001479c      0x581 krnl/env.32
                0x00000000c001479c                EnvVarContainer::getEnv(char const*)
                0x00000000c00147da                EnvVarContainer::setEnv(char const*, char const*)
                0x00000000c001489c                EnvVarContainer::deleteEnv(char const*)
                0x00000000c001489e                EnvVarContainer::loadFrom(char const*, char const*)
                0x00000000c0014a84                EnvVarContainer::__loadSystem()
                0x00000000c0014a9e                EnvVarContainer::__loadUser()
                0x00000000c0014aa0                EnvVarContainer::EnvVarContainer(Process*)
                0x00000000c0014aa0                EnvVarContainer::EnvVarContainer(Process*)
                0x00000000c0014ac2                EnvVarContainer::~EnvVarContainer()
                0x00000000c0014ac2                EnvVarContainer::~EnvVarContainer()
                0x00000000c0014af2                Krnl::getEnv(Process*, char const*)
                0x00000000c0014b57                Krnl::setEnvSystem(char const*, char const*)
                0x00000000c0014b71                Krnl::setEnvUser(char const*, char const*)
                0x00000000c0014b90                Krnl::setEnvProcess(Process*, char const*, char const*)
                0x00000000c0014ba3                Krnl::deleteEnvSystem(char const*)
                0x00000000c0014ba4                Krnl::deleteEnvUser(char const*)
                0x00000000c0014ba5                Krnl::deleteEnvProcess(Process*, char const*)
                0x00000000c0014ba6                Krnl::newProcessEnv(Process*)
                0x00000000c0014bc8                Krnl::copyProcessEnv(Process*, Process*)
                0x00000000c0014c14                Krnl::loadSystemEnv()
                0x00000000c0014c42                Krnl::loadUserEnv()
                0x00000000c0014c68                Krnl::flushEnv()
                0x00000000c0014c69                Krnl::getProcessTotalEnvCount(Process*)
                0x00000000c0014c89                Krnl::getProcessEnvPair(Process*, int)
 .text          0x00000000c0014d1d      0x243 krnl/panic.32
                0x00000000c0014d1d                Krnl::panic(char const*)
 .text          0x00000000c0014f60      0x194 krnl/powctrl.32
                0x00000000c0014f60                Krnl::powerThread(void*)
                0x00000000c0014fe0                Krnl::changePowerSettings(Krnl::PowerSettings)
                0x00000000c0014ff6                Krnl::userIOReceived()
                0x00000000c0015001                Krnl::handlePowerButton()
                0x00000000c0015036                Krnl::handleSleepButton()
                0x00000000c001506b                Krnl::setupPowerManager()
 .text          0x00000000c00150f4      0x50e reg/registry.32
                0x00000000c00150f4                Reg::findLineFromLoadedData(char*, char*, char*)
                0x00000000c001524c                Reg::getLineFromRegistry(char*, char*, char*, char*)
                0x00000000c00153a1                Reg::getLine(char*, char*, char*)
                0x00000000c00153d8                Reg::readInt(char*, char*, int*)
                0x00000000c00154c3                Reg::readString(char*, char*, char*, int)
                0x00000000c0015544                Reg::readBool(char*, char*, bool*)
                0x00000000c0015569                Reg::readBoolWithDefault(char*, char*, bool)
                0x00000000c0015595                Reg::readIntWithDefault(char*, char*, int)
                0x00000000c00155c1                Reg::readStringWithDefault(char*, char*, char*, int, char*)
 .text          0x00000000c0015602       0x36 sys/sc_eject.32
                0x00000000c0015602                Sys::eject(regs*)
 .text          0x00000000c0015638       0x18 sys/sc_exit.32
                0x00000000c0015638                Sys::exit(regs*)
 .text          0x00000000c0015650       0x1f sys/sc_getcwd.32
                0x00000000c0015650                Sys::getCwd(regs*)
 .text          0x00000000c001566f        0xc sys/sc_getpid.32
                0x00000000c001566f                Sys::getPID(regs*)
 .text          0x00000000c001567b       0x1a sys/sc_getramdata.32
                0x00000000c001567b                Sys::getRAMData(regs*)
 .text          0x00000000c0015695       0x84 sys/sc_getvgaptr.32
                0x00000000c0015695                Sys::getVGAPtr(regs*)
 .text          0x00000000c0015719       0xa8 sys/sc_loaddll.32
                0x00000000c0015719                Sys::loadDLL(regs*)
 .text          0x00000000c00157c1       0x68 sys/sc_read.32
                0x00000000c00157c1                Sys::read(regs*)
 .text          0x00000000c0015829       0x55 sys/sc_sbrk.32
                0x00000000c0015829                Sys::sbrk(regs*)
 .text          0x00000000c001587e       0x1c sys/sc_setcwd.32
                0x00000000c001587e                Sys::setCwd(regs*)
 .text          0x00000000c001589a       0x95 sys/sc_settime.32
                0x00000000c001589a                Sys::setTime(regs*)
 .text          0x00000000c001592f       0x4a sys/sc_timezone.32
                0x00000000c001592f                Sys::timezone(regs*)
 .text          0x00000000c0015979       0x68 sys/sc_write.32
                0x00000000c0015979                Sys::write(regs*)
 .text          0x00000000c00159e1       0x62 sys/sc_wsbe.32
                0x00000000c00159e1                Sys::wsbe(regs*)
 .text          0x00000000c0015a43       0x38 sys/sc_yield.32
                0x00000000c0015a43                Sys::yield(regs*)
 .text          0x00000000c0015a7b      0xf8e sys/syscalls.32
                0x00000000c0015a7b                sysCallSeekDir(regs*)
                0x00000000c0015a80                sysCallTellDir(regs*)
                0x00000000c0015a85                sysCallVerify(regs*)
                0x00000000c0015a8f                sysCallGetArgc(regs*)
                0x00000000c0015a9f                sysFormatDisk(regs*)
                0x00000000c0015b09                sysSetDiskVolumeLabel(regs*)
                0x00000000c0015b53                sysGetDiskVolumeLabel(regs*)
                0x00000000c0015ba8                sysShutdown(regs*)
                0x00000000c0015c06                sysCallRealpath(regs*)
                0x00000000c0015c49                sysCallReadDir(regs*)
                0x00000000c0015cc8                sysCallIsATTY(regs*)
                0x00000000c0015d22                sysCallSeek(regs*)
                0x00000000c0015d79                sysCallTell(regs*)
                0x00000000c0015de5                sysCallSize(regs*)
                0x00000000c0015e57                sysCallSizeFromFilename(regs*)
                0x00000000c0015f06                sysCallClose(regs*)
                0x00000000c0015f66                sysCallOpenDir(regs*)
                0x00000000c0015fdb                sysCallCloseDir(regs*)
                0x00000000c001602f                sysCallMakeDir(regs*)
                0x00000000c001609f                sysCallWait(regs*)
                0x00000000c00160b9                sysCallNotImpl(regs*)
                0x00000000c00160d4                sysPanic(regs*)
                0x00000000c00160ee                sysCallRmdir(regs*)
                0x00000000c0016152                sysCallUnlink(regs*)
                0x00000000c00161b6                sysCallGetArgv(regs*)
                0x00000000c0016202                sysCallTTYName(regs*)
                0x00000000c0016285                sysCallUSleep(regs*)
                0x00000000c00162ae                sysCallSpawn(regs*)
                0x00000000c0016316                sysCallGetEnv(regs*)
                0x00000000c00163c3                sysAppSettings(regs*)
                0x00000000c00164d7                sysSetFatAttrib(regs*)
                0x00000000c0016549                sysPipe(regs*)
                0x00000000c001658e                sysGetUnixTime(regs*)
                0x00000000c00165a2                string_ends_with(char const*, char const*)
                0x00000000c00165ea                sysCallOpen(regs*)
                0x00000000c00167d2                Sys::loadSyscalls()
                0x00000000c00169c7                Sys::systemCall(regs*, void*)
 .text          0x00000000c0016a09     0x1203 thr/elf.32
                0x00000000c0016a09                Thr::allocateMemoryForTask(Process*, File*, unsigned long, unsigned long, unsigned long)
                0x00000000c0016cb3                Thr::loadProgramIntoMemory(Process*, char const*)
                0x00000000c0016ec9                Thr::runtimeReferenceHelper()
                0x00000000c0016edc                Thr::getAddressOfKernelSymbol(char const*)
                0x00000000c0016f2b                Thr::loadKernelSymbolTable(char const*)
                0x00000000c00171e9                Thr::loadDriverIntoMemory(char const*, unsigned long, bool)
                0x00000000c001791f                Thr::getDriverBaseFromAddress(unsigned long)
                0x00000000c0017951                Thr::getDriverNameFromAddress(unsigned long)
                0x00000000c0017988                Thr::getDriverOffsetFromAddress(unsigned long)
                0x00000000c00179a2                Thr::loadDLL(char const*, bool)
                0x00000000c0017bd3                Thr::executeDLL(unsigned long, void*)
 .text          0x00000000c0017c0c     0x12a1 thr/prcssthr.32
                0x00000000c0017c0c                userModeEntryPoint(void*)
                0x00000000c0017c34                changeTSS
                0x00000000c0017c64                switchToThread(ThreadControlBlock*)
                0x00000000c0017d10                Process::addArgs(char**)
                0x00000000c0017d70                Process::Process(char const*, Process*, char**)
                0x00000000c0017d70                Process::Process(char const*, Process*, char**)
                0x00000000c0017f5c                Process::Process(bool, char const*, Process*, char**)
                0x00000000c0017f5c                Process::Process(bool, char const*, Process*, char**)
                0x00000000c0018114                taskStartupFunction
                0x00000000c0018120                Semaphore::Semaphore(int)
                0x00000000c0018120                Semaphore::Semaphore(int)
                0x00000000c0018150                Mutex::Mutex()
                0x00000000c0018150                Mutex::Mutex()
                0x00000000c0018164                Process::createThread(void (*)(void*), void*, int)
                0x00000000c001825c                Process::createUserThread()
                0x00000000c0018278                setupMultitasking(void (*)())
                0x00000000c0018380                schedule()
                0x00000000c001840c                Semaphore::tryAcquire()
                0x00000000c00184d8                Semaphore::assertLocked(char const*)
                0x00000000c0018550                blockTaskWithSchedulerLockAlreadyHeld(TaskState)
                0x00000000c0018578                blockTask(TaskState)
                0x00000000c00185a8                waitTask(int, int*, int)
                0x00000000c00185ec                milliTenthSleepUntil(unsigned int)
                0x00000000c0018678                milliTenthSleep(unsigned int)
                0x00000000c0018688                sleep(unsigned int)
                0x00000000c00186a4                Semaphore::acquire()
                0x00000000c0018760                taskReturned
                0x00000000c001879c                Thr::processFromPID(int)
                0x00000000c001883c                unblockTask(ThreadControlBlock*)
                0x00000000c00188e0                cleanupTerminatedTask(ThreadControlBlock*)
                0x00000000c0018ba8                cleanerTaskFunction(void*)
                0x00000000c0018c98                terminateTask(int)
                0x00000000c0018d64                Thr::terminateFromIRQ(int)
                0x00000000c0018d70                Semaphore::release()
 .text          0x00000000c0018ead      0xb93 vm86/vm8086.32
                0x00000000c0018ead                Vm::inbv(unsigned short)
                0x00000000c0018ec0                Vm::outbv(unsigned short, unsigned char)
                0x00000000c0018ef6                Vm::realToLinear(unsigned short, unsigned short)
                0x00000000c0018f06                Vm::getSegment(unsigned int)
                0x00000000c0018f0e                Vm::getOffset(unsigned int)
                0x00000000c0018f13                Vm::mainloop2()
                0x00000000c0018f4d                Vm::mainVm8086Loop(void*)
                0x00000000c0018f5d                Vm::mainloop3(unsigned long)
                0x00000000c0018f83                Vm::initialise8086()
                0x00000000c0018fc6                Vm::finish8086()
                0x00000000c0019027                Vm::getOutput8086(unsigned char*)
                0x00000000c001904c                Vm::start8086FromBuffer(unsigned char*, int, unsigned short, unsigned short, unsigned short, unsigned short)
                0x00000000c0019105                Vm::start8086(char const*, unsigned short, unsigned short, unsigned short, unsigned short)
                0x00000000c001926d                Vm::doISR(regs*, int, unsigned char*, unsigned short, unsigned short)
                0x00000000c00192f7                Vm::readByteFromReal(unsigned short, unsigned short)
                0x00000000c0019308                Vm::readWordFromReal(unsigned short, unsigned short)
                0x00000000c001931a                Vm::readDwordFromReal(unsigned short, unsigned short)
                0x00000000c001932b                Vm::writeByteFromReal(unsigned short, unsigned short, unsigned char)
                0x00000000c0019340                Vm::writeWordFromReal(unsigned short, unsigned short, unsigned short)
                0x00000000c0019356                Vm::writeDwordFromReal(unsigned short, unsigned short, unsigned int)
                0x00000000c001936b                Vm::faultHandler(regs*)
 .text          0x00000000c0019a40      0xfcd vm86/x87em.32
                0x00000000c0019a40                Vm::fpuInternalTo32(unsigned long long)
                0x00000000c0019a9e                Vm::fpuInternalTo64(unsigned long long)
                0x00000000c0019aa7                Vm::fpu32ToInternal(unsigned int)
                0x00000000c0019aec                Vm::fpu64ToInternal(unsigned long long)
                0x00000000c0019af5                Vm::fpuFloatToLong(unsigned long long)
                0x00000000c0019b54                Vm::fpuULongToFloat(unsigned long long)
                0x00000000c0019b90                Vm::fpuLongToFloat(long long)
                0x00000000c0019bef                Vm::fpuGet0()
                0x00000000c0019bf4                Vm::fpuGet1()
                0x00000000c0019bfc                Vm::fpuGetPi()
                0x00000000c0019c04                Vm::fpuGetLog2E()
                0x00000000c0019c1c                Vm::fpuGetLogE2()
                0x00000000c0019c34                Vm::fpuGetLog210()
                0x00000000c0019c4c                Vm::fpuGetLog102()
                0x00000000c0019c64                Vm::fpuIsSecondLarger(unsigned long long, unsigned long long)
                0x00000000c0019c78                Vm::fpuAreEqual(unsigned long long, unsigned long long)
                0x00000000c0019c8e                Vm::fpuUnorderedCompare(unsigned long long, unsigned long long)
                0x00000000c0019ce4                Vm::fpuAdd(unsigned long long, unsigned long long)
                0x00000000c0019cf5                Vm::fpuAbs(unsigned long long)
                0x00000000c0019cfe                Vm::fpuChs(unsigned long long)
                0x00000000c0019d0e                Vm::fpuSub(unsigned long long, unsigned long long)
                0x00000000c0019d1d                Vm::fpuMultiply(unsigned long long, unsigned long long)
                0x00000000c0019d3c                Vm::fpuDivide(unsigned long long, unsigned long long)
                0x00000000c0019d58                Vm::fpuSquare(unsigned long long)
                0x00000000c0019d6e                Vm::fpuGetReg(int)
                0x00000000c0019db1                Vm::fpuSetReg(int, unsigned long long)
                0x00000000c0019dfd                Vm::fpuPush(unsigned long long)
                0x00000000c0019e5b                Vm::fpuPop()
                0x00000000c0019eae                Vm::x87Handler(regs*)
 .text          0x00000000c001aa0d      0x281 arch/i386/hal.32
                0x00000000c001aa0d                Hal::noCopro(unsigned long)
                0x00000000c001aa0e                Hal::noTSC()
                0x00000000c001aa13                Hal::readTSC()
                0x00000000c001aa16                i386SaveCoprocessor(void*)
                0x00000000c001aa2a                i386LoadCoprocessor(void*)
                0x00000000c001aa3e                x87EmulHandler(regs*, void*)
                0x00000000c001aafe                Hal::initialiseCoprocessor()
                0x00000000c001abe8                Hal::panic(char const*)
                0x00000000c001abed                Hal::initialise()
                0x00000000c001ac20                Hal::makeBeep(int)
                0x00000000c001ac5a                Hal::getRand()
                0x00000000c001ac5d                Hal::endOfInterrupt(int)
 *fill*         0x00000000c001ac8e        0x2 
 .text          0x00000000c001ac90      0x2b4 arch/i386/pic.32
                0x00000000c001ac90                picIoWait()
                0x00000000c001ac98                picDisable()
                0x00000000c001accc                picGetIRQReg(int)
                0x00000000c001ad48                picRemap()
                0x00000000c001aea4                picEOI(int)
 .text          0x00000000c001af44     0x13b7 fs/fat/vfslink.32
                0x00000000c001af44                FAT::getName()
                0x00000000c001af4c                FAT::tell(void*, unsigned long long*)
                0x00000000c001af88                FAT::stat(void*, unsigned long long*)
                0x00000000c001afc4                FAT::~FAT()
                0x00000000c001afc4                FAT::~FAT()
                0x00000000c001afe8                FAT::~FAT()
                0x00000000c001b010                FAT::getlabel(LogicalDisk*, int, char*, unsigned int*)
                0x00000000c001b0b4                FAT::setlabel(LogicalDisk*, int, char*)
                0x00000000c001b178                FAT::format(LogicalDisk*, int, char const*, int)
                0x00000000c001b34c                FAT::tryMount(LogicalDisk*, int)
                0x00000000c001b564                FAT::allocateSwapfile(char const*, int)
                0x00000000c001b720                FAT::readDir(void*, unsigned long, void*, int*)
                0x00000000c001b88c                FAT::read(void*, unsigned long, void*, int*)
                0x00000000c001b8ec                FAT::write(void*, unsigned long, void*, int*)
                0x00000000c001b94c                FAT::close(void*)
                0x00000000c001b9a0                FAT::closeDir(void*)
                0x00000000c001b9f4                FAT::seek(void*, unsigned long long)
                0x00000000c001ba50                fatWrapperReadDisk
                0x00000000c001ba98                fatWrapperWriteDisk
                0x00000000c001bae0                fatWrapperIoctl
                0x00000000c001bbf0                FAT::FAT()
                0x00000000c001bbf0                FAT::FAT()
                0x00000000c001bc44                FAT::fixFilepath(char*)
                0x00000000c001bc80                FAT::open(char const*, void**, FileOpenMode)
                0x00000000c001bdb4                FAT::openDir(char const*, void**)
                0x00000000c001be64                FAT::stat(char const*, unsigned long long*, bool*)
                0x00000000c001bf58                FAT::unlink(char const*)
                0x00000000c001bfd8                FAT::chfatattr(char const*, unsigned char, unsigned char)
                0x00000000c001c140                FAT::rename(char const*, char const*)
                0x00000000c001c20c                FAT::mkdir(char const*)
                0x00000000c001c28c                FAT::exists(char const*)
 *fill*         0x00000000c001c2fb        0x1 
 .text          0x00000000c001c2fc      0xba7 fs/iso9660/vfslink.32
                0x00000000c001c2fc                ISO9660::format(LogicalDisk*, int, char const*, int)
                0x00000000c001c302                ISO9660::seek(void*, unsigned long long)
                0x00000000c001c332                ISO9660::tell(void*, unsigned long long*)
                0x00000000c001c356                ISO9660::getName()
                0x00000000c001c35c                ISO9660::stat(void*, unsigned long long*)
                0x00000000c001c380                ISO9660::chfatattr(char const*, unsigned char, unsigned char)
                0x00000000c001c386                ISO9660::unlink(char const*)
                0x00000000c001c38c                ISO9660::write(void*, unsigned long, void*, int*)
                0x00000000c001c392                ISO9660::rename(char const*, char const*)
                0x00000000c001c398                ISO9660::mkdir(char const*)
                0x00000000c001c39e                ISO9660::close(void*)
                0x00000000c001c3c0                ISO9660::closeDir(void*)
                0x00000000c001c3e2                ISO9660::~ISO9660()
                0x00000000c001c3e2                ISO9660::~ISO9660()
                0x00000000c001c406                ISO9660::~ISO9660()
                0x00000000c001c42d                __memmem(unsigned char*, int, unsigned char*, int)
                0x00000000c001c46f                readSectorFromCDROM(unsigned int, unsigned char*, char)
                0x00000000c001c4ea                ISO9660::tryMount(LogicalDisk*, int)
                0x00000000c001c54a                ISO9660::read(void*, unsigned long, void*, int*)
                0x00000000c001c74e                ISO9660::readDir(void*, unsigned long, void*, int*)
                0x00000000c001c9c8                readRoot(unsigned int*, unsigned int*, char)
                0x00000000c001ca1c                readRecursively(char*, unsigned int, unsigned int, unsigned int*, unsigned int*, char, int*)
                0x00000000c001cbf2                getFileData(char*, unsigned int*, unsigned int*, char, int*)
                0x00000000c001cc80                ISO9660::open(char const*, void**, FileOpenMode)
                0x00000000c001cd2e                ISO9660::exists(char const*)
                0x00000000c001cd52                ISO9660::stat(char const*, unsigned long long*, bool*)
                0x00000000c001cde6                ISO9660::openDir(char const*, void**)
                0x00000000c001ce80                ISO9660::ISO9660()
                0x00000000c001ce80                ISO9660::ISO9660()
 *fill*         0x00000000c001cea3        0x1 
 .text          0x00000000c001cea4      0x298 hal/sound/sndcard.32
                0x00000000c001cea4                SoundCard::beginPlayback()
                0x00000000c001ceb2                SoundCard::stopPlayback()
                0x00000000c001cec0                SoundCard::SoundCard(char const*)
                0x00000000c001cec0                SoundCard::SoundCard(char const*)
                0x00000000c001cf5e                SoundCard::~SoundCard()
                0x00000000c001cf5e                SoundCard::~SoundCard()
                0x00000000c001cf82                SoundCard::~SoundCard()
                0x00000000c001cfac                SoundCard::configureRates(int, int, int)
                0x00000000c001cfdc                SoundCard::getSamples16(int, short*)
                0x00000000c001d046                SoundCard::getSamples32(int, int*)
                0x00000000c001d0cc                SoundCard::addChannel(SoundPort*)
                0x00000000c001d128                SoundCard::removeChannel(int)
 .text          0x00000000c001d13c      0x3fb hal/sound/sndport.32
                0x00000000c001d13c                SoundPort::SoundPort(int, int, int, int)
                0x00000000c001d13c                SoundPort::SoundPort(int, int, int, int)
                0x00000000c001d1c8                SoundPort::~SoundPort()
                0x00000000c001d1c8                SoundPort::~SoundPort()
                0x00000000c001d1fc                SoundPort::unpause()
                0x00000000c001d208                SoundPort::pause()
                0x00000000c001d214                SoundPort::getBufferUsed()
                0x00000000c001d21c                SoundPort::getBufferSize()
                0x00000000c001d224                SoundPort::buffer16(short*, int)
                0x00000000c001d2d8                SoundPort::buffer32(int*, int)
                0x00000000c001d384                SoundPort::unbufferAndAdd16(int, short*, SoundCard*)
                0x00000000c001d480                SoundPort::unbufferAndAdd32(int, int*, SoundCard*)
 .text          0x00000000c001d537        0x0 hw/bus/isa.32
 *fill*         0x00000000c001d537        0x1 
 .text          0x00000000c001d538     0x1187 hw/bus/pci.32
                0x00000000c001d538                PCI::open(int, int, void*)
                0x00000000c001d556                PCI::close(int, int, void*)
                0x00000000c001d55a                PCI::PCI()
                0x00000000c001d55a                PCI::PCI()
                0x00000000c001d5f0                PCI::readBAR8(unsigned int, int)
                0x00000000c001d60c                PCI::readBAR16(unsigned int, int)
                0x00000000c001d62a                PCI::readBAR32(unsigned int, int)
                0x00000000c001d646                PCI::writeBAR8(unsigned int, unsigned char, int)
                0x00000000c001d666                PCI::writeBAR16(unsigned int, unsigned short, int)
                0x00000000c001d688                PCI::writeBAR32(unsigned int, unsigned int, int)
                0x00000000c001d6a8                PCI::legacyMechanism(unsigned char, unsigned char, unsigned char, unsigned char)
                0x00000000c001d716                PCI::pciReadWord(unsigned char, unsigned char, unsigned char, unsigned char)
                0x00000000c001d7be                PCI::getVendorID(unsigned char, unsigned char, unsigned char)
                0x00000000c001d7e2                PCI::getHeaderType(unsigned char, unsigned char, unsigned char)
                0x00000000c001d80a                PCI::getClassCode(unsigned char, unsigned char, unsigned char)
                0x00000000c001d854                PCI::getProgIF(unsigned char, unsigned char, unsigned char)
                0x00000000c001d87c                PCI::getRevisionID(unsigned char, unsigned char, unsigned char)
                0x00000000c001d8a0                PCI::getInterruptNumber(unsigned char, unsigned char, unsigned char)
                0x00000000c001d8c4                PCI::getSecondaryBus(unsigned char, unsigned char, unsigned char)
                0x00000000c001d8ec                PCI::getBARAddress(unsigned char, unsigned char, unsigned char, unsigned char)
                0x00000000c001d950                PCI::pciWriteWord(unsigned char, unsigned char, unsigned char, unsigned char, unsigned short)
                0x00000000c001da38                PCI::pciDetailsToFilepath(PCIDeviceInfo, char*)
                0x00000000c001de2a                PCI::checkBus(unsigned char)
                0x00000000c001de4e                PCI::foundDevice(PCIDeviceInfo)
                0x00000000c001e28e                PCI::getDeviceData(unsigned char, unsigned char, unsigned char)
                0x00000000c001e600                PCI::checkDevice(unsigned char, unsigned char)
                0x00000000c001e66c                PCI::detect()
 *fill*         0x00000000c001e6bf        0x1 
 .text          0x00000000c001e6c0      0xb66 hw/diskctrl/ide.32
                0x00000000c001e6c0                IDE::close(int, int, void*)
                0x00000000c001e6c4                IDE::IDE()
                0x00000000c001e6c4                IDE::IDE()
                0x00000000c001e6f8                IDE::prepareInterrupt(unsigned char)
                0x00000000c001e70a                selectDrive(unsigned char, unsigned char)
                0x00000000c001e70c                IDE::getBase(unsigned char)
                0x00000000c001e71e                IDE::write(unsigned char, unsigned char, unsigned char)
                0x00000000c001e7de                IDE::read(unsigned char, unsigned char)
                0x00000000c001e88c                IDE::waitInterrupt(unsigned char)
                0x00000000c001e8ee                ideChannel0IRQHandler(regs*, void*)
                0x00000000c001e90a                ideChannel1IRQHandler(regs*, void*)
                0x00000000c001e926                IDE::enableIRQs(unsigned char, bool)
                0x00000000c001e96c                IDE::open(int, int, void*)
                0x00000000c001ed96                IDE::readBuffer(unsigned char, unsigned char, unsigned int, unsigned int)
                0x00000000c001ee62                IDE::detect()
                0x00000000c001f122                IDE::printError(unsigned char, unsigned char, unsigned char)
                0x00000000c001f1d2                IDE::polling(unsigned char, unsigned int)
 .text          0x00000000c001f226      0x46c hw/diskctrl/satabus.32
                0x00000000c001f226                SATABus::close(int, int, void*)
                0x00000000c001f22a                SATABus::detect()
                0x00000000c001f22c                SATABus::SATABus()
                0x00000000c001f22c                SATABus::SATABus()
                0x00000000c001f2b2                SATABus::findCmdslot(SATABus::tagHBA_PORT volatile*)
                0x00000000c001f2e4                SATABus::checkType(SATABus::tagHBA_PORT volatile*)
                0x00000000c001f32c                SATABus::startCmd(SATABus::tagHBA_PORT volatile*)
                0x00000000c001f34c                SATABus::stopCmd(SATABus::tagHBA_PORT volatile*)
                0x00000000c001f376                SATABus::portRebase(SATABus::tagHBA_PORT volatile*, int)
                0x00000000c001f47c                SATABus::probePort(SATABus::tagHBA_MEM volatile*)
                0x00000000c001f65e                SATABus::open(int, int, void*)
 .text          0x00000000c001f692      0x684 hw/diskphys/ata.32
                0x00000000c001f692                ATA::close(int, int, void*)
                0x00000000c001f6b6                ATA::powerSaving(PowerSavingLevel)
                0x00000000c001f6b8                ATA::ATA()
                0x00000000c001f6b8                ATA::ATA()
                0x00000000c001f6e6                ATA::flush(bool)
                0x00000000c001f730                ATA::readyForCommand()
                0x00000000c001f77c                ATA::access(unsigned long long, int, void*, bool)
                0x00000000c001fb72                ATA::read(unsigned long long, int, void*)
                0x00000000c001fbbe                ATA::write(unsigned long long, int, void*)
                0x00000000c001fc20                ATA::detectCHS()
                0x00000000c001fc4a                ATA::open(int, int, void*)
 .text          0x00000000c001fd16      0x645 hw/diskphys/atapi.32
                0x00000000c001fd16                ATAPI::write(unsigned long long, int, void*)
                0x00000000c001fd1c                ATAPI::close(int, int, void*)
                0x00000000c001fd40                ATAPI::ATAPI()
                0x00000000c001fd40                ATAPI::ATAPI()
                0x00000000c001fd6e                ATAPI::readyForCommand()
                0x00000000c001fdc0                ATAPI::sendPacket(unsigned char*, int, bool, unsigned short*, int)
                0x00000000c0020080                ATAPI::diskRemoved()
                0x00000000c00200dc                ATAPI::eject()
                0x00000000c0020124                ATAPI::diskInserted()
                0x00000000c0020140                ATAPI::detectMedia()
                0x00000000c00201fc                ATAPI::open(int, int, void*)
                0x00000000c00202dc                ATAPI::read(unsigned long long, int, void*)
 *fill*         0x00000000c002035b        0x1 
 .text          0x00000000c002035c      0xa68 hw/diskphys/sata.32
                0x00000000c002035c                SATA::close(int, int, void*)
                0x00000000c0020380                SATA::powerSaving(PowerSavingLevel)
                0x00000000c0020382                SATA::open(int, int, void*)
                0x00000000c0020578                SATA::SATA()
                0x00000000c0020578                SATA::SATA()
                0x00000000c00205a6                SATA::access(unsigned long long, int, void*, bool)
                0x00000000c0020b9e                SATA::read(unsigned long long, int, void*)
                0x00000000c0020c9e                SATA::write(unsigned long long, int, void*)
 .text          0x00000000c0020dc4      0x642 hw/diskphys/satapi.32
                0x00000000c0020dc4                SATAPI::write(unsigned long long, int, void*)
                0x00000000c0020dca                SATAPI::close(int, int, void*)
                0x00000000c0020dee                SATAPI::SATAPI()
                0x00000000c0020dee                SATAPI::SATAPI()
                0x00000000c0020e1c                SATAPI::diskRemoved()
                0x00000000c0020e1e                SATAPI::diskInserted()
                0x00000000c0020e3a                SATAPI::sendPacket(unsigned char*, int, unsigned long long, unsigned short*, int)
                0x00000000c00210c8                SATAPI::eject()
                0x00000000c0021104                SATAPI::detectMedia()
                0x00000000c002122e                SATAPI::open(int, int, void*)
                0x00000000c002132e                SATAPI::read(unsigned long long, int, void*)
 .text          0x00000000c0021406      0x6f0 hw/intctrl/apic.32
                0x00000000c0021406                APIC::disable()
                0x00000000c0021408                APIC::close(int, int, void*)
                0x00000000c002142a                IOAPIC::close(int, int, void*)
                0x00000000c0021430                APIC::io_wait()
                0x00000000c0021436                APIC::getBase()
                0x00000000c0021478                APIC::open(int, int, void*)
                0x00000000c00215c6                IOAPIC::IOAPIC()
                0x00000000c00215c6                IOAPIC::IOAPIC()
                0x00000000c00215ee                APIC::APIC()
                0x00000000c00215ee                APIC::APIC()
                0x00000000c00216ca                IOAPIC::handlesGSIWithNumber(unsigned int)
                0x00000000c00216fc                IOAPIC::read(int)
                0x00000000c0021724                IOAPIC::open(int, int, void*)
                0x00000000c002181a                IOAPIC::write(int, int)
                0x00000000c0021846                IOAPIC::redirect(unsigned char, unsigned long long, unsigned char, bool, bool)
                0x00000000c0021940                APIC::installIRQHandler(int, void (*)(regs*, void*), bool, void*)
 .text          0x00000000c0021af6      0x341 hw/intctrl/pic.32
                0x00000000c0021af6                PIC::disable()
                0x00000000c0021b24                PIC::close(int, int, void*)
                0x00000000c0021b46                PIC::PIC()
                0x00000000c0021b46                PIC::PIC()
                0x00000000c0021c1c                PIC::ioWait()
                0x00000000c0021c22                PIC::getIRQReg(int)
                0x00000000c0021c8c                PIC::remap()
                0x00000000c0021df8                PIC::open(int, int, void*)
 *fill*         0x00000000c0021e37        0x1 
 .text          0x00000000c0021e38      0x240 hw/timer/apictimer.32
                0x00000000c0021e38                APICTimer::close(int, int, void*)
                0x00000000c0021e40                apicTimerHandler(regs*, void*)
                0x00000000c0021e68                APICTimer::write(int)
                0x00000000c0021f50                APICTimer::open(int, int, void*)
                0x00000000c0022050                APICTimer::APICTimer()
                0x00000000c0022050                APICTimer::APICTimer()
 .text          0x00000000c0022078      0x1a3 hw/timer/pit.32
                0x00000000c0022078                PIT::write(int)
                0x00000000c00220f8                pitHandler(regs*, void*)
                0x00000000c002211c                PIT::open(int, int, void*)
                0x00000000c002216c                PIT::close(int, int, void*)
                0x00000000c002219c                PIT::PIT()
                0x00000000c002219c                PIT::PIT()
 *fill*         0x00000000c002221b        0x5 
 .text          0x00000000c0022220       0x83 arch/i386/avx.32
                0x00000000c0022220                avxDetect
                0x00000000c002224a                avxSave
                0x00000000c002225b                avxLoad
                0x00000000c002226c                avxInit
                0x00000000c002228e                avxClose
                0x00000000c002228f                wouldSheSayYes
 *fill*         0x00000000c00222a3        0xd 
 .text          0x00000000c00222b0       0x10 arch/i386/rdrand.32
                0x00000000c00222b0                i386GetRDRAND
 .text          0x00000000c00222c0       0x39 arch/i386/sse.32
                0x00000000c00222c0                absolutelyNoChanceInHell
                0x00000000c00222c0                sseDetect
                0x00000000c00222d8                sseSave
                0x00000000c00222e0                sseLoad
                0x00000000c00222e8                sseInit
                0x00000000c00222f8                sseClose
 *fill*         0x00000000c00222f9        0x7 
 .text          0x00000000c0022300       0x49 arch/i386/x87.32
                0x00000000c0022306                x87Detect
                0x00000000c0022321                x87Save
                0x00000000c0022328                x87Load
                0x00000000c002232f                x87Init
                0x00000000c0022348                x87Close
 *fill*         0x00000000c0022349        0x3 
 .text          0x00000000c002234c       0x25 /cygdrive/d/Users/Alex/Desktop/Toolchain/Output/bin/../lib/gcc/i386-banana/8.1.0/crtend.o
 .text          0x00000000c0022371        0x0 crtn.32
 *fill*         0x00000000c0022371        0x3 
 .text          0x00000000c0022374      0x14b /cygdrive/d/Users/Alex/Desktop/Toolchain/Output/bin/../lib/gcc/i386-banana/8.1.0/libkgcc.a(_divdi3.o)
                0x00000000c0022374                __divdi3
 *fill*         0x00000000c00224bf        0x1 
 .text          0x00000000c00224c0      0x17e /cygdrive/d/Users/Alex/Desktop/Toolchain/Output/bin/../lib/gcc/i386-banana/8.1.0/libkgcc.a(_moddi3.o)
                0x00000000c00224c0                __moddi3
 *fill*         0x00000000c002263e        0x2 
 .text          0x00000000c0022640       0xff /cygdrive/d/Users/Alex/Desktop/Toolchain/Output/bin/../lib/gcc/i386-banana/8.1.0/libkgcc.a(_udivdi3.o)
                0x00000000c0022640                __udivdi3
 *fill*         0x00000000c002273f        0x1 
 .text          0x00000000c0022740      0x11a /cygdrive/d/Users/Alex/Desktop/Toolchain/Output/bin/../lib/gcc/i386-banana/8.1.0/libkgcc.a(_umoddi3.o)
                0x00000000c0022740                __umoddi3
 *(.gnu.linkonce.t*)

.iplt           0x00000000c0022860        0x0
 .iplt          0x00000000c0022860        0x0 D:/Users/Alex/Desktop/Banana/kernel/boot.32

.init           0x00000000c002285a        0xf
 .init          0x00000000c002285a        0x3 crti.32
                0x00000000c002285a                _init
 .init          0x00000000c002285d        0x5 /cygdrive/d/Users/Alex/Desktop/Toolchain/Output/bin/../lib/gcc/i386-banana/8.1.0/crtbegin.o
 .init          0x00000000c0022862        0x5 /cygdrive/d/Users/Alex/Desktop/Toolchain/Output/bin/../lib/gcc/i386-banana/8.1.0/crtend.o
 .init          0x00000000c0022867        0x2 crtn.32

.fini           0x00000000c0022869        0xa
 .fini          0x00000000c0022869        0x3 crti.32
                0x00000000c0022869                _fini
 .fini          0x00000000c002286c        0x5 /cygdrive/d/Users/Alex/Desktop/Toolchain/Output/bin/../lib/gcc/i386-banana/8.1.0/crtbegin.o
 .fini          0x00000000c0022871        0x2 crtn.32

.text._ZN8ComputerD2Ev
                0x00000000c0022874       0x23
 .text._ZN8ComputerD2Ev
                0x00000000c0022874       0x23 core/computer.32
                0x00000000c0022874                Computer::~Computer()
                0x00000000c0022874                Computer::~Computer()

.text._ZN8ComputerD0Ev
                0x00000000c0022898       0x2a
 .text._ZN8ComputerD0Ev
                0x00000000c0022898       0x2a core/computer.32
                0x00000000c0022898                Computer::~Computer()

.text._Z10idleCommonv
                0x00000000c00228c2       0x21
 .text._Z10idleCommonv
                0x00000000c00228c2       0x21 core/idle.32
                0x00000000c00228c2                idleCommon()

.text._ZN10LinkedListI8UnixFileED2Ev
                0x00000000c00228e4        0x2
 .text._ZN10LinkedListI8UnixFileED2Ev
                0x00000000c00228e4        0x2 core/unixfile.32
                0x00000000c00228e4                LinkedList<UnixFile>::~LinkedList()
                0x00000000c00228e4                LinkedList<UnixFile>::~LinkedList()

.text._ZN10LinkedListI8UnixFileEC2Ev
                0x00000000c00228e6       0x42
 .text._ZN10LinkedListI8UnixFileEC2Ev
                0x00000000c00228e6       0x42 core/unixfile.32
                0x00000000c00228e6                LinkedList<UnixFile>::LinkedList()
                0x00000000c00228e6                LinkedList<UnixFile>::LinkedList()

.text._ZN10LinkedListI8UnixFileE10addElementEPS0_
                0x00000000c0022928       0xd3
 .text._ZN10LinkedListI8UnixFileE10addElementEPS0_
                0x00000000c0022928       0xd3 core/unixfile.32
                0x00000000c0022928                LinkedList<UnixFile>::addElement(UnixFile*)

.text._ZN10LinkedListI8UnixFileE15getFirstElementEv
                0x00000000c00229fc        0x7
 .text._ZN10LinkedListI8UnixFileE15getFirstElementEv
                0x00000000c00229fc        0x7 core/unixfile.32
                0x00000000c00229fc                LinkedList<UnixFile>::getFirstElement()

.text._ZN10LinkedListI8UnixFileE11removeFirstEv
                0x00000000c0022a04       0xa1
 .text._ZN10LinkedListI8UnixFileE11removeFirstEv
                0x00000000c0022a04       0xa1 core/unixfile.32
                0x00000000c0022a04                LinkedList<UnixFile>::removeFirst()

.text._ZN10LinkedListI8UnixFileE7getNextEPS0_
                0x00000000c0022aa6        0x8
 .text._ZN10LinkedListI8UnixFileE7getNextEPS0_
                0x00000000c0022aa6        0x8 core/unixfile.32
                0x00000000c0022aa6                LinkedList<UnixFile>::getNext(UnixFile*)

.text._ZN16DriverlessDeviceD2Ev
                0x00000000c0022aae       0x1a
 .text._ZN16DriverlessDeviceD2Ev
                0x00000000c0022aae       0x1a hal/device.32
                0x00000000c0022aae                DriverlessDevice::~DriverlessDevice()
                0x00000000c0022aae                DriverlessDevice::~DriverlessDevice()

.text._ZN16DriverlessDeviceD0Ev
                0x00000000c0022ac8       0x2a
 .text._ZN16DriverlessDeviceD0Ev
                0x00000000c0022ac8       0x2a hal/device.32
                0x00000000c0022ac8                DriverlessDevice::~DriverlessDevice()

.text._ZN10LinkedListI6DeviceE10addElementEPS0_
                0x00000000c0022af2       0xdc
 .text._ZN10LinkedListI6DeviceE10addElementEPS0_
                0x00000000c0022af2       0xdc hal/device.32
                0x00000000c0022af2                LinkedList<Device>::addElement(Device*)

.text._ZN10LinkedListI6DeviceEC2Ev
                0x00000000c0022bce       0x42
 .text._ZN10LinkedListI6DeviceEC2Ev
                0x00000000c0022bce       0x42 hal/device.32
                0x00000000c0022bce                LinkedList<Device>::LinkedList()
                0x00000000c0022bce                LinkedList<Device>::LinkedList()
