Archive member included to satisfy reference by file (symbol)

/cygdrive/d/Users/Alex/Desktop/Toolchain/Output/bin/../lib/gcc/i386-banana/8.1.0/libkgcc.a(_divdi3.o)
                              fs/fat/ff.32 (__divdi3)
/cygdrive/d/Users/Alex/Desktop/Toolchain/Output/bin/../lib/gcc/i386-banana/8.1.0/libkgcc.a(_moddi3.o)
                              compat/resolve.32 (__moddi3)
/cygdrive/d/Users/Alex/Desktop/Toolchain/Output/bin/../lib/gcc/i386-banana/8.1.0/libkgcc.a(_udivdi3.o)
                              fs/fat/ff.32 (__udivdi3)
/cygdrive/d/Users/Alex/Desktop/Toolchain/Output/bin/../lib/gcc/i386-banana/8.1.0/libkgcc.a(_umoddi3.o)
                              compat/resolve.32 (__umoddi3)
D:/Users/Alex/Desktop/Banana/kernel/libsoftfp.a(sfieeelib.o)
                              hal/libresample/src_linear.32 (__subsf3)
D:/Users/Alex/Desktop/Banana/kernel/libsoftfp.a(dfieeelib.o)
                              hal/libresample/src_linear.32 (__adddf3)
D:/Users/Alex/Desktop/Banana/kernel/libsoftfp.a(sfdfcvt.o)
                              hal/libresample/samplerate.32 (__truncdfsf2)
D:/Users/Alex/Desktop/Banana/kernel/libk/libm32.a(s_fabs.c.o)
                              hal/libresample/samplerate.32 (fabs)
D:/Users/Alex/Desktop/Banana/kernel/libk/libm32.a(s_lrint.S.o)
                              hal/libresample/samplerate.32 (lrint)
D:/Users/Alex/Desktop/Banana/kernel/libk/libm32.a(s_lrintf.S.o)
                              hal/sound/sndhw.32 (lrintf)

Discarded input sections

 .comment       0x0000000000000000       0x12 /cygdrive/d/Users/Alex/Desktop/Toolchain/Output/bin/../lib/gcc/i386-banana/8.1.0/crtbegin.o
 .comment       0x0000000000000000       0x12 acpica/utclib.32
 .comment       0x0000000000000000       0x12 core/malloc.32
 .comment       0x0000000000000000       0x12 libk/string.32
 .comment       0x0000000000000000       0x12 fs/fat/diskio.32
 .comment       0x0000000000000000       0x12 fs/fat/ff.32
 .comment       0x0000000000000000       0x12 fs/fat/ffsystem.32
 .comment       0x0000000000000000       0x12 fs/fat/ffunicode.32
 .comment       0x0000000000000000       0x12 hal/libresample/samplerate.32
 .comment       0x0000000000000000       0x12 hal/libresample/src_linear.32
 .comment       0x0000000000000000       0x12 hal/libresample/src_sinc.32
 .comment       0x0000000000000000       0x12 hal/libresample/src_zoh.32
 .comment       0x0000000000000000       0x12 compat/inlines.32
 .comment       0x0000000000000000       0x12 compat/resolve.32
 .group         0x0000000000000000       0x14 core/computer.32
 .group         0x0000000000000000        0xc core/computer.32
 .comment       0x0000000000000000       0x12 core/computer.32
 .comment       0x0000000000000000       0x12 core/gdt.32
 .group         0x0000000000000000        0xc core/idle.32
 .comment       0x0000000000000000       0x12 core/idle.32
 .comment       0x0000000000000000       0x12 core/idt.32
 .comment       0x0000000000000000       0x12 core/kheap.32
 .comment       0x0000000000000000       0x12 core/main.32
 .comment       0x0000000000000000       0x12 core/physmgr.32
 .group         0x0000000000000000        0xc core/pipe.32
 .comment       0x0000000000000000       0x12 core/pipe.32
 .group         0x0000000000000000        0xc core/terminal.32
 .comment       0x0000000000000000       0x12 core/terminal.32
 .comment       0x0000000000000000       0x12 core/tss.32
 .group         0x0000000000000000        0x8 core/unixfile.32
 .group         0x0000000000000000        0x8 core/unixfile.32
 .group         0x0000000000000000        0xc core/unixfile.32
 .group         0x0000000000000000        0x8 core/unixfile.32
 .group         0x0000000000000000        0xc core/unixfile.32
 .group         0x0000000000000000        0x8 core/unixfile.32
 .group         0x0000000000000000        0xc core/unixfile.32
 .group         0x0000000000000000        0xc core/unixfile.32
 .comment       0x0000000000000000       0x12 core/unixfile.32
 .comment       0x0000000000000000       0x12 core/virtmgr.32
 .comment       0x0000000000000000       0x12 coreobjs/c++.32
 .comment       0x0000000000000000       0x12 dbg/kconsole.32
 .group         0x0000000000000000        0xc fs/vfs.32
 .group         0x0000000000000000        0xc fs/vfs.32
 .group         0x0000000000000000        0xc fs/vfs.32
 .comment       0x0000000000000000       0x12 fs/vfs.32
 .group         0x0000000000000000        0xc hal/bus.32
 .comment       0x0000000000000000       0x12 hal/bus.32
 .group         0x0000000000000000        0xc hal/buzzer.32
 .comment       0x0000000000000000       0x12 hal/buzzer.32
 .group         0x0000000000000000        0xc hal/clock.32
 .comment       0x0000000000000000       0x12 hal/clock.32
 .group         0x0000000000000000       0x14 hal/device.32
 .group         0x0000000000000000        0xc hal/device.32
 .group         0x0000000000000000        0x8 hal/device.32
 .group         0x0000000000000000        0xc hal/device.32
[...]
Memory Configuration

Name             Origin             Length             Attributes
*default*        0x0000000000000000 0xffffffffffffffff

Linker script and memory map

LOAD D:/Users/Alex/Desktop/Banana/kernel/boot.32
LOAD crti.32
LOAD /cygdrive/d/Users/Alex/Desktop/Toolchain/Output/bin/../lib/gcc/i386-banana/8.1.0/crtbegin.o
LOAD D:/Users/Alex/Desktop/Banana/kernel/morenasm.32
LOAD acpica/utclib.32
LOAD core/malloc.32
LOAD libk/string.32
LOAD fs/fat/diskio.32
LOAD fs/fat/ff.32
LOAD fs/fat/ffsystem.32
LOAD fs/fat/ffunicode.32
LOAD hal/libresample/samplerate.32
LOAD hal/libresample/src_linear.32
LOAD hal/libresample/src_sinc.32
LOAD hal/libresample/src_zoh.32
LOAD compat/inlines.32
LOAD compat/resolve.32
LOAD core/computer.32
LOAD core/gdt.32
LOAD core/idle.32
LOAD core/idt.32
LOAD core/kheap.32
LOAD core/main.32
LOAD core/physmgr.32
LOAD core/pipe.32
LOAD core/terminal.32
LOAD core/tss.32
LOAD core/unixfile.32
LOAD core/virtmgr.32
LOAD coreobjs/c++.32
LOAD dbg/kconsole.32
LOAD fs/vfs.32
LOAD hal/bus.32
LOAD hal/buzzer.32
LOAD hal/clock.32
LOAD hal/device.32
LOAD hal/diskctrl.32
LOAD hal/diskphys.32
LOAD hal/fpu.32
LOAD hal/intctrl.32
LOAD hal/keybrd.32
LOAD hal/logidisk.32
LOAD hal/mouse.32
LOAD hal/partition.32
LOAD hal/serial.32
LOAD hal/timer.32
LOAD hal/vcache.32
LOAD hal/video.32
LOAD hw/acpi.32
LOAD hw/cpu.32
LOAD hw/ports.32
LOAD hw/smp.32
LOAD krnl/env.32
LOAD krnl/panic.32
LOAD net/ethernet.32
LOAD reg/registry.32
LOAD sys/sc_eject.32
LOAD sys/sc_exit.32
LOAD sys/sc_getcwd.32
LOAD sys/sc_getpid.32
LOAD sys/sc_getramdata.32
LOAD sys/sc_getvgaptr.32
LOAD sys/sc_loaddll.32
LOAD sys/sc_read.32
LOAD sys/sc_sbrk.32
LOAD sys/sc_setcwd.32
LOAD sys/sc_settime.32
LOAD sys/sc_timezone.32
LOAD sys/sc_write.32
LOAD sys/sc_wsbe.32
LOAD sys/sc_yield.32
LOAD sys/syscalls.32
LOAD thr/elf.32
LOAD thr/prcssthr.32
LOAD vm86/vm8086.32
LOAD vm86/x87em.32
LOAD fs/fat/vfslink.32
LOAD fs/iso9660/vfslink.32
LOAD hal/sound/sndchannel.32
LOAD hal/sound/sndhw.32
LOAD hw/bus/isa.32
LOAD hw/bus/pci.32
LOAD hw/diskctrl/ide.32
LOAD hw/diskctrl/satabus.32
LOAD hw/diskphys/ata.32
LOAD hw/diskphys/atapi.32
LOAD hw/diskphys/sata.32
LOAD hw/diskphys/satapi.32
LOAD hw/fpu/avx.32
LOAD hw/fpu/mmx.32
LOAD hw/fpu/sse.32
LOAD hw/fpu/x87.32
LOAD hw/intctrl/apic.32
LOAD hw/intctrl/pic.32
LOAD hw/timer/apictimer.32
LOAD hw/timer/pit.32
LOAD hw/fpu/x86/avx.32
LOAD hw/fpu/x86/sse.32
LOAD hw/fpu/x86/x87.32
LOAD /cygdrive/d/Users/Alex/Desktop/Toolchain/Output/bin/../lib/gcc/i386-banana/8.1.0/crtend.o
LOAD crtn.32
LOAD /cygdrive/d/Users/Alex/Desktop/Toolchain/Output/bin/../lib/gcc/i386-banana/8.1.0/libkgcc.a
LOAD D:/Users/Alex/Desktop/Banana/kernel/libsoftfp.a
LOAD D:/Users/Alex/Desktop/Banana/kernel/libk/libm32.a
                0x00000000c0000000                . = 0xc0000000

.text           0x00000000c0000000    0x282a8
 *(.text)
 .text          0x00000000c0000000       0x41 D:/Users/Alex/Desktop/Banana/kernel/boot.32
                0x00000000c0000020                callGlobalConstructors
 .text          0x00000000c0000041        0x0 crti.32
 *fill*         0x00000000c0000041        0x3 
 .text          0x00000000c0000044      0x101 /cygdrive/d/Users/Alex/Desktop/Toolchain/Output/bin/../lib/gcc/i386-banana/8.1.0/crtbegin.o
 *fill*         0x00000000c0000145        0xb 
 .text          0x00000000c0000150      0x4fb D:/Users/Alex/Desktop/Banana/kernel/morenasm.32
                0x00000000c0000150                manualPCIProbe
                0x00000000c000019b                prepareTramp
                0x00000000c00001b4                voodooXADD
                0x00000000c000027f                doTPAUSE
                0x00000000c0000289                hasLegacyFPU
                0x00000000c00002ae                is486
                0x00000000c00002e4                detectCPUID
                0x00000000c00002fa                goToVM86
                0x00000000c000032a                goToUsermode
                0x00000000c0000354                switchToThreadASMFirstTime
                0x00000000c0000362                switchToThreadASM
                0x00000000c00003f2                asmQuickAcquireLock
                0x00000000c0000410                asmQuickReleaseLock
                0x00000000c000041c                asmAcquireLock
                0x00000000c000043d                asmReleaseLock
                0x00000000c0000450                loadGDT
                0x00000000c0000470                isr0
                0x00000000c0000480                isr1
                0x00000000c000048a                isr2
                0x00000000c0000494                isr3
                0x00000000c000049e                isr4
                0x00000000c00004a8                isr5
                0x00000000c00004b2                isr6
                0x00000000c00004bc                isr7
                0x00000000c00004c6                isr8
                0x00000000c00004ce                isr9
                0x00000000c00004d8                isr10
                0x00000000c00004e0                isr11
                0x00000000c00004e8                isr12
                0x00000000c00004f0                isr13
                0x00000000c00004f8                isr14
                0x00000000c0000500                isr15
                0x00000000c000050a                isr16
                0x00000000c0000514                isr17
                0x00000000c000051e                isr18
                0x00000000c0000528                irq3
                0x00000000c0000532                irq4
                0x00000000c000053c                irq5
                0x00000000c0000546                irq6
                0x00000000c0000550                irq7
                0x00000000c000055a                irq8
                0x00000000c0000564                irq9
                0x00000000c000056e                irq10
                0x00000000c0000578                irq11
                0x00000000c0000582                irq12
                0x00000000c000058c                irq13
                0x00000000c0000596                irq14
                0x00000000c00005a0                irq15
                0x00000000c00005aa                irq1
                0x00000000c00005b1                irq2
                0x00000000c00005b8                isr96
                0x00000000c00005bf                irq0
                0x00000000c00005c4                syscall_common_stub
                0x00000000c00005c4                int_common_stub
                0x00000000c00005f6                irq16
                0x00000000c0000600                irq17
                0x00000000c000060a                irq18
                0x00000000c0000614                irq19
                0x00000000c000061e                irq20
                0x00000000c0000628                irq21
                0x00000000c0000632                irq22
                0x00000000c000063c                irq23
                0x00000000c0000646                memcpy
 *fill*         0x00000000c000064b        0x1 
 .text          0x00000000c000064c      0x5dd acpica/utclib.32
                0x00000000c000064c                memcmp
                0x00000000c0000688                memmove
                0x00000000c0000750                memset
                0x00000000c000076c                strlen
                0x00000000c0000784                strpbrk
                0x00000000c00007c0                strtok
                0x00000000c000080c                strcpy
                0x00000000c0000830                strncpy
                0x00000000c0000898                strcmp
                0x00000000c00008d8                strchr
                0x00000000c00008fc                strncmp
                0x00000000c000094c                strcat
                0x00000000c000097c                strncat
                0x00000000c00009b8                strstr
                0x00000000c0000a00                toupper
                0x00000000c0000a14                tolower
                0x00000000c0000a28                simple_strtoul
 .text          0x00000000c0000c29      0xfad core/malloc.32
                0x00000000c0000d94                dlfree
                0x00000000c00010ef                dlmalloc
                0x00000000c000162c                dlrealloc
                0x00000000c00017cf                dlmemalign
                0x00000000c00018f2                dlcalloc
                0x00000000c000198c                dlcfree
                0x00000000c0001991                dlindependent_calloc
                0x00000000c00019b6                dlindependent_comalloc
                0x00000000c00019cd                dlvalloc
                0x00000000c00019f8                dlpvalloc
                0x00000000c0001a2e                dlmalloc_trim
                0x00000000c0001a3b                dlmalloc_usable_size
                0x00000000c0001a6c                dlmallinfo
                0x00000000c0001b3b                dlmalloc_stats
                0x00000000c0001b4c                dlmallopt
 .text          0x00000000c0001bd6        0x0 libk/string.32
 .text          0x00000000c0001bd6       0x51 fs/fat/diskio.32
                0x00000000c0001bd6                disk_status
                0x00000000c0001bd9                disk_initialize
                0x00000000c0001bdc                disk_read
                0x00000000c0001bf2                disk_write
                0x00000000c0001c08                disk_ioctl
 .text          0x00000000c0001c27     0x6833 fs/fat/ff.32
                0x00000000c0004ef5                f_mount
                0x00000000c0004f57                f_open
                0x00000000c0005393                f_read
                0x00000000c0005613                f_write
                0x00000000c00058cd                f_sync
                0x00000000c0005aa9                f_close
                0x00000000c0005ad8                f_lseek
                0x00000000c0005f8f                f_opendir
                0x00000000c0006091                f_closedir
                0x00000000c00060b3                f_readdir
                0x00000000c000614e                f_stat
                0x00000000c00061dd                f_getfree
                0x00000000c00063a8                f_truncate
                0x00000000c00064a0                f_unlink
                0x00000000c0006623                f_mkdir
                0x00000000c000684f                f_rename
                0x00000000c0006b42                f_chmod
                0x00000000c0006c20                f_utime
                0x00000000c0006cfe                f_getlabel
                0x00000000c0006eec                f_setlabel
                0x00000000c0007159                f_forward
                0x00000000c0007337                f_mkfs
 .text          0x00000000c000845a       0x2d fs/fat/ffsystem.32
                0x00000000c000845a                ff_memalloc
                0x00000000c0008470                ff_memfree
 .text          0x00000000c0008487      0x253 fs/fat/ffunicode.32
                0x00000000c0008487                ff_uni2oem
                0x00000000c0008517                ff_oem2uni
                0x00000000c0008583                ff_wtoupper
 .text          0x00000000c00086da      0x8fb hal/libresample/samplerate.32
                0x00000000c000871e                src_delete
                0x00000000c000875a                src_process
                0x00000000c0008910                src_callback_read
                0x00000000c0008a8d                src_set_ratio
                0x00000000c0008af7                src_get_channels
                0x00000000c0008b19                src_reset
                0x00000000c0008b65                src_new
                0x00000000c0008bf3                src_callback_new
                0x00000000c0008c55                src_get_name
                0x00000000c0008c8c                src_get_description
                0x00000000c0008cc3                src_get_version
                0x00000000c0008cc9                src_is_valid_ratio
                0x00000000c0008d1d                src_error
                0x00000000c0008d2b                src_strerror
                0x00000000c0008d3e                src_simple
                0x00000000c0008d91                src_short_to_float_array
                0x00000000c0008df6                src_float_to_short_array
                0x00000000c0008eb5                src_int_to_float_array
                0x00000000c0008f18                src_float_to_int_array
 .text          0x00000000c0008fd5      0x8cb hal/libresample/src_linear.32
                0x00000000c00097fb                linear_get_name
                0x00000000c000980a                linear_get_description
                0x00000000c0009819                linear_set_converter
 .text          0x00000000c00098a0     0x447c hal/libresample/src_sinc.32
                0x00000000c000dc33                sinc_get_name
                0x00000000c000dc46                sinc_get_description
                0x00000000c000dc59                sinc_set_converter
 .text          0x00000000c000dd1c      0x77c hal/libresample/src_zoh.32
                0x00000000c000e3f3                zoh_get_name
                0x00000000c000e402                zoh_get_description
                0x00000000c000e411                zoh_set_converter
 .text          0x00000000c000e498       0xa7 compat/inlines.32
                0x00000000c000e498                CPU::current()
                0x00000000c000e4a4                operator new(unsigned long)
                0x00000000c000e4a9                operator delete(void*)
                0x00000000c000e4ae                disableIRQs()
                0x00000000c000e4b6                enableIRQs()
                0x00000000c000e4c5                lockScheduler()
                0x00000000c000e4cd                unlockScheduler()
                0x00000000c000e4dc                lockStuff()
                0x00000000c000e4ea                unlockStuff()
                0x00000000c000e524                Virt::getAKernelVAS()
                0x00000000c000e52a                __not_memcpy
 .text          0x00000000c000e53f      0x111 compat/resolve.32
                0x00000000c000e53f                Krnl::resolveCompatibilitySymbol(char*)
 .text          0x00000000c000e650      0x741 core/computer.32
                0x00000000c000e650                Computer::close(int, int, void*)
                0x00000000c000e694                Krnl::firstTask()
                0x00000000c000e7d6                Computer::Computer()
                0x00000000c000e7d6                Computer::Computer()
                0x00000000c000e932                Computer::setBootMessage(char const*)
                0x00000000c000e934                Computer::detectFeatures()
                0x00000000c000eb3e                Computer::displayFeatures()
                0x00000000c000eb40                Computer::rdmsr(unsigned int)
                0x00000000c000eb6c                Computer::wrmsr(unsigned int, unsigned long long)
                0x00000000c000eba4                Computer::nmiEnabled()
                0x00000000c000ebb0                Computer::readCMOS(unsigned char)
                0x00000000c000ebca                Computer::enableNMI(bool)
                0x00000000c000ebe2                Computer::open(int, int, void*)
                0x00000000c000ecd4                Computer::disableNMI()
                0x00000000c000ece2                Computer::writeCMOS(unsigned char, unsigned char)
                0x00000000c000ed00                Computer::handleNMI()
                0x00000000c000ed66                Computer::setDiskActivityLight(int, bool)
 *fill*         0x00000000c000ed91        0x1 
 .text          0x00000000c000ed92      0x19d core/gdt.32
                0x00000000c000ed92                GDTEntry::setBase(unsigned int)
                0x00000000c000edae                GDTEntry::setLimit(unsigned int)
                0x00000000c000edcc                GDT::GDT()
                0x00000000c000edcc                GDT::GDT()
                0x00000000c000ede2                GDT::addEntry(GDTEntry)
                0x00000000c000ee04                GDT::getNumberOfEntries()
                0x00000000c000ee0c                GDT::flush()
                0x00000000c000ee2e                GDT::setup()
 .text          0x00000000c000ef2f       0x6b core/idle.32
                0x00000000c000ef2f                idleFunction(void*)
 .text          0x00000000c000ef9a      0x45e core/idt.32
                0x00000000c000ef9a                IDTEntry::IDTEntry(bool)
                0x00000000c000ef9a                IDTEntry::IDTEntry(bool)
                0x00000000c000f008                IDTEntry::setOffset(unsigned int)
                0x00000000c000f01c                IDT::IDT()
                0x00000000c000f01c                IDT::IDT()
                0x00000000c000f01e                IDT::getPointerToInvalidOpcodeEntryForF00F()
                0x00000000c000f026                IDT::addEntry(IDTEntry, int)
                0x00000000c000f040                IDT::addEntry(int, void (*)(), bool)
                0x00000000c000f078                IDT::flush()
                0x00000000c000f092                IDT::setup()
 .text          0x00000000c000f3f8      0x1fe core/kheap.32
                0x00000000c000f3f8                sbrk
                0x00000000c000f505                mmap
                0x00000000c000f51b                munmap
                0x00000000c000f531                liballoc_lock()
                0x00000000c000f53e                liballoc_unlock()
                0x00000000c000f552                liballoc_alloc(int)
                0x00000000c000f56d                liballoc_free(void*, int)
                0x00000000c000f588                realloc
                0x00000000c000f59c                malloc
                0x00000000c000f5ac                free
                0x00000000c000f5bc                rfree
                0x00000000c000f5cc                calloc
 .text          0x00000000c000f5f6      0x1b6 core/main.32
                0x00000000c000f5f6                Krnl::setBootMessage(char const*)
                0x00000000c000f662                kernel_main
 .text          0x00000000c000f7ac      0x563 core/physmgr.32
                0x00000000c000f7ac                Phys::allocateDMA(unsigned long)
                0x00000000c000f84f                Phys::freeDMA(unsigned long, unsigned long)
                0x00000000c000f897                Phys::setPageState(unsigned long, bool)
                0x00000000c000f8c9                Phys::getPageState(unsigned long)
                0x00000000c000f8e5                Phys::freePage(unsigned long)
                0x00000000c000f940                Phys::allocatePage()
                0x00000000c000fa17                Phys::allocateContiguousPages(int)
                0x00000000c000fa73                Phys::allowSegmentToBeUsed(unsigned long, unsigned long)
                0x00000000c000faab                Phys::physicalMemorySetup(unsigned int)
 *fill*         0x00000000c000fd0f        0x1 
 .text          0x00000000c000fd10      0x273 core/pipe.32
                0x00000000c000fd10                Pipe::isAtty()
                0x00000000c000fd14                Pipe::~Pipe()
                0x00000000c000fd14                Pipe::~Pipe()
                0x00000000c000fd38                Pipe::~Pipe()
                0x00000000c000fd60                Pipe::read(unsigned long long, void*, int*)
                0x00000000c000fe5c                Pipe::write(unsigned long long, void*, int*)
                0x00000000c000ff1c                Pipe::Pipe(int)
                0x00000000c000ff1c                Pipe::Pipe(int)
 *fill*         0x00000000c000ff83        0x1 
 .text          0x00000000c000ff84      0xb91 core/terminal.32
                0x00000000c000ff84                VgaText::isAtty()
                0x00000000c000ff88                VgaText::~VgaText()
                0x00000000c000ff88                VgaText::~VgaText()
                0x00000000c000ffac                VgaText::~VgaText()
                0x00000000c000ffd6                VgaText::read(unsigned long long, void*, int*)
                0x00000000c000fff6                setTerminalScrollLock(bool)
                0x00000000c000fff7                addToTerminalCycle(VgaText*)
                0x00000000c0010018                installVgaTextImplementation()
                0x00000000c001002d                scrollTerminalScrollLock(int)
                0x00000000c001002e                VgaText::updateTitle()
                0x00000000c001006c                VgaText::load()
                0x00000000c00100ba                VgaText::updateCursor()
                0x00000000c00100d0                VgaText::doANSI_SGR(int)
                0x00000000c0010144                VgaText::setDefaultBgColour(VgaColour)
                0x00000000c0010154                VgaText::setDefaultFgColour(VgaColour)
                0x00000000c0010164                VgaText::setDefaultColours(VgaColour, VgaColour)
                0x00000000c0010184                VgaText::setTitleTextColour(VgaColour)
                0x00000000c0010194                VgaText::setTitleColour(VgaColour)
                0x00000000c00101a4                VgaText::setTitle(char*)
                0x00000000c00101ca                VgaText::combineColours(unsigned char, unsigned char)
                0x00000000c00101dc                VgaText::scrollScreen()
                0x00000000c0010270                VgaText::combineCharAndColour(char, unsigned char)
                0x00000000c0010282                VgaText::writeCharacter(char, VgaColour, VgaColour, int, int)
                0x00000000c00102de                VgaText::getCursorX()
                0x00000000c00102e6                VgaText::getCursorY()
                0x00000000c00102ee                VgaText::setCursor(int, int)
                0x00000000c0010305                setActiveTerminal(VgaText*)
                0x00000000c0010367                doTerminalCycle()
                0x00000000c0010382                VgaText::setCursorX(int)
                0x00000000c001039a                VgaText::setCursorY(int)
                0x00000000c00103b2                VgaText::incrementCursor(bool)
                0x00000000c0010406                VgaText::decrementCursor(bool)
                0x00000000c0010428                VgaText::putchar(char, VgaColour, VgaColour)
                0x00000000c0010500                VgaText::doUpdate()
                0x00000000c001050e                VgaText::puts(char const*, VgaColour, VgaColour)
                0x00000000c0010686                VgaText::clearScreen()
                0x00000000c00106e0                VgaText::putchar(char)
                0x00000000c00107cc                VgaText::putx(unsigned int)
                0x00000000c0010812                VgaText::puts(char const*)
                0x00000000c0010838                VgaText::VgaText(char const*)
                0x00000000c0010838                VgaText::VgaText(char const*)
                0x00000000c00109b4                VgaText::receiveKey(unsigned char)
                0x00000000c0010a9c                VgaText::write(unsigned long long, void*, int*)
                0x00000000c0010af0                newTerminal(char*)
 *fill*         0x00000000c0010b15        0x1 
 .text          0x00000000c0010b16      0x19d core/tss.32
                0x00000000c0010b16                TSS::TSS()
                0x00000000c0010b16                TSS::TSS()
                0x00000000c0010b24                TSS::setESP(unsigned long)
                0x00000000c0010b36                TSS::flush()
                0x00000000c0010b56                TSS::setup(unsigned long, unsigned long)
 *fill*         0x00000000c0010cb3        0x1 
 .text          0x00000000c0010cb4      0x4c2 core/unixfile.32
                0x00000000c0010cb4                ReservedFilename::read(unsigned long long, void*, int*)
                0x00000000c0010d0a                ReservedFilename::isAtty()
                0x00000000c0010d26                ReservedFilename::write(unsigned long long, void*, int*)
                0x00000000c0010d84                UnixFile::getFileDescriptor()
                0x00000000c0010d8c                UnixFile::UnixFile(int)
                0x00000000c0010d8c                UnixFile::UnixFile(int)
                0x00000000c0010f3c                ReservedFilename::ReservedFilename(int)
                0x00000000c0010f3c                ReservedFilename::ReservedFilename(int)
                0x00000000c0010f6e                UnixFile::~UnixFile()
                0x00000000c0010f6e                UnixFile::~UnixFile()
                0x00000000c0011006                UnixFile::~UnixFile()
                0x00000000c001102e                ReservedFilename::~ReservedFilename()
                0x00000000c001102e                ReservedFilename::~ReservedFilename()
                0x00000000c0011052                ReservedFilename::~ReservedFilename()
                0x00000000c0011079                getFromFileDescriptor(int)
 .text          0x00000000c0011176     0x12f5 core/virtmgr.32
                0x00000000c0011176                Virt::setPageState(unsigned long, Virt::VirtPageState)
                0x00000000c00111ab                Virt::getPageState(unsigned long)
                0x00000000c00111cf                Virt::allocateKernelVirtualPages(int)
                0x00000000c00112e0                Virt::freeSwapfilePage(unsigned long)
                0x00000000c00112fe                Virt::swapIDToSector(unsigned long)
                0x00000000c0011310                Virt::allocateSwapfilePage()
                0x00000000c001138e                Virt::virtualMemorySetup()
                0x00000000c00113d9                Virt::setupPageSwapping(int)
                0x00000000c0011560                VAS::VAS()
                0x00000000c0011560                VAS::VAS()
                0x00000000c001159c                VAS::VAS(VAS*)
                0x00000000c001159c                VAS::VAS(VAS*)
                0x00000000c00115ca                VAS::getForeignPageTableEntry(bool, unsigned long)
                0x00000000c00115f6                VAS::getPageTableEntry(unsigned long)
                0x00000000c0011615                Virt::freeKernelVirtualPages(unsigned long)
                0x00000000c0011738                VAS::freeAllocatedPages(unsigned long)
                0x00000000c001175c                VAS::virtualToPhysical(unsigned long)
                0x00000000c0011774                VAS::reflagRange(unsigned long, int, int, int)
                0x00000000c00117b4                VAS::setToWriteCombining(unsigned long, int)
                0x00000000c00117e6                VAS::mapOtherVASIn(bool, VAS*)
                0x00000000c0011810                VAS::~VAS()
                0x00000000c0011810                VAS::~VAS()
                0x00000000c001198c                VAS::mapPage(unsigned long, unsigned long, int)
                0x00000000c0011a8e                VAS::allocatePages(int, int)
                0x00000000c0011c66                VAS::setCPUSpecific(unsigned long)
                0x00000000c0011c82                VAS::mapRange(unsigned long, unsigned long, int, int)
                0x00000000c0011d48                VAS::mapForeignPage(bool, VAS*, unsigned long, unsigned long, int)
                0x00000000c0011e36                VAS::VAS(bool)
                0x00000000c0011e36                VAS::VAS(bool)
                0x00000000c00120b6                VAS::evict(unsigned long)
                0x00000000c0012178                VAS::tryLoadBackOffDisk(unsigned long)
                0x00000000c00122ec                VAS::scanForEviction()
                0x00000000c00123af                mapVASFirstTime
 .text          0x00000000c001246b       0x95 coreobjs/c++.32
                0x00000000c001246b                __cxa_atexit
                0x00000000c001246e                __cxa_finalize
                0x00000000c001246f                __stack_chk_fail
                0x00000000c00124db                __cxa_pure_virtual
                0x00000000c00124ec                operator new[](unsigned long)
                0x00000000c00124f1                operator delete(void*, unsigned long)
                0x00000000c00124f6                operator delete[](void*)
                0x00000000c00124fb                operator delete[](void*, unsigned long)
 .text          0x00000000c0012500      0x1e7 dbg/kconsole.32
                0x00000000c0012500                Dbg::stringifyxWithBase(unsigned int, char*, int)
                0x00000000c0012559                Dbg::logc(char)
                0x00000000c0012570                Dbg::logs(char*)
                0x00000000c001258d                Dbg::logWriteInt(unsigned int)
                0x00000000c00125aa                Dbg::logWriteIntBase(unsigned int, int)
                0x00000000c00125c9                Dbg::kprintf(char const*, ...)
 *fill*         0x00000000c00126e7        0x1 
 .text          0x00000000c00126e8      0xb82 fs/vfs.32
                0x00000000c00126e8                File::read(unsigned long long, void*, int*)
                0x00000000c0012740                File::write(unsigned long long, void*, int*)
                0x00000000c0012798                Directory::read(unsigned long long, void*, int*)
                0x00000000c00127f0                Directory::write(unsigned long long, void*, int*)
                0x00000000c001281e                File::isAtty()
                0x00000000c0012822                Directory::isAtty()
                0x00000000c0012826                Filesystem::getlabel(LogicalDisk*, int, char*, unsigned int*)
                0x00000000c001282c                Filesystem::setlabel(LogicalDisk*, int, char*)
                0x00000000c0012832                Filesystem::getFileFirstSector(char const*)
                0x00000000c0012838                File::~File()
                0x00000000c0012838                File::~File()
                0x00000000c001285c                File::~File()
                0x00000000c0012886                Directory::~Directory()
                0x00000000c0012886                Directory::~Directory()
                0x00000000c00128aa                Directory::~Directory()
                0x00000000c00128d4                Filesystem::Filesystem()
                0x00000000c00128d4                Filesystem::Filesystem()
                0x00000000c00128f8                Filesystem::~Filesystem()
                0x00000000c00128f8                Filesystem::~Filesystem()
                0x00000000c0012906                Filesystem::~Filesystem()
                0x00000000c001292a                Fs::getcwd(Process*, char*, int)
                0x00000000c0012954                Fs::initVFS()
                0x00000000c001297e                Fs::standardiseFiles(char*, char const*, char const*)
                0x00000000c0012b28                File::File(char const*, Process*)
                0x00000000c0012b28                File::File(char const*, Process*)
                0x00000000c0012b8c                File::open(FileOpenMode)
                0x00000000c0012bea                File::close()
                0x00000000c0012c4a                File::seek(unsigned long long)
                0x00000000c0012ca0                File::tell(unsigned long long*)
                0x00000000c0012cf0                File::rewind()
                0x00000000c0012d04                File::unlink()
                0x00000000c0012d50                File::rename(char const*)
                0x00000000c0012d9e                File::chfatattr(unsigned char, unsigned char)
                0x00000000c0012dfa                File::exists()
                0x00000000c0012e38                File::stat(unsigned long long*, bool*)
                0x00000000c0012e99                Fs::setcwd(Process*, char*)
                0x00000000c0012fd4                Directory::Directory(char const*, Process*)
                0x00000000c0012fd4                Directory::Directory(char const*, Process*)
                0x00000000c0013038                Directory::open()
                0x00000000c0013094                Directory::close()
                0x00000000c00130f4                Directory::unlink()
                0x00000000c0013140                Directory::rename(char const*)
                0x00000000c001318e                Directory::exists()
                0x00000000c00131cc                Directory::read(dirent*)
                0x00000000c0013218                Directory::create()
                0x00000000c0013264                Filesystem::chfatattr(char const*, unsigned char, unsigned char)
 .text          0x00000000c001326a       0x84 hal/bus.32
                0x00000000c001326a                Bus::Bus(char const*)
                0x00000000c001326a                Bus::Bus(char const*)
                0x00000000c00132a0                Bus::~Bus()
                0x00000000c00132a0                Bus::~Bus()
                0x00000000c00132c4                Bus::~Bus()
 .text          0x00000000c00132ee      0x156 hal/buzzer.32
                0x00000000c00132ee                Buzzer::Buzzer(char const*)
                0x00000000c00132ee                Buzzer::Buzzer(char const*)
                0x00000000c0013332                Buzzer::~Buzzer()
                0x00000000c0013332                Buzzer::~Buzzer()
                0x00000000c0013356                Buzzer::~Buzzer()
                0x00000000c0013380                Buzzer::stop()
                0x00000000c0013393                beepThread(void*)
                0x00000000c00133d6                Buzzer::beep(int, int, bool)
 .text          0x00000000c0013444      0x467 hal/clock.32
                0x00000000c0013444                User::loadClockSettings(int)
                0x00000000c0013496                Clock::Clock(char const*)
                0x00000000c0013496                Clock::Clock(char const*)
                0x00000000c00134cc                Clock::~Clock()
                0x00000000c00134cc                Clock::~Clock()
                0x00000000c00134f0                Clock::~Clock()
                0x00000000c001351a                Clock::timeInSecondsLocal()
                0x00000000c0013562                Clock::setTimeInSecondsLocal(unsigned long long)
                0x00000000c00135bb                datetimeToSeconds(datetime_t)
                0x00000000c00136e2                Clock::setTimeInDatetimeLocal(datetime_t)
                0x00000000c0013742                secondsToDatetime(unsigned long long)
                0x00000000c0013886                Clock::timeInDatetimeLocal()
 *fill*         0x00000000c00138ab        0x1 
 .text          0x00000000c00138ac      0x504 hal/device.32
                0x00000000c00138ac                Device::hibernate()
                0x00000000c00138ae                Device::wake()
                0x00000000c00138b0                Device::detect()
                0x00000000c00138b2                Device::disableLegacy()
                0x00000000c00138b4                Device::powerSaving(PowerSavingLevel)
                0x00000000c00138b6                DriverlessDevice::close(int, int, void*)
                0x00000000c00138ba                DriverlessDevice::detect()
                0x00000000c00138bc                DriverlessDevice::open(int, int, void*)
                0x00000000c00138d0                Device::~Device()
                0x00000000c00138d0                Device::~Device()
                0x00000000c00138de                Device::~Device()
                0x00000000c0013906                Device::findAndLoadDriver()
                0x00000000c0013914                Device::preOpenPCI(PCIDeviceInfo)
                0x00000000c001393a                Device::preOpenACPI(void*, char*, char*)
                0x00000000c001397a                Device::addIRQHandler(int, void (*)(regs*, void*), bool, void*)
                0x00000000c00139b8                Device::getParent()
                0x00000000c00139c4                Device::removeIRQHandler(int, void (*)(regs*, void*), bool)
                0x00000000c0013a02                Device::addChild(Device*)
                0x00000000c0013a46                Device::removeAllChildren()
                0x00000000c0013a8c                Device::hibernateAll()
                0x00000000c0013abc                Device::wakeAll()
                0x00000000c0013aec                Device::detectAll()
                0x00000000c0013b1c                Device::disableLegacyAll()
                0x00000000c0013b4c                Device::loadDriversForAll()
                0x00000000c0013b8c                Device::closeAll()
                0x00000000c0013bc2                Device::powerSavingAll(PowerSavingLevel)
                0x00000000c0013bf8                Device::setName(char const*)
                0x00000000c0013c06                Device::Device(char const*)
                0x00000000c0013c06                Device::Device(char const*)
                0x00000000c0013d02                Device::getName()
                0x00000000c0013d0c                DriverlessDevice::DriverlessDevice(char const*)
                0x00000000c0013d0c                DriverlessDevice::DriverlessDevice(char const*)
                0x00000000c0013d42                Device::addToLinkedList(LinkedList<Device>&, DeviceType)
                0x00000000c0013d86                getDevicesOfType(DeviceType)
 .text          0x00000000c0013db0       0x84 hal/diskctrl.32
                0x00000000c0013db0                HardDiskController::HardDiskController(char const*)
                0x00000000c0013db0                HardDiskController::HardDiskController(char const*)
                0x00000000c0013de6                HardDiskController::~HardDiskController()
                0x00000000c0013de6                HardDiskController::~HardDiskController()
                0x00000000c0013e0a                HardDiskController::~HardDiskController()
 .text          0x00000000c0013e34       0xe2 hal/diskphys.32
                0x00000000c0013e34                PhysicalDisk::eject()
                0x00000000c0013e38                PhysicalDisk::PhysicalDisk(char const*, int)
                0x00000000c0013e38                PhysicalDisk::PhysicalDisk(char const*, int)
                0x00000000c0013ea0                PhysicalDisk::startCache()
                0x00000000c0013ec8                PhysicalDisk::~PhysicalDisk()
                0x00000000c0013ec8                PhysicalDisk::~PhysicalDisk()
                0x00000000c0013eec                PhysicalDisk::~PhysicalDisk()
 .text          0x00000000c0013f16      0x13b hal/fpu.32
                0x00000000c0013f16                FPU::FPU(char const*)
                0x00000000c0013f16                FPU::FPU(char const*)
                0x00000000c0013f4c                FPU::~FPU()
                0x00000000c0013f4c                FPU::~FPU()
                0x00000000c0013f70                FPU::~FPU()
                0x00000000c0013f9a                setupFPU()
 *fill*         0x00000000c0014051        0x1 
 .text          0x00000000c0014052     0x1435 hal/intctrl.32
                0x00000000c0014052                InterruptController::uninstallISRHandler(int, void (*)(regs*, void*))
                0x00000000c001408a                InterruptController::installISRHandler(int, void (*)(regs*, void*), void*)
                0x00000000c00140dc                doubleFault(regs*, void*)
                0x00000000c00140f6                InterruptController::installIRQHandler(int, void (*)(regs*, void*), bool, void*)
                0x00000000c0014192                InterruptController::clearAllHandlers(int, bool)
                0x00000000c001423a                InterruptController::uninstallIRQHandler(int, void (*)(regs*, void*), bool)
                0x00000000c00142c1                nmiHandler(regs*, void*)
                0x00000000c00142cf                int_handler
                0x00000000c0014370                InterruptController::InterruptController(char const*)
                0x00000000c0014370                InterruptController::InterruptController(char const*)
                0x00000000c0014416                InterruptController::~InterruptController()
                0x00000000c0014416                InterruptController::~InterruptController()
                0x00000000c001443a                InterruptController::~InterruptController()
                0x00000000c0014464                displayDebugInfo(regs*)
                0x00000000c00148f3                x87EmulHandler(regs*, void*)
                0x00000000c0014966                gpFault(regs*, void*)
                0x00000000c001499f                pgFault(regs*, void*)
                0x00000000c00149e7                otherISRHandler(regs*, void*)
                0x00000000c0014a06                opcodeFault(regs*, void*)
                0x00000000c0015023                displayProgramFault(char const*)
                0x00000000c001504b                setupInterruptController()
                0x00000000c001543a                InterruptController::convertLegacyIRQNumber(int)
 *fill*         0x00000000c0015487        0x1 
 .text          0x00000000c0015488      0x784 hal/keybrd.32
                0x00000000c0015488                startGUI(void*)
                0x00000000c00154f4                startGUIVESA(void*)
                0x00000000c0015560                sendKeyToTerminal(unsigned char)
                0x00000000c001561e                sendKeyboardToken(KeyboardToken)
                0x00000000c0015a5b                clearInternalKeybuffer(VgaText*)
                0x00000000c0015a90                readKeyboard(VgaText*, char*, unsigned long)
                0x00000000c0015b82                Keyboard::Keyboard(char const*)
                0x00000000c0015b82                Keyboard::Keyboard(char const*)
                0x00000000c0015bbe                Keyboard::~Keyboard()
                0x00000000c0015bbe                Keyboard::~Keyboard()
                0x00000000c0015be2                Keyboard::~Keyboard()
 .text          0x00000000c0015c0c      0x3ea hal/logidisk.32
                0x00000000c0015c0c                LogicalDisk::close(int, int, void*)
                0x00000000c0015c10                LogicalDisk::~LogicalDisk()
                0x00000000c0015c10                LogicalDisk::~LogicalDisk()
                0x00000000c0015c34                LogicalDisk::~LogicalDisk()
                0x00000000c0015c5e                LogicalDisk::open(int, int, void*)
                0x00000000c0015c72                LogicalDisk::absoluteToRelative(unsigned long long)
                0x00000000c0015caa                LogicalDisk::relativeToAbsolute(unsigned long long)
                0x00000000c0015cf0                LogicalDisk::LogicalDisk(char const*, PhysicalDisk*, unsigned long long, unsigned long long)
                0x00000000c0015cf0                LogicalDisk::LogicalDisk(char const*, PhysicalDisk*, unsigned long long, unsigned long long)
                0x00000000c0015da6                LogicalDisk::assignDriveLetter()
                0x00000000c0015e5c                LogicalDisk::mount()
                0x00000000c0015ea4                LogicalDisk::unmount()
                0x00000000c0015eb4                LogicalDisk::eject()
                0x00000000c0015ec8                LogicalDisk::unassignDriveLetter()
                0x00000000c0015f1e                LogicalDisk::read(unsigned long long, int, void*)
                0x00000000c0015f8a                LogicalDisk::write(unsigned long long, int, void*)
 .text          0x00000000c0015ff6       0x84 hal/mouse.32
                0x00000000c0015ff6                Mouse::Mouse(char const*)
                0x00000000c0015ff6                Mouse::Mouse(char const*)
                0x00000000c001602c                Mouse::~Mouse()
                0x00000000c001602c                Mouse::~Mouse()
                0x00000000c0016050                Mouse::~Mouse()
 .text          0x00000000c001607a      0x339 hal/partition.32
                0x00000000c001607a                makePartition(PhysicalDisk*, unsigned long long, unsigned long long)
                0x00000000c0016122                createPartitionsForDisk(PhysicalDisk*)
 *fill*         0x00000000c00163b3        0x1 
 .text          0x00000000c00163b4       0x84 hal/serial.32
                0x00000000c00163b4                Serial::Serial(char const*)
                0x00000000c00163b4                Serial::Serial(char const*)
                0x00000000c00163ea                Serial::~Serial()
                0x00000000c00163ea                Serial::~Serial()
                0x00000000c001640e                Serial::~Serial()
 .text          0x00000000c0016438      0x2f3 hal/timer.32
                0x00000000c0016438                Timer::Timer(char const*)
                0x00000000c0016438                Timer::Timer(char const*)
                0x00000000c001646e                Timer::~Timer()
                0x00000000c001646e                Timer::~Timer()
                0x00000000c0016492                Timer::~Timer()
                0x00000000c00164bc                Timer::read()
                0x00000000c00164c7                timerHandler(unsigned long long)
                0x00000000c0016639                setupTimer(int)
 *fill*         0x00000000c001672b        0x1 
 .text          0x00000000c001672c      0x409 hal/vcache.32
                0x00000000c001672c                VCache::VCache(PhysicalDisk*)
                0x00000000c001672c                VCache::VCache(PhysicalDisk*)
                0x00000000c0016894                VCache::invalidateReadBuffer()
                0x00000000c00168a4                VCache::writeWriteBuffer()
                0x00000000c00168e0                VCache::~VCache()
                0x00000000c00168e0                VCache::~VCache()
                0x00000000c0016934                VCache::~VCache()
                0x00000000c001695c                VCache::write(unsigned long long, int, void*)
                0x00000000c0016a46                VCache::read(unsigned long long, int, void*)
 *fill*         0x00000000c0016b35        0x1 
 .text          0x00000000c0016b36      0x4b3 hal/video.32
                0x00000000c0016b36                Video::putrect(int, int, int, int, unsigned int)
                0x00000000c0016b82                Video::bitblit(int, int, int, int, int, int, int, unsigned int*)
                0x00000000c0016bf2                Video::blit(unsigned int*, int, int, int, int)
                0x00000000c0016c70                Video::clearScreen(unsigned int)
                0x00000000c0016ca4                Video::putpixel(int, int, unsigned int)
                0x00000000c0016cb2                Video::Video(char const*)
                0x00000000c0016cb2                Video::Video(char const*)
                0x00000000c0016ce8                Video::~Video()
                0x00000000c0016ce8                Video::~Video()
                0x00000000c0016d0c                Video::~Video()
                0x00000000c0016d36                Video::isMonochrome()
                0x00000000c0016d42                Video::getWidth()
                0x00000000c0016d4e                Video::getHeight()
                0x00000000c0016d5a                Video::drawCursor(int, int, unsigned char*, int)
                0x00000000c0016e16                Video::tgaParse(unsigned char*, int, int*, int*)
                0x00000000c0016f7e                Video::putTGA(int, int, unsigned char*, int)
 *fill*         0x00000000c0016fe9        0x1 
 .text          0x00000000c0016fea     0x11c9 hw/acpi.32
                0x00000000c0016fea                ACPI::close(int, int, void*)
                0x00000000c001708f                findRSDP()
                0x00000000c0017119                loadACPITables(unsigned char*)
                0x00000000c0017370                findRSDT(unsigned char*)
                0x00000000c00174ba                findDataTable(unsigned char*, char*)
                0x00000000c001752c                scanMADT()
                0x00000000c001799a                ACPI::ACPI()
                0x00000000c001799a                ACPI::ACPI()
                0x00000000c00179ee                ACPI::getPCIIRQAssignment(unsigned char, unsigned short, unsigned char)
                0x00000000c0017ad0                ACPI::registerPCIIRQAssignment(void*, unsigned short, unsigned char, unsigned char)
                0x00000000c0017b96                ACPI::setScreenBrightnessLevel(void*, int)
                0x00000000c0017b9c                ACPI::detectPCI()
                0x00000000c0017d9e                ACPI::writeSimpleBootFlag(SimpleBootFlagTable*)
                0x00000000c0017de6                ACPI::sleep()
                0x00000000c0017dfe                ACPI::open(int, int, void*)
 *fill*         0x00000000c00181b3        0x1 
 .text          0x00000000c00181b4     0x1495 hw/cpu.32
                0x00000000c00181b4                CPU::close(int, int, void*)
                0x00000000c00181b8                CPU::lookupAMDName(unsigned char, unsigned char)
                0x00000000c001834c                CPU::lookupIntelName(unsigned char, unsigned char)
                0x00000000c00185fa                CPU::AMD_K6_write_msr(unsigned int, unsigned int, unsigned int, CPU::REGS*)
                0x00000000c0018616                CPU::AMD_K6_read_msr(unsigned int, CPU::REGS*)
                0x00000000c001862e                CPU::AMD_K6_writeback(int, int, int)
                0x00000000c00186a2                CPU::cpuid(int, unsigned long*, unsigned long*, unsigned long*, unsigned long*)
                0x00000000c0018726                CPU::cpuidCheckEDX(unsigned int)
                0x00000000c0018754                CPU::cpuidCheckECX(unsigned int)
                0x00000000c0018782                CPU::cpuidCheckExtendedEBX(unsigned int)
                0x00000000c00187b0                CPU::cpuidCheckExtendedECX(unsigned int)
                0x00000000c00187de                CPU::CPU()
                0x00000000c00187de                CPU::CPU()
                0x00000000c001886c                CPU::displayFeatures()
                0x00000000c001886e                CPU::detectFeatures()
                0x00000000c0019260                CPU::setupSMEP()
                0x00000000c001926c                CPU::setupUMIP()
                0x00000000c0019276                CPU::setupTSC()
                0x00000000c0019280                CPU::setupLargePages()
                0x00000000c001928a                CPU::setupPAT()
                0x00000000c00192c6                CPU::setupMTRR()
                0x00000000c00192c8                CPU::setupGlobalPages()
                0x00000000c00192d2                CPU::allowUsermodeDataAccess()
                0x00000000c00192e4                CPU::prohibitUsermodeDataAccess()
                0x00000000c00192f6                CPU::setupSMAP()
                0x00000000c0019304                CPU::setupFeatures()
                0x00000000c0019384                CPU::open(int, int, void*)
                0x00000000c001944e                CPU::decodeAddress(regs*, int*, bool*, unsigned char*)
 .text          0x00000000c0019649        0x0 hw/ports.32
 .text          0x00000000c0019649      0x16a hw/smp.32
                0x00000000c0019649                Krnl::smpEntry()
                0x00000000c001964b                Krnl::startCPU(int)
                0x00000000c0019794                Krnl::startCPUs()
 *fill*         0x00000000c00197b3        0x1 
 .text          0x00000000c00197b4      0x581 krnl/env.32
                0x00000000c00197b4                EnvVarContainer::getEnv(char const*)
                0x00000000c00197f2                EnvVarContainer::setEnv(char const*, char const*)
                0x00000000c00198b4                EnvVarContainer::deleteEnv(char const*)
                0x00000000c00198b6                EnvVarContainer::loadFrom(char const*, char const*)
                0x00000000c0019a9c                EnvVarContainer::__loadSystem()
                0x00000000c0019ab6                EnvVarContainer::__loadUser()
                0x00000000c0019ab8                EnvVarContainer::EnvVarContainer(Process*)
                0x00000000c0019ab8                EnvVarContainer::EnvVarContainer(Process*)
                0x00000000c0019ada                EnvVarContainer::~EnvVarContainer()
                0x00000000c0019ada                EnvVarContainer::~EnvVarContainer()
                0x00000000c0019b0a                Krnl::getEnv(Process*, char const*)
                0x00000000c0019b6f                Krnl::setEnvSystem(char const*, char const*)
                0x00000000c0019b89                Krnl::setEnvUser(char const*, char const*)
                0x00000000c0019ba8                Krnl::setEnvProcess(Process*, char const*, char const*)
                0x00000000c0019bbb                Krnl::deleteEnvSystem(char const*)
                0x00000000c0019bbc                Krnl::deleteEnvUser(char const*)
                0x00000000c0019bbd                Krnl::deleteEnvProcess(Process*, char const*)
                0x00000000c0019bbe                Krnl::newProcessEnv(Process*)
                0x00000000c0019be0                Krnl::copyProcessEnv(Process*, Process*)
                0x00000000c0019c2c                Krnl::loadSystemEnv()
                0x00000000c0019c5a                Krnl::loadUserEnv()
                0x00000000c0019c80                Krnl::flushEnv()
                0x00000000c0019c81                Krnl::getProcessTotalEnvCount(Process*)
                0x00000000c0019ca1                Krnl::getProcessEnvPair(Process*, int)
 .text          0x00000000c0019d35      0x39c krnl/panic.32
                0x00000000c0019d35                Krnl::panic(char const*)
 .text          0x00000000c001a0d1      0x57f net/ethernet.32
                0x00000000c001a0d1                Net::switchEndian16(unsigned short)
                0x00000000c001a0f2                Net::switchEndian32(unsigned int)
                0x00000000c001a121                Net::crc32Calc(unsigned char*, int)
                0x00000000c001a1b2                Net::wrapEthernetFrame(Net::UnwrappedEthernetFrame, unsigned char*)
                0x00000000c001a3c5                Net::unwrapEthernetFrame(unsigned char*, int)
 .text          0x00000000c001a650      0x50e reg/registry.32
                0x00000000c001a650                Reg::findLineFromLoadedData(char*, char*, char*)
                0x00000000c001a7a8                Reg::getLineFromRegistry(char*, char*, char*, char*)
                0x00000000c001a8fd                Reg::getLine(char*, char*, char*)
                0x00000000c001a934                Reg::readInt(char*, char*, int*)
                0x00000000c001aa1f                Reg::readString(char*, char*, char*, int)
                0x00000000c001aaa0                Reg::readBool(char*, char*, bool*)
                0x00000000c001aac5                Reg::readBoolWithDefault(char*, char*, bool)
                0x00000000c001aaf1                Reg::readIntWithDefault(char*, char*, int)
                0x00000000c001ab1d                Reg::readStringWithDefault(char*, char*, char*, int, char*)
 .text          0x00000000c001ab5e       0x36 sys/sc_eject.32
                0x00000000c001ab5e                Sys::eject(regs*)
 .text          0x00000000c001ab94       0x18 sys/sc_exit.32
                0x00000000c001ab94                Sys::exit(regs*)
 .text          0x00000000c001abac       0x1f sys/sc_getcwd.32
                0x00000000c001abac                Sys::getCwd(regs*)
 .text          0x00000000c001abcb        0xc sys/sc_getpid.32
                0x00000000c001abcb                Sys::getPID(regs*)
 .text          0x00000000c001abd7       0x17 sys/sc_getramdata.32
                0x00000000c001abd7                Sys::getRAMData(regs*)
 .text          0x00000000c001abee       0x84 sys/sc_getvgaptr.32
                0x00000000c001abee                Sys::getVGAPtr(regs*)
 .text          0x00000000c001ac72       0xa8 sys/sc_loaddll.32
                0x00000000c001ac72                Sys::loadDLL(regs*)
 .text          0x00000000c001ad1a       0x68 sys/sc_read.32
                0x00000000c001ad1a                Sys::read(regs*)
 .text          0x00000000c001ad82       0x55 sys/sc_sbrk.32
                0x00000000c001ad82                Sys::sbrk(regs*)
 .text          0x00000000c001add7       0x1c sys/sc_setcwd.32
                0x00000000c001add7                Sys::setCwd(regs*)
 .text          0x00000000c001adf3       0x95 sys/sc_settime.32
                0x00000000c001adf3                Sys::setTime(regs*)
 .text          0x00000000c001ae88       0x4a sys/sc_timezone.32
                0x00000000c001ae88                Sys::timezone(regs*)
 .text          0x00000000c001aed2       0x68 sys/sc_write.32
                0x00000000c001aed2                Sys::write(regs*)
 .text          0x00000000c001af3a       0x62 sys/sc_wsbe.32
                0x00000000c001af3a                Sys::wsbe(regs*)
 .text          0x00000000c001af9c       0x46 sys/sc_yield.32
                0x00000000c001af9c                Sys::yield(regs*)
 .text          0x00000000c001afe2      0xf84 sys/syscalls.32
                0x00000000c001afe2                sysCallSeekDir(regs*)
                0x00000000c001afe7                sysCallTellDir(regs*)
                0x00000000c001afec                sysCallVerify(regs*)
                0x00000000c001aff6                sysCallGetArgc(regs*)
                0x00000000c001b006                sysFormatDisk(regs*)
                0x00000000c001b070                sysSetDiskVolumeLabel(regs*)
                0x00000000c001b0b6                sysGetDiskVolumeLabel(regs*)
                0x00000000c001b107                sysShutdown(regs*)
                0x00000000c001b165                sysCallRealpath(regs*)
                0x00000000c001b1a8                sysCallReadDir(regs*)
                0x00000000c001b227                sysCallIsATTY(regs*)
                0x00000000c001b281                sysCallSeek(regs*)
                0x00000000c001b2d8                sysCallTell(regs*)
                0x00000000c001b344                sysCallSize(regs*)
                0x00000000c001b3b6                sysCallSizeFromFilename(regs*)
                0x00000000c001b465                sysCallClose(regs*)
                0x00000000c001b4c5                sysCallOpenDir(regs*)
                0x00000000c001b53a                sysCallCloseDir(regs*)
                0x00000000c001b58e                sysCallMakeDir(regs*)
                0x00000000c001b5fe                sysCallWait(regs*)
                0x00000000c001b618                sysCallNotImpl(regs*)
                0x00000000c001b633                sysPanic(regs*)
                0x00000000c001b64d                sysCallRmdir(regs*)
                0x00000000c001b6b1                sysCallUnlink(regs*)
                0x00000000c001b715                sysCallGetArgv(regs*)
                0x00000000c001b761                sysCallTTYName(regs*)
                0x00000000c001b7e4                sysCallUSleep(regs*)
                0x00000000c001b80b                sysCallSpawn(regs*)
                0x00000000c001b873                sysCallGetEnv(regs*)
                0x00000000c001b920                sysAppSettings(regs*)
                0x00000000c001ba34                sysSetFatAttrib(regs*)
                0x00000000c001baa6                sysPipe(regs*)
                0x00000000c001baeb                sysGetUnixTime(regs*)
                0x00000000c001baff                string_ends_with(char const*, char const*)
                0x00000000c001bb47                sysCallOpen(regs*)
                0x00000000c001bd2f                Sys::loadSyscalls()
                0x00000000c001bf24                Sys::systemCall(regs*, void*)
 .text          0x00000000c001bf66     0x1200 thr/elf.32
                0x00000000c001bf66                Thr::allocateMemoryForTask(Process*, File*, unsigned long, unsigned long, unsigned long)
                0x00000000c001c210                Thr::loadProgramIntoMemory(Process*, char const*)
                0x00000000c001c426                Thr::runtimeReferenceHelper()
                0x00000000c001c439                Thr::getAddressOfKernelSymbol(char const*)
                0x00000000c001c488                Thr::loadKernelSymbolTable(char const*)
                0x00000000c001c746                Thr::loadDriverIntoMemory(char const*, unsigned long, bool)
                0x00000000c001ce7c                Thr::getDriverBaseFromAddress(unsigned long)
                0x00000000c001ceae                Thr::getDriverNameFromAddress(unsigned long)
                0x00000000c001cee5                Thr::getDriverOffsetFromAddress(unsigned long)
                0x00000000c001ceff                Thr::loadDLL(char const*, bool)
                0x00000000c001d12d                Thr::executeDLL(unsigned long, void*)
 .text          0x00000000c001d166     0x11ef thr/prcssthr.32
                0x00000000c001d166                userModeEntryPoint(void*)
                0x00000000c001d18c                changeTSS
                0x00000000c001d1bc                switchToThread(ThreadControlBlock*)
                0x00000000c001d266                Process::addArgs(char**)
                0x00000000c001d2c0                Process::Process(char const*, Process*, char**)
                0x00000000c001d2c0                Process::Process(char const*, Process*, char**)
                0x00000000c001d4a4                Process::Process(bool, char const*, Process*, char**)
                0x00000000c001d4a4                Process::Process(bool, char const*, Process*, char**)
                0x00000000c001d653                taskStartupFunction
                0x00000000c001d65c                Semaphore::Semaphore(int)
                0x00000000c001d65c                Semaphore::Semaphore(int)
                0x00000000c001d68a                Mutex::Mutex()
                0x00000000c001d68a                Mutex::Mutex()
                0x00000000c001d69c                Process::createThread(void (*)(void*), void*, int)
                0x00000000c001d7a2                Process::createUserThread()
                0x00000000c001d7be                setupMultitasking(void (*)())
                0x00000000c001d8c1                schedule()
                0x00000000c001d946                Semaphore::tryAcquire()
                0x00000000c001da02                Semaphore::assertLocked(char const*)
                0x00000000c001da71                blockTaskWithSchedulerLockAlreadyHeld(TaskState)
                0x00000000c001da97                blockTask(TaskState)
                0x00000000c001dac4                waitTask(int, int*, int)
                0x00000000c001db06                nanoSleepUntil(unsigned long long)
                0x00000000c001db9b                nanoSleep(unsigned long long)
                0x00000000c001dbb3                sleep(unsigned long long)
                0x00000000c001dbd0                Semaphore::acquire()
                0x00000000c001dc72                taskReturned
                0x00000000c001dcad                Thr::processFromPID(int)
                0x00000000c001dd44                unblockTask(ThreadControlBlock*)
                0x00000000c001ddd9                cleanupTerminatedTask(ThreadControlBlock*)
                0x00000000c001e080                cleanerTaskFunction(void*)
                0x00000000c001e161                terminateTask(int)
                0x00000000c001e220                Thr::terminateFromIRQ(int)
                0x00000000c001e22c                Semaphore::release()
 .text          0x00000000c001e355      0xada vm86/vm8086.32
                0x00000000c001e355                Vm::inbv(unsigned short)
                0x00000000c001e368                Vm::outbv(unsigned short, unsigned char)
                0x00000000c001e39e                Vm::realToLinear(unsigned short, unsigned short)
                0x00000000c001e3ae                Vm::getSegment(unsigned int)
                0x00000000c001e3b6                Vm::getOffset(unsigned int)
                0x00000000c001e3bb                Vm::mainloop2()
                0x00000000c001e3f5                Vm::mainVm8086Loop(void*)
                0x00000000c001e405                Vm::mainloop3(unsigned long)
                0x00000000c001e42b                Vm::initialise8086()
                0x00000000c001e46e                Vm::finish8086()
                0x00000000c001e4cf                Vm::getOutput8086(unsigned char*)
                0x00000000c001e4f4                Vm::start8086(char const*, unsigned short, unsigned short, unsigned short, unsigned short)
                0x00000000c001e65c                Vm::doISR(regs*, int, unsigned char*, unsigned short, unsigned short)
                0x00000000c001e6e6                Vm::readByteFromReal(unsigned short, unsigned short)
                0x00000000c001e6f7                Vm::readWordFromReal(unsigned short, unsigned short)
                0x00000000c001e709                Vm::readDwordFromReal(unsigned short, unsigned short)
                0x00000000c001e71a                Vm::writeByteFromReal(unsigned short, unsigned short, unsigned char)
                0x00000000c001e72f                Vm::writeWordFromReal(unsigned short, unsigned short, unsigned short)
                0x00000000c001e745                Vm::writeDwordFromReal(unsigned short, unsigned short, unsigned int)
                0x00000000c001e75a                Vm::faultHandler(regs*)
 .text          0x00000000c001ee2f      0xefd vm86/x87em.32
                0x00000000c001ee2f                Vm::fpuInternalTo32(unsigned long long)
                0x00000000c001ee8a                Vm::fpuInternalTo64(unsigned long long)
                0x00000000c001ee93                Vm::fpu32ToInternal(unsigned int)
                0x00000000c001eed8                Vm::fpu64ToInternal(unsigned long long)
                0x00000000c001eee1                Vm::fpuFloatToLong(unsigned long long)
                0x00000000c001ef3c                Vm::fpuULongToFloat(unsigned long long)
                0x00000000c001ef72                Vm::fpuLongToFloat(long long)
                0x00000000c001efc8                Vm::fpuGet0()
                0x00000000c001efcd                Vm::fpuGet1()
                0x00000000c001efd5                Vm::fpuGetPi()
                0x00000000c001efdd                Vm::fpuGetLog2E()
                0x00000000c001eff5                Vm::fpuGetLogE2()
                0x00000000c001f00d                Vm::fpuGetLog210()
                0x00000000c001f025                Vm::fpuGetLog102()
                0x00000000c001f03d                Vm::fpuIsSecondLarger(unsigned long long, unsigned long long)
                0x00000000c001f051                Vm::fpuAreEqual(unsigned long long, unsigned long long)
                0x00000000c001f067                Vm::fpuUnorderedCompare(unsigned long long, unsigned long long)
                0x00000000c001f0ba                Vm::fpuAdd(unsigned long long, unsigned long long)
                0x00000000c001f0cb                Vm::fpuAbs(unsigned long long)
                0x00000000c001f0d4                Vm::fpuChs(unsigned long long)
                0x00000000c001f0e4                Vm::fpuSub(unsigned long long, unsigned long long)
                0x00000000c001f0f3                Vm::fpuMultiply(unsigned long long, unsigned long long)
                0x00000000c001f112                Vm::fpuDivide(unsigned long long, unsigned long long)
                0x00000000c001f12e                Vm::fpuSquare(unsigned long long)
                0x00000000c001f144                Vm::fpuGetReg(int)
                0x00000000c001f187                Vm::fpuSetReg(int, unsigned long long)
                0x00000000c001f1d2                Vm::fpuPush(unsigned long long)
                0x00000000c001f22f                Vm::fpuPop()
                0x00000000c001f281                Vm::x87Handler(regs*)
 .text          0x00000000c001fd2c     0x11c1 fs/fat/vfslink.32
                0x00000000c001fd2c                FAT::getName()
                0x00000000c001fd32                FAT::tell(void*, unsigned long long*)
                0x00000000c001fd66                FAT::stat(void*, unsigned long long*)
                0x00000000c001fd9a                FAT::~FAT()
                0x00000000c001fd9a                FAT::~FAT()
                0x00000000c001fdbe                FAT::~FAT()
                0x00000000c001fde6                FAT::getlabel(LogicalDisk*, int, char*, unsigned int*)
                0x00000000c001fe84                FAT::setlabel(LogicalDisk*, int, char*)
                0x00000000c001ff3e                FAT::format(LogicalDisk*, int, char const*, int)
                0x00000000c00200fc                FAT::tryMount(LogicalDisk*, int)
                0x00000000c0020302                FAT::getFileFirstSector(char const*)
                0x00000000c00203a8                FAT::readDir(void*, unsigned long, void*, int*)
                0x00000000c0020502                FAT::read(void*, unsigned long, void*, int*)
                0x00000000c002055c                FAT::write(void*, unsigned long, void*, int*)
                0x00000000c00205b6                FAT::close(void*)
                0x00000000c0020602                FAT::closeDir(void*)
                0x00000000c002064e                FAT::seek(void*, unsigned long long)
                0x00000000c00206a2                fatWrapperReadDisk
                0x00000000c00206e9                fatWrapperWriteDisk
                0x00000000c0020730                fatWrapperIoctl
                0x00000000c0020834                FAT::FAT()
                0x00000000c0020834                FAT::FAT()
                0x00000000c0020886                FAT::fixFilepath(char*)
                0x00000000c00208be                FAT::open(char const*, void**, FileOpenMode)
                0x00000000c00209e6                FAT::openDir(char const*, void**)
                0x00000000c0020a8c                FAT::stat(char const*, unsigned long long*, bool*)
                0x00000000c0020b76                FAT::unlink(char const*)
                0x00000000c0020bf0                FAT::chfatattr(char const*, unsigned char, unsigned char)
                0x00000000c0020d44                FAT::rename(char const*, char const*)
                0x00000000c0020e08                FAT::mkdir(char const*)
                0x00000000c0020e82                FAT::exists(char const*)
 *fill*         0x00000000c0020eed        0x1 
 .text          0x00000000c0020eee      0xb75 fs/iso9660/vfslink.32
                0x00000000c0020eee                ISO9660::format(LogicalDisk*, int, char const*, int)
                0x00000000c0020ef4                ISO9660::seek(void*, unsigned long long)
                0x00000000c0020f24                ISO9660::tell(void*, unsigned long long*)
                0x00000000c0020f48                ISO9660::getName()
                0x00000000c0020f4e                ISO9660::stat(void*, unsigned long long*)
                0x00000000c0020f72                ISO9660::chfatattr(char const*, unsigned char, unsigned char)
                0x00000000c0020f78                ISO9660::unlink(char const*)
                0x00000000c0020f7e                ISO9660::write(void*, unsigned long, void*, int*)
                0x00000000c0020f84                ISO9660::rename(char const*, char const*)
                0x00000000c0020f8a                ISO9660::mkdir(char const*)
                0x00000000c0020f90                ISO9660::close(void*)
                0x00000000c0020fb2                ISO9660::closeDir(void*)
                0x00000000c0020fd4                ISO9660::~ISO9660()
                0x00000000c0020fd4                ISO9660::~ISO9660()
                0x00000000c0020ff8                ISO9660::~ISO9660()
                0x00000000c002101f                __memmem(unsigned char*, int, unsigned char*, int)
                0x00000000c0021061                readSectorFromCDROM(unsigned int, unsigned char*, char)
                0x00000000c00210bc                ISO9660::tryMount(LogicalDisk*, int)
                0x00000000c002110c                ISO9660::read(void*, unsigned long, void*, int*)
                0x00000000c0021310                ISO9660::readDir(void*, unsigned long, void*, int*)
                0x00000000c002158a                readRoot(unsigned int*, unsigned int*, char)
                0x00000000c00215de                readRecursively(char*, unsigned int, unsigned int, unsigned int*, unsigned int*, char, int*)
                0x00000000c00217b1                getFileData(char*, unsigned int*, unsigned int*, char, int*)
                0x00000000c0021840                ISO9660::open(char const*, void**, FileOpenMode)
                0x00000000c00218ee                ISO9660::exists(char const*)
                0x00000000c0021912                ISO9660::stat(char const*, unsigned long long*, bool*)
                0x00000000c00219a6                ISO9660::openDir(char const*, void**)
                0x00000000c0021a40                ISO9660::ISO9660()
                0x00000000c0021a40                ISO9660::ISO9660()
 *fill*         0x00000000c0021a63        0x1 
 .text          0x00000000c0021a64      0x396 hal/sound/sndchannel.32
                0x00000000c0021a64                SoundChannel::SoundChannel(int, int, int, int)
                0x00000000c0021a64                SoundChannel::SoundChannel(int, int, int, int)
                0x00000000c0021b8e                SoundChannel::~SoundChannel()
                0x00000000c0021b8e                SoundChannel::~SoundChannel()
                0x00000000c0021baa                SoundChannel::getSampleRate()
                0x00000000c0021bb2                SoundChannel::getBits()
                0x00000000c0021bba                SoundChannel::getBufferUsed()
                0x00000000c0021bc2                SoundChannel::getBufferSize()
                0x00000000c0021bca                SoundChannel::unbuffer(float*, int, int)
                0x00000000c0021c5e                SoundChannel::buffer16(short*, int)
                0x00000000c0021d5a                SoundChannel::buffer8(unsigned char*, int)
 .text          0x00000000c0021dfa      0x43e hal/sound/sndhw.32
                0x00000000c0021dfa                SoundDevice::SoundDevice(char const*)
                0x00000000c0021dfa                SoundDevice::SoundDevice(char const*)
                0x00000000c0021e66                SoundDevice::~SoundDevice()
                0x00000000c0021e66                SoundDevice::~SoundDevice()
                0x00000000c0021ee0                SoundDevice::~SoundDevice()
                0x00000000c0021f0a                SoundDevice::getFreeChannelNum()
                0x00000000c0021f24                SoundDevice::addChannel(SoundChannel*)
                0x00000000c0021f94                SoundDevice::removeChannel(int)
                0x00000000c0021fc6                SoundDevice::floatTo16(float*, short*, int)
                0x00000000c00220b4                SoundDevice::floatTo8(float*, unsigned char*, int)
                0x00000000c002219c                SoundDevice::getAudio(int, float*, float*)
 .text          0x00000000c0022238        0x0 hw/bus/isa.32
 .text          0x00000000c0022238      0xb87 hw/bus/pci.32
                0x00000000c0022238                PCI::open(int, int, void*)
                0x00000000c0022256                PCI::close(int, int, void*)
                0x00000000c002225a                PCI::PCI()
                0x00000000c002225a                PCI::PCI()
                0x00000000c00222f0                PCI::readBAR8(unsigned int, int)
                0x00000000c002230c                PCI::readBAR16(unsigned int, int)
                0x00000000c002232a                PCI::readBAR32(unsigned int, int)
                0x00000000c0022346                PCI::writeBAR8(unsigned int, unsigned char, int)
                0x00000000c0022366                PCI::writeBAR16(unsigned int, unsigned short, int)
                0x00000000c0022388                PCI::writeBAR32(unsigned int, unsigned int, int)
                0x00000000c00223a8                PCI::legacyMechanism(unsigned char, unsigned char, unsigned char, unsigned char)
                0x00000000c0022416                PCI::pciReadWord(unsigned char, unsigned char, unsigned char, unsigned char)
                0x00000000c00224be                PCI::getVendorID(unsigned char, unsigned char, unsigned char)
                0x00000000c00224e2                PCI::getHeaderType(unsigned char, unsigned char, unsigned char)
                0x00000000c002250a                PCI::getClassCode(unsigned char, unsigned char, unsigned char)
                0x00000000c0022554                PCI::getProgIF(unsigned char, unsigned char, unsigned char)
                0x00000000c002257c                PCI::getRevisionID(unsigned char, unsigned char, unsigned char)
                0x00000000c00225a0                PCI::getInterruptNumber(unsigned char, unsigned char, unsigned char)
                0x00000000c00225c4                PCI::getSecondaryBus(unsigned char, unsigned char, unsigned char)
                0x00000000c00225ec                PCI::getBARAddress(unsigned char, unsigned char, unsigned char, unsigned char)
                0x00000000c0022650                PCI::pciWriteWord(unsigned char, unsigned char, unsigned char, unsigned char, unsigned short)
                0x00000000c0022738                PCI::pciDetailsToFilepath(PCIDeviceInfo, char*)
                0x00000000c00229b2                PCI::checkBus(unsigned char)
                0x00000000c00229d6                PCI::foundDevice(PCIDeviceInfo)
                0x00000000c0022b48                PCI::getDeviceData(unsigned char, unsigned char, unsigned char)
                0x00000000c0022d00                PCI::checkDevice(unsigned char, unsigned char)
                0x00000000c0022d6c                PCI::detect()
 *fill*         0x00000000c0022dbf        0x1 
 .text          0x00000000c0022dc0      0xb54 hw/diskctrl/ide.32
                0x00000000c0022dc0                IDE::close(int, int, void*)
                0x00000000c0022dc4                IDE::IDE()
                0x00000000c0022dc4                IDE::IDE()
                0x00000000c0022df8                IDE::prepareInterrupt(unsigned char)
                0x00000000c0022e0a                selectDrive(unsigned char, unsigned char)
                0x00000000c0022e0c                IDE::getBase(unsigned char)
                0x00000000c0022e1e                IDE::write(unsigned char, unsigned char, unsigned char)
                0x00000000c0022ede                IDE::read(unsigned char, unsigned char)
                0x00000000c0022f8c                IDE::waitInterrupt(unsigned char)
                0x00000000c0022ff2                ideChannel0IRQHandler(regs*, void*)
                0x00000000c002300e                ideChannel1IRQHandler(regs*, void*)
                0x00000000c002302a                IDE::enableIRQs(unsigned char, bool)
                0x00000000c0023070                IDE::open(int, int, void*)
                0x00000000c002347e                IDE::readBuffer(unsigned char, unsigned char, unsigned int, unsigned int)
                0x00000000c002354a                IDE::detect()
                0x00000000c0023810                IDE::printError(unsigned char, unsigned char, unsigned char)
                0x00000000c00238c0                IDE::polling(unsigned char, unsigned int)
 .text          0x00000000c0023914      0x336 hw/diskctrl/satabus.32
                0x00000000c0023914                SATABus::close(int, int, void*)
                0x00000000c0023918                SATABus::detect()
                0x00000000c002391a                SATABus::SATABus()
                0x00000000c002391a                SATABus::SATABus()
                0x00000000c00239a0                SATABus::findCmdslot(SATABus::tagHBA_PORT volatile*)
                0x00000000c00239e8                SATABus::checkType(SATABus::tagHBA_PORT volatile*)
                0x00000000c0023a30                SATABus::startCmd(SATABus::tagHBA_PORT volatile*)
                0x00000000c0023a50                SATABus::stopCmd(SATABus::tagHBA_PORT volatile*)
                0x00000000c0023a7a                SATABus::portRebase(SATABus::tagHBA_PORT volatile*, int)
                0x00000000c0023b80                SATABus::probePort(SATABus::tagHBA_MEM volatile*)
                0x00000000c0023c2a                SATABus::open(int, int, void*)
 .text          0x00000000c0023c4a      0x604 hw/diskphys/ata.32
                0x00000000c0023c4a                ATA::close(int, int, void*)
                0x00000000c0023c6e                ATA::powerSaving(PowerSavingLevel)
                0x00000000c0023c70                ATA::ATA()
                0x00000000c0023c70                ATA::ATA()
                0x00000000c0023c9e                ATA::flush(bool)
                0x00000000c0023ce8                ATA::readyForCommand()
                0x00000000c0023d38                ATA::access(unsigned long long, int, void*, bool)
                0x00000000c00240c0                ATA::read(unsigned long long, int, void*)
                0x00000000c002410c                ATA::write(unsigned long long, int, void*)
                0x00000000c0024158                ATA::detectCHS()
                0x00000000c0024182                ATA::open(int, int, void*)
 .text          0x00000000c002424e      0x5bd hw/diskphys/atapi.32
                0x00000000c002424e                ATAPI::write(unsigned long long, int, void*)
                0x00000000c0024254                ATAPI::close(int, int, void*)
                0x00000000c0024278                ATAPI::ATAPI()
                0x00000000c0024278                ATAPI::ATAPI()
                0x00000000c00242a6                ATAPI::readyForCommand()
                0x00000000c00242f6                ATAPI::sendPacket(unsigned char*, int, bool, unsigned short*, int)
                0x00000000c00245b6                ATAPI::diskRemoved()
                0x00000000c00245d2                ATAPI::eject()
                0x00000000c002461a                ATAPI::diskInserted()
                0x00000000c0024648                ATAPI::detectMedia()
                0x00000000c0024704                ATAPI::open(int, int, void*)
                0x00000000c002478c                ATAPI::read(unsigned long long, int, void*)
 *fill*         0x00000000c002480b        0x1 
 .text          0x00000000c002480c      0x41c hw/diskphys/sata.32
                0x00000000c002480c                SATA::close(int, int, void*)
                0x00000000c0024830                SATA::powerSaving(PowerSavingLevel)
                0x00000000c0024832                SATA::open(int, int, void*)
                0x00000000c00248dc                SATA::SATA()
                0x00000000c00248dc                SATA::SATA()
                0x00000000c002490a                SATA::access(unsigned long long, int, void*, bool)
                0x00000000c0024b70                SATA::read(unsigned long long, int, void*)
                0x00000000c0024bbc                SATA::write(unsigned long long, int, void*)
 .text          0x00000000c0024c28      0x4fe hw/diskphys/satapi.32
                0x00000000c0024c28                SATAPI::write(unsigned long long, int, void*)
                0x00000000c0024c2e                SATAPI::close(int, int, void*)
                0x00000000c0024c52                SATAPI::SATAPI()
                0x00000000c0024c52                SATAPI::SATAPI()
                0x00000000c0024c80                SATAPI::diskRemoved()
                0x00000000c0024c9c                SATAPI::diskInserted()
                0x00000000c0024cca                SATAPI::sendPacket(unsigned char*, int, unsigned long long, unsigned short*, int)
                0x00000000c0024ed2                SATAPI::eject()
                0x00000000c0024f1a                SATAPI::detectMedia()
                0x00000000c0024fdc                SATAPI::open(int, int, void*)
                0x00000000c0025084                SATAPI::read(unsigned long long, int, void*)
 .text          0x00000000c0025126       0x8e hw/fpu/avx.32
                0x00000000c0025126                AVX::open(int, int, void*)
                0x00000000c0025138                AVX::close(int, int, void*)
                0x00000000c002514a                AVX::available()
                0x00000000c002515c                AVX::save(void*)
                0x00000000c0025174                AVX::load(void*)
                0x00000000c002518c                AVX::AVX()
                0x00000000c002518c                AVX::AVX()
 .text          0x00000000c00251b4       0x90 hw/fpu/mmx.32
                0x00000000c00251b4                MMX::available()
                0x00000000c00251c8                MMX::open(int, int, void*)
                0x00000000c00251da                MMX::close(int, int, void*)
                0x00000000c00251ec                MMX::save(void*)
                0x00000000c0025204                MMX::load(void*)
                0x00000000c002521c                MMX::MMX()
                0x00000000c002521c                MMX::MMX()
 .text          0x00000000c0025244       0x96 hw/fpu/sse.32
                0x00000000c0025244                SSE::open(int, int, void*)
                0x00000000c0025256                SSE::close(int, int, void*)
                0x00000000c0025268                SSE::available()
                0x00000000c0025282                SSE::save(void*)
                0x00000000c002529a                SSE::load(void*)
                0x00000000c00252b2                SSE::SSE()
                0x00000000c00252b2                SSE::SSE()
 .text          0x00000000c00252da       0x8e hw/fpu/x87.32
                0x00000000c00252da                x87::open(int, int, void*)
                0x00000000c00252ec                x87::close(int, int, void*)
                0x00000000c00252fe                x87::available()
                0x00000000c0025310                x87::save(void*)
                0x00000000c0025328                x87::load(void*)
                0x00000000c0025340                x87::x87()
                0x00000000c0025340                x87::x87()
 .text          0x00000000c0025368      0x71e hw/intctrl/apic.32
                0x00000000c0025368                APIC::disable()
                0x00000000c002536a                APIC::close(int, int, void*)
                0x00000000c002538c                IOAPIC::close(int, int, void*)
                0x00000000c0025392                APIC::io_wait()
                0x00000000c0025398                APIC::getBase()
                0x00000000c00253da                APIC::eoi(unsigned char)
                0x00000000c0025408                APIC::open(int, int, void*)
                0x00000000c0025556                IOAPIC::IOAPIC()
                0x00000000c0025556                IOAPIC::IOAPIC()
                0x00000000c002557e                APIC::APIC()
                0x00000000c002557e                APIC::APIC()
                0x00000000c002565a                IOAPIC::handlesGSIWithNumber(unsigned int)
                0x00000000c002568c                IOAPIC::read(int)
                0x00000000c00256b4                IOAPIC::open(int, int, void*)
                0x00000000c00257aa                IOAPIC::write(int, int)
                0x00000000c00257d6                IOAPIC::redirect(unsigned char, unsigned long long, unsigned char, bool, bool)
                0x00000000c00258d0                APIC::installIRQHandler(int, void (*)(regs*, void*), bool, void*)
 .text          0x00000000c0025a86      0x3d3 hw/intctrl/pic.32
                0x00000000c0025a86                PIC::disable()
                0x00000000c0025ab4                PIC::close(int, int, void*)
                0x00000000c0025ad6                PIC::PIC()
                0x00000000c0025ad6                PIC::PIC()
                0x00000000c0025bac                PIC::ioWait()
                0x00000000c0025bb2                PIC::getIRQReg(int)
                0x00000000c0025c1c                PIC::eoi(unsigned char)
                0x00000000c0025cae                PIC::remap()
                0x00000000c0025e1a                PIC::open(int, int, void*)
 *fill*         0x00000000c0025e59        0x1 
 .text          0x00000000c0025e5a      0x25e hw/timer/apictimer.32
                0x00000000c0025e5a                APICTimer::close(int, int, void*)
                0x00000000c0025e60                apicTimerHandler(regs*, void*)
                0x00000000c0025e8e                APICTimer::write(int)
                0x00000000c0025f92                APICTimer::open(int, int, void*)
                0x00000000c0026090                APICTimer::APICTimer()
                0x00000000c0026090                APICTimer::APICTimer()
 .text          0x00000000c00260b8      0x1a7 hw/timer/pit.32
                0x00000000c00260b8                PIT::write(int)
                0x00000000c0026136                pitHandler(regs*, void*)
                0x00000000c0026162                PIT::open(int, int, void*)
                0x00000000c00261b0                PIT::close(int, int, void*)
                0x00000000c00261e0                PIT::PIT()
                0x00000000c00261e0                PIT::PIT()
 *fill*         0x00000000c002625f        0x1 
 .text          0x00000000c0026260       0x1e hw/fpu/x86/avx.32
                0x00000000c0026260                avxDetect
                0x00000000c0026266                avxSave
                0x00000000c0026267                avxLoad
                0x00000000c0026268                avxInit
                0x00000000c0026269                avxClose
                0x00000000c002626a                wouldSheSayYes
 *fill*         0x00000000c002627e        0x2 
 .text          0x00000000c0026280       0x35 hw/fpu/x86/sse.32
                0x00000000c0026280                absolutelyNoChanceInHell
                0x00000000c0026280                sseDetect
                0x00000000c0026298                sseSave
                0x00000000c002629e                sseLoad
                0x00000000c00262a4                sseInit
                0x00000000c00262b4                sseClose
 *fill*         0x00000000c00262b5        0xb 
 .text          0x00000000c00262c0       0x4d hw/fpu/x86/x87.32
                0x00000000c00262c6                x87Detect
                0x00000000c00262e1                x87Save
                0x00000000c00262ea                x87Load
                0x00000000c00262f2                x87Init
                0x00000000c002630c                x87Close
 *fill*         0x00000000c002630d        0x3 
 .text          0x00000000c0026310       0x25 /cygdrive/d/Users/Alex/Desktop/Toolchain/Output/bin/../lib/gcc/i386-banana/8.1.0/crtend.o
 .text          0x00000000c0026335        0x0 crtn.32
 *fill*         0x00000000c0026335        0x3 
 .text          0x00000000c0026338      0x14b /cygdrive/d/Users/Alex/Desktop/Toolchain/Output/bin/../lib/gcc/i386-banana/8.1.0/libkgcc.a(_divdi3.o)
                0x00000000c0026338                __divdi3
 *fill*         0x00000000c0026483        0x1 
 .text          0x00000000c0026484      0x17e /cygdrive/d/Users/Alex/Desktop/Toolchain/Output/bin/../lib/gcc/i386-banana/8.1.0/libkgcc.a(_moddi3.o)
                0x00000000c0026484                __moddi3
 *fill*         0x00000000c0026602        0x2 
 .text          0x00000000c0026604       0xff /cygdrive/d/Users/Alex/Desktop/Toolchain/Output/bin/../lib/gcc/i386-banana/8.1.0/libkgcc.a(_udivdi3.o)
                0x00000000c0026604                __udivdi3
 *fill*         0x00000000c0026703        0x1 
 .text          0x00000000c0026704      0x11a /cygdrive/d/Users/Alex/Desktop/Toolchain/Output/bin/../lib/gcc/i386-banana/8.1.0/libkgcc.a(_umoddi3.o)
                0x00000000c0026704                __umoddi3
 .text          0x00000000c002681e      0x96d D:/Users/Alex/Desktop/Banana/kernel/libsoftfp.a(sfieeelib.o)
                0x00000000c002681e                __addsf3
                0x00000000c0026b20                __subsf3
                0x00000000c0026b34                __negsf2
                0x00000000c0026b41                __mulsf3
                0x00000000c0026d04                __divsf3
                0x00000000c0026f2f                __floatsisf
                0x00000000c0026fa3                __floatunsisf
                0x00000000c0026fe5                __fixsfsi
                0x00000000c0027047                __fixunssfsi
                0x00000000c0027078                __cmpsf2
                0x00000000c002710d                __eqsf2
                0x00000000c0027148                __nesf2
                0x00000000c002714a                __gtsf2
                0x00000000c0027185                __gesf2
                0x00000000c0027187                __ltsf2
                0x00000000c0027189                __lesf2
 .text          0x00000000c002718b      0xf50 D:/Users/Alex/Desktop/Banana/kernel/libsoftfp.a(dfieeelib.o)
                0x00000000c002718b                __adddf3
                0x00000000c00277dc                __subdf3