Archive member included to satisfy reference by file (symbol)

/cygdrive/d/Users/Alex/Desktop/Toolchain/Output/bin/../lib/gcc/i386-banana/8.1.0/libgcc.a(_divdi3.o)
                              fs/fat/ff.32 (__divdi3)
/cygdrive/d/Users/Alex/Desktop/Toolchain/Output/bin/../lib/gcc/i386-banana/8.1.0/libgcc.a(_moddi3.o)
                              thr/elf.32 (__moddi3)
/cygdrive/d/Users/Alex/Desktop/Toolchain/Output/bin/../lib/gcc/i386-banana/8.1.0/libgcc.a(_udivdi3.o)
                              fs/fat/ff.32 (__udivdi3)
/cygdrive/d/Users/Alex/Desktop/Toolchain/Output/bin/../lib/gcc/i386-banana/8.1.0/libgcc.a(_umoddi3.o)
                              core/pipe.32 (__umoddi3)
D:/Users/Alex/Desktop/Banana/kernel/libk/libm32.a(s_fabs.c.o)
                              hal/libresample/samplerate.32 (fabs)
D:/Users/Alex/Desktop/Banana/kernel/libk/libm32.a(s_lrint.S.o)
                              hal/libresample/samplerate.32 (lrint)
D:/Users/Alex/Desktop/Banana/kernel/libk/libm32.a(s_lrintf.S.o)
                              hal/sound/sndhw.32 (lrintf)

Discarded input sections

 .comment       0x0000000000000000       0x12 /cygdrive/d/Users/Alex/Desktop/Toolchain/Output/bin/../lib/gcc/i386-banana/8.1.0/crtbegin.o
 .comment       0x0000000000000000       0x12 acpica/utclib.32
 .comment       0x0000000000000000       0x12 core/malloc.32
 .comment       0x0000000000000000       0x12 libk/string.32
 .comment       0x0000000000000000       0x12 fs/fat/diskio.32
 .comment       0x0000000000000000       0x12 fs/fat/ff.32
 .comment       0x0000000000000000       0x12 fs/fat/ffsystem.32
 .comment       0x0000000000000000       0x12 fs/fat/ffunicode.32
 .comment       0x0000000000000000       0x12 hal/libresample/samplerate.32
 .comment       0x0000000000000000       0x12 hal/libresample/src_linear.32
 .comment       0x0000000000000000       0x12 hal/libresample/src_sinc.32
 .comment       0x0000000000000000       0x12 hal/libresample/src_zoh.32
 .group         0x0000000000000000       0x14 core/computer.32
 .group         0x0000000000000000        0xc core/computer.32
 .comment       0x0000000000000000       0x12 core/computer.32
 .comment       0x0000000000000000       0x12 core/gdt.32
 .group         0x0000000000000000        0xc core/idle.32
 .comment       0x0000000000000000       0x12 core/idle.32
 .comment       0x0000000000000000       0x12 core/idt.32
 .group         0x0000000000000000        0x8 core/kheap.32
 .group         0x0000000000000000        0x8 core/kheap.32
 .comment       0x0000000000000000       0x12 core/kheap.32
 .comment       0x0000000000000000       0x12 core/main.32
 .comment       0x0000000000000000       0x12 core/physmgr.32
 .group         0x0000000000000000        0xc core/pipe.32
 .comment       0x0000000000000000       0x12 core/pipe.32
 .group         0x0000000000000000        0xc core/terminal.32
 .comment       0x0000000000000000       0x12 core/terminal.32
 .group         0x0000000000000000        0x8 core/tss.32
 .text._ZN3CPU7readCR3Ev
                0x0000000000000000       0x12 core/tss.32
 .comment       0x0000000000000000       0x12 core/tss.32
 .group         0x0000000000000000        0x8 core/unixfile.32
 .group         0x0000000000000000        0xc core/unixfile.32
 .group         0x0000000000000000        0xc core/unixfile.32
 .group         0x0000000000000000        0x8 core/unixfile.32
 .group         0x0000000000000000        0xc core/unixfile.32
 .group         0x0000000000000000        0x8 core/unixfile.32
 .group         0x0000000000000000        0xc core/unixfile.32
 .group         0x0000000000000000        0xc core/unixfile.32
 .comment       0x0000000000000000       0x12 core/unixfile.32
 .group         0x0000000000000000        0x8 core/virtmgr.32
 .group         0x0000000000000000        0x8 core/virtmgr.32
 .text._ZN3CPU7readCR3Ev
                0x0000000000000000       0x12 core/virtmgr.32
 .text._ZN3CPU8writeCR3Em
                0x0000000000000000        0x9 core/virtmgr.32
 .comment       0x0000000000000000       0x12 core/virtmgr.32
 .comment       0x0000000000000000       0x12 coreobjs/c++.32
 .comment       0x0000000000000000       0x12 dbg/kconsole.32
 .group         0x0000000000000000        0xc fs/vfs.32
 .group         0x0000000000000000        0xc fs/vfs.32
 .group         0x0000000000000000        0xc fs/vfs.32
 .comment       0x0000000000000000       0x12 fs/vfs.32
 .group         0x0000000000000000        0xc hal/bus.32
 .comment       0x0000000000000000       0x12 hal/bus.32
 .group         0x0000000000000000        0xc hal/buzzer.32
 .comment       0x0000000000000000       0x12 hal/buzzer.32
 .group         0x0000000000000000        0xc hal/clock.32
 .comment       0x0000000000000000       0x12 hal/clock.32
 .group         0x0000000000000000       0x14 hal/device.32
 .group         0x0000000000000000        0xc hal/device.32
 .group         0x0000000000000000        0xc hal/device.32
[...]
Memory Configuration

Name             Origin             Length             Attributes
*default*        0x0000000000000000 0xffffffffffffffff

Linker script and memory map

LOAD D:/Users/Alex/Desktop/Banana/kernel/boot.32
LOAD crti.32
LOAD /cygdrive/d/Users/Alex/Desktop/Toolchain/Output/bin/../lib/gcc/i386-banana/8.1.0/crtbegin.o
LOAD D:/Users/Alex/Desktop/Banana/kernel/morenasm.32
LOAD acpica/utclib.32
LOAD core/malloc.32
LOAD libk/string.32
LOAD fs/fat/diskio.32
LOAD fs/fat/ff.32
LOAD fs/fat/ffsystem.32
LOAD fs/fat/ffunicode.32
LOAD hal/libresample/samplerate.32
LOAD hal/libresample/src_linear.32
LOAD hal/libresample/src_sinc.32
LOAD hal/libresample/src_zoh.32
LOAD core/computer.32
LOAD core/gdt.32
LOAD core/idle.32
LOAD core/idt.32
LOAD core/kheap.32
LOAD core/main.32
LOAD core/physmgr.32
LOAD core/pipe.32
LOAD core/terminal.32
LOAD core/tss.32
LOAD core/unixfile.32
LOAD core/virtmgr.32
LOAD coreobjs/c++.32
LOAD dbg/kconsole.32
LOAD fs/vfs.32
LOAD hal/bus.32
LOAD hal/buzzer.32
LOAD hal/clock.32
LOAD hal/device.32
LOAD hal/diskctrl.32
LOAD hal/diskphys.32
LOAD hal/fpu.32
LOAD hal/intctrl.32
LOAD hal/keybrd.32
LOAD hal/logidisk.32
LOAD hal/mouse.32
LOAD hal/partition.32
LOAD hal/timer.32
LOAD hal/vcache.32
LOAD hal/video.32
LOAD hw/acpi.32
LOAD hw/cpu.32
LOAD hw/ports.32
LOAD krnl/panic.32
LOAD reg/registry.32
LOAD sys/sc_exit.32
LOAD sys/sc_loaddll.32
LOAD sys/sc_read.32
LOAD sys/sc_sbrk.32
LOAD sys/sc_write.32
LOAD sys/sc_yield.32
LOAD sys/syscalls.32
LOAD thr/elf.32
LOAD thr/prcssthr.32
LOAD vm86/vm8086.32
LOAD fs/fat/vfslink.32
LOAD fs/iso9660/vfslink.32
LOAD hal/sound/sndchannel.32
LOAD hal/sound/sndhw.32
LOAD hw/bus/isa.32
LOAD hw/bus/pci.32
LOAD hw/diskctrl/ide.32
LOAD hw/diskphys/ata.32
LOAD hw/diskphys/atapi.32
LOAD hw/fpu/avx.32
LOAD hw/fpu/mmx.32
LOAD hw/fpu/sse.32
LOAD hw/fpu/x87.32
LOAD hw/intctrl/apic.32
LOAD hw/intctrl/pic.32
LOAD hw/timer/apictimer.32
LOAD hw/timer/pit.32
LOAD hw/fpu/x86/avx.32
LOAD hw/fpu/x86/sse.32
LOAD hw/fpu/x86/x87.32
LOAD /cygdrive/d/Users/Alex/Desktop/Toolchain/Output/bin/../lib/gcc/i386-banana/8.1.0/crtend.o
LOAD crtn.32
LOAD /cygdrive/d/Users/Alex/Desktop/Toolchain/Output/bin/../lib/gcc/i386-banana/8.1.0/libgcc.a
LOAD D:/Users/Alex/Desktop/Banana/kernel/libk/libm32.a
                0x00000000c0000000                . = 0xc0000000

.text           0x00000000c0000000    0x1e9a8
 *(.text)
 .text          0x00000000c0000000       0x41 D:/Users/Alex/Desktop/Banana/kernel/boot.32
                0x00000000c0000020                callGlobalConstructors
 .text          0x00000000c0000041        0x0 crti.32
 *fill*         0x00000000c0000041        0x3 
 .text          0x00000000c0000044      0x101 /cygdrive/d/Users/Alex/Desktop/Toolchain/Output/bin/../lib/gcc/i386-banana/8.1.0/crtbegin.o
 *fill*         0x00000000c0000145        0xb 
 .text          0x00000000c0000150      0x41f D:/Users/Alex/Desktop/Banana/kernel/morenasm.32
                0x00000000c0000150                doTPAUSE
                0x00000000c000015a                hasLegacyFPU
                0x00000000c000017f                is486
                0x00000000c00001b5                goToVM86
                0x00000000c00001e6                goToUsermode
                0x00000000c0000211                switchToThreadASMFirstTime
                0x00000000c000021f                switchToThreadASM
                0x00000000c00002bf                detectCPUID
                0x00000000c00002d5                asmQuickAcquireLock
                0x00000000c00002f3                asmQuickReleaseLock
                0x00000000c00002ff                asmAcquireLock
                0x00000000c0000320                asmReleaseLock
                0x00000000c0000333                loadGDT
                0x00000000c0000353                isr0
                0x00000000c0000363                isr1
                0x00000000c000036d                isr2
                0x00000000c0000377                isr3
                0x00000000c0000381                isr4
                0x00000000c000038b                isr5
                0x00000000c0000395                isr6
                0x00000000c000039f                isr7
                0x00000000c00003a9                isr8
                0x00000000c00003b1                isr9
                0x00000000c00003bb                isr10
                0x00000000c00003c3                isr11
                0x00000000c00003cb                isr12
                0x00000000c00003d3                isr13
                0x00000000c00003db                isr14
                0x00000000c00003e3                isr15
                0x00000000c00003ed                isr16
                0x00000000c00003f7                isr17
                0x00000000c0000401                isr18
                0x00000000c000040b                isr96
                0x00000000c0000415                irq0
                0x00000000c000041f                irq1
                0x00000000c0000429                irq2
                0x00000000c0000433                irq3
                0x00000000c000043d                irq4
                0x00000000c0000447                irq5
                0x00000000c0000451                irq6
                0x00000000c000045b                irq7
                0x00000000c0000465                irq8
                0x00000000c000046f                irq9
                0x00000000c0000479                irq10
                0x00000000c0000483                irq11
                0x00000000c000048d                irq12
                0x00000000c0000497                irq13
                0x00000000c00004a1                irq14
                0x00000000c00004ab                irq15
                0x00000000c00004b5                irq16
                0x00000000c00004bf                irq17
                0x00000000c00004c9                irq18
                0x00000000c00004d3                irq19
                0x00000000c00004dd                irq20
                0x00000000c00004e7                irq21
                0x00000000c00004f1                irq22
                0x00000000c00004fb                irq23
                0x00000000c0000505                int_common_stub
                0x00000000c0000535                syscall_common_stub
 .text          0x00000000c000056f      0x40f acpica/utclib.32
                0x00000000c000056f                memcmp
                0x00000000c000059a                memmove
                0x00000000c00005d2                memcpy
                0x00000000c0000608                memset
                0x00000000c0000625                strlen
                0x00000000c0000635                strpbrk
                0x00000000c0000658                strtok
                0x00000000c00006a7                strcpy
                0x00000000c00006c7                strncpy
                0x00000000c00006f8                strcmp
                0x00000000c0000719                strchr
                0x00000000c000072f                strncmp
                0x00000000c000075e                strcat
                0x00000000c0000785                strncat
                0x00000000c00007bf                strstr
                0x00000000c00007fc                toupper
                0x00000000c0000810                tolower
                0x00000000c0000824                simple_strtoul
 .text          0x00000000c000097e      0xfbf core/malloc.32
                0x00000000c0000ae9                dlfree
                0x00000000c0000e44                dlmalloc
                0x00000000c0001381                dlrealloc
                0x00000000c0001536                dlmemalign
                0x00000000c0001659                dlcalloc
                0x00000000c00016f3                dlcfree
                0x00000000c00016f8                dlindependent_calloc
                0x00000000c000171d                dlindependent_comalloc
                0x00000000c0001734                dlvalloc
                0x00000000c000175f                dlpvalloc
                0x00000000c0001795                dlmalloc_trim
                0x00000000c00017a2                dlmalloc_usable_size
                0x00000000c00017d3                dlmallinfo
                0x00000000c00018a2                dlmalloc_stats
                0x00000000c00018b3                dlmallopt
 .text          0x00000000c000193d        0x0 libk/string.32
 .text          0x00000000c000193d       0x51 fs/fat/diskio.32
                0x00000000c000193d                disk_status
                0x00000000c0001940                disk_initialize
                0x00000000c0001943                disk_read
                0x00000000c0001959                disk_write
                0x00000000c000196f                disk_ioctl
 .text          0x00000000c000198e     0x6833 fs/fat/ff.32
                0x00000000c0004c5c                f_mount
                0x00000000c0004cbe                f_open
                0x00000000c00050fa                f_read
                0x00000000c000537a                f_write
                0x00000000c0005634                f_sync
                0x00000000c0005810                f_close
                0x00000000c000583f                f_lseek
                0x00000000c0005cf6                f_opendir
                0x00000000c0005df8                f_closedir
                0x00000000c0005e1a                f_readdir
                0x00000000c0005eb5                f_stat
                0x00000000c0005f44                f_getfree
                0x00000000c000610f                f_truncate
                0x00000000c0006207                f_unlink
                0x00000000c000638a                f_mkdir
                0x00000000c00065b6                f_rename
                0x00000000c00068a9                f_chmod
                0x00000000c0006987                f_utime
                0x00000000c0006a65                f_getlabel
                0x00000000c0006c53                f_setlabel
                0x00000000c0006ec0                f_forward
                0x00000000c000709e                f_mkfs
 .text          0x00000000c00081c1       0x2d fs/fat/ffsystem.32
                0x00000000c00081c1                ff_memalloc
                0x00000000c00081d7                ff_memfree
 .text          0x00000000c00081ee      0x253 fs/fat/ffunicode.32
                0x00000000c00081ee                ff_uni2oem
                0x00000000c000827e                ff_oem2uni
                0x00000000c00082ea                ff_wtoupper
 .text          0x00000000c0008441      0x70e hal/libresample/samplerate.32
                0x00000000c00084c9                src_delete
                0x00000000c0008505                src_process
                0x00000000c000862d                src_callback_read
                0x00000000c000878e                src_set_ratio
                0x00000000c00087e5                src_get_channels
                0x00000000c0008807                src_reset
                0x00000000c000884b                src_new
                0x00000000c00088d9                src_callback_new
                0x00000000c000893b                src_get_name
                0x00000000c0008972                src_get_description
                0x00000000c00089a9                src_get_version
                0x00000000c00089af                src_is_valid_ratio
                0x00000000c00089c9                src_error
                0x00000000c00089d7                src_strerror
                0x00000000c00089ea                src_simple
                0x00000000c0008a3d                src_short_to_float_array
                0x00000000c0008a63                src_float_to_short_array
                0x00000000c0008ac7                src_int_to_float_array
                0x00000000c0008aed                src_float_to_int_array
 .text          0x00000000c0008b4f      0x3fd hal/libresample/src_linear.32
                0x00000000c0008ea7                linear_get_name
                0x00000000c0008eb6                linear_get_description
                0x00000000c0008ec5                linear_set_converter
 .text          0x00000000c0008f4c     0x1a3f hal/libresample/src_sinc.32
                0x00000000c000a8a2                sinc_get_name
                0x00000000c000a8b5                sinc_get_description
                0x00000000c000a8c8                sinc_set_converter
 .text          0x00000000c000a98b      0x3d3 hal/libresample/src_zoh.32
                0x00000000c000acb9                zoh_get_name
                0x00000000c000acc8                zoh_get_description
                0x00000000c000acd7                zoh_set_converter
 .text          0x00000000c000ad5e      0x695 core/computer.32
                0x00000000c000ad5e                Computer::close(int, int, void*)
                0x00000000c000ada2                Computer::Computer()
                0x00000000c000ada2                Computer::Computer()
                0x00000000c000aefe                Computer::setBootMessage(char const*)
                0x00000000c000af00                Computer::start()
                0x00000000c000afdc                firstTask()
                0x00000000c000afea                Computer::detectFeatures()
                0x00000000c000b1c4                Computer::displayFeatures()
                0x00000000c000b1c6                Computer::rdmsr(unsigned int)
                0x00000000c000b1f2                Computer::wrmsr(unsigned int, unsigned long long)
                0x00000000c000b22a                Computer::nmiEnabled()
                0x00000000c000b236                Computer::readCMOS(unsigned char)
                0x00000000c000b250                Computer::enableNMI(bool)
                0x00000000c000b268                Computer::open(int, int, void*)
                0x00000000c000b336                Computer::disableNMI()
                0x00000000c000b344                Computer::writeCMOS(unsigned char, unsigned char)
                0x00000000c000b362                Computer::handleNMI()
                0x00000000c000b3c8                Computer::setDiskActivityLight(int, bool)
 *fill*         0x00000000c000b3f3        0x1 
 .text          0x00000000c000b3f4      0x1b7 core/gdt.32
                0x00000000c000b3f4                GDTEntry::setBase(unsigned int)
                0x00000000c000b410                GDTEntry::setLimit(unsigned int)
                0x00000000c000b42e                GDT::GDT()
                0x00000000c000b42e                GDT::GDT()
                0x00000000c000b444                GDT::addEntry(GDTEntry)
                0x00000000c000b480                GDT::getNumberOfEntries()
                0x00000000c000b488                GDT::flush()
                0x00000000c000b4aa                GDT::setup()
 .text          0x00000000c000b5ab       0x61 core/idle.32
                0x00000000c000b5ab                idleFunction(void*)
 .text          0x00000000c000b60c      0x45f core/idt.32
                0x00000000c000b60c                IDTEntry::IDTEntry(bool)
                0x00000000c000b60c                IDTEntry::IDTEntry(bool)
                0x00000000c000b67a                IDTEntry::setOffset(unsigned int)
                0x00000000c000b68e                IDT::IDT()
                0x00000000c000b68e                IDT::IDT()
                0x00000000c000b690                IDT::getPointerToInvalidOpcodeEntryForF00F()
                0x00000000c000b698                IDT::addEntry(IDTEntry, int)
                0x00000000c000b6b2                IDT::addEntry(int, void (*)(), bool)
                0x00000000c000b6ea                IDT::flush()
                0x00000000c000b704                IDT::setup()
 .text          0x00000000c000ba6b      0x20d core/kheap.32
                0x00000000c000ba6b                sbrk
                0x00000000c000bb83                mmap
                0x00000000c000bb99                munmap
                0x00000000c000bbaf                liballoc_lock()
                0x00000000c000bbc0                liballoc_unlock()
                0x00000000c000bbd1                liballoc_alloc(int)
                0x00000000c000bbec                liballoc_free(void*, int)
                0x00000000c000bc0a                realloc
                0x00000000c000bc1e                malloc
                0x00000000c000bc2e                free
                0x00000000c000bc3e                rfree
                0x00000000c000bc4e                calloc
 .text          0x00000000c000bc78      0x38d core/main.32
                0x00000000c000bc78                hwTextMode_loadInData(VgaText*)
                0x00000000c000bcbd                hwTextMode_loadInTitle(VgaText*, char*)
                0x00000000c000bcff                hwTextMode_showCursor(VgaText*, bool)
                0x00000000c000bd53                hwTextMode_update(VgaText*)
                0x00000000c000bd54                hwTextMode_updateCursor(VgaText*)
                0x00000000c000bd9c                hwTextMode_disableBlink(VgaText*, bool)
                0x00000000c000bdd8                hwTextMode_scrollScreen(VgaText*)
                0x00000000c000be5e                hwTextMode_writeCharacter(VgaText*, char, VgaColour, VgaColour, int, int)
                0x00000000c000bebc                setupTextMode()
                0x00000000c000bf0d                kernel_main
 .text          0x00000000c000c005      0x46c core/physmgr.32
                0x00000000c000c005                Phys::allocateDMA(unsigned long)
                0x00000000c000c0a8                Phys::freeDMA(unsigned long, unsigned long)
                0x00000000c000c0f0                Phys::setPageState(unsigned long, bool)
                0x00000000c000c122                Phys::getPageState(unsigned long)
                0x00000000c000c13e                Phys::freePage(unsigned long)
                0x00000000c000c1c8                Phys::allocatePage()
                0x00000000c000c284                Phys::allowSegmentToBeUsed(unsigned long, unsigned long)
                0x00000000c000c2bc                Phys::physicalMemorySetup(unsigned int)
 *fill*         0x00000000c000c471        0x1 
 .text          0x00000000c000c472      0x273 core/pipe.32
                0x00000000c000c472                Pipe::isAtty()
                0x00000000c000c476                Pipe::~Pipe()
                0x00000000c000c476                Pipe::~Pipe()
                0x00000000c000c49a                Pipe::~Pipe()
                0x00000000c000c4c2                Pipe::read(unsigned long long, void*, int*)
                0x00000000c000c5b6                Pipe::write(unsigned long long, void*, int*)
                0x00000000c000c67e                Pipe::Pipe(int)
                0x00000000c000c67e                Pipe::Pipe(int)
 *fill*         0x00000000c000c6e5        0x1 
 .text          0x00000000c000c6e6      0xf65 core/terminal.32
                0x00000000c000c6e6                VgaText::isAtty()
                0x00000000c000c6ea                VgaText::~VgaText()
                0x00000000c000c6ea                VgaText::~VgaText()
                0x00000000c000c70e                VgaText::~VgaText()
                0x00000000c000c738                VgaText::read(unsigned long long, void*, int*)
                0x00000000c000c758                setTerminalScrollLock(bool)
                0x00000000c000c759                addToTerminalCycle(VgaText*)
                0x00000000c000c786                installVgaTextImplementation()
                0x00000000c000c79b                scrollTerminalScrollLock(int)
                0x00000000c000c79c                VgaText::load()
                0x00000000c000c7f0                VgaText::updateCursor()
                0x00000000c000c80a                VgaText::showCursor(bool)
                0x00000000c000c81a                VgaText::disableBlink(bool)
                0x00000000c000c854                VgaText::doANSI_SGR(int)
                0x00000000c000c8e0                VgaText::setDefaultBgColour(VgaColour)
                0x00000000c000c8f6                VgaText::setDefaultFgColour(VgaColour)
                0x00000000c000c90c                VgaText::setDefaultColours(VgaColour, VgaColour)
                0x00000000c000c92c                VgaText::combineColours(unsigned char, unsigned char)
                0x00000000c000c93e                VgaText::scrollScreen()
                0x00000000c000c9d2                VgaText::combineCharAndColour(char, unsigned char)
                0x00000000c000c9e4                VgaText::writeCharacter(char, VgaColour, VgaColour, int, int)
                0x00000000c000ca44                VgaText::getCursorX()
                0x00000000c000ca50                VgaText::getCursorY()
                0x00000000c000ca5c                VgaText::setCursor(int, int)
                0x00000000c000ca7a                VgaText::setCursorX(int)
                0x00000000c000ca96                VgaText::setCursorY(int)
                0x00000000c000cab2                VgaText::incrementCursor(bool)
                0x00000000c000cb1a                VgaText::updateRAMUsageDisplay(int)
                0x00000000c000cb74                VgaText::updateDiskUsage()
                0x00000000c000ccda                VgaText::updateTitle()
                0x00000000c000cd20                VgaText::setTitleTextColour(VgaColour)
                0x00000000c000cd30                VgaText::setTitleColour(VgaColour)
                0x00000000c000cd40                VgaText::setTitle(char*)
                0x00000000c000cd66                VgaText::decrementCursor(bool)
                0x00000000c000cd8e                VgaText::putchar(char, VgaColour, VgaColour)
                0x00000000c000ce8a                VgaText::isShowingCursor()
                0x00000000c000ce96                VgaText::isBlinkDisabled()
                0x00000000c000cea4                VgaText::setCursorHeight(int)
                0x00000000c000cec2                VgaText::getCursorHeight()
                0x00000000c000cecd                setActiveTerminal(VgaText*)
                0x00000000c000cf7f                doTerminalCycle()
                0x00000000c000cf9c                VgaText::doUpdate()
                0x00000000c000cfae                VgaText::puts(char const*, VgaColour, VgaColour)
                0x00000000c000d16e                VgaText::clearScreen()
                0x00000000c000d1d2                VgaText::putchar(char)
                0x00000000c000d2ec                VgaText::puts(char const*)
                0x00000000c000d312                VgaText::putx(unsigned int)
                0x00000000c000d358                VgaText::VgaText(char const*)
                0x00000000c000d358                VgaText::VgaText(char const*)
                0x00000000c000d4ea                VgaText::receiveKey(unsigned char)
                0x00000000c000d5d2                VgaText::write(unsigned long long, void*, int*)
                0x00000000c000d626                newTerminal(char*)
 *fill*         0x00000000c000d64b        0x1 
 .text          0x00000000c000d64c      0x18f core/tss.32
                0x00000000c000d64c                TSS::TSS()
                0x00000000c000d64c                TSS::TSS()
                0x00000000c000d65a                TSS::setESP(unsigned long)
                0x00000000c000d66c                TSS::flush()
                0x00000000c000d68c                TSS::setup(unsigned long, unsigned long)
 *fill*         0x00000000c000d7db        0x1 
 .text          0x00000000c000d7dc      0x535 core/unixfile.32
                0x00000000c000d7dc                ReservedFilename::read(unsigned long long, void*, int*)
                0x00000000c000d872                ReservedFilename::isAtty()
                0x00000000c000d8a8                ReservedFilename::write(unsigned long long, void*, int*)
                0x00000000c000d942                UnixFile::getFileDescriptor()
                0x00000000c000d94a                UnixFile::UnixFile(int)
                0x00000000c000d94a                UnixFile::UnixFile(int)
                0x00000000c000daba                ReservedFilename::ReservedFilename(int)
                0x00000000c000daba                ReservedFilename::ReservedFilename(int)
                0x00000000c000dae2                UnixFile::~UnixFile()
                0x00000000c000dae2                UnixFile::~UnixFile()
                0x00000000c000db7a                UnixFile::~UnixFile()
                0x00000000c000dba2                ReservedFilename::~ReservedFilename()
                0x00000000c000dba2                ReservedFilename::~ReservedFilename()
                0x00000000c000dbc6                ReservedFilename::~ReservedFilename()
                0x00000000c000dbed                getFromFileDescriptor(int)
 *fill*         0x00000000c000dd11        0x1 
 .text          0x00000000c000dd12     0x1175 core/virtmgr.32
                0x00000000c000dd12                Virt::setPageState(unsigned long, Virt::VirtPageState)
                0x00000000c000dd47                Virt::getPageState(unsigned long)
                0x00000000c000dd6b                Virt::allocateKernelVirtualPages(int)
                0x00000000c000de7c                Virt::virtualMemorySetup()
                0x00000000c000defb                Virt::getAKernelVAS()
                0x00000000c000df01                Virt::setupPageSwapping(int)
                0x00000000c000e026                VAS::VAS()
                0x00000000c000e026                VAS::VAS()
                0x00000000c000e056                VAS::getForeignPageTableEntry(bool, unsigned long)
                0x00000000c000e082                VAS::getPageTableEntry(unsigned long)
                0x00000000c000e0a1                Virt::freeKernelVirtualPages(unsigned long)
                0x00000000c000e1c4                VAS::freeAllocatedPages(unsigned long)
                0x00000000c000e1e8                VAS::virtualToPhysical(unsigned long)
                0x00000000c000e200                VAS::mapOtherVASIn(bool, VAS*)
                0x00000000c000e236                VAS::~VAS()
                0x00000000c000e236                VAS::~VAS()
                0x00000000c000e3a2                VAS::mapPage(unsigned long, unsigned long, int)
                0x00000000c000e4a2                VAS::allocatePages(int, int)
                0x00000000c000e672                VAS::setCPUSpecific(unsigned long)
                0x00000000c000e68e                VAS::mapRange(unsigned long, unsigned long, int, int)
                0x00000000c000e758                VAS::VAS(VAS*)
                0x00000000c000e758                VAS::VAS(VAS*)
                0x00000000c000eaa2                VAS::mapForeignPage(bool, VAS*, unsigned long, unsigned long, int)
                0x00000000c000eb90                VAS::VAS(bool)
                0x00000000c000eb90                VAS::VAS(bool)
                0x00000000c000edc0                mapVASFirstTime
 .text          0x00000000c000ee87       0x93 coreobjs/c++.32
                0x00000000c000ee87                __cxa_atexit
                0x00000000c000ee8a                __cxa_finalize
                0x00000000c000ee8b                __stack_chk_fail
                0x00000000c000eeeb                __cxa_pure_virtual
                0x00000000c000eefc                operator new(unsigned long)
                0x00000000c000ef01                operator new[](unsigned long)
                0x00000000c000ef06                operator delete(void*)
                0x00000000c000ef0b                operator delete(void*, unsigned long)
                0x00000000c000ef10                operator delete[](void*)
                0x00000000c000ef15                operator delete[](void*, unsigned long)
 .text          0x00000000c000ef1a      0x1ef dbg/kconsole.32
                0x00000000c000ef1a                Dbg::stringifyxWithBase(unsigned int, char*, int)
                0x00000000c000ef7b                Dbg::logc(char)
                0x00000000c000ef92                Dbg::logs(char*)
                0x00000000c000efaf                Dbg::logWriteInt(unsigned int)
                0x00000000c000efcc                Dbg::logWriteIntBase(unsigned int, int)
                0x00000000c000efeb                Dbg::kprintf(char const*, ...)
 *fill*         0x00000000c000f109        0x1 
 .text          0x00000000c000f10a      0xb68 fs/vfs.32
                0x00000000c000f10a                File::read(unsigned long long, void*, int*)
                0x00000000c000f162                File::write(unsigned long long, void*, int*)
                0x00000000c000f1ba                Directory::read(unsigned long long, void*, int*)
                0x00000000c000f212                Directory::write(unsigned long long, void*, int*)
                0x00000000c000f240                File::isAtty()
                0x00000000c000f244                Directory::isAtty()
                0x00000000c000f248                Filesystem::getlabel(LogicalDisk*, int, char*, unsigned int*)
                0x00000000c000f24e                Filesystem::setlabel(LogicalDisk*, int, char*)
                0x00000000c000f254                File::~File()
                0x00000000c000f254                File::~File()
                0x00000000c000f278                File::~File()
                0x00000000c000f2a2                Directory::~Directory()
                0x00000000c000f2a2                Directory::~Directory()
                0x00000000c000f2c6                Directory::~Directory()
                0x00000000c000f2f0                Filesystem::Filesystem()
                0x00000000c000f2f0                Filesystem::Filesystem()
                0x00000000c000f314                Filesystem::~Filesystem()
                0x00000000c000f314                Filesystem::~Filesystem()
                0x00000000c000f322                Filesystem::~Filesystem()
                0x00000000c000f346                initVFS()
                0x00000000c000f370                standardiseFiles(char*, char const*, char const*)
                0x00000000c000f51a                File::File(char const*, Process*)
                0x00000000c000f51a                File::File(char const*, Process*)
                0x00000000c000f57e                File::open(FileOpenMode)
                0x00000000c000f5dc                File::close()
                0x00000000c000f63c                File::seek(unsigned long long)
                0x00000000c000f692                File::tell(unsigned long long*)
                0x00000000c000f6e2                File::rewind()
                0x00000000c000f6f6                File::unlink()
                0x00000000c000f742                File::rename(char const*)
                0x00000000c000f790                File::chfatattr(unsigned char, unsigned char)
                0x00000000c000f7ec                File::exists()
                0x00000000c000f82a                File::stat(unsigned long long*, bool*)
                0x00000000c000f88b                getcwd(Process*, char*, int)
                0x00000000c000f8b5                setcwd(Process*, char*)
                0x00000000c000f9dc                Directory::Directory(char const*, Process*)
                0x00000000c000f9dc                Directory::Directory(char const*, Process*)
                0x00000000c000fa40                Directory::open()
                0x00000000c000fa9c                Directory::close()
                0x00000000c000fafc                Directory::unlink()
                0x00000000c000fb48                Directory::rename(char const*)
                0x00000000c000fb96                Directory::exists()
                0x00000000c000fbd4                Directory::read(dirent*)
                0x00000000c000fc20                Directory::create()
                0x00000000c000fc6c                Filesystem::chfatattr(char const*, unsigned char, unsigned char)
 .text          0x00000000c000fc72       0x84 hal/bus.32
                0x00000000c000fc72                Bus::Bus(char const*)
                0x00000000c000fc72                Bus::Bus(char const*)
                0x00000000c000fca8                Bus::~Bus()
                0x00000000c000fca8                Bus::~Bus()
                0x00000000c000fccc                Bus::~Bus()
 .text          0x00000000c000fcf6      0x14e hal/buzzer.32
                0x00000000c000fcf6                Buzzer::Buzzer(char const*)
                0x00000000c000fcf6                Buzzer::Buzzer(char const*)
                0x00000000c000fd3a                Buzzer::~Buzzer()
                0x00000000c000fd3a                Buzzer::~Buzzer()
                0x00000000c000fd5e                Buzzer::~Buzzer()
                0x00000000c000fd88                Buzzer::stop()
                0x00000000c000fd9b                beepThread(void*)
                0x00000000c000fdd6                Buzzer::beep(int, int, bool)
 .text          0x00000000c000fe44      0x42f hal/clock.32
                0x00000000c000fe44                loadClockSettings()
                0x00000000c000fe5e                Clock::Clock(char const*)
                0x00000000c000fe5e                Clock::Clock(char const*)
                0x00000000c000fe94                Clock::~Clock()
                0x00000000c000fe94                Clock::~Clock()
                0x00000000c000feb8                Clock::~Clock()
                0x00000000c000fee2                Clock::timeInSecondsLocal()
                0x00000000c000ff2a                Clock::setTimeInSecondsLocal(unsigned long long)
                0x00000000c000ff83                datetimeToSeconds(datetime_t)
                0x00000000c00100aa                Clock::setTimeInDatetimeLocal(datetime_t)
                0x00000000c001010a                secondsToDatetime(unsigned long long)
                0x00000000c001024e                Clock::timeInDatetimeLocal()
 *fill*         0x00000000c0010273        0x1 
 .text          0x00000000c0010274      0x504 hal/device.32
                0x00000000c0010274                Device::hibernate()
                0x00000000c0010276                Device::wake()
                0x00000000c0010278                Device::detect()
                0x00000000c001027a                Device::disableLegacy()
                0x00000000c001027c                Device::powerSaving(PowerSavingLevel)
                0x00000000c001027e                DriverlessDevice::close(int, int, void*)
                0x00000000c0010282                DriverlessDevice::detect()
                0x00000000c0010284                DriverlessDevice::open(int, int, void*)
                0x00000000c0010298                Device::~Device()
                0x00000000c0010298                Device::~Device()
                0x00000000c00102a6                Device::~Device()
                0x00000000c00102ce                Device::findAndLoadDriver()
                0x00000000c00102d0                Device::preOpenPCI(PCIDeviceInfo)
                0x00000000c00102f6                Device::preOpenACPI(void*, char*, char*)
                0x00000000c001034a                Device::addIRQHandler(int, void (*)(regs*, void*), bool, void*)
                0x00000000c00103a8                Device::removeIRQHandler(int, void (*)(regs*, void*), bool)
                0x00000000c00103f6                Device::addChild(Device*)
                0x00000000c001043a                Device::removeAllChildren()
                0x00000000c0010480                Device::hibernateAll()
                0x00000000c00104b0                Device::wakeAll()
                0x00000000c00104e0                Device::detectAll()
                0x00000000c0010510                Device::disableLegacyAll()
                0x00000000c0010540                Device::loadDriversForAll()
                0x00000000c001056c                Device::closeAll()
                0x00000000c00105a2                Device::powerSavingAll(PowerSavingLevel)
                0x00000000c00105d8                Device::setName(char const*)
                0x00000000c00105e6                Device::Device(char const*)
                0x00000000c00105e6                Device::Device(char const*)
                0x00000000c00106d8                Device::getName()
                0x00000000c00106e2                DriverlessDevice::DriverlessDevice(char const*)
                0x00000000c00106e2                DriverlessDevice::DriverlessDevice(char const*)
                0x00000000c001070a                Device::addToLinkedList(LinkedList<Device>&, DeviceType)
                0x00000000c001074e                getDevicesOfType(DeviceType)
 .text          0x00000000c0010778       0x84 hal/diskctrl.32
                0x00000000c0010778                HardDiskController::HardDiskController(char const*)
                0x00000000c0010778                HardDiskController::HardDiskController(char const*)
                0x00000000c00107ae                HardDiskController::~HardDiskController()
                0x00000000c00107ae                HardDiskController::~HardDiskController()
                0x00000000c00107d2                HardDiskController::~HardDiskController()
 .text          0x00000000c00107fc       0xde hal/diskphys.32
                0x00000000c00107fc                PhysicalDisk::PhysicalDisk(char const*, int)
                0x00000000c00107fc                PhysicalDisk::PhysicalDisk(char const*, int)
                0x00000000c0010864                PhysicalDisk::startCache()
                0x00000000c001088c                PhysicalDisk::~PhysicalDisk()
                0x00000000c001088c                PhysicalDisk::~PhysicalDisk()
                0x00000000c00108b0                PhysicalDisk::~PhysicalDisk()
 .text          0x00000000c00108da      0x142 hal/fpu.32
                0x00000000c00108da                FPU::FPU(char const*)
                0x00000000c00108da                FPU::FPU(char const*)
                0x00000000c0010910                FPU::~FPU()
                0x00000000c0010910                FPU::~FPU()
                0x00000000c0010934                FPU::~FPU()
                0x00000000c001095e                setupFPU()
 .text          0x00000000c0010a1c      0xc21 hal/intctrl.32
                0x00000000c0010a1c                InterruptController::uninstallISRHandler(int, void (*)(regs*, void*))
                0x00000000c0010a54                InterruptController::installISRHandler(int, void (*)(regs*, void*), void*)
                0x00000000c0010aa6                doubleFault(regs*, void*)
                0x00000000c0010ab4                InterruptController::installIRQHandler(int, void (*)(regs*, void*), bool, void*)
                0x00000000c0010b50                InterruptController::clearAllHandlers(int, bool)
                0x00000000c0010bf8                InterruptController::uninstallIRQHandler(int, void (*)(regs*, void*), bool)
                0x00000000c0010c7f                nmiHandler(regs*, void*)
                0x00000000c0010c8d                int_handler
                0x00000000c0010d28                InterruptController::InterruptController(char const*)
                0x00000000c0010d28                InterruptController::InterruptController(char const*)
                0x00000000c0010dce                InterruptController::~InterruptController()
                0x00000000c0010dce                InterruptController::~InterruptController()
                0x00000000c0010df2                InterruptController::~InterruptController()
                0x00000000c0010e1c                displayDebugInfo(regs*)
                0x00000000c0011233                x87EmulHandler(regs*, void*)
                0x00000000c0011296                gpFault(regs*, void*)
                0x00000000c00112cf                pgFault(regs*, void*)
                0x00000000c00112e6                otherISRHandler(regs*, void*)
                0x00000000c0011305                opcodeFault(regs*, void*)
                0x00000000c001136f                displayProgramFault(char const*)
                0x00000000c0011398                InterruptController::convertLegacyIRQNumber(int)
                0x00000000c00113e2                setupInterruptController()
 *fill*         0x00000000c001163d        0x1 
 .text          0x00000000c001163e      0x608 hal/keybrd.32
                0x00000000c001163e                startGUI(void*)
                0x00000000c00116b0                sendKeyToTerminal(unsigned char)
                0x00000000c001171c                sendKeyboardToken(KeyboardToken)
                0x00000000c0011af7                clearInternalKeybuffer(VgaText*)
                0x00000000c0011b2c                readKeyboard(VgaText*, char*, unsigned long)
                0x00000000c0011bbc                Keyboard::Keyboard(char const*)
                0x00000000c0011bbc                Keyboard::Keyboard(char const*)
                0x00000000c0011bf8                Keyboard::~Keyboard()
                0x00000000c0011bf8                Keyboard::~Keyboard()
                0x00000000c0011c1c                Keyboard::~Keyboard()
 .text          0x00000000c0011c46      0x400 hal/logidisk.32
                0x00000000c0011c46                LogicalDisk::close(int, int, void*)
                0x00000000c0011c4a                LogicalDisk::~LogicalDisk()
                0x00000000c0011c4a                LogicalDisk::~LogicalDisk()
                0x00000000c0011c6e                LogicalDisk::~LogicalDisk()
                0x00000000c0011c98                LogicalDisk::open(int, int, void*)
                0x00000000c0011cac                LogicalDisk::absoluteToRelative(unsigned long long)
                0x00000000c0011ce4                LogicalDisk::relativeToAbsolute(unsigned long long)
                0x00000000c0011d2a                LogicalDisk::LogicalDisk(char const*, PhysicalDisk*, unsigned long long, unsigned long long)
                0x00000000c0011d2a                LogicalDisk::LogicalDisk(char const*, PhysicalDisk*, unsigned long long, unsigned long long)
                0x00000000c0011de0                LogicalDisk::assignDriveLetter()
                0x00000000c0011e96                LogicalDisk::mount()
                0x00000000c0011f08                LogicalDisk::unmount()
                0x00000000c0011f18                LogicalDisk::unassignDriveLetter()
                0x00000000c0011f6e                LogicalDisk::read(unsigned long long, int, void*)
                0x00000000c0011fda                LogicalDisk::write(unsigned long long, int, void*)
 .text          0x00000000c0012046       0x84 hal/mouse.32
                0x00000000c0012046                Mouse::Mouse(char const*)
                0x00000000c0012046                Mouse::Mouse(char const*)
                0x00000000c001207c                Mouse::~Mouse()
                0x00000000c001207c                Mouse::~Mouse()
                0x00000000c00120a0                Mouse::~Mouse()
 .text          0x00000000c00120ca      0x339 hal/partition.32
                0x00000000c00120ca                makePartition(PhysicalDisk*, unsigned long long, unsigned long long)
                0x00000000c0012172                createPartitionsForDisk(PhysicalDisk*)
 *fill*         0x00000000c0012403        0x1 
 .text          0x00000000c0012404      0x2e7 hal/timer.32
                0x00000000c0012404                Timer::Timer(char const*)
                0x00000000c0012404                Timer::Timer(char const*)
                0x00000000c001243a                Timer::~Timer()
                0x00000000c001243a                Timer::~Timer()
                0x00000000c001245e                Timer::~Timer()
                0x00000000c0012488                Timer::read()
                0x00000000c0012493                timerHandler(unsigned long long)
                0x00000000c00125ca                setupTimer(int)
 *fill*         0x00000000c00126eb        0x1 
 .text          0x00000000c00126ec      0x2d1 hal/vcache.32
                0x00000000c00126ec                VCache::VCache(PhysicalDisk*)
                0x00000000c00126ec                VCache::VCache(PhysicalDisk*)
                0x00000000c00127dc                VCache::writeWriteBuffer()
                0x00000000c0012818                VCache::~VCache()
                0x00000000c0012818                VCache::~VCache()
                0x00000000c0012858                VCache::~VCache()
                0x00000000c0012880                VCache::write(unsigned long long, int, void*)
                0x00000000c0012964                VCache::read(unsigned long long, int, void*)
 *fill*         0x00000000c00129bd        0x1 
 .text          0x00000000c00129be      0x26d hal/video.32
                0x00000000c00129be                Video::putrect(int, int, int, int, unsigned int)
                0x00000000c0012a08                Video::blit(unsigned int*, int, int, int, int)
                0x00000000c0012a86                Video::clearScreen(unsigned int)
                0x00000000c0012aba                Video::putpixel(int, int, unsigned int)
                0x00000000c0012ac8                Video::Video(char const*)
                0x00000000c0012ac8                Video::Video(char const*)
                0x00000000c0012afe                Video::~Video()
                0x00000000c0012afe                Video::~Video()
                0x00000000c0012b22                Video::~Video()
                0x00000000c0012b4c                Video::isMonochrome()
                0x00000000c0012b58                Video::getWidth()
                0x00000000c0012b64                Video::getHeight()
                0x00000000c0012b70                Video::drawCursor(int, int, unsigned char*, int)
 *fill*         0x00000000c0012c2b        0x1 
 .text          0x00000000c0012c2c      0xd28 hw/acpi.32
                0x00000000c0012c2c                ACPI::close(int, int, void*)
                0x00000000c0012ce1                findRSDP()
                0x00000000c0012d6b                loadACPITables(unsigned char*)
                0x00000000c0012f92                findRSDT(unsigned char*)
                0x00000000c00130b0                findDataTable(unsigned char*, char*)
                0x00000000c001314c                scanMADT()
                0x00000000c00134e0                ACPI::ACPI()
                0x00000000c00134e0                ACPI::ACPI()
                0x00000000c0013540                ACPI::getPCIIRQAssignment(unsigned char, unsigned short, unsigned char)
                0x00000000c0013622                ACPI::registerPCIIRQAssignment(void*, unsigned short, unsigned char, unsigned char)
                0x00000000c0013728                ACPI::setScreenBrightnessLevel(void*, int)
                0x00000000c001372e                ACPI::writeSimpleBootFlag(SimpleBootFlagTable*)
                0x00000000c0013776                ACPI::open(int, int, void*)
                0x00000000c001393c                ACPI::sleep()
 .text          0x00000000c0013954     0x132c hw/cpu.32
                0x00000000c0013954                CPU::close(int, int, void*)
                0x00000000c0013957                lookupAMDCPUName(unsigned char, unsigned char)
                0x00000000c0013aeb                lookupIntelCPUName(unsigned char, unsigned char)
                0x00000000c0013d99                AMD_K6_write_msr(unsigned int, unsigned int, unsigned int, REGS*)
                0x00000000c0013db5                AMD_K6_read_msr(unsigned int, REGS*)
                0x00000000c0013dcd                AMD_K6_writeback(int, int, int)
                0x00000000c0013e40                cpuid(int, unsigned long*, unsigned long*, unsigned long*, unsigned long*)
                0x00000000c0013ec3                cpuidCheckEDX(unsigned int)
                0x00000000c0013ef0                cpuidCheckECX(unsigned int)
                0x00000000c0013f1d                cpuidCheckExtendedEBX(unsigned int)
                0x00000000c0013f4a                cpuidCheckExtendedECX(unsigned int)
                0x00000000c0013f77                getCPUNumber()
                0x00000000c0013f7a                thisCPU()
                0x00000000c0013f8e                CPU::CPU()
                0x00000000c0013f8e                CPU::CPU()
                0x00000000c001401c                CPU::displayFeatures()
                0x00000000c001401e                CPU::detectFeatures()
                0x00000000c0014a10                CPU::setupSMEP()
                0x00000000c0014a2a                CPU::setupUMIP()
                0x00000000c0014a42                CPU::setupTSC()
                0x00000000c0014a5a                CPU::setupLargePages()
                0x00000000c0014a72                CPU::setupPAT()
                0x00000000c0014aae                CPU::setupMTRR()
                0x00000000c0014ab0                CPU::setupGlobalPages()
                0x00000000c0014ac6                CPU::allowUsermodeDataAccess()
                0x00000000c0014ad8                CPU::prohibitUsermodeDataAccess()
                0x00000000c0014aea                CPU::setupSMAP()
                0x00000000c0014b10                CPU::setupFeatures()
                0x00000000c0014bb2                CPU::open(int, int, void*)
 .text          0x00000000c0014c80        0x0 hw/ports.32
 .text          0x00000000c0014c80      0x32c krnl/panic.32
                0x00000000c0014c80                Krnl::panic(char const*)
 .text          0x00000000c0014fac      0x503 reg/registry.32
                0x00000000c0014fac                Reg::findLineFromLoadedData(char*, char*, char*)
                0x00000000c0015104                Reg::getLineFromRegistry(char*, char*, char*, char*)
                0x00000000c0015263                Reg::getLine(char*, char*, char*)
                0x00000000c001529a                Reg::readInt(char*, char*, int*)
                0x00000000c0015385                Reg::readString(char*, char*, char*, int)
                0x00000000c0015406                Reg::readBool(char*, char*, bool*)
                0x00000000c001542b                Reg::readBoolWithDefault(char*, char*, bool)
                0x00000000c0015457                Reg::readIntWithDefault(char*, char*, int)
                0x00000000c0015483                Reg::readStringWithDefault(char*, char*, char*, int, char*)
 .text          0x00000000c00154af       0x18 sys/sc_exit.32
                0x00000000c00154af                Sys::exit(regs*)
 .text          0x00000000c00154c7       0x95 sys/sc_loaddll.32
                0x00000000c00154c7                Sys::loadDLL(regs*)
 .text          0x00000000c001555c       0x68 sys/sc_read.32
                0x00000000c001555c                Sys::read(regs*)
 .text          0x00000000c00155c4       0x55 sys/sc_sbrk.32
                0x00000000c00155c4                Sys::sbrk(regs*)
 .text          0x00000000c0015619       0x83 sys/sc_write.32
                0x00000000c0015619                Sys::write(regs*)
 .text          0x00000000c001569c       0x1a sys/sc_yield.32
                0x00000000c001569c                Sys::yield(regs*)
 .text          0x00000000c00156b6      0xfde sys/syscalls.32
                0x00000000c00156b6                sysCallGetPID(regs*)
                0x00000000c00156c2                sysCallSeekDir(regs*)
                0x00000000c00156c7                sysCallTellDir(regs*)
                0x00000000c00156cc                sysCallVerify(regs*)
                0x00000000c00156d6                sysCallGetArgc(regs*)
                0x00000000c00156e6                sysFormatDisk(regs*)
                0x00000000c0015750                sysSetDiskVolumeLabel(regs*)
                0x00000000c0015796                sysGetDiskVolumeLabel(regs*)
                0x00000000c00157e7                sysShutdown(regs*)
                0x00000000c0015845                sysCallGetCwd(regs*)
                0x00000000c0015864                sysCallSetCwd(regs*)
                0x00000000c0015880                sysCallRealpath(regs*)
                0x00000000c00158c3                sysCallReadDir(regs*)
                0x00000000c0015951                sysCallIsATTY(regs*)
                0x00000000c00159ab                sysCallSeek(regs*)
                0x00000000c0015a14                sysCallTell(regs*)
                0x00000000c0015a91                sysCallSizeFromFilename(regs*)
                0x00000000c0015b42                sysCallSize(regs*)
                0x00000000c0015bc5                sysCallClose(regs*)
                0x00000000c0015c4d                sysCallOpenDir(regs*)
                0x00000000c0015cba                sysCallMakeDir(regs*)
                0x00000000c0015d13                sysCallCloseDir(regs*)
                0x00000000c0015d79                sysCallWait(regs*)
                0x00000000c0015d93                sysCallFork(regs*)
                0x00000000c0015daf                sysCallExecve(regs*)
                0x00000000c0015e04                sysCallRmdir(regs*)
                0x00000000c0015e56                sysCallUnlink(regs*)
                0x00000000c0015ea8                sysCallGetArgv(regs*)
                0x00000000c0015ef4                sysCallTTYName(regs*)
                0x00000000c0015f77                sysCallGetEnv(regs*)
                0x00000000c0015fc9                sysCallUSleep(regs*)
                0x00000000c0015ff0                sysCallSpawn(regs*)
                0x00000000c0016060                sysAppSettings(regs*)
                0x00000000c001617f                sysSetFatAttrib(regs*)
                0x00000000c00161df                sysPanic(regs*)
                0x00000000c0016205                sysPipe(regs*)
                0x00000000c001624a                sysGetUnixTime(regs*)
                0x00000000c001625e                string_ends_with(char const*, char const*)
                0x00000000c00162a6                sysCallOpen(regs*)
                0x00000000c0016499                setupSystemCalls()
                0x00000000c0016652                systemCall(regs*, void*)
 .text          0x00000000c0016694     0x1137 thr/elf.32
                0x00000000c0016694                Thr::allocateMemoryForTask(Process*, File*, unsigned long, unsigned long, unsigned long)
                0x00000000c0016911                Thr::loadProgramIntoMemory(Process*, char const*)
                0x00000000c0016b27                Thr::runtimeReferenceHelper()
                0x00000000c0016b3a                Thr::getAddressOfKernelSymbol(char const*)
                0x00000000c0016b89                Thr::loadKernelSymbolTable(char const*)
                0x00000000c0016e4a                Thr::loadDriverIntoMemory(char const*, unsigned long, bool)
                0x00000000c00175cb                Thr::getDriverBaseFromAddress(unsigned long)
                0x00000000c00175fd                Thr::getDriverNameFromAddress(unsigned long)
                0x00000000c0017634                Thr::getDriverOffsetFromAddress(unsigned long)
                0x00000000c001764e                Thr::loadDLL(char const*, bool)
                0x00000000c00177a1                Thr::executeDLL(unsigned long, void*)
 *fill*         0x00000000c00177cb        0x1 
 .text          0x00000000c00177cc     0x11c2 thr/prcssthr.32
                0x00000000c00177cc                changeTSS
                0x00000000c00177fa                Process::addArgs(char**)
                0x00000000c0017854                Process::Process(char const*, Process*, char**)
                0x00000000c0017854                Process::Process(char const*, Process*, char**)
                0x00000000c0017a0c                Process::Process(bool, char const*, Process*, char**)
                0x00000000c0017a0c                Process::Process(bool, char const*, Process*, char**)
                0x00000000c0017b8f                disableIRQs()
                0x00000000c0017b97                getIRQNestingLevel()
                0x00000000c0017b9d                enableIRQs()
                0x00000000c0017bac                lockScheduler()
                0x00000000c0017bae                unlockScheduler()
                0x00000000c0017bb0                userModeEntryPoint(void*)
                0x00000000c0017bd3                lockStuff()
                0x00000000c0017bdf                taskStartupFunction
                0x00000000c0017be8                updateTimeUsed()
                0x00000000c0017c46                switchToThread(ThreadControlBlock*)
                0x00000000c0017c96                Semaphore::Semaphore(int)
                0x00000000c0017c96                Semaphore::Semaphore(int)
                0x00000000c0017cc4                Mutex::Mutex()
                0x00000000c0017cc4                Mutex::Mutex()
                0x00000000c0017cd6                Process::createThread(void (*)(void*), void*, int)
                0x00000000c0017dba                Process::createUserThread()
                0x00000000c0017dd6                setupMultitasking(void (*)())
                0x00000000c0017ee0                schedule()
                0x00000000c0017f65                unlockStuff()
                0x00000000c0017f9a                forkProcess(regs*)
                0x00000000c0018108                Semaphore::tryAcquire()
                0x00000000c0018136                Semaphore::assertLocked(char const*)
                0x00000000c0018169                blockTaskWithSchedulerLockAlreadyHeld(TaskState)
                0x00000000c00181ab                blockTask(TaskState)
                0x00000000c00181cc                waitTask(int, int*, int)
                0x00000000c001820e                nanoSleepUntil(unsigned long long)
                0x00000000c0018265                nanoSleep(unsigned long long)
                0x00000000c001827a                sleep(unsigned long long)
                0x00000000c0018298                Semaphore::acquire()
                0x00000000c0018300                execveProcess(char const*, char* const*, char* const*)
                0x00000000c001838e                taskReturned
                0x00000000c00183bc                unblockTask(ThreadControlBlock*)
                0x00000000c001846b                cleanupTerminatedTask(ThreadControlBlock*)
                0x00000000c001870f                cleanerTaskFunction(void*)
                0x00000000c00187c2                terminateTask(int)
                0x00000000c0018896                Thr::terminateFromIRQ(int)
                0x00000000c00188a2                Semaphore::release()
 .text          0x00000000c001898e      0x8bf vm86/vm8086.32
                0x00000000c001898e                Vm::vm8086EntryPoint(void*)
                0x00000000c00189b9                Vm::inbv(unsigned short)
                0x00000000c00189bf                Vm::outbv(unsigned short, unsigned char)
                0x00000000c00189c9                Vm::realToLinear(unsigned short, unsigned short)
                0x00000000c00189d9                Vm::getSegment(unsigned int)
                0x00000000c00189e1                Vm::getOffset(unsigned int)
                0x00000000c00189e6                Vm::loadFileAsThread(Process*, char const*, unsigned short, unsigned short, unsigned short, unsigned short)
                0x00000000c0018b15                Vm::doISR(regs*, int, unsigned char*, unsigned short, unsigned short)
                0x00000000c0018b9f                Vm::readByteFromReal(unsigned short, unsigned short)
                0x00000000c0018bb0                Vm::readWordFromReal(unsigned short, unsigned short)
                0x00000000c0018bc2                Vm::readDwordFromReal(unsigned short, unsigned short)
                0x00000000c0018bd3                Vm::writeByteFromReal(unsigned short, unsigned short, unsigned char)
                0x00000000c0018be8                Vm::writeWordFromReal(unsigned short, unsigned short, unsigned short)
                0x00000000c0018bfe                Vm::writeDwordFromReal(unsigned short, unsigned short, unsigned int)
                0x00000000c0018c13                Vm::faultHandler(regs*)
 *fill*         0x00000000c001924d        0x1 
 .text          0x00000000c001924e     0x10ed fs/fat/vfslink.32
                0x00000000c001924e                FAT::getName()
                0x00000000c0019254                FAT::tell(void*, unsigned long long*)
                0x00000000c0019288                FAT::stat(void*, unsigned long long*)
                0x00000000c00192bc                FAT::~FAT()
                0x00000000c00192bc                FAT::~FAT()
                0x00000000c00192e0                FAT::~FAT()
                0x00000000c0019308                FAT::getlabel(LogicalDisk*, int, char*, unsigned int*)
                0x00000000c00193a6                FAT::setlabel(LogicalDisk*, int, char*)
                0x00000000c0019460                FAT::format(LogicalDisk*, int, char const*, int)
                0x00000000c0019644                FAT::tryMount(LogicalDisk*, int)
                0x00000000c001984a                FAT::readDir(void*, unsigned long, void*, int*)
                0x00000000c0019950                FAT::read(void*, unsigned long, void*, int*)
                0x00000000c00199aa                FAT::write(void*, unsigned long, void*, int*)
                0x00000000c0019a04                FAT::close(void*)
                0x00000000c0019a50                FAT::closeDir(void*)
                0x00000000c0019a9c                FAT::seek(void*, unsigned long long)
                0x00000000c0019af0                fatWrapperReadDisk
                0x00000000c0019b37                fatWrapperWriteDisk
                0x00000000c0019b7e                fatWrapperIoctl
                0x00000000c0019c82                FAT::FAT()
                0x00000000c0019c82                FAT::FAT()
                0x00000000c0019cd4                FAT::fixFilepath(char*)
                0x00000000c0019d0c                FAT::open(char const*, void**, FileOpenMode)
                0x00000000c0019e34                FAT::openDir(char const*, void**)
                0x00000000c0019eda                FAT::stat(char const*, unsigned long long*, bool*)
                0x00000000c0019fc4                FAT::unlink(char const*)
                0x00000000c001a03e                FAT::chfatattr(char const*, unsigned char, unsigned char)
                0x00000000c001a192                FAT::rename(char const*, char const*)
                0x00000000c001a256                FAT::mkdir(char const*)
                0x00000000c001a2d0                FAT::exists(char const*)
 *fill*         0x00000000c001a33b        0x1 
 .text          0x00000000c001a33c      0xbdf fs/iso9660/vfslink.32
                0x00000000c001a33c                ISO9660::format(LogicalDisk*, int, char const*, int)
                0x00000000c001a342                ISO9660::seek(void*, unsigned long long)
                0x00000000c001a372                ISO9660::tell(void*, unsigned long long*)
                0x00000000c001a396                ISO9660::getName()
                0x00000000c001a39c                ISO9660::stat(void*, unsigned long long*)
                0x00000000c001a3c0                ISO9660::chfatattr(char const*, unsigned char, unsigned char)
                0x00000000c001a3c6                ISO9660::unlink(char const*)
                0x00000000c001a3cc                ISO9660::write(void*, unsigned long, void*, int*)
                0x00000000c001a3d2                ISO9660::rename(char const*, char const*)
                0x00000000c001a3d8                ISO9660::mkdir(char const*)
                0x00000000c001a3de                ISO9660::close(void*)
                0x00000000c001a400                ISO9660::closeDir(void*)
                0x00000000c001a422                ISO9660::~ISO9660()
                0x00000000c001a422                ISO9660::~ISO9660()
                0x00000000c001a446                ISO9660::~ISO9660()
                0x00000000c001a46d                __memmem(unsigned char*, int, unsigned char*, int)
                0x00000000c001a4af                readSectorFromCDROM(unsigned int, unsigned char*, char)
                0x00000000c001a516                ISO9660::tryMount(LogicalDisk*, int)
                0x00000000c001a566                ISO9660::read(void*, unsigned long, void*, int*)
                0x00000000c001a7aa                ISO9660::readDir(void*, unsigned long, void*, int*)
                0x00000000c001aa37                readRoot(unsigned int*, unsigned int*, char)
                0x00000000c001aa8c                readRecursively(char*, unsigned int, unsigned int, unsigned int*, unsigned int*, char, int*)
                0x00000000c001ac5f                getFileData(char*, unsigned int*, unsigned int*, char, int*)
                0x00000000c001acee                ISO9660::open(char const*, void**, FileOpenMode)
                0x00000000c001ad88                ISO9660::exists(char const*)
                0x00000000c001adac                ISO9660::stat(char const*, unsigned long long*, bool*)
                0x00000000c001ae40                ISO9660::openDir(char const*, void**)
                0x00000000c001aef8                ISO9660::ISO9660()
                0x00000000c001aef8                ISO9660::ISO9660()
 *fill*         0x00000000c001af1b        0x1 
 .text          0x00000000c001af1c      0x244 hal/sound/sndchannel.32
                0x00000000c001af1c                SoundChannel::~SoundChannel()
                0x00000000c001af1c                SoundChannel::~SoundChannel()
                0x00000000c001af38                SoundChannel::setSpeed(float)
                0x00000000c001af44                SoundChannel::getSpeed()
                0x00000000c001af4c                SoundChannel::setVolume(int)
                0x00000000c001af68                SoundChannel::getVolume()
                0x00000000c001af70                SoundChannel::pause()
                0x00000000c001af7a                SoundChannel::SoundChannel(int, int, int, int)
                0x00000000c001af7a                SoundChannel::SoundChannel(int, int, int, int)
                0x00000000c001b070                SoundChannel::play()
                0x00000000c001b07a                SoundChannel::paused()
                0x00000000c001b082                SoundChannel::getSampleRate()
                0x00000000c001b08a                SoundChannel::getBits()
                0x00000000c001b092                SoundChannel::getBufferUsed()
                0x00000000c001b09a                SoundChannel::getBufferSize()
                0x00000000c001b0a2                SoundChannel::unbuffer(float*, int, int)
                0x00000000c001b114                SoundChannel::buffer8(unsigned char*, int)
 .text          0x00000000c001b160      0x317 hal/sound/sndhw.32
                0x00000000c001b160                SoundDevice::SoundDevice(char const*)
                0x00000000c001b160                SoundDevice::SoundDevice(char const*)
                0x00000000c001b1cc                SoundDevice::~SoundDevice()
                0x00000000c001b1cc                SoundDevice::~SoundDevice()
                0x00000000c001b246                SoundDevice::~SoundDevice()
                0x00000000c001b270                SoundDevice::getFreeChannelNum()
                0x00000000c001b28a                SoundDevice::addChannel(SoundChannel*)
                0x00000000c001b2fa                SoundDevice::removeChannel(int)
                0x00000000c001b32c                SoundDevice::floatTo8(float*, unsigned char*, int)
                0x00000000c001b398                SoundDevice::getAudio(int, float*, float*)
 .text          0x00000000c001b477        0x0 hw/bus/isa.32
 *fill*         0x00000000c001b477        0x1 
 .text          0x00000000c001b478      0x6e5 hw/bus/pci.32
                0x00000000c001b478                PCI::open(int, int, void*)
                0x00000000c001b48c                PCI::close(int, int, void*)
                0x00000000c001b490                PCI::PCI()
                0x00000000c001b490                PCI::PCI()
                0x00000000c001b510                PCI::pciReadWord(unsigned char, unsigned char, unsigned char, unsigned char)
                0x00000000c001b558                PCI::getVendorID(unsigned char, unsigned char, unsigned char)
                0x00000000c001b57a                PCI::getHeaderType(unsigned char, unsigned char, unsigned char)
                0x00000000c001b59e                PCI::getClassCode(unsigned char, unsigned char, unsigned char)
                0x00000000c001b5e2                PCI::getProgIF(unsigned char, unsigned char, unsigned char)
                0x00000000c001b606                PCI::getRevisionID(unsigned char, unsigned char, unsigned char)
                0x00000000c001b628                PCI::getInterruptNumber(unsigned char, unsigned char, unsigned char)
                0x00000000c001b64a                PCI::getSecondaryBus(unsigned char, unsigned char, unsigned char)
                0x00000000c001b66e                PCI::getBARAddress(unsigned char, unsigned char, unsigned char, unsigned char)
                0x00000000c001b6ce                PCI::pciWriteWord(unsigned char, unsigned char, unsigned char, unsigned char, unsigned short)
                0x00000000c001b73a                PCI::checkBus(unsigned char)
                0x00000000c001b75e                PCI::foundDevice(PCIDeviceInfo)
                0x00000000c001b8ce                PCI::getDeviceData(unsigned char, unsigned char, unsigned char)
                0x00000000c001ba9e                PCI::checkDevice(unsigned char, unsigned char)
                0x00000000c001bb0a                PCI::detect()
 *fill*         0x00000000c001bb5d        0x1 
 .text          0x00000000c001bb5e      0xc70 hw/diskctrl/ide.32
                0x00000000c001bb5e                IDE::close(int, int, void*)
                0x00000000c001bb62                IDE::IDE()
                0x00000000c001bb62                IDE::IDE()
                0x00000000c001bb96                IDE::prepareInterrupt(unsigned char)
                0x00000000c001bba8                selectDrive(unsigned char, unsigned char)
                0x00000000c001bbaa                IDE::getBase(unsigned char)
                0x00000000c001bbbc                IDE::write(unsigned char, unsigned char, unsigned char)
                0x00000000c001bc7c                IDE::read(unsigned char, unsigned char)
                0x00000000c001bd2a                IDE::waitInterrupt(unsigned char)
                0x00000000c001bd90                ideChannel0IRQHandler(regs*, void*)
                0x00000000c001bdac                ideChannel1IRQHandler(regs*, void*)
                0x00000000c001bdc8                IDE::enableIRQs(unsigned char, bool)
                0x00000000c001be0e                IDE::open(int, int, void*)
                0x00000000c001c21e                IDE::readBuffer(unsigned char, unsigned char, unsigned int, unsigned int)
                0x00000000c001c2ea                IDE::detect()
                0x00000000c001c5d2                IDE::printError(unsigned char, unsigned char, unsigned char)
                0x00000000c001c768                IDE::polling(unsigned char, unsigned int)
 .text          0x00000000c001c7ce      0x62b hw/diskphys/ata.32
                0x00000000c001c7ce                ATA::close(int, int, void*)
                0x00000000c001c7f2                ATA::powerSaving(PowerSavingLevel)
                0x00000000c001c7f4                ATA::ATA()
                0x00000000c001c7f4                ATA::ATA()
                0x00000000c001c822                ATA::flush(bool)
                0x00000000c001c86c                ATA::readyForCommand()
                0x00000000c001c8bc                ATA::access(unsigned long long, int, void*, bool)
                0x00000000c001cc3a                ATA::read(unsigned long long, int, void*)
                0x00000000c001cca2                ATA::write(unsigned long long, int, void*)
                0x00000000c001cd0a                ATA::detectCHS()
                0x00000000c001cd34                ATA::open(int, int, void*)
 *fill*         0x00000000c001cdf9        0x1 
 .text          0x00000000c001cdfa      0x5b3 hw/diskphys/atapi.32
                0x00000000c001cdfa                ATAPI::write(unsigned long long, int, void*)
                0x00000000c001ce00                ATAPI::close(int, int, void*)
                0x00000000c001ce24                ATAPI::ATAPI()
                0x00000000c001ce24                ATAPI::ATAPI()
                0x00000000c001ce52                ATAPI::readyForCommand()
                0x00000000c001cea2                ATAPI::sendPacket(unsigned char*, int, bool, unsigned short*, int)
                0x00000000c001d162                ATAPI::diskRemoved()
                0x00000000c001d17e                ATAPI::eject()
                0x00000000c001d1c4                ATAPI::diskInserted()
                0x00000000c001d1f2                ATAPI::detectMedia()
                0x00000000c001d2ae                ATAPI::open(int, int, void*)
                0x00000000c001d32e                ATAPI::read(unsigned long long, int, void*)
 *fill*         0x00000000c001d3ad        0x1 
 .text          0x00000000c001d3ae       0x8e hw/fpu/avx.32
                0x00000000c001d3ae                AVX::open(int, int, void*)
                0x00000000c001d3c0                AVX::close(int, int, void*)
                0x00000000c001d3d2                AVX::available()
                0x00000000c001d3e4                AVX::save(void*)
                0x00000000c001d3fc                AVX::load(void*)
                0x00000000c001d414                AVX::AVX()
                0x00000000c001d414                AVX::AVX()
 .text          0x00000000c001d43c       0x90 hw/fpu/mmx.32
                0x00000000c001d43c                MMX::available()
                0x00000000c001d450                MMX::open(int, int, void*)
                0x00000000c001d462                MMX::close(int, int, void*)
                0x00000000c001d474                MMX::save(void*)
                0x00000000c001d48c                MMX::load(void*)
                0x00000000c001d4a4                MMX::MMX()
                0x00000000c001d4a4                MMX::MMX()
 .text          0x00000000c001d4cc       0x96 hw/fpu/sse.32
                0x00000000c001d4cc                SSE::open(int, int, void*)
                0x00000000c001d4de                SSE::close(int, int, void*)
                0x00000000c001d4f0                SSE::available()
                0x00000000c001d50a                SSE::save(void*)
                0x00000000c001d522                SSE::load(void*)
                0x00000000c001d53a                SSE::SSE()
                0x00000000c001d53a                SSE::SSE()
 .text          0x00000000c001d562       0x8e hw/fpu/x87.32
                0x00000000c001d562                x87::open(int, int, void*)
                0x00000000c001d574                x87::close(int, int, void*)
                0x00000000c001d586                x87::available()
                0x00000000c001d598                x87::save(void*)
                0x00000000c001d5b0                x87::load(void*)
                0x00000000c001d5c8                x87::x87()
                0x00000000c001d5c8                x87::x87()
 .text          0x00000000c001d5f0      0x5f3 hw/intctrl/apic.32
                0x00000000c001d5f0                APIC::disable()
                0x00000000c001d5f2                APIC::close(int, int, void*)
                0x00000000c001d614                IOAPIC::close(int, int, void*)
                0x00000000c001d61a                APIC::io_wait()
                0x00000000c001d620                APIC::getBase()
                0x00000000c001d662                APIC::eoi(unsigned char)
                0x00000000c001d690                APIC::open(int, int, void*)
                0x00000000c001d74a                IOAPIC::IOAPIC()
                0x00000000c001d74a                IOAPIC::IOAPIC()
                0x00000000c001d772                APIC::APIC()
                0x00000000c001d772                APIC::APIC()
                0x00000000c001d842                IOAPIC::handlesGSIWithNumber(unsigned int)
                0x00000000c001d874                IOAPIC::read(int)
                0x00000000c001d89c                IOAPIC::open(int, int, void*)
                0x00000000c001d992                IOAPIC::write(int, int)
                0x00000000c001d9be                IOAPIC::redirect(unsigned char, unsigned long long, unsigned char)
                0x00000000c001da78                APIC::installIRQHandler(int, void (*)(regs*, void*), bool, void*)
 *fill*         0x00000000c001dbe3        0x1 
 .text          0x00000000c001dbe4      0x3d3 hw/intctrl/pic.32
                0x00000000c001dbe4                PIC::disable()
                0x00000000c001dc12                PIC::close(int, int, void*)
                0x00000000c001dc34                PIC::PIC()
                0x00000000c001dc34                PIC::PIC()
                0x00000000c001dd0a                PIC::ioWait()
                0x00000000c001dd10                PIC::getIRQReg(int)
                0x00000000c001dd7a                PIC::eoi(unsigned char)
                0x00000000c001de0c                PIC::remap()
                0x00000000c001df78                PIC::open(int, int, void*)
 *fill*         0x00000000c001dfb7        0x1 
 .text          0x00000000c001dfb8      0x252 hw/timer/apictimer.32
                0x00000000c001dfb8                APICTimer::close(int, int, void*)
                0x00000000c001dfbe                apicTimerHandler(regs*, void*)
                0x00000000c001dfec                APICTimer::write(int)
                0x00000000c001e0ea                APICTimer::open(int, int, void*)
                0x00000000c001e1e2                APICTimer::APICTimer()
                0x00000000c001e1e2                APICTimer::APICTimer()
 .text          0x00000000c001e20a      0x1a7 hw/timer/pit.32
                0x00000000c001e20a                PIT::write(int)
                0x00000000c001e288                pitHandler(regs*, void*)
                0x00000000c001e2b4                PIT::open(int, int, void*)
                0x00000000c001e302                PIT::close(int, int, void*)
                0x00000000c001e332                PIT::PIT()
                0x00000000c001e332                PIT::PIT()
 *fill*         0x00000000c001e3b1        0xf 
 .text          0x00000000c001e3c0        0xa hw/fpu/x86/avx.32
                0x00000000c001e3c0                avxDetect
                0x00000000c001e3c6                avxSave
                0x00000000c001e3c7                avxLoad
                0x00000000c001e3c8                avxInit
                0x00000000c001e3c9                avxClose
 *fill*         0x00000000c001e3ca        0x6 
 .text          0x00000000c001e3d0       0x38 hw/fpu/x86/sse.32
                0x00000000c001e3d0                sseDetect
                0x00000000c001e3eb                sseSave
                0x00000000c001e3f1                sseLoad
                0x00000000c001e3f7                sseInit
                0x00000000c001e407                sseClose
 *fill*         0x00000000c001e408        0x8 
 .text          0x00000000c001e410       0x47 hw/fpu/x86/x87.32
                0x00000000c001e416                x87Detect
                0x00000000c001e431                x87Save
                0x00000000c001e437                x87Load
                0x00000000c001e43c                x87Init
                0x00000000c001e456                x87Close
 *fill*         0x00000000c001e457        0x1 
 .text          0x00000000c001e458       0x25 /cygdrive/d/Users/Alex/Desktop/Toolchain/Output/bin/../lib/gcc/i386-banana/8.1.0/crtend.o
 .text          0x00000000c001e47d        0x0 crtn.32
 *fill*         0x00000000c001e47d        0x3 
 .text          0x00000000c001e480      0x14b /cygdrive/d/Users/Alex/Desktop/Toolchain/Output/bin/../lib/gcc/i386-banana/8.1.0/libgcc.a(_divdi3.o)
                0x00000000c001e480                __divdi3
 *fill*         0x00000000c001e5cb        0x1 
 .text          0x00000000c001e5cc      0x17e /cygdrive/d/Users/Alex/Desktop/Toolchain/Output/bin/../lib/gcc/i386-banana/8.1.0/libgcc.a(_moddi3.o)
                0x00000000c001e5cc                __moddi3
 *fill*         0x00000000c001e74a        0x2 
 .text          0x00000000c001e74c       0xff /cygdrive/d/Users/Alex/Desktop/Toolchain/Output/bin/../lib/gcc/i386-banana/8.1.0/libgcc.a(_udivdi3.o)
                0x00000000c001e74c                __udivdi3
 *fill*         0x00000000c001e84b        0x1 
 .text          0x00000000c001e84c      0x11a /cygdrive/d/Users/Alex/Desktop/Toolchain/Output/bin/../lib/gcc/i386-banana/8.1.0/libgcc.a(_umoddi3.o)
                0x00000000c001e84c                __umoddi3
 *fill*         0x00000000c001e966        0xa 
 .text          0x00000000c001e970       0x1e D:/Users/Alex/Desktop/Banana/kernel/libk/libm32.a(s_fabs.c.o)
                0x00000000c001e970                fabs
 *fill*         0x00000000c001e98e        0x2 
 .text          0x00000000c001e990        0xc D:/Users/Alex/Desktop/Banana/kernel/libk/libm32.a(s_lrint.S.o)
                0x00000000c001e990                lrint
 .text          0x00000000c001e99c        0xc D:/Users/Alex/Desktop/Banana/kernel/libk/libm32.a(s_lrintf.S.o)
                0x00000000c001e99c                lrintf
 *(.gnu.linkonce.t*)

.iplt           0x00000000c001e9a8        0x0
 .iplt          0x00000000c001e9a8        0x0 D:/Users/Alex/Desktop/Banana/kernel/boot.32

.init           0x00000000c001e9a8        0xf
 .init          0x00000000c001e9a8        0x3 crti.32
                0x00000000c001e9a8                _init
 .init          0x00000000c001e9ab        0x5 /cygdrive/d/Users/Alex/Desktop/Toolchain/Output/bin/../lib/gcc/i386-banana/8.1.0/crtbegin.o
 .init          0x00000000c001e9b0        0x5 /cygdrive/d/Users/Alex/Desktop/Toolchain/Output/bin/../lib/gcc/i386-banana/8.1.0/crtend.o
 .init          0x00000000c001e9b5        0x2 crtn.32

.fini           0x00000000c001e9b7        0xa
 .fini          0x00000000c001e9b7        0x3 crti.32
                0x00000000c001e9b7                _fini
 .fini          0x00000000c001e9ba        0x5 /cygdrive/d/Users/Alex/Desktop/Toolchain/Output/bin/../lib/gcc/i386-banana/8.1.0/crtbegin.o
 .fini          0x00000000c001e9bf        0x2 crtn.32

.text._ZN8ComputerD2Ev
                0x00000000c001e9c2       0x23
 .text._ZN8ComputerD2Ev
                0x00000000c001e9c2       0x23 core/computer.32
                0x00000000c001e9c2                Computer::~Computer()
                0x00000000c001e9c2                Computer::~Computer()

.text._ZN8ComputerD0Ev
                0x00000000c001e9e6       0x2a
 .text._ZN8ComputerD0Ev
                0x00000000c001e9e6       0x2a core/computer.32
                0x00000000c001e9e6                Computer::~Computer()

.text._Z10idleCommonv
                0x00000000c001ea10       0x15
 .text._Z10idleCommonv
                0x00000000c001ea10       0x15 core/idle.32
                0x00000000c001ea10                idleCommon()

.text._ZN3CPU7readCR3Ev
                0x00000000c001ea25       0x12
 .text._ZN3CPU7readCR3Ev
                0x00000000c001ea25       0x12 core/kheap.32
                0x00000000c001ea25                CPU::readCR3()

.text._ZN3CPU8writeCR3Em
                0x00000000c001ea37        0x9
 .text._ZN3CPU8writeCR3Em
                0x00000000c001ea37        0x9 core/kheap.32
                0x00000000c001ea37                CPU::writeCR3(unsigned long)

.text._ZN10LinkedListI8UnixFileED2Ev
                0x00000000c001ea40        0x2
 .text._ZN10LinkedListI8UnixFileED2Ev
                0x00000000c001ea40        0x2 core/unixfile.32
                0x00000000c001ea40                LinkedList<UnixFile>::~LinkedList()
                0x00000000c001ea40                LinkedList<UnixFile>::~LinkedList()

.text._ZN10LinkedListI8UnixFileEC2Ev
                0x00000000c001ea42       0x58
 .text._ZN10LinkedListI8UnixFileEC2Ev
                0x00000000c001ea42       0x58 core/unixfile.32
                0x00000000c001ea42                LinkedList<UnixFile>::LinkedList()
                0x00000000c001ea42                LinkedList<UnixFile>::LinkedList()

.text._ZN10LinkedListI8UnixFileE10addElementEPS0_
                0x00000000c001ea9a       0xd3
 .text._ZN10LinkedListI8UnixFileE10addElementEPS0_
                0x00000000c001ea9a       0xd3 core/unixfile.32
                0x00000000c001ea9a                LinkedList<UnixFile>::addElement(UnixFile*)

.text._ZN10LinkedListI8UnixFileE15getFirstElementEv
                0x00000000c001eb6e        0x7
 .text._ZN10LinkedListI8UnixFileE15getFirstElementEv
                0x00000000c001eb6e        0x7 core/unixfile.32
                0x00000000c001eb6e                LinkedList<UnixFile>::getFirstElement()

.text._ZN10LinkedListI8UnixFileE11removeFirstEv
                0x00000000c001eb76       0xa1
 .text._ZN10LinkedListI8UnixFileE11removeFirstEv
                0x00000000c001eb76       0xa1 core/unixfile.32
                0x00000000c001eb76                LinkedList<UnixFile>::removeFirst()

.text._ZN10LinkedListI8UnixFileE7getNextEPS0_
                0x00000000c001ec18        0x8
 .text._ZN10LinkedListI8UnixFileE7getNextEPS0_
                0x00000000c001ec18        0x8 core/unixfile.32
                0x00000000c001ec18                LinkedList<UnixFile>::getNext(UnixFile*)

.text._ZN16DriverlessDeviceD2Ev
                0x00000000c001ec20       0x1a
 .text._ZN16DriverlessDeviceD2Ev
                0x00000000c001ec20       0x1a hal/device.32
                0x00000000c001ec20                DriverlessDevice::~DriverlessDevice()
                0x00000000c001ec20                DriverlessDevice::~DriverlessDevice()

.text._ZN16DriverlessDeviceD0Ev
                0x00000000c001ec3a       0x2a
 .text._ZN16DriverlessDeviceD0Ev
                0x00000000c001ec3a       0x2a hal/device.32
                0x00000000c001ec3a                DriverlessDevice::~DriverlessDevice()

.text._ZN10LinkedListI6DeviceE10addElementEPS0_
                0x00000000c001ec64       0xdc
 .text._ZN10LinkedListI6DeviceE10addElementEPS0_
                0x00000000c001ec64       0xdc hal/device.32
                0x00000000c001ec64                LinkedList<Device>::addElement(Device*)

.text._ZN10LinkedListI6DeviceEC2Ev
                0x00000000c001ed40       0x58
 .text._ZN10LinkedListI6DeviceEC2Ev
                0x00000000c001ed40       0x58 hal/device.32
                0x00000000c001ed40                LinkedList<Device>::LinkedList()
                0x00000000c001ed40                LinkedList<Device>::LinkedList()

.text._ZN3CPU7readCR0Ev
                0x00000000c001ed98       0x12
 .text._ZN3CPU7readCR0Ev
                0x00000000c001ed98       0x12 hal/fpu.32
                0x00000000c001ed98                CPU::readCR0()

.text._ZN3CPU8writeCR0Em
                0x00000000c001edaa        0x9
 .text._ZN3CPU8writeCR0Em
                0x00000000c001edaa        0x9 hal/fpu.32
                0x00000000c001edaa                CPU::writeCR0(unsigned long)

.text._ZN3CPU7readDR0Ev
                0x00000000c001edb3       0x12
 .text._ZN3CPU7readDR0Ev
                0x00000000c001edb3       0x12 hal/intctrl.32
                0x00000000c001edb3                CPU::readDR0()

.text._ZN3CPU7readDR1Ev
                0x00000000c001edc5       0x12
 .text._ZN3CPU7readDR1Ev
                0x00000000c001edc5       0x12 hal/intctrl.32
                0x00000000c001edc5                CPU::readDR1()

.text._ZN3CPU7readDR2Ev
                0x00000000c001edd7       0x12
 .text._ZN3CPU7readDR2Ev
                0x00000000c001edd7       0x12 hal/intctrl.32
                0x00000000c001edd7                CPU::readDR2()

.text._ZN3CPU7readDR3Ev
                0x00000000c001ede9       0x12
 .text._ZN3CPU7readDR3Ev
                0x00000000c001ede9       0x12 hal/intctrl.32
                0x00000000c001ede9                CPU::readDR3()

.text._ZN3CPU7readDR6Ev
                0x00000000c001edfb       0x12
 .text._ZN3CPU7readDR6Ev
                0x00000000c001edfb       0x12 hal/intctrl.32
                0x00000000c001edfb                CPU::readDR6()

.text._ZN3CPU7readDR7Ev
                0x00000000c001ee0d       0x12
 .text._ZN3CPU7readDR7Ev
                0x00000000c001ee0d       0x12 hal/intctrl.32
                0x00000000c001ee0d                CPU::readDR7()

.text._ZN10LinkedListIV18ThreadControlBlockE15getFirstElementEv
                0x00000000c001ee20        0x7
 .text._ZN10LinkedListIV18ThreadControlBlockE15getFirstElementEv
                0x00000000c001ee20        0x7 hal/timer.32
                0x00000000c001ee20                LinkedList<ThreadControlBlock volatile>::getFirstElement()

.text._ZN10LinkedListIV18ThreadControlBlockE7isEmptyEv
                0x00000000c001ee28       0x1c
 .text._ZN10LinkedListIV18ThreadControlBlockE7isEmptyEv
                0x00000000c001ee28       0x1c hal/timer.32
                0x00000000c001ee28                LinkedList<ThreadControlBlock volatile>::isEmpty()

.text._ZN10LinkedListIV18ThreadControlBlockE11removeFirstEv
                0x00000000c001ee44       0xae
 .text._ZN10LinkedListIV18ThreadControlBlockE11removeFirstEv
                0x00000000c001ee44       0xae hal/timer.32
                0x00000000c001ee44                LinkedList<ThreadControlBlock volatile>::removeFirst()

.text._ZN10LinkedListIV18ThreadControlBlockE10addElementEPS1_
                0x00000000c001eef2       0xd3
 .text._ZN10LinkedListIV18ThreadControlBlockE10addElementEPS1_
                0x00000000c001eef2       0xd3 hal/timer.32
                0x00000000c001eef2                LinkedList<ThreadControlBlock volatile>::addElement(ThreadControlBlock volatile*)

.text._ZN4ACPID2Ev
                0x00000000c001efc6       0x23
 .text._ZN4ACPID2Ev
                0x00000000c001efc6       0x23 hw/acpi.32
                0x00000000c001efc6                ACPI::~ACPI()
                0x00000000c001efc6                ACPI::~ACPI()

.text._ZN4ACPID0Ev
                0x00000000c001efea       0x2a
 .text._ZN4ACPID0Ev
                0x00000000c001efea       0x2a hw/acpi.32
                0x00000000c001efea                ACPI::~ACPI()

.text._ZN3CPUD2Ev
                0x00000000c001f014       0x23
 .text._ZN3CPUD2Ev
                0x00000000c001f014       0x23 hw/cpu.32
                0x00000000c001f014                CPU::~CPU()
                0x00000000c001f014                CPU::~CPU()

.text._ZN3CPUD0Ev
                0x00000000c001f038       0x2a
 .text._ZN3CPUD0Ev
                0x00000000c001f038       0x2a hw/cpu.32
                0x00000000c001f038                CPU::~CPU()

.text._ZN3CPU7readCR4Ev
                0x00000000c001f062       0x12
 .text._ZN3CPU7readCR4Ev
                0x00000000c001f062       0x12 hw/cpu.32
                0x00000000c001f062                CPU::readCR4()

.text._ZN3CPU8writeDR7Em
                0x00000000c001f074        0x9
 .text._ZN3CPU8writeDR7Em
                0x00000000c001f074        0x9 hw/cpu.32
                0x00000000c001f074                CPU::writeDR7(unsigned long)

.text._ZN3CPU8writeCR4Em
                0x00000000c001f07d        0x9
 .text._ZN3CPU8writeCR4Em
                0x00000000c001f07d        0x9 hw/cpu.32
                0x00000000c001f07d                CPU::writeCR4(unsigned long)

.text._ZN3CPU7readCR2Ev
                0x00000000c001f086       0x12
 .text._ZN3CPU7readCR2Ev
                0x00000000c001f086       0x12 krnl/panic.32
                0x00000000c001f086                CPU::readCR2()

.text._ZN10LinkedListIV18ThreadControlBlockED2Ev
                0x00000000c001f098        0x2
 .text._ZN10LinkedListIV18ThreadControlBlockED2Ev
                0x00000000c001f098        0x2 thr/prcssthr.32
                0x00000000c001f098                LinkedList<ThreadControlBlock volatile>::~LinkedList()
                0x00000000c001f098                LinkedList<ThreadControlBlock volatile>::~LinkedList()

.text._ZN18ThreadControlBlockC2Ev
                0x00000000c001f09a       0x3e
 .text._ZN18ThreadControlBlockC2Ev
                0x00000000c001f09a       0x3e thr/prcssthr.32
                0x00000000c001f09a                ThreadControlBlock::ThreadControlBlock()
                0x00000000c001f09a                ThreadControlBlock::ThreadControlBlock()

.text._ZN10LinkedListIV18ThreadControlBlockEC2Ev
                0x00000000c001f0d8       0x58
 .text._ZN10LinkedListIV18ThreadControlBlockEC2Ev
                0x00000000c001f0d8       0x58 thr/prcssthr.32
                0x00000000c001f0d8                LinkedList<ThreadControlBlock volatile>::LinkedList()
                0x00000000c001f0d8                LinkedList<ThreadControlBlock volatile>::LinkedList()

.text._ZN10LinkedListIV18ThreadControlBlockE7getNextEPS1_
                0x00000000c001f130        0x8
 .text._ZN10LinkedListIV18ThreadControlBlockE7getNextEPS1_
                0x00000000c001f130        0x8 thr/prcssthr.32
                0x00000000c001f130                LinkedList<ThreadControlBlock volatile>::getNext(ThreadControlBlock volatile*)

.text._ZN3PCID2Ev
                0x00000000c001f138       0x23
 .text._ZN3PCID2Ev
                0x00000000c001f138       0x23 hw/bus/pci.32
                0x00000000c001f138                PCI::~PCI()
                0x00000000c001f138                PCI::~PCI()

.text._ZN3PCID0Ev
                0x00000000c001f15c       0x2a