Archive member included to satisfy reference by file (symbol)

/cygdrive/d/Users/Alex/Desktop/Toolchain/Output/bin/../lib/gcc/i386-banana/8.1.0/libkgcc.a(_divdi3.o)
                              fs/fat/ff.32 (__divdi3)
/cygdrive/d/Users/Alex/Desktop/Toolchain/Output/bin/../lib/gcc/i386-banana/8.1.0/libkgcc.a(_moddi3.o)
                              compat/resolve.32 (__moddi3)
/cygdrive/d/Users/Alex/Desktop/Toolchain/Output/bin/../lib/gcc/i386-banana/8.1.0/libkgcc.a(_udivdi3.o)
                              fs/fat/ff.32 (__udivdi3)
/cygdrive/d/Users/Alex/Desktop/Toolchain/Output/bin/../lib/gcc/i386-banana/8.1.0/libkgcc.a(_umoddi3.o)
                              compat/resolve.32 (__umoddi3)

Discarded input sections

 .comment       0x0000000000000000       0x12 /cygdrive/d/Users/Alex/Desktop/Toolchain/Output/bin/../lib/gcc/i386-banana/8.1.0/crtbegin.o
 .comment       0x0000000000000000       0x12 acpica/utclib.32
 .comment       0x0000000000000000       0x12 core/malloc.32
 .comment       0x0000000000000000       0x12 libk/string.32
 .comment       0x0000000000000000       0x12 fs/fat/diskio.32
 .comment       0x0000000000000000       0x12 fs/fat/ff.32
 .comment       0x0000000000000000       0x12 fs/fat/ffsystem.32
 .comment       0x0000000000000000       0x12 fs/fat/ffunicode.32
 .comment       0x0000000000000000       0x12 compat/inlines.32
 .comment       0x0000000000000000       0x12 compat/resolve.32
 .group         0x0000000000000000       0x14 core/computer.32
 .group         0x0000000000000000        0xc core/computer.32
 .comment       0x0000000000000000       0x12 core/computer.32
 .comment       0x0000000000000000       0x12 core/gdt.32
 .group         0x0000000000000000        0xc core/idle.32
 .comment       0x0000000000000000       0x12 core/idle.32
 .comment       0x0000000000000000       0x12 core/idt.32
 .comment       0x0000000000000000       0x12 core/kheap.32
 .comment       0x0000000000000000       0x12 core/main.32
 .comment       0x0000000000000000       0x12 core/physmgr.32
 .group         0x0000000000000000        0xc core/pipe.32
 .comment       0x0000000000000000       0x12 core/pipe.32
 .group         0x0000000000000000        0xc core/terminal.32
 .comment       0x0000000000000000       0x12 core/terminal.32
 .comment       0x0000000000000000       0x12 core/tss.32
 .group         0x0000000000000000        0x8 core/unixfile.32
 .group         0x0000000000000000        0x8 core/unixfile.32
 .group         0x0000000000000000        0xc core/unixfile.32
 .group         0x0000000000000000        0x8 core/unixfile.32
 .group         0x0000000000000000        0xc core/unixfile.32
 .group         0x0000000000000000        0x8 core/unixfile.32
 .group         0x0000000000000000        0xc core/unixfile.32
 .group         0x0000000000000000        0xc core/unixfile.32
 .comment       0x0000000000000000       0x12 core/unixfile.32
 .comment       0x0000000000000000       0x12 core/virtmgr.32
 .comment       0x0000000000000000       0x12 coreobjs/c++.32
 .comment       0x0000000000000000       0x12 dbg/kconsole.32
 .group         0x0000000000000000        0xc fs/vfs.32
 .group         0x0000000000000000        0xc fs/vfs.32
 .group         0x0000000000000000        0xc fs/vfs.32
 .comment       0x0000000000000000       0x12 fs/vfs.32
 .group         0x0000000000000000        0xc hal/bus.32
 .comment       0x0000000000000000       0x12 hal/bus.32
 .group         0x0000000000000000        0xc hal/buzzer.32
 .comment       0x0000000000000000       0x12 hal/buzzer.32
 .group         0x0000000000000000        0xc hal/clock.32
 .comment       0x0000000000000000       0x12 hal/clock.32
 .group         0x0000000000000000       0x14 hal/device.32
 .group         0x0000000000000000        0xc hal/device.32
 .group         0x0000000000000000        0x8 hal/device.32
 .group         0x0000000000000000        0xc hal/device.32
 .group         0x0000000000000000        0xc hal/device.32
 .comment       0x0000000000000000       0x12 hal/device.32
 .group         0x0000000000000000        0xc hal/diskctrl.32
 .comment       0x0000000000000000       0x12 hal/diskctrl.32
 .group         0x0000000000000000        0xc hal/diskphys.32
 .comment       0x0000000000000000       0x12 hal/diskphys.32
 .group         0x0000000000000000        0xc hal/fpu.32
 .comment       0x0000000000000000       0x12 hal/fpu.32
 .group         0x0000000000000000        0xc hal/intctrl.32
 .comment       0x0000000000000000       0x12 hal/intctrl.32
 .group         0x0000000000000000        0xc hal/keybrd.32
 .comment       0x0000000000000000       0x12 hal/keybrd.32
 .group         0x0000000000000000        0xc hal/logidisk.32
 .comment       0x0000000000000000       0x12 hal/logidisk.32
 .group         0x0000000000000000        0xc hal/mouse.32
 .comment       0x0000000000000000       0x12 hal/mouse.32
 .comment       0x0000000000000000       0x12 hal/partition.32
 .group         0x0000000000000000        0xc hal/serial.32
[...]
Memory Configuration

Name             Origin             Length             Attributes
*default*        0x0000000000000000 0xffffffffffffffff

Linker script and memory map

LOAD D:/Users/Alex/Desktop/Banana/kernel/boot.32
LOAD crti.32
LOAD /cygdrive/d/Users/Alex/Desktop/Toolchain/Output/bin/../lib/gcc/i386-banana/8.1.0/crtbegin.o
LOAD D:/Users/Alex/Desktop/Banana/kernel/morenasm.32
LOAD acpica/utclib.32
LOAD core/malloc.32
LOAD libk/string.32
LOAD fs/fat/diskio.32
LOAD fs/fat/ff.32
LOAD fs/fat/ffsystem.32
LOAD fs/fat/ffunicode.32
LOAD compat/inlines.32
LOAD compat/resolve.32
LOAD core/computer.32
LOAD core/gdt.32
LOAD core/idle.32
LOAD core/idt.32
LOAD core/kheap.32
LOAD core/main.32
LOAD core/physmgr.32
LOAD core/pipe.32
LOAD core/terminal.32
LOAD core/tss.32
LOAD core/unixfile.32
LOAD core/virtmgr.32
LOAD coreobjs/c++.32
LOAD dbg/kconsole.32
LOAD fs/vfs.32
LOAD hal/bus.32
LOAD hal/buzzer.32
LOAD hal/clock.32
LOAD hal/device.32
LOAD hal/diskctrl.32
LOAD hal/diskphys.32
LOAD hal/fpu.32
LOAD hal/intctrl.32
LOAD hal/keybrd.32
LOAD hal/logidisk.32
LOAD hal/mouse.32
LOAD hal/partition.32
LOAD hal/serial.32
LOAD hal/timer.32
LOAD hal/vcache.32
LOAD hal/video.32
LOAD hw/acpi.32
LOAD hw/cpu.32
LOAD hw/ports.32
LOAD hw/smp.32
LOAD krnl/env.32
LOAD krnl/panic.32
LOAD net/ethernet.32
LOAD reg/registry.32
LOAD sys/sc_eject.32
LOAD sys/sc_exit.32
LOAD sys/sc_getcwd.32
LOAD sys/sc_getpid.32
LOAD sys/sc_getramdata.32
LOAD sys/sc_getvgaptr.32
LOAD sys/sc_loaddll.32
LOAD sys/sc_read.32
LOAD sys/sc_sbrk.32
LOAD sys/sc_setcwd.32
LOAD sys/sc_settime.32
LOAD sys/sc_timezone.32
LOAD sys/sc_write.32
LOAD sys/sc_wsbe.32
LOAD sys/sc_yield.32
LOAD sys/syscalls.32
LOAD thr/elf.32
LOAD thr/prcssthr.32
LOAD vm86/vm8086.32
LOAD vm86/x87em.32
LOAD fs/fat/vfslink.32
LOAD fs/iso9660/vfslink.32
LOAD hal/sound/sndcard.32
LOAD hal/sound/sndport.32
LOAD hw/bus/isa.32
LOAD hw/bus/pci.32
LOAD hw/diskctrl/ide.32
LOAD hw/diskctrl/satabus.32
LOAD hw/diskphys/ata.32
LOAD hw/diskphys/atapi.32
LOAD hw/diskphys/sata.32
LOAD hw/diskphys/satapi.32
LOAD hw/fpu/avx.32
LOAD hw/fpu/mmx.32
LOAD hw/fpu/sse.32
LOAD hw/fpu/x87.32
LOAD hw/intctrl/apic.32
LOAD hw/intctrl/pic.32
LOAD hw/timer/apictimer.32
LOAD hw/timer/pit.32
LOAD hw/fpu/x86/avx.32
LOAD hw/fpu/x86/sse.32
LOAD hw/fpu/x86/x87.32
LOAD /cygdrive/d/Users/Alex/Desktop/Toolchain/Output/bin/../lib/gcc/i386-banana/8.1.0/crtend.o
LOAD crtn.32
LOAD /cygdrive/d/Users/Alex/Desktop/Toolchain/Output/bin/../lib/gcc/i386-banana/8.1.0/libkgcc.a
LOAD D:/Users/Alex/Desktop/Banana/kernel/libsoftfp.a
LOAD D:/Users/Alex/Desktop/Banana/kernel/libk/libm32.a
                0x00000000c0000000                . = 0xc0000000

.text           0x00000000c0000000    0x210ce
 *(.text)
 .text          0x00000000c0000000       0x41 D:/Users/Alex/Desktop/Banana/kernel/boot.32
                0x00000000c0000020                callGlobalConstructors
 .text          0x00000000c0000041        0x0 crti.32
 *fill*         0x00000000c0000041        0x3 
 .text          0x00000000c0000044      0x101 /cygdrive/d/Users/Alex/Desktop/Toolchain/Output/bin/../lib/gcc/i386-banana/8.1.0/crtbegin.o
 *fill*         0x00000000c0000145        0xb 
 .text          0x00000000c0000150      0x430 D:/Users/Alex/Desktop/Banana/kernel/morenasm.32
                0x00000000c0000150                manualPCIProbe
                0x00000000c000019b                prepareTramp
                0x00000000c00001b4                doTPAUSE
                0x00000000c00001be                hasLegacyFPU
                0x00000000c00001e3                is486
                0x00000000c0000219                detectCPUID
                0x00000000c000022f                goToVM86
                0x00000000c000025f                goToUsermode
                0x00000000c0000289                switchToThreadASMFirstTime
                0x00000000c0000297                switchToThreadASM
                0x00000000c0000327                asmQuickAcquireLock
                0x00000000c0000345                asmQuickReleaseLock
                0x00000000c0000351                asmAcquireLock
                0x00000000c0000372                asmReleaseLock
                0x00000000c0000385                loadGDT
                0x00000000c00003a5                isr0
                0x00000000c00003b5                isr1
                0x00000000c00003bf                isr2
                0x00000000c00003c9                isr3
                0x00000000c00003d3                isr4
                0x00000000c00003dd                isr5
                0x00000000c00003e7                isr6
                0x00000000c00003f1                isr7
                0x00000000c00003fb                isr8
                0x00000000c0000403                isr9
                0x00000000c000040d                isr10
                0x00000000c0000415                isr11
                0x00000000c000041d                isr12
                0x00000000c0000425                isr13
                0x00000000c000042d                isr14
                0x00000000c0000435                isr15
                0x00000000c000043f                isr16
                0x00000000c0000449                isr17
                0x00000000c0000453                isr18
                0x00000000c000045d                irq3
                0x00000000c0000467                irq4
                0x00000000c0000471                irq5
                0x00000000c000047b                irq6
                0x00000000c0000485                irq7
                0x00000000c000048f                irq8
                0x00000000c0000499                irq9
                0x00000000c00004a3                irq10
                0x00000000c00004ad                irq11
                0x00000000c00004b7                irq12
                0x00000000c00004c1                irq13
                0x00000000c00004cb                irq14
                0x00000000c00004d5                irq15
                0x00000000c00004df                irq1
                0x00000000c00004e6                irq2
                0x00000000c00004ed                isr96
                0x00000000c00004f4                irq0
                0x00000000c00004f9                int_common_stub
                0x00000000c00004f9                syscall_common_stub
                0x00000000c000052b                irq16
                0x00000000c0000535                irq17
                0x00000000c000053f                irq18
                0x00000000c0000549                irq19
                0x00000000c0000553                irq20
                0x00000000c000055d                irq21
                0x00000000c0000567                irq22
                0x00000000c0000571                irq23
                0x00000000c000057b                memcpy
 .text          0x00000000c0000580      0x5dd acpica/utclib.32
                0x00000000c0000580                memcmp
                0x00000000c00005bc                memmove
                0x00000000c0000684                memset
                0x00000000c00006a0                strlen
                0x00000000c00006b8                strpbrk
                0x00000000c00006f4                strtok
                0x00000000c0000740                strcpy
                0x00000000c0000764                strncpy
                0x00000000c00007cc                strcmp
                0x00000000c000080c                strchr
                0x00000000c0000830                strncmp
                0x00000000c0000880                strcat
                0x00000000c00008b0                strncat
                0x00000000c00008ec                strstr
                0x00000000c0000934                toupper
                0x00000000c0000948                tolower
                0x00000000c000095c                simple_strtoul
 .text          0x00000000c0000b5d      0xfad core/malloc.32
                0x00000000c0000cc8                dlfree
                0x00000000c0001023                dlmalloc
                0x00000000c0001560                dlrealloc
                0x00000000c0001703                dlmemalign
                0x00000000c0001826                dlcalloc
                0x00000000c00018c0                dlcfree
                0x00000000c00018c5                dlindependent_calloc
                0x00000000c00018ea                dlindependent_comalloc
                0x00000000c0001901                dlvalloc
                0x00000000c000192c                dlpvalloc
                0x00000000c0001962                dlmalloc_trim
                0x00000000c000196f                dlmalloc_usable_size
                0x00000000c00019a0                dlmallinfo
                0x00000000c0001a6f                dlmalloc_stats
                0x00000000c0001a80                dlmallopt
 .text          0x00000000c0001b0a        0x0 libk/string.32
 .text          0x00000000c0001b0a       0x51 fs/fat/diskio.32
                0x00000000c0001b0a                disk_status
                0x00000000c0001b0d                disk_initialize
                0x00000000c0001b10                disk_read
                0x00000000c0001b26                disk_write
                0x00000000c0001b3c                disk_ioctl
 .text          0x00000000c0001b5b     0x6a69 fs/fat/ff.32
                0x00000000c0004e29                f_mount
                0x00000000c0004e8b                f_open
                0x00000000c00052c7                f_read
                0x00000000c0005547                f_write
                0x00000000c0005801                f_sync
                0x00000000c00059dd                f_close
                0x00000000c0005a0c                f_lseek
                0x00000000c0005ec3                f_opendir
                0x00000000c0005fc5                f_closedir
                0x00000000c0005fe7                f_readdir
                0x00000000c0006082                f_stat
                0x00000000c0006111                f_getfree
                0x00000000c00062dc                f_truncate
                0x00000000c00063d4                f_unlink
                0x00000000c0006557                f_mkdir
                0x00000000c0006783                f_rename
                0x00000000c0006a76                f_chmod
                0x00000000c0006b54                f_utime
                0x00000000c0006c32                f_getlabel
                0x00000000c0006e20                f_setlabel
                0x00000000c000708d                f_expand
                0x00000000c00072c3                f_forward
                0x00000000c00074a1                f_mkfs
 .text          0x00000000c00085c4       0x2f fs/fat/ffsystem.32
                0x00000000c00085c4                ff_memalloc
                0x00000000c00085dc                ff_memfree
 *fill*         0x00000000c00085f3        0x1 
 .text          0x00000000c00085f4      0x274 fs/fat/ffunicode.32
                0x00000000c00085f4                ff_uni2oem
                0x00000000c000868c                ff_oem2uni
                0x00000000c0008700                ff_wtoupper
 .text          0x00000000c0008868       0xa7 compat/inlines.32
                0x00000000c0008868                CPU::current()
                0x00000000c0008874                operator new(unsigned long)
                0x00000000c0008879                operator delete(void*)
                0x00000000c000887e                disableIRQs()
                0x00000000c0008886                enableIRQs()
                0x00000000c0008895                lockScheduler()
                0x00000000c000889d                unlockScheduler()
                0x00000000c00088ac                lockStuff()
                0x00000000c00088ba                unlockStuff()
                0x00000000c00088f4                Virt::getAKernelVAS()
                0x00000000c00088fa                __not_memcpy
 *fill*         0x00000000c000890f        0x1 
 .text          0x00000000c0008910      0x118 compat/resolve.32
                0x00000000c0008910                Krnl::resolveCompatibilitySymbol(char*)
 .text          0x00000000c0008a28      0x7f7 core/computer.32
                0x00000000c0008a28                Computer::close(int, int, void*)
                0x00000000c0008a6c                Krnl::firstTask()
                0x00000000c0008bba                Computer::Computer()
                0x00000000c0008bba                Computer::Computer()
                0x00000000c0008d16                Computer::setBootMessage(char const*)
                0x00000000c0008d18                Computer::detectFeatures()
                0x00000000c0008f22                Computer::displayFeatures()
                0x00000000c0008f24                Computer::rdmsr(unsigned int)
                0x00000000c0008f50                Computer::wrmsr(unsigned int, unsigned long long)
                0x00000000c0008f88                Computer::nmiEnabled()
                0x00000000c0008f94                Computer::readCMOS(unsigned char)
                0x00000000c0008fae                Computer::enableNMI(bool)
                0x00000000c0008fc6                Computer::open(int, int, void*)
                0x00000000c0009162                Computer::disableNMI()
                0x00000000c0009170                Computer::writeCMOS(unsigned char, unsigned char)
                0x00000000c000918e                Computer::handleNMI()
                0x00000000c00091f4                Computer::setDiskActivityLight(int, bool)
 *fill*         0x00000000c000921f        0x1 
 .text          0x00000000c0009220      0x19d core/gdt.32
                0x00000000c0009220                GDTEntry::setBase(unsigned int)
                0x00000000c000923c                GDTEntry::setLimit(unsigned int)
                0x00000000c000925a                GDT::GDT()
                0x00000000c000925a                GDT::GDT()
                0x00000000c0009270                GDT::addEntry(GDTEntry)
                0x00000000c0009292                GDT::getNumberOfEntries()
                0x00000000c000929a                GDT::flush()
                0x00000000c00092bc                GDT::setup()
 .text          0x00000000c00093bd       0x6b core/idle.32
                0x00000000c00093bd                idleFunction(void*)
 .text          0x00000000c0009428      0x464 core/idt.32
                0x00000000c0009428                IDTEntry::IDTEntry(bool)
                0x00000000c0009428                IDTEntry::IDTEntry(bool)
                0x00000000c000949a                IDTEntry::setOffset(unsigned int)
                0x00000000c00094b0                IDT::IDT()
                0x00000000c00094b0                IDT::IDT()
                0x00000000c00094b2                IDT::getPointerToInvalidOpcodeEntryForF00F()
                0x00000000c00094ba                IDT::addEntry(IDTEntry, int)
                0x00000000c00094d4                IDT::addEntry(int, void (*)(), bool)
                0x00000000c000950c                IDT::flush()
                0x00000000c0009526                IDT::setup()
 .text          0x00000000c000988c      0x191 core/kheap.32
                0x00000000c000988c                sbrk
                0x00000000c000992f                mmap
                0x00000000c0009945                munmap
                0x00000000c000995b                liballoc_lock()
                0x00000000c0009968                liballoc_unlock()
                0x00000000c000997c                liballoc_alloc(int)
                0x00000000c0009994                liballoc_free(void*, int)
                0x00000000c00099af                realloc
                0x00000000c00099c3                malloc
                0x00000000c00099d3                free
                0x00000000c00099e3                rfree
                0x00000000c00099f3                calloc
 .text          0x00000000c0009a1d      0x1ee core/main.32
                0x00000000c0009a1d                Krnl::setBootMessage(char const*)
                0x00000000c0009a89                kernel_main
 .text          0x00000000c0009c0b      0x673 core/physmgr.32
                0x00000000c0009c0b                Phys::allocateDMA(unsigned long)
                0x00000000c0009d1a                Phys::freeDMA(unsigned long, unsigned long)
                0x00000000c0009d60                Phys::setPageState(unsigned long, bool)
                0x00000000c0009d92                Phys::getPageState(unsigned long)
                0x00000000c0009dae                Phys::freePage(unsigned long)
                0x00000000c0009e31                Phys::allocatePage()
                0x00000000c0009f1c                Phys::allocateContiguousPages(int)
                0x00000000c0009f78                Phys::allowSegmentToBeUsed(unsigned long, unsigned long)
                0x00000000c0009fb0                Phys::physicalMemorySetup(unsigned int)
 .text          0x00000000c000a27e      0x273 core/pipe.32
                0x00000000c000a27e                Pipe::isAtty()
                0x00000000c000a282                Pipe::~Pipe()
                0x00000000c000a282                Pipe::~Pipe()
                0x00000000c000a2a6                Pipe::~Pipe()
                0x00000000c000a2ce                Pipe::read(unsigned long long, void*, int*)
                0x00000000c000a3ca                Pipe::write(unsigned long long, void*, int*)
                0x00000000c000a48a                Pipe::Pipe(int)
                0x00000000c000a48a                Pipe::Pipe(int)
 *fill*         0x00000000c000a4f1        0x1 
 .text          0x00000000c000a4f2      0xb93 core/terminal.32
                0x00000000c000a4f2                VgaText::isAtty()
                0x00000000c000a4f6                VgaText::~VgaText()
                0x00000000c000a4f6                VgaText::~VgaText()
                0x00000000c000a51a                VgaText::~VgaText()
                0x00000000c000a544                VgaText::read(unsigned long long, void*, int*)
                0x00000000c000a564                setTerminalScrollLock(bool)
                0x00000000c000a565                addToTerminalCycle(VgaText*)
                0x00000000c000a586                installVgaTextImplementation()
                0x00000000c000a59b                scrollTerminalScrollLock(int)
                0x00000000c000a59c                VgaText::updateTitle()
                0x00000000c000a5da                VgaText::load()
                0x00000000c000a628                VgaText::updateCursor()
                0x00000000c000a63e                VgaText::doANSI_SGR(int)
                0x00000000c000a6b2                VgaText::setDefaultBgColour(VgaColour)
                0x00000000c000a6c2                VgaText::setDefaultFgColour(VgaColour)
                0x00000000c000a6d2                VgaText::setDefaultColours(VgaColour, VgaColour)
                0x00000000c000a6f2                VgaText::setTitleTextColour(VgaColour)
                0x00000000c000a702                VgaText::setTitleColour(VgaColour)
                0x00000000c000a712                VgaText::setTitle(char*)
                0x00000000c000a738                VgaText::combineColours(unsigned char, unsigned char)
                0x00000000c000a74a                VgaText::scrollScreen()
                0x00000000c000a7de                VgaText::combineCharAndColour(char, unsigned char)
                0x00000000c000a7f0                VgaText::writeCharacter(char, VgaColour, VgaColour, int, int)
                0x00000000c000a84c                VgaText::getCursorX()
                0x00000000c000a854                VgaText::getCursorY()
                0x00000000c000a85c                VgaText::setCursor(int, int)
                0x00000000c000a873                setActiveTerminal(VgaText*)
                0x00000000c000a8d5                doTerminalCycle()
                0x00000000c000a8f0                VgaText::setCursorX(int)
                0x00000000c000a908                VgaText::setCursorY(int)
                0x00000000c000a920                VgaText::incrementCursor(bool)
                0x00000000c000a974                VgaText::decrementCursor(bool)
                0x00000000c000a996                VgaText::putchar(char, VgaColour, VgaColour)
                0x00000000c000aa6e                VgaText::doUpdate()
                0x00000000c000aa7c                VgaText::puts(char const*, VgaColour, VgaColour)
                0x00000000c000abf4                VgaText::clearScreen()
                0x00000000c000ac4e                VgaText::putchar(char)
                0x00000000c000ad3a                VgaText::putx(unsigned int)
                0x00000000c000ad80                VgaText::puts(char const*)
                0x00000000c000ada6                VgaText::VgaText(char const*)
                0x00000000c000ada6                VgaText::VgaText(char const*)
                0x00000000c000af24                VgaText::receiveKey(unsigned char)
                0x00000000c000b00c                VgaText::write(unsigned long long, void*, int*)
                0x00000000c000b060                newTerminal(char*)
 *fill*         0x00000000c000b085        0x3 
 .text          0x00000000c000b088      0x1a1 core/tss.32
                0x00000000c000b088                TSS::TSS()
                0x00000000c000b088                TSS::TSS()
                0x00000000c000b098                TSS::setESP(unsigned long)
                0x00000000c000b0ac                TSS::flush()
                0x00000000c000b0cc                TSS::setup(unsigned long, unsigned long)
 *fill*         0x00000000c000b229        0x1 
 .text          0x00000000c000b22a      0x4c2 core/unixfile.32
                0x00000000c000b22a                ReservedFilename::read(unsigned long long, void*, int*)
                0x00000000c000b280                ReservedFilename::isAtty()
                0x00000000c000b29c                ReservedFilename::write(unsigned long long, void*, int*)
                0x00000000c000b2fa                UnixFile::getFileDescriptor()
                0x00000000c000b302                UnixFile::UnixFile(int)
                0x00000000c000b302                UnixFile::UnixFile(int)
                0x00000000c000b4b2                ReservedFilename::ReservedFilename(int)
                0x00000000c000b4b2                ReservedFilename::ReservedFilename(int)
                0x00000000c000b4e4                UnixFile::~UnixFile()
                0x00000000c000b4e4                UnixFile::~UnixFile()
                0x00000000c000b57c                UnixFile::~UnixFile()
                0x00000000c000b5a4                ReservedFilename::~ReservedFilename()
                0x00000000c000b5a4                ReservedFilename::~ReservedFilename()
                0x00000000c000b5c8                ReservedFilename::~ReservedFilename()
                0x00000000c000b5ef                getFromFileDescriptor(int)
 .text          0x00000000c000b6ec     0x1218 core/virtmgr.32
                0x00000000c000b6ec                Virt::setPageState(unsigned long, Virt::VirtPageState)
                0x00000000c000b721                Virt::getPageState(unsigned long)
                0x00000000c000b745                Virt::allocateKernelVirtualPages(int)
                0x00000000c000b856                Virt::freeSwapfilePage(unsigned long)
                0x00000000c000b874                Virt::swapIDToSector(unsigned long)
                0x00000000c000b886                Virt::allocateSwapfilePage()
                0x00000000c000b904                Virt::virtualMemorySetup()
                0x00000000c000b94f                Virt::setupPageSwapping(int)
                0x00000000c000b9c0                VAS::VAS()
                0x00000000c000b9c0                VAS::VAS()
                0x00000000c000b9fc                VAS::VAS(VAS*)
                0x00000000c000b9fc                VAS::VAS(VAS*)
                0x00000000c000ba2a                VAS::getForeignPageTableEntry(bool, unsigned long)
                0x00000000c000ba56                VAS::getPageTableEntry(unsigned long)
                0x00000000c000ba75                Virt::freeKernelVirtualPages(unsigned long)
                0x00000000c000bb98                VAS::freeAllocatedPages(unsigned long)
                0x00000000c000bbbc                VAS::virtualToPhysical(unsigned long)
                0x00000000c000bbd4                VAS::reflagRange(unsigned long, int, int, int)
                0x00000000c000bc14                VAS::setToWriteCombining(unsigned long, int)
                0x00000000c000bc46                VAS::mapOtherVASIn(bool, VAS*)
                0x00000000c000bc70                VAS::~VAS()
                0x00000000c000bc70                VAS::~VAS()
                0x00000000c000bdec                VAS::mapPage(unsigned long, unsigned long, int)
                0x00000000c000beee                VAS::allocatePages(int, int)
                0x00000000c000c0c6                VAS::setCPUSpecific(unsigned long)
                0x00000000c000c0e2                VAS::mapRange(unsigned long, unsigned long, int, int)
                0x00000000c000c1a8                VAS::mapForeignPage(bool, VAS*, unsigned long, unsigned long, int)
                0x00000000c000c296                VAS::VAS(bool)
                0x00000000c000c296                VAS::VAS(bool)
                0x00000000c000c516                VAS::evict(unsigned long)
                0x00000000c000c5e6                VAS::tryLoadBackOffDisk(unsigned long)
                0x00000000c000c6fa                VAS::scanForEviction()
                0x00000000c000c7d8                mapVASFirstTime
 .text          0x00000000c000c904       0x95 coreobjs/c++.32
                0x00000000c000c904                __cxa_atexit
                0x00000000c000c907                __cxa_finalize
                0x00000000c000c908                __stack_chk_fail
                0x00000000c000c974                __cxa_pure_virtual
                0x00000000c000c985                operator new[](unsigned long)
                0x00000000c000c98a                operator delete(void*, unsigned long)
                0x00000000c000c98f                operator delete[](void*)
                0x00000000c000c994                operator delete[](void*, unsigned long)
 .text          0x00000000c000c999      0x1fc dbg/kconsole.32
                0x00000000c000c999                Dbg::stringifyxWithBase(unsigned int, char*, int)
                0x00000000c000c9f2                Dbg::logc(char)
                0x00000000c000ca12                Dbg::logs(char*)
                0x00000000c000ca2f                Dbg::logWriteInt(unsigned int)
                0x00000000c000ca4c                Dbg::logWriteIntBase(unsigned int, int)
                0x00000000c000ca6b                Dbg::kprintf(char const*, ...)
 *fill*         0x00000000c000cb95        0x1 
 .text          0x00000000c000cb96      0xb82 fs/vfs.32
                0x00000000c000cb96                File::read(unsigned long long, void*, int*)
                0x00000000c000cbee                File::write(unsigned long long, void*, int*)
                0x00000000c000cc46                Directory::read(unsigned long long, void*, int*)
                0x00000000c000cc9e                Directory::write(unsigned long long, void*, int*)
                0x00000000c000cccc                File::isAtty()
                0x00000000c000ccd0                Directory::isAtty()
                0x00000000c000ccd4                Filesystem::getlabel(LogicalDisk*, int, char*, unsigned int*)
                0x00000000c000ccda                Filesystem::setlabel(LogicalDisk*, int, char*)
                0x00000000c000cce0                Filesystem::allocateSwapfile(char const*, int)
                0x00000000c000cce6                File::~File()
                0x00000000c000cce6                File::~File()
                0x00000000c000cd0a                File::~File()
                0x00000000c000cd34                Directory::~Directory()
                0x00000000c000cd34                Directory::~Directory()
                0x00000000c000cd58                Directory::~Directory()
                0x00000000c000cd82                Filesystem::Filesystem()
                0x00000000c000cd82                Filesystem::Filesystem()
                0x00000000c000cda6                Filesystem::~Filesystem()
                0x00000000c000cda6                Filesystem::~Filesystem()
                0x00000000c000cdb4                Filesystem::~Filesystem()
                0x00000000c000cdd8                Fs::getcwd(Process*, char*, int)
                0x00000000c000ce02                Fs::initVFS()
                0x00000000c000ce2c                Fs::standardiseFiles(char*, char const*, char const*)
                0x00000000c000cfd6                File::File(char const*, Process*)
                0x00000000c000cfd6                File::File(char const*, Process*)
                0x00000000c000d03a                File::open(FileOpenMode)
                0x00000000c000d098                File::close()
                0x00000000c000d0f8                File::seek(unsigned long long)
                0x00000000c000d14e                File::tell(unsigned long long*)
                0x00000000c000d19e                File::rewind()
                0x00000000c000d1b2                File::unlink()
                0x00000000c000d1fe                File::rename(char const*)
                0x00000000c000d24c                File::chfatattr(unsigned char, unsigned char)
                0x00000000c000d2a8                File::exists()
                0x00000000c000d2e6                File::stat(unsigned long long*, bool*)
                0x00000000c000d347                Fs::setcwd(Process*, char*)
                0x00000000c000d482                Directory::Directory(char const*, Process*)
                0x00000000c000d482                Directory::Directory(char const*, Process*)
                0x00000000c000d4e6                Directory::open()
                0x00000000c000d542                Directory::close()
                0x00000000c000d5a2                Directory::unlink()
                0x00000000c000d5ee                Directory::rename(char const*)
                0x00000000c000d63c                Directory::exists()
                0x00000000c000d67a                Directory::read(dirent*)
                0x00000000c000d6c6                Directory::create()
                0x00000000c000d712                Filesystem::chfatattr(char const*, unsigned char, unsigned char)
 .text          0x00000000c000d718       0x86 hal/bus.32
                0x00000000c000d718                Bus::Bus(char const*)
                0x00000000c000d718                Bus::Bus(char const*)
                0x00000000c000d750                Bus::~Bus()
                0x00000000c000d750                Bus::~Bus()
                0x00000000c000d774                Bus::~Bus()
 *fill*         0x00000000c000d79e        0x2 
 .text          0x00000000c000d7a0      0x153 hal/buzzer.32
                0x00000000c000d7a0                Buzzer::Buzzer(char const*)
                0x00000000c000d7a0                Buzzer::Buzzer(char const*)
                0x00000000c000d7e4                Buzzer::~Buzzer()
                0x00000000c000d7e4                Buzzer::~Buzzer()
                0x00000000c000d808                Buzzer::~Buzzer()
                0x00000000c000d832                Buzzer::stop()
                0x00000000c000d845                beepThread(void*)
                0x00000000c000d886                Buzzer::beep(int, int, bool)
 *fill*         0x00000000c000d8f3        0x1 
 .text          0x00000000c000d8f4      0x467 hal/clock.32
                0x00000000c000d8f4                User::loadClockSettings(int)
                0x00000000c000d946                Clock::Clock(char const*)
                0x00000000c000d946                Clock::Clock(char const*)
                0x00000000c000d97c                Clock::~Clock()
                0x00000000c000d97c                Clock::~Clock()
                0x00000000c000d9a0                Clock::~Clock()
                0x00000000c000d9ca                Clock::timeInSecondsLocal()
                0x00000000c000da12                Clock::setTimeInSecondsLocal(unsigned long long)
                0x00000000c000da6b                datetimeToSeconds(datetime_t)
                0x00000000c000db92                Clock::setTimeInDatetimeLocal(datetime_t)
                0x00000000c000dbf2                secondsToDatetime(unsigned long long)
                0x00000000c000dd36                Clock::timeInDatetimeLocal()
 *fill*         0x00000000c000dd5b        0x1 
 .text          0x00000000c000dd5c      0x504 hal/device.32
                0x00000000c000dd5c                Device::hibernate()
                0x00000000c000dd5e                Device::wake()
                0x00000000c000dd60                Device::detect()
                0x00000000c000dd62                Device::disableLegacy()
                0x00000000c000dd64                Device::powerSaving(PowerSavingLevel)
                0x00000000c000dd66                DriverlessDevice::close(int, int, void*)
                0x00000000c000dd6a                DriverlessDevice::detect()
                0x00000000c000dd6c                DriverlessDevice::open(int, int, void*)
                0x00000000c000dd80                Device::~Device()
                0x00000000c000dd80                Device::~Device()
                0x00000000c000dd8e                Device::~Device()
                0x00000000c000ddb6                Device::findAndLoadDriver()
                0x00000000c000ddc4                Device::preOpenPCI(PCIDeviceInfo)
                0x00000000c000ddea                Device::preOpenACPI(void*, char*, char*)
                0x00000000c000de2a                Device::addIRQHandler(int, void (*)(regs*, void*), bool, void*)
                0x00000000c000de68                Device::getParent()
                0x00000000c000de74                Device::removeIRQHandler(int, void (*)(regs*, void*), bool)
                0x00000000c000deb2                Device::addChild(Device*)
                0x00000000c000def6                Device::removeAllChildren()
                0x00000000c000df3c                Device::hibernateAll()
                0x00000000c000df6c                Device::wakeAll()
                0x00000000c000df9c                Device::detectAll()
                0x00000000c000dfcc                Device::disableLegacyAll()
                0x00000000c000dffc                Device::loadDriversForAll()
                0x00000000c000e03c                Device::closeAll()
                0x00000000c000e072                Device::powerSavingAll(PowerSavingLevel)
                0x00000000c000e0a8                Device::setName(char const*)
                0x00000000c000e0b6                Device::Device(char const*)
                0x00000000c000e0b6                Device::Device(char const*)
                0x00000000c000e1b2                Device::getName()
                0x00000000c000e1bc                DriverlessDevice::DriverlessDevice(char const*)
                0x00000000c000e1bc                DriverlessDevice::DriverlessDevice(char const*)
                0x00000000c000e1f2                Device::addToLinkedList(LinkedList<Device>&, DeviceType)
                0x00000000c000e236                getDevicesOfType(DeviceType)
 .text          0x00000000c000e260       0x86 hal/diskctrl.32
                0x00000000c000e260                HardDiskController::HardDiskController(char const*)
                0x00000000c000e260                HardDiskController::HardDiskController(char const*)
                0x00000000c000e298                HardDiskController::~HardDiskController()
                0x00000000c000e298                HardDiskController::~HardDiskController()
                0x00000000c000e2bc                HardDiskController::~HardDiskController()
 .text          0x00000000c000e2e6       0xe2 hal/diskphys.32
                0x00000000c000e2e6                PhysicalDisk::eject()
                0x00000000c000e2ea                PhysicalDisk::PhysicalDisk(char const*, int)
                0x00000000c000e2ea                PhysicalDisk::PhysicalDisk(char const*, int)
                0x00000000c000e352                PhysicalDisk::startCache()
                0x00000000c000e37a                PhysicalDisk::~PhysicalDisk()
                0x00000000c000e37a                PhysicalDisk::~PhysicalDisk()
                0x00000000c000e39e                PhysicalDisk::~PhysicalDisk()
 .text          0x00000000c000e3c8      0x147 hal/fpu.32
                0x00000000c000e3c8                FPU::FPU(char const*)
                0x00000000c000e3c8                FPU::FPU(char const*)
                0x00000000c000e400                FPU::~FPU()
                0x00000000c000e400                FPU::~FPU()
                0x00000000c000e424                FPU::~FPU()
                0x00000000c000e44e                setupFPU()
 *fill*         0x00000000c000e50f        0x1 
 .text          0x00000000c000e510     0x11e1 hal/intctrl.32
                0x00000000c000e510                InterruptController::uninstallISRHandler(int, void (*)(regs*, void*))
                0x00000000c000e548                InterruptController::installISRHandler(int, void (*)(regs*, void*), void*)
                0x00000000c000e59a                doubleFault(regs*, void*)
                0x00000000c000e5b4                InterruptController::installIRQHandler(int, void (*)(regs*, void*), bool, void*)
                0x00000000c000e650                InterruptController::clearAllHandlers(int, bool)
                0x00000000c000e6f8                InterruptController::uninstallIRQHandler(int, void (*)(regs*, void*), bool)
                0x00000000c000e77f                nmiHandler(regs*, void*)
                0x00000000c000e78d                int_handler
                0x00000000c000e82e                InterruptController::InterruptController(char const*)
                0x00000000c000e82e                InterruptController::InterruptController(char const*)
                0x00000000c000e8d4                InterruptController::~InterruptController()
                0x00000000c000e8d4                InterruptController::~InterruptController()
                0x00000000c000e8f8                InterruptController::~InterruptController()
                0x00000000c000e922                displayDebugInfo(regs*)
                0x00000000c000edb1                x87EmulHandler(regs*, void*)
                0x00000000c000ee24                gpFault(regs*, void*)
                0x00000000c000ee5d                pgFault(regs*, void*)
                0x00000000c000eeac                otherISRHandler(regs*, void*)
                0x00000000c000eecb                opcodeFault(regs*, void*)
                0x00000000c000f28e                displayProgramFault(char const*)
                0x00000000c000f2b6                setupInterruptController()
                0x00000000c000f6a4                InterruptController::convertLegacyIRQNumber(int)
 *fill*         0x00000000c000f6f1        0x1 
 .text          0x00000000c000f6f2      0x784 hal/keybrd.32
                0x00000000c000f6f2                startGUI(void*)
                0x00000000c000f75e                startGUIVESA(void*)
                0x00000000c000f7ca                sendKeyToTerminal(unsigned char)
                0x00000000c000f888                sendKeyboardToken(KeyboardToken)
                0x00000000c000fcc5                clearInternalKeybuffer(VgaText*)
                0x00000000c000fcfa                readKeyboard(VgaText*, char*, unsigned long)
                0x00000000c000fdec                Keyboard::Keyboard(char const*)
                0x00000000c000fdec                Keyboard::Keyboard(char const*)
                0x00000000c000fe28                Keyboard::~Keyboard()
                0x00000000c000fe28                Keyboard::~Keyboard()
                0x00000000c000fe4c                Keyboard::~Keyboard()
 .text          0x00000000c000fe76      0x3ea hal/logidisk.32
                0x00000000c000fe76                LogicalDisk::close(int, int, void*)
                0x00000000c000fe7a                LogicalDisk::~LogicalDisk()
                0x00000000c000fe7a                LogicalDisk::~LogicalDisk()
                0x00000000c000fe9e                LogicalDisk::~LogicalDisk()
                0x00000000c000fec8                LogicalDisk::open(int, int, void*)
                0x00000000c000fedc                LogicalDisk::absoluteToRelative(unsigned long long)
                0x00000000c000ff14                LogicalDisk::relativeToAbsolute(unsigned long long)
                0x00000000c000ff5a                LogicalDisk::LogicalDisk(char const*, PhysicalDisk*, unsigned long long, unsigned long long)
                0x00000000c000ff5a                LogicalDisk::LogicalDisk(char const*, PhysicalDisk*, unsigned long long, unsigned long long)
                0x00000000c0010010                LogicalDisk::assignDriveLetter()
                0x00000000c00100c6                LogicalDisk::mount()
                0x00000000c001010e                LogicalDisk::unmount()
                0x00000000c001011e                LogicalDisk::eject()
                0x00000000c0010132                LogicalDisk::unassignDriveLetter()
                0x00000000c0010188                LogicalDisk::read(unsigned long long, int, void*)
                0x00000000c00101f4                LogicalDisk::write(unsigned long long, int, void*)
 .text          0x00000000c0010260       0x86 hal/mouse.32
                0x00000000c0010260                Mouse::Mouse(char const*)
                0x00000000c0010260                Mouse::Mouse(char const*)
                0x00000000c0010298                Mouse::~Mouse()
                0x00000000c0010298                Mouse::~Mouse()
                0x00000000c00102bc                Mouse::~Mouse()
 .text          0x00000000c00102e6      0x339 hal/partition.32
                0x00000000c00102e6                makePartition(PhysicalDisk*, unsigned long long, unsigned long long)
                0x00000000c001038e                createPartitionsForDisk(PhysicalDisk*)
 *fill*         0x00000000c001061f        0x1 
 .text          0x00000000c0010620       0x86 hal/serial.32
                0x00000000c0010620                Serial::Serial(char const*)
                0x00000000c0010620                Serial::Serial(char const*)
                0x00000000c0010658                Serial::~Serial()
                0x00000000c0010658                Serial::~Serial()
                0x00000000c001067c                Serial::~Serial()
 *fill*         0x00000000c00106a6        0x2 
 .text          0x00000000c00106a8      0x2f2 hal/timer.32
                0x00000000c00106a8                Timer::Timer(char const*)
                0x00000000c00106a8                Timer::Timer(char const*)
                0x00000000c00106e0                Timer::~Timer()
                0x00000000c00106e0                Timer::~Timer()
                0x00000000c0010704                Timer::~Timer()
                0x00000000c001072e                Timer::read()
                0x00000000c0010739                timerHandler(unsigned int)
                0x00000000c00108a0                setupTimer(int)
 *fill*         0x00000000c001099a        0x2 
 .text          0x00000000c001099c      0x42e hal/vcache.32
                0x00000000c001099c                VCache::VCache(PhysicalDisk*)
                0x00000000c001099c                VCache::VCache(PhysicalDisk*)
                0x00000000c0010b04                VCache::invalidateReadBuffer()
                0x00000000c0010b14                VCache::writeWriteBuffer()
                0x00000000c0010b50                VCache::~VCache()
                0x00000000c0010b50                VCache::~VCache()
                0x00000000c0010ba4                VCache::~VCache()
                0x00000000c0010bcc                VCache::write(unsigned long long, int, void*)
                0x00000000c0010cc6                VCache::read(unsigned long long, int, void*)
 .text          0x00000000c0010dca      0x4b3 hal/video.32
                0x00000000c0010dca                Video::putrect(int, int, int, int, unsigned int)
                0x00000000c0010e16                Video::bitblit(int, int, int, int, int, int, int, unsigned int*)
                0x00000000c0010e86                Video::blit(unsigned int*, int, int, int, int)
                0x00000000c0010f04                Video::clearScreen(unsigned int)
                0x00000000c0010f38                Video::putpixel(int, int, unsigned int)
                0x00000000c0010f46                Video::Video(char const*)
                0x00000000c0010f46                Video::Video(char const*)
                0x00000000c0010f7c                Video::~Video()
                0x00000000c0010f7c                Video::~Video()
                0x00000000c0010fa0                Video::~Video()
                0x00000000c0010fca                Video::isMonochrome()
                0x00000000c0010fd6                Video::getWidth()
                0x00000000c0010fe2                Video::getHeight()
                0x00000000c0010fee                Video::drawCursor(int, int, unsigned char*, int)
                0x00000000c00110aa                Video::tgaParse(unsigned char*, int, int*, int*)
                0x00000000c0011212                Video::putTGA(int, int, unsigned char*, int)
 *fill*         0x00000000c001127d        0x3 
 .text          0x00000000c0011280     0x141b hw/acpi.32
                0x00000000c0011280                ACPI::close(int, int, void*)
                0x00000000c0011334                findRSDP()
                0x00000000c0011408                loadACPITables(unsigned char*)
                0x00000000c001166c                findRSDT(unsigned char*)
                0x00000000c001182c                findDataTable(unsigned char*, char*)
                0x00000000c00118a4                scanMADT()
                0x00000000c0011d80                ACPI::ACPI()
                0x00000000c0011d80                ACPI::ACPI()
                0x00000000c0011de4                ACPI::getPCIIRQAssignment(unsigned char, unsigned short, unsigned char)
                0x00000000c0011ecc                ACPI::registerPCIIRQAssignment(void*, unsigned short, unsigned char, unsigned char)
                0x00000000c0011f94                ACPI::setScreenBrightnessLevel(void*, int)
                0x00000000c0011f9c                ACPI::detectPCI()
                0x00000000c00121b4                ACPI::writeSimpleBootFlag(SimpleBootFlagTable*)
                0x00000000c00121fc                ACPI::sleep()
                0x00000000c0012218                ACPI::open(int, int, void*)
 *fill*         0x00000000c001269b        0x1 
 .text          0x00000000c001269c     0x1583 hw/cpu.32
                0x00000000c001269c                CPU::close(int, int, void*)
                0x00000000c00126a0                CPU::lookupAMDName(unsigned char, unsigned char)
                0x00000000c0012834                CPU::lookupIntelName(unsigned char, unsigned char)
                0x00000000c0012ae2                CPU::AMD_K6_write_msr(unsigned int, unsigned int, unsigned int, CPU::REGS*)
                0x00000000c0012afe                CPU::AMD_K6_read_msr(unsigned int, CPU::REGS*)
                0x00000000c0012b16                CPU::AMD_K6_writeback(int, int, int)
                0x00000000c0012b8a                CPU::cpuid(int, unsigned long*, unsigned long*, unsigned long*, unsigned long*)
                0x00000000c0012c0e                CPU::cpuidCheckEDX(unsigned int)
                0x00000000c0012c3c                CPU::cpuidCheckECX(unsigned int)
                0x00000000c0012c6a                CPU::cpuidCheckExtendedEBX(unsigned int)
                0x00000000c0012c98                CPU::cpuidCheckExtendedECX(unsigned int)
                0x00000000c0012cc6                CPU::CPU()
                0x00000000c0012cc6                CPU::CPU()
                0x00000000c0012d54                CPU::displayFeatures()
                0x00000000c0012d56                CPU::detectFeatures()
                0x00000000c0013748                CPU::setupSMEP()
                0x00000000c0013754                CPU::setupUMIP()
                0x00000000c001375e                CPU::setupTSC()
                0x00000000c0013768                CPU::setupLargePages()
                0x00000000c0013772                CPU::setupPAT()
                0x00000000c00137ae                CPU::setupMTRR()
                0x00000000c00137b0                CPU::setupGlobalPages()
                0x00000000c00137ba                CPU::allowUsermodeDataAccess()
                0x00000000c00137cc                CPU::prohibitUsermodeDataAccess()
                0x00000000c00137de                CPU::setupSMAP()
                0x00000000c00137ec                CPU::setupFeatures()
                0x00000000c00138b8                CPU::open(int, int, void*)
                0x00000000c0013a24                CPU::decodeAddress(regs*, int*, bool*, unsigned char*)
 .text          0x00000000c0013c1f        0x0 hw/ports.32
 .text          0x00000000c0013c1f      0x16a hw/smp.32
                0x00000000c0013c1f                Krnl::smpEntry()
                0x00000000c0013c21                Krnl::startCPU(int)
                0x00000000c0013d6a                Krnl::startCPUs()
 *fill*         0x00000000c0013d89        0x1 
 .text          0x00000000c0013d8a      0x581 krnl/env.32
                0x00000000c0013d8a                EnvVarContainer::getEnv(char const*)
                0x00000000c0013dc8                EnvVarContainer::setEnv(char const*, char const*)
                0x00000000c0013e8a                EnvVarContainer::deleteEnv(char const*)
                0x00000000c0013e8c                EnvVarContainer::loadFrom(char const*, char const*)
                0x00000000c0014072                EnvVarContainer::__loadSystem()
                0x00000000c001408c                EnvVarContainer::__loadUser()
                0x00000000c001408e                EnvVarContainer::EnvVarContainer(Process*)
                0x00000000c001408e                EnvVarContainer::EnvVarContainer(Process*)
                0x00000000c00140b0                EnvVarContainer::~EnvVarContainer()
                0x00000000c00140b0                EnvVarContainer::~EnvVarContainer()
                0x00000000c00140e0                Krnl::getEnv(Process*, char const*)
                0x00000000c0014145                Krnl::setEnvSystem(char const*, char const*)
                0x00000000c001415f                Krnl::setEnvUser(char const*, char const*)
                0x00000000c001417e                Krnl::setEnvProcess(Process*, char const*, char const*)
                0x00000000c0014191                Krnl::deleteEnvSystem(char const*)
                0x00000000c0014192                Krnl::deleteEnvUser(char const*)
                0x00000000c0014193                Krnl::deleteEnvProcess(Process*, char const*)
                0x00000000c0014194                Krnl::newProcessEnv(Process*)
                0x00000000c00141b6                Krnl::copyProcessEnv(Process*, Process*)
                0x00000000c0014202                Krnl::loadSystemEnv()
                0x00000000c0014230                Krnl::loadUserEnv()
                0x00000000c0014256                Krnl::flushEnv()
                0x00000000c0014257                Krnl::getProcessTotalEnvCount(Process*)
                0x00000000c0014277                Krnl::getProcessEnvPair(Process*, int)
 .text          0x00000000c001430b      0x39c krnl/panic.32
                0x00000000c001430b                Krnl::panic(char const*)
 *fill*         0x00000000c00146a7        0x1 
 .text          0x00000000c00146a8      0x5a0 net/ethernet.32
                0x00000000c00146a8                Net::switchEndian16(unsigned short)
                0x00000000c00146cc                Net::switchEndian32(unsigned int)
                0x00000000c00146fc                Net::crc32Calc(unsigned char*, int)
                0x00000000c00147a0                Net::wrapEthernetFrame(Net::UnwrappedEthernetFrame, unsigned char*)
                0x00000000c00149bc                Net::unwrapEthernetFrame(unsigned char*, int)
 .text          0x00000000c0014c48      0x50e reg/registry.32
                0x00000000c0014c48                Reg::findLineFromLoadedData(char*, char*, char*)
                0x00000000c0014da0                Reg::getLineFromRegistry(char*, char*, char*, char*)
                0x00000000c0014ef5                Reg::getLine(char*, char*, char*)
                0x00000000c0014f2c                Reg::readInt(char*, char*, int*)
                0x00000000c0015017                Reg::readString(char*, char*, char*, int)
                0x00000000c0015098                Reg::readBool(char*, char*, bool*)
                0x00000000c00150bd                Reg::readBoolWithDefault(char*, char*, bool)
                0x00000000c00150e9                Reg::readIntWithDefault(char*, char*, int)
                0x00000000c0015115                Reg::readStringWithDefault(char*, char*, char*, int, char*)
 .text          0x00000000c0015156       0x36 sys/sc_eject.32
                0x00000000c0015156                Sys::eject(regs*)
 .text          0x00000000c001518c       0x18 sys/sc_exit.32
                0x00000000c001518c                Sys::exit(regs*)
 .text          0x00000000c00151a4       0x1f sys/sc_getcwd.32
                0x00000000c00151a4                Sys::getCwd(regs*)
 .text          0x00000000c00151c3        0xc sys/sc_getpid.32
                0x00000000c00151c3                Sys::getPID(regs*)
 .text          0x00000000c00151cf       0x1a sys/sc_getramdata.32
                0x00000000c00151cf                Sys::getRAMData(regs*)
 .text          0x00000000c00151e9       0x84 sys/sc_getvgaptr.32
                0x00000000c00151e9                Sys::getVGAPtr(regs*)
 .text          0x00000000c001526d       0xa8 sys/sc_loaddll.32
                0x00000000c001526d                Sys::loadDLL(regs*)
 .text          0x00000000c0015315       0x68 sys/sc_read.32
                0x00000000c0015315                Sys::read(regs*)
 .text          0x00000000c001537d       0x55 sys/sc_sbrk.32
                0x00000000c001537d                Sys::sbrk(regs*)
 .text          0x00000000c00153d2       0x1c sys/sc_setcwd.32
                0x00000000c00153d2                Sys::setCwd(regs*)
 .text          0x00000000c00153ee       0x95 sys/sc_settime.32
                0x00000000c00153ee                Sys::setTime(regs*)
 .text          0x00000000c0015483       0x4a sys/sc_timezone.32
                0x00000000c0015483                Sys::timezone(regs*)
 .text          0x00000000c00154cd       0x68 sys/sc_write.32
                0x00000000c00154cd                Sys::write(regs*)
 .text          0x00000000c0015535       0x62 sys/sc_wsbe.32
                0x00000000c0015535                Sys::wsbe(regs*)
 .text          0x00000000c0015597       0x38 sys/sc_yield.32
                0x00000000c0015597                Sys::yield(regs*)
 .text          0x00000000c00155cf      0xf8e sys/syscalls.32
                0x00000000c00155cf                sysCallSeekDir(regs*)
                0x00000000c00155d4                sysCallTellDir(regs*)
                0x00000000c00155d9                sysCallVerify(regs*)
                0x00000000c00155e3                sysCallGetArgc(regs*)
                0x00000000c00155f3                sysFormatDisk(regs*)
                0x00000000c001565d                sysSetDiskVolumeLabel(regs*)
                0x00000000c00156a7                sysGetDiskVolumeLabel(regs*)
                0x00000000c00156fc                sysShutdown(regs*)
                0x00000000c001575a                sysCallRealpath(regs*)
                0x00000000c001579d                sysCallReadDir(regs*)
                0x00000000c001581c                sysCallIsATTY(regs*)
                0x00000000c0015876                sysCallSeek(regs*)
                0x00000000c00158cd                sysCallTell(regs*)
                0x00000000c0015939                sysCallSize(regs*)
                0x00000000c00159ab                sysCallSizeFromFilename(regs*)
                0x00000000c0015a5a                sysCallClose(regs*)
                0x00000000c0015aba                sysCallOpenDir(regs*)
                0x00000000c0015b2f                sysCallCloseDir(regs*)
                0x00000000c0015b83                sysCallMakeDir(regs*)
                0x00000000c0015bf3                sysCallWait(regs*)
                0x00000000c0015c0d                sysCallNotImpl(regs*)
                0x00000000c0015c28                sysPanic(regs*)
                0x00000000c0015c42                sysCallRmdir(regs*)
                0x00000000c0015ca6                sysCallUnlink(regs*)
                0x00000000c0015d0a                sysCallGetArgv(regs*)
                0x00000000c0015d56                sysCallTTYName(regs*)
                0x00000000c0015dd9                sysCallUSleep(regs*)
                0x00000000c0015e02                sysCallSpawn(regs*)
                0x00000000c0015e6a                sysCallGetEnv(regs*)
                0x00000000c0015f17                sysAppSettings(regs*)
                0x00000000c001602b                sysSetFatAttrib(regs*)
                0x00000000c001609d                sysPipe(regs*)
                0x00000000c00160e2                sysGetUnixTime(regs*)
                0x00000000c00160f6                string_ends_with(char const*, char const*)
                0x00000000c001613e                sysCallOpen(regs*)
                0x00000000c0016326                Sys::loadSyscalls()
                0x00000000c001651b                Sys::systemCall(regs*, void*)
 .text          0x00000000c001655d     0x1203 thr/elf.32
                0x00000000c001655d                Thr::allocateMemoryForTask(Process*, File*, unsigned long, unsigned long, unsigned long)
                0x00000000c0016807                Thr::loadProgramIntoMemory(Process*, char const*)
                0x00000000c0016a1d                Thr::runtimeReferenceHelper()
                0x00000000c0016a30                Thr::getAddressOfKernelSymbol(char const*)
                0x00000000c0016a7f                Thr::loadKernelSymbolTable(char const*)
                0x00000000c0016d3d                Thr::loadDriverIntoMemory(char const*, unsigned long, bool)
                0x00000000c0017473                Thr::getDriverBaseFromAddress(unsigned long)
                0x00000000c00174a5                Thr::getDriverNameFromAddress(unsigned long)
                0x00000000c00174dc                Thr::getDriverOffsetFromAddress(unsigned long)
                0x00000000c00174f6                Thr::loadDLL(char const*, bool)
                0x00000000c0017727                Thr::executeDLL(unsigned long, void*)
 .text          0x00000000c0017760     0x12a9 thr/prcssthr.32
                0x00000000c0017760                userModeEntryPoint(void*)
                0x00000000c0017788                changeTSS
                0x00000000c00177b8                switchToThread(ThreadControlBlock*)
                0x00000000c001786c                Process::addArgs(char**)
                0x00000000c00178cc                Process::Process(char const*, Process*, char**)
                0x00000000c00178cc                Process::Process(char const*, Process*, char**)
                0x00000000c0017ab8                Process::Process(bool, char const*, Process*, char**)
                0x00000000c0017ab8                Process::Process(bool, char const*, Process*, char**)
                0x00000000c0017c70                taskStartupFunction
                0x00000000c0017c7c                Semaphore::Semaphore(int)
                0x00000000c0017c7c                Semaphore::Semaphore(int)
                0x00000000c0017cac                Mutex::Mutex()
                0x00000000c0017cac                Mutex::Mutex()
                0x00000000c0017cc0                Process::createThread(void (*)(void*), void*, int)
                0x00000000c0017db8                Process::createUserThread()
                0x00000000c0017dd4                setupMultitasking(void (*)())
                0x00000000c0017edc                schedule()
                0x00000000c0017f68                Semaphore::tryAcquire()
                0x00000000c0018034                Semaphore::assertLocked(char const*)
                0x00000000c00180ac                blockTaskWithSchedulerLockAlreadyHeld(TaskState)
                0x00000000c00180d4                blockTask(TaskState)
                0x00000000c0018104                waitTask(int, int*, int)
                0x00000000c0018148                milliTenthSleepUntil(unsigned int)
                0x00000000c00181d4                milliTenthSleep(unsigned int)
                0x00000000c00181e4                sleep(unsigned int)
                0x00000000c0018200                Semaphore::acquire()
                0x00000000c00182bc                taskReturned
                0x00000000c00182f8                Thr::processFromPID(int)
                0x00000000c0018398                unblockTask(ThreadControlBlock*)
                0x00000000c001843c                cleanupTerminatedTask(ThreadControlBlock*)
                0x00000000c0018704                cleanerTaskFunction(void*)
                0x00000000c00187f4                terminateTask(int)
                0x00000000c00188c0                Thr::terminateFromIRQ(int)
                0x00000000c00188cc                Semaphore::release()
 .text          0x00000000c0018a09      0xada vm86/vm8086.32
                0x00000000c0018a09                Vm::inbv(unsigned short)
                0x00000000c0018a1c                Vm::outbv(unsigned short, unsigned char)
                0x00000000c0018a52                Vm::realToLinear(unsigned short, unsigned short)
                0x00000000c0018a62                Vm::getSegment(unsigned int)
                0x00000000c0018a6a                Vm::getOffset(unsigned int)
                0x00000000c0018a6f                Vm::mainloop2()
                0x00000000c0018aa9                Vm::mainVm8086Loop(void*)
                0x00000000c0018ab9                Vm::mainloop3(unsigned long)
                0x00000000c0018adf                Vm::initialise8086()
                0x00000000c0018b22                Vm::finish8086()
                0x00000000c0018b83                Vm::getOutput8086(unsigned char*)
                0x00000000c0018ba8                Vm::start8086(char const*, unsigned short, unsigned short, unsigned short, unsigned short)
                0x00000000c0018d10                Vm::doISR(regs*, int, unsigned char*, unsigned short, unsigned short)
                0x00000000c0018d9a                Vm::readByteFromReal(unsigned short, unsigned short)
                0x00000000c0018dab                Vm::readWordFromReal(unsigned short, unsigned short)
                0x00000000c0018dbd                Vm::readDwordFromReal(unsigned short, unsigned short)
                0x00000000c0018dce                Vm::writeByteFromReal(unsigned short, unsigned short, unsigned char)
                0x00000000c0018de3                Vm::writeWordFromReal(unsigned short, unsigned short, unsigned short)
                0x00000000c0018df9                Vm::writeDwordFromReal(unsigned short, unsigned short, unsigned int)
                0x00000000c0018e0e                Vm::faultHandler(regs*)
 *fill*         0x00000000c00194e3        0x1 
 .text          0x00000000c00194e4      0xfcd vm86/x87em.32
                0x00000000c00194e4                Vm::fpuInternalTo32(unsigned long long)
                0x00000000c0019542                Vm::fpuInternalTo64(unsigned long long)
                0x00000000c001954b                Vm::fpu32ToInternal(unsigned int)
                0x00000000c0019590                Vm::fpu64ToInternal(unsigned long long)
                0x00000000c0019599                Vm::fpuFloatToLong(unsigned long long)
                0x00000000c00195f8                Vm::fpuULongToFloat(unsigned long long)
                0x00000000c0019634                Vm::fpuLongToFloat(long long)
                0x00000000c0019693                Vm::fpuGet0()
                0x00000000c0019698                Vm::fpuGet1()
                0x00000000c00196a0                Vm::fpuGetPi()
                0x00000000c00196a8                Vm::fpuGetLog2E()
                0x00000000c00196c0                Vm::fpuGetLogE2()
                0x00000000c00196d8                Vm::fpuGetLog210()
                0x00000000c00196f0                Vm::fpuGetLog102()
                0x00000000c0019708                Vm::fpuIsSecondLarger(unsigned long long, unsigned long long)
                0x00000000c001971c                Vm::fpuAreEqual(unsigned long long, unsigned long long)
                0x00000000c0019732                Vm::fpuUnorderedCompare(unsigned long long, unsigned long long)
                0x00000000c0019788                Vm::fpuAdd(unsigned long long, unsigned long long)
                0x00000000c0019799                Vm::fpuAbs(unsigned long long)
                0x00000000c00197a2                Vm::fpuChs(unsigned long long)
                0x00000000c00197b2                Vm::fpuSub(unsigned long long, unsigned long long)
                0x00000000c00197c1                Vm::fpuMultiply(unsigned long long, unsigned long long)
                0x00000000c00197e0                Vm::fpuDivide(unsigned long long, unsigned long long)
                0x00000000c00197fc                Vm::fpuSquare(unsigned long long)
                0x00000000c0019812                Vm::fpuGetReg(int)
                0x00000000c0019855                Vm::fpuSetReg(int, unsigned long long)
                0x00000000c00198a1                Vm::fpuPush(unsigned long long)
                0x00000000c00198ff                Vm::fpuPop()
                0x00000000c0019952                Vm::x87Handler(regs*)
 *fill*         0x00000000c001a4b1        0x3 
 .text          0x00000000c001a4b4     0x13b7 fs/fat/vfslink.32
                0x00000000c001a4b4                FAT::getName()
                0x00000000c001a4bc                FAT::tell(void*, unsigned long long*)
                0x00000000c001a4f8                FAT::stat(void*, unsigned long long*)
                0x00000000c001a534                FAT::~FAT()
                0x00000000c001a534                FAT::~FAT()
                0x00000000c001a558                FAT::~FAT()
                0x00000000c001a580                FAT::getlabel(LogicalDisk*, int, char*, unsigned int*)
                0x00000000c001a624                FAT::setlabel(LogicalDisk*, int, char*)
                0x00000000c001a6e8                FAT::format(LogicalDisk*, int, char const*, int)
                0x00000000c001a8bc                FAT::tryMount(LogicalDisk*, int)
                0x00000000c001aad4                FAT::allocateSwapfile(char const*, int)
                0x00000000c001ac90                FAT::readDir(void*, unsigned long, void*, int*)
                0x00000000c001adfc                FAT::read(void*, unsigned long, void*, int*)
                0x00000000c001ae5c                FAT::write(void*, unsigned long, void*, int*)
                0x00000000c001aebc                FAT::close(void*)
                0x00000000c001af10                FAT::closeDir(void*)
                0x00000000c001af64                FAT::seek(void*, unsigned long long)
                0x00000000c001afc0                fatWrapperReadDisk
                0x00000000c001b008                fatWrapperWriteDisk
                0x00000000c001b050                fatWrapperIoctl
                0x00000000c001b160                FAT::FAT()
                0x00000000c001b160                FAT::FAT()
                0x00000000c001b1b4                FAT::fixFilepath(char*)
                0x00000000c001b1f0                FAT::open(char const*, void**, FileOpenMode)
                0x00000000c001b324                FAT::openDir(char const*, void**)
                0x00000000c001b3d4                FAT::stat(char const*, unsigned long long*, bool*)
                0x00000000c001b4c8                FAT::unlink(char const*)
                0x00000000c001b548                FAT::chfatattr(char const*, unsigned char, unsigned char)
                0x00000000c001b6b0                FAT::rename(char const*, char const*)
                0x00000000c001b77c                FAT::mkdir(char const*)
                0x00000000c001b7fc                FAT::exists(char const*)
 *fill*         0x00000000c001b86b        0x1 
 .text          0x00000000c001b86c      0xb75 fs/iso9660/vfslink.32
                0x00000000c001b86c                ISO9660::format(LogicalDisk*, int, char const*, int)
                0x00000000c001b872                ISO9660::seek(void*, unsigned long long)
                0x00000000c001b8a2                ISO9660::tell(void*, unsigned long long*)
                0x00000000c001b8c6                ISO9660::getName()
                0x00000000c001b8cc                ISO9660::stat(void*, unsigned long long*)
                0x00000000c001b8f0                ISO9660::chfatattr(char const*, unsigned char, unsigned char)
                0x00000000c001b8f6                ISO9660::unlink(char const*)
                0x00000000c001b8fc                ISO9660::write(void*, unsigned long, void*, int*)
                0x00000000c001b902                ISO9660::rename(char const*, char const*)
                0x00000000c001b908                ISO9660::mkdir(char const*)
                0x00000000c001b90e                ISO9660::close(void*)
                0x00000000c001b930                ISO9660::closeDir(void*)
                0x00000000c001b952                ISO9660::~ISO9660()
                0x00000000c001b952                ISO9660::~ISO9660()
                0x00000000c001b976                ISO9660::~ISO9660()
                0x00000000c001b99d                __memmem(unsigned char*, int, unsigned char*, int)
                0x00000000c001b9df                readSectorFromCDROM(unsigned int, unsigned char*, char)
                0x00000000c001ba3a                ISO9660::tryMount(LogicalDisk*, int)
                0x00000000c001ba8a                ISO9660::read(void*, unsigned long, void*, int*)
                0x00000000c001bc8e                ISO9660::readDir(void*, unsigned long, void*, int*)
                0x00000000c001bf08                readRoot(unsigned int*, unsigned int*, char)
                0x00000000c001bf5c                readRecursively(char*, unsigned int, unsigned int, unsigned int*, unsigned int*, char, int*)
                0x00000000c001c12f                getFileData(char*, unsigned int*, unsigned int*, char, int*)
                0x00000000c001c1be                ISO9660::open(char const*, void**, FileOpenMode)
                0x00000000c001c26c                ISO9660::exists(char const*)
                0x00000000c001c290                ISO9660::stat(char const*, unsigned long long*, bool*)
                0x00000000c001c324                ISO9660::openDir(char const*, void**)
                0x00000000c001c3be                ISO9660::ISO9660()
                0x00000000c001c3be                ISO9660::ISO9660()
 *fill*         0x00000000c001c3e1        0x1 
 .text          0x00000000c001c3e2      0x298 hal/sound/sndcard.32
                0x00000000c001c3e2                SoundCard::beginPlayback()
                0x00000000c001c3f0                SoundCard::stopPlayback()
                0x00000000c001c3fe                SoundCard::SoundCard(char const*)
                0x00000000c001c3fe                SoundCard::SoundCard(char const*)
                0x00000000c001c49c                SoundCard::~SoundCard()
                0x00000000c001c49c                SoundCard::~SoundCard()
                0x00000000c001c4c0                SoundCard::~SoundCard()
                0x00000000c001c4ea                SoundCard::configureRates(int, int, int)
                0x00000000c001c51a                SoundCard::getSamples16(int, short*)
                0x00000000c001c584                SoundCard::getSamples32(int, int*)
                0x00000000c001c60a                SoundCard::addChannel(SoundPort*)
                0x00000000c001c666                SoundCard::removeChannel(int)
 *fill*         0x00000000c001c67a        0x2 
 .text          0x00000000c001c67c      0x3fb hal/sound/sndport.32
                0x00000000c001c67c                SoundPort::SoundPort(int, int, int, int)
                0x00000000c001c67c                SoundPort::SoundPort(int, int, int, int)
                0x00000000c001c708                SoundPort::~SoundPort()
                0x00000000c001c708                SoundPort::~SoundPort()
                0x00000000c001c73c                SoundPort::unpause()
                0x00000000c001c748                SoundPort::pause()
                0x00000000c001c754                SoundPort::getBufferUsed()
                0x00000000c001c75c                SoundPort::getBufferSize()
                0x00000000c001c764                SoundPort::buffer16(short*, int)
                0x00000000c001c818                SoundPort::buffer32(int*, int)
                0x00000000c001c8c4                SoundPort::unbufferAndAdd16(int, short*, SoundCard*)
                0x00000000c001c9c0                SoundPort::unbufferAndAdd32(int, int*, SoundCard*)
 .text          0x00000000c001ca77        0x0 hw/bus/isa.32
 *fill*         0x00000000c001ca77        0x1 
 .text          0x00000000c001ca78      0xb87 hw/bus/pci.32
                0x00000000c001ca78                PCI::open(int, int, void*)
                0x00000000c001ca96                PCI::close(int, int, void*)
                0x00000000c001ca9a                PCI::PCI()
                0x00000000c001ca9a                PCI::PCI()
                0x00000000c001cb30                PCI::readBAR8(unsigned int, int)
                0x00000000c001cb4c                PCI::readBAR16(unsigned int, int)
                0x00000000c001cb6a                PCI::readBAR32(unsigned int, int)
                0x00000000c001cb86                PCI::writeBAR8(unsigned int, unsigned char, int)
                0x00000000c001cba6                PCI::writeBAR16(unsigned int, unsigned short, int)
                0x00000000c001cbc8                PCI::writeBAR32(unsigned int, unsigned int, int)
                0x00000000c001cbe8                PCI::legacyMechanism(unsigned char, unsigned char, unsigned char, unsigned char)
                0x00000000c001cc56                PCI::pciReadWord(unsigned char, unsigned char, unsigned char, unsigned char)
                0x00000000c001ccfe                PCI::getVendorID(unsigned char, unsigned char, unsigned char)
                0x00000000c001cd22                PCI::getHeaderType(unsigned char, unsigned char, unsigned char)
                0x00000000c001cd4a                PCI::getClassCode(unsigned char, unsigned char, unsigned char)
                0x00000000c001cd94                PCI::getProgIF(unsigned char, unsigned char, unsigned char)
                0x00000000c001cdbc                PCI::getRevisionID(unsigned char, unsigned char, unsigned char)
                0x00000000c001cde0                PCI::getInterruptNumber(unsigned char, unsigned char, unsigned char)
                0x00000000c001ce04                PCI::getSecondaryBus(unsigned char, unsigned char, unsigned char)
                0x00000000c001ce2c                PCI::getBARAddress(unsigned char, unsigned char, unsigned char, unsigned char)
                0x00000000c001ce90                PCI::pciWriteWord(unsigned char, unsigned char, unsigned char, unsigned char, unsigned short)
                0x00000000c001cf78                PCI::pciDetailsToFilepath(PCIDeviceInfo, char*)
                0x00000000c001d1f2                PCI::checkBus(unsigned char)
                0x00000000c001d216                PCI::foundDevice(PCIDeviceInfo)
                0x00000000c001d388                PCI::getDeviceData(unsigned char, unsigned char, unsigned char)
                0x00000000c001d540                PCI::checkDevice(unsigned char, unsigned char)
                0x00000000c001d5ac                PCI::detect()
 *fill*         0x00000000c001d5ff        0x1 
 .text          0x00000000c001d600      0xb4a hw/diskctrl/ide.32
                0x00000000c001d600                IDE::close(int, int, void*)
                0x00000000c001d604                IDE::IDE()
                0x00000000c001d604                IDE::IDE()
                0x00000000c001d638                IDE::prepareInterrupt(unsigned char)
                0x00000000c001d64a                selectDrive(unsigned char, unsigned char)
                0x00000000c001d64c                IDE::getBase(unsigned char)
                0x00000000c001d65e                IDE::write(unsigned char, unsigned char, unsigned char)
                0x00000000c001d71e                IDE::read(unsigned char, unsigned char)
                0x00000000c001d7cc                IDE::waitInterrupt(unsigned char)
                0x00000000c001d82e                ideChannel0IRQHandler(regs*, void*)
                0x00000000c001d84a                ideChannel1IRQHandler(regs*, void*)
                0x00000000c001d866                IDE::enableIRQs(unsigned char, bool)
                0x00000000c001d8ac                IDE::open(int, int, void*)
                0x00000000c001dcba                IDE::readBuffer(unsigned char, unsigned char, unsigned int, unsigned int)
                0x00000000c001dd86                IDE::detect()
                0x00000000c001e046                IDE::printError(unsigned char, unsigned char, unsigned char)
                0x00000000c001e0f6                IDE::polling(unsigned char, unsigned int)
 .text          0x00000000c001e14a      0x336 hw/diskctrl/satabus.32
                0x00000000c001e14a                SATABus::close(int, int, void*)
                0x00000000c001e14e                SATABus::detect()
                0x00000000c001e150                SATABus::SATABus()
                0x00000000c001e150                SATABus::SATABus()
                0x00000000c001e1d6                SATABus::findCmdslot(SATABus::tagHBA_PORT volatile*)
                0x00000000c001e21e                SATABus::checkType(SATABus::tagHBA_PORT volatile*)
                0x00000000c001e266                SATABus::startCmd(SATABus::tagHBA_PORT volatile*)
                0x00000000c001e286                SATABus::stopCmd(SATABus::tagHBA_PORT volatile*)
                0x00000000c001e2b0                SATABus::portRebase(SATABus::tagHBA_PORT volatile*, int)
                0x00000000c001e3b6                SATABus::probePort(SATABus::tagHBA_MEM volatile*)
                0x00000000c001e460                SATABus::open(int, int, void*)
 .text          0x00000000c001e480      0x684 hw/diskphys/ata.32
                0x00000000c001e480                ATA::close(int, int, void*)
                0x00000000c001e4a4                ATA::powerSaving(PowerSavingLevel)
                0x00000000c001e4a6                ATA::ATA()
                0x00000000c001e4a6                ATA::ATA()
                0x00000000c001e4d4                ATA::flush(bool)
                0x00000000c001e51e                ATA::readyForCommand()
                0x00000000c001e56a                ATA::access(unsigned long long, int, void*, bool)
                0x00000000c001e960                ATA::read(unsigned long long, int, void*)
                0x00000000c001e9ac                ATA::write(unsigned long long, int, void*)
                0x00000000c001ea0e                ATA::detectCHS()
                0x00000000c001ea38                ATA::open(int, int, void*)
 .text          0x00000000c001eb04      0x5b9 hw/diskphys/atapi.32
                0x00000000c001eb04                ATAPI::write(unsigned long long, int, void*)
                0x00000000c001eb0a                ATAPI::close(int, int, void*)
                0x00000000c001eb2e                ATAPI::ATAPI()
                0x00000000c001eb2e                ATAPI::ATAPI()
                0x00000000c001eb5c                ATAPI::readyForCommand()
                0x00000000c001eba8                ATAPI::sendPacket(unsigned char*, int, bool, unsigned short*, int)
                0x00000000c001ee68                ATAPI::diskRemoved()
                0x00000000c001ee84                ATAPI::eject()
                0x00000000c001eecc                ATAPI::diskInserted()
                0x00000000c001eefa                ATAPI::detectMedia()
                0x00000000c001efb6                ATAPI::open(int, int, void*)
                0x00000000c001f03e                ATAPI::read(unsigned long long, int, void*)
 *fill*         0x00000000c001f0bd        0x1 
 .text          0x00000000c001f0be      0x41c hw/diskphys/sata.32
                0x00000000c001f0be                SATA::close(int, int, void*)
                0x00000000c001f0e2                SATA::powerSaving(PowerSavingLevel)
                0x00000000c001f0e4                SATA::open(int, int, void*)
                0x00000000c001f18e                SATA::SATA()
                0x00000000c001f18e                SATA::SATA()
                0x00000000c001f1bc                SATA::access(unsigned long long, int, void*, bool)
                0x00000000c001f422                SATA::read(unsigned long long, int, void*)
                0x00000000c001f46e                SATA::write(unsigned long long, int, void*)
 .text          0x00000000c001f4da      0x4fe hw/diskphys/satapi.32
                0x00000000c001f4da                SATAPI::write(unsigned long long, int, void*)
                0x00000000c001f4e0                SATAPI::close(int, int, void*)
                0x00000000c001f504                SATAPI::SATAPI()
                0x00000000c001f504                SATAPI::SATAPI()
                0x00000000c001f532                SATAPI::diskRemoved()
                0x00000000c001f54e                SATAPI::diskInserted()
                0x00000000c001f57c                SATAPI::sendPacket(unsigned char*, int, unsigned long long, unsigned short*, int)
                0x00000000c001f784                SATAPI::eject()
                0x00000000c001f7cc                SATAPI::detectMedia()
                0x00000000c001f88e                SATAPI::open(int, int, void*)
                0x00000000c001f936                SATAPI::read(unsigned long long, int, void*)
 .text          0x00000000c001f9d8       0x94 hw/fpu/avx.32
                0x00000000c001f9d8                AVX::open(int, int, void*)
                0x00000000c001f9ec                AVX::close(int, int, void*)
                0x00000000c001fa00                AVX::available()
                0x00000000c001fa14                AVX::save(void*)
                0x00000000c001fa2c                AVX::load(void*)
                0x00000000c001fa44                AVX::AVX()
                0x00000000c001fa44                AVX::AVX()
 .text          0x00000000c001fa6c       0x94 hw/fpu/mmx.32
                0x00000000c001fa6c                MMX::available()
                0x00000000c001fa80                MMX::open(int, int, void*)
                0x00000000c001fa94                MMX::close(int, int, void*)
                0x00000000c001faa8                MMX::save(void*)
                0x00000000c001fac0                MMX::load(void*)
                0x00000000c001fad8                MMX::MMX()
                0x00000000c001fad8                MMX::MMX()
 .text          0x00000000c001fb00       0x9c hw/fpu/sse.32
                0x00000000c001fb00                SSE::open(int, int, void*)
                0x00000000c001fb14                SSE::close(int, int, void*)
                0x00000000c001fb28                SSE::available()
                0x00000000c001fb44                SSE::save(void*)
                0x00000000c001fb5c                SSE::load(void*)
                0x00000000c001fb74                SSE::SSE()
                0x00000000c001fb74                SSE::SSE()
 .text          0x00000000c001fb9c       0x94 hw/fpu/x87.32
                0x00000000c001fb9c                x87::open(int, int, void*)
                0x00000000c001fbb0                x87::close(int, int, void*)
                0x00000000c001fbc4                x87::available()
                0x00000000c001fbd8                x87::save(void*)
                0x00000000c001fbf0                x87::load(void*)
                0x00000000c001fc08                x87::x87()
                0x00000000c001fc08                x87::x87()
 .text          0x00000000c001fc30      0x71e hw/intctrl/apic.32
                0x00000000c001fc30                APIC::disable()
                0x00000000c001fc32                APIC::close(int, int, void*)
                0x00000000c001fc54                IOAPIC::close(int, int, void*)
                0x00000000c001fc5a                APIC::io_wait()
                0x00000000c001fc60                APIC::getBase()
                0x00000000c001fca2                APIC::eoi(unsigned char)
                0x00000000c001fcd0                APIC::open(int, int, void*)
                0x00000000c001fe1e                IOAPIC::IOAPIC()
                0x00000000c001fe1e                IOAPIC::IOAPIC()
                0x00000000c001fe46                APIC::APIC()
                0x00000000c001fe46                APIC::APIC()
                0x00000000c001ff22                IOAPIC::handlesGSIWithNumber(unsigned int)
                0x00000000c001ff54                IOAPIC::read(int)
                0x00000000c001ff7c                IOAPIC::open(int, int, void*)
                0x00000000c0020072                IOAPIC::write(int, int)
                0x00000000c002009e                IOAPIC::redirect(unsigned char, unsigned long long, unsigned char, bool, bool)
                0x00000000c0020198                APIC::installIRQHandler(int, void (*)(regs*, void*), bool, void*)
 .text          0x00000000c002034e      0x3d3 hw/intctrl/pic.32
                0x00000000c002034e                PIC::disable()
                0x00000000c002037c                PIC::close(int, int, void*)
                0x00000000c002039e                PIC::PIC()
                0x00000000c002039e                PIC::PIC()
                0x00000000c0020474                PIC::ioWait()
                0x00000000c002047a                PIC::getIRQReg(int)
                0x00000000c00204e4                PIC::eoi(unsigned char)
                0x00000000c0020576                PIC::remap()
                0x00000000c00206e2                PIC::open(int, int, void*)
 *fill*         0x00000000c0020721        0x3 
 .text          0x00000000c0020724      0x240 hw/timer/apictimer.32
                0x00000000c0020724                APICTimer::close(int, int, void*)
                0x00000000c002072c                apicTimerHandler(regs*, void*)
                0x00000000c0020754                APICTimer::write(int)
                0x00000000c002083c                APICTimer::open(int, int, void*)
                0x00000000c002093c                APICTimer::APICTimer()
                0x00000000c002093c                APICTimer::APICTimer()
 .text          0x00000000c0020964      0x1a3 hw/timer/pit.32
                0x00000000c0020964                PIT::write(int)
                0x00000000c00209e4                pitHandler(regs*, void*)
                0x00000000c0020a08                PIT::open(int, int, void*)
                0x00000000c0020a58                PIT::close(int, int, void*)
                0x00000000c0020a88                PIT::PIT()
                0x00000000c0020a88                PIT::PIT()
 *fill*         0x00000000c0020b07        0x9 
 .text          0x00000000c0020b10       0x1e hw/fpu/x86/avx.32
                0x00000000c0020b10                avxDetect
                0x00000000c0020b16                avxSave
                0x00000000c0020b17                avxLoad
                0x00000000c0020b18                avxInit
                0x00000000c0020b19                avxClose
                0x00000000c0020b1a                wouldSheSayYes
 *fill*         0x00000000c0020b2e        0x2 
 .text          0x00000000c0020b30       0x35 hw/fpu/x86/sse.32
                0x00000000c0020b30                absolutelyNoChanceInHell
                0x00000000c0020b30                sseDetect
                0x00000000c0020b48                sseSave
                0x00000000c0020b4e                sseLoad
                0x00000000c0020b54                sseInit
                0x00000000c0020b64                sseClose
 *fill*         0x00000000c0020b65        0xb 
 .text          0x00000000c0020b70       0x4d hw/fpu/x86/x87.32
                0x00000000c0020b76                x87Detect
                0x00000000c0020b91                x87Save
                0x00000000c0020b9a                x87Load
                0x00000000c0020ba2                x87Init
                0x00000000c0020bbc                x87Close
 *fill*         0x00000000c0020bbd        0x3 
 .text          0x00000000c0020bc0       0x25 /cygdrive/d/Users/Alex/Desktop/Toolchain/Output/bin/../lib/gcc/i386-banana/8.1.0/crtend.o
 .text          0x00000000c0020be5        0x0 crtn.32
 *fill*         0x00000000c0020be5        0x3 
 .text          0x00000000c0020be8      0x14b /cygdrive/d/Users/Alex/Desktop/Toolchain/Output/bin/../lib/gcc/i386-banana/8.1.0/libkgcc.a(_divdi3.o)
                0x00000000c0020be8                __divdi3
 *fill*         0x00000000c0020d33        0x1 
 .text          0x00000000c0020d34      0x17e /cygdrive/d/Users/Alex/Desktop/Toolchain/Output/bin/../lib/gcc/i386-banana/8.1.0/libkgcc.a(_moddi3.o)
                0x00000000c0020d34                __moddi3
 *fill*         0x00000000c0020eb2        0x2 
 .text          0x00000000c0020eb4       0xff /cygdrive/d/Users/Alex/Desktop/Toolchain/Output/bin/../lib/gcc/i386-banana/8.1.0/libkgcc.a(_udivdi3.o)
                0x00000000c0020eb4                __udivdi3
 *fill*         0x00000000c0020fb3        0x1 
 .text          0x00000000c0020fb4      0x11a /cygdrive/d/Users/Alex/Desktop/Toolchain/Output/bin/../lib/gcc/i386-banana/8.1.0/libkgcc.a(_umoddi3.o)
                0x00000000c0020fb4                __umoddi3
 *(.gnu.linkonce.t*)

.iplt           0x00000000c00210d0        0x0
 .iplt          0x00000000c00210d0        0x0 D:/Users/Alex/Desktop/Banana/kernel/boot.32

.init           0x00000000c00210ce        0xf
 .init          0x00000000c00210ce        0x3 crti.32
                0x00000000c00210ce                _init
 .init          0x00000000c00210d1        0x5 /cygdrive/d/Users/Alex/Desktop/Toolchain/Output/bin/../lib/gcc/i386-banana/8.1.0/crtbegin.o
 .init          0x00000000c00210d6        0x5 /cygdrive/d/Users/Alex/Desktop/Toolchain/Output/bin/../lib/gcc/i386-banana/8.1.0/crtend.o
 .init          0x00000000c00210db        0x2 crtn.32

.fini           0x00000000c00210dd        0xa
 .fini          0x00000000c00210dd        0x3 crti.32
                0x00000000c00210dd                _fini
 .fini          0x00000000c00210e0        0x5 /cygdrive/d/Users/Alex/Desktop/Toolchain/Output/bin/../lib/gcc/i386-banana/8.1.0/crtbegin.o
 .fini          0x00000000c00210e5        0x2 crtn.32

.text._ZN8ComputerD2Ev
                0x00000000c00210e8       0x23
 .text._ZN8ComputerD2Ev
                0x00000000c00210e8       0x23 core/computer.32
                0x00000000c00210e8                Computer::~Computer()
                0x00000000c00210e8                Computer::~Computer()

.text._ZN8ComputerD0Ev
                0x00000000c002110c       0x2a
 .text._ZN8ComputerD0Ev
                0x00000000c002110c       0x2a core/computer.32
                0x00000000c002110c                Computer::~Computer()

.text._Z10idleCommonv
                0x00000000c0021136       0x21
 .text._Z10idleCommonv
                0x00000000c0021136       0x21 core/idle.32
                0x00000000c0021136                idleCommon()

.text._ZN10LinkedListI8UnixFileED2Ev
                0x00000000c0021158        0x2
 .text._ZN10LinkedListI8UnixFileED2Ev
                0x00000000c0021158        0x2 core/unixfile.32
                0x00000000c0021158                LinkedList<UnixFile>::~LinkedList()
                0x00000000c0021158                LinkedList<UnixFile>::~LinkedList()

.text._ZN10LinkedListI8UnixFileEC2Ev
                0x00000000c002115a       0x42
 .text._ZN10LinkedListI8UnixFileEC2Ev
                0x00000000c002115a       0x42 core/unixfile.32
                0x00000000c002115a                LinkedList<UnixFile>::LinkedList()
                0x00000000c002115a                LinkedList<UnixFile>::LinkedList()

.text._ZN10LinkedListI8UnixFileE10addElementEPS0_
                0x00000000c002119c       0xd3
 .text._ZN10LinkedListI8UnixFileE10addElementEPS0_
                0x00000000c002119c       0xd3 core/unixfile.32
                0x00000000c002119c                LinkedList<UnixFile>::addElement(UnixFile*)

.text._ZN10LinkedListI8UnixFileE15getFirstElementEv
                0x00000000c0021270        0x7
 .text._ZN10LinkedListI8UnixFileE15getFirstElementEv
                0x00000000c0021270        0x7 core/unixfile.32
                0x00000000c0021270                LinkedList<UnixFile>::getFirstElement()

.text._ZN10LinkedListI8UnixFileE11removeFirstEv
                0x00000000c0021278       0xa1
 .text._ZN10LinkedListI8UnixFileE11removeFirstEv