Archive member included to satisfy reference by file (symbol)

/cygdrive/d/Users/Alex/Desktop/Toolchain/Output/bin/../lib/gcc/i386-banana/8.1.0/libkgcc.a(_divdi3.o)
                              fs/fat/ff.32 (__divdi3)
/cygdrive/d/Users/Alex/Desktop/Toolchain/Output/bin/../lib/gcc/i386-banana/8.1.0/libkgcc.a(_moddi3.o)
                              thr/elf.32 (__moddi3)
/cygdrive/d/Users/Alex/Desktop/Toolchain/Output/bin/../lib/gcc/i386-banana/8.1.0/libkgcc.a(_udivdi3.o)
                              fs/fat/ff.32 (__udivdi3)
/cygdrive/d/Users/Alex/Desktop/Toolchain/Output/bin/../lib/gcc/i386-banana/8.1.0/libkgcc.a(_umoddi3.o)
                              core/pipe.32 (__umoddi3)
D:/Users/Alex/Desktop/Banana/kernel/libsoftfp.a(sfieeelib.o)
                              hal/sound/sndhw.32 (__addsf3)
D:/Users/Alex/Desktop/Banana/kernel/libsoftfp.a(dfieeelib.o)
                              hal/libresample/src_linear.32 (__adddf3)
D:/Users/Alex/Desktop/Banana/kernel/libsoftfp.a(sfdfcvt.o)
                              hal/libresample/samplerate.32 (__truncdfsf2)
D:/Users/Alex/Desktop/Banana/kernel/libk/libm32.a(s_fabs.c.o)
                              hal/libresample/samplerate.32 (fabs)
D:/Users/Alex/Desktop/Banana/kernel/libk/libm32.a(s_lrint.S.o)
                              hal/libresample/samplerate.32 (lrint)
D:/Users/Alex/Desktop/Banana/kernel/libk/libm32.a(s_lrintf.S.o)
                              hal/sound/sndhw.32 (lrintf)

Discarded input sections

 .comment       0x0000000000000000       0x12 /cygdrive/d/Users/Alex/Desktop/Toolchain/Output/bin/../lib/gcc/i386-banana/8.1.0/crtbegin.o
 .comment       0x0000000000000000       0x12 acpica/utclib.32
 .comment       0x0000000000000000       0x12 core/malloc.32
 .comment       0x0000000000000000       0x12 libk/string.32
 .comment       0x0000000000000000       0x12 fs/fat/diskio.32
 .comment       0x0000000000000000       0x12 fs/fat/ff.32
 .comment       0x0000000000000000       0x12 fs/fat/ffsystem.32
 .comment       0x0000000000000000       0x12 fs/fat/ffunicode.32
 .comment       0x0000000000000000       0x12 hal/libresample/samplerate.32
 .comment       0x0000000000000000       0x12 hal/libresample/src_linear.32
 .comment       0x0000000000000000       0x12 hal/libresample/src_sinc.32
 .comment       0x0000000000000000       0x12 hal/libresample/src_zoh.32
 .comment       0x0000000000000000       0x12 compat/inlines.32
 .group         0x0000000000000000       0x14 core/computer.32
 .group         0x0000000000000000        0xc core/computer.32
 .comment       0x0000000000000000       0x12 core/computer.32
 .comment       0x0000000000000000       0x12 core/gdt.32
 .group         0x0000000000000000        0xc core/idle.32
 .comment       0x0000000000000000       0x12 core/idle.32
 .comment       0x0000000000000000       0x12 core/idt.32
 .comment       0x0000000000000000       0x12 core/kheap.32
 .comment       0x0000000000000000       0x12 core/main.32
 .comment       0x0000000000000000       0x12 core/physmgr.32
 .group         0x0000000000000000        0xc core/pipe.32
 .comment       0x0000000000000000       0x12 core/pipe.32
 .group         0x0000000000000000        0xc core/terminal.32
 .comment       0x0000000000000000       0x12 core/terminal.32
 .comment       0x0000000000000000       0x12 core/tss.32
 .group         0x0000000000000000        0x8 core/unixfile.32
 .group         0x0000000000000000        0xc core/unixfile.32
 .group         0x0000000000000000        0xc core/unixfile.32
 .group         0x0000000000000000        0x8 core/unixfile.32
 .group         0x0000000000000000        0xc core/unixfile.32
 .group         0x0000000000000000        0x8 core/unixfile.32
 .group         0x0000000000000000        0xc core/unixfile.32
 .group         0x0000000000000000        0xc core/unixfile.32
 .comment       0x0000000000000000       0x12 core/unixfile.32
 .comment       0x0000000000000000       0x12 core/virtmgr.32
 .comment       0x0000000000000000       0x12 coreobjs/c++.32
 .comment       0x0000000000000000       0x12 dbg/kconsole.32
 .group         0x0000000000000000        0xc fs/vfs.32
 .group         0x0000000000000000        0xc fs/vfs.32
 .group         0x0000000000000000        0xc fs/vfs.32
 .comment       0x0000000000000000       0x12 fs/vfs.32
 .group         0x0000000000000000        0xc hal/bus.32
 .comment       0x0000000000000000       0x12 hal/bus.32
 .group         0x0000000000000000        0xc hal/buzzer.32
 .comment       0x0000000000000000       0x12 hal/buzzer.32
 .group         0x0000000000000000        0xc hal/clock.32
 .comment       0x0000000000000000       0x12 hal/clock.32
 .group         0x0000000000000000       0x14 hal/device.32
 .group         0x0000000000000000        0xc hal/device.32
 .group         0x0000000000000000        0xc hal/device.32
 .group         0x0000000000000000        0xc hal/device.32
 .group         0x0000000000000000        0xc hal/device.32
[...]
Memory Configuration

Name             Origin             Length             Attributes
*default*        0x0000000000000000 0xffffffffffffffff

Linker script and memory map

LOAD D:/Users/Alex/Desktop/Banana/kernel/boot.32
LOAD crti.32
LOAD /cygdrive/d/Users/Alex/Desktop/Toolchain/Output/bin/../lib/gcc/i386-banana/8.1.0/crtbegin.o
LOAD D:/Users/Alex/Desktop/Banana/kernel/morenasm.32
LOAD acpica/utclib.32
LOAD core/malloc.32
LOAD libk/string.32
LOAD fs/fat/diskio.32
LOAD fs/fat/ff.32
LOAD fs/fat/ffsystem.32
LOAD fs/fat/ffunicode.32
LOAD hal/libresample/samplerate.32
LOAD hal/libresample/src_linear.32
LOAD hal/libresample/src_sinc.32
LOAD hal/libresample/src_zoh.32
LOAD compat/inlines.32
LOAD core/computer.32
LOAD core/gdt.32
LOAD core/idle.32
LOAD core/idt.32
LOAD core/kheap.32
LOAD core/main.32
LOAD core/physmgr.32
LOAD core/pipe.32
LOAD core/terminal.32
LOAD core/tss.32
LOAD core/unixfile.32
LOAD core/virtmgr.32
LOAD coreobjs/c++.32
LOAD dbg/kconsole.32
LOAD fs/vfs.32
LOAD hal/bus.32
LOAD hal/buzzer.32
LOAD hal/clock.32
LOAD hal/device.32
LOAD hal/diskctrl.32
LOAD hal/diskphys.32
LOAD hal/fpu.32
LOAD hal/intctrl.32
LOAD hal/keybrd.32
LOAD hal/logidisk.32
LOAD hal/mouse.32
LOAD hal/partition.32
LOAD hal/serial.32
LOAD hal/timer.32
LOAD hal/vcache.32
LOAD hal/video.32
LOAD hw/acpi.32
LOAD hw/cpu.32
LOAD hw/ports.32
LOAD krnl/env.32
LOAD krnl/panic.32
LOAD net/ethernet.32
LOAD reg/registry.32
LOAD sys/sc_exit.32
LOAD sys/sc_getcwd.32
LOAD sys/sc_getpid.32
LOAD sys/sc_loaddll.32
LOAD sys/sc_read.32
LOAD sys/sc_sbrk.32
LOAD sys/sc_setcwd.32
LOAD sys/sc_write.32
LOAD sys/sc_yield.32
LOAD sys/syscalls.32
LOAD thr/elf.32
LOAD thr/prcssthr.32
LOAD vm86/vm8086.32
LOAD vm86/x87em.32
LOAD fs/fat/vfslink.32
LOAD fs/iso9660/vfslink.32
LOAD hal/sound/sndchannel.32
LOAD hal/sound/sndhw.32
LOAD hw/bus/isa.32
LOAD hw/bus/pci.32
LOAD hw/diskctrl/ide.32
LOAD hw/diskctrl/satabus.32
LOAD hw/diskphys/ata.32
LOAD hw/diskphys/atapi.32
LOAD hw/diskphys/sata.32
LOAD hw/fpu/avx.32
LOAD hw/fpu/mmx.32
LOAD hw/fpu/sse.32
LOAD hw/fpu/x87.32
LOAD hw/intctrl/apic.32
LOAD hw/intctrl/pic.32
LOAD hw/timer/apictimer.32
LOAD hw/timer/pit.32
LOAD hw/fpu/x86/avx.32
LOAD hw/fpu/x86/sse.32
LOAD hw/fpu/x86/x87.32
LOAD /cygdrive/d/Users/Alex/Desktop/Toolchain/Output/bin/../lib/gcc/i386-banana/8.1.0/crtend.o
LOAD crtn.32
LOAD /cygdrive/d/Users/Alex/Desktop/Toolchain/Output/bin/../lib/gcc/i386-banana/8.1.0/libkgcc.a
LOAD D:/Users/Alex/Desktop/Banana/kernel/libsoftfp.a
LOAD D:/Users/Alex/Desktop/Banana/kernel/libk/libm32.a
                0x00000000c0000000                . = 0xc0000000

.text           0x00000000c0000000    0x270f8
 *(.text)
 .text          0x00000000c0000000       0x41 D:/Users/Alex/Desktop/Banana/kernel/boot.32
                0x00000000c0000020                callGlobalConstructors
 .text          0x00000000c0000041        0x0 crti.32
 *fill*         0x00000000c0000041        0x3 
 .text          0x00000000c0000044      0x101 /cygdrive/d/Users/Alex/Desktop/Toolchain/Output/bin/../lib/gcc/i386-banana/8.1.0/crtbegin.o
 *fill*         0x00000000c0000145        0xb 
 .text          0x00000000c0000150      0x4a2 D:/Users/Alex/Desktop/Banana/kernel/morenasm.32
                0x00000000c0000150                prepareTramp
                0x00000000c0000169                voodooXADD
                0x00000000c0000234                doTPAUSE
                0x00000000c000023e                hasLegacyFPU
                0x00000000c0000263                is486
                0x00000000c0000299                detectCPUID
                0x00000000c00002af                goToVM86
                0x00000000c00002df                goToUsermode
                0x00000000c0000309                switchToThreadASMFirstTime
                0x00000000c0000317                switchToThreadASM
                0x00000000c000039f                asmQuickAcquireLock
                0x00000000c00003bd                asmQuickReleaseLock
                0x00000000c00003c9                asmAcquireLock
                0x00000000c00003ea                asmReleaseLock
                0x00000000c00003fd                loadGDT
                0x00000000c000041d                isr0
                0x00000000c000042d                isr1
                0x00000000c0000437                isr2
                0x00000000c0000441                isr3
                0x00000000c000044b                isr4
                0x00000000c0000455                isr5
                0x00000000c000045f                isr6
                0x00000000c0000469                isr7
                0x00000000c0000473                isr8
                0x00000000c000047b                isr9
                0x00000000c0000485                isr10
                0x00000000c000048d                isr11
                0x00000000c0000495                isr12
                0x00000000c000049d                isr13
                0x00000000c00004a5                isr14
                0x00000000c00004ad                isr15
                0x00000000c00004b7                isr16
                0x00000000c00004c1                isr17
                0x00000000c00004cb                isr18
                0x00000000c00004d5                irq3
                0x00000000c00004df                irq4
                0x00000000c00004e9                irq5
                0x00000000c00004f3                irq6
                0x00000000c00004fd                irq7
                0x00000000c0000507                irq8
                0x00000000c0000511                irq9
                0x00000000c000051b                irq10
                0x00000000c0000525                irq11
                0x00000000c000052f                irq12
                0x00000000c0000539                irq13
                0x00000000c0000543                irq14
                0x00000000c000054d                irq15
                0x00000000c0000557                irq1
                0x00000000c000055e                irq2
                0x00000000c0000565                isr96
                0x00000000c000056c                irq0
                0x00000000c0000571                syscall_common_stub
                0x00000000c0000571                int_common_stub
                0x00000000c00005a2                irq16
                0x00000000c00005ac                irq17
                0x00000000c00005b6                irq18
                0x00000000c00005c0                irq19
                0x00000000c00005ca                irq20
                0x00000000c00005d4                irq21
                0x00000000c00005de                irq22
                0x00000000c00005e8                irq23
 .text          0x00000000c00005f2      0x40f acpica/utclib.32
                0x00000000c00005f2                memcmp
                0x00000000c000061d                memmove
                0x00000000c0000655                memcpy
                0x00000000c000068b                memset
                0x00000000c00006a8                strlen
                0x00000000c00006b8                strpbrk
                0x00000000c00006db                strtok
                0x00000000c000072a                strcpy
                0x00000000c000074a                strncpy
                0x00000000c000077b                strcmp
                0x00000000c000079c                strchr
                0x00000000c00007b2                strncmp
                0x00000000c00007e1                strcat
                0x00000000c0000808                strncat
                0x00000000c0000842                strstr
                0x00000000c000087f                toupper
                0x00000000c0000893                tolower
                0x00000000c00008a7                simple_strtoul
 .text          0x00000000c0000a01      0xfbf core/malloc.32
                0x00000000c0000b6c                dlfree
                0x00000000c0000ec7                dlmalloc
                0x00000000c0001404                dlrealloc
                0x00000000c00015b9                dlmemalign
                0x00000000c00016dc                dlcalloc
                0x00000000c0001776                dlcfree
                0x00000000c000177b                dlindependent_calloc
                0x00000000c00017a0                dlindependent_comalloc
                0x00000000c00017b7                dlvalloc
                0x00000000c00017e2                dlpvalloc
                0x00000000c0001818                dlmalloc_trim
                0x00000000c0001825                dlmalloc_usable_size
                0x00000000c0001856                dlmallinfo
                0x00000000c0001925                dlmalloc_stats
                0x00000000c0001936                dlmallopt
 .text          0x00000000c00019c0        0x0 libk/string.32
 .text          0x00000000c00019c0       0x51 fs/fat/diskio.32
                0x00000000c00019c0                disk_status
                0x00000000c00019c3                disk_initialize
                0x00000000c00019c6                disk_read
                0x00000000c00019dc                disk_write
                0x00000000c00019f2                disk_ioctl
 .text          0x00000000c0001a11     0x6833 fs/fat/ff.32
                0x00000000c0004cdf                f_mount
                0x00000000c0004d41                f_open
                0x00000000c000517d                f_read
                0x00000000c00053fd                f_write
                0x00000000c00056b7                f_sync
                0x00000000c0005893                f_close
                0x00000000c00058c2                f_lseek
                0x00000000c0005d79                f_opendir
                0x00000000c0005e7b                f_closedir
                0x00000000c0005e9d                f_readdir
                0x00000000c0005f38                f_stat
                0x00000000c0005fc7                f_getfree
                0x00000000c0006192                f_truncate
                0x00000000c000628a                f_unlink
                0x00000000c000640d                f_mkdir
                0x00000000c0006639                f_rename
                0x00000000c000692c                f_chmod
                0x00000000c0006a0a                f_utime
                0x00000000c0006ae8                f_getlabel
                0x00000000c0006cd6                f_setlabel
                0x00000000c0006f43                f_forward
                0x00000000c0007121                f_mkfs
 .text          0x00000000c0008244       0x2d fs/fat/ffsystem.32
                0x00000000c0008244                ff_memalloc
                0x00000000c000825a                ff_memfree
 .text          0x00000000c0008271      0x253 fs/fat/ffunicode.32
                0x00000000c0008271                ff_uni2oem
                0x00000000c0008301                ff_oem2uni
                0x00000000c000836d                ff_wtoupper
 .text          0x00000000c00084c4      0x8fb hal/libresample/samplerate.32
                0x00000000c0008508                src_delete
                0x00000000c0008544                src_process
                0x00000000c00086fa                src_callback_read
                0x00000000c0008877                src_set_ratio
                0x00000000c00088e1                src_get_channels
                0x00000000c0008903                src_reset
                0x00000000c000894f                src_new
                0x00000000c00089dd                src_callback_new
                0x00000000c0008a3f                src_get_name
                0x00000000c0008a76                src_get_description
                0x00000000c0008aad                src_get_version
                0x00000000c0008ab3                src_is_valid_ratio
                0x00000000c0008b07                src_error
                0x00000000c0008b15                src_strerror
                0x00000000c0008b28                src_simple
                0x00000000c0008b7b                src_short_to_float_array
                0x00000000c0008be0                src_float_to_short_array
                0x00000000c0008c9f                src_int_to_float_array
                0x00000000c0008d02                src_float_to_int_array
 .text          0x00000000c0008dbf      0x8cb hal/libresample/src_linear.32
                0x00000000c00095e5                linear_get_name
                0x00000000c00095f4                linear_get_description
                0x00000000c0009603                linear_set_converter
 .text          0x00000000c000968a     0x447c hal/libresample/src_sinc.32
                0x00000000c000da1d                sinc_get_name
                0x00000000c000da30                sinc_get_description
                0x00000000c000da43                sinc_set_converter
 .text          0x00000000c000db06      0x77c hal/libresample/src_zoh.32
                0x00000000c000e1dd                zoh_get_name
                0x00000000c000e1ec                zoh_get_description
                0x00000000c000e1fb                zoh_set_converter
 .text          0x00000000c000e282       0x23 compat/inlines.32
                0x00000000c000e282                CPU::current()
                0x00000000c000e28f                operator new(unsigned long)
 *fill*         0x00000000c000e2a5        0x1 
 .text          0x00000000c000e2a6      0xa0b core/computer.32
                0x00000000c000e2a6                Computer::close(int, int, void*)
                0x00000000c000e2ea                Computer::Computer()
                0x00000000c000e2ea                Computer::Computer()
                0x00000000c000e446                Computer::setBootMessage(char const*)
                0x00000000c000e448                Computer::start()
                0x00000000c000e51e                firstTask()
                0x00000000c000e52c                Computer::detectFeatures()
                0x00000000c000e736                Computer::displayFeatures()
                0x00000000c000ea7c                Computer::rdmsr(unsigned int)
                0x00000000c000eaa8                Computer::wrmsr(unsigned int, unsigned long long)
                0x00000000c000eae0                Computer::nmiEnabled()
                0x00000000c000eaec                Computer::readCMOS(unsigned char)
                0x00000000c000eb06                Computer::enableNMI(bool)
                0x00000000c000eb1e                Computer::open(int, int, void*)
                0x00000000c000ebf4                Computer::disableNMI()
                0x00000000c000ec02                Computer::writeCMOS(unsigned char, unsigned char)
                0x00000000c000ec20                Computer::handleNMI()
                0x00000000c000ec86                Computer::setDiskActivityLight(int, bool)
 *fill*         0x00000000c000ecb1        0x1 
 .text          0x00000000c000ecb2      0x1b7 core/gdt.32
                0x00000000c000ecb2                GDTEntry::setBase(unsigned int)
                0x00000000c000ecce                GDTEntry::setLimit(unsigned int)
                0x00000000c000ecec                GDT::GDT()
                0x00000000c000ecec                GDT::GDT()
                0x00000000c000ed02                GDT::addEntry(GDTEntry)
                0x00000000c000ed3e                GDT::getNumberOfEntries()
                0x00000000c000ed46                GDT::flush()
                0x00000000c000ed68                GDT::setup()
 .text          0x00000000c000ee69       0x62 core/idle.32
                0x00000000c000ee69                idleFunction(void*)
 *fill*         0x00000000c000eecb        0x1 
 .text          0x00000000c000eecc      0x45f core/idt.32
                0x00000000c000eecc                IDTEntry::IDTEntry(bool)
                0x00000000c000eecc                IDTEntry::IDTEntry(bool)
                0x00000000c000ef3a                IDTEntry::setOffset(unsigned int)
                0x00000000c000ef4e                IDT::IDT()
                0x00000000c000ef4e                IDT::IDT()
                0x00000000c000ef50                IDT::getPointerToInvalidOpcodeEntryForF00F()
                0x00000000c000ef58                IDT::addEntry(IDTEntry, int)
                0x00000000c000ef72                IDT::addEntry(int, void (*)(), bool)
                0x00000000c000efaa                IDT::flush()
                0x00000000c000efc4                IDT::setup()
 .text          0x00000000c000f32b      0x203 core/kheap.32
                0x00000000c000f32b                sbrk
                0x00000000c000f439                mmap
                0x00000000c000f44f                munmap
                0x00000000c000f465                liballoc_lock()
                0x00000000c000f476                liballoc_unlock()
                0x00000000c000f487                liballoc_alloc(int)
                0x00000000c000f4a2                liballoc_free(void*, int)
                0x00000000c000f4c0                realloc
                0x00000000c000f4d4                malloc
                0x00000000c000f4e4                free
                0x00000000c000f4f4                rfree
                0x00000000c000f504                calloc
 .text          0x00000000c000f52e      0x462 core/main.32
                0x00000000c000f52e                hwTextMode_loadInData(VgaText*)
                0x00000000c000f579                hwTextMode_loadInTitle(VgaText*, char*)
                0x00000000c000f5f7                hwTextMode_showCursor(VgaText*, bool)
                0x00000000c000f64b                hwTextMode_update(VgaText*)
                0x00000000c000f64c                hwTextMode_updateCursor(VgaText*)
                0x00000000c000f694                hwTextMode_disableBlink(VgaText*, bool)
                0x00000000c000f6d0                hwTextMode_scrollScreen(VgaText*)
                0x00000000c000f77d                hwTextMode_writeCharacter(VgaText*, char, VgaColour, VgaColour, int, int)
                0x00000000c000f7f0                setupTextMode()
                0x00000000c000f898                kernel_main
 .text          0x00000000c000f990      0x54d core/physmgr.32
                0x00000000c000f990                Phys::allocateDMA(unsigned long)
                0x00000000c000fa33                Phys::freeDMA(unsigned long, unsigned long)
                0x00000000c000fa7b                Phys::setPageState(unsigned long, bool)
                0x00000000c000faad                Phys::getPageState(unsigned long)
                0x00000000c000fac9                Phys::freePage(unsigned long)
                0x00000000c000fb53                Phys::allocatePage()
                0x00000000c000fc1b                Phys::allocateContiguousPages(int)
                0x00000000c000fc75                Phys::allowSegmentToBeUsed(unsigned long, unsigned long)
                0x00000000c000fcad                Phys::physicalMemorySetup(unsigned int)
 *fill*         0x00000000c000fedd        0x1 
 .text          0x00000000c000fede      0x273 core/pipe.32
                0x00000000c000fede                Pipe::isAtty()
                0x00000000c000fee2                Pipe::~Pipe()
                0x00000000c000fee2                Pipe::~Pipe()
                0x00000000c000ff06                Pipe::~Pipe()
                0x00000000c000ff2e                Pipe::read(unsigned long long, void*, int*)
                0x00000000c0010022                Pipe::write(unsigned long long, void*, int*)
                0x00000000c00100ea                Pipe::Pipe(int)
                0x00000000c00100ea                Pipe::Pipe(int)
 *fill*         0x00000000c0010151        0x1 
 .text          0x00000000c0010152     0x101b core/terminal.32
                0x00000000c0010152                VgaText::isAtty()
                0x00000000c0010156                VgaText::~VgaText()
                0x00000000c0010156                VgaText::~VgaText()
                0x00000000c001017a                VgaText::~VgaText()
                0x00000000c00101a4                VgaText::read(unsigned long long, void*, int*)
                0x00000000c00101c4                setTerminalScrollLock(bool)
                0x00000000c00101c5                addToTerminalCycle(VgaText*)
                0x00000000c00101f2                installVgaTextImplementation()
                0x00000000c0010207                scrollTerminalScrollLock(int)
                0x00000000c0010208                VgaText::load()
                0x00000000c001025c                VgaText::updateCursor()
                0x00000000c0010276                VgaText::showCursor(bool)
                0x00000000c0010286                VgaText::disableBlink(bool)
                0x00000000c00102c0                VgaText::doANSI_SGR(int)
                0x00000000c001034c                VgaText::setDefaultBgColour(VgaColour)
                0x00000000c0010362                VgaText::setDefaultFgColour(VgaColour)
                0x00000000c0010378                VgaText::setDefaultColours(VgaColour, VgaColour)
                0x00000000c0010398                VgaText::combineColours(unsigned char, unsigned char)
                0x00000000c00103b6                VgaText::scrollScreen()
                0x00000000c0010452                VgaText::combineCharAndColour(char, unsigned char)
                0x00000000c0010464                VgaText::writeCharacter(char, VgaColour, VgaColour, int, int)
                0x00000000c00104c4                VgaText::getCursorX()
                0x00000000c00104d0                VgaText::getCursorY()
                0x00000000c00104dc                VgaText::setCursor(int, int)
                0x00000000c00104fa                VgaText::setCursorX(int)
                0x00000000c0010516                VgaText::setCursorY(int)
                0x00000000c0010532                VgaText::incrementCursor(bool)
                0x00000000c001059a                VgaText::updateRAMUsageDisplay(int)
                0x00000000c001061a                VgaText::updateDiskUsage()
                0x00000000c00107fc                VgaText::updateTitle()
                0x00000000c0010842                VgaText::setTitleTextColour(VgaColour)
                0x00000000c0010852                VgaText::setTitleColour(VgaColour)
                0x00000000c0010862                VgaText::setTitle(char*)
                0x00000000c0010888                VgaText::decrementCursor(bool)
                0x00000000c00108b0                VgaText::putchar(char, VgaColour, VgaColour)
                0x00000000c00109ac                VgaText::isShowingCursor()
                0x00000000c00109b8                VgaText::isBlinkDisabled()
                0x00000000c00109c6                VgaText::setCursorHeight(int)
                0x00000000c00109e4                VgaText::getCursorHeight()
                0x00000000c00109ef                setActiveTerminal(VgaText*)
                0x00000000c0010aa1                doTerminalCycle()
                0x00000000c0010abe                VgaText::doUpdate()
                0x00000000c0010ad0                VgaText::puts(char const*, VgaColour, VgaColour)
                0x00000000c0010c90                VgaText::clearScreen()
                0x00000000c0010cf4                VgaText::putchar(char)
                0x00000000c0010e0e                VgaText::puts(char const*)
                0x00000000c0010e34                VgaText::putx(unsigned int)
                0x00000000c0010e7a                VgaText::VgaText(char const*)
                0x00000000c0010e7a                VgaText::VgaText(char const*)
                0x00000000c001100c                VgaText::receiveKey(unsigned char)
                0x00000000c00110f4                VgaText::write(unsigned long long, void*, int*)
                0x00000000c0011148                newTerminal(char*)
 *fill*         0x00000000c001116d        0x1 
 .text          0x00000000c001116e      0x1b3 core/tss.32
                0x00000000c001116e                TSS::TSS()
                0x00000000c001116e                TSS::TSS()
                0x00000000c001117c                TSS::setESP(unsigned long)
                0x00000000c001118e                TSS::flush()
                0x00000000c00111ae                TSS::setup(unsigned long, unsigned long)
 *fill*         0x00000000c0011321        0x1 
 .text          0x00000000c0011322      0x4c2 core/unixfile.32
                0x00000000c0011322                ReservedFilename::read(unsigned long long, void*, int*)
                0x00000000c0011378                ReservedFilename::isAtty()
                0x00000000c0011394                ReservedFilename::write(unsigned long long, void*, int*)
                0x00000000c00113f2                UnixFile::getFileDescriptor()
                0x00000000c00113fa                UnixFile::UnixFile(int)
                0x00000000c00113fa                UnixFile::UnixFile(int)
                0x00000000c00115aa                ReservedFilename::ReservedFilename(int)
                0x00000000c00115aa                ReservedFilename::ReservedFilename(int)
                0x00000000c00115dc                UnixFile::~UnixFile()
                0x00000000c00115dc                UnixFile::~UnixFile()
                0x00000000c0011674                UnixFile::~UnixFile()
                0x00000000c001169c                ReservedFilename::~ReservedFilename()
                0x00000000c001169c                ReservedFilename::~ReservedFilename()
                0x00000000c00116c0                ReservedFilename::~ReservedFilename()
                0x00000000c00116e7                getFromFileDescriptor(int)
 .text          0x00000000c00117e4      0xee3 core/virtmgr.32
                0x00000000c00117e4                Virt::setPageState(unsigned long, Virt::VirtPageState)
                0x00000000c0011819                Virt::getPageState(unsigned long)
                0x00000000c001183d                Virt::allocateKernelVirtualPages(int)
                0x00000000c001194e                Virt::virtualMemorySetup()
                0x00000000c00119cd                Virt::getAKernelVAS()
                0x00000000c00119d3                Virt::setupPageSwapping(int)
                0x00000000c0011b02                VAS::VAS()
                0x00000000c0011b02                VAS::VAS()
                0x00000000c0011b32                VAS::VAS(VAS*)
                0x00000000c0011b32                VAS::VAS(VAS*)
                0x00000000c0011b56                VAS::getForeignPageTableEntry(bool, unsigned long)
                0x00000000c0011b82                VAS::getPageTableEntry(unsigned long)
                0x00000000c0011ba1                Virt::freeKernelVirtualPages(unsigned long)
                0x00000000c0011cc4                VAS::freeAllocatedPages(unsigned long)
                0x00000000c0011ce8                VAS::virtualToPhysical(unsigned long)
                0x00000000c0011d00                VAS::reflagRange(unsigned long, int, int, int)
                0x00000000c0011d40                VAS::setToWriteCombining(unsigned long, int)
                0x00000000c0011d72                VAS::mapOtherVASIn(bool, VAS*)
                0x00000000c0011d9c                VAS::~VAS()
                0x00000000c0011d9c                VAS::~VAS()
                0x00000000c0011f08                VAS::mapPage(unsigned long, unsigned long, int)
                0x00000000c0012008                VAS::allocatePages(int, int)
                0x00000000c00121e0                VAS::setCPUSpecific(unsigned long)
                0x00000000c00121fc                VAS::mapRange(unsigned long, unsigned long, int, int)
                0x00000000c00122c2                VAS::mapForeignPage(bool, VAS*, unsigned long, unsigned long, int)
                0x00000000c00123b0                VAS::VAS(bool)
                0x00000000c00123b0                VAS::VAS(bool)
                0x00000000c001260b                mapVASFirstTime
 .text          0x00000000c00126c7       0x95 coreobjs/c++.32
                0x00000000c00126c7                __cxa_atexit
                0x00000000c00126ca                __cxa_finalize
                0x00000000c00126cb                __stack_chk_fail
                0x00000000c0012737                __cxa_pure_virtual
                0x00000000c0012748                operator new[](unsigned long)
                0x00000000c001274d                operator delete(void*, unsigned long)
                0x00000000c0012752                operator delete[](void*)
                0x00000000c0012757                operator delete[](void*, unsigned long)
 .text          0x00000000c001275c      0x1ef dbg/kconsole.32
                0x00000000c001275c                Dbg::stringifyxWithBase(unsigned int, char*, int)
                0x00000000c00127bd                Dbg::logc(char)
                0x00000000c00127d4                Dbg::logs(char*)
                0x00000000c00127f1                Dbg::logWriteInt(unsigned int)
                0x00000000c001280e                Dbg::logWriteIntBase(unsigned int, int)
                0x00000000c001282d                Dbg::kprintf(char const*, ...)
 *fill*         0x00000000c001294b        0x1 
 .text          0x00000000c001294c      0xb7c fs/vfs.32
                0x00000000c001294c                File::read(unsigned long long, void*, int*)
                0x00000000c00129a4                File::write(unsigned long long, void*, int*)
                0x00000000c00129fc                Directory::read(unsigned long long, void*, int*)
                0x00000000c0012a54                Directory::write(unsigned long long, void*, int*)
                0x00000000c0012a82                File::isAtty()
                0x00000000c0012a86                Directory::isAtty()
                0x00000000c0012a8a                Filesystem::getlabel(LogicalDisk*, int, char*, unsigned int*)
                0x00000000c0012a90                Filesystem::setlabel(LogicalDisk*, int, char*)
                0x00000000c0012a96                File::~File()
                0x00000000c0012a96                File::~File()
                0x00000000c0012aba                File::~File()
                0x00000000c0012ae4                Directory::~Directory()
                0x00000000c0012ae4                Directory::~Directory()
                0x00000000c0012b08                Directory::~Directory()
                0x00000000c0012b32                Filesystem::Filesystem()
                0x00000000c0012b32                Filesystem::Filesystem()
                0x00000000c0012b56                Filesystem::~Filesystem()
                0x00000000c0012b56                Filesystem::~Filesystem()
                0x00000000c0012b64                Filesystem::~Filesystem()
                0x00000000c0012b88                initVFS()
                0x00000000c0012bb2                standardiseFiles(char*, char const*, char const*)
                0x00000000c0012d5c                File::File(char const*, Process*)
                0x00000000c0012d5c                File::File(char const*, Process*)
                0x00000000c0012dc0                File::open(FileOpenMode)
                0x00000000c0012e1e                File::close()
                0x00000000c0012e7e                File::seek(unsigned long long)
                0x00000000c0012ed4                File::tell(unsigned long long*)
                0x00000000c0012f24                File::rewind()
                0x00000000c0012f38                File::unlink()
                0x00000000c0012f84                File::rename(char const*)
                0x00000000c0012fd2                File::chfatattr(unsigned char, unsigned char)
                0x00000000c001302e                File::exists()
                0x00000000c001306c                File::stat(unsigned long long*, bool*)
                0x00000000c00130cd                getcwd(Process*, char*, int)
                0x00000000c00130f7                setcwd(Process*, char*)
                0x00000000c0013232                Directory::Directory(char const*, Process*)
                0x00000000c0013232                Directory::Directory(char const*, Process*)
                0x00000000c0013296                Directory::open()
                0x00000000c00132f2                Directory::close()
                0x00000000c0013352                Directory::unlink()
                0x00000000c001339e                Directory::rename(char const*)
                0x00000000c00133ec                Directory::exists()
                0x00000000c001342a                Directory::read(dirent*)
                0x00000000c0013476                Directory::create()
                0x00000000c00134c2                Filesystem::chfatattr(char const*, unsigned char, unsigned char)
 .text          0x00000000c00134c8       0x84 hal/bus.32
                0x00000000c00134c8                Bus::Bus(char const*)
                0x00000000c00134c8                Bus::Bus(char const*)
                0x00000000c00134fe                Bus::~Bus()
                0x00000000c00134fe                Bus::~Bus()
                0x00000000c0013522                Bus::~Bus()
 .text          0x00000000c001354c      0x14e hal/buzzer.32
                0x00000000c001354c                Buzzer::Buzzer(char const*)
                0x00000000c001354c                Buzzer::Buzzer(char const*)
                0x00000000c0013590                Buzzer::~Buzzer()
                0x00000000c0013590                Buzzer::~Buzzer()
                0x00000000c00135b4                Buzzer::~Buzzer()
                0x00000000c00135de                Buzzer::stop()
                0x00000000c00135f1                beepThread(void*)
                0x00000000c001362c                Buzzer::beep(int, int, bool)
 .text          0x00000000c001369a      0x42f hal/clock.32
                0x00000000c001369a                loadClockSettings()
                0x00000000c00136b4                Clock::Clock(char const*)
                0x00000000c00136b4                Clock::Clock(char const*)
                0x00000000c00136ea                Clock::~Clock()
                0x00000000c00136ea                Clock::~Clock()
                0x00000000c001370e                Clock::~Clock()
                0x00000000c0013738                Clock::timeInSecondsLocal()
                0x00000000c0013780                Clock::setTimeInSecondsLocal(unsigned long long)
                0x00000000c00137d9                datetimeToSeconds(datetime_t)
                0x00000000c0013900                Clock::setTimeInDatetimeLocal(datetime_t)
                0x00000000c0013960                secondsToDatetime(unsigned long long)
                0x00000000c0013aa4                Clock::timeInDatetimeLocal()
 *fill*         0x00000000c0013ac9        0x1 
 .text          0x00000000c0013aca      0x4de hal/device.32
                0x00000000c0013aca                Device::hibernate()
                0x00000000c0013acc                Device::wake()
                0x00000000c0013ace                Device::detect()
                0x00000000c0013ad0                Device::disableLegacy()
                0x00000000c0013ad2                Device::powerSaving(PowerSavingLevel)
                0x00000000c0013ad4                DriverlessDevice::close(int, int, void*)
                0x00000000c0013ad8                DriverlessDevice::detect()
                0x00000000c0013ada                DriverlessDevice::open(int, int, void*)
                0x00000000c0013aee                Device::~Device()
                0x00000000c0013aee                Device::~Device()
                0x00000000c0013afc                Device::~Device()
                0x00000000c0013b24                Device::findAndLoadDriver()
                0x00000000c0013b26                Device::preOpenPCI(PCIDeviceInfo)
                0x00000000c0013b4c                Device::preOpenACPI(void*, char*, char*)
                0x00000000c0013ba0                Device::addIRQHandler(int, void (*)(regs*, void*), bool, void*)
                0x00000000c0013bde                Device::removeIRQHandler(int, void (*)(regs*, void*), bool)
                0x00000000c0013c1c                Device::addChild(Device*)
                0x00000000c0013c60                Device::removeAllChildren()
                0x00000000c0013ca6                Device::hibernateAll()
                0x00000000c0013cd6                Device::wakeAll()
                0x00000000c0013d06                Device::detectAll()
                0x00000000c0013d36                Device::disableLegacyAll()
                0x00000000c0013d66                Device::loadDriversForAll()
                0x00000000c0013d92                Device::closeAll()
                0x00000000c0013dc8                Device::powerSavingAll(PowerSavingLevel)
                0x00000000c0013dfe                Device::setName(char const*)
                0x00000000c0013e0c                Device::Device(char const*)
                0x00000000c0013e0c                Device::Device(char const*)
                0x00000000c0013f08                Device::getName()
                0x00000000c0013f12                DriverlessDevice::DriverlessDevice(char const*)
                0x00000000c0013f12                DriverlessDevice::DriverlessDevice(char const*)
                0x00000000c0013f3a                Device::addToLinkedList(LinkedList<Device>&, DeviceType)
                0x00000000c0013f7e                getDevicesOfType(DeviceType)
 .text          0x00000000c0013fa8       0x84 hal/diskctrl.32
                0x00000000c0013fa8                HardDiskController::HardDiskController(char const*)
                0x00000000c0013fa8                HardDiskController::HardDiskController(char const*)
                0x00000000c0013fde                HardDiskController::~HardDiskController()
                0x00000000c0013fde                HardDiskController::~HardDiskController()
                0x00000000c0014002                HardDiskController::~HardDiskController()
 .text          0x00000000c001402c       0xde hal/diskphys.32
                0x00000000c001402c                PhysicalDisk::PhysicalDisk(char const*, int)
                0x00000000c001402c                PhysicalDisk::PhysicalDisk(char const*, int)
                0x00000000c0014094                PhysicalDisk::startCache()
                0x00000000c00140bc                PhysicalDisk::~PhysicalDisk()
                0x00000000c00140bc                PhysicalDisk::~PhysicalDisk()
                0x00000000c00140e0                PhysicalDisk::~PhysicalDisk()
 .text          0x00000000c001410a      0x13b hal/fpu.32
                0x00000000c001410a                FPU::FPU(char const*)
                0x00000000c001410a                FPU::FPU(char const*)
                0x00000000c0014140                FPU::~FPU()
                0x00000000c0014140                FPU::~FPU()
                0x00000000c0014164                FPU::~FPU()
                0x00000000c001418e                setupFPU()
 *fill*         0x00000000c0014245        0x1 
 .text          0x00000000c0014246     0x12b1 hal/intctrl.32
                0x00000000c0014246                InterruptController::uninstallISRHandler(int, void (*)(regs*, void*))
                0x00000000c001427e                InterruptController::installISRHandler(int, void (*)(regs*, void*), void*)
                0x00000000c00142d0                doubleFault(regs*, void*)
                0x00000000c00142ea                InterruptController::installIRQHandler(int, void (*)(regs*, void*), bool, void*)
                0x00000000c0014386                InterruptController::clearAllHandlers(int, bool)
                0x00000000c001442e                InterruptController::uninstallIRQHandler(int, void (*)(regs*, void*), bool)
                0x00000000c00144b5                nmiHandler(regs*, void*)
                0x00000000c00144c3                int_handler
                0x00000000c0014564                InterruptController::InterruptController(char const*)
                0x00000000c0014564                InterruptController::InterruptController(char const*)
                0x00000000c001460a                InterruptController::~InterruptController()
                0x00000000c001460a                InterruptController::~InterruptController()
                0x00000000c001462e                InterruptController::~InterruptController()
                0x00000000c0014658                displayDebugInfo(regs*)
                0x00000000c0014a5d                x87EmulHandler(regs*, void*)
                0x00000000c0014a8c                gpFault(regs*, void*)
                0x00000000c0014ac5                pgFault(regs*, void*)
                0x00000000c0014adc                otherISRHandler(regs*, void*)
                0x00000000c0014afb                opcodeFault(regs*, void*)
                0x00000000c00150ba                displayProgramFault(char const*)
                0x00000000c00150e2                setupInterruptController()
                0x00000000c00154aa                InterruptController::convertLegacyIRQNumber(int)
 *fill*         0x00000000c00154f7        0x1 
 .text          0x00000000c00154f8      0x69a hal/keybrd.32
                0x00000000c00154f8                startGUI(void*)
                0x00000000c0015554                startGUIVESA(void*)
                0x00000000c00155b0                sendKeyToTerminal(unsigned char)
                0x00000000c001561c                sendKeyboardToken(KeyboardToken)
                0x00000000c0015a2c                clearInternalKeybuffer(VgaText*)
                0x00000000c0015a61                readKeyboard(VgaText*, char*, unsigned long)
                0x00000000c0015b08                Keyboard::Keyboard(char const*)
                0x00000000c0015b08                Keyboard::Keyboard(char const*)
                0x00000000c0015b44                Keyboard::~Keyboard()
                0x00000000c0015b44                Keyboard::~Keyboard()
                0x00000000c0015b68                Keyboard::~Keyboard()
 .text          0x00000000c0015b92      0x400 hal/logidisk.32
                0x00000000c0015b92                LogicalDisk::close(int, int, void*)
                0x00000000c0015b96                LogicalDisk::~LogicalDisk()
                0x00000000c0015b96                LogicalDisk::~LogicalDisk()
                0x00000000c0015bba                LogicalDisk::~LogicalDisk()
                0x00000000c0015be4                LogicalDisk::open(int, int, void*)
                0x00000000c0015bf8                LogicalDisk::absoluteToRelative(unsigned long long)
                0x00000000c0015c30                LogicalDisk::relativeToAbsolute(unsigned long long)
                0x00000000c0015c76                LogicalDisk::LogicalDisk(char const*, PhysicalDisk*, unsigned long long, unsigned long long)
                0x00000000c0015c76                LogicalDisk::LogicalDisk(char const*, PhysicalDisk*, unsigned long long, unsigned long long)
                0x00000000c0015d2c                LogicalDisk::assignDriveLetter()
                0x00000000c0015de2                LogicalDisk::mount()
                0x00000000c0015e54                LogicalDisk::unmount()
                0x00000000c0015e64                LogicalDisk::unassignDriveLetter()
                0x00000000c0015eba                LogicalDisk::read(unsigned long long, int, void*)
                0x00000000c0015f26                LogicalDisk::write(unsigned long long, int, void*)
 .text          0x00000000c0015f92       0x84 hal/mouse.32
                0x00000000c0015f92                Mouse::Mouse(char const*)
                0x00000000c0015f92                Mouse::Mouse(char const*)
                0x00000000c0015fc8                Mouse::~Mouse()
                0x00000000c0015fc8                Mouse::~Mouse()
                0x00000000c0015fec                Mouse::~Mouse()
 .text          0x00000000c0016016      0x339 hal/partition.32
                0x00000000c0016016                makePartition(PhysicalDisk*, unsigned long long, unsigned long long)
                0x00000000c00160be                createPartitionsForDisk(PhysicalDisk*)
 *fill*         0x00000000c001634f        0x1 
 .text          0x00000000c0016350       0x84 hal/serial.32
                0x00000000c0016350                Serial::Serial(char const*)
                0x00000000c0016350                Serial::Serial(char const*)
                0x00000000c0016386                Serial::~Serial()
                0x00000000c0016386                Serial::~Serial()
                0x00000000c00163aa                Serial::~Serial()
 .text          0x00000000c00163d4      0x2b8 hal/timer.32
                0x00000000c00163d4                Timer::Timer(char const*)
                0x00000000c00163d4                Timer::Timer(char const*)
                0x00000000c001640a                Timer::~Timer()
                0x00000000c001640a                Timer::~Timer()
                0x00000000c001642e                Timer::~Timer()
                0x00000000c0016458                Timer::read()
                0x00000000c0016463                timerHandler(unsigned long long)
                0x00000000c001659a                setupTimer(int)
 .text          0x00000000c001668c      0x2db hal/vcache.32
                0x00000000c001668c                VCache::VCache(PhysicalDisk*)
                0x00000000c001668c                VCache::VCache(PhysicalDisk*)
                0x00000000c0016786                VCache::writeWriteBuffer()
                0x00000000c00167c2                VCache::~VCache()
                0x00000000c00167c2                VCache::~VCache()
                0x00000000c0016802                VCache::~VCache()
                0x00000000c001682a                VCache::write(unsigned long long, int, void*)
                0x00000000c001690e                VCache::read(unsigned long long, int, void*)
 *fill*         0x00000000c0016967        0x1 
 .text          0x00000000c0016968      0x4cd hal/video.32
                0x00000000c0016968                Video::putrect(int, int, int, int, unsigned int)
                0x00000000c00169b4                Video::bitblit(int, int, int, int, int, int, int, unsigned int*)
                0x00000000c0016a24                Video::blit(unsigned int*, int, int, int, int)
                0x00000000c0016aa2                Video::clearScreen(unsigned int)
                0x00000000c0016ad6                Video::putpixel(int, int, unsigned int)
                0x00000000c0016ae4                Video::Video(char const*)
                0x00000000c0016ae4                Video::Video(char const*)
                0x00000000c0016b1a                Video::~Video()
                0x00000000c0016b1a                Video::~Video()
                0x00000000c0016b3e                Video::~Video()
                0x00000000c0016b68                Video::isMonochrome()
                0x00000000c0016b74                Video::getWidth()
                0x00000000c0016b80                Video::getHeight()
                0x00000000c0016b8c                Video::drawCursor(int, int, unsigned char*, int)
                0x00000000c0016c48                Video::tgaParse(unsigned char*, int, int*, int*)
                0x00000000c0016dca                Video::putTGA(int, int, unsigned char*, int)
 *fill*         0x00000000c0016e35        0x1 
 .text          0x00000000c0016e36      0xe28 hw/acpi.32
                0x00000000c0016e36                ACPI::close(int, int, void*)
                0x00000000c0016eeb                findRSDP()
                0x00000000c0016f75                loadACPITables(unsigned char*)
                0x00000000c001719c                findRSDT(unsigned char*)
                0x00000000c00172ba                findDataTable(unsigned char*, char*)
                0x00000000c0017356                scanMADT()
                0x00000000c00177dc                ACPI::ACPI()
                0x00000000c00177dc                ACPI::ACPI()
                0x00000000c001783c                ACPI::getPCIIRQAssignment(unsigned char, unsigned short, unsigned char)
                0x00000000c001791e                ACPI::registerPCIIRQAssignment(void*, unsigned short, unsigned char, unsigned char)
                0x00000000c0017a24                ACPI::setScreenBrightnessLevel(void*, int)
                0x00000000c0017a2a                ACPI::writeSimpleBootFlag(SimpleBootFlagTable*)
                0x00000000c0017a72                ACPI::open(int, int, void*)
                0x00000000c0017c46                ACPI::sleep()
 .text          0x00000000c0017c5e     0x1715 hw/cpu.32
                0x00000000c0017c5e                CPU::close(int, int, void*)
                0x00000000c0017c62                CPU::lookupAMDName(unsigned char, unsigned char)
                0x00000000c0017df6                CPU::lookupIntelName(unsigned char, unsigned char)
                0x00000000c00180a4                CPU::AMD_K6_write_msr(unsigned int, unsigned int, unsigned int, CPU::REGS*)
                0x00000000c00180c0                CPU::AMD_K6_read_msr(unsigned int, CPU::REGS*)
                0x00000000c00180d8                CPU::AMD_K6_writeback(int, int, int)
                0x00000000c001814c                CPU::cpuid(int, unsigned long*, unsigned long*, unsigned long*, unsigned long*)
                0x00000000c00181d0                CPU::cpuidCheckEDX(unsigned int)
                0x00000000c00181fe                CPU::cpuidCheckECX(unsigned int)
                0x00000000c001822c                CPU::cpuidCheckExtendedEBX(unsigned int)
                0x00000000c001825a                CPU::cpuidCheckExtendedECX(unsigned int)
                0x00000000c0018288                CPU::CPU()
                0x00000000c0018288                CPU::CPU()
                0x00000000c0018316                CPU::displayFeatures()
                0x00000000c0018592                CPU::detectFeatures()
                0x00000000c0018f82                CPU::setupSMEP()
                0x00000000c0018f8e                CPU::setupUMIP()
                0x00000000c0018f98                CPU::setupTSC()
                0x00000000c0018fa2                CPU::setupLargePages()
                0x00000000c0018fac                CPU::setupPAT()
                0x00000000c0018fe8                CPU::setupMTRR()
                0x00000000c0018fea                CPU::setupGlobalPages()
                0x00000000c0018ff4                CPU::allowUsermodeDataAccess()
                0x00000000c0019006                CPU::prohibitUsermodeDataAccess()
                0x00000000c0019018                CPU::setupSMAP()
                0x00000000c0019026                CPU::setupFeatures()
                0x00000000c00190a6                CPU::open(int, int, void*)
                0x00000000c0019178                CPU::decodeAddress(regs*, int*, bool*, unsigned char*)
 .text          0x00000000c0019373        0x0 hw/ports.32
 *fill*         0x00000000c0019373        0x1 
 .text          0x00000000c0019374      0x5d3 krnl/env.32
                0x00000000c0019374                EnvVarContainer::getEnv(char const*)
                0x00000000c00193b2                EnvVarContainer::setEnv(char const*, char const*)
                0x00000000c001947e                EnvVarContainer::deleteEnv(char const*)
                0x00000000c0019480                EnvVarContainer::loadFrom(char const*, char const*)
                0x00000000c0019676                EnvVarContainer::__loadSystem()
                0x00000000c0019690                EnvVarContainer::__loadUser()
                0x00000000c0019692                EnvVarContainer::EnvVarContainer(Process*)
                0x00000000c0019692                EnvVarContainer::EnvVarContainer(Process*)
                0x00000000c00196b4                EnvVarContainer::~EnvVarContainer()
                0x00000000c00196b4                EnvVarContainer::~EnvVarContainer()
                0x00000000c00196e4                Krnl::getEnv(Process*, char const*)
                0x00000000c0019749                Krnl::setEnvSystem(char const*, char const*)
                0x00000000c0019763                Krnl::setEnvUser(char const*, char const*)
                0x00000000c0019782                Krnl::setEnvProcess(Process*, char const*, char const*)
                0x00000000c0019795                Krnl::deleteEnvSystem(char const*)
                0x00000000c0019796                Krnl::deleteEnvUser(char const*)
                0x00000000c0019797                Krnl::deleteEnvProcess(Process*, char const*)
                0x00000000c0019798                Krnl::newProcessEnv(Process*)
                0x00000000c00197ba                Krnl::copyProcessEnv(Process*, Process*)
                0x00000000c001980e                Krnl::loadSystemEnv()
                0x00000000c001983c                Krnl::loadUserEnv()
                0x00000000c0019862                Krnl::flushEnv()
                0x00000000c0019863                Krnl::getProcessTotalEnvCount(Process*)
                0x00000000c0019883                Krnl::getProcessEnvPair(Process*, int)
 .text          0x00000000c0019947      0x32c krnl/panic.32
                0x00000000c0019947                Krnl::panic(char const*)
 .text          0x00000000c0019c73      0x3b6 net/ethernet.32
                0x00000000c0019c73                Net::switchEndian16(unsigned short)
                0x00000000c0019c94                Net::switchEndian32(unsigned int)
                0x00000000c0019cc3                Net::crc32Calc(unsigned char*, int)
                0x00000000c0019d54                Net::wrapEthernetFrame(Net::UnwrappedEthernetFrame, unsigned char*)
                0x00000000c0019e90                Net::unwrapEthernetFrame(unsigned char*, int)
 .text          0x00000000c001a029      0x513 reg/registry.32
                0x00000000c001a029                Reg::findLineFromLoadedData(char*, char*, char*)
                0x00000000c001a181                Reg::getLineFromRegistry(char*, char*, char*, char*)
                0x00000000c001a2d6                Reg::getLine(char*, char*, char*)
                0x00000000c001a30d                Reg::readInt(char*, char*, int*)
                0x00000000c001a3f8                Reg::readString(char*, char*, char*, int)
                0x00000000c001a479                Reg::readBool(char*, char*, bool*)
                0x00000000c001a49e                Reg::readBoolWithDefault(char*, char*, bool)
                0x00000000c001a4ca                Reg::readIntWithDefault(char*, char*, int)
                0x00000000c001a4f6                Reg::readStringWithDefault(char*, char*, char*, int, char*)
 .text          0x00000000c001a53c       0x18 sys/sc_exit.32
                0x00000000c001a53c                Sys::exit(regs*)
 .text          0x00000000c001a554       0x1f sys/sc_getcwd.32
                0x00000000c001a554                Sys::getCwd(regs*)
 .text          0x00000000c001a573        0xc sys/sc_getpid.32
                0x00000000c001a573                Sys::getPID(regs*)
 .text          0x00000000c001a57f       0xa8 sys/sc_loaddll.32
                0x00000000c001a57f                Sys::loadDLL(regs*)
 .text          0x00000000c001a627       0x68 sys/sc_read.32
                0x00000000c001a627                Sys::read(regs*)
 .text          0x00000000c001a68f       0x55 sys/sc_sbrk.32
                0x00000000c001a68f                Sys::sbrk(regs*)
 .text          0x00000000c001a6e4       0x1c sys/sc_setcwd.32
                0x00000000c001a6e4                Sys::setCwd(regs*)
 .text          0x00000000c001a700       0x68 sys/sc_write.32
                0x00000000c001a700                Sys::write(regs*)
 .text          0x00000000c001a768       0x3b sys/sc_yield.32
                0x00000000c001a768                Sys::yield(regs*)
 .text          0x00000000c001a7a3     0x100a sys/syscalls.32
                0x00000000c001a7a3                sysCallSeekDir(regs*)
                0x00000000c001a7a8                sysCallTellDir(regs*)
                0x00000000c001a7ad                sysCallVerify(regs*)
                0x00000000c001a7b7                sysCallGetArgc(regs*)
                0x00000000c001a7c7                sysFormatDisk(regs*)
                0x00000000c001a831                sysSetDiskVolumeLabel(regs*)
                0x00000000c001a877                sysGetDiskVolumeLabel(regs*)
                0x00000000c001a8c8                sysShutdown(regs*)
                0x00000000c001a926                sysCallRealpath(regs*)
                0x00000000c001a969                sysCallReadDir(regs*)
                0x00000000c001a9f7                sysCallIsATTY(regs*)
                0x00000000c001aa51                sysCallSeek(regs*)
                0x00000000c001aaba                sysCallTell(regs*)
                0x00000000c001ab37                sysCallSize(regs*)
                0x00000000c001abba                sysCallSizeFromFilename(regs*)
                0x00000000c001ac7a                sysCallClose(regs*)
                0x00000000c001ad02                sysCallOpenDir(regs*)
                0x00000000c001ad77                sysCallCloseDir(regs*)
                0x00000000c001addd                sysCallMakeDir(regs*)
                0x00000000c001ae4d                sysCallWait(regs*)
                0x00000000c001ae67                sysCallNotImpl(regs*)
                0x00000000c001ae82                sysPanic(regs*)
                0x00000000c001aea8                sysCallRmdir(regs*)
                0x00000000c001af0c                sysCallUnlink(regs*)
                0x00000000c001af70                sysCallGetArgv(regs*)
                0x00000000c001afbc                sysCallTTYName(regs*)
                0x00000000c001b03f                sysCallUSleep(regs*)
                0x00000000c001b066                sysCallSpawn(regs*)
                0x00000000c001b0be                sysCallGetEnv(regs*)
                0x00000000c001b16b                sysAppSettings(regs*)
                0x00000000c001b28a                sysSetFatAttrib(regs*)
                0x00000000c001b2fc                sysPipe(regs*)
                0x00000000c001b341                sysGetUnixTime(regs*)
                0x00000000c001b355                string_ends_with(char const*, char const*)
                0x00000000c001b39d                sysCallOpen(regs*)
                0x00000000c001b5b2                setupSystemCalls()
                0x00000000c001b76b                systemCall(regs*, void*)
 .text          0x00000000c001b7ad     0x11ee thr/elf.32
                0x00000000c001b7ad                Thr::allocateMemoryForTask(Process*, File*, unsigned long, unsigned long, unsigned long)
                0x00000000c001ba2a                Thr::loadProgramIntoMemory(Process*, char const*)
                0x00000000c001bc40                Thr::runtimeReferenceHelper()
                0x00000000c001bc53                Thr::getAddressOfKernelSymbol(char const*)
                0x00000000c001bca2                Thr::loadKernelSymbolTable(char const*)
                0x00000000c001bf5e                Thr::loadDriverIntoMemory(char const*, unsigned long, bool)
                0x00000000c001c6df                Thr::getDriverBaseFromAddress(unsigned long)
                0x00000000c001c711                Thr::getDriverNameFromAddress(unsigned long)
                0x00000000c001c748                Thr::getDriverOffsetFromAddress(unsigned long)
                0x00000000c001c762                Thr::loadDLL(char const*, bool)
                0x00000000c001c971                Thr::executeDLL(unsigned long, void*)
 *fill*         0x00000000c001c99b        0x1 
 .text          0x00000000c001c99c     0x1056 thr/prcssthr.32
                0x00000000c001c99c                changeTSS
                0x00000000c001c9cc                Process::addArgs(char**)
                0x00000000c001ca26                Process::Process(char const*, Process*, char**)
                0x00000000c001ca26                Process::Process(char const*, Process*, char**)
                0x00000000c001cc0a                Process::Process(bool, char const*, Process*, char**)
                0x00000000c001cc0a                Process::Process(bool, char const*, Process*, char**)
                0x00000000c001cdb9                disableIRQs()
                0x00000000c001cdc1                getIRQNestingLevel()
                0x00000000c001cdc7                enableIRQs()
                0x00000000c001cdd6                lockScheduler()
                0x00000000c001cdd8                unlockScheduler()
                0x00000000c001cdda                userModeEntryPoint(void*)
                0x00000000c001cdfd                lockStuff()
                0x00000000c001ce09                taskStartupFunction
                0x00000000c001ce12                updateTimeUsed()
                0x00000000c001ce77                switchToThread(ThreadControlBlock*)
                0x00000000c001cec8                Semaphore::Semaphore(int)
                0x00000000c001cec8                Semaphore::Semaphore(int)
                0x00000000c001cef6                Mutex::Mutex()
                0x00000000c001cef6                Mutex::Mutex()
                0x00000000c001cf08                Process::createThread(void (*)(void*), void*, int)
                0x00000000c001cfec                Process::createUserThread()
                0x00000000c001d008                setupMultitasking(void (*)())
                0x00000000c001d112                schedule()
                0x00000000c001d197                unlockStuff()
                0x00000000c001d1cc                Semaphore::tryAcquire()
                0x00000000c001d1fa                Semaphore::assertLocked(char const*)
                0x00000000c001d22a                blockTaskWithSchedulerLockAlreadyHeld(TaskState)
                0x00000000c001d26c                blockTask(TaskState)
                0x00000000c001d28d                waitTask(int, int*, int)
                0x00000000c001d2cf                nanoSleepUntil(unsigned long long)
                0x00000000c001d326                nanoSleep(unsigned long long)
                0x00000000c001d33b                sleep(unsigned long long)
                0x00000000c001d358                Semaphore::acquire()
                0x00000000c001d3c0                taskReturned
                0x00000000c001d3ee                unblockTask(ThreadControlBlock*)
                0x00000000c001d49d                cleanupTerminatedTask(ThreadControlBlock*)
                0x00000000c001d766                cleanerTaskFunction(void*)
                0x00000000c001d819                terminateTask(int)
                0x00000000c001d8f9                Thr::terminateFromIRQ(int)
                0x00000000c001d906                Semaphore::release()
 .text          0x00000000c001d9f2      0xc26 vm86/vm8086.32
                0x00000000c001d9f2                Vm::inbv(unsigned short)
                0x00000000c001da05                Vm::outbv(unsigned short, unsigned char)
                0x00000000c001da58                Vm::realToLinear(unsigned short, unsigned short)
                0x00000000c001da68                Vm::getSegment(unsigned int)
                0x00000000c001da70                Vm::getOffset(unsigned int)
                0x00000000c001da75                Vm::mainloop2()
                0x00000000c001dab0                Vm::mainVm8086Loop(void*)
                0x00000000c001dabd                Vm::mainloop3(unsigned long)
                0x00000000c001dae7                Vm::initialise8086()
                0x00000000c001db2a                Vm::finish8086()
                0x00000000c001db6f                Vm::getOutput8086(unsigned char*)
                0x00000000c001db99                Vm::start8086(char const*, unsigned short, unsigned short, unsigned short, unsigned short)
                0x00000000c001dce9                Vm::doISR(regs*, int, unsigned char*, unsigned short, unsigned short)
                0x00000000c001dd73                Vm::readByteFromReal(unsigned short, unsigned short)
                0x00000000c001dd84                Vm::readWordFromReal(unsigned short, unsigned short)
                0x00000000c001dd96                Vm::readDwordFromReal(unsigned short, unsigned short)
                0x00000000c001dda7                Vm::writeByteFromReal(unsigned short, unsigned short, unsigned char)
                0x00000000c001ddbc                Vm::writeWordFromReal(unsigned short, unsigned short, unsigned short)
                0x00000000c001ddd2                Vm::writeDwordFromReal(unsigned short, unsigned short, unsigned int)
                0x00000000c001dde7                Vm::faultHandler(regs*)
 .text          0x00000000c001e618      0xefd vm86/x87em.32
                0x00000000c001e618                Vm::fpuInternalTo32(unsigned long long)
                0x00000000c001e673                Vm::fpuInternalTo64(unsigned long long)
                0x00000000c001e67c                Vm::fpu32ToInternal(unsigned int)
                0x00000000c001e6c1                Vm::fpu64ToInternal(unsigned long long)
                0x00000000c001e6ca                Vm::fpuFloatToLong(unsigned long long)
                0x00000000c001e725                Vm::fpuULongToFloat(unsigned long long)
                0x00000000c001e75b                Vm::fpuLongToFloat(long long)
                0x00000000c001e7b1                Vm::fpuGet0()
                0x00000000c001e7b6                Vm::fpuGet1()
                0x00000000c001e7be                Vm::fpuGetPi()
                0x00000000c001e7c6                Vm::fpuGetLog2E()
                0x00000000c001e7de                Vm::fpuGetLogE2()
                0x00000000c001e7f6                Vm::fpuGetLog210()
                0x00000000c001e80e                Vm::fpuGetLog102()
                0x00000000c001e826                Vm::fpuIsSecondLarger(unsigned long long, unsigned long long)
                0x00000000c001e83a                Vm::fpuAreEqual(unsigned long long, unsigned long long)
                0x00000000c001e850                Vm::fpuUnorderedCompare(unsigned long long, unsigned long long)
                0x00000000c001e8a3                Vm::fpuAdd(unsigned long long, unsigned long long)
                0x00000000c001e8b4                Vm::fpuAbs(unsigned long long)
                0x00000000c001e8bd                Vm::fpuChs(unsigned long long)
                0x00000000c001e8cd                Vm::fpuSub(unsigned long long, unsigned long long)
                0x00000000c001e8dc                Vm::fpuMultiply(unsigned long long, unsigned long long)
                0x00000000c001e8fb                Vm::fpuDivide(unsigned long long, unsigned long long)
                0x00000000c001e917                Vm::fpuSquare(unsigned long long)
                0x00000000c001e92d                Vm::fpuGetReg(int)
                0x00000000c001e970                Vm::fpuSetReg(int, unsigned long long)
                0x00000000c001e9bb                Vm::fpuPush(unsigned long long)
                0x00000000c001ea18                Vm::fpuPop()
                0x00000000c001ea6a                Vm::x87Handler(regs*)
 *fill*         0x00000000c001f515        0x1 
 .text          0x00000000c001f516     0x10ed fs/fat/vfslink.32
                0x00000000c001f516                FAT::getName()
                0x00000000c001f51c                FAT::tell(void*, unsigned long long*)
                0x00000000c001f550                FAT::stat(void*, unsigned long long*)
                0x00000000c001f584                FAT::~FAT()
                0x00000000c001f584                FAT::~FAT()
                0x00000000c001f5a8                FAT::~FAT()
                0x00000000c001f5d0                FAT::getlabel(LogicalDisk*, int, char*, unsigned int*)
                0x00000000c001f66e                FAT::setlabel(LogicalDisk*, int, char*)
                0x00000000c001f728                FAT::format(LogicalDisk*, int, char const*, int)
                0x00000000c001f90c                FAT::tryMount(LogicalDisk*, int)
                0x00000000c001fb12                FAT::readDir(void*, unsigned long, void*, int*)
                0x00000000c001fc18                FAT::read(void*, unsigned long, void*, int*)
                0x00000000c001fc72                FAT::write(void*, unsigned long, void*, int*)
                0x00000000c001fccc                FAT::close(void*)
                0x00000000c001fd18                FAT::closeDir(void*)
                0x00000000c001fd64                FAT::seek(void*, unsigned long long)
                0x00000000c001fdb8                fatWrapperReadDisk
                0x00000000c001fdff                fatWrapperWriteDisk
                0x00000000c001fe46                fatWrapperIoctl
                0x00000000c001ff4a                FAT::FAT()
                0x00000000c001ff4a                FAT::FAT()
                0x00000000c001ff9c                FAT::fixFilepath(char*)
                0x00000000c001ffd4                FAT::open(char const*, void**, FileOpenMode)
                0x00000000c00200fc                FAT::openDir(char const*, void**)
                0x00000000c00201a2                FAT::stat(char const*, unsigned long long*, bool*)
                0x00000000c002028c                FAT::unlink(char const*)
                0x00000000c0020306                FAT::chfatattr(char const*, unsigned char, unsigned char)
                0x00000000c002045a                FAT::rename(char const*, char const*)
                0x00000000c002051e                FAT::mkdir(char const*)
                0x00000000c0020598                FAT::exists(char const*)
 *fill*         0x00000000c0020603        0x1 
 .text          0x00000000c0020604      0xbdf fs/iso9660/vfslink.32
                0x00000000c0020604                ISO9660::format(LogicalDisk*, int, char const*, int)
                0x00000000c002060a                ISO9660::seek(void*, unsigned long long)
                0x00000000c002063a                ISO9660::tell(void*, unsigned long long*)
                0x00000000c002065e                ISO9660::getName()
                0x00000000c0020664                ISO9660::stat(void*, unsigned long long*)
                0x00000000c0020688                ISO9660::chfatattr(char const*, unsigned char, unsigned char)
                0x00000000c002068e                ISO9660::unlink(char const*)
                0x00000000c0020694                ISO9660::write(void*, unsigned long, void*, int*)
                0x00000000c002069a                ISO9660::rename(char const*, char const*)
                0x00000000c00206a0                ISO9660::mkdir(char const*)
                0x00000000c00206a6                ISO9660::close(void*)
                0x00000000c00206c8                ISO9660::closeDir(void*)
                0x00000000c00206ea                ISO9660::~ISO9660()
                0x00000000c00206ea                ISO9660::~ISO9660()
                0x00000000c002070e                ISO9660::~ISO9660()
                0x00000000c0020735                __memmem(unsigned char*, int, unsigned char*, int)
                0x00000000c0020777                readSectorFromCDROM(unsigned int, unsigned char*, char)
                0x00000000c00207de                ISO9660::tryMount(LogicalDisk*, int)
                0x00000000c002082e                ISO9660::read(void*, unsigned long, void*, int*)
                0x00000000c0020a72                ISO9660::readDir(void*, unsigned long, void*, int*)
                0x00000000c0020cff                readRoot(unsigned int*, unsigned int*, char)
                0x00000000c0020d54                readRecursively(char*, unsigned int, unsigned int, unsigned int*, unsigned int*, char, int*)
                0x00000000c0020f27                getFileData(char*, unsigned int*, unsigned int*, char, int*)
                0x00000000c0020fb6                ISO9660::open(char const*, void**, FileOpenMode)
                0x00000000c0021050                ISO9660::exists(char const*)
                0x00000000c0021074                ISO9660::stat(char const*, unsigned long long*, bool*)
                0x00000000c0021108                ISO9660::openDir(char const*, void**)
                0x00000000c00211c0                ISO9660::ISO9660()
                0x00000000c00211c0                ISO9660::ISO9660()
 *fill*         0x00000000c00211e3        0x1 
 .text          0x00000000c00211e4      0x326 hal/sound/sndchannel.32
                0x00000000c00211e4                SoundChannel::~SoundChannel()
                0x00000000c00211e4                SoundChannel::~SoundChannel()
                0x00000000c0021200                SoundChannel::setSpeed(float)
                0x00000000c002120c                SoundChannel::getSpeed()
                0x00000000c0021214                SoundChannel::setVolume(int)
                0x00000000c0021230                SoundChannel::getVolume()
                0x00000000c0021238                SoundChannel::pause()
                0x00000000c0021242                SoundChannel::SoundChannel(int, int, int, int)
                0x00000000c0021242                SoundChannel::SoundChannel(int, int, int, int)
                0x00000000c0021398                SoundChannel::play()
                0x00000000c00213a2                SoundChannel::paused()
                0x00000000c00213aa                SoundChannel::getSampleRate()
                0x00000000c00213b2                SoundChannel::getBits()
                0x00000000c00213ba                SoundChannel::getBufferUsed()
                0x00000000c00213c2                SoundChannel::getBufferSize()
                0x00000000c00213ca                SoundChannel::unbuffer(float*, int, int)
                0x00000000c002146a                SoundChannel::buffer8(unsigned char*, int)
 .text          0x00000000c002150a      0x3d5 hal/sound/sndhw.32
                0x00000000c002150a                SoundDevice::SoundDevice(char const*)
                0x00000000c002150a                SoundDevice::SoundDevice(char const*)
                0x00000000c0021576                SoundDevice::~SoundDevice()
                0x00000000c0021576                SoundDevice::~SoundDevice()
                0x00000000c00215f0                SoundDevice::~SoundDevice()
                0x00000000c002161a                SoundDevice::getFreeChannelNum()
                0x00000000c0021634                SoundDevice::addChannel(SoundChannel*)
                0x00000000c00216a4                SoundDevice::removeChannel(int)
                0x00000000c00216d6                SoundDevice::floatTo8(float*, unsigned char*, int)
                0x00000000c00217be                SoundDevice::getAudio(int, float*, float*)
 .text          0x00000000c00218df        0x0 hw/bus/isa.32
 *fill*         0x00000000c00218df        0x1 
 .text          0x00000000c00218e0      0x6c3 hw/bus/pci.32
                0x00000000c00218e0                PCI::open(int, int, void*)
                0x00000000c00218f4                PCI::close(int, int, void*)
                0x00000000c00218f8                PCI::PCI()
                0x00000000c00218f8                PCI::PCI()
                0x00000000c0021978                PCI::pciReadWord(unsigned char, unsigned char, unsigned char, unsigned char)
                0x00000000c00219c0                PCI::getVendorID(unsigned char, unsigned char, unsigned char)
                0x00000000c00219e2                PCI::getHeaderType(unsigned char, unsigned char, unsigned char)
                0x00000000c0021a06                PCI::getClassCode(unsigned char, unsigned char, unsigned char)
                0x00000000c0021a4a                PCI::getProgIF(unsigned char, unsigned char, unsigned char)
                0x00000000c0021a6e                PCI::getRevisionID(unsigned char, unsigned char, unsigned char)
                0x00000000c0021a90                PCI::getInterruptNumber(unsigned char, unsigned char, unsigned char)
                0x00000000c0021ab2                PCI::getSecondaryBus(unsigned char, unsigned char, unsigned char)
                0x00000000c0021ad6                PCI::getBARAddress(unsigned char, unsigned char, unsigned char, unsigned char)
                0x00000000c0021b36                PCI::pciWriteWord(unsigned char, unsigned char, unsigned char, unsigned char, unsigned short)
                0x00000000c0021ba2                PCI::checkBus(unsigned char)
                0x00000000c0021bc6                PCI::foundDevice(PCIDeviceInfo)
                0x00000000c0021d38                PCI::getDeviceData(unsigned char, unsigned char, unsigned char)
                0x00000000c0021ee4                PCI::checkDevice(unsigned char, unsigned char)
                0x00000000c0021f50                PCI::detect()
 *fill*         0x00000000c0021fa3        0x1 
 .text          0x00000000c0021fa4      0xc70 hw/diskctrl/ide.32
                0x00000000c0021fa4                IDE::close(int, int, void*)
                0x00000000c0021fa8                IDE::IDE()
                0x00000000c0021fa8                IDE::IDE()
                0x00000000c0021fdc                IDE::prepareInterrupt(unsigned char)
                0x00000000c0021fee                selectDrive(unsigned char, unsigned char)
                0x00000000c0021ff0                IDE::getBase(unsigned char)
                0x00000000c0022002                IDE::write(unsigned char, unsigned char, unsigned char)
                0x00000000c00220c2                IDE::read(unsigned char, unsigned char)
                0x00000000c0022170                IDE::waitInterrupt(unsigned char)
                0x00000000c00221d6                ideChannel0IRQHandler(regs*, void*)
                0x00000000c00221f2                ideChannel1IRQHandler(regs*, void*)
                0x00000000c002220e                IDE::enableIRQs(unsigned char, bool)
                0x00000000c0022254                IDE::open(int, int, void*)
                0x00000000c0022664                IDE::readBuffer(unsigned char, unsigned char, unsigned int, unsigned int)
                0x00000000c0022730                IDE::detect()
                0x00000000c0022a18                IDE::printError(unsigned char, unsigned char, unsigned char)
                0x00000000c0022bae                IDE::polling(unsigned char, unsigned int)
 .text          0x00000000c0022c14      0x37a hw/diskctrl/satabus.32
                0x00000000c0022c14                SATABus::close(int, int, void*)
                0x00000000c0022c18                SATABus::detect()
                0x00000000c0022c1a                SATABus::SATABus()
                0x00000000c0022c1a                SATABus::SATABus()
                0x00000000c0022cc6                SATABus::findCmdslot(SATABus::tagHBA_PORT volatile*)
                0x00000000c0022d0e                SATABus::checkType(SATABus::tagHBA_PORT volatile*)
                0x00000000c0022d56                SATABus::startCmd(SATABus::tagHBA_PORT volatile*)
                0x00000000c0022d76                SATABus::stopCmd(SATABus::tagHBA_PORT volatile*)
                0x00000000c0022da0                SATABus::portRebase(SATABus::tagHBA_PORT volatile*, int)
                0x00000000c0022ea6                SATABus::probePort(SATABus::tagHBA_MEM volatile*)
                0x00000000c0022f6e                SATABus::open(int, int, void*)
 .text          0x00000000c0022f8e      0x62b hw/diskphys/ata.32
                0x00000000c0022f8e                ATA::close(int, int, void*)
                0x00000000c0022fb2                ATA::powerSaving(PowerSavingLevel)
                0x00000000c0022fb4                ATA::ATA()
                0x00000000c0022fb4                ATA::ATA()
                0x00000000c0022fe2                ATA::flush(bool)
                0x00000000c002302c                ATA::readyForCommand()
                0x00000000c002307c                ATA::access(unsigned long long, int, void*, bool)
                0x00000000c00233fa                ATA::read(unsigned long long, int, void*)
                0x00000000c0023462                ATA::write(unsigned long long, int, void*)
                0x00000000c00234ca                ATA::detectCHS()
                0x00000000c00234f4                ATA::open(int, int, void*)
 *fill*         0x00000000c00235b9        0x1 
 .text          0x00000000c00235ba      0x5b3 hw/diskphys/atapi.32
                0x00000000c00235ba                ATAPI::write(unsigned long long, int, void*)
                0x00000000c00235c0                ATAPI::close(int, int, void*)
                0x00000000c00235e4                ATAPI::ATAPI()
                0x00000000c00235e4                ATAPI::ATAPI()
                0x00000000c0023612                ATAPI::readyForCommand()
                0x00000000c0023662                ATAPI::sendPacket(unsigned char*, int, bool, unsigned short*, int)
                0x00000000c0023922                ATAPI::diskRemoved()
                0x00000000c002393e                ATAPI::eject()
                0x00000000c0023984                ATAPI::diskInserted()
                0x00000000c00239b2                ATAPI::detectMedia()
                0x00000000c0023a6e                ATAPI::open(int, int, void*)
                0x00000000c0023aee                ATAPI::read(unsigned long long, int, void*)
 *fill*         0x00000000c0023b6d        0x1 
 .text          0x00000000c0023b6e      0x414 hw/diskphys/sata.32
                0x00000000c0023b6e                SATA::close(int, int, void*)
                0x00000000c0023b92                SATA::powerSaving(PowerSavingLevel)
                0x00000000c0023b94                SATA::open(int, int, void*)
                0x00000000c0023bf0                SATA::SATA()
                0x00000000c0023bf0                SATA::SATA()
                0x00000000c0023c1e                SATA::access(unsigned long long, int, void*, bool)
                0x00000000c0023eb2                SATA::read(unsigned long long, int, void*)
                0x00000000c0023f1a                SATA::write(unsigned long long, int, void*)
 .text          0x00000000c0023f82       0x8e hw/fpu/avx.32
                0x00000000c0023f82                AVX::open(int, int, void*)
                0x00000000c0023f94                AVX::close(int, int, void*)
                0x00000000c0023fa6                AVX::available()
                0x00000000c0023fb8                AVX::save(void*)
                0x00000000c0023fd0                AVX::load(void*)
                0x00000000c0023fe8                AVX::AVX()
                0x00000000c0023fe8                AVX::AVX()
 .text          0x00000000c0024010       0x90 hw/fpu/mmx.32
                0x00000000c0024010                MMX::available()
                0x00000000c0024024                MMX::open(int, int, void*)
                0x00000000c0024036                MMX::close(int, int, void*)
                0x00000000c0024048                MMX::save(void*)
                0x00000000c0024060                MMX::load(void*)
                0x00000000c0024078                MMX::MMX()
                0x00000000c0024078                MMX::MMX()
 .text          0x00000000c00240a0       0x96 hw/fpu/sse.32
                0x00000000c00240a0                SSE::open(int, int, void*)
                0x00000000c00240b2                SSE::close(int, int, void*)
                0x00000000c00240c4                SSE::available()
                0x00000000c00240de                SSE::save(void*)
                0x00000000c00240f6                SSE::load(void*)
                0x00000000c002410e                SSE::SSE()
                0x00000000c002410e                SSE::SSE()
 .text          0x00000000c0024136       0x8e hw/fpu/x87.32
                0x00000000c0024136                x87::open(int, int, void*)
                0x00000000c0024148                x87::close(int, int, void*)
                0x00000000c002415a                x87::available()
                0x00000000c002416c                x87::save(void*)
                0x00000000c0024184                x87::load(void*)
                0x00000000c002419c                x87::x87()
                0x00000000c002419c                x87::x87()
 .text          0x00000000c00241c4      0x71e hw/intctrl/apic.32
                0x00000000c00241c4                APIC::disable()
                0x00000000c00241c6                APIC::close(int, int, void*)
                0x00000000c00241e8                IOAPIC::close(int, int, void*)
                0x00000000c00241ee                APIC::io_wait()
                0x00000000c00241f4                APIC::getBase()
                0x00000000c0024236                APIC::eoi(unsigned char)
                0x00000000c0024264                APIC::open(int, int, void*)
                0x00000000c00243b2                IOAPIC::IOAPIC()
                0x00000000c00243b2                IOAPIC::IOAPIC()
                0x00000000c00243da                APIC::APIC()
                0x00000000c00243da                APIC::APIC()
                0x00000000c00244b6                IOAPIC::handlesGSIWithNumber(unsigned int)
                0x00000000c00244e8                IOAPIC::read(int)
                0x00000000c0024510                IOAPIC::open(int, int, void*)
                0x00000000c0024606                IOAPIC::write(int, int)
                0x00000000c0024632                IOAPIC::redirect(unsigned char, unsigned long long, unsigned char, bool, bool)
                0x00000000c002472c                APIC::installIRQHandler(int, void (*)(regs*, void*), bool, void*)
 .text          0x00000000c00248e2      0x3d3 hw/intctrl/pic.32
                0x00000000c00248e2                PIC::disable()
                0x00000000c0024910                PIC::close(int, int, void*)
                0x00000000c0024932                PIC::PIC()
                0x00000000c0024932                PIC::PIC()
                0x00000000c0024a08                PIC::ioWait()
                0x00000000c0024a0e                PIC::getIRQReg(int)
                0x00000000c0024a78                PIC::eoi(unsigned char)
                0x00000000c0024b0a                PIC::remap()
                0x00000000c0024c76                PIC::open(int, int, void*)
 *fill*         0x00000000c0024cb5        0x1 
 .text          0x00000000c0024cb6      0x25e hw/timer/apictimer.32
                0x00000000c0024cb6                APICTimer::close(int, int, void*)
                0x00000000c0024cbc                apicTimerHandler(regs*, void*)
                0x00000000c0024cea                APICTimer::write(int)
                0x00000000c0024dee                APICTimer::open(int, int, void*)
                0x00000000c0024eec                APICTimer::APICTimer()
                0x00000000c0024eec                APICTimer::APICTimer()
 .text          0x00000000c0024f14      0x1a7 hw/timer/pit.32
                0x00000000c0024f14                PIT::write(int)
                0x00000000c0024f92                pitHandler(regs*, void*)
                0x00000000c0024fbe                PIT::open(int, int, void*)
                0x00000000c002500c                PIT::close(int, int, void*)
                0x00000000c002503c                PIT::PIT()
                0x00000000c002503c                PIT::PIT()
 *fill*         0x00000000c00250bb        0x5 
 .text          0x00000000c00250c0       0x1e hw/fpu/x86/avx.32
                0x00000000c00250c0                avxDetect
                0x00000000c00250c6                avxSave
                0x00000000c00250c7                avxLoad
                0x00000000c00250c8                avxInit
                0x00000000c00250c9                avxClose
                0x00000000c00250ca                wouldSheSayYes
 *fill*         0x00000000c00250de        0x2 
 .text          0x00000000c00250e0       0x35 hw/fpu/x86/sse.32
                0x00000000c00250e0                absolutelyNoChanceInHell
                0x00000000c00250e0                sseDetect
                0x00000000c00250f8                sseSave
                0x00000000c00250fe                sseLoad
                0x00000000c0025104                sseInit
                0x00000000c0025114                sseClose
 *fill*         0x00000000c0025115        0xb 
 .text          0x00000000c0025120       0x47 hw/fpu/x86/x87.32
                0x00000000c0025126                x87Detect
                0x00000000c0025141                x87Save
                0x00000000c0025147                x87Load
                0x00000000c002514c                x87Init
                0x00000000c0025166                x87Close
 *fill*         0x00000000c0025167        0x1 
 .text          0x00000000c0025168       0x25 /cygdrive/d/Users/Alex/Desktop/Toolchain/Output/bin/../lib/gcc/i386-banana/8.1.0/crtend.o
 .text          0x00000000c002518d        0x0 crtn.32
 *fill*         0x00000000c002518d        0x3 
 .text          0x00000000c0025190      0x14b /cygdrive/d/Users/Alex/Desktop/Toolchain/Output/bin/../lib/gcc/i386-banana/8.1.0/libkgcc.a(_divdi3.o)
                0x00000000c0025190                __divdi3
 *fill*         0x00000000c00252db        0x1 
 .text          0x00000000c00252dc      0x17e /cygdrive/d/Users/Alex/Desktop/Toolchain/Output/bin/../lib/gcc/i386-banana/8.1.0/libkgcc.a(_moddi3.o)
                0x00000000c00252dc                __moddi3
 *fill*         0x00000000c002545a        0x2 
 .text          0x00000000c002545c       0xff /cygdrive/d/Users/Alex/Desktop/Toolchain/Output/bin/../lib/gcc/i386-banana/8.1.0/libkgcc.a(_udivdi3.o)
                0x00000000c002545c                __udivdi3
 *fill*         0x00000000c002555b        0x1 
 .text          0x00000000c002555c      0x11a /cygdrive/d/Users/Alex/Desktop/Toolchain/Output/bin/../lib/gcc/i386-banana/8.1.0/libkgcc.a(_umoddi3.o)
                0x00000000c002555c                __umoddi3
 .text          0x00000000c0025676      0x96d D:/Users/Alex/Desktop/Banana/kernel/libsoftfp.a(sfieeelib.o)
                0x00000000c0025676                __addsf3
                0x00000000c0025978                __subsf3
                0x00000000c002598c                __negsf2
                0x00000000c0025999                __mulsf3
                0x00000000c0025b5c                __divsf3
                0x00000000c0025d87                __floatsisf
                0x00000000c0025dfb                __floatunsisf
                0x00000000c0025e3d                __fixsfsi
                0x00000000c0025e9f                __fixunssfsi
                0x00000000c0025ed0                __cmpsf2
                0x00000000c0025f65                __eqsf2
                0x00000000c0025fa0                __nesf2
                0x00000000c0025fa2                __gtsf2
                0x00000000c0025fdd                __gesf2
                0x00000000c0025fdf                __ltsf2
                0x00000000c0025fe1                __lesf2
 .text          0x00000000c0025fe3      0xf50 D:/Users/Alex/Desktop/Banana/kernel/libsoftfp.a(dfieeelib.o)
                0x00000000c0025fe3                __adddf3
                0x00000000c0026634                __subdf3
                0x00000000c002664f                __negdf2
                0x00000000c0026660                __muldf3
                0x00000000c0026944                __divdf3
                0x00000000c0026cc3                __floatsidf
                0x00000000c0026d1e                __floatunsidf
                0x00000000c0026d5c                __fixdfsi
                0x00000000c0026dc9                __fixunsdfsi
                0x00000000c0026e05                __cmpdf2
                0x00000000c0026ef3                __eqdf2
                0x00000000c0026f0f                __nedf2
                0x00000000c0026f11                __gtdf2
                0x00000000c0026f2d                __gedf2
                0x00000000c0026f2f                __ltdf2
                0x00000000c0026f31                __ledf2
 .text          0x00000000c0026f33      0x18d D:/Users/Alex/Desktop/Banana/kernel/libsoftfp.a(sfdfcvt.o)
                0x00000000c0026f33                __truncdfsf2
                0x00000000c0027057                __extendsfdf2
 .text          0x00000000c00270c0       0x1e D:/Users/Alex/Desktop/Banana/kernel/libk/libm32.a(s_fabs.c.o)
                0x00000000c00270c0                fabs
 *fill*         0x00000000c00270de        0x2 
 .text          0x00000000c00270e0        0xc D:/Users/Alex/Desktop/Banana/kernel/libk/libm32.a(s_lrint.S.o)
                0x00000000c00270e0                lrint
 .text          0x00000000c00270ec        0xc D:/Users/Alex/Desktop/Banana/kernel/libk/libm32.a(s_lrintf.S.o)
                0x00000000c00270ec                lrintf
 *(.gnu.linkonce.t*)

.iplt           0x00000000c00270f8        0x0
 .iplt          0x00000000c00270f8        0x0 D:/Users/Alex/Desktop/Banana/kernel/boot.32

.init           0x00000000c00270f8        0xf
 .init          0x00000000c00270f8        0x3 crti.32
                0x00000000c00270f8                _init
 .init          0x00000000c00270fb        0x5 /cygdrive/d/Users/Alex/Desktop/Toolchain/Output/bin/../lib/gcc/i386-banana/8.1.0/crtbegin.o
 .init          0x00000000c0027100        0x5 /cygdrive/d/Users/Alex/Desktop/Toolchain/Output/bin/../lib/gcc/i386-banana/8.1.0/crtend.o
 .init          0x00000000c0027105        0x2 crtn.32

.fini           0x00000000c0027107        0xa
 .fini          0x00000000c0027107        0x3 crti.32
                0x00000000c0027107                _fini