Archive member included to satisfy reference by file (symbol)

/cygdrive/d/Users/Alex/Desktop/Toolchain/Output/bin/../lib/gcc/i386-banana/8.1.0/libkgcc.a(_divdi3.o)
                              fs/fat/ff.32 (__divdi3)
/cygdrive/d/Users/Alex/Desktop/Toolchain/Output/bin/../lib/gcc/i386-banana/8.1.0/libkgcc.a(_moddi3.o)
                              compat/resolve.32 (__moddi3)
/cygdrive/d/Users/Alex/Desktop/Toolchain/Output/bin/../lib/gcc/i386-banana/8.1.0/libkgcc.a(_udivdi3.o)
                              fs/fat/ff.32 (__udivdi3)
/cygdrive/d/Users/Alex/Desktop/Toolchain/Output/bin/../lib/gcc/i386-banana/8.1.0/libkgcc.a(_umoddi3.o)
                              compat/resolve.32 (__umoddi3)
D:/Users/Alex/Desktop/Banana/kernel/libsoftfp.a(sfieeelib.o)
                              hal/sound/sndhw.32 (__addsf3)
D:/Users/Alex/Desktop/Banana/kernel/libsoftfp.a(dfieeelib.o)
                              hal/libresample/src_linear.32 (__adddf3)
D:/Users/Alex/Desktop/Banana/kernel/libsoftfp.a(sfdfcvt.o)
                              hal/libresample/samplerate.32 (__truncdfsf2)
D:/Users/Alex/Desktop/Banana/kernel/libk/libm32.a(s_fabs.c.o)
                              hal/libresample/samplerate.32 (fabs)
D:/Users/Alex/Desktop/Banana/kernel/libk/libm32.a(s_lrint.S.o)
                              hal/libresample/samplerate.32 (lrint)
D:/Users/Alex/Desktop/Banana/kernel/libk/libm32.a(s_lrintf.S.o)
                              hal/sound/sndhw.32 (lrintf)

Discarded input sections

 .comment       0x0000000000000000       0x12 /cygdrive/d/Users/Alex/Desktop/Toolchain/Output/bin/../lib/gcc/i386-banana/8.1.0/crtbegin.o
 .comment       0x0000000000000000       0x12 acpica/utclib.32
 .comment       0x0000000000000000       0x12 core/malloc.32
 .comment       0x0000000000000000       0x12 libk/string.32
 .comment       0x0000000000000000       0x12 fs/fat/diskio.32
 .comment       0x0000000000000000       0x12 fs/fat/ff.32
 .comment       0x0000000000000000       0x12 fs/fat/ffsystem.32
 .comment       0x0000000000000000       0x12 fs/fat/ffunicode.32
 .comment       0x0000000000000000       0x12 hal/libresample/samplerate.32
 .comment       0x0000000000000000       0x12 hal/libresample/src_linear.32
 .comment       0x0000000000000000       0x12 hal/libresample/src_sinc.32
 .comment       0x0000000000000000       0x12 hal/libresample/src_zoh.32
 .comment       0x0000000000000000       0x12 compat/inlines.32
 .comment       0x0000000000000000       0x12 compat/resolve.32
 .group         0x0000000000000000       0x14 core/computer.32
 .group         0x0000000000000000        0xc core/computer.32
 .comment       0x0000000000000000       0x12 core/computer.32
 .comment       0x0000000000000000       0x12 core/gdt.32
 .group         0x0000000000000000        0xc core/idle.32
 .comment       0x0000000000000000       0x12 core/idle.32
 .comment       0x0000000000000000       0x12 core/idt.32
 .comment       0x0000000000000000       0x12 core/kheap.32
 .comment       0x0000000000000000       0x12 core/main.32
 .comment       0x0000000000000000       0x12 core/physmgr.32
 .group         0x0000000000000000        0xc core/pipe.32
 .comment       0x0000000000000000       0x12 core/pipe.32
 .group         0x0000000000000000        0xc core/terminal.32
 .comment       0x0000000000000000       0x12 core/terminal.32
 .comment       0x0000000000000000       0x12 core/tss.32
 .group         0x0000000000000000        0x8 core/unixfile.32
 .group         0x0000000000000000        0xc core/unixfile.32
 .group         0x0000000000000000        0xc core/unixfile.32
 .group         0x0000000000000000        0x8 core/unixfile.32
 .group         0x0000000000000000        0xc core/unixfile.32
 .group         0x0000000000000000        0x8 core/unixfile.32
 .group         0x0000000000000000        0xc core/unixfile.32
 .group         0x0000000000000000        0xc core/unixfile.32
 .comment       0x0000000000000000       0x12 core/unixfile.32
 .comment       0x0000000000000000       0x12 core/virtmgr.32
 .comment       0x0000000000000000       0x12 coreobjs/c++.32
 .comment       0x0000000000000000       0x12 dbg/kconsole.32
 .group         0x0000000000000000        0xc fs/vfs.32
 .group         0x0000000000000000        0xc fs/vfs.32
 .group         0x0000000000000000        0xc fs/vfs.32
 .comment       0x0000000000000000       0x12 fs/vfs.32
 .group         0x0000000000000000        0xc hal/bus.32
 .comment       0x0000000000000000       0x12 hal/bus.32
 .group         0x0000000000000000        0xc hal/buzzer.32
 .comment       0x0000000000000000       0x12 hal/buzzer.32
 .group         0x0000000000000000        0xc hal/clock.32
 .comment       0x0000000000000000       0x12 hal/clock.32
 .group         0x0000000000000000       0x14 hal/device.32
 .group         0x0000000000000000        0xc hal/device.32
 .group         0x0000000000000000        0xc hal/device.32
 .group         0x0000000000000000        0xc hal/device.32
[...]
Memory Configuration

Name             Origin             Length             Attributes
*default*        0x0000000000000000 0xffffffffffffffff

Linker script and memory map

LOAD D:/Users/Alex/Desktop/Banana/kernel/boot.32
LOAD crti.32
LOAD /cygdrive/d/Users/Alex/Desktop/Toolchain/Output/bin/../lib/gcc/i386-banana/8.1.0/crtbegin.o
LOAD D:/Users/Alex/Desktop/Banana/kernel/morenasm.32
LOAD acpica/utclib.32
LOAD core/malloc.32
LOAD libk/string.32
LOAD fs/fat/diskio.32
LOAD fs/fat/ff.32
LOAD fs/fat/ffsystem.32
LOAD fs/fat/ffunicode.32
LOAD hal/libresample/samplerate.32
LOAD hal/libresample/src_linear.32
LOAD hal/libresample/src_sinc.32
LOAD hal/libresample/src_zoh.32
LOAD compat/inlines.32
LOAD compat/resolve.32
LOAD core/computer.32
LOAD core/gdt.32
LOAD core/idle.32
LOAD core/idt.32
LOAD core/kheap.32
LOAD core/main.32
LOAD core/physmgr.32
LOAD core/pipe.32
LOAD core/terminal.32
LOAD core/tss.32
LOAD core/unixfile.32
LOAD core/virtmgr.32
LOAD coreobjs/c++.32
LOAD dbg/kconsole.32
LOAD fs/vfs.32
LOAD hal/bus.32
LOAD hal/buzzer.32
LOAD hal/clock.32
LOAD hal/device.32
LOAD hal/diskctrl.32
LOAD hal/diskphys.32
LOAD hal/fpu.32
LOAD hal/intctrl.32
LOAD hal/keybrd.32
LOAD hal/logidisk.32
LOAD hal/mouse.32
LOAD hal/partition.32
LOAD hal/serial.32
LOAD hal/timer.32
LOAD hal/vcache.32
LOAD hal/video.32
LOAD hw/acpi.32
LOAD hw/cpu.32
LOAD hw/ports.32
LOAD krnl/env.32
LOAD krnl/panic.32
LOAD net/ethernet.32
LOAD reg/registry.32
LOAD sys/sc_exit.32
LOAD sys/sc_getcwd.32
LOAD sys/sc_getpid.32
LOAD sys/sc_loaddll.32
LOAD sys/sc_read.32
LOAD sys/sc_sbrk.32
LOAD sys/sc_setcwd.32
LOAD sys/sc_settime.32
LOAD sys/sc_timezone.32
LOAD sys/sc_write.32
LOAD sys/sc_yield.32
LOAD sys/syscalls.32
LOAD thr/elf.32
LOAD thr/prcssthr.32
LOAD vm86/vm8086.32
LOAD vm86/x87em.32
LOAD fs/fat/vfslink.32
LOAD fs/iso9660/vfslink.32
LOAD hal/sound/sndchannel.32
LOAD hal/sound/sndhw.32
LOAD hw/bus/isa.32
LOAD hw/bus/pci.32
LOAD hw/diskctrl/ide.32
LOAD hw/diskctrl/satabus.32
LOAD hw/diskphys/ata.32
LOAD hw/diskphys/atapi.32
LOAD hw/diskphys/sata.32
LOAD hw/fpu/avx.32
LOAD hw/fpu/mmx.32
LOAD hw/fpu/sse.32
LOAD hw/fpu/x87.32
LOAD hw/intctrl/apic.32
LOAD hw/intctrl/pic.32
LOAD hw/timer/apictimer.32
LOAD hw/timer/pit.32
LOAD hw/fpu/x86/avx.32
LOAD hw/fpu/x86/sse.32
LOAD hw/fpu/x86/x87.32
LOAD /cygdrive/d/Users/Alex/Desktop/Toolchain/Output/bin/../lib/gcc/i386-banana/8.1.0/crtend.o
LOAD crtn.32
LOAD /cygdrive/d/Users/Alex/Desktop/Toolchain/Output/bin/../lib/gcc/i386-banana/8.1.0/libkgcc.a
LOAD D:/Users/Alex/Desktop/Banana/kernel/libsoftfp.a
LOAD D:/Users/Alex/Desktop/Banana/kernel/libk/libm32.a
                0x00000000c0000000                . = 0xc0000000

.text           0x00000000c0000000    0x274e8
 *(.text)
 .text          0x00000000c0000000       0x41 D:/Users/Alex/Desktop/Banana/kernel/boot.32
                0x00000000c0000020                callGlobalConstructors
 .text          0x00000000c0000041        0x0 crti.32
 *fill*         0x00000000c0000041        0x3 
 .text          0x00000000c0000044      0x101 /cygdrive/d/Users/Alex/Desktop/Toolchain/Output/bin/../lib/gcc/i386-banana/8.1.0/crtbegin.o
 *fill*         0x00000000c0000145        0xb 
 .text          0x00000000c0000150      0x4ed D:/Users/Alex/Desktop/Banana/kernel/morenasm.32
                0x00000000c0000150                manualPCIProbe
                0x00000000c000019b                prepareTramp
                0x00000000c00001b4                voodooXADD
                0x00000000c000027f                doTPAUSE
                0x00000000c0000289                hasLegacyFPU
                0x00000000c00002ae                is486
                0x00000000c00002e4                detectCPUID
                0x00000000c00002fa                goToVM86
                0x00000000c000032a                goToUsermode
                0x00000000c0000354                switchToThreadASMFirstTime
                0x00000000c0000362                switchToThreadASM
                0x00000000c00003ea                asmQuickAcquireLock
                0x00000000c0000408                asmQuickReleaseLock
                0x00000000c0000414                asmAcquireLock
                0x00000000c0000435                asmReleaseLock
                0x00000000c0000448                loadGDT
                0x00000000c0000468                isr0
                0x00000000c0000478                isr1
                0x00000000c0000482                isr2
                0x00000000c000048c                isr3
                0x00000000c0000496                isr4
                0x00000000c00004a0                isr5
                0x00000000c00004aa                isr6
                0x00000000c00004b4                isr7
                0x00000000c00004be                isr8
                0x00000000c00004c6                isr9
                0x00000000c00004d0                isr10
                0x00000000c00004d8                isr11
                0x00000000c00004e0                isr12
                0x00000000c00004e8                isr13
                0x00000000c00004f0                isr14
                0x00000000c00004f8                isr15
                0x00000000c0000502                isr16
                0x00000000c000050c                isr17
                0x00000000c0000516                isr18
                0x00000000c0000520                irq3
                0x00000000c000052a                irq4
                0x00000000c0000534                irq5
                0x00000000c000053e                irq6
                0x00000000c0000548                irq7
                0x00000000c0000552                irq8
                0x00000000c000055c                irq9
                0x00000000c0000566                irq10
                0x00000000c0000570                irq11
                0x00000000c000057a                irq12
                0x00000000c0000584                irq13
                0x00000000c000058e                irq14
                0x00000000c0000598                irq15
                0x00000000c00005a2                irq1
                0x00000000c00005a9                irq2
                0x00000000c00005b0                isr96
                0x00000000c00005b7                irq0
                0x00000000c00005bc                int_common_stub
                0x00000000c00005bc                syscall_common_stub
                0x00000000c00005ed                irq16
                0x00000000c00005f7                irq17
                0x00000000c0000601                irq18
                0x00000000c000060b                irq19
                0x00000000c0000615                irq20
                0x00000000c000061f                irq21
                0x00000000c0000629                irq22
                0x00000000c0000633                irq23
 .text          0x00000000c000063d      0x3fd acpica/utclib.32
                0x00000000c000063d                memcmp
                0x00000000c0000668                memmove
                0x00000000c00006a0                memcpy
                0x00000000c00006c4                memset
                0x00000000c00006e1                strlen
                0x00000000c00006f1                strpbrk
                0x00000000c0000714                strtok
                0x00000000c0000763                strcpy
                0x00000000c0000783                strncpy
                0x00000000c00007b4                strcmp
                0x00000000c00007d5                strchr
                0x00000000c00007eb                strncmp
                0x00000000c000081a                strcat
                0x00000000c0000841                strncat
                0x00000000c000087b                strstr
                0x00000000c00008b8                toupper
                0x00000000c00008cc                tolower
                0x00000000c00008e0                simple_strtoul
 .text          0x00000000c0000a3a      0xfbf core/malloc.32
                0x00000000c0000ba5                dlfree
                0x00000000c0000f00                dlmalloc
                0x00000000c000143d                dlrealloc
                0x00000000c00015f2                dlmemalign
                0x00000000c0001715                dlcalloc
                0x00000000c00017af                dlcfree
                0x00000000c00017b4                dlindependent_calloc
                0x00000000c00017d9                dlindependent_comalloc
                0x00000000c00017f0                dlvalloc
                0x00000000c000181b                dlpvalloc
                0x00000000c0001851                dlmalloc_trim
                0x00000000c000185e                dlmalloc_usable_size
                0x00000000c000188f                dlmallinfo
                0x00000000c000195e                dlmalloc_stats
                0x00000000c000196f                dlmallopt
 .text          0x00000000c00019f9        0x0 libk/string.32
 .text          0x00000000c00019f9       0x51 fs/fat/diskio.32
                0x00000000c00019f9                disk_status
                0x00000000c00019fc                disk_initialize
                0x00000000c00019ff                disk_read
                0x00000000c0001a15                disk_write
                0x00000000c0001a2b                disk_ioctl
 .text          0x00000000c0001a4a     0x6833 fs/fat/ff.32
                0x00000000c0004d18                f_mount
                0x00000000c0004d7a                f_open
                0x00000000c00051b6                f_read
                0x00000000c0005436                f_write
                0x00000000c00056f0                f_sync
                0x00000000c00058cc                f_close
                0x00000000c00058fb                f_lseek
                0x00000000c0005db2                f_opendir
                0x00000000c0005eb4                f_closedir
                0x00000000c0005ed6                f_readdir
                0x00000000c0005f71                f_stat
                0x00000000c0006000                f_getfree
                0x00000000c00061cb                f_truncate
                0x00000000c00062c3                f_unlink
                0x00000000c0006446                f_mkdir
                0x00000000c0006672                f_rename
                0x00000000c0006965                f_chmod
                0x00000000c0006a43                f_utime
                0x00000000c0006b21                f_getlabel
                0x00000000c0006d0f                f_setlabel
                0x00000000c0006f7c                f_forward
                0x00000000c000715a                f_mkfs
 .text          0x00000000c000827d       0x2d fs/fat/ffsystem.32
                0x00000000c000827d                ff_memalloc
                0x00000000c0008293                ff_memfree
 .text          0x00000000c00082aa      0x253 fs/fat/ffunicode.32
                0x00000000c00082aa                ff_uni2oem
                0x00000000c000833a                ff_oem2uni
                0x00000000c00083a6                ff_wtoupper
 .text          0x00000000c00084fd      0x8fb hal/libresample/samplerate.32
                0x00000000c0008541                src_delete
                0x00000000c000857d                src_process
                0x00000000c0008733                src_callback_read
                0x00000000c00088b0                src_set_ratio
                0x00000000c000891a                src_get_channels
                0x00000000c000893c                src_reset
                0x00000000c0008988                src_new
                0x00000000c0008a16                src_callback_new
                0x00000000c0008a78                src_get_name
                0x00000000c0008aaf                src_get_description
                0x00000000c0008ae6                src_get_version
                0x00000000c0008aec                src_is_valid_ratio
                0x00000000c0008b40                src_error
                0x00000000c0008b4e                src_strerror
                0x00000000c0008b61                src_simple
                0x00000000c0008bb4                src_short_to_float_array
                0x00000000c0008c19                src_float_to_short_array
                0x00000000c0008cd8                src_int_to_float_array
                0x00000000c0008d3b                src_float_to_int_array
 .text          0x00000000c0008df8      0x8cb hal/libresample/src_linear.32
                0x00000000c000961e                linear_get_name
                0x00000000c000962d                linear_get_description
                0x00000000c000963c                linear_set_converter
 .text          0x00000000c00096c3     0x447c hal/libresample/src_sinc.32
                0x00000000c000da56                sinc_get_name
                0x00000000c000da69                sinc_get_description
                0x00000000c000da7c                sinc_set_converter
 .text          0x00000000c000db3f      0x77c hal/libresample/src_zoh.32
                0x00000000c000e216                zoh_get_name
                0x00000000c000e225                zoh_get_description
                0x00000000c000e234                zoh_set_converter
 .text          0x00000000c000e2bb       0x23 compat/inlines.32
                0x00000000c000e2bb                CPU::current()
                0x00000000c000e2c8                operator new(unsigned long)
 .text          0x00000000c000e2de      0x111 compat/resolve.32
                0x00000000c000e2de                Krnl::resolveCompatibilitySymbol(char*)
 *fill*         0x00000000c000e3ef        0x1 
 .text          0x00000000c000e3f0      0xa11 core/computer.32
                0x00000000c000e3f0                Computer::close(int, int, void*)
                0x00000000c000e434                Krnl::firstTask()
                0x00000000c000e51e                Computer::Computer()
                0x00000000c000e51e                Computer::Computer()
                0x00000000c000e67a                Computer::setBootMessage(char const*)
                0x00000000c000e67c                Computer::detectFeatures()
                0x00000000c000e886                Computer::displayFeatures()
                0x00000000c000ebcc                Computer::rdmsr(unsigned int)
                0x00000000c000ebf8                Computer::wrmsr(unsigned int, unsigned long long)
                0x00000000c000ec30                Computer::nmiEnabled()
                0x00000000c000ec3c                Computer::readCMOS(unsigned char)
                0x00000000c000ec56                Computer::enableNMI(bool)
                0x00000000c000ec6e                Computer::open(int, int, void*)
                0x00000000c000ed44                Computer::disableNMI()
                0x00000000c000ed52                Computer::writeCMOS(unsigned char, unsigned char)
                0x00000000c000ed70                Computer::handleNMI()
                0x00000000c000edd6                Computer::setDiskActivityLight(int, bool)
 *fill*         0x00000000c000ee01        0x1 
 .text          0x00000000c000ee02      0x1b7 core/gdt.32
                0x00000000c000ee02                GDTEntry::setBase(unsigned int)
                0x00000000c000ee1e                GDTEntry::setLimit(unsigned int)
                0x00000000c000ee3c                GDT::GDT()
                0x00000000c000ee3c                GDT::GDT()
                0x00000000c000ee52                GDT::addEntry(GDTEntry)
                0x00000000c000ee8e                GDT::getNumberOfEntries()
                0x00000000c000ee96                GDT::flush()
                0x00000000c000eeb8                GDT::setup()
 .text          0x00000000c000efb9       0x62 core/idle.32
                0x00000000c000efb9                idleFunction(void*)
 *fill*         0x00000000c000f01b        0x1 
 .text          0x00000000c000f01c      0x45f core/idt.32
                0x00000000c000f01c                IDTEntry::IDTEntry(bool)
                0x00000000c000f01c                IDTEntry::IDTEntry(bool)
                0x00000000c000f08a                IDTEntry::setOffset(unsigned int)
                0x00000000c000f09e                IDT::IDT()
                0x00000000c000f09e                IDT::IDT()
                0x00000000c000f0a0                IDT::getPointerToInvalidOpcodeEntryForF00F()
                0x00000000c000f0a8                IDT::addEntry(IDTEntry, int)
                0x00000000c000f0c2                IDT::addEntry(int, void (*)(), bool)
                0x00000000c000f0fa                IDT::flush()
                0x00000000c000f114                IDT::setup()
 .text          0x00000000c000f47b      0x203 core/kheap.32
                0x00000000c000f47b                sbrk
                0x00000000c000f589                mmap
                0x00000000c000f59f                munmap
                0x00000000c000f5b5                liballoc_lock()
                0x00000000c000f5c6                liballoc_unlock()
                0x00000000c000f5d7                liballoc_alloc(int)
                0x00000000c000f5f2                liballoc_free(void*, int)
                0x00000000c000f610                realloc
                0x00000000c000f624                malloc
                0x00000000c000f634                free
                0x00000000c000f644                rfree
                0x00000000c000f654                calloc
 .text          0x00000000c000f67e      0x462 core/main.32
                0x00000000c000f67e                hwTextMode_loadInData(VgaText*)
                0x00000000c000f6c9                hwTextMode_loadInTitle(VgaText*, char*)
                0x00000000c000f747                hwTextMode_showCursor(VgaText*, bool)
                0x00000000c000f7a5                hwTextMode_update(VgaText*)
                0x00000000c000f7a6                hwTextMode_updateCursor(VgaText*)
                0x00000000c000f7f7                hwTextMode_disableBlink(VgaText*, bool)
                0x00000000c000f83d                hwTextMode_scrollScreen(VgaText*)
                0x00000000c000f8ea                hwTextMode_writeCharacter(VgaText*, char, VgaColour, VgaColour, int, int)
                0x00000000c000f96c                setupTextMode()
                0x00000000c000f9dc                kernel_main
 .text          0x00000000c000fae0      0x54d core/physmgr.32
                0x00000000c000fae0                Phys::allocateDMA(unsigned long)
                0x00000000c000fb83                Phys::freeDMA(unsigned long, unsigned long)
                0x00000000c000fbcb                Phys::setPageState(unsigned long, bool)
                0x00000000c000fbfd                Phys::getPageState(unsigned long)
                0x00000000c000fc19                Phys::freePage(unsigned long)
                0x00000000c000fca3                Phys::allocatePage()
                0x00000000c000fd6b                Phys::allocateContiguousPages(int)
                0x00000000c000fdc5                Phys::allowSegmentToBeUsed(unsigned long, unsigned long)
                0x00000000c000fdfd                Phys::physicalMemorySetup(unsigned int)
 *fill*         0x00000000c001002d        0x1 
 .text          0x00000000c001002e      0x273 core/pipe.32
                0x00000000c001002e                Pipe::isAtty()
                0x00000000c0010032                Pipe::~Pipe()
                0x00000000c0010032                Pipe::~Pipe()
                0x00000000c0010056                Pipe::~Pipe()
                0x00000000c001007e                Pipe::read(unsigned long long, void*, int*)
                0x00000000c0010172                Pipe::write(unsigned long long, void*, int*)
                0x00000000c001023a                Pipe::Pipe(int)
                0x00000000c001023a                Pipe::Pipe(int)
 *fill*         0x00000000c00102a1        0x1 
 .text          0x00000000c00102a2      0xf73 core/terminal.32
                0x00000000c00102a2                VgaText::isAtty()
                0x00000000c00102a6                VgaText::~VgaText()
                0x00000000c00102a6                VgaText::~VgaText()
                0x00000000c00102ca                VgaText::~VgaText()
                0x00000000c00102f4                VgaText::read(unsigned long long, void*, int*)
                0x00000000c0010314                setTerminalScrollLock(bool)
                0x00000000c0010315                addToTerminalCycle(VgaText*)
                0x00000000c0010342                installVgaTextImplementation()
                0x00000000c0010357                scrollTerminalScrollLock(int)
                0x00000000c0010358                VgaText::load()
                0x00000000c00103ac                VgaText::updateCursor()
                0x00000000c00103c6                VgaText::showCursor(bool)
                0x00000000c00103d6                VgaText::disableBlink(bool)
                0x00000000c0010410                VgaText::doANSI_SGR(int)
                0x00000000c001049c                VgaText::setDefaultBgColour(VgaColour)
                0x00000000c00104b2                VgaText::setDefaultFgColour(VgaColour)
                0x00000000c00104c8                VgaText::setDefaultColours(VgaColour, VgaColour)
                0x00000000c00104e8                VgaText::combineColours(unsigned char, unsigned char)
                0x00000000c00104fa                VgaText::scrollScreen()
                0x00000000c001058e                VgaText::combineCharAndColour(char, unsigned char)
                0x00000000c00105a0                VgaText::writeCharacter(char, VgaColour, VgaColour, int, int)
                0x00000000c0010600                VgaText::getCursorX()
                0x00000000c001060c                VgaText::getCursorY()
                0x00000000c0010618                VgaText::setCursor(int, int)
                0x00000000c0010636                VgaText::setCursorX(int)
                0x00000000c0010652                VgaText::setCursorY(int)
                0x00000000c001066e                VgaText::incrementCursor(bool)
                0x00000000c00106d6                VgaText::updateRAMUsageDisplay(int)
                0x00000000c001073a                VgaText::updateDiskUsage()
                0x00000000c00108a4                VgaText::updateTitle()
                0x00000000c00108ea                VgaText::setTitleTextColour(VgaColour)
                0x00000000c00108fa                VgaText::setTitleColour(VgaColour)
                0x00000000c001090a                VgaText::setTitle(char*)
                0x00000000c0010930                VgaText::decrementCursor(bool)
                0x00000000c0010958                VgaText::putchar(char, VgaColour, VgaColour)
                0x00000000c0010a54                VgaText::isShowingCursor()
                0x00000000c0010a60                VgaText::isBlinkDisabled()
                0x00000000c0010a6e                VgaText::setCursorHeight(int)
                0x00000000c0010a8c                VgaText::getCursorHeight()
                0x00000000c0010a97                setActiveTerminal(VgaText*)
                0x00000000c0010b49                doTerminalCycle()
                0x00000000c0010b66                VgaText::doUpdate()
                0x00000000c0010b78                VgaText::puts(char const*, VgaColour, VgaColour)
                0x00000000c0010d38                VgaText::clearScreen()
                0x00000000c0010d9c                VgaText::putchar(char)
                0x00000000c0010eb6                VgaText::puts(char const*)
                0x00000000c0010edc                VgaText::putx(unsigned int)
                0x00000000c0010f22                VgaText::VgaText(char const*)
                0x00000000c0010f22                VgaText::VgaText(char const*)
                0x00000000c00110b4                VgaText::receiveKey(unsigned char)
                0x00000000c001119c                VgaText::write(unsigned long long, void*, int*)
                0x00000000c00111f0                newTerminal(char*)
 *fill*         0x00000000c0011215        0x1 
 .text          0x00000000c0011216      0x1b3 core/tss.32
                0x00000000c0011216                TSS::TSS()
                0x00000000c0011216                TSS::TSS()
                0x00000000c0011224                TSS::setESP(unsigned long)
                0x00000000c0011236                TSS::flush()
                0x00000000c0011256                TSS::setup(unsigned long, unsigned long)
 *fill*         0x00000000c00113c9        0x1 
 .text          0x00000000c00113ca      0x4c2 core/unixfile.32
                0x00000000c00113ca                ReservedFilename::read(unsigned long long, void*, int*)
                0x00000000c0011420                ReservedFilename::isAtty()
                0x00000000c001143c                ReservedFilename::write(unsigned long long, void*, int*)
                0x00000000c001149a                UnixFile::getFileDescriptor()
                0x00000000c00114a2                UnixFile::UnixFile(int)
                0x00000000c00114a2                UnixFile::UnixFile(int)
                0x00000000c0011652                ReservedFilename::ReservedFilename(int)
                0x00000000c0011652                ReservedFilename::ReservedFilename(int)
                0x00000000c0011684                UnixFile::~UnixFile()
                0x00000000c0011684                UnixFile::~UnixFile()
                0x00000000c001171c                UnixFile::~UnixFile()
                0x00000000c0011744                ReservedFilename::~ReservedFilename()
                0x00000000c0011744                ReservedFilename::~ReservedFilename()
                0x00000000c0011768                ReservedFilename::~ReservedFilename()
                0x00000000c001178f                getFromFileDescriptor(int)
 .text          0x00000000c001188c      0xee3 core/virtmgr.32
                0x00000000c001188c                Virt::setPageState(unsigned long, Virt::VirtPageState)
                0x00000000c00118c1                Virt::getPageState(unsigned long)
                0x00000000c00118e5                Virt::allocateKernelVirtualPages(int)
                0x00000000c00119f6                Virt::virtualMemorySetup()
                0x00000000c0011a75                Virt::getAKernelVAS()
                0x00000000c0011a7b                Virt::setupPageSwapping(int)
                0x00000000c0011baa                VAS::VAS()
                0x00000000c0011baa                VAS::VAS()
                0x00000000c0011bda                VAS::VAS(VAS*)
                0x00000000c0011bda                VAS::VAS(VAS*)
                0x00000000c0011bfe                VAS::getForeignPageTableEntry(bool, unsigned long)
                0x00000000c0011c2a                VAS::getPageTableEntry(unsigned long)
                0x00000000c0011c49                Virt::freeKernelVirtualPages(unsigned long)
                0x00000000c0011d6c                VAS::freeAllocatedPages(unsigned long)
                0x00000000c0011d90                VAS::virtualToPhysical(unsigned long)
                0x00000000c0011da8                VAS::reflagRange(unsigned long, int, int, int)
                0x00000000c0011de8                VAS::setToWriteCombining(unsigned long, int)
                0x00000000c0011e1a                VAS::mapOtherVASIn(bool, VAS*)
                0x00000000c0011e44                VAS::~VAS()
                0x00000000c0011e44                VAS::~VAS()
                0x00000000c0011fb0                VAS::mapPage(unsigned long, unsigned long, int)
                0x00000000c00120b0                VAS::allocatePages(int, int)
                0x00000000c0012288                VAS::setCPUSpecific(unsigned long)
                0x00000000c00122a4                VAS::mapRange(unsigned long, unsigned long, int, int)
                0x00000000c001236a                VAS::mapForeignPage(bool, VAS*, unsigned long, unsigned long, int)
                0x00000000c0012458                VAS::VAS(bool)
                0x00000000c0012458                VAS::VAS(bool)
                0x00000000c00126b3                mapVASFirstTime
 .text          0x00000000c001276f       0x95 coreobjs/c++.32
                0x00000000c001276f                __cxa_atexit
                0x00000000c0012772                __cxa_finalize
                0x00000000c0012773                __stack_chk_fail
                0x00000000c00127df                __cxa_pure_virtual
                0x00000000c00127f0                operator new[](unsigned long)
                0x00000000c00127f5                operator delete(void*, unsigned long)
                0x00000000c00127fa                operator delete[](void*)
                0x00000000c00127ff                operator delete[](void*, unsigned long)
 .text          0x00000000c0012804      0x1ef dbg/kconsole.32
                0x00000000c0012804                Dbg::stringifyxWithBase(unsigned int, char*, int)
                0x00000000c0012865                Dbg::logc(char)
                0x00000000c001287c                Dbg::logs(char*)
                0x00000000c0012899                Dbg::logWriteInt(unsigned int)
                0x00000000c00128b6                Dbg::logWriteIntBase(unsigned int, int)
                0x00000000c00128d5                Dbg::kprintf(char const*, ...)
 *fill*         0x00000000c00129f3        0x1 
 .text          0x00000000c00129f4      0xb7c fs/vfs.32
                0x00000000c00129f4                File::read(unsigned long long, void*, int*)
                0x00000000c0012a4c                File::write(unsigned long long, void*, int*)
                0x00000000c0012aa4                Directory::read(unsigned long long, void*, int*)
                0x00000000c0012afc                Directory::write(unsigned long long, void*, int*)
                0x00000000c0012b2a                File::isAtty()
                0x00000000c0012b2e                Directory::isAtty()
                0x00000000c0012b32                Filesystem::getlabel(LogicalDisk*, int, char*, unsigned int*)
                0x00000000c0012b38                Filesystem::setlabel(LogicalDisk*, int, char*)
                0x00000000c0012b3e                File::~File()
                0x00000000c0012b3e                File::~File()
                0x00000000c0012b62                File::~File()
                0x00000000c0012b8c                Directory::~Directory()
                0x00000000c0012b8c                Directory::~Directory()
                0x00000000c0012bb0                Directory::~Directory()
                0x00000000c0012bda                Filesystem::Filesystem()
                0x00000000c0012bda                Filesystem::Filesystem()
                0x00000000c0012bfe                Filesystem::~Filesystem()
                0x00000000c0012bfe                Filesystem::~Filesystem()
                0x00000000c0012c0c                Filesystem::~Filesystem()
                0x00000000c0012c30                Fs::getcwd(Process*, char*, int)
                0x00000000c0012c5a                Fs::initVFS()
                0x00000000c0012c84                Fs::standardiseFiles(char*, char const*, char const*)
                0x00000000c0012e2e                File::File(char const*, Process*)
                0x00000000c0012e2e                File::File(char const*, Process*)
                0x00000000c0012e92                File::open(FileOpenMode)
                0x00000000c0012ef0                File::close()
                0x00000000c0012f50                File::seek(unsigned long long)
                0x00000000c0012fa6                File::tell(unsigned long long*)
                0x00000000c0012ff6                File::rewind()
                0x00000000c001300a                File::unlink()
                0x00000000c0013056                File::rename(char const*)
                0x00000000c00130a4                File::chfatattr(unsigned char, unsigned char)
                0x00000000c0013100                File::exists()
                0x00000000c001313e                File::stat(unsigned long long*, bool*)
                0x00000000c001319f                Fs::setcwd(Process*, char*)
                0x00000000c00132da                Directory::Directory(char const*, Process*)
                0x00000000c00132da                Directory::Directory(char const*, Process*)
                0x00000000c001333e                Directory::open()
                0x00000000c001339a                Directory::close()
                0x00000000c00133fa                Directory::unlink()
                0x00000000c0013446                Directory::rename(char const*)
                0x00000000c0013494                Directory::exists()
                0x00000000c00134d2                Directory::read(dirent*)
                0x00000000c001351e                Directory::create()
                0x00000000c001356a                Filesystem::chfatattr(char const*, unsigned char, unsigned char)
 .text          0x00000000c0013570       0x84 hal/bus.32
                0x00000000c0013570                Bus::Bus(char const*)
                0x00000000c0013570                Bus::Bus(char const*)
                0x00000000c00135a6                Bus::~Bus()
                0x00000000c00135a6                Bus::~Bus()
                0x00000000c00135ca                Bus::~Bus()
 .text          0x00000000c00135f4      0x14e hal/buzzer.32
                0x00000000c00135f4                Buzzer::Buzzer(char const*)
                0x00000000c00135f4                Buzzer::Buzzer(char const*)
                0x00000000c0013638                Buzzer::~Buzzer()
                0x00000000c0013638                Buzzer::~Buzzer()
                0x00000000c001365c                Buzzer::~Buzzer()
                0x00000000c0013686                Buzzer::stop()
                0x00000000c0013699                beepThread(void*)
                0x00000000c00136d4                Buzzer::beep(int, int, bool)
 .text          0x00000000c0013742      0x467 hal/clock.32
                0x00000000c0013742                User::loadClockSettings(int)
                0x00000000c0013794                Clock::Clock(char const*)
                0x00000000c0013794                Clock::Clock(char const*)
                0x00000000c00137ca                Clock::~Clock()
                0x00000000c00137ca                Clock::~Clock()
                0x00000000c00137ee                Clock::~Clock()
                0x00000000c0013818                Clock::timeInSecondsLocal()
                0x00000000c0013860                Clock::setTimeInSecondsLocal(unsigned long long)
                0x00000000c00138b9                datetimeToSeconds(datetime_t)
                0x00000000c00139e0                Clock::setTimeInDatetimeLocal(datetime_t)
                0x00000000c0013a40                secondsToDatetime(unsigned long long)
                0x00000000c0013b84                Clock::timeInDatetimeLocal()
 *fill*         0x00000000c0013ba9        0x1 
 .text          0x00000000c0013baa      0x4de hal/device.32
                0x00000000c0013baa                Device::hibernate()
                0x00000000c0013bac                Device::wake()
                0x00000000c0013bae                Device::detect()
                0x00000000c0013bb0                Device::disableLegacy()
                0x00000000c0013bb2                Device::powerSaving(PowerSavingLevel)
                0x00000000c0013bb4                DriverlessDevice::close(int, int, void*)
                0x00000000c0013bb8                DriverlessDevice::detect()
                0x00000000c0013bba                DriverlessDevice::open(int, int, void*)
                0x00000000c0013bce                Device::~Device()
                0x00000000c0013bce                Device::~Device()
                0x00000000c0013bdc                Device::~Device()
                0x00000000c0013c04                Device::findAndLoadDriver()
                0x00000000c0013c06                Device::preOpenPCI(PCIDeviceInfo)
                0x00000000c0013c2c                Device::preOpenACPI(void*, char*, char*)
                0x00000000c0013c80                Device::addIRQHandler(int, void (*)(regs*, void*), bool, void*)
                0x00000000c0013cbe                Device::removeIRQHandler(int, void (*)(regs*, void*), bool)
                0x00000000c0013cfc                Device::addChild(Device*)
                0x00000000c0013d40                Device::removeAllChildren()
                0x00000000c0013d86                Device::hibernateAll()
                0x00000000c0013db6                Device::wakeAll()
                0x00000000c0013de6                Device::detectAll()
                0x00000000c0013e16                Device::disableLegacyAll()
                0x00000000c0013e46                Device::loadDriversForAll()
                0x00000000c0013e72                Device::closeAll()
                0x00000000c0013ea8                Device::powerSavingAll(PowerSavingLevel)
                0x00000000c0013ede                Device::setName(char const*)
                0x00000000c0013eec                Device::Device(char const*)
                0x00000000c0013eec                Device::Device(char const*)
                0x00000000c0013fe8                Device::getName()
                0x00000000c0013ff2                DriverlessDevice::DriverlessDevice(char const*)
                0x00000000c0013ff2                DriverlessDevice::DriverlessDevice(char const*)
                0x00000000c001401a                Device::addToLinkedList(LinkedList<Device>&, DeviceType)
                0x00000000c001405e                getDevicesOfType(DeviceType)
 .text          0x00000000c0014088       0x84 hal/diskctrl.32
                0x00000000c0014088                HardDiskController::HardDiskController(char const*)
                0x00000000c0014088                HardDiskController::HardDiskController(char const*)
                0x00000000c00140be                HardDiskController::~HardDiskController()
                0x00000000c00140be                HardDiskController::~HardDiskController()
                0x00000000c00140e2                HardDiskController::~HardDiskController()
 .text          0x00000000c001410c       0xde hal/diskphys.32
                0x00000000c001410c                PhysicalDisk::PhysicalDisk(char const*, int)
                0x00000000c001410c                PhysicalDisk::PhysicalDisk(char const*, int)
                0x00000000c0014174                PhysicalDisk::startCache()
                0x00000000c001419c                PhysicalDisk::~PhysicalDisk()
                0x00000000c001419c                PhysicalDisk::~PhysicalDisk()
                0x00000000c00141c0                PhysicalDisk::~PhysicalDisk()
 .text          0x00000000c00141ea      0x13b hal/fpu.32
                0x00000000c00141ea                FPU::FPU(char const*)
                0x00000000c00141ea                FPU::FPU(char const*)
                0x00000000c0014220                FPU::~FPU()
                0x00000000c0014220                FPU::~FPU()
                0x00000000c0014244                FPU::~FPU()
                0x00000000c001426e                setupFPU()
 *fill*         0x00000000c0014325        0x1 
 .text          0x00000000c0014326     0x12b1 hal/intctrl.32
                0x00000000c0014326                InterruptController::uninstallISRHandler(int, void (*)(regs*, void*))
                0x00000000c001435e                InterruptController::installISRHandler(int, void (*)(regs*, void*), void*)
                0x00000000c00143b0                doubleFault(regs*, void*)
                0x00000000c00143ca                InterruptController::installIRQHandler(int, void (*)(regs*, void*), bool, void*)
                0x00000000c0014466                InterruptController::clearAllHandlers(int, bool)
                0x00000000c001450e                InterruptController::uninstallIRQHandler(int, void (*)(regs*, void*), bool)
                0x00000000c0014595                nmiHandler(regs*, void*)
                0x00000000c00145a3                int_handler
                0x00000000c0014644                InterruptController::InterruptController(char const*)
                0x00000000c0014644                InterruptController::InterruptController(char const*)
                0x00000000c00146ea                InterruptController::~InterruptController()
                0x00000000c00146ea                InterruptController::~InterruptController()
                0x00000000c001470e                InterruptController::~InterruptController()
                0x00000000c0014738                displayDebugInfo(regs*)
                0x00000000c0014b3d                x87EmulHandler(regs*, void*)
                0x00000000c0014b6c                gpFault(regs*, void*)
                0x00000000c0014ba5                pgFault(regs*, void*)
                0x00000000c0014bbc                otherISRHandler(regs*, void*)
                0x00000000c0014bdb                opcodeFault(regs*, void*)
                0x00000000c001519a                displayProgramFault(char const*)
                0x00000000c00151c2                setupInterruptController()
                0x00000000c001558a                InterruptController::convertLegacyIRQNumber(int)
 *fill*         0x00000000c00155d7        0x1 
 .text          0x00000000c00155d8      0x69a hal/keybrd.32
                0x00000000c00155d8                startGUI(void*)
                0x00000000c0015634                startGUIVESA(void*)
                0x00000000c0015690                sendKeyToTerminal(unsigned char)
                0x00000000c00156fc                sendKeyboardToken(KeyboardToken)
                0x00000000c0015b0c                clearInternalKeybuffer(VgaText*)
                0x00000000c0015b41                readKeyboard(VgaText*, char*, unsigned long)
                0x00000000c0015be8                Keyboard::Keyboard(char const*)
                0x00000000c0015be8                Keyboard::Keyboard(char const*)
                0x00000000c0015c24                Keyboard::~Keyboard()
                0x00000000c0015c24                Keyboard::~Keyboard()
                0x00000000c0015c48                Keyboard::~Keyboard()
 .text          0x00000000c0015c72      0x400 hal/logidisk.32
                0x00000000c0015c72                LogicalDisk::close(int, int, void*)
                0x00000000c0015c76                LogicalDisk::~LogicalDisk()
                0x00000000c0015c76                LogicalDisk::~LogicalDisk()
                0x00000000c0015c9a                LogicalDisk::~LogicalDisk()
                0x00000000c0015cc4                LogicalDisk::open(int, int, void*)
                0x00000000c0015cd8                LogicalDisk::absoluteToRelative(unsigned long long)
                0x00000000c0015d10                LogicalDisk::relativeToAbsolute(unsigned long long)
                0x00000000c0015d56                LogicalDisk::LogicalDisk(char const*, PhysicalDisk*, unsigned long long, unsigned long long)
                0x00000000c0015d56                LogicalDisk::LogicalDisk(char const*, PhysicalDisk*, unsigned long long, unsigned long long)
                0x00000000c0015e0c                LogicalDisk::assignDriveLetter()
                0x00000000c0015ec2                LogicalDisk::mount()
                0x00000000c0015f34                LogicalDisk::unmount()
                0x00000000c0015f44                LogicalDisk::unassignDriveLetter()
                0x00000000c0015f9a                LogicalDisk::read(unsigned long long, int, void*)
                0x00000000c0016006                LogicalDisk::write(unsigned long long, int, void*)
 .text          0x00000000c0016072       0x84 hal/mouse.32
                0x00000000c0016072                Mouse::Mouse(char const*)
                0x00000000c0016072                Mouse::Mouse(char const*)
                0x00000000c00160a8                Mouse::~Mouse()
                0x00000000c00160a8                Mouse::~Mouse()
                0x00000000c00160cc                Mouse::~Mouse()
 .text          0x00000000c00160f6      0x339 hal/partition.32
                0x00000000c00160f6                makePartition(PhysicalDisk*, unsigned long long, unsigned long long)
                0x00000000c001619e                createPartitionsForDisk(PhysicalDisk*)
 *fill*         0x00000000c001642f        0x1 
 .text          0x00000000c0016430       0x84 hal/serial.32
                0x00000000c0016430                Serial::Serial(char const*)
                0x00000000c0016430                Serial::Serial(char const*)
                0x00000000c0016466                Serial::~Serial()
                0x00000000c0016466                Serial::~Serial()
                0x00000000c001648a                Serial::~Serial()
 .text          0x00000000c00164b4      0x2b8 hal/timer.32
                0x00000000c00164b4                Timer::Timer(char const*)
                0x00000000c00164b4                Timer::Timer(char const*)
                0x00000000c00164ea                Timer::~Timer()
                0x00000000c00164ea                Timer::~Timer()
                0x00000000c001650e                Timer::~Timer()
                0x00000000c0016538                Timer::read()
                0x00000000c0016543                timerHandler(unsigned long long)
                0x00000000c001667a                setupTimer(int)
 .text          0x00000000c001676c      0x2db hal/vcache.32
                0x00000000c001676c                VCache::VCache(PhysicalDisk*)
                0x00000000c001676c                VCache::VCache(PhysicalDisk*)
                0x00000000c0016866                VCache::writeWriteBuffer()
                0x00000000c00168a2                VCache::~VCache()
                0x00000000c00168a2                VCache::~VCache()
                0x00000000c00168e2                VCache::~VCache()
                0x00000000c001690a                VCache::write(unsigned long long, int, void*)
                0x00000000c00169ee                VCache::read(unsigned long long, int, void*)
 *fill*         0x00000000c0016a47        0x1 
 .text          0x00000000c0016a48      0x4cd hal/video.32
                0x00000000c0016a48                Video::putrect(int, int, int, int, unsigned int)
                0x00000000c0016a94                Video::bitblit(int, int, int, int, int, int, int, unsigned int*)
                0x00000000c0016b04                Video::blit(unsigned int*, int, int, int, int)
                0x00000000c0016b82                Video::clearScreen(unsigned int)
                0x00000000c0016bb6                Video::putpixel(int, int, unsigned int)
                0x00000000c0016bc4                Video::Video(char const*)
                0x00000000c0016bc4                Video::Video(char const*)
                0x00000000c0016bfa                Video::~Video()
                0x00000000c0016bfa                Video::~Video()
                0x00000000c0016c1e                Video::~Video()
                0x00000000c0016c48                Video::isMonochrome()
                0x00000000c0016c54                Video::getWidth()
                0x00000000c0016c60                Video::getHeight()
                0x00000000c0016c6c                Video::drawCursor(int, int, unsigned char*, int)
                0x00000000c0016d28                Video::tgaParse(unsigned char*, int, int*, int*)
                0x00000000c0016eaa                Video::putTGA(int, int, unsigned char*, int)
 *fill*         0x00000000c0016f15        0x1 
 .text          0x00000000c0016f16     0x102e hw/acpi.32
                0x00000000c0016f16                ACPI::close(int, int, void*)
                0x00000000c0016fcb                findRSDP()
                0x00000000c0017055                loadACPITables(unsigned char*)
                0x00000000c001727c                findRSDT(unsigned char*)
                0x00000000c001739a                findDataTable(unsigned char*, char*)
                0x00000000c0017436                scanMADT()
                0x00000000c00178bc                ACPI::ACPI()
                0x00000000c00178bc                ACPI::ACPI()
                0x00000000c0017926                ACPI::getPCIIRQAssignment(unsigned char, unsigned short, unsigned char)
                0x00000000c0017a08                ACPI::registerPCIIRQAssignment(void*, unsigned short, unsigned char, unsigned char)
                0x00000000c0017b96                ACPI::setScreenBrightnessLevel(void*, int)
                0x00000000c0017b9c                ACPI::writeSimpleBootFlag(SimpleBootFlagTable*)
                0x00000000c0017be4                ACPI::open(int, int, void*)
                0x00000000c0017f2c                ACPI::sleep()
 .text          0x00000000c0017f44     0x1715 hw/cpu.32
                0x00000000c0017f44                CPU::close(int, int, void*)
                0x00000000c0017f48                CPU::lookupAMDName(unsigned char, unsigned char)
                0x00000000c00180dc                CPU::lookupIntelName(unsigned char, unsigned char)
                0x00000000c001838a                CPU::AMD_K6_write_msr(unsigned int, unsigned int, unsigned int, CPU::REGS*)
                0x00000000c00183a6                CPU::AMD_K6_read_msr(unsigned int, CPU::REGS*)
                0x00000000c00183be                CPU::AMD_K6_writeback(int, int, int)
                0x00000000c0018432                CPU::cpuid(int, unsigned long*, unsigned long*, unsigned long*, unsigned long*)
                0x00000000c00184b6                CPU::cpuidCheckEDX(unsigned int)
                0x00000000c00184e4                CPU::cpuidCheckECX(unsigned int)
                0x00000000c0018512                CPU::cpuidCheckExtendedEBX(unsigned int)
                0x00000000c0018540                CPU::cpuidCheckExtendedECX(unsigned int)
                0x00000000c001856e                CPU::CPU()
                0x00000000c001856e                CPU::CPU()
                0x00000000c00185fc                CPU::displayFeatures()
                0x00000000c0018878                CPU::detectFeatures()
                0x00000000c0019268                CPU::setupSMEP()
                0x00000000c0019274                CPU::setupUMIP()
                0x00000000c001927e                CPU::setupTSC()
                0x00000000c0019288                CPU::setupLargePages()
                0x00000000c0019292                CPU::setupPAT()
                0x00000000c00192ce                CPU::setupMTRR()
                0x00000000c00192d0                CPU::setupGlobalPages()
                0x00000000c00192da                CPU::allowUsermodeDataAccess()
                0x00000000c00192ec                CPU::prohibitUsermodeDataAccess()
                0x00000000c00192fe                CPU::setupSMAP()
                0x00000000c001930c                CPU::setupFeatures()
                0x00000000c001938c                CPU::open(int, int, void*)
                0x00000000c001945e                CPU::decodeAddress(regs*, int*, bool*, unsigned char*)
 .text          0x00000000c0019659        0x0 hw/ports.32
 *fill*         0x00000000c0019659        0x1 
 .text          0x00000000c001965a      0x5d3 krnl/env.32
                0x00000000c001965a                EnvVarContainer::getEnv(char const*)
                0x00000000c0019698                EnvVarContainer::setEnv(char const*, char const*)
                0x00000000c0019764                EnvVarContainer::deleteEnv(char const*)
                0x00000000c0019766                EnvVarContainer::loadFrom(char const*, char const*)
                0x00000000c001995c                EnvVarContainer::__loadSystem()
                0x00000000c0019976                EnvVarContainer::__loadUser()
                0x00000000c0019978                EnvVarContainer::EnvVarContainer(Process*)
                0x00000000c0019978                EnvVarContainer::EnvVarContainer(Process*)
                0x00000000c001999a                EnvVarContainer::~EnvVarContainer()
                0x00000000c001999a                EnvVarContainer::~EnvVarContainer()
                0x00000000c00199ca                Krnl::getEnv(Process*, char const*)
                0x00000000c0019a2f                Krnl::setEnvSystem(char const*, char const*)
                0x00000000c0019a49                Krnl::setEnvUser(char const*, char const*)
                0x00000000c0019a68                Krnl::setEnvProcess(Process*, char const*, char const*)
                0x00000000c0019a7b                Krnl::deleteEnvSystem(char const*)
                0x00000000c0019a7c                Krnl::deleteEnvUser(char const*)
                0x00000000c0019a7d                Krnl::deleteEnvProcess(Process*, char const*)
                0x00000000c0019a7e                Krnl::newProcessEnv(Process*)
                0x00000000c0019aa0                Krnl::copyProcessEnv(Process*, Process*)
                0x00000000c0019af4                Krnl::loadSystemEnv()
                0x00000000c0019b22                Krnl::loadUserEnv()
                0x00000000c0019b48                Krnl::flushEnv()
                0x00000000c0019b49                Krnl::getProcessTotalEnvCount(Process*)
                0x00000000c0019b69                Krnl::getProcessEnvPair(Process*, int)
 .text          0x00000000c0019c2d      0x32c krnl/panic.32
                0x00000000c0019c2d                Krnl::panic(char const*)
 .text          0x00000000c0019f59      0x3b6 net/ethernet.32
                0x00000000c0019f59                Net::switchEndian16(unsigned short)
                0x00000000c0019f7a                Net::switchEndian32(unsigned int)
                0x00000000c0019fa9                Net::crc32Calc(unsigned char*, int)
                0x00000000c001a03a                Net::wrapEthernetFrame(Net::UnwrappedEthernetFrame, unsigned char*)
                0x00000000c001a176                Net::unwrapEthernetFrame(unsigned char*, int)
 .text          0x00000000c001a30f      0x513 reg/registry.32
                0x00000000c001a30f                Reg::findLineFromLoadedData(char*, char*, char*)
                0x00000000c001a467                Reg::getLineFromRegistry(char*, char*, char*, char*)
                0x00000000c001a5bc                Reg::getLine(char*, char*, char*)
                0x00000000c001a5f3                Reg::readInt(char*, char*, int*)
                0x00000000c001a6de                Reg::readString(char*, char*, char*, int)
                0x00000000c001a75f                Reg::readBool(char*, char*, bool*)
                0x00000000c001a784                Reg::readBoolWithDefault(char*, char*, bool)
                0x00000000c001a7b0                Reg::readIntWithDefault(char*, char*, int)
                0x00000000c001a7dc                Reg::readStringWithDefault(char*, char*, char*, int, char*)
 .text          0x00000000c001a822       0x18 sys/sc_exit.32
                0x00000000c001a822                Sys::exit(regs*)
 .text          0x00000000c001a83a       0x1f sys/sc_getcwd.32
                0x00000000c001a83a                Sys::getCwd(regs*)
 .text          0x00000000c001a859        0xc sys/sc_getpid.32
                0x00000000c001a859                Sys::getPID(regs*)
 .text          0x00000000c001a865       0xa8 sys/sc_loaddll.32
                0x00000000c001a865                Sys::loadDLL(regs*)
 .text          0x00000000c001a90d       0x68 sys/sc_read.32
                0x00000000c001a90d                Sys::read(regs*)
 .text          0x00000000c001a975       0x55 sys/sc_sbrk.32
                0x00000000c001a975                Sys::sbrk(regs*)
 .text          0x00000000c001a9ca       0x1c sys/sc_setcwd.32
                0x00000000c001a9ca                Sys::setCwd(regs*)
 .text          0x00000000c001a9e6      0x128 sys/sc_settime.32
                0x00000000c001a9e6                Sys::setTime(regs*)
 .text          0x00000000c001ab0e       0x4a sys/sc_timezone.32
                0x00000000c001ab0e                Sys::timezone(regs*)
 .text          0x00000000c001ab58       0x68 sys/sc_write.32
                0x00000000c001ab58                Sys::write(regs*)
 .text          0x00000000c001abc0       0x3b sys/sc_yield.32
                0x00000000c001abc0                Sys::yield(regs*)
 .text          0x00000000c001abfb     0x101e sys/syscalls.32
                0x00000000c001abfb                sysCallSeekDir(regs*)
                0x00000000c001ac00                sysCallTellDir(regs*)
                0x00000000c001ac05                sysCallVerify(regs*)
                0x00000000c001ac0f                sysCallGetArgc(regs*)
                0x00000000c001ac1f                sysFormatDisk(regs*)
                0x00000000c001ac89                sysSetDiskVolumeLabel(regs*)
                0x00000000c001accf                sysGetDiskVolumeLabel(regs*)
                0x00000000c001ad20                sysShutdown(regs*)
                0x00000000c001ad7e                sysCallRealpath(regs*)
                0x00000000c001adc1                sysCallReadDir(regs*)
                0x00000000c001ae4f                sysCallIsATTY(regs*)
                0x00000000c001aea9                sysCallSeek(regs*)
                0x00000000c001af12                sysCallTell(regs*)
                0x00000000c001af8f                sysCallSize(regs*)
                0x00000000c001b012                sysCallSizeFromFilename(regs*)
                0x00000000c001b0d2                sysCallClose(regs*)
                0x00000000c001b15a                sysCallOpenDir(regs*)
                0x00000000c001b1cf                sysCallCloseDir(regs*)
                0x00000000c001b235                sysCallMakeDir(regs*)
                0x00000000c001b2a5                sysCallWait(regs*)
                0x00000000c001b2bf                sysCallNotImpl(regs*)
                0x00000000c001b2da                sysPanic(regs*)
                0x00000000c001b300                sysCallRmdir(regs*)
                0x00000000c001b364                sysCallUnlink(regs*)
                0x00000000c001b3c8                sysCallGetArgv(regs*)
                0x00000000c001b414                sysCallTTYName(regs*)
                0x00000000c001b497                sysCallUSleep(regs*)
                0x00000000c001b4be                sysCallSpawn(regs*)
                0x00000000c001b516                sysCallGetEnv(regs*)
                0x00000000c001b5c3                sysAppSettings(regs*)
                0x00000000c001b6e2                sysSetFatAttrib(regs*)
                0x00000000c001b754                sysPipe(regs*)
                0x00000000c001b799                sysGetUnixTime(regs*)
                0x00000000c001b7ad                string_ends_with(char const*, char const*)
                0x00000000c001b7f5                sysCallOpen(regs*)
                0x00000000c001ba0a                Sys::loadSyscalls()
                0x00000000c001bbd7                Sys::systemCall(regs*, void*)
 .text          0x00000000c001bc19     0x1189 thr/elf.32
                0x00000000c001bc19                Thr::allocateMemoryForTask(Process*, File*, unsigned long, unsigned long, unsigned long)
                0x00000000c001be96                Thr::loadProgramIntoMemory(Process*, char const*)
                0x00000000c001c0ac                Thr::runtimeReferenceHelper()
                0x00000000c001c0bf                Thr::getAddressOfKernelSymbol(char const*)
                0x00000000c001c10e                Thr::loadKernelSymbolTable(char const*)
                0x00000000c001c3ca                Thr::loadDriverIntoMemory(char const*, unsigned long, bool)
                0x00000000c001cae6                Thr::getDriverBaseFromAddress(unsigned long)
                0x00000000c001cb18                Thr::getDriverNameFromAddress(unsigned long)
                0x00000000c001cb4f                Thr::getDriverOffsetFromAddress(unsigned long)
                0x00000000c001cb69                Thr::loadDLL(char const*, bool)
                0x00000000c001cd78                Thr::executeDLL(unsigned long, void*)
 .text          0x00000000c001cda2     0x1056 thr/prcssthr.32
                0x00000000c001cda2                changeTSS
                0x00000000c001cdd2                Process::addArgs(char**)
                0x00000000c001ce2c                Process::Process(char const*, Process*, char**)
                0x00000000c001ce2c                Process::Process(char const*, Process*, char**)
                0x00000000c001d010                Process::Process(bool, char const*, Process*, char**)
                0x00000000c001d010                Process::Process(bool, char const*, Process*, char**)
                0x00000000c001d1bf                disableIRQs()
                0x00000000c001d1c7                getIRQNestingLevel()
                0x00000000c001d1cd                enableIRQs()
                0x00000000c001d1dc                lockScheduler()
                0x00000000c001d1de                unlockScheduler()
                0x00000000c001d1e0                userModeEntryPoint(void*)
                0x00000000c001d203                lockStuff()
                0x00000000c001d20f                taskStartupFunction
                0x00000000c001d218                updateTimeUsed()
                0x00000000c001d27d                switchToThread(ThreadControlBlock*)
                0x00000000c001d2ce                Semaphore::Semaphore(int)
                0x00000000c001d2ce                Semaphore::Semaphore(int)
                0x00000000c001d2fc                Mutex::Mutex()
                0x00000000c001d2fc                Mutex::Mutex()
                0x00000000c001d30e                Process::createThread(void (*)(void*), void*, int)
                0x00000000c001d3f2                Process::createUserThread()
                0x00000000c001d40e                setupMultitasking(void (*)())
                0x00000000c001d518                schedule()
                0x00000000c001d59d                unlockStuff()
                0x00000000c001d5d2                Semaphore::tryAcquire()
                0x00000000c001d600                Semaphore::assertLocked(char const*)
                0x00000000c001d630                blockTaskWithSchedulerLockAlreadyHeld(TaskState)
                0x00000000c001d672                blockTask(TaskState)
                0x00000000c001d693                waitTask(int, int*, int)
                0x00000000c001d6d5                nanoSleepUntil(unsigned long long)
                0x00000000c001d72c                nanoSleep(unsigned long long)
                0x00000000c001d741                sleep(unsigned long long)
                0x00000000c001d75e                Semaphore::acquire()
                0x00000000c001d7c6                taskReturned
                0x00000000c001d7f4                unblockTask(ThreadControlBlock*)
                0x00000000c001d8a3                cleanupTerminatedTask(ThreadControlBlock*)
                0x00000000c001db6c                cleanerTaskFunction(void*)
                0x00000000c001dc1f                terminateTask(int)
                0x00000000c001dcff                Thr::terminateFromIRQ(int)
                0x00000000c001dd0c                Semaphore::release()
 .text          0x00000000c001ddf8      0xc26 vm86/vm8086.32
                0x00000000c001ddf8                Vm::inbv(unsigned short)
                0x00000000c001de0b                Vm::outbv(unsigned short, unsigned char)
                0x00000000c001de5e                Vm::realToLinear(unsigned short, unsigned short)
                0x00000000c001de6e                Vm::getSegment(unsigned int)
                0x00000000c001de76                Vm::getOffset(unsigned int)
                0x00000000c001de7b                Vm::mainloop2()
                0x00000000c001deb6                Vm::mainVm8086Loop(void*)
                0x00000000c001dec3                Vm::mainloop3(unsigned long)
                0x00000000c001deed                Vm::initialise8086()
                0x00000000c001df30                Vm::finish8086()
                0x00000000c001df75                Vm::getOutput8086(unsigned char*)
                0x00000000c001df9f                Vm::start8086(char const*, unsigned short, unsigned short, unsigned short, unsigned short)
                0x00000000c001e0ef                Vm::doISR(regs*, int, unsigned char*, unsigned short, unsigned short)
                0x00000000c001e179                Vm::readByteFromReal(unsigned short, unsigned short)
                0x00000000c001e18a                Vm::readWordFromReal(unsigned short, unsigned short)
                0x00000000c001e19c                Vm::readDwordFromReal(unsigned short, unsigned short)
                0x00000000c001e1ad                Vm::writeByteFromReal(unsigned short, unsigned short, unsigned char)
                0x00000000c001e1c2                Vm::writeWordFromReal(unsigned short, unsigned short, unsigned short)
                0x00000000c001e1d8                Vm::writeDwordFromReal(unsigned short, unsigned short, unsigned int)
                0x00000000c001e1ed                Vm::faultHandler(regs*)
 .text          0x00000000c001ea1e      0xefd vm86/x87em.32
                0x00000000c001ea1e                Vm::fpuInternalTo32(unsigned long long)
                0x00000000c001ea79                Vm::fpuInternalTo64(unsigned long long)
                0x00000000c001ea82                Vm::fpu32ToInternal(unsigned int)
                0x00000000c001eac7                Vm::fpu64ToInternal(unsigned long long)
                0x00000000c001ead0                Vm::fpuFloatToLong(unsigned long long)
                0x00000000c001eb2b                Vm::fpuULongToFloat(unsigned long long)
                0x00000000c001eb61                Vm::fpuLongToFloat(long long)
                0x00000000c001ebb7                Vm::fpuGet0()
                0x00000000c001ebbc                Vm::fpuGet1()
                0x00000000c001ebc4                Vm::fpuGetPi()
                0x00000000c001ebcc                Vm::fpuGetLog2E()
                0x00000000c001ebe4                Vm::fpuGetLogE2()
                0x00000000c001ebfc                Vm::fpuGetLog210()
                0x00000000c001ec14                Vm::fpuGetLog102()
                0x00000000c001ec2c                Vm::fpuIsSecondLarger(unsigned long long, unsigned long long)
                0x00000000c001ec40                Vm::fpuAreEqual(unsigned long long, unsigned long long)
                0x00000000c001ec56                Vm::fpuUnorderedCompare(unsigned long long, unsigned long long)
                0x00000000c001eca9                Vm::fpuAdd(unsigned long long, unsigned long long)
                0x00000000c001ecba                Vm::fpuAbs(unsigned long long)
                0x00000000c001ecc3                Vm::fpuChs(unsigned long long)
                0x00000000c001ecd3                Vm::fpuSub(unsigned long long, unsigned long long)
                0x00000000c001ece2                Vm::fpuMultiply(unsigned long long, unsigned long long)
                0x00000000c001ed01                Vm::fpuDivide(unsigned long long, unsigned long long)
                0x00000000c001ed1d                Vm::fpuSquare(unsigned long long)
                0x00000000c001ed33                Vm::fpuGetReg(int)
                0x00000000c001ed76                Vm::fpuSetReg(int, unsigned long long)
                0x00000000c001edc1                Vm::fpuPush(unsigned long long)
                0x00000000c001ee1e                Vm::fpuPop()
                0x00000000c001ee70                Vm::x87Handler(regs*)
 *fill*         0x00000000c001f91b        0x1 
 .text          0x00000000c001f91c     0x10ed fs/fat/vfslink.32
                0x00000000c001f91c                FAT::getName()
                0x00000000c001f922                FAT::tell(void*, unsigned long long*)
                0x00000000c001f956                FAT::stat(void*, unsigned long long*)
                0x00000000c001f98a                FAT::~FAT()
                0x00000000c001f98a                FAT::~FAT()
                0x00000000c001f9ae                FAT::~FAT()
                0x00000000c001f9d6                FAT::getlabel(LogicalDisk*, int, char*, unsigned int*)
                0x00000000c001fa74                FAT::setlabel(LogicalDisk*, int, char*)
                0x00000000c001fb2e                FAT::format(LogicalDisk*, int, char const*, int)
                0x00000000c001fd12                FAT::tryMount(LogicalDisk*, int)
                0x00000000c001ff18                FAT::readDir(void*, unsigned long, void*, int*)
                0x00000000c002001e                FAT::read(void*, unsigned long, void*, int*)
                0x00000000c0020078                FAT::write(void*, unsigned long, void*, int*)
                0x00000000c00200d2                FAT::close(void*)
                0x00000000c002011e                FAT::closeDir(void*)
                0x00000000c002016a                FAT::seek(void*, unsigned long long)
                0x00000000c00201be                fatWrapperReadDisk
                0x00000000c0020205                fatWrapperWriteDisk
                0x00000000c002024c                fatWrapperIoctl
                0x00000000c0020350                FAT::FAT()
                0x00000000c0020350                FAT::FAT()
                0x00000000c00203a2                FAT::fixFilepath(char*)
                0x00000000c00203da                FAT::open(char const*, void**, FileOpenMode)
                0x00000000c0020502                FAT::openDir(char const*, void**)
                0x00000000c00205a8                FAT::stat(char const*, unsigned long long*, bool*)
                0x00000000c0020692                FAT::unlink(char const*)
                0x00000000c002070c                FAT::chfatattr(char const*, unsigned char, unsigned char)
                0x00000000c0020860                FAT::rename(char const*, char const*)
                0x00000000c0020924                FAT::mkdir(char const*)
                0x00000000c002099e                FAT::exists(char const*)
 *fill*         0x00000000c0020a09        0x1 
 .text          0x00000000c0020a0a      0xbc1 fs/iso9660/vfslink.32
                0x00000000c0020a0a                ISO9660::format(LogicalDisk*, int, char const*, int)
                0x00000000c0020a10                ISO9660::seek(void*, unsigned long long)
                0x00000000c0020a40                ISO9660::tell(void*, unsigned long long*)
                0x00000000c0020a64                ISO9660::getName()
                0x00000000c0020a6a                ISO9660::stat(void*, unsigned long long*)
                0x00000000c0020a8e                ISO9660::chfatattr(char const*, unsigned char, unsigned char)
                0x00000000c0020a94                ISO9660::unlink(char const*)
                0x00000000c0020a9a                ISO9660::write(void*, unsigned long, void*, int*)
                0x00000000c0020aa0                ISO9660::rename(char const*, char const*)
                0x00000000c0020aa6                ISO9660::mkdir(char const*)
                0x00000000c0020aac                ISO9660::close(void*)
                0x00000000c0020ace                ISO9660::closeDir(void*)
                0x00000000c0020af0                ISO9660::~ISO9660()
                0x00000000c0020af0                ISO9660::~ISO9660()
                0x00000000c0020b14                ISO9660::~ISO9660()
                0x00000000c0020b3b                __memmem(unsigned char*, int, unsigned char*, int)
                0x00000000c0020b7d                readSectorFromCDROM(unsigned int, unsigned char*, char)
                0x00000000c0020be4                ISO9660::tryMount(LogicalDisk*, int)
                0x00000000c0020c34                ISO9660::read(void*, unsigned long, void*, int*)
                0x00000000c0020e34                ISO9660::readDir(void*, unsigned long, void*, int*)
                0x00000000c00210c1                readRoot(unsigned int*, unsigned int*, char)
                0x00000000c0021116                readRecursively(char*, unsigned int, unsigned int, unsigned int*, unsigned int*, char, int*)
                0x00000000c00212e9                getFileData(char*, unsigned int*, unsigned int*, char, int*)
                0x00000000c0021378                ISO9660::open(char const*, void**, FileOpenMode)
                0x00000000c0021438                ISO9660::exists(char const*)
                0x00000000c002145c                ISO9660::stat(char const*, unsigned long long*, bool*)
                0x00000000c00214f0                ISO9660::openDir(char const*, void**)
                0x00000000c00215a8                ISO9660::ISO9660()
                0x00000000c00215a8                ISO9660::ISO9660()
 *fill*         0x00000000c00215cb        0x1 
 .text          0x00000000c00215cc      0x326 hal/sound/sndchannel.32
                0x00000000c00215cc                SoundChannel::~SoundChannel()
                0x00000000c00215cc                SoundChannel::~SoundChannel()
                0x00000000c00215e8                SoundChannel::setSpeed(float)
                0x00000000c00215f4                SoundChannel::getSpeed()
                0x00000000c00215fc                SoundChannel::setVolume(int)
                0x00000000c0021618                SoundChannel::getVolume()
                0x00000000c0021620                SoundChannel::pause()
                0x00000000c002162a                SoundChannel::SoundChannel(int, int, int, int)
                0x00000000c002162a                SoundChannel::SoundChannel(int, int, int, int)
                0x00000000c0021780                SoundChannel::play()
                0x00000000c002178a                SoundChannel::paused()
                0x00000000c0021792                SoundChannel::getSampleRate()
                0x00000000c002179a                SoundChannel::getBits()
                0x00000000c00217a2                SoundChannel::getBufferUsed()
                0x00000000c00217aa                SoundChannel::getBufferSize()
                0x00000000c00217b2                SoundChannel::unbuffer(float*, int, int)
                0x00000000c0021852                SoundChannel::buffer8(unsigned char*, int)
 .text          0x00000000c00218f2      0x3d5 hal/sound/sndhw.32
                0x00000000c00218f2                SoundDevice::SoundDevice(char const*)
                0x00000000c00218f2                SoundDevice::SoundDevice(char const*)
                0x00000000c002195e                SoundDevice::~SoundDevice()
                0x00000000c002195e                SoundDevice::~SoundDevice()
                0x00000000c00219d8                SoundDevice::~SoundDevice()
                0x00000000c0021a02                SoundDevice::getFreeChannelNum()
                0x00000000c0021a1c                SoundDevice::addChannel(SoundChannel*)
                0x00000000c0021a8c                SoundDevice::removeChannel(int)
                0x00000000c0021abe                SoundDevice::floatTo8(float*, unsigned char*, int)
                0x00000000c0021ba6                SoundDevice::getAudio(int, float*, float*)
 .text          0x00000000c0021cc7        0x0 hw/bus/isa.32
 *fill*         0x00000000c0021cc7        0x1 
 .text          0x00000000c0021cc8      0x6c3 hw/bus/pci.32
                0x00000000c0021cc8                PCI::open(int, int, void*)
                0x00000000c0021cdc                PCI::close(int, int, void*)
                0x00000000c0021ce0                PCI::PCI()
                0x00000000c0021ce0                PCI::PCI()
                0x00000000c0021d60                PCI::pciReadWord(unsigned char, unsigned char, unsigned char, unsigned char)
                0x00000000c0021da8                PCI::getVendorID(unsigned char, unsigned char, unsigned char)
                0x00000000c0021dca                PCI::getHeaderType(unsigned char, unsigned char, unsigned char)
                0x00000000c0021dee                PCI::getClassCode(unsigned char, unsigned char, unsigned char)
                0x00000000c0021e32                PCI::getProgIF(unsigned char, unsigned char, unsigned char)
                0x00000000c0021e56                PCI::getRevisionID(unsigned char, unsigned char, unsigned char)
                0x00000000c0021e78                PCI::getInterruptNumber(unsigned char, unsigned char, unsigned char)
                0x00000000c0021e9a                PCI::getSecondaryBus(unsigned char, unsigned char, unsigned char)
                0x00000000c0021ebe                PCI::getBARAddress(unsigned char, unsigned char, unsigned char, unsigned char)
                0x00000000c0021f1e                PCI::pciWriteWord(unsigned char, unsigned char, unsigned char, unsigned char, unsigned short)
                0x00000000c0021f8a                PCI::checkBus(unsigned char)
                0x00000000c0021fae                PCI::foundDevice(PCIDeviceInfo)
                0x00000000c0022120                PCI::getDeviceData(unsigned char, unsigned char, unsigned char)
                0x00000000c00222cc                PCI::checkDevice(unsigned char, unsigned char)
                0x00000000c0022338                PCI::detect()
 *fill*         0x00000000c002238b        0x1 
 .text          0x00000000c002238c      0xc70 hw/diskctrl/ide.32
                0x00000000c002238c                IDE::close(int, int, void*)
                0x00000000c0022390                IDE::IDE()
                0x00000000c0022390                IDE::IDE()
                0x00000000c00223c4                IDE::prepareInterrupt(unsigned char)
                0x00000000c00223d6                selectDrive(unsigned char, unsigned char)
                0x00000000c00223d8                IDE::getBase(unsigned char)
                0x00000000c00223ea                IDE::write(unsigned char, unsigned char, unsigned char)
                0x00000000c00224aa                IDE::read(unsigned char, unsigned char)
                0x00000000c0022558                IDE::waitInterrupt(unsigned char)
                0x00000000c00225be                ideChannel0IRQHandler(regs*, void*)
                0x00000000c00225da                ideChannel1IRQHandler(regs*, void*)
                0x00000000c00225f6                IDE::enableIRQs(unsigned char, bool)
                0x00000000c002263c                IDE::open(int, int, void*)
                0x00000000c0022a4c                IDE::readBuffer(unsigned char, unsigned char, unsigned int, unsigned int)
                0x00000000c0022b18                IDE::detect()
                0x00000000c0022e00                IDE::printError(unsigned char, unsigned char, unsigned char)
                0x00000000c0022f96                IDE::polling(unsigned char, unsigned int)
 .text          0x00000000c0022ffc      0x37a hw/diskctrl/satabus.32
                0x00000000c0022ffc                SATABus::close(int, int, void*)
                0x00000000c0023000                SATABus::detect()
                0x00000000c0023002                SATABus::SATABus()
                0x00000000c0023002                SATABus::SATABus()
                0x00000000c00230ae                SATABus::findCmdslot(SATABus::tagHBA_PORT volatile*)
                0x00000000c00230f6                SATABus::checkType(SATABus::tagHBA_PORT volatile*)
                0x00000000c002313e                SATABus::startCmd(SATABus::tagHBA_PORT volatile*)
                0x00000000c002315e                SATABus::stopCmd(SATABus::tagHBA_PORT volatile*)
                0x00000000c0023188                SATABus::portRebase(SATABus::tagHBA_PORT volatile*, int)
                0x00000000c002328e                SATABus::probePort(SATABus::tagHBA_MEM volatile*)
                0x00000000c0023356                SATABus::open(int, int, void*)
 .text          0x00000000c0023376      0x62b hw/diskphys/ata.32
                0x00000000c0023376                ATA::close(int, int, void*)
                0x00000000c002339a                ATA::powerSaving(PowerSavingLevel)
                0x00000000c002339c                ATA::ATA()
                0x00000000c002339c                ATA::ATA()
                0x00000000c00233ca                ATA::flush(bool)
                0x00000000c0023414                ATA::readyForCommand()
                0x00000000c0023464                ATA::access(unsigned long long, int, void*, bool)
                0x00000000c00237e2                ATA::read(unsigned long long, int, void*)
                0x00000000c002384a                ATA::write(unsigned long long, int, void*)
                0x00000000c00238b2                ATA::detectCHS()
                0x00000000c00238dc                ATA::open(int, int, void*)
 *fill*         0x00000000c00239a1        0x1 
 .text          0x00000000c00239a2      0x5b3 hw/diskphys/atapi.32
                0x00000000c00239a2                ATAPI::write(unsigned long long, int, void*)
                0x00000000c00239a8                ATAPI::close(int, int, void*)
                0x00000000c00239cc                ATAPI::ATAPI()
                0x00000000c00239cc                ATAPI::ATAPI()
                0x00000000c00239fa                ATAPI::readyForCommand()
                0x00000000c0023a4a                ATAPI::sendPacket(unsigned char*, int, bool, unsigned short*, int)
                0x00000000c0023d0a                ATAPI::diskRemoved()
                0x00000000c0023d26                ATAPI::eject()
                0x00000000c0023d6c                ATAPI::diskInserted()
                0x00000000c0023d9a                ATAPI::detectMedia()
                0x00000000c0023e56                ATAPI::open(int, int, void*)
                0x00000000c0023ed6                ATAPI::read(unsigned long long, int, void*)
 *fill*         0x00000000c0023f55        0x1 
 .text          0x00000000c0023f56      0x414 hw/diskphys/sata.32
                0x00000000c0023f56                SATA::close(int, int, void*)
                0x00000000c0023f7a                SATA::powerSaving(PowerSavingLevel)
                0x00000000c0023f7c                SATA::open(int, int, void*)
                0x00000000c0023fd8                SATA::SATA()
                0x00000000c0023fd8                SATA::SATA()
                0x00000000c0024006                SATA::access(unsigned long long, int, void*, bool)
                0x00000000c002429a                SATA::read(unsigned long long, int, void*)
                0x00000000c0024302                SATA::write(unsigned long long, int, void*)
 .text          0x00000000c002436a       0x8e hw/fpu/avx.32
                0x00000000c002436a                AVX::open(int, int, void*)
                0x00000000c002437c                AVX::close(int, int, void*)
                0x00000000c002438e                AVX::available()
                0x00000000c00243a0                AVX::save(void*)
                0x00000000c00243b8                AVX::load(void*)
                0x00000000c00243d0                AVX::AVX()
                0x00000000c00243d0                AVX::AVX()
 .text          0x00000000c00243f8       0x90 hw/fpu/mmx.32
                0x00000000c00243f8                MMX::available()
                0x00000000c002440c                MMX::open(int, int, void*)
                0x00000000c002441e                MMX::close(int, int, void*)
                0x00000000c0024430                MMX::save(void*)
                0x00000000c0024448                MMX::load(void*)
                0x00000000c0024460                MMX::MMX()
                0x00000000c0024460                MMX::MMX()
 .text          0x00000000c0024488       0x96 hw/fpu/sse.32
                0x00000000c0024488                SSE::open(int, int, void*)
                0x00000000c002449a                SSE::close(int, int, void*)
                0x00000000c00244ac                SSE::available()
                0x00000000c00244c6                SSE::save(void*)
                0x00000000c00244de                SSE::load(void*)
                0x00000000c00244f6                SSE::SSE()
                0x00000000c00244f6                SSE::SSE()
 .text          0x00000000c002451e       0x8e hw/fpu/x87.32
                0x00000000c002451e                x87::open(int, int, void*)
                0x00000000c0024530                x87::close(int, int, void*)
                0x00000000c0024542                x87::available()
                0x00000000c0024554                x87::save(void*)
                0x00000000c002456c                x87::load(void*)
                0x00000000c0024584                x87::x87()
                0x00000000c0024584                x87::x87()
 .text          0x00000000c00245ac      0x71e hw/intctrl/apic.32
                0x00000000c00245ac                APIC::disable()
                0x00000000c00245ae                APIC::close(int, int, void*)
                0x00000000c00245d0                IOAPIC::close(int, int, void*)
                0x00000000c00245d6                APIC::io_wait()
                0x00000000c00245dc                APIC::getBase()
                0x00000000c002461e                APIC::eoi(unsigned char)
                0x00000000c002464c                APIC::open(int, int, void*)
                0x00000000c002479a                IOAPIC::IOAPIC()
                0x00000000c002479a                IOAPIC::IOAPIC()
                0x00000000c00247c2                APIC::APIC()
                0x00000000c00247c2                APIC::APIC()
                0x00000000c002489e                IOAPIC::handlesGSIWithNumber(unsigned int)
                0x00000000c00248d0                IOAPIC::read(int)
                0x00000000c00248f8                IOAPIC::open(int, int, void*)
                0x00000000c00249ee                IOAPIC::write(int, int)
                0x00000000c0024a1a                IOAPIC::redirect(unsigned char, unsigned long long, unsigned char, bool, bool)
                0x00000000c0024b14                APIC::installIRQHandler(int, void (*)(regs*, void*), bool, void*)
 .text          0x00000000c0024cca      0x3d3 hw/intctrl/pic.32
                0x00000000c0024cca                PIC::disable()
                0x00000000c0024cf8                PIC::close(int, int, void*)
                0x00000000c0024d1a                PIC::PIC()
                0x00000000c0024d1a                PIC::PIC()
                0x00000000c0024df0                PIC::ioWait()
                0x00000000c0024df6                PIC::getIRQReg(int)
                0x00000000c0024e60                PIC::eoi(unsigned char)
                0x00000000c0024ef2                PIC::remap()
                0x00000000c002505e                PIC::open(int, int, void*)
 *fill*         0x00000000c002509d        0x1 
 .text          0x00000000c002509e      0x25e hw/timer/apictimer.32
                0x00000000c002509e                APICTimer::close(int, int, void*)
                0x00000000c00250a4                apicTimerHandler(regs*, void*)
                0x00000000c00250d2                APICTimer::write(int)
                0x00000000c00251d6                APICTimer::open(int, int, void*)
                0x00000000c00252d4                APICTimer::APICTimer()
                0x00000000c00252d4                APICTimer::APICTimer()
 .text          0x00000000c00252fc      0x1a7 hw/timer/pit.32
                0x00000000c00252fc                PIT::write(int)
                0x00000000c002537a                pitHandler(regs*, void*)
                0x00000000c00253a6                PIT::open(int, int, void*)
                0x00000000c00253f4                PIT::close(int, int, void*)
                0x00000000c0025424                PIT::PIT()
                0x00000000c0025424                PIT::PIT()
 *fill*         0x00000000c00254a3        0xd 
 .text          0x00000000c00254b0       0x1e hw/fpu/x86/avx.32
                0x00000000c00254b0                avxDetect
                0x00000000c00254b6                avxSave
                0x00000000c00254b7                avxLoad
                0x00000000c00254b8                avxInit
                0x00000000c00254b9                avxClose
                0x00000000c00254ba                wouldSheSayYes
 *fill*         0x00000000c00254ce        0x2 
 .text          0x00000000c00254d0       0x35 hw/fpu/x86/sse.32
                0x00000000c00254d0                absolutelyNoChanceInHell
                0x00000000c00254d0                sseDetect
                0x00000000c00254e8                sseSave
                0x00000000c00254ee                sseLoad
                0x00000000c00254f4                sseInit
                0x00000000c0025504                sseClose
 *fill*         0x00000000c0025505        0xb 
 .text          0x00000000c0025510       0x47 hw/fpu/x86/x87.32
                0x00000000c0025516                x87Detect
                0x00000000c0025531                x87Save
                0x00000000c0025537                x87Load
                0x00000000c002553c                x87Init
                0x00000000c0025556                x87Close
 *fill*         0x00000000c0025557        0x1 
 .text          0x00000000c0025558       0x25 /cygdrive/d/Users/Alex/Desktop/Toolchain/Output/bin/../lib/gcc/i386-banana/8.1.0/crtend.o
 .text          0x00000000c002557d        0x0 crtn.32
 *fill*         0x00000000c002557d        0x3 
 .text          0x00000000c0025580      0x14b /cygdrive/d/Users/Alex/Desktop/Toolchain/Output/bin/../lib/gcc/i386-banana/8.1.0/libkgcc.a(_divdi3.o)
                0x00000000c0025580                __divdi3
 *fill*         0x00000000c00256cb        0x1 
 .text          0x00000000c00256cc      0x17e /cygdrive/d/Users/Alex/Desktop/Toolchain/Output/bin/../lib/gcc/i386-banana/8.1.0/libkgcc.a(_moddi3.o)
                0x00000000c00256cc                __moddi3
 *fill*         0x00000000c002584a        0x2 
 .text          0x00000000c002584c       0xff /cygdrive/d/Users/Alex/Desktop/Toolchain/Output/bin/../lib/gcc/i386-banana/8.1.0/libkgcc.a(_udivdi3.o)
                0x00000000c002584c                __udivdi3
 *fill*         0x00000000c002594b        0x1 
 .text          0x00000000c002594c      0x11a /cygdrive/d/Users/Alex/Desktop/Toolchain/Output/bin/../lib/gcc/i386-banana/8.1.0/libkgcc.a(_umoddi3.o)
                0x00000000c002594c                __umoddi3
 .text          0x00000000c0025a66      0x96d D:/Users/Alex/Desktop/Banana/kernel/libsoftfp.a(sfieeelib.o)
                0x00000000c0025a66                __addsf3
                0x00000000c0025d68                __subsf3
                0x00000000c0025d7c                __negsf2
                0x00000000c0025d89                __mulsf3
                0x00000000c0025f4c                __divsf3
                0x00000000c0026177                __floatsisf
                0x00000000c00261eb                __floatunsisf
                0x00000000c002622d                __fixsfsi
                0x00000000c002628f                __fixunssfsi
                0x00000000c00262c0                __cmpsf2
                0x00000000c0026355                __eqsf2
                0x00000000c0026390                __nesf2
                0x00000000c0026392                __gtsf2
                0x00000000c00263cd                __gesf2
                0x00000000c00263cf                __ltsf2
                0x00000000c00263d1                __lesf2
 .text          0x00000000c00263d3      0xf50 D:/Users/Alex/Desktop/Banana/kernel/libsoftfp.a(dfieeelib.o)
                0x00000000c00263d3                __adddf3
                0x00000000c0026a24                __subdf3
                0x00000000c0026a3f                __negdf2
                0x00000000c0026a50                __muldf3
                0x00000000c0026d34                __divdf3
                0x00000000c00270b3                __floatsidf
                0x00000000c002710e                __floatunsidf
                0x00000000c002714c                __fixdfsi
                0x00000000c00271b9                __fixunsdfsi
                0x00000000c00271f5                __cmpdf2
                0x00000000c00272e3                __eqdf2
                0x00000000c00272ff                __nedf2
                0x00000000c0027301                __gtdf2
                0x00000000c002731d                __gedf2
                0x00000000c002731f                __ltdf2
                0x00000000c0027321                __ledf2
 .text          0x00000000c0027323      0x18d D:/Users/Alex/Desktop/Banana/kernel/libsoftfp.a(sfdfcvt.o)
                0x00000000c0027323                __truncdfsf2
                0x00000000c0027447                __extendsfdf2
 .text          0x00000000c00274b0       0x1e D:/Users/Alex/Desktop/Banana/kernel/libk/libm32.a(s_fabs.c.o)
                0x00000000c00274b0                fabs
 *fill*         0x00000000c00274ce        0x2 
 .text          0x00000000c00274d0        0xc D:/Users/Alex/Desktop/Banana/kernel/libk/libm32.a(s_lrint.S.o)
                0x00000000c00274d0                lrint
 .text          0x00000000c00274dc        0xc D:/Users/Alex/Desktop/Banana/kernel/libk/libm32.a(s_lrintf.S.o)
                0x00000000c00274dc                lrintf
 *(.gnu.linkonce.t*)

.iplt           0x00000000c00274e8        0x0
 .iplt          0x00000000c00274e8        0x0 D:/Users/Alex/Desktop/Banana/kernel/boot.32

.init           0x00000000c00274e8        0xf
 .init          0x00000000c00274e8        0x3 crti.32
                0x00000000c00274e8                _init