Archive member included to satisfy reference by file (symbol)

/cygdrive/d/Users/Alex/Desktop/Toolchain/Output/bin/../lib/gcc/i386-banana/8.1.0/libkgcc.a(_divdi3.o)
                              fs/fat/ff.32 (__divdi3)
/cygdrive/d/Users/Alex/Desktop/Toolchain/Output/bin/../lib/gcc/i386-banana/8.1.0/libkgcc.a(_moddi3.o)
                              compat/resolve.32 (__moddi3)
/cygdrive/d/Users/Alex/Desktop/Toolchain/Output/bin/../lib/gcc/i386-banana/8.1.0/libkgcc.a(_udivdi3.o)
                              fs/fat/ff.32 (__udivdi3)
/cygdrive/d/Users/Alex/Desktop/Toolchain/Output/bin/../lib/gcc/i386-banana/8.1.0/libkgcc.a(_umoddi3.o)
                              compat/resolve.32 (__umoddi3)
D:/Users/Alex/Desktop/Banana/kernel/libsoftfp.a(sfieeelib.o)
                              hal/sound/sndhw.32 (__addsf3)
D:/Users/Alex/Desktop/Banana/kernel/libsoftfp.a(dfieeelib.o)
                              hal/libresample/src_linear.32 (__adddf3)
D:/Users/Alex/Desktop/Banana/kernel/libsoftfp.a(sfdfcvt.o)
                              hal/libresample/samplerate.32 (__truncdfsf2)
D:/Users/Alex/Desktop/Banana/kernel/libk/libm32.a(s_fabs.c.o)
                              hal/libresample/samplerate.32 (fabs)
D:/Users/Alex/Desktop/Banana/kernel/libk/libm32.a(s_lrint.S.o)
                              hal/libresample/samplerate.32 (lrint)
D:/Users/Alex/Desktop/Banana/kernel/libk/libm32.a(s_lrintf.S.o)
                              hal/sound/sndhw.32 (lrintf)

Discarded input sections

 .comment       0x0000000000000000       0x12 /cygdrive/d/Users/Alex/Desktop/Toolchain/Output/bin/../lib/gcc/i386-banana/8.1.0/crtbegin.o
 .comment       0x0000000000000000       0x12 acpica/utclib.32
 .comment       0x0000000000000000       0x12 core/malloc.32
 .comment       0x0000000000000000       0x12 libk/string.32
 .comment       0x0000000000000000       0x12 fs/fat/diskio.32
 .comment       0x0000000000000000       0x12 fs/fat/ff.32
 .comment       0x0000000000000000       0x12 fs/fat/ffsystem.32
 .comment       0x0000000000000000       0x12 fs/fat/ffunicode.32
 .comment       0x0000000000000000       0x12 hal/libresample/samplerate.32
 .comment       0x0000000000000000       0x12 hal/libresample/src_linear.32
 .comment       0x0000000000000000       0x12 hal/libresample/src_sinc.32
 .comment       0x0000000000000000       0x12 hal/libresample/src_zoh.32
 .comment       0x0000000000000000       0x12 compat/inlines.32
 .comment       0x0000000000000000       0x12 compat/resolve.32
 .group         0x0000000000000000       0x14 core/computer.32
 .group         0x0000000000000000        0xc core/computer.32
 .comment       0x0000000000000000       0x12 core/computer.32
 .comment       0x0000000000000000       0x12 core/gdt.32
 .group         0x0000000000000000        0xc core/idle.32
 .comment       0x0000000000000000       0x12 core/idle.32
 .comment       0x0000000000000000       0x12 core/idt.32
 .comment       0x0000000000000000       0x12 core/kheap.32
 .comment       0x0000000000000000       0x12 core/main.32
 .comment       0x0000000000000000       0x12 core/physmgr.32
 .group         0x0000000000000000        0xc core/pipe.32
 .comment       0x0000000000000000       0x12 core/pipe.32
 .group         0x0000000000000000        0xc core/terminal.32
 .comment       0x0000000000000000       0x12 core/terminal.32
 .comment       0x0000000000000000       0x12 core/tss.32
 .group         0x0000000000000000        0x8 core/unixfile.32
 .group         0x0000000000000000        0xc core/unixfile.32
 .group         0x0000000000000000        0xc core/unixfile.32
 .group         0x0000000000000000        0x8 core/unixfile.32
 .group         0x0000000000000000        0xc core/unixfile.32
 .group         0x0000000000000000        0x8 core/unixfile.32
 .group         0x0000000000000000        0xc core/unixfile.32
 .group         0x0000000000000000        0xc core/unixfile.32
 .comment       0x0000000000000000       0x12 core/unixfile.32
 .comment       0x0000000000000000       0x12 core/virtmgr.32
 .comment       0x0000000000000000       0x12 coreobjs/c++.32
 .comment       0x0000000000000000       0x12 dbg/kconsole.32
 .group         0x0000000000000000        0xc fs/vfs.32
 .group         0x0000000000000000        0xc fs/vfs.32
 .group         0x0000000000000000        0xc fs/vfs.32
 .comment       0x0000000000000000       0x12 fs/vfs.32
 .group         0x0000000000000000        0xc hal/bus.32
 .comment       0x0000000000000000       0x12 hal/bus.32
 .group         0x0000000000000000        0xc hal/buzzer.32
 .comment       0x0000000000000000       0x12 hal/buzzer.32
 .group         0x0000000000000000        0xc hal/clock.32
 .comment       0x0000000000000000       0x12 hal/clock.32
 .group         0x0000000000000000       0x14 hal/device.32
 .group         0x0000000000000000        0xc hal/device.32
 .group         0x0000000000000000        0xc hal/device.32
 .group         0x0000000000000000        0xc hal/device.32
[...]
Memory Configuration

Name             Origin             Length             Attributes
*default*        0x0000000000000000 0xffffffffffffffff

Linker script and memory map

LOAD D:/Users/Alex/Desktop/Banana/kernel/boot.32
LOAD crti.32
LOAD /cygdrive/d/Users/Alex/Desktop/Toolchain/Output/bin/../lib/gcc/i386-banana/8.1.0/crtbegin.o
LOAD D:/Users/Alex/Desktop/Banana/kernel/morenasm.32
LOAD acpica/utclib.32
LOAD core/malloc.32
LOAD libk/string.32
LOAD fs/fat/diskio.32
LOAD fs/fat/ff.32
LOAD fs/fat/ffsystem.32
LOAD fs/fat/ffunicode.32
LOAD hal/libresample/samplerate.32
LOAD hal/libresample/src_linear.32
LOAD hal/libresample/src_sinc.32
LOAD hal/libresample/src_zoh.32
LOAD compat/inlines.32
LOAD compat/resolve.32
LOAD core/computer.32
LOAD core/gdt.32
LOAD core/idle.32
LOAD core/idt.32
LOAD core/kheap.32
LOAD core/main.32
LOAD core/physmgr.32
LOAD core/pipe.32
LOAD core/terminal.32
LOAD core/tss.32
LOAD core/unixfile.32
LOAD core/virtmgr.32
LOAD coreobjs/c++.32
LOAD dbg/kconsole.32
LOAD fs/vfs.32
LOAD hal/bus.32
LOAD hal/buzzer.32
LOAD hal/clock.32
LOAD hal/device.32
LOAD hal/diskctrl.32
LOAD hal/diskphys.32
LOAD hal/fpu.32
LOAD hal/intctrl.32
LOAD hal/keybrd.32
LOAD hal/logidisk.32
LOAD hal/mouse.32
LOAD hal/partition.32
LOAD hal/serial.32
LOAD hal/timer.32
LOAD hal/vcache.32
LOAD hal/video.32
LOAD hw/acpi.32
LOAD hw/cpu.32
LOAD hw/ports.32
LOAD hw/smp.32
LOAD krnl/env.32
LOAD krnl/panic.32
LOAD net/ethernet.32
LOAD reg/registry.32
LOAD sys/sc_eject.32
LOAD sys/sc_exit.32
LOAD sys/sc_getcwd.32
LOAD sys/sc_getpid.32
LOAD sys/sc_getramdata.32
LOAD sys/sc_getvgaptr.32
LOAD sys/sc_loaddll.32
LOAD sys/sc_read.32
LOAD sys/sc_sbrk.32
LOAD sys/sc_setcwd.32
LOAD sys/sc_settime.32
LOAD sys/sc_timezone.32
LOAD sys/sc_write.32
LOAD sys/sc_wsbe.32
LOAD sys/sc_yield.32
LOAD sys/syscalls.32
LOAD thr/elf.32
LOAD thr/prcssthr.32
LOAD vm86/vm8086.32
LOAD vm86/x87em.32
LOAD fs/fat/vfslink.32
LOAD fs/iso9660/vfslink.32
LOAD hal/sound/sndchannel.32
LOAD hal/sound/sndhw.32
LOAD hw/bus/isa.32
LOAD hw/bus/pci.32
LOAD hw/diskctrl/ide.32
LOAD hw/diskctrl/satabus.32
LOAD hw/diskphys/ata.32
LOAD hw/diskphys/atapi.32
LOAD hw/diskphys/sata.32
LOAD hw/diskphys/satapi.32
LOAD hw/fpu/avx.32
LOAD hw/fpu/mmx.32
LOAD hw/fpu/sse.32
LOAD hw/fpu/x87.32
LOAD hw/intctrl/apic.32
LOAD hw/intctrl/pic.32
LOAD hw/timer/apictimer.32
LOAD hw/timer/pit.32
LOAD hw/fpu/x86/avx.32
LOAD hw/fpu/x86/sse.32
LOAD hw/fpu/x86/x87.32
LOAD /cygdrive/d/Users/Alex/Desktop/Toolchain/Output/bin/../lib/gcc/i386-banana/8.1.0/crtend.o
LOAD crtn.32
LOAD /cygdrive/d/Users/Alex/Desktop/Toolchain/Output/bin/../lib/gcc/i386-banana/8.1.0/libkgcc.a
LOAD D:/Users/Alex/Desktop/Banana/kernel/libsoftfp.a
LOAD D:/Users/Alex/Desktop/Banana/kernel/libk/libm32.a
                0x00000000c0000000                . = 0xc0000000

.text           0x00000000c0000000    0x294c8
 *(.text)
 .text          0x00000000c0000000       0x41 D:/Users/Alex/Desktop/Banana/kernel/boot.32
                0x00000000c0000020                callGlobalConstructors
 .text          0x00000000c0000041        0x0 crti.32
 *fill*         0x00000000c0000041        0x3 
 .text          0x00000000c0000044      0x101 /cygdrive/d/Users/Alex/Desktop/Toolchain/Output/bin/../lib/gcc/i386-banana/8.1.0/crtbegin.o
 *fill*         0x00000000c0000145        0xb 
 .text          0x00000000c0000150      0x4fb D:/Users/Alex/Desktop/Banana/kernel/morenasm.32
                0x00000000c0000150                manualPCIProbe
                0x00000000c000019b                prepareTramp
                0x00000000c00001b4                voodooXADD
                0x00000000c000027f                doTPAUSE
                0x00000000c0000289                hasLegacyFPU
                0x00000000c00002ae                is486
                0x00000000c00002e4                detectCPUID
                0x00000000c00002fa                goToVM86
                0x00000000c000032a                goToUsermode
                0x00000000c0000354                switchToThreadASMFirstTime
                0x00000000c0000362                switchToThreadASM
                0x00000000c00003f2                asmQuickAcquireLock
                0x00000000c0000410                asmQuickReleaseLock
                0x00000000c000041c                asmAcquireLock
                0x00000000c000043d                asmReleaseLock
                0x00000000c0000450                loadGDT
                0x00000000c0000470                isr0
                0x00000000c0000480                isr1
                0x00000000c000048a                isr2
                0x00000000c0000494                isr3
                0x00000000c000049e                isr4
                0x00000000c00004a8                isr5
                0x00000000c00004b2                isr6
                0x00000000c00004bc                isr7
                0x00000000c00004c6                isr8
                0x00000000c00004ce                isr9
                0x00000000c00004d8                isr10
                0x00000000c00004e0                isr11
                0x00000000c00004e8                isr12
                0x00000000c00004f0                isr13
                0x00000000c00004f8                isr14
                0x00000000c0000500                isr15
                0x00000000c000050a                isr16
                0x00000000c0000514                isr17
                0x00000000c000051e                isr18
                0x00000000c0000528                irq3
                0x00000000c0000532                irq4
                0x00000000c000053c                irq5
                0x00000000c0000546                irq6
                0x00000000c0000550                irq7
                0x00000000c000055a                irq8
                0x00000000c0000564                irq9
                0x00000000c000056e                irq10
                0x00000000c0000578                irq11
                0x00000000c0000582                irq12
                0x00000000c000058c                irq13
                0x00000000c0000596                irq14
                0x00000000c00005a0                irq15
                0x00000000c00005aa                irq1
                0x00000000c00005b1                irq2
                0x00000000c00005b8                isr96
                0x00000000c00005bf                irq0
                0x00000000c00005c4                syscall_common_stub
                0x00000000c00005c4                int_common_stub
                0x00000000c00005f6                irq16
                0x00000000c0000600                irq17
                0x00000000c000060a                irq18
                0x00000000c0000614                irq19
                0x00000000c000061e                irq20
                0x00000000c0000628                irq21
                0x00000000c0000632                irq22
                0x00000000c000063c                irq23
                0x00000000c0000646                memcpy
 *fill*         0x00000000c000064b        0x1 
 .text          0x00000000c000064c      0x5dd acpica/utclib.32
                0x00000000c000064c                memcmp
                0x00000000c0000688                memmove
                0x00000000c0000750                memset
                0x00000000c000076c                strlen
                0x00000000c0000784                strpbrk
                0x00000000c00007c0                strtok
                0x00000000c000080c                strcpy
                0x00000000c0000830                strncpy
                0x00000000c0000898                strcmp
                0x00000000c00008d8                strchr
                0x00000000c00008fc                strncmp
                0x00000000c000094c                strcat
                0x00000000c000097c                strncat
                0x00000000c00009b8                strstr
                0x00000000c0000a00                toupper
                0x00000000c0000a14                tolower
                0x00000000c0000a28                simple_strtoul
 .text          0x00000000c0000c29      0xfad core/malloc.32
                0x00000000c0000d94                dlfree
                0x00000000c00010ef                dlmalloc
                0x00000000c000162c                dlrealloc
                0x00000000c00017cf                dlmemalign
                0x00000000c00018f2                dlcalloc
                0x00000000c000198c                dlcfree
                0x00000000c0001991                dlindependent_calloc
                0x00000000c00019b6                dlindependent_comalloc
                0x00000000c00019cd                dlvalloc
                0x00000000c00019f8                dlpvalloc
                0x00000000c0001a2e                dlmalloc_trim
                0x00000000c0001a3b                dlmalloc_usable_size
                0x00000000c0001a6c                dlmallinfo
                0x00000000c0001b3b                dlmalloc_stats
                0x00000000c0001b4c                dlmallopt
 .text          0x00000000c0001bd6        0x0 libk/string.32
 .text          0x00000000c0001bd6       0x51 fs/fat/diskio.32
                0x00000000c0001bd6                disk_status
                0x00000000c0001bd9                disk_initialize
                0x00000000c0001bdc                disk_read
                0x00000000c0001bf2                disk_write
                0x00000000c0001c08                disk_ioctl
 .text          0x00000000c0001c27     0x6833 fs/fat/ff.32
                0x00000000c0004ef5                f_mount
                0x00000000c0004f57                f_open
                0x00000000c0005393                f_read
                0x00000000c0005613                f_write
                0x00000000c00058cd                f_sync
                0x00000000c0005aa9                f_close
                0x00000000c0005ad8                f_lseek
                0x00000000c0005f8f                f_opendir
                0x00000000c0006091                f_closedir
                0x00000000c00060b3                f_readdir
                0x00000000c000614e                f_stat
                0x00000000c00061dd                f_getfree
                0x00000000c00063a8                f_truncate
                0x00000000c00064a0                f_unlink
                0x00000000c0006623                f_mkdir
                0x00000000c000684f                f_rename
                0x00000000c0006b42                f_chmod
                0x00000000c0006c20                f_utime
                0x00000000c0006cfe                f_getlabel
                0x00000000c0006eec                f_setlabel
                0x00000000c0007159                f_forward
                0x00000000c0007337                f_mkfs
 .text          0x00000000c000845a       0x2d fs/fat/ffsystem.32
                0x00000000c000845a                ff_memalloc
                0x00000000c0008470                ff_memfree
 .text          0x00000000c0008487      0x253 fs/fat/ffunicode.32
                0x00000000c0008487                ff_uni2oem
                0x00000000c0008517                ff_oem2uni
                0x00000000c0008583                ff_wtoupper
 .text          0x00000000c00086da      0x8fb hal/libresample/samplerate.32
                0x00000000c000871e                src_delete
                0x00000000c000875a                src_process
                0x00000000c0008910                src_callback_read
                0x00000000c0008a8d                src_set_ratio
                0x00000000c0008af7                src_get_channels
                0x00000000c0008b19                src_reset
                0x00000000c0008b65                src_new
                0x00000000c0008bf3                src_callback_new
                0x00000000c0008c55                src_get_name
                0x00000000c0008c8c                src_get_description
                0x00000000c0008cc3                src_get_version
                0x00000000c0008cc9                src_is_valid_ratio
                0x00000000c0008d1d                src_error
                0x00000000c0008d2b                src_strerror
                0x00000000c0008d3e                src_simple
                0x00000000c0008d91                src_short_to_float_array
                0x00000000c0008df6                src_float_to_short_array
                0x00000000c0008eb5                src_int_to_float_array
                0x00000000c0008f18                src_float_to_int_array
 .text          0x00000000c0008fd5      0x8cb hal/libresample/src_linear.32
                0x00000000c00097fb                linear_get_name
                0x00000000c000980a                linear_get_description
                0x00000000c0009819                linear_set_converter
 .text          0x00000000c00098a0     0x447c hal/libresample/src_sinc.32
                0x00000000c000dc33                sinc_get_name
                0x00000000c000dc46                sinc_get_description
                0x00000000c000dc59                sinc_set_converter
 .text          0x00000000c000dd1c      0x77c hal/libresample/src_zoh.32
                0x00000000c000e3f3                zoh_get_name
                0x00000000c000e402                zoh_get_description
                0x00000000c000e411                zoh_set_converter
 .text          0x00000000c000e498       0xa7 compat/inlines.32
                0x00000000c000e498                CPU::current()
                0x00000000c000e4a4                operator new(unsigned long)
                0x00000000c000e4a9                operator delete(void*)
                0x00000000c000e4ae                disableIRQs()
                0x00000000c000e4b6                enableIRQs()
                0x00000000c000e4c5                lockScheduler()
                0x00000000c000e4cd                unlockScheduler()
                0x00000000c000e4dc                lockStuff()
                0x00000000c000e4ea                unlockStuff()
                0x00000000c000e524                Virt::getAKernelVAS()
                0x00000000c000e52a                __not_memcpy
 .text          0x00000000c000e53f      0x111 compat/resolve.32
                0x00000000c000e53f                Krnl::resolveCompatibilitySymbol(char*)
 .text          0x00000000c000e650      0xa17 core/computer.32
                0x00000000c000e650                Computer::close(int, int, void*)
                0x00000000c000e694                Krnl::firstTask()
                0x00000000c000e784                Computer::Computer()
                0x00000000c000e784                Computer::Computer()
                0x00000000c000e8e0                Computer::setBootMessage(char const*)
                0x00000000c000e8e2                Computer::detectFeatures()
                0x00000000c000eaec                Computer::displayFeatures()
                0x00000000c000ee32                Computer::rdmsr(unsigned int)
                0x00000000c000ee5e                Computer::wrmsr(unsigned int, unsigned long long)
                0x00000000c000ee96                Computer::nmiEnabled()
                0x00000000c000eea2                Computer::readCMOS(unsigned char)
                0x00000000c000eebc                Computer::enableNMI(bool)
                0x00000000c000eed4                Computer::open(int, int, void*)
                0x00000000c000efaa                Computer::disableNMI()
                0x00000000c000efb8                Computer::writeCMOS(unsigned char, unsigned char)
                0x00000000c000efd6                Computer::handleNMI()
                0x00000000c000f03c                Computer::setDiskActivityLight(int, bool)
 *fill*         0x00000000c000f067        0x1 
 .text          0x00000000c000f068      0x1b7 core/gdt.32
                0x00000000c000f068                GDTEntry::setBase(unsigned int)
                0x00000000c000f084                GDTEntry::setLimit(unsigned int)
                0x00000000c000f0a2                GDT::GDT()
                0x00000000c000f0a2                GDT::GDT()
                0x00000000c000f0b8                GDT::addEntry(GDTEntry)
                0x00000000c000f0f4                GDT::getNumberOfEntries()
                0x00000000c000f0fc                GDT::flush()
                0x00000000c000f11e                GDT::setup()
 .text          0x00000000c000f21f       0x6b core/idle.32
                0x00000000c000f21f                idleFunction(void*)
 .text          0x00000000c000f28a      0x45e core/idt.32
                0x00000000c000f28a                IDTEntry::IDTEntry(bool)
                0x00000000c000f28a                IDTEntry::IDTEntry(bool)
                0x00000000c000f2f8                IDTEntry::setOffset(unsigned int)
                0x00000000c000f30c                IDT::IDT()
                0x00000000c000f30c                IDT::IDT()
                0x00000000c000f30e                IDT::getPointerToInvalidOpcodeEntryForF00F()
                0x00000000c000f316                IDT::addEntry(IDTEntry, int)
                0x00000000c000f330                IDT::addEntry(int, void (*)(), bool)
                0x00000000c000f368                IDT::flush()
                0x00000000c000f382                IDT::setup()
 .text          0x00000000c000f6e8      0x1fe core/kheap.32
                0x00000000c000f6e8                sbrk
                0x00000000c000f7f5                mmap
                0x00000000c000f80b                munmap
                0x00000000c000f821                liballoc_lock()
                0x00000000c000f82e                liballoc_unlock()
                0x00000000c000f842                liballoc_alloc(int)
                0x00000000c000f85d                liballoc_free(void*, int)
                0x00000000c000f878                realloc
                0x00000000c000f88c                malloc
                0x00000000c000f89c                free
                0x00000000c000f8ac                rfree
                0x00000000c000f8bc                calloc
 .text          0x00000000c000f8e6      0x44f core/main.32
                0x00000000c000f8e6                hwTextMode_loadInData(VgaText*)
                0x00000000c000f92b                hwTextMode_loadInTitle(VgaText*, char*)
                0x00000000c000f997                hwTextMode_showCursor(VgaText*, bool)
                0x00000000c000f9f2                hwTextMode_update(VgaText*)
                0x00000000c000f9f3                hwTextMode_updateCursor(VgaText*)
                0x00000000c000fa3b                hwTextMode_disableBlink(VgaText*, bool)
                0x00000000c000fa81                hwTextMode_scrollScreen(VgaText*)
                0x00000000c000fb22                hwTextMode_writeCharacter(VgaText*, char, VgaColour, VgaColour, int, int)
                0x00000000c000fba1                setupTextMode()
                0x00000000c000fc11                kernel_main
 .text          0x00000000c000fd35      0x56c core/physmgr.32
                0x00000000c000fd35                Phys::allocateDMA(unsigned long)
                0x00000000c000fdd8                Phys::freeDMA(unsigned long, unsigned long)
                0x00000000c000fe20                Phys::setPageState(unsigned long, bool)
                0x00000000c000fe52                Phys::getPageState(unsigned long)
                0x00000000c000fe6e                Phys::freePage(unsigned long)
                0x00000000c000fef8                Phys::allocatePage()
                0x00000000c000ffdd                Phys::allocateContiguousPages(int)
                0x00000000c0010039                Phys::allowSegmentToBeUsed(unsigned long, unsigned long)
                0x00000000c0010071                Phys::physicalMemorySetup(unsigned int)
 *fill*         0x00000000c00102a1        0x1 
 .text          0x00000000c00102a2      0x273 core/pipe.32
                0x00000000c00102a2                Pipe::isAtty()
                0x00000000c00102a6                Pipe::~Pipe()
                0x00000000c00102a6                Pipe::~Pipe()
                0x00000000c00102ca                Pipe::~Pipe()
                0x00000000c00102f2                Pipe::read(unsigned long long, void*, int*)
                0x00000000c00103ee                Pipe::write(unsigned long long, void*, int*)
                0x00000000c00104ae                Pipe::Pipe(int)
                0x00000000c00104ae                Pipe::Pipe(int)
 *fill*         0x00000000c0010515        0x1 
 .text          0x00000000c0010516      0xe4b core/terminal.32
                0x00000000c0010516                VgaText::isAtty()
                0x00000000c001051a                VgaText::~VgaText()
                0x00000000c001051a                VgaText::~VgaText()
                0x00000000c001053e                VgaText::~VgaText()
                0x00000000c0010568                VgaText::read(unsigned long long, void*, int*)
                0x00000000c0010588                setTerminalScrollLock(bool)
                0x00000000c0010589                addToTerminalCycle(VgaText*)
                0x00000000c00105aa                installVgaTextImplementation()
                0x00000000c00105bf                scrollTerminalScrollLock(int)
                0x00000000c00105c0                VgaText::load()
                0x00000000c001060e                VgaText::updateCursor()
                0x00000000c0010624                VgaText::showCursor(bool)
                0x00000000c0010630                VgaText::disableBlink(bool)
                0x00000000c0010664                VgaText::doANSI_SGR(int)
                0x00000000c00106d8                VgaText::setDefaultBgColour(VgaColour)
                0x00000000c00106e8                VgaText::setDefaultFgColour(VgaColour)
                0x00000000c00106f8                VgaText::setDefaultColours(VgaColour, VgaColour)
                0x00000000c0010718                VgaText::combineColours(unsigned char, unsigned char)
                0x00000000c001072a                VgaText::scrollScreen()
                0x00000000c00107be                VgaText::combineCharAndColour(char, unsigned char)
                0x00000000c00107d0                VgaText::writeCharacter(char, VgaColour, VgaColour, int, int)
                0x00000000c001082c                VgaText::getCursorX()
                0x00000000c0010834                VgaText::getCursorY()
                0x00000000c001083c                VgaText::setCursor(int, int)
                0x00000000c0010854                VgaText::setCursorX(int)
                0x00000000c001086c                VgaText::setCursorY(int)
                0x00000000c0010884                VgaText::incrementCursor(bool)
                0x00000000c00108d8                VgaText::updateRAMUsageDisplay(int)
                0x00000000c001093c                VgaText::updateDiskUsage()
                0x00000000c0010aa6                VgaText::updateTitle()
                0x00000000c0010aea                VgaText::setTitleTextColour(VgaColour)
                0x00000000c0010af8                VgaText::setTitleColour(VgaColour)
                0x00000000c0010b06                VgaText::setTitle(char*)
                0x00000000c0010b2c                VgaText::decrementCursor(bool)
                0x00000000c0010b4e                VgaText::putchar(char, VgaColour, VgaColour)
                0x00000000c0010c26                VgaText::isShowingCursor()
                0x00000000c0010c2e                VgaText::isBlinkDisabled()
                0x00000000c0010c3a                VgaText::setCursorHeight(int)
                0x00000000c0010c52                VgaText::getCursorHeight()
                0x00000000c0010c5a                setActiveTerminal(VgaText*)
                0x00000000c0010d00                doTerminalCycle()
                0x00000000c0010d1a                VgaText::doUpdate()
                0x00000000c0010d28                VgaText::puts(char const*, VgaColour, VgaColour)
                0x00000000c0010ea0                VgaText::clearScreen()
                0x00000000c0010efa                VgaText::putchar(char)
                0x00000000c0010fe6                VgaText::puts(char const*)
                0x00000000c001100c                VgaText::putx(unsigned int)
                0x00000000c0011052                VgaText::VgaText(char const*)
                0x00000000c0011052                VgaText::VgaText(char const*)
                0x00000000c0011200                VgaText::receiveKey(unsigned char)
                0x00000000c00112e8                VgaText::write(unsigned long long, void*, int*)
                0x00000000c001133c                newTerminal(char*)
 *fill*         0x00000000c0011361        0x1 
 .text          0x00000000c0011362      0x1b3 core/tss.32
                0x00000000c0011362                TSS::TSS()
                0x00000000c0011362                TSS::TSS()
                0x00000000c0011370                TSS::setESP(unsigned long)
                0x00000000c0011382                TSS::flush()
                0x00000000c00113a2                TSS::setup(unsigned long, unsigned long)
 *fill*         0x00000000c0011515        0x1 
 .text          0x00000000c0011516      0x4c2 core/unixfile.32
                0x00000000c0011516                ReservedFilename::read(unsigned long long, void*, int*)
                0x00000000c001156c                ReservedFilename::isAtty()
                0x00000000c0011588                ReservedFilename::write(unsigned long long, void*, int*)
                0x00000000c00115e6                UnixFile::getFileDescriptor()
                0x00000000c00115ee                UnixFile::UnixFile(int)
                0x00000000c00115ee                UnixFile::UnixFile(int)
                0x00000000c001179e                ReservedFilename::ReservedFilename(int)
                0x00000000c001179e                ReservedFilename::ReservedFilename(int)
                0x00000000c00117d0                UnixFile::~UnixFile()
                0x00000000c00117d0                UnixFile::~UnixFile()
                0x00000000c0011868                UnixFile::~UnixFile()
                0x00000000c0011890                ReservedFilename::~ReservedFilename()
                0x00000000c0011890                ReservedFilename::~ReservedFilename()
                0x00000000c00118b4                ReservedFilename::~ReservedFilename()
                0x00000000c00118db                getFromFileDescriptor(int)
 .text          0x00000000c00119d8     0x12f9 core/virtmgr.32
                0x00000000c00119d8                Virt::setPageState(unsigned long, Virt::VirtPageState)
                0x00000000c0011a0d                Virt::getPageState(unsigned long)
                0x00000000c0011a31                Virt::allocateKernelVirtualPages(int)
                0x00000000c0011b42                Virt::freeSwapfilePage(unsigned long)
                0x00000000c0011b60                Virt::swapIDToSector(unsigned long)
                0x00000000c0011b72                Virt::allocateSwapfilePage()
                0x00000000c0011bf0                Virt::virtualMemorySetup()
                0x00000000c0011c6f                Virt::swappingSetup()
                0x00000000c0011c70                Virt::setupPageSwapping(int)
                0x00000000c0011e3c                VAS::VAS()
                0x00000000c0011e3c                VAS::VAS()
                0x00000000c0011e78                VAS::VAS(VAS*)
                0x00000000c0011e78                VAS::VAS(VAS*)
                0x00000000c0011ea6                VAS::getForeignPageTableEntry(bool, unsigned long)
                0x00000000c0011ed2                VAS::getPageTableEntry(unsigned long)
                0x00000000c0011ef1                Virt::freeKernelVirtualPages(unsigned long)
                0x00000000c0012014                VAS::freeAllocatedPages(unsigned long)
                0x00000000c0012038                VAS::virtualToPhysical(unsigned long)
                0x00000000c0012050                VAS::reflagRange(unsigned long, int, int, int)
                0x00000000c0012090                VAS::setToWriteCombining(unsigned long, int)
                0x00000000c00120c2                VAS::mapOtherVASIn(bool, VAS*)
                0x00000000c00120ec                VAS::~VAS()
                0x00000000c00120ec                VAS::~VAS()
                0x00000000c0012268                VAS::mapPage(unsigned long, unsigned long, int)
                0x00000000c001236a                VAS::allocatePages(int, int)
                0x00000000c0012542                VAS::setCPUSpecific(unsigned long)
                0x00000000c001255e                VAS::mapRange(unsigned long, unsigned long, int, int)
                0x00000000c0012624                VAS::mapForeignPage(bool, VAS*, unsigned long, unsigned long, int)
                0x00000000c0012712                VAS::VAS(bool)
                0x00000000c0012712                VAS::VAS(bool)
                0x00000000c0012992                VAS::evict(unsigned long)
                0x00000000c0012a54                VAS::tryLoadBackOffDisk(unsigned long)
                0x00000000c0012b64                VAS::scanForEviction()
                0x00000000c0012c15                mapVASFirstTime
 .text          0x00000000c0012cd1       0x95 coreobjs/c++.32
                0x00000000c0012cd1                __cxa_atexit
                0x00000000c0012cd4                __cxa_finalize
                0x00000000c0012cd5                __stack_chk_fail
                0x00000000c0012d41                __cxa_pure_virtual
                0x00000000c0012d52                operator new[](unsigned long)
                0x00000000c0012d57                operator delete(void*, unsigned long)
                0x00000000c0012d5c                operator delete[](void*)
                0x00000000c0012d61                operator delete[](void*, unsigned long)
 .text          0x00000000c0012d66      0x1ef dbg/kconsole.32
                0x00000000c0012d66                Dbg::stringifyxWithBase(unsigned int, char*, int)
                0x00000000c0012dc7                Dbg::logc(char)
                0x00000000c0012dde                Dbg::logs(char*)
                0x00000000c0012dfb                Dbg::logWriteInt(unsigned int)
                0x00000000c0012e18                Dbg::logWriteIntBase(unsigned int, int)
                0x00000000c0012e37                Dbg::kprintf(char const*, ...)
 *fill*         0x00000000c0012f55        0x1 
 .text          0x00000000c0012f56      0xb82 fs/vfs.32
                0x00000000c0012f56                File::read(unsigned long long, void*, int*)
                0x00000000c0012fae                File::write(unsigned long long, void*, int*)
                0x00000000c0013006                Directory::read(unsigned long long, void*, int*)
                0x00000000c001305e                Directory::write(unsigned long long, void*, int*)
                0x00000000c001308c                File::isAtty()
                0x00000000c0013090                Directory::isAtty()
                0x00000000c0013094                Filesystem::getlabel(LogicalDisk*, int, char*, unsigned int*)
                0x00000000c001309a                Filesystem::setlabel(LogicalDisk*, int, char*)
                0x00000000c00130a0                Filesystem::getFileFirstSector(char const*)
                0x00000000c00130a6                File::~File()
                0x00000000c00130a6                File::~File()
                0x00000000c00130ca                File::~File()
                0x00000000c00130f4                Directory::~Directory()
                0x00000000c00130f4                Directory::~Directory()
                0x00000000c0013118                Directory::~Directory()
                0x00000000c0013142                Filesystem::Filesystem()
                0x00000000c0013142                Filesystem::Filesystem()
                0x00000000c0013166                Filesystem::~Filesystem()
                0x00000000c0013166                Filesystem::~Filesystem()
                0x00000000c0013174                Filesystem::~Filesystem()
                0x00000000c0013198                Fs::getcwd(Process*, char*, int)
                0x00000000c00131c2                Fs::initVFS()
                0x00000000c00131ec                Fs::standardiseFiles(char*, char const*, char const*)
                0x00000000c0013396                File::File(char const*, Process*)
                0x00000000c0013396                File::File(char const*, Process*)
                0x00000000c00133fa                File::open(FileOpenMode)
                0x00000000c0013458                File::close()
                0x00000000c00134b8                File::seek(unsigned long long)
                0x00000000c001350e                File::tell(unsigned long long*)
                0x00000000c001355e                File::rewind()
                0x00000000c0013572                File::unlink()
                0x00000000c00135be                File::rename(char const*)
                0x00000000c001360c                File::chfatattr(unsigned char, unsigned char)
                0x00000000c0013668                File::exists()
                0x00000000c00136a6                File::stat(unsigned long long*, bool*)
                0x00000000c0013707                Fs::setcwd(Process*, char*)
                0x00000000c0013842                Directory::Directory(char const*, Process*)
                0x00000000c0013842                Directory::Directory(char const*, Process*)
                0x00000000c00138a6                Directory::open()
                0x00000000c0013902                Directory::close()
                0x00000000c0013962                Directory::unlink()
                0x00000000c00139ae                Directory::rename(char const*)
                0x00000000c00139fc                Directory::exists()
                0x00000000c0013a3a                Directory::read(dirent*)
                0x00000000c0013a86                Directory::create()
                0x00000000c0013ad2                Filesystem::chfatattr(char const*, unsigned char, unsigned char)
 .text          0x00000000c0013ad8       0x84 hal/bus.32
                0x00000000c0013ad8                Bus::Bus(char const*)
                0x00000000c0013ad8                Bus::Bus(char const*)
                0x00000000c0013b0e                Bus::~Bus()
                0x00000000c0013b0e                Bus::~Bus()
                0x00000000c0013b32                Bus::~Bus()
 .text          0x00000000c0013b5c      0x156 hal/buzzer.32
                0x00000000c0013b5c                Buzzer::Buzzer(char const*)
                0x00000000c0013b5c                Buzzer::Buzzer(char const*)
                0x00000000c0013ba0                Buzzer::~Buzzer()
                0x00000000c0013ba0                Buzzer::~Buzzer()
                0x00000000c0013bc4                Buzzer::~Buzzer()
                0x00000000c0013bee                Buzzer::stop()
                0x00000000c0013c01                beepThread(void*)
                0x00000000c0013c44                Buzzer::beep(int, int, bool)
 .text          0x00000000c0013cb2      0x467 hal/clock.32
                0x00000000c0013cb2                User::loadClockSettings(int)
                0x00000000c0013d04                Clock::Clock(char const*)
                0x00000000c0013d04                Clock::Clock(char const*)
                0x00000000c0013d3a                Clock::~Clock()
                0x00000000c0013d3a                Clock::~Clock()
                0x00000000c0013d5e                Clock::~Clock()
                0x00000000c0013d88                Clock::timeInSecondsLocal()
                0x00000000c0013dd0                Clock::setTimeInSecondsLocal(unsigned long long)
                0x00000000c0013e29                datetimeToSeconds(datetime_t)
                0x00000000c0013f50                Clock::setTimeInDatetimeLocal(datetime_t)
                0x00000000c0013fb0                secondsToDatetime(unsigned long long)
                0x00000000c00140f4                Clock::timeInDatetimeLocal()
 *fill*         0x00000000c0014119        0x1 
 .text          0x00000000c001411a      0x504 hal/device.32
                0x00000000c001411a                Device::hibernate()
                0x00000000c001411c                Device::wake()
                0x00000000c001411e                Device::detect()
                0x00000000c0014120                Device::disableLegacy()
                0x00000000c0014122                Device::powerSaving(PowerSavingLevel)
                0x00000000c0014124                DriverlessDevice::close(int, int, void*)
                0x00000000c0014128                DriverlessDevice::detect()
                0x00000000c001412a                DriverlessDevice::open(int, int, void*)
                0x00000000c001413e                Device::~Device()
                0x00000000c001413e                Device::~Device()
                0x00000000c001414c                Device::~Device()
                0x00000000c0014174                Device::findAndLoadDriver()
                0x00000000c0014182                Device::preOpenPCI(PCIDeviceInfo)
                0x00000000c00141a8                Device::preOpenACPI(void*, char*, char*)
                0x00000000c00141e8                Device::addIRQHandler(int, void (*)(regs*, void*), bool, void*)
                0x00000000c0014226                Device::getParent()
                0x00000000c0014232                Device::removeIRQHandler(int, void (*)(regs*, void*), bool)
                0x00000000c0014270                Device::addChild(Device*)
                0x00000000c00142b4                Device::removeAllChildren()
                0x00000000c00142fa                Device::hibernateAll()
                0x00000000c001432a                Device::wakeAll()
                0x00000000c001435a                Device::detectAll()
                0x00000000c001438a                Device::disableLegacyAll()
                0x00000000c00143ba                Device::loadDriversForAll()
                0x00000000c00143fa                Device::closeAll()
                0x00000000c0014430                Device::powerSavingAll(PowerSavingLevel)
                0x00000000c0014466                Device::setName(char const*)
                0x00000000c0014474                Device::Device(char const*)
                0x00000000c0014474                Device::Device(char const*)
                0x00000000c0014570                Device::getName()
                0x00000000c001457a                DriverlessDevice::DriverlessDevice(char const*)
                0x00000000c001457a                DriverlessDevice::DriverlessDevice(char const*)
                0x00000000c00145b0                Device::addToLinkedList(LinkedList<Device>&, DeviceType)
                0x00000000c00145f4                getDevicesOfType(DeviceType)
 .text          0x00000000c001461e       0x84 hal/diskctrl.32
                0x00000000c001461e                HardDiskController::HardDiskController(char const*)
                0x00000000c001461e                HardDiskController::HardDiskController(char const*)
                0x00000000c0014654                HardDiskController::~HardDiskController()
                0x00000000c0014654                HardDiskController::~HardDiskController()
                0x00000000c0014678                HardDiskController::~HardDiskController()
 .text          0x00000000c00146a2       0xf2 hal/diskphys.32
                0x00000000c00146a2                PhysicalDisk::eject()
                0x00000000c00146b6                PhysicalDisk::PhysicalDisk(char const*, int)
                0x00000000c00146b6                PhysicalDisk::PhysicalDisk(char const*, int)
                0x00000000c001471e                PhysicalDisk::startCache()
                0x00000000c0014746                PhysicalDisk::~PhysicalDisk()
                0x00000000c0014746                PhysicalDisk::~PhysicalDisk()
                0x00000000c001476a                PhysicalDisk::~PhysicalDisk()
 .text          0x00000000c0014794      0x13b hal/fpu.32
                0x00000000c0014794                FPU::FPU(char const*)
                0x00000000c0014794                FPU::FPU(char const*)
                0x00000000c00147ca                FPU::~FPU()
                0x00000000c00147ca                FPU::~FPU()
                0x00000000c00147ee                FPU::~FPU()
                0x00000000c0014818                setupFPU()
 *fill*         0x00000000c00148cf        0x1 
 .text          0x00000000c00148d0     0x1413 hal/intctrl.32
                0x00000000c00148d0                InterruptController::uninstallISRHandler(int, void (*)(regs*, void*))
                0x00000000c0014908                InterruptController::installISRHandler(int, void (*)(regs*, void*), void*)
                0x00000000c001495a                doubleFault(regs*, void*)
                0x00000000c0014974                InterruptController::installIRQHandler(int, void (*)(regs*, void*), bool, void*)
                0x00000000c0014a10                InterruptController::clearAllHandlers(int, bool)
                0x00000000c0014ab8                InterruptController::uninstallIRQHandler(int, void (*)(regs*, void*), bool)
                0x00000000c0014b3f                nmiHandler(regs*, void*)
                0x00000000c0014b4d                int_handler
                0x00000000c0014bee                InterruptController::InterruptController(char const*)
                0x00000000c0014bee                InterruptController::InterruptController(char const*)
                0x00000000c0014c94                InterruptController::~InterruptController()
                0x00000000c0014c94                InterruptController::~InterruptController()
                0x00000000c0014cb8                InterruptController::~InterruptController()
                0x00000000c0014ce2                displayDebugInfo(regs*)
                0x00000000c0015171                x87EmulHandler(regs*, void*)
                0x00000000c00151e4                gpFault(regs*, void*)
                0x00000000c001521d                pgFault(regs*, void*)
                0x00000000c0015234                otherISRHandler(regs*, void*)
                0x00000000c0015253                opcodeFault(regs*, void*)
                0x00000000c0015870                displayProgramFault(char const*)
                0x00000000c0015898                setupInterruptController()
                0x00000000c0015c96                InterruptController::convertLegacyIRQNumber(int)
 *fill*         0x00000000c0015ce3        0x1 
 .text          0x00000000c0015ce4      0x794 hal/keybrd.32
                0x00000000c0015ce4                startGUI(void*)
                0x00000000c0015d50                startGUIVESA(void*)
                0x00000000c0015dbc                sendKeyToTerminal(unsigned char)
                0x00000000c0015e7a                sendKeyboardToken(KeyboardToken)
                0x00000000c00162b7                clearInternalKeybuffer(VgaText*)
                0x00000000c00162ec                readKeyboard(VgaText*, char*, unsigned long)
                0x00000000c00163ee                Keyboard::Keyboard(char const*)
                0x00000000c00163ee                Keyboard::Keyboard(char const*)
                0x00000000c001642a                Keyboard::~Keyboard()
                0x00000000c001642a                Keyboard::~Keyboard()
                0x00000000c001644e                Keyboard::~Keyboard()
 .text          0x00000000c0016478      0x414 hal/logidisk.32
                0x00000000c0016478                LogicalDisk::close(int, int, void*)
                0x00000000c001647c                LogicalDisk::~LogicalDisk()
                0x00000000c001647c                LogicalDisk::~LogicalDisk()
                0x00000000c00164a0                LogicalDisk::~LogicalDisk()
                0x00000000c00164ca                LogicalDisk::open(int, int, void*)
                0x00000000c00164de                LogicalDisk::absoluteToRelative(unsigned long long)
                0x00000000c0016516                LogicalDisk::relativeToAbsolute(unsigned long long)
                0x00000000c001655c                LogicalDisk::LogicalDisk(char const*, PhysicalDisk*, unsigned long long, unsigned long long)
                0x00000000c001655c                LogicalDisk::LogicalDisk(char const*, PhysicalDisk*, unsigned long long, unsigned long long)
                0x00000000c0016612                LogicalDisk::assignDriveLetter()
                0x00000000c00166c8                LogicalDisk::mount()
                0x00000000c001673a                LogicalDisk::unmount()
                0x00000000c001674a                LogicalDisk::eject()
                0x00000000c001675e                LogicalDisk::unassignDriveLetter()
                0x00000000c00167b4                LogicalDisk::read(unsigned long long, int, void*)
                0x00000000c0016820                LogicalDisk::write(unsigned long long, int, void*)
 .text          0x00000000c001688c       0x84 hal/mouse.32
                0x00000000c001688c                Mouse::Mouse(char const*)
                0x00000000c001688c                Mouse::Mouse(char const*)
                0x00000000c00168c2                Mouse::~Mouse()
                0x00000000c00168c2                Mouse::~Mouse()
                0x00000000c00168e6                Mouse::~Mouse()
 .text          0x00000000c0016910      0x359 hal/partition.32
                0x00000000c0016910                makePartition(PhysicalDisk*, unsigned long long, unsigned long long)
                0x00000000c00169d8                createPartitionsForDisk(PhysicalDisk*)
 *fill*         0x00000000c0016c69        0x1 
 .text          0x00000000c0016c6a       0x84 hal/serial.32
                0x00000000c0016c6a                Serial::Serial(char const*)
                0x00000000c0016c6a                Serial::Serial(char const*)
                0x00000000c0016ca0                Serial::~Serial()
                0x00000000c0016ca0                Serial::~Serial()
                0x00000000c0016cc4                Serial::~Serial()
 .text          0x00000000c0016cee      0x2f3 hal/timer.32
                0x00000000c0016cee                Timer::Timer(char const*)
                0x00000000c0016cee                Timer::Timer(char const*)
                0x00000000c0016d24                Timer::~Timer()
                0x00000000c0016d24                Timer::~Timer()
                0x00000000c0016d48                Timer::~Timer()
                0x00000000c0016d72                Timer::read()
                0x00000000c0016d7d                timerHandler(unsigned long long)
                0x00000000c0016eef                setupTimer(int)
 *fill*         0x00000000c0016fe1        0x1 
 .text          0x00000000c0016fe2      0x409 hal/vcache.32
                0x00000000c0016fe2                VCache::VCache(PhysicalDisk*)
                0x00000000c0016fe2                VCache::VCache(PhysicalDisk*)
                0x00000000c001714a                VCache::invalidateReadBuffer()
                0x00000000c001715a                VCache::writeWriteBuffer()
                0x00000000c0017196                VCache::~VCache()
                0x00000000c0017196                VCache::~VCache()
                0x00000000c00171ea                VCache::~VCache()
                0x00000000c0017212                VCache::write(unsigned long long, int, void*)
                0x00000000c00172fc                VCache::read(unsigned long long, int, void*)
 *fill*         0x00000000c00173eb        0x1 
 .text          0x00000000c00173ec      0x4cd hal/video.32
                0x00000000c00173ec                Video::putrect(int, int, int, int, unsigned int)
                0x00000000c0017438                Video::bitblit(int, int, int, int, int, int, int, unsigned int*)
                0x00000000c00174a8                Video::blit(unsigned int*, int, int, int, int)
                0x00000000c0017526                Video::clearScreen(unsigned int)
                0x00000000c001755a                Video::putpixel(int, int, unsigned int)
                0x00000000c0017568                Video::Video(char const*)
                0x00000000c0017568                Video::Video(char const*)
                0x00000000c001759e                Video::~Video()
                0x00000000c001759e                Video::~Video()
                0x00000000c00175c2                Video::~Video()
                0x00000000c00175ec                Video::isMonochrome()
                0x00000000c00175f8                Video::getWidth()
                0x00000000c0017604                Video::getHeight()
                0x00000000c0017610                Video::drawCursor(int, int, unsigned char*, int)
                0x00000000c00176cc                Video::tgaParse(unsigned char*, int, int*, int*)
                0x00000000c001784e                Video::putTGA(int, int, unsigned char*, int)
 *fill*         0x00000000c00178b9        0x1 
 .text          0x00000000c00178ba     0x1275 hw/acpi.32
                0x00000000c00178ba                ACPI::close(int, int, void*)
                0x00000000c001796f                findRSDP()
                0x00000000c0017a09                loadACPITables(unsigned char*)
                0x00000000c0017c60                findRSDT(unsigned char*)
                0x00000000c0017daa                findDataTable(unsigned char*, char*)
                0x00000000c0017e46                scanMADT()
                0x00000000c00182cc                ACPI::ACPI()
                0x00000000c00182cc                ACPI::ACPI()
                0x00000000c0018336                ACPI::getPCIIRQAssignment(unsigned char, unsigned short, unsigned char)
                0x00000000c0018418                ACPI::registerPCIIRQAssignment(void*, unsigned short, unsigned char, unsigned char)
                0x00000000c00184de                ACPI::setScreenBrightnessLevel(void*, int)
                0x00000000c00184e4                ACPI::writeSimpleBootFlag(SimpleBootFlagTable*)
                0x00000000c001852c                ACPI::sleep()
                0x00000000c0018544                ACPI::open(int, int, void*)
 *fill*         0x00000000c0018b2f        0x1 
 .text          0x00000000c0018b30     0x1717 hw/cpu.32
                0x00000000c0018b30                CPU::close(int, int, void*)
                0x00000000c0018b34                CPU::lookupAMDName(unsigned char, unsigned char)
                0x00000000c0018cc8                CPU::lookupIntelName(unsigned char, unsigned char)
                0x00000000c0018f76                CPU::AMD_K6_write_msr(unsigned int, unsigned int, unsigned int, CPU::REGS*)
                0x00000000c0018f92                CPU::AMD_K6_read_msr(unsigned int, CPU::REGS*)
                0x00000000c0018faa                CPU::AMD_K6_writeback(int, int, int)
                0x00000000c001901e                CPU::cpuid(int, unsigned long*, unsigned long*, unsigned long*, unsigned long*)
                0x00000000c00190a2                CPU::cpuidCheckEDX(unsigned int)
                0x00000000c00190d0                CPU::cpuidCheckECX(unsigned int)
                0x00000000c00190fe                CPU::cpuidCheckExtendedEBX(unsigned int)
                0x00000000c001912c                CPU::cpuidCheckExtendedECX(unsigned int)
                0x00000000c001915a                CPU::CPU()
                0x00000000c001915a                CPU::CPU()
                0x00000000c00191e8                CPU::displayFeatures()
                0x00000000c0019464                CPU::detectFeatures()
                0x00000000c0019e56                CPU::setupSMEP()
                0x00000000c0019e62                CPU::setupUMIP()
                0x00000000c0019e6c                CPU::setupTSC()
                0x00000000c0019e76                CPU::setupLargePages()
                0x00000000c0019e80                CPU::setupPAT()
                0x00000000c0019ebc                CPU::setupMTRR()
                0x00000000c0019ebe                CPU::setupGlobalPages()
                0x00000000c0019ec8                CPU::allowUsermodeDataAccess()
                0x00000000c0019eda                CPU::prohibitUsermodeDataAccess()
                0x00000000c0019eec                CPU::setupSMAP()
                0x00000000c0019efa                CPU::setupFeatures()
                0x00000000c0019f7a                CPU::open(int, int, void*)
                0x00000000c001a04c                CPU::decodeAddress(regs*, int*, bool*, unsigned char*)
 .text          0x00000000c001a247        0x0 hw/ports.32
 .text          0x00000000c001a247      0x16a hw/smp.32
                0x00000000c001a247                Krnl::smpEntry()
                0x00000000c001a249                Krnl::startCPU(int)
                0x00000000c001a392                Krnl::startCPUs()
 *fill*         0x00000000c001a3b1        0x1 
 .text          0x00000000c001a3b2      0x5cd krnl/env.32
                0x00000000c001a3b2                EnvVarContainer::getEnv(char const*)
                0x00000000c001a3f0                EnvVarContainer::setEnv(char const*, char const*)
                0x00000000c001a4b2                EnvVarContainer::deleteEnv(char const*)
                0x00000000c001a4b4                EnvVarContainer::loadFrom(char const*, char const*)
                0x00000000c001a6b6                EnvVarContainer::__loadSystem()
                0x00000000c001a6d0                EnvVarContainer::__loadUser()
                0x00000000c001a6d2                EnvVarContainer::EnvVarContainer(Process*)
                0x00000000c001a6d2                EnvVarContainer::EnvVarContainer(Process*)
                0x00000000c001a6f4                EnvVarContainer::~EnvVarContainer()
                0x00000000c001a6f4                EnvVarContainer::~EnvVarContainer()
                0x00000000c001a724                Krnl::getEnv(Process*, char const*)
                0x00000000c001a789                Krnl::setEnvSystem(char const*, char const*)
                0x00000000c001a7a3                Krnl::setEnvUser(char const*, char const*)
                0x00000000c001a7c2                Krnl::setEnvProcess(Process*, char const*, char const*)
                0x00000000c001a7d5                Krnl::deleteEnvSystem(char const*)
                0x00000000c001a7d6                Krnl::deleteEnvUser(char const*)
                0x00000000c001a7d7                Krnl::deleteEnvProcess(Process*, char const*)
                0x00000000c001a7d8                Krnl::newProcessEnv(Process*)
                0x00000000c001a7fa                Krnl::copyProcessEnv(Process*, Process*)
                0x00000000c001a846                Krnl::loadSystemEnv()
                0x00000000c001a874                Krnl::loadUserEnv()
                0x00000000c001a89a                Krnl::flushEnv()
                0x00000000c001a89b                Krnl::getProcessTotalEnvCount(Process*)
                0x00000000c001a8bb                Krnl::getProcessEnvPair(Process*, int)
 .text          0x00000000c001a97f      0x396 krnl/panic.32
                0x00000000c001a97f                Krnl::panic(char const*)
 .text          0x00000000c001ad15      0x57f net/ethernet.32
                0x00000000c001ad15                Net::switchEndian16(unsigned short)
                0x00000000c001ad36                Net::switchEndian32(unsigned int)
                0x00000000c001ad65                Net::crc32Calc(unsigned char*, int)
                0x00000000c001adf6                Net::wrapEthernetFrame(Net::UnwrappedEthernetFrame, unsigned char*)
                0x00000000c001b009                Net::unwrapEthernetFrame(unsigned char*, int)
 .text          0x00000000c001b294      0x50e reg/registry.32
                0x00000000c001b294                Reg::findLineFromLoadedData(char*, char*, char*)
                0x00000000c001b3ec                Reg::getLineFromRegistry(char*, char*, char*, char*)
                0x00000000c001b541                Reg::getLine(char*, char*, char*)
                0x00000000c001b578                Reg::readInt(char*, char*, int*)
                0x00000000c001b663                Reg::readString(char*, char*, char*, int)
                0x00000000c001b6e4                Reg::readBool(char*, char*, bool*)
                0x00000000c001b709                Reg::readBoolWithDefault(char*, char*, bool)
                0x00000000c001b735                Reg::readIntWithDefault(char*, char*, int)
                0x00000000c001b761                Reg::readStringWithDefault(char*, char*, char*, int, char*)
 .text          0x00000000c001b7a2       0x36 sys/sc_eject.32
                0x00000000c001b7a2                Sys::eject(regs*)
 .text          0x00000000c001b7d8       0x18 sys/sc_exit.32
                0x00000000c001b7d8                Sys::exit(regs*)
 .text          0x00000000c001b7f0       0x1f sys/sc_getcwd.32
                0x00000000c001b7f0                Sys::getCwd(regs*)
 .text          0x00000000c001b80f        0xc sys/sc_getpid.32
                0x00000000c001b80f                Sys::getPID(regs*)
 .text          0x00000000c001b81b       0x17 sys/sc_getramdata.32
                0x00000000c001b81b                Sys::getRAMData(regs*)
 .text          0x00000000c001b832       0x84 sys/sc_getvgaptr.32
                0x00000000c001b832                Sys::getVGAPtr(regs*)
 .text          0x00000000c001b8b6       0xa8 sys/sc_loaddll.32
                0x00000000c001b8b6                Sys::loadDLL(regs*)
 .text          0x00000000c001b95e       0x68 sys/sc_read.32
                0x00000000c001b95e                Sys::read(regs*)
 .text          0x00000000c001b9c6       0x55 sys/sc_sbrk.32
                0x00000000c001b9c6                Sys::sbrk(regs*)
 .text          0x00000000c001ba1b       0x1c sys/sc_setcwd.32
                0x00000000c001ba1b                Sys::setCwd(regs*)
 .text          0x00000000c001ba37      0x128 sys/sc_settime.32
                0x00000000c001ba37                Sys::setTime(regs*)
 .text          0x00000000c001bb5f       0x4a sys/sc_timezone.32
                0x00000000c001bb5f                Sys::timezone(regs*)
 .text          0x00000000c001bba9       0x68 sys/sc_write.32
                0x00000000c001bba9                Sys::write(regs*)
 .text          0x00000000c001bc11       0x62 sys/sc_wsbe.32
                0x00000000c001bc11                Sys::wsbe(regs*)
 .text          0x00000000c001bc73       0x46 sys/sc_yield.32
                0x00000000c001bc73                Sys::yield(regs*)
 .text          0x00000000c001bcb9     0x1101 sys/syscalls.32
                0x00000000c001bcb9                sysCallSeekDir(regs*)
                0x00000000c001bcbe                sysCallTellDir(regs*)
                0x00000000c001bcc3                sysCallVerify(regs*)
                0x00000000c001bccd                sysFormatDisk(regs*)
                0x00000000c001bd37                sysSetDiskVolumeLabel(regs*)
                0x00000000c001bd7d                sysGetDiskVolumeLabel(regs*)
                0x00000000c001bdce                sysShutdown(regs*)
                0x00000000c001be2c                sysCallRealpath(regs*)
                0x00000000c001be6f                sysCallGetArgc(regs*)
                0x00000000c001be9d                sysCallReadDir(regs*)
                0x00000000c001bf2b                sysCallIsATTY(regs*)
                0x00000000c001bf85                sysCallSeek(regs*)
                0x00000000c001bfee                sysCallTell(regs*)
                0x00000000c001c06b                sysCallSize(regs*)
                0x00000000c001c0ee                sysCallSizeFromFilename(regs*)
                0x00000000c001c1ae                sysCallClose(regs*)
                0x00000000c001c236                sysCallOpenDir(regs*)
                0x00000000c001c2ab                sysCallCloseDir(regs*)
                0x00000000c001c311                sysCallMakeDir(regs*)
                0x00000000c001c381                sysCallWait(regs*)
                0x00000000c001c39b                sysCallNotImpl(regs*)
                0x00000000c001c3b6                sysPanic(regs*)
                0x00000000c001c3dc                sysCallRmdir(regs*)
                0x00000000c001c440                sysCallUnlink(regs*)
                0x00000000c001c4a4                sysCallGetArgv(regs*)
                0x00000000c001c4f0                sysCallTTYName(regs*)
                0x00000000c001c573                sysCallUSleep(regs*)
                0x00000000c001c59a                sysCallSpawn(regs*)
                0x00000000c001c60f                sysCallGetEnv(regs*)
                0x00000000c001c747                sysAppSettings(regs*)
                0x00000000c001c85b                sysSetFatAttrib(regs*)
                0x00000000c001c8cd                sysPipe(regs*)
                0x00000000c001c912                sysGetUnixTime(regs*)
                0x00000000c001c926                string_ends_with(char const*, char const*)
                0x00000000c001c96e                sysCallOpen(regs*)
                0x00000000c001cb83                Sys::loadSyscalls()
                0x00000000c001cd78                Sys::systemCall(regs*, void*)
 .text          0x00000000c001cdba     0x11fd thr/elf.32
                0x00000000c001cdba                Thr::allocateMemoryForTask(Process*, File*, unsigned long, unsigned long, unsigned long)
                0x00000000c001d064                Thr::loadProgramIntoMemory(Process*, char const*)
                0x00000000c001d27a                Thr::runtimeReferenceHelper()
                0x00000000c001d28d                Thr::getAddressOfKernelSymbol(char const*)
                0x00000000c001d2dc                Thr::loadKernelSymbolTable(char const*)
                0x00000000c001d59a                Thr::loadDriverIntoMemory(char const*, unsigned long, bool)
                0x00000000c001dcd0                Thr::getDriverBaseFromAddress(unsigned long)
                0x00000000c001dd02                Thr::getDriverNameFromAddress(unsigned long)
                0x00000000c001dd39                Thr::getDriverOffsetFromAddress(unsigned long)
                0x00000000c001dd53                Thr::loadDLL(char const*, bool)
                0x00000000c001df7e                Thr::executeDLL(unsigned long, void*)
 *fill*         0x00000000c001dfb7        0x1 
 .text          0x00000000c001dfb8     0x1315 thr/prcssthr.32
                0x00000000c001dfb8                userModeEntryPoint(void*)
                0x00000000c001dfde                changeTSS
                0x00000000c001e00e                switchToThread(ThreadControlBlock*)
                0x00000000c001e0b8                Process::addArgs(char**)
                0x00000000c001e112                Process::Process(char const*, Process*, char**)
                0x00000000c001e112                Process::Process(char const*, Process*, char**)
                0x00000000c001e2f6                Process::Process(bool, char const*, Process*, char**)
                0x00000000c001e2f6                Process::Process(bool, char const*, Process*, char**)
                0x00000000c001e4a5                taskStartupFunction
                0x00000000c001e4ae                Semaphore::Semaphore(int)
                0x00000000c001e4ae                Semaphore::Semaphore(int)
                0x00000000c001e4dc                Mutex::Mutex()
                0x00000000c001e4dc                Mutex::Mutex()
                0x00000000c001e4ee                Process::createThread(void (*)(void*), void*, int)
                0x00000000c001e5f4                Process::createUserThread()
                0x00000000c001e610                setupMultitasking(void (*)())
                0x00000000c001e732                schedule()
                0x00000000c001e7b8                Semaphore::tryAcquire()
                0x00000000c001e874                Semaphore::assertLocked(char const*)
                0x00000000c001e8e3                blockTaskWithSchedulerLockAlreadyHeld(TaskState)
                0x00000000c001e931                blockTask(TaskState)
                0x00000000c001e95e                waitTask(int, int*, int)
                0x00000000c001e9a0                nanoSleepUntil(unsigned long long)
                0x00000000c001ea35                nanoSleep(unsigned long long)
                0x00000000c001ea4d                sleep(unsigned long long)
                0x00000000c001ea6a                Semaphore::acquire()
                0x00000000c001eb0c                taskReturned
                0x00000000c001eb47                Thr::processFromPID(int)
                0x00000000c001ebf6                unblockTask(ThreadControlBlock*)
                0x00000000c001eca3                cleanupTerminatedTask(ThreadControlBlock*)
                0x00000000c001ef6c                cleanerTaskFunction(void*)
                0x00000000c001f065                terminateTask(int)
                0x00000000c001f197                Thr::terminateFromIRQ(int)
                0x00000000c001f1a4                Semaphore::release()
 .text          0x00000000c001f2cd      0xc53 vm86/vm8086.32
                0x00000000c001f2cd                Vm::inbv(unsigned short)
                0x00000000c001f2e0                Vm::outbv(unsigned short, unsigned char)
                0x00000000c001f333                Vm::realToLinear(unsigned short, unsigned short)
                0x00000000c001f343                Vm::getSegment(unsigned int)
                0x00000000c001f34b                Vm::getOffset(unsigned int)
                0x00000000c001f350                Vm::mainloop2()
                0x00000000c001f38a                Vm::mainVm8086Loop(void*)
                0x00000000c001f39a                Vm::mainloop3(unsigned long)
                0x00000000c001f3c0                Vm::initialise8086()
                0x00000000c001f403                Vm::finish8086()
                0x00000000c001f464                Vm::getOutput8086(unsigned char*)
                0x00000000c001f489                Vm::start8086(char const*, unsigned short, unsigned short, unsigned short, unsigned short)
                0x00000000c001f5f1                Vm::doISR(regs*, int, unsigned char*, unsigned short, unsigned short)
                0x00000000c001f67b                Vm::readByteFromReal(unsigned short, unsigned short)
                0x00000000c001f68c                Vm::readWordFromReal(unsigned short, unsigned short)
                0x00000000c001f69e                Vm::readDwordFromReal(unsigned short, unsigned short)
                0x00000000c001f6af                Vm::writeByteFromReal(unsigned short, unsigned short, unsigned char)
                0x00000000c001f6c4                Vm::writeWordFromReal(unsigned short, unsigned short, unsigned short)
                0x00000000c001f6da                Vm::writeDwordFromReal(unsigned short, unsigned short, unsigned int)
                0x00000000c001f6ef                Vm::faultHandler(regs*)
 .text          0x00000000c001ff20      0xefd vm86/x87em.32
                0x00000000c001ff20                Vm::fpuInternalTo32(unsigned long long)
                0x00000000c001ff7b                Vm::fpuInternalTo64(unsigned long long)
                0x00000000c001ff84                Vm::fpu32ToInternal(unsigned int)
                0x00000000c001ffc9                Vm::fpu64ToInternal(unsigned long long)
                0x00000000c001ffd2                Vm::fpuFloatToLong(unsigned long long)
                0x00000000c002002d                Vm::fpuULongToFloat(unsigned long long)
                0x00000000c0020063                Vm::fpuLongToFloat(long long)
                0x00000000c00200b9                Vm::fpuGet0()
                0x00000000c00200be                Vm::fpuGet1()
                0x00000000c00200c6                Vm::fpuGetPi()
                0x00000000c00200ce                Vm::fpuGetLog2E()
                0x00000000c00200e6                Vm::fpuGetLogE2()
                0x00000000c00200fe                Vm::fpuGetLog210()
                0x00000000c0020116                Vm::fpuGetLog102()
                0x00000000c002012e                Vm::fpuIsSecondLarger(unsigned long long, unsigned long long)
                0x00000000c0020142                Vm::fpuAreEqual(unsigned long long, unsigned long long)
                0x00000000c0020158                Vm::fpuUnorderedCompare(unsigned long long, unsigned long long)
                0x00000000c00201ab                Vm::fpuAdd(unsigned long long, unsigned long long)
                0x00000000c00201bc                Vm::fpuAbs(unsigned long long)
                0x00000000c00201c5                Vm::fpuChs(unsigned long long)
                0x00000000c00201d5                Vm::fpuSub(unsigned long long, unsigned long long)
                0x00000000c00201e4                Vm::fpuMultiply(unsigned long long, unsigned long long)
                0x00000000c0020203                Vm::fpuDivide(unsigned long long, unsigned long long)
                0x00000000c002021f                Vm::fpuSquare(unsigned long long)
                0x00000000c0020235                Vm::fpuGetReg(int)
                0x00000000c0020278                Vm::fpuSetReg(int, unsigned long long)
                0x00000000c00202c3                Vm::fpuPush(unsigned long long)
                0x00000000c0020320                Vm::fpuPop()
                0x00000000c0020372                Vm::x87Handler(regs*)
 *fill*         0x00000000c0020e1d        0x1 
 .text          0x00000000c0020e1e     0x1203 fs/fat/vfslink.32
                0x00000000c0020e1e                FAT::getName()
                0x00000000c0020e24                FAT::tell(void*, unsigned long long*)
                0x00000000c0020e58                FAT::stat(void*, unsigned long long*)
                0x00000000c0020e8c                FAT::~FAT()
                0x00000000c0020e8c                FAT::~FAT()
                0x00000000c0020eb0                FAT::~FAT()
                0x00000000c0020ed8                FAT::getlabel(LogicalDisk*, int, char*, unsigned int*)
                0x00000000c0020f76                FAT::setlabel(LogicalDisk*, int, char*)
                0x00000000c0021030                FAT::format(LogicalDisk*, int, char const*, int)
                0x00000000c0021214                FAT::tryMount(LogicalDisk*, int)
                0x00000000c002141a                FAT::getFileFirstSector(char const*)
                0x00000000c00214dc                FAT::readDir(void*, unsigned long, void*, int*)
                0x00000000c0021636                FAT::read(void*, unsigned long, void*, int*)
                0x00000000c0021690                FAT::write(void*, unsigned long, void*, int*)
                0x00000000c00216ea                FAT::close(void*)
                0x00000000c0021736                FAT::closeDir(void*)
                0x00000000c0021782                FAT::seek(void*, unsigned long long)
                0x00000000c00217d6                fatWrapperReadDisk
                0x00000000c002181d                fatWrapperWriteDisk
                0x00000000c0021864                fatWrapperIoctl
                0x00000000c0021968                FAT::FAT()
                0x00000000c0021968                FAT::FAT()
                0x00000000c00219ba                FAT::fixFilepath(char*)
                0x00000000c00219f2                FAT::open(char const*, void**, FileOpenMode)
                0x00000000c0021b1a                FAT::openDir(char const*, void**)
                0x00000000c0021bc0                FAT::stat(char const*, unsigned long long*, bool*)
                0x00000000c0021caa                FAT::unlink(char const*)
                0x00000000c0021d24                FAT::chfatattr(char const*, unsigned char, unsigned char)
                0x00000000c0021e78                FAT::rename(char const*, char const*)
                0x00000000c0021f3c                FAT::mkdir(char const*)
                0x00000000c0021fb6                FAT::exists(char const*)
 *fill*         0x00000000c0022021        0x1 
 .text          0x00000000c0022022      0xba5 fs/iso9660/vfslink.32
                0x00000000c0022022                ISO9660::format(LogicalDisk*, int, char const*, int)
                0x00000000c0022028                ISO9660::seek(void*, unsigned long long)
                0x00000000c0022058                ISO9660::tell(void*, unsigned long long*)
                0x00000000c002207c                ISO9660::getName()
                0x00000000c0022082                ISO9660::stat(void*, unsigned long long*)
                0x00000000c00220a6                ISO9660::chfatattr(char const*, unsigned char, unsigned char)
                0x00000000c00220ac                ISO9660::unlink(char const*)
                0x00000000c00220b2                ISO9660::write(void*, unsigned long, void*, int*)
                0x00000000c00220b8                ISO9660::rename(char const*, char const*)
                0x00000000c00220be                ISO9660::mkdir(char const*)
                0x00000000c00220c4                ISO9660::close(void*)
                0x00000000c00220e6                ISO9660::closeDir(void*)
                0x00000000c0022108                ISO9660::~ISO9660()
                0x00000000c0022108                ISO9660::~ISO9660()
                0x00000000c002212c                ISO9660::~ISO9660()
                0x00000000c0022153                __memmem(unsigned char*, int, unsigned char*, int)
                0x00000000c0022195                readSectorFromCDROM(unsigned int, unsigned char*, char)
                0x00000000c00221f0                ISO9660::tryMount(LogicalDisk*, int)
                0x00000000c0022240                ISO9660::read(void*, unsigned long, void*, int*)
                0x00000000c0022444                ISO9660::readDir(void*, unsigned long, void*, int*)
                0x00000000c00226be                readRoot(unsigned int*, unsigned int*, char)
                0x00000000c0022712                readRecursively(char*, unsigned int, unsigned int, unsigned int*, unsigned int*, char, int*)
                0x00000000c00228e5                getFileData(char*, unsigned int*, unsigned int*, char, int*)
                0x00000000c0022974                ISO9660::open(char const*, void**, FileOpenMode)
                0x00000000c0022a34                ISO9660::exists(char const*)
                0x00000000c0022a58                ISO9660::stat(char const*, unsigned long long*, bool*)
                0x00000000c0022aec                ISO9660::openDir(char const*, void**)
                0x00000000c0022ba4                ISO9660::ISO9660()
                0x00000000c0022ba4                ISO9660::ISO9660()
 *fill*         0x00000000c0022bc7        0x1 
 .text          0x00000000c0022bc8      0x33a hal/sound/sndchannel.32
                0x00000000c0022bc8                SoundChannel::~SoundChannel()
                0x00000000c0022bc8                SoundChannel::~SoundChannel()
                0x00000000c0022be4                SoundChannel::setSpeed(float)
                0x00000000c0022bf0                SoundChannel::getSpeed()
                0x00000000c0022bf8                SoundChannel::setVolume(int)
                0x00000000c0022c14                SoundChannel::getVolume()
                0x00000000c0022c1c                SoundChannel::pause()
                0x00000000c0022c26                SoundChannel::SoundChannel(int, int, int, int)
                0x00000000c0022c26                SoundChannel::SoundChannel(int, int, int, int)
                0x00000000c0022d7c                SoundChannel::play()
                0x00000000c0022d86                SoundChannel::paused()
                0x00000000c0022d8e                SoundChannel::getSampleRate()
                0x00000000c0022d96                SoundChannel::getBits()
                0x00000000c0022d9e                SoundChannel::getBufferUsed()
                0x00000000c0022da6                SoundChannel::getBufferSize()
                0x00000000c0022dae                SoundChannel::unbuffer(float*, int, int)
                0x00000000c0022e4e                SoundChannel::buffer16(unsigned short*, int)
                0x00000000c0022e62                SoundChannel::buffer8(unsigned char*, int)
 .text          0x00000000c0022f02      0x4c3 hal/sound/sndhw.32
                0x00000000c0022f02                SoundDevice::SoundDevice(char const*)
                0x00000000c0022f02                SoundDevice::SoundDevice(char const*)
                0x00000000c0022f6e                SoundDevice::~SoundDevice()
                0x00000000c0022f6e                SoundDevice::~SoundDevice()
                0x00000000c0022fe8                SoundDevice::~SoundDevice()
                0x00000000c0023012                SoundDevice::getFreeChannelNum()
                0x00000000c002302c                SoundDevice::addChannel(SoundChannel*)
                0x00000000c002309c                SoundDevice::removeChannel(int)
                0x00000000c00230ce                SoundDevice::floatTo16(float*, unsigned short*, int)
                0x00000000c00231bc                SoundDevice::floatTo8(float*, unsigned char*, int)
                0x00000000c00232a4                SoundDevice::getAudio(int, float*, float*)
 .text          0x00000000c00233c5        0x0 hw/bus/isa.32
 *fill*         0x00000000c00233c5        0x1 
 .text          0x00000000c00233c6      0xa31 hw/bus/pci.32
                0x00000000c00233c6                PCI::open(int, int, void*)
                0x00000000c00233da                PCI::close(int, int, void*)
                0x00000000c00233de                PCI::PCI()
                0x00000000c00233de                PCI::PCI()
                0x00000000c0023466                PCI::readBAR8(unsigned int, int)
                0x00000000c0023482                PCI::readBAR16(unsigned int, int)
                0x00000000c00234a0                PCI::readBAR32(unsigned int, int)
                0x00000000c00234bc                PCI::writeBAR8(unsigned int, unsigned char, int)
                0x00000000c00234dc                PCI::writeBAR16(unsigned int, unsigned short, int)
                0x00000000c0023520                PCI::writeBAR32(unsigned int, unsigned int, int)
                0x00000000c0023540                PCI::pciReadWord(unsigned char, unsigned char, unsigned char, unsigned char)
                0x00000000c0023588                PCI::getVendorID(unsigned char, unsigned char, unsigned char)
                0x00000000c00235aa                PCI::getHeaderType(unsigned char, unsigned char, unsigned char)
                0x00000000c00235ce                PCI::getClassCode(unsigned char, unsigned char, unsigned char)
                0x00000000c0023612                PCI::getProgIF(unsigned char, unsigned char, unsigned char)
                0x00000000c0023636                PCI::getRevisionID(unsigned char, unsigned char, unsigned char)
                0x00000000c0023658                PCI::getInterruptNumber(unsigned char, unsigned char, unsigned char)
                0x00000000c002367a                PCI::getSecondaryBus(unsigned char, unsigned char, unsigned char)
                0x00000000c002369e                PCI::getBARAddress(unsigned char, unsigned char, unsigned char, unsigned char)
                0x00000000c00236fe                PCI::pciWriteWord(unsigned char, unsigned char, unsigned char, unsigned char, unsigned short)
                0x00000000c002376a                PCI::pciDetailsToFilepath(PCIDeviceInfo, char*)
                0x00000000c00239f6                PCI::checkBus(unsigned char)
                0x00000000c0023a1a                PCI::foundDevice(PCIDeviceInfo)
                0x00000000c0023b8c                PCI::getDeviceData(unsigned char, unsigned char, unsigned char)
                0x00000000c0023d38                PCI::checkDevice(unsigned char, unsigned char)
                0x00000000c0023da4                PCI::detect()
 *fill*         0x00000000c0023df7        0x1 
 .text          0x00000000c0023df8      0xc70 hw/diskctrl/ide.32
                0x00000000c0023df8                IDE::close(int, int, void*)
                0x00000000c0023dfc                IDE::IDE()
                0x00000000c0023dfc                IDE::IDE()
                0x00000000c0023e30                IDE::prepareInterrupt(unsigned char)
                0x00000000c0023e42                selectDrive(unsigned char, unsigned char)
                0x00000000c0023e44                IDE::getBase(unsigned char)
                0x00000000c0023e56                IDE::write(unsigned char, unsigned char, unsigned char)
                0x00000000c0023f16                IDE::read(unsigned char, unsigned char)
                0x00000000c0023fc4                IDE::waitInterrupt(unsigned char)
                0x00000000c002402a                ideChannel0IRQHandler(regs*, void*)
                0x00000000c0024046                ideChannel1IRQHandler(regs*, void*)
                0x00000000c0024062                IDE::enableIRQs(unsigned char, bool)
                0x00000000c00240a8                IDE::open(int, int, void*)
                0x00000000c00244b8                IDE::readBuffer(unsigned char, unsigned char, unsigned int, unsigned int)
                0x00000000c0024584                IDE::detect()
                0x00000000c002486c                IDE::printError(unsigned char, unsigned char, unsigned char)
                0x00000000c0024a02                IDE::polling(unsigned char, unsigned int)
 .text          0x00000000c0024a68      0x390 hw/diskctrl/satabus.32
                0x00000000c0024a68                SATABus::close(int, int, void*)
                0x00000000c0024a6c                SATABus::detect()
                0x00000000c0024a6e                SATABus::SATABus()
                0x00000000c0024a6e                SATABus::SATABus()
                0x00000000c0024b1a                SATABus::findCmdslot(SATABus::tagHBA_PORT volatile*)
                0x00000000c0024b62                SATABus::checkType(SATABus::tagHBA_PORT volatile*)
                0x00000000c0024baa                SATABus::startCmd(SATABus::tagHBA_PORT volatile*)
                0x00000000c0024bca                SATABus::stopCmd(SATABus::tagHBA_PORT volatile*)
                0x00000000c0024bf4                SATABus::portRebase(SATABus::tagHBA_PORT volatile*, int)
                0x00000000c0024cfa                SATABus::probePort(SATABus::tagHBA_MEM volatile*)
                0x00000000c0024dd8                SATABus::open(int, int, void*)
 .text          0x00000000c0024df8      0x63c hw/diskphys/ata.32
                0x00000000c0024df8                ATA::close(int, int, void*)
                0x00000000c0024e1c                ATA::powerSaving(PowerSavingLevel)
                0x00000000c0024e1e                ATA::ATA()
                0x00000000c0024e1e                ATA::ATA()
                0x00000000c0024e4c                ATA::flush(bool)
                0x00000000c0024e96                ATA::readyForCommand()
                0x00000000c0024ee6                ATA::access(unsigned long long, int, void*, bool)
                0x00000000c002526e                ATA::read(unsigned long long, int, void*)
                0x00000000c00252d6                ATA::write(unsigned long long, int, void*)
                0x00000000c002533e                ATA::detectCHS()
                0x00000000c0025368                ATA::open(int, int, void*)
 .text          0x00000000c0025434      0x5bd hw/diskphys/atapi.32
                0x00000000c0025434                ATAPI::write(unsigned long long, int, void*)
                0x00000000c002543a                ATAPI::close(int, int, void*)
                0x00000000c002545e                ATAPI::ATAPI()
                0x00000000c002545e                ATAPI::ATAPI()
                0x00000000c002548c                ATAPI::readyForCommand()
                0x00000000c00254dc                ATAPI::sendPacket(unsigned char*, int, bool, unsigned short*, int)
                0x00000000c002579c                ATAPI::diskRemoved()
                0x00000000c00257b8                ATAPI::eject()
                0x00000000c0025800                ATAPI::diskInserted()
                0x00000000c002582e                ATAPI::detectMedia()
                0x00000000c00258ea                ATAPI::open(int, int, void*)
                0x00000000c0025972                ATAPI::read(unsigned long long, int, void*)
 *fill*         0x00000000c00259f1        0x1 
 .text          0x00000000c00259f2      0x451 hw/diskphys/sata.32
                0x00000000c00259f2                SATA::close(int, int, void*)
                0x00000000c0025a16                SATA::powerSaving(PowerSavingLevel)
                0x00000000c0025a18                SATA::open(int, int, void*)
                0x00000000c0025ac2                SATA::SATA()
                0x00000000c0025ac2                SATA::SATA()
                0x00000000c0025af0                SATA::access(unsigned long long, int, void*, bool)
                0x00000000c0025d56                SATA::read(unsigned long long, int, void*)
                0x00000000c0025dbe                SATA::write(unsigned long long, int, void*)
 *fill*         0x00000000c0025e43        0x1 
 .text          0x00000000c0025e44      0x4fe hw/diskphys/satapi.32
                0x00000000c0025e44                SATAPI::write(unsigned long long, int, void*)
                0x00000000c0025e4a                SATAPI::close(int, int, void*)
                0x00000000c0025e6e                SATAPI::SATAPI()
                0x00000000c0025e6e                SATAPI::SATAPI()
                0x00000000c0025e9c                SATAPI::diskRemoved()
                0x00000000c0025eb8                SATAPI::diskInserted()
                0x00000000c0025ee6                SATAPI::sendPacket(unsigned char*, int, unsigned long long, unsigned short*, int)
                0x00000000c00260ee                SATAPI::eject()
                0x00000000c0026136                SATAPI::detectMedia()
                0x00000000c00261f8                SATAPI::open(int, int, void*)
                0x00000000c00262a0                SATAPI::read(unsigned long long, int, void*)
 .text          0x00000000c0026342       0x8e hw/fpu/avx.32
                0x00000000c0026342                AVX::open(int, int, void*)
                0x00000000c0026354                AVX::close(int, int, void*)
                0x00000000c0026366                AVX::available()
                0x00000000c0026378                AVX::save(void*)
                0x00000000c0026390                AVX::load(void*)
                0x00000000c00263a8                AVX::AVX()
                0x00000000c00263a8                AVX::AVX()
 .text          0x00000000c00263d0       0x90 hw/fpu/mmx.32
                0x00000000c00263d0                MMX::available()
                0x00000000c00263e4                MMX::open(int, int, void*)
                0x00000000c00263f6                MMX::close(int, int, void*)
                0x00000000c0026408                MMX::save(void*)
                0x00000000c0026420                MMX::load(void*)
                0x00000000c0026438                MMX::MMX()
                0x00000000c0026438                MMX::MMX()
 .text          0x00000000c0026460       0x96 hw/fpu/sse.32
                0x00000000c0026460                SSE::open(int, int, void*)
                0x00000000c0026472                SSE::close(int, int, void*)
                0x00000000c0026484                SSE::available()
                0x00000000c002649e                SSE::save(void*)
                0x00000000c00264b6                SSE::load(void*)
                0x00000000c00264ce                SSE::SSE()
                0x00000000c00264ce                SSE::SSE()
 .text          0x00000000c00264f6       0x8e hw/fpu/x87.32
                0x00000000c00264f6                x87::open(int, int, void*)
                0x00000000c0026508                x87::close(int, int, void*)
                0x00000000c002651a                x87::available()
                0x00000000c002652c                x87::save(void*)
                0x00000000c0026544                x87::load(void*)
                0x00000000c002655c                x87::x87()
                0x00000000c002655c                x87::x87()
 .text          0x00000000c0026584      0x71e hw/intctrl/apic.32
                0x00000000c0026584                APIC::disable()
                0x00000000c0026586                APIC::close(int, int, void*)
                0x00000000c00265a8                IOAPIC::close(int, int, void*)
                0x00000000c00265ae                APIC::io_wait()
                0x00000000c00265b4                APIC::getBase()
                0x00000000c00265f6                APIC::eoi(unsigned char)
                0x00000000c0026624                APIC::open(int, int, void*)
                0x00000000c0026772                IOAPIC::IOAPIC()
                0x00000000c0026772                IOAPIC::IOAPIC()
                0x00000000c002679a                APIC::APIC()
                0x00000000c002679a                APIC::APIC()
                0x00000000c0026876                IOAPIC::handlesGSIWithNumber(unsigned int)
                0x00000000c00268a8                IOAPIC::read(int)
                0x00000000c00268d0                IOAPIC::open(int, int, void*)
                0x00000000c00269c6                IOAPIC::write(int, int)
                0x00000000c00269f2                IOAPIC::redirect(unsigned char, unsigned long long, unsigned char, bool, bool)
                0x00000000c0026aec                APIC::installIRQHandler(int, void (*)(regs*, void*), bool, void*)
 .text          0x00000000c0026ca2      0x3d3 hw/intctrl/pic.32
                0x00000000c0026ca2                PIC::disable()
                0x00000000c0026cd0                PIC::close(int, int, void*)
                0x00000000c0026cf2                PIC::PIC()
                0x00000000c0026cf2                PIC::PIC()
                0x00000000c0026dc8                PIC::ioWait()
                0x00000000c0026dce                PIC::getIRQReg(int)
                0x00000000c0026e38                PIC::eoi(unsigned char)
                0x00000000c0026eca                PIC::remap()
                0x00000000c0027036                PIC::open(int, int, void*)
 *fill*         0x00000000c0027075        0x1 
 .text          0x00000000c0027076      0x25e hw/timer/apictimer.32
                0x00000000c0027076                APICTimer::close(int, int, void*)
                0x00000000c002707c                apicTimerHandler(regs*, void*)
                0x00000000c00270aa                APICTimer::write(int)
                0x00000000c00271ae                APICTimer::open(int, int, void*)
                0x00000000c00272ac                APICTimer::APICTimer()
                0x00000000c00272ac                APICTimer::APICTimer()
 .text          0x00000000c00272d4      0x1a7 hw/timer/pit.32
                0x00000000c00272d4                PIT::write(int)
                0x00000000c0027352                pitHandler(regs*, void*)
                0x00000000c002737e                PIT::open(int, int, void*)
                0x00000000c00273cc                PIT::close(int, int, void*)
                0x00000000c00273fc                PIT::PIT()
                0x00000000c00273fc                PIT::PIT()
 *fill*         0x00000000c002747b        0x5 
 .text          0x00000000c0027480       0x1e hw/fpu/x86/avx.32
                0x00000000c0027480                avxDetect
                0x00000000c0027486                avxSave
                0x00000000c0027487                avxLoad
                0x00000000c0027488                avxInit
                0x00000000c0027489                avxClose
                0x00000000c002748a                wouldSheSayYes
 *fill*         0x00000000c002749e        0x2 
 .text          0x00000000c00274a0       0x35 hw/fpu/x86/sse.32
                0x00000000c00274a0                absolutelyNoChanceInHell
                0x00000000c00274a0                sseDetect
                0x00000000c00274b8                sseSave
                0x00000000c00274be                sseLoad
                0x00000000c00274c4                sseInit
                0x00000000c00274d4                sseClose
 *fill*         0x00000000c00274d5        0xb 
 .text          0x00000000c00274e0       0x4d hw/fpu/x86/x87.32
                0x00000000c00274e6                x87Detect
                0x00000000c0027501                x87Save
                0x00000000c002750a                x87Load
                0x00000000c0027512                x87Init
                0x00000000c002752c                x87Close
 *fill*         0x00000000c002752d        0x3 
 .text          0x00000000c0027530       0x25 /cygdrive/d/Users/Alex/Desktop/Toolchain/Output/bin/../lib/gcc/i386-banana/8.1.0/crtend.o
 .text          0x00000000c0027555        0x0 crtn.32
 *fill*         0x00000000c0027555        0x3 
 .text          0x00000000c0027558      0x14b /cygdrive/d/Users/Alex/Desktop/Toolchain/Output/bin/../lib/gcc/i386-banana/8.1.0/libkgcc.a(_divdi3.o)
                0x00000000c0027558                __divdi3
 *fill*         0x00000000c00276a3        0x1 