Archive member included to satisfy reference by file (symbol)

/cygdrive/d/Users/Alex/Desktop/Toolchain/Output/bin/../lib/gcc/i386-banana/8.1.0/libkgcc.a(_divdi3.o)
                              fs/fat/ff.32 (__divdi3)
/cygdrive/d/Users/Alex/Desktop/Toolchain/Output/bin/../lib/gcc/i386-banana/8.1.0/libkgcc.a(_moddi3.o)
                              compat/resolve.32 (__moddi3)
/cygdrive/d/Users/Alex/Desktop/Toolchain/Output/bin/../lib/gcc/i386-banana/8.1.0/libkgcc.a(_udivdi3.o)
                              fs/fat/ff.32 (__udivdi3)
/cygdrive/d/Users/Alex/Desktop/Toolchain/Output/bin/../lib/gcc/i386-banana/8.1.0/libkgcc.a(_umoddi3.o)
                              compat/resolve.32 (__umoddi3)
D:/Users/Alex/Desktop/Banana/kernel/libsoftfp.a(sfieeelib.o)
                              hal/sound/sndhw.32 (__addsf3)
D:/Users/Alex/Desktop/Banana/kernel/libsoftfp.a(dfieeelib.o)
                              hal/libresample/src_linear.32 (__adddf3)
D:/Users/Alex/Desktop/Banana/kernel/libsoftfp.a(sfdfcvt.o)
                              hal/libresample/samplerate.32 (__truncdfsf2)
D:/Users/Alex/Desktop/Banana/kernel/libk/libm32.a(s_fabs.c.o)
                              hal/libresample/samplerate.32 (fabs)
D:/Users/Alex/Desktop/Banana/kernel/libk/libm32.a(s_lrint.S.o)
                              hal/libresample/samplerate.32 (lrint)
D:/Users/Alex/Desktop/Banana/kernel/libk/libm32.a(s_lrintf.S.o)
                              hal/sound/sndhw.32 (lrintf)

Discarded input sections

 .comment       0x0000000000000000       0x12 /cygdrive/d/Users/Alex/Desktop/Toolchain/Output/bin/../lib/gcc/i386-banana/8.1.0/crtbegin.o
 .comment       0x0000000000000000       0x12 acpica/utclib.32
 .comment       0x0000000000000000       0x12 core/malloc.32
 .comment       0x0000000000000000       0x12 libk/string.32
 .comment       0x0000000000000000       0x12 fs/fat/diskio.32
 .comment       0x0000000000000000       0x12 fs/fat/ff.32
 .comment       0x0000000000000000       0x12 fs/fat/ffsystem.32
 .comment       0x0000000000000000       0x12 fs/fat/ffunicode.32
 .comment       0x0000000000000000       0x12 hal/libresample/samplerate.32
 .comment       0x0000000000000000       0x12 hal/libresample/src_linear.32
 .comment       0x0000000000000000       0x12 hal/libresample/src_sinc.32
 .comment       0x0000000000000000       0x12 hal/libresample/src_zoh.32
 .comment       0x0000000000000000       0x12 compat/inlines.32
 .comment       0x0000000000000000       0x12 compat/resolve.32
 .group         0x0000000000000000       0x14 core/computer.32
 .group         0x0000000000000000        0xc core/computer.32
 .comment       0x0000000000000000       0x12 core/computer.32
 .comment       0x0000000000000000       0x12 core/gdt.32
 .group         0x0000000000000000        0xc core/idle.32
 .comment       0x0000000000000000       0x12 core/idle.32
 .comment       0x0000000000000000       0x12 core/idt.32
 .comment       0x0000000000000000       0x12 core/kheap.32
 .comment       0x0000000000000000       0x12 core/main.32
 .comment       0x0000000000000000       0x12 core/physmgr.32
 .group         0x0000000000000000        0xc core/pipe.32
 .comment       0x0000000000000000       0x12 core/pipe.32
 .group         0x0000000000000000        0xc core/terminal.32
 .comment       0x0000000000000000       0x12 core/terminal.32
 .comment       0x0000000000000000       0x12 core/tss.32
 .group         0x0000000000000000        0x8 core/unixfile.32
 .group         0x0000000000000000        0xc core/unixfile.32
 .group         0x0000000000000000        0xc core/unixfile.32
 .group         0x0000000000000000        0x8 core/unixfile.32
 .group         0x0000000000000000        0xc core/unixfile.32
 .group         0x0000000000000000        0x8 core/unixfile.32
 .group         0x0000000000000000        0xc core/unixfile.32
 .group         0x0000000000000000        0xc core/unixfile.32
 .comment       0x0000000000000000       0x12 core/unixfile.32
 .comment       0x0000000000000000       0x12 core/virtmgr.32
 .comment       0x0000000000000000       0x12 coreobjs/c++.32
 .comment       0x0000000000000000       0x12 dbg/kconsole.32
 .group         0x0000000000000000        0xc fs/vfs.32
 .group         0x0000000000000000        0xc fs/vfs.32
 .group         0x0000000000000000        0xc fs/vfs.32
 .comment       0x0000000000000000       0x12 fs/vfs.32
 .group         0x0000000000000000        0xc hal/bus.32
 .comment       0x0000000000000000       0x12 hal/bus.32
 .group         0x0000000000000000        0xc hal/buzzer.32
 .comment       0x0000000000000000       0x12 hal/buzzer.32
 .group         0x0000000000000000        0xc hal/clock.32
 .comment       0x0000000000000000       0x12 hal/clock.32
 .group         0x0000000000000000       0x14 hal/device.32
 .group         0x0000000000000000        0xc hal/device.32
 .group         0x0000000000000000        0xc hal/device.32
 .group         0x0000000000000000        0xc hal/device.32
[...]
Memory Configuration

Name             Origin             Length             Attributes
*default*        0x0000000000000000 0xffffffffffffffff

Linker script and memory map

LOAD D:/Users/Alex/Desktop/Banana/kernel/boot.32
LOAD crti.32
LOAD /cygdrive/d/Users/Alex/Desktop/Toolchain/Output/bin/../lib/gcc/i386-banana/8.1.0/crtbegin.o
LOAD D:/Users/Alex/Desktop/Banana/kernel/morenasm.32
LOAD acpica/utclib.32
LOAD core/malloc.32
LOAD libk/string.32
LOAD fs/fat/diskio.32
LOAD fs/fat/ff.32
LOAD fs/fat/ffsystem.32
LOAD fs/fat/ffunicode.32
LOAD hal/libresample/samplerate.32
LOAD hal/libresample/src_linear.32
LOAD hal/libresample/src_sinc.32
LOAD hal/libresample/src_zoh.32
LOAD compat/inlines.32
LOAD compat/resolve.32
LOAD core/computer.32
LOAD core/gdt.32
LOAD core/idle.32
LOAD core/idt.32
LOAD core/kheap.32
LOAD core/main.32
LOAD core/physmgr.32
LOAD core/pipe.32
LOAD core/terminal.32
LOAD core/tss.32
LOAD core/unixfile.32
LOAD core/virtmgr.32
LOAD coreobjs/c++.32
LOAD dbg/kconsole.32
LOAD fs/vfs.32
LOAD hal/bus.32
LOAD hal/buzzer.32
LOAD hal/clock.32
LOAD hal/device.32
LOAD hal/diskctrl.32
LOAD hal/diskphys.32
LOAD hal/fpu.32
LOAD hal/intctrl.32
LOAD hal/keybrd.32
LOAD hal/logidisk.32
LOAD hal/mouse.32
LOAD hal/partition.32
LOAD hal/serial.32
LOAD hal/timer.32
LOAD hal/vcache.32
LOAD hal/video.32
LOAD hw/acpi.32
LOAD hw/cpu.32
LOAD hw/ports.32
LOAD hw/smp.32
LOAD krnl/env.32
LOAD krnl/panic.32
LOAD net/ethernet.32
LOAD reg/registry.32
LOAD sys/sc_eject.32
LOAD sys/sc_exit.32
LOAD sys/sc_getcwd.32
LOAD sys/sc_getpid.32
LOAD sys/sc_getramdata.32
LOAD sys/sc_loaddll.32
LOAD sys/sc_read.32
LOAD sys/sc_sbrk.32
LOAD sys/sc_setcwd.32
LOAD sys/sc_settime.32
LOAD sys/sc_timezone.32
LOAD sys/sc_write.32
LOAD sys/sc_wsbe.32
LOAD sys/sc_yield.32
LOAD sys/syscalls.32
LOAD thr/elf.32
LOAD thr/prcssthr.32
LOAD vm86/vm8086.32
LOAD vm86/x87em.32
LOAD fs/fat/vfslink.32
LOAD fs/iso9660/vfslink.32
LOAD hal/sound/sndchannel.32
LOAD hal/sound/sndhw.32
LOAD hw/bus/isa.32
LOAD hw/bus/pci.32
LOAD hw/diskctrl/ide.32
LOAD hw/diskctrl/satabus.32
LOAD hw/diskphys/ata.32
LOAD hw/diskphys/atapi.32
LOAD hw/diskphys/sata.32
LOAD hw/diskphys/satapi.32
LOAD hw/fpu/avx.32
LOAD hw/fpu/mmx.32
LOAD hw/fpu/sse.32
LOAD hw/fpu/x87.32
LOAD hw/intctrl/apic.32
LOAD hw/intctrl/pic.32
LOAD hw/timer/apictimer.32
LOAD hw/timer/pit.32
LOAD hw/fpu/x86/avx.32
LOAD hw/fpu/x86/sse.32
LOAD hw/fpu/x86/x87.32
LOAD /cygdrive/d/Users/Alex/Desktop/Toolchain/Output/bin/../lib/gcc/i386-banana/8.1.0/crtend.o
LOAD crtn.32
LOAD /cygdrive/d/Users/Alex/Desktop/Toolchain/Output/bin/../lib/gcc/i386-banana/8.1.0/libkgcc.a
LOAD D:/Users/Alex/Desktop/Banana/kernel/libsoftfp.a
LOAD D:/Users/Alex/Desktop/Banana/kernel/libk/libm32.a
                0x00000000c0000000                . = 0xc0000000

.text           0x00000000c0000000    0x28688
 *(.text)
 .text          0x00000000c0000000       0x41 D:/Users/Alex/Desktop/Banana/kernel/boot.32
                0x00000000c0000020                callGlobalConstructors
 .text          0x00000000c0000041        0x0 crti.32
 *fill*         0x00000000c0000041        0x3 
 .text          0x00000000c0000044      0x101 /cygdrive/d/Users/Alex/Desktop/Toolchain/Output/bin/../lib/gcc/i386-banana/8.1.0/crtbegin.o
 *fill*         0x00000000c0000145        0xb 
 .text          0x00000000c0000150      0x4ed D:/Users/Alex/Desktop/Banana/kernel/morenasm.32
                0x00000000c0000150                manualPCIProbe
                0x00000000c000019b                prepareTramp
                0x00000000c00001b4                voodooXADD
                0x00000000c000027f                doTPAUSE
                0x00000000c0000289                hasLegacyFPU
                0x00000000c00002ae                is486
                0x00000000c00002e4                detectCPUID
                0x00000000c00002fa                goToVM86
                0x00000000c000032a                goToUsermode
                0x00000000c0000354                switchToThreadASMFirstTime
                0x00000000c0000362                switchToThreadASM
                0x00000000c00003ea                asmQuickAcquireLock
                0x00000000c0000408                asmQuickReleaseLock
                0x00000000c0000414                asmAcquireLock
                0x00000000c0000435                asmReleaseLock
                0x00000000c0000448                loadGDT
                0x00000000c0000468                isr0
                0x00000000c0000478                isr1
                0x00000000c0000482                isr2
                0x00000000c000048c                isr3
                0x00000000c0000496                isr4
                0x00000000c00004a0                isr5
                0x00000000c00004aa                isr6
                0x00000000c00004b4                isr7
                0x00000000c00004be                isr8
                0x00000000c00004c6                isr9
                0x00000000c00004d0                isr10
                0x00000000c00004d8                isr11
                0x00000000c00004e0                isr12
                0x00000000c00004e8                isr13
                0x00000000c00004f0                isr14
                0x00000000c00004f8                isr15
                0x00000000c0000502                isr16
                0x00000000c000050c                isr17
                0x00000000c0000516                isr18
                0x00000000c0000520                irq3
                0x00000000c000052a                irq4
                0x00000000c0000534                irq5
                0x00000000c000053e                irq6
                0x00000000c0000548                irq7
                0x00000000c0000552                irq8
                0x00000000c000055c                irq9
                0x00000000c0000566                irq10
                0x00000000c0000570                irq11
                0x00000000c000057a                irq12
                0x00000000c0000584                irq13
                0x00000000c000058e                irq14
                0x00000000c0000598                irq15
                0x00000000c00005a2                irq1
                0x00000000c00005a9                irq2
                0x00000000c00005b0                isr96
                0x00000000c00005b7                irq0
                0x00000000c00005bc                int_common_stub
                0x00000000c00005bc                syscall_common_stub
                0x00000000c00005ed                irq16
                0x00000000c00005f7                irq17
                0x00000000c0000601                irq18
                0x00000000c000060b                irq19
                0x00000000c0000615                irq20
                0x00000000c000061f                irq21
                0x00000000c0000629                irq22
                0x00000000c0000633                irq23
 *fill*         0x00000000c000063d        0x3 
 .text          0x00000000c0000640      0x611 acpica/utclib.32
                0x00000000c0000640                memcmp
                0x00000000c000067c                memmove
                0x00000000c0000744                memcpy
                0x00000000c0000778                memset
                0x00000000c0000794                strlen
                0x00000000c00007ac                strpbrk
                0x00000000c00007e8                strtok
                0x00000000c0000834                strcpy
                0x00000000c0000858                strncpy
                0x00000000c00008c0                strcmp
                0x00000000c0000900                strchr
                0x00000000c0000924                strncmp
                0x00000000c0000974                strcat
                0x00000000c00009a4                strncat
                0x00000000c00009e0                strstr
                0x00000000c0000a28                toupper
                0x00000000c0000a3c                tolower
                0x00000000c0000a50                simple_strtoul
 .text          0x00000000c0000c51      0xfbf core/malloc.32
                0x00000000c0000dbc                dlfree
                0x00000000c0001117                dlmalloc
                0x00000000c0001654                dlrealloc
                0x00000000c0001809                dlmemalign
                0x00000000c000192c                dlcalloc
                0x00000000c00019c6                dlcfree
                0x00000000c00019cb                dlindependent_calloc
                0x00000000c00019f0                dlindependent_comalloc
                0x00000000c0001a07                dlvalloc
                0x00000000c0001a32                dlpvalloc
                0x00000000c0001a68                dlmalloc_trim
                0x00000000c0001a75                dlmalloc_usable_size
                0x00000000c0001aa6                dlmallinfo
                0x00000000c0001b75                dlmalloc_stats
                0x00000000c0001b86                dlmallopt
 .text          0x00000000c0001c10        0x0 libk/string.32
 .text          0x00000000c0001c10       0x51 fs/fat/diskio.32
                0x00000000c0001c10                disk_status
                0x00000000c0001c13                disk_initialize
                0x00000000c0001c16                disk_read
                0x00000000c0001c2c                disk_write
                0x00000000c0001c42                disk_ioctl
 .text          0x00000000c0001c61     0x6833 fs/fat/ff.32
                0x00000000c0004f2f                f_mount
                0x00000000c0004f91                f_open
                0x00000000c00053cd                f_read
                0x00000000c000564d                f_write
                0x00000000c0005907                f_sync
                0x00000000c0005ae3                f_close
                0x00000000c0005b12                f_lseek
                0x00000000c0005fc9                f_opendir
                0x00000000c00060cb                f_closedir
                0x00000000c00060ed                f_readdir
                0x00000000c0006188                f_stat
                0x00000000c0006217                f_getfree
                0x00000000c00063e2                f_truncate
                0x00000000c00064da                f_unlink
                0x00000000c000665d                f_mkdir
                0x00000000c0006889                f_rename
                0x00000000c0006b7c                f_chmod
                0x00000000c0006c5a                f_utime
                0x00000000c0006d38                f_getlabel
                0x00000000c0006f26                f_setlabel
                0x00000000c0007193                f_forward
                0x00000000c0007371                f_mkfs
 .text          0x00000000c0008494       0x2d fs/fat/ffsystem.32
                0x00000000c0008494                ff_memalloc
                0x00000000c00084aa                ff_memfree
 .text          0x00000000c00084c1      0x253 fs/fat/ffunicode.32
                0x00000000c00084c1                ff_uni2oem
                0x00000000c0008551                ff_oem2uni
                0x00000000c00085bd                ff_wtoupper
 .text          0x00000000c0008714      0x8fb hal/libresample/samplerate.32
                0x00000000c0008758                src_delete
                0x00000000c0008794                src_process
                0x00000000c000894a                src_callback_read
                0x00000000c0008ac7                src_set_ratio
                0x00000000c0008b31                src_get_channels
                0x00000000c0008b53                src_reset
                0x00000000c0008b9f                src_new
                0x00000000c0008c2d                src_callback_new
                0x00000000c0008c8f                src_get_name
                0x00000000c0008cc6                src_get_description
                0x00000000c0008cfd                src_get_version
                0x00000000c0008d03                src_is_valid_ratio
                0x00000000c0008d57                src_error
                0x00000000c0008d65                src_strerror
                0x00000000c0008d78                src_simple
                0x00000000c0008dcb                src_short_to_float_array
                0x00000000c0008e30                src_float_to_short_array
                0x00000000c0008eef                src_int_to_float_array
                0x00000000c0008f52                src_float_to_int_array
 .text          0x00000000c000900f      0x8cb hal/libresample/src_linear.32
                0x00000000c0009835                linear_get_name
                0x00000000c0009844                linear_get_description
                0x00000000c0009853                linear_set_converter
 .text          0x00000000c00098da     0x447c hal/libresample/src_sinc.32
                0x00000000c000dc6d                sinc_get_name
                0x00000000c000dc80                sinc_get_description
                0x00000000c000dc93                sinc_set_converter
 .text          0x00000000c000dd56      0x77c hal/libresample/src_zoh.32
                0x00000000c000e42d                zoh_get_name
                0x00000000c000e43c                zoh_get_description
                0x00000000c000e44b                zoh_set_converter
 .text          0x00000000c000e4d2       0x23 compat/inlines.32
                0x00000000c000e4d2                CPU::current()
                0x00000000c000e4df                operator new(unsigned long)
 .text          0x00000000c000e4f5      0x111 compat/resolve.32
                0x00000000c000e4f5                Krnl::resolveCompatibilitySymbol(char*)
 .text          0x00000000c000e606      0xa17 core/computer.32
                0x00000000c000e606                Computer::close(int, int, void*)
                0x00000000c000e64a                Krnl::firstTask()
                0x00000000c000e73a                Computer::Computer()
                0x00000000c000e73a                Computer::Computer()
                0x00000000c000e896                Computer::setBootMessage(char const*)
                0x00000000c000e898                Computer::detectFeatures()
                0x00000000c000eaa2                Computer::displayFeatures()
                0x00000000c000ede8                Computer::rdmsr(unsigned int)
                0x00000000c000ee14                Computer::wrmsr(unsigned int, unsigned long long)
                0x00000000c000ee4c                Computer::nmiEnabled()
                0x00000000c000ee58                Computer::readCMOS(unsigned char)
                0x00000000c000ee72                Computer::enableNMI(bool)
                0x00000000c000ee8a                Computer::open(int, int, void*)
                0x00000000c000ef60                Computer::disableNMI()
                0x00000000c000ef6e                Computer::writeCMOS(unsigned char, unsigned char)
                0x00000000c000ef8c                Computer::handleNMI()
                0x00000000c000eff2                Computer::setDiskActivityLight(int, bool)
 *fill*         0x00000000c000f01d        0x1 
 .text          0x00000000c000f01e      0x1b7 core/gdt.32
                0x00000000c000f01e                GDTEntry::setBase(unsigned int)
                0x00000000c000f03a                GDTEntry::setLimit(unsigned int)
                0x00000000c000f058                GDT::GDT()
                0x00000000c000f058                GDT::GDT()
                0x00000000c000f06e                GDT::addEntry(GDTEntry)
                0x00000000c000f0aa                GDT::getNumberOfEntries()
                0x00000000c000f0b2                GDT::flush()
                0x00000000c000f0d4                GDT::setup()
 .text          0x00000000c000f1d5       0x62 core/idle.32
                0x00000000c000f1d5                idleFunction(void*)
 *fill*         0x00000000c000f237        0x1 
 .text          0x00000000c000f238      0x45f core/idt.32
                0x00000000c000f238                IDTEntry::IDTEntry(bool)
                0x00000000c000f238                IDTEntry::IDTEntry(bool)
                0x00000000c000f2a6                IDTEntry::setOffset(unsigned int)
                0x00000000c000f2ba                IDT::IDT()
                0x00000000c000f2ba                IDT::IDT()
                0x00000000c000f2bc                IDT::getPointerToInvalidOpcodeEntryForF00F()
                0x00000000c000f2c4                IDT::addEntry(IDTEntry, int)
                0x00000000c000f2de                IDT::addEntry(int, void (*)(), bool)
                0x00000000c000f316                IDT::flush()
                0x00000000c000f330                IDT::setup()
 .text          0x00000000c000f697      0x203 core/kheap.32
                0x00000000c000f697                sbrk
                0x00000000c000f7a5                mmap
                0x00000000c000f7bb                munmap
                0x00000000c000f7d1                liballoc_lock()
                0x00000000c000f7e2                liballoc_unlock()
                0x00000000c000f7f3                liballoc_alloc(int)
                0x00000000c000f80e                liballoc_free(void*, int)
                0x00000000c000f82c                realloc
                0x00000000c000f840                malloc
                0x00000000c000f850                free
                0x00000000c000f860                rfree
                0x00000000c000f870                calloc
 .text          0x00000000c000f89a      0x485 core/main.32
                0x00000000c000f89a                hwTextMode_loadInData(VgaText*)
                0x00000000c000f8e5                hwTextMode_loadInTitle(VgaText*, char*)
                0x00000000c000f963                hwTextMode_showCursor(VgaText*, bool)
                0x00000000c000f9c1                hwTextMode_update(VgaText*)
                0x00000000c000f9c2                hwTextMode_updateCursor(VgaText*)
                0x00000000c000fa13                hwTextMode_disableBlink(VgaText*, bool)
                0x00000000c000fa59                hwTextMode_scrollScreen(VgaText*)
                0x00000000c000fb06                hwTextMode_writeCharacter(VgaText*, char, VgaColour, VgaColour, int, int)
                0x00000000c000fb88                setupTextMode()
                0x00000000c000fbf8                kernel_main
 .text          0x00000000c000fd1f      0x5c1 core/physmgr.32
                0x00000000c000fd1f                Phys::allocateDMA(unsigned long)
                0x00000000c000fdc2                Phys::freeDMA(unsigned long, unsigned long)
                0x00000000c000fe0a                Phys::setPageState(unsigned long, bool)
                0x00000000c000fe3c                Phys::getPageState(unsigned long)
                0x00000000c000fe58                Phys::freePage(unsigned long)
                0x00000000c000fee2                Phys::allocatePage()
                0x00000000c001001e                Phys::allocateContiguousPages(int)
                0x00000000c0010078                Phys::allowSegmentToBeUsed(unsigned long, unsigned long)
                0x00000000c00100b0                Phys::physicalMemorySetup(unsigned int)
 .text          0x00000000c00102e0      0x273 core/pipe.32
                0x00000000c00102e0                Pipe::isAtty()
                0x00000000c00102e4                Pipe::~Pipe()
                0x00000000c00102e4                Pipe::~Pipe()
                0x00000000c0010308                Pipe::~Pipe()
                0x00000000c0010330                Pipe::read(unsigned long long, void*, int*)
                0x00000000c0010424                Pipe::write(unsigned long long, void*, int*)
                0x00000000c00104ec                Pipe::Pipe(int)
                0x00000000c00104ec                Pipe::Pipe(int)
 *fill*         0x00000000c0010553        0x1 
 .text          0x00000000c0010554      0xf73 core/terminal.32
                0x00000000c0010554                VgaText::isAtty()
                0x00000000c0010558                VgaText::~VgaText()
                0x00000000c0010558                VgaText::~VgaText()
                0x00000000c001057c                VgaText::~VgaText()
                0x00000000c00105a6                VgaText::read(unsigned long long, void*, int*)
                0x00000000c00105c6                setTerminalScrollLock(bool)
                0x00000000c00105c7                addToTerminalCycle(VgaText*)
                0x00000000c00105f4                installVgaTextImplementation()
                0x00000000c0010609                scrollTerminalScrollLock(int)
                0x00000000c001060a                VgaText::load()
                0x00000000c001065e                VgaText::updateCursor()
                0x00000000c0010678                VgaText::showCursor(bool)
                0x00000000c0010688                VgaText::disableBlink(bool)
                0x00000000c00106c2                VgaText::doANSI_SGR(int)
                0x00000000c001074e                VgaText::setDefaultBgColour(VgaColour)
                0x00000000c0010764                VgaText::setDefaultFgColour(VgaColour)
                0x00000000c001077a                VgaText::setDefaultColours(VgaColour, VgaColour)
                0x00000000c001079a                VgaText::combineColours(unsigned char, unsigned char)
                0x00000000c00107ac                VgaText::scrollScreen()
                0x00000000c0010840                VgaText::combineCharAndColour(char, unsigned char)
                0x00000000c0010852                VgaText::writeCharacter(char, VgaColour, VgaColour, int, int)
                0x00000000c00108b2                VgaText::getCursorX()
                0x00000000c00108be                VgaText::getCursorY()
                0x00000000c00108ca                VgaText::setCursor(int, int)
                0x00000000c00108e8                VgaText::setCursorX(int)
                0x00000000c0010904                VgaText::setCursorY(int)
                0x00000000c0010920                VgaText::incrementCursor(bool)
                0x00000000c0010988                VgaText::updateRAMUsageDisplay(int)
                0x00000000c00109ec                VgaText::updateDiskUsage()
                0x00000000c0010b56                VgaText::updateTitle()
                0x00000000c0010b9c                VgaText::setTitleTextColour(VgaColour)
                0x00000000c0010bac                VgaText::setTitleColour(VgaColour)
                0x00000000c0010bbc                VgaText::setTitle(char*)
                0x00000000c0010be2                VgaText::decrementCursor(bool)
                0x00000000c0010c0a                VgaText::putchar(char, VgaColour, VgaColour)
                0x00000000c0010d06                VgaText::isShowingCursor()
                0x00000000c0010d12                VgaText::isBlinkDisabled()
                0x00000000c0010d20                VgaText::setCursorHeight(int)
                0x00000000c0010d3e                VgaText::getCursorHeight()
                0x00000000c0010d49                setActiveTerminal(VgaText*)
                0x00000000c0010dfb                doTerminalCycle()
                0x00000000c0010e18                VgaText::doUpdate()
                0x00000000c0010e2a                VgaText::puts(char const*, VgaColour, VgaColour)
                0x00000000c0010fea                VgaText::clearScreen()
                0x00000000c001104e                VgaText::putchar(char)
                0x00000000c0011168                VgaText::puts(char const*)
                0x00000000c001118e                VgaText::putx(unsigned int)
                0x00000000c00111d4                VgaText::VgaText(char const*)
                0x00000000c00111d4                VgaText::VgaText(char const*)
                0x00000000c0011366                VgaText::receiveKey(unsigned char)
                0x00000000c001144e                VgaText::write(unsigned long long, void*, int*)
                0x00000000c00114a2                newTerminal(char*)
 *fill*         0x00000000c00114c7        0x1 
 .text          0x00000000c00114c8      0x1b3 core/tss.32
                0x00000000c00114c8                TSS::TSS()
                0x00000000c00114c8                TSS::TSS()
                0x00000000c00114d6                TSS::setESP(unsigned long)
                0x00000000c00114e8                TSS::flush()
                0x00000000c0011508                TSS::setup(unsigned long, unsigned long)
 *fill*         0x00000000c001167b        0x1 
 .text          0x00000000c001167c      0x4c2 core/unixfile.32
                0x00000000c001167c                ReservedFilename::read(unsigned long long, void*, int*)
                0x00000000c00116d2                ReservedFilename::isAtty()
                0x00000000c00116ee                ReservedFilename::write(unsigned long long, void*, int*)
                0x00000000c001174c                UnixFile::getFileDescriptor()
                0x00000000c0011754                UnixFile::UnixFile(int)
                0x00000000c0011754                UnixFile::UnixFile(int)
                0x00000000c0011904                ReservedFilename::ReservedFilename(int)
                0x00000000c0011904                ReservedFilename::ReservedFilename(int)
                0x00000000c0011936                UnixFile::~UnixFile()
                0x00000000c0011936                UnixFile::~UnixFile()
                0x00000000c00119ce                UnixFile::~UnixFile()
                0x00000000c00119f6                ReservedFilename::~ReservedFilename()
                0x00000000c00119f6                ReservedFilename::~ReservedFilename()
                0x00000000c0011a1a                ReservedFilename::~ReservedFilename()
                0x00000000c0011a41                getFromFileDescriptor(int)
 .text          0x00000000c0011b3e     0x1295 core/virtmgr.32
                0x00000000c0011b3e                Virt::setPageState(unsigned long, Virt::VirtPageState)
                0x00000000c0011b73                Virt::getPageState(unsigned long)
                0x00000000c0011b97                Virt::allocateKernelVirtualPages(int)
                0x00000000c0011ca8                Virt::freeSwapfilePage(unsigned long)
                0x00000000c0011cc6                Virt::swapIDToSector(unsigned long)
                0x00000000c0011cd8                Virt::allocateSwapfilePage()
                0x00000000c0011d56                Virt::virtualMemorySetup()
                0x00000000c0011dd5                Virt::swappingSetup()
                0x00000000c0011e32                Virt::getAKernelVAS()
                0x00000000c0011e38                Virt::setupPageSwapping(int)
                0x00000000c0011f68                VAS::VAS()
                0x00000000c0011f68                VAS::VAS()
                0x00000000c0011f98                VAS::VAS(VAS*)
                0x00000000c0011f98                VAS::VAS(VAS*)
                0x00000000c0011fbc                VAS::getForeignPageTableEntry(bool, unsigned long)
                0x00000000c0011fe8                VAS::getPageTableEntry(unsigned long)
                0x00000000c0012007                Virt::freeKernelVirtualPages(unsigned long)
                0x00000000c001212a                VAS::freeAllocatedPages(unsigned long)
                0x00000000c001214e                VAS::virtualToPhysical(unsigned long)
                0x00000000c0012166                VAS::reflagRange(unsigned long, int, int, int)
                0x00000000c00121a6                VAS::setToWriteCombining(unsigned long, int)
                0x00000000c00121d8                VAS::mapOtherVASIn(bool, VAS*)
                0x00000000c0012202                VAS::~VAS()
                0x00000000c0012202                VAS::~VAS()
                0x00000000c001236e                VAS::mapPage(unsigned long, unsigned long, int)
                0x00000000c001246e                VAS::allocatePages(int, int)
                0x00000000c0012646                VAS::setCPUSpecific(unsigned long)
                0x00000000c0012662                VAS::mapRange(unsigned long, unsigned long, int, int)
                0x00000000c0012728                VAS::mapForeignPage(bool, VAS*, unsigned long, unsigned long, int)
                0x00000000c0012816                VAS::VAS(bool)
                0x00000000c0012816                VAS::VAS(bool)
                0x00000000c0012a72                VAS::evict(unsigned long)
                0x00000000c0012b24                VAS::tryLoadBackOffDisk(unsigned long)
                0x00000000c0012c16                VAS::scanForEviction(int, int)
                0x00000000c0012d17                mapVASFirstTime
 .text          0x00000000c0012dd3       0x95 coreobjs/c++.32
                0x00000000c0012dd3                __cxa_atexit
                0x00000000c0012dd6                __cxa_finalize
                0x00000000c0012dd7                __stack_chk_fail
                0x00000000c0012e43                __cxa_pure_virtual
                0x00000000c0012e54                operator new[](unsigned long)
                0x00000000c0012e59                operator delete(void*, unsigned long)
                0x00000000c0012e5e                operator delete[](void*)
                0x00000000c0012e63                operator delete[](void*, unsigned long)
 .text          0x00000000c0012e68      0x1ef dbg/kconsole.32
                0x00000000c0012e68                Dbg::stringifyxWithBase(unsigned int, char*, int)
                0x00000000c0012ec9                Dbg::logc(char)
                0x00000000c0012ee0                Dbg::logs(char*)
                0x00000000c0012efd                Dbg::logWriteInt(unsigned int)
                0x00000000c0012f1a                Dbg::logWriteIntBase(unsigned int, int)
                0x00000000c0012f39                Dbg::kprintf(char const*, ...)
 *fill*         0x00000000c0013057        0x1 
 .text          0x00000000c0013058      0xb7c fs/vfs.32
                0x00000000c0013058                File::read(unsigned long long, void*, int*)
                0x00000000c00130b0                File::write(unsigned long long, void*, int*)
                0x00000000c0013108                Directory::read(unsigned long long, void*, int*)
                0x00000000c0013160                Directory::write(unsigned long long, void*, int*)
                0x00000000c001318e                File::isAtty()
                0x00000000c0013192                Directory::isAtty()
                0x00000000c0013196                Filesystem::getlabel(LogicalDisk*, int, char*, unsigned int*)
                0x00000000c001319c                Filesystem::setlabel(LogicalDisk*, int, char*)
                0x00000000c00131a2                File::~File()
                0x00000000c00131a2                File::~File()
                0x00000000c00131c6                File::~File()
                0x00000000c00131f0                Directory::~Directory()
                0x00000000c00131f0                Directory::~Directory()
                0x00000000c0013214                Directory::~Directory()
                0x00000000c001323e                Filesystem::Filesystem()
                0x00000000c001323e                Filesystem::Filesystem()
                0x00000000c0013262                Filesystem::~Filesystem()
                0x00000000c0013262                Filesystem::~Filesystem()
                0x00000000c0013270                Filesystem::~Filesystem()
                0x00000000c0013294                Fs::getcwd(Process*, char*, int)
                0x00000000c00132be                Fs::initVFS()
                0x00000000c00132e8                Fs::standardiseFiles(char*, char const*, char const*)
                0x00000000c0013492                File::File(char const*, Process*)
                0x00000000c0013492                File::File(char const*, Process*)
                0x00000000c00134f6                File::open(FileOpenMode)
                0x00000000c0013554                File::close()
                0x00000000c00135b4                File::seek(unsigned long long)
                0x00000000c001360a                File::tell(unsigned long long*)
                0x00000000c001365a                File::rewind()
                0x00000000c001366e                File::unlink()
                0x00000000c00136ba                File::rename(char const*)
                0x00000000c0013708                File::chfatattr(unsigned char, unsigned char)
                0x00000000c0013764                File::exists()
                0x00000000c00137a2                File::stat(unsigned long long*, bool*)
                0x00000000c0013803                Fs::setcwd(Process*, char*)
                0x00000000c001393e                Directory::Directory(char const*, Process*)
                0x00000000c001393e                Directory::Directory(char const*, Process*)
                0x00000000c00139a2                Directory::open()
                0x00000000c00139fe                Directory::close()
                0x00000000c0013a5e                Directory::unlink()
                0x00000000c0013aaa                Directory::rename(char const*)
                0x00000000c0013af8                Directory::exists()
                0x00000000c0013b36                Directory::read(dirent*)
                0x00000000c0013b82                Directory::create()
                0x00000000c0013bce                Filesystem::chfatattr(char const*, unsigned char, unsigned char)
 .text          0x00000000c0013bd4       0x84 hal/bus.32
                0x00000000c0013bd4                Bus::Bus(char const*)
                0x00000000c0013bd4                Bus::Bus(char const*)
                0x00000000c0013c0a                Bus::~Bus()
                0x00000000c0013c0a                Bus::~Bus()
                0x00000000c0013c2e                Bus::~Bus()
 .text          0x00000000c0013c58      0x14e hal/buzzer.32
                0x00000000c0013c58                Buzzer::Buzzer(char const*)
                0x00000000c0013c58                Buzzer::Buzzer(char const*)
                0x00000000c0013c9c                Buzzer::~Buzzer()
                0x00000000c0013c9c                Buzzer::~Buzzer()
                0x00000000c0013cc0                Buzzer::~Buzzer()
                0x00000000c0013cea                Buzzer::stop()
                0x00000000c0013cfd                beepThread(void*)
                0x00000000c0013d38                Buzzer::beep(int, int, bool)
 .text          0x00000000c0013da6      0x467 hal/clock.32
                0x00000000c0013da6                User::loadClockSettings(int)
                0x00000000c0013df8                Clock::Clock(char const*)
                0x00000000c0013df8                Clock::Clock(char const*)
                0x00000000c0013e2e                Clock::~Clock()
                0x00000000c0013e2e                Clock::~Clock()
                0x00000000c0013e52                Clock::~Clock()
                0x00000000c0013e7c                Clock::timeInSecondsLocal()
                0x00000000c0013ec4                Clock::setTimeInSecondsLocal(unsigned long long)
                0x00000000c0013f1d                datetimeToSeconds(datetime_t)
                0x00000000c0014044                Clock::setTimeInDatetimeLocal(datetime_t)
                0x00000000c00140a4                secondsToDatetime(unsigned long long)
                0x00000000c00141e8                Clock::timeInDatetimeLocal()
 *fill*         0x00000000c001420d        0x1 
 .text          0x00000000c001420e      0x4de hal/device.32
                0x00000000c001420e                Device::hibernate()
                0x00000000c0014210                Device::wake()
                0x00000000c0014212                Device::detect()
                0x00000000c0014214                Device::disableLegacy()
                0x00000000c0014216                Device::powerSaving(PowerSavingLevel)
                0x00000000c0014218                DriverlessDevice::close(int, int, void*)
                0x00000000c001421c                DriverlessDevice::detect()
                0x00000000c001421e                DriverlessDevice::open(int, int, void*)
                0x00000000c0014232                Device::~Device()
                0x00000000c0014232                Device::~Device()
                0x00000000c0014240                Device::~Device()
                0x00000000c0014268                Device::findAndLoadDriver()
                0x00000000c001426a                Device::preOpenPCI(PCIDeviceInfo)
                0x00000000c0014290                Device::preOpenACPI(void*, char*, char*)
                0x00000000c00142e4                Device::addIRQHandler(int, void (*)(regs*, void*), bool, void*)
                0x00000000c0014322                Device::removeIRQHandler(int, void (*)(regs*, void*), bool)
                0x00000000c0014360                Device::addChild(Device*)
                0x00000000c00143a4                Device::removeAllChildren()
                0x00000000c00143ea                Device::hibernateAll()
                0x00000000c001441a                Device::wakeAll()
                0x00000000c001444a                Device::detectAll()
                0x00000000c001447a                Device::disableLegacyAll()
                0x00000000c00144aa                Device::loadDriversForAll()
                0x00000000c00144d6                Device::closeAll()
                0x00000000c001450c                Device::powerSavingAll(PowerSavingLevel)
                0x00000000c0014542                Device::setName(char const*)
                0x00000000c0014550                Device::Device(char const*)
                0x00000000c0014550                Device::Device(char const*)
                0x00000000c001464c                Device::getName()
                0x00000000c0014656                DriverlessDevice::DriverlessDevice(char const*)
                0x00000000c0014656                DriverlessDevice::DriverlessDevice(char const*)
                0x00000000c001467e                Device::addToLinkedList(LinkedList<Device>&, DeviceType)
                0x00000000c00146c2                getDevicesOfType(DeviceType)
 .text          0x00000000c00146ec       0x84 hal/diskctrl.32
                0x00000000c00146ec                HardDiskController::HardDiskController(char const*)
                0x00000000c00146ec                HardDiskController::HardDiskController(char const*)
                0x00000000c0014722                HardDiskController::~HardDiskController()
                0x00000000c0014722                HardDiskController::~HardDiskController()
                0x00000000c0014746                HardDiskController::~HardDiskController()
 .text          0x00000000c0014770       0xf2 hal/diskphys.32
                0x00000000c0014770                PhysicalDisk::eject()
                0x00000000c0014784                PhysicalDisk::PhysicalDisk(char const*, int)
                0x00000000c0014784                PhysicalDisk::PhysicalDisk(char const*, int)
                0x00000000c00147ec                PhysicalDisk::startCache()
                0x00000000c0014814                PhysicalDisk::~PhysicalDisk()
                0x00000000c0014814                PhysicalDisk::~PhysicalDisk()
                0x00000000c0014838                PhysicalDisk::~PhysicalDisk()
 .text          0x00000000c0014862      0x13b hal/fpu.32
                0x00000000c0014862                FPU::FPU(char const*)
                0x00000000c0014862                FPU::FPU(char const*)
                0x00000000c0014898                FPU::~FPU()
                0x00000000c0014898                FPU::~FPU()
                0x00000000c00148bc                FPU::~FPU()
                0x00000000c00148e6                setupFPU()
 *fill*         0x00000000c001499d        0x1 
 .text          0x00000000c001499e     0x13b7 hal/intctrl.32
                0x00000000c001499e                InterruptController::uninstallISRHandler(int, void (*)(regs*, void*))
                0x00000000c00149d6                InterruptController::installISRHandler(int, void (*)(regs*, void*), void*)
                0x00000000c0014a28                doubleFault(regs*, void*)
                0x00000000c0014a42                InterruptController::installIRQHandler(int, void (*)(regs*, void*), bool, void*)
                0x00000000c0014ade                InterruptController::clearAllHandlers(int, bool)
                0x00000000c0014b86                InterruptController::uninstallIRQHandler(int, void (*)(regs*, void*), bool)
                0x00000000c0014c0d                nmiHandler(regs*, void*)
                0x00000000c0014c1b                int_handler
                0x00000000c0014cbc                InterruptController::InterruptController(char const*)
                0x00000000c0014cbc                InterruptController::InterruptController(char const*)
                0x00000000c0014d62                InterruptController::~InterruptController()
                0x00000000c0014d62                InterruptController::~InterruptController()
                0x00000000c0014d86                InterruptController::~InterruptController()
                0x00000000c0014db0                displayDebugInfo(regs*)
                0x00000000c001523f                x87EmulHandler(regs*, void*)
                0x00000000c001526e                gpFault(regs*, void*)
                0x00000000c00152a7                pgFault(regs*, void*)
                0x00000000c00152f3                otherISRHandler(regs*, void*)
                0x00000000c0015312                opcodeFault(regs*, void*)
                0x00000000c0015918                displayProgramFault(char const*)
                0x00000000c0015940                setupInterruptController()
                0x00000000c0015d08                InterruptController::convertLegacyIRQNumber(int)
 *fill*         0x00000000c0015d55        0x1 
 .text          0x00000000c0015d56      0x6c8 hal/keybrd.32
                0x00000000c0015d56                startGUI(void*)
                0x00000000c0015db2                startGUIVESA(void*)
                0x00000000c0015e0e                sendKeyToTerminal(unsigned char)
                0x00000000c0015e7a                sendKeyboardToken(KeyboardToken)
                0x00000000c00162b7                clearInternalKeybuffer(VgaText*)
                0x00000000c00162ec                readKeyboard(VgaText*, char*, unsigned long)
                0x00000000c0016394                Keyboard::Keyboard(char const*)
                0x00000000c0016394                Keyboard::Keyboard(char const*)
                0x00000000c00163d0                Keyboard::~Keyboard()
                0x00000000c00163d0                Keyboard::~Keyboard()
                0x00000000c00163f4                Keyboard::~Keyboard()
 .text          0x00000000c001641e      0x414 hal/logidisk.32
                0x00000000c001641e                LogicalDisk::close(int, int, void*)
                0x00000000c0016422                LogicalDisk::~LogicalDisk()
                0x00000000c0016422                LogicalDisk::~LogicalDisk()
                0x00000000c0016446                LogicalDisk::~LogicalDisk()
                0x00000000c0016470                LogicalDisk::open(int, int, void*)
                0x00000000c0016484                LogicalDisk::absoluteToRelative(unsigned long long)
                0x00000000c00164bc                LogicalDisk::relativeToAbsolute(unsigned long long)
                0x00000000c0016502                LogicalDisk::LogicalDisk(char const*, PhysicalDisk*, unsigned long long, unsigned long long)
                0x00000000c0016502                LogicalDisk::LogicalDisk(char const*, PhysicalDisk*, unsigned long long, unsigned long long)
                0x00000000c00165b8                LogicalDisk::assignDriveLetter()
                0x00000000c001666e                LogicalDisk::mount()
                0x00000000c00166e0                LogicalDisk::unmount()
                0x00000000c00166f0                LogicalDisk::eject()
                0x00000000c0016704                LogicalDisk::unassignDriveLetter()
                0x00000000c001675a                LogicalDisk::read(unsigned long long, int, void*)
                0x00000000c00167c6                LogicalDisk::write(unsigned long long, int, void*)
 .text          0x00000000c0016832       0x84 hal/mouse.32
                0x00000000c0016832                Mouse::Mouse(char const*)
                0x00000000c0016832                Mouse::Mouse(char const*)
                0x00000000c0016868                Mouse::~Mouse()
                0x00000000c0016868                Mouse::~Mouse()
                0x00000000c001688c                Mouse::~Mouse()
 .text          0x00000000c00168b6      0x34d hal/partition.32
                0x00000000c00168b6                makePartition(PhysicalDisk*, unsigned long long, unsigned long long)
                0x00000000c0016972                createPartitionsForDisk(PhysicalDisk*)
 *fill*         0x00000000c0016c03        0x1 
 .text          0x00000000c0016c04       0x84 hal/serial.32
                0x00000000c0016c04                Serial::Serial(char const*)
                0x00000000c0016c04                Serial::Serial(char const*)
                0x00000000c0016c3a                Serial::~Serial()
                0x00000000c0016c3a                Serial::~Serial()
                0x00000000c0016c5e                Serial::~Serial()
 .text          0x00000000c0016c88      0x2b8 hal/timer.32
                0x00000000c0016c88                Timer::Timer(char const*)
                0x00000000c0016c88                Timer::Timer(char const*)
                0x00000000c0016cbe                Timer::~Timer()
                0x00000000c0016cbe                Timer::~Timer()
                0x00000000c0016ce2                Timer::~Timer()
                0x00000000c0016d0c                Timer::read()
                0x00000000c0016d17                timerHandler(unsigned long long)
                0x00000000c0016e4e                setupTimer(int)
 .text          0x00000000c0016f40      0x425 hal/vcache.32
                0x00000000c0016f40                VCache::VCache(PhysicalDisk*)
                0x00000000c0016f40                VCache::VCache(PhysicalDisk*)
                0x00000000c00170a8                VCache::invalidateReadBuffer()
                0x00000000c00170b8                VCache::writeWriteBuffer()
                0x00000000c00170f4                VCache::~VCache()
                0x00000000c00170f4                VCache::~VCache()
                0x00000000c0017148                VCache::~VCache()
                0x00000000c0017170                VCache::write(unsigned long long, int, void*)
                0x00000000c0017266                VCache::read(unsigned long long, int, void*)
 *fill*         0x00000000c0017365        0x1 
 .text          0x00000000c0017366      0x4cd hal/video.32
                0x00000000c0017366                Video::putrect(int, int, int, int, unsigned int)
                0x00000000c00173b2                Video::bitblit(int, int, int, int, int, int, int, unsigned int*)
                0x00000000c0017422                Video::blit(unsigned int*, int, int, int, int)
                0x00000000c00174a0                Video::clearScreen(unsigned int)
                0x00000000c00174d4                Video::putpixel(int, int, unsigned int)
                0x00000000c00174e2                Video::Video(char const*)
                0x00000000c00174e2                Video::Video(char const*)
                0x00000000c0017518                Video::~Video()
                0x00000000c0017518                Video::~Video()
                0x00000000c001753c                Video::~Video()
                0x00000000c0017566                Video::isMonochrome()
                0x00000000c0017572                Video::getWidth()
                0x00000000c001757e                Video::getHeight()
                0x00000000c001758a                Video::drawCursor(int, int, unsigned char*, int)
                0x00000000c0017646                Video::tgaParse(unsigned char*, int, int*, int*)
                0x00000000c00177c8                Video::putTGA(int, int, unsigned char*, int)
 *fill*         0x00000000c0017833        0x1 
 .text          0x00000000c0017834      0xf64 hw/acpi.32
                0x00000000c0017834                ACPI::close(int, int, void*)
                0x00000000c00178e9                findRSDP()
                0x00000000c0017973                loadACPITables(unsigned char*)
                0x00000000c0017b9a                findRSDT(unsigned char*)
                0x00000000c0017cb8                findDataTable(unsigned char*, char*)
                0x00000000c0017d54                scanMADT()
                0x00000000c00181da                ACPI::ACPI()
                0x00000000c00181da                ACPI::ACPI()
                0x00000000c0018244                ACPI::getPCIIRQAssignment(unsigned char, unsigned short, unsigned char)
                0x00000000c0018326                ACPI::registerPCIIRQAssignment(void*, unsigned short, unsigned char, unsigned char)
                0x00000000c00183ec                ACPI::setScreenBrightnessLevel(void*, int)
                0x00000000c00183f2                ACPI::writeSimpleBootFlag(SimpleBootFlagTable*)
                0x00000000c001843a                ACPI::open(int, int, void*)
                0x00000000c0018780                ACPI::sleep()
 .text          0x00000000c0018798     0x1715 hw/cpu.32
                0x00000000c0018798                CPU::close(int, int, void*)
                0x00000000c001879c                CPU::lookupAMDName(unsigned char, unsigned char)
                0x00000000c0018930                CPU::lookupIntelName(unsigned char, unsigned char)
                0x00000000c0018bde                CPU::AMD_K6_write_msr(unsigned int, unsigned int, unsigned int, CPU::REGS*)
                0x00000000c0018bfa                CPU::AMD_K6_read_msr(unsigned int, CPU::REGS*)
                0x00000000c0018c12                CPU::AMD_K6_writeback(int, int, int)
                0x00000000c0018c86                CPU::cpuid(int, unsigned long*, unsigned long*, unsigned long*, unsigned long*)
                0x00000000c0018d0a                CPU::cpuidCheckEDX(unsigned int)
                0x00000000c0018d38                CPU::cpuidCheckECX(unsigned int)
                0x00000000c0018d66                CPU::cpuidCheckExtendedEBX(unsigned int)
                0x00000000c0018d94                CPU::cpuidCheckExtendedECX(unsigned int)
                0x00000000c0018dc2                CPU::CPU()
                0x00000000c0018dc2                CPU::CPU()
                0x00000000c0018e50                CPU::displayFeatures()
                0x00000000c00190cc                CPU::detectFeatures()
                0x00000000c0019abc                CPU::setupSMEP()
                0x00000000c0019ac8                CPU::setupUMIP()
                0x00000000c0019ad2                CPU::setupTSC()
                0x00000000c0019adc                CPU::setupLargePages()
                0x00000000c0019ae6                CPU::setupPAT()
                0x00000000c0019b22                CPU::setupMTRR()
                0x00000000c0019b24                CPU::setupGlobalPages()
                0x00000000c0019b2e                CPU::allowUsermodeDataAccess()
                0x00000000c0019b40                CPU::prohibitUsermodeDataAccess()
                0x00000000c0019b52                CPU::setupSMAP()
                0x00000000c0019b60                CPU::setupFeatures()
                0x00000000c0019be0                CPU::open(int, int, void*)
                0x00000000c0019cb2                CPU::decodeAddress(regs*, int*, bool*, unsigned char*)
 .text          0x00000000c0019ead        0x0 hw/ports.32
 .text          0x00000000c0019ead      0x16a hw/smp.32
                0x00000000c0019ead                Krnl::smpEntry()
                0x00000000c0019eaf                Krnl::startCPU(int)
                0x00000000c0019ff8                Krnl::startCPUs()
 *fill*         0x00000000c001a017        0x1 
 .text          0x00000000c001a018      0x5d3 krnl/env.32
                0x00000000c001a018                EnvVarContainer::getEnv(char const*)
                0x00000000c001a056                EnvVarContainer::setEnv(char const*, char const*)
                0x00000000c001a122                EnvVarContainer::deleteEnv(char const*)
                0x00000000c001a124                EnvVarContainer::loadFrom(char const*, char const*)
                0x00000000c001a31a                EnvVarContainer::__loadSystem()
                0x00000000c001a334                EnvVarContainer::__loadUser()
                0x00000000c001a336                EnvVarContainer::EnvVarContainer(Process*)
                0x00000000c001a336                EnvVarContainer::EnvVarContainer(Process*)
                0x00000000c001a358                EnvVarContainer::~EnvVarContainer()
                0x00000000c001a358                EnvVarContainer::~EnvVarContainer()
                0x00000000c001a388                Krnl::getEnv(Process*, char const*)
                0x00000000c001a3ed                Krnl::setEnvSystem(char const*, char const*)
                0x00000000c001a407                Krnl::setEnvUser(char const*, char const*)
                0x00000000c001a426                Krnl::setEnvProcess(Process*, char const*, char const*)
                0x00000000c001a439                Krnl::deleteEnvSystem(char const*)
                0x00000000c001a43a                Krnl::deleteEnvUser(char const*)
                0x00000000c001a43b                Krnl::deleteEnvProcess(Process*, char const*)
                0x00000000c001a43c                Krnl::newProcessEnv(Process*)
                0x00000000c001a45e                Krnl::copyProcessEnv(Process*, Process*)
                0x00000000c001a4b2                Krnl::loadSystemEnv()
                0x00000000c001a4e0                Krnl::loadUserEnv()
                0x00000000c001a506                Krnl::flushEnv()
                0x00000000c001a507                Krnl::getProcessTotalEnvCount(Process*)
                0x00000000c001a527                Krnl::getProcessEnvPair(Process*, int)
 .text          0x00000000c001a5eb      0x396 krnl/panic.32
                0x00000000c001a5eb                Krnl::panic(char const*)
 .text          0x00000000c001a981      0x3b6 net/ethernet.32
                0x00000000c001a981                Net::switchEndian16(unsigned short)
                0x00000000c001a9a2                Net::switchEndian32(unsigned int)
                0x00000000c001a9d1                Net::crc32Calc(unsigned char*, int)
                0x00000000c001aa62                Net::wrapEthernetFrame(Net::UnwrappedEthernetFrame, unsigned char*)
                0x00000000c001ab9e                Net::unwrapEthernetFrame(unsigned char*, int)
 .text          0x00000000c001ad37      0x513 reg/registry.32
                0x00000000c001ad37                Reg::findLineFromLoadedData(char*, char*, char*)
                0x00000000c001ae8f                Reg::getLineFromRegistry(char*, char*, char*, char*)
                0x00000000c001afe4                Reg::getLine(char*, char*, char*)
                0x00000000c001b01b                Reg::readInt(char*, char*, int*)
                0x00000000c001b106                Reg::readString(char*, char*, char*, int)
                0x00000000c001b187                Reg::readBool(char*, char*, bool*)
                0x00000000c001b1ac                Reg::readBoolWithDefault(char*, char*, bool)
                0x00000000c001b1d8                Reg::readIntWithDefault(char*, char*, int)
                0x00000000c001b204                Reg::readStringWithDefault(char*, char*, char*, int, char*)
 .text          0x00000000c001b24a       0x36 sys/sc_eject.32
                0x00000000c001b24a                Sys::eject(regs*)
 .text          0x00000000c001b280       0x18 sys/sc_exit.32
                0x00000000c001b280                Sys::exit(regs*)
 .text          0x00000000c001b298       0x1f sys/sc_getcwd.32
                0x00000000c001b298                Sys::getCwd(regs*)
 .text          0x00000000c001b2b7        0xc sys/sc_getpid.32
                0x00000000c001b2b7                Sys::getPID(regs*)
 .text          0x00000000c001b2c3       0x17 sys/sc_getramdata.32
                0x00000000c001b2c3                Sys::getRAMData(regs*)
 .text          0x00000000c001b2da       0xa8 sys/sc_loaddll.32
                0x00000000c001b2da                Sys::loadDLL(regs*)
 .text          0x00000000c001b382       0x68 sys/sc_read.32
                0x00000000c001b382                Sys::read(regs*)
 .text          0x00000000c001b3ea       0x9f sys/sc_sbrk.32
                0x00000000c001b3ea                Sys::sbrk(regs*)
 .text          0x00000000c001b489       0x1c sys/sc_setcwd.32
                0x00000000c001b489                Sys::setCwd(regs*)
 .text          0x00000000c001b4a5      0x128 sys/sc_settime.32
                0x00000000c001b4a5                Sys::setTime(regs*)
 .text          0x00000000c001b5cd       0x4a sys/sc_timezone.32
                0x00000000c001b5cd                Sys::timezone(regs*)
 .text          0x00000000c001b617       0x68 sys/sc_write.32
                0x00000000c001b617                Sys::write(regs*)
 .text          0x00000000c001b67f       0x62 sys/sc_wsbe.32
                0x00000000c001b67f                Sys::wsbe(regs*)
 .text          0x00000000c001b6e1       0x3b sys/sc_yield.32
                0x00000000c001b6e1                Sys::yield(regs*)
 .text          0x00000000c001b71c     0x10e5 sys/syscalls.32
                0x00000000c001b71c                sysCallSeekDir(regs*)
                0x00000000c001b721                sysCallTellDir(regs*)
                0x00000000c001b726                sysCallVerify(regs*)
                0x00000000c001b730                sysFormatDisk(regs*)
                0x00000000c001b79a                sysSetDiskVolumeLabel(regs*)
                0x00000000c001b7e0                sysGetDiskVolumeLabel(regs*)
                0x00000000c001b831                sysShutdown(regs*)
                0x00000000c001b88f                sysCallRealpath(regs*)
                0x00000000c001b8d2                sysCallGetArgc(regs*)
                0x00000000c001b900                sysCallReadDir(regs*)
                0x00000000c001b98e                sysCallIsATTY(regs*)
                0x00000000c001b9e8                sysCallSeek(regs*)
                0x00000000c001ba51                sysCallTell(regs*)
                0x00000000c001bace                sysCallSize(regs*)
                0x00000000c001bb51                sysCallSizeFromFilename(regs*)
                0x00000000c001bc11                sysCallClose(regs*)
                0x00000000c001bc99                sysCallOpenDir(regs*)
                0x00000000c001bd0e                sysCallCloseDir(regs*)
                0x00000000c001bd74                sysCallMakeDir(regs*)
                0x00000000c001bde4                sysCallWait(regs*)
                0x00000000c001bdfe                sysCallNotImpl(regs*)
                0x00000000c001be19                sysPanic(regs*)
                0x00000000c001be3f                sysCallRmdir(regs*)
                0x00000000c001bea3                sysCallUnlink(regs*)
                0x00000000c001bf07                sysCallGetArgv(regs*)
                0x00000000c001bf53                sysCallTTYName(regs*)
                0x00000000c001bfd6                sysCallUSleep(regs*)
                0x00000000c001bffd                sysCallSpawn(regs*)
                0x00000000c001c055                sysCallGetEnv(regs*)
                0x00000000c001c18d                sysAppSettings(regs*)
                0x00000000c001c2ac                sysSetFatAttrib(regs*)
                0x00000000c001c31e                sysPipe(regs*)
                0x00000000c001c363                sysGetUnixTime(regs*)
                0x00000000c001c377                string_ends_with(char const*, char const*)
                0x00000000c001c3bf                sysCallOpen(regs*)
                0x00000000c001c5d4                Sys::loadSyscalls()
                0x00000000c001c7bf                Sys::systemCall(regs*, void*)
 .text          0x00000000c001c801     0x11d4 thr/elf.32
                0x00000000c001c801                Thr::allocateMemoryForTask(Process*, File*, unsigned long, unsigned long, unsigned long)
                0x00000000c001ca93                Thr::loadProgramIntoMemory(Process*, char const*)
                0x00000000c001cca9                Thr::runtimeReferenceHelper()
                0x00000000c001ccbc                Thr::getAddressOfKernelSymbol(char const*)
                0x00000000c001cd0b                Thr::loadKernelSymbolTable(char const*)
                0x00000000c001cfc9                Thr::loadDriverIntoMemory(char const*, unsigned long, bool)
                0x00000000c001d6e5                Thr::getDriverBaseFromAddress(unsigned long)
                0x00000000c001d717                Thr::getDriverNameFromAddress(unsigned long)
                0x00000000c001d74e                Thr::getDriverOffsetFromAddress(unsigned long)
                0x00000000c001d768                Thr::loadDLL(char const*, bool)
                0x00000000c001d99c                Thr::executeDLL(unsigned long, void*)
 *fill*         0x00000000c001d9d5        0x1 
 .text          0x00000000c001d9d6     0x1056 thr/prcssthr.32
                0x00000000c001d9d6                changeTSS
                0x00000000c001da06                Process::addArgs(char**)
                0x00000000c001da60                Process::Process(char const*, Process*, char**)
                0x00000000c001da60                Process::Process(char const*, Process*, char**)
                0x00000000c001dc44                Process::Process(bool, char const*, Process*, char**)
                0x00000000c001dc44                Process::Process(bool, char const*, Process*, char**)
                0x00000000c001ddf3                disableIRQs()
                0x00000000c001ddfb                getIRQNestingLevel()
                0x00000000c001de01                enableIRQs()
                0x00000000c001de10                lockScheduler()
                0x00000000c001de12                unlockScheduler()
                0x00000000c001de14                userModeEntryPoint(void*)
                0x00000000c001de37                lockStuff()
                0x00000000c001de43                taskStartupFunction
                0x00000000c001de4c                updateTimeUsed()
                0x00000000c001deb1                switchToThread(ThreadControlBlock*)
                0x00000000c001df02                Semaphore::Semaphore(int)
                0x00000000c001df02                Semaphore::Semaphore(int)
                0x00000000c001df30                Mutex::Mutex()
                0x00000000c001df30                Mutex::Mutex()
                0x00000000c001df42                Process::createThread(void (*)(void*), void*, int)
                0x00000000c001e026                Process::createUserThread()
                0x00000000c001e042                setupMultitasking(void (*)())
                0x00000000c001e14c                schedule()
                0x00000000c001e1d1                unlockStuff()
                0x00000000c001e206                Semaphore::tryAcquire()
                0x00000000c001e234                Semaphore::assertLocked(char const*)
                0x00000000c001e264                blockTaskWithSchedulerLockAlreadyHeld(TaskState)
                0x00000000c001e2a6                blockTask(TaskState)
                0x00000000c001e2c7                waitTask(int, int*, int)
                0x00000000c001e309                nanoSleepUntil(unsigned long long)
                0x00000000c001e360                nanoSleep(unsigned long long)
                0x00000000c001e375                sleep(unsigned long long)
                0x00000000c001e392                Semaphore::acquire()
                0x00000000c001e3fa                taskReturned
                0x00000000c001e428                unblockTask(ThreadControlBlock*)
                0x00000000c001e4d7                cleanupTerminatedTask(ThreadControlBlock*)
                0x00000000c001e7a0                cleanerTaskFunction(void*)
                0x00000000c001e853                terminateTask(int)
                0x00000000c001e933                Thr::terminateFromIRQ(int)
                0x00000000c001e940                Semaphore::release()
 .text          0x00000000c001ea2c      0xc26 vm86/vm8086.32
                0x00000000c001ea2c                Vm::inbv(unsigned short)
                0x00000000c001ea3f                Vm::outbv(unsigned short, unsigned char)
                0x00000000c001ea92                Vm::realToLinear(unsigned short, unsigned short)
                0x00000000c001eaa2                Vm::getSegment(unsigned int)
                0x00000000c001eaaa                Vm::getOffset(unsigned int)
                0x00000000c001eaaf                Vm::mainloop2()
                0x00000000c001eaea                Vm::mainVm8086Loop(void*)
                0x00000000c001eaf7                Vm::mainloop3(unsigned long)
                0x00000000c001eb21                Vm::initialise8086()
                0x00000000c001eb64                Vm::finish8086()
                0x00000000c001eba9                Vm::getOutput8086(unsigned char*)
                0x00000000c001ebd3                Vm::start8086(char const*, unsigned short, unsigned short, unsigned short, unsigned short)
                0x00000000c001ed23                Vm::doISR(regs*, int, unsigned char*, unsigned short, unsigned short)
                0x00000000c001edad                Vm::readByteFromReal(unsigned short, unsigned short)
                0x00000000c001edbe                Vm::readWordFromReal(unsigned short, unsigned short)
                0x00000000c001edd0                Vm::readDwordFromReal(unsigned short, unsigned short)
                0x00000000c001ede1                Vm::writeByteFromReal(unsigned short, unsigned short, unsigned char)
                0x00000000c001edf6                Vm::writeWordFromReal(unsigned short, unsigned short, unsigned short)
                0x00000000c001ee0c                Vm::writeDwordFromReal(unsigned short, unsigned short, unsigned int)
                0x00000000c001ee21                Vm::faultHandler(regs*)
 .text          0x00000000c001f652      0xefd vm86/x87em.32
                0x00000000c001f652                Vm::fpuInternalTo32(unsigned long long)
                0x00000000c001f6ad                Vm::fpuInternalTo64(unsigned long long)
                0x00000000c001f6b6                Vm::fpu32ToInternal(unsigned int)
                0x00000000c001f6fb                Vm::fpu64ToInternal(unsigned long long)
                0x00000000c001f704                Vm::fpuFloatToLong(unsigned long long)
                0x00000000c001f75f                Vm::fpuULongToFloat(unsigned long long)
                0x00000000c001f795                Vm::fpuLongToFloat(long long)
                0x00000000c001f7eb                Vm::fpuGet0()
                0x00000000c001f7f0                Vm::fpuGet1()
                0x00000000c001f7f8                Vm::fpuGetPi()
                0x00000000c001f800                Vm::fpuGetLog2E()
                0x00000000c001f818                Vm::fpuGetLogE2()
                0x00000000c001f830                Vm::fpuGetLog210()
                0x00000000c001f848                Vm::fpuGetLog102()
                0x00000000c001f860                Vm::fpuIsSecondLarger(unsigned long long, unsigned long long)
                0x00000000c001f874                Vm::fpuAreEqual(unsigned long long, unsigned long long)
                0x00000000c001f88a                Vm::fpuUnorderedCompare(unsigned long long, unsigned long long)
                0x00000000c001f8dd                Vm::fpuAdd(unsigned long long, unsigned long long)
                0x00000000c001f8ee                Vm::fpuAbs(unsigned long long)
                0x00000000c001f8f7                Vm::fpuChs(unsigned long long)
                0x00000000c001f907                Vm::fpuSub(unsigned long long, unsigned long long)
                0x00000000c001f916                Vm::fpuMultiply(unsigned long long, unsigned long long)
                0x00000000c001f935                Vm::fpuDivide(unsigned long long, unsigned long long)
                0x00000000c001f951                Vm::fpuSquare(unsigned long long)
                0x00000000c001f967                Vm::fpuGetReg(int)
                0x00000000c001f9aa                Vm::fpuSetReg(int, unsigned long long)
                0x00000000c001f9f5                Vm::fpuPush(unsigned long long)
                0x00000000c001fa52                Vm::fpuPop()
                0x00000000c001faa4                Vm::x87Handler(regs*)
 *fill*         0x00000000c002054f        0x1 
 .text          0x00000000c0020550     0x10ed fs/fat/vfslink.32
                0x00000000c0020550                FAT::getName()
                0x00000000c0020556                FAT::tell(void*, unsigned long long*)
                0x00000000c002058a                FAT::stat(void*, unsigned long long*)
                0x00000000c00205be                FAT::~FAT()
                0x00000000c00205be                FAT::~FAT()
                0x00000000c00205e2                FAT::~FAT()
                0x00000000c002060a                FAT::getlabel(LogicalDisk*, int, char*, unsigned int*)
                0x00000000c00206a8                FAT::setlabel(LogicalDisk*, int, char*)
                0x00000000c0020762                FAT::format(LogicalDisk*, int, char const*, int)
                0x00000000c0020946                FAT::tryMount(LogicalDisk*, int)
                0x00000000c0020b4c                FAT::readDir(void*, unsigned long, void*, int*)
                0x00000000c0020c52                FAT::read(void*, unsigned long, void*, int*)
                0x00000000c0020cac                FAT::write(void*, unsigned long, void*, int*)
                0x00000000c0020d06                FAT::close(void*)
                0x00000000c0020d52                FAT::closeDir(void*)
                0x00000000c0020d9e                FAT::seek(void*, unsigned long long)
                0x00000000c0020df2                fatWrapperReadDisk
                0x00000000c0020e39                fatWrapperWriteDisk
                0x00000000c0020e80                fatWrapperIoctl
                0x00000000c0020f84                FAT::FAT()
                0x00000000c0020f84                FAT::FAT()
                0x00000000c0020fd6                FAT::fixFilepath(char*)
                0x00000000c002100e                FAT::open(char const*, void**, FileOpenMode)
                0x00000000c0021136                FAT::openDir(char const*, void**)
                0x00000000c00211dc                FAT::stat(char const*, unsigned long long*, bool*)
                0x00000000c00212c6                FAT::unlink(char const*)
                0x00000000c0021340                FAT::chfatattr(char const*, unsigned char, unsigned char)
                0x00000000c0021494                FAT::rename(char const*, char const*)
                0x00000000c0021558                FAT::mkdir(char const*)
                0x00000000c00215d2                FAT::exists(char const*)
 *fill*         0x00000000c002163d        0x1 
 .text          0x00000000c002163e      0xbc1 fs/iso9660/vfslink.32
                0x00000000c002163e                ISO9660::format(LogicalDisk*, int, char const*, int)
                0x00000000c0021644                ISO9660::seek(void*, unsigned long long)
                0x00000000c0021674                ISO9660::tell(void*, unsigned long long*)
                0x00000000c0021698                ISO9660::getName()
                0x00000000c002169e                ISO9660::stat(void*, unsigned long long*)
                0x00000000c00216c2                ISO9660::chfatattr(char const*, unsigned char, unsigned char)
                0x00000000c00216c8                ISO9660::unlink(char const*)
                0x00000000c00216ce                ISO9660::write(void*, unsigned long, void*, int*)
                0x00000000c00216d4                ISO9660::rename(char const*, char const*)
                0x00000000c00216da                ISO9660::mkdir(char const*)
                0x00000000c00216e0                ISO9660::close(void*)
                0x00000000c0021702                ISO9660::closeDir(void*)
                0x00000000c0021724                ISO9660::~ISO9660()
                0x00000000c0021724                ISO9660::~ISO9660()
                0x00000000c0021748                ISO9660::~ISO9660()
                0x00000000c002176f                __memmem(unsigned char*, int, unsigned char*, int)
                0x00000000c00217b1                readSectorFromCDROM(unsigned int, unsigned char*, char)
                0x00000000c0021818                ISO9660::tryMount(LogicalDisk*, int)
                0x00000000c0021868                ISO9660::read(void*, unsigned long, void*, int*)
                0x00000000c0021a68                ISO9660::readDir(void*, unsigned long, void*, int*)
                0x00000000c0021cf5                readRoot(unsigned int*, unsigned int*, char)
                0x00000000c0021d4a                readRecursively(char*, unsigned int, unsigned int, unsigned int*, unsigned int*, char, int*)
                0x00000000c0021f1d                getFileData(char*, unsigned int*, unsigned int*, char, int*)
                0x00000000c0021fac                ISO9660::open(char const*, void**, FileOpenMode)
                0x00000000c002206c                ISO9660::exists(char const*)
                0x00000000c0022090                ISO9660::stat(char const*, unsigned long long*, bool*)
                0x00000000c0022124                ISO9660::openDir(char const*, void**)
                0x00000000c00221dc                ISO9660::ISO9660()
                0x00000000c00221dc                ISO9660::ISO9660()
 *fill*         0x00000000c00221ff        0x1 
 .text          0x00000000c0022200      0x326 hal/sound/sndchannel.32
                0x00000000c0022200                SoundChannel::~SoundChannel()
                0x00000000c0022200                SoundChannel::~SoundChannel()
                0x00000000c002221c                SoundChannel::setSpeed(float)
                0x00000000c0022228                SoundChannel::getSpeed()
                0x00000000c0022230                SoundChannel::setVolume(int)
                0x00000000c002224c                SoundChannel::getVolume()
                0x00000000c0022254                SoundChannel::pause()
                0x00000000c002225e                SoundChannel::SoundChannel(int, int, int, int)
                0x00000000c002225e                SoundChannel::SoundChannel(int, int, int, int)
                0x00000000c00223b4                SoundChannel::play()
                0x00000000c00223be                SoundChannel::paused()
                0x00000000c00223c6                SoundChannel::getSampleRate()
                0x00000000c00223ce                SoundChannel::getBits()
                0x00000000c00223d6                SoundChannel::getBufferUsed()
                0x00000000c00223de                SoundChannel::getBufferSize()
                0x00000000c00223e6                SoundChannel::unbuffer(float*, int, int)
                0x00000000c0022486                SoundChannel::buffer8(unsigned char*, int)
 .text          0x00000000c0022526      0x3d5 hal/sound/sndhw.32
                0x00000000c0022526                SoundDevice::SoundDevice(char const*)
                0x00000000c0022526                SoundDevice::SoundDevice(char const*)
                0x00000000c0022592                SoundDevice::~SoundDevice()
                0x00000000c0022592                SoundDevice::~SoundDevice()
                0x00000000c002260c                SoundDevice::~SoundDevice()
                0x00000000c0022636                SoundDevice::getFreeChannelNum()
                0x00000000c0022650                SoundDevice::addChannel(SoundChannel*)
                0x00000000c00226c0                SoundDevice::removeChannel(int)
                0x00000000c00226f2                SoundDevice::floatTo8(float*, unsigned char*, int)
                0x00000000c00227da                SoundDevice::getAudio(int, float*, float*)
 .text          0x00000000c00228fb        0x0 hw/bus/isa.32
 *fill*         0x00000000c00228fb        0x1 
 .text          0x00000000c00228fc      0x6c3 hw/bus/pci.32
                0x00000000c00228fc                PCI::open(int, int, void*)
                0x00000000c0022910                PCI::close(int, int, void*)
                0x00000000c0022914                PCI::PCI()
                0x00000000c0022914                PCI::PCI()
                0x00000000c0022994                PCI::pciReadWord(unsigned char, unsigned char, unsigned char, unsigned char)
                0x00000000c00229dc                PCI::getVendorID(unsigned char, unsigned char, unsigned char)
                0x00000000c00229fe                PCI::getHeaderType(unsigned char, unsigned char, unsigned char)
                0x00000000c0022a22                PCI::getClassCode(unsigned char, unsigned char, unsigned char)
                0x00000000c0022a66                PCI::getProgIF(unsigned char, unsigned char, unsigned char)
                0x00000000c0022a8a                PCI::getRevisionID(unsigned char, unsigned char, unsigned char)
                0x00000000c0022aac                PCI::getInterruptNumber(unsigned char, unsigned char, unsigned char)
                0x00000000c0022ace                PCI::getSecondaryBus(unsigned char, unsigned char, unsigned char)
                0x00000000c0022af2                PCI::getBARAddress(unsigned char, unsigned char, unsigned char, unsigned char)
                0x00000000c0022b52                PCI::pciWriteWord(unsigned char, unsigned char, unsigned char, unsigned char, unsigned short)
                0x00000000c0022bbe                PCI::checkBus(unsigned char)
                0x00000000c0022be2                PCI::foundDevice(PCIDeviceInfo)
                0x00000000c0022d54                PCI::getDeviceData(unsigned char, unsigned char, unsigned char)
                0x00000000c0022f00                PCI::checkDevice(unsigned char, unsigned char)
                0x00000000c0022f6c                PCI::detect()
 *fill*         0x00000000c0022fbf        0x1 
 .text          0x00000000c0022fc0      0xc70 hw/diskctrl/ide.32
                0x00000000c0022fc0                IDE::close(int, int, void*)
                0x00000000c0022fc4                IDE::IDE()
                0x00000000c0022fc4                IDE::IDE()
                0x00000000c0022ff8                IDE::prepareInterrupt(unsigned char)
                0x00000000c002300a                selectDrive(unsigned char, unsigned char)
                0x00000000c002300c                IDE::getBase(unsigned char)
                0x00000000c002301e                IDE::write(unsigned char, unsigned char, unsigned char)
                0x00000000c00230de                IDE::read(unsigned char, unsigned char)
                0x00000000c002318c                IDE::waitInterrupt(unsigned char)
                0x00000000c00231f2                ideChannel0IRQHandler(regs*, void*)
                0x00000000c002320e                ideChannel1IRQHandler(regs*, void*)
                0x00000000c002322a                IDE::enableIRQs(unsigned char, bool)
                0x00000000c0023270                IDE::open(int, int, void*)
                0x00000000c0023680                IDE::readBuffer(unsigned char, unsigned char, unsigned int, unsigned int)
                0x00000000c002374c                IDE::detect()
                0x00000000c0023a34                IDE::printError(unsigned char, unsigned char, unsigned char)
                0x00000000c0023bca                IDE::polling(unsigned char, unsigned int)
 .text          0x00000000c0023c30      0x390 hw/diskctrl/satabus.32
                0x00000000c0023c30                SATABus::close(int, int, void*)
                0x00000000c0023c34                SATABus::detect()
                0x00000000c0023c36                SATABus::SATABus()
                0x00000000c0023c36                SATABus::SATABus()
                0x00000000c0023ce2                SATABus::findCmdslot(SATABus::tagHBA_PORT volatile*)
                0x00000000c0023d2a                SATABus::checkType(SATABus::tagHBA_PORT volatile*)
                0x00000000c0023d72                SATABus::startCmd(SATABus::tagHBA_PORT volatile*)
                0x00000000c0023d92                SATABus::stopCmd(SATABus::tagHBA_PORT volatile*)
                0x00000000c0023dbc                SATABus::portRebase(SATABus::tagHBA_PORT volatile*, int)
                0x00000000c0023ec2                SATABus::probePort(SATABus::tagHBA_MEM volatile*)
                0x00000000c0023fa0                SATABus::open(int, int, void*)
 .text          0x00000000c0023fc0      0x63c hw/diskphys/ata.32
                0x00000000c0023fc0                ATA::close(int, int, void*)
                0x00000000c0023fe4                ATA::powerSaving(PowerSavingLevel)
                0x00000000c0023fe6                ATA::ATA()
                0x00000000c0023fe6                ATA::ATA()
                0x00000000c0024014                ATA::flush(bool)
                0x00000000c002405e                ATA::readyForCommand()
                0x00000000c00240ae                ATA::access(unsigned long long, int, void*, bool)
                0x00000000c0024436                ATA::read(unsigned long long, int, void*)
                0x00000000c002449e                ATA::write(unsigned long long, int, void*)
                0x00000000c0024506                ATA::detectCHS()
                0x00000000c0024530                ATA::open(int, int, void*)
 .text          0x00000000c00245fc      0x5bd hw/diskphys/atapi.32
                0x00000000c00245fc                ATAPI::write(unsigned long long, int, void*)
                0x00000000c0024602                ATAPI::close(int, int, void*)
                0x00000000c0024626                ATAPI::ATAPI()
                0x00000000c0024626                ATAPI::ATAPI()
                0x00000000c0024654                ATAPI::readyForCommand()
                0x00000000c00246a4                ATAPI::sendPacket(unsigned char*, int, bool, unsigned short*, int)
                0x00000000c0024964                ATAPI::diskRemoved()
                0x00000000c0024980                ATAPI::eject()
                0x00000000c00249c8                ATAPI::diskInserted()
                0x00000000c00249f6                ATAPI::detectMedia()
                0x00000000c0024ab2                ATAPI::open(int, int, void*)
                0x00000000c0024b3a                ATAPI::read(unsigned long long, int, void*)
 *fill*         0x00000000c0024bb9        0x1 
 .text          0x00000000c0024bba      0x455 hw/diskphys/sata.32
                0x00000000c0024bba                SATA::close(int, int, void*)
                0x00000000c0024bde                SATA::powerSaving(PowerSavingLevel)
                0x00000000c0024be0                SATA::open(int, int, void*)
                0x00000000c0024c8e                SATA::SATA()
                0x00000000c0024c8e                SATA::SATA()
                0x00000000c0024cbc                SATA::access(unsigned long long, int, void*, bool)
                0x00000000c0024f22                SATA::read(unsigned long long, int, void*)
                0x00000000c0024f8a                SATA::write(unsigned long long, int, void*)
 *fill*         0x00000000c002500f        0x1 
 .text          0x00000000c0025010      0x500 hw/diskphys/satapi.32
                0x00000000c0025010                SATAPI::write(unsigned long long, int, void*)
                0x00000000c0025016                SATAPI::close(int, int, void*)
                0x00000000c002503a                SATAPI::SATAPI()
                0x00000000c002503a                SATAPI::SATAPI()
                0x00000000c0025068                SATAPI::diskRemoved()
                0x00000000c0025084                SATAPI::diskInserted()
                0x00000000c00250b2                SATAPI::sendPacket(unsigned char*, int, unsigned long long, unsigned short*, int)
                0x00000000c00252b6                SATAPI::eject()
                0x00000000c00252fe                SATAPI::detectMedia()
                0x00000000c00253c0                SATAPI::open(int, int, void*)
                0x00000000c002546e                SATAPI::read(unsigned long long, int, void*)
 .text          0x00000000c0025510       0x8e hw/fpu/avx.32
                0x00000000c0025510                AVX::open(int, int, void*)
                0x00000000c0025522                AVX::close(int, int, void*)
                0x00000000c0025534                AVX::available()
                0x00000000c0025546                AVX::save(void*)
                0x00000000c002555e                AVX::load(void*)
                0x00000000c0025576                AVX::AVX()
                0x00000000c0025576                AVX::AVX()
 .text          0x00000000c002559e       0x90 hw/fpu/mmx.32
                0x00000000c002559e                MMX::available()
                0x00000000c00255b2                MMX::open(int, int, void*)
                0x00000000c00255c4                MMX::close(int, int, void*)
                0x00000000c00255d6                MMX::save(void*)
                0x00000000c00255ee                MMX::load(void*)
                0x00000000c0025606                MMX::MMX()
                0x00000000c0025606                MMX::MMX()
 .text          0x00000000c002562e       0x96 hw/fpu/sse.32
                0x00000000c002562e                SSE::open(int, int, void*)
                0x00000000c0025640                SSE::close(int, int, void*)
                0x00000000c0025652                SSE::available()
                0x00000000c002566c                SSE::save(void*)
                0x00000000c0025684                SSE::load(void*)
                0x00000000c002569c                SSE::SSE()
                0x00000000c002569c                SSE::SSE()
 .text          0x00000000c00256c4       0x8e hw/fpu/x87.32
                0x00000000c00256c4                x87::open(int, int, void*)
                0x00000000c00256d6                x87::close(int, int, void*)
                0x00000000c00256e8                x87::available()
                0x00000000c00256fa                x87::save(void*)
                0x00000000c0025712                x87::load(void*)
                0x00000000c002572a                x87::x87()
                0x00000000c002572a                x87::x87()
 .text          0x00000000c0025752      0x71e hw/intctrl/apic.32
                0x00000000c0025752                APIC::disable()
                0x00000000c0025754                APIC::close(int, int, void*)
                0x00000000c0025776                IOAPIC::close(int, int, void*)
                0x00000000c002577c                APIC::io_wait()
                0x00000000c0025782                APIC::getBase()
                0x00000000c00257c4                APIC::eoi(unsigned char)
                0x00000000c00257f2                APIC::open(int, int, void*)
                0x00000000c0025940                IOAPIC::IOAPIC()
                0x00000000c0025940                IOAPIC::IOAPIC()
                0x00000000c0025968                APIC::APIC()
                0x00000000c0025968                APIC::APIC()
                0x00000000c0025a44                IOAPIC::handlesGSIWithNumber(unsigned int)
                0x00000000c0025a76                IOAPIC::read(int)
                0x00000000c0025a9e                IOAPIC::open(int, int, void*)
                0x00000000c0025b94                IOAPIC::write(int, int)
                0x00000000c0025bc0                IOAPIC::redirect(unsigned char, unsigned long long, unsigned char, bool, bool)
                0x00000000c0025cba                APIC::installIRQHandler(int, void (*)(regs*, void*), bool, void*)
 .text          0x00000000c0025e70      0x3d3 hw/intctrl/pic.32
                0x00000000c0025e70                PIC::disable()
                0x00000000c0025e9e                PIC::close(int, int, void*)
                0x00000000c0025ec0                PIC::PIC()
                0x00000000c0025ec0                PIC::PIC()
                0x00000000c0025f96                PIC::ioWait()
                0x00000000c0025f9c                PIC::getIRQReg(int)
                0x00000000c0026006                PIC::eoi(unsigned char)
                0x00000000c0026098                PIC::remap()
                0x00000000c0026204                PIC::open(int, int, void*)
 *fill*         0x00000000c0026243        0x1 
 .text          0x00000000c0026244      0x25e hw/timer/apictimer.32
                0x00000000c0026244                APICTimer::close(int, int, void*)
                0x00000000c002624a                apicTimerHandler(regs*, void*)
                0x00000000c0026278                APICTimer::write(int)
                0x00000000c002637c                APICTimer::open(int, int, void*)
                0x00000000c002647a                APICTimer::APICTimer()
                0x00000000c002647a                APICTimer::APICTimer()
 .text          0x00000000c00264a2      0x1a7 hw/timer/pit.32
                0x00000000c00264a2                PIT::write(int)
                0x00000000c0026520                pitHandler(regs*, void*)
                0x00000000c002654c                PIT::open(int, int, void*)
                0x00000000c002659a                PIT::close(int, int, void*)
                0x00000000c00265ca                PIT::PIT()
                0x00000000c00265ca                PIT::PIT()
 *fill*         0x00000000c0026649        0x7 
 .text          0x00000000c0026650       0x1e hw/fpu/x86/avx.32
                0x00000000c0026650                avxDetect
                0x00000000c0026656                avxSave
                0x00000000c0026657                avxLoad
                0x00000000c0026658                avxInit
                0x00000000c0026659                avxClose
                0x00000000c002665a                wouldSheSayYes
 *fill*         0x00000000c002666e        0x2 
 .text          0x00000000c0026670       0x35 hw/fpu/x86/sse.32
                0x00000000c0026670                absolutelyNoChanceInHell
                0x00000000c0026670                sseDetect
                0x00000000c0026688                sseSave
                0x00000000c002668e                sseLoad
                0x00000000c0026694                sseInit
                0x00000000c00266a4                sseClose
 *fill*         0x00000000c00266a5        0xb 
 .text          0x00000000c00266b0       0x47 hw/fpu/x86/x87.32
                0x00000000c00266b6                x87Detect
                0x00000000c00266d1                x87Save
                0x00000000c00266d7                x87Load
                0x00000000c00266dc                x87Init
                0x00000000c00266f6                x87Close
 *fill*         0x00000000c00266f7        0x1 
 .text          0x00000000c00266f8       0x25 /cygdrive/d/Users/Alex/Desktop/Toolchain/Output/bin/../lib/gcc/i386-banana/8.1.0/crtend.o
 .text          0x00000000c002671d        0x0 crtn.32
 *fill*         0x00000000c002671d        0x3 
 .text          0x00000000c0026720      0x14b /cygdrive/d/Users/Alex/Desktop/Toolchain/Output/bin/../lib/gcc/i386-banana/8.1.0/libkgcc.a(_divdi3.o)
                0x00000000c0026720                __divdi3
 *fill*         0x00000000c002686b        0x1 
 .text          0x00000000c002686c      0x17e /cygdrive/d/Users/Alex/Desktop/Toolchain/Output/bin/../lib/gcc/i386-banana/8.1.0/libkgcc.a(_moddi3.o)
                0x00000000c002686c                __moddi3
 *fill*         0x00000000c00269ea        0x2 
 .text          0x00000000c00269ec       0xff /cygdrive/d/Users/Alex/Desktop/Toolchain/Output/bin/../lib/gcc/i386-banana/8.1.0/libkgcc.a(_udivdi3.o)
                0x00000000c00269ec                __udivdi3
 *fill*         0x00000000c0026aeb        0x1 
 .text          0x00000000c0026aec      0x11a /cygdrive/d/Users/Alex/Desktop/Toolchain/Output/bin/../lib/gcc/i386-banana/8.1.0/libkgcc.a(_umoddi3.o)
                0x00000000c0026aec                __umoddi3
 .text          0x00000000c0026c06      0x96d D:/Users/Alex/Desktop/Banana/kernel/libsoftfp.a(sfieeelib.o)
                0x00000000c0026c06                __addsf3
                0x00000000c0026f08                __subsf3
                0x00000000c0026f1c                __negsf2
                0x00000000c0026f29                __mulsf3
                0x00000000c00270ec                __divsf3
                0x00000000c0027317                __floatsisf
                0x00000000c002738b                __floatunsisf
                0x00000000c00273cd                __fixsfsi
                0x00000000c002742f                __fixunssfsi
                0x00000000c0027460                __cmpsf2
                0x00000000c00274f5                __eqsf2