Archive member included to satisfy reference by file (symbol)

/cygdrive/d/Users/Alex/Desktop/Toolchain/Output/bin/../lib/gcc/i386-banana/8.1.0/libkgcc.a(_divdi3.o)
                              fs/fat/ff.32 (__divdi3)
/cygdrive/d/Users/Alex/Desktop/Toolchain/Output/bin/../lib/gcc/i386-banana/8.1.0/libkgcc.a(_moddi3.o)
                              compat/resolve.32 (__moddi3)
/cygdrive/d/Users/Alex/Desktop/Toolchain/Output/bin/../lib/gcc/i386-banana/8.1.0/libkgcc.a(_udivdi3.o)
                              fs/fat/ff.32 (__udivdi3)
/cygdrive/d/Users/Alex/Desktop/Toolchain/Output/bin/../lib/gcc/i386-banana/8.1.0/libkgcc.a(_umoddi3.o)
                              compat/resolve.32 (__umoddi3)
D:/Users/Alex/Desktop/Banana/kernel/libsoftfp.a(sfieeelib.o)
                              hal/sound/sndhw.32 (__addsf3)
D:/Users/Alex/Desktop/Banana/kernel/libsoftfp.a(dfieeelib.o)
                              hal/libresample/src_linear.32 (__adddf3)
D:/Users/Alex/Desktop/Banana/kernel/libsoftfp.a(sfdfcvt.o)
                              hal/libresample/samplerate.32 (__truncdfsf2)
D:/Users/Alex/Desktop/Banana/kernel/libk/libm32.a(s_fabs.c.o)
                              hal/libresample/samplerate.32 (fabs)
D:/Users/Alex/Desktop/Banana/kernel/libk/libm32.a(s_lrint.S.o)
                              hal/libresample/samplerate.32 (lrint)
D:/Users/Alex/Desktop/Banana/kernel/libk/libm32.a(s_lrintf.S.o)
                              hal/sound/sndhw.32 (lrintf)

Discarded input sections

 .comment       0x0000000000000000       0x12 /cygdrive/d/Users/Alex/Desktop/Toolchain/Output/bin/../lib/gcc/i386-banana/8.1.0/crtbegin.o
 .comment       0x0000000000000000       0x12 acpica/utclib.32
 .comment       0x0000000000000000       0x12 core/malloc.32
 .comment       0x0000000000000000       0x12 libk/string.32
 .comment       0x0000000000000000       0x12 fs/fat/diskio.32
 .comment       0x0000000000000000       0x12 fs/fat/ff.32
 .comment       0x0000000000000000       0x12 fs/fat/ffsystem.32
 .comment       0x0000000000000000       0x12 fs/fat/ffunicode.32
 .comment       0x0000000000000000       0x12 hal/libresample/samplerate.32
 .comment       0x0000000000000000       0x12 hal/libresample/src_linear.32
 .comment       0x0000000000000000       0x12 hal/libresample/src_sinc.32
 .comment       0x0000000000000000       0x12 hal/libresample/src_zoh.32
 .comment       0x0000000000000000       0x12 compat/inlines.32
 .comment       0x0000000000000000       0x12 compat/resolve.32
 .group         0x0000000000000000       0x14 core/computer.32
 .group         0x0000000000000000        0xc core/computer.32
 .comment       0x0000000000000000       0x12 core/computer.32
 .comment       0x0000000000000000       0x12 core/gdt.32
 .group         0x0000000000000000        0xc core/idle.32
 .comment       0x0000000000000000       0x12 core/idle.32
 .comment       0x0000000000000000       0x12 core/idt.32
 .comment       0x0000000000000000       0x12 core/kheap.32
 .comment       0x0000000000000000       0x12 core/main.32
 .comment       0x0000000000000000       0x12 core/physmgr.32
 .group         0x0000000000000000        0xc core/pipe.32
 .comment       0x0000000000000000       0x12 core/pipe.32
 .group         0x0000000000000000        0xc core/terminal.32
 .comment       0x0000000000000000       0x12 core/terminal.32
 .comment       0x0000000000000000       0x12 core/tss.32
 .group         0x0000000000000000        0x8 core/unixfile.32
 .group         0x0000000000000000        0xc core/unixfile.32
 .group         0x0000000000000000        0xc core/unixfile.32
 .group         0x0000000000000000        0x8 core/unixfile.32
 .group         0x0000000000000000        0xc core/unixfile.32
 .group         0x0000000000000000        0x8 core/unixfile.32
 .group         0x0000000000000000        0xc core/unixfile.32
 .group         0x0000000000000000        0xc core/unixfile.32
 .comment       0x0000000000000000       0x12 core/unixfile.32
 .comment       0x0000000000000000       0x12 core/virtmgr.32
 .comment       0x0000000000000000       0x12 coreobjs/c++.32
 .comment       0x0000000000000000       0x12 dbg/kconsole.32
 .group         0x0000000000000000        0xc fs/vfs.32
 .group         0x0000000000000000        0xc fs/vfs.32
 .group         0x0000000000000000        0xc fs/vfs.32
 .comment       0x0000000000000000       0x12 fs/vfs.32
 .group         0x0000000000000000        0xc hal/bus.32
 .comment       0x0000000000000000       0x12 hal/bus.32
 .group         0x0000000000000000        0xc hal/buzzer.32
 .comment       0x0000000000000000       0x12 hal/buzzer.32
 .group         0x0000000000000000        0xc hal/clock.32
 .comment       0x0000000000000000       0x12 hal/clock.32
 .group         0x0000000000000000       0x14 hal/device.32
 .group         0x0000000000000000        0xc hal/device.32
 .group         0x0000000000000000        0xc hal/device.32
 .group         0x0000000000000000        0xc hal/device.32
[...]
Memory Configuration

Name             Origin             Length             Attributes
*default*        0x0000000000000000 0xffffffffffffffff

Linker script and memory map

LOAD D:/Users/Alex/Desktop/Banana/kernel/boot.32
LOAD crti.32
LOAD /cygdrive/d/Users/Alex/Desktop/Toolchain/Output/bin/../lib/gcc/i386-banana/8.1.0/crtbegin.o
LOAD D:/Users/Alex/Desktop/Banana/kernel/morenasm.32
LOAD acpica/utclib.32
LOAD core/malloc.32
LOAD libk/string.32
LOAD fs/fat/diskio.32
LOAD fs/fat/ff.32
LOAD fs/fat/ffsystem.32
LOAD fs/fat/ffunicode.32
LOAD hal/libresample/samplerate.32
LOAD hal/libresample/src_linear.32
LOAD hal/libresample/src_sinc.32
LOAD hal/libresample/src_zoh.32
LOAD compat/inlines.32
LOAD compat/resolve.32
LOAD core/computer.32
LOAD core/gdt.32
LOAD core/idle.32
LOAD core/idt.32
LOAD core/kheap.32
LOAD core/main.32
LOAD core/physmgr.32
LOAD core/pipe.32
LOAD core/terminal.32
LOAD core/tss.32
LOAD core/unixfile.32
LOAD core/virtmgr.32
LOAD coreobjs/c++.32
LOAD dbg/kconsole.32
LOAD fs/vfs.32
LOAD hal/bus.32
LOAD hal/buzzer.32
LOAD hal/clock.32
LOAD hal/device.32
LOAD hal/diskctrl.32
LOAD hal/diskphys.32
LOAD hal/fpu.32
LOAD hal/intctrl.32
LOAD hal/keybrd.32
LOAD hal/logidisk.32
LOAD hal/mouse.32
LOAD hal/partition.32
LOAD hal/serial.32
LOAD hal/timer.32
LOAD hal/vcache.32
LOAD hal/video.32
LOAD hw/acpi.32
LOAD hw/cpu.32
LOAD hw/ports.32
LOAD hw/smp.32
LOAD krnl/env.32
LOAD krnl/panic.32
LOAD net/ethernet.32
LOAD reg/registry.32
LOAD sys/sc_eject.32
LOAD sys/sc_exit.32
LOAD sys/sc_getcwd.32
LOAD sys/sc_getpid.32
LOAD sys/sc_getramdata.32
LOAD sys/sc_loaddll.32
LOAD sys/sc_read.32
LOAD sys/sc_sbrk.32
LOAD sys/sc_setcwd.32
LOAD sys/sc_settime.32
LOAD sys/sc_timezone.32
LOAD sys/sc_write.32
LOAD sys/sc_wsbe.32
LOAD sys/sc_yield.32
LOAD sys/syscalls.32
LOAD thr/elf.32
LOAD thr/prcssthr.32
LOAD vm86/vm8086.32
LOAD vm86/x87em.32
LOAD fs/fat/vfslink.32
LOAD fs/iso9660/vfslink.32
LOAD hal/sound/sndchannel.32
LOAD hal/sound/sndhw.32
LOAD hw/bus/isa.32
LOAD hw/bus/pci.32
LOAD hw/diskctrl/ide.32
LOAD hw/diskctrl/satabus.32
LOAD hw/diskphys/ata.32
LOAD hw/diskphys/atapi.32
LOAD hw/diskphys/sata.32
LOAD hw/diskphys/satapi.32
LOAD hw/fpu/avx.32
LOAD hw/fpu/mmx.32
LOAD hw/fpu/sse.32
LOAD hw/fpu/x87.32
LOAD hw/intctrl/apic.32
LOAD hw/intctrl/pic.32
LOAD hw/timer/apictimer.32
LOAD hw/timer/pit.32
LOAD hw/fpu/x86/avx.32
LOAD hw/fpu/x86/sse.32
LOAD hw/fpu/x86/x87.32
LOAD /cygdrive/d/Users/Alex/Desktop/Toolchain/Output/bin/../lib/gcc/i386-banana/8.1.0/crtend.o
LOAD crtn.32
LOAD /cygdrive/d/Users/Alex/Desktop/Toolchain/Output/bin/../lib/gcc/i386-banana/8.1.0/libkgcc.a
LOAD D:/Users/Alex/Desktop/Banana/kernel/libsoftfp.a
LOAD D:/Users/Alex/Desktop/Banana/kernel/libk/libm32.a
                0x00000000c0000000                . = 0xc0000000

.text           0x00000000c0000000    0x28658
 *(.text)
 .text          0x00000000c0000000       0x41 D:/Users/Alex/Desktop/Banana/kernel/boot.32
                0x00000000c0000020                callGlobalConstructors
 .text          0x00000000c0000041        0x0 crti.32
 *fill*         0x00000000c0000041        0x3 
 .text          0x00000000c0000044      0x101 /cygdrive/d/Users/Alex/Desktop/Toolchain/Output/bin/../lib/gcc/i386-banana/8.1.0/crtbegin.o
 *fill*         0x00000000c0000145        0xb 
 .text          0x00000000c0000150      0x4ed D:/Users/Alex/Desktop/Banana/kernel/morenasm.32
                0x00000000c0000150                manualPCIProbe
                0x00000000c000019b                prepareTramp
                0x00000000c00001b4                voodooXADD
                0x00000000c000027f                doTPAUSE
                0x00000000c0000289                hasLegacyFPU
                0x00000000c00002ae                is486
                0x00000000c00002e4                detectCPUID
                0x00000000c00002fa                goToVM86
                0x00000000c000032a                goToUsermode
                0x00000000c0000354                switchToThreadASMFirstTime
                0x00000000c0000362                switchToThreadASM
                0x00000000c00003ea                asmQuickAcquireLock
                0x00000000c0000408                asmQuickReleaseLock
                0x00000000c0000414                asmAcquireLock
                0x00000000c0000435                asmReleaseLock
                0x00000000c0000448                loadGDT
                0x00000000c0000468                isr0
                0x00000000c0000478                isr1
                0x00000000c0000482                isr2
                0x00000000c000048c                isr3
                0x00000000c0000496                isr4
                0x00000000c00004a0                isr5
                0x00000000c00004aa                isr6
                0x00000000c00004b4                isr7
                0x00000000c00004be                isr8
                0x00000000c00004c6                isr9
                0x00000000c00004d0                isr10
                0x00000000c00004d8                isr11
                0x00000000c00004e0                isr12
                0x00000000c00004e8                isr13
                0x00000000c00004f0                isr14
                0x00000000c00004f8                isr15
                0x00000000c0000502                isr16
                0x00000000c000050c                isr17
                0x00000000c0000516                isr18
                0x00000000c0000520                irq3
                0x00000000c000052a                irq4
                0x00000000c0000534                irq5
                0x00000000c000053e                irq6
                0x00000000c0000548                irq7
                0x00000000c0000552                irq8
                0x00000000c000055c                irq9
                0x00000000c0000566                irq10
                0x00000000c0000570                irq11
                0x00000000c000057a                irq12
                0x00000000c0000584                irq13
                0x00000000c000058e                irq14
                0x00000000c0000598                irq15
                0x00000000c00005a2                irq1
                0x00000000c00005a9                irq2
                0x00000000c00005b0                isr96
                0x00000000c00005b7                irq0
                0x00000000c00005bc                int_common_stub
                0x00000000c00005bc                syscall_common_stub
                0x00000000c00005ed                irq16
                0x00000000c00005f7                irq17
                0x00000000c0000601                irq18
                0x00000000c000060b                irq19
                0x00000000c0000615                irq20
                0x00000000c000061f                irq21
                0x00000000c0000629                irq22
                0x00000000c0000633                irq23
 *fill*         0x00000000c000063d        0x3 
 .text          0x00000000c0000640      0x611 acpica/utclib.32
                0x00000000c0000640                memcmp
                0x00000000c000067c                memmove
                0x00000000c0000744                memcpy
                0x00000000c0000778                memset
                0x00000000c0000794                strlen
                0x00000000c00007ac                strpbrk
                0x00000000c00007e8                strtok
                0x00000000c0000834                strcpy
                0x00000000c0000858                strncpy
                0x00000000c00008c0                strcmp
                0x00000000c0000900                strchr
                0x00000000c0000924                strncmp
                0x00000000c0000974                strcat
                0x00000000c00009a4                strncat
                0x00000000c00009e0                strstr
                0x00000000c0000a28                toupper
                0x00000000c0000a3c                tolower
                0x00000000c0000a50                simple_strtoul
 .text          0x00000000c0000c51      0xfbf core/malloc.32
                0x00000000c0000dbc                dlfree
                0x00000000c0001117                dlmalloc
                0x00000000c0001654                dlrealloc
                0x00000000c0001809                dlmemalign
                0x00000000c000192c                dlcalloc
                0x00000000c00019c6                dlcfree
                0x00000000c00019cb                dlindependent_calloc
                0x00000000c00019f0                dlindependent_comalloc
                0x00000000c0001a07                dlvalloc
                0x00000000c0001a32                dlpvalloc
                0x00000000c0001a68                dlmalloc_trim
                0x00000000c0001a75                dlmalloc_usable_size
                0x00000000c0001aa6                dlmallinfo
                0x00000000c0001b75                dlmalloc_stats
                0x00000000c0001b86                dlmallopt
 .text          0x00000000c0001c10        0x0 libk/string.32
 .text          0x00000000c0001c10       0x51 fs/fat/diskio.32
                0x00000000c0001c10                disk_status
                0x00000000c0001c13                disk_initialize
                0x00000000c0001c16                disk_read
                0x00000000c0001c2c                disk_write
                0x00000000c0001c42                disk_ioctl
 .text          0x00000000c0001c61     0x6833 fs/fat/ff.32
                0x00000000c0004f2f                f_mount
                0x00000000c0004f91                f_open
                0x00000000c00053cd                f_read
                0x00000000c000564d                f_write
                0x00000000c0005907                f_sync
                0x00000000c0005ae3                f_close
                0x00000000c0005b12                f_lseek
                0x00000000c0005fc9                f_opendir
                0x00000000c00060cb                f_closedir
                0x00000000c00060ed                f_readdir
                0x00000000c0006188                f_stat
                0x00000000c0006217                f_getfree
                0x00000000c00063e2                f_truncate
                0x00000000c00064da                f_unlink
                0x00000000c000665d                f_mkdir
                0x00000000c0006889                f_rename
                0x00000000c0006b7c                f_chmod
                0x00000000c0006c5a                f_utime
                0x00000000c0006d38                f_getlabel
                0x00000000c0006f26                f_setlabel
                0x00000000c0007193                f_forward
                0x00000000c0007371                f_mkfs
 .text          0x00000000c0008494       0x2d fs/fat/ffsystem.32
                0x00000000c0008494                ff_memalloc
                0x00000000c00084aa                ff_memfree
 .text          0x00000000c00084c1      0x253 fs/fat/ffunicode.32
                0x00000000c00084c1                ff_uni2oem
                0x00000000c0008551                ff_oem2uni
                0x00000000c00085bd                ff_wtoupper
 .text          0x00000000c0008714      0x8fb hal/libresample/samplerate.32
                0x00000000c0008758                src_delete
                0x00000000c0008794                src_process
                0x00000000c000894a                src_callback_read
                0x00000000c0008ac7                src_set_ratio
                0x00000000c0008b31                src_get_channels
                0x00000000c0008b53                src_reset
                0x00000000c0008b9f                src_new
                0x00000000c0008c2d                src_callback_new
                0x00000000c0008c8f                src_get_name
                0x00000000c0008cc6                src_get_description
                0x00000000c0008cfd                src_get_version
                0x00000000c0008d03                src_is_valid_ratio
                0x00000000c0008d57                src_error
                0x00000000c0008d65                src_strerror
                0x00000000c0008d78                src_simple
                0x00000000c0008dcb                src_short_to_float_array
                0x00000000c0008e30                src_float_to_short_array
                0x00000000c0008eef                src_int_to_float_array
                0x00000000c0008f52                src_float_to_int_array
 .text          0x00000000c000900f      0x8cb hal/libresample/src_linear.32
                0x00000000c0009835                linear_get_name
                0x00000000c0009844                linear_get_description
                0x00000000c0009853                linear_set_converter
 .text          0x00000000c00098da     0x447c hal/libresample/src_sinc.32
                0x00000000c000dc6d                sinc_get_name
                0x00000000c000dc80                sinc_get_description
                0x00000000c000dc93                sinc_set_converter
 .text          0x00000000c000dd56      0x77c hal/libresample/src_zoh.32
                0x00000000c000e42d                zoh_get_name
                0x00000000c000e43c                zoh_get_description
                0x00000000c000e44b                zoh_set_converter
 .text          0x00000000c000e4d2       0x23 compat/inlines.32
                0x00000000c000e4d2                CPU::current()
                0x00000000c000e4df                operator new(unsigned long)
 .text          0x00000000c000e4f5      0x111 compat/resolve.32
                0x00000000c000e4f5                Krnl::resolveCompatibilitySymbol(char*)
 .text          0x00000000c000e606      0xa17 core/computer.32
                0x00000000c000e606                Computer::close(int, int, void*)
                0x00000000c000e64a                Krnl::firstTask()
                0x00000000c000e73a                Computer::Computer()
                0x00000000c000e73a                Computer::Computer()
                0x00000000c000e896                Computer::setBootMessage(char const*)
                0x00000000c000e898                Computer::detectFeatures()
                0x00000000c000eaa2                Computer::displayFeatures()
                0x00000000c000ede8                Computer::rdmsr(unsigned int)
                0x00000000c000ee14                Computer::wrmsr(unsigned int, unsigned long long)
                0x00000000c000ee4c                Computer::nmiEnabled()
                0x00000000c000ee58                Computer::readCMOS(unsigned char)
                0x00000000c000ee72                Computer::enableNMI(bool)
                0x00000000c000ee8a                Computer::open(int, int, void*)
                0x00000000c000ef60                Computer::disableNMI()
                0x00000000c000ef6e                Computer::writeCMOS(unsigned char, unsigned char)
                0x00000000c000ef8c                Computer::handleNMI()
                0x00000000c000eff2                Computer::setDiskActivityLight(int, bool)
 *fill*         0x00000000c000f01d        0x1 
 .text          0x00000000c000f01e      0x1b7 core/gdt.32
                0x00000000c000f01e                GDTEntry::setBase(unsigned int)
                0x00000000c000f03a                GDTEntry::setLimit(unsigned int)
                0x00000000c000f058                GDT::GDT()
                0x00000000c000f058                GDT::GDT()
                0x00000000c000f06e                GDT::addEntry(GDTEntry)
                0x00000000c000f0aa                GDT::getNumberOfEntries()
                0x00000000c000f0b2                GDT::flush()
                0x00000000c000f0d4                GDT::setup()
 .text          0x00000000c000f1d5       0x62 core/idle.32
                0x00000000c000f1d5                idleFunction(void*)
 *fill*         0x00000000c000f237        0x1 
 .text          0x00000000c000f238      0x45f core/idt.32
                0x00000000c000f238                IDTEntry::IDTEntry(bool)
                0x00000000c000f238                IDTEntry::IDTEntry(bool)
                0x00000000c000f2a6                IDTEntry::setOffset(unsigned int)
                0x00000000c000f2ba                IDT::IDT()
                0x00000000c000f2ba                IDT::IDT()
                0x00000000c000f2bc                IDT::getPointerToInvalidOpcodeEntryForF00F()
                0x00000000c000f2c4                IDT::addEntry(IDTEntry, int)
                0x00000000c000f2de                IDT::addEntry(int, void (*)(), bool)
                0x00000000c000f316                IDT::flush()
                0x00000000c000f330                IDT::setup()
 .text          0x00000000c000f697      0x203 core/kheap.32
                0x00000000c000f697                sbrk
                0x00000000c000f7a5                mmap
                0x00000000c000f7bb                munmap
                0x00000000c000f7d1                liballoc_lock()
                0x00000000c000f7e2                liballoc_unlock()
                0x00000000c000f7f3                liballoc_alloc(int)
                0x00000000c000f80e                liballoc_free(void*, int)
                0x00000000c000f82c                realloc
                0x00000000c000f840                malloc
                0x00000000c000f850                free
                0x00000000c000f860                rfree
                0x00000000c000f870                calloc
 .text          0x00000000c000f89a      0x485 core/main.32
                0x00000000c000f89a                hwTextMode_loadInData(VgaText*)
                0x00000000c000f8e5                hwTextMode_loadInTitle(VgaText*, char*)
                0x00000000c000f963                hwTextMode_showCursor(VgaText*, bool)
                0x00000000c000f9c1                hwTextMode_update(VgaText*)
                0x00000000c000f9c2                hwTextMode_updateCursor(VgaText*)
                0x00000000c000fa13                hwTextMode_disableBlink(VgaText*, bool)
                0x00000000c000fa59                hwTextMode_scrollScreen(VgaText*)
                0x00000000c000fb06                hwTextMode_writeCharacter(VgaText*, char, VgaColour, VgaColour, int, int)
                0x00000000c000fb88                setupTextMode()
                0x00000000c000fbf8                kernel_main
 .text          0x00000000c000fd1f      0x5ff core/physmgr.32
                0x00000000c000fd1f                Phys::allocateDMA(unsigned long)
                0x00000000c000fdc2                Phys::freeDMA(unsigned long, unsigned long)
                0x00000000c000fe0a                Phys::setPageState(unsigned long, bool)
                0x00000000c000fe3c                Phys::getPageState(unsigned long)
                0x00000000c000fe58                Phys::freePage(unsigned long)
                0x00000000c000fee2                Phys::allocatePage()
                0x00000000c001005c                Phys::allocateContiguousPages(int)
                0x00000000c00100b6                Phys::allowSegmentToBeUsed(unsigned long, unsigned long)
                0x00000000c00100ee                Phys::physicalMemorySetup(unsigned int)
 .text          0x00000000c001031e      0x273 core/pipe.32
                0x00000000c001031e                Pipe::isAtty()
                0x00000000c0010322                Pipe::~Pipe()
                0x00000000c0010322                Pipe::~Pipe()
                0x00000000c0010346                Pipe::~Pipe()
                0x00000000c001036e                Pipe::read(unsigned long long, void*, int*)
                0x00000000c0010462                Pipe::write(unsigned long long, void*, int*)
                0x00000000c001052a                Pipe::Pipe(int)
                0x00000000c001052a                Pipe::Pipe(int)
 *fill*         0x00000000c0010591        0x1 
 .text          0x00000000c0010592      0xf73 core/terminal.32
                0x00000000c0010592                VgaText::isAtty()
                0x00000000c0010596                VgaText::~VgaText()
                0x00000000c0010596                VgaText::~VgaText()
                0x00000000c00105ba                VgaText::~VgaText()
                0x00000000c00105e4                VgaText::read(unsigned long long, void*, int*)
                0x00000000c0010604                setTerminalScrollLock(bool)
                0x00000000c0010605                addToTerminalCycle(VgaText*)
                0x00000000c0010632                installVgaTextImplementation()
                0x00000000c0010647                scrollTerminalScrollLock(int)
                0x00000000c0010648                VgaText::load()
                0x00000000c001069c                VgaText::updateCursor()
                0x00000000c00106b6                VgaText::showCursor(bool)
                0x00000000c00106c6                VgaText::disableBlink(bool)
                0x00000000c0010700                VgaText::doANSI_SGR(int)
                0x00000000c001078c                VgaText::setDefaultBgColour(VgaColour)
                0x00000000c00107a2                VgaText::setDefaultFgColour(VgaColour)
                0x00000000c00107b8                VgaText::setDefaultColours(VgaColour, VgaColour)
                0x00000000c00107d8                VgaText::combineColours(unsigned char, unsigned char)
                0x00000000c00107ea                VgaText::scrollScreen()
                0x00000000c001087e                VgaText::combineCharAndColour(char, unsigned char)
                0x00000000c0010890                VgaText::writeCharacter(char, VgaColour, VgaColour, int, int)
                0x00000000c00108f0                VgaText::getCursorX()
                0x00000000c00108fc                VgaText::getCursorY()
                0x00000000c0010908                VgaText::setCursor(int, int)
                0x00000000c0010926                VgaText::setCursorX(int)
                0x00000000c0010942                VgaText::setCursorY(int)
                0x00000000c001095e                VgaText::incrementCursor(bool)
                0x00000000c00109c6                VgaText::updateRAMUsageDisplay(int)
                0x00000000c0010a2a                VgaText::updateDiskUsage()
                0x00000000c0010b94                VgaText::updateTitle()
                0x00000000c0010bda                VgaText::setTitleTextColour(VgaColour)
                0x00000000c0010bea                VgaText::setTitleColour(VgaColour)
                0x00000000c0010bfa                VgaText::setTitle(char*)
                0x00000000c0010c20                VgaText::decrementCursor(bool)
                0x00000000c0010c48                VgaText::putchar(char, VgaColour, VgaColour)
                0x00000000c0010d44                VgaText::isShowingCursor()
                0x00000000c0010d50                VgaText::isBlinkDisabled()
                0x00000000c0010d5e                VgaText::setCursorHeight(int)
                0x00000000c0010d7c                VgaText::getCursorHeight()
                0x00000000c0010d87                setActiveTerminal(VgaText*)
                0x00000000c0010e39                doTerminalCycle()
                0x00000000c0010e56                VgaText::doUpdate()
                0x00000000c0010e68                VgaText::puts(char const*, VgaColour, VgaColour)
                0x00000000c0011028                VgaText::clearScreen()
                0x00000000c001108c                VgaText::putchar(char)
                0x00000000c00111a6                VgaText::puts(char const*)
                0x00000000c00111cc                VgaText::putx(unsigned int)
                0x00000000c0011212                VgaText::VgaText(char const*)
                0x00000000c0011212                VgaText::VgaText(char const*)
                0x00000000c00113a4                VgaText::receiveKey(unsigned char)
                0x00000000c001148c                VgaText::write(unsigned long long, void*, int*)
                0x00000000c00114e0                newTerminal(char*)
 *fill*         0x00000000c0011505        0x1 
 .text          0x00000000c0011506      0x1b3 core/tss.32
                0x00000000c0011506                TSS::TSS()
                0x00000000c0011506                TSS::TSS()
                0x00000000c0011514                TSS::setESP(unsigned long)
                0x00000000c0011526                TSS::flush()
                0x00000000c0011546                TSS::setup(unsigned long, unsigned long)
 *fill*         0x00000000c00116b9        0x1 
 .text          0x00000000c00116ba      0x4c2 core/unixfile.32
                0x00000000c00116ba                ReservedFilename::read(unsigned long long, void*, int*)
                0x00000000c0011710                ReservedFilename::isAtty()
                0x00000000c001172c                ReservedFilename::write(unsigned long long, void*, int*)
                0x00000000c001178a                UnixFile::getFileDescriptor()
                0x00000000c0011792                UnixFile::UnixFile(int)
                0x00000000c0011792                UnixFile::UnixFile(int)
                0x00000000c0011942                ReservedFilename::ReservedFilename(int)
                0x00000000c0011942                ReservedFilename::ReservedFilename(int)
                0x00000000c0011974                UnixFile::~UnixFile()
                0x00000000c0011974                UnixFile::~UnixFile()
                0x00000000c0011a0c                UnixFile::~UnixFile()
                0x00000000c0011a34                ReservedFilename::~ReservedFilename()
                0x00000000c0011a34                ReservedFilename::~ReservedFilename()
                0x00000000c0011a58                ReservedFilename::~ReservedFilename()
                0x00000000c0011a7f                getFromFileDescriptor(int)
 .text          0x00000000c0011b7c     0x1230 core/virtmgr.32
                0x00000000c0011b7c                Virt::setPageState(unsigned long, Virt::VirtPageState)
                0x00000000c0011bb1                Virt::getPageState(unsigned long)
                0x00000000c0011bd5                Virt::allocateKernelVirtualPages(int)
                0x00000000c0011ce6                Virt::freeSwapfilePage(unsigned long)
                0x00000000c0011d04                Virt::swapIDToSector(unsigned long)
                0x00000000c0011d16                Virt::allocateSwapfilePage()
                0x00000000c0011d62                Virt::virtualMemorySetup()
                0x00000000c0011de1                Virt::swappingSetup()
                0x00000000c0011e3e                Virt::getAKernelVAS()
                0x00000000c0011e44                Virt::setupPageSwapping(int)
                0x00000000c0011f74                VAS::VAS()
                0x00000000c0011f74                VAS::VAS()
                0x00000000c0011fa4                VAS::VAS(VAS*)
                0x00000000c0011fa4                VAS::VAS(VAS*)
                0x00000000c0011fc8                VAS::getForeignPageTableEntry(bool, unsigned long)
                0x00000000c0011ff4                VAS::getPageTableEntry(unsigned long)
                0x00000000c0012013                Virt::freeKernelVirtualPages(unsigned long)
                0x00000000c0012136                VAS::freeAllocatedPages(unsigned long)
                0x00000000c001215a                VAS::virtualToPhysical(unsigned long)
                0x00000000c0012172                VAS::reflagRange(unsigned long, int, int, int)
                0x00000000c00121b2                VAS::setToWriteCombining(unsigned long, int)
                0x00000000c00121e4                VAS::mapOtherVASIn(bool, VAS*)
                0x00000000c001220e                VAS::~VAS()
                0x00000000c001220e                VAS::~VAS()
                0x00000000c001237a                VAS::mapPage(unsigned long, unsigned long, int)
                0x00000000c001247a                VAS::allocatePages(int, int)
                0x00000000c0012652                VAS::setCPUSpecific(unsigned long)
                0x00000000c001266e                VAS::mapRange(unsigned long, unsigned long, int, int)
                0x00000000c0012734                VAS::mapForeignPage(bool, VAS*, unsigned long, unsigned long, int)
                0x00000000c0012822                VAS::VAS(bool)
                0x00000000c0012822                VAS::VAS(bool)
                0x00000000c0012a7e                VAS::evict(unsigned long)
                0x00000000c0012b1c                VAS::tryLoadBackOffDisk(unsigned long)
                0x00000000c0012bec                VAS::scanForEviction(int, int)
                0x00000000c0012cf0                mapVASFirstTime
 .text          0x00000000c0012dac       0x95 coreobjs/c++.32
                0x00000000c0012dac                __cxa_atexit
                0x00000000c0012daf                __cxa_finalize
                0x00000000c0012db0                __stack_chk_fail
                0x00000000c0012e1c                __cxa_pure_virtual
                0x00000000c0012e2d                operator new[](unsigned long)
                0x00000000c0012e32                operator delete(void*, unsigned long)
                0x00000000c0012e37                operator delete[](void*)
                0x00000000c0012e3c                operator delete[](void*, unsigned long)
 .text          0x00000000c0012e41      0x1ef dbg/kconsole.32
                0x00000000c0012e41                Dbg::stringifyxWithBase(unsigned int, char*, int)
                0x00000000c0012ea2                Dbg::logc(char)
                0x00000000c0012eb9                Dbg::logs(char*)
                0x00000000c0012ed6                Dbg::logWriteInt(unsigned int)
                0x00000000c0012ef3                Dbg::logWriteIntBase(unsigned int, int)
                0x00000000c0012f12                Dbg::kprintf(char const*, ...)
 .text          0x00000000c0013030      0xb7c fs/vfs.32
                0x00000000c0013030                File::read(unsigned long long, void*, int*)
                0x00000000c0013088                File::write(unsigned long long, void*, int*)
                0x00000000c00130e0                Directory::read(unsigned long long, void*, int*)
                0x00000000c0013138                Directory::write(unsigned long long, void*, int*)
                0x00000000c0013166                File::isAtty()
                0x00000000c001316a                Directory::isAtty()
                0x00000000c001316e                Filesystem::getlabel(LogicalDisk*, int, char*, unsigned int*)
                0x00000000c0013174                Filesystem::setlabel(LogicalDisk*, int, char*)
                0x00000000c001317a                File::~File()
                0x00000000c001317a                File::~File()
                0x00000000c001319e                File::~File()
                0x00000000c00131c8                Directory::~Directory()
                0x00000000c00131c8                Directory::~Directory()
                0x00000000c00131ec                Directory::~Directory()
                0x00000000c0013216                Filesystem::Filesystem()
                0x00000000c0013216                Filesystem::Filesystem()
                0x00000000c001323a                Filesystem::~Filesystem()
                0x00000000c001323a                Filesystem::~Filesystem()
                0x00000000c0013248                Filesystem::~Filesystem()
                0x00000000c001326c                Fs::getcwd(Process*, char*, int)
                0x00000000c0013296                Fs::initVFS()
                0x00000000c00132c0                Fs::standardiseFiles(char*, char const*, char const*)
                0x00000000c001346a                File::File(char const*, Process*)
                0x00000000c001346a                File::File(char const*, Process*)
                0x00000000c00134ce                File::open(FileOpenMode)
                0x00000000c001352c                File::close()
                0x00000000c001358c                File::seek(unsigned long long)
                0x00000000c00135e2                File::tell(unsigned long long*)
                0x00000000c0013632                File::rewind()
                0x00000000c0013646                File::unlink()
                0x00000000c0013692                File::rename(char const*)
                0x00000000c00136e0                File::chfatattr(unsigned char, unsigned char)
                0x00000000c001373c                File::exists()
                0x00000000c001377a                File::stat(unsigned long long*, bool*)
                0x00000000c00137db                Fs::setcwd(Process*, char*)
                0x00000000c0013916                Directory::Directory(char const*, Process*)
                0x00000000c0013916                Directory::Directory(char const*, Process*)
                0x00000000c001397a                Directory::open()
                0x00000000c00139d6                Directory::close()
                0x00000000c0013a36                Directory::unlink()
                0x00000000c0013a82                Directory::rename(char const*)
                0x00000000c0013ad0                Directory::exists()
                0x00000000c0013b0e                Directory::read(dirent*)
                0x00000000c0013b5a                Directory::create()
                0x00000000c0013ba6                Filesystem::chfatattr(char const*, unsigned char, unsigned char)
 .text          0x00000000c0013bac       0x84 hal/bus.32
                0x00000000c0013bac                Bus::Bus(char const*)
                0x00000000c0013bac                Bus::Bus(char const*)
                0x00000000c0013be2                Bus::~Bus()
                0x00000000c0013be2                Bus::~Bus()
                0x00000000c0013c06                Bus::~Bus()
 .text          0x00000000c0013c30      0x14e hal/buzzer.32
                0x00000000c0013c30                Buzzer::Buzzer(char const*)
                0x00000000c0013c30                Buzzer::Buzzer(char const*)
                0x00000000c0013c74                Buzzer::~Buzzer()
                0x00000000c0013c74                Buzzer::~Buzzer()
                0x00000000c0013c98                Buzzer::~Buzzer()
                0x00000000c0013cc2                Buzzer::stop()
                0x00000000c0013cd5                beepThread(void*)
                0x00000000c0013d10                Buzzer::beep(int, int, bool)
 .text          0x00000000c0013d7e      0x467 hal/clock.32
                0x00000000c0013d7e                User::loadClockSettings(int)
                0x00000000c0013dd0                Clock::Clock(char const*)
                0x00000000c0013dd0                Clock::Clock(char const*)
                0x00000000c0013e06                Clock::~Clock()
                0x00000000c0013e06                Clock::~Clock()
                0x00000000c0013e2a                Clock::~Clock()
                0x00000000c0013e54                Clock::timeInSecondsLocal()
                0x00000000c0013e9c                Clock::setTimeInSecondsLocal(unsigned long long)
                0x00000000c0013ef5                datetimeToSeconds(datetime_t)
                0x00000000c001401c                Clock::setTimeInDatetimeLocal(datetime_t)
                0x00000000c001407c                secondsToDatetime(unsigned long long)
                0x00000000c00141c0                Clock::timeInDatetimeLocal()
 *fill*         0x00000000c00141e5        0x1 
 .text          0x00000000c00141e6      0x4de hal/device.32
                0x00000000c00141e6                Device::hibernate()
                0x00000000c00141e8                Device::wake()
                0x00000000c00141ea                Device::detect()
                0x00000000c00141ec                Device::disableLegacy()
                0x00000000c00141ee                Device::powerSaving(PowerSavingLevel)
                0x00000000c00141f0                DriverlessDevice::close(int, int, void*)
                0x00000000c00141f4                DriverlessDevice::detect()
                0x00000000c00141f6                DriverlessDevice::open(int, int, void*)
                0x00000000c001420a                Device::~Device()
                0x00000000c001420a                Device::~Device()
                0x00000000c0014218                Device::~Device()
                0x00000000c0014240                Device::findAndLoadDriver()
                0x00000000c0014242                Device::preOpenPCI(PCIDeviceInfo)
                0x00000000c0014268                Device::preOpenACPI(void*, char*, char*)
                0x00000000c00142bc                Device::addIRQHandler(int, void (*)(regs*, void*), bool, void*)
                0x00000000c00142fa                Device::removeIRQHandler(int, void (*)(regs*, void*), bool)
                0x00000000c0014338                Device::addChild(Device*)
                0x00000000c001437c                Device::removeAllChildren()
                0x00000000c00143c2                Device::hibernateAll()
                0x00000000c00143f2                Device::wakeAll()
                0x00000000c0014422                Device::detectAll()
                0x00000000c0014452                Device::disableLegacyAll()
                0x00000000c0014482                Device::loadDriversForAll()
                0x00000000c00144ae                Device::closeAll()
                0x00000000c00144e4                Device::powerSavingAll(PowerSavingLevel)
                0x00000000c001451a                Device::setName(char const*)
                0x00000000c0014528                Device::Device(char const*)
                0x00000000c0014528                Device::Device(char const*)
                0x00000000c0014624                Device::getName()
                0x00000000c001462e                DriverlessDevice::DriverlessDevice(char const*)
                0x00000000c001462e                DriverlessDevice::DriverlessDevice(char const*)
                0x00000000c0014656                Device::addToLinkedList(LinkedList<Device>&, DeviceType)
                0x00000000c001469a                getDevicesOfType(DeviceType)
 .text          0x00000000c00146c4       0x84 hal/diskctrl.32
                0x00000000c00146c4                HardDiskController::HardDiskController(char const*)
                0x00000000c00146c4                HardDiskController::HardDiskController(char const*)
                0x00000000c00146fa                HardDiskController::~HardDiskController()
                0x00000000c00146fa                HardDiskController::~HardDiskController()
                0x00000000c001471e                HardDiskController::~HardDiskController()
 .text          0x00000000c0014748       0xf2 hal/diskphys.32
                0x00000000c0014748                PhysicalDisk::eject()
                0x00000000c001475c                PhysicalDisk::PhysicalDisk(char const*, int)
                0x00000000c001475c                PhysicalDisk::PhysicalDisk(char const*, int)
                0x00000000c00147c4                PhysicalDisk::startCache()
                0x00000000c00147ec                PhysicalDisk::~PhysicalDisk()
                0x00000000c00147ec                PhysicalDisk::~PhysicalDisk()
                0x00000000c0014810                PhysicalDisk::~PhysicalDisk()
 .text          0x00000000c001483a      0x13b hal/fpu.32
                0x00000000c001483a                FPU::FPU(char const*)
                0x00000000c001483a                FPU::FPU(char const*)
                0x00000000c0014870                FPU::~FPU()
                0x00000000c0014870                FPU::~FPU()
                0x00000000c0014894                FPU::~FPU()
                0x00000000c00148be                setupFPU()
 *fill*         0x00000000c0014975        0x1 
 .text          0x00000000c0014976     0x13a7 hal/intctrl.32
                0x00000000c0014976                InterruptController::uninstallISRHandler(int, void (*)(regs*, void*))
                0x00000000c00149ae                InterruptController::installISRHandler(int, void (*)(regs*, void*), void*)
                0x00000000c0014a00                doubleFault(regs*, void*)
                0x00000000c0014a1a                InterruptController::installIRQHandler(int, void (*)(regs*, void*), bool, void*)
                0x00000000c0014ab6                InterruptController::clearAllHandlers(int, bool)
                0x00000000c0014b5e                InterruptController::uninstallIRQHandler(int, void (*)(regs*, void*), bool)
                0x00000000c0014be5                nmiHandler(regs*, void*)
                0x00000000c0014bf3                int_handler
                0x00000000c0014c94                InterruptController::InterruptController(char const*)
                0x00000000c0014c94                InterruptController::InterruptController(char const*)
                0x00000000c0014d3a                InterruptController::~InterruptController()
                0x00000000c0014d3a                InterruptController::~InterruptController()
                0x00000000c0014d5e                InterruptController::~InterruptController()
                0x00000000c0014d88                displayDebugInfo(regs*)
                0x00000000c0015217                x87EmulHandler(regs*, void*)
                0x00000000c0015246                gpFault(regs*, void*)
                0x00000000c001527f                pgFault(regs*, void*)
                0x00000000c00152bc                otherISRHandler(regs*, void*)
                0x00000000c00152db                opcodeFault(regs*, void*)
                0x00000000c00158e1                displayProgramFault(char const*)
                0x00000000c0015909                setupInterruptController()
                0x00000000c0015cd0                InterruptController::convertLegacyIRQNumber(int)
 *fill*         0x00000000c0015d1d        0x1 
 .text          0x00000000c0015d1e      0x6c8 hal/keybrd.32
                0x00000000c0015d1e                startGUI(void*)
                0x00000000c0015d7a                startGUIVESA(void*)
                0x00000000c0015dd6                sendKeyToTerminal(unsigned char)
                0x00000000c0015e42                sendKeyboardToken(KeyboardToken)
                0x00000000c001627f                clearInternalKeybuffer(VgaText*)
                0x00000000c00162b4                readKeyboard(VgaText*, char*, unsigned long)
                0x00000000c001635c                Keyboard::Keyboard(char const*)
                0x00000000c001635c                Keyboard::Keyboard(char const*)
                0x00000000c0016398                Keyboard::~Keyboard()
                0x00000000c0016398                Keyboard::~Keyboard()
                0x00000000c00163bc                Keyboard::~Keyboard()
 .text          0x00000000c00163e6      0x414 hal/logidisk.32
                0x00000000c00163e6                LogicalDisk::close(int, int, void*)
                0x00000000c00163ea                LogicalDisk::~LogicalDisk()
                0x00000000c00163ea                LogicalDisk::~LogicalDisk()
                0x00000000c001640e                LogicalDisk::~LogicalDisk()
                0x00000000c0016438                LogicalDisk::open(int, int, void*)
                0x00000000c001644c                LogicalDisk::absoluteToRelative(unsigned long long)
                0x00000000c0016484                LogicalDisk::relativeToAbsolute(unsigned long long)
                0x00000000c00164ca                LogicalDisk::LogicalDisk(char const*, PhysicalDisk*, unsigned long long, unsigned long long)
                0x00000000c00164ca                LogicalDisk::LogicalDisk(char const*, PhysicalDisk*, unsigned long long, unsigned long long)
                0x00000000c0016580                LogicalDisk::assignDriveLetter()
                0x00000000c0016636                LogicalDisk::mount()
                0x00000000c00166a8                LogicalDisk::unmount()
                0x00000000c00166b8                LogicalDisk::eject()
                0x00000000c00166cc                LogicalDisk::unassignDriveLetter()
                0x00000000c0016722                LogicalDisk::read(unsigned long long, int, void*)
                0x00000000c001678e                LogicalDisk::write(unsigned long long, int, void*)
 .text          0x00000000c00167fa       0x84 hal/mouse.32
                0x00000000c00167fa                Mouse::Mouse(char const*)
                0x00000000c00167fa                Mouse::Mouse(char const*)
                0x00000000c0016830                Mouse::~Mouse()
                0x00000000c0016830                Mouse::~Mouse()
                0x00000000c0016854                Mouse::~Mouse()
 .text          0x00000000c001687e      0x34d hal/partition.32
                0x00000000c001687e                makePartition(PhysicalDisk*, unsigned long long, unsigned long long)
                0x00000000c001693a                createPartitionsForDisk(PhysicalDisk*)
 *fill*         0x00000000c0016bcb        0x1 
 .text          0x00000000c0016bcc       0x84 hal/serial.32
                0x00000000c0016bcc                Serial::Serial(char const*)
                0x00000000c0016bcc                Serial::Serial(char const*)
                0x00000000c0016c02                Serial::~Serial()
                0x00000000c0016c02                Serial::~Serial()
                0x00000000c0016c26                Serial::~Serial()
 .text          0x00000000c0016c50      0x2b8 hal/timer.32
                0x00000000c0016c50                Timer::Timer(char const*)
                0x00000000c0016c50                Timer::Timer(char const*)
                0x00000000c0016c86                Timer::~Timer()
                0x00000000c0016c86                Timer::~Timer()
                0x00000000c0016caa                Timer::~Timer()
                0x00000000c0016cd4                Timer::read()
                0x00000000c0016cdf                timerHandler(unsigned long long)
                0x00000000c0016e16                setupTimer(int)
 .text          0x00000000c0016f08      0x425 hal/vcache.32
                0x00000000c0016f08                VCache::VCache(PhysicalDisk*)
                0x00000000c0016f08                VCache::VCache(PhysicalDisk*)
                0x00000000c0017070                VCache::invalidateReadBuffer()
                0x00000000c0017080                VCache::writeWriteBuffer()
                0x00000000c00170bc                VCache::~VCache()
                0x00000000c00170bc                VCache::~VCache()
                0x00000000c0017110                VCache::~VCache()
                0x00000000c0017138                VCache::write(unsigned long long, int, void*)
                0x00000000c001722e                VCache::read(unsigned long long, int, void*)
 *fill*         0x00000000c001732d        0x1 
 .text          0x00000000c001732e      0x4cd hal/video.32
                0x00000000c001732e                Video::putrect(int, int, int, int, unsigned int)
                0x00000000c001737a                Video::bitblit(int, int, int, int, int, int, int, unsigned int*)
                0x00000000c00173ea                Video::blit(unsigned int*, int, int, int, int)
                0x00000000c0017468                Video::clearScreen(unsigned int)
                0x00000000c001749c                Video::putpixel(int, int, unsigned int)
                0x00000000c00174aa                Video::Video(char const*)
                0x00000000c00174aa                Video::Video(char const*)
                0x00000000c00174e0                Video::~Video()
                0x00000000c00174e0                Video::~Video()
                0x00000000c0017504                Video::~Video()
                0x00000000c001752e                Video::isMonochrome()
                0x00000000c001753a                Video::getWidth()
                0x00000000c0017546                Video::getHeight()
                0x00000000c0017552                Video::drawCursor(int, int, unsigned char*, int)
                0x00000000c001760e                Video::tgaParse(unsigned char*, int, int*, int*)
                0x00000000c0017790                Video::putTGA(int, int, unsigned char*, int)
 *fill*         0x00000000c00177fb        0x1 
 .text          0x00000000c00177fc      0xf64 hw/acpi.32
                0x00000000c00177fc                ACPI::close(int, int, void*)
                0x00000000c00178b1                findRSDP()
                0x00000000c001793b                loadACPITables(unsigned char*)
                0x00000000c0017b62                findRSDT(unsigned char*)
                0x00000000c0017c80                findDataTable(unsigned char*, char*)
                0x00000000c0017d1c                scanMADT()
                0x00000000c00181a2                ACPI::ACPI()
                0x00000000c00181a2                ACPI::ACPI()
                0x00000000c001820c                ACPI::getPCIIRQAssignment(unsigned char, unsigned short, unsigned char)
                0x00000000c00182ee                ACPI::registerPCIIRQAssignment(void*, unsigned short, unsigned char, unsigned char)
                0x00000000c00183b4                ACPI::setScreenBrightnessLevel(void*, int)
                0x00000000c00183ba                ACPI::writeSimpleBootFlag(SimpleBootFlagTable*)
                0x00000000c0018402                ACPI::open(int, int, void*)
                0x00000000c0018748                ACPI::sleep()
 .text          0x00000000c0018760     0x1715 hw/cpu.32
                0x00000000c0018760                CPU::close(int, int, void*)
                0x00000000c0018764                CPU::lookupAMDName(unsigned char, unsigned char)
                0x00000000c00188f8                CPU::lookupIntelName(unsigned char, unsigned char)
                0x00000000c0018ba6                CPU::AMD_K6_write_msr(unsigned int, unsigned int, unsigned int, CPU::REGS*)
                0x00000000c0018bc2                CPU::AMD_K6_read_msr(unsigned int, CPU::REGS*)
                0x00000000c0018bda                CPU::AMD_K6_writeback(int, int, int)
                0x00000000c0018c4e                CPU::cpuid(int, unsigned long*, unsigned long*, unsigned long*, unsigned long*)
                0x00000000c0018cd2                CPU::cpuidCheckEDX(unsigned int)
                0x00000000c0018d00                CPU::cpuidCheckECX(unsigned int)
                0x00000000c0018d2e                CPU::cpuidCheckExtendedEBX(unsigned int)
                0x00000000c0018d5c                CPU::cpuidCheckExtendedECX(unsigned int)
                0x00000000c0018d8a                CPU::CPU()
                0x00000000c0018d8a                CPU::CPU()
                0x00000000c0018e18                CPU::displayFeatures()
                0x00000000c0019094                CPU::detectFeatures()
                0x00000000c0019a84                CPU::setupSMEP()
                0x00000000c0019a90                CPU::setupUMIP()
                0x00000000c0019a9a                CPU::setupTSC()
                0x00000000c0019aa4                CPU::setupLargePages()
                0x00000000c0019aae                CPU::setupPAT()
                0x00000000c0019aea                CPU::setupMTRR()
                0x00000000c0019aec                CPU::setupGlobalPages()
                0x00000000c0019af6                CPU::allowUsermodeDataAccess()
                0x00000000c0019b08                CPU::prohibitUsermodeDataAccess()
                0x00000000c0019b1a                CPU::setupSMAP()
                0x00000000c0019b28                CPU::setupFeatures()
                0x00000000c0019ba8                CPU::open(int, int, void*)
                0x00000000c0019c7a                CPU::decodeAddress(regs*, int*, bool*, unsigned char*)
 .text          0x00000000c0019e75        0x0 hw/ports.32
 .text          0x00000000c0019e75      0x16a hw/smp.32
                0x00000000c0019e75                Krnl::smpEntry()
                0x00000000c0019e77                Krnl::startCPU(int)
                0x00000000c0019fc0                Krnl::startCPUs()
 *fill*         0x00000000c0019fdf        0x1 
 .text          0x00000000c0019fe0      0x5d3 krnl/env.32
                0x00000000c0019fe0                EnvVarContainer::getEnv(char const*)
                0x00000000c001a01e                EnvVarContainer::setEnv(char const*, char const*)
                0x00000000c001a0ea                EnvVarContainer::deleteEnv(char const*)
                0x00000000c001a0ec                EnvVarContainer::loadFrom(char const*, char const*)
                0x00000000c001a2e2                EnvVarContainer::__loadSystem()
                0x00000000c001a2fc                EnvVarContainer::__loadUser()
                0x00000000c001a2fe                EnvVarContainer::EnvVarContainer(Process*)
                0x00000000c001a2fe                EnvVarContainer::EnvVarContainer(Process*)
                0x00000000c001a320                EnvVarContainer::~EnvVarContainer()
                0x00000000c001a320                EnvVarContainer::~EnvVarContainer()
                0x00000000c001a350                Krnl::getEnv(Process*, char const*)
                0x00000000c001a3b5                Krnl::setEnvSystem(char const*, char const*)
                0x00000000c001a3cf                Krnl::setEnvUser(char const*, char const*)
                0x00000000c001a3ee                Krnl::setEnvProcess(Process*, char const*, char const*)
                0x00000000c001a401                Krnl::deleteEnvSystem(char const*)
                0x00000000c001a402                Krnl::deleteEnvUser(char const*)
                0x00000000c001a403                Krnl::deleteEnvProcess(Process*, char const*)
                0x00000000c001a404                Krnl::newProcessEnv(Process*)
                0x00000000c001a426                Krnl::copyProcessEnv(Process*, Process*)
                0x00000000c001a47a                Krnl::loadSystemEnv()
                0x00000000c001a4a8                Krnl::loadUserEnv()
                0x00000000c001a4ce                Krnl::flushEnv()
                0x00000000c001a4cf                Krnl::getProcessTotalEnvCount(Process*)
                0x00000000c001a4ef                Krnl::getProcessEnvPair(Process*, int)
 .text          0x00000000c001a5b3      0x396 krnl/panic.32
                0x00000000c001a5b3                Krnl::panic(char const*)
 .text          0x00000000c001a949      0x3b6 net/ethernet.32
                0x00000000c001a949                Net::switchEndian16(unsigned short)
                0x00000000c001a96a                Net::switchEndian32(unsigned int)
                0x00000000c001a999                Net::crc32Calc(unsigned char*, int)
                0x00000000c001aa2a                Net::wrapEthernetFrame(Net::UnwrappedEthernetFrame, unsigned char*)
                0x00000000c001ab66                Net::unwrapEthernetFrame(unsigned char*, int)
 .text          0x00000000c001acff      0x513 reg/registry.32
                0x00000000c001acff                Reg::findLineFromLoadedData(char*, char*, char*)
                0x00000000c001ae57                Reg::getLineFromRegistry(char*, char*, char*, char*)
                0x00000000c001afac                Reg::getLine(char*, char*, char*)
                0x00000000c001afe3                Reg::readInt(char*, char*, int*)
                0x00000000c001b0ce                Reg::readString(char*, char*, char*, int)
                0x00000000c001b14f                Reg::readBool(char*, char*, bool*)
                0x00000000c001b174                Reg::readBoolWithDefault(char*, char*, bool)
                0x00000000c001b1a0                Reg::readIntWithDefault(char*, char*, int)
                0x00000000c001b1cc                Reg::readStringWithDefault(char*, char*, char*, int, char*)
 .text          0x00000000c001b212       0x36 sys/sc_eject.32
                0x00000000c001b212                Sys::eject(regs*)
 .text          0x00000000c001b248       0x18 sys/sc_exit.32
                0x00000000c001b248                Sys::exit(regs*)
 .text          0x00000000c001b260       0x1f sys/sc_getcwd.32
                0x00000000c001b260                Sys::getCwd(regs*)
 .text          0x00000000c001b27f        0xc sys/sc_getpid.32
                0x00000000c001b27f                Sys::getPID(regs*)
 .text          0x00000000c001b28b       0x17 sys/sc_getramdata.32
                0x00000000c001b28b                Sys::getRAMData(regs*)
 .text          0x00000000c001b2a2       0xa8 sys/sc_loaddll.32
                0x00000000c001b2a2                Sys::loadDLL(regs*)
 .text          0x00000000c001b34a       0x68 sys/sc_read.32
                0x00000000c001b34a                Sys::read(regs*)
 .text          0x00000000c001b3b2       0x9f sys/sc_sbrk.32
                0x00000000c001b3b2                Sys::sbrk(regs*)
 .text          0x00000000c001b451       0x1c sys/sc_setcwd.32
                0x00000000c001b451                Sys::setCwd(regs*)
 .text          0x00000000c001b46d      0x128 sys/sc_settime.32
                0x00000000c001b46d                Sys::setTime(regs*)
 .text          0x00000000c001b595       0x4a sys/sc_timezone.32
                0x00000000c001b595                Sys::timezone(regs*)
 .text          0x00000000c001b5df       0x68 sys/sc_write.32
                0x00000000c001b5df                Sys::write(regs*)
 .text          0x00000000c001b647       0x62 sys/sc_wsbe.32
                0x00000000c001b647                Sys::wsbe(regs*)
 .text          0x00000000c001b6a9       0x3b sys/sc_yield.32
                0x00000000c001b6a9                Sys::yield(regs*)
 .text          0x00000000c001b6e4     0x10e5 sys/syscalls.32
                0x00000000c001b6e4                sysCallSeekDir(regs*)
                0x00000000c001b6e9                sysCallTellDir(regs*)
                0x00000000c001b6ee                sysCallVerify(regs*)
                0x00000000c001b6f8                sysFormatDisk(regs*)
                0x00000000c001b762                sysSetDiskVolumeLabel(regs*)
                0x00000000c001b7a8                sysGetDiskVolumeLabel(regs*)
                0x00000000c001b7f9                sysShutdown(regs*)
                0x00000000c001b857                sysCallRealpath(regs*)
                0x00000000c001b89a                sysCallGetArgc(regs*)
                0x00000000c001b8c8                sysCallReadDir(regs*)
                0x00000000c001b956                sysCallIsATTY(regs*)
                0x00000000c001b9b0                sysCallSeek(regs*)
                0x00000000c001ba19                sysCallTell(regs*)
                0x00000000c001ba96                sysCallSize(regs*)
                0x00000000c001bb19                sysCallSizeFromFilename(regs*)
                0x00000000c001bbd9                sysCallClose(regs*)
                0x00000000c001bc61                sysCallOpenDir(regs*)
                0x00000000c001bcd6                sysCallCloseDir(regs*)
                0x00000000c001bd3c                sysCallMakeDir(regs*)
                0x00000000c001bdac                sysCallWait(regs*)
                0x00000000c001bdc6                sysCallNotImpl(regs*)
                0x00000000c001bde1                sysPanic(regs*)
                0x00000000c001be07                sysCallRmdir(regs*)
                0x00000000c001be6b                sysCallUnlink(regs*)
                0x00000000c001becf                sysCallGetArgv(regs*)
                0x00000000c001bf1b                sysCallTTYName(regs*)
                0x00000000c001bf9e                sysCallUSleep(regs*)
                0x00000000c001bfc5                sysCallSpawn(regs*)
                0x00000000c001c01d                sysCallGetEnv(regs*)
                0x00000000c001c155                sysAppSettings(regs*)
                0x00000000c001c274                sysSetFatAttrib(regs*)
                0x00000000c001c2e6                sysPipe(regs*)
                0x00000000c001c32b                sysGetUnixTime(regs*)
                0x00000000c001c33f                string_ends_with(char const*, char const*)
                0x00000000c001c387                sysCallOpen(regs*)
                0x00000000c001c59c                Sys::loadSyscalls()
                0x00000000c001c787                Sys::systemCall(regs*, void*)
 .text          0x00000000c001c7c9     0x11d4 thr/elf.32
                0x00000000c001c7c9                Thr::allocateMemoryForTask(Process*, File*, unsigned long, unsigned long, unsigned long)
                0x00000000c001ca5b                Thr::loadProgramIntoMemory(Process*, char const*)
                0x00000000c001cc71                Thr::runtimeReferenceHelper()
                0x00000000c001cc84                Thr::getAddressOfKernelSymbol(char const*)
                0x00000000c001ccd3                Thr::loadKernelSymbolTable(char const*)
                0x00000000c001cf91                Thr::loadDriverIntoMemory(char const*, unsigned long, bool)
                0x00000000c001d6ad                Thr::getDriverBaseFromAddress(unsigned long)
                0x00000000c001d6df                Thr::getDriverNameFromAddress(unsigned long)
                0x00000000c001d716                Thr::getDriverOffsetFromAddress(unsigned long)
                0x00000000c001d730                Thr::loadDLL(char const*, bool)
                0x00000000c001d964                Thr::executeDLL(unsigned long, void*)
 *fill*         0x00000000c001d99d        0x1 
 .text          0x00000000c001d99e     0x1056 thr/prcssthr.32
                0x00000000c001d99e                changeTSS
                0x00000000c001d9ce                Process::addArgs(char**)
                0x00000000c001da28                Process::Process(char const*, Process*, char**)
                0x00000000c001da28                Process::Process(char const*, Process*, char**)
                0x00000000c001dc0c                Process::Process(bool, char const*, Process*, char**)
                0x00000000c001dc0c                Process::Process(bool, char const*, Process*, char**)
                0x00000000c001ddbb                disableIRQs()
                0x00000000c001ddc3                getIRQNestingLevel()
                0x00000000c001ddc9                enableIRQs()
                0x00000000c001ddd8                lockScheduler()
                0x00000000c001ddda                unlockScheduler()
                0x00000000c001dddc                userModeEntryPoint(void*)
                0x00000000c001ddff                lockStuff()
                0x00000000c001de0b                taskStartupFunction
                0x00000000c001de14                updateTimeUsed()
                0x00000000c001de79                switchToThread(ThreadControlBlock*)
                0x00000000c001deca                Semaphore::Semaphore(int)
                0x00000000c001deca                Semaphore::Semaphore(int)
                0x00000000c001def8                Mutex::Mutex()
                0x00000000c001def8                Mutex::Mutex()
                0x00000000c001df0a                Process::createThread(void (*)(void*), void*, int)
                0x00000000c001dfee                Process::createUserThread()
                0x00000000c001e00a                setupMultitasking(void (*)())
                0x00000000c001e114                schedule()
                0x00000000c001e199                unlockStuff()
                0x00000000c001e1ce                Semaphore::tryAcquire()
                0x00000000c001e1fc                Semaphore::assertLocked(char const*)
                0x00000000c001e22c                blockTaskWithSchedulerLockAlreadyHeld(TaskState)
                0x00000000c001e26e                blockTask(TaskState)
                0x00000000c001e28f                waitTask(int, int*, int)
                0x00000000c001e2d1                nanoSleepUntil(unsigned long long)
                0x00000000c001e328                nanoSleep(unsigned long long)
                0x00000000c001e33d                sleep(unsigned long long)
                0x00000000c001e35a                Semaphore::acquire()
                0x00000000c001e3c2                taskReturned
                0x00000000c001e3f0                unblockTask(ThreadControlBlock*)
                0x00000000c001e49f                cleanupTerminatedTask(ThreadControlBlock*)
                0x00000000c001e768                cleanerTaskFunction(void*)
                0x00000000c001e81b                terminateTask(int)
                0x00000000c001e8fb                Thr::terminateFromIRQ(int)
                0x00000000c001e908                Semaphore::release()
 .text          0x00000000c001e9f4      0xc26 vm86/vm8086.32
                0x00000000c001e9f4                Vm::inbv(unsigned short)
                0x00000000c001ea07                Vm::outbv(unsigned short, unsigned char)
                0x00000000c001ea5a                Vm::realToLinear(unsigned short, unsigned short)
                0x00000000c001ea6a                Vm::getSegment(unsigned int)
                0x00000000c001ea72                Vm::getOffset(unsigned int)
                0x00000000c001ea77                Vm::mainloop2()
                0x00000000c001eab2                Vm::mainVm8086Loop(void*)
                0x00000000c001eabf                Vm::mainloop3(unsigned long)
                0x00000000c001eae9                Vm::initialise8086()
                0x00000000c001eb2c                Vm::finish8086()
                0x00000000c001eb71                Vm::getOutput8086(unsigned char*)
                0x00000000c001eb9b                Vm::start8086(char const*, unsigned short, unsigned short, unsigned short, unsigned short)
                0x00000000c001eceb                Vm::doISR(regs*, int, unsigned char*, unsigned short, unsigned short)
                0x00000000c001ed75                Vm::readByteFromReal(unsigned short, unsigned short)
                0x00000000c001ed86                Vm::readWordFromReal(unsigned short, unsigned short)
                0x00000000c001ed98                Vm::readDwordFromReal(unsigned short, unsigned short)
                0x00000000c001eda9                Vm::writeByteFromReal(unsigned short, unsigned short, unsigned char)
                0x00000000c001edbe                Vm::writeWordFromReal(unsigned short, unsigned short, unsigned short)
                0x00000000c001edd4                Vm::writeDwordFromReal(unsigned short, unsigned short, unsigned int)
                0x00000000c001ede9                Vm::faultHandler(regs*)
 .text          0x00000000c001f61a      0xefd vm86/x87em.32
                0x00000000c001f61a                Vm::fpuInternalTo32(unsigned long long)
                0x00000000c001f675                Vm::fpuInternalTo64(unsigned long long)
                0x00000000c001f67e                Vm::fpu32ToInternal(unsigned int)
                0x00000000c001f6c3                Vm::fpu64ToInternal(unsigned long long)
                0x00000000c001f6cc                Vm::fpuFloatToLong(unsigned long long)
                0x00000000c001f727                Vm::fpuULongToFloat(unsigned long long)
                0x00000000c001f75d                Vm::fpuLongToFloat(long long)
                0x00000000c001f7b3                Vm::fpuGet0()
                0x00000000c001f7b8                Vm::fpuGet1()
                0x00000000c001f7c0                Vm::fpuGetPi()
                0x00000000c001f7c8                Vm::fpuGetLog2E()
                0x00000000c001f7e0                Vm::fpuGetLogE2()
                0x00000000c001f7f8                Vm::fpuGetLog210()
                0x00000000c001f810                Vm::fpuGetLog102()
                0x00000000c001f828                Vm::fpuIsSecondLarger(unsigned long long, unsigned long long)
                0x00000000c001f83c                Vm::fpuAreEqual(unsigned long long, unsigned long long)
                0x00000000c001f852                Vm::fpuUnorderedCompare(unsigned long long, unsigned long long)
                0x00000000c001f8a5                Vm::fpuAdd(unsigned long long, unsigned long long)
                0x00000000c001f8b6                Vm::fpuAbs(unsigned long long)
                0x00000000c001f8bf                Vm::fpuChs(unsigned long long)
                0x00000000c001f8cf                Vm::fpuSub(unsigned long long, unsigned long long)
                0x00000000c001f8de                Vm::fpuMultiply(unsigned long long, unsigned long long)
                0x00000000c001f8fd                Vm::fpuDivide(unsigned long long, unsigned long long)
                0x00000000c001f919                Vm::fpuSquare(unsigned long long)
                0x00000000c001f92f                Vm::fpuGetReg(int)
                0x00000000c001f972                Vm::fpuSetReg(int, unsigned long long)
                0x00000000c001f9bd                Vm::fpuPush(unsigned long long)
                0x00000000c001fa1a                Vm::fpuPop()
                0x00000000c001fa6c                Vm::x87Handler(regs*)
 *fill*         0x00000000c0020517        0x1 
 .text          0x00000000c0020518     0x10ed fs/fat/vfslink.32
                0x00000000c0020518                FAT::getName()
                0x00000000c002051e                FAT::tell(void*, unsigned long long*)
                0x00000000c0020552                FAT::stat(void*, unsigned long long*)
                0x00000000c0020586                FAT::~FAT()
                0x00000000c0020586                FAT::~FAT()
                0x00000000c00205aa                FAT::~FAT()
                0x00000000c00205d2                FAT::getlabel(LogicalDisk*, int, char*, unsigned int*)
                0x00000000c0020670                FAT::setlabel(LogicalDisk*, int, char*)
                0x00000000c002072a                FAT::format(LogicalDisk*, int, char const*, int)
                0x00000000c002090e                FAT::tryMount(LogicalDisk*, int)
                0x00000000c0020b14                FAT::readDir(void*, unsigned long, void*, int*)
                0x00000000c0020c1a                FAT::read(void*, unsigned long, void*, int*)
                0x00000000c0020c74                FAT::write(void*, unsigned long, void*, int*)
                0x00000000c0020cce                FAT::close(void*)
                0x00000000c0020d1a                FAT::closeDir(void*)
                0x00000000c0020d66                FAT::seek(void*, unsigned long long)
                0x00000000c0020dba                fatWrapperReadDisk
                0x00000000c0020e01                fatWrapperWriteDisk
                0x00000000c0020e48                fatWrapperIoctl
                0x00000000c0020f4c                FAT::FAT()
                0x00000000c0020f4c                FAT::FAT()
                0x00000000c0020f9e                FAT::fixFilepath(char*)
                0x00000000c0020fd6                FAT::open(char const*, void**, FileOpenMode)
                0x00000000c00210fe                FAT::openDir(char const*, void**)
                0x00000000c00211a4                FAT::stat(char const*, unsigned long long*, bool*)
                0x00000000c002128e                FAT::unlink(char const*)
                0x00000000c0021308                FAT::chfatattr(char const*, unsigned char, unsigned char)
                0x00000000c002145c                FAT::rename(char const*, char const*)
                0x00000000c0021520                FAT::mkdir(char const*)
                0x00000000c002159a                FAT::exists(char const*)
 *fill*         0x00000000c0021605        0x1 
 .text          0x00000000c0021606      0xbc1 fs/iso9660/vfslink.32
                0x00000000c0021606                ISO9660::format(LogicalDisk*, int, char const*, int)
                0x00000000c002160c                ISO9660::seek(void*, unsigned long long)
                0x00000000c002163c                ISO9660::tell(void*, unsigned long long*)
                0x00000000c0021660                ISO9660::getName()
                0x00000000c0021666                ISO9660::stat(void*, unsigned long long*)
                0x00000000c002168a                ISO9660::chfatattr(char const*, unsigned char, unsigned char)
                0x00000000c0021690                ISO9660::unlink(char const*)
                0x00000000c0021696                ISO9660::write(void*, unsigned long, void*, int*)
                0x00000000c002169c                ISO9660::rename(char const*, char const*)
                0x00000000c00216a2                ISO9660::mkdir(char const*)
                0x00000000c00216a8                ISO9660::close(void*)
                0x00000000c00216ca                ISO9660::closeDir(void*)
                0x00000000c00216ec                ISO9660::~ISO9660()
                0x00000000c00216ec                ISO9660::~ISO9660()
                0x00000000c0021710                ISO9660::~ISO9660()
                0x00000000c0021737                __memmem(unsigned char*, int, unsigned char*, int)
                0x00000000c0021779                readSectorFromCDROM(unsigned int, unsigned char*, char)
                0x00000000c00217e0                ISO9660::tryMount(LogicalDisk*, int)
                0x00000000c0021830                ISO9660::read(void*, unsigned long, void*, int*)
                0x00000000c0021a30                ISO9660::readDir(void*, unsigned long, void*, int*)
                0x00000000c0021cbd                readRoot(unsigned int*, unsigned int*, char)
                0x00000000c0021d12                readRecursively(char*, unsigned int, unsigned int, unsigned int*, unsigned int*, char, int*)
                0x00000000c0021ee5                getFileData(char*, unsigned int*, unsigned int*, char, int*)
                0x00000000c0021f74                ISO9660::open(char const*, void**, FileOpenMode)
                0x00000000c0022034                ISO9660::exists(char const*)
                0x00000000c0022058                ISO9660::stat(char const*, unsigned long long*, bool*)
                0x00000000c00220ec                ISO9660::openDir(char const*, void**)
                0x00000000c00221a4                ISO9660::ISO9660()
                0x00000000c00221a4                ISO9660::ISO9660()
 *fill*         0x00000000c00221c7        0x1 
 .text          0x00000000c00221c8      0x326 hal/sound/sndchannel.32
                0x00000000c00221c8                SoundChannel::~SoundChannel()
                0x00000000c00221c8                SoundChannel::~SoundChannel()
                0x00000000c00221e4                SoundChannel::setSpeed(float)
                0x00000000c00221f0                SoundChannel::getSpeed()
                0x00000000c00221f8                SoundChannel::setVolume(int)
                0x00000000c0022214                SoundChannel::getVolume()
                0x00000000c002221c                SoundChannel::pause()
                0x00000000c0022226                SoundChannel::SoundChannel(int, int, int, int)
                0x00000000c0022226                SoundChannel::SoundChannel(int, int, int, int)
                0x00000000c002237c                SoundChannel::play()
                0x00000000c0022386                SoundChannel::paused()
                0x00000000c002238e                SoundChannel::getSampleRate()
                0x00000000c0022396                SoundChannel::getBits()
                0x00000000c002239e                SoundChannel::getBufferUsed()
                0x00000000c00223a6                SoundChannel::getBufferSize()
                0x00000000c00223ae                SoundChannel::unbuffer(float*, int, int)
                0x00000000c002244e                SoundChannel::buffer8(unsigned char*, int)
 .text          0x00000000c00224ee      0x3d5 hal/sound/sndhw.32
                0x00000000c00224ee                SoundDevice::SoundDevice(char const*)
                0x00000000c00224ee                SoundDevice::SoundDevice(char const*)
                0x00000000c002255a                SoundDevice::~SoundDevice()
                0x00000000c002255a                SoundDevice::~SoundDevice()
                0x00000000c00225d4                SoundDevice::~SoundDevice()
                0x00000000c00225fe                SoundDevice::getFreeChannelNum()
                0x00000000c0022618                SoundDevice::addChannel(SoundChannel*)
                0x00000000c0022688                SoundDevice::removeChannel(int)
                0x00000000c00226ba                SoundDevice::floatTo8(float*, unsigned char*, int)
                0x00000000c00227a2                SoundDevice::getAudio(int, float*, float*)
 .text          0x00000000c00228c3        0x0 hw/bus/isa.32
 *fill*         0x00000000c00228c3        0x1 
 .text          0x00000000c00228c4      0x6c3 hw/bus/pci.32
                0x00000000c00228c4                PCI::open(int, int, void*)
                0x00000000c00228d8                PCI::close(int, int, void*)
                0x00000000c00228dc                PCI::PCI()
                0x00000000c00228dc                PCI::PCI()
                0x00000000c002295c                PCI::pciReadWord(unsigned char, unsigned char, unsigned char, unsigned char)
                0x00000000c00229a4                PCI::getVendorID(unsigned char, unsigned char, unsigned char)
                0x00000000c00229c6                PCI::getHeaderType(unsigned char, unsigned char, unsigned char)
                0x00000000c00229ea                PCI::getClassCode(unsigned char, unsigned char, unsigned char)
                0x00000000c0022a2e                PCI::getProgIF(unsigned char, unsigned char, unsigned char)
                0x00000000c0022a52                PCI::getRevisionID(unsigned char, unsigned char, unsigned char)
                0x00000000c0022a74                PCI::getInterruptNumber(unsigned char, unsigned char, unsigned char)
                0x00000000c0022a96                PCI::getSecondaryBus(unsigned char, unsigned char, unsigned char)
                0x00000000c0022aba                PCI::getBARAddress(unsigned char, unsigned char, unsigned char, unsigned char)
                0x00000000c0022b1a                PCI::pciWriteWord(unsigned char, unsigned char, unsigned char, unsigned char, unsigned short)
                0x00000000c0022b86                PCI::checkBus(unsigned char)
                0x00000000c0022baa                PCI::foundDevice(PCIDeviceInfo)
                0x00000000c0022d1c                PCI::getDeviceData(unsigned char, unsigned char, unsigned char)
                0x00000000c0022ec8                PCI::checkDevice(unsigned char, unsigned char)
                0x00000000c0022f34                PCI::detect()
 *fill*         0x00000000c0022f87        0x1 
 .text          0x00000000c0022f88      0xc70 hw/diskctrl/ide.32
                0x00000000c0022f88                IDE::close(int, int, void*)
                0x00000000c0022f8c                IDE::IDE()
                0x00000000c0022f8c                IDE::IDE()
                0x00000000c0022fc0                IDE::prepareInterrupt(unsigned char)
                0x00000000c0022fd2                selectDrive(unsigned char, unsigned char)
                0x00000000c0022fd4                IDE::getBase(unsigned char)
                0x00000000c0022fe6                IDE::write(unsigned char, unsigned char, unsigned char)
                0x00000000c00230a6                IDE::read(unsigned char, unsigned char)
                0x00000000c0023154                IDE::waitInterrupt(unsigned char)
                0x00000000c00231ba                ideChannel0IRQHandler(regs*, void*)
                0x00000000c00231d6                ideChannel1IRQHandler(regs*, void*)
                0x00000000c00231f2                IDE::enableIRQs(unsigned char, bool)
                0x00000000c0023238                IDE::open(int, int, void*)
                0x00000000c0023648                IDE::readBuffer(unsigned char, unsigned char, unsigned int, unsigned int)
                0x00000000c0023714                IDE::detect()
                0x00000000c00239fc                IDE::printError(unsigned char, unsigned char, unsigned char)
                0x00000000c0023b92                IDE::polling(unsigned char, unsigned int)
 .text          0x00000000c0023bf8      0x390 hw/diskctrl/satabus.32
                0x00000000c0023bf8                SATABus::close(int, int, void*)
                0x00000000c0023bfc                SATABus::detect()
                0x00000000c0023bfe                SATABus::SATABus()
                0x00000000c0023bfe                SATABus::SATABus()
                0x00000000c0023caa                SATABus::findCmdslot(SATABus::tagHBA_PORT volatile*)
                0x00000000c0023cf2                SATABus::checkType(SATABus::tagHBA_PORT volatile*)
                0x00000000c0023d3a                SATABus::startCmd(SATABus::tagHBA_PORT volatile*)
                0x00000000c0023d5a                SATABus::stopCmd(SATABus::tagHBA_PORT volatile*)
                0x00000000c0023d84                SATABus::portRebase(SATABus::tagHBA_PORT volatile*, int)
                0x00000000c0023e8a                SATABus::probePort(SATABus::tagHBA_MEM volatile*)
                0x00000000c0023f68                SATABus::open(int, int, void*)
 .text          0x00000000c0023f88      0x63c hw/diskphys/ata.32
                0x00000000c0023f88                ATA::close(int, int, void*)
                0x00000000c0023fac                ATA::powerSaving(PowerSavingLevel)
                0x00000000c0023fae                ATA::ATA()
                0x00000000c0023fae                ATA::ATA()
                0x00000000c0023fdc                ATA::flush(bool)
                0x00000000c0024026                ATA::readyForCommand()
                0x00000000c0024076                ATA::access(unsigned long long, int, void*, bool)
                0x00000000c00243fe                ATA::read(unsigned long long, int, void*)
                0x00000000c0024466                ATA::write(unsigned long long, int, void*)
                0x00000000c00244ce                ATA::detectCHS()
                0x00000000c00244f8                ATA::open(int, int, void*)
 .text          0x00000000c00245c4      0x5bd hw/diskphys/atapi.32
                0x00000000c00245c4                ATAPI::write(unsigned long long, int, void*)
                0x00000000c00245ca                ATAPI::close(int, int, void*)
                0x00000000c00245ee                ATAPI::ATAPI()
                0x00000000c00245ee                ATAPI::ATAPI()
                0x00000000c002461c                ATAPI::readyForCommand()
                0x00000000c002466c                ATAPI::sendPacket(unsigned char*, int, bool, unsigned short*, int)
                0x00000000c002492c                ATAPI::diskRemoved()
                0x00000000c0024948                ATAPI::eject()
                0x00000000c0024990                ATAPI::diskInserted()
                0x00000000c00249be                ATAPI::detectMedia()
                0x00000000c0024a7a                ATAPI::open(int, int, void*)
                0x00000000c0024b02                ATAPI::read(unsigned long long, int, void*)
 *fill*         0x00000000c0024b81        0x1 
 .text          0x00000000c0024b82      0x455 hw/diskphys/sata.32
                0x00000000c0024b82                SATA::close(int, int, void*)
                0x00000000c0024ba6                SATA::powerSaving(PowerSavingLevel)
                0x00000000c0024ba8                SATA::open(int, int, void*)
                0x00000000c0024c56                SATA::SATA()
                0x00000000c0024c56                SATA::SATA()
                0x00000000c0024c84                SATA::access(unsigned long long, int, void*, bool)
                0x00000000c0024eea                SATA::read(unsigned long long, int, void*)
                0x00000000c0024f52                SATA::write(unsigned long long, int, void*)
 *fill*         0x00000000c0024fd7        0x1 
 .text          0x00000000c0024fd8      0x500 hw/diskphys/satapi.32
                0x00000000c0024fd8                SATAPI::write(unsigned long long, int, void*)
                0x00000000c0024fde                SATAPI::close(int, int, void*)
                0x00000000c0025002                SATAPI::SATAPI()
                0x00000000c0025002                SATAPI::SATAPI()
                0x00000000c0025030                SATAPI::diskRemoved()
                0x00000000c002504c                SATAPI::diskInserted()
                0x00000000c002507a                SATAPI::sendPacket(unsigned char*, int, unsigned long long, unsigned short*, int)
                0x00000000c002527e                SATAPI::eject()
                0x00000000c00252c6                SATAPI::detectMedia()
                0x00000000c0025388                SATAPI::open(int, int, void*)
                0x00000000c0025436                SATAPI::read(unsigned long long, int, void*)
 .text          0x00000000c00254d8       0x8e hw/fpu/avx.32
                0x00000000c00254d8                AVX::open(int, int, void*)
                0x00000000c00254ea                AVX::close(int, int, void*)
                0x00000000c00254fc                AVX::available()
                0x00000000c002550e                AVX::save(void*)
                0x00000000c0025526                AVX::load(void*)
                0x00000000c002553e                AVX::AVX()
                0x00000000c002553e                AVX::AVX()
 .text          0x00000000c0025566       0x90 hw/fpu/mmx.32
                0x00000000c0025566                MMX::available()
                0x00000000c002557a                MMX::open(int, int, void*)
                0x00000000c002558c                MMX::close(int, int, void*)
                0x00000000c002559e                MMX::save(void*)
                0x00000000c00255b6                MMX::load(void*)
                0x00000000c00255ce                MMX::MMX()
                0x00000000c00255ce                MMX::MMX()
 .text          0x00000000c00255f6       0x96 hw/fpu/sse.32
                0x00000000c00255f6                SSE::open(int, int, void*)
                0x00000000c0025608                SSE::close(int, int, void*)
                0x00000000c002561a                SSE::available()
                0x00000000c0025634                SSE::save(void*)
                0x00000000c002564c                SSE::load(void*)
                0x00000000c0025664                SSE::SSE()
                0x00000000c0025664                SSE::SSE()
 .text          0x00000000c002568c       0x8e hw/fpu/x87.32
                0x00000000c002568c                x87::open(int, int, void*)
                0x00000000c002569e                x87::close(int, int, void*)
                0x00000000c00256b0                x87::available()
                0x00000000c00256c2                x87::save(void*)
                0x00000000c00256da                x87::load(void*)
                0x00000000c00256f2                x87::x87()
                0x00000000c00256f2                x87::x87()
 .text          0x00000000c002571a      0x71e hw/intctrl/apic.32
                0x00000000c002571a                APIC::disable()
                0x00000000c002571c                APIC::close(int, int, void*)
                0x00000000c002573e                IOAPIC::close(int, int, void*)
                0x00000000c0025744                APIC::io_wait()
                0x00000000c002574a                APIC::getBase()
                0x00000000c002578c                APIC::eoi(unsigned char)
                0x00000000c00257ba                APIC::open(int, int, void*)
                0x00000000c0025908                IOAPIC::IOAPIC()
                0x00000000c0025908                IOAPIC::IOAPIC()
                0x00000000c0025930                APIC::APIC()
                0x00000000c0025930                APIC::APIC()
                0x00000000c0025a0c                IOAPIC::handlesGSIWithNumber(unsigned int)
                0x00000000c0025a3e                IOAPIC::read(int)
                0x00000000c0025a66                IOAPIC::open(int, int, void*)
                0x00000000c0025b5c                IOAPIC::write(int, int)
                0x00000000c0025b88                IOAPIC::redirect(unsigned char, unsigned long long, unsigned char, bool, bool)
                0x00000000c0025c82                APIC::installIRQHandler(int, void (*)(regs*, void*), bool, void*)
 .text          0x00000000c0025e38      0x3d3 hw/intctrl/pic.32
                0x00000000c0025e38                PIC::disable()
                0x00000000c0025e66                PIC::close(int, int, void*)
                0x00000000c0025e88                PIC::PIC()
                0x00000000c0025e88                PIC::PIC()
                0x00000000c0025f5e                PIC::ioWait()
                0x00000000c0025f64                PIC::getIRQReg(int)
                0x00000000c0025fce                PIC::eoi(unsigned char)
                0x00000000c0026060                PIC::remap()
                0x00000000c00261cc                PIC::open(int, int, void*)
 *fill*         0x00000000c002620b        0x1 
 .text          0x00000000c002620c      0x25e hw/timer/apictimer.32
                0x00000000c002620c                APICTimer::close(int, int, void*)
                0x00000000c0026212                apicTimerHandler(regs*, void*)
                0x00000000c0026240                APICTimer::write(int)
                0x00000000c0026344                APICTimer::open(int, int, void*)
                0x00000000c0026442                APICTimer::APICTimer()
                0x00000000c0026442                APICTimer::APICTimer()
 .text          0x00000000c002646a      0x1a7 hw/timer/pit.32
                0x00000000c002646a                PIT::write(int)
                0x00000000c00264e8                pitHandler(regs*, void*)
                0x00000000c0026514                PIT::open(int, int, void*)
                0x00000000c0026562                PIT::close(int, int, void*)
                0x00000000c0026592                PIT::PIT()
                0x00000000c0026592                PIT::PIT()
 *fill*         0x00000000c0026611        0xf 
 .text          0x00000000c0026620       0x1e hw/fpu/x86/avx.32
                0x00000000c0026620                avxDetect
                0x00000000c0026626                avxSave
                0x00000000c0026627                avxLoad
                0x00000000c0026628                avxInit
                0x00000000c0026629                avxClose
                0x00000000c002662a                wouldSheSayYes
 *fill*         0x00000000c002663e        0x2 
 .text          0x00000000c0026640       0x35 hw/fpu/x86/sse.32
                0x00000000c0026640                absolutelyNoChanceInHell
                0x00000000c0026640                sseDetect
                0x00000000c0026658                sseSave
                0x00000000c002665e                sseLoad
                0x00000000c0026664                sseInit
                0x00000000c0026674                sseClose
 *fill*         0x00000000c0026675        0xb 
 .text          0x00000000c0026680       0x47 hw/fpu/x86/x87.32
                0x00000000c0026686                x87Detect
                0x00000000c00266a1                x87Save
                0x00000000c00266a7                x87Load
                0x00000000c00266ac                x87Init
                0x00000000c00266c6                x87Close
 *fill*         0x00000000c00266c7        0x1 
 .text          0x00000000c00266c8       0x25 /cygdrive/d/Users/Alex/Desktop/Toolchain/Output/bin/../lib/gcc/i386-banana/8.1.0/crtend.o
 .text          0x00000000c00266ed        0x0 crtn.32
 *fill*         0x00000000c00266ed        0x3 
 .text          0x00000000c00266f0      0x14b /cygdrive/d/Users/Alex/Desktop/Toolchain/Output/bin/../lib/gcc/i386-banana/8.1.0/libkgcc.a(_divdi3.o)
                0x00000000c00266f0                __divdi3
 *fill*         0x00000000c002683b        0x1 
 .text          0x00000000c002683c      0x17e /cygdrive/d/Users/Alex/Desktop/Toolchain/Output/bin/../lib/gcc/i386-banana/8.1.0/libkgcc.a(_moddi3.o)
                0x00000000c002683c                __moddi3
 *fill*         0x00000000c00269ba        0x2 
 .text          0x00000000c00269bc       0xff /cygdrive/d/Users/Alex/Desktop/Toolchain/Output/bin/../lib/gcc/i386-banana/8.1.0/libkgcc.a(_udivdi3.o)
                0x00000000c00269bc                __udivdi3
 *fill*         0x00000000c0026abb        0x1 
 .text          0x00000000c0026abc      0x11a /cygdrive/d/Users/Alex/Desktop/Toolchain/Output/bin/../lib/gcc/i386-banana/8.1.0/libkgcc.a(_umoddi3.o)
                0x00000000c0026abc                __umoddi3
 .text          0x00000000c0026bd6      0x96d D:/Users/Alex/Desktop/Banana/kernel/libsoftfp.a(sfieeelib.o)
                0x00000000c0026bd6                __addsf3
                0x00000000c0026ed8                __subsf3
                0x00000000c0026eec                __negsf2
                0x00000000c0026ef9                __mulsf3
                0x00000000c00270bc                __divsf3
                0x00000000c00272e7                __floatsisf
                0x00000000c002735b                __floatunsisf
                0x00000000c002739d                __fixsfsi
                0x00000000c00273ff                __fixunssfsi
                0x00000000c0027430                __cmpsf2
                0x00000000c00274c5                __eqsf2