Archive member included to satisfy reference by file (symbol)

/cygdrive/d/Users/Alex/Desktop/Toolchain/Output/bin/../lib/gcc/i386-banana/8.1.0/libkgcc.a(_divdi3.o)
                              compat/resolve.32 (__divdi3)
/cygdrive/d/Users/Alex/Desktop/Toolchain/Output/bin/../lib/gcc/i386-banana/8.1.0/libkgcc.a(_moddi3.o)
                              compat/resolve.32 (__moddi3)
/cygdrive/d/Users/Alex/Desktop/Toolchain/Output/bin/../lib/gcc/i386-banana/8.1.0/libkgcc.a(_udivdi3.o)
                              compat/resolve.32 (__udivdi3)
/cygdrive/d/Users/Alex/Desktop/Toolchain/Output/bin/../lib/gcc/i386-banana/8.1.0/libkgcc.a(_umoddi3.o)
                              compat/resolve.32 (__umoddi3)

Allocating common symbols
Common symbol       size              file

cdDriveLetter       0x1               fs/iso9660/iso9660.32

Discarded input sections

 .comment       0x0000000000000000       0x12 /cygdrive/d/Users/Alex/Desktop/Toolchain/Output/bin/../lib/gcc/i386-banana/8.1.0/crtbegin.o
 .comment       0x0000000000000000       0x12 acpica/utclib.32
 .comment       0x0000000000000000       0x12 core/malloc.32
 .comment       0x0000000000000000       0x12 libk/ctype.32
 .comment       0x0000000000000000       0x12 libk/string.32
 .comment       0x0000000000000000       0x12 fs/fat/diskio.32
 .comment       0x0000000000000000       0x12 fs/fat/ff.32
 .comment       0x0000000000000000       0x12 fs/fat/ffsystem.32
 .comment       0x0000000000000000       0x12 fs/fat/ffunicode.32
 .comment       0x0000000000000000       0x12 fs/iso9660/iso9660.32
 .comment       0x0000000000000000       0x12 compat/inlines.32
 .comment       0x0000000000000000       0x12 compat/resolve.32
 .group         0x0000000000000000       0x14 core/computer.32
 .group         0x0000000000000000        0xc core/computer.32
 .comment       0x0000000000000000       0x12 core/computer.32
 .comment       0x0000000000000000       0x12 core/gdt.32
 .group         0x0000000000000000        0xc core/idle.32
 .comment       0x0000000000000000       0x12 core/idle.32
 .comment       0x0000000000000000       0x12 core/idt.32
 .comment       0x0000000000000000       0x12 core/kheap.32
 .comment       0x0000000000000000       0x12 core/main.32
 .comment       0x0000000000000000       0x12 core/physmgr.32
 .group         0x0000000000000000        0xc core/pipe.32
 .comment       0x0000000000000000       0x12 core/pipe.32
 .group         0x0000000000000000        0xc core/terminal.32
 .comment       0x0000000000000000       0x12 core/terminal.32
 .comment       0x0000000000000000       0x12 core/tss.32
 .group         0x0000000000000000        0x8 core/unixfile.32
 .group         0x0000000000000000        0x8 core/unixfile.32
 .group         0x0000000000000000        0xc core/unixfile.32
 .group         0x0000000000000000        0x8 core/unixfile.32
 .group         0x0000000000000000        0xc core/unixfile.32
 .group         0x0000000000000000        0x8 core/unixfile.32
 .group         0x0000000000000000        0xc core/unixfile.32
 .group         0x0000000000000000        0xc core/unixfile.32
 .comment       0x0000000000000000       0x12 core/unixfile.32
 .comment       0x0000000000000000       0x12 core/virtmgr.32
 .comment       0x0000000000000000       0x12 coreobjs/c++.32
 .comment       0x0000000000000000       0x12 dbg/kconsole.32
 .group         0x0000000000000000        0xc fs/vfs.32
 .group         0x0000000000000000        0xc fs/vfs.32
 .group         0x0000000000000000        0xc fs/vfs.32
 .comment       0x0000000000000000       0x12 fs/vfs.32
 .group         0x0000000000000000        0xc hal/bus.32
 .comment       0x0000000000000000       0x12 hal/bus.32
 .comment       0x0000000000000000       0x12 hal/buzzer.32
 .group         0x0000000000000000        0xc hal/clock.32
 .comment       0x0000000000000000       0x12 hal/clock.32
 .group         0x0000000000000000       0x14 hal/device.32
 .group         0x0000000000000000        0xc hal/device.32
 .group         0x0000000000000000        0x8 hal/device.32
 .group         0x0000000000000000        0xc hal/device.32
 .group         0x0000000000000000        0xc hal/device.32
 .comment       0x0000000000000000       0x12 hal/device.32
 .group         0x0000000000000000        0xc hal/diskctrl.32
 .comment       0x0000000000000000       0x12 hal/diskctrl.32
 .group         0x0000000000000000        0xc hal/diskphys.32
 .comment       0x0000000000000000       0x12 hal/diskphys.32
 .comment       0x0000000000000000       0x12 hal/fpu.32
 .comment       0x0000000000000000       0x12 hal/intctrl.32
 .group         0x0000000000000000        0xc hal/keybrd.32
 .comment       0x0000000000000000       0x12 hal/keybrd.32
 .group         0x0000000000000000        0xc hal/logidisk.32
 .comment       0x0000000000000000       0x12 hal/logidisk.32
 .group         0x0000000000000000        0xc hal/mouse.32
 .comment       0x0000000000000000       0x12 hal/mouse.32
[...]
Memory Configuration

Name             Origin             Length             Attributes
*default*        0x0000000000000000 0xffffffffffffffff

Linker script and memory map

LOAD D:/Users/Alex/Desktop/Banana/kernel/boot.32
LOAD crti.32
LOAD /cygdrive/d/Users/Alex/Desktop/Toolchain/Output/bin/../lib/gcc/i386-banana/8.1.0/crtbegin.o
LOAD D:/Users/Alex/Desktop/Banana/kernel/morenasm.32
LOAD acpica/utclib.32
LOAD core/malloc.32
LOAD libk/ctype.32
LOAD libk/string.32
LOAD fs/fat/diskio.32
LOAD fs/fat/ff.32
LOAD fs/fat/ffsystem.32
LOAD fs/fat/ffunicode.32
LOAD fs/iso9660/iso9660.32
LOAD compat/inlines.32
LOAD compat/resolve.32
LOAD core/computer.32
LOAD core/gdt.32
LOAD core/idle.32
LOAD core/idt.32
LOAD core/kheap.32
LOAD core/main.32
LOAD core/physmgr.32
LOAD core/pipe.32
LOAD core/terminal.32
LOAD core/tss.32
LOAD core/unixfile.32
LOAD core/virtmgr.32
LOAD coreobjs/c++.32
LOAD dbg/kconsole.32
LOAD fs/vfs.32
LOAD hal/bus.32
LOAD hal/buzzer.32
LOAD hal/clock.32
LOAD hal/device.32
LOAD hal/diskctrl.32
LOAD hal/diskphys.32
LOAD hal/fpu.32
LOAD hal/intctrl.32
LOAD hal/keybrd.32
LOAD hal/logidisk.32
LOAD hal/mouse.32
LOAD hal/partition.32
LOAD hal/serial.32
LOAD hal/timer.32
LOAD hal/vcache.32
LOAD hal/video.32
LOAD hw/acpi.32
LOAD hw/cpu.32
LOAD krnl/env.32
LOAD krnl/panic.32
LOAD krnl/powctrl.32
LOAD reg/registry.32
LOAD sys/sc_eject.32
LOAD sys/sc_exit.32
LOAD sys/sc_getcwd.32
LOAD sys/sc_getpid.32
LOAD sys/sc_getramdata.32
LOAD sys/sc_getvgaptr.32
LOAD sys/sc_loaddll.32
LOAD sys/sc_read.32
LOAD sys/sc_sbrk.32
LOAD sys/sc_setcwd.32
LOAD sys/sc_settime.32
LOAD sys/sc_timezone.32
LOAD sys/sc_write.32
LOAD sys/sc_wsbe.32
LOAD sys/sc_yield.32
LOAD sys/syscalls.32
LOAD thr/elf.32
LOAD thr/prcssthr.32
LOAD vm86/vm8086.32
LOAD arch/i386/hal.32
LOAD arch/i386/pic.32
LOAD arch/i386/rtc.32
LOAD arch/i386/vga.32
LOAD fs/fat/vfslink.32
LOAD fs/iso9660/helper.32
LOAD fs/iso9660/vfslink.32
LOAD hal/sound/sndcard.32
LOAD hal/sound/sndport.32
LOAD hw/bus/isa.32
LOAD hw/bus/pci.32
LOAD hw/diskctrl/ide.32
LOAD hw/diskctrl/satabus.32
LOAD hw/diskphys/ata.32
LOAD hw/diskphys/atapi.32
LOAD hw/diskphys/sata.32
LOAD hw/diskphys/satapi.32
LOAD hw/intctrl/apic.32
LOAD hw/timer/apictimer.32
LOAD hw/timer/pit.32
LOAD arch/i386/avx.32
LOAD arch/i386/interrupt.32
LOAD arch/i386/rdrand.32
LOAD arch/i386/sse.32
LOAD arch/i386/x87.32
LOAD /cygdrive/d/Users/Alex/Desktop/Toolchain/Output/bin/../lib/gcc/i386-banana/8.1.0/crtend.o
LOAD crtn.32
LOAD /cygdrive/d/Users/Alex/Desktop/Toolchain/Output/bin/../lib/gcc/i386-banana/8.1.0/libkgcc.a
LOAD D:/Users/Alex/Desktop/Banana/kernel/libsoftfp.a
LOAD D:/Users/Alex/Desktop/Banana/kernel/libk/libm32.a
                0x00000000c0000000                . = 0xc0000000

.text           0x00000000c0000000    0x1c27a
 *(.text)
 .text          0x00000000c0000000       0x41 D:/Users/Alex/Desktop/Banana/kernel/boot.32
                0x00000000c0000020                callGlobalConstructors
 .text          0x00000000c0000041        0x0 crti.32
 *fill*         0x00000000c0000041        0x3 
 .text          0x00000000c0000044      0x101 /cygdrive/d/Users/Alex/Desktop/Toolchain/Output/bin/../lib/gcc/i386-banana/8.1.0/crtbegin.o
 *fill*         0x00000000c0000145        0xb 
 .text          0x00000000c0000150      0x252 D:/Users/Alex/Desktop/Banana/kernel/morenasm.32
                0x00000000c0000150                manualPCIProbe
                0x00000000c000019b                prepareTramp
                0x00000000c00001b4                doTPAUSE
                0x00000000c00001be                hasLegacyFPU
                0x00000000c00001e3                is486
                0x00000000c0000219                detectCPUID
                0x00000000c000022f                goToVM86
                0x00000000c000025f                goToUsermode
                0x00000000c0000289                switchToThreadASMFirstTime
                0x00000000c0000297                switchToThreadASM
                0x00000000c000031f                asmQuickAcquireLock
                0x00000000c000033d                asmQuickReleaseLock
                0x00000000c0000349                asmAcquireLock
                0x00000000c000036a                asmReleaseLock
                0x00000000c000037d                loadGDT
                0x00000000c000039d                memcpy
 *fill*         0x00000000c00003a2        0xe 
 .text          0x00000000c00003b0      0x79e acpica/utclib.32
                0x00000000c00003b0                memcmp
                0x00000000c0000400                memmove
                0x00000000c00004f0                memset
                0x00000000c0000560                strlen
                0x00000000c0000590                strpbrk
                0x00000000c00005d0                strtok
                0x00000000c0000620                strcpy
                0x00000000c0000650                strncpy
                0x00000000c0000700                strcmp
                0x00000000c0000750                strchr
                0x00000000c0000780                strncmp
                0x00000000c00007e0                strcat
                0x00000000c0000810                strncat
                0x00000000c0000870                strstr
                0x00000000c00008d0                toupper
                0x00000000c00008f0                tolower
                0x00000000c0000910                simple_strtoul
 .text          0x00000000c0000b4e      0xfad core/malloc.32
                0x00000000c0000cb9                dlfree
                0x00000000c0001014                dlmalloc
                0x00000000c0001551                dlrealloc
                0x00000000c00016f4                dlmemalign
                0x00000000c0001817                dlcalloc
                0x00000000c00018b1                dlcfree
                0x00000000c00018b6                dlindependent_calloc
                0x00000000c00018db                dlindependent_comalloc
                0x00000000c00018f2                dlvalloc
                0x00000000c000191d                dlpvalloc
                0x00000000c0001953                dlmalloc_trim
                0x00000000c0001960                dlmalloc_usable_size
                0x00000000c0001991                dlmallinfo
                0x00000000c0001a60                dlmalloc_stats
                0x00000000c0001a71                dlmallopt
 *fill*         0x00000000c0001afb        0x1 
 .text          0x00000000c0001afc      0x1f2 libk/ctype.32
                0x00000000c0001afc                isblank
                0x00000000c0001b1c                iscntrl
                0x00000000c0001b3c                isdigit
                0x00000000c0001b58                islower
                0x00000000c0001b74                isspace
                0x00000000c0001b9c                isupper
                0x00000000c0001bb8                isalpha
                0x00000000c0001be8                isalnum
                0x00000000c0001c18                ispunct
                0x00000000c0001c58                isgraph
                0x00000000c0001c88                isprint
                0x00000000c0001cb0                isxdigit
 .text          0x00000000c0001cee        0x0 libk/string.32
 .text          0x00000000c0001cee       0x51 fs/fat/diskio.32
                0x00000000c0001cee                disk_status
                0x00000000c0001cf1                disk_initialize
                0x00000000c0001cf4                disk_read
                0x00000000c0001d0a                disk_write
                0x00000000c0001d20                disk_ioctl
 .text          0x00000000c0001d3f     0x3d4b fs/fat/ff.32
                0x00000000c0003adb                f_mount
                0x00000000c0003b3d                f_open
                0x00000000c0003e08                f_read
                0x00000000c0004007                f_write
                0x00000000c000423b                f_sync
                0x00000000c00042f0                f_close
                0x00000000c000431f                f_lseek
                0x00000000c00044c6                f_opendir
                0x00000000c0004591                f_closedir
                0x00000000c00045b3                f_readdir
                0x00000000c0004645                f_stat
                0x00000000c00046c4                f_getfree
                0x00000000c00047c6                f_truncate
                0x00000000c00048aa                f_unlink
                0x00000000c00049cc                f_mkdir
                0x00000000c0004b67                f_rename
                0x00000000c0004d1d                f_chmod
                0x00000000c0004dc6                f_utime
                0x00000000c0004e74                f_getlabel
                0x00000000c0004fc5                f_setlabel
                0x00000000c0005155                f_expand
                0x00000000c00052b5                f_mkfs
 *fill*         0x00000000c0005a8a        0x2 
 .text          0x00000000c0005a8c       0x2f fs/fat/ffsystem.32
                0x00000000c0005a8c                ff_memalloc
                0x00000000c0005aa4                ff_memfree
 *fill*         0x00000000c0005abb        0x1 
 .text          0x00000000c0005abc      0x2a8 fs/fat/ffunicode.32
                0x00000000c0005abc                ff_uni2oem
                0x00000000c0005b5c                ff_oem2uni
                0x00000000c0005bd4                ff_wtoupper
 .text          0x00000000c0005d64     0x1150 fs/iso9660/iso9660.32
                0x00000000c0006060                isoReadDiscSector
                0x00000000c0006141                strnicmp
                0x00000000c00064a4                stricmp
                0x00000000c00064fe                iso_open
                0x00000000c00065ce                iso_close
                0x00000000c00065e9                iso_read
                0x00000000c00067e7                iso_seek
                0x00000000c00068c5                iso_tell
                0x00000000c0006922                iso_total
                0x00000000c000696b                fn_postprocess
                0x00000000c00069ba                iso_readdir
                0x00000000c0006c84                iso_reset
                0x00000000c0006c94                init_percd
                0x00000000c0006d99                iso_ioctl
                0x00000000c0006da4                fs_iso9660_init
                0x00000000c0006e3c                fs_iso9660_shutdown
 .text          0x00000000c0006eb4       0x94 compat/inlines.32
                0x00000000c0006eb4                CPU::current()
                0x00000000c0006ec0                operator new(unsigned long)
                0x00000000c0006ec5                operator delete(void*)
                0x00000000c0006eca                disableIRQs()
                0x00000000c0006ecc                enableIRQs()
                0x00000000c0006ece                lockScheduler()
                0x00000000c0006ed6                unlockScheduler()
                0x00000000c0006ee5                lockStuff()
                0x00000000c0006ef3                unlockStuff()
                0x00000000c0006f2d                Virt::getAKernelVAS()
                0x00000000c0006f33                __not_memcpy
 .text          0x00000000c0006f48      0x118 compat/resolve.32
                0x00000000c0006f48                Krnl::resolveCompatibilitySymbol(char*)
 .text          0x00000000c0007060      0x68b core/computer.32
                0x00000000c0007060                Computer::close(int, int, void*)
                0x00000000c00070a5                Krnl::firstTask()
                0x00000000c00071de                Computer::Computer()
                0x00000000c00071de                Computer::Computer()
                0x00000000c0007290                Computer::setBootMessage(char const*)
                0x00000000c0007292                Computer::detectFeatures()
                0x00000000c000749c                Computer::displayFeatures()
                0x00000000c000749e                Computer::rdmsr(unsigned int)
                0x00000000c00074ca                Computer::wrmsr(unsigned int, unsigned long long)
                0x00000000c0007502                Computer::shutdown()
                0x00000000c000751a                Computer::restart()
                0x00000000c0007532                Computer::sleep()
                0x00000000c0007546                Computer::nmiEnabled()
                0x00000000c0007552                Computer::readCMOS(unsigned char)
                0x00000000c000756c                Computer::enableNMI(bool)
                0x00000000c0007584                Computer::open(int, int, void*)
                0x00000000c0007658                Computer::disableNMI()
                0x00000000c0007668                Computer::writeCMOS(unsigned char, unsigned char)
                0x00000000c0007686                Computer::handleNMI()
 *fill*         0x00000000c00076eb        0x1 
 .text          0x00000000c00076ec      0x1cf core/gdt.32
                0x00000000c00076ec                GDTEntry::setBase(unsigned int)
                0x00000000c0007708                GDTEntry::setLimit(unsigned int)
                0x00000000c0007726                GDT::GDT()
                0x00000000c0007726                GDT::GDT()
                0x00000000c000773c                GDT::addEntry(GDTEntry)
                0x00000000c000775e                GDT::getNumberOfEntries()
                0x00000000c0007766                GDT::flush()
                0x00000000c0007788                GDT::setup()
 .text          0x00000000c00078bb       0x19 core/idle.32
                0x00000000c00078bb                idleFunction(void*)
 .text          0x00000000c00078d4      0x464 core/idt.32
                0x00000000c00078d4                IDTEntry::IDTEntry(bool)
                0x00000000c00078d4                IDTEntry::IDTEntry(bool)
                0x00000000c0007946                IDTEntry::setOffset(unsigned int)
                0x00000000c000795c                IDT::IDT()
                0x00000000c000795c                IDT::IDT()
                0x00000000c000795e                IDT::getPointerToInvalidOpcodeEntryForF00F()
                0x00000000c0007966                IDT::addEntry(IDTEntry, int)
                0x00000000c0007980                IDT::addEntry(int, void (*)(), bool)
                0x00000000c00079b8                IDT::flush()
                0x00000000c00079d2                IDT::setup()
 .text          0x00000000c0007d38      0x183 core/kheap.32
                0x00000000c0007d38                sbrk
                0x00000000c0007dcd                mmap
                0x00000000c0007de3                munmap
                0x00000000c0007df9                liballoc_lock()
                0x00000000c0007e06                liballoc_unlock()
                0x00000000c0007e1a                liballoc_alloc(int)
                0x00000000c0007e32                liballoc_free(void*, int)
                0x00000000c0007e4d                realloc
                0x00000000c0007e61                malloc
                0x00000000c0007e71                free
                0x00000000c0007e81                rfree
                0x00000000c0007e91                calloc
 .text          0x00000000c0007ebb      0x1b4 core/main.32
                0x00000000c0007ebb                Krnl::setBootMessage(char const*)
                0x00000000c0007f27                kernel_main
 .text          0x00000000c000806f      0x5dc core/physmgr.32
                0x00000000c000806f                Phys::allocateDMA(unsigned long)
                0x00000000c0008146                Phys::freeDMA(unsigned long, unsigned long)
                0x00000000c0008179                Phys::setPageState(unsigned long, bool)
                0x00000000c00081ab                Phys::getPageState(unsigned long)
                0x00000000c00081cc                Phys::freePage(unsigned long)
                0x00000000c000822e                Phys::allocatePage()
                0x00000000c00082ec                Phys::allocateContiguousPages(int)
                0x00000000c0008348                Phys::allowSegmentToBeUsed(unsigned long, unsigned long)
                0x00000000c0008380                Phys::physicalMemorySetup(unsigned int)
 *fill*         0x00000000c000864b        0x1 
 .text          0x00000000c000864c      0x273 core/pipe.32
                0x00000000c000864c                Pipe::isAtty()
                0x00000000c0008650                Pipe::~Pipe()
                0x00000000c0008650                Pipe::~Pipe()
                0x00000000c0008674                Pipe::~Pipe()
                0x00000000c000869c                Pipe::write(unsigned long long, void*, int*)
                0x00000000c000875c                Pipe::read(unsigned long long, void*, int*)
                0x00000000c0008858                Pipe::Pipe(int)
                0x00000000c0008858                Pipe::Pipe(int)
 *fill*         0x00000000c00088bf        0x1 
 .text          0x00000000c00088c0      0xa1e core/terminal.32
                0x00000000c00088c0                VgaText::isAtty()
                0x00000000c00088c4                VgaText::~VgaText()
                0x00000000c00088c4                VgaText::~VgaText()
                0x00000000c00088e8                VgaText::~VgaText()
                0x00000000c0008912                VgaText::read(unsigned long long, void*, int*)
                0x00000000c0008932                setTerminalScrollLock(bool)
                0x00000000c0008933                doTerminalCycle()
                0x00000000c0008934                addToTerminalCycle(VgaText*)
                0x00000000c0008935                scrollTerminalScrollLock(int)
                0x00000000c0008936                VgaText::updateTitle()
                0x00000000c0008938                VgaText::load()
                0x00000000c000893a                VgaText::updateCursor()
                0x00000000c0008950                VgaText::doANSI_SGR(int)
                0x00000000c00089c4                VgaText::setDefaultBgColour(VgaColour)
                0x00000000c00089d4                VgaText::setDefaultFgColour(VgaColour)
                0x00000000c00089e4                VgaText::setDefaultColours(VgaColour, VgaColour)
                0x00000000c0008a04                VgaText::setTitleTextColour(VgaColour)
                0x00000000c0008a10                VgaText::setTitleColour(VgaColour)
                0x00000000c0008a1c                VgaText::setTitle(char*)
                0x00000000c0008a1e                VgaText::combineColours(unsigned char, unsigned char)
                0x00000000c0008a30                VgaText::scrollScreen()
                0x00000000c0008ac8                VgaText::combineCharAndColour(char, unsigned char)
                0x00000000c0008ada                VgaText::writeCharacter(char, VgaColour, VgaColour, int, int)
                0x00000000c0008b6a                VgaText::getCursorX()
                0x00000000c0008b72                VgaText::getCursorY()
                0x00000000c0008b7a                VgaText::setCursor(int, int)
                0x00000000c0008b91                setActiveTerminal(VgaText*)
                0x00000000c0008bdc                VgaText::clearScreen()
                0x00000000c0008c2a                VgaText::setCursorX(int)
                0x00000000c0008c42                VgaText::setCursorY(int)
                0x00000000c0008c5a                VgaText::incrementCursor(bool)
                0x00000000c0008cae                VgaText::decrementCursor(bool)
                0x00000000c0008cd0                VgaText::putchar(char, VgaColour, VgaColour)
                0x00000000c0008d9e                VgaText::putchar(char)
                0x00000000c0008e8a                VgaText::putx(unsigned int)
                0x00000000c0008ed0                VgaText::puts(char const*)
                0x00000000c0008ef6                VgaText::write(unsigned long long, void*, int*)
                0x00000000c0008f42                VgaText::puts(char const*, VgaColour, VgaColour)
                0x00000000c0009094                VgaText::VgaText(char const*)
                0x00000000c0009094                VgaText::VgaText(char const*)
                0x00000000c00091e0                VgaText::receiveKey(unsigned char)
                0x00000000c00092b8                VgaText::doUpdate()
                0x00000000c00092b9                newTerminal(char*)
 *fill*         0x00000000c00092de        0x2 
 .text          0x00000000c00092e0      0x1a1 core/tss.32
                0x00000000c00092e0                TSS::TSS()
                0x00000000c00092e0                TSS::TSS()
                0x00000000c00092f0                TSS::setESP(unsigned long)
                0x00000000c0009304                TSS::flush()
                0x00000000c0009324                TSS::setup(unsigned long, unsigned long)
 *fill*         0x00000000c0009481        0x1 
 .text          0x00000000c0009482      0x4c2 core/unixfile.32
                0x00000000c0009482                ReservedFilename::read(unsigned long long, void*, int*)
                0x00000000c00094d8                ReservedFilename::isAtty()
                0x00000000c00094f4                ReservedFilename::write(unsigned long long, void*, int*)
                0x00000000c0009552                UnixFile::getFileDescriptor()
                0x00000000c000955a                UnixFile::UnixFile(int)
                0x00000000c000955a                UnixFile::UnixFile(int)
                0x00000000c000970a                ReservedFilename::ReservedFilename(int)
                0x00000000c000970a                ReservedFilename::ReservedFilename(int)
                0x00000000c000973c                UnixFile::~UnixFile()
                0x00000000c000973c                UnixFile::~UnixFile()
                0x00000000c00097d4                UnixFile::~UnixFile()
                0x00000000c00097fc                ReservedFilename::~ReservedFilename()
                0x00000000c00097fc                ReservedFilename::~ReservedFilename()
                0x00000000c0009820                ReservedFilename::~ReservedFilename()
                0x00000000c0009847                getFromFileDescriptor(int)
 .text          0x00000000c0009944     0x1166 core/virtmgr.32
                0x00000000c0009944                Virt::setPageState(unsigned long, Virt::VirtPageState)
                0x00000000c0009979                Virt::getPageState(unsigned long)
                0x00000000c000999d                Virt::allocateKernelVirtualPages(int)
                0x00000000c0009aae                Virt::freeSwapfilePage(unsigned long)
                0x00000000c0009acc                Virt::swapIDToSector(unsigned long)
                0x00000000c0009ade                Virt::allocateSwapfilePage()
                0x00000000c0009b5c                Virt::virtualMemorySetup()
                0x00000000c0009ba7                Virt::setupPageSwapping(int)
                0x00000000c0009c18                VAS::VAS()
                0x00000000c0009c18                VAS::VAS()
                0x00000000c0009c54                VAS::VAS(VAS*)
                0x00000000c0009c54                VAS::VAS(VAS*)
                0x00000000c0009c82                VAS::getForeignPageTableEntry(bool, unsigned long)
                0x00000000c0009cae                VAS::getPageTableEntry(unsigned long)
                0x00000000c0009ccd                Virt::freeKernelVirtualPages(unsigned long)
                0x00000000c0009df2                VAS::freeAllocatedPages(unsigned long)
                0x00000000c0009e16                VAS::virtualToPhysical(unsigned long)
                0x00000000c0009e30                VAS::reflagRange(unsigned long, int, int, int)
                0x00000000c0009e70                VAS::setToWriteCombining(unsigned long, int)
                0x00000000c0009ea4                VAS::mapOtherVASIn(bool, VAS*)
                0x00000000c0009ece                VAS::~VAS()
                0x00000000c0009ece                VAS::~VAS()
                0x00000000c000a032                VAS::mapPage(unsigned long, unsigned long, int)
                0x00000000c000a136                VAS::allocatePages(int, int)
                0x00000000c000a30e                VAS::setCPUSpecific(unsigned long)
                0x00000000c000a32c                VAS::mapRange(unsigned long, unsigned long, int, int)
                0x00000000c000a3f2                VAS::mapForeignPage(bool, VAS*, unsigned long, unsigned long, int)
                0x00000000c000a4e0                VAS::VAS(bool)
                0x00000000c000a4e0                VAS::VAS(bool)
                0x00000000c000a760                VAS::evict(unsigned long)
                0x00000000c000a822                VAS::tryLoadBackOffDisk(unsigned long)
                0x00000000c000a910                VAS::scanForEviction()
                0x00000000c000a9f0                mapVASFirstTime
 .text          0x00000000c000aaaa       0x5f coreobjs/c++.32
                0x00000000c000aaaa                __cxa_atexit
                0x00000000c000aaad                __cxa_finalize
                0x00000000c000aaae                __stack_chk_fail
                0x00000000c000aae4                __cxa_pure_virtual
                0x00000000c000aaf5                operator new[](unsigned long)
                0x00000000c000aafa                operator delete(void*, unsigned long)
                0x00000000c000aaff                operator delete[](void*)
                0x00000000c000ab04                operator delete[](void*, unsigned long)
 .text          0x00000000c000ab09      0x21c dbg/kconsole.32
                0x00000000c000ab09                Dbg::stringifyxWithBase(unsigned int, char*, int)
                0x00000000c000ab74                Dbg::logc(char)
                0x00000000c000ab94                Dbg::logs(char*)
                0x00000000c000abb1                Dbg::logWriteInt(unsigned int)
                0x00000000c000abcf                Dbg::logWriteIntBase(unsigned int, int)
                0x00000000c000abf0                Dbg::kprintf(char const*, ...)
 *fill*         0x00000000c000ad25        0x1 
 .text          0x00000000c000ad26      0xc5c fs/vfs.32
                0x00000000c000ad26                File::read(unsigned long long, void*, int*)
                0x00000000c000ad7e                File::write(unsigned long long, void*, int*)
                0x00000000c000add6                Directory::read(unsigned long long, void*, int*)
                0x00000000c000ae2e                Directory::write(unsigned long long, void*, int*)
                0x00000000c000ae5c                File::isAtty()
                0x00000000c000ae60                Directory::isAtty()
                0x00000000c000ae64                Filesystem::getlabel(LogicalDisk*, int, char*, unsigned int*)
                0x00000000c000ae6a                Filesystem::setlabel(LogicalDisk*, int, char*)
                0x00000000c000ae70                Filesystem::allocateSwapfile(char const*, int)
                0x00000000c000ae76                File::~File()
                0x00000000c000ae76                File::~File()
                0x00000000c000ae9a                File::~File()
                0x00000000c000aec4                Directory::~Directory()
                0x00000000c000aec4                Directory::~Directory()
                0x00000000c000aee8                Directory::~Directory()
                0x00000000c000af12                Filesystem::Filesystem()
                0x00000000c000af12                Filesystem::Filesystem()
                0x00000000c000af36                Filesystem::~Filesystem()
                0x00000000c000af36                Filesystem::~Filesystem()
                0x00000000c000af44                Filesystem::~Filesystem()
                0x00000000c000af68                Fs::getcwd(Process*, char*, int)
                0x00000000c000af92                Fs::initVFS()
                0x00000000c000afbc                Fs::standardiseFiles(char*, char const*, char const*)
                0x00000000c000b166                File::File(char const*, Process*)
                0x00000000c000b166                File::File(char const*, Process*)
                0x00000000c000b226                File::open(FileOpenMode)
                0x00000000c000b284                File::close()
                0x00000000c000b2e4                File::seek(unsigned long long)
                0x00000000c000b33a                File::tell(unsigned long long*)
                0x00000000c000b38a                File::rewind()
                0x00000000c000b39e                File::unlink()
                0x00000000c000b3ea                File::rename(char const*)
                0x00000000c000b438                File::chfatattr(unsigned char, unsigned char)
                0x00000000c000b494                File::exists()
                0x00000000c000b4d2                File::stat(unsigned long long*, bool*)
                0x00000000c000b533                Fs::setcwd(Process*, char*)
                0x00000000c000b690                Directory::Directory(char const*, Process*)
                0x00000000c000b690                Directory::Directory(char const*, Process*)
                0x00000000c000b750                Directory::open()
                0x00000000c000b7ac                Directory::close()
                0x00000000c000b80c                Directory::unlink()
                0x00000000c000b858                Directory::rename(char const*)
                0x00000000c000b8a6                Directory::exists()
                0x00000000c000b8e4                Directory::read(dirent*)
                0x00000000c000b930                Directory::create()
                0x00000000c000b97c                Filesystem::chfatattr(char const*, unsigned char, unsigned char)
 *fill*         0x00000000c000b982        0x2 
 .text          0x00000000c000b984       0x86 hal/bus.32
                0x00000000c000b984                Bus::Bus(char const*)
                0x00000000c000b984                Bus::Bus(char const*)
                0x00000000c000b9bc                Bus::~Bus()
                0x00000000c000b9bc                Bus::~Bus()
                0x00000000c000b9e0                Bus::~Bus()
 .text          0x00000000c000ba0a       0x96 hal/buzzer.32
                0x00000000c000ba0a                beepThread(void*)
                0x00000000c000ba47                Krnl::beep(int, int, bool)
 .text          0x00000000c000baa0      0x46d hal/clock.32
                0x00000000c000baa0                User::loadClockSettings(int)
                0x00000000c000baf2                Clock::Clock(char const*)
                0x00000000c000baf2                Clock::Clock(char const*)
                0x00000000c000bb28                Clock::~Clock()
                0x00000000c000bb28                Clock::~Clock()
                0x00000000c000bb4c                Clock::~Clock()
                0x00000000c000bb76                Clock::timeInSecondsLocal()
                0x00000000c000bbbe                Clock::setTimeInSecondsLocal(unsigned long long)
                0x00000000c000bc17                datetimeToSeconds(datetime_t)
                0x00000000c000bd44                Clock::setTimeInDatetimeLocal(datetime_t)
                0x00000000c000bda4                secondsToDatetime(unsigned long long)
                0x00000000c000bee8                Clock::timeInDatetimeLocal()
 *fill*         0x00000000c000bf0d        0x1 
 .text          0x00000000c000bf0e      0x464 hal/device.32
                0x00000000c000bf0e                Device::hibernate()
                0x00000000c000bf10                Device::wake()
                0x00000000c000bf12                Device::detect()
                0x00000000c000bf14                Device::disableLegacy()
                0x00000000c000bf16                Device::powerSaving(PowerSavingLevel)
                0x00000000c000bf18                DriverlessDevice::close(int, int, void*)
                0x00000000c000bf1c                DriverlessDevice::detect()
                0x00000000c000bf1e                DriverlessDevice::open(int, int, void*)
                0x00000000c000bf32                Device::~Device()
                0x00000000c000bf32                Device::~Device()
                0x00000000c000bf40                Device::~Device()
                0x00000000c000bf68                Device::findAndLoadDriver()
                0x00000000c000bf76                Device::preOpenPCI(PCIDeviceInfo)
                0x00000000c000bf9c                Device::preOpenACPI(void*, char*, char*)
                0x00000000c000bfdc                Device::addIRQHandler(int, void (*)(regs*, void*), bool, void*)
                0x00000000c000c006                Device::getParent()
                0x00000000c000c012                Device::removeIRQHandler(int, void (*)(regs*, void*), bool)
                0x00000000c000c030                Device::addChild(Device*)
                0x00000000c000c074                Device::removeAllChildren()
                0x00000000c000c0ba                Device::hibernateAll()
                0x00000000c000c0ea                Device::wakeAll()
                0x00000000c000c11a                Device::detectAll()
                0x00000000c000c14a                Device::disableLegacyAll()
                0x00000000c000c14c                Device::loadDriversForAll()
                0x00000000c000c14e                Device::closeAll()
                0x00000000c000c184                Device::powerSavingAll(PowerSavingLevel)
                0x00000000c000c1ba                Device::setName(char const*)
                0x00000000c000c1c8                Device::Device(char const*)
                0x00000000c000c1c8                Device::Device(char const*)
                0x00000000c000c2c4                Device::getName()
                0x00000000c000c2ce                DriverlessDevice::DriverlessDevice(char const*)
                0x00000000c000c2ce                DriverlessDevice::DriverlessDevice(char const*)
                0x00000000c000c304                Device::addToLinkedList(LinkedList<Device>&, DeviceType)
                0x00000000c000c348                getDevicesOfType(DeviceType)
 *fill*         0x00000000c000c372        0x2 
 .text          0x00000000c000c374       0x86 hal/diskctrl.32
                0x00000000c000c374                HardDiskController::HardDiskController(char const*)
                0x00000000c000c374                HardDiskController::HardDiskController(char const*)
                0x00000000c000c3ac                HardDiskController::~HardDiskController()
                0x00000000c000c3ac                HardDiskController::~HardDiskController()
                0x00000000c000c3d0                HardDiskController::~HardDiskController()
 .text          0x00000000c000c3fa       0xe2 hal/diskphys.32
                0x00000000c000c3fa                PhysicalDisk::eject()
                0x00000000c000c3fe                PhysicalDisk::PhysicalDisk(char const*, int)
                0x00000000c000c3fe                PhysicalDisk::PhysicalDisk(char const*, int)
                0x00000000c000c466                PhysicalDisk::startCache()
                0x00000000c000c48e                PhysicalDisk::~PhysicalDisk()
                0x00000000c000c48e                PhysicalDisk::~PhysicalDisk()
                0x00000000c000c4b2                PhysicalDisk::~PhysicalDisk()
 .text          0x00000000c000c4dc        0x0 hal/fpu.32
 .text          0x00000000c000c4dc      0x35d hal/intctrl.32
                0x00000000c000c4dc                int_handler
                0x00000000c000c564                installISRHandler(int, void (*)(regs*, void*), void*)
                0x00000000c000c5ac                installIRQHandler(int, void (*)(regs*, void*), bool, void*)
                0x00000000c000c6e4                uninstallISRHandler(int, void (*)(regs*, void*))
                0x00000000c000c718                uninstallIRQHandler(int, void (*)(regs*, void*), bool)
                0x00000000c000c797                setupINTS()
                0x00000000c000c7f4                convertLegacyIRQNumber(int)
 *fill*         0x00000000c000c839        0x1 
 .text          0x00000000c000c83a      0x78c hal/keybrd.32
                0x00000000c000c83a                startGUI(void*)
                0x00000000c000c8a6                startGUIVESA(void*)
                0x00000000c000c912                sendKeyToTerminal(unsigned char)
                0x00000000c000c9d5                sendKeyboardToken(KeyboardToken)
                0x00000000c000ce15                clearInternalKeybuffer(VgaText*)
                0x00000000c000ce4a                readKeyboard(VgaText*, char*, unsigned long)
                0x00000000c000cf3c                Keyboard::Keyboard(char const*)
                0x00000000c000cf3c                Keyboard::Keyboard(char const*)
                0x00000000c000cf78                Keyboard::~Keyboard()
                0x00000000c000cf78                Keyboard::~Keyboard()
                0x00000000c000cf9c                Keyboard::~Keyboard()
 .text          0x00000000c000cfc6      0x3ea hal/logidisk.32
                0x00000000c000cfc6                LogicalDisk::close(int, int, void*)
                0x00000000c000cfca                LogicalDisk::~LogicalDisk()
                0x00000000c000cfca                LogicalDisk::~LogicalDisk()
                0x00000000c000cfee                LogicalDisk::~LogicalDisk()
                0x00000000c000d018                LogicalDisk::open(int, int, void*)
                0x00000000c000d02c                LogicalDisk::absoluteToRelative(unsigned long long)
                0x00000000c000d064                LogicalDisk::relativeToAbsolute(unsigned long long)
                0x00000000c000d0aa                LogicalDisk::LogicalDisk(char const*, PhysicalDisk*, unsigned long long, unsigned long long)
                0x00000000c000d0aa                LogicalDisk::LogicalDisk(char const*, PhysicalDisk*, unsigned long long, unsigned long long)
                0x00000000c000d160                LogicalDisk::assignDriveLetter()
                0x00000000c000d216                LogicalDisk::mount()
                0x00000000c000d25e                LogicalDisk::unmount()
                0x00000000c000d26e                LogicalDisk::eject()
                0x00000000c000d282                LogicalDisk::unassignDriveLetter()
                0x00000000c000d2d8                LogicalDisk::read(unsigned long long, int, void*)
                0x00000000c000d344                LogicalDisk::write(unsigned long long, int, void*)
 .text          0x00000000c000d3b0       0x86 hal/mouse.32
                0x00000000c000d3b0                Mouse::Mouse(char const*)
                0x00000000c000d3b0                Mouse::Mouse(char const*)
                0x00000000c000d3e8                Mouse::~Mouse()
                0x00000000c000d3e8                Mouse::~Mouse()
                0x00000000c000d40c                Mouse::~Mouse()
 .text          0x00000000c000d436      0x339 hal/partition.32
                0x00000000c000d436                makePartition(PhysicalDisk*, unsigned long long, unsigned long long)
                0x00000000c000d4de                createPartitionsForDisk(PhysicalDisk*)
 *fill*         0x00000000c000d76f        0x1 
 .text          0x00000000c000d770       0x86 hal/serial.32
                0x00000000c000d770                Serial::Serial(char const*)
                0x00000000c000d770                Serial::Serial(char const*)
                0x00000000c000d7a8                Serial::~Serial()
                0x00000000c000d7a8                Serial::~Serial()
                0x00000000c000d7cc                Serial::~Serial()
 *fill*         0x00000000c000d7f6        0x2 
 .text          0x00000000c000d7f8      0x234 hal/timer.32
                0x00000000c000d7f8                Timer::Timer(char const*)
                0x00000000c000d7f8                Timer::Timer(char const*)
                0x00000000c000d830                Timer::~Timer()
                0x00000000c000d830                Timer::~Timer()
                0x00000000c000d854                Timer::~Timer()
                0x00000000c000d87e                Timer::read()
                0x00000000c000d889                setupTimer(int)
                0x00000000c000d8c4                timerHandler(unsigned int)
 .text          0x00000000c000da2c      0x43e hal/vcache.32
                0x00000000c000da2c                VCache::VCache(PhysicalDisk*)
                0x00000000c000da2c                VCache::VCache(PhysicalDisk*)
                0x00000000c000db94                VCache::invalidateReadBuffer()
                0x00000000c000dba4                VCache::writeWriteBuffer()
                0x00000000c000dbf0                VCache::~VCache()
                0x00000000c000dbf0                VCache::~VCache()
                0x00000000c000dc44                VCache::~VCache()
                0x00000000c000dc6c                VCache::write(unsigned long long, int, void*)
                0x00000000c000dd66                VCache::read(unsigned long long, int, void*)
 .text          0x00000000c000de6a      0x4b3 hal/video.32
                0x00000000c000de6a                Video::putrect(int, int, int, int, unsigned int)
                0x00000000c000deb6                Video::bitblit(int, int, int, int, int, int, int, unsigned int*)
                0x00000000c000df26                Video::blit(unsigned int*, int, int, int, int)
                0x00000000c000dfa4                Video::clearScreen(unsigned int)
                0x00000000c000dfd8                Video::putpixel(int, int, unsigned int)
                0x00000000c000dfe6                Video::Video(char const*)
                0x00000000c000dfe6                Video::Video(char const*)
                0x00000000c000e01c                Video::~Video()
                0x00000000c000e01c                Video::~Video()
                0x00000000c000e040                Video::~Video()
                0x00000000c000e06a                Video::isMonochrome()
                0x00000000c000e076                Video::getWidth()
                0x00000000c000e082                Video::getHeight()
                0x00000000c000e08e                Video::drawCursor(int, int, unsigned char*, int)
                0x00000000c000e14a                Video::tgaParse(unsigned char*, int, int*, int*)
                0x00000000c000e2b2                Video::putTGA(int, int, unsigned char*, int)
 *fill*         0x00000000c000e31d        0x3 
 .text          0x00000000c000e320     0x1307 hw/acpi.32
                0x00000000c000e320                ACPI::close(int, int, void*)
                0x00000000c000e3d8                findRSDP()
                0x00000000c000e468                loadACPITables(unsigned char*)
                0x00000000c000e6cc                findRSDT(unsigned char*)
                0x00000000c000e81c                findDataTable(unsigned char*, char*)
                0x00000000c000e894                scanMADT()
                0x00000000c000ed68                ACPI::ACPI()
                0x00000000c000ed68                ACPI::ACPI()
                0x00000000c000edbc                ACPI::getPCIIRQAssignment(unsigned char, unsigned short, unsigned char)
                0x00000000c000eea4                ACPI::registerPCIIRQAssignment(void*, unsigned short, unsigned char, unsigned char)
                0x00000000c000ef6c                ACPI::setScreenBrightnessLevel(void*, int)
                0x00000000c000ef74                ACPI::detectPCI()
                0x00000000c000f17c                ACPI::writeSimpleBootFlag(SimpleBootFlagTable*)
                0x00000000c000f1d0                ACPI::sleep()
                0x00000000c000f1ec                ACPI::open(int, int, void*)
 *fill*         0x00000000c000f627        0x1 
 .text          0x00000000c000f628      0xb95 hw/cpu.32
                0x00000000c000f628                CPU::close(int, int, void*)
                0x00000000c000f62c                CPU::AMD_K6_write_msr(unsigned int, unsigned int, unsigned int, CPU::REGS*)
                0x00000000c000f648                CPU::AMD_K6_read_msr(unsigned int, CPU::REGS*)
                0x00000000c000f660                CPU::AMD_K6_writeback(int, int, int)
                0x00000000c000f6d4                CPU::cpuid(int, unsigned long*, unsigned long*, unsigned long*, unsigned long*)
                0x00000000c000f758                CPU::cpuidCheckEDX(unsigned int)
                0x00000000c000f786                CPU::cpuidCheckECX(unsigned int)
                0x00000000c000f7b4                CPU::cpuidCheckExtendedEBX(unsigned int)
                0x00000000c000f7e2                CPU::cpuidCheckExtendedECX(unsigned int)
                0x00000000c000f810                CPU::CPU()
                0x00000000c000f810                CPU::CPU()
                0x00000000c000f89e                CPU::displayFeatures()
                0x00000000c000f8a0                CPU::detectFeatures()
                0x00000000c000ff64                CPU::setupSMEP()
                0x00000000c000ff70                CPU::setupUMIP()
                0x00000000c000ff7a                CPU::setupTSC()
                0x00000000c000ff84                CPU::setupLargePages()
                0x00000000c000ff8e                CPU::setupPAT()
                0x00000000c000ffca                CPU::setupMTRR()
                0x00000000c000ffcc                CPU::setupGlobalPages()
                0x00000000c000ffd6                CPU::allowUsermodeDataAccess()
                0x00000000c000ffe8                CPU::prohibitUsermodeDataAccess()
                0x00000000c000fffa                CPU::setupSMAP()
                0x00000000c0010008                CPU::setupFeatures()
                0x00000000c00100d4                CPU::open(int, int, void*)
 *fill*         0x00000000c00101bd        0x1 
 .text          0x00000000c00101be      0x581 krnl/env.32
                0x00000000c00101be                EnvVarContainer::getEnv(char const*)
                0x00000000c00101fc                EnvVarContainer::setEnv(char const*, char const*)
                0x00000000c00102be                EnvVarContainer::deleteEnv(char const*)
                0x00000000c00102c0                EnvVarContainer::loadFrom(char const*, char const*)
                0x00000000c00104a6                EnvVarContainer::__loadSystem()
                0x00000000c00104c0                EnvVarContainer::__loadUser()
                0x00000000c00104c2                EnvVarContainer::EnvVarContainer(Process*)
                0x00000000c00104c2                EnvVarContainer::EnvVarContainer(Process*)
                0x00000000c00104e4                EnvVarContainer::~EnvVarContainer()
                0x00000000c00104e4                EnvVarContainer::~EnvVarContainer()
                0x00000000c0010514                Krnl::getEnv(Process*, char const*)
                0x00000000c0010579                Krnl::setEnvSystem(char const*, char const*)
                0x00000000c0010593                Krnl::setEnvUser(char const*, char const*)
                0x00000000c00105b2                Krnl::setEnvProcess(Process*, char const*, char const*)
                0x00000000c00105c5                Krnl::deleteEnvSystem(char const*)
                0x00000000c00105c6                Krnl::deleteEnvUser(char const*)
                0x00000000c00105c7                Krnl::deleteEnvProcess(Process*, char const*)
                0x00000000c00105c8                Krnl::newProcessEnv(Process*)
                0x00000000c00105ea                Krnl::copyProcessEnv(Process*, Process*)
                0x00000000c0010636                Krnl::loadSystemEnv()
                0x00000000c0010664                Krnl::loadUserEnv()
                0x00000000c001068a                Krnl::flushEnv()
                0x00000000c001068b                Krnl::getProcessTotalEnvCount(Process*)
                0x00000000c00106ab                Krnl::getProcessEnvPair(Process*, int)
 .text          0x00000000c001073f      0x108 krnl/panic.32
                0x00000000c001073f                Krnl::panic(char const*)
 .text          0x00000000c0010847      0x142 krnl/powctrl.32
                0x00000000c0010847                Krnl::powerThread(void*)
                0x00000000c0010875                Krnl::changePowerSettings(Krnl::PowerSettings)
                0x00000000c001088b                Krnl::userIOReceived()
                0x00000000c0010896                Krnl::handlePowerButton()
                0x00000000c00108cb                Krnl::handleSleepButton()
                0x00000000c0010900                Krnl::setupPowerManager()
 .text          0x00000000c0010989      0x50e reg/registry.32
                0x00000000c0010989                Reg::findLineFromLoadedData(char*, char*, char*)
                0x00000000c0010ae1                Reg::getLineFromRegistry(char*, char*, char*, char*)
                0x00000000c0010c36                Reg::getLine(char*, char*, char*)
                0x00000000c0010c6d                Reg::readInt(char*, char*, int*)
                0x00000000c0010d58                Reg::readString(char*, char*, char*, int)
                0x00000000c0010dd9                Reg::readBool(char*, char*, bool*)
                0x00000000c0010dfe                Reg::readBoolWithDefault(char*, char*, bool)
                0x00000000c0010e2a                Reg::readIntWithDefault(char*, char*, int)
                0x00000000c0010e56                Reg::readStringWithDefault(char*, char*, char*, int, char*)
 .text          0x00000000c0010e97       0x36 sys/sc_eject.32
                0x00000000c0010e97                Sys::eject(regs*)
 .text          0x00000000c0010ecd       0x18 sys/sc_exit.32
                0x00000000c0010ecd                Sys::exit(regs*)
 .text          0x00000000c0010ee5       0x1f sys/sc_getcwd.32
                0x00000000c0010ee5                Sys::getCwd(regs*)
 .text          0x00000000c0010f04        0xc sys/sc_getpid.32
                0x00000000c0010f04                Sys::getPID(regs*)
 .text          0x00000000c0010f10       0x1a sys/sc_getramdata.32
                0x00000000c0010f10                Sys::getRAMData(regs*)
 .text          0x00000000c0010f2a       0x82 sys/sc_getvgaptr.32
                0x00000000c0010f2a                Sys::getVGAPtr(regs*)
 .text          0x00000000c0010fac       0xa8 sys/sc_loaddll.32
                0x00000000c0010fac                Sys::loadDLL(regs*)
 .text          0x00000000c0011054       0x68 sys/sc_read.32
                0x00000000c0011054                Sys::read(regs*)
 .text          0x00000000c00110bc       0x55 sys/sc_sbrk.32
                0x00000000c00110bc                Sys::sbrk(regs*)
 .text          0x00000000c0011111       0x1c sys/sc_setcwd.32
                0x00000000c0011111                Sys::setCwd(regs*)
 .text          0x00000000c001112d       0x95 sys/sc_settime.32
                0x00000000c001112d                Sys::setTime(regs*)
 .text          0x00000000c00111c2       0x4a sys/sc_timezone.32
                0x00000000c00111c2                Sys::timezone(regs*)
 .text          0x00000000c001120c       0x68 sys/sc_write.32
                0x00000000c001120c                Sys::write(regs*)
 .text          0x00000000c0011274       0x62 sys/sc_wsbe.32
                0x00000000c0011274                Sys::wsbe(regs*)
 .text          0x00000000c00112d6       0x25 sys/sc_yield.32
                0x00000000c00112d6                Sys::yield(regs*)
 .text          0x00000000c00112fb      0xe2c sys/syscalls.32
                0x00000000c00112fb                sysCallSeekDir(regs*)
                0x00000000c0011300                sysCallTellDir(regs*)
                0x00000000c0011305                sysCallVerify(regs*)
                0x00000000c001130f                sysCallGetArgc(regs*)
                0x00000000c001131f                sysCallTTYName(regs*)
                0x00000000c0011327                sysFormatDisk(regs*)
                0x00000000c0011394                sysSetDiskVolumeLabel(regs*)
                0x00000000c00113de                sysGetDiskVolumeLabel(regs*)
                0x00000000c0011433                sysShutdown(regs*)
                0x00000000c0011491                sysCallRealpath(regs*)
                0x00000000c00114d4                sysCallReadDir(regs*)
                0x00000000c0011554                sysCallIsATTY(regs*)
                0x00000000c00115b0                sysCallSeek(regs*)
                0x00000000c0011609                sysCallTell(regs*)
                0x00000000c0011678                sysCallSize(regs*)
                0x00000000c00116ed                sysCallSizeFromFilename(regs*)
                0x00000000c00117a0                sysCallClose(regs*)
                0x00000000c0011800                sysCallOpenDir(regs*)
                0x00000000c0011877                sysCallCloseDir(regs*)
                0x00000000c00118cb                sysCallMakeDir(regs*)
                0x00000000c001193d                sysCallWait(regs*)
                0x00000000c001195a                sysCallNotImpl(regs*)
                0x00000000c0011975                sysPanic(regs*)
                0x00000000c0011990                sysCallRmdir(regs*)
                0x00000000c00119f7                sysCallUnlink(regs*)
                0x00000000c0011a5e                sysCallGetArgv(regs*)
                0x00000000c0011aab                sysCallUSleep(regs*)
                0x00000000c0011ad4                sysCallSpawn(regs*)
                0x00000000c0011b3d                sysCallGetEnv(regs*)
                0x00000000c0011bec                sysSetFatAttrib(regs*)
                0x00000000c0011c63                sysPipe(regs*)
                0x00000000c0011ca8                sysGetUnixTime(regs*)
                0x00000000c0011cbc                string_ends_with(char const*, char const*)
                0x00000000c0011d06                sysCallOpen(regs*)
                0x00000000c0011efa                Sys::loadSyscalls()
                0x00000000c00120e5                Sys::systemCall(regs*, void*)
 .text          0x00000000c0012127     0x11e5 thr/elf.32
                0x00000000c0012127                Thr::allocateMemoryForTask(Process*, File*, unsigned long, unsigned long, unsigned long)
                0x00000000c00123b3                Thr::loadProgramIntoMemory(Process*, char const*)
                0x00000000c00125c9                Thr::runtimeReferenceHelper()
                0x00000000c00125dc                Thr::getAddressOfKernelSymbol(char const*)
                0x00000000c001262b                Thr::loadKernelSymbolTable(char const*)
                0x00000000c00128e9                Thr::loadDriverIntoMemory(char const*, unsigned long, bool)
                0x00000000c001301f                Thr::getDriverBaseFromAddress(unsigned long)
                0x00000000c0013051                Thr::getDriverNameFromAddress(unsigned long)
                0x00000000c0013088                Thr::getDriverOffsetFromAddress(unsigned long)
                0x00000000c00130a2                Thr::loadDLL(char const*, bool)
                0x00000000c00132d3                Thr::executeDLL(unsigned long, void*)
 .text          0x00000000c001330c     0x12c5 thr/prcssthr.32
                0x00000000c001330c                userModeEntryPoint(void*)
                0x00000000c0013334                changeTSS
                0x00000000c0013364                switchToThread(ThreadControlBlock*)
                0x00000000c0013418                Process::addArgs(char**)
                0x00000000c0013478                Process::Process(char const*, Process*, char**)
                0x00000000c0013478                Process::Process(char const*, Process*, char**)
                0x00000000c0013668                Process::Process(bool, char const*, Process*, char**)
                0x00000000c0013668                Process::Process(bool, char const*, Process*, char**)
                0x00000000c0013824                taskStartupFunction
                0x00000000c0013830                Semaphore::Semaphore(int)
                0x00000000c0013830                Semaphore::Semaphore(int)
                0x00000000c0013860                Mutex::Mutex()
                0x00000000c0013860                Mutex::Mutex()
                0x00000000c0013874                Process::createThread(void (*)(void*), void*, int)
                0x00000000c001396c                Process::createUserThread()
                0x00000000c001398c                setupMultitasking(void (*)())
                0x00000000c0013a94                schedule()
                0x00000000c0013b24                Semaphore::tryAcquire()
                0x00000000c0013bf0                Semaphore::assertLocked(char const*)
                0x00000000c0013c68                blockTaskWithSchedulerLockAlreadyHeld(TaskState)
                0x00000000c0013c90                blockTask(TaskState)
                0x00000000c0013cc0                waitTask(int, int*, int)
                0x00000000c0013d04                milliTenthSleepUntil(unsigned int)
                0x00000000c0013d94                milliTenthSleep(unsigned int)
                0x00000000c0013da4                sleep(unsigned int)
                0x00000000c0013dc0                Semaphore::acquire()
                0x00000000c0013e7c                taskReturned
                0x00000000c0013eb8                Thr::processFromPID(int)
                0x00000000c0013f58                unblockTask(ThreadControlBlock*)
                0x00000000c0013ffc                cleanupTerminatedTask(ThreadControlBlock*)
                0x00000000c00142c8                cleanerTaskFunction(void*)
                0x00000000c00143b8                terminateTask(int)
                0x00000000c0014484                Thr::terminateFromIRQ(int)
                0x00000000c0014494                Semaphore::release()
 .text          0x00000000c00145d1      0xb93 vm86/vm8086.32
                0x00000000c00145d1                Vm::inbv(unsigned short)
                0x00000000c00145e4                Vm::outbv(unsigned short, unsigned char)
                0x00000000c001461a                Vm::realToLinear(unsigned short, unsigned short)
                0x00000000c001462a                Vm::getSegment(unsigned int)
                0x00000000c0014632                Vm::getOffset(unsigned int)
                0x00000000c0014637                Vm::mainloop2()
                0x00000000c0014671                Vm::mainVm8086Loop(void*)
                0x00000000c0014681                Vm::mainloop3(unsigned long)
                0x00000000c00146a7                Vm::initialise8086()
                0x00000000c00146ea                Vm::finish8086()
                0x00000000c001474b                Vm::getOutput8086(unsigned char*)
                0x00000000c0014770                Vm::start8086FromBuffer(unsigned char*, int, unsigned short, unsigned short, unsigned short, unsigned short)
                0x00000000c0014829                Vm::start8086(char const*, unsigned short, unsigned short, unsigned short, unsigned short)
                0x00000000c0014991                Vm::doISR(regs*, int, unsigned char*, unsigned short, unsigned short)
                0x00000000c0014a1b                Vm::readByteFromReal(unsigned short, unsigned short)
                0x00000000c0014a2c                Vm::readWordFromReal(unsigned short, unsigned short)
                0x00000000c0014a3e                Vm::readDwordFromReal(unsigned short, unsigned short)
                0x00000000c0014a4f                Vm::writeByteFromReal(unsigned short, unsigned short, unsigned char)
                0x00000000c0014a64                Vm::writeWordFromReal(unsigned short, unsigned short, unsigned short)
                0x00000000c0014a7a                Vm::writeDwordFromReal(unsigned short, unsigned short, unsigned int)
                0x00000000c0014a8f                Vm::faultHandler(regs*)
 .text          0x00000000c0015164      0x8e9 arch/i386/hal.32
                0x00000000c0015164                noCopro(unsigned long)
                0x00000000c0015165                nmiHandler(regs*, void*)
                0x00000000c001517e                doubleFault(regs*, void*)
                0x00000000c0015197                displayDebugInfo(regs*)
                0x00000000c00154b8                displayProgramFault(char const*)
                0x00000000c0015504                gpFault(regs*, void*)
                0x00000000c0015569                pgFault(regs*, void*)
                0x00000000c00155ef                otherISRHandler(regs*, void*)
                0x00000000c0015623                opcodeFault(regs*, void*)
                0x00000000c00156a3                i386SaveCoprocessor(void*)
                0x00000000c00156b7                i386LoadCoprocessor(void*)
                0x00000000c00156cb                x87EmulHandler(regs*, void*)
                0x00000000c0015768                HalInitialiseCoprocessor()
                0x00000000c0015816                HalPanic(char const*)
                0x00000000c001581b                HalQueryPerformanceCounter()
                0x00000000c0015836                HalInitialise()
                0x00000000c00159dc                HalMakeBeep(int)
                0x00000000c0015a16                HalGetRand()
                0x00000000c0015a19                HalEndOfInterrupt(int)
                0x00000000c0015a4a                HalRestart()
                0x00000000c0015a4b                HalShutdown()
                0x00000000c0015a4c                HalSleep()
 *fill*         0x00000000c0015a4d        0x3 
 .text          0x00000000c0015a50      0x2f4 arch/i386/pic.32
                0x00000000c0015a50                picIoWait()
                0x00000000c0015a58                picDisable()
                0x00000000c0015a8c                picGetIRQReg(int)
                0x00000000c0015b10                picOpen()
                0x00000000c0015ca0                picEOI(int)
 .text          0x00000000c0015d44      0x64d arch/i386/rtc.32
                0x00000000c0015d44                RTC::open(int, int, void*)
                0x00000000c0015d48                RTC::close(int, int, void*)
                0x00000000c0015d4c                RTC::timeInSecondsUTC()
                0x00000000c0015d5e                RTC::timeInDatetimeUTC()
                0x00000000c0015d84                RTC::setTimeInSecondsUTC(unsigned long long)
                0x00000000c0015dc2                RTC::~RTC()
                0x00000000c0015dc2                RTC::~RTC()
                0x00000000c0015de6                RTC::~RTC()
                0x00000000c0015e10                RTC::get_update_in_progress_flag()
                0x00000000c0015e28                RTC::completeRTCRefresh()
                0x00000000c00160e0                RTC::setTimeInDatetimeUTC(datetime_t)
                0x00000000c0016293                rtcIRQHandler(regs*, void*)
                0x00000000c00162d8                RTC::RTC()
                0x00000000c00162d8                RTC::RTC()
 *fill*         0x00000000c0016391        0x3 
 .text          0x00000000c0016394      0x203 arch/i386/vga.32
                0x00000000c0016394                HalConsoleScroll(int, int)
                0x00000000c001649c                HalConsoleWriteCharacter(char, int, int, int, int)
                0x00000000c0016508                HalConsoleCursorUpdate(int, int)
 *fill*         0x00000000c0016597        0x1 
 .text          0x00000000c0016598     0x13e7 fs/fat/vfslink.32
                0x00000000c0016598                FAT::getName()
                0x00000000c00165a0                FAT::tell(void*, unsigned long long*)
                0x00000000c00165dc                FAT::stat(void*, unsigned long long*)
                0x00000000c0016618                FAT::~FAT()
                0x00000000c0016618                FAT::~FAT()
                0x00000000c001663c                FAT::~FAT()
                0x00000000c0016664                FAT::getlabel(LogicalDisk*, int, char*, unsigned int*)
                0x00000000c0016708                FAT::setlabel(LogicalDisk*, int, char*)
                0x00000000c00167cc                FAT::format(LogicalDisk*, int, char const*, int)
                0x00000000c00169a0                FAT::tryMount(LogicalDisk*, int)
                0x00000000c0016bb8                FAT::allocateSwapfile(char const*, int)
                0x00000000c0016d78                FAT::readDir(void*, unsigned long, void*, int*)
                0x00000000c0016ee4                FAT::read(void*, unsigned long, void*, int*)
                0x00000000c0016f44                FAT::write(void*, unsigned long, void*, int*)
                0x00000000c0016fa4                FAT::close(void*)
                0x00000000c0016ff8                FAT::closeDir(void*)
                0x00000000c001704c                FAT::seek(void*, unsigned long long)
                0x00000000c00170a4                fatWrapperReadDisk
                0x00000000c00170e8                fatWrapperWriteDisk
                0x00000000c001712c                fatWrapperIoctl
                0x00000000c0017248                FAT::FAT()
                0x00000000c0017248                FAT::FAT()
                0x00000000c001729c                FAT::fixFilepath(char*)
                0x00000000c00172d8                FAT::open(char const*, void**, FileOpenMode)
                0x00000000c0017410                FAT::openDir(char const*, void**)
                0x00000000c00174c0                FAT::stat(char const*, unsigned long long*, bool*)
                0x00000000c00175b8                FAT::unlink(char const*)
                0x00000000c0017638                FAT::chfatattr(char const*, unsigned char, unsigned char)
                0x00000000c00177c4                FAT::rename(char const*, char const*)
                0x00000000c0017890                FAT::mkdir(char const*)
                0x00000000c0017910                FAT::exists(char const*)
 *fill*         0x00000000c001797f        0x1 
 .text          0x00000000c0017980       0x5c fs/iso9660/helper.32
                0x00000000c0017980                isoReadDiscSectorHelper
 .text          0x00000000c00179dc      0x419 fs/iso9660/vfslink.32
                0x00000000c00179dc                ISO9660::format(LogicalDisk*, int, char const*, int)
                0x00000000c00179e2                ISO9660::getName()
                0x00000000c00179e8                ISO9660::closeDir(void*)
                0x00000000c00179f2                ISO9660::chfatattr(char const*, unsigned char, unsigned char)
                0x00000000c00179f8                ISO9660::unlink(char const*)
                0x00000000c00179fe                ISO9660::write(void*, unsigned long, void*, int*)
                0x00000000c0017a04                ISO9660::rename(char const*, char const*)
                0x00000000c0017a0a                ISO9660::mkdir(char const*)
                0x00000000c0017a10                ISO9660::~ISO9660()
                0x00000000c0017a10                ISO9660::~ISO9660()
                0x00000000c0017a34                ISO9660::~ISO9660()
                0x00000000c0017a5c                ISO9660::exists(char const*)
                0x00000000c0017a70                ISO9660::stat(char const*, unsigned long long*, bool*)
                0x00000000c0017ac2                ISO9660::openDir(char const*, void**)
                0x00000000c0017af0                ISO9660::readDir(void*, unsigned long, void*, int*)
                0x00000000c0017b1e                ISO9660::open(char const*, void**, FileOpenMode)
                0x00000000c0017bbc                ISO9660::read(void*, unsigned long, void*, int*)
                0x00000000c0017bfc                ISO9660::seek(void*, unsigned long long)
                0x00000000c0017c34                ISO9660::tell(void*, unsigned long long*)
                0x00000000c0017c6a                ISO9660::stat(void*, unsigned long long*)
                0x00000000c0017ca4                ISO9660::close(void*)
                0x00000000c0017cc9                readSectorFromCDROM(unsigned int, unsigned char*, char)
                0x00000000c0017d54                ISO9660::tryMount(LogicalDisk*, int)
                0x00000000c0017dd2                ISO9660::ISO9660()
                0x00000000c0017dd2                ISO9660::ISO9660()
 *fill*         0x00000000c0017df5        0x1 
 .text          0x00000000c0017df6      0x26c hal/sound/sndcard.32
                0x00000000c0017df6                SoundCard::beginPlayback()
                0x00000000c0017e04                SoundCard::stopPlayback()
                0x00000000c0017e12                SoundCard::SoundCard(char const*)
                0x00000000c0017e12                SoundCard::SoundCard(char const*)
                0x00000000c0017eb0                SoundCard::~SoundCard()
                0x00000000c0017eb0                SoundCard::~SoundCard()
                0x00000000c0017ed4                SoundCard::~SoundCard()
                0x00000000c0017efe                SoundCard::configureRates(int, int, int)
                0x00000000c0017f2e                SoundCard::getSamples16(int, short*)
                0x00000000c0017f8a                SoundCard::getSamples32(int, int*)
                0x00000000c0018010                SoundCard::addChannel(SoundPort*)
                0x00000000c001804e                SoundCard::removeChannel(int)
 *fill*         0x00000000c0018062        0x2 
 .text          0x00000000c0018064      0x377 hal/sound/sndport.32
                0x00000000c0018064                SoundPort::SoundPort(int, int, int, int)
                0x00000000c0018064                SoundPort::SoundPort(int, int, int, int)
                0x00000000c00180f0                SoundPort::~SoundPort()
                0x00000000c00180f0                SoundPort::~SoundPort()
                0x00000000c0018124                SoundPort::unpause()
                0x00000000c0018130                SoundPort::pause()
                0x00000000c001813c                SoundPort::getBufferUsed()
                0x00000000c0018144                SoundPort::getBufferSize()
                0x00000000c001814c                SoundPort::buffer16(short*, int)
                0x00000000c00181d8                SoundPort::buffer32(int*, int)
                0x00000000c0018260                SoundPort::unbufferAndAdd16(int, short*, SoundCard*)
                0x00000000c0018324                SoundPort::unbufferAndAdd32(int, int*, SoundCard*)
 .text          0x00000000c00183db        0x0 hw/bus/isa.32
 *fill*         0x00000000c00183db        0x1 
 .text          0x00000000c00183dc      0xb49 hw/bus/pci.32
                0x00000000c00183dc                PCI::open(int, int, void*)
                0x00000000c00183fa                PCI::close(int, int, void*)
                0x00000000c00183fe                PCI::PCI()
                0x00000000c00183fe                PCI::PCI()
                0x00000000c0018498                PCI::readBAR8(unsigned int, int)
                0x00000000c00184b4                PCI::readBAR16(unsigned int, int)
                0x00000000c00184d2                PCI::readBAR32(unsigned int, int)
                0x00000000c00184ee                PCI::writeBAR8(unsigned int, unsigned char, int)
                0x00000000c001850e                PCI::writeBAR16(unsigned int, unsigned short, int)
                0x00000000c0018530                PCI::writeBAR32(unsigned int, unsigned int, int)
                0x00000000c0018550                PCI::legacyMechanism(unsigned char, unsigned char, unsigned char, unsigned char)
                0x00000000c00185be                PCI::pciReadWord(unsigned char, unsigned char, unsigned char, unsigned char)
                0x00000000c0018666                PCI::getVendorID(unsigned char, unsigned char, unsigned char)
                0x00000000c001868a                PCI::getHeaderType(unsigned char, unsigned char, unsigned char)
                0x00000000c00186b2                PCI::getClassCode(unsigned char, unsigned char, unsigned char)
                0x00000000c00186fc                PCI::getProgIF(unsigned char, unsigned char, unsigned char)
                0x00000000c0018724                PCI::getRevisionID(unsigned char, unsigned char, unsigned char)
                0x00000000c0018748                PCI::getInterruptNumber(unsigned char, unsigned char, unsigned char)
                0x00000000c001876c                PCI::getSecondaryBus(unsigned char, unsigned char, unsigned char)
                0x00000000c0018794                PCI::getBARAddress(unsigned char, unsigned char, unsigned char, unsigned char)
                0x00000000c00187f8                PCI::pciWriteWord(unsigned char, unsigned char, unsigned char, unsigned char, unsigned short)
                0x00000000c00188e0                PCI::pciDetailsToFilepath(PCIDeviceInfo, char*)
                0x00000000c0018b5a                PCI::checkBus(unsigned char)
                0x00000000c0018b80                PCI::foundDevice(PCIDeviceInfo)
                0x00000000c0018cf2                PCI::getDeviceData(unsigned char, unsigned char, unsigned char)
                0x00000000c0018e66                PCI::checkDevice(unsigned char, unsigned char)
                0x00000000c0018ed2                PCI::detect()
 *fill*         0x00000000c0018f25        0x1 
 .text          0x00000000c0018f26      0xb5a hw/diskctrl/ide.32
                0x00000000c0018f26                IDE::close(int, int, void*)
                0x00000000c0018f2a                IDE::IDE()
                0x00000000c0018f2a                IDE::IDE()
                0x00000000c0018f5e                IDE::prepareInterrupt(unsigned char)
                0x00000000c0018f70                selectDrive(unsigned char, unsigned char)
                0x00000000c0018f72                IDE::getBase(unsigned char)
                0x00000000c0018f84                IDE::write(unsigned char, unsigned char, unsigned char)
                0x00000000c0019044                IDE::read(unsigned char, unsigned char)
                0x00000000c00190f2                IDE::waitInterrupt(unsigned char)
                0x00000000c001915a                ideChannel0IRQHandler(regs*, void*)
                0x00000000c0019176                ideChannel1IRQHandler(regs*, void*)
                0x00000000c0019192                IDE::enableIRQs(unsigned char, bool)
                0x00000000c00191d8                IDE::open(int, int, void*)
                0x00000000c00195e6                IDE::readBuffer(unsigned char, unsigned char, unsigned int, unsigned int)
                0x00000000c00196b2                IDE::detect()
                0x00000000c0019972                IDE::printError(unsigned char, unsigned char, unsigned char)
                0x00000000c0019a22                IDE::polling(unsigned char, unsigned int)
 .text          0x00000000c0019a80      0x32a hw/diskctrl/satabus.32
                0x00000000c0019a80                SATABus::close(int, int, void*)
                0x00000000c0019a84                SATABus::detect()
                0x00000000c0019a86                SATABus::SATABus()
                0x00000000c0019a86                SATABus::SATABus()
                0x00000000c0019b0c                SATABus::findCmdslot(SATABus::tagHBA_PORT volatile*)
                0x00000000c0019b3e                SATABus::checkType(SATABus::tagHBA_PORT volatile*)
                0x00000000c0019b86                SATABus::startCmd(SATABus::tagHBA_PORT volatile*)
                0x00000000c0019ba6                SATABus::stopCmd(SATABus::tagHBA_PORT volatile*)
                0x00000000c0019bd0                SATABus::portRebase(SATABus::tagHBA_PORT volatile*, int)
                0x00000000c0019ce0                SATABus::probePort(SATABus::tagHBA_MEM volatile*)
                0x00000000c0019d8a                SATABus::open(int, int, void*)
 .text          0x00000000c0019daa      0x5f4 hw/diskphys/ata.32
                0x00000000c0019daa                ATA::close(int, int, void*)
                0x00000000c0019dce                ATA::powerSaving(PowerSavingLevel)
                0x00000000c0019dd0                ATA::ATA()
                0x00000000c0019dd0                ATA::ATA()
                0x00000000c0019dfe                ATA::flush(bool)
                0x00000000c0019e48                ATA::readyForCommand()
                0x00000000c0019e94                ATA::access(unsigned long long, int, void*, bool)
                0x00000000c001a210                ATA::read(unsigned long long, int, void*)
                0x00000000c001a25c                ATA::write(unsigned long long, int, void*)
                0x00000000c001a2a8                ATA::detectCHS()
                0x00000000c001a2d2                ATA::open(int, int, void*)
 .text          0x00000000c001a39e      0x60e hw/diskphys/atapi.32
                0x00000000c001a39e                ATAPI::write(unsigned long long, int, void*)
                0x00000000c001a3a4                ATAPI::close(int, int, void*)
                0x00000000c001a3c8                ATAPI::ATAPI()
                0x00000000c001a3c8                ATAPI::ATAPI()
                0x00000000c001a3f6                ATAPI::readyForCommand()
                0x00000000c001a448                ATAPI::sendPacket(unsigned char*, int, bool, unsigned short*, int)
                0x00000000c001a708                ATAPI::diskRemoved()
                0x00000000c001a742                ATAPI::eject()
                0x00000000c001a78a                ATAPI::diskInserted()
                0x00000000c001a796                ATAPI::detectMedia()
                0x00000000c001a852                ATAPI::open(int, int, void*)
                0x00000000c001a932                ATAPI::read(unsigned long long, int, void*)
 .text          0x00000000c001a9ac      0x402 hw/diskphys/sata.32
                0x00000000c001a9ac                SATA::close(int, int, void*)
                0x00000000c001a9d0                SATA::powerSaving(PowerSavingLevel)
                0x00000000c001a9d2                SATA::open(int, int, void*)
                0x00000000c001aa7c                SATA::SATA()
                0x00000000c001aa7c                SATA::SATA()
                0x00000000c001aaaa                SATA::access(unsigned long long, int, void*, bool)
                0x00000000c001acf6                SATA::read(unsigned long long, int, void*)
                0x00000000c001ad42                SATA::write(unsigned long long, int, void*)
 .text          0x00000000c001adae      0x5b9 hw/diskphys/satapi.32
                0x00000000c001adae                SATAPI::write(unsigned long long, int, void*)
                0x00000000c001adb4                SATAPI::close(int, int, void*)
                0x00000000c001add8                SATAPI::open(int, int, void*)
                0x00000000c001aed0                SATAPI::SATAPI()
                0x00000000c001aed0                SATAPI::SATAPI()
                0x00000000c001aefe                SATAPI::diskRemoved()
                0x00000000c001af00                SATAPI::diskInserted()
                0x00000000c001af1c                SATAPI::sendPacket(unsigned char*, int, unsigned long long, unsigned short*, int)
                0x00000000c001b1f8                SATAPI::eject()
                0x00000000c001b234                SATAPI::read(unsigned long long, int, void*)
                0x00000000c001b366                SATAPI::detectMedia()
 *fill*         0x00000000c001b367        0x1 
 .text          0x00000000c001b368      0x455 hw/intctrl/apic.32
                0x00000000c001b368                IOAPIC::close(int, int, void*)
                0x00000000c001b36e                apicGetBase()
                0x00000000c001b3b0                IOAPIC::IOAPIC()
                0x00000000c001b3b0                IOAPIC::IOAPIC()
                0x00000000c001b3d8                apicOpen()
                0x00000000c001b53e                IOAPIC::handlesGSIWithNumber(unsigned int)
                0x00000000c001b570                IOAPIC::read(int)
                0x00000000c001b598                IOAPIC::open(int, int, void*)
                0x00000000c001b68c                IOAPIC::write(int, int)
                0x00000000c001b6b8                IOAPIC::redirect(unsigned char, unsigned long long, unsigned char, bool, bool)
 *fill*         0x00000000c001b7bd        0x3 
 .text          0x00000000c001b7c0       0xf0 hw/timer/apictimer.32
                0x00000000c001b7c0                APICTimer::close(int, int, void*)
                0x00000000c001b7c8                apicTimerHandler(regs*, void*)
                0x00000000c001b7f0                APICTimer::open(int, int, void*)
                0x00000000c001b860                APICTimer::write(int)
                0x00000000c001b888                APICTimer::APICTimer()
                0x00000000c001b888                APICTimer::APICTimer()
 .text          0x00000000c001b8b0      0x1aa hw/timer/pit.32
                0x00000000c001b8b0                PIT::write(int)
                0x00000000c001b934                pitHandler(regs*, void*)
                0x00000000c001b958                PIT::open(int, int, void*)
                0x00000000c001b9a8                PIT::close(int, int, void*)
                0x00000000c001b9d8                PIT::PIT()
                0x00000000c001b9d8                PIT::PIT()
 *fill*         0x00000000c001ba5a        0x6 
 .text          0x00000000c001ba60       0x83 arch/i386/avx.32
                0x00000000c001ba60                avxDetect
                0x00000000c001ba8a                avxSave
                0x00000000c001ba9b                avxLoad
                0x00000000c001baac                avxInit
                0x00000000c001bace                avxClose
                0x00000000c001bacf                wouldSheSayYes
 *fill*         0x00000000c001bae3        0xd 
 .text          0x00000000c001baf0      0x1d6 arch/i386/interrupt.32
                0x00000000c001baf0                isr0
                0x00000000c001bb00                isr1
                0x00000000c001bb0a                isr2
                0x00000000c001bb14                isr3
                0x00000000c001bb1e                isr4
                0x00000000c001bb28                isr5
                0x00000000c001bb32                isr6
                0x00000000c001bb3c                isr7
                0x00000000c001bb46                isr8
                0x00000000c001bb4e                isr9
                0x00000000c001bb58                isr10
                0x00000000c001bb60                isr11
                0x00000000c001bb68                isr12
                0x00000000c001bb70                isr13
                0x00000000c001bb78                isr14
                0x00000000c001bb80                isr15
                0x00000000c001bb8a                isr16
                0x00000000c001bb94                isr17
                0x00000000c001bb9e                isr18
                0x00000000c001bba8                irq3
                0x00000000c001bbb2                irq4
                0x00000000c001bbbc                irq5
                0x00000000c001bbc6                irq6
                0x00000000c001bbd0                irq7
                0x00000000c001bbda                irq8
                0x00000000c001bbe4                irq9
                0x00000000c001bbee                irq10
                0x00000000c001bbf8                irq11
                0x00000000c001bc02                irq12
                0x00000000c001bc0c                irq13
                0x00000000c001bc16                irq14
                0x00000000c001bc20                irq15
                0x00000000c001bc2a                irq1
                0x00000000c001bc31                irq2
                0x00000000c001bc38                isr96
                0x00000000c001bc3f                irq0
                0x00000000c001bc44                int_common_stub
                0x00000000c001bc44                syscall_common_stub
                0x00000000c001bc76                irq16
                0x00000000c001bc80                irq17
                0x00000000c001bc8a                irq18
                0x00000000c001bc94                irq19
                0x00000000c001bc9e                irq20
                0x00000000c001bca8                irq21
                0x00000000c001bcb2                irq22
                0x00000000c001bcbc                irq23
 *fill*         0x00000000c001bcc6        0xa 
 .text          0x00000000c001bcd0       0x10 arch/i386/rdrand.32
                0x00000000c001bcd0                i386GetRDRAND
 .text          0x00000000c001bce0       0x39 arch/i386/sse.32
                0x00000000c001bce0                absolutelyNoChanceInHell
                0x00000000c001bce0                sseDetect
                0x00000000c001bcf8                sseSave
                0x00000000c001bd00                sseLoad
                0x00000000c001bd08                sseInit
                0x00000000c001bd18                sseClose
 *fill*         0x00000000c001bd19        0x7 
 .text          0x00000000c001bd20       0x49 arch/i386/x87.32
                0x00000000c001bd26                x87Detect
                0x00000000c001bd41                x87Save
                0x00000000c001bd48                x87Load
                0x00000000c001bd4f                x87Init
                0x00000000c001bd68                x87Close
 *fill*         0x00000000c001bd69        0x3 
 .text          0x00000000c001bd6c       0x25 /cygdrive/d/Users/Alex/Desktop/Toolchain/Output/bin/../lib/gcc/i386-banana/8.1.0/crtend.o
 .text          0x00000000c001bd91        0x0 crtn.32
 *fill*         0x00000000c001bd91        0x3 
 .text          0x00000000c001bd94      0x14b /cygdrive/d/Users/Alex/Desktop/Toolchain/Output/bin/../lib/gcc/i386-banana/8.1.0/libkgcc.a(_divdi3.o)
                0x00000000c001bd94                __divdi3
 *fill*         0x00000000c001bedf        0x1 
 .text          0x00000000c001bee0      0x17e /cygdrive/d/Users/Alex/Desktop/Toolchain/Output/bin/../lib/gcc/i386-banana/8.1.0/libkgcc.a(_moddi3.o)
                0x00000000c001bee0                __moddi3
 *fill*         0x00000000c001c05e        0x2 
 .text          0x00000000c001c060       0xff /cygdrive/d/Users/Alex/Desktop/Toolchain/Output/bin/../lib/gcc/i386-banana/8.1.0/libkgcc.a(_udivdi3.o)
                0x00000000c001c060                __udivdi3
 *fill*         0x00000000c001c15f        0x1 
 .text          0x00000000c001c160      0x11a /cygdrive/d/Users/Alex/Desktop/Toolchain/Output/bin/../lib/gcc/i386-banana/8.1.0/libkgcc.a(_umoddi3.o)
                0x00000000c001c160                __umoddi3
 *(.gnu.linkonce.t*)

.iplt           0x00000000c001c280        0x0
 .iplt          0x00000000c001c280        0x0 D:/Users/Alex/Desktop/Banana/kernel/boot.32

.init           0x00000000c001c27a        0xf
 .init          0x00000000c001c27a        0x3 crti.32
                0x00000000c001c27a                _init
 .init          0x00000000c001c27d        0x5 /cygdrive/d/Users/Alex/Desktop/Toolchain/Output/bin/../lib/gcc/i386-banana/8.1.0/crtbegin.o
 .init          0x00000000c001c282        0x5 /cygdrive/d/Users/Alex/Desktop/Toolchain/Output/bin/../lib/gcc/i386-banana/8.1.0/crtend.o
 .init          0x00000000c001c287        0x2 crtn.32

.fini           0x00000000c001c289        0xa
 .fini          0x00000000c001c289        0x3 crti.32
                0x00000000c001c289                _fini
 .fini          0x00000000c001c28c        0x5 /cygdrive/d/Users/Alex/Desktop/Toolchain/Output/bin/../lib/gcc/i386-banana/8.1.0/crtbegin.o
 .fini          0x00000000c001c291        0x2 crtn.32

.text._ZN8ComputerD2Ev
                0x00000000c001c294       0x23
 .text._ZN8ComputerD2Ev
                0x00000000c001c294       0x23 core/computer.32
                0x00000000c001c294                Computer::~Computer()
                0x00000000c001c294                Computer::~Computer()

.text._ZN8ComputerD0Ev
                0x00000000c001c2b8       0x2a
 .text._ZN8ComputerD0Ev
                0x00000000c001c2b8       0x2a core/computer.32
                0x00000000c001c2b8                Computer::~Computer()

.text._Z10idleCommonv
                0x00000000c001c2e2       0x21
 .text._Z10idleCommonv
                0x00000000c001c2e2       0x21 core/idle.32
                0x00000000c001c2e2                idleCommon()

.text._ZN10LinkedListI8UnixFileED2Ev
                0x00000000c001c304        0x2
 .text._ZN10LinkedListI8UnixFileED2Ev
                0x00000000c001c304        0x2 core/unixfile.32
                0x00000000c001c304                LinkedList<UnixFile>::~LinkedList()
                0x00000000c001c304                LinkedList<UnixFile>::~LinkedList()

.text._ZN10LinkedListI8UnixFileEC2Ev
                0x00000000c001c306       0x42
 .text._ZN10LinkedListI8UnixFileEC2Ev
                0x00000000c001c306       0x42 core/unixfile.32
                0x00000000c001c306                LinkedList<UnixFile>::LinkedList()
                0x00000000c001c306                LinkedList<UnixFile>::LinkedList()

.text._ZN10LinkedListI8UnixFileE10addElementEPS0_
                0x00000000c001c348       0xd3
 .text._ZN10LinkedListI8UnixFileE10addElementEPS0_
                0x00000000c001c348       0xd3 core/unixfile.32
                0x00000000c001c348                LinkedList<UnixFile>::addElement(UnixFile*)

.text._ZN10LinkedListI8UnixFileE15getFirstElementEv
                0x00000000c001c41c        0x7
 .text._ZN10LinkedListI8UnixFileE15getFirstElementEv
                0x00000000c001c41c        0x7 core/unixfile.32
                0x00000000c001c41c                LinkedList<UnixFile>::getFirstElement()

.text._ZN10LinkedListI8UnixFileE11removeFirstEv
                0x00000000c001c424       0xa1
 .text._ZN10LinkedListI8UnixFileE11removeFirstEv
                0x00000000c001c424       0xa1 core/unixfile.32
                0x00000000c001c424                LinkedList<UnixFile>::removeFirst()

.text._ZN10LinkedListI8UnixFileE7getNextEPS0_
                0x00000000c001c4c6        0x8
 .text._ZN10LinkedListI8UnixFileE7getNextEPS0_
                0x00000000c001c4c6        0x8 core/unixfile.32
                0x00000000c001c4c6                LinkedList<UnixFile>::getNext(UnixFile*)

.text._ZN16DriverlessDeviceD2Ev
                0x00000000c001c4ce       0x1a
 .text._ZN16DriverlessDeviceD2Ev
                0x00000000c001c4ce       0x1a hal/device.32
                0x00000000c001c4ce                DriverlessDevice::~DriverlessDevice()
                0x00000000c001c4ce                DriverlessDevice::~DriverlessDevice()

.text._ZN16DriverlessDeviceD0Ev
                0x00000000c001c4e8       0x2a
 .text._ZN16DriverlessDeviceD0Ev
                0x00000000c001c4e8       0x2a hal/device.32
                0x00000000c001c4e8                DriverlessDevice::~DriverlessDevice()

.text._ZN10LinkedListI6DeviceE10addElementEPS0_
                0x00000000c001c512       0xdc
 .text._ZN10LinkedListI6DeviceE10addElementEPS0_
                0x00000000c001c512       0xdc hal/device.32
                0x00000000c001c512                LinkedList<Device>::addElement(Device*)

.text._ZN10LinkedListI6DeviceEC2Ev
                0x00000000c001c5ee       0x42
 .text._ZN10LinkedListI6DeviceEC2Ev
                0x00000000c001c5ee       0x42 hal/device.32
                0x00000000c001c5ee                LinkedList<Device>::LinkedList()
                0x00000000c001c5ee                LinkedList<Device>::LinkedList()

.text._ZN10LinkedListIV18ThreadControlBlockE7isEmptyEv
                0x00000000c001c630       0x1c
 .text._ZN10LinkedListIV18ThreadControlBlockE7isEmptyEv
                0x00000000c001c630       0x1c hal/timer.32
                0x00000000c001c630                LinkedList<ThreadControlBlock volatile>::isEmpty()

.text._ZN10LinkedListIV18ThreadControlBlockE15getFirstElementEv
                0x00000000c001c64c        0x7
 .text._ZN10LinkedListIV18ThreadControlBlockE15getFirstElementEv
                0x00000000c001c64c        0x7 hal/timer.32
                0x00000000c001c64c                LinkedList<ThreadControlBlock volatile>::getFirstElement()

.text._ZN10LinkedListIV18ThreadControlBlockE11removeFirstEv
                0x00000000c001c654       0xb8
 .text._ZN10LinkedListIV18ThreadControlBlockE11removeFirstEv
                0x00000000c001c654       0xb8 hal/timer.32
                0x00000000c001c654                LinkedList<ThreadControlBlock volatile>::removeFirst()

.text._ZN10LinkedListIV18ThreadControlBlockE10addElementEPS1_
                0x00000000c001c70c       0xda
 .text._ZN10LinkedListIV18ThreadControlBlockE10addElementEPS1_
                0x00000000c001c70c       0xda hal/timer.32
                0x00000000c001c70c                LinkedList<ThreadControlBlock volatile>::addElement(ThreadControlBlock volatile*)

.text._ZN4ACPID2Ev
                0x00000000c001c7e8       0x23
 .text._ZN4ACPID2Ev
                0x00000000c001c7e8       0x23 hw/acpi.32
                0x00000000c001c7e8                ACPI::~ACPI()
                0x00000000c001c7e8                ACPI::~ACPI()

.text._ZN4ACPID0Ev