Archive member included to satisfy reference by file (symbol)

/cygdrive/d/Users/Alex/Desktop/Toolchain/Output/bin/../lib/gcc/i386-banana/8.1.0/libkgcc.a(_divdi3.o)
                              fs/fat/ff.32 (__divdi3)
/cygdrive/d/Users/Alex/Desktop/Toolchain/Output/bin/../lib/gcc/i386-banana/8.1.0/libkgcc.a(_moddi3.o)
                              compat/resolve.32 (__moddi3)
/cygdrive/d/Users/Alex/Desktop/Toolchain/Output/bin/../lib/gcc/i386-banana/8.1.0/libkgcc.a(_udivdi3.o)
                              fs/fat/ff.32 (__udivdi3)
/cygdrive/d/Users/Alex/Desktop/Toolchain/Output/bin/../lib/gcc/i386-banana/8.1.0/libkgcc.a(_umoddi3.o)
                              compat/resolve.32 (__umoddi3)
D:/Users/Alex/Desktop/Banana/kernel/libsoftfp.a(sfieeelib.o)
                              hal/libresample/src_linear.32 (__subsf3)
D:/Users/Alex/Desktop/Banana/kernel/libsoftfp.a(dfieeelib.o)
                              hal/libresample/src_linear.32 (__adddf3)
D:/Users/Alex/Desktop/Banana/kernel/libsoftfp.a(sfdfcvt.o)
                              hal/libresample/samplerate.32 (__truncdfsf2)
D:/Users/Alex/Desktop/Banana/kernel/libk/libm32.a(s_fabs.c.o)
                              hal/libresample/samplerate.32 (fabs)
D:/Users/Alex/Desktop/Banana/kernel/libk/libm32.a(s_lrint.S.o)
                              hal/libresample/samplerate.32 (lrint)
D:/Users/Alex/Desktop/Banana/kernel/libk/libm32.a(s_lrintf.S.o)
                              hal/sound/sndhw.32 (lrintf)

Discarded input sections

 .comment       0x0000000000000000       0x12 /cygdrive/d/Users/Alex/Desktop/Toolchain/Output/bin/../lib/gcc/i386-banana/8.1.0/crtbegin.o
 .comment       0x0000000000000000       0x12 acpica/utclib.32
 .comment       0x0000000000000000       0x12 core/malloc.32
 .comment       0x0000000000000000       0x12 libk/string.32
 .comment       0x0000000000000000       0x12 fs/fat/diskio.32
 .comment       0x0000000000000000       0x12 fs/fat/ff.32
 .comment       0x0000000000000000       0x12 fs/fat/ffsystem.32
 .comment       0x0000000000000000       0x12 fs/fat/ffunicode.32
 .comment       0x0000000000000000       0x12 hal/libresample/samplerate.32
 .comment       0x0000000000000000       0x12 hal/libresample/src_linear.32
 .comment       0x0000000000000000       0x12 hal/libresample/src_sinc.32
 .comment       0x0000000000000000       0x12 hal/libresample/src_zoh.32
 .comment       0x0000000000000000       0x12 compat/inlines.32
 .comment       0x0000000000000000       0x12 compat/resolve.32
 .group         0x0000000000000000       0x14 core/computer.32
 .group         0x0000000000000000        0xc core/computer.32
 .comment       0x0000000000000000       0x12 core/computer.32
 .comment       0x0000000000000000       0x12 core/gdt.32
 .group         0x0000000000000000        0xc core/idle.32
 .comment       0x0000000000000000       0x12 core/idle.32
 .comment       0x0000000000000000       0x12 core/idt.32
 .comment       0x0000000000000000       0x12 core/kheap.32
 .comment       0x0000000000000000       0x12 core/main.32
 .comment       0x0000000000000000       0x12 core/physmgr.32
 .group         0x0000000000000000        0xc core/pipe.32
 .comment       0x0000000000000000       0x12 core/pipe.32
 .group         0x0000000000000000        0xc core/terminal.32
 .comment       0x0000000000000000       0x12 core/terminal.32
 .comment       0x0000000000000000       0x12 core/tss.32
 .group         0x0000000000000000        0x8 core/unixfile.32
 .group         0x0000000000000000        0x8 core/unixfile.32
 .group         0x0000000000000000        0xc core/unixfile.32
 .group         0x0000000000000000        0x8 core/unixfile.32
 .group         0x0000000000000000        0xc core/unixfile.32
 .group         0x0000000000000000        0x8 core/unixfile.32
 .group         0x0000000000000000        0xc core/unixfile.32
 .group         0x0000000000000000        0xc core/unixfile.32
 .comment       0x0000000000000000       0x12 core/unixfile.32
 .comment       0x0000000000000000       0x12 core/virtmgr.32
 .comment       0x0000000000000000       0x12 coreobjs/c++.32
 .comment       0x0000000000000000       0x12 dbg/kconsole.32
 .group         0x0000000000000000        0xc fs/vfs.32
 .group         0x0000000000000000        0xc fs/vfs.32
 .group         0x0000000000000000        0xc fs/vfs.32
 .comment       0x0000000000000000       0x12 fs/vfs.32
 .group         0x0000000000000000        0xc hal/bus.32
 .comment       0x0000000000000000       0x12 hal/bus.32
 .group         0x0000000000000000        0xc hal/buzzer.32
 .comment       0x0000000000000000       0x12 hal/buzzer.32
 .group         0x0000000000000000        0xc hal/clock.32
 .comment       0x0000000000000000       0x12 hal/clock.32
 .group         0x0000000000000000       0x14 hal/device.32
 .group         0x0000000000000000        0xc hal/device.32
 .group         0x0000000000000000        0x8 hal/device.32
 .group         0x0000000000000000        0xc hal/device.32
[...]
Memory Configuration

Name             Origin             Length             Attributes
*default*        0x0000000000000000 0xffffffffffffffff

Linker script and memory map

LOAD D:/Users/Alex/Desktop/Banana/kernel/boot.32
LOAD crti.32
LOAD /cygdrive/d/Users/Alex/Desktop/Toolchain/Output/bin/../lib/gcc/i386-banana/8.1.0/crtbegin.o
LOAD D:/Users/Alex/Desktop/Banana/kernel/morenasm.32
LOAD acpica/utclib.32
LOAD core/malloc.32
LOAD libk/string.32
LOAD fs/fat/diskio.32
LOAD fs/fat/ff.32
LOAD fs/fat/ffsystem.32
LOAD fs/fat/ffunicode.32
LOAD hal/libresample/samplerate.32
LOAD hal/libresample/src_linear.32
LOAD hal/libresample/src_sinc.32
LOAD hal/libresample/src_zoh.32
LOAD compat/inlines.32
LOAD compat/resolve.32
LOAD core/computer.32
LOAD core/gdt.32
LOAD core/idle.32
LOAD core/idt.32
LOAD core/kheap.32
LOAD core/main.32
LOAD core/physmgr.32
LOAD core/pipe.32
LOAD core/terminal.32
LOAD core/tss.32
LOAD core/unixfile.32
LOAD core/virtmgr.32
LOAD coreobjs/c++.32
LOAD dbg/kconsole.32
LOAD fs/vfs.32
LOAD hal/bus.32
LOAD hal/buzzer.32
LOAD hal/clock.32
LOAD hal/device.32
LOAD hal/diskctrl.32
LOAD hal/diskphys.32
LOAD hal/fpu.32
LOAD hal/intctrl.32
LOAD hal/keybrd.32
LOAD hal/logidisk.32
LOAD hal/mouse.32
LOAD hal/partition.32
LOAD hal/serial.32
LOAD hal/timer.32
LOAD hal/vcache.32
LOAD hal/video.32
LOAD hw/acpi.32
LOAD hw/cpu.32
LOAD hw/ports.32
LOAD hw/smp.32
LOAD krnl/env.32
LOAD krnl/panic.32
LOAD net/ethernet.32
LOAD reg/registry.32
LOAD sys/sc_eject.32
LOAD sys/sc_exit.32
LOAD sys/sc_getcwd.32
LOAD sys/sc_getpid.32
LOAD sys/sc_getramdata.32
LOAD sys/sc_getvgaptr.32
LOAD sys/sc_loaddll.32
LOAD sys/sc_read.32
LOAD sys/sc_sbrk.32
LOAD sys/sc_setcwd.32
LOAD sys/sc_settime.32
LOAD sys/sc_timezone.32
LOAD sys/sc_write.32
LOAD sys/sc_wsbe.32
LOAD sys/sc_yield.32
LOAD sys/syscalls.32
LOAD thr/elf.32
LOAD thr/prcssthr.32
LOAD vm86/vm8086.32
LOAD vm86/x87em.32
LOAD fs/fat/vfslink.32
LOAD fs/iso9660/vfslink.32
LOAD hal/sound/sndchannel.32
LOAD hal/sound/sndhw.32
LOAD hw/bus/isa.32
LOAD hw/bus/pci.32
LOAD hw/diskctrl/ide.32
LOAD hw/diskctrl/satabus.32
LOAD hw/diskphys/ata.32
LOAD hw/diskphys/atapi.32
LOAD hw/diskphys/sata.32
LOAD hw/diskphys/satapi.32
LOAD hw/fpu/avx.32
LOAD hw/fpu/mmx.32
LOAD hw/fpu/sse.32
LOAD hw/fpu/x87.32
LOAD hw/intctrl/apic.32
LOAD hw/intctrl/pic.32
LOAD hw/timer/apictimer.32
LOAD hw/timer/pit.32
LOAD hw/fpu/x86/avx.32
LOAD hw/fpu/x86/sse.32
LOAD hw/fpu/x86/x87.32
LOAD /cygdrive/d/Users/Alex/Desktop/Toolchain/Output/bin/../lib/gcc/i386-banana/8.1.0/crtend.o
LOAD crtn.32
LOAD /cygdrive/d/Users/Alex/Desktop/Toolchain/Output/bin/../lib/gcc/i386-banana/8.1.0/libkgcc.a
LOAD D:/Users/Alex/Desktop/Banana/kernel/libsoftfp.a
LOAD D:/Users/Alex/Desktop/Banana/kernel/libk/libm32.a
                0x00000000c0000000                . = 0xc0000000

.text           0x00000000c0000000    0x283c8
 *(.text)
 .text          0x00000000c0000000       0x41 D:/Users/Alex/Desktop/Banana/kernel/boot.32
                0x00000000c0000020                callGlobalConstructors
 .text          0x00000000c0000041        0x0 crti.32
 *fill*         0x00000000c0000041        0x3 
 .text          0x00000000c0000044      0x101 /cygdrive/d/Users/Alex/Desktop/Toolchain/Output/bin/../lib/gcc/i386-banana/8.1.0/crtbegin.o
 *fill*         0x00000000c0000145        0xb 
 .text          0x00000000c0000150      0x4fb D:/Users/Alex/Desktop/Banana/kernel/morenasm.32
                0x00000000c0000150                manualPCIProbe
                0x00000000c000019b                prepareTramp
                0x00000000c00001b4                voodooXADD
                0x00000000c000027f                doTPAUSE
                0x00000000c0000289                hasLegacyFPU
                0x00000000c00002ae                is486
                0x00000000c00002e4                detectCPUID
                0x00000000c00002fa                goToVM86
                0x00000000c000032a                goToUsermode
                0x00000000c0000354                switchToThreadASMFirstTime
                0x00000000c0000362                switchToThreadASM
                0x00000000c00003f2                asmQuickAcquireLock
                0x00000000c0000410                asmQuickReleaseLock
                0x00000000c000041c                asmAcquireLock
                0x00000000c000043d                asmReleaseLock
                0x00000000c0000450                loadGDT
                0x00000000c0000470                isr0
                0x00000000c0000480                isr1
                0x00000000c000048a                isr2
                0x00000000c0000494                isr3
                0x00000000c000049e                isr4
                0x00000000c00004a8                isr5
                0x00000000c00004b2                isr6
                0x00000000c00004bc                isr7
                0x00000000c00004c6                isr8
                0x00000000c00004ce                isr9
                0x00000000c00004d8                isr10
                0x00000000c00004e0                isr11
                0x00000000c00004e8                isr12
                0x00000000c00004f0                isr13
                0x00000000c00004f8                isr14
                0x00000000c0000500                isr15
                0x00000000c000050a                isr16
                0x00000000c0000514                isr17
                0x00000000c000051e                isr18
                0x00000000c0000528                irq3
                0x00000000c0000532                irq4
                0x00000000c000053c                irq5
                0x00000000c0000546                irq6
                0x00000000c0000550                irq7
                0x00000000c000055a                irq8
                0x00000000c0000564                irq9
                0x00000000c000056e                irq10
                0x00000000c0000578                irq11
                0x00000000c0000582                irq12
                0x00000000c000058c                irq13
                0x00000000c0000596                irq14
                0x00000000c00005a0                irq15
                0x00000000c00005aa                irq1
                0x00000000c00005b1                irq2
                0x00000000c00005b8                isr96
                0x00000000c00005bf                irq0
                0x00000000c00005c4                syscall_common_stub
                0x00000000c00005c4                int_common_stub
                0x00000000c00005f6                irq16
                0x00000000c0000600                irq17
                0x00000000c000060a                irq18
                0x00000000c0000614                irq19
                0x00000000c000061e                irq20
                0x00000000c0000628                irq21
                0x00000000c0000632                irq22
                0x00000000c000063c                irq23
                0x00000000c0000646                memcpy
 *fill*         0x00000000c000064b        0x1 
 .text          0x00000000c000064c      0x5dd acpica/utclib.32
                0x00000000c000064c                memcmp
                0x00000000c0000688                memmove
                0x00000000c0000750                memset
                0x00000000c000076c                strlen
                0x00000000c0000784                strpbrk
                0x00000000c00007c0                strtok
                0x00000000c000080c                strcpy
                0x00000000c0000830                strncpy
                0x00000000c0000898                strcmp
                0x00000000c00008d8                strchr
                0x00000000c00008fc                strncmp
                0x00000000c000094c                strcat
                0x00000000c000097c                strncat
                0x00000000c00009b8                strstr
                0x00000000c0000a00                toupper
                0x00000000c0000a14                tolower
                0x00000000c0000a28                simple_strtoul
 .text          0x00000000c0000c29      0xfad core/malloc.32
                0x00000000c0000d94                dlfree
                0x00000000c00010ef                dlmalloc
                0x00000000c000162c                dlrealloc
                0x00000000c00017cf                dlmemalign
                0x00000000c00018f2                dlcalloc
                0x00000000c000198c                dlcfree
                0x00000000c0001991                dlindependent_calloc
                0x00000000c00019b6                dlindependent_comalloc
                0x00000000c00019cd                dlvalloc
                0x00000000c00019f8                dlpvalloc
                0x00000000c0001a2e                dlmalloc_trim
                0x00000000c0001a3b                dlmalloc_usable_size
                0x00000000c0001a6c                dlmallinfo
                0x00000000c0001b3b                dlmalloc_stats
                0x00000000c0001b4c                dlmallopt
 .text          0x00000000c0001bd6        0x0 libk/string.32
 .text          0x00000000c0001bd6       0x51 fs/fat/diskio.32
                0x00000000c0001bd6                disk_status
                0x00000000c0001bd9                disk_initialize
                0x00000000c0001bdc                disk_read
                0x00000000c0001bf2                disk_write
                0x00000000c0001c08                disk_ioctl
 .text          0x00000000c0001c27     0x6833 fs/fat/ff.32
                0x00000000c0004ef5                f_mount
                0x00000000c0004f57                f_open
                0x00000000c0005393                f_read
                0x00000000c0005613                f_write
                0x00000000c00058cd                f_sync
                0x00000000c0005aa9                f_close
                0x00000000c0005ad8                f_lseek
                0x00000000c0005f8f                f_opendir
                0x00000000c0006091                f_closedir
                0x00000000c00060b3                f_readdir
                0x00000000c000614e                f_stat
                0x00000000c00061dd                f_getfree
                0x00000000c00063a8                f_truncate
                0x00000000c00064a0                f_unlink
                0x00000000c0006623                f_mkdir
                0x00000000c000684f                f_rename
                0x00000000c0006b42                f_chmod
                0x00000000c0006c20                f_utime
                0x00000000c0006cfe                f_getlabel
                0x00000000c0006eec                f_setlabel
                0x00000000c0007159                f_forward
                0x00000000c0007337                f_mkfs
 .text          0x00000000c000845a       0x2d fs/fat/ffsystem.32
                0x00000000c000845a                ff_memalloc
                0x00000000c0008470                ff_memfree
 .text          0x00000000c0008487      0x253 fs/fat/ffunicode.32
                0x00000000c0008487                ff_uni2oem
                0x00000000c0008517                ff_oem2uni
                0x00000000c0008583                ff_wtoupper
 .text          0x00000000c00086da      0x8fb hal/libresample/samplerate.32
                0x00000000c000871e                src_delete
                0x00000000c000875a                src_process
                0x00000000c0008910                src_callback_read
                0x00000000c0008a8d                src_set_ratio
                0x00000000c0008af7                src_get_channels
                0x00000000c0008b19                src_reset
                0x00000000c0008b65                src_new
                0x00000000c0008bf3                src_callback_new
                0x00000000c0008c55                src_get_name
                0x00000000c0008c8c                src_get_description
                0x00000000c0008cc3                src_get_version
                0x00000000c0008cc9                src_is_valid_ratio
                0x00000000c0008d1d                src_error
                0x00000000c0008d2b                src_strerror
                0x00000000c0008d3e                src_simple
                0x00000000c0008d91                src_short_to_float_array
                0x00000000c0008df6                src_float_to_short_array
                0x00000000c0008eb5                src_int_to_float_array
                0x00000000c0008f18                src_float_to_int_array
 .text          0x00000000c0008fd5      0x8cb hal/libresample/src_linear.32
                0x00000000c00097fb                linear_get_name
                0x00000000c000980a                linear_get_description
                0x00000000c0009819                linear_set_converter
 .text          0x00000000c00098a0     0x447c hal/libresample/src_sinc.32
                0x00000000c000dc33                sinc_get_name
                0x00000000c000dc46                sinc_get_description
                0x00000000c000dc59                sinc_set_converter
 .text          0x00000000c000dd1c      0x77c hal/libresample/src_zoh.32
                0x00000000c000e3f3                zoh_get_name
                0x00000000c000e402                zoh_get_description
                0x00000000c000e411                zoh_set_converter
 .text          0x00000000c000e498       0xa7 compat/inlines.32
                0x00000000c000e498                CPU::current()
                0x00000000c000e4a4                operator new(unsigned long)
                0x00000000c000e4a9                operator delete(void*)
                0x00000000c000e4ae                disableIRQs()
                0x00000000c000e4b6                enableIRQs()
                0x00000000c000e4c5                lockScheduler()
                0x00000000c000e4cd                unlockScheduler()
                0x00000000c000e4dc                lockStuff()
                0x00000000c000e4ea                unlockStuff()
                0x00000000c000e524                Virt::getAKernelVAS()
                0x00000000c000e52a                __not_memcpy
 .text          0x00000000c000e53f      0x111 compat/resolve.32
                0x00000000c000e53f                Krnl::resolveCompatibilitySymbol(char*)
 .text          0x00000000c000e650      0x741 core/computer.32
                0x00000000c000e650                Computer::close(int, int, void*)
                0x00000000c000e694                Krnl::firstTask()
                0x00000000c000e7d6                Computer::Computer()
                0x00000000c000e7d6                Computer::Computer()
                0x00000000c000e932                Computer::setBootMessage(char const*)
                0x00000000c000e934                Computer::detectFeatures()
                0x00000000c000eb3e                Computer::displayFeatures()
                0x00000000c000eb40                Computer::rdmsr(unsigned int)
                0x00000000c000eb6c                Computer::wrmsr(unsigned int, unsigned long long)
                0x00000000c000eba4                Computer::nmiEnabled()
                0x00000000c000ebb0                Computer::readCMOS(unsigned char)
                0x00000000c000ebca                Computer::enableNMI(bool)
                0x00000000c000ebe2                Computer::open(int, int, void*)
                0x00000000c000ecd4                Computer::disableNMI()
                0x00000000c000ece2                Computer::writeCMOS(unsigned char, unsigned char)
                0x00000000c000ed00                Computer::handleNMI()
                0x00000000c000ed66                Computer::setDiskActivityLight(int, bool)
 *fill*         0x00000000c000ed91        0x1 
 .text          0x00000000c000ed92      0x19d core/gdt.32
                0x00000000c000ed92                GDTEntry::setBase(unsigned int)
                0x00000000c000edae                GDTEntry::setLimit(unsigned int)
                0x00000000c000edcc                GDT::GDT()
                0x00000000c000edcc                GDT::GDT()
                0x00000000c000ede2                GDT::addEntry(GDTEntry)
                0x00000000c000ee04                GDT::getNumberOfEntries()
                0x00000000c000ee0c                GDT::flush()
                0x00000000c000ee2e                GDT::setup()
 .text          0x00000000c000ef2f       0x6b core/idle.32
                0x00000000c000ef2f                idleFunction(void*)
 .text          0x00000000c000ef9a      0x45e core/idt.32
                0x00000000c000ef9a                IDTEntry::IDTEntry(bool)
                0x00000000c000ef9a                IDTEntry::IDTEntry(bool)
                0x00000000c000f008                IDTEntry::setOffset(unsigned int)
                0x00000000c000f01c                IDT::IDT()
                0x00000000c000f01c                IDT::IDT()
                0x00000000c000f01e                IDT::getPointerToInvalidOpcodeEntryForF00F()
                0x00000000c000f026                IDT::addEntry(IDTEntry, int)
                0x00000000c000f040                IDT::addEntry(int, void (*)(), bool)
                0x00000000c000f078                IDT::flush()
                0x00000000c000f092                IDT::setup()
 .text          0x00000000c000f3f8      0x1fb core/kheap.32
                0x00000000c000f3f8                sbrk
                0x00000000c000f505                mmap
                0x00000000c000f51b                munmap
                0x00000000c000f531                liballoc_lock()
                0x00000000c000f53e                liballoc_unlock()
                0x00000000c000f552                liballoc_alloc(int)
                0x00000000c000f56a                liballoc_free(void*, int)
                0x00000000c000f585                realloc
                0x00000000c000f599                malloc
                0x00000000c000f5a9                free
                0x00000000c000f5b9                rfree
                0x00000000c000f5c9                calloc
 .text          0x00000000c000f5f3      0x1b6 core/main.32
                0x00000000c000f5f3                Krnl::setBootMessage(char const*)
                0x00000000c000f65f                kernel_main
 .text          0x00000000c000f7a9      0x5ca core/physmgr.32
                0x00000000c000f7a9                Phys::allocateDMA(unsigned long)
                0x00000000c000f86a                Phys::freeDMA(unsigned long, unsigned long)
                0x00000000c000f8b2                Phys::setPageState(unsigned long, bool)
                0x00000000c000f8e4                Phys::getPageState(unsigned long)
                0x00000000c000f900                Phys::freePage(unsigned long)
                0x00000000c000f971                Phys::allocatePage()
                0x00000000c000fa69                Phys::allocateContiguousPages(int)
                0x00000000c000fac5                Phys::allowSegmentToBeUsed(unsigned long, unsigned long)
                0x00000000c000fafd                Phys::physicalMemorySetup(unsigned int)
 *fill*         0x00000000c000fd73        0x1 
 .text          0x00000000c000fd74      0x273 core/pipe.32
                0x00000000c000fd74                Pipe::isAtty()
                0x00000000c000fd78                Pipe::~Pipe()
                0x00000000c000fd78                Pipe::~Pipe()
                0x00000000c000fd9c                Pipe::~Pipe()
                0x00000000c000fdc4                Pipe::read(unsigned long long, void*, int*)
                0x00000000c000fec0                Pipe::write(unsigned long long, void*, int*)
                0x00000000c000ff80                Pipe::Pipe(int)
                0x00000000c000ff80                Pipe::Pipe(int)
 *fill*         0x00000000c000ffe7        0x1 
 .text          0x00000000c000ffe8      0xb91 core/terminal.32
                0x00000000c000ffe8                VgaText::isAtty()
                0x00000000c000ffec                VgaText::~VgaText()
                0x00000000c000ffec                VgaText::~VgaText()
                0x00000000c0010010                VgaText::~VgaText()
                0x00000000c001003a                VgaText::read(unsigned long long, void*, int*)
                0x00000000c001005a                setTerminalScrollLock(bool)
                0x00000000c001005b                addToTerminalCycle(VgaText*)
                0x00000000c001007c                installVgaTextImplementation()
                0x00000000c0010091                scrollTerminalScrollLock(int)
                0x00000000c0010092                VgaText::updateTitle()
                0x00000000c00100d0                VgaText::load()
                0x00000000c001011e                VgaText::updateCursor()
                0x00000000c0010134                VgaText::doANSI_SGR(int)
                0x00000000c00101a8                VgaText::setDefaultBgColour(VgaColour)
                0x00000000c00101b8                VgaText::setDefaultFgColour(VgaColour)
                0x00000000c00101c8                VgaText::setDefaultColours(VgaColour, VgaColour)
                0x00000000c00101e8                VgaText::setTitleTextColour(VgaColour)
                0x00000000c00101f8                VgaText::setTitleColour(VgaColour)
                0x00000000c0010208                VgaText::setTitle(char*)
                0x00000000c001022e                VgaText::combineColours(unsigned char, unsigned char)
                0x00000000c0010240                VgaText::scrollScreen()
                0x00000000c00102d4                VgaText::combineCharAndColour(char, unsigned char)
                0x00000000c00102e6                VgaText::writeCharacter(char, VgaColour, VgaColour, int, int)
                0x00000000c0010342                VgaText::getCursorX()
                0x00000000c001034a                VgaText::getCursorY()
                0x00000000c0010352                VgaText::setCursor(int, int)
                0x00000000c0010369                setActiveTerminal(VgaText*)
                0x00000000c00103cb                doTerminalCycle()
                0x00000000c00103e6                VgaText::setCursorX(int)
                0x00000000c00103fe                VgaText::setCursorY(int)
                0x00000000c0010416                VgaText::incrementCursor(bool)
                0x00000000c001046a                VgaText::decrementCursor(bool)
                0x00000000c001048c                VgaText::putchar(char, VgaColour, VgaColour)
                0x00000000c0010564                VgaText::doUpdate()
                0x00000000c0010572                VgaText::puts(char const*, VgaColour, VgaColour)
                0x00000000c00106ea                VgaText::clearScreen()
                0x00000000c0010744                VgaText::putchar(char)
                0x00000000c0010830                VgaText::putx(unsigned int)
                0x00000000c0010876                VgaText::puts(char const*)
                0x00000000c001089c                VgaText::VgaText(char const*)
                0x00000000c001089c                VgaText::VgaText(char const*)
                0x00000000c0010a18                VgaText::receiveKey(unsigned char)
                0x00000000c0010b00                VgaText::write(unsigned long long, void*, int*)
                0x00000000c0010b54                newTerminal(char*)
 *fill*         0x00000000c0010b79        0x1 
 .text          0x00000000c0010b7a      0x19d core/tss.32
                0x00000000c0010b7a                TSS::TSS()
                0x00000000c0010b7a                TSS::TSS()
                0x00000000c0010b88                TSS::setESP(unsigned long)
                0x00000000c0010b9a                TSS::flush()
                0x00000000c0010bba                TSS::setup(unsigned long, unsigned long)
 *fill*         0x00000000c0010d17        0x1 
 .text          0x00000000c0010d18      0x4c2 core/unixfile.32
                0x00000000c0010d18                ReservedFilename::read(unsigned long long, void*, int*)
                0x00000000c0010d6e                ReservedFilename::isAtty()
                0x00000000c0010d8a                ReservedFilename::write(unsigned long long, void*, int*)
                0x00000000c0010de8                UnixFile::getFileDescriptor()
                0x00000000c0010df0                UnixFile::UnixFile(int)
                0x00000000c0010df0                UnixFile::UnixFile(int)
                0x00000000c0010fa0                ReservedFilename::ReservedFilename(int)
                0x00000000c0010fa0                ReservedFilename::ReservedFilename(int)
                0x00000000c0010fd2                UnixFile::~UnixFile()
                0x00000000c0010fd2                UnixFile::~UnixFile()
                0x00000000c001106a                UnixFile::~UnixFile()
                0x00000000c0011092                ReservedFilename::~ReservedFilename()
                0x00000000c0011092                ReservedFilename::~ReservedFilename()
                0x00000000c00110b6                ReservedFilename::~ReservedFilename()
                0x00000000c00110dd                getFromFileDescriptor(int)
 .text          0x00000000c00111da     0x13a7 core/virtmgr.32
                0x00000000c00111da                Virt::setPageState(unsigned long, Virt::VirtPageState)
                0x00000000c001120f                Virt::getPageState(unsigned long)
                0x00000000c0011233                Virt::allocateKernelVirtualPages(int)
                0x00000000c0011344                Virt::freeSwapfilePage(unsigned long)
                0x00000000c0011362                Virt::swapIDToSector(unsigned long)
                0x00000000c0011374                Virt::allocateSwapfilePage()
                0x00000000c00113f2                Virt::virtualMemorySetup()
                0x00000000c001143d                Virt::setupPageSwapping(int)
                0x00000000c00115c4                VAS::VAS()
                0x00000000c00115c4                VAS::VAS()
                0x00000000c0011600                VAS::VAS(VAS*)
                0x00000000c0011600                VAS::VAS(VAS*)
                0x00000000c001162e                VAS::getForeignPageTableEntry(bool, unsigned long)
                0x00000000c001165a                VAS::getPageTableEntry(unsigned long)
                0x00000000c0011679                Virt::freeKernelVirtualPages(unsigned long)
                0x00000000c001179c                VAS::freeAllocatedPages(unsigned long)
                0x00000000c00117c0                VAS::virtualToPhysical(unsigned long)
                0x00000000c00117d8                VAS::reflagRange(unsigned long, int, int, int)
                0x00000000c0011818                VAS::setToWriteCombining(unsigned long, int)
                0x00000000c001184a                VAS::mapOtherVASIn(bool, VAS*)
                0x00000000c0011874                VAS::~VAS()
                0x00000000c0011874                VAS::~VAS()
                0x00000000c00119f0                VAS::mapPage(unsigned long, unsigned long, int)
                0x00000000c0011af2                VAS::allocatePages(int, int)
                0x00000000c0011cca                VAS::setCPUSpecific(unsigned long)
                0x00000000c0011ce6                VAS::mapRange(unsigned long, unsigned long, int, int)
                0x00000000c0011dac                VAS::mapForeignPage(bool, VAS*, unsigned long, unsigned long, int)
                0x00000000c0011e9a                VAS::VAS(bool)
                0x00000000c0011e9a                VAS::VAS(bool)
                0x00000000c001211a                VAS::evict(unsigned long)
                0x00000000c0012208                VAS::tryLoadBackOffDisk(unsigned long)
                0x00000000c00123a4                VAS::scanForEviction()
                0x00000000c0012455                mapVASFirstTime
 .text          0x00000000c0012581       0x95 coreobjs/c++.32
                0x00000000c0012581                __cxa_atexit
                0x00000000c0012584                __cxa_finalize
                0x00000000c0012585                __stack_chk_fail
                0x00000000c00125f1                __cxa_pure_virtual
                0x00000000c0012602                operator new[](unsigned long)
                0x00000000c0012607                operator delete(void*, unsigned long)
                0x00000000c001260c                operator delete[](void*)
                0x00000000c0012611                operator delete[](void*, unsigned long)
 .text          0x00000000c0012616      0x1e7 dbg/kconsole.32
                0x00000000c0012616                Dbg::stringifyxWithBase(unsigned int, char*, int)
                0x00000000c001266f                Dbg::logc(char)
                0x00000000c0012686                Dbg::logs(char*)
                0x00000000c00126a3                Dbg::logWriteInt(unsigned int)
                0x00000000c00126c0                Dbg::logWriteIntBase(unsigned int, int)
                0x00000000c00126df                Dbg::kprintf(char const*, ...)
 *fill*         0x00000000c00127fd        0x1 
 .text          0x00000000c00127fe      0xb82 fs/vfs.32
                0x00000000c00127fe                File::read(unsigned long long, void*, int*)
                0x00000000c0012856                File::write(unsigned long long, void*, int*)
                0x00000000c00128ae                Directory::read(unsigned long long, void*, int*)
                0x00000000c0012906                Directory::write(unsigned long long, void*, int*)
                0x00000000c0012934                File::isAtty()
                0x00000000c0012938                Directory::isAtty()
                0x00000000c001293c                Filesystem::getlabel(LogicalDisk*, int, char*, unsigned int*)
                0x00000000c0012942                Filesystem::setlabel(LogicalDisk*, int, char*)
                0x00000000c0012948                Filesystem::getFileFirstSector(char const*)
                0x00000000c001294e                File::~File()
                0x00000000c001294e                File::~File()
                0x00000000c0012972                File::~File()
                0x00000000c001299c                Directory::~Directory()
                0x00000000c001299c                Directory::~Directory()
                0x00000000c00129c0                Directory::~Directory()
                0x00000000c00129ea                Filesystem::Filesystem()
                0x00000000c00129ea                Filesystem::Filesystem()
                0x00000000c0012a0e                Filesystem::~Filesystem()
                0x00000000c0012a0e                Filesystem::~Filesystem()
                0x00000000c0012a1c                Filesystem::~Filesystem()
                0x00000000c0012a40                Fs::getcwd(Process*, char*, int)
                0x00000000c0012a6a                Fs::initVFS()
                0x00000000c0012a94                Fs::standardiseFiles(char*, char const*, char const*)
                0x00000000c0012c3e                File::File(char const*, Process*)
                0x00000000c0012c3e                File::File(char const*, Process*)
                0x00000000c0012ca2                File::open(FileOpenMode)
                0x00000000c0012d00                File::close()
                0x00000000c0012d60                File::seek(unsigned long long)
                0x00000000c0012db6                File::tell(unsigned long long*)
                0x00000000c0012e06                File::rewind()
                0x00000000c0012e1a                File::unlink()
                0x00000000c0012e66                File::rename(char const*)
                0x00000000c0012eb4                File::chfatattr(unsigned char, unsigned char)
                0x00000000c0012f10                File::exists()
                0x00000000c0012f4e                File::stat(unsigned long long*, bool*)
                0x00000000c0012faf                Fs::setcwd(Process*, char*)
                0x00000000c00130ea                Directory::Directory(char const*, Process*)
                0x00000000c00130ea                Directory::Directory(char const*, Process*)
                0x00000000c001314e                Directory::open()
                0x00000000c00131aa                Directory::close()
                0x00000000c001320a                Directory::unlink()
                0x00000000c0013256                Directory::rename(char const*)
                0x00000000c00132a4                Directory::exists()
                0x00000000c00132e2                Directory::read(dirent*)
                0x00000000c001332e                Directory::create()
                0x00000000c001337a                Filesystem::chfatattr(char const*, unsigned char, unsigned char)
 .text          0x00000000c0013380       0x84 hal/bus.32
                0x00000000c0013380                Bus::Bus(char const*)
                0x00000000c0013380                Bus::Bus(char const*)
                0x00000000c00133b6                Bus::~Bus()
                0x00000000c00133b6                Bus::~Bus()
                0x00000000c00133da                Bus::~Bus()
 .text          0x00000000c0013404      0x156 hal/buzzer.32
                0x00000000c0013404                Buzzer::Buzzer(char const*)
                0x00000000c0013404                Buzzer::Buzzer(char const*)
                0x00000000c0013448                Buzzer::~Buzzer()
                0x00000000c0013448                Buzzer::~Buzzer()
                0x00000000c001346c                Buzzer::~Buzzer()
                0x00000000c0013496                Buzzer::stop()
                0x00000000c00134a9                beepThread(void*)
                0x00000000c00134ec                Buzzer::beep(int, int, bool)
 .text          0x00000000c001355a      0x467 hal/clock.32
                0x00000000c001355a                User::loadClockSettings(int)
                0x00000000c00135ac                Clock::Clock(char const*)
                0x00000000c00135ac                Clock::Clock(char const*)
                0x00000000c00135e2                Clock::~Clock()
                0x00000000c00135e2                Clock::~Clock()
                0x00000000c0013606                Clock::~Clock()
                0x00000000c0013630                Clock::timeInSecondsLocal()
                0x00000000c0013678                Clock::setTimeInSecondsLocal(unsigned long long)
                0x00000000c00136d1                datetimeToSeconds(datetime_t)
                0x00000000c00137f8                Clock::setTimeInDatetimeLocal(datetime_t)
                0x00000000c0013858                secondsToDatetime(unsigned long long)
                0x00000000c001399c                Clock::timeInDatetimeLocal()
 *fill*         0x00000000c00139c1        0x1 
 .text          0x00000000c00139c2      0x504 hal/device.32
                0x00000000c00139c2                Device::hibernate()
                0x00000000c00139c4                Device::wake()
                0x00000000c00139c6                Device::detect()
                0x00000000c00139c8                Device::disableLegacy()
                0x00000000c00139ca                Device::powerSaving(PowerSavingLevel)
                0x00000000c00139cc                DriverlessDevice::close(int, int, void*)
                0x00000000c00139d0                DriverlessDevice::detect()
                0x00000000c00139d2                DriverlessDevice::open(int, int, void*)
                0x00000000c00139e6                Device::~Device()
                0x00000000c00139e6                Device::~Device()
                0x00000000c00139f4                Device::~Device()
                0x00000000c0013a1c                Device::findAndLoadDriver()
                0x00000000c0013a2a                Device::preOpenPCI(PCIDeviceInfo)
                0x00000000c0013a50                Device::preOpenACPI(void*, char*, char*)
                0x00000000c0013a90                Device::addIRQHandler(int, void (*)(regs*, void*), bool, void*)
                0x00000000c0013ace                Device::getParent()
                0x00000000c0013ada                Device::removeIRQHandler(int, void (*)(regs*, void*), bool)
                0x00000000c0013b18                Device::addChild(Device*)
                0x00000000c0013b5c                Device::removeAllChildren()
                0x00000000c0013ba2                Device::hibernateAll()
                0x00000000c0013bd2                Device::wakeAll()
                0x00000000c0013c02                Device::detectAll()
                0x00000000c0013c32                Device::disableLegacyAll()
                0x00000000c0013c62                Device::loadDriversForAll()
                0x00000000c0013ca2                Device::closeAll()
                0x00000000c0013cd8                Device::powerSavingAll(PowerSavingLevel)
                0x00000000c0013d0e                Device::setName(char const*)
                0x00000000c0013d1c                Device::Device(char const*)
                0x00000000c0013d1c                Device::Device(char const*)
                0x00000000c0013e18                Device::getName()
                0x00000000c0013e22                DriverlessDevice::DriverlessDevice(char const*)
                0x00000000c0013e22                DriverlessDevice::DriverlessDevice(char const*)
                0x00000000c0013e58                Device::addToLinkedList(LinkedList<Device>&, DeviceType)
                0x00000000c0013e9c                getDevicesOfType(DeviceType)
 .text          0x00000000c0013ec6       0x84 hal/diskctrl.32
                0x00000000c0013ec6                HardDiskController::HardDiskController(char const*)
                0x00000000c0013ec6                HardDiskController::HardDiskController(char const*)
                0x00000000c0013efc                HardDiskController::~HardDiskController()
                0x00000000c0013efc                HardDiskController::~HardDiskController()
                0x00000000c0013f20                HardDiskController::~HardDiskController()
 .text          0x00000000c0013f4a       0xe2 hal/diskphys.32
                0x00000000c0013f4a                PhysicalDisk::eject()
                0x00000000c0013f4e                PhysicalDisk::PhysicalDisk(char const*, int)
                0x00000000c0013f4e                PhysicalDisk::PhysicalDisk(char const*, int)
                0x00000000c0013fb6                PhysicalDisk::startCache()
                0x00000000c0013fde                PhysicalDisk::~PhysicalDisk()
                0x00000000c0013fde                PhysicalDisk::~PhysicalDisk()
                0x00000000c0014002                PhysicalDisk::~PhysicalDisk()
 .text          0x00000000c001402c      0x13b hal/fpu.32
                0x00000000c001402c                FPU::FPU(char const*)
                0x00000000c001402c                FPU::FPU(char const*)
                0x00000000c0014062                FPU::~FPU()
                0x00000000c0014062                FPU::~FPU()
                0x00000000c0014086                FPU::~FPU()
                0x00000000c00140b0                setupFPU()
 *fill*         0x00000000c0014167        0x1 
 .text          0x00000000c0014168     0x1435 hal/intctrl.32
                0x00000000c0014168                InterruptController::uninstallISRHandler(int, void (*)(regs*, void*))
                0x00000000c00141a0                InterruptController::installISRHandler(int, void (*)(regs*, void*), void*)
                0x00000000c00141f2                doubleFault(regs*, void*)
                0x00000000c001420c                InterruptController::installIRQHandler(int, void (*)(regs*, void*), bool, void*)
                0x00000000c00142a8                InterruptController::clearAllHandlers(int, bool)
                0x00000000c0014350                InterruptController::uninstallIRQHandler(int, void (*)(regs*, void*), bool)
                0x00000000c00143d7                nmiHandler(regs*, void*)
                0x00000000c00143e5                int_handler
                0x00000000c0014486                InterruptController::InterruptController(char const*)
                0x00000000c0014486                InterruptController::InterruptController(char const*)
                0x00000000c001452c                InterruptController::~InterruptController()
                0x00000000c001452c                InterruptController::~InterruptController()
                0x00000000c0014550                InterruptController::~InterruptController()
                0x00000000c001457a                displayDebugInfo(regs*)
                0x00000000c0014a09                x87EmulHandler(regs*, void*)
                0x00000000c0014a7c                gpFault(regs*, void*)
                0x00000000c0014ab5                pgFault(regs*, void*)
                0x00000000c0014afd                otherISRHandler(regs*, void*)
                0x00000000c0014b1c                opcodeFault(regs*, void*)
                0x00000000c0015139                displayProgramFault(char const*)
                0x00000000c0015161                setupInterruptController()
                0x00000000c0015550                InterruptController::convertLegacyIRQNumber(int)
 *fill*         0x00000000c001559d        0x1 
 .text          0x00000000c001559e      0x784 hal/keybrd.32
                0x00000000c001559e                startGUI(void*)
                0x00000000c001560a                startGUIVESA(void*)
                0x00000000c0015676                sendKeyToTerminal(unsigned char)
                0x00000000c0015734                sendKeyboardToken(KeyboardToken)
                0x00000000c0015b71                clearInternalKeybuffer(VgaText*)
                0x00000000c0015ba6                readKeyboard(VgaText*, char*, unsigned long)
                0x00000000c0015c98                Keyboard::Keyboard(char const*)
                0x00000000c0015c98                Keyboard::Keyboard(char const*)
                0x00000000c0015cd4                Keyboard::~Keyboard()
                0x00000000c0015cd4                Keyboard::~Keyboard()
                0x00000000c0015cf8                Keyboard::~Keyboard()
 .text          0x00000000c0015d22      0x3ea hal/logidisk.32
                0x00000000c0015d22                LogicalDisk::close(int, int, void*)
                0x00000000c0015d26                LogicalDisk::~LogicalDisk()
                0x00000000c0015d26                LogicalDisk::~LogicalDisk()
                0x00000000c0015d4a                LogicalDisk::~LogicalDisk()
                0x00000000c0015d74                LogicalDisk::open(int, int, void*)
                0x00000000c0015d88                LogicalDisk::absoluteToRelative(unsigned long long)
                0x00000000c0015dc0                LogicalDisk::relativeToAbsolute(unsigned long long)
                0x00000000c0015e06                LogicalDisk::LogicalDisk(char const*, PhysicalDisk*, unsigned long long, unsigned long long)
                0x00000000c0015e06                LogicalDisk::LogicalDisk(char const*, PhysicalDisk*, unsigned long long, unsigned long long)
                0x00000000c0015ebc                LogicalDisk::assignDriveLetter()
                0x00000000c0015f72                LogicalDisk::mount()
                0x00000000c0015fba                LogicalDisk::unmount()
                0x00000000c0015fca                LogicalDisk::eject()
                0x00000000c0015fde                LogicalDisk::unassignDriveLetter()
                0x00000000c0016034                LogicalDisk::read(unsigned long long, int, void*)
                0x00000000c00160a0                LogicalDisk::write(unsigned long long, int, void*)
 .text          0x00000000c001610c       0x84 hal/mouse.32
                0x00000000c001610c                Mouse::Mouse(char const*)
                0x00000000c001610c                Mouse::Mouse(char const*)
                0x00000000c0016142                Mouse::~Mouse()
                0x00000000c0016142                Mouse::~Mouse()
                0x00000000c0016166                Mouse::~Mouse()
 .text          0x00000000c0016190      0x339 hal/partition.32
                0x00000000c0016190                makePartition(PhysicalDisk*, unsigned long long, unsigned long long)
                0x00000000c0016238                createPartitionsForDisk(PhysicalDisk*)
 *fill*         0x00000000c00164c9        0x1 
 .text          0x00000000c00164ca       0x84 hal/serial.32
                0x00000000c00164ca                Serial::Serial(char const*)
                0x00000000c00164ca                Serial::Serial(char const*)
                0x00000000c0016500                Serial::~Serial()
                0x00000000c0016500                Serial::~Serial()
                0x00000000c0016524                Serial::~Serial()
 .text          0x00000000c001654e      0x2f3 hal/timer.32
                0x00000000c001654e                Timer::Timer(char const*)
                0x00000000c001654e                Timer::Timer(char const*)
                0x00000000c0016584                Timer::~Timer()
                0x00000000c0016584                Timer::~Timer()
                0x00000000c00165a8                Timer::~Timer()
                0x00000000c00165d2                Timer::read()
                0x00000000c00165dd                timerHandler(unsigned long long)
                0x00000000c001674f                setupTimer(int)
 *fill*         0x00000000c0016841        0x1 
 .text          0x00000000c0016842      0x409 hal/vcache.32
                0x00000000c0016842                VCache::VCache(PhysicalDisk*)
                0x00000000c0016842                VCache::VCache(PhysicalDisk*)
                0x00000000c00169aa                VCache::invalidateReadBuffer()
                0x00000000c00169ba                VCache::writeWriteBuffer()
                0x00000000c00169f6                VCache::~VCache()
                0x00000000c00169f6                VCache::~VCache()
                0x00000000c0016a4a                VCache::~VCache()
                0x00000000c0016a72                VCache::write(unsigned long long, int, void*)
                0x00000000c0016b5c                VCache::read(unsigned long long, int, void*)
 *fill*         0x00000000c0016c4b        0x1 
 .text          0x00000000c0016c4c      0x4b3 hal/video.32
                0x00000000c0016c4c                Video::putrect(int, int, int, int, unsigned int)
                0x00000000c0016c98                Video::bitblit(int, int, int, int, int, int, int, unsigned int*)
                0x00000000c0016d08                Video::blit(unsigned int*, int, int, int, int)
                0x00000000c0016d86                Video::clearScreen(unsigned int)
                0x00000000c0016dba                Video::putpixel(int, int, unsigned int)
                0x00000000c0016dc8                Video::Video(char const*)
                0x00000000c0016dc8                Video::Video(char const*)
                0x00000000c0016dfe                Video::~Video()
                0x00000000c0016dfe                Video::~Video()
                0x00000000c0016e22                Video::~Video()
                0x00000000c0016e4c                Video::isMonochrome()
                0x00000000c0016e58                Video::getWidth()
                0x00000000c0016e64                Video::getHeight()
                0x00000000c0016e70                Video::drawCursor(int, int, unsigned char*, int)
                0x00000000c0016f2c                Video::tgaParse(unsigned char*, int, int*, int*)
                0x00000000c0017094                Video::putTGA(int, int, unsigned char*, int)
 *fill*         0x00000000c00170ff        0x1 
 .text          0x00000000c0017100     0x11c9 hw/acpi.32
                0x00000000c0017100                ACPI::close(int, int, void*)
                0x00000000c00171a5                findRSDP()
                0x00000000c001722f                loadACPITables(unsigned char*)
                0x00000000c0017486                findRSDT(unsigned char*)
                0x00000000c00175d0                findDataTable(unsigned char*, char*)
                0x00000000c0017642                scanMADT()
                0x00000000c0017ab0                ACPI::ACPI()
                0x00000000c0017ab0                ACPI::ACPI()
                0x00000000c0017b04                ACPI::getPCIIRQAssignment(unsigned char, unsigned short, unsigned char)
                0x00000000c0017be6                ACPI::registerPCIIRQAssignment(void*, unsigned short, unsigned char, unsigned char)
                0x00000000c0017cac                ACPI::setScreenBrightnessLevel(void*, int)
                0x00000000c0017cb2                ACPI::detectPCI()
                0x00000000c0017eb4                ACPI::writeSimpleBootFlag(SimpleBootFlagTable*)
                0x00000000c0017efc                ACPI::sleep()
                0x00000000c0017f14                ACPI::open(int, int, void*)
 *fill*         0x00000000c00182c9        0x1 
 .text          0x00000000c00182ca     0x1495 hw/cpu.32
                0x00000000c00182ca                CPU::close(int, int, void*)
                0x00000000c00182ce                CPU::lookupAMDName(unsigned char, unsigned char)
                0x00000000c0018462                CPU::lookupIntelName(unsigned char, unsigned char)
                0x00000000c0018710                CPU::AMD_K6_write_msr(unsigned int, unsigned int, unsigned int, CPU::REGS*)
                0x00000000c001872c                CPU::AMD_K6_read_msr(unsigned int, CPU::REGS*)
                0x00000000c0018744                CPU::AMD_K6_writeback(int, int, int)
                0x00000000c00187b8                CPU::cpuid(int, unsigned long*, unsigned long*, unsigned long*, unsigned long*)
                0x00000000c001883c                CPU::cpuidCheckEDX(unsigned int)
                0x00000000c001886a                CPU::cpuidCheckECX(unsigned int)
                0x00000000c0018898                CPU::cpuidCheckExtendedEBX(unsigned int)
                0x00000000c00188c6                CPU::cpuidCheckExtendedECX(unsigned int)
                0x00000000c00188f4                CPU::CPU()
                0x00000000c00188f4                CPU::CPU()
                0x00000000c0018982                CPU::displayFeatures()
                0x00000000c0018984                CPU::detectFeatures()
                0x00000000c0019376                CPU::setupSMEP()
                0x00000000c0019382                CPU::setupUMIP()
                0x00000000c001938c                CPU::setupTSC()
                0x00000000c0019396                CPU::setupLargePages()
                0x00000000c00193a0                CPU::setupPAT()
                0x00000000c00193dc                CPU::setupMTRR()
                0x00000000c00193de                CPU::setupGlobalPages()
                0x00000000c00193e8                CPU::allowUsermodeDataAccess()
                0x00000000c00193fa                CPU::prohibitUsermodeDataAccess()
                0x00000000c001940c                CPU::setupSMAP()
                0x00000000c001941a                CPU::setupFeatures()
                0x00000000c001949a                CPU::open(int, int, void*)
                0x00000000c0019564                CPU::decodeAddress(regs*, int*, bool*, unsigned char*)
 .text          0x00000000c001975f        0x0 hw/ports.32
 .text          0x00000000c001975f      0x16a hw/smp.32
                0x00000000c001975f                Krnl::smpEntry()
                0x00000000c0019761                Krnl::startCPU(int)
                0x00000000c00198aa                Krnl::startCPUs()
 *fill*         0x00000000c00198c9        0x1 
 .text          0x00000000c00198ca      0x581 krnl/env.32
                0x00000000c00198ca                EnvVarContainer::getEnv(char const*)
                0x00000000c0019908                EnvVarContainer::setEnv(char const*, char const*)
                0x00000000c00199ca                EnvVarContainer::deleteEnv(char const*)
                0x00000000c00199cc                EnvVarContainer::loadFrom(char const*, char const*)
                0x00000000c0019bb2                EnvVarContainer::__loadSystem()
                0x00000000c0019bcc                EnvVarContainer::__loadUser()
                0x00000000c0019bce                EnvVarContainer::EnvVarContainer(Process*)
                0x00000000c0019bce                EnvVarContainer::EnvVarContainer(Process*)
                0x00000000c0019bf0                EnvVarContainer::~EnvVarContainer()
                0x00000000c0019bf0                EnvVarContainer::~EnvVarContainer()
                0x00000000c0019c20                Krnl::getEnv(Process*, char const*)
                0x00000000c0019c85                Krnl::setEnvSystem(char const*, char const*)
                0x00000000c0019c9f                Krnl::setEnvUser(char const*, char const*)
                0x00000000c0019cbe                Krnl::setEnvProcess(Process*, char const*, char const*)
                0x00000000c0019cd1                Krnl::deleteEnvSystem(char const*)
                0x00000000c0019cd2                Krnl::deleteEnvUser(char const*)
                0x00000000c0019cd3                Krnl::deleteEnvProcess(Process*, char const*)
                0x00000000c0019cd4                Krnl::newProcessEnv(Process*)
                0x00000000c0019cf6                Krnl::copyProcessEnv(Process*, Process*)
                0x00000000c0019d42                Krnl::loadSystemEnv()
                0x00000000c0019d70                Krnl::loadUserEnv()
                0x00000000c0019d96                Krnl::flushEnv()
                0x00000000c0019d97                Krnl::getProcessTotalEnvCount(Process*)
                0x00000000c0019db7                Krnl::getProcessEnvPair(Process*, int)
 .text          0x00000000c0019e4b      0x39c krnl/panic.32
                0x00000000c0019e4b                Krnl::panic(char const*)
 .text          0x00000000c001a1e7      0x57f net/ethernet.32
                0x00000000c001a1e7                Net::switchEndian16(unsigned short)
                0x00000000c001a208                Net::switchEndian32(unsigned int)
                0x00000000c001a237                Net::crc32Calc(unsigned char*, int)
                0x00000000c001a2c8                Net::wrapEthernetFrame(Net::UnwrappedEthernetFrame, unsigned char*)
                0x00000000c001a4db                Net::unwrapEthernetFrame(unsigned char*, int)
 .text          0x00000000c001a766      0x50e reg/registry.32
                0x00000000c001a766                Reg::findLineFromLoadedData(char*, char*, char*)
                0x00000000c001a8be                Reg::getLineFromRegistry(char*, char*, char*, char*)
                0x00000000c001aa13                Reg::getLine(char*, char*, char*)
                0x00000000c001aa4a                Reg::readInt(char*, char*, int*)
                0x00000000c001ab35                Reg::readString(char*, char*, char*, int)
                0x00000000c001abb6                Reg::readBool(char*, char*, bool*)
                0x00000000c001abdb                Reg::readBoolWithDefault(char*, char*, bool)
                0x00000000c001ac07                Reg::readIntWithDefault(char*, char*, int)
                0x00000000c001ac33                Reg::readStringWithDefault(char*, char*, char*, int, char*)
 .text          0x00000000c001ac74       0x36 sys/sc_eject.32
                0x00000000c001ac74                Sys::eject(regs*)
 .text          0x00000000c001acaa       0x18 sys/sc_exit.32
                0x00000000c001acaa                Sys::exit(regs*)
 .text          0x00000000c001acc2       0x1f sys/sc_getcwd.32
                0x00000000c001acc2                Sys::getCwd(regs*)
 .text          0x00000000c001ace1        0xc sys/sc_getpid.32
                0x00000000c001ace1                Sys::getPID(regs*)
 .text          0x00000000c001aced       0x17 sys/sc_getramdata.32
                0x00000000c001aced                Sys::getRAMData(regs*)
 .text          0x00000000c001ad04       0x84 sys/sc_getvgaptr.32
                0x00000000c001ad04                Sys::getVGAPtr(regs*)
 .text          0x00000000c001ad88       0xa8 sys/sc_loaddll.32
                0x00000000c001ad88                Sys::loadDLL(regs*)
 .text          0x00000000c001ae30       0x68 sys/sc_read.32
                0x00000000c001ae30                Sys::read(regs*)
 .text          0x00000000c001ae98       0x55 sys/sc_sbrk.32
                0x00000000c001ae98                Sys::sbrk(regs*)
 .text          0x00000000c001aeed       0x1c sys/sc_setcwd.32
                0x00000000c001aeed                Sys::setCwd(regs*)
 .text          0x00000000c001af09       0x95 sys/sc_settime.32
                0x00000000c001af09                Sys::setTime(regs*)
 .text          0x00000000c001af9e       0x4a sys/sc_timezone.32
                0x00000000c001af9e                Sys::timezone(regs*)
 .text          0x00000000c001afe8       0x68 sys/sc_write.32
                0x00000000c001afe8                Sys::write(regs*)
 .text          0x00000000c001b050       0x62 sys/sc_wsbe.32
                0x00000000c001b050                Sys::wsbe(regs*)
 .text          0x00000000c001b0b2       0x46 sys/sc_yield.32
                0x00000000c001b0b2                Sys::yield(regs*)
 .text          0x00000000c001b0f8      0xf84 sys/syscalls.32
                0x00000000c001b0f8                sysCallSeekDir(regs*)
                0x00000000c001b0fd                sysCallTellDir(regs*)
                0x00000000c001b102                sysCallVerify(regs*)
                0x00000000c001b10c                sysCallGetArgc(regs*)
                0x00000000c001b11c                sysFormatDisk(regs*)
                0x00000000c001b186                sysSetDiskVolumeLabel(regs*)
                0x00000000c001b1cc                sysGetDiskVolumeLabel(regs*)
                0x00000000c001b21d                sysShutdown(regs*)
                0x00000000c001b27b                sysCallRealpath(regs*)
                0x00000000c001b2be                sysCallReadDir(regs*)
                0x00000000c001b33d                sysCallIsATTY(regs*)
                0x00000000c001b397                sysCallSeek(regs*)
                0x00000000c001b3ee                sysCallTell(regs*)
                0x00000000c001b45a                sysCallSize(regs*)
                0x00000000c001b4cc                sysCallSizeFromFilename(regs*)
                0x00000000c001b57b                sysCallClose(regs*)
                0x00000000c001b5db                sysCallOpenDir(regs*)
                0x00000000c001b650                sysCallCloseDir(regs*)
                0x00000000c001b6a4                sysCallMakeDir(regs*)
                0x00000000c001b714                sysCallWait(regs*)
                0x00000000c001b72e                sysCallNotImpl(regs*)
                0x00000000c001b749                sysPanic(regs*)
                0x00000000c001b763                sysCallRmdir(regs*)
                0x00000000c001b7c7                sysCallUnlink(regs*)
                0x00000000c001b82b                sysCallGetArgv(regs*)
                0x00000000c001b877                sysCallTTYName(regs*)
                0x00000000c001b8fa                sysCallUSleep(regs*)
                0x00000000c001b921                sysCallSpawn(regs*)
                0x00000000c001b989                sysCallGetEnv(regs*)
                0x00000000c001ba36                sysAppSettings(regs*)
                0x00000000c001bb4a                sysSetFatAttrib(regs*)
                0x00000000c001bbbc                sysPipe(regs*)
                0x00000000c001bc01                sysGetUnixTime(regs*)
                0x00000000c001bc15                string_ends_with(char const*, char const*)
                0x00000000c001bc5d                sysCallOpen(regs*)
                0x00000000c001be45                Sys::loadSyscalls()
                0x00000000c001c03a                Sys::systemCall(regs*, void*)
 .text          0x00000000c001c07c     0x11fd thr/elf.32
                0x00000000c001c07c                Thr::allocateMemoryForTask(Process*, File*, unsigned long, unsigned long, unsigned long)
                0x00000000c001c326                Thr::loadProgramIntoMemory(Process*, char const*)
                0x00000000c001c53c                Thr::runtimeReferenceHelper()
                0x00000000c001c54f                Thr::getAddressOfKernelSymbol(char const*)
                0x00000000c001c59e                Thr::loadKernelSymbolTable(char const*)
                0x00000000c001c85c                Thr::loadDriverIntoMemory(char const*, unsigned long, bool)
                0x00000000c001cf92                Thr::getDriverBaseFromAddress(unsigned long)
                0x00000000c001cfc4                Thr::getDriverNameFromAddress(unsigned long)
                0x00000000c001cffb                Thr::getDriverOffsetFromAddress(unsigned long)
                0x00000000c001d015                Thr::loadDLL(char const*, bool)
                0x00000000c001d240                Thr::executeDLL(unsigned long, void*)
 *fill*         0x00000000c001d279        0x1 
 .text          0x00000000c001d27a     0x11ef thr/prcssthr.32
                0x00000000c001d27a                userModeEntryPoint(void*)
                0x00000000c001d2a0                changeTSS
                0x00000000c001d2d0                switchToThread(ThreadControlBlock*)
                0x00000000c001d37a                Process::addArgs(char**)
                0x00000000c001d3d4                Process::Process(char const*, Process*, char**)
                0x00000000c001d3d4                Process::Process(char const*, Process*, char**)
                0x00000000c001d5b8                Process::Process(bool, char const*, Process*, char**)
                0x00000000c001d5b8                Process::Process(bool, char const*, Process*, char**)
                0x00000000c001d767                taskStartupFunction
                0x00000000c001d770                Semaphore::Semaphore(int)
                0x00000000c001d770                Semaphore::Semaphore(int)
                0x00000000c001d79e                Mutex::Mutex()
                0x00000000c001d79e                Mutex::Mutex()
                0x00000000c001d7b0                Process::createThread(void (*)(void*), void*, int)
                0x00000000c001d8b6                Process::createUserThread()
                0x00000000c001d8d2                setupMultitasking(void (*)())
                0x00000000c001d9d5                schedule()
                0x00000000c001da5a                Semaphore::tryAcquire()
                0x00000000c001db16                Semaphore::assertLocked(char const*)
                0x00000000c001db85                blockTaskWithSchedulerLockAlreadyHeld(TaskState)
                0x00000000c001dbab                blockTask(TaskState)
                0x00000000c001dbd8                waitTask(int, int*, int)
                0x00000000c001dc1a                nanoSleepUntil(unsigned long long)
                0x00000000c001dcaf                nanoSleep(unsigned long long)
                0x00000000c001dcc7                sleep(unsigned long long)
                0x00000000c001dce4                Semaphore::acquire()
                0x00000000c001dd86                taskReturned
                0x00000000c001ddc1                Thr::processFromPID(int)
                0x00000000c001de58                unblockTask(ThreadControlBlock*)
                0x00000000c001deed                cleanupTerminatedTask(ThreadControlBlock*)
                0x00000000c001e194                cleanerTaskFunction(void*)
                0x00000000c001e275                terminateTask(int)
                0x00000000c001e334                Thr::terminateFromIRQ(int)
                0x00000000c001e340                Semaphore::release()
 .text          0x00000000c001e469      0xada vm86/vm8086.32
                0x00000000c001e469                Vm::inbv(unsigned short)
                0x00000000c001e47c                Vm::outbv(unsigned short, unsigned char)
                0x00000000c001e4b2                Vm::realToLinear(unsigned short, unsigned short)
                0x00000000c001e4c2                Vm::getSegment(unsigned int)
                0x00000000c001e4ca                Vm::getOffset(unsigned int)
                0x00000000c001e4cf                Vm::mainloop2()
                0x00000000c001e509                Vm::mainVm8086Loop(void*)
                0x00000000c001e519                Vm::mainloop3(unsigned long)
                0x00000000c001e53f                Vm::initialise8086()
                0x00000000c001e582                Vm::finish8086()
                0x00000000c001e5e3                Vm::getOutput8086(unsigned char*)
                0x00000000c001e608                Vm::start8086(char const*, unsigned short, unsigned short, unsigned short, unsigned short)
                0x00000000c001e770                Vm::doISR(regs*, int, unsigned char*, unsigned short, unsigned short)
                0x00000000c001e7fa                Vm::readByteFromReal(unsigned short, unsigned short)
                0x00000000c001e80b                Vm::readWordFromReal(unsigned short, unsigned short)
                0x00000000c001e81d                Vm::readDwordFromReal(unsigned short, unsigned short)
                0x00000000c001e82e                Vm::writeByteFromReal(unsigned short, unsigned short, unsigned char)
                0x00000000c001e843                Vm::writeWordFromReal(unsigned short, unsigned short, unsigned short)
                0x00000000c001e859                Vm::writeDwordFromReal(unsigned short, unsigned short, unsigned int)
                0x00000000c001e86e                Vm::faultHandler(regs*)
 .text          0x00000000c001ef43      0xefd vm86/x87em.32
                0x00000000c001ef43                Vm::fpuInternalTo32(unsigned long long)
                0x00000000c001ef9e                Vm::fpuInternalTo64(unsigned long long)
                0x00000000c001efa7                Vm::fpu32ToInternal(unsigned int)
                0x00000000c001efec                Vm::fpu64ToInternal(unsigned long long)
                0x00000000c001eff5                Vm::fpuFloatToLong(unsigned long long)
                0x00000000c001f050                Vm::fpuULongToFloat(unsigned long long)
                0x00000000c001f086                Vm::fpuLongToFloat(long long)
                0x00000000c001f0dc                Vm::fpuGet0()
                0x00000000c001f0e1                Vm::fpuGet1()
                0x00000000c001f0e9                Vm::fpuGetPi()
                0x00000000c001f0f1                Vm::fpuGetLog2E()
                0x00000000c001f109                Vm::fpuGetLogE2()
                0x00000000c001f121                Vm::fpuGetLog210()
                0x00000000c001f139                Vm::fpuGetLog102()
                0x00000000c001f151                Vm::fpuIsSecondLarger(unsigned long long, unsigned long long)
                0x00000000c001f165                Vm::fpuAreEqual(unsigned long long, unsigned long long)
                0x00000000c001f17b                Vm::fpuUnorderedCompare(unsigned long long, unsigned long long)
                0x00000000c001f1ce                Vm::fpuAdd(unsigned long long, unsigned long long)
                0x00000000c001f1df                Vm::fpuAbs(unsigned long long)
                0x00000000c001f1e8                Vm::fpuChs(unsigned long long)
                0x00000000c001f1f8                Vm::fpuSub(unsigned long long, unsigned long long)
                0x00000000c001f207                Vm::fpuMultiply(unsigned long long, unsigned long long)
                0x00000000c001f226                Vm::fpuDivide(unsigned long long, unsigned long long)
                0x00000000c001f242                Vm::fpuSquare(unsigned long long)
                0x00000000c001f258                Vm::fpuGetReg(int)
                0x00000000c001f29b                Vm::fpuSetReg(int, unsigned long long)
                0x00000000c001f2e6                Vm::fpuPush(unsigned long long)
                0x00000000c001f343                Vm::fpuPop()
                0x00000000c001f395                Vm::x87Handler(regs*)
 .text          0x00000000c001fe40     0x11c1 fs/fat/vfslink.32
                0x00000000c001fe40                FAT::getName()
                0x00000000c001fe46                FAT::tell(void*, unsigned long long*)
                0x00000000c001fe7a                FAT::stat(void*, unsigned long long*)
                0x00000000c001feae                FAT::~FAT()
                0x00000000c001feae                FAT::~FAT()
                0x00000000c001fed2                FAT::~FAT()
                0x00000000c001fefa                FAT::getlabel(LogicalDisk*, int, char*, unsigned int*)
                0x00000000c001ff98                FAT::setlabel(LogicalDisk*, int, char*)
                0x00000000c0020052                FAT::format(LogicalDisk*, int, char const*, int)
                0x00000000c0020210                FAT::tryMount(LogicalDisk*, int)
                0x00000000c0020416                FAT::getFileFirstSector(char const*)
                0x00000000c00204bc                FAT::readDir(void*, unsigned long, void*, int*)
                0x00000000c0020616                FAT::read(void*, unsigned long, void*, int*)
                0x00000000c0020670                FAT::write(void*, unsigned long, void*, int*)
                0x00000000c00206ca                FAT::close(void*)
                0x00000000c0020716                FAT::closeDir(void*)
                0x00000000c0020762                FAT::seek(void*, unsigned long long)
                0x00000000c00207b6                fatWrapperReadDisk
                0x00000000c00207fd                fatWrapperWriteDisk
                0x00000000c0020844                fatWrapperIoctl
                0x00000000c0020948                FAT::FAT()
                0x00000000c0020948                FAT::FAT()
                0x00000000c002099a                FAT::fixFilepath(char*)
                0x00000000c00209d2                FAT::open(char const*, void**, FileOpenMode)
                0x00000000c0020afa                FAT::openDir(char const*, void**)
                0x00000000c0020ba0                FAT::stat(char const*, unsigned long long*, bool*)
                0x00000000c0020c8a                FAT::unlink(char const*)
                0x00000000c0020d04                FAT::chfatattr(char const*, unsigned char, unsigned char)
                0x00000000c0020e58                FAT::rename(char const*, char const*)
                0x00000000c0020f1c                FAT::mkdir(char const*)
                0x00000000c0020f96                FAT::exists(char const*)
 *fill*         0x00000000c0021001        0x1 
 .text          0x00000000c0021002      0xb75 fs/iso9660/vfslink.32
                0x00000000c0021002                ISO9660::format(LogicalDisk*, int, char const*, int)
                0x00000000c0021008                ISO9660::seek(void*, unsigned long long)
                0x00000000c0021038                ISO9660::tell(void*, unsigned long long*)
                0x00000000c002105c                ISO9660::getName()
                0x00000000c0021062                ISO9660::stat(void*, unsigned long long*)
                0x00000000c0021086                ISO9660::chfatattr(char const*, unsigned char, unsigned char)
                0x00000000c002108c                ISO9660::unlink(char const*)
                0x00000000c0021092                ISO9660::write(void*, unsigned long, void*, int*)
                0x00000000c0021098                ISO9660::rename(char const*, char const*)
                0x00000000c002109e                ISO9660::mkdir(char const*)
                0x00000000c00210a4                ISO9660::close(void*)
                0x00000000c00210c6                ISO9660::closeDir(void*)
                0x00000000c00210e8                ISO9660::~ISO9660()
                0x00000000c00210e8                ISO9660::~ISO9660()
                0x00000000c002110c                ISO9660::~ISO9660()
                0x00000000c0021133                __memmem(unsigned char*, int, unsigned char*, int)
                0x00000000c0021175                readSectorFromCDROM(unsigned int, unsigned char*, char)
                0x00000000c00211d0                ISO9660::tryMount(LogicalDisk*, int)
                0x00000000c0021220                ISO9660::read(void*, unsigned long, void*, int*)
                0x00000000c0021424                ISO9660::readDir(void*, unsigned long, void*, int*)
                0x00000000c002169e                readRoot(unsigned int*, unsigned int*, char)
                0x00000000c00216f2                readRecursively(char*, unsigned int, unsigned int, unsigned int*, unsigned int*, char, int*)
                0x00000000c00218c5                getFileData(char*, unsigned int*, unsigned int*, char, int*)
                0x00000000c0021954                ISO9660::open(char const*, void**, FileOpenMode)
                0x00000000c0021a02                ISO9660::exists(char const*)
                0x00000000c0021a26                ISO9660::stat(char const*, unsigned long long*, bool*)
                0x00000000c0021aba                ISO9660::openDir(char const*, void**)
                0x00000000c0021b54                ISO9660::ISO9660()
                0x00000000c0021b54                ISO9660::ISO9660()
 *fill*         0x00000000c0021b77        0x1 
 .text          0x00000000c0021b78      0x396 hal/sound/sndchannel.32
                0x00000000c0021b78                SoundChannel::SoundChannel(int, int, int, int)
                0x00000000c0021b78                SoundChannel::SoundChannel(int, int, int, int)
                0x00000000c0021ca2                SoundChannel::~SoundChannel()
                0x00000000c0021ca2                SoundChannel::~SoundChannel()
                0x00000000c0021cbe                SoundChannel::getSampleRate()
                0x00000000c0021cc6                SoundChannel::getBits()
                0x00000000c0021cce                SoundChannel::getBufferUsed()
                0x00000000c0021cd6                SoundChannel::getBufferSize()
                0x00000000c0021cde                SoundChannel::unbuffer(float*, int, int)
                0x00000000c0021d72                SoundChannel::buffer16(short*, int)
                0x00000000c0021e6e                SoundChannel::buffer8(unsigned char*, int)
 .text          0x00000000c0021f0e      0x43e hal/sound/sndhw.32
                0x00000000c0021f0e                SoundDevice::SoundDevice(char const*)
                0x00000000c0021f0e                SoundDevice::SoundDevice(char const*)
                0x00000000c0021f7a                SoundDevice::~SoundDevice()
                0x00000000c0021f7a                SoundDevice::~SoundDevice()
                0x00000000c0021ff4                SoundDevice::~SoundDevice()
                0x00000000c002201e                SoundDevice::getFreeChannelNum()
                0x00000000c0022038                SoundDevice::addChannel(SoundChannel*)
                0x00000000c00220a8                SoundDevice::removeChannel(int)
                0x00000000c00220da                SoundDevice::floatTo16(float*, short*, int)
                0x00000000c00221c8                SoundDevice::floatTo8(float*, unsigned char*, int)
                0x00000000c00222b0                SoundDevice::getAudio(int, float*, float*)
 .text          0x00000000c002234c        0x0 hw/bus/isa.32
 .text          0x00000000c002234c      0xb87 hw/bus/pci.32
                0x00000000c002234c                PCI::open(int, int, void*)
                0x00000000c002236a                PCI::close(int, int, void*)
                0x00000000c002236e                PCI::PCI()
                0x00000000c002236e                PCI::PCI()
                0x00000000c0022404                PCI::readBAR8(unsigned int, int)
                0x00000000c0022420                PCI::readBAR16(unsigned int, int)
                0x00000000c002243e                PCI::readBAR32(unsigned int, int)
                0x00000000c002245a                PCI::writeBAR8(unsigned int, unsigned char, int)
                0x00000000c002247a                PCI::writeBAR16(unsigned int, unsigned short, int)
                0x00000000c002249c                PCI::writeBAR32(unsigned int, unsigned int, int)
                0x00000000c00224bc                PCI::legacyMechanism(unsigned char, unsigned char, unsigned char, unsigned char)
                0x00000000c002252a                PCI::pciReadWord(unsigned char, unsigned char, unsigned char, unsigned char)
                0x00000000c00225d2                PCI::getVendorID(unsigned char, unsigned char, unsigned char)
                0x00000000c00225f6                PCI::getHeaderType(unsigned char, unsigned char, unsigned char)
                0x00000000c002261e                PCI::getClassCode(unsigned char, unsigned char, unsigned char)
                0x00000000c0022668                PCI::getProgIF(unsigned char, unsigned char, unsigned char)
                0x00000000c0022690                PCI::getRevisionID(unsigned char, unsigned char, unsigned char)
                0x00000000c00226b4                PCI::getInterruptNumber(unsigned char, unsigned char, unsigned char)
                0x00000000c00226d8                PCI::getSecondaryBus(unsigned char, unsigned char, unsigned char)
                0x00000000c0022700                PCI::getBARAddress(unsigned char, unsigned char, unsigned char, unsigned char)
                0x00000000c0022764                PCI::pciWriteWord(unsigned char, unsigned char, unsigned char, unsigned char, unsigned short)
                0x00000000c002284c                PCI::pciDetailsToFilepath(PCIDeviceInfo, char*)
                0x00000000c0022ac6                PCI::checkBus(unsigned char)
                0x00000000c0022aea                PCI::foundDevice(PCIDeviceInfo)
                0x00000000c0022c5c                PCI::getDeviceData(unsigned char, unsigned char, unsigned char)
                0x00000000c0022e14                PCI::checkDevice(unsigned char, unsigned char)
                0x00000000c0022e80                PCI::detect()
 *fill*         0x00000000c0022ed3        0x1 
 .text          0x00000000c0022ed4      0xb54 hw/diskctrl/ide.32
                0x00000000c0022ed4                IDE::close(int, int, void*)
                0x00000000c0022ed8                IDE::IDE()
                0x00000000c0022ed8                IDE::IDE()
                0x00000000c0022f0c                IDE::prepareInterrupt(unsigned char)
                0x00000000c0022f1e                selectDrive(unsigned char, unsigned char)
                0x00000000c0022f20                IDE::getBase(unsigned char)
                0x00000000c0022f32                IDE::write(unsigned char, unsigned char, unsigned char)
                0x00000000c0022ff2                IDE::read(unsigned char, unsigned char)
                0x00000000c00230a0                IDE::waitInterrupt(unsigned char)
                0x00000000c0023106                ideChannel0IRQHandler(regs*, void*)
                0x00000000c0023122                ideChannel1IRQHandler(regs*, void*)
                0x00000000c002313e                IDE::enableIRQs(unsigned char, bool)
                0x00000000c0023184                IDE::open(int, int, void*)
                0x00000000c0023592                IDE::readBuffer(unsigned char, unsigned char, unsigned int, unsigned int)
                0x00000000c002365e                IDE::detect()
                0x00000000c0023924                IDE::printError(unsigned char, unsigned char, unsigned char)
                0x00000000c00239d4                IDE::polling(unsigned char, unsigned int)
 .text          0x00000000c0023a28      0x336 hw/diskctrl/satabus.32
                0x00000000c0023a28                SATABus::close(int, int, void*)
                0x00000000c0023a2c                SATABus::detect()
                0x00000000c0023a2e                SATABus::SATABus()
                0x00000000c0023a2e                SATABus::SATABus()
                0x00000000c0023ab4                SATABus::findCmdslot(SATABus::tagHBA_PORT volatile*)
                0x00000000c0023afc                SATABus::checkType(SATABus::tagHBA_PORT volatile*)
                0x00000000c0023b44                SATABus::startCmd(SATABus::tagHBA_PORT volatile*)
                0x00000000c0023b64                SATABus::stopCmd(SATABus::tagHBA_PORT volatile*)
                0x00000000c0023b8e                SATABus::portRebase(SATABus::tagHBA_PORT volatile*, int)
                0x00000000c0023c94                SATABus::probePort(SATABus::tagHBA_MEM volatile*)
                0x00000000c0023d3e                SATABus::open(int, int, void*)
 .text          0x00000000c0023d5e      0x604 hw/diskphys/ata.32
                0x00000000c0023d5e                ATA::close(int, int, void*)
                0x00000000c0023d82                ATA::powerSaving(PowerSavingLevel)
                0x00000000c0023d84                ATA::ATA()
                0x00000000c0023d84                ATA::ATA()
                0x00000000c0023db2                ATA::flush(bool)
                0x00000000c0023dfc                ATA::readyForCommand()
                0x00000000c0023e4c                ATA::access(unsigned long long, int, void*, bool)
                0x00000000c00241d4                ATA::read(unsigned long long, int, void*)
                0x00000000c0024220                ATA::write(unsigned long long, int, void*)
                0x00000000c002426c                ATA::detectCHS()
                0x00000000c0024296                ATA::open(int, int, void*)
 .text          0x00000000c0024362      0x5bd hw/diskphys/atapi.32
                0x00000000c0024362                ATAPI::write(unsigned long long, int, void*)
                0x00000000c0024368                ATAPI::close(int, int, void*)
                0x00000000c002438c                ATAPI::ATAPI()
                0x00000000c002438c                ATAPI::ATAPI()
                0x00000000c00243ba                ATAPI::readyForCommand()
                0x00000000c002440a                ATAPI::sendPacket(unsigned char*, int, bool, unsigned short*, int)
                0x00000000c00246ca                ATAPI::diskRemoved()
                0x00000000c00246e6                ATAPI::eject()
                0x00000000c002472e                ATAPI::diskInserted()
                0x00000000c002475c                ATAPI::detectMedia()
                0x00000000c0024818                ATAPI::open(int, int, void*)
                0x00000000c00248a0                ATAPI::read(unsigned long long, int, void*)
 *fill*         0x00000000c002491f        0x1 
 .text          0x00000000c0024920      0x41c hw/diskphys/sata.32
                0x00000000c0024920                SATA::close(int, int, void*)
                0x00000000c0024944                SATA::powerSaving(PowerSavingLevel)
                0x00000000c0024946                SATA::open(int, int, void*)
                0x00000000c00249f0                SATA::SATA()
                0x00000000c00249f0                SATA::SATA()
                0x00000000c0024a1e                SATA::access(unsigned long long, int, void*, bool)
                0x00000000c0024c84                SATA::read(unsigned long long, int, void*)
                0x00000000c0024cd0                SATA::write(unsigned long long, int, void*)
 .text          0x00000000c0024d3c      0x4fe hw/diskphys/satapi.32
                0x00000000c0024d3c                SATAPI::write(unsigned long long, int, void*)
                0x00000000c0024d42                SATAPI::close(int, int, void*)
                0x00000000c0024d66                SATAPI::SATAPI()
                0x00000000c0024d66                SATAPI::SATAPI()
                0x00000000c0024d94                SATAPI::diskRemoved()
                0x00000000c0024db0                SATAPI::diskInserted()
                0x00000000c0024dde                SATAPI::sendPacket(unsigned char*, int, unsigned long long, unsigned short*, int)
                0x00000000c0024fe6                SATAPI::eject()
                0x00000000c002502e                SATAPI::detectMedia()
                0x00000000c00250f0                SATAPI::open(int, int, void*)
                0x00000000c0025198                SATAPI::read(unsigned long long, int, void*)
 .text          0x00000000c002523a       0x8e hw/fpu/avx.32
                0x00000000c002523a                AVX::open(int, int, void*)
                0x00000000c002524c                AVX::close(int, int, void*)
                0x00000000c002525e                AVX::available()
                0x00000000c0025270                AVX::save(void*)
                0x00000000c0025288                AVX::load(void*)
                0x00000000c00252a0                AVX::AVX()
                0x00000000c00252a0                AVX::AVX()
 .text          0x00000000c00252c8       0x90 hw/fpu/mmx.32
                0x00000000c00252c8                MMX::available()
                0x00000000c00252dc                MMX::open(int, int, void*)
                0x00000000c00252ee                MMX::close(int, int, void*)
                0x00000000c0025300                MMX::save(void*)
                0x00000000c0025318                MMX::load(void*)
                0x00000000c0025330                MMX::MMX()
                0x00000000c0025330                MMX::MMX()
 .text          0x00000000c0025358       0x96 hw/fpu/sse.32
                0x00000000c0025358                SSE::open(int, int, void*)
                0x00000000c002536a                SSE::close(int, int, void*)
                0x00000000c002537c                SSE::available()
                0x00000000c0025396                SSE::save(void*)
                0x00000000c00253ae                SSE::load(void*)
                0x00000000c00253c6                SSE::SSE()
                0x00000000c00253c6                SSE::SSE()
 .text          0x00000000c00253ee       0x8e hw/fpu/x87.32
                0x00000000c00253ee                x87::open(int, int, void*)
                0x00000000c0025400                x87::close(int, int, void*)
                0x00000000c0025412                x87::available()
                0x00000000c0025424                x87::save(void*)
                0x00000000c002543c                x87::load(void*)
                0x00000000c0025454                x87::x87()
                0x00000000c0025454                x87::x87()
 .text          0x00000000c002547c      0x71e hw/intctrl/apic.32
                0x00000000c002547c                APIC::disable()
                0x00000000c002547e                APIC::close(int, int, void*)
                0x00000000c00254a0                IOAPIC::close(int, int, void*)
                0x00000000c00254a6                APIC::io_wait()
                0x00000000c00254ac                APIC::getBase()
                0x00000000c00254ee                APIC::eoi(unsigned char)
                0x00000000c002551c                APIC::open(int, int, void*)
                0x00000000c002566a                IOAPIC::IOAPIC()
                0x00000000c002566a                IOAPIC::IOAPIC()
                0x00000000c0025692                APIC::APIC()
                0x00000000c0025692                APIC::APIC()
                0x00000000c002576e                IOAPIC::handlesGSIWithNumber(unsigned int)
                0x00000000c00257a0                IOAPIC::read(int)
                0x00000000c00257c8                IOAPIC::open(int, int, void*)
                0x00000000c00258be                IOAPIC::write(int, int)
                0x00000000c00258ea                IOAPIC::redirect(unsigned char, unsigned long long, unsigned char, bool, bool)
                0x00000000c00259e4                APIC::installIRQHandler(int, void (*)(regs*, void*), bool, void*)
 .text          0x00000000c0025b9a      0x3d3 hw/intctrl/pic.32
                0x00000000c0025b9a                PIC::disable()
                0x00000000c0025bc8                PIC::close(int, int, void*)
                0x00000000c0025bea                PIC::PIC()
                0x00000000c0025bea                PIC::PIC()
                0x00000000c0025cc0                PIC::ioWait()
                0x00000000c0025cc6                PIC::getIRQReg(int)
                0x00000000c0025d30                PIC::eoi(unsigned char)
                0x00000000c0025dc2                PIC::remap()
                0x00000000c0025f2e                PIC::open(int, int, void*)
 *fill*         0x00000000c0025f6d        0x1 
 .text          0x00000000c0025f6e      0x25e hw/timer/apictimer.32
                0x00000000c0025f6e                APICTimer::close(int, int, void*)
                0x00000000c0025f74                apicTimerHandler(regs*, void*)
                0x00000000c0025fa2                APICTimer::write(int)
                0x00000000c00260a6                APICTimer::open(int, int, void*)
                0x00000000c00261a4                APICTimer::APICTimer()
                0x00000000c00261a4                APICTimer::APICTimer()
 .text          0x00000000c00261cc      0x1a7 hw/timer/pit.32
                0x00000000c00261cc                PIT::write(int)
                0x00000000c002624a                pitHandler(regs*, void*)
                0x00000000c0026276                PIT::open(int, int, void*)
                0x00000000c00262c4                PIT::close(int, int, void*)
                0x00000000c00262f4                PIT::PIT()
                0x00000000c00262f4                PIT::PIT()
 *fill*         0x00000000c0026373        0xd 
 .text          0x00000000c0026380       0x1e hw/fpu/x86/avx.32
                0x00000000c0026380                avxDetect
                0x00000000c0026386                avxSave
                0x00000000c0026387                avxLoad
                0x00000000c0026388                avxInit
                0x00000000c0026389                avxClose
                0x00000000c002638a                wouldSheSayYes
 *fill*         0x00000000c002639e        0x2 
 .text          0x00000000c00263a0       0x35 hw/fpu/x86/sse.32
                0x00000000c00263a0                absolutelyNoChanceInHell
                0x00000000c00263a0                sseDetect
                0x00000000c00263b8                sseSave
                0x00000000c00263be                sseLoad
                0x00000000c00263c4                sseInit
                0x00000000c00263d4                sseClose
 *fill*         0x00000000c00263d5        0xb 
 .text          0x00000000c00263e0       0x4d hw/fpu/x86/x87.32
                0x00000000c00263e6                x87Detect
                0x00000000c0026401                x87Save
                0x00000000c002640a                x87Load
                0x00000000c0026412                x87Init
                0x00000000c002642c                x87Close
 *fill*         0x00000000c002642d        0x3 
 .text          0x00000000c0026430       0x25 /cygdrive/d/Users/Alex/Desktop/Toolchain/Output/bin/../lib/gcc/i386-banana/8.1.0/crtend.o
 .text          0x00000000c0026455        0x0 crtn.32
 *fill*         0x00000000c0026455        0x3 
 .text          0x00000000c0026458      0x14b /cygdrive/d/Users/Alex/Desktop/Toolchain/Output/bin/../lib/gcc/i386-banana/8.1.0/libkgcc.a(_divdi3.o)
                0x00000000c0026458                __divdi3
 *fill*         0x00000000c00265a3        0x1 
 .text          0x00000000c00265a4      0x17e /cygdrive/d/Users/Alex/Desktop/Toolchain/Output/bin/../lib/gcc/i386-banana/8.1.0/libkgcc.a(_moddi3.o)
                0x00000000c00265a4                __moddi3
 *fill*         0x00000000c0026722        0x2 
 .text          0x00000000c0026724       0xff /cygdrive/d/Users/Alex/Desktop/Toolchain/Output/bin/../lib/gcc/i386-banana/8.1.0/libkgcc.a(_udivdi3.o)
                0x00000000c0026724                __udivdi3
 *fill*         0x00000000c0026823        0x1 
 .text          0x00000000c0026824      0x11a /cygdrive/d/Users/Alex/Desktop/Toolchain/Output/bin/../lib/gcc/i386-banana/8.1.0/libkgcc.a(_umoddi3.o)
                0x00000000c0026824                __umoddi3
 .text          0x00000000c002693e      0x96d D:/Users/Alex/Desktop/Banana/kernel/libsoftfp.a(sfieeelib.o)
                0x00000000c002693e                __addsf3
                0x00000000c0026c40                __subsf3
                0x00000000c0026c54                __negsf2
                0x00000000c0026c61                __mulsf3
                0x00000000c0026e24                __divsf3
                0x00000000c002704f                __floatsisf
                0x00000000c00270c3                __floatunsisf
                0x00000000c0027105                __fixsfsi
                0x00000000c0027167                __fixunssfsi
                0x00000000c0027198                __cmpsf2
                0x00000000c002722d                __eqsf2
                0x00000000c0027268                __nesf2
                0x00000000c002726a                __gtsf2
                0x00000000c00272a5                __gesf2
                0x00000000c00272a7                __ltsf2
                0x00000000c00272a9                __lesf2
 .text          0x00000000c00272ab      0xf50 D:/Users/Alex/Desktop/Banana/kernel/libsoftfp.a(dfieeelib.o)
                0x00000000c00272ab                __adddf3