Archive member included to satisfy reference by file (symbol)

/cygdrive/d/Users/Alex/Desktop/Toolchain/Output/bin/../lib/gcc/i386-banana/8.1.0/libkgcc.a(_divdi3.o)
                              fs/fat/ff.32 (__divdi3)
/cygdrive/d/Users/Alex/Desktop/Toolchain/Output/bin/../lib/gcc/i386-banana/8.1.0/libkgcc.a(_moddi3.o)
                              thr/elf.32 (__moddi3)
/cygdrive/d/Users/Alex/Desktop/Toolchain/Output/bin/../lib/gcc/i386-banana/8.1.0/libkgcc.a(_udivdi3.o)
                              fs/fat/ff.32 (__udivdi3)
/cygdrive/d/Users/Alex/Desktop/Toolchain/Output/bin/../lib/gcc/i386-banana/8.1.0/libkgcc.a(_umoddi3.o)
                              core/pipe.32 (__umoddi3)
D:/Users/Alex/Desktop/Banana/kernel/libsoftfp.a(sfieeelib.o)
                              hal/sound/sndhw.32 (__addsf3)
D:/Users/Alex/Desktop/Banana/kernel/libsoftfp.a(dfieeelib.o)
                              hal/libresample/src_linear.32 (__adddf3)
D:/Users/Alex/Desktop/Banana/kernel/libsoftfp.a(sfdfcvt.o)
                              hal/libresample/samplerate.32 (__truncdfsf2)
D:/Users/Alex/Desktop/Banana/kernel/libk/libm32.a(s_fabs.c.o)
                              hal/libresample/samplerate.32 (fabs)
D:/Users/Alex/Desktop/Banana/kernel/libk/libm32.a(s_lrint.S.o)
                              hal/libresample/samplerate.32 (lrint)
D:/Users/Alex/Desktop/Banana/kernel/libk/libm32.a(s_lrintf.S.o)
                              hal/sound/sndhw.32 (lrintf)

Discarded input sections

 .comment       0x0000000000000000       0x12 /cygdrive/d/Users/Alex/Desktop/Toolchain/Output/bin/../lib/gcc/i386-banana/8.1.0/crtbegin.o
 .comment       0x0000000000000000       0x12 acpica/utclib.32
 .comment       0x0000000000000000       0x12 core/malloc.32
 .comment       0x0000000000000000       0x12 libk/string.32
 .comment       0x0000000000000000       0x12 fs/fat/diskio.32
 .comment       0x0000000000000000       0x12 fs/fat/ff.32
 .comment       0x0000000000000000       0x12 fs/fat/ffsystem.32
 .comment       0x0000000000000000       0x12 fs/fat/ffunicode.32
 .comment       0x0000000000000000       0x12 hal/libresample/samplerate.32
 .comment       0x0000000000000000       0x12 hal/libresample/src_linear.32
 .comment       0x0000000000000000       0x12 hal/libresample/src_sinc.32
 .comment       0x0000000000000000       0x12 hal/libresample/src_zoh.32
 .comment       0x0000000000000000       0x12 compat/inlines.32
 .group         0x0000000000000000       0x14 core/computer.32
 .group         0x0000000000000000        0xc core/computer.32
 .comment       0x0000000000000000       0x12 core/computer.32
 .comment       0x0000000000000000       0x12 core/gdt.32
 .group         0x0000000000000000        0xc core/idle.32
 .comment       0x0000000000000000       0x12 core/idle.32
 .comment       0x0000000000000000       0x12 core/idt.32
 .comment       0x0000000000000000       0x12 core/kheap.32
 .comment       0x0000000000000000       0x12 core/main.32
 .comment       0x0000000000000000       0x12 core/physmgr.32
 .group         0x0000000000000000        0xc core/pipe.32
 .comment       0x0000000000000000       0x12 core/pipe.32
 .group         0x0000000000000000        0xc core/terminal.32
 .comment       0x0000000000000000       0x12 core/terminal.32
 .comment       0x0000000000000000       0x12 core/tss.32
 .group         0x0000000000000000        0x8 core/unixfile.32
 .group         0x0000000000000000        0xc core/unixfile.32
 .group         0x0000000000000000        0xc core/unixfile.32
 .group         0x0000000000000000        0x8 core/unixfile.32
 .group         0x0000000000000000        0xc core/unixfile.32
 .group         0x0000000000000000        0x8 core/unixfile.32
 .group         0x0000000000000000        0xc core/unixfile.32
 .group         0x0000000000000000        0xc core/unixfile.32
 .comment       0x0000000000000000       0x12 core/unixfile.32
 .comment       0x0000000000000000       0x12 core/virtmgr.32
 .comment       0x0000000000000000       0x12 coreobjs/c++.32
 .comment       0x0000000000000000       0x12 dbg/kconsole.32
 .group         0x0000000000000000        0xc fs/vfs.32
 .group         0x0000000000000000        0xc fs/vfs.32
 .group         0x0000000000000000        0xc fs/vfs.32
 .comment       0x0000000000000000       0x12 fs/vfs.32
 .group         0x0000000000000000        0xc hal/bus.32
 .comment       0x0000000000000000       0x12 hal/bus.32
 .group         0x0000000000000000        0xc hal/buzzer.32
 .comment       0x0000000000000000       0x12 hal/buzzer.32
 .group         0x0000000000000000        0xc hal/clock.32
 .comment       0x0000000000000000       0x12 hal/clock.32
 .group         0x0000000000000000       0x14 hal/device.32
 .group         0x0000000000000000        0xc hal/device.32
 .group         0x0000000000000000        0xc hal/device.32
 .group         0x0000000000000000        0xc hal/device.32
 .group         0x0000000000000000        0xc hal/device.32
[...]
Memory Configuration

Name             Origin             Length             Attributes
*default*        0x0000000000000000 0xffffffffffffffff

Linker script and memory map

LOAD D:/Users/Alex/Desktop/Banana/kernel/boot.32
LOAD crti.32
LOAD /cygdrive/d/Users/Alex/Desktop/Toolchain/Output/bin/../lib/gcc/i386-banana/8.1.0/crtbegin.o
LOAD D:/Users/Alex/Desktop/Banana/kernel/morenasm.32
LOAD acpica/utclib.32
LOAD core/malloc.32
LOAD libk/string.32
LOAD fs/fat/diskio.32
LOAD fs/fat/ff.32
LOAD fs/fat/ffsystem.32
LOAD fs/fat/ffunicode.32
LOAD hal/libresample/samplerate.32
LOAD hal/libresample/src_linear.32
LOAD hal/libresample/src_sinc.32
LOAD hal/libresample/src_zoh.32
LOAD compat/inlines.32
LOAD core/computer.32
LOAD core/gdt.32
LOAD core/idle.32
LOAD core/idt.32
LOAD core/kheap.32
LOAD core/main.32
LOAD core/physmgr.32
LOAD core/pipe.32
LOAD core/terminal.32
LOAD core/tss.32
LOAD core/unixfile.32
LOAD core/virtmgr.32
LOAD coreobjs/c++.32
LOAD dbg/kconsole.32
LOAD fs/vfs.32
LOAD hal/bus.32
LOAD hal/buzzer.32
LOAD hal/clock.32
LOAD hal/device.32
LOAD hal/diskctrl.32
LOAD hal/diskphys.32
LOAD hal/fpu.32
LOAD hal/intctrl.32
LOAD hal/keybrd.32
LOAD hal/logidisk.32
LOAD hal/mouse.32
LOAD hal/partition.32
LOAD hal/serial.32
LOAD hal/timer.32
LOAD hal/vcache.32
LOAD hal/video.32
LOAD hw/acpi.32
LOAD hw/cpu.32
LOAD hw/ports.32
LOAD krnl/env.32
LOAD krnl/panic.32
LOAD net/ethernet.32
LOAD reg/registry.32
LOAD sys/sc_exit.32
LOAD sys/sc_getcwd.32
LOAD sys/sc_getpid.32
LOAD sys/sc_loaddll.32
LOAD sys/sc_read.32
LOAD sys/sc_sbrk.32
LOAD sys/sc_setcwd.32
LOAD sys/sc_write.32
LOAD sys/sc_yield.32
LOAD sys/syscalls.32
LOAD thr/elf.32
LOAD thr/prcssthr.32
LOAD vm86/vm8086.32
LOAD vm86/x87em.32
LOAD fs/fat/vfslink.32
LOAD fs/iso9660/vfslink.32
LOAD hal/sound/sndchannel.32
LOAD hal/sound/sndhw.32
LOAD hw/bus/isa.32
LOAD hw/bus/pci.32
LOAD hw/diskctrl/ide.32
LOAD hw/diskctrl/satabus.32
LOAD hw/diskphys/ata.32
LOAD hw/diskphys/atapi.32
LOAD hw/diskphys/sata.32
LOAD hw/fpu/avx.32
LOAD hw/fpu/mmx.32
LOAD hw/fpu/sse.32
LOAD hw/fpu/x87.32
LOAD hw/intctrl/apic.32
LOAD hw/intctrl/pic.32
LOAD hw/timer/apictimer.32
LOAD hw/timer/pit.32
LOAD hw/fpu/x86/avx.32
LOAD hw/fpu/x86/sse.32
LOAD hw/fpu/x86/x87.32
LOAD /cygdrive/d/Users/Alex/Desktop/Toolchain/Output/bin/../lib/gcc/i386-banana/8.1.0/crtend.o
LOAD crtn.32
LOAD /cygdrive/d/Users/Alex/Desktop/Toolchain/Output/bin/../lib/gcc/i386-banana/8.1.0/libkgcc.a
LOAD D:/Users/Alex/Desktop/Banana/kernel/libsoftfp.a
LOAD D:/Users/Alex/Desktop/Banana/kernel/libk/libm32.a
                0x00000000c0000000                . = 0xc0000000

.text           0x00000000c0000000    0x27058
 *(.text)
 .text          0x00000000c0000000       0x41 D:/Users/Alex/Desktop/Banana/kernel/boot.32
                0x00000000c0000020                callGlobalConstructors
 .text          0x00000000c0000041        0x0 crti.32
 *fill*         0x00000000c0000041        0x3 
 .text          0x00000000c0000044      0x101 /cygdrive/d/Users/Alex/Desktop/Toolchain/Output/bin/../lib/gcc/i386-banana/8.1.0/crtbegin.o
 *fill*         0x00000000c0000145        0xb 
 .text          0x00000000c0000150      0x4a2 D:/Users/Alex/Desktop/Banana/kernel/morenasm.32
                0x00000000c0000150                prepareTramp
                0x00000000c0000169                voodooXADD
                0x00000000c0000234                doTPAUSE
                0x00000000c000023e                hasLegacyFPU
                0x00000000c0000263                is486
                0x00000000c0000299                detectCPUID
                0x00000000c00002af                goToVM86
                0x00000000c00002df                goToUsermode
                0x00000000c0000309                switchToThreadASMFirstTime
                0x00000000c0000317                switchToThreadASM
                0x00000000c000039f                asmQuickAcquireLock
                0x00000000c00003bd                asmQuickReleaseLock
                0x00000000c00003c9                asmAcquireLock
                0x00000000c00003ea                asmReleaseLock
                0x00000000c00003fd                loadGDT
                0x00000000c000041d                isr0
                0x00000000c000042d                isr1
                0x00000000c0000437                isr2
                0x00000000c0000441                isr3
                0x00000000c000044b                isr4
                0x00000000c0000455                isr5
                0x00000000c000045f                isr6
                0x00000000c0000469                isr7
                0x00000000c0000473                isr8
                0x00000000c000047b                isr9
                0x00000000c0000485                isr10
                0x00000000c000048d                isr11
                0x00000000c0000495                isr12
                0x00000000c000049d                isr13
                0x00000000c00004a5                isr14
                0x00000000c00004ad                isr15
                0x00000000c00004b7                isr16
                0x00000000c00004c1                isr17
                0x00000000c00004cb                isr18
                0x00000000c00004d5                irq3
                0x00000000c00004df                irq4
                0x00000000c00004e9                irq5
                0x00000000c00004f3                irq6
                0x00000000c00004fd                irq7
                0x00000000c0000507                irq8
                0x00000000c0000511                irq9
                0x00000000c000051b                irq10
                0x00000000c0000525                irq11
                0x00000000c000052f                irq12
                0x00000000c0000539                irq13
                0x00000000c0000543                irq14
                0x00000000c000054d                irq15
                0x00000000c0000557                irq1
                0x00000000c000055e                irq2
                0x00000000c0000565                isr96
                0x00000000c000056c                irq0
                0x00000000c0000571                syscall_common_stub
                0x00000000c0000571                int_common_stub
                0x00000000c00005a2                irq16
                0x00000000c00005ac                irq17
                0x00000000c00005b6                irq18
                0x00000000c00005c0                irq19
                0x00000000c00005ca                irq20
                0x00000000c00005d4                irq21
                0x00000000c00005de                irq22
                0x00000000c00005e8                irq23
 .text          0x00000000c00005f2      0x40f acpica/utclib.32
                0x00000000c00005f2                memcmp
                0x00000000c000061d                memmove
                0x00000000c0000655                memcpy
                0x00000000c000068b                memset
                0x00000000c00006a8                strlen
                0x00000000c00006b8                strpbrk
                0x00000000c00006db                strtok
                0x00000000c000072a                strcpy
                0x00000000c000074a                strncpy
                0x00000000c000077b                strcmp
                0x00000000c000079c                strchr
                0x00000000c00007b2                strncmp
                0x00000000c00007e1                strcat
                0x00000000c0000808                strncat
                0x00000000c0000842                strstr
                0x00000000c000087f                toupper
                0x00000000c0000893                tolower
                0x00000000c00008a7                simple_strtoul
 .text          0x00000000c0000a01      0xfbf core/malloc.32
                0x00000000c0000b6c                dlfree
                0x00000000c0000ec7                dlmalloc
                0x00000000c0001404                dlrealloc
                0x00000000c00015b9                dlmemalign
                0x00000000c00016dc                dlcalloc
                0x00000000c0001776                dlcfree
                0x00000000c000177b                dlindependent_calloc
                0x00000000c00017a0                dlindependent_comalloc
                0x00000000c00017b7                dlvalloc
                0x00000000c00017e2                dlpvalloc
                0x00000000c0001818                dlmalloc_trim
                0x00000000c0001825                dlmalloc_usable_size
                0x00000000c0001856                dlmallinfo
                0x00000000c0001925                dlmalloc_stats
                0x00000000c0001936                dlmallopt
 .text          0x00000000c00019c0        0x0 libk/string.32
 .text          0x00000000c00019c0       0x51 fs/fat/diskio.32
                0x00000000c00019c0                disk_status
                0x00000000c00019c3                disk_initialize
                0x00000000c00019c6                disk_read
                0x00000000c00019dc                disk_write
                0x00000000c00019f2                disk_ioctl
 .text          0x00000000c0001a11     0x6833 fs/fat/ff.32
                0x00000000c0004cdf                f_mount
                0x00000000c0004d41                f_open
                0x00000000c000517d                f_read
                0x00000000c00053fd                f_write
                0x00000000c00056b7                f_sync
                0x00000000c0005893                f_close
                0x00000000c00058c2                f_lseek
                0x00000000c0005d79                f_opendir
                0x00000000c0005e7b                f_closedir
                0x00000000c0005e9d                f_readdir
                0x00000000c0005f38                f_stat
                0x00000000c0005fc7                f_getfree
                0x00000000c0006192                f_truncate
                0x00000000c000628a                f_unlink
                0x00000000c000640d                f_mkdir
                0x00000000c0006639                f_rename
                0x00000000c000692c                f_chmod
                0x00000000c0006a0a                f_utime
                0x00000000c0006ae8                f_getlabel
                0x00000000c0006cd6                f_setlabel
                0x00000000c0006f43                f_forward
                0x00000000c0007121                f_mkfs
 .text          0x00000000c0008244       0x2d fs/fat/ffsystem.32
                0x00000000c0008244                ff_memalloc
                0x00000000c000825a                ff_memfree
 .text          0x00000000c0008271      0x253 fs/fat/ffunicode.32
                0x00000000c0008271                ff_uni2oem
                0x00000000c0008301                ff_oem2uni
                0x00000000c000836d                ff_wtoupper
 .text          0x00000000c00084c4      0x8fb hal/libresample/samplerate.32
                0x00000000c0008508                src_delete
                0x00000000c0008544                src_process
                0x00000000c00086fa                src_callback_read
                0x00000000c0008877                src_set_ratio
                0x00000000c00088e1                src_get_channels
                0x00000000c0008903                src_reset
                0x00000000c000894f                src_new
                0x00000000c00089dd                src_callback_new
                0x00000000c0008a3f                src_get_name
                0x00000000c0008a76                src_get_description
                0x00000000c0008aad                src_get_version
                0x00000000c0008ab3                src_is_valid_ratio
                0x00000000c0008b07                src_error
                0x00000000c0008b15                src_strerror
                0x00000000c0008b28                src_simple
                0x00000000c0008b7b                src_short_to_float_array
                0x00000000c0008be0                src_float_to_short_array
                0x00000000c0008c9f                src_int_to_float_array
                0x00000000c0008d02                src_float_to_int_array
 .text          0x00000000c0008dbf      0x8cb hal/libresample/src_linear.32
                0x00000000c00095e5                linear_get_name
                0x00000000c00095f4                linear_get_description
                0x00000000c0009603                linear_set_converter
 .text          0x00000000c000968a     0x447c hal/libresample/src_sinc.32
                0x00000000c000da1d                sinc_get_name
                0x00000000c000da30                sinc_get_description
                0x00000000c000da43                sinc_set_converter
 .text          0x00000000c000db06      0x77c hal/libresample/src_zoh.32
                0x00000000c000e1dd                zoh_get_name
                0x00000000c000e1ec                zoh_get_description
                0x00000000c000e1fb                zoh_set_converter
 .text          0x00000000c000e282       0x23 compat/inlines.32
                0x00000000c000e282                CPU::current()
                0x00000000c000e28f                operator new(unsigned long)
 *fill*         0x00000000c000e2a5        0x1 
 .text          0x00000000c000e2a6      0xa0b core/computer.32
                0x00000000c000e2a6                Computer::close(int, int, void*)
                0x00000000c000e2ea                Computer::Computer()
                0x00000000c000e2ea                Computer::Computer()
                0x00000000c000e446                Computer::setBootMessage(char const*)
                0x00000000c000e448                Computer::start()
                0x00000000c000e51e                firstTask()
                0x00000000c000e52c                Computer::detectFeatures()
                0x00000000c000e736                Computer::displayFeatures()
                0x00000000c000ea7c                Computer::rdmsr(unsigned int)
                0x00000000c000eaa8                Computer::wrmsr(unsigned int, unsigned long long)
                0x00000000c000eae0                Computer::nmiEnabled()
                0x00000000c000eaec                Computer::readCMOS(unsigned char)
                0x00000000c000eb06                Computer::enableNMI(bool)
                0x00000000c000eb1e                Computer::open(int, int, void*)
                0x00000000c000ebf4                Computer::disableNMI()
                0x00000000c000ec02                Computer::writeCMOS(unsigned char, unsigned char)
                0x00000000c000ec20                Computer::handleNMI()
                0x00000000c000ec86                Computer::setDiskActivityLight(int, bool)
 *fill*         0x00000000c000ecb1        0x1 
 .text          0x00000000c000ecb2      0x1b7 core/gdt.32
                0x00000000c000ecb2                GDTEntry::setBase(unsigned int)
                0x00000000c000ecce                GDTEntry::setLimit(unsigned int)
                0x00000000c000ecec                GDT::GDT()
                0x00000000c000ecec                GDT::GDT()
                0x00000000c000ed02                GDT::addEntry(GDTEntry)
                0x00000000c000ed3e                GDT::getNumberOfEntries()
                0x00000000c000ed46                GDT::flush()
                0x00000000c000ed68                GDT::setup()
 .text          0x00000000c000ee69       0x62 core/idle.32
                0x00000000c000ee69                idleFunction(void*)
 *fill*         0x00000000c000eecb        0x1 
 .text          0x00000000c000eecc      0x45f core/idt.32
                0x00000000c000eecc                IDTEntry::IDTEntry(bool)
                0x00000000c000eecc                IDTEntry::IDTEntry(bool)
                0x00000000c000ef3a                IDTEntry::setOffset(unsigned int)
                0x00000000c000ef4e                IDT::IDT()
                0x00000000c000ef4e                IDT::IDT()
                0x00000000c000ef50                IDT::getPointerToInvalidOpcodeEntryForF00F()
                0x00000000c000ef58                IDT::addEntry(IDTEntry, int)
                0x00000000c000ef72                IDT::addEntry(int, void (*)(), bool)
                0x00000000c000efaa                IDT::flush()
                0x00000000c000efc4                IDT::setup()
 .text          0x00000000c000f32b      0x203 core/kheap.32
                0x00000000c000f32b                sbrk
                0x00000000c000f439                mmap
                0x00000000c000f44f                munmap
                0x00000000c000f465                liballoc_lock()
                0x00000000c000f476                liballoc_unlock()
                0x00000000c000f487                liballoc_alloc(int)
                0x00000000c000f4a2                liballoc_free(void*, int)
                0x00000000c000f4c0                realloc
                0x00000000c000f4d4                malloc
                0x00000000c000f4e4                free
                0x00000000c000f4f4                rfree
                0x00000000c000f504                calloc
 .text          0x00000000c000f52e      0x3bf core/main.32
                0x00000000c000f52e                hwTextMode_loadInData(VgaText*)
                0x00000000c000f579                hwTextMode_loadInTitle(VgaText*, char*)
                0x00000000c000f5c0                hwTextMode_showCursor(VgaText*, bool)
                0x00000000c000f614                hwTextMode_update(VgaText*)
                0x00000000c000f615                hwTextMode_updateCursor(VgaText*)
                0x00000000c000f65d                hwTextMode_disableBlink(VgaText*, bool)
                0x00000000c000f699                hwTextMode_scrollScreen(VgaText*)
                0x00000000c000f725                hwTextMode_writeCharacter(VgaText*, char, VgaColour, VgaColour, int, int)
                0x00000000c000f785                setupTextMode()
                0x00000000c000f7f5                kernel_main
 .text          0x00000000c000f8ed      0x54d core/physmgr.32
                0x00000000c000f8ed                Phys::allocateDMA(unsigned long)
                0x00000000c000f990                Phys::freeDMA(unsigned long, unsigned long)
                0x00000000c000f9d8                Phys::setPageState(unsigned long, bool)
                0x00000000c000fa0a                Phys::getPageState(unsigned long)
                0x00000000c000fa26                Phys::freePage(unsigned long)
                0x00000000c000fab0                Phys::allocatePage()
                0x00000000c000fb78                Phys::allocateContiguousPages(int)
                0x00000000c000fbd2                Phys::allowSegmentToBeUsed(unsigned long, unsigned long)
                0x00000000c000fc0a                Phys::physicalMemorySetup(unsigned int)
 .text          0x00000000c000fe3a      0x273 core/pipe.32
                0x00000000c000fe3a                Pipe::isAtty()
                0x00000000c000fe3e                Pipe::~Pipe()
                0x00000000c000fe3e                Pipe::~Pipe()
                0x00000000c000fe62                Pipe::~Pipe()
                0x00000000c000fe8a                Pipe::read(unsigned long long, void*, int*)
                0x00000000c000ff7e                Pipe::write(unsigned long long, void*, int*)
                0x00000000c0010046                Pipe::Pipe(int)
                0x00000000c0010046                Pipe::Pipe(int)
 *fill*         0x00000000c00100ad        0x1 
 .text          0x00000000c00100ae     0x101b core/terminal.32
                0x00000000c00100ae                VgaText::isAtty()
                0x00000000c00100b2                VgaText::~VgaText()
                0x00000000c00100b2                VgaText::~VgaText()
                0x00000000c00100d6                VgaText::~VgaText()
                0x00000000c0010100                VgaText::read(unsigned long long, void*, int*)
                0x00000000c0010120                setTerminalScrollLock(bool)
                0x00000000c0010121                addToTerminalCycle(VgaText*)
                0x00000000c001014e                installVgaTextImplementation()
                0x00000000c0010163                scrollTerminalScrollLock(int)
                0x00000000c0010164                VgaText::load()
                0x00000000c00101b8                VgaText::updateCursor()
                0x00000000c00101d2                VgaText::showCursor(bool)
                0x00000000c00101e2                VgaText::disableBlink(bool)
                0x00000000c001021c                VgaText::doANSI_SGR(int)
                0x00000000c00102a8                VgaText::setDefaultBgColour(VgaColour)
                0x00000000c00102be                VgaText::setDefaultFgColour(VgaColour)
                0x00000000c00102d4                VgaText::setDefaultColours(VgaColour, VgaColour)
                0x00000000c00102f4                VgaText::combineColours(unsigned char, unsigned char)
                0x00000000c0010312                VgaText::scrollScreen()
                0x00000000c00103ae                VgaText::combineCharAndColour(char, unsigned char)
                0x00000000c00103c0                VgaText::writeCharacter(char, VgaColour, VgaColour, int, int)
                0x00000000c0010420                VgaText::getCursorX()
                0x00000000c001042c                VgaText::getCursorY()
                0x00000000c0010438                VgaText::setCursor(int, int)
                0x00000000c0010456                VgaText::setCursorX(int)
                0x00000000c0010472                VgaText::setCursorY(int)
                0x00000000c001048e                VgaText::incrementCursor(bool)
                0x00000000c00104f6                VgaText::updateRAMUsageDisplay(int)
                0x00000000c0010576                VgaText::updateDiskUsage()
                0x00000000c0010758                VgaText::updateTitle()
                0x00000000c001079e                VgaText::setTitleTextColour(VgaColour)
                0x00000000c00107ae                VgaText::setTitleColour(VgaColour)
                0x00000000c00107be                VgaText::setTitle(char*)
                0x00000000c00107e4                VgaText::decrementCursor(bool)
                0x00000000c001080c                VgaText::putchar(char, VgaColour, VgaColour)
                0x00000000c0010908                VgaText::isShowingCursor()
                0x00000000c0010914                VgaText::isBlinkDisabled()
                0x00000000c0010922                VgaText::setCursorHeight(int)
                0x00000000c0010940                VgaText::getCursorHeight()
                0x00000000c001094b                setActiveTerminal(VgaText*)
                0x00000000c00109fd                doTerminalCycle()
                0x00000000c0010a1a                VgaText::doUpdate()
                0x00000000c0010a2c                VgaText::puts(char const*, VgaColour, VgaColour)
                0x00000000c0010bec                VgaText::clearScreen()
                0x00000000c0010c50                VgaText::putchar(char)
                0x00000000c0010d6a                VgaText::puts(char const*)
                0x00000000c0010d90                VgaText::putx(unsigned int)
                0x00000000c0010dd6                VgaText::VgaText(char const*)
                0x00000000c0010dd6                VgaText::VgaText(char const*)
                0x00000000c0010f68                VgaText::receiveKey(unsigned char)
                0x00000000c0011050                VgaText::write(unsigned long long, void*, int*)
                0x00000000c00110a4                newTerminal(char*)
 *fill*         0x00000000c00110c9        0x1 
 .text          0x00000000c00110ca      0x1b3 core/tss.32
                0x00000000c00110ca                TSS::TSS()
                0x00000000c00110ca                TSS::TSS()
                0x00000000c00110d8                TSS::setESP(unsigned long)
                0x00000000c00110ea                TSS::flush()
                0x00000000c001110a                TSS::setup(unsigned long, unsigned long)
 *fill*         0x00000000c001127d        0x1 
 .text          0x00000000c001127e      0x4c2 core/unixfile.32
                0x00000000c001127e                ReservedFilename::read(unsigned long long, void*, int*)
                0x00000000c00112d4                ReservedFilename::isAtty()
                0x00000000c00112f0                ReservedFilename::write(unsigned long long, void*, int*)
                0x00000000c001134e                UnixFile::getFileDescriptor()
                0x00000000c0011356                UnixFile::UnixFile(int)
                0x00000000c0011356                UnixFile::UnixFile(int)
                0x00000000c0011506                ReservedFilename::ReservedFilename(int)
                0x00000000c0011506                ReservedFilename::ReservedFilename(int)
                0x00000000c0011538                UnixFile::~UnixFile()
                0x00000000c0011538                UnixFile::~UnixFile()
                0x00000000c00115d0                UnixFile::~UnixFile()
                0x00000000c00115f8                ReservedFilename::~ReservedFilename()
                0x00000000c00115f8                ReservedFilename::~ReservedFilename()
                0x00000000c001161c                ReservedFilename::~ReservedFilename()
                0x00000000c0011643                getFromFileDescriptor(int)
 .text          0x00000000c0011740      0xee3 core/virtmgr.32
                0x00000000c0011740                Virt::setPageState(unsigned long, Virt::VirtPageState)
                0x00000000c0011775                Virt::getPageState(unsigned long)
                0x00000000c0011799                Virt::allocateKernelVirtualPages(int)
                0x00000000c00118aa                Virt::virtualMemorySetup()
                0x00000000c0011929                Virt::getAKernelVAS()
                0x00000000c001192f                Virt::setupPageSwapping(int)
                0x00000000c0011a5e                VAS::VAS()
                0x00000000c0011a5e                VAS::VAS()
                0x00000000c0011a8e                VAS::VAS(VAS*)
                0x00000000c0011a8e                VAS::VAS(VAS*)
                0x00000000c0011ab2                VAS::getForeignPageTableEntry(bool, unsigned long)
                0x00000000c0011ade                VAS::getPageTableEntry(unsigned long)
                0x00000000c0011afd                Virt::freeKernelVirtualPages(unsigned long)
                0x00000000c0011c20                VAS::freeAllocatedPages(unsigned long)
                0x00000000c0011c44                VAS::virtualToPhysical(unsigned long)
                0x00000000c0011c5c                VAS::reflagRange(unsigned long, int, int, int)
                0x00000000c0011c9c                VAS::setToWriteCombining(unsigned long, int)
                0x00000000c0011cce                VAS::mapOtherVASIn(bool, VAS*)
                0x00000000c0011cf8                VAS::~VAS()
                0x00000000c0011cf8                VAS::~VAS()
                0x00000000c0011e64                VAS::mapPage(unsigned long, unsigned long, int)
                0x00000000c0011f64                VAS::allocatePages(int, int)
                0x00000000c001213c                VAS::setCPUSpecific(unsigned long)
                0x00000000c0012158                VAS::mapRange(unsigned long, unsigned long, int, int)
                0x00000000c001221e                VAS::mapForeignPage(bool, VAS*, unsigned long, unsigned long, int)
                0x00000000c001230c                VAS::VAS(bool)
                0x00000000c001230c                VAS::VAS(bool)
                0x00000000c0012567                mapVASFirstTime
 .text          0x00000000c0012623       0x95 coreobjs/c++.32
                0x00000000c0012623                __cxa_atexit
                0x00000000c0012626                __cxa_finalize
                0x00000000c0012627                __stack_chk_fail
                0x00000000c0012693                __cxa_pure_virtual
                0x00000000c00126a4                operator new[](unsigned long)
                0x00000000c00126a9                operator delete(void*, unsigned long)
                0x00000000c00126ae                operator delete[](void*)
                0x00000000c00126b3                operator delete[](void*, unsigned long)
 .text          0x00000000c00126b8      0x1ef dbg/kconsole.32
                0x00000000c00126b8                Dbg::stringifyxWithBase(unsigned int, char*, int)
                0x00000000c0012719                Dbg::logc(char)
                0x00000000c0012730                Dbg::logs(char*)
                0x00000000c001274d                Dbg::logWriteInt(unsigned int)
                0x00000000c001276a                Dbg::logWriteIntBase(unsigned int, int)
                0x00000000c0012789                Dbg::kprintf(char const*, ...)
 *fill*         0x00000000c00128a7        0x1 
 .text          0x00000000c00128a8      0xb7c fs/vfs.32
                0x00000000c00128a8                File::read(unsigned long long, void*, int*)
                0x00000000c0012900                File::write(unsigned long long, void*, int*)
                0x00000000c0012958                Directory::read(unsigned long long, void*, int*)
                0x00000000c00129b0                Directory::write(unsigned long long, void*, int*)
                0x00000000c00129de                File::isAtty()
                0x00000000c00129e2                Directory::isAtty()
                0x00000000c00129e6                Filesystem::getlabel(LogicalDisk*, int, char*, unsigned int*)
                0x00000000c00129ec                Filesystem::setlabel(LogicalDisk*, int, char*)
                0x00000000c00129f2                File::~File()
                0x00000000c00129f2                File::~File()
                0x00000000c0012a16                File::~File()
                0x00000000c0012a40                Directory::~Directory()
                0x00000000c0012a40                Directory::~Directory()
                0x00000000c0012a64                Directory::~Directory()
                0x00000000c0012a8e                Filesystem::Filesystem()
                0x00000000c0012a8e                Filesystem::Filesystem()
                0x00000000c0012ab2                Filesystem::~Filesystem()
                0x00000000c0012ab2                Filesystem::~Filesystem()
                0x00000000c0012ac0                Filesystem::~Filesystem()
                0x00000000c0012ae4                initVFS()
                0x00000000c0012b0e                standardiseFiles(char*, char const*, char const*)
                0x00000000c0012cb8                File::File(char const*, Process*)
                0x00000000c0012cb8                File::File(char const*, Process*)
                0x00000000c0012d1c                File::open(FileOpenMode)
                0x00000000c0012d7a                File::close()
                0x00000000c0012dda                File::seek(unsigned long long)
                0x00000000c0012e30                File::tell(unsigned long long*)
                0x00000000c0012e80                File::rewind()
                0x00000000c0012e94                File::unlink()
                0x00000000c0012ee0                File::rename(char const*)
                0x00000000c0012f2e                File::chfatattr(unsigned char, unsigned char)
                0x00000000c0012f8a                File::exists()
                0x00000000c0012fc8                File::stat(unsigned long long*, bool*)
                0x00000000c0013029                getcwd(Process*, char*, int)
                0x00000000c0013053                setcwd(Process*, char*)
                0x00000000c001318e                Directory::Directory(char const*, Process*)
                0x00000000c001318e                Directory::Directory(char const*, Process*)
                0x00000000c00131f2                Directory::open()
                0x00000000c001324e                Directory::close()
                0x00000000c00132ae                Directory::unlink()
                0x00000000c00132fa                Directory::rename(char const*)
                0x00000000c0013348                Directory::exists()
                0x00000000c0013386                Directory::read(dirent*)
                0x00000000c00133d2                Directory::create()
                0x00000000c001341e                Filesystem::chfatattr(char const*, unsigned char, unsigned char)
 .text          0x00000000c0013424       0x84 hal/bus.32
                0x00000000c0013424                Bus::Bus(char const*)
                0x00000000c0013424                Bus::Bus(char const*)
                0x00000000c001345a                Bus::~Bus()
                0x00000000c001345a                Bus::~Bus()
                0x00000000c001347e                Bus::~Bus()
 .text          0x00000000c00134a8      0x14e hal/buzzer.32
                0x00000000c00134a8                Buzzer::Buzzer(char const*)
                0x00000000c00134a8                Buzzer::Buzzer(char const*)
                0x00000000c00134ec                Buzzer::~Buzzer()
                0x00000000c00134ec                Buzzer::~Buzzer()
                0x00000000c0013510                Buzzer::~Buzzer()
                0x00000000c001353a                Buzzer::stop()
                0x00000000c001354d                beepThread(void*)
                0x00000000c0013588                Buzzer::beep(int, int, bool)
 .text          0x00000000c00135f6      0x42f hal/clock.32
                0x00000000c00135f6                loadClockSettings()
                0x00000000c0013610                Clock::Clock(char const*)
                0x00000000c0013610                Clock::Clock(char const*)
                0x00000000c0013646                Clock::~Clock()
                0x00000000c0013646                Clock::~Clock()
                0x00000000c001366a                Clock::~Clock()
                0x00000000c0013694                Clock::timeInSecondsLocal()
                0x00000000c00136dc                Clock::setTimeInSecondsLocal(unsigned long long)
                0x00000000c0013735                datetimeToSeconds(datetime_t)
                0x00000000c001385c                Clock::setTimeInDatetimeLocal(datetime_t)
                0x00000000c00138bc                secondsToDatetime(unsigned long long)
                0x00000000c0013a00                Clock::timeInDatetimeLocal()
 *fill*         0x00000000c0013a25        0x1 
 .text          0x00000000c0013a26      0x4de hal/device.32
                0x00000000c0013a26                Device::hibernate()
                0x00000000c0013a28                Device::wake()
                0x00000000c0013a2a                Device::detect()
                0x00000000c0013a2c                Device::disableLegacy()
                0x00000000c0013a2e                Device::powerSaving(PowerSavingLevel)
                0x00000000c0013a30                DriverlessDevice::close(int, int, void*)
                0x00000000c0013a34                DriverlessDevice::detect()
                0x00000000c0013a36                DriverlessDevice::open(int, int, void*)
                0x00000000c0013a4a                Device::~Device()
                0x00000000c0013a4a                Device::~Device()
                0x00000000c0013a58                Device::~Device()
                0x00000000c0013a80                Device::findAndLoadDriver()
                0x00000000c0013a82                Device::preOpenPCI(PCIDeviceInfo)
                0x00000000c0013aa8                Device::preOpenACPI(void*, char*, char*)
                0x00000000c0013afc                Device::addIRQHandler(int, void (*)(regs*, void*), bool, void*)
                0x00000000c0013b3a                Device::removeIRQHandler(int, void (*)(regs*, void*), bool)
                0x00000000c0013b78                Device::addChild(Device*)
                0x00000000c0013bbc                Device::removeAllChildren()
                0x00000000c0013c02                Device::hibernateAll()
                0x00000000c0013c32                Device::wakeAll()
                0x00000000c0013c62                Device::detectAll()
                0x00000000c0013c92                Device::disableLegacyAll()
                0x00000000c0013cc2                Device::loadDriversForAll()
                0x00000000c0013cee                Device::closeAll()
                0x00000000c0013d24                Device::powerSavingAll(PowerSavingLevel)
                0x00000000c0013d5a                Device::setName(char const*)
                0x00000000c0013d68                Device::Device(char const*)
                0x00000000c0013d68                Device::Device(char const*)
                0x00000000c0013e64                Device::getName()
                0x00000000c0013e6e                DriverlessDevice::DriverlessDevice(char const*)
                0x00000000c0013e6e                DriverlessDevice::DriverlessDevice(char const*)
                0x00000000c0013e96                Device::addToLinkedList(LinkedList<Device>&, DeviceType)
                0x00000000c0013eda                getDevicesOfType(DeviceType)
 .text          0x00000000c0013f04       0x84 hal/diskctrl.32
                0x00000000c0013f04                HardDiskController::HardDiskController(char const*)
                0x00000000c0013f04                HardDiskController::HardDiskController(char const*)
                0x00000000c0013f3a                HardDiskController::~HardDiskController()
                0x00000000c0013f3a                HardDiskController::~HardDiskController()
                0x00000000c0013f5e                HardDiskController::~HardDiskController()
 .text          0x00000000c0013f88       0xde hal/diskphys.32
                0x00000000c0013f88                PhysicalDisk::PhysicalDisk(char const*, int)
                0x00000000c0013f88                PhysicalDisk::PhysicalDisk(char const*, int)
                0x00000000c0013ff0                PhysicalDisk::startCache()
                0x00000000c0014018                PhysicalDisk::~PhysicalDisk()
                0x00000000c0014018                PhysicalDisk::~PhysicalDisk()
                0x00000000c001403c                PhysicalDisk::~PhysicalDisk()
 .text          0x00000000c0014066      0x13b hal/fpu.32
                0x00000000c0014066                FPU::FPU(char const*)
                0x00000000c0014066                FPU::FPU(char const*)
                0x00000000c001409c                FPU::~FPU()
                0x00000000c001409c                FPU::~FPU()
                0x00000000c00140c0                FPU::~FPU()
                0x00000000c00140ea                setupFPU()
 *fill*         0x00000000c00141a1        0x1 
 .text          0x00000000c00141a2     0x12b1 hal/intctrl.32
                0x00000000c00141a2                InterruptController::uninstallISRHandler(int, void (*)(regs*, void*))
                0x00000000c00141da                InterruptController::installISRHandler(int, void (*)(regs*, void*), void*)
                0x00000000c001422c                doubleFault(regs*, void*)
                0x00000000c0014246                InterruptController::installIRQHandler(int, void (*)(regs*, void*), bool, void*)
                0x00000000c00142e2                InterruptController::clearAllHandlers(int, bool)
                0x00000000c001438a                InterruptController::uninstallIRQHandler(int, void (*)(regs*, void*), bool)
                0x00000000c0014411                nmiHandler(regs*, void*)
                0x00000000c001441f                int_handler
                0x00000000c00144c0                InterruptController::InterruptController(char const*)
                0x00000000c00144c0                InterruptController::InterruptController(char const*)
                0x00000000c0014566                InterruptController::~InterruptController()
                0x00000000c0014566                InterruptController::~InterruptController()
                0x00000000c001458a                InterruptController::~InterruptController()
                0x00000000c00145b4                displayDebugInfo(regs*)
                0x00000000c00149b9                x87EmulHandler(regs*, void*)
                0x00000000c00149e8                gpFault(regs*, void*)
                0x00000000c0014a21                pgFault(regs*, void*)
                0x00000000c0014a38                otherISRHandler(regs*, void*)
                0x00000000c0014a57                opcodeFault(regs*, void*)
                0x00000000c0015016                displayProgramFault(char const*)
                0x00000000c001503e                setupInterruptController()
                0x00000000c0015406                InterruptController::convertLegacyIRQNumber(int)
 *fill*         0x00000000c0015453        0x1 
 .text          0x00000000c0015454      0x69a hal/keybrd.32
                0x00000000c0015454                startGUI(void*)
                0x00000000c00154b0                startGUIVESA(void*)
                0x00000000c001550c                sendKeyToTerminal(unsigned char)
                0x00000000c0015578                sendKeyboardToken(KeyboardToken)
                0x00000000c0015988                clearInternalKeybuffer(VgaText*)
                0x00000000c00159bd                readKeyboard(VgaText*, char*, unsigned long)
                0x00000000c0015a64                Keyboard::Keyboard(char const*)
                0x00000000c0015a64                Keyboard::Keyboard(char const*)
                0x00000000c0015aa0                Keyboard::~Keyboard()
                0x00000000c0015aa0                Keyboard::~Keyboard()
                0x00000000c0015ac4                Keyboard::~Keyboard()
 .text          0x00000000c0015aee      0x400 hal/logidisk.32
                0x00000000c0015aee                LogicalDisk::close(int, int, void*)
                0x00000000c0015af2                LogicalDisk::~LogicalDisk()
                0x00000000c0015af2                LogicalDisk::~LogicalDisk()
                0x00000000c0015b16                LogicalDisk::~LogicalDisk()
                0x00000000c0015b40                LogicalDisk::open(int, int, void*)
                0x00000000c0015b54                LogicalDisk::absoluteToRelative(unsigned long long)
                0x00000000c0015b8c                LogicalDisk::relativeToAbsolute(unsigned long long)
                0x00000000c0015bd2                LogicalDisk::LogicalDisk(char const*, PhysicalDisk*, unsigned long long, unsigned long long)
                0x00000000c0015bd2                LogicalDisk::LogicalDisk(char const*, PhysicalDisk*, unsigned long long, unsigned long long)
                0x00000000c0015c88                LogicalDisk::assignDriveLetter()
                0x00000000c0015d3e                LogicalDisk::mount()
                0x00000000c0015db0                LogicalDisk::unmount()
                0x00000000c0015dc0                LogicalDisk::unassignDriveLetter()
                0x00000000c0015e16                LogicalDisk::read(unsigned long long, int, void*)
                0x00000000c0015e82                LogicalDisk::write(unsigned long long, int, void*)
 .text          0x00000000c0015eee       0x84 hal/mouse.32
                0x00000000c0015eee                Mouse::Mouse(char const*)
                0x00000000c0015eee                Mouse::Mouse(char const*)
                0x00000000c0015f24                Mouse::~Mouse()
                0x00000000c0015f24                Mouse::~Mouse()
                0x00000000c0015f48                Mouse::~Mouse()
 .text          0x00000000c0015f72      0x339 hal/partition.32
                0x00000000c0015f72                makePartition(PhysicalDisk*, unsigned long long, unsigned long long)
                0x00000000c001601a                createPartitionsForDisk(PhysicalDisk*)
 *fill*         0x00000000c00162ab        0x1 
 .text          0x00000000c00162ac       0x84 hal/serial.32
                0x00000000c00162ac                Serial::Serial(char const*)
                0x00000000c00162ac                Serial::Serial(char const*)
                0x00000000c00162e2                Serial::~Serial()
                0x00000000c00162e2                Serial::~Serial()
                0x00000000c0016306                Serial::~Serial()
 .text          0x00000000c0016330      0x2b8 hal/timer.32
                0x00000000c0016330                Timer::Timer(char const*)
                0x00000000c0016330                Timer::Timer(char const*)
                0x00000000c0016366                Timer::~Timer()
                0x00000000c0016366                Timer::~Timer()
                0x00000000c001638a                Timer::~Timer()
                0x00000000c00163b4                Timer::read()
                0x00000000c00163bf                timerHandler(unsigned long long)
                0x00000000c00164f6                setupTimer(int)
 .text          0x00000000c00165e8      0x2db hal/vcache.32
                0x00000000c00165e8                VCache::VCache(PhysicalDisk*)
                0x00000000c00165e8                VCache::VCache(PhysicalDisk*)
                0x00000000c00166e2                VCache::writeWriteBuffer()
                0x00000000c001671e                VCache::~VCache()
                0x00000000c001671e                VCache::~VCache()
                0x00000000c001675e                VCache::~VCache()
                0x00000000c0016786                VCache::write(unsigned long long, int, void*)
                0x00000000c001686a                VCache::read(unsigned long long, int, void*)
 *fill*         0x00000000c00168c3        0x1 
 .text          0x00000000c00168c4      0x4cd hal/video.32
                0x00000000c00168c4                Video::putrect(int, int, int, int, unsigned int)
                0x00000000c0016910                Video::bitblit(int, int, int, int, int, int, int, unsigned int*)
                0x00000000c0016980                Video::blit(unsigned int*, int, int, int, int)
                0x00000000c00169fe                Video::clearScreen(unsigned int)
                0x00000000c0016a32                Video::putpixel(int, int, unsigned int)
                0x00000000c0016a40                Video::Video(char const*)
                0x00000000c0016a40                Video::Video(char const*)
                0x00000000c0016a76                Video::~Video()
                0x00000000c0016a76                Video::~Video()
                0x00000000c0016a9a                Video::~Video()
                0x00000000c0016ac4                Video::isMonochrome()
                0x00000000c0016ad0                Video::getWidth()
                0x00000000c0016adc                Video::getHeight()
                0x00000000c0016ae8                Video::drawCursor(int, int, unsigned char*, int)
                0x00000000c0016ba4                Video::tgaParse(unsigned char*, int, int*, int*)
                0x00000000c0016d26                Video::putTGA(int, int, unsigned char*, int)
 *fill*         0x00000000c0016d91        0x1 
 .text          0x00000000c0016d92      0xe28 hw/acpi.32
                0x00000000c0016d92                ACPI::close(int, int, void*)
                0x00000000c0016e47                findRSDP()
                0x00000000c0016ed1                loadACPITables(unsigned char*)
                0x00000000c00170f8                findRSDT(unsigned char*)
                0x00000000c0017216                findDataTable(unsigned char*, char*)
                0x00000000c00172b2                scanMADT()
                0x00000000c0017738                ACPI::ACPI()
                0x00000000c0017738                ACPI::ACPI()
                0x00000000c0017798                ACPI::getPCIIRQAssignment(unsigned char, unsigned short, unsigned char)
                0x00000000c001787a                ACPI::registerPCIIRQAssignment(void*, unsigned short, unsigned char, unsigned char)
                0x00000000c0017980                ACPI::setScreenBrightnessLevel(void*, int)
                0x00000000c0017986                ACPI::writeSimpleBootFlag(SimpleBootFlagTable*)
                0x00000000c00179ce                ACPI::open(int, int, void*)
                0x00000000c0017ba2                ACPI::sleep()
 .text          0x00000000c0017bba     0x1715 hw/cpu.32
                0x00000000c0017bba                CPU::close(int, int, void*)
                0x00000000c0017bbe                CPU::lookupAMDName(unsigned char, unsigned char)
                0x00000000c0017d52                CPU::lookupIntelName(unsigned char, unsigned char)
                0x00000000c0018000                CPU::AMD_K6_write_msr(unsigned int, unsigned int, unsigned int, CPU::REGS*)
                0x00000000c001801c                CPU::AMD_K6_read_msr(unsigned int, CPU::REGS*)
                0x00000000c0018034                CPU::AMD_K6_writeback(int, int, int)
                0x00000000c00180a8                CPU::cpuid(int, unsigned long*, unsigned long*, unsigned long*, unsigned long*)
                0x00000000c001812c                CPU::cpuidCheckEDX(unsigned int)
                0x00000000c001815a                CPU::cpuidCheckECX(unsigned int)
                0x00000000c0018188                CPU::cpuidCheckExtendedEBX(unsigned int)
                0x00000000c00181b6                CPU::cpuidCheckExtendedECX(unsigned int)
                0x00000000c00181e4                CPU::CPU()
                0x00000000c00181e4                CPU::CPU()
                0x00000000c0018272                CPU::displayFeatures()
                0x00000000c00184ee                CPU::detectFeatures()
                0x00000000c0018ede                CPU::setupSMEP()
                0x00000000c0018eea                CPU::setupUMIP()
                0x00000000c0018ef4                CPU::setupTSC()
                0x00000000c0018efe                CPU::setupLargePages()
                0x00000000c0018f08                CPU::setupPAT()
                0x00000000c0018f44                CPU::setupMTRR()
                0x00000000c0018f46                CPU::setupGlobalPages()
                0x00000000c0018f50                CPU::allowUsermodeDataAccess()
                0x00000000c0018f62                CPU::prohibitUsermodeDataAccess()
                0x00000000c0018f74                CPU::setupSMAP()
                0x00000000c0018f82                CPU::setupFeatures()
                0x00000000c0019002                CPU::open(int, int, void*)
                0x00000000c00190d4                CPU::decodeAddress(regs*, int*, bool*, unsigned char*)
 .text          0x00000000c00192cf        0x0 hw/ports.32
 *fill*         0x00000000c00192cf        0x1 
 .text          0x00000000c00192d0      0x5d3 krnl/env.32
                0x00000000c00192d0                EnvVarContainer::getEnv(char const*)
                0x00000000c001930e                EnvVarContainer::setEnv(char const*, char const*)
                0x00000000c00193da                EnvVarContainer::deleteEnv(char const*)
                0x00000000c00193dc                EnvVarContainer::loadFrom(char const*, char const*)
                0x00000000c00195d2                EnvVarContainer::__loadSystem()
                0x00000000c00195ec                EnvVarContainer::__loadUser()
                0x00000000c00195ee                EnvVarContainer::EnvVarContainer(Process*)
                0x00000000c00195ee                EnvVarContainer::EnvVarContainer(Process*)
                0x00000000c0019610                EnvVarContainer::~EnvVarContainer()
                0x00000000c0019610                EnvVarContainer::~EnvVarContainer()
                0x00000000c0019640                Krnl::getEnv(Process*, char const*)
                0x00000000c00196a5                Krnl::setEnvSystem(char const*, char const*)
                0x00000000c00196bf                Krnl::setEnvUser(char const*, char const*)
                0x00000000c00196de                Krnl::setEnvProcess(Process*, char const*, char const*)
                0x00000000c00196f1                Krnl::deleteEnvSystem(char const*)
                0x00000000c00196f2                Krnl::deleteEnvUser(char const*)
                0x00000000c00196f3                Krnl::deleteEnvProcess(Process*, char const*)
                0x00000000c00196f4                Krnl::newProcessEnv(Process*)
                0x00000000c0019716                Krnl::copyProcessEnv(Process*, Process*)
                0x00000000c001976a                Krnl::loadSystemEnv()
                0x00000000c0019798                Krnl::loadUserEnv()
                0x00000000c00197be                Krnl::flushEnv()
                0x00000000c00197bf                Krnl::getProcessTotalEnvCount(Process*)
                0x00000000c00197df                Krnl::getProcessEnvPair(Process*, int)
 .text          0x00000000c00198a3      0x32c krnl/panic.32
                0x00000000c00198a3                Krnl::panic(char const*)
 .text          0x00000000c0019bcf      0x3b6 net/ethernet.32
                0x00000000c0019bcf                Net::switchEndian16(unsigned short)
                0x00000000c0019bf0                Net::switchEndian32(unsigned int)
                0x00000000c0019c1f                Net::crc32Calc(unsigned char*, int)
                0x00000000c0019cb0                Net::wrapEthernetFrame(Net::UnwrappedEthernetFrame, unsigned char*)
                0x00000000c0019dec                Net::unwrapEthernetFrame(unsigned char*, int)
 .text          0x00000000c0019f85      0x513 reg/registry.32
                0x00000000c0019f85                Reg::findLineFromLoadedData(char*, char*, char*)
                0x00000000c001a0dd                Reg::getLineFromRegistry(char*, char*, char*, char*)
                0x00000000c001a232                Reg::getLine(char*, char*, char*)
                0x00000000c001a269                Reg::readInt(char*, char*, int*)
                0x00000000c001a354                Reg::readString(char*, char*, char*, int)
                0x00000000c001a3d5                Reg::readBool(char*, char*, bool*)
                0x00000000c001a3fa                Reg::readBoolWithDefault(char*, char*, bool)
                0x00000000c001a426                Reg::readIntWithDefault(char*, char*, int)
                0x00000000c001a452                Reg::readStringWithDefault(char*, char*, char*, int, char*)
 .text          0x00000000c001a498       0x18 sys/sc_exit.32
                0x00000000c001a498                Sys::exit(regs*)
 .text          0x00000000c001a4b0       0x1f sys/sc_getcwd.32
                0x00000000c001a4b0                Sys::getCwd(regs*)
 .text          0x00000000c001a4cf        0xc sys/sc_getpid.32
                0x00000000c001a4cf                Sys::getPID(regs*)
 .text          0x00000000c001a4db       0xa8 sys/sc_loaddll.32
                0x00000000c001a4db                Sys::loadDLL(regs*)
 .text          0x00000000c001a583       0x68 sys/sc_read.32
                0x00000000c001a583                Sys::read(regs*)
 .text          0x00000000c001a5eb       0x55 sys/sc_sbrk.32
                0x00000000c001a5eb                Sys::sbrk(regs*)
 .text          0x00000000c001a640       0x1c sys/sc_setcwd.32
                0x00000000c001a640                Sys::setCwd(regs*)
 .text          0x00000000c001a65c       0x68 sys/sc_write.32
                0x00000000c001a65c                Sys::write(regs*)
 .text          0x00000000c001a6c4       0x3b sys/sc_yield.32
                0x00000000c001a6c4                Sys::yield(regs*)
 .text          0x00000000c001a6ff     0x100a sys/syscalls.32
                0x00000000c001a6ff                sysCallSeekDir(regs*)
                0x00000000c001a704                sysCallTellDir(regs*)
                0x00000000c001a709                sysCallVerify(regs*)
                0x00000000c001a713                sysCallGetArgc(regs*)
                0x00000000c001a723                sysFormatDisk(regs*)
                0x00000000c001a78d                sysSetDiskVolumeLabel(regs*)
                0x00000000c001a7d3                sysGetDiskVolumeLabel(regs*)
                0x00000000c001a824                sysShutdown(regs*)
                0x00000000c001a882                sysCallRealpath(regs*)
                0x00000000c001a8c5                sysCallReadDir(regs*)
                0x00000000c001a953                sysCallIsATTY(regs*)
                0x00000000c001a9ad                sysCallSeek(regs*)
                0x00000000c001aa16                sysCallTell(regs*)
                0x00000000c001aa93                sysCallSize(regs*)
                0x00000000c001ab16                sysCallSizeFromFilename(regs*)
                0x00000000c001abd6                sysCallClose(regs*)
                0x00000000c001ac5e                sysCallOpenDir(regs*)
                0x00000000c001acd3                sysCallCloseDir(regs*)
                0x00000000c001ad39                sysCallMakeDir(regs*)
                0x00000000c001ada9                sysCallWait(regs*)
                0x00000000c001adc3                sysCallNotImpl(regs*)
                0x00000000c001adde                sysPanic(regs*)
                0x00000000c001ae04                sysCallRmdir(regs*)
                0x00000000c001ae68                sysCallUnlink(regs*)
                0x00000000c001aecc                sysCallGetArgv(regs*)
                0x00000000c001af18                sysCallTTYName(regs*)
                0x00000000c001af9b                sysCallUSleep(regs*)
                0x00000000c001afc2                sysCallSpawn(regs*)
                0x00000000c001b01a                sysCallGetEnv(regs*)
                0x00000000c001b0c7                sysAppSettings(regs*)
                0x00000000c001b1e6                sysSetFatAttrib(regs*)
                0x00000000c001b258                sysPipe(regs*)
                0x00000000c001b29d                sysGetUnixTime(regs*)
                0x00000000c001b2b1                string_ends_with(char const*, char const*)
                0x00000000c001b2f9                sysCallOpen(regs*)
                0x00000000c001b50e                setupSystemCalls()
                0x00000000c001b6c7                systemCall(regs*, void*)
 .text          0x00000000c001b709     0x11ee thr/elf.32
                0x00000000c001b709                Thr::allocateMemoryForTask(Process*, File*, unsigned long, unsigned long, unsigned long)
                0x00000000c001b986                Thr::loadProgramIntoMemory(Process*, char const*)
                0x00000000c001bb9c                Thr::runtimeReferenceHelper()
                0x00000000c001bbaf                Thr::getAddressOfKernelSymbol(char const*)
                0x00000000c001bbfe                Thr::loadKernelSymbolTable(char const*)
                0x00000000c001beba                Thr::loadDriverIntoMemory(char const*, unsigned long, bool)
                0x00000000c001c63b                Thr::getDriverBaseFromAddress(unsigned long)
                0x00000000c001c66d                Thr::getDriverNameFromAddress(unsigned long)
                0x00000000c001c6a4                Thr::getDriverOffsetFromAddress(unsigned long)
                0x00000000c001c6be                Thr::loadDLL(char const*, bool)
                0x00000000c001c8cd                Thr::executeDLL(unsigned long, void*)
 *fill*         0x00000000c001c8f7        0x1 
 .text          0x00000000c001c8f8     0x1056 thr/prcssthr.32
                0x00000000c001c8f8                changeTSS
                0x00000000c001c928                Process::addArgs(char**)
                0x00000000c001c982                Process::Process(char const*, Process*, char**)
                0x00000000c001c982                Process::Process(char const*, Process*, char**)
                0x00000000c001cb66                Process::Process(bool, char const*, Process*, char**)
                0x00000000c001cb66                Process::Process(bool, char const*, Process*, char**)
                0x00000000c001cd15                disableIRQs()
                0x00000000c001cd1d                getIRQNestingLevel()
                0x00000000c001cd23                enableIRQs()
                0x00000000c001cd32                lockScheduler()
                0x00000000c001cd34                unlockScheduler()
                0x00000000c001cd36                userModeEntryPoint(void*)
                0x00000000c001cd59                lockStuff()
                0x00000000c001cd65                taskStartupFunction
                0x00000000c001cd6e                updateTimeUsed()
                0x00000000c001cdd3                switchToThread(ThreadControlBlock*)
                0x00000000c001ce24                Semaphore::Semaphore(int)
                0x00000000c001ce24                Semaphore::Semaphore(int)
                0x00000000c001ce52                Mutex::Mutex()
                0x00000000c001ce52                Mutex::Mutex()
                0x00000000c001ce64                Process::createThread(void (*)(void*), void*, int)
                0x00000000c001cf48                Process::createUserThread()
                0x00000000c001cf64                setupMultitasking(void (*)())
                0x00000000c001d06e                schedule()
                0x00000000c001d0f3                unlockStuff()
                0x00000000c001d128                Semaphore::tryAcquire()
                0x00000000c001d156                Semaphore::assertLocked(char const*)
                0x00000000c001d186                blockTaskWithSchedulerLockAlreadyHeld(TaskState)
                0x00000000c001d1c8                blockTask(TaskState)
                0x00000000c001d1e9                waitTask(int, int*, int)
                0x00000000c001d22b                nanoSleepUntil(unsigned long long)
                0x00000000c001d282                nanoSleep(unsigned long long)
                0x00000000c001d297                sleep(unsigned long long)
                0x00000000c001d2b4                Semaphore::acquire()
                0x00000000c001d31c                taskReturned
                0x00000000c001d34a                unblockTask(ThreadControlBlock*)
                0x00000000c001d3f9                cleanupTerminatedTask(ThreadControlBlock*)
                0x00000000c001d6c2                cleanerTaskFunction(void*)
                0x00000000c001d775                terminateTask(int)
                0x00000000c001d855                Thr::terminateFromIRQ(int)
                0x00000000c001d862                Semaphore::release()
 .text          0x00000000c001d94e      0xc26 vm86/vm8086.32
                0x00000000c001d94e                Vm::inbv(unsigned short)
                0x00000000c001d961                Vm::outbv(unsigned short, unsigned char)
                0x00000000c001d9b4                Vm::realToLinear(unsigned short, unsigned short)
                0x00000000c001d9c4                Vm::getSegment(unsigned int)
                0x00000000c001d9cc                Vm::getOffset(unsigned int)
                0x00000000c001d9d1                Vm::mainloop2()
                0x00000000c001da0c                Vm::mainVm8086Loop(void*)
                0x00000000c001da19                Vm::mainloop3(unsigned long)
                0x00000000c001da43                Vm::initialise8086()
                0x00000000c001da86                Vm::finish8086()
                0x00000000c001dacb                Vm::getOutput8086(unsigned char*)
                0x00000000c001daf5                Vm::start8086(char const*, unsigned short, unsigned short, unsigned short, unsigned short)
                0x00000000c001dc45                Vm::doISR(regs*, int, unsigned char*, unsigned short, unsigned short)
                0x00000000c001dccf                Vm::readByteFromReal(unsigned short, unsigned short)
                0x00000000c001dce0                Vm::readWordFromReal(unsigned short, unsigned short)
                0x00000000c001dcf2                Vm::readDwordFromReal(unsigned short, unsigned short)
                0x00000000c001dd03                Vm::writeByteFromReal(unsigned short, unsigned short, unsigned char)
                0x00000000c001dd18                Vm::writeWordFromReal(unsigned short, unsigned short, unsigned short)
                0x00000000c001dd2e                Vm::writeDwordFromReal(unsigned short, unsigned short, unsigned int)
                0x00000000c001dd43                Vm::faultHandler(regs*)
 .text          0x00000000c001e574      0xefd vm86/x87em.32
                0x00000000c001e574                Vm::fpuInternalTo32(unsigned long long)
                0x00000000c001e5cf                Vm::fpuInternalTo64(unsigned long long)
                0x00000000c001e5d8                Vm::fpu32ToInternal(unsigned int)
                0x00000000c001e61d                Vm::fpu64ToInternal(unsigned long long)
                0x00000000c001e626                Vm::fpuFloatToLong(unsigned long long)
                0x00000000c001e681                Vm::fpuULongToFloat(unsigned long long)
                0x00000000c001e6b7                Vm::fpuLongToFloat(long long)
                0x00000000c001e70d                Vm::fpuGet0()
                0x00000000c001e712                Vm::fpuGet1()
                0x00000000c001e71a                Vm::fpuGetPi()
                0x00000000c001e722                Vm::fpuGetLog2E()
                0x00000000c001e73a                Vm::fpuGetLogE2()
                0x00000000c001e752                Vm::fpuGetLog210()
                0x00000000c001e76a                Vm::fpuGetLog102()
                0x00000000c001e782                Vm::fpuIsSecondLarger(unsigned long long, unsigned long long)
                0x00000000c001e796                Vm::fpuAreEqual(unsigned long long, unsigned long long)
                0x00000000c001e7ac                Vm::fpuUnorderedCompare(unsigned long long, unsigned long long)
                0x00000000c001e7ff                Vm::fpuAdd(unsigned long long, unsigned long long)
                0x00000000c001e810                Vm::fpuAbs(unsigned long long)
                0x00000000c001e819                Vm::fpuChs(unsigned long long)
                0x00000000c001e829                Vm::fpuSub(unsigned long long, unsigned long long)
                0x00000000c001e838                Vm::fpuMultiply(unsigned long long, unsigned long long)
                0x00000000c001e857                Vm::fpuDivide(unsigned long long, unsigned long long)
                0x00000000c001e873                Vm::fpuSquare(unsigned long long)
                0x00000000c001e889                Vm::fpuGetReg(int)
                0x00000000c001e8cc                Vm::fpuSetReg(int, unsigned long long)
                0x00000000c001e917                Vm::fpuPush(unsigned long long)
                0x00000000c001e974                Vm::fpuPop()
                0x00000000c001e9c6                Vm::x87Handler(regs*)
 *fill*         0x00000000c001f471        0x1 
 .text          0x00000000c001f472     0x10ed fs/fat/vfslink.32
                0x00000000c001f472                FAT::getName()
                0x00000000c001f478                FAT::tell(void*, unsigned long long*)
                0x00000000c001f4ac                FAT::stat(void*, unsigned long long*)
                0x00000000c001f4e0                FAT::~FAT()
                0x00000000c001f4e0                FAT::~FAT()
                0x00000000c001f504                FAT::~FAT()
                0x00000000c001f52c                FAT::getlabel(LogicalDisk*, int, char*, unsigned int*)
                0x00000000c001f5ca                FAT::setlabel(LogicalDisk*, int, char*)
                0x00000000c001f684                FAT::format(LogicalDisk*, int, char const*, int)
                0x00000000c001f868                FAT::tryMount(LogicalDisk*, int)
                0x00000000c001fa6e                FAT::readDir(void*, unsigned long, void*, int*)
                0x00000000c001fb74                FAT::read(void*, unsigned long, void*, int*)
                0x00000000c001fbce                FAT::write(void*, unsigned long, void*, int*)
                0x00000000c001fc28                FAT::close(void*)
                0x00000000c001fc74                FAT::closeDir(void*)
                0x00000000c001fcc0                FAT::seek(void*, unsigned long long)
                0x00000000c001fd14                fatWrapperReadDisk
                0x00000000c001fd5b                fatWrapperWriteDisk
                0x00000000c001fda2                fatWrapperIoctl
                0x00000000c001fea6                FAT::FAT()
                0x00000000c001fea6                FAT::FAT()
                0x00000000c001fef8                FAT::fixFilepath(char*)
                0x00000000c001ff30                FAT::open(char const*, void**, FileOpenMode)
                0x00000000c0020058                FAT::openDir(char const*, void**)
                0x00000000c00200fe                FAT::stat(char const*, unsigned long long*, bool*)
                0x00000000c00201e8                FAT::unlink(char const*)
                0x00000000c0020262                FAT::chfatattr(char const*, unsigned char, unsigned char)
                0x00000000c00203b6                FAT::rename(char const*, char const*)
                0x00000000c002047a                FAT::mkdir(char const*)
                0x00000000c00204f4                FAT::exists(char const*)
 *fill*         0x00000000c002055f        0x1 
 .text          0x00000000c0020560      0xbdf fs/iso9660/vfslink.32
                0x00000000c0020560                ISO9660::format(LogicalDisk*, int, char const*, int)
                0x00000000c0020566                ISO9660::seek(void*, unsigned long long)
                0x00000000c0020596                ISO9660::tell(void*, unsigned long long*)
                0x00000000c00205ba                ISO9660::getName()
                0x00000000c00205c0                ISO9660::stat(void*, unsigned long long*)
                0x00000000c00205e4                ISO9660::chfatattr(char const*, unsigned char, unsigned char)
                0x00000000c00205ea                ISO9660::unlink(char const*)
                0x00000000c00205f0                ISO9660::write(void*, unsigned long, void*, int*)
                0x00000000c00205f6                ISO9660::rename(char const*, char const*)
                0x00000000c00205fc                ISO9660::mkdir(char const*)
                0x00000000c0020602                ISO9660::close(void*)
                0x00000000c0020624                ISO9660::closeDir(void*)
                0x00000000c0020646                ISO9660::~ISO9660()
                0x00000000c0020646                ISO9660::~ISO9660()
                0x00000000c002066a                ISO9660::~ISO9660()
                0x00000000c0020691                __memmem(unsigned char*, int, unsigned char*, int)
                0x00000000c00206d3                readSectorFromCDROM(unsigned int, unsigned char*, char)
                0x00000000c002073a                ISO9660::tryMount(LogicalDisk*, int)
                0x00000000c002078a                ISO9660::read(void*, unsigned long, void*, int*)
                0x00000000c00209ce                ISO9660::readDir(void*, unsigned long, void*, int*)
                0x00000000c0020c5b                readRoot(unsigned int*, unsigned int*, char)
                0x00000000c0020cb0                readRecursively(char*, unsigned int, unsigned int, unsigned int*, unsigned int*, char, int*)
                0x00000000c0020e83                getFileData(char*, unsigned int*, unsigned int*, char, int*)
                0x00000000c0020f12                ISO9660::open(char const*, void**, FileOpenMode)
                0x00000000c0020fac                ISO9660::exists(char const*)
                0x00000000c0020fd0                ISO9660::stat(char const*, unsigned long long*, bool*)
                0x00000000c0021064                ISO9660::openDir(char const*, void**)
                0x00000000c002111c                ISO9660::ISO9660()
                0x00000000c002111c                ISO9660::ISO9660()
 *fill*         0x00000000c002113f        0x1 
 .text          0x00000000c0021140      0x326 hal/sound/sndchannel.32
                0x00000000c0021140                SoundChannel::~SoundChannel()
                0x00000000c0021140                SoundChannel::~SoundChannel()
                0x00000000c002115c                SoundChannel::setSpeed(float)
                0x00000000c0021168                SoundChannel::getSpeed()
                0x00000000c0021170                SoundChannel::setVolume(int)
                0x00000000c002118c                SoundChannel::getVolume()
                0x00000000c0021194                SoundChannel::pause()
                0x00000000c002119e                SoundChannel::SoundChannel(int, int, int, int)
                0x00000000c002119e                SoundChannel::SoundChannel(int, int, int, int)
                0x00000000c00212f4                SoundChannel::play()
                0x00000000c00212fe                SoundChannel::paused()
                0x00000000c0021306                SoundChannel::getSampleRate()
                0x00000000c002130e                SoundChannel::getBits()
                0x00000000c0021316                SoundChannel::getBufferUsed()
                0x00000000c002131e                SoundChannel::getBufferSize()
                0x00000000c0021326                SoundChannel::unbuffer(float*, int, int)
                0x00000000c00213c6                SoundChannel::buffer8(unsigned char*, int)
 .text          0x00000000c0021466      0x3d5 hal/sound/sndhw.32
                0x00000000c0021466                SoundDevice::SoundDevice(char const*)
                0x00000000c0021466                SoundDevice::SoundDevice(char const*)
                0x00000000c00214d2                SoundDevice::~SoundDevice()
                0x00000000c00214d2                SoundDevice::~SoundDevice()
                0x00000000c002154c                SoundDevice::~SoundDevice()
                0x00000000c0021576                SoundDevice::getFreeChannelNum()
                0x00000000c0021590                SoundDevice::addChannel(SoundChannel*)
                0x00000000c0021600                SoundDevice::removeChannel(int)
                0x00000000c0021632                SoundDevice::floatTo8(float*, unsigned char*, int)
                0x00000000c002171a                SoundDevice::getAudio(int, float*, float*)
 .text          0x00000000c002183b        0x0 hw/bus/isa.32
 *fill*         0x00000000c002183b        0x1 
 .text          0x00000000c002183c      0x6c3 hw/bus/pci.32
                0x00000000c002183c                PCI::open(int, int, void*)
                0x00000000c0021850                PCI::close(int, int, void*)
                0x00000000c0021854                PCI::PCI()
                0x00000000c0021854                PCI::PCI()
                0x00000000c00218d4                PCI::pciReadWord(unsigned char, unsigned char, unsigned char, unsigned char)
                0x00000000c002191c                PCI::getVendorID(unsigned char, unsigned char, unsigned char)
                0x00000000c002193e                PCI::getHeaderType(unsigned char, unsigned char, unsigned char)
                0x00000000c0021962                PCI::getClassCode(unsigned char, unsigned char, unsigned char)
                0x00000000c00219a6                PCI::getProgIF(unsigned char, unsigned char, unsigned char)
                0x00000000c00219ca                PCI::getRevisionID(unsigned char, unsigned char, unsigned char)
                0x00000000c00219ec                PCI::getInterruptNumber(unsigned char, unsigned char, unsigned char)
                0x00000000c0021a0e                PCI::getSecondaryBus(unsigned char, unsigned char, unsigned char)
                0x00000000c0021a32                PCI::getBARAddress(unsigned char, unsigned char, unsigned char, unsigned char)
                0x00000000c0021a92                PCI::pciWriteWord(unsigned char, unsigned char, unsigned char, unsigned char, unsigned short)
                0x00000000c0021afe                PCI::checkBus(unsigned char)
                0x00000000c0021b22                PCI::foundDevice(PCIDeviceInfo)
                0x00000000c0021c94                PCI::getDeviceData(unsigned char, unsigned char, unsigned char)
                0x00000000c0021e40                PCI::checkDevice(unsigned char, unsigned char)
                0x00000000c0021eac                PCI::detect()
 *fill*         0x00000000c0021eff        0x1 
 .text          0x00000000c0021f00      0xc70 hw/diskctrl/ide.32
                0x00000000c0021f00                IDE::close(int, int, void*)
                0x00000000c0021f04                IDE::IDE()
                0x00000000c0021f04                IDE::IDE()
                0x00000000c0021f38                IDE::prepareInterrupt(unsigned char)
                0x00000000c0021f4a                selectDrive(unsigned char, unsigned char)
                0x00000000c0021f4c                IDE::getBase(unsigned char)
                0x00000000c0021f5e                IDE::write(unsigned char, unsigned char, unsigned char)
                0x00000000c002201e                IDE::read(unsigned char, unsigned char)
                0x00000000c00220cc                IDE::waitInterrupt(unsigned char)
                0x00000000c0022132                ideChannel0IRQHandler(regs*, void*)
                0x00000000c002214e                ideChannel1IRQHandler(regs*, void*)
                0x00000000c002216a                IDE::enableIRQs(unsigned char, bool)
                0x00000000c00221b0                IDE::open(int, int, void*)
                0x00000000c00225c0                IDE::readBuffer(unsigned char, unsigned char, unsigned int, unsigned int)
                0x00000000c002268c                IDE::detect()
                0x00000000c0022974                IDE::printError(unsigned char, unsigned char, unsigned char)
                0x00000000c0022b0a                IDE::polling(unsigned char, unsigned int)
 .text          0x00000000c0022b70      0x37a hw/diskctrl/satabus.32
                0x00000000c0022b70                SATABus::close(int, int, void*)
                0x00000000c0022b74                SATABus::detect()
                0x00000000c0022b76                SATABus::SATABus()
                0x00000000c0022b76                SATABus::SATABus()
                0x00000000c0022c22                SATABus::findCmdslot(SATABus::tagHBA_PORT volatile*)
                0x00000000c0022c6a                SATABus::checkType(SATABus::tagHBA_PORT volatile*)
                0x00000000c0022cb2                SATABus::startCmd(SATABus::tagHBA_PORT volatile*)
                0x00000000c0022cd2                SATABus::stopCmd(SATABus::tagHBA_PORT volatile*)
                0x00000000c0022cfc                SATABus::portRebase(SATABus::tagHBA_PORT volatile*, int)
                0x00000000c0022e02                SATABus::probePort(SATABus::tagHBA_MEM volatile*)
                0x00000000c0022eca                SATABus::open(int, int, void*)
 .text          0x00000000c0022eea      0x62b hw/diskphys/ata.32
                0x00000000c0022eea                ATA::close(int, int, void*)
                0x00000000c0022f0e                ATA::powerSaving(PowerSavingLevel)
                0x00000000c0022f10                ATA::ATA()
                0x00000000c0022f10                ATA::ATA()
                0x00000000c0022f3e                ATA::flush(bool)
                0x00000000c0022f88                ATA::readyForCommand()
                0x00000000c0022fd8                ATA::access(unsigned long long, int, void*, bool)
                0x00000000c0023356                ATA::read(unsigned long long, int, void*)
                0x00000000c00233be                ATA::write(unsigned long long, int, void*)
                0x00000000c0023426                ATA::detectCHS()
                0x00000000c0023450                ATA::open(int, int, void*)
 *fill*         0x00000000c0023515        0x1 
 .text          0x00000000c0023516      0x5b3 hw/diskphys/atapi.32
                0x00000000c0023516                ATAPI::write(unsigned long long, int, void*)
                0x00000000c002351c                ATAPI::close(int, int, void*)
                0x00000000c0023540                ATAPI::ATAPI()
                0x00000000c0023540                ATAPI::ATAPI()
                0x00000000c002356e                ATAPI::readyForCommand()
                0x00000000c00235be                ATAPI::sendPacket(unsigned char*, int, bool, unsigned short*, int)
                0x00000000c002387e                ATAPI::diskRemoved()
                0x00000000c002389a                ATAPI::eject()
                0x00000000c00238e0                ATAPI::diskInserted()
                0x00000000c002390e                ATAPI::detectMedia()
                0x00000000c00239ca                ATAPI::open(int, int, void*)
                0x00000000c0023a4a                ATAPI::read(unsigned long long, int, void*)
 *fill*         0x00000000c0023ac9        0x1 
 .text          0x00000000c0023aca      0x414 hw/diskphys/sata.32
                0x00000000c0023aca                SATA::close(int, int, void*)
                0x00000000c0023aee                SATA::powerSaving(PowerSavingLevel)
                0x00000000c0023af0                SATA::open(int, int, void*)
                0x00000000c0023b4c                SATA::SATA()
                0x00000000c0023b4c                SATA::SATA()
                0x00000000c0023b7a                SATA::access(unsigned long long, int, void*, bool)
                0x00000000c0023e0e                SATA::read(unsigned long long, int, void*)
                0x00000000c0023e76                SATA::write(unsigned long long, int, void*)
 .text          0x00000000c0023ede       0x8e hw/fpu/avx.32
                0x00000000c0023ede                AVX::open(int, int, void*)
                0x00000000c0023ef0                AVX::close(int, int, void*)
                0x00000000c0023f02                AVX::available()
                0x00000000c0023f14                AVX::save(void*)
                0x00000000c0023f2c                AVX::load(void*)
                0x00000000c0023f44                AVX::AVX()
                0x00000000c0023f44                AVX::AVX()
 .text          0x00000000c0023f6c       0x90 hw/fpu/mmx.32
                0x00000000c0023f6c                MMX::available()
                0x00000000c0023f80                MMX::open(int, int, void*)
                0x00000000c0023f92                MMX::close(int, int, void*)
                0x00000000c0023fa4                MMX::save(void*)
                0x00000000c0023fbc                MMX::load(void*)
                0x00000000c0023fd4                MMX::MMX()
                0x00000000c0023fd4                MMX::MMX()
 .text          0x00000000c0023ffc       0x96 hw/fpu/sse.32
                0x00000000c0023ffc                SSE::open(int, int, void*)
                0x00000000c002400e                SSE::close(int, int, void*)
                0x00000000c0024020                SSE::available()
                0x00000000c002403a                SSE::save(void*)
                0x00000000c0024052                SSE::load(void*)
                0x00000000c002406a                SSE::SSE()
                0x00000000c002406a                SSE::SSE()
 .text          0x00000000c0024092       0x8e hw/fpu/x87.32
                0x00000000c0024092                x87::open(int, int, void*)
                0x00000000c00240a4                x87::close(int, int, void*)
                0x00000000c00240b6                x87::available()
                0x00000000c00240c8                x87::save(void*)
                0x00000000c00240e0                x87::load(void*)
                0x00000000c00240f8                x87::x87()
                0x00000000c00240f8                x87::x87()
 .text          0x00000000c0024120      0x71e hw/intctrl/apic.32
                0x00000000c0024120                APIC::disable()
                0x00000000c0024122                APIC::close(int, int, void*)
                0x00000000c0024144                IOAPIC::close(int, int, void*)
                0x00000000c002414a                APIC::io_wait()
                0x00000000c0024150                APIC::getBase()
                0x00000000c0024192                APIC::eoi(unsigned char)
                0x00000000c00241c0                APIC::open(int, int, void*)
                0x00000000c002430e                IOAPIC::IOAPIC()
                0x00000000c002430e                IOAPIC::IOAPIC()
                0x00000000c0024336                APIC::APIC()
                0x00000000c0024336                APIC::APIC()
                0x00000000c0024412                IOAPIC::handlesGSIWithNumber(unsigned int)
                0x00000000c0024444                IOAPIC::read(int)
                0x00000000c002446c                IOAPIC::open(int, int, void*)
                0x00000000c0024562                IOAPIC::write(int, int)
                0x00000000c002458e                IOAPIC::redirect(unsigned char, unsigned long long, unsigned char, bool, bool)
                0x00000000c0024688                APIC::installIRQHandler(int, void (*)(regs*, void*), bool, void*)
 .text          0x00000000c002483e      0x3d3 hw/intctrl/pic.32
                0x00000000c002483e                PIC::disable()
                0x00000000c002486c                PIC::close(int, int, void*)
                0x00000000c002488e                PIC::PIC()
                0x00000000c002488e                PIC::PIC()
                0x00000000c0024964                PIC::ioWait()
                0x00000000c002496a                PIC::getIRQReg(int)
                0x00000000c00249d4                PIC::eoi(unsigned char)
                0x00000000c0024a66                PIC::remap()
                0x00000000c0024bd2                PIC::open(int, int, void*)
 *fill*         0x00000000c0024c11        0x1 
 .text          0x00000000c0024c12      0x25e hw/timer/apictimer.32
                0x00000000c0024c12                APICTimer::close(int, int, void*)
                0x00000000c0024c18                apicTimerHandler(regs*, void*)
                0x00000000c0024c46                APICTimer::write(int)
                0x00000000c0024d4a                APICTimer::open(int, int, void*)
                0x00000000c0024e48                APICTimer::APICTimer()
                0x00000000c0024e48                APICTimer::APICTimer()
 .text          0x00000000c0024e70      0x1a7 hw/timer/pit.32
                0x00000000c0024e70                PIT::write(int)
                0x00000000c0024eee                pitHandler(regs*, void*)
                0x00000000c0024f1a                PIT::open(int, int, void*)
                0x00000000c0024f68                PIT::close(int, int, void*)
                0x00000000c0024f98                PIT::PIT()
                0x00000000c0024f98                PIT::PIT()
 *fill*         0x00000000c0025017        0x9 
 .text          0x00000000c0025020       0x1e hw/fpu/x86/avx.32
                0x00000000c0025020                avxDetect
                0x00000000c0025026                avxSave
                0x00000000c0025027                avxLoad
                0x00000000c0025028                avxInit
                0x00000000c0025029                avxClose
                0x00000000c002502a                wouldSheSayYes
 *fill*         0x00000000c002503e        0x2 
 .text          0x00000000c0025040       0x35 hw/fpu/x86/sse.32
                0x00000000c0025040                absolutelyNoChanceInHell
                0x00000000c0025040                sseDetect
                0x00000000c0025058                sseSave
                0x00000000c002505e                sseLoad
                0x00000000c0025064                sseInit
                0x00000000c0025074                sseClose
 *fill*         0x00000000c0025075        0xb 
 .text          0x00000000c0025080       0x47 hw/fpu/x86/x87.32
                0x00000000c0025086                x87Detect
                0x00000000c00250a1                x87Save
                0x00000000c00250a7                x87Load
                0x00000000c00250ac                x87Init
                0x00000000c00250c6                x87Close
 *fill*         0x00000000c00250c7        0x1 
 .text          0x00000000c00250c8       0x25 /cygdrive/d/Users/Alex/Desktop/Toolchain/Output/bin/../lib/gcc/i386-banana/8.1.0/crtend.o
 .text          0x00000000c00250ed        0x0 crtn.32
 *fill*         0x00000000c00250ed        0x3 
 .text          0x00000000c00250f0      0x14b /cygdrive/d/Users/Alex/Desktop/Toolchain/Output/bin/../lib/gcc/i386-banana/8.1.0/libkgcc.a(_divdi3.o)
                0x00000000c00250f0                __divdi3
 *fill*         0x00000000c002523b        0x1 
 .text          0x00000000c002523c      0x17e /cygdrive/d/Users/Alex/Desktop/Toolchain/Output/bin/../lib/gcc/i386-banana/8.1.0/libkgcc.a(_moddi3.o)
                0x00000000c002523c                __moddi3
 *fill*         0x00000000c00253ba        0x2 
 .text          0x00000000c00253bc       0xff /cygdrive/d/Users/Alex/Desktop/Toolchain/Output/bin/../lib/gcc/i386-banana/8.1.0/libkgcc.a(_udivdi3.o)
                0x00000000c00253bc                __udivdi3
 *fill*         0x00000000c00254bb        0x1 
 .text          0x00000000c00254bc      0x11a /cygdrive/d/Users/Alex/Desktop/Toolchain/Output/bin/../lib/gcc/i386-banana/8.1.0/libkgcc.a(_umoddi3.o)
                0x00000000c00254bc                __umoddi3
 .text          0x00000000c00255d6      0x96d D:/Users/Alex/Desktop/Banana/kernel/libsoftfp.a(sfieeelib.o)
                0x00000000c00255d6                __addsf3
                0x00000000c00258d8                __subsf3
                0x00000000c00258ec                __negsf2
                0x00000000c00258f9                __mulsf3
                0x00000000c0025abc                __divsf3
                0x00000000c0025ce7                __floatsisf
                0x00000000c0025d5b                __floatunsisf
                0x00000000c0025d9d                __fixsfsi
                0x00000000c0025dff                __fixunssfsi
                0x00000000c0025e30                __cmpsf2
                0x00000000c0025ec5                __eqsf2
                0x00000000c0025f00                __nesf2
                0x00000000c0025f02                __gtsf2
                0x00000000c0025f3d                __gesf2
                0x00000000c0025f3f                __ltsf2
                0x00000000c0025f41                __lesf2
 .text          0x00000000c0025f43      0xf50 D:/Users/Alex/Desktop/Banana/kernel/libsoftfp.a(dfieeelib.o)
                0x00000000c0025f43                __adddf3
                0x00000000c0026594                __subdf3
                0x00000000c00265af                __negdf2
                0x00000000c00265c0                __muldf3
                0x00000000c00268a4                __divdf3
                0x00000000c0026c23                __floatsidf
                0x00000000c0026c7e                __floatunsidf
                0x00000000c0026cbc                __fixdfsi
                0x00000000c0026d29                __fixunsdfsi
                0x00000000c0026d65                __cmpdf2
                0x00000000c0026e53                __eqdf2
                0x00000000c0026e6f                __nedf2
                0x00000000c0026e71                __gtdf2
                0x00000000c0026e8d                __gedf2
                0x00000000c0026e8f                __ltdf2
                0x00000000c0026e91                __ledf2
 .text          0x00000000c0026e93      0x18d D:/Users/Alex/Desktop/Banana/kernel/libsoftfp.a(sfdfcvt.o)
                0x00000000c0026e93                __truncdfsf2
                0x00000000c0026fb7                __extendsfdf2
 .text          0x00000000c0027020       0x1e D:/Users/Alex/Desktop/Banana/kernel/libk/libm32.a(s_fabs.c.o)
                0x00000000c0027020                fabs
 *fill*         0x00000000c002703e        0x2 
 .text          0x00000000c0027040        0xc D:/Users/Alex/Desktop/Banana/kernel/libk/libm32.a(s_lrint.S.o)
                0x00000000c0027040                lrint
 .text          0x00000000c002704c        0xc D:/Users/Alex/Desktop/Banana/kernel/libk/libm32.a(s_lrintf.S.o)
                0x00000000c002704c                lrintf
 *(.gnu.linkonce.t*)

.iplt           0x00000000c0027058        0x0
 .iplt          0x00000000c0027058        0x0 D:/Users/Alex/Desktop/Banana/kernel/boot.32

.init           0x00000000c0027058        0xf
 .init          0x00000000c0027058        0x3 crti.32
                0x00000000c0027058                _init
 .init          0x00000000c002705b        0x5 /cygdrive/d/Users/Alex/Desktop/Toolchain/Output/bin/../lib/gcc/i386-banana/8.1.0/crtbegin.o
 .init          0x00000000c0027060        0x5 /cygdrive/d/Users/Alex/Desktop/Toolchain/Output/bin/../lib/gcc/i386-banana/8.1.0/crtend.o
 .init          0x00000000c0027065        0x2 crtn.32

.fini           0x00000000c0027067        0xa
 .fini          0x00000000c0027067        0x3 crti.32
                0x00000000c0027067                _fini
 .fini          0x00000000c002706a        0x5 /cygdrive/d/Users/Alex/Desktop/Toolchain/Output/bin/../lib/gcc/i386-banana/8.1.0/crtbegin.o