Archive member included to satisfy reference by file (symbol)

/cygdrive/d/Users/Alex/Desktop/Toolchain/Output/bin/../lib/gcc/i386-banana/8.1.0/libkgcc.a(_divdi3.o)
                              krnl/resolve.32 (__divdi3)
/cygdrive/d/Users/Alex/Desktop/Toolchain/Output/bin/../lib/gcc/i386-banana/8.1.0/libkgcc.a(_moddi3.o)
                              krnl/resolve.32 (__moddi3)
/cygdrive/d/Users/Alex/Desktop/Toolchain/Output/bin/../lib/gcc/i386-banana/8.1.0/libkgcc.a(_udivdi3.o)
                              hal/clock.32 (__udivdi3)
/cygdrive/d/Users/Alex/Desktop/Toolchain/Output/bin/../lib/gcc/i386-banana/8.1.0/libkgcc.a(_umoddi3.o)
                              core/pipe.32 (__umoddi3)

Allocating common symbols
Common symbol       size              file

dcache              0x40              fs/iso9660/iso9660.32
cdDriveLetter       0x1               fs/iso9660/iso9660.32
icache              0x40              fs/iso9660/iso9660.32

Discarded input sections

 .comment       0x0000000000000000       0x12 /cygdrive/d/Users/Alex/Desktop/Toolchain/Output/bin/../lib/gcc/i386-banana/8.1.0/crtbegin.o
 .comment       0x0000000000000000       0x12 acpica/utclib.32
 .comment       0x0000000000000000       0x12 core/malloc.32
 .comment       0x0000000000000000       0x12 libk/ctype.32
 .comment       0x0000000000000000       0x12 libk/string.32
 .comment       0x0000000000000000       0x12 fs/fat/diskio.32
 .comment       0x0000000000000000       0x12 fs/fat/ff.32
 .comment       0x0000000000000000       0x12 fs/fat/ffsystem.32
 .comment       0x0000000000000000       0x12 fs/fat/ffunicode.32
 .comment       0x0000000000000000       0x12 fs/iso9660/iso9660.32
 .group         0x0000000000000000       0x14 core/computer.32
 .group         0x0000000000000000        0xc core/computer.32
 .comment       0x0000000000000000       0x12 core/computer.32
 .comment       0x0000000000000000       0x12 core/gdt.32
 .group         0x0000000000000000        0xc core/idle.32
 .comment       0x0000000000000000       0x12 core/idle.32
 .comment       0x0000000000000000       0x12 core/idt.32
 .comment       0x0000000000000000       0x12 core/kheap.32
 .comment       0x0000000000000000       0x12 core/main.32
 .comment       0x0000000000000000       0x12 core/physmgr.32
 .group         0x0000000000000000        0xc core/pipe.32
 .comment       0x0000000000000000       0x12 core/pipe.32
 .group         0x0000000000000000        0xc core/terminal.32
 .comment       0x0000000000000000       0x12 core/terminal.32
 .comment       0x0000000000000000       0x12 core/tss.32
 .group         0x0000000000000000        0x8 core/unixfile.32
 .group         0x0000000000000000        0x8 core/unixfile.32
 .group         0x0000000000000000        0xc core/unixfile.32
 .group         0x0000000000000000        0x8 core/unixfile.32
 .group         0x0000000000000000        0xc core/unixfile.32
 .group         0x0000000000000000        0x8 core/unixfile.32
 .group         0x0000000000000000        0xc core/unixfile.32
 .group         0x0000000000000000        0xc core/unixfile.32
 .comment       0x0000000000000000       0x12 core/unixfile.32
 .comment       0x0000000000000000       0x12 core/virtmgr.32
 .comment       0x0000000000000000       0x12 coreobjs/c++.32
 .comment       0x0000000000000000       0x12 dbg/kconsole.32
 .comment       0x0000000000000000       0x12 dbg/usban.32
 .comment       0x0000000000000000       0x12 fs/symlink.32
 .group         0x0000000000000000        0xc fs/vfs.32
 .group         0x0000000000000000        0xc fs/vfs.32
 .group         0x0000000000000000        0xc fs/vfs.32
 .comment       0x0000000000000000       0x12 fs/vfs.32
 .group         0x0000000000000000        0xc hal/bus.32
 .comment       0x0000000000000000       0x12 hal/bus.32
 .comment       0x0000000000000000       0x12 hal/buzzer.32
 .group         0x0000000000000000        0xc hal/clock.32
 .comment       0x0000000000000000       0x12 hal/clock.32
 .group         0x0000000000000000       0x14 hal/device.32
 .group         0x0000000000000000        0xc hal/device.32
 .group         0x0000000000000000        0x8 hal/device.32
 .group         0x0000000000000000        0xc hal/device.32
 .group         0x0000000000000000        0xc hal/device.32
 .comment       0x0000000000000000       0x12 hal/device.32
 .group         0x0000000000000000        0xc hal/diskctrl.32
 .comment       0x0000000000000000       0x12 hal/diskctrl.32
 .group         0x0000000000000000        0xc hal/diskphys.32
 .comment       0x0000000000000000       0x12 hal/diskphys.32
 .comment       0x0000000000000000       0x12 hal/fpu.32
 .comment       0x0000000000000000       0x12 hal/intctrl.32
 .group         0x0000000000000000        0xc hal/keybrd.32
 .comment       0x0000000000000000       0x12 hal/keybrd.32
 .group         0x0000000000000000        0xc hal/logidisk.32
 .comment       0x0000000000000000       0x12 hal/logidisk.32
[...]
Memory Configuration

Name             Origin             Length             Attributes
*default*        0x0000000000000000 0xffffffffffffffff

Linker script and memory map

LOAD D:/Users/Alex/Desktop/Banana/kernel/boot.32
LOAD crti.32
LOAD /cygdrive/d/Users/Alex/Desktop/Toolchain/Output/bin/../lib/gcc/i386-banana/8.1.0/crtbegin.o
LOAD D:/Users/Alex/Desktop/Banana/kernel/morenasm.32
LOAD acpica/utclib.32
LOAD core/malloc.32
LOAD libk/ctype.32
LOAD libk/string.32
LOAD fs/fat/diskio.32
LOAD fs/fat/ff.32
LOAD fs/fat/ffsystem.32
LOAD fs/fat/ffunicode.32
LOAD fs/iso9660/iso9660.32
LOAD core/computer.32
LOAD core/gdt.32
LOAD core/idle.32
LOAD core/idt.32
LOAD core/kheap.32
LOAD core/main.32
LOAD core/physmgr.32
LOAD core/pipe.32
LOAD core/terminal.32
LOAD core/tss.32
LOAD core/unixfile.32
LOAD core/virtmgr.32
LOAD coreobjs/c++.32
LOAD dbg/kconsole.32
LOAD dbg/usban.32
LOAD fs/symlink.32
LOAD fs/vfs.32
LOAD hal/bus.32
LOAD hal/buzzer.32
LOAD hal/clock.32
LOAD hal/device.32
LOAD hal/diskctrl.32
LOAD hal/diskphys.32
LOAD hal/fpu.32
LOAD hal/intctrl.32
LOAD hal/keybrd.32
LOAD hal/logidisk.32
LOAD hal/mouse.32
LOAD hal/nic.32
LOAD hal/partition.32
LOAD hal/serial.32
LOAD hal/timer.32
LOAD hal/vcache.32
LOAD hal/video.32
LOAD hw/acpi.32
LOAD hw/cpu.32
LOAD krnl/atexit.32
LOAD krnl/bootmsg.32
LOAD krnl/compat.32
LOAD krnl/crc32.32
LOAD krnl/env.32
LOAD krnl/inlines.32
LOAD krnl/panic.32
LOAD krnl/powctrl.32
LOAD krnl/random.32
LOAD krnl/resolve.32
LOAD krnl/signal.32
LOAD krnl/syscalls.32
LOAD net/ethernet.32
LOAD reg/cm.32
LOAD reg/registry.32
LOAD sys/eject.32
LOAD sys/exit.32
LOAD sys/getcwd.32
LOAD sys/getpid.32
LOAD sys/getramdata.32
LOAD sys/getvgaptr.32
LOAD sys/kill.32
LOAD sys/loaddll.32
LOAD sys/read.32
LOAD sys/registersignal.32
LOAD sys/registry.32
LOAD sys/sbrk.32
LOAD sys/setcwd.32
LOAD sys/settime.32
LOAD sys/symlink.32
LOAD sys/timezone.32
LOAD sys/truncate.32
LOAD sys/write.32
LOAD sys/wsbe.32
LOAD sys/yield.32
LOAD thr/elf.32
LOAD thr/prcssthr.32
LOAD vm86/vm8086.32
LOAD arch/i386/hal.32
LOAD arch/i386/pic.32
LOAD arch/i386/rtc.32
LOAD arch/i386/vga.32
LOAD fs/fat/vfslink.32
LOAD fs/iso9660/helper.32
LOAD fs/iso9660/vfslink.32
LOAD hal/sound/sndcard.32
LOAD hal/sound/sndport.32
LOAD hw/bus/isa.32
LOAD hw/bus/pci.32
LOAD hw/diskctrl/ide.32
LOAD hw/diskctrl/satabus.32
LOAD hw/diskphys/ata.32
LOAD hw/diskphys/atapi.32
LOAD hw/diskphys/sata.32
LOAD hw/diskphys/satapi.32
LOAD hw/intctrl/apic.32
LOAD hw/timer/apictimer.32
LOAD hw/timer/pit.32
LOAD arch/i386/avx.32
LOAD arch/i386/interrupt.32
LOAD arch/i386/rdrand.32
LOAD arch/i386/sse.32
LOAD arch/i386/x87.32
LOAD /cygdrive/d/Users/Alex/Desktop/Toolchain/Output/bin/../lib/gcc/i386-banana/8.1.0/crtend.o
LOAD crtn.32
LOAD /cygdrive/d/Users/Alex/Desktop/Toolchain/Output/bin/../lib/gcc/i386-banana/8.1.0/libkgcc.a
LOAD D:/Users/Alex/Desktop/Banana/kernel/libsoftfp.a
LOAD D:/Users/Alex/Desktop/Banana/kernel/libk/libm32.a
                0x00000000c0000000                . = 0xc0000000

.text           0x00000000c0000000    0x1f94a
 *(.text)
 .text          0x00000000c0000000       0x20 D:/Users/Alex/Desktop/Banana/kernel/boot.32
 .text          0x00000000c0000020        0x0 crti.32
 .text          0x00000000c0000020      0x101 /cygdrive/d/Users/Alex/Desktop/Toolchain/Output/bin/../lib/gcc/i386-banana/8.1.0/crtbegin.o
 *fill*         0x00000000c0000121        0xf 
 .text          0x00000000c0000130      0x24f D:/Users/Alex/Desktop/Banana/kernel/morenasm.32
                0x00000000c0000130                manualPCIProbe
                0x00000000c000017b                prepareTramp
                0x00000000c0000194                doTPAUSE
                0x00000000c000019e                hasLegacyFPU
                0x00000000c00001c3                is486
                0x00000000c00001f9                detectCPUID
                0x00000000c000020f                goToVM86
                0x00000000c000023f                goToUsermode
                0x00000000c0000269                switchToThreadASMFirstTime
                0x00000000c0000277                switchToThreadASM
                0x00000000c00002fc                asmQuickAcquireLock
                0x00000000c000031a                asmQuickReleaseLock
                0x00000000c0000326                asmAcquireLock
                0x00000000c0000347                asmReleaseLock
                0x00000000c000035a                loadGDT
                0x00000000c000037a                memcpy
 *fill*         0x00000000c000037f        0x1 
 .text          0x00000000c0000380      0x868 acpica/utclib.32
                0x00000000c0000380                memcmp
                0x00000000c00003d0                memmove
                0x00000000c00004f0                memset
                0x00000000c0000570                strlen
                0x00000000c00005a0                strpbrk
                0x00000000c00005f0                strtok
                0x00000000c0000640                strcpy
                0x00000000c0000680                strncpy
                0x00000000c0000750                strcmp
                0x00000000c00007a0                strchr
                0x00000000c00007e0                strncmp
                0x00000000c0000840                strcat
                0x00000000c0000870                strncat
                0x00000000c00008d0                strstr
                0x00000000c0000930                toupper
                0x00000000c0000950                tolower
                0x00000000c0000970                simple_strtoul
 .text          0x00000000c0000be8      0xfaa core/malloc.32
                0x00000000c0000d53                dlfree
                0x00000000c00010ab                dlmalloc
                0x00000000c00015e8                dlrealloc
                0x00000000c000178b                dlmemalign
                0x00000000c00018ae                dlcalloc
                0x00000000c0001948                dlcfree
                0x00000000c000194d                dlindependent_calloc
                0x00000000c0001972                dlindependent_comalloc
                0x00000000c0001989                dlvalloc
                0x00000000c00019b4                dlpvalloc
                0x00000000c00019ea                dlmalloc_trim
                0x00000000c00019f7                dlmalloc_usable_size
                0x00000000c0001a28                dlmallinfo
                0x00000000c0001af7                dlmalloc_stats
                0x00000000c0001b08                dlmallopt
 *fill*         0x00000000c0001b92        0x2 
 .text          0x00000000c0001b94      0x1f2 libk/ctype.32
                0x00000000c0001b94                isblank
                0x00000000c0001bb4                iscntrl
                0x00000000c0001bd4                isdigit
                0x00000000c0001bf0                islower
                0x00000000c0001c0c                isspace
                0x00000000c0001c34                isupper
                0x00000000c0001c50                isalpha
                0x00000000c0001c80                isalnum
                0x00000000c0001cb0                ispunct
                0x00000000c0001cf0                isgraph
                0x00000000c0001d20                isprint
                0x00000000c0001d48                isxdigit
 .text          0x00000000c0001d86        0x0 libk/string.32
 .text          0x00000000c0001d86       0x51 fs/fat/diskio.32
                0x00000000c0001d86                disk_status
                0x00000000c0001d89                disk_initialize
                0x00000000c0001d8c                disk_read
                0x00000000c0001da2                disk_write
                0x00000000c0001db8                disk_ioctl
 .text          0x00000000c0001dd7     0x3e46 fs/fat/ff.32
                0x00000000c0003bf8                f_mount
                0x00000000c0003c5a                f_open
                0x00000000c0003f1d                f_read
                0x00000000c000411c                f_write
                0x00000000c0004364                f_sync
                0x00000000c0004429                f_close
                0x00000000c0004458                f_lseek
                0x00000000c0004609                f_opendir
                0x00000000c00046d4                f_closedir
                0x00000000c00046f6                f_readdir
                0x00000000c0004788                f_stat
                0x00000000c0004807                f_getfree
                0x00000000c0004910                f_truncate
                0x00000000c00049fa                f_unlink
                0x00000000c0004b1c                f_mkdir
                0x00000000c0004cb7                f_rename
                0x00000000c0004e6f                f_chmod
                0x00000000c0004f1f                f_utime
                0x00000000c0004fcf                f_getlabel
                0x00000000c0005120                f_setlabel
                0x00000000c00052b0                f_expand
                0x00000000c000541d                f_mkfs
 *fill*         0x00000000c0005c1d        0x3 
 .text          0x00000000c0005c20       0x2f fs/fat/ffsystem.32
                0x00000000c0005c20                ff_memalloc
                0x00000000c0005c38                ff_memfree
 *fill*         0x00000000c0005c4f        0x1 
 .text          0x00000000c0005c50      0x2dc fs/fat/ffunicode.32
                0x00000000c0005c50                ff_uni2oem
                0x00000000c0005cf0                ff_oem2uni
                0x00000000c0005d68                ff_wtoupper
 .text          0x00000000c0005f2c      0xd32 fs/iso9660/iso9660.32
                0x00000000c0006177                isoReadDiscSector
                0x00000000c0006212                strnicmp
                0x00000000c00064c1                stricmp
                0x00000000c000650d                iso_open
                0x00000000c0006597                iso_close
                0x00000000c00065b5                iso_read
                0x00000000c00066cb                iso_seek
                0x00000000c000674f                iso_tell
                0x00000000c0006780                iso_total
                0x00000000c00067ab                fn_postprocess
                0x00000000c00067d2                iso_readdir
                0x00000000c0006a29                iso_reset
                0x00000000c0006a46                init_percd
                0x00000000c0006b40                iso_ioctl
                0x00000000c0006b58                fs_iso9660_init
                0x00000000c0006bee                fs_iso9660_shutdown
 .text          0x00000000c0006c5e      0x6c3 core/computer.32
                0x00000000c0006c5e                Computer::close(int, int, void*)
                0x00000000c0006ca8                Krnl::firstTask()
                0x00000000c0006de6                Computer::Computer()
                0x00000000c0006de6                Computer::Computer()
                0x00000000c0006e96                Computer::setBootMessage(char const*)
                0x00000000c0006e98                Computer::detectFeatures()
                0x00000000c00070be                Computer::displayFeatures()
                0x00000000c00070c0                Computer::rdmsr(unsigned int)
                0x00000000c00070ec                Computer::wrmsr(unsigned int, unsigned long long)
                0x00000000c0007128                Computer::shutdown()
                0x00000000c0007140                Computer::restart()
                0x00000000c0007158                Computer::sleep()
                0x00000000c000716c                Computer::nmiEnabled()
                0x00000000c0007178                Computer::readCMOS(unsigned char)
                0x00000000c0007196                Computer::enableNMI(bool)
                0x00000000c00071ae                Computer::open(int, int, void*)
                0x00000000c0007282                Computer::disableNMI()
                0x00000000c0007292                Computer::writeCMOS(unsigned char, unsigned char)
                0x00000000c00072b6                Computer::handleNMI()
 *fill*         0x00000000c0007321        0x1 
 .text          0x00000000c0007322      0x1db core/gdt.32
                0x00000000c0007322                GDTEntry::setBase(unsigned int)
                0x00000000c000733e                GDTEntry::setLimit(unsigned int)
                0x00000000c000735c                GDT::GDT()
                0x00000000c000735c                GDT::GDT()
                0x00000000c0007372                GDT::addEntry(GDTEntry)
                0x00000000c0007394                GDT::getNumberOfEntries()
                0x00000000c000739c                GDT::flush()
                0x00000000c00073be                GDT::setup()
 .text          0x00000000c00074fd       0x1d core/idle.32
                0x00000000c00074fd                idleFunction(void*)
 *fill*         0x00000000c000751a        0x2 
 .text          0x00000000c000751c      0x46c core/idt.32
                0x00000000c000751c                IDTEntry::IDTEntry(bool)
                0x00000000c000751c                IDTEntry::IDTEntry(bool)
                0x00000000c0007596                IDTEntry::setOffset(unsigned int)
                0x00000000c00075ac                IDT::IDT()
                0x00000000c00075ac                IDT::IDT()
                0x00000000c00075ae                IDT::getPointerToInvalidOpcodeEntryForF00F()
                0x00000000c00075b6                IDT::addEntry(IDTEntry, int)
                0x00000000c00075d0                IDT::addEntry(int, void (*)(), bool)
                0x00000000c0007608                IDT::flush()
                0x00000000c0007622                IDT::setup()
 .text          0x00000000c0007988      0x188 core/kheap.32
                0x00000000c0007988                sbrk
                0x00000000c0007a1f                mmap
                0x00000000c0007a35                munmap
                0x00000000c0007a4b                liballoc_lock()
                0x00000000c0007a59                liballoc_unlock()
                0x00000000c0007a6f                liballoc_alloc(int)
                0x00000000c0007a87                liballoc_free(void*, int)
                0x00000000c0007aa2                realloc
                0x00000000c0007ab6                malloc
                0x00000000c0007ac6                free
                0x00000000c0007ad6                rfree
                0x00000000c0007ae6                calloc
 .text          0x00000000c0007b10       0xc7 core/main.32
                0x00000000c0007b10                KeEntryPoint
 .text          0x00000000c0007bd7      0x644 core/physmgr.32
                0x00000000c0007bd7                Phys::allocateDMA(unsigned long)
                0x00000000c0007cbf                Phys::freeDMA(unsigned long, unsigned long)
                0x00000000c0007cfa                Phys::setPageState(unsigned long, bool)
                0x00000000c0007d3a                Phys::getPageState(unsigned long)
                0x00000000c0007d56                Phys::freePage(unsigned long)
                0x00000000c0007dbf                Phys::allocatePage()
                0x00000000c0007e8e                Phys::allocateContiguousPages(int)
                0x00000000c0007ef5                Phys::allowSegmentToBeUsed(unsigned long, unsigned long)
                0x00000000c0007f2d                Phys::physicalMemorySetup(unsigned int)
 *fill*         0x00000000c000821b        0x1 
 .text          0x00000000c000821c      0x273 core/pipe.32
                0x00000000c000821c                Pipe::isAtty()
                0x00000000c0008220                Pipe::~Pipe()
                0x00000000c0008220                Pipe::~Pipe()
                0x00000000c0008244                Pipe::~Pipe()
                0x00000000c000826c                Pipe::write(unsigned long long, void*, int*)
                0x00000000c000832c                Pipe::read(unsigned long long, void*, int*)
                0x00000000c0008428                Pipe::Pipe(int)
                0x00000000c0008428                Pipe::Pipe(int)
 *fill*         0x00000000c000848f        0x1 
 .text          0x00000000c0008490      0xab3 core/terminal.32
                0x00000000c0008490                VgaText::isAtty()
                0x00000000c0008494                VgaText::~VgaText()
                0x00000000c0008494                VgaText::~VgaText()
                0x00000000c00084b8                VgaText::~VgaText()
                0x00000000c00084e2                VgaText::read(unsigned long long, void*, int*)
                0x00000000c0008502                setTerminalScrollLock(bool)
                0x00000000c0008503                doTerminalCycle()
                0x00000000c0008504                addToTerminalCycle(VgaText*)
                0x00000000c0008505                scrollTerminalScrollLock(int)
                0x00000000c0008506                VgaText::updateTitle()
                0x00000000c0008508                VgaText::load()
                0x00000000c000850a                VgaText::updateCursor()
                0x00000000c0008520                VgaText::doANSI_SGR(int)
                0x00000000c0008594                VgaText::setDefaultBgColour(VgaColour)
                0x00000000c00085a4                VgaText::setDefaultFgColour(VgaColour)
                0x00000000c00085b4                VgaText::setDefaultColours(VgaColour, VgaColour)
                0x00000000c00085d4                VgaText::setTitleTextColour(VgaColour)
                0x00000000c00085e0                VgaText::setTitleColour(VgaColour)
                0x00000000c00085ec                VgaText::setTitle(char*)
                0x00000000c00085ee                VgaText::combineColours(unsigned char, unsigned char)
                0x00000000c0008600                VgaText::scrollScreen()
                0x00000000c0008692                VgaText::combineCharAndColour(char, unsigned char)
                0x00000000c00086a2                VgaText::writeCharacter(char, VgaColour, VgaColour, int, int)
                0x00000000c0008732                VgaText::getCursorX()
                0x00000000c000873a                VgaText::getCursorY()
                0x00000000c0008742                VgaText::setCursor(int, int)
                0x00000000c0008759                setActiveTerminal(VgaText*)
                0x00000000c00087a4                VgaText::clearScreen()
                0x00000000c00087f2                VgaText::setCursorX(int)
                0x00000000c000880a                VgaText::setCursorY(int)
                0x00000000c0008822                VgaText::incrementCursor(bool)
                0x00000000c0008876                VgaText::decrementCursor(bool)
                0x00000000c0008898                VgaText::putchar(char, VgaColour, VgaColour)
                0x00000000c0008968                VgaText::putchar(char)
                0x00000000c0008a60                VgaText::putx(unsigned int)
                0x00000000c0008aa6                VgaText::puts(char const*)
                0x00000000c0008acc                VgaText::write(unsigned long long, void*, int*)
                0x00000000c0008b18                VgaText::puts(char const*, VgaColour, VgaColour)
                0x00000000c0008c66                VgaText::VgaText(char const*)
                0x00000000c0008c66                VgaText::VgaText(char const*)
                0x00000000c0008db6                VgaText::receiveKey(unsigned char)
                0x00000000c0008f42                VgaText::doUpdate()
 *fill*         0x00000000c0008f43        0x1 
 .text          0x00000000c0008f44      0x1a1 core/tss.32
                0x00000000c0008f44                TSS::TSS()
                0x00000000c0008f44                TSS::TSS()
                0x00000000c0008f54                TSS::setESP(unsigned long)
                0x00000000c0008f68                TSS::flush()
                0x00000000c0008f88                TSS::setup(unsigned long, unsigned long)
 *fill*         0x00000000c00090e5        0x1 
 .text          0x00000000c00090e6      0x4ca core/unixfile.32
                0x00000000c00090e6                ReservedFilename::read(unsigned long long, void*, int*)
                0x00000000c000913c                ReservedFilename::isAtty()
                0x00000000c0009158                ReservedFilename::write(unsigned long long, void*, int*)
                0x00000000c00091b6                UnixFile::getFileDescriptor()
                0x00000000c00091be                UnixFile::UnixFile(int)
                0x00000000c00091be                UnixFile::UnixFile(int)
                0x00000000c0009372                ReservedFilename::ReservedFilename(int)
                0x00000000c0009372                ReservedFilename::ReservedFilename(int)
                0x00000000c00093a4                UnixFile::~UnixFile()
                0x00000000c00093a4                UnixFile::~UnixFile()
                0x00000000c0009440                UnixFile::~UnixFile()
                0x00000000c0009468                ReservedFilename::~ReservedFilename()
                0x00000000c0009468                ReservedFilename::~ReservedFilename()
                0x00000000c000948c                ReservedFilename::~ReservedFilename()
                0x00000000c00094b3                KeGetFileFromDescriptor(int)
 .text          0x00000000c00095b0     0x1218 core/virtmgr.32
                0x00000000c00095b0                Virt::setPageState(unsigned long, Virt::VirtPageState)
                0x00000000c00095ea                Virt::getPageState(unsigned long)
                0x00000000c000960d                Virt::allocateKernelVirtualPages(int)
                0x00000000c0009732                Virt::freeSwapfilePage(unsigned long)
                0x00000000c0009755                Virt::swapIDToSector(unsigned long)
                0x00000000c000976b                Virt::allocateSwapfilePage()
                0x00000000c00097eb                Virt::virtualMemorySetup()
                0x00000000c000983c                Virt::setupPageSwapping(int)
                0x00000000c00098ae                VAS::setCPUSpecific(unsigned long)
                0x00000000c00098b0                VAS::VAS(VAS*)
                0x00000000c00098b0                VAS::VAS(VAS*)
                0x00000000c00098de                VAS::getForeignPageTableEntry(bool, unsigned long)
                0x00000000c000990c                VAS::getPageTableEntry(unsigned long)
                0x00000000c000992b                Virt::freeKernelVirtualPages(unsigned long)
                0x00000000c0009a68                VAS::freeAllocatedPages(unsigned long)
                0x00000000c0009a8c                VAS::virtualToPhysical(unsigned long)
                0x00000000c0009aa6                VAS::reflagRange(unsigned long, int, unsigned long, unsigned long)
                0x00000000c0009ae8                VAS::VAS()
                0x00000000c0009ae8                VAS::VAS()
                0x00000000c0009b52                VAS::setToWriteCombining(unsigned long, int)
                0x00000000c0009b86                VAS::mapOtherVASIn(bool, VAS*)
                0x00000000c0009bb2                VAS::~VAS()
                0x00000000c0009bb2                VAS::~VAS()
                0x00000000c0009d20                VAS::mapPage(unsigned long, unsigned long, int)
                0x00000000c0009e24                VAS::allocatePages(int, int)
                0x00000000c0009f1a                VAS::mapRange(unsigned long, unsigned long, int, int)
                0x00000000c0009f72                VAS::mapForeignPage(bool, VAS*, unsigned long, unsigned long, int)
                0x00000000c000a068                VAS::VAS(bool)
                0x00000000c000a068                VAS::VAS(bool)
                0x00000000c000a2b2                VAS::evict(unsigned long)
                0x00000000c000a390                VAS::tryLoadBackOffDisk(unsigned long)
                0x00000000c000a52a                VAS::allocateSharedMemoryWithKernel(unsigned long, unsigned long*)
                0x00000000c000a59e                VAS::freeSharedMemoryWithKernel(unsigned long, unsigned long)
                0x00000000c000a5ca                VAS::scanForEviction()
                0x00000000c000a6cd                mapVASFirstTime
 .text          0x00000000c000a7c8       0x5f coreobjs/c++.32
                0x00000000c000a7c8                __cxa_atexit
                0x00000000c000a7cb                __cxa_finalize
                0x00000000c000a7cc                __stack_chk_fail
                0x00000000c000a802                __cxa_pure_virtual
                0x00000000c000a813                operator new[](unsigned long)
                0x00000000c000a818                operator delete(void*, unsigned long)
                0x00000000c000a81d                operator delete[](void*)
                0x00000000c000a822                operator delete[](void*, unsigned long)
 .text          0x00000000c000a827      0x254 dbg/kconsole.32
                0x00000000c000a827                Dbg::stringifyxWithBase(unsigned int, char*, int)
                0x00000000c000a8c7                Dbg::logc(char)
                0x00000000c000a8e7                Dbg::logs(char*)
                0x00000000c000a906                Dbg::logWriteInt(unsigned int)
                0x00000000c000a924                Dbg::logWriteIntBase(unsigned int, int)
                0x00000000c000a945                Dbg::kprintf(char const*, ...)
 *fill*         0x00000000c000aa7b        0x1 
 .text          0x00000000c000aa7c      0x2d4 dbg/usban.32
                0x00000000c000aa7c                KiUbsanPrintDetails(char const*, void*)
                0x00000000c000aae8                __ubsan_handle_type_mismatch_v1
                0x00000000c000abc4                __ubsan_handle_pointer_overflow
                0x00000000c000abf0                __ubsan_handle_out_of_bounds
                0x00000000c000ac1c                __ubsan_handle_add_overflow
                0x00000000c000ac48                __ubsan_handle_load_invalid_value
                0x00000000c000ac74                __ubsan_handle_divrem_overflow
                0x00000000c000aca0                __ubsan_handle_mul_overflow
                0x00000000c000accc                __ubsan_handle_sub_overflow
                0x00000000c000acf8                __ubsan_handle_shift_out_of_bounds
                0x00000000c000ad24                __ubsan_handle_negate_overflow
 .text          0x00000000c000ad50      0x8b3 fs/symlink.32
                0x00000000c000ae9f                KiDeinitialiseSymlinks(void*)
                0x00000000c000af32                KeRegisterSymlink(char const*, unsigned long long)
                0x00000000c000afb5                KiIsSymlinkRegistered(char const*)
                0x00000000c000b13c                KeDereferenceSymlink(char const*, char*)
                0x00000000c000b357                KeCreateSymlink(char const*, char const*)
                0x00000000c000b493                KeInitialiseSymlinks()
 *fill*         0x00000000c000b603        0x1 
 .text          0x00000000c000b604      0xd58 fs/vfs.32
                0x00000000c000b604                File::read(unsigned long long, void*, int*)
                0x00000000c000b65c                File::write(unsigned long long, void*, int*)
                0x00000000c000b6b4                Directory::read(unsigned long long, void*, int*)
                0x00000000c000b70c                Directory::write(unsigned long long, void*, int*)
                0x00000000c000b73a                File::isAtty()
                0x00000000c000b73e                Directory::isAtty()
                0x00000000c000b742                Filesystem::getlabel(LogicalDisk*, int, char*, unsigned int*)
                0x00000000c000b748                Filesystem::setlabel(LogicalDisk*, int, char*)
                0x00000000c000b74e                Filesystem::allocateSwapfile(char const*, int)
                0x00000000c000b754                File::~File()
                0x00000000c000b754                File::~File()
                0x00000000c000b778                File::~File()
                0x00000000c000b7a2                Directory::~Directory()
                0x00000000c000b7a2                Directory::~Directory()
                0x00000000c000b7c6                Directory::~Directory()
                0x00000000c000b7f0                Filesystem::Filesystem()
                0x00000000c000b7f0                Filesystem::Filesystem()
                0x00000000c000b814                Filesystem::~Filesystem()
                0x00000000c000b814                Filesystem::~Filesystem()
                0x00000000c000b822                Filesystem::~Filesystem()
                0x00000000c000b846                Fs::getcwd(Process*, char*, int)
                0x00000000c000b870                Fs::initVFS()
                0x00000000c000b89a                Fs::standardiseFiles(char*, char const*, char const*, bool)
                0x00000000c000baa4                File::File(char const*, Process*, bool)
                0x00000000c000baa4                File::File(char const*, Process*, bool)
                0x00000000c000bb82                File::File(char const*, Process*)
                0x00000000c000bb82                File::File(char const*, Process*)
                0x00000000c000bba0                File::open(FileOpenMode)
                0x00000000c000bbfe                File::close()
                0x00000000c000bc5e                File::seek(unsigned long long)
                0x00000000c000bcb4                File::truncate(unsigned long long)
                0x00000000c000bd0a                File::tell(unsigned long long*)
                0x00000000c000bd5a                File::rewind()
                0x00000000c000bd6e                File::unlink()
                0x00000000c000bdba                File::rename(char const*)
                0x00000000c000be08                File::chfatattr(unsigned char, unsigned char)
                0x00000000c000be64                File::exists()
                0x00000000c000bea2                File::stat(unsigned long long*, bool*)
                0x00000000c000bf03                Fs::setcwd(Process*, char*)
                0x00000000c000c062                Directory::Directory(char const*, Process*)
                0x00000000c000c062                Directory::Directory(char const*, Process*)
                0x00000000c000c12a                Directory::open()
                0x00000000c000c186                Directory::close()
                0x00000000c000c1e6                Directory::unlink()
                0x00000000c000c232                Directory::rename(char const*)
                0x00000000c000c280                Directory::exists()
                0x00000000c000c2be                Directory::read(dirent*)
                0x00000000c000c30a                Directory::create()
                0x00000000c000c356                Filesystem::chfatattr(char const*, unsigned char, unsigned char)
 .text          0x00000000c000c35c       0x86 hal/bus.32
                0x00000000c000c35c                Bus::Bus(char const*)
                0x00000000c000c35c                Bus::Bus(char const*)
                0x00000000c000c394                Bus::~Bus()
                0x00000000c000c394                Bus::~Bus()
                0x00000000c000c3b8                Bus::~Bus()
 .text          0x00000000c000c3e2       0x96 hal/buzzer.32
                0x00000000c000c3e2                beepThread(void*)
                0x00000000c000c41f                Krnl::beep(int, int, bool)
 .text          0x00000000c000c478      0x45f hal/clock.32
                0x00000000c000c478                User::loadClockSettings(int)
                0x00000000c000c4ca                Clock::Clock(char const*)
                0x00000000c000c4ca                Clock::Clock(char const*)
                0x00000000c000c500                Clock::~Clock()
                0x00000000c000c500                Clock::~Clock()
                0x00000000c000c524                Clock::~Clock()
                0x00000000c000c54e                Clock::timeInSecondsLocal()
                0x00000000c000c596                Clock::setTimeInSecondsLocal(unsigned long long)
                0x00000000c000c5ef                datetimeToSeconds(datetime_t)
                0x00000000c000c70e                Clock::setTimeInDatetimeLocal(datetime_t)
                0x00000000c000c76e                secondsToDatetime(unsigned long long)
                0x00000000c000c8b2                Clock::timeInDatetimeLocal()
 *fill*         0x00000000c000c8d7        0x1 
 .text          0x00000000c000c8d8      0x464 hal/device.32
                0x00000000c000c8d8                Device::hibernate()
                0x00000000c000c8da                Device::wake()
                0x00000000c000c8dc                Device::detect()
                0x00000000c000c8de                Device::disableLegacy()
                0x00000000c000c8e0                Device::powerSaving(PowerSavingLevel)
                0x00000000c000c8e2                DriverlessDevice::close(int, int, void*)
                0x00000000c000c8e6                DriverlessDevice::detect()
                0x00000000c000c8e8                DriverlessDevice::open(int, int, void*)
                0x00000000c000c8fc                Device::~Device()
                0x00000000c000c8fc                Device::~Device()
                0x00000000c000c90a                Device::~Device()
                0x00000000c000c932                Device::findAndLoadDriver()
                0x00000000c000c940                Device::preOpenPCI(PCIDeviceInfo)
                0x00000000c000c966                Device::preOpenACPI(void*, char*, char*)
                0x00000000c000c9a6                Device::addIRQHandler(int, void (*)(regs*, void*), bool, void*)
                0x00000000c000c9d0                Device::getParent()
                0x00000000c000c9dc                Device::removeIRQHandler(int, void (*)(regs*, void*), bool)
                0x00000000c000c9fa                Device::addChild(Device*)
                0x00000000c000ca3e                Device::removeAllChildren()
                0x00000000c000ca84                Device::hibernateAll()
                0x00000000c000cab4                Device::wakeAll()
                0x00000000c000cae4                Device::detectAll()
                0x00000000c000cb14                Device::disableLegacyAll()
                0x00000000c000cb16                Device::loadDriversForAll()
                0x00000000c000cb18                Device::closeAll()
                0x00000000c000cb4e                Device::powerSavingAll(PowerSavingLevel)
                0x00000000c000cb84                Device::setName(char const*)
                0x00000000c000cb92                Device::Device(char const*)
                0x00000000c000cb92                Device::Device(char const*)
                0x00000000c000cc8e                Device::getName()
                0x00000000c000cc98                DriverlessDevice::DriverlessDevice(char const*)
                0x00000000c000cc98                DriverlessDevice::DriverlessDevice(char const*)
                0x00000000c000ccce                Device::addToLinkedList(LinkedList<Device>&, DeviceType)
                0x00000000c000cd12                getDevicesOfType(DeviceType)
 .text          0x00000000c000cd3c       0x86 hal/diskctrl.32
                0x00000000c000cd3c                HardDiskController::HardDiskController(char const*)
                0x00000000c000cd3c                HardDiskController::HardDiskController(char const*)
                0x00000000c000cd74                HardDiskController::~HardDiskController()
                0x00000000c000cd74                HardDiskController::~HardDiskController()
                0x00000000c000cd98                HardDiskController::~HardDiskController()
 .text          0x00000000c000cdc2       0xe2 hal/diskphys.32
                0x00000000c000cdc2                PhysicalDisk::eject()
                0x00000000c000cdc6                PhysicalDisk::PhysicalDisk(char const*, int)
                0x00000000c000cdc6                PhysicalDisk::PhysicalDisk(char const*, int)
                0x00000000c000ce2e                PhysicalDisk::startCache()
                0x00000000c000ce56                PhysicalDisk::~PhysicalDisk()
                0x00000000c000ce56                PhysicalDisk::~PhysicalDisk()
                0x00000000c000ce7a                PhysicalDisk::~PhysicalDisk()
 .text          0x00000000c000cea4        0x0 hal/fpu.32
 .text          0x00000000c000cea4      0x359 hal/intctrl.32
                0x00000000c000cea4                int_handler
                0x00000000c000cf2e                installISRHandler(int, void (*)(regs*, void*), void*)
                0x00000000c000cf78                installIRQHandler(int, void (*)(regs*, void*), bool, void*)
                0x00000000c000d0ac                uninstallISRHandler(int, void (*)(regs*, void*))
                0x00000000c000d0e0                uninstallIRQHandler(int, void (*)(regs*, void*), bool)
                0x00000000c000d15e                setupINTS()
                0x00000000c000d1bb                convertLegacyIRQNumber(int)
 *fill*         0x00000000c000d1fd        0x1 
 .text          0x00000000c000d1fe      0x8be hal/keybrd.32
                0x00000000c000d1fe                startGUI(void*)
                0x00000000c000d26c                startGUIVESA(void*)
                0x00000000c000d2da                sendKeyToTerminal(unsigned char)
                0x00000000c000d3b5                sendKeyboardToken(KeyboardToken)
                0x00000000c000d89f                clearInternalKeybuffer(VgaText*)
                0x00000000c000d8d4                readKeyboard(VgaText*, char*, unsigned long)
                0x00000000c000da32                Keyboard::Keyboard(char const*)
                0x00000000c000da32                Keyboard::Keyboard(char const*)
                0x00000000c000da6e                Keyboard::~Keyboard()
                0x00000000c000da6e                Keyboard::~Keyboard()
                0x00000000c000da92                Keyboard::~Keyboard()
 .text          0x00000000c000dabc      0x3f8 hal/logidisk.32
                0x00000000c000dabc                LogicalDisk::close(int, int, void*)
                0x00000000c000dac0                LogicalDisk::~LogicalDisk()
                0x00000000c000dac0                LogicalDisk::~LogicalDisk()
                0x00000000c000dae4                LogicalDisk::~LogicalDisk()
                0x00000000c000db0e                LogicalDisk::open(int, int, void*)
                0x00000000c000db22                LogicalDisk::absoluteToRelative(unsigned long long)
                0x00000000c000db5a                LogicalDisk::relativeToAbsolute(unsigned long long)
                0x00000000c000dba0                LogicalDisk::LogicalDisk(char const*, PhysicalDisk*, unsigned long long, unsigned long long)
                0x00000000c000dba0                LogicalDisk::LogicalDisk(char const*, PhysicalDisk*, unsigned long long, unsigned long long)
                0x00000000c000dc60                LogicalDisk::assignDriveLetter()
                0x00000000c000dd1a                LogicalDisk::mount()
                0x00000000c000dd62                LogicalDisk::unmount()
                0x00000000c000dd72                LogicalDisk::eject()
                0x00000000c000dd86                LogicalDisk::unassignDriveLetter()
                0x00000000c000dddc                LogicalDisk::read(unsigned long long, int, void*)
                0x00000000c000de48                LogicalDisk::write(unsigned long long, int, void*)
 .text          0x00000000c000deb4       0x86 hal/mouse.32
                0x00000000c000deb4                Mouse::Mouse(char const*)
                0x00000000c000deb4                Mouse::Mouse(char const*)
                0x00000000c000deec                Mouse::~Mouse()
                0x00000000c000deec                Mouse::~Mouse()
                0x00000000c000df10                Mouse::~Mouse()
 .text          0x00000000c000df3a       0x90 hal/nic.32
                0x00000000c000df3a                NIC::getMAC()
                0x00000000c000df40                NIC::write(int, unsigned char*, int*)
                0x00000000c000df46                NIC::NIC(char const*)
                0x00000000c000df46                NIC::NIC(char const*)
                0x00000000c000df7c                NIC::~NIC()
                0x00000000c000df7c                NIC::~NIC()
                0x00000000c000dfa0                NIC::~NIC()
 .text          0x00000000c000dfca      0x33b hal/partition.32
                0x00000000c000dfca                makePartition(PhysicalDisk*, unsigned long long, unsigned long long)
                0x00000000c000e072                createPartitionsForDisk(PhysicalDisk*)
 *fill*         0x00000000c000e305        0x3 
 .text          0x00000000c000e308       0x86 hal/serial.32
                0x00000000c000e308                Serial::Serial(char const*)
                0x00000000c000e308                Serial::Serial(char const*)
                0x00000000c000e340                Serial::~Serial()
                0x00000000c000e340                Serial::~Serial()
                0x00000000c000e364                Serial::~Serial()
 *fill*         0x00000000c000e38e        0x2 
 .text          0x00000000c000e390      0x234 hal/timer.32
                0x00000000c000e390                Timer::Timer(char const*)
                0x00000000c000e390                Timer::Timer(char const*)
                0x00000000c000e3c8                Timer::~Timer()
                0x00000000c000e3c8                Timer::~Timer()
                0x00000000c000e3ec                Timer::~Timer()
                0x00000000c000e416                Timer::read()
                0x00000000c000e421                setupTimer(int)
                0x00000000c000e45c                timerHandler(unsigned int)
 .text          0x00000000c000e5c4      0x444 hal/vcache.32
                0x00000000c000e5c4                VCache::VCache(PhysicalDisk*)
                0x00000000c000e5c4                VCache::VCache(PhysicalDisk*)
                0x00000000c000e734                VCache::invalidateReadBuffer()
                0x00000000c000e744                VCache::writeWriteBuffer()
                0x00000000c000e790                VCache::~VCache()
                0x00000000c000e790                VCache::~VCache()
                0x00000000c000e7e8                VCache::~VCache()
                0x00000000c000e810                VCache::write(unsigned long long, int, void*)
                0x00000000c000e8fe                VCache::read(unsigned long long, int, void*)
 .text          0x00000000c000ea08      0x4c7 hal/video.32
                0x00000000c000ea08                Video::putrect(int, int, int, int, unsigned int)
                0x00000000c000ea54                Video::bitblit(int, int, int, int, int, int, int, unsigned int*)
                0x00000000c000eac4                Video::blit(unsigned int*, int, int, int, int)
                0x00000000c000eb42                Video::clearScreen(unsigned int)
                0x00000000c000eb76                Video::putpixel(int, int, unsigned int)
                0x00000000c000eb84                Video::readPixelApprox(int, int)
                0x00000000c000eb98                Video::Video(char const*)
                0x00000000c000eb98                Video::Video(char const*)
                0x00000000c000ebce                Video::~Video()
                0x00000000c000ebce                Video::~Video()
                0x00000000c000ebf2                Video::~Video()
                0x00000000c000ec1c                Video::isMonochrome()
                0x00000000c000ec28                Video::getWidth()
                0x00000000c000ec34                Video::getHeight()
                0x00000000c000ec40                Video::drawCursor(int, int, unsigned int*, int)
                0x00000000c000ecfc                Video::tgaParse(unsigned char*, int, int*, int*)
                0x00000000c000ee64                Video::putTGA(int, int, unsigned char*, int)
 *fill*         0x00000000c000eecf        0x1 
 .text          0x00000000c000eed0     0x138b hw/acpi.32
                0x00000000c000eed0                ACPI::close(int, int, void*)
                0x00000000c000ef84                findRSDP()
                0x00000000c000f01c                loadACPITables(unsigned char*)
                0x00000000c000f288                findRSDT(unsigned char*)
                0x00000000c000f3e0                findDataTable(unsigned char*, char*)
                0x00000000c000f460                scanMADT()
                0x00000000c000f918                ACPI::ACPI()
                0x00000000c000f918                ACPI::ACPI()
                0x00000000c000f96c                ACPI::getPCIIRQAssignment(unsigned char, unsigned short, unsigned char)
                0x00000000c000fa68                ACPI::registerPCIIRQAssignment(void*, unsigned short, unsigned char, unsigned char)
                0x00000000c000fb34                ACPI::setScreenBrightnessLevel(void*, int)
                0x00000000c000fb3c                ACPI::detectPCI()
                0x00000000c000fd5c                ACPI::writeSimpleBootFlag(SimpleBootFlagTable*)
                0x00000000c000fda4                ACPI::sleep()
                0x00000000c000fdc0                ACPI::open(int, int, void*)
 *fill*         0x00000000c001025b        0x1 
 .text          0x00000000c001025c      0xbc5 hw/cpu.32
                0x00000000c001025c                CPU::close(int, int, void*)
                0x00000000c0010260                CPU::AMD_K6_write_msr(unsigned int, unsigned int, unsigned int, CPU::REGS*)
                0x00000000c001027c                CPU::AMD_K6_read_msr(unsigned int, CPU::REGS*)
                0x00000000c0010294                CPU::AMD_K6_writeback(int, int, int)
                0x00000000c0010308                CPU::cpuid(int, unsigned long*, unsigned long*, unsigned long*, unsigned long*)
                0x00000000c001038c                CPU::cpuidCheckEDX(unsigned int)
                0x00000000c00103ba                CPU::cpuidCheckECX(unsigned int)
                0x00000000c00103e8                CPU::cpuidCheckExtendedEBX(unsigned int)
                0x00000000c0010416                CPU::cpuidCheckExtendedECX(unsigned int)
                0x00000000c0010444                CPU::CPU()
                0x00000000c0010444                CPU::CPU()
                0x00000000c00104d2                CPU::displayFeatures()
                0x00000000c00104d4                CPU::detectFeatures()
                0x00000000c0010ba8                CPU::setupSMEP()
                0x00000000c0010bb4                CPU::setupUMIP()
                0x00000000c0010bbe                CPU::setupTSC()
                0x00000000c0010bc8                CPU::setupLargePages()
                0x00000000c0010bd2                CPU::setupPAT()
                0x00000000c0010c0e                CPU::setupMTRR()
                0x00000000c0010c10                CPU::setupGlobalPages()
                0x00000000c0010c1a                CPU::allowUsermodeDataAccess()
                0x00000000c0010c2c                CPU::prohibitUsermodeDataAccess()
                0x00000000c0010c3e                CPU::setupSMAP()
                0x00000000c0010c4c                CPU::setupFeatures()
                0x00000000c0010d18                CPU::open(int, int, void*)
 .text          0x00000000c0010e21       0xb6 krnl/atexit.32
                0x00000000c0010e21                KeInitialiseAtexit()
                0x00000000c0010e40                KeRegisterAtexit(void (*)(void*), void*)
                0x00000000c0010e74                KeExecuteAtexit()
 .text          0x00000000c0010ed7       0xdf krnl/bootmsg.32
                0x00000000c0010ed7                KeDisplaySplashScreen()
                0x00000000c0010f53                KeSetBootMessage(char const*)
 *fill*         0x00000000c0010fb6        0x2 
 .text          0x00000000c0010fb8       0x1d krnl/compat.32
                0x00000000c0010fb8                Krnl::handlePowerButton()
                0x00000000c0010fc8                Krnl::handleSleepButton()
 .text          0x00000000c0010fd5       0x2b krnl/crc32.32
                0x00000000c0010fd5                KeCalculateCRC32(unsigned char*, int)
 .text          0x00000000c0011000      0x5bf krnl/env.32
                0x00000000c0011000                EnvVarContainer::getEnv(char const*)
                0x00000000c001103e                EnvVarContainer::setEnv(char const*, char const*)
                0x00000000c0011100                EnvVarContainer::deleteEnv(char const*)
                0x00000000c0011102                EnvVarContainer::loadFrom(char const*, char const*)
                0x00000000c0011326                EnvVarContainer::__loadSystem()
                0x00000000c0011340                EnvVarContainer::__loadUser()
                0x00000000c0011342                EnvVarContainer::EnvVarContainer(Process*)
                0x00000000c0011342                EnvVarContainer::EnvVarContainer(Process*)
                0x00000000c0011364                EnvVarContainer::~EnvVarContainer()
                0x00000000c0011364                EnvVarContainer::~EnvVarContainer()
                0x00000000c0011394                KeGetEnv(Process*, char const*)
                0x00000000c00113f9                KeSetEnvSystem(char const*, char const*)
                0x00000000c0011413                KeSetEnvUser(char const*, char const*)
                0x00000000c0011432                KeSetEnvProcess(Process*, char const*, char const*)
                0x00000000c0011445                KeDeleteEnvSystem(char const*)
                0x00000000c0011446                KeDeleteEnvUser(char const*)
                0x00000000c0011447                KeDeleteEnvProcess(Process*, char const*)
                0x00000000c0011448                KeNewProcessEnv(Process*)
                0x00000000c001146a                KeCopyProcessEnv(Process*, Process*)
                0x00000000c00114b6                KeLoadSystemEnv()
                0x00000000c00114e4                KeLoadUserEnv()
                0x00000000c001150a                KeFlushEnv()
                0x00000000c001150b                KeGetProcessTotalEnvCount(Process*)
                0x00000000c001152b                KeGetProcessEnvPair(Process*, int)
 .text          0x00000000c00115bf       0x94 krnl/inlines.32
                0x00000000c00115bf                CPU::current()
                0x00000000c00115cb                operator new(unsigned long)
                0x00000000c00115d0                operator delete(void*)
                0x00000000c00115d5                disableIRQs()
                0x00000000c00115d7                enableIRQs()
                0x00000000c00115d9                lockScheduler()
                0x00000000c00115e1                unlockScheduler()
                0x00000000c00115f0                lockStuff()
                0x00000000c00115fe                unlockStuff()
                0x00000000c0011638                Virt::getAKernelVAS()
                0x00000000c001163e                __not_memcpy
 .text          0x00000000c0011653        0xc krnl/panic.32
                0x00000000c0011653                KePanic(char const*)
 .text          0x00000000c001165f      0x142 krnl/powctrl.32
                0x00000000c001165f                KePowerThread(void*)
                0x00000000c001168d                KeChangePowerSettings(PowerSettings)
                0x00000000c00116a3                KeUserIOReceived()
                0x00000000c00116ae                KeHandlePowerButton()
                0x00000000c00116e3                KeHandleSleepButton()
                0x00000000c0011718                KeSetupPowerManager()
 .text          0x00000000c00117a1       0x9d krnl/random.32
                0x00000000c00117a1                KeRand()
                0x00000000c00117e3                KeSeedRand(unsigned int)
                0x00000000c001180c                KeInitRand()
 *fill*         0x00000000c001183e        0x2 
 .text          0x00000000c0011840      0x1bc krnl/resolve.32
                0x00000000c0011840                KeResolveCompatibilitySymbol(char*)
 .text          0x00000000c00119fc      0x322 krnl/signal.32
                0x00000000c00119fc                KiSigKill(int)
                0x00000000c0011a10                KiDefaultSignalHandlerIgnore(int)
                0x00000000c0011a11                KiDefaultSignalHandlerPause(int)
                0x00000000c0011a3d                KiDefaultSignalHandlerResume(int)
                0x00000000c0011a69                KeDeinitSignals(SigHandlerBlock*)
                0x00000000c0011a6e                KeInitSignals()
                0x00000000c0011ac0                KeRegisterSignalHandler(SigHandlerBlock*, int, void (*)(int), unsigned int, int)
                0x00000000c0011af6                KeRaiseSignal(SigHandlerBlock*, int)
                0x00000000c0011b73                KeCheckSignal(SigHandlerBlock*, int*)
                0x00000000c0011c6a                KiCheckSignalZ
                0x00000000c0011cac                KeCompleteSignal(SigHandlerBlock*, int)
                0x00000000c0011ce7                KiFinishSignalZ
 .text          0x00000000c0011d1e      0xdd6 krnl/syscalls.32
                0x00000000c0011d1e                SysSeekDir(regs*)
                0x00000000c0011d23                SysTellDir(regs*)
                0x00000000c0011d28                SysVerify(regs*)
                0x00000000c0011d32                SysGetArgc(regs*)
                0x00000000c0011d46                SysTTYName(regs*)
                0x00000000c0011d4e                SysFormatDisk(regs*)
                0x00000000c0011dc5                SysSetDiskVolumeLabel(regs*)
                0x00000000c0011e19                SysGetDiskVolumeLabel(regs*)
                0x00000000c0011e72                SysShutdown(regs*)
                0x00000000c0011ed0                SysRealpath(regs*)
                0x00000000c0011f14                SysReadDir(regs*)
                0x00000000c0011f94                SysIsATTY(regs*)
                0x00000000c0011fee                SysSeek(regs*)
                0x00000000c0012045                SysTell(regs*)
                0x00000000c00120b2                SysSize(regs*)
                0x00000000c0012125                SysSizeFromFilename(regs*)
                0x00000000c0012239                SysSizeFromFilenameNoSymlink(regs*)
                0x00000000c001234d                SysClose(regs*)
                0x00000000c00123ad                SysOpenDir(regs*)
                0x00000000c001242a                SysMakeDir(regs*)
                0x00000000c0012498                SysCloseDir(regs*)
                0x00000000c00124ec                SysWait(regs*)
                0x00000000c001250d                SysNotImpl(regs*)
                0x00000000c0012528                SysPanic(regs*)
                0x00000000c0012543                SysRmdir(regs*)
                0x00000000c00125a8                SysUnlink(regs*)
                0x00000000c001260d                SysGetArgv(regs*)
                0x00000000c001265a                SysUSleep(regs*)
                0x00000000c0012683                SysSpawn(regs*)
                0x00000000c00126f6                SysGetEnv(regs*)
                0x00000000c00127a7                SysSetFatAttrib(regs*)
                0x00000000c001281a                SysPipe(regs*)
                0x00000000c001285f                SysGetUnixTime(regs*)
                0x00000000c0012873                string_ends_with(char const*, char const*)
                0x00000000c00128bb                SysOpen(regs*)
                0x00000000c0012ab2                KeSystemCall(regs*, void*)
 .text          0x00000000c0012af4      0x159 net/ethernet.32
                0x00000000c0012af4                KeSwitchEndian16(unsigned short)
                0x00000000c0012b18                KeSwitchEndian32(unsigned int)
                0x00000000c0012b48                EthernetCRC32(unsigned char*, int)
                0x00000000c0012bec                EthernetReceivedPacket(EthernetUnwrappedFrame*, unsigned short)
 .text          0x00000000c0012c4d      0xd56 reg/cm.32
                0x00000000c0012c4d                CmOpen(char const*)
                0x00000000c0012d6b                CmClose(Reghive_Tag*)
                0x00000000c0012d81                CmReadExtent(Reghive_Tag*, int, unsigned char*)
                0x00000000c0012dbd                CmGetString(Reghive_Tag*, int, char*)
                0x00000000c0012e34                CmEnterDirectory(Reghive_Tag*, int)
                0x00000000c0012e73                CmGetNext(Reghive_Tag*, int)
                0x00000000c0012ea5                CmWriteExtent(Reghive_Tag*, int, unsigned char*)
                0x00000000c0012ee1                CmFreeExtent(Reghive_Tag*, int)
                0x00000000c0012f09                CmUpdateHeader(Reghive_Tag*)
                0x00000000c0012f2a                CmExpand(Reghive_Tag*, int)
                0x00000000c0012fa5                CmFindUnusedExtent(Reghive_Tag*)
                0x00000000c001302b                CmCreateExtent(Reghive_Tag*, int, int, unsigned char*)
                0x00000000c001311f                CmSetString(Reghive_Tag*, int, char const*)
                0x00000000c001325b                CmGetMatch(char*, char*, bool, bool*)
                0x00000000c00132bc                CmAddShift(unsigned int*, int*, unsigned char, int)
                0x00000000c00132ec                CmGetShift(unsigned int*, int*, int, bool*)
                0x00000000c0013323                CmGetInteger(Reghive_Tag*, int, unsigned long long*)
                0x00000000c001334d                CmSetInteger(Reghive_Tag*, int, unsigned long long)
                0x00000000c001338d                CmConvertFromInternalFilename(unsigned char const*, char*)
                0x00000000c0013431                CmGetNameAndTypeFromExtent(Reghive_Tag*, int, char*)
                0x00000000c001345f                CmConvertToInternalFilename(char const*, unsigned char*)
                0x00000000c00135fd                CmCreateString(Reghive_Tag*, int, char const*)
                0x00000000c001364a                CmFindInDirectory(Reghive_Tag*, int, char const*)
                0x00000000c00136c4                CmCreateInteger(Reghive_Tag*, int, char const*, unsigned long long, int)
                0x00000000c0013717                CmCreateDirectory(Reghive_Tag*, int, char const*)
                0x00000000c00137db                zStrtok(char*, char const*)
                0x00000000c001384d                CmFindObjectFromPath(Reghive_Tag*, char const*)
                0x00000000c00138ce                CmDisplayTree(Reghive_Tag*, int, int)
                0x00000000c0013971                CmSplitFinalSlashInPlace(char*)
 .text          0x00000000c00139a3      0x52a reg/registry.32
                0x00000000c00139a3                Reg::findLineFromLoadedData(char*, char*, char*)
                0x00000000c0013b14                Reg::getLineFromRegistry(char*, char*, char*, char*)
                0x00000000c0013c69                Reg::getLine(char*, char*, char*)
                0x00000000c0013ca0                Reg::readInt(char*, char*, int*)
                0x00000000c0013d8e                Reg::readString(char*, char*, char*, int)
                0x00000000c0013e0f                Reg::readBool(char*, char*, bool*)
                0x00000000c0013e34                Reg::readBoolWithDefault(char*, char*, bool)
                0x00000000c0013e60                Reg::readIntWithDefault(char*, char*, int)
                0x00000000c0013e8c                Reg::readStringWithDefault(char*, char*, char*, int, char*)
 .text          0x00000000c0013ecd       0x36 sys/eject.32
                0x00000000c0013ecd                SysEject(regs*)
 .text          0x00000000c0013f03       0x18 sys/exit.32
                0x00000000c0013f03                SysExit(regs*)
 .text          0x00000000c0013f1b       0x1f sys/getcwd.32
                0x00000000c0013f1b                SysGetCwd(regs*)
 .text          0x00000000c0013f3a        0xc sys/getpid.32
                0x00000000c0013f3a                SysGetPID(regs*)
 .text          0x00000000c0013f46       0x1a sys/getramdata.32
                0x00000000c0013f46                SysGetRAMData(regs*)
 .text          0x00000000c0013f60       0x82 sys/getvgaptr.32
                0x00000000c0013f60                SysGetVGAPtr(regs*)
 *fill*         0x00000000c0013fe2        0x2 
 .text          0x00000000c0013fe4       0xb9 sys/kill.32
                0x00000000c0013fe4                SysKill(regs*)
 .text          0x00000000c001409d       0xa8 sys/loaddll.32
                0x00000000c001409d                SysLoadDLL(regs*)
 .text          0x00000000c0014145       0x68 sys/read.32
                0x00000000c0014145                SysRead(regs*)
 .text          0x00000000c00141ad       0x29 sys/registersignal.32
                0x00000000c00141ad                SysRegisterSignal(regs*)
 .text          0x00000000c00141d6      0x19c sys/registry.32
                0x00000000c00141d6                SysRegistryGetTypeFromPath(regs*)
                0x00000000c001424d                SysRegistryReadExtent(regs*)
                0x00000000c0014295                SysRegistryPathToExtentLookup(regs*)
                0x00000000c00142bd                SysRegistryEnterDirectory(regs*)
                0x00000000c00142e5                SysRegistryGetNext(regs*)
                0x00000000c001430d                SysRegistryGetNameAndTypeFromExtent(regs*)
                0x00000000c0014347                SysRegistryOpen(regs*)
                0x00000000c001435b                SysRegistryClose(regs*)
 .text          0x00000000c0014372       0x55 sys/sbrk.32
                0x00000000c0014372                SysSbrk(regs*)
 .text          0x00000000c00143c7       0x1c sys/setcwd.32
                0x00000000c00143c7                SysSetCwd(regs*)
 .text          0x00000000c00143e3       0x96 sys/settime.32
                0x00000000c00143e3                SysSetTime(regs*)
 .text          0x00000000c0014479       0x2d sys/symlink.32
                0x00000000c0014479                SysSymlink(regs*)
 .text          0x00000000c00144a6       0x4a sys/timezone.32
                0x00000000c00144a6                SysTimezone(regs*)
 .text          0x00000000c00144f0       0xfc sys/truncate.32
                0x00000000c00144f0                SysTruncate(regs*)
 .text          0x00000000c00145ec       0x68 sys/write.32
                0x00000000c00145ec                SysWrite(regs*)
 .text          0x00000000c0014654       0x62 sys/wsbe.32
                0x00000000c0014654                SysWsbe(regs*)
 .text          0x00000000c00146b6       0x25 sys/yield.32
                0x00000000c00146b6                SysYield(regs*)
 .text          0x00000000c00146db     0x11e6 thr/elf.32
                0x00000000c00146db                Thr::allocateMemoryForTask(Process*, File*, unsigned long, unsigned long, unsigned long)
                0x00000000c0014969                Thr::loadProgramIntoMemory(Process*, char const*)
                0x00000000c0014b7b                Thr::runtimeReferenceHelper()
                0x00000000c0014b8e                Thr::getAddressOfKernelSymbol(char const*)
                0x00000000c0014bdd                Thr::loadKernelSymbolTable(char const*)
                0x00000000c0014e9b                Thr::loadDriverIntoMemory(char const*, unsigned long, bool)
                0x00000000c00155d4                Thr::getDriverBaseFromAddress(unsigned long)
                0x00000000c0015606                Thr::getDriverNameFromAddress(unsigned long)
                0x00000000c001563d                Thr::getDriverOffsetFromAddress(unsigned long)
                0x00000000c0015657                Thr::loadDLL(char const*, bool)
                0x00000000c0015888                Thr::executeDLL(unsigned long, void*)
 *fill*         0x00000000c00158c1        0x3 
 .text          0x00000000c00158c4     0x13d9 thr/prcssthr.32
                0x00000000c00158c4                userModeEntryPoint(void*)
                0x00000000c00158ec                changeTSS
                0x00000000c001591c                switchToThread(ThreadControlBlock*)
                0x00000000c00159cc                Process::addArgs(char**)
                0x00000000c0015a38                Process::Process(char const*, Process*, char**)
                0x00000000c0015a38                Process::Process(char const*, Process*, char**)
                0x00000000c0015c44                Process::Process(bool, char const*, Process*, char**)
                0x00000000c0015c44                Process::Process(bool, char const*, Process*, char**)
                0x00000000c0015e18                taskStartupFunction
                0x00000000c0015e24                Semaphore::Semaphore(int)
                0x00000000c0015e24                Semaphore::Semaphore(int)
                0x00000000c0015e54                Mutex::Mutex()
                0x00000000c0015e54                Mutex::Mutex()
                0x00000000c0015e68                Process::createThread(void (*)(void*), void*, int)
                0x00000000c0015f74                Process::createUserThread()
                0x00000000c0015f94                setupMultitasking(void (*)())
                0x00000000c00160b8                schedule()
                0x00000000c001614c                Semaphore::tryAcquire()
                0x00000000c0016220                Semaphore::assertLocked(char const*)
                0x00000000c00162a4                blockTaskWithSchedulerLockAlreadyHeld(TaskState)
                0x00000000c00162cc                blockTask(TaskState)
                0x00000000c0016304                waitTask(int, int*, int)
                0x00000000c0016348                milliTenthSleepUntil(unsigned int)
                0x00000000c00163e8                milliTenthSleep(unsigned int)
                0x00000000c00163fc                sleep(unsigned int)
                0x00000000c0016418                Semaphore::acquire()
                0x00000000c00164e0                taskReturned
                0x00000000c0016524                Thr::processFromPID(int)
                0x00000000c00165d0                unblockTask(ThreadControlBlock*)
                0x00000000c001667c                cleanupTerminatedTask(ThreadControlBlock*)
                0x00000000c0016950                cleanerTaskFunction(void*)
                0x00000000c0016a58                terminateTask(int)
                0x00000000c0016b44                Thr::terminateFromIRQ(int)
                0x00000000c0016b54                Semaphore::release()
 .text          0x00000000c0016c9d      0xc27 vm86/vm8086.32
                0x00000000c0016c9d                Vm::inbv(unsigned short)
                0x00000000c0016cb0                Vm::outbv(unsigned short, unsigned char)
                0x00000000c0016ce6                Vm::realToLinear(unsigned short, unsigned short)
                0x00000000c0016cf6                Vm::getSegment(unsigned int)
                0x00000000c0016cfe                Vm::getOffset(unsigned int)
                0x00000000c0016d03                Vm::mainloop2()
                0x00000000c0016d3d                Vm::mainVm8086Loop(void*)
                0x00000000c0016d4d                Vm::mainloop3(unsigned long)
                0x00000000c0016d73                Vm::initialise8086()
                0x00000000c0016db6                Vm::finish8086()
                0x00000000c0016e17                Vm::getOutput8086(unsigned char*)
                0x00000000c0016e3c                Vm::start8086FromBuffer(unsigned char*, int, unsigned short, unsigned short, unsigned short, unsigned short)
                0x00000000c0016ef5                Vm::start8086(char const*, unsigned short, unsigned short, unsigned short, unsigned short)
                0x00000000c0017093                Vm::doISR(regs*, int, unsigned char*, unsigned short, unsigned short)
                0x00000000c001712c                Vm::readByteFromReal(unsigned short, unsigned short)
                0x00000000c001713d                Vm::readWordFromReal(unsigned short, unsigned short)
                0x00000000c001714f                Vm::readDwordFromReal(unsigned short, unsigned short)
                0x00000000c0017160                Vm::writeByteFromReal(unsigned short, unsigned short, unsigned char)
                0x00000000c0017175                Vm::writeWordFromReal(unsigned short, unsigned short, unsigned short)
                0x00000000c001718b                Vm::writeDwordFromReal(unsigned short, unsigned short, unsigned int)
                0x00000000c00171a0                Vm::faultHandler(regs*)
 .text          0x00000000c00178c4      0xaf0 arch/i386/hal.32
                0x00000000c00178c4                noCopro(unsigned long)
                0x00000000c00178c5                nmiHandler(regs*, void*)
                0x00000000c00178de                doubleFault(regs*, void*)
                0x00000000c00178f7                displayDebugInfo(regs*)
                0x00000000c0017c7c                HalSystemIdle()
                0x00000000c0017cf8                displayProgramFault(char const*)
                0x00000000c0017d44                gpFault(regs*, void*)
                0x00000000c0017dab                pgFault(regs*, void*)
                0x00000000c0017e34                otherISRHandler(regs*, void*)
                0x00000000c0017e68                opcodeFault(regs*, void*)
                0x00000000c0017eeb                i386SaveCoprocessor(void*)
                0x00000000c0017eff                i386LoadCoprocessor(void*)
                0x00000000c0017f13                x87EmulHandler(regs*, void*)
                0x00000000c0017fb0                HalInitialiseCoprocessor()
                0x00000000c001805e                HalPanic(char const*)
                0x00000000c0018172                HalQueryPerformanceCounter()
                0x00000000c001818d                HalInitialise()
                0x00000000c0018343                HalMakeBeep(int)
                0x00000000c001837d                HalGetRand()
                0x00000000c0018380                HalEndOfInterrupt(int)
                0x00000000c00183b1                HalRestart()
                0x00000000c00183b2                HalShutdown()
                0x00000000c00183b3                HalSleep()
 .text          0x00000000c00183b4      0x2dc arch/i386/pic.32
                0x00000000c00183b4                picIoWait()
                0x00000000c00183bc                picDisable()
                0x00000000c00183f0                picGetIRQReg(int)
                0x00000000c001846c                picOpen()
                0x00000000c00185f0                picEOI(int)
 .text          0x00000000c0018690      0x674 arch/i386/rtc.32
                0x00000000c0018690                RTC::open(int, int, void*)
                0x00000000c0018694                RTC::close(int, int, void*)
                0x00000000c0018698                RTC::timeInSecondsUTC()
                0x00000000c00186aa                RTC::timeInDatetimeUTC()
                0x00000000c00186d0                RTC::setTimeInSecondsUTC(unsigned long long)
                0x00000000c001870e                RTC::~RTC()
                0x00000000c001870e                RTC::~RTC()
                0x00000000c0018732                RTC::~RTC()
                0x00000000c001875c                RTC::get_update_in_progress_flag()
                0x00000000c0018776                RTC::completeRTCRefresh()
                0x00000000c0018a56                RTC::setTimeInDatetimeUTC(datetime_t)
                0x00000000c0018c04                rtcIRQHandler(regs*, void*)
                0x00000000c0018c4a                RTC::RTC()
                0x00000000c0018c4a                RTC::RTC()
 .text          0x00000000c0018d04      0x1f4 arch/i386/vga.32
                0x00000000c0018d04                HalConsoleScroll(int, int)
                0x00000000c0018e0c                HalConsoleWriteCharacter(char, int, int, int, int)
                0x00000000c0018e70                HalConsoleCursorUpdate(int, int)
 .text          0x00000000c0018ef8     0x14cf fs/fat/vfslink.32
                0x00000000c0018ef8                FAT::getName()
                0x00000000c0018f00                FAT::tell(void*, unsigned long long*)
                0x00000000c0018f3c                FAT::stat(void*, unsigned long long*)
                0x00000000c0018f78                FAT::~FAT()
                0x00000000c0018f78                FAT::~FAT()
                0x00000000c0018f9c                FAT::~FAT()
                0x00000000c0018fc4                FAT::getlabel(LogicalDisk*, int, char*, unsigned int*)
                0x00000000c0019068                FAT::setlabel(LogicalDisk*, int, char*)
                0x00000000c001912c                FAT::format(LogicalDisk*, int, char const*, int)
                0x00000000c0019310                FAT::tryMount(LogicalDisk*, int)
                0x00000000c001952c                FAT::allocateSwapfile(char const*, int)
                0x00000000c00196ec                FAT::readDir(void*, unsigned long, void*, int*)
                0x00000000c001985c                FAT::read(void*, unsigned long, void*, int*)
                0x00000000c00198bc                FAT::write(void*, unsigned long, void*, int*)
                0x00000000c001991c                FAT::close(void*)
                0x00000000c0019970                FAT::closeDir(void*)
                0x00000000c00199c4                FAT::truncate(void*, unsigned long long)
                0x00000000c0019a30                FAT::seek(void*, unsigned long long)
                0x00000000c0019a88                fatWrapperReadDisk
                0x00000000c0019ac8                fatWrapperWriteDisk
                0x00000000c0019b08                fatWrapperIoctl
                0x00000000c0019c24                FAT::FAT()
                0x00000000c0019c24                FAT::FAT()
                0x00000000c0019c7c                FAT::fixFilepath(char*)
                0x00000000c0019cbc                FAT::open(char const*, void**, FileOpenMode)
                0x00000000c0019e30                FAT::openDir(char const*, void**)
                0x00000000c0019ee0                FAT::stat(char const*, unsigned long long*, bool*)
                0x00000000c0019fd8                FAT::unlink(char const*)
                0x00000000c001a058                FAT::chfatattr(char const*, unsigned char, unsigned char)
                0x00000000c001a20c                FAT::rename(char const*, char const*)
                0x00000000c001a2d8                FAT::mkdir(char const*)
                0x00000000c001a358                FAT::exists(char const*)
 *fill*         0x00000000c001a3c7        0x1 
 .text          0x00000000c001a3c8       0x94 fs/iso9660/helper.32
                0x00000000c001a3c8                isoReadDiscSectorHelper
                0x00000000c001a424                iso_kprintf
                0x00000000c001a440                iso_kprintfd
 .text          0x00000000c001a45c      0x71c fs/iso9660/vfslink.32
                0x00000000c001a45c                ISO9660::format(LogicalDisk*, int, char const*, int)
                0x00000000c001a462                ISO9660::truncate(void*, unsigned long long)
                0x00000000c001a468                ISO9660::getName()
                0x00000000c001a46e                ISO9660::closeDir(void*)
                0x00000000c001a478                ISO9660::chfatattr(char const*, unsigned char, unsigned char)
                0x00000000c001a47e                ISO9660::unlink(char const*)
                0x00000000c001a484                ISO9660::write(void*, unsigned long, void*, int*)
                0x00000000c001a48a                ISO9660::rename(char const*, char const*)
                0x00000000c001a490                ISO9660::mkdir(char const*)
                0x00000000c001a496                ISO9660::~ISO9660()
                0x00000000c001a496                ISO9660::~ISO9660()
                0x00000000c001a4ba                ISO9660::~ISO9660()
                0x00000000c001a4e2                ISO9660::exists(char const*)
                0x00000000c001a4f6                ISO9660::open(char const*, void**, FileOpenMode)
                0x00000000c001a5dc                ISO9660::read(void*, unsigned long, void*, int*)
                0x00000000c001a624                ISO9660::seek(void*, unsigned long long)
                0x00000000c001a666                ISO9660::tell(void*, unsigned long long*)
                0x00000000c001a6a4                ISO9660::stat(void*, unsigned long long*)
                0x00000000c001a6f6                ISO9660::stat(char const*, unsigned long long*, bool*)
                0x00000000c001a838                ISO9660::close(void*)
                0x00000000c001a868                ISO9660::openDir(char const*, void**)
                0x00000000c001a942                ISO9660::readDir(void*, unsigned long, void*, int*)
                0x00000000c001aa5f                readSectorFromCDROM(unsigned int, unsigned char*, char)
                0x00000000c001aade                ISO9660::tryMount(LogicalDisk*, int)
                0x00000000c001ab50                ISO9660::ISO9660()
                0x00000000c001ab50                ISO9660::ISO9660()
 .text          0x00000000c001ab78      0x26c hal/sound/sndcard.32
                0x00000000c001ab78                SoundCard::beginPlayback()
                0x00000000c001ab86                SoundCard::stopPlayback()
                0x00000000c001ab94                SoundCard::SoundCard(char const*)
                0x00000000c001ab94                SoundCard::SoundCard(char const*)
                0x00000000c001ac32                SoundCard::~SoundCard()
                0x00000000c001ac32                SoundCard::~SoundCard()
                0x00000000c001ac56                SoundCard::~SoundCard()
                0x00000000c001ac80                SoundCard::configureRates(int, int, int)
                0x00000000c001acb0                SoundCard::getSamples16(int, short*)
                0x00000000c001ad0c                SoundCard::getSamples32(int, int*)
                0x00000000c001ad92                SoundCard::addChannel(SoundPort*)
                0x00000000c001add0                SoundCard::removeChannel(int)
 .text          0x00000000c001ade4      0x38a hal/sound/sndport.32
                0x00000000c001ade4                SoundPort::SoundPort(int, int, int, int)
                0x00000000c001ade4                SoundPort::SoundPort(int, int, int, int)
                0x00000000c001ae70                SoundPort::~SoundPort()
                0x00000000c001ae70                SoundPort::~SoundPort()
                0x00000000c001aea4                SoundPort::unpause()
                0x00000000c001aeb0                SoundPort::pause()
                0x00000000c001aebc                SoundPort::getBufferUsed()
                0x00000000c001aec4                SoundPort::getBufferSize()
                0x00000000c001aecc                SoundPort::buffer16(short*, int)
                0x00000000c001af58                SoundPort::buffer32(int*, int)
                0x00000000c001afe4                SoundPort::unbufferAndAdd16(int, short*, SoundCard*)
                0x00000000c001b0b0                SoundPort::unbufferAndAdd32(int, int*, SoundCard*)
 .text          0x00000000c001b16e        0x0 hw/bus/isa.32
 .text          0x00000000c001b16e      0xbb7 hw/bus/pci.32
                0x00000000c001b16e                PCI::open(int, int, void*)
                0x00000000c001b18c                PCI::close(int, int, void*)
                0x00000000c001b190                PCI::PCI()
                0x00000000c001b190                PCI::PCI()
                0x00000000c001b228                PCI::readBAR8(unsigned int, int)
                0x00000000c001b244                PCI::readBAR16(unsigned int, int)
                0x00000000c001b262                PCI::readBAR32(unsigned int, int)
                0x00000000c001b27e                PCI::writeBAR8(unsigned int, unsigned char, int)
                0x00000000c001b29e                PCI::writeBAR16(unsigned int, unsigned short, int)
                0x00000000c001b2c0                PCI::writeBAR32(unsigned int, unsigned int, int)
                0x00000000c001b2e0                PCI::legacyMechanism(unsigned char, unsigned char, unsigned char, unsigned char)
                0x00000000c001b356                PCI::pciReadWord(unsigned char, unsigned char, unsigned char, unsigned char)
                0x00000000c001b400                PCI::getVendorID(unsigned char, unsigned char, unsigned char)
                0x00000000c001b424                PCI::getHeaderType(unsigned char, unsigned char, unsigned char)
                0x00000000c001b44c                PCI::getClassCode(unsigned char, unsigned char, unsigned char)
                0x00000000c001b496                PCI::getProgIF(unsigned char, unsigned char, unsigned char)
                0x00000000c001b4be                PCI::getRevisionID(unsigned char, unsigned char, unsigned char)
                0x00000000c001b4e2                PCI::getInterruptNumber(unsigned char, unsigned char, unsigned char)
                0x00000000c001b506                PCI::getSecondaryBus(unsigned char, unsigned char, unsigned char)
                0x00000000c001b52e                PCI::getBARAddress(unsigned char, unsigned char, unsigned char, unsigned char)
                0x00000000c001b592                PCI::pciWriteWord(unsigned char, unsigned char, unsigned char, unsigned char, unsigned short)
                0x00000000c001b67a                PCI::pciDetailsToFilepath(PCIDeviceInfo, char*)
                0x00000000c001b940                PCI::checkBus(unsigned char)
                0x00000000c001b964                PCI::foundDevice(PCIDeviceInfo)
                0x00000000c001bade                PCI::getDeviceData(unsigned char, unsigned char, unsigned char)
                0x00000000c001bc5a                PCI::checkDevice(unsigned char, unsigned char)
                0x00000000c001bccc                PCI::detect()
 *fill*         0x00000000c001bd25        0x1 
 .text          0x00000000c001bd26      0xb9a hw/diskctrl/ide.32
                0x00000000c001bd26                IDE::close(int, int, void*)
                0x00000000c001bd2a                IDE::IDE()
                0x00000000c001bd2a                IDE::IDE()
                0x00000000c001bd5e                IDE::prepareInterrupt(unsigned char)
                0x00000000c001bd70                selectDrive(unsigned char, unsigned char)
                0x00000000c001bd72                IDE::getBase(unsigned char)
                0x00000000c001bd84                IDE::write(unsigned char, unsigned char, unsigned char)
                0x00000000c001be44                IDE::read(unsigned char, unsigned char)
                0x00000000c001bef2                IDE::waitInterrupt(unsigned char)
                0x00000000c001bf54                ideChannel0IRQHandler(regs*, void*)
                0x00000000c001bf70                ideChannel1IRQHandler(regs*, void*)
                0x00000000c001bf8c                IDE::enableIRQs(unsigned char, bool)
                0x00000000c001bfd6                IDE::open(int, int, void*)
                0x00000000c001c414                IDE::readBuffer(unsigned char, unsigned char, unsigned int, unsigned int)
                0x00000000c001c4e4                IDE::detect()
                0x00000000c001c7b2                IDE::printError(unsigned char, unsigned char, unsigned char)
                0x00000000c001c86c                IDE::polling(unsigned char, unsigned int)
 .text          0x00000000c001c8c0      0x32a hw/diskctrl/satabus.32
                0x00000000c001c8c0                SATABus::close(int, int, void*)
                0x00000000c001c8c4                SATABus::detect()
                0x00000000c001c8c6                SATABus::SATABus()
                0x00000000c001c8c6                SATABus::SATABus()
                0x00000000c001c94c                SATABus::findCmdslot(SATABus::tagHBA_PORT volatile*)
                0x00000000c001c97e                SATABus::checkType(SATABus::tagHBA_PORT volatile*)
                0x00000000c001c9c6                SATABus::startCmd(SATABus::tagHBA_PORT volatile*)
                0x00000000c001c9e6                SATABus::stopCmd(SATABus::tagHBA_PORT volatile*)
                0x00000000c001ca10                SATABus::portRebase(SATABus::tagHBA_PORT volatile*, int)
                0x00000000c001cb20                SATABus::probePort(SATABus::tagHBA_MEM volatile*)
                0x00000000c001cbca                SATABus::open(int, int, void*)
 .text          0x00000000c001cbea      0x93f hw/diskphys/ata.32
                0x00000000c001cbea                ATA::close(int, int, void*)
                0x00000000c001cc0e                ATA::powerSaving(PowerSavingLevel)
                0x00000000c001cc10                ATA::ATA()
                0x00000000c001cc10                ATA::ATA()
                0x00000000c001cc3e                ATA::flush(bool)
                0x00000000c001cc8c                ATA::readyForCommand()
                0x00000000c001ccd8                ATA::access(unsigned long long, int, void*, bool)
                0x00000000c001d06e                ATA::detectCHS()
                0x00000000c001d098                ATA::open(int, int, void*)
                0x00000000c001d164                combineCharAndColour(char, unsigned char)
                0x00000000c001d175                combineColours(unsigned char, unsigned char)
                0x00000000c001d182                ATA::read(unsigned long long, int, void*)
                0x00000000c001d358                ATA::write(unsigned long long, int, void*)
 *fill*         0x00000000c001d529        0x1 
 .text          0x00000000c001d52a      0x618 hw/diskphys/atapi.32
                0x00000000c001d52a                ATAPI::write(unsigned long long, int, void*)
                0x00000000c001d530                ATAPI::close(int, int, void*)
                0x00000000c001d554                ATAPI::ATAPI()
                0x00000000c001d554                ATAPI::ATAPI()
                0x00000000c001d582                ATAPI::readyForCommand()
                0x00000000c001d5d4                ATAPI::sendPacket(unsigned char*, int, bool, unsigned short*, int)
                0x00000000c001d89c                ATAPI::diskRemoved()
                0x00000000c001d8d6                ATAPI::eject()
                0x00000000c001d91e                ATAPI::diskInserted()
                0x00000000c001d92a                ATAPI::detectMedia()
                0x00000000c001d9e8                ATAPI::open(int, int, void*)
                0x00000000c001dac8                ATAPI::read(unsigned long long, int, void*)
 .text          0x00000000c001db42      0x807 hw/diskphys/sata.32
                0x00000000c001db42                SATA::close(int, int, void*)
                0x00000000c001db66                SATA::powerSaving(PowerSavingLevel)
                0x00000000c001db68                SATA::open(int, int, void*)
                0x00000000c001dc12                SATA::SATA()
                0x00000000c001dc12                SATA::SATA()
                0x00000000c001dc40                SATA::access(unsigned long long, int, void*, bool)
                0x00000000c001de94                SATA::read(unsigned long long, int, void*)
                0x00000000c001e0e4                SATA::write(unsigned long long, int, void*)
 *fill*         0x00000000c001e349        0x1 
 .text          0x00000000c001e34a      0x5d0 hw/diskphys/satapi.32
                0x00000000c001e34a                SATAPI::write(unsigned long long, int, void*)
                0x00000000c001e350                SATAPI::close(int, int, void*)
                0x00000000c001e374                SATAPI::SATAPI()
                0x00000000c001e374                SATAPI::SATAPI()
                0x00000000c001e3a2                SATAPI::diskRemoved()
                0x00000000c001e3a4                SATAPI::diskInserted()
                0x00000000c001e3c0                SATAPI::sendPacket(unsigned char*, int, unsigned long long, unsigned short*, int)
                0x00000000c001e69e                SATAPI::eject()
                0x00000000c001e6da                SATAPI::detectMedia()
                0x00000000c001e730                SATAPI::open(int, int, void*)
                0x00000000c001e830                SATAPI::read(unsigned long long, int, void*)
 .text          0x00000000c001e91a      0x45b hw/intctrl/apic.32
                0x00000000c001e91a                IOAPIC::close(int, int, void*)
                0x00000000c001e920                apicGetBase()
                0x00000000c001e966                IOAPIC::IOAPIC()
                0x00000000c001e966                IOAPIC::IOAPIC()
                0x00000000c001e98e                apicOpen()
                0x00000000c001eb0a                IOAPIC::handlesGSIWithNumber(unsigned int)
                0x00000000c001eb3c                IOAPIC::read(int)
                0x00000000c001eb64                IOAPIC::open(int, int, void*)
                0x00000000c001ec4a                IOAPIC::write(int, int)
                0x00000000c001ec76                IOAPIC::redirect(unsigned char, unsigned long long, unsigned char, bool, bool)
 *fill*         0x00000000c001ed75        0x3 
 .text          0x00000000c001ed78       0xf0 hw/timer/apictimer.32
                0x00000000c001ed78                APICTimer::close(int, int, void*)
                0x00000000c001ed80                apicTimerHandler(regs*, void*)
                0x00000000c001eda8                APICTimer::open(int, int, void*)
                0x00000000c001ee18                APICTimer::write(int)
                0x00000000c001ee40                APICTimer::APICTimer()
                0x00000000c001ee40                APICTimer::APICTimer()
 .text          0x00000000c001ee68      0x1ad hw/timer/pit.32
                0x00000000c001ee68                PIT::write(int)
                0x00000000c001eeec                pitHandler(regs*, void*)
                0x00000000c001ef14                PIT::open(int, int, void*)
                0x00000000c001ef64                PIT::close(int, int, void*)
                0x00000000c001ef94                PIT::PIT()
                0x00000000c001ef94                PIT::PIT()
 *fill*         0x00000000c001f015        0xb 
 .text          0x00000000c001f020       0x83 arch/i386/avx.32
                0x00000000c001f020                avxDetect
                0x00000000c001f04a                avxSave
                0x00000000c001f05b                avxLoad
                0x00000000c001f06c                avxInit
                0x00000000c001f08e                avxClose
                0x00000000c001f08f                wouldSheSayYes
 *fill*         0x00000000c001f0a3        0xd 
 .text          0x00000000c001f0b0      0x2ec arch/i386/interrupt.32
                0x00000000c001f0b0                isr0
                0x00000000c001f0c0                isr1
                0x00000000c001f0ca                isr2
                0x00000000c001f0d4                isr3
                0x00000000c001f0de                isr4
                0x00000000c001f0e8                isr5
                0x00000000c001f0f2                isr6
                0x00000000c001f0fc                isr7
                0x00000000c001f106                isr8
                0x00000000c001f10e                isr9
                0x00000000c001f118                isr10
                0x00000000c001f120                isr11
                0x00000000c001f128                isr12
                0x00000000c001f130                isr13
                0x00000000c001f14a                isr14
                0x00000000c001f152                isr15
                0x00000000c001f15c                isr16
                0x00000000c001f166                isr17
                0x00000000c001f170                isr18
                0x00000000c001f17a                irq3
                0x00000000c001f184                irq4
                0x00000000c001f18e                irq5
                0x00000000c001f198                irq6
                0x00000000c001f1a2                irq7
                0x00000000c001f1ac                irq8
                0x00000000c001f1b6                irq9
                0x00000000c001f1c0                irq10
                0x00000000c001f1ca                irq11
                0x00000000c001f1d4                irq12
                0x00000000c001f1de                irq13
                0x00000000c001f1e8                irq14
                0x00000000c001f1f2                irq15
                0x00000000c001f1fc                irq1
                0x00000000c001f203                irq2