Archive member included to satisfy reference by file (symbol)

/cygdrive/d/Users/Alex/Desktop/Toolchain/Output/bin/../lib/gcc/i386-banana/8.1.0/libkgcc.a(_divdi3.o)
                              compat/resolve.32 (__divdi3)
/cygdrive/d/Users/Alex/Desktop/Toolchain/Output/bin/../lib/gcc/i386-banana/8.1.0/libkgcc.a(_moddi3.o)
                              compat/resolve.32 (__moddi3)
/cygdrive/d/Users/Alex/Desktop/Toolchain/Output/bin/../lib/gcc/i386-banana/8.1.0/libkgcc.a(_udivdi3.o)
                              compat/resolve.32 (__udivdi3)
/cygdrive/d/Users/Alex/Desktop/Toolchain/Output/bin/../lib/gcc/i386-banana/8.1.0/libkgcc.a(_umoddi3.o)
                              compat/resolve.32 (__umoddi3)

Allocating common symbols
Common symbol       size              file

dcache              0x40              fs/iso9660/iso9660.32
cdDriveLetter       0x1               fs/iso9660/iso9660.32
icache              0x40              fs/iso9660/iso9660.32

Discarded input sections

 .comment       0x0000000000000000       0x12 /cygdrive/d/Users/Alex/Desktop/Toolchain/Output/bin/../lib/gcc/i386-banana/8.1.0/crtbegin.o
 .comment       0x0000000000000000       0x12 acpica/utclib.32
 .comment       0x0000000000000000       0x12 core/malloc.32
 .comment       0x0000000000000000       0x12 libk/ctype.32
 .comment       0x0000000000000000       0x12 libk/string.32
 .comment       0x0000000000000000       0x12 fs/fat/diskio.32
 .comment       0x0000000000000000       0x12 fs/fat/ff.32
 .comment       0x0000000000000000       0x12 fs/fat/ffsystem.32
 .comment       0x0000000000000000       0x12 fs/fat/ffunicode.32
 .comment       0x0000000000000000       0x12 fs/iso9660/iso9660.32
 .comment       0x0000000000000000       0x12 compat/inlines.32
 .comment       0x0000000000000000       0x12 compat/resolve.32
 .group         0x0000000000000000       0x14 core/computer.32
 .group         0x0000000000000000        0xc core/computer.32
 .comment       0x0000000000000000       0x12 core/computer.32
 .comment       0x0000000000000000       0x12 core/gdt.32
 .group         0x0000000000000000        0xc core/idle.32
 .comment       0x0000000000000000       0x12 core/idle.32
 .comment       0x0000000000000000       0x12 core/idt.32
 .comment       0x0000000000000000       0x12 core/kheap.32
 .comment       0x0000000000000000       0x12 core/main.32
 .comment       0x0000000000000000       0x12 core/physmgr.32
 .group         0x0000000000000000        0xc core/pipe.32
 .comment       0x0000000000000000       0x12 core/pipe.32
 .group         0x0000000000000000        0xc core/terminal.32
 .comment       0x0000000000000000       0x12 core/terminal.32
 .comment       0x0000000000000000       0x12 core/tss.32
 .group         0x0000000000000000        0x8 core/unixfile.32
 .group         0x0000000000000000        0x8 core/unixfile.32
 .group         0x0000000000000000        0xc core/unixfile.32
 .group         0x0000000000000000        0x8 core/unixfile.32
 .group         0x0000000000000000        0xc core/unixfile.32
 .group         0x0000000000000000        0x8 core/unixfile.32
 .group         0x0000000000000000        0xc core/unixfile.32
 .group         0x0000000000000000        0xc core/unixfile.32
 .comment       0x0000000000000000       0x12 core/unixfile.32
 .comment       0x0000000000000000       0x12 core/virtmgr.32
 .comment       0x0000000000000000       0x12 coreobjs/c++.32
 .comment       0x0000000000000000       0x12 dbg/kconsole.32
 .group         0x0000000000000000        0xc fs/vfs.32
 .group         0x0000000000000000        0xc fs/vfs.32
 .group         0x0000000000000000        0xc fs/vfs.32
 .comment       0x0000000000000000       0x12 fs/vfs.32
 .group         0x0000000000000000        0xc hal/bus.32
 .comment       0x0000000000000000       0x12 hal/bus.32
 .comment       0x0000000000000000       0x12 hal/buzzer.32
 .group         0x0000000000000000        0xc hal/clock.32
 .comment       0x0000000000000000       0x12 hal/clock.32
 .group         0x0000000000000000       0x14 hal/device.32
 .group         0x0000000000000000        0xc hal/device.32
 .group         0x0000000000000000        0x8 hal/device.32
 .group         0x0000000000000000        0xc hal/device.32
 .group         0x0000000000000000        0xc hal/device.32
 .comment       0x0000000000000000       0x12 hal/device.32
 .group         0x0000000000000000        0xc hal/diskctrl.32
 .comment       0x0000000000000000       0x12 hal/diskctrl.32
 .group         0x0000000000000000        0xc hal/diskphys.32
 .comment       0x0000000000000000       0x12 hal/diskphys.32
 .comment       0x0000000000000000       0x12 hal/fpu.32
 .comment       0x0000000000000000       0x12 hal/intctrl.32
 .group         0x0000000000000000        0xc hal/keybrd.32
 .comment       0x0000000000000000       0x12 hal/keybrd.32
 .group         0x0000000000000000        0xc hal/logidisk.32
 .comment       0x0000000000000000       0x12 hal/logidisk.32
[...]
Memory Configuration

Name             Origin             Length             Attributes
*default*        0x0000000000000000 0xffffffffffffffff

Linker script and memory map

LOAD D:/Users/Alex/Desktop/Banana/kernel/boot.32
LOAD crti.32
LOAD /cygdrive/d/Users/Alex/Desktop/Toolchain/Output/bin/../lib/gcc/i386-banana/8.1.0/crtbegin.o
LOAD D:/Users/Alex/Desktop/Banana/kernel/morenasm.32
LOAD acpica/utclib.32
LOAD core/malloc.32
LOAD libk/ctype.32
LOAD libk/string.32
LOAD fs/fat/diskio.32
LOAD fs/fat/ff.32
LOAD fs/fat/ffsystem.32
LOAD fs/fat/ffunicode.32
LOAD fs/iso9660/iso9660.32
LOAD compat/inlines.32
LOAD compat/resolve.32
LOAD core/computer.32
LOAD core/gdt.32
LOAD core/idle.32
LOAD core/idt.32
LOAD core/kheap.32
LOAD core/main.32
LOAD core/physmgr.32
LOAD core/pipe.32
LOAD core/terminal.32
LOAD core/tss.32
LOAD core/unixfile.32
LOAD core/virtmgr.32
LOAD coreobjs/c++.32
LOAD dbg/kconsole.32
LOAD fs/vfs.32
LOAD hal/bus.32
LOAD hal/buzzer.32
LOAD hal/clock.32
LOAD hal/device.32
LOAD hal/diskctrl.32
LOAD hal/diskphys.32
LOAD hal/fpu.32
LOAD hal/intctrl.32
LOAD hal/keybrd.32
LOAD hal/logidisk.32
LOAD hal/mouse.32
LOAD hal/partition.32
LOAD hal/serial.32
LOAD hal/timer.32
LOAD hal/vcache.32
LOAD hal/video.32
LOAD hw/acpi.32
LOAD hw/cpu.32
LOAD krnl/env.32
LOAD krnl/panic.32
LOAD krnl/powctrl.32
LOAD reg/registry.32
LOAD sys/sc_eject.32
LOAD sys/sc_exit.32
LOAD sys/sc_getcwd.32
LOAD sys/sc_getpid.32
LOAD sys/sc_getramdata.32
LOAD sys/sc_getvgaptr.32
LOAD sys/sc_loaddll.32
LOAD sys/sc_read.32
LOAD sys/sc_sbrk.32
LOAD sys/sc_setcwd.32
LOAD sys/sc_settime.32
LOAD sys/sc_timezone.32
LOAD sys/sc_write.32
LOAD sys/sc_wsbe.32
LOAD sys/sc_yield.32
LOAD sys/syscalls.32
LOAD thr/elf.32
LOAD thr/prcssthr.32
LOAD vm86/vm8086.32
LOAD arch/i386/hal.32
LOAD arch/i386/pic.32
LOAD arch/i386/rtc.32
LOAD arch/i386/vga.32
LOAD fs/fat/vfslink.32
LOAD fs/iso9660/helper.32
LOAD fs/iso9660/vfslink.32
LOAD hal/sound/sndcard.32
LOAD hal/sound/sndport.32
LOAD hw/bus/isa.32
LOAD hw/bus/pci.32
LOAD hw/diskctrl/ide.32
LOAD hw/diskctrl/satabus.32
LOAD hw/diskphys/ata.32
LOAD hw/diskphys/atapi.32
LOAD hw/diskphys/sata.32
LOAD hw/diskphys/satapi.32
LOAD hw/intctrl/apic.32
LOAD hw/timer/apictimer.32
LOAD hw/timer/pit.32
LOAD arch/i386/avx.32
LOAD arch/i386/interrupt.32
LOAD arch/i386/rdrand.32
LOAD arch/i386/sse.32
LOAD arch/i386/x87.32
LOAD /cygdrive/d/Users/Alex/Desktop/Toolchain/Output/bin/../lib/gcc/i386-banana/8.1.0/crtend.o
LOAD crtn.32
LOAD /cygdrive/d/Users/Alex/Desktop/Toolchain/Output/bin/../lib/gcc/i386-banana/8.1.0/libkgcc.a
LOAD D:/Users/Alex/Desktop/Banana/kernel/libsoftfp.a
LOAD D:/Users/Alex/Desktop/Banana/kernel/libk/libm32.a
                0x00000000c0000000                . = 0xc0000000

.text           0x00000000c0000000    0x1c38a
 *(.text)
 .text          0x00000000c0000000       0x41 D:/Users/Alex/Desktop/Banana/kernel/boot.32
                0x00000000c0000020                callGlobalConstructors
 .text          0x00000000c0000041        0x0 crti.32
 *fill*         0x00000000c0000041        0x3 
 .text          0x00000000c0000044      0x101 /cygdrive/d/Users/Alex/Desktop/Toolchain/Output/bin/../lib/gcc/i386-banana/8.1.0/crtbegin.o
 *fill*         0x00000000c0000145        0xb 
 .text          0x00000000c0000150      0x252 D:/Users/Alex/Desktop/Banana/kernel/morenasm.32
                0x00000000c0000150                manualPCIProbe
                0x00000000c000019b                prepareTramp
                0x00000000c00001b4                doTPAUSE
                0x00000000c00001be                hasLegacyFPU
                0x00000000c00001e3                is486
                0x00000000c0000219                detectCPUID
                0x00000000c000022f                goToVM86
                0x00000000c000025f                goToUsermode
                0x00000000c0000289                switchToThreadASMFirstTime
                0x00000000c0000297                switchToThreadASM
                0x00000000c000031f                asmQuickAcquireLock
                0x00000000c000033d                asmQuickReleaseLock
                0x00000000c0000349                asmAcquireLock
                0x00000000c000036a                asmReleaseLock
                0x00000000c000037d                loadGDT
                0x00000000c000039d                memcpy
 *fill*         0x00000000c00003a2        0xe 
 .text          0x00000000c00003b0      0x79e acpica/utclib.32
                0x00000000c00003b0                memcmp
                0x00000000c0000400                memmove
                0x00000000c00004f0                memset
                0x00000000c0000560                strlen
                0x00000000c0000590                strpbrk
                0x00000000c00005d0                strtok
                0x00000000c0000620                strcpy
                0x00000000c0000650                strncpy
                0x00000000c0000700                strcmp
                0x00000000c0000750                strchr
                0x00000000c0000780                strncmp
                0x00000000c00007e0                strcat
                0x00000000c0000810                strncat
                0x00000000c0000870                strstr
                0x00000000c00008d0                toupper
                0x00000000c00008f0                tolower
                0x00000000c0000910                simple_strtoul
 .text          0x00000000c0000b4e      0xfad core/malloc.32
                0x00000000c0000cb9                dlfree
                0x00000000c0001014                dlmalloc
                0x00000000c0001551                dlrealloc
                0x00000000c00016f4                dlmemalign
                0x00000000c0001817                dlcalloc
                0x00000000c00018b1                dlcfree
                0x00000000c00018b6                dlindependent_calloc
                0x00000000c00018db                dlindependent_comalloc
                0x00000000c00018f2                dlvalloc
                0x00000000c000191d                dlpvalloc
                0x00000000c0001953                dlmalloc_trim
                0x00000000c0001960                dlmalloc_usable_size
                0x00000000c0001991                dlmallinfo
                0x00000000c0001a60                dlmalloc_stats
                0x00000000c0001a71                dlmallopt
 *fill*         0x00000000c0001afb        0x1 
 .text          0x00000000c0001afc      0x1f2 libk/ctype.32
                0x00000000c0001afc                isblank
                0x00000000c0001b1c                iscntrl
                0x00000000c0001b3c                isdigit
                0x00000000c0001b58                islower
                0x00000000c0001b74                isspace
                0x00000000c0001b9c                isupper
                0x00000000c0001bb8                isalpha
                0x00000000c0001be8                isalnum
                0x00000000c0001c18                ispunct
                0x00000000c0001c58                isgraph
                0x00000000c0001c88                isprint
                0x00000000c0001cb0                isxdigit
 .text          0x00000000c0001cee        0x0 libk/string.32
 .text          0x00000000c0001cee       0x51 fs/fat/diskio.32
                0x00000000c0001cee                disk_status
                0x00000000c0001cf1                disk_initialize
                0x00000000c0001cf4                disk_read
                0x00000000c0001d0a                disk_write
                0x00000000c0001d20                disk_ioctl
 .text          0x00000000c0001d3f     0x3d4b fs/fat/ff.32
                0x00000000c0003adb                f_mount
                0x00000000c0003b3d                f_open
                0x00000000c0003e08                f_read
                0x00000000c0004007                f_write
                0x00000000c000423b                f_sync
                0x00000000c00042f0                f_close
                0x00000000c000431f                f_lseek
                0x00000000c00044c6                f_opendir
                0x00000000c0004591                f_closedir
                0x00000000c00045b3                f_readdir
                0x00000000c0004645                f_stat
                0x00000000c00046c4                f_getfree
                0x00000000c00047c6                f_truncate
                0x00000000c00048aa                f_unlink
                0x00000000c00049cc                f_mkdir
                0x00000000c0004b67                f_rename
                0x00000000c0004d1d                f_chmod
                0x00000000c0004dc6                f_utime
                0x00000000c0004e74                f_getlabel
                0x00000000c0004fc5                f_setlabel
                0x00000000c0005155                f_expand
                0x00000000c00052b5                f_mkfs
 *fill*         0x00000000c0005a8a        0x2 
 .text          0x00000000c0005a8c       0x2f fs/fat/ffsystem.32
                0x00000000c0005a8c                ff_memalloc
                0x00000000c0005aa4                ff_memfree
 *fill*         0x00000000c0005abb        0x1 
 .text          0x00000000c0005abc      0x2a8 fs/fat/ffunicode.32
                0x00000000c0005abc                ff_uni2oem
                0x00000000c0005b5c                ff_oem2uni
                0x00000000c0005bd4                ff_wtoupper
 .text          0x00000000c0005d64     0x1105 fs/iso9660/iso9660.32
                0x00000000c0006064                isoReadDiscSector
                0x00000000c0006145                strnicmp
                0x00000000c00064a8                stricmp
                0x00000000c0006502                iso_open
                0x00000000c00065e2                iso_close
                0x00000000c00065fd                iso_read
                0x00000000c00067fb                iso_seek
                0x00000000c00068d9                iso_tell
                0x00000000c0006936                iso_total
                0x00000000c000697f                fn_postprocess
                0x00000000c0006980                iso_readdir
                0x00000000c0006c42                iso_reset
                0x00000000c0006c52                init_percd
                0x00000000c0006d57                iso_ioctl
                0x00000000c0006d62                fs_iso9660_init
                0x00000000c0006df1                fs_iso9660_shutdown
 .text          0x00000000c0006e69       0x94 compat/inlines.32
                0x00000000c0006e69                CPU::current()
                0x00000000c0006e75                operator new(unsigned long)
                0x00000000c0006e7a                operator delete(void*)
                0x00000000c0006e7f                disableIRQs()
                0x00000000c0006e81                enableIRQs()
                0x00000000c0006e83                lockScheduler()
                0x00000000c0006e8b                unlockScheduler()
                0x00000000c0006e9a                lockStuff()
                0x00000000c0006ea8                unlockStuff()
                0x00000000c0006ee2                Virt::getAKernelVAS()
                0x00000000c0006ee8                __not_memcpy
 *fill*         0x00000000c0006efd        0x3 
 .text          0x00000000c0006f00      0x118 compat/resolve.32
                0x00000000c0006f00                Krnl::resolveCompatibilitySymbol(char*)
 .text          0x00000000c0007018      0x68b core/computer.32
                0x00000000c0007018                Computer::close(int, int, void*)
                0x00000000c000705d                Krnl::firstTask()
                0x00000000c0007196                Computer::Computer()
                0x00000000c0007196                Computer::Computer()
                0x00000000c0007248                Computer::setBootMessage(char const*)
                0x00000000c000724a                Computer::detectFeatures()
                0x00000000c0007454                Computer::displayFeatures()
                0x00000000c0007456                Computer::rdmsr(unsigned int)
                0x00000000c0007482                Computer::wrmsr(unsigned int, unsigned long long)
                0x00000000c00074ba                Computer::shutdown()
                0x00000000c00074d2                Computer::restart()
                0x00000000c00074ea                Computer::sleep()
                0x00000000c00074fe                Computer::nmiEnabled()
                0x00000000c000750a                Computer::readCMOS(unsigned char)
                0x00000000c0007524                Computer::enableNMI(bool)
                0x00000000c000753c                Computer::open(int, int, void*)
                0x00000000c0007610                Computer::disableNMI()
                0x00000000c0007620                Computer::writeCMOS(unsigned char, unsigned char)
                0x00000000c000763e                Computer::handleNMI()
 *fill*         0x00000000c00076a3        0x1 
 .text          0x00000000c00076a4      0x1cf core/gdt.32
                0x00000000c00076a4                GDTEntry::setBase(unsigned int)
                0x00000000c00076c0                GDTEntry::setLimit(unsigned int)
                0x00000000c00076de                GDT::GDT()
                0x00000000c00076de                GDT::GDT()
                0x00000000c00076f4                GDT::addEntry(GDTEntry)
                0x00000000c0007716                GDT::getNumberOfEntries()
                0x00000000c000771e                GDT::flush()
                0x00000000c0007740                GDT::setup()
 .text          0x00000000c0007873       0x19 core/idle.32
                0x00000000c0007873                idleFunction(void*)
 .text          0x00000000c000788c      0x464 core/idt.32
                0x00000000c000788c                IDTEntry::IDTEntry(bool)
                0x00000000c000788c                IDTEntry::IDTEntry(bool)
                0x00000000c00078fe                IDTEntry::setOffset(unsigned int)
                0x00000000c0007914                IDT::IDT()
                0x00000000c0007914                IDT::IDT()
                0x00000000c0007916                IDT::getPointerToInvalidOpcodeEntryForF00F()
                0x00000000c000791e                IDT::addEntry(IDTEntry, int)
                0x00000000c0007938                IDT::addEntry(int, void (*)(), bool)
                0x00000000c0007970                IDT::flush()
                0x00000000c000798a                IDT::setup()
 .text          0x00000000c0007cf0      0x183 core/kheap.32
                0x00000000c0007cf0                sbrk
                0x00000000c0007d85                mmap
                0x00000000c0007d9b                munmap
                0x00000000c0007db1                liballoc_lock()
                0x00000000c0007dbe                liballoc_unlock()
                0x00000000c0007dd2                liballoc_alloc(int)
                0x00000000c0007dea                liballoc_free(void*, int)
                0x00000000c0007e05                realloc
                0x00000000c0007e19                malloc
                0x00000000c0007e29                free
                0x00000000c0007e39                rfree
                0x00000000c0007e49                calloc
 .text          0x00000000c0007e73      0x1b4 core/main.32
                0x00000000c0007e73                Krnl::setBootMessage(char const*)
                0x00000000c0007edf                kernel_main
 .text          0x00000000c0008027      0x5dc core/physmgr.32
                0x00000000c0008027                Phys::allocateDMA(unsigned long)
                0x00000000c00080fe                Phys::freeDMA(unsigned long, unsigned long)
                0x00000000c0008131                Phys::setPageState(unsigned long, bool)
                0x00000000c0008163                Phys::getPageState(unsigned long)
                0x00000000c0008184                Phys::freePage(unsigned long)
                0x00000000c00081e6                Phys::allocatePage()
                0x00000000c00082a4                Phys::allocateContiguousPages(int)
                0x00000000c0008300                Phys::allowSegmentToBeUsed(unsigned long, unsigned long)
                0x00000000c0008338                Phys::physicalMemorySetup(unsigned int)
 *fill*         0x00000000c0008603        0x1 
 .text          0x00000000c0008604      0x273 core/pipe.32
                0x00000000c0008604                Pipe::isAtty()
                0x00000000c0008608                Pipe::~Pipe()
                0x00000000c0008608                Pipe::~Pipe()
                0x00000000c000862c                Pipe::~Pipe()
                0x00000000c0008654                Pipe::write(unsigned long long, void*, int*)
                0x00000000c0008714                Pipe::read(unsigned long long, void*, int*)
                0x00000000c0008810                Pipe::Pipe(int)
                0x00000000c0008810                Pipe::Pipe(int)
 *fill*         0x00000000c0008877        0x1 
 .text          0x00000000c0008878      0xa1e core/terminal.32
                0x00000000c0008878                VgaText::isAtty()
                0x00000000c000887c                VgaText::~VgaText()
                0x00000000c000887c                VgaText::~VgaText()
                0x00000000c00088a0                VgaText::~VgaText()
                0x00000000c00088ca                VgaText::read(unsigned long long, void*, int*)
                0x00000000c00088ea                setTerminalScrollLock(bool)
                0x00000000c00088eb                doTerminalCycle()
                0x00000000c00088ec                addToTerminalCycle(VgaText*)
                0x00000000c00088ed                scrollTerminalScrollLock(int)
                0x00000000c00088ee                VgaText::updateTitle()
                0x00000000c00088f0                VgaText::load()
                0x00000000c00088f2                VgaText::updateCursor()
                0x00000000c0008908                VgaText::doANSI_SGR(int)
                0x00000000c000897c                VgaText::setDefaultBgColour(VgaColour)
                0x00000000c000898c                VgaText::setDefaultFgColour(VgaColour)
                0x00000000c000899c                VgaText::setDefaultColours(VgaColour, VgaColour)
                0x00000000c00089bc                VgaText::setTitleTextColour(VgaColour)
                0x00000000c00089c8                VgaText::setTitleColour(VgaColour)
                0x00000000c00089d4                VgaText::setTitle(char*)
                0x00000000c00089d6                VgaText::combineColours(unsigned char, unsigned char)
                0x00000000c00089e8                VgaText::scrollScreen()
                0x00000000c0008a80                VgaText::combineCharAndColour(char, unsigned char)
                0x00000000c0008a92                VgaText::writeCharacter(char, VgaColour, VgaColour, int, int)
                0x00000000c0008b22                VgaText::getCursorX()
                0x00000000c0008b2a                VgaText::getCursorY()
                0x00000000c0008b32                VgaText::setCursor(int, int)
                0x00000000c0008b49                setActiveTerminal(VgaText*)
                0x00000000c0008b94                VgaText::clearScreen()
                0x00000000c0008be2                VgaText::setCursorX(int)
                0x00000000c0008bfa                VgaText::setCursorY(int)
                0x00000000c0008c12                VgaText::incrementCursor(bool)
                0x00000000c0008c66                VgaText::decrementCursor(bool)
                0x00000000c0008c88                VgaText::putchar(char, VgaColour, VgaColour)
                0x00000000c0008d56                VgaText::putchar(char)
                0x00000000c0008e42                VgaText::putx(unsigned int)
                0x00000000c0008e88                VgaText::puts(char const*)
                0x00000000c0008eae                VgaText::write(unsigned long long, void*, int*)
                0x00000000c0008efa                VgaText::puts(char const*, VgaColour, VgaColour)
                0x00000000c000904c                VgaText::VgaText(char const*)
                0x00000000c000904c                VgaText::VgaText(char const*)
                0x00000000c0009198                VgaText::receiveKey(unsigned char)
                0x00000000c0009270                VgaText::doUpdate()
                0x00000000c0009271                newTerminal(char*)
 *fill*         0x00000000c0009296        0x2 
 .text          0x00000000c0009298      0x1a1 core/tss.32
                0x00000000c0009298                TSS::TSS()
                0x00000000c0009298                TSS::TSS()
                0x00000000c00092a8                TSS::setESP(unsigned long)
                0x00000000c00092bc                TSS::flush()
                0x00000000c00092dc                TSS::setup(unsigned long, unsigned long)
 *fill*         0x00000000c0009439        0x1 
 .text          0x00000000c000943a      0x4c2 core/unixfile.32
                0x00000000c000943a                ReservedFilename::read(unsigned long long, void*, int*)
                0x00000000c0009490                ReservedFilename::isAtty()
                0x00000000c00094ac                ReservedFilename::write(unsigned long long, void*, int*)
                0x00000000c000950a                UnixFile::getFileDescriptor()
                0x00000000c0009512                UnixFile::UnixFile(int)
                0x00000000c0009512                UnixFile::UnixFile(int)
                0x00000000c00096c2                ReservedFilename::ReservedFilename(int)
                0x00000000c00096c2                ReservedFilename::ReservedFilename(int)
                0x00000000c00096f4                UnixFile::~UnixFile()
                0x00000000c00096f4                UnixFile::~UnixFile()
                0x00000000c000978c                UnixFile::~UnixFile()
                0x00000000c00097b4                ReservedFilename::~ReservedFilename()
                0x00000000c00097b4                ReservedFilename::~ReservedFilename()
                0x00000000c00097d8                ReservedFilename::~ReservedFilename()
                0x00000000c00097ff                getFromFileDescriptor(int)
 .text          0x00000000c00098fc     0x1166 core/virtmgr.32
                0x00000000c00098fc                Virt::setPageState(unsigned long, Virt::VirtPageState)
                0x00000000c0009931                Virt::getPageState(unsigned long)
                0x00000000c0009955                Virt::allocateKernelVirtualPages(int)
                0x00000000c0009a66                Virt::freeSwapfilePage(unsigned long)
                0x00000000c0009a84                Virt::swapIDToSector(unsigned long)
                0x00000000c0009a96                Virt::allocateSwapfilePage()
                0x00000000c0009b14                Virt::virtualMemorySetup()
                0x00000000c0009b5f                Virt::setupPageSwapping(int)
                0x00000000c0009bd0                VAS::VAS()
                0x00000000c0009bd0                VAS::VAS()
                0x00000000c0009c0c                VAS::VAS(VAS*)
                0x00000000c0009c0c                VAS::VAS(VAS*)
                0x00000000c0009c3a                VAS::getForeignPageTableEntry(bool, unsigned long)
                0x00000000c0009c66                VAS::getPageTableEntry(unsigned long)
                0x00000000c0009c85                Virt::freeKernelVirtualPages(unsigned long)
                0x00000000c0009daa                VAS::freeAllocatedPages(unsigned long)
                0x00000000c0009dce                VAS::virtualToPhysical(unsigned long)
                0x00000000c0009de8                VAS::reflagRange(unsigned long, int, int, int)
                0x00000000c0009e28                VAS::setToWriteCombining(unsigned long, int)
                0x00000000c0009e5c                VAS::mapOtherVASIn(bool, VAS*)
                0x00000000c0009e86                VAS::~VAS()
                0x00000000c0009e86                VAS::~VAS()
                0x00000000c0009fea                VAS::mapPage(unsigned long, unsigned long, int)
                0x00000000c000a0ee                VAS::allocatePages(int, int)
                0x00000000c000a2c6                VAS::setCPUSpecific(unsigned long)
                0x00000000c000a2e4                VAS::mapRange(unsigned long, unsigned long, int, int)
                0x00000000c000a3aa                VAS::mapForeignPage(bool, VAS*, unsigned long, unsigned long, int)
                0x00000000c000a498                VAS::VAS(bool)
                0x00000000c000a498                VAS::VAS(bool)
                0x00000000c000a718                VAS::evict(unsigned long)
                0x00000000c000a7da                VAS::tryLoadBackOffDisk(unsigned long)
                0x00000000c000a8c8                VAS::scanForEviction()
                0x00000000c000a9a8                mapVASFirstTime
 .text          0x00000000c000aa62       0x5f coreobjs/c++.32
                0x00000000c000aa62                __cxa_atexit
                0x00000000c000aa65                __cxa_finalize
                0x00000000c000aa66                __stack_chk_fail
                0x00000000c000aa9c                __cxa_pure_virtual
                0x00000000c000aaad                operator new[](unsigned long)
                0x00000000c000aab2                operator delete(void*, unsigned long)
                0x00000000c000aab7                operator delete[](void*)
                0x00000000c000aabc                operator delete[](void*, unsigned long)
 .text          0x00000000c000aac1      0x21c dbg/kconsole.32
                0x00000000c000aac1                Dbg::stringifyxWithBase(unsigned int, char*, int)
                0x00000000c000ab2c                Dbg::logc(char)
                0x00000000c000ab4c                Dbg::logs(char*)
                0x00000000c000ab69                Dbg::logWriteInt(unsigned int)
                0x00000000c000ab87                Dbg::logWriteIntBase(unsigned int, int)
                0x00000000c000aba8                Dbg::kprintf(char const*, ...)
 *fill*         0x00000000c000acdd        0x1 
 .text          0x00000000c000acde      0xc5c fs/vfs.32
                0x00000000c000acde                File::read(unsigned long long, void*, int*)
                0x00000000c000ad36                File::write(unsigned long long, void*, int*)
                0x00000000c000ad8e                Directory::read(unsigned long long, void*, int*)
                0x00000000c000ade6                Directory::write(unsigned long long, void*, int*)
                0x00000000c000ae14                File::isAtty()
                0x00000000c000ae18                Directory::isAtty()
                0x00000000c000ae1c                Filesystem::getlabel(LogicalDisk*, int, char*, unsigned int*)
                0x00000000c000ae22                Filesystem::setlabel(LogicalDisk*, int, char*)
                0x00000000c000ae28                Filesystem::allocateSwapfile(char const*, int)
                0x00000000c000ae2e                File::~File()
                0x00000000c000ae2e                File::~File()
                0x00000000c000ae52                File::~File()
                0x00000000c000ae7c                Directory::~Directory()
                0x00000000c000ae7c                Directory::~Directory()
                0x00000000c000aea0                Directory::~Directory()
                0x00000000c000aeca                Filesystem::Filesystem()
                0x00000000c000aeca                Filesystem::Filesystem()
                0x00000000c000aeee                Filesystem::~Filesystem()
                0x00000000c000aeee                Filesystem::~Filesystem()
                0x00000000c000aefc                Filesystem::~Filesystem()
                0x00000000c000af20                Fs::getcwd(Process*, char*, int)
                0x00000000c000af4a                Fs::initVFS()
                0x00000000c000af74                Fs::standardiseFiles(char*, char const*, char const*)
                0x00000000c000b11e                File::File(char const*, Process*)
                0x00000000c000b11e                File::File(char const*, Process*)
                0x00000000c000b1de                File::open(FileOpenMode)
                0x00000000c000b23c                File::close()
                0x00000000c000b29c                File::seek(unsigned long long)
                0x00000000c000b2f2                File::tell(unsigned long long*)
                0x00000000c000b342                File::rewind()
                0x00000000c000b356                File::unlink()
                0x00000000c000b3a2                File::rename(char const*)
                0x00000000c000b3f0                File::chfatattr(unsigned char, unsigned char)
                0x00000000c000b44c                File::exists()
                0x00000000c000b48a                File::stat(unsigned long long*, bool*)
                0x00000000c000b4eb                Fs::setcwd(Process*, char*)
                0x00000000c000b648                Directory::Directory(char const*, Process*)
                0x00000000c000b648                Directory::Directory(char const*, Process*)
                0x00000000c000b708                Directory::open()
                0x00000000c000b764                Directory::close()
                0x00000000c000b7c4                Directory::unlink()
                0x00000000c000b810                Directory::rename(char const*)
                0x00000000c000b85e                Directory::exists()
                0x00000000c000b89c                Directory::read(dirent*)
                0x00000000c000b8e8                Directory::create()
                0x00000000c000b934                Filesystem::chfatattr(char const*, unsigned char, unsigned char)
 *fill*         0x00000000c000b93a        0x2 
 .text          0x00000000c000b93c       0x86 hal/bus.32
                0x00000000c000b93c                Bus::Bus(char const*)
                0x00000000c000b93c                Bus::Bus(char const*)
                0x00000000c000b974                Bus::~Bus()
                0x00000000c000b974                Bus::~Bus()
                0x00000000c000b998                Bus::~Bus()
 .text          0x00000000c000b9c2       0x96 hal/buzzer.32
                0x00000000c000b9c2                beepThread(void*)
                0x00000000c000b9ff                Krnl::beep(int, int, bool)
 .text          0x00000000c000ba58      0x46d hal/clock.32
                0x00000000c000ba58                User::loadClockSettings(int)
                0x00000000c000baaa                Clock::Clock(char const*)
                0x00000000c000baaa                Clock::Clock(char const*)
                0x00000000c000bae0                Clock::~Clock()
                0x00000000c000bae0                Clock::~Clock()
                0x00000000c000bb04                Clock::~Clock()
                0x00000000c000bb2e                Clock::timeInSecondsLocal()
                0x00000000c000bb76                Clock::setTimeInSecondsLocal(unsigned long long)
                0x00000000c000bbcf                datetimeToSeconds(datetime_t)
                0x00000000c000bcfc                Clock::setTimeInDatetimeLocal(datetime_t)
                0x00000000c000bd5c                secondsToDatetime(unsigned long long)
                0x00000000c000bea0                Clock::timeInDatetimeLocal()
 *fill*         0x00000000c000bec5        0x1 
 .text          0x00000000c000bec6      0x464 hal/device.32
                0x00000000c000bec6                Device::hibernate()
                0x00000000c000bec8                Device::wake()
                0x00000000c000beca                Device::detect()
                0x00000000c000becc                Device::disableLegacy()
                0x00000000c000bece                Device::powerSaving(PowerSavingLevel)
                0x00000000c000bed0                DriverlessDevice::close(int, int, void*)
                0x00000000c000bed4                DriverlessDevice::detect()
                0x00000000c000bed6                DriverlessDevice::open(int, int, void*)
                0x00000000c000beea                Device::~Device()
                0x00000000c000beea                Device::~Device()
                0x00000000c000bef8                Device::~Device()
                0x00000000c000bf20                Device::findAndLoadDriver()
                0x00000000c000bf2e                Device::preOpenPCI(PCIDeviceInfo)
                0x00000000c000bf54                Device::preOpenACPI(void*, char*, char*)
                0x00000000c000bf94                Device::addIRQHandler(int, void (*)(regs*, void*), bool, void*)
                0x00000000c000bfbe                Device::getParent()
                0x00000000c000bfca                Device::removeIRQHandler(int, void (*)(regs*, void*), bool)
                0x00000000c000bfe8                Device::addChild(Device*)
                0x00000000c000c02c                Device::removeAllChildren()
                0x00000000c000c072                Device::hibernateAll()
                0x00000000c000c0a2                Device::wakeAll()
                0x00000000c000c0d2                Device::detectAll()
                0x00000000c000c102                Device::disableLegacyAll()
                0x00000000c000c104                Device::loadDriversForAll()
                0x00000000c000c106                Device::closeAll()
                0x00000000c000c13c                Device::powerSavingAll(PowerSavingLevel)
                0x00000000c000c172                Device::setName(char const*)
                0x00000000c000c180                Device::Device(char const*)
                0x00000000c000c180                Device::Device(char const*)
                0x00000000c000c27c                Device::getName()
                0x00000000c000c286                DriverlessDevice::DriverlessDevice(char const*)
                0x00000000c000c286                DriverlessDevice::DriverlessDevice(char const*)
                0x00000000c000c2bc                Device::addToLinkedList(LinkedList<Device>&, DeviceType)
                0x00000000c000c300                getDevicesOfType(DeviceType)
 *fill*         0x00000000c000c32a        0x2 
 .text          0x00000000c000c32c       0x86 hal/diskctrl.32
                0x00000000c000c32c                HardDiskController::HardDiskController(char const*)
                0x00000000c000c32c                HardDiskController::HardDiskController(char const*)
                0x00000000c000c364                HardDiskController::~HardDiskController()
                0x00000000c000c364                HardDiskController::~HardDiskController()
                0x00000000c000c388                HardDiskController::~HardDiskController()
 .text          0x00000000c000c3b2       0xe2 hal/diskphys.32
                0x00000000c000c3b2                PhysicalDisk::eject()
                0x00000000c000c3b6                PhysicalDisk::PhysicalDisk(char const*, int)
                0x00000000c000c3b6                PhysicalDisk::PhysicalDisk(char const*, int)
                0x00000000c000c41e                PhysicalDisk::startCache()
                0x00000000c000c446                PhysicalDisk::~PhysicalDisk()
                0x00000000c000c446                PhysicalDisk::~PhysicalDisk()
                0x00000000c000c46a                PhysicalDisk::~PhysicalDisk()
 .text          0x00000000c000c494        0x0 hal/fpu.32
 .text          0x00000000c000c494      0x35d hal/intctrl.32
                0x00000000c000c494                int_handler
                0x00000000c000c51c                installISRHandler(int, void (*)(regs*, void*), void*)
                0x00000000c000c564                installIRQHandler(int, void (*)(regs*, void*), bool, void*)
                0x00000000c000c69c                uninstallISRHandler(int, void (*)(regs*, void*))
                0x00000000c000c6d0                uninstallIRQHandler(int, void (*)(regs*, void*), bool)
                0x00000000c000c74f                setupINTS()
                0x00000000c000c7ac                convertLegacyIRQNumber(int)
 *fill*         0x00000000c000c7f1        0x1 
 .text          0x00000000c000c7f2      0x78c hal/keybrd.32
                0x00000000c000c7f2                startGUI(void*)
                0x00000000c000c85e                startGUIVESA(void*)
                0x00000000c000c8ca                sendKeyToTerminal(unsigned char)
                0x00000000c000c98d                sendKeyboardToken(KeyboardToken)
                0x00000000c000cdcd                clearInternalKeybuffer(VgaText*)
                0x00000000c000ce02                readKeyboard(VgaText*, char*, unsigned long)
                0x00000000c000cef4                Keyboard::Keyboard(char const*)
                0x00000000c000cef4                Keyboard::Keyboard(char const*)
                0x00000000c000cf30                Keyboard::~Keyboard()
                0x00000000c000cf30                Keyboard::~Keyboard()
                0x00000000c000cf54                Keyboard::~Keyboard()
 .text          0x00000000c000cf7e      0x3ea hal/logidisk.32
                0x00000000c000cf7e                LogicalDisk::close(int, int, void*)
                0x00000000c000cf82                LogicalDisk::~LogicalDisk()
                0x00000000c000cf82                LogicalDisk::~LogicalDisk()
                0x00000000c000cfa6                LogicalDisk::~LogicalDisk()
                0x00000000c000cfd0                LogicalDisk::open(int, int, void*)
                0x00000000c000cfe4                LogicalDisk::absoluteToRelative(unsigned long long)
                0x00000000c000d01c                LogicalDisk::relativeToAbsolute(unsigned long long)
                0x00000000c000d062                LogicalDisk::LogicalDisk(char const*, PhysicalDisk*, unsigned long long, unsigned long long)
                0x00000000c000d062                LogicalDisk::LogicalDisk(char const*, PhysicalDisk*, unsigned long long, unsigned long long)
                0x00000000c000d118                LogicalDisk::assignDriveLetter()
                0x00000000c000d1ce                LogicalDisk::mount()
                0x00000000c000d216                LogicalDisk::unmount()
                0x00000000c000d226                LogicalDisk::eject()
                0x00000000c000d23a                LogicalDisk::unassignDriveLetter()
                0x00000000c000d290                LogicalDisk::read(unsigned long long, int, void*)
                0x00000000c000d2fc                LogicalDisk::write(unsigned long long, int, void*)
 .text          0x00000000c000d368       0x86 hal/mouse.32
                0x00000000c000d368                Mouse::Mouse(char const*)
                0x00000000c000d368                Mouse::Mouse(char const*)
                0x00000000c000d3a0                Mouse::~Mouse()
                0x00000000c000d3a0                Mouse::~Mouse()
                0x00000000c000d3c4                Mouse::~Mouse()
 .text          0x00000000c000d3ee      0x339 hal/partition.32
                0x00000000c000d3ee                makePartition(PhysicalDisk*, unsigned long long, unsigned long long)
                0x00000000c000d496                createPartitionsForDisk(PhysicalDisk*)
 *fill*         0x00000000c000d727        0x1 
 .text          0x00000000c000d728       0x86 hal/serial.32
                0x00000000c000d728                Serial::Serial(char const*)
                0x00000000c000d728                Serial::Serial(char const*)
                0x00000000c000d760                Serial::~Serial()
                0x00000000c000d760                Serial::~Serial()
                0x00000000c000d784                Serial::~Serial()
 *fill*         0x00000000c000d7ae        0x2 
 .text          0x00000000c000d7b0      0x234 hal/timer.32
                0x00000000c000d7b0                Timer::Timer(char const*)
                0x00000000c000d7b0                Timer::Timer(char const*)
                0x00000000c000d7e8                Timer::~Timer()
                0x00000000c000d7e8                Timer::~Timer()
                0x00000000c000d80c                Timer::~Timer()
                0x00000000c000d836                Timer::read()
                0x00000000c000d841                setupTimer(int)
                0x00000000c000d87c                timerHandler(unsigned int)
 .text          0x00000000c000d9e4      0x43e hal/vcache.32
                0x00000000c000d9e4                VCache::VCache(PhysicalDisk*)
                0x00000000c000d9e4                VCache::VCache(PhysicalDisk*)
                0x00000000c000db4c                VCache::invalidateReadBuffer()
                0x00000000c000db5c                VCache::writeWriteBuffer()
                0x00000000c000dba8                VCache::~VCache()
                0x00000000c000dba8                VCache::~VCache()
                0x00000000c000dbfc                VCache::~VCache()
                0x00000000c000dc24                VCache::write(unsigned long long, int, void*)
                0x00000000c000dd1e                VCache::read(unsigned long long, int, void*)
 .text          0x00000000c000de22      0x4b3 hal/video.32
                0x00000000c000de22                Video::putrect(int, int, int, int, unsigned int)
                0x00000000c000de6e                Video::bitblit(int, int, int, int, int, int, int, unsigned int*)
                0x00000000c000dede                Video::blit(unsigned int*, int, int, int, int)
                0x00000000c000df5c                Video::clearScreen(unsigned int)
                0x00000000c000df90                Video::putpixel(int, int, unsigned int)
                0x00000000c000df9e                Video::Video(char const*)
                0x00000000c000df9e                Video::Video(char const*)
                0x00000000c000dfd4                Video::~Video()
                0x00000000c000dfd4                Video::~Video()
                0x00000000c000dff8                Video::~Video()
                0x00000000c000e022                Video::isMonochrome()
                0x00000000c000e02e                Video::getWidth()
                0x00000000c000e03a                Video::getHeight()
                0x00000000c000e046                Video::drawCursor(int, int, unsigned char*, int)
                0x00000000c000e102                Video::tgaParse(unsigned char*, int, int*, int*)
                0x00000000c000e26a                Video::putTGA(int, int, unsigned char*, int)
 *fill*         0x00000000c000e2d5        0x3 
 .text          0x00000000c000e2d8     0x1307 hw/acpi.32
                0x00000000c000e2d8                ACPI::close(int, int, void*)
                0x00000000c000e390                findRSDP()
                0x00000000c000e420                loadACPITables(unsigned char*)
                0x00000000c000e684                findRSDT(unsigned char*)
                0x00000000c000e7d4                findDataTable(unsigned char*, char*)
                0x00000000c000e84c                scanMADT()
                0x00000000c000ed20                ACPI::ACPI()
                0x00000000c000ed20                ACPI::ACPI()
                0x00000000c000ed74                ACPI::getPCIIRQAssignment(unsigned char, unsigned short, unsigned char)
                0x00000000c000ee5c                ACPI::registerPCIIRQAssignment(void*, unsigned short, unsigned char, unsigned char)
                0x00000000c000ef24                ACPI::setScreenBrightnessLevel(void*, int)
                0x00000000c000ef2c                ACPI::detectPCI()
                0x00000000c000f134                ACPI::writeSimpleBootFlag(SimpleBootFlagTable*)
                0x00000000c000f188                ACPI::sleep()
                0x00000000c000f1a4                ACPI::open(int, int, void*)
 *fill*         0x00000000c000f5df        0x1 
 .text          0x00000000c000f5e0      0xb95 hw/cpu.32
                0x00000000c000f5e0                CPU::close(int, int, void*)
                0x00000000c000f5e4                CPU::AMD_K6_write_msr(unsigned int, unsigned int, unsigned int, CPU::REGS*)
                0x00000000c000f600                CPU::AMD_K6_read_msr(unsigned int, CPU::REGS*)
                0x00000000c000f618                CPU::AMD_K6_writeback(int, int, int)
                0x00000000c000f68c                CPU::cpuid(int, unsigned long*, unsigned long*, unsigned long*, unsigned long*)
                0x00000000c000f710                CPU::cpuidCheckEDX(unsigned int)
                0x00000000c000f73e                CPU::cpuidCheckECX(unsigned int)
                0x00000000c000f76c                CPU::cpuidCheckExtendedEBX(unsigned int)
                0x00000000c000f79a                CPU::cpuidCheckExtendedECX(unsigned int)
                0x00000000c000f7c8                CPU::CPU()
                0x00000000c000f7c8                CPU::CPU()
                0x00000000c000f856                CPU::displayFeatures()
                0x00000000c000f858                CPU::detectFeatures()
                0x00000000c000ff1c                CPU::setupSMEP()
                0x00000000c000ff28                CPU::setupUMIP()
                0x00000000c000ff32                CPU::setupTSC()
                0x00000000c000ff3c                CPU::setupLargePages()
                0x00000000c000ff46                CPU::setupPAT()
                0x00000000c000ff82                CPU::setupMTRR()
                0x00000000c000ff84                CPU::setupGlobalPages()
                0x00000000c000ff8e                CPU::allowUsermodeDataAccess()
                0x00000000c000ffa0                CPU::prohibitUsermodeDataAccess()
                0x00000000c000ffb2                CPU::setupSMAP()
                0x00000000c000ffc0                CPU::setupFeatures()
                0x00000000c001008c                CPU::open(int, int, void*)
 *fill*         0x00000000c0010175        0x1 
 .text          0x00000000c0010176      0x581 krnl/env.32
                0x00000000c0010176                EnvVarContainer::getEnv(char const*)
                0x00000000c00101b4                EnvVarContainer::setEnv(char const*, char const*)
                0x00000000c0010276                EnvVarContainer::deleteEnv(char const*)
                0x00000000c0010278                EnvVarContainer::loadFrom(char const*, char const*)
                0x00000000c001045e                EnvVarContainer::__loadSystem()
                0x00000000c0010478                EnvVarContainer::__loadUser()
                0x00000000c001047a                EnvVarContainer::EnvVarContainer(Process*)
                0x00000000c001047a                EnvVarContainer::EnvVarContainer(Process*)
                0x00000000c001049c                EnvVarContainer::~EnvVarContainer()
                0x00000000c001049c                EnvVarContainer::~EnvVarContainer()
                0x00000000c00104cc                Krnl::getEnv(Process*, char const*)
                0x00000000c0010531                Krnl::setEnvSystem(char const*, char const*)
                0x00000000c001054b                Krnl::setEnvUser(char const*, char const*)
                0x00000000c001056a                Krnl::setEnvProcess(Process*, char const*, char const*)
                0x00000000c001057d                Krnl::deleteEnvSystem(char const*)
                0x00000000c001057e                Krnl::deleteEnvUser(char const*)
                0x00000000c001057f                Krnl::deleteEnvProcess(Process*, char const*)
                0x00000000c0010580                Krnl::newProcessEnv(Process*)
                0x00000000c00105a2                Krnl::copyProcessEnv(Process*, Process*)
                0x00000000c00105ee                Krnl::loadSystemEnv()
                0x00000000c001061c                Krnl::loadUserEnv()
                0x00000000c0010642                Krnl::flushEnv()
                0x00000000c0010643                Krnl::getProcessTotalEnvCount(Process*)
                0x00000000c0010663                Krnl::getProcessEnvPair(Process*, int)
 .text          0x00000000c00106f7      0x108 krnl/panic.32
                0x00000000c00106f7                Krnl::panic(char const*)
 .text          0x00000000c00107ff      0x142 krnl/powctrl.32
                0x00000000c00107ff                Krnl::powerThread(void*)
                0x00000000c001082d                Krnl::changePowerSettings(Krnl::PowerSettings)
                0x00000000c0010843                Krnl::userIOReceived()
                0x00000000c001084e                Krnl::handlePowerButton()
                0x00000000c0010883                Krnl::handleSleepButton()
                0x00000000c00108b8                Krnl::setupPowerManager()
 .text          0x00000000c0010941      0x50e reg/registry.32
                0x00000000c0010941                Reg::findLineFromLoadedData(char*, char*, char*)
                0x00000000c0010a99                Reg::getLineFromRegistry(char*, char*, char*, char*)
                0x00000000c0010bee                Reg::getLine(char*, char*, char*)
                0x00000000c0010c25                Reg::readInt(char*, char*, int*)
                0x00000000c0010d10                Reg::readString(char*, char*, char*, int)
                0x00000000c0010d91                Reg::readBool(char*, char*, bool*)
                0x00000000c0010db6                Reg::readBoolWithDefault(char*, char*, bool)
                0x00000000c0010de2                Reg::readIntWithDefault(char*, char*, int)
                0x00000000c0010e0e                Reg::readStringWithDefault(char*, char*, char*, int, char*)
 .text          0x00000000c0010e4f       0x36 sys/sc_eject.32
                0x00000000c0010e4f                Sys::eject(regs*)
 .text          0x00000000c0010e85       0x18 sys/sc_exit.32
                0x00000000c0010e85                Sys::exit(regs*)
 .text          0x00000000c0010e9d       0x1f sys/sc_getcwd.32
                0x00000000c0010e9d                Sys::getCwd(regs*)
 .text          0x00000000c0010ebc        0xc sys/sc_getpid.32
                0x00000000c0010ebc                Sys::getPID(regs*)
 .text          0x00000000c0010ec8       0x1a sys/sc_getramdata.32
                0x00000000c0010ec8                Sys::getRAMData(regs*)
 .text          0x00000000c0010ee2       0x82 sys/sc_getvgaptr.32
                0x00000000c0010ee2                Sys::getVGAPtr(regs*)
 .text          0x00000000c0010f64       0xa8 sys/sc_loaddll.32
                0x00000000c0010f64                Sys::loadDLL(regs*)
 .text          0x00000000c001100c       0x68 sys/sc_read.32
                0x00000000c001100c                Sys::read(regs*)
 .text          0x00000000c0011074       0x55 sys/sc_sbrk.32
                0x00000000c0011074                Sys::sbrk(regs*)
 .text          0x00000000c00110c9       0x1c sys/sc_setcwd.32
                0x00000000c00110c9                Sys::setCwd(regs*)
 .text          0x00000000c00110e5       0x95 sys/sc_settime.32
                0x00000000c00110e5                Sys::setTime(regs*)
 .text          0x00000000c001117a       0x4a sys/sc_timezone.32
                0x00000000c001117a                Sys::timezone(regs*)
 .text          0x00000000c00111c4       0x68 sys/sc_write.32
                0x00000000c00111c4                Sys::write(regs*)
 .text          0x00000000c001122c       0x62 sys/sc_wsbe.32
                0x00000000c001122c                Sys::wsbe(regs*)
 .text          0x00000000c001128e       0x25 sys/sc_yield.32
                0x00000000c001128e                Sys::yield(regs*)
 .text          0x00000000c00112b3      0xe2c sys/syscalls.32
                0x00000000c00112b3                sysCallSeekDir(regs*)
                0x00000000c00112b8                sysCallTellDir(regs*)
                0x00000000c00112bd                sysCallVerify(regs*)
                0x00000000c00112c7                sysCallGetArgc(regs*)
                0x00000000c00112d7                sysCallTTYName(regs*)
                0x00000000c00112df                sysFormatDisk(regs*)
                0x00000000c001134c                sysSetDiskVolumeLabel(regs*)
                0x00000000c0011396                sysGetDiskVolumeLabel(regs*)
                0x00000000c00113eb                sysShutdown(regs*)
                0x00000000c0011449                sysCallRealpath(regs*)
                0x00000000c001148c                sysCallReadDir(regs*)
                0x00000000c001150c                sysCallIsATTY(regs*)
                0x00000000c0011568                sysCallSeek(regs*)
                0x00000000c00115c1                sysCallTell(regs*)
                0x00000000c0011630                sysCallSize(regs*)
                0x00000000c00116a5                sysCallSizeFromFilename(regs*)
                0x00000000c0011758                sysCallClose(regs*)
                0x00000000c00117b8                sysCallOpenDir(regs*)
                0x00000000c001182f                sysCallCloseDir(regs*)
                0x00000000c0011883                sysCallMakeDir(regs*)
                0x00000000c00118f5                sysCallWait(regs*)
                0x00000000c0011912                sysCallNotImpl(regs*)
                0x00000000c001192d                sysPanic(regs*)
                0x00000000c0011948                sysCallRmdir(regs*)
                0x00000000c00119af                sysCallUnlink(regs*)
                0x00000000c0011a16                sysCallGetArgv(regs*)
                0x00000000c0011a63                sysCallUSleep(regs*)
                0x00000000c0011a8c                sysCallSpawn(regs*)
                0x00000000c0011af5                sysCallGetEnv(regs*)
                0x00000000c0011ba4                sysSetFatAttrib(regs*)
                0x00000000c0011c1b                sysPipe(regs*)
                0x00000000c0011c60                sysGetUnixTime(regs*)
                0x00000000c0011c74                string_ends_with(char const*, char const*)
                0x00000000c0011cbe                sysCallOpen(regs*)
                0x00000000c0011eb2                Sys::loadSyscalls()
                0x00000000c001209d                Sys::systemCall(regs*, void*)
 .text          0x00000000c00120df     0x11e5 thr/elf.32
                0x00000000c00120df                Thr::allocateMemoryForTask(Process*, File*, unsigned long, unsigned long, unsigned long)
                0x00000000c001236b                Thr::loadProgramIntoMemory(Process*, char const*)
                0x00000000c0012581                Thr::runtimeReferenceHelper()
                0x00000000c0012594                Thr::getAddressOfKernelSymbol(char const*)
                0x00000000c00125e3                Thr::loadKernelSymbolTable(char const*)
                0x00000000c00128a1                Thr::loadDriverIntoMemory(char const*, unsigned long, bool)
                0x00000000c0012fd7                Thr::getDriverBaseFromAddress(unsigned long)
                0x00000000c0013009                Thr::getDriverNameFromAddress(unsigned long)
                0x00000000c0013040                Thr::getDriverOffsetFromAddress(unsigned long)
                0x00000000c001305a                Thr::loadDLL(char const*, bool)
                0x00000000c001328b                Thr::executeDLL(unsigned long, void*)
 .text          0x00000000c00132c4     0x12c5 thr/prcssthr.32
                0x00000000c00132c4                userModeEntryPoint(void*)
                0x00000000c00132ec                changeTSS
                0x00000000c001331c                switchToThread(ThreadControlBlock*)
                0x00000000c00133d0                Process::addArgs(char**)
                0x00000000c0013430                Process::Process(char const*, Process*, char**)
                0x00000000c0013430                Process::Process(char const*, Process*, char**)
                0x00000000c0013620                Process::Process(bool, char const*, Process*, char**)
                0x00000000c0013620                Process::Process(bool, char const*, Process*, char**)
                0x00000000c00137dc                taskStartupFunction
                0x00000000c00137e8                Semaphore::Semaphore(int)
                0x00000000c00137e8                Semaphore::Semaphore(int)
                0x00000000c0013818                Mutex::Mutex()
                0x00000000c0013818                Mutex::Mutex()
                0x00000000c001382c                Process::createThread(void (*)(void*), void*, int)
                0x00000000c0013924                Process::createUserThread()
                0x00000000c0013944                setupMultitasking(void (*)())
                0x00000000c0013a4c                schedule()
                0x00000000c0013adc                Semaphore::tryAcquire()
                0x00000000c0013ba8                Semaphore::assertLocked(char const*)
                0x00000000c0013c20                blockTaskWithSchedulerLockAlreadyHeld(TaskState)
                0x00000000c0013c48                blockTask(TaskState)
                0x00000000c0013c78                waitTask(int, int*, int)
                0x00000000c0013cbc                milliTenthSleepUntil(unsigned int)
                0x00000000c0013d4c                milliTenthSleep(unsigned int)
                0x00000000c0013d5c                sleep(unsigned int)
                0x00000000c0013d78                Semaphore::acquire()
                0x00000000c0013e34                taskReturned
                0x00000000c0013e70                Thr::processFromPID(int)
                0x00000000c0013f10                unblockTask(ThreadControlBlock*)
                0x00000000c0013fb4                cleanupTerminatedTask(ThreadControlBlock*)
                0x00000000c0014280                cleanerTaskFunction(void*)
                0x00000000c0014370                terminateTask(int)
                0x00000000c001443c                Thr::terminateFromIRQ(int)
                0x00000000c001444c                Semaphore::release()
 .text          0x00000000c0014589      0xb93 vm86/vm8086.32
                0x00000000c0014589                Vm::inbv(unsigned short)
                0x00000000c001459c                Vm::outbv(unsigned short, unsigned char)
                0x00000000c00145d2                Vm::realToLinear(unsigned short, unsigned short)
                0x00000000c00145e2                Vm::getSegment(unsigned int)
                0x00000000c00145ea                Vm::getOffset(unsigned int)
                0x00000000c00145ef                Vm::mainloop2()
                0x00000000c0014629                Vm::mainVm8086Loop(void*)
                0x00000000c0014639                Vm::mainloop3(unsigned long)
                0x00000000c001465f                Vm::initialise8086()
                0x00000000c00146a2                Vm::finish8086()
                0x00000000c0014703                Vm::getOutput8086(unsigned char*)
                0x00000000c0014728                Vm::start8086FromBuffer(unsigned char*, int, unsigned short, unsigned short, unsigned short, unsigned short)
                0x00000000c00147e1                Vm::start8086(char const*, unsigned short, unsigned short, unsigned short, unsigned short)
                0x00000000c0014949                Vm::doISR(regs*, int, unsigned char*, unsigned short, unsigned short)
                0x00000000c00149d3                Vm::readByteFromReal(unsigned short, unsigned short)
                0x00000000c00149e4                Vm::readWordFromReal(unsigned short, unsigned short)
                0x00000000c00149f6                Vm::readDwordFromReal(unsigned short, unsigned short)
                0x00000000c0014a07                Vm::writeByteFromReal(unsigned short, unsigned short, unsigned char)
                0x00000000c0014a1c                Vm::writeWordFromReal(unsigned short, unsigned short, unsigned short)
                0x00000000c0014a32                Vm::writeDwordFromReal(unsigned short, unsigned short, unsigned int)
                0x00000000c0014a47                Vm::faultHandler(regs*)
 .text          0x00000000c001511c      0x8e9 arch/i386/hal.32
                0x00000000c001511c                noCopro(unsigned long)
                0x00000000c001511d                nmiHandler(regs*, void*)
                0x00000000c0015136                doubleFault(regs*, void*)
                0x00000000c001514f                displayDebugInfo(regs*)
                0x00000000c0015470                displayProgramFault(char const*)
                0x00000000c00154bc                gpFault(regs*, void*)
                0x00000000c0015521                pgFault(regs*, void*)
                0x00000000c00155a7                otherISRHandler(regs*, void*)
                0x00000000c00155db                opcodeFault(regs*, void*)
                0x00000000c001565b                i386SaveCoprocessor(void*)
                0x00000000c001566f                i386LoadCoprocessor(void*)
                0x00000000c0015683                x87EmulHandler(regs*, void*)
                0x00000000c0015720                HalInitialiseCoprocessor()
                0x00000000c00157ce                HalPanic(char const*)
                0x00000000c00157d3                HalQueryPerformanceCounter()
                0x00000000c00157ee                HalInitialise()
                0x00000000c0015994                HalMakeBeep(int)
                0x00000000c00159ce                HalGetRand()
                0x00000000c00159d1                HalEndOfInterrupt(int)
                0x00000000c0015a02                HalRestart()
                0x00000000c0015a03                HalShutdown()
                0x00000000c0015a04                HalSleep()
 *fill*         0x00000000c0015a05        0x3 
 .text          0x00000000c0015a08      0x2f4 arch/i386/pic.32
                0x00000000c0015a08                picIoWait()
                0x00000000c0015a10                picDisable()
                0x00000000c0015a44                picGetIRQReg(int)
                0x00000000c0015ac8                picOpen()
                0x00000000c0015c58                picEOI(int)
 .text          0x00000000c0015cfc      0x64d arch/i386/rtc.32
                0x00000000c0015cfc                RTC::open(int, int, void*)
                0x00000000c0015d00                RTC::close(int, int, void*)
                0x00000000c0015d04                RTC::timeInSecondsUTC()
                0x00000000c0015d16                RTC::timeInDatetimeUTC()
                0x00000000c0015d3c                RTC::setTimeInSecondsUTC(unsigned long long)
                0x00000000c0015d7a                RTC::~RTC()
                0x00000000c0015d7a                RTC::~RTC()
                0x00000000c0015d9e                RTC::~RTC()
                0x00000000c0015dc8                RTC::get_update_in_progress_flag()
                0x00000000c0015de0                RTC::completeRTCRefresh()
                0x00000000c0016098                RTC::setTimeInDatetimeUTC(datetime_t)
                0x00000000c001624b                rtcIRQHandler(regs*, void*)
                0x00000000c0016290                RTC::RTC()
                0x00000000c0016290                RTC::RTC()
 *fill*         0x00000000c0016349        0x3 
 .text          0x00000000c001634c      0x203 arch/i386/vga.32
                0x00000000c001634c                HalConsoleScroll(int, int)
                0x00000000c0016454                HalConsoleWriteCharacter(char, int, int, int, int)
                0x00000000c00164c0                HalConsoleCursorUpdate(int, int)
 *fill*         0x00000000c001654f        0x1 
 .text          0x00000000c0016550     0x13e7 fs/fat/vfslink.32
                0x00000000c0016550                FAT::getName()
                0x00000000c0016558                FAT::tell(void*, unsigned long long*)
                0x00000000c0016594                FAT::stat(void*, unsigned long long*)
                0x00000000c00165d0                FAT::~FAT()
                0x00000000c00165d0                FAT::~FAT()
                0x00000000c00165f4                FAT::~FAT()
                0x00000000c001661c                FAT::getlabel(LogicalDisk*, int, char*, unsigned int*)
                0x00000000c00166c0                FAT::setlabel(LogicalDisk*, int, char*)
                0x00000000c0016784                FAT::format(LogicalDisk*, int, char const*, int)
                0x00000000c0016958                FAT::tryMount(LogicalDisk*, int)
                0x00000000c0016b70                FAT::allocateSwapfile(char const*, int)
                0x00000000c0016d30                FAT::readDir(void*, unsigned long, void*, int*)
                0x00000000c0016e9c                FAT::read(void*, unsigned long, void*, int*)
                0x00000000c0016efc                FAT::write(void*, unsigned long, void*, int*)
                0x00000000c0016f5c                FAT::close(void*)
                0x00000000c0016fb0                FAT::closeDir(void*)
                0x00000000c0017004                FAT::seek(void*, unsigned long long)
                0x00000000c001705c                fatWrapperReadDisk
                0x00000000c00170a0                fatWrapperWriteDisk
                0x00000000c00170e4                fatWrapperIoctl
                0x00000000c0017200                FAT::FAT()
                0x00000000c0017200                FAT::FAT()
                0x00000000c0017254                FAT::fixFilepath(char*)
                0x00000000c0017290                FAT::open(char const*, void**, FileOpenMode)
                0x00000000c00173c8                FAT::openDir(char const*, void**)
                0x00000000c0017478                FAT::stat(char const*, unsigned long long*, bool*)
                0x00000000c0017570                FAT::unlink(char const*)
                0x00000000c00175f0                FAT::chfatattr(char const*, unsigned char, unsigned char)
                0x00000000c001777c                FAT::rename(char const*, char const*)
                0x00000000c0017848                FAT::mkdir(char const*)
                0x00000000c00178c8                FAT::exists(char const*)
 *fill*         0x00000000c0017937        0x1 
 .text          0x00000000c0017938       0x5c fs/iso9660/helper.32
                0x00000000c0017938                isoReadDiscSectorHelper
 .text          0x00000000c0017994      0x56a fs/iso9660/vfslink.32
                0x00000000c0017994                ISO9660::format(LogicalDisk*, int, char const*, int)
                0x00000000c001799a                ISO9660::getName()
                0x00000000c00179a0                ISO9660::closeDir(void*)
                0x00000000c00179aa                ISO9660::chfatattr(char const*, unsigned char, unsigned char)
                0x00000000c00179b0                ISO9660::unlink(char const*)
                0x00000000c00179b6                ISO9660::write(void*, unsigned long, void*, int*)
                0x00000000c00179bc                ISO9660::rename(char const*, char const*)
                0x00000000c00179c2                ISO9660::mkdir(char const*)
                0x00000000c00179c8                ISO9660::~ISO9660()
                0x00000000c00179c8                ISO9660::~ISO9660()
                0x00000000c00179ec                ISO9660::~ISO9660()
                0x00000000c0017a14                ISO9660::exists(char const*)
                0x00000000c0017a28                ISO9660::open(char const*, void**, FileOpenMode)
                0x00000000c0017ab4                ISO9660::openDir(char const*, void**)
                0x00000000c0017b34                ISO9660::read(void*, unsigned long, void*, int*)
                0x00000000c0017b74                ISO9660::seek(void*, unsigned long long)
                0x00000000c0017bac                ISO9660::tell(void*, unsigned long long*)
                0x00000000c0017be2                ISO9660::stat(void*, unsigned long long*)
                0x00000000c0017c1c                ISO9660::stat(char const*, unsigned long long*, bool*)
                0x00000000c0017cfc                ISO9660::close(void*)
                0x00000000c0017d22                ISO9660::readDir(void*, unsigned long, void*, int*)
                0x00000000c0017dda                readSectorFromCDROM(unsigned int, unsigned char*, char)
                0x00000000c0017e64                ISO9660::tryMount(LogicalDisk*, int)
                0x00000000c0017ed6                ISO9660::ISO9660()
                0x00000000c0017ed6                ISO9660::ISO9660()
 .text          0x00000000c0017efe      0x26c hal/sound/sndcard.32
                0x00000000c0017efe                SoundCard::beginPlayback()
                0x00000000c0017f0c                SoundCard::stopPlayback()
                0x00000000c0017f1a                SoundCard::SoundCard(char const*)
                0x00000000c0017f1a                SoundCard::SoundCard(char const*)
                0x00000000c0017fb8                SoundCard::~SoundCard()
                0x00000000c0017fb8                SoundCard::~SoundCard()
                0x00000000c0017fdc                SoundCard::~SoundCard()
                0x00000000c0018006                SoundCard::configureRates(int, int, int)
                0x00000000c0018036                SoundCard::getSamples16(int, short*)
                0x00000000c0018092                SoundCard::getSamples32(int, int*)
                0x00000000c0018118                SoundCard::addChannel(SoundPort*)
                0x00000000c0018156                SoundCard::removeChannel(int)
 *fill*         0x00000000c001816a        0x2 
 .text          0x00000000c001816c      0x377 hal/sound/sndport.32
                0x00000000c001816c                SoundPort::SoundPort(int, int, int, int)
                0x00000000c001816c                SoundPort::SoundPort(int, int, int, int)
                0x00000000c00181f8                SoundPort::~SoundPort()
                0x00000000c00181f8                SoundPort::~SoundPort()
                0x00000000c001822c                SoundPort::unpause()
                0x00000000c0018238                SoundPort::pause()
                0x00000000c0018244                SoundPort::getBufferUsed()
                0x00000000c001824c                SoundPort::getBufferSize()
                0x00000000c0018254                SoundPort::buffer16(short*, int)
                0x00000000c00182e0                SoundPort::buffer32(int*, int)
                0x00000000c0018368                SoundPort::unbufferAndAdd16(int, short*, SoundCard*)
                0x00000000c001842c                SoundPort::unbufferAndAdd32(int, int*, SoundCard*)
 .text          0x00000000c00184e3        0x0 hw/bus/isa.32
 *fill*         0x00000000c00184e3        0x1 
 .text          0x00000000c00184e4      0xb49 hw/bus/pci.32
                0x00000000c00184e4                PCI::open(int, int, void*)
                0x00000000c0018502                PCI::close(int, int, void*)
                0x00000000c0018506                PCI::PCI()
                0x00000000c0018506                PCI::PCI()
                0x00000000c00185a0                PCI::readBAR8(unsigned int, int)
                0x00000000c00185bc                PCI::readBAR16(unsigned int, int)
                0x00000000c00185da                PCI::readBAR32(unsigned int, int)
                0x00000000c00185f6                PCI::writeBAR8(unsigned int, unsigned char, int)
                0x00000000c0018616                PCI::writeBAR16(unsigned int, unsigned short, int)
                0x00000000c0018638                PCI::writeBAR32(unsigned int, unsigned int, int)
                0x00000000c0018658                PCI::legacyMechanism(unsigned char, unsigned char, unsigned char, unsigned char)
                0x00000000c00186c6                PCI::pciReadWord(unsigned char, unsigned char, unsigned char, unsigned char)
                0x00000000c001876e                PCI::getVendorID(unsigned char, unsigned char, unsigned char)
                0x00000000c0018792                PCI::getHeaderType(unsigned char, unsigned char, unsigned char)
                0x00000000c00187ba                PCI::getClassCode(unsigned char, unsigned char, unsigned char)
                0x00000000c0018804                PCI::getProgIF(unsigned char, unsigned char, unsigned char)
                0x00000000c001882c                PCI::getRevisionID(unsigned char, unsigned char, unsigned char)
                0x00000000c0018850                PCI::getInterruptNumber(unsigned char, unsigned char, unsigned char)
                0x00000000c0018874                PCI::getSecondaryBus(unsigned char, unsigned char, unsigned char)
                0x00000000c001889c                PCI::getBARAddress(unsigned char, unsigned char, unsigned char, unsigned char)
                0x00000000c0018900                PCI::pciWriteWord(unsigned char, unsigned char, unsigned char, unsigned char, unsigned short)
                0x00000000c00189e8                PCI::pciDetailsToFilepath(PCIDeviceInfo, char*)
                0x00000000c0018c62                PCI::checkBus(unsigned char)
                0x00000000c0018c88                PCI::foundDevice(PCIDeviceInfo)
                0x00000000c0018dfa                PCI::getDeviceData(unsigned char, unsigned char, unsigned char)
                0x00000000c0018f6e                PCI::checkDevice(unsigned char, unsigned char)
                0x00000000c0018fda                PCI::detect()
 *fill*         0x00000000c001902d        0x1 
 .text          0x00000000c001902e      0xb5a hw/diskctrl/ide.32
                0x00000000c001902e                IDE::close(int, int, void*)
                0x00000000c0019032                IDE::IDE()
                0x00000000c0019032                IDE::IDE()
                0x00000000c0019066                IDE::prepareInterrupt(unsigned char)
                0x00000000c0019078                selectDrive(unsigned char, unsigned char)
                0x00000000c001907a                IDE::getBase(unsigned char)
                0x00000000c001908c                IDE::write(unsigned char, unsigned char, unsigned char)
                0x00000000c001914c                IDE::read(unsigned char, unsigned char)
                0x00000000c00191fa                IDE::waitInterrupt(unsigned char)
                0x00000000c0019262                ideChannel0IRQHandler(regs*, void*)
                0x00000000c001927e                ideChannel1IRQHandler(regs*, void*)
                0x00000000c001929a                IDE::enableIRQs(unsigned char, bool)
                0x00000000c00192e0                IDE::open(int, int, void*)
                0x00000000c00196ee                IDE::readBuffer(unsigned char, unsigned char, unsigned int, unsigned int)
                0x00000000c00197ba                IDE::detect()
                0x00000000c0019a7a                IDE::printError(unsigned char, unsigned char, unsigned char)
                0x00000000c0019b2a                IDE::polling(unsigned char, unsigned int)
 .text          0x00000000c0019b88      0x32a hw/diskctrl/satabus.32
                0x00000000c0019b88                SATABus::close(int, int, void*)
                0x00000000c0019b8c                SATABus::detect()
                0x00000000c0019b8e                SATABus::SATABus()
                0x00000000c0019b8e                SATABus::SATABus()
                0x00000000c0019c14                SATABus::findCmdslot(SATABus::tagHBA_PORT volatile*)
                0x00000000c0019c46                SATABus::checkType(SATABus::tagHBA_PORT volatile*)
                0x00000000c0019c8e                SATABus::startCmd(SATABus::tagHBA_PORT volatile*)
                0x00000000c0019cae                SATABus::stopCmd(SATABus::tagHBA_PORT volatile*)
                0x00000000c0019cd8                SATABus::portRebase(SATABus::tagHBA_PORT volatile*, int)
                0x00000000c0019de8                SATABus::probePort(SATABus::tagHBA_MEM volatile*)
                0x00000000c0019e92                SATABus::open(int, int, void*)
 .text          0x00000000c0019eb2      0x5f4 hw/diskphys/ata.32
                0x00000000c0019eb2                ATA::close(int, int, void*)
                0x00000000c0019ed6                ATA::powerSaving(PowerSavingLevel)
                0x00000000c0019ed8                ATA::ATA()
                0x00000000c0019ed8                ATA::ATA()
                0x00000000c0019f06                ATA::flush(bool)
                0x00000000c0019f50                ATA::readyForCommand()
                0x00000000c0019f9c                ATA::access(unsigned long long, int, void*, bool)
                0x00000000c001a318                ATA::read(unsigned long long, int, void*)
                0x00000000c001a364                ATA::write(unsigned long long, int, void*)
                0x00000000c001a3b0                ATA::detectCHS()
                0x00000000c001a3da                ATA::open(int, int, void*)
 .text          0x00000000c001a4a6      0x60e hw/diskphys/atapi.32
                0x00000000c001a4a6                ATAPI::write(unsigned long long, int, void*)
                0x00000000c001a4ac                ATAPI::close(int, int, void*)
                0x00000000c001a4d0                ATAPI::ATAPI()
                0x00000000c001a4d0                ATAPI::ATAPI()
                0x00000000c001a4fe                ATAPI::readyForCommand()
                0x00000000c001a550                ATAPI::sendPacket(unsigned char*, int, bool, unsigned short*, int)
                0x00000000c001a810                ATAPI::diskRemoved()
                0x00000000c001a84a                ATAPI::eject()
                0x00000000c001a892                ATAPI::diskInserted()
                0x00000000c001a89e                ATAPI::detectMedia()
                0x00000000c001a95a                ATAPI::open(int, int, void*)
                0x00000000c001aa3a                ATAPI::read(unsigned long long, int, void*)
 .text          0x00000000c001aab4      0x402 hw/diskphys/sata.32
                0x00000000c001aab4                SATA::close(int, int, void*)
                0x00000000c001aad8                SATA::powerSaving(PowerSavingLevel)
                0x00000000c001aada                SATA::open(int, int, void*)
                0x00000000c001ab84                SATA::SATA()
                0x00000000c001ab84                SATA::SATA()
                0x00000000c001abb2                SATA::access(unsigned long long, int, void*, bool)
                0x00000000c001adfe                SATA::read(unsigned long long, int, void*)
                0x00000000c001ae4a                SATA::write(unsigned long long, int, void*)
 .text          0x00000000c001aeb6      0x5b9 hw/diskphys/satapi.32
                0x00000000c001aeb6                SATAPI::write(unsigned long long, int, void*)
                0x00000000c001aebc                SATAPI::close(int, int, void*)
                0x00000000c001aee0                SATAPI::open(int, int, void*)
                0x00000000c001afd8                SATAPI::SATAPI()
                0x00000000c001afd8                SATAPI::SATAPI()
                0x00000000c001b006                SATAPI::diskRemoved()
                0x00000000c001b008                SATAPI::diskInserted()
                0x00000000c001b024                SATAPI::sendPacket(unsigned char*, int, unsigned long long, unsigned short*, int)
                0x00000000c001b300                SATAPI::eject()
                0x00000000c001b33c                SATAPI::read(unsigned long long, int, void*)
                0x00000000c001b46e                SATAPI::detectMedia()
 *fill*         0x00000000c001b46f        0x1 
 .text          0x00000000c001b470      0x455 hw/intctrl/apic.32
                0x00000000c001b470                IOAPIC::close(int, int, void*)
                0x00000000c001b476                apicGetBase()
                0x00000000c001b4b8                IOAPIC::IOAPIC()
                0x00000000c001b4b8                IOAPIC::IOAPIC()
                0x00000000c001b4e0                apicOpen()
                0x00000000c001b646                IOAPIC::handlesGSIWithNumber(unsigned int)
                0x00000000c001b678                IOAPIC::read(int)
                0x00000000c001b6a0                IOAPIC::open(int, int, void*)
                0x00000000c001b794                IOAPIC::write(int, int)
                0x00000000c001b7c0                IOAPIC::redirect(unsigned char, unsigned long long, unsigned char, bool, bool)
 *fill*         0x00000000c001b8c5        0x3 
 .text          0x00000000c001b8c8       0xf0 hw/timer/apictimer.32
                0x00000000c001b8c8                APICTimer::close(int, int, void*)
                0x00000000c001b8d0                apicTimerHandler(regs*, void*)
                0x00000000c001b8f8                APICTimer::open(int, int, void*)
                0x00000000c001b968                APICTimer::write(int)
                0x00000000c001b990                APICTimer::APICTimer()
                0x00000000c001b990                APICTimer::APICTimer()
 .text          0x00000000c001b9b8      0x1aa hw/timer/pit.32
                0x00000000c001b9b8                PIT::write(int)
                0x00000000c001ba3c                pitHandler(regs*, void*)
                0x00000000c001ba60                PIT::open(int, int, void*)
                0x00000000c001bab0                PIT::close(int, int, void*)
                0x00000000c001bae0                PIT::PIT()
                0x00000000c001bae0                PIT::PIT()
 *fill*         0x00000000c001bb62        0xe 
 .text          0x00000000c001bb70       0x83 arch/i386/avx.32
                0x00000000c001bb70                avxDetect
                0x00000000c001bb9a                avxSave
                0x00000000c001bbab                avxLoad
                0x00000000c001bbbc                avxInit
                0x00000000c001bbde                avxClose
                0x00000000c001bbdf                wouldSheSayYes
 *fill*         0x00000000c001bbf3        0xd 
 .text          0x00000000c001bc00      0x1d6 arch/i386/interrupt.32
                0x00000000c001bc00                isr0
                0x00000000c001bc10                isr1
                0x00000000c001bc1a                isr2
                0x00000000c001bc24                isr3
                0x00000000c001bc2e                isr4
                0x00000000c001bc38                isr5
                0x00000000c001bc42                isr6
                0x00000000c001bc4c                isr7
                0x00000000c001bc56                isr8
                0x00000000c001bc5e                isr9
                0x00000000c001bc68                isr10
                0x00000000c001bc70                isr11
                0x00000000c001bc78                isr12
                0x00000000c001bc80                isr13
                0x00000000c001bc88                isr14
                0x00000000c001bc90                isr15
                0x00000000c001bc9a                isr16
                0x00000000c001bca4                isr17
                0x00000000c001bcae                isr18
                0x00000000c001bcb8                irq3
                0x00000000c001bcc2                irq4
                0x00000000c001bccc                irq5
                0x00000000c001bcd6                irq6
                0x00000000c001bce0                irq7
                0x00000000c001bcea                irq8
                0x00000000c001bcf4                irq9
                0x00000000c001bcfe                irq10
                0x00000000c001bd08                irq11
                0x00000000c001bd12                irq12
                0x00000000c001bd1c                irq13
                0x00000000c001bd26                irq14
                0x00000000c001bd30                irq15
                0x00000000c001bd3a                irq1
                0x00000000c001bd41                irq2
                0x00000000c001bd48                isr96
                0x00000000c001bd4f                irq0
                0x00000000c001bd54                int_common_stub
                0x00000000c001bd54                syscall_common_stub
                0x00000000c001bd86                irq16
                0x00000000c001bd90                irq17
                0x00000000c001bd9a                irq18
                0x00000000c001bda4                irq19
                0x00000000c001bdae                irq20
                0x00000000c001bdb8                irq21
                0x00000000c001bdc2                irq22
                0x00000000c001bdcc                irq23
 *fill*         0x00000000c001bdd6        0xa 
 .text          0x00000000c001bde0       0x10 arch/i386/rdrand.32
                0x00000000c001bde0                i386GetRDRAND
 .text          0x00000000c001bdf0       0x39 arch/i386/sse.32
                0x00000000c001bdf0                absolutelyNoChanceInHell
                0x00000000c001bdf0                sseDetect
                0x00000000c001be08                sseSave
                0x00000000c001be10                sseLoad
                0x00000000c001be18                sseInit
                0x00000000c001be28                sseClose
 *fill*         0x00000000c001be29        0x7 
 .text          0x00000000c001be30       0x49 arch/i386/x87.32
                0x00000000c001be36                x87Detect
                0x00000000c001be51                x87Save
                0x00000000c001be58                x87Load
                0x00000000c001be5f                x87Init
                0x00000000c001be78                x87Close
 *fill*         0x00000000c001be79        0x3 
 .text          0x00000000c001be7c       0x25 /cygdrive/d/Users/Alex/Desktop/Toolchain/Output/bin/../lib/gcc/i386-banana/8.1.0/crtend.o
 .text          0x00000000c001bea1        0x0 crtn.32
 *fill*         0x00000000c001bea1        0x3 
 .text          0x00000000c001bea4      0x14b /cygdrive/d/Users/Alex/Desktop/Toolchain/Output/bin/../lib/gcc/i386-banana/8.1.0/libkgcc.a(_divdi3.o)
                0x00000000c001bea4                __divdi3
 *fill*         0x00000000c001bfef        0x1 
 .text          0x00000000c001bff0      0x17e /cygdrive/d/Users/Alex/Desktop/Toolchain/Output/bin/../lib/gcc/i386-banana/8.1.0/libkgcc.a(_moddi3.o)
                0x00000000c001bff0                __moddi3
 *fill*         0x00000000c001c16e        0x2 
 .text          0x00000000c001c170       0xff /cygdrive/d/Users/Alex/Desktop/Toolchain/Output/bin/../lib/gcc/i386-banana/8.1.0/libkgcc.a(_udivdi3.o)
                0x00000000c001c170                __udivdi3
 *fill*         0x00000000c001c26f        0x1 
 .text          0x00000000c001c270      0x11a /cygdrive/d/Users/Alex/Desktop/Toolchain/Output/bin/../lib/gcc/i386-banana/8.1.0/libkgcc.a(_umoddi3.o)
                0x00000000c001c270                __umoddi3
 *(.gnu.linkonce.t*)

.iplt           0x00000000c001c390        0x0
 .iplt          0x00000000c001c390        0x0 D:/Users/Alex/Desktop/Banana/kernel/boot.32

.init           0x00000000c001c38a        0xf
 .init          0x00000000c001c38a        0x3 crti.32
                0x00000000c001c38a                _init
 .init          0x00000000c001c38d        0x5 /cygdrive/d/Users/Alex/Desktop/Toolchain/Output/bin/../lib/gcc/i386-banana/8.1.0/crtbegin.o
 .init          0x00000000c001c392        0x5 /cygdrive/d/Users/Alex/Desktop/Toolchain/Output/bin/../lib/gcc/i386-banana/8.1.0/crtend.o
 .init          0x00000000c001c397        0x2 crtn.32

.fini           0x00000000c001c399        0xa
 .fini          0x00000000c001c399        0x3 crti.32
                0x00000000c001c399                _fini
 .fini          0x00000000c001c39c        0x5 /cygdrive/d/Users/Alex/Desktop/Toolchain/Output/bin/../lib/gcc/i386-banana/8.1.0/crtbegin.o
 .fini          0x00000000c001c3a1        0x2 crtn.32

.text._ZN8ComputerD2Ev
                0x00000000c001c3a4       0x23
 .text._ZN8ComputerD2Ev
                0x00000000c001c3a4       0x23 core/computer.32
                0x00000000c001c3a4                Computer::~Computer()
                0x00000000c001c3a4                Computer::~Computer()

.text._ZN8ComputerD0Ev
                0x00000000c001c3c8       0x2a
 .text._ZN8ComputerD0Ev
                0x00000000c001c3c8       0x2a core/computer.32
                0x00000000c001c3c8                Computer::~Computer()

.text._Z10idleCommonv
                0x00000000c001c3f2       0x21
 .text._Z10idleCommonv
                0x00000000c001c3f2       0x21 core/idle.32
                0x00000000c001c3f2                idleCommon()

.text._ZN10LinkedListI8UnixFileED2Ev
                0x00000000c001c414        0x2
 .text._ZN10LinkedListI8UnixFileED2Ev
                0x00000000c001c414        0x2 core/unixfile.32
                0x00000000c001c414                LinkedList<UnixFile>::~LinkedList()
                0x00000000c001c414                LinkedList<UnixFile>::~LinkedList()

.text._ZN10LinkedListI8UnixFileEC2Ev
                0x00000000c001c416       0x42
 .text._ZN10LinkedListI8UnixFileEC2Ev
                0x00000000c001c416       0x42 core/unixfile.32
                0x00000000c001c416                LinkedList<UnixFile>::LinkedList()
                0x00000000c001c416                LinkedList<UnixFile>::LinkedList()

.text._ZN10LinkedListI8UnixFileE10addElementEPS0_
                0x00000000c001c458       0xd3
 .text._ZN10LinkedListI8UnixFileE10addElementEPS0_
                0x00000000c001c458       0xd3 core/unixfile.32
                0x00000000c001c458                LinkedList<UnixFile>::addElement(UnixFile*)

.text._ZN10LinkedListI8UnixFileE15getFirstElementEv
                0x00000000c001c52c        0x7
 .text._ZN10LinkedListI8UnixFileE15getFirstElementEv
                0x00000000c001c52c        0x7 core/unixfile.32
                0x00000000c001c52c                LinkedList<UnixFile>::getFirstElement()

.text._ZN10LinkedListI8UnixFileE11removeFirstEv
                0x00000000c001c534       0xa1
 .text._ZN10LinkedListI8UnixFileE11removeFirstEv
                0x00000000c001c534       0xa1 core/unixfile.32
                0x00000000c001c534                LinkedList<UnixFile>::removeFirst()

.text._ZN10LinkedListI8UnixFileE7getNextEPS0_
                0x00000000c001c5d6        0x8
 .text._ZN10LinkedListI8UnixFileE7getNextEPS0_
                0x00000000c001c5d6        0x8 core/unixfile.32
                0x00000000c001c5d6                LinkedList<UnixFile>::getNext(UnixFile*)

.text._ZN16DriverlessDeviceD2Ev
                0x00000000c001c5de       0x1a
 .text._ZN16DriverlessDeviceD2Ev
                0x00000000c001c5de       0x1a hal/device.32
                0x00000000c001c5de                DriverlessDevice::~DriverlessDevice()
                0x00000000c001c5de                DriverlessDevice::~DriverlessDevice()

.text._ZN16DriverlessDeviceD0Ev
                0x00000000c001c5f8       0x2a
 .text._ZN16DriverlessDeviceD0Ev
                0x00000000c001c5f8       0x2a hal/device.32
                0x00000000c001c5f8                DriverlessDevice::~DriverlessDevice()

.text._ZN10LinkedListI6DeviceE10addElementEPS0_
                0x00000000c001c622       0xdc
 .text._ZN10LinkedListI6DeviceE10addElementEPS0_
                0x00000000c001c622       0xdc hal/device.32
                0x00000000c001c622                LinkedList<Device>::addElement(Device*)

.text._ZN10LinkedListI6DeviceEC2Ev
                0x00000000c001c6fe       0x42
 .text._ZN10LinkedListI6DeviceEC2Ev
                0x00000000c001c6fe       0x42 hal/device.32
                0x00000000c001c6fe                LinkedList<Device>::LinkedList()
                0x00000000c001c6fe                LinkedList<Device>::LinkedList()

.text._ZN10LinkedListIV18ThreadControlBlockE7isEmptyEv
                0x00000000c001c740       0x1c
 .text._ZN10LinkedListIV18ThreadControlBlockE7isEmptyEv
                0x00000000c001c740       0x1c hal/timer.32
                0x00000000c001c740                LinkedList<ThreadControlBlock volatile>::isEmpty()

.text._ZN10LinkedListIV18ThreadControlBlockE15getFirstElementEv
                0x00000000c001c75c        0x7
 .text._ZN10LinkedListIV18ThreadControlBlockE15getFirstElementEv
                0x00000000c001c75c        0x7 hal/timer.32
                0x00000000c001c75c                LinkedList<ThreadControlBlock volatile>::getFirstElement()

.text._ZN10LinkedListIV18ThreadControlBlockE11removeFirstEv
                0x00000000c001c764       0xb8
 .text._ZN10LinkedListIV18ThreadControlBlockE11removeFirstEv
                0x00000000c001c764       0xb8 hal/timer.32
                0x00000000c001c764                LinkedList<ThreadControlBlock volatile>::removeFirst()

.text._ZN10LinkedListIV18ThreadControlBlockE10addElementEPS1_
                0x00000000c001c81c       0xda
 .text._ZN10LinkedListIV18ThreadControlBlockE10addElementEPS1_
                0x00000000c001c81c       0xda hal/timer.32
                0x00000000c001c81c                LinkedList<ThreadControlBlock volatile>::addElement(ThreadControlBlock volatile*)

.text._ZN4ACPID2Ev
                0x00000000c001c8f8       0x23
 .text._ZN4ACPID2Ev
                0x00000000c001c8f8       0x23 hw/acpi.32
                0x00000000c001c8f8                ACPI::~ACPI()
                0x00000000c001c8f8                ACPI::~ACPI()

.text._ZN4ACPID0Ev