Archive member included to satisfy reference by file (symbol)

/cygdrive/d/Users/Alex/Desktop/Toolchain/Output/bin/../lib/gcc/i386-banana/8.1.0/libgcc.a(_divdi3.o)
                              fs/fat/ff.32 (__divdi3)
/cygdrive/d/Users/Alex/Desktop/Toolchain/Output/bin/../lib/gcc/i386-banana/8.1.0/libgcc.a(_moddi3.o)
                              thr/elf.32 (__moddi3)
/cygdrive/d/Users/Alex/Desktop/Toolchain/Output/bin/../lib/gcc/i386-banana/8.1.0/libgcc.a(_udivdi3.o)
                              fs/fat/ff.32 (__udivdi3)
/cygdrive/d/Users/Alex/Desktop/Toolchain/Output/bin/../lib/gcc/i386-banana/8.1.0/libgcc.a(_umoddi3.o)
                              core/pipe.32 (__umoddi3)
D:/Users/Alex/Desktop/Banana/kernel/libk/libm32.a(s_fabs.c.o)
                              hal/libresample/samplerate.32 (fabs)
D:/Users/Alex/Desktop/Banana/kernel/libk/libm32.a(s_lrint.S.o)
                              hal/libresample/samplerate.32 (lrint)
D:/Users/Alex/Desktop/Banana/kernel/libk/libm32.a(s_lrintf.S.o)
                              hal/sound/sndhw.32 (lrintf)

Discarded input sections

 .comment       0x0000000000000000       0x12 /cygdrive/d/Users/Alex/Desktop/Toolchain/Output/bin/../lib/gcc/i386-banana/8.1.0/crtbegin.o
 .comment       0x0000000000000000       0x12 acpica/utclib.32
 .comment       0x0000000000000000       0x12 core/malloc.32
 .comment       0x0000000000000000       0x12 libk/string.32
 .comment       0x0000000000000000       0x12 fs/fat/diskio.32
 .comment       0x0000000000000000       0x12 fs/fat/ff.32
 .comment       0x0000000000000000       0x12 fs/fat/ffsystem.32
 .comment       0x0000000000000000       0x12 fs/fat/ffunicode.32
 .comment       0x0000000000000000       0x12 hal/libresample/samplerate.32
 .comment       0x0000000000000000       0x12 hal/libresample/src_linear.32
 .comment       0x0000000000000000       0x12 hal/libresample/src_sinc.32
 .comment       0x0000000000000000       0x12 hal/libresample/src_zoh.32
 .group         0x0000000000000000       0x14 core/computer.32
 .group         0x0000000000000000        0xc core/computer.32
 .comment       0x0000000000000000       0x12 core/computer.32
 .comment       0x0000000000000000       0x12 core/gdt.32
 .group         0x0000000000000000        0xc core/idle.32
 .comment       0x0000000000000000       0x12 core/idle.32
 .comment       0x0000000000000000       0x12 core/idt.32
 .group         0x0000000000000000        0x8 core/kheap.32
 .group         0x0000000000000000        0x8 core/kheap.32
 .comment       0x0000000000000000       0x12 core/kheap.32
 .comment       0x0000000000000000       0x12 core/main.32
 .comment       0x0000000000000000       0x12 core/physmgr.32
 .group         0x0000000000000000        0xc core/pipe.32
 .comment       0x0000000000000000       0x12 core/pipe.32
 .group         0x0000000000000000        0xc core/terminal.32
 .comment       0x0000000000000000       0x12 core/terminal.32
 .group         0x0000000000000000        0x8 core/tss.32
 .text._ZN3CPU7readCR3Ev
                0x0000000000000000       0x12 core/tss.32
 .comment       0x0000000000000000       0x12 core/tss.32
 .group         0x0000000000000000        0x8 core/unixfile.32
 .group         0x0000000000000000        0xc core/unixfile.32
 .group         0x0000000000000000        0xc core/unixfile.32
 .group         0x0000000000000000        0x8 core/unixfile.32
 .group         0x0000000000000000        0xc core/unixfile.32
 .group         0x0000000000000000        0x8 core/unixfile.32
 .group         0x0000000000000000        0xc core/unixfile.32
 .group         0x0000000000000000        0xc core/unixfile.32
 .comment       0x0000000000000000       0x12 core/unixfile.32
 .group         0x0000000000000000        0x8 core/virtmgr.32
 .group         0x0000000000000000        0x8 core/virtmgr.32
 .text._ZN3CPU7readCR3Ev
                0x0000000000000000       0x12 core/virtmgr.32
 .text._ZN3CPU8writeCR3Em
                0x0000000000000000        0x9 core/virtmgr.32
 .comment       0x0000000000000000       0x12 core/virtmgr.32
 .comment       0x0000000000000000       0x12 coreobjs/c++.32
 .comment       0x0000000000000000       0x12 dbg/kconsole.32
 .group         0x0000000000000000        0xc fs/vfs.32
 .group         0x0000000000000000        0xc fs/vfs.32
 .group         0x0000000000000000        0xc fs/vfs.32
 .comment       0x0000000000000000       0x12 fs/vfs.32
 .group         0x0000000000000000        0xc hal/bus.32
 .comment       0x0000000000000000       0x12 hal/bus.32
 .group         0x0000000000000000        0xc hal/buzzer.32
 .comment       0x0000000000000000       0x12 hal/buzzer.32
 .group         0x0000000000000000        0xc hal/clock.32
 .comment       0x0000000000000000       0x12 hal/clock.32
 .group         0x0000000000000000       0x14 hal/device.32
 .group         0x0000000000000000        0xc hal/device.32
 .group         0x0000000000000000        0xc hal/device.32
[...]
Memory Configuration

Name             Origin             Length             Attributes
*default*        0x0000000000000000 0xffffffffffffffff

Linker script and memory map

LOAD D:/Users/Alex/Desktop/Banana/kernel/boot.32
LOAD crti.32
LOAD /cygdrive/d/Users/Alex/Desktop/Toolchain/Output/bin/../lib/gcc/i386-banana/8.1.0/crtbegin.o
LOAD D:/Users/Alex/Desktop/Banana/kernel/morenasm.32
LOAD acpica/utclib.32
LOAD core/malloc.32
LOAD libk/string.32
LOAD fs/fat/diskio.32
LOAD fs/fat/ff.32
LOAD fs/fat/ffsystem.32
LOAD fs/fat/ffunicode.32
LOAD hal/libresample/samplerate.32
LOAD hal/libresample/src_linear.32
LOAD hal/libresample/src_sinc.32
LOAD hal/libresample/src_zoh.32
LOAD core/computer.32
LOAD core/gdt.32
LOAD core/idle.32
LOAD core/idt.32
LOAD core/kheap.32
LOAD core/main.32
LOAD core/physmgr.32
LOAD core/pipe.32
LOAD core/terminal.32
LOAD core/tss.32
LOAD core/unixfile.32
LOAD core/virtmgr.32
LOAD coreobjs/c++.32
LOAD dbg/kconsole.32
LOAD fs/vfs.32
LOAD hal/bus.32
LOAD hal/buzzer.32
LOAD hal/clock.32
LOAD hal/device.32
LOAD hal/diskctrl.32
LOAD hal/diskphys.32
LOAD hal/fpu.32
LOAD hal/intctrl.32
LOAD hal/keybrd.32
LOAD hal/logidisk.32
LOAD hal/mouse.32
LOAD hal/partition.32
LOAD hal/timer.32
LOAD hal/vcache.32
LOAD hal/video.32
LOAD hw/acpi.32
LOAD hw/cpu.32
LOAD hw/ports.32
LOAD krnl/panic.32
LOAD reg/registry.32
LOAD sys/sc_exit.32
LOAD sys/sc_loaddll.32
LOAD sys/sc_read.32
LOAD sys/sc_sbrk.32
LOAD sys/sc_write.32
LOAD sys/sc_yield.32
LOAD sys/syscalls.32
LOAD thr/elf.32
LOAD thr/prcssthr.32
LOAD vm86/vm8086.32
LOAD fs/fat/vfslink.32
LOAD fs/iso9660/vfslink.32
LOAD hal/sound/sndchannel.32
LOAD hal/sound/sndhw.32
LOAD hw/bus/isa.32
LOAD hw/bus/pci.32
LOAD hw/diskctrl/ide.32
LOAD hw/diskphys/ata.32
LOAD hw/diskphys/atapi.32
LOAD hw/fpu/avx.32
LOAD hw/fpu/mmx.32
LOAD hw/fpu/sse.32
LOAD hw/fpu/x87.32
LOAD hw/intctrl/apic.32
LOAD hw/intctrl/pic.32
LOAD hw/timer/apictimer.32
LOAD hw/timer/pit.32
LOAD hw/fpu/x86/avx.32
LOAD hw/fpu/x86/sse.32
LOAD hw/fpu/x86/x87.32
LOAD /cygdrive/d/Users/Alex/Desktop/Toolchain/Output/bin/../lib/gcc/i386-banana/8.1.0/crtend.o
LOAD crtn.32
LOAD /cygdrive/d/Users/Alex/Desktop/Toolchain/Output/bin/../lib/gcc/i386-banana/8.1.0/libgcc.a
LOAD D:/Users/Alex/Desktop/Banana/kernel/libk/libm32.a
                0x00000000c0000000                . = 0xc0000000

.text           0x00000000c0000000    0x1f758
 *(.text)
 .text          0x00000000c0000000       0x41 D:/Users/Alex/Desktop/Banana/kernel/boot.32
                0x00000000c0000020                callGlobalConstructors
 .text          0x00000000c0000041        0x0 crti.32
 *fill*         0x00000000c0000041        0x3 
 .text          0x00000000c0000044      0x101 /cygdrive/d/Users/Alex/Desktop/Toolchain/Output/bin/../lib/gcc/i386-banana/8.1.0/crtbegin.o
 *fill*         0x00000000c0000145        0xb 
 .text          0x00000000c0000150      0x4d1 D:/Users/Alex/Desktop/Banana/kernel/morenasm.32
                0x00000000c0000150                voodooXADD
                0x00000000c00001fd                doTPAUSE
                0x00000000c0000207                hasLegacyFPU
                0x00000000c000022c                is486
                0x00000000c0000262                goToVM86
                0x00000000c0000293                goToUsermode
                0x00000000c00002c3                switchToThreadASMFirstTime
                0x00000000c00002d1                switchToThreadASM
                0x00000000c0000371                detectCPUID
                0x00000000c0000387                asmQuickAcquireLock
                0x00000000c00003a5                asmQuickReleaseLock
                0x00000000c00003b1                asmAcquireLock
                0x00000000c00003d2                asmReleaseLock
                0x00000000c00003e5                loadGDT
                0x00000000c0000405                isr0
                0x00000000c0000415                isr1
                0x00000000c000041f                isr2
                0x00000000c0000429                isr3
                0x00000000c0000433                isr4
                0x00000000c000043d                isr5
                0x00000000c0000447                isr6
                0x00000000c0000451                isr7
                0x00000000c000045b                isr8
                0x00000000c0000463                isr9
                0x00000000c000046d                isr10
                0x00000000c0000475                isr11
                0x00000000c000047d                isr12
                0x00000000c0000485                isr13
                0x00000000c000048d                isr14
                0x00000000c0000495                isr15
                0x00000000c000049f                isr16
                0x00000000c00004a9                isr17
                0x00000000c00004b3                isr18
                0x00000000c00004bd                isr96
                0x00000000c00004c7                irq0
                0x00000000c00004d1                irq1
                0x00000000c00004db                irq2
                0x00000000c00004e5                irq3
                0x00000000c00004ef                irq4
                0x00000000c00004f9                irq5
                0x00000000c0000503                irq6
                0x00000000c000050d                irq7
                0x00000000c0000517                irq8
                0x00000000c0000521                irq9
                0x00000000c000052b                irq10
                0x00000000c0000535                irq11
                0x00000000c000053f                irq12
                0x00000000c0000549                irq13
                0x00000000c0000553                irq14
                0x00000000c000055d                irq15
                0x00000000c0000567                irq16
                0x00000000c0000571                irq17
                0x00000000c000057b                irq18
                0x00000000c0000585                irq19
                0x00000000c000058f                irq20
                0x00000000c0000599                irq21
                0x00000000c00005a3                irq22
                0x00000000c00005ad                irq23
                0x00000000c00005b7                int_common_stub
                0x00000000c00005e7                syscall_common_stub
 .text          0x00000000c0000621      0x411 acpica/utclib.32
                0x00000000c0000621                memcmp
                0x00000000c000064c                memmove
                0x00000000c0000684                memcpy
                0x00000000c00006ba                memset
                0x00000000c00006d7                strlen
                0x00000000c00006e7                strpbrk
                0x00000000c000070a                strtok
                0x00000000c0000759                strcpy
                0x00000000c0000779                strncpy
                0x00000000c00007aa                strcmp
                0x00000000c00007cb                strchr
                0x00000000c00007e1                strncmp
                0x00000000c0000810                strcat
                0x00000000c0000837                strncat
                0x00000000c0000871                strstr
                0x00000000c00008ae                toupper
                0x00000000c00008c2                tolower
                0x00000000c00008d6                simple_strtoul
 .text          0x00000000c0000a32      0xfc2 core/malloc.32
                0x00000000c0000b9d                dlfree
                0x00000000c0000efb                dlmalloc
                0x00000000c0001438                dlrealloc
                0x00000000c00015ed                dlmemalign
                0x00000000c0001710                dlcalloc
                0x00000000c00017aa                dlcfree
                0x00000000c00017af                dlindependent_calloc
                0x00000000c00017d4                dlindependent_comalloc
                0x00000000c00017eb                dlvalloc
                0x00000000c0001816                dlpvalloc
                0x00000000c000184c                dlmalloc_trim
                0x00000000c0001859                dlmalloc_usable_size
                0x00000000c000188a                dlmallinfo
                0x00000000c0001959                dlmalloc_stats
                0x00000000c000196a                dlmallopt
 .text          0x00000000c00019f4        0x0 libk/string.32
 .text          0x00000000c00019f4       0x51 fs/fat/diskio.32
                0x00000000c00019f4                disk_status
                0x00000000c00019f7                disk_initialize
                0x00000000c00019fa                disk_read
                0x00000000c0001a10                disk_write
                0x00000000c0001a26                disk_ioctl
 .text          0x00000000c0001a45     0x67e6 fs/fat/ff.32
                0x00000000c0004cfb                f_mount
                0x00000000c0004d5d                f_open
                0x00000000c0005199                f_read
                0x00000000c0005419                f_write
                0x00000000c00056d3                f_sync
                0x00000000c00058af                f_close
                0x00000000c00058de                f_lseek
                0x00000000c0005d43                f_opendir
                0x00000000c0005e45                f_closedir
                0x00000000c0005e67                f_readdir
                0x00000000c0005f02                f_stat
                0x00000000c0005f91                f_getfree
                0x00000000c0006179                f_truncate
                0x00000000c0006271                f_unlink
                0x00000000c00063f2                f_mkdir
                0x00000000c000661e                f_rename
                0x00000000c0006911                f_chmod
                0x00000000c00069ef                f_utime
                0x00000000c0006acd                f_getlabel
                0x00000000c0006cc1                f_setlabel
                0x00000000c0006f2e                f_forward
                0x00000000c000710c                f_mkfs
 .text          0x00000000c000822b       0x2d fs/fat/ffsystem.32
                0x00000000c000822b                ff_memalloc
                0x00000000c0008241                ff_memfree
 .text          0x00000000c0008258      0x280 fs/fat/ffunicode.32
                0x00000000c0008258                ff_uni2oem
                0x00000000c00082ee                ff_oem2uni
                0x00000000c000835d                ff_wtoupper
 .text          0x00000000c00084d8      0x70e hal/libresample/samplerate.32
                0x00000000c0008560                src_delete
                0x00000000c000859c                src_process
                0x00000000c00086c4                src_callback_read
                0x00000000c0008825                src_set_ratio
                0x00000000c000887c                src_get_channels
                0x00000000c000889e                src_reset
                0x00000000c00088e2                src_new
                0x00000000c0008970                src_callback_new
                0x00000000c00089d2                src_get_name
                0x00000000c0008a09                src_get_description
                0x00000000c0008a40                src_get_version
                0x00000000c0008a46                src_is_valid_ratio
                0x00000000c0008a60                src_error
                0x00000000c0008a6e                src_strerror
                0x00000000c0008a81                src_simple
                0x00000000c0008ad4                src_short_to_float_array
                0x00000000c0008afa                src_float_to_short_array
                0x00000000c0008b5e                src_int_to_float_array
                0x00000000c0008b84                src_float_to_int_array
 .text          0x00000000c0008be6      0x3f9 hal/libresample/src_linear.32
                0x00000000c0008f3a                linear_get_name
                0x00000000c0008f49                linear_get_description
                0x00000000c0008f58                linear_set_converter
 .text          0x00000000c0008fdf     0x1a31 hal/libresample/src_sinc.32
                0x00000000c000a927                sinc_get_name
                0x00000000c000a93a                sinc_get_description
                0x00000000c000a94d                sinc_set_converter
 .text          0x00000000c000aa10      0x3cf hal/libresample/src_zoh.32
                0x00000000c000ad3a                zoh_get_name
                0x00000000c000ad49                zoh_get_description
                0x00000000c000ad58                zoh_set_converter
 *fill*         0x00000000c000addf        0x1 
 .text          0x00000000c000ade0      0x9d0 core/computer.32
                0x00000000c000ade0                Computer::close(int, int, void*)
                0x00000000c000ae26                Computer::Computer()
                0x00000000c000ae26                Computer::Computer()
                0x00000000c000af8c                Computer::setBootMessage(char const*)
                0x00000000c000af8e                Computer::start()
                0x00000000c000b091                firstTask()
                0x00000000c000b0a0                Computer::detectFeatures()
                0x00000000c000b29a                Computer::displayFeatures()
                0x00000000c000b576                Computer::rdmsr(unsigned int)
                0x00000000c000b5a2                Computer::wrmsr(unsigned int, unsigned long long)
                0x00000000c000b5da                Computer::nmiEnabled()
                0x00000000c000b5e6                Computer::readCMOS(unsigned char)
                0x00000000c000b602                Computer::enableNMI(bool)
                0x00000000c000b61a                Computer::open(int, int, void*)
                0x00000000c000b6ee                Computer::disableNMI()
                0x00000000c000b6fe                Computer::writeCMOS(unsigned char, unsigned char)
                0x00000000c000b71e                Computer::handleNMI()
                0x00000000c000b784                Computer::setDiskActivityLight(int, bool)
 .text          0x00000000c000b7b0      0x1b7 core/gdt.32
                0x00000000c000b7b0                GDTEntry::setBase(unsigned int)
                0x00000000c000b7cc                GDTEntry::setLimit(unsigned int)
                0x00000000c000b7ea                GDT::GDT()
                0x00000000c000b7ea                GDT::GDT()
                0x00000000c000b800                GDT::addEntry(GDTEntry)
                0x00000000c000b83c                GDT::getNumberOfEntries()
                0x00000000c000b844                GDT::flush()
                0x00000000c000b866                GDT::setup()
 .text          0x00000000c000b967       0x61 core/idle.32
                0x00000000c000b967                idleFunction(void*)
 .text          0x00000000c000b9c8      0x45f core/idt.32
                0x00000000c000b9c8                IDTEntry::IDTEntry(bool)
                0x00000000c000b9c8                IDTEntry::IDTEntry(bool)
                0x00000000c000ba36                IDTEntry::setOffset(unsigned int)
                0x00000000c000ba4a                IDT::IDT()
                0x00000000c000ba4a                IDT::IDT()
                0x00000000c000ba4c                IDT::getPointerToInvalidOpcodeEntryForF00F()
                0x00000000c000ba54                IDT::addEntry(IDTEntry, int)
                0x00000000c000ba6e                IDT::addEntry(int, void (*)(), bool)
                0x00000000c000baa6                IDT::flush()
                0x00000000c000bac0                IDT::setup()
 .text          0x00000000c000be27      0x20c core/kheap.32
                0x00000000c000be27                sbrk
                0x00000000c000bf3e                mmap
                0x00000000c000bf54                munmap
                0x00000000c000bf6a                liballoc_lock()
                0x00000000c000bf7b                liballoc_unlock()
                0x00000000c000bf8c                liballoc_alloc(int)
                0x00000000c000bfa7                liballoc_free(void*, int)
                0x00000000c000bfc5                realloc
                0x00000000c000bfd9                malloc
                0x00000000c000bfe9                free
                0x00000000c000bff9                rfree
                0x00000000c000c009                calloc
 .text          0x00000000c000c033      0x3a9 core/main.32
                0x00000000c000c033                hwTextMode_loadInData(VgaText*)
                0x00000000c000c078                hwTextMode_loadInTitle(VgaText*, char*)
                0x00000000c000c0c2                hwTextMode_showCursor(VgaText*, bool)
                0x00000000c000c116                hwTextMode_update(VgaText*)
                0x00000000c000c117                hwTextMode_updateCursor(VgaText*)
                0x00000000c000c165                hwTextMode_disableBlink(VgaText*, bool)
                0x00000000c000c1a1                hwTextMode_scrollScreen(VgaText*)
                0x00000000c000c22d                hwTextMode_writeCharacter(VgaText*, char, VgaColour, VgaColour, int, int)
                0x00000000c000c293                setupTextMode()
                0x00000000c000c2e4                kernel_main
 .text          0x00000000c000c3dc      0x504 core/physmgr.32
                0x00000000c000c3dc                Phys::allocateDMA(unsigned long)
                0x00000000c000c480                Phys::freeDMA(unsigned long, unsigned long)
                0x00000000c000c4c8                Phys::setPageState(unsigned long, bool)
                0x00000000c000c501                Phys::getPageState(unsigned long)
                0x00000000c000c522                Phys::freePage(unsigned long)
                0x00000000c000c5af                Phys::allocatePage()
                0x00000000c000c67b                Phys::allowSegmentToBeUsed(unsigned long, unsigned long)
                0x00000000c000c6b3                Phys::physicalMemorySetup(unsigned int)
 .text          0x00000000c000c8e0      0x273 core/pipe.32
                0x00000000c000c8e0                Pipe::isAtty()
                0x00000000c000c8e4                Pipe::~Pipe()
                0x00000000c000c8e4                Pipe::~Pipe()
                0x00000000c000c908                Pipe::~Pipe()
                0x00000000c000c930                Pipe::read(unsigned long long, void*, int*)
                0x00000000c000ca24                Pipe::write(unsigned long long, void*, int*)
                0x00000000c000caec                Pipe::Pipe(int)
                0x00000000c000caec                Pipe::Pipe(int)
 *fill*         0x00000000c000cb53        0x1 
 .text          0x00000000c000cb54      0xf67 core/terminal.32
                0x00000000c000cb54                VgaText::isAtty()
                0x00000000c000cb58                VgaText::~VgaText()
                0x00000000c000cb58                VgaText::~VgaText()
                0x00000000c000cb7c                VgaText::~VgaText()
                0x00000000c000cba6                VgaText::read(unsigned long long, void*, int*)
                0x00000000c000cbc6                setTerminalScrollLock(bool)
                0x00000000c000cbc7                addToTerminalCycle(VgaText*)
                0x00000000c000cbf4                installVgaTextImplementation()
                0x00000000c000cc09                scrollTerminalScrollLock(int)
                0x00000000c000cc0a                VgaText::load()
                0x00000000c000cc5e                VgaText::updateCursor()
                0x00000000c000cc78                VgaText::showCursor(bool)
                0x00000000c000cc88                VgaText::disableBlink(bool)
                0x00000000c000ccc2                VgaText::doANSI_SGR(int)
                0x00000000c000cd4e                VgaText::setDefaultBgColour(VgaColour)
                0x00000000c000cd64                VgaText::setDefaultFgColour(VgaColour)
                0x00000000c000cd7a                VgaText::setDefaultColours(VgaColour, VgaColour)
                0x00000000c000cd9a                VgaText::combineColours(unsigned char, unsigned char)
                0x00000000c000cdac                VgaText::scrollScreen()
                0x00000000c000ce40                VgaText::combineCharAndColour(char, unsigned char)
                0x00000000c000ce52                VgaText::writeCharacter(char, VgaColour, VgaColour, int, int)
                0x00000000c000ceb2                VgaText::getCursorX()
                0x00000000c000cebe                VgaText::getCursorY()
                0x00000000c000ceca                VgaText::setCursor(int, int)
                0x00000000c000cee8                VgaText::setCursorX(int)
                0x00000000c000cf04                VgaText::setCursorY(int)
                0x00000000c000cf20                VgaText::incrementCursor(bool)
                0x00000000c000cf88                VgaText::updateRAMUsageDisplay(int)
                0x00000000c000cfe2                VgaText::updateDiskUsage()
                0x00000000c000d148                VgaText::updateTitle()
                0x00000000c000d18e                VgaText::setTitleTextColour(VgaColour)
                0x00000000c000d19e                VgaText::setTitleColour(VgaColour)
                0x00000000c000d1ae                VgaText::setTitle(char*)
                0x00000000c000d1d4                VgaText::decrementCursor(bool)
                0x00000000c000d1fc                VgaText::putchar(char, VgaColour, VgaColour)
                0x00000000c000d2f8                VgaText::isShowingCursor()
                0x00000000c000d304                VgaText::isBlinkDisabled()
                0x00000000c000d312                VgaText::setCursorHeight(int)
                0x00000000c000d330                VgaText::getCursorHeight()
                0x00000000c000d33b                setActiveTerminal(VgaText*)
                0x00000000c000d3ed                doTerminalCycle()
                0x00000000c000d40a                VgaText::doUpdate()
                0x00000000c000d41c                VgaText::puts(char const*, VgaColour, VgaColour)
                0x00000000c000d5de                VgaText::clearScreen()
                0x00000000c000d642                VgaText::putchar(char)
                0x00000000c000d75c                VgaText::puts(char const*)
                0x00000000c000d782                VgaText::putx(unsigned int)
                0x00000000c000d7c8                VgaText::VgaText(char const*)
                0x00000000c000d7c8                VgaText::VgaText(char const*)
                0x00000000c000d95a                VgaText::receiveKey(unsigned char)
                0x00000000c000da42                VgaText::write(unsigned long long, void*, int*)
                0x00000000c000da96                newTerminal(char*)
 *fill*         0x00000000c000dabb        0x1 
 .text          0x00000000c000dabc      0x18f core/tss.32
                0x00000000c000dabc                TSS::TSS()
                0x00000000c000dabc                TSS::TSS()
                0x00000000c000daca                TSS::setESP(unsigned long)
                0x00000000c000dadc                TSS::flush()
                0x00000000c000dafc                TSS::setup(unsigned long, unsigned long)
 *fill*         0x00000000c000dc4b        0x1 
 .text          0x00000000c000dc4c      0x545 core/unixfile.32
                0x00000000c000dc4c                ReservedFilename::read(unsigned long long, void*, int*)
                0x00000000c000dce2                ReservedFilename::isAtty()
                0x00000000c000dd18                ReservedFilename::write(unsigned long long, void*, int*)
                0x00000000c000ddb2                UnixFile::getFileDescriptor()
                0x00000000c000ddba                UnixFile::UnixFile(int)
                0x00000000c000ddba                UnixFile::UnixFile(int)
                0x00000000c000df2a                ReservedFilename::ReservedFilename(int)
                0x00000000c000df2a                ReservedFilename::ReservedFilename(int)
                0x00000000c000df5c                UnixFile::~UnixFile()
                0x00000000c000df5c                UnixFile::~UnixFile()
                0x00000000c000dff4                UnixFile::~UnixFile()
                0x00000000c000e01c                ReservedFilename::~ReservedFilename()
                0x00000000c000e01c                ReservedFilename::~ReservedFilename()
                0x00000000c000e040                ReservedFilename::~ReservedFilename()
                0x00000000c000e067                getFromFileDescriptor(int)
 *fill*         0x00000000c000e191        0x1 
 .text          0x00000000c000e192      0xecf core/virtmgr.32
                0x00000000c000e192                Virt::setPageState(unsigned long, Virt::VirtPageState)
                0x00000000c000e1c9                Virt::getPageState(unsigned long)
                0x00000000c000e1f0                Virt::allocateKernelVirtualPages(int)
                0x00000000c000e301                Virt::virtualMemorySetup()
                0x00000000c000e37d                Virt::getAKernelVAS()
                0x00000000c000e383                Virt::setupPageSwapping(int)
                0x00000000c000e49e                VAS::VAS()
                0x00000000c000e49e                VAS::VAS()
                0x00000000c000e4ce                VAS::VAS(VAS*)
                0x00000000c000e4ce                VAS::VAS(VAS*)
                0x00000000c000e4f2                VAS::getForeignPageTableEntry(bool, unsigned long)
                0x00000000c000e51e                VAS::getPageTableEntry(unsigned long)
                0x00000000c000e53d                Virt::freeKernelVirtualPages(unsigned long)
                0x00000000c000e65e                VAS::freeAllocatedPages(unsigned long)
                0x00000000c000e682                VAS::virtualToPhysical(unsigned long)
                0x00000000c000e69c                VAS::reflagRange(unsigned long, int, int, int)
                0x00000000c000e6e0                VAS::setToWriteCombining(unsigned long, int)
                0x00000000c000e71a                VAS::mapOtherVASIn(bool, VAS*)
                0x00000000c000e750                VAS::~VAS()
                0x00000000c000e750                VAS::~VAS()
                0x00000000c000e8bc                VAS::mapPage(unsigned long, unsigned long, int)
                0x00000000c000e9be                VAS::allocatePages(int, int)
                0x00000000c000eb90                VAS::setCPUSpecific(unsigned long)
                0x00000000c000ebae                VAS::mapRange(unsigned long, unsigned long, int, int)
                0x00000000c000ec78                VAS::mapForeignPage(bool, VAS*, unsigned long, unsigned long, int)
                0x00000000c000ed6a                VAS::VAS(bool)
                0x00000000c000ed6a                VAS::VAS(bool)
                0x00000000c000ef9a                mapVASFirstTime
 .text          0x00000000c000f061       0x93 coreobjs/c++.32
                0x00000000c000f061                __cxa_atexit
                0x00000000c000f064                __cxa_finalize
                0x00000000c000f065                __stack_chk_fail
                0x00000000c000f0c5                __cxa_pure_virtual
                0x00000000c000f0d6                operator new(unsigned long)
                0x00000000c000f0db                operator new[](unsigned long)
                0x00000000c000f0e0                operator delete(void*)
                0x00000000c000f0e5                operator delete(void*, unsigned long)
                0x00000000c000f0ea                operator delete[](void*)
                0x00000000c000f0ef                operator delete[](void*, unsigned long)
 .text          0x00000000c000f0f4      0x23d dbg/kconsole.32
                0x00000000c000f0f4                Dbg::stringifyxWithBase(unsigned int, char*, int)
                0x00000000c000f198                Dbg::logc(char)
                0x00000000c000f1af                Dbg::logs(char*)
                0x00000000c000f1cc                Dbg::logWriteInt(unsigned int)
                0x00000000c000f1ea                Dbg::logWriteIntBase(unsigned int, int)
                0x00000000c000f20b                Dbg::kprintf(char const*, ...)
 *fill*         0x00000000c000f331        0x1 
 .text          0x00000000c000f332      0xb68 fs/vfs.32
                0x00000000c000f332                File::read(unsigned long long, void*, int*)
                0x00000000c000f38a                File::write(unsigned long long, void*, int*)
                0x00000000c000f3e2                Directory::read(unsigned long long, void*, int*)
                0x00000000c000f43a                Directory::write(unsigned long long, void*, int*)
                0x00000000c000f468                File::isAtty()
                0x00000000c000f46c                Directory::isAtty()
                0x00000000c000f470                Filesystem::getlabel(LogicalDisk*, int, char*, unsigned int*)
                0x00000000c000f476                Filesystem::setlabel(LogicalDisk*, int, char*)
                0x00000000c000f47c                File::~File()
                0x00000000c000f47c                File::~File()
                0x00000000c000f4a0                File::~File()
                0x00000000c000f4ca                Directory::~Directory()
                0x00000000c000f4ca                Directory::~Directory()
                0x00000000c000f4ee                Directory::~Directory()
                0x00000000c000f518                Filesystem::Filesystem()
                0x00000000c000f518                Filesystem::Filesystem()
                0x00000000c000f53c                Filesystem::~Filesystem()
                0x00000000c000f53c                Filesystem::~Filesystem()
                0x00000000c000f54a                Filesystem::~Filesystem()
                0x00000000c000f56e                initVFS()
                0x00000000c000f598                standardiseFiles(char*, char const*, char const*)
                0x00000000c000f742                File::File(char const*, Process*)
                0x00000000c000f742                File::File(char const*, Process*)
                0x00000000c000f7a6                File::open(FileOpenMode)
                0x00000000c000f804                File::close()
                0x00000000c000f864                File::seek(unsigned long long)
                0x00000000c000f8ba                File::tell(unsigned long long*)
                0x00000000c000f90a                File::rewind()
                0x00000000c000f91e                File::unlink()
                0x00000000c000f96a                File::rename(char const*)
                0x00000000c000f9b8                File::chfatattr(unsigned char, unsigned char)
                0x00000000c000fa14                File::exists()
                0x00000000c000fa52                File::stat(unsigned long long*, bool*)
                0x00000000c000fab3                getcwd(Process*, char*, int)
                0x00000000c000fadd                setcwd(Process*, char*)
                0x00000000c000fc04                Directory::Directory(char const*, Process*)
                0x00000000c000fc04                Directory::Directory(char const*, Process*)
                0x00000000c000fc68                Directory::open()
                0x00000000c000fcc4                Directory::close()
                0x00000000c000fd24                Directory::unlink()
                0x00000000c000fd70                Directory::rename(char const*)
                0x00000000c000fdbe                Directory::exists()
                0x00000000c000fdfc                Directory::read(dirent*)
                0x00000000c000fe48                Directory::create()
                0x00000000c000fe94                Filesystem::chfatattr(char const*, unsigned char, unsigned char)
 .text          0x00000000c000fe9a       0x84 hal/bus.32
                0x00000000c000fe9a                Bus::Bus(char const*)
                0x00000000c000fe9a                Bus::Bus(char const*)
                0x00000000c000fed0                Bus::~Bus()
                0x00000000c000fed0                Bus::~Bus()
                0x00000000c000fef4                Bus::~Bus()
 .text          0x00000000c000ff1e      0x14e hal/buzzer.32
                0x00000000c000ff1e                Buzzer::Buzzer(char const*)
                0x00000000c000ff1e                Buzzer::Buzzer(char const*)
                0x00000000c000ff62                Buzzer::~Buzzer()
                0x00000000c000ff62                Buzzer::~Buzzer()
                0x00000000c000ff86                Buzzer::~Buzzer()
                0x00000000c000ffb0                Buzzer::stop()
                0x00000000c000ffc3                beepThread(void*)
                0x00000000c000fffe                Buzzer::beep(int, int, bool)
 .text          0x00000000c001006c      0x435 hal/clock.32
                0x00000000c001006c                loadClockSettings()
                0x00000000c0010086                Clock::Clock(char const*)
                0x00000000c0010086                Clock::Clock(char const*)
                0x00000000c00100bc                Clock::~Clock()
                0x00000000c00100bc                Clock::~Clock()
                0x00000000c00100e0                Clock::~Clock()
                0x00000000c001010a                Clock::timeInSecondsLocal()
                0x00000000c0010152                Clock::setTimeInSecondsLocal(unsigned long long)
                0x00000000c00101ab                datetimeToSeconds(datetime_t)
                0x00000000c00102d8                Clock::setTimeInDatetimeLocal(datetime_t)
                0x00000000c0010338                secondsToDatetime(unsigned long long)
                0x00000000c001047c                Clock::timeInDatetimeLocal()
 *fill*         0x00000000c00104a1        0x1 
 .text          0x00000000c00104a2      0x500 hal/device.32
                0x00000000c00104a2                Device::hibernate()
                0x00000000c00104a4                Device::wake()
                0x00000000c00104a6                Device::detect()
                0x00000000c00104a8                Device::disableLegacy()
                0x00000000c00104aa                Device::powerSaving(PowerSavingLevel)
                0x00000000c00104ac                DriverlessDevice::close(int, int, void*)
                0x00000000c00104b0                DriverlessDevice::detect()
                0x00000000c00104b2                DriverlessDevice::open(int, int, void*)
                0x00000000c00104c6                Device::~Device()
                0x00000000c00104c6                Device::~Device()
                0x00000000c00104d4                Device::~Device()
                0x00000000c00104fc                Device::findAndLoadDriver()
                0x00000000c00104fe                Device::preOpenPCI(PCIDeviceInfo)
                0x00000000c0010520                Device::preOpenACPI(void*, char*, char*)
                0x00000000c0010574                Device::addIRQHandler(int, void (*)(regs*, void*), bool, void*)
                0x00000000c00105d2                Device::removeIRQHandler(int, void (*)(regs*, void*), bool)
                0x00000000c0010620                Device::addChild(Device*)
                0x00000000c0010664                Device::removeAllChildren()
                0x00000000c00106aa                Device::hibernateAll()
                0x00000000c00106da                Device::wakeAll()
                0x00000000c001070a                Device::detectAll()
                0x00000000c001073a                Device::disableLegacyAll()
                0x00000000c001076a                Device::loadDriversForAll()
                0x00000000c0010796                Device::closeAll()
                0x00000000c00107cc                Device::powerSavingAll(PowerSavingLevel)
                0x00000000c0010802                Device::setName(char const*)
                0x00000000c0010810                Device::Device(char const*)
                0x00000000c0010810                Device::Device(char const*)
                0x00000000c0010902                Device::getName()
                0x00000000c001090c                DriverlessDevice::DriverlessDevice(char const*)
                0x00000000c001090c                DriverlessDevice::DriverlessDevice(char const*)
                0x00000000c0010934                Device::addToLinkedList(LinkedList<Device>&, DeviceType)
                0x00000000c0010978                getDevicesOfType(DeviceType)
 .text          0x00000000c00109a2       0x84 hal/diskctrl.32
                0x00000000c00109a2                HardDiskController::HardDiskController(char const*)
                0x00000000c00109a2                HardDiskController::HardDiskController(char const*)
                0x00000000c00109d8                HardDiskController::~HardDiskController()
                0x00000000c00109d8                HardDiskController::~HardDiskController()
                0x00000000c00109fc                HardDiskController::~HardDiskController()
 .text          0x00000000c0010a26       0xde hal/diskphys.32
                0x00000000c0010a26                PhysicalDisk::PhysicalDisk(char const*, int)
                0x00000000c0010a26                PhysicalDisk::PhysicalDisk(char const*, int)
                0x00000000c0010a8e                PhysicalDisk::startCache()
                0x00000000c0010ab6                PhysicalDisk::~PhysicalDisk()
                0x00000000c0010ab6                PhysicalDisk::~PhysicalDisk()
                0x00000000c0010ada                PhysicalDisk::~PhysicalDisk()
 .text          0x00000000c0010b04      0x142 hal/fpu.32
                0x00000000c0010b04                FPU::FPU(char const*)
                0x00000000c0010b04                FPU::FPU(char const*)
                0x00000000c0010b3a                FPU::~FPU()
                0x00000000c0010b3a                FPU::~FPU()
                0x00000000c0010b5e                FPU::~FPU()
                0x00000000c0010b88                setupFPU()
 .text          0x00000000c0010c46     0x12db hal/intctrl.32
                0x00000000c0010c46                InterruptController::uninstallISRHandler(int, void (*)(regs*, void*))
                0x00000000c0010c7e                InterruptController::installISRHandler(int, void (*)(regs*, void*), void*)
                0x00000000c0010cd0                doubleFault(regs*, void*)
                0x00000000c0010cea                InterruptController::installIRQHandler(int, void (*)(regs*, void*), bool, void*)
                0x00000000c0010d86                InterruptController::clearAllHandlers(int, bool)
                0x00000000c0010e2e                InterruptController::uninstallIRQHandler(int, void (*)(regs*, void*), bool)
                0x00000000c0010eb5                nmiHandler(regs*, void*)
                0x00000000c0010ec3                int_handler
                0x00000000c0010f5e                InterruptController::InterruptController(char const*)
                0x00000000c0010f5e                InterruptController::InterruptController(char const*)
                0x00000000c0011004                InterruptController::~InterruptController()
                0x00000000c0011004                InterruptController::~InterruptController()
                0x00000000c0011028                InterruptController::~InterruptController()
                0x00000000c0011052                displayDebugInfo(regs*)
                0x00000000c0011469                x87EmulHandler(regs*, void*)
                0x00000000c00114cc                gpFault(regs*, void*)
                0x00000000c0011505                pgFault(regs*, void*)
                0x00000000c001151c                otherISRHandler(regs*, void*)
                0x00000000c001153b                opcodeFault(regs*, void*)
                0x00000000c0011af4                displayProgramFault(char const*)
                0x00000000c0011b1c                setupInterruptController()
                0x00000000c0011ed4                InterruptController::convertLegacyIRQNumber(int)
 *fill*         0x00000000c0011f21        0x1 
 .text          0x00000000c0011f22      0x61c hal/keybrd.32
                0x00000000c0011f22                startGUI(void*)
                0x00000000c0011f94                sendKeyToTerminal(unsigned char)
                0x00000000c0012005                sendKeyboardToken(KeyboardToken)
                0x00000000c00123ee                clearInternalKeybuffer(VgaText*)
                0x00000000c0012423                readKeyboard(VgaText*, char*, unsigned long)
                0x00000000c00124b4                Keyboard::Keyboard(char const*)
                0x00000000c00124b4                Keyboard::Keyboard(char const*)
                0x00000000c00124f0                Keyboard::~Keyboard()
                0x00000000c00124f0                Keyboard::~Keyboard()
                0x00000000c0012514                Keyboard::~Keyboard()
 .text          0x00000000c001253e      0x400 hal/logidisk.32
                0x00000000c001253e                LogicalDisk::close(int, int, void*)
                0x00000000c0012542                LogicalDisk::~LogicalDisk()
                0x00000000c0012542                LogicalDisk::~LogicalDisk()
                0x00000000c0012566                LogicalDisk::~LogicalDisk()
                0x00000000c0012590                LogicalDisk::open(int, int, void*)
                0x00000000c00125a4                LogicalDisk::absoluteToRelative(unsigned long long)
                0x00000000c00125dc                LogicalDisk::relativeToAbsolute(unsigned long long)
                0x00000000c0012622                LogicalDisk::LogicalDisk(char const*, PhysicalDisk*, unsigned long long, unsigned long long)
                0x00000000c0012622                LogicalDisk::LogicalDisk(char const*, PhysicalDisk*, unsigned long long, unsigned long long)
                0x00000000c00126d8                LogicalDisk::assignDriveLetter()
                0x00000000c001278e                LogicalDisk::mount()
                0x00000000c0012800                LogicalDisk::unmount()
                0x00000000c0012810                LogicalDisk::unassignDriveLetter()
                0x00000000c0012866                LogicalDisk::read(unsigned long long, int, void*)
                0x00000000c00128d2                LogicalDisk::write(unsigned long long, int, void*)
 .text          0x00000000c001293e       0x84 hal/mouse.32
                0x00000000c001293e                Mouse::Mouse(char const*)
                0x00000000c001293e                Mouse::Mouse(char const*)
                0x00000000c0012974                Mouse::~Mouse()
                0x00000000c0012974                Mouse::~Mouse()
                0x00000000c0012998                Mouse::~Mouse()
 .text          0x00000000c00129c2      0x339 hal/partition.32
                0x00000000c00129c2                makePartition(PhysicalDisk*, unsigned long long, unsigned long long)
                0x00000000c0012a6a                createPartitionsForDisk(PhysicalDisk*)
 *fill*         0x00000000c0012cfb        0x1 
 .text          0x00000000c0012cfc      0x2e7 hal/timer.32
                0x00000000c0012cfc                Timer::Timer(char const*)
                0x00000000c0012cfc                Timer::Timer(char const*)
                0x00000000c0012d32                Timer::~Timer()
                0x00000000c0012d32                Timer::~Timer()
                0x00000000c0012d56                Timer::~Timer()
                0x00000000c0012d80                Timer::read()
                0x00000000c0012d8b                timerHandler(unsigned long long)
                0x00000000c0012ec2                setupTimer(int)
 *fill*         0x00000000c0012fe3        0x1 
 .text          0x00000000c0012fe4      0x2d1 hal/vcache.32
                0x00000000c0012fe4                VCache::VCache(PhysicalDisk*)
                0x00000000c0012fe4                VCache::VCache(PhysicalDisk*)
                0x00000000c00130d4                VCache::writeWriteBuffer()
                0x00000000c0013110                VCache::~VCache()
                0x00000000c0013110                VCache::~VCache()
                0x00000000c0013150                VCache::~VCache()
                0x00000000c0013178                VCache::write(unsigned long long, int, void*)
                0x00000000c001325c                VCache::read(unsigned long long, int, void*)
 *fill*         0x00000000c00132b5        0x1 
 .text          0x00000000c00132b6      0x26d hal/video.32
                0x00000000c00132b6                Video::putrect(int, int, int, int, unsigned int)
                0x00000000c0013300                Video::blit(unsigned int*, int, int, int, int)
                0x00000000c001337e                Video::clearScreen(unsigned int)
                0x00000000c00133b2                Video::putpixel(int, int, unsigned int)
                0x00000000c00133c0                Video::Video(char const*)
                0x00000000c00133c0                Video::Video(char const*)
                0x00000000c00133f6                Video::~Video()
                0x00000000c00133f6                Video::~Video()
                0x00000000c001341a                Video::~Video()
                0x00000000c0013444                Video::isMonochrome()
                0x00000000c0013450                Video::getWidth()
                0x00000000c001345c                Video::getHeight()
                0x00000000c0013468                Video::drawCursor(int, int, unsigned char*, int)
 *fill*         0x00000000c0013523        0x1 
 .text          0x00000000c0013524      0xd68 hw/acpi.32
                0x00000000c0013524                ACPI::close(int, int, void*)
                0x00000000c00135dd                findRSDP()
                0x00000000c0013667                loadACPITables(unsigned char*)
                0x00000000c001388e                findRSDT(unsigned char*)
                0x00000000c00139ac                findDataTable(unsigned char*, char*)
                0x00000000c0013a48                scanMADT()
                0x00000000c0013e04                ACPI::ACPI()
                0x00000000c0013e04                ACPI::ACPI()
                0x00000000c0013e64                ACPI::getPCIIRQAssignment(unsigned char, unsigned short, unsigned char)
                0x00000000c0013f46                ACPI::registerPCIIRQAssignment(void*, unsigned short, unsigned char, unsigned char)
                0x00000000c0014056                ACPI::setScreenBrightnessLevel(void*, int)
                0x00000000c001405c                ACPI::writeSimpleBootFlag(SimpleBootFlagTable*)
                0x00000000c00140ae                ACPI::open(int, int, void*)
                0x00000000c0014274                ACPI::sleep()
 .text          0x00000000c001428c     0x17ae hw/cpu.32
                0x00000000c001428c                CPU::close(int, int, void*)
                0x00000000c001428f                lookupAMDCPUName(unsigned char, unsigned char)
                0x00000000c0014434                lookupIntelCPUName(unsigned char, unsigned char)
                0x00000000c00146ed                AMD_K6_write_msr(unsigned int, unsigned int, unsigned int, REGS*)
                0x00000000c0014709                AMD_K6_read_msr(unsigned int, REGS*)
                0x00000000c0014721                AMD_K6_writeback(int, int, int)
                0x00000000c0014794                cpuid(int, unsigned long*, unsigned long*, unsigned long*, unsigned long*)
                0x00000000c0014817                cpuidCheckEDX(unsigned int)
                0x00000000c0014844                cpuidCheckECX(unsigned int)
                0x00000000c0014871                cpuidCheckExtendedEBX(unsigned int)
                0x00000000c001489e                cpuidCheckExtendedECX(unsigned int)
                0x00000000c00148cb                getCPUNumber()
                0x00000000c00148ce                thisCPU()
                0x00000000c00148e2                CPU::CPU()
                0x00000000c00148e2                CPU::CPU()
                0x00000000c0014970                CPU::displayFeatures()
                0x00000000c0014bec                CPU::detectFeatures()
                0x00000000c00155c2                CPU::setupSMEP()
                0x00000000c00155dc                CPU::setupUMIP()
                0x00000000c00155f4                CPU::setupTSC()
                0x00000000c001560c                CPU::setupLargePages()
                0x00000000c0015624                CPU::setupPAT()
                0x00000000c0015660                CPU::setupMTRR()
                0x00000000c0015662                CPU::setupGlobalPages()
                0x00000000c0015678                CPU::allowUsermodeDataAccess()
                0x00000000c001568a                CPU::prohibitUsermodeDataAccess()
                0x00000000c001569c                CPU::setupSMAP()
                0x00000000c00156c2                CPU::setupFeatures()
                0x00000000c0015764                CPU::open(int, int, void*)
                0x00000000c001583a                CPU::decodeAddress(regs*, int*, bool*, unsigned char*)
 .text          0x00000000c0015a3a        0x0 hw/ports.32
 .text          0x00000000c0015a3a      0x354 krnl/panic.32
                0x00000000c0015a3a                Krnl::panic(char const*)
 .text          0x00000000c0015d8e      0x511 reg/registry.32
                0x00000000c0015d8e                Reg::findLineFromLoadedData(char*, char*, char*)
                0x00000000c0015ef5                Reg::getLineFromRegistry(char*, char*, char*, char*)
                0x00000000c0016054                Reg::getLine(char*, char*, char*)
                0x00000000c001608b                Reg::readInt(char*, char*, int*)
                0x00000000c0016175                Reg::readString(char*, char*, char*, int)
                0x00000000c00161f6                Reg::readBool(char*, char*, bool*)
                0x00000000c001621b                Reg::readBoolWithDefault(char*, char*, bool)
                0x00000000c0016247                Reg::readIntWithDefault(char*, char*, int)
                0x00000000c0016273                Reg::readStringWithDefault(char*, char*, char*, int, char*)
 .text          0x00000000c001629f       0x18 sys/sc_exit.32
                0x00000000c001629f                Sys::exit(regs*)
 .text          0x00000000c00162b7       0x95 sys/sc_loaddll.32
                0x00000000c00162b7                Sys::loadDLL(regs*)
 .text          0x00000000c001634c       0x68 sys/sc_read.32
                0x00000000c001634c                Sys::read(regs*)
 .text          0x00000000c00163b4       0x55 sys/sc_sbrk.32
                0x00000000c00163b4                Sys::sbrk(regs*)
 .text          0x00000000c0016409       0x83 sys/sc_write.32
                0x00000000c0016409                Sys::write(regs*)
 .text          0x00000000c001648c       0x1a sys/sc_yield.32
                0x00000000c001648c                Sys::yield(regs*)
 .text          0x00000000c00164a6      0xfe6 sys/syscalls.32
                0x00000000c00164a6                sysCallGetPID(regs*)
                0x00000000c00164b6                sysCallSeekDir(regs*)
                0x00000000c00164bb                sysCallTellDir(regs*)
                0x00000000c00164c0                sysCallVerify(regs*)
                0x00000000c00164ca                sysCallFork(regs*)
                0x00000000c00164d1                sysCallExecve(regs*)
                0x00000000c00164d8                sysCallGetArgc(regs*)
                0x00000000c00164ec                sysFormatDisk(regs*)
                0x00000000c001654f                sysSetDiskVolumeLabel(regs*)
                0x00000000c0016597                sysGetDiskVolumeLabel(regs*)
                0x00000000c00165ea                sysShutdown(regs*)
                0x00000000c0016665                sysCallGetCwd(regs*)
                0x00000000c001668b                sysCallSetCwd(regs*)
                0x00000000c00166ad                sysCallRealpath(regs*)
                0x00000000c00166fa                sysCallReadDir(regs*)
                0x00000000c001678d                sysCallIsATTY(regs*)
                0x00000000c00167e5                sysCallSeek(regs*)
                0x00000000c001684b                sysCallTell(regs*)
                0x00000000c00168c6                sysCallSizeFromFilename(regs*)
                0x00000000c0016974                sysCallSize(regs*)
                0x00000000c00169f5                sysCallClose(regs*)
                0x00000000c0016a78                sysCallOpenDir(regs*)
                0x00000000c0016ae3                sysCallMakeDir(regs*)
                0x00000000c0016b3e                sysCallCloseDir(regs*)
                0x00000000c0016b9f                sysCallWait(regs*)
                0x00000000c0016bc0                sysCallRmdir(regs*)
                0x00000000c0016c13                sysCallUnlink(regs*)
                0x00000000c0016c66                sysCallGetArgv(regs*)
                0x00000000c0016cb2                sysCallTTYName(regs*)
                0x00000000c0016d33                sysCallGetEnv(regs*)
                0x00000000c0016d8a                sysCallUSleep(regs*)
                0x00000000c0016dcc                sysCallSpawn(regs*)
                0x00000000c0016e2b                sysAppSettings(regs*)
                0x00000000c0016f50                sysSetFatAttrib(regs*)
                0x00000000c0016fb3                sysPanic(regs*)
                0x00000000c0016fda                sysPipe(regs*)
                0x00000000c001701f                sysGetUnixTime(regs*)
                0x00000000c0017033                string_ends_with(char const*, char const*)
                0x00000000c001707d                sysCallOpen(regs*)
                0x00000000c0017291                setupSystemCalls()
                0x00000000c001744a                systemCall(regs*, void*)
 .text          0x00000000c001748c     0x11c1 thr/elf.32
                0x00000000c001748c                Thr::allocateMemoryForTask(Process*, File*, unsigned long, unsigned long, unsigned long)
                0x00000000c0017703                Thr::loadProgramIntoMemory(Process*, char const*)
                0x00000000c0017919                Thr::runtimeReferenceHelper()
                0x00000000c001792c                Thr::getAddressOfKernelSymbol(char const*)
                0x00000000c001797b                Thr::loadKernelSymbolTable(char const*)
                0x00000000c0017c3c                Thr::loadDriverIntoMemory(char const*, unsigned long, bool)
                0x00000000c00183da                Thr::getDriverBaseFromAddress(unsigned long)
                0x00000000c001840c                Thr::getDriverNameFromAddress(unsigned long)
                0x00000000c0018443                Thr::getDriverOffsetFromAddress(unsigned long)
                0x00000000c001845d                Thr::loadDLL(char const*, bool)
                0x00000000c0018623                Thr::executeDLL(unsigned long, void*)
 *fill*         0x00000000c001864d        0x1 
 .text          0x00000000c001864e     0x1002 thr/prcssthr.32
                0x00000000c001864e                changeTSS
                0x00000000c001867c                Process::addArgs(char**)
                0x00000000c00186de                Process::Process(char const*, Process*, char**)
                0x00000000c00186de                Process::Process(char const*, Process*, char**)
                0x00000000c001889a                Process::Process(bool, char const*, Process*, char**)
                0x00000000c001889a                Process::Process(bool, char const*, Process*, char**)
                0x00000000c0018a21                disableIRQs()
                0x00000000c0018a2e                getIRQNestingLevel()
                0x00000000c0018a34                enableIRQs()
                0x00000000c0018a43                lockScheduler()
                0x00000000c0018a45                unlockScheduler()
                0x00000000c0018a47                userModeEntryPoint(void*)
                0x00000000c0018a6a                lockStuff()
                0x00000000c0018a7b                taskStartupFunction
                0x00000000c0018a84                updateTimeUsed()
                0x00000000c0018ae2                switchToThread(ThreadControlBlock*)
                0x00000000c0018b38                Semaphore::Semaphore(int)
                0x00000000c0018b38                Semaphore::Semaphore(int)
                0x00000000c0018b66                Mutex::Mutex()
                0x00000000c0018b66                Mutex::Mutex()
                0x00000000c0018b78                Process::createThread(void (*)(void*), void*, int)
                0x00000000c0018c5a                Process::createUserThread()
                0x00000000c0018c77                setupMultitasking(void (*)())
                0x00000000c0018d8c                schedule()
                0x00000000c0018e11                unlockStuff()
                0x00000000c0018e46                Semaphore::tryAcquire()
                0x00000000c0018e74                Semaphore::assertLocked(char const*)
                0x00000000c0018ea4                blockTaskWithSchedulerLockAlreadyHeld(TaskState)
                0x00000000c0018ee5                blockTask(TaskState)
                0x00000000c0018f06                waitTask(int, int*, int)
                0x00000000c0018f48                nanoSleepUntil(unsigned long long)
                0x00000000c0018fa1                nanoSleep(unsigned long long)
                0x00000000c0018fb6                sleep(unsigned long long)
                0x00000000c0018fd4                Semaphore::acquire()
                0x00000000c0019039                taskReturned
                0x00000000c0019067                unblockTask(ThreadControlBlock*)
                0x00000000c0019114                cleanupTerminatedTask(ThreadControlBlock*)
                0x00000000c00193bd                cleanerTaskFunction(void*)
                0x00000000c0019470                terminateTask(int)
                0x00000000c0019552                Thr::terminateFromIRQ(int)
                0x00000000c0019560                Semaphore::release()
 .text          0x00000000c0019650      0x8bf vm86/vm8086.32
                0x00000000c0019650                Vm::vm8086EntryPoint(void*)
                0x00000000c001967b                Vm::inbv(unsigned short)
                0x00000000c0019681                Vm::outbv(unsigned short, unsigned char)
                0x00000000c001968b                Vm::realToLinear(unsigned short, unsigned short)
                0x00000000c001969b                Vm::getSegment(unsigned int)
                0x00000000c00196a3                Vm::getOffset(unsigned int)
                0x00000000c00196a8                Vm::loadFileAsThread(Process*, char const*, unsigned short, unsigned short, unsigned short, unsigned short)
                0x00000000c00197d7                Vm::doISR(regs*, int, unsigned char*, unsigned short, unsigned short)
                0x00000000c0019861                Vm::readByteFromReal(unsigned short, unsigned short)
                0x00000000c0019872                Vm::readWordFromReal(unsigned short, unsigned short)
                0x00000000c0019884                Vm::readDwordFromReal(unsigned short, unsigned short)
                0x00000000c0019895                Vm::writeByteFromReal(unsigned short, unsigned short, unsigned char)
                0x00000000c00198aa                Vm::writeWordFromReal(unsigned short, unsigned short, unsigned short)
                0x00000000c00198c0                Vm::writeDwordFromReal(unsigned short, unsigned short, unsigned int)
                0x00000000c00198d5                Vm::faultHandler(regs*)
 *fill*         0x00000000c0019f0f        0x1 
 .text          0x00000000c0019f10     0x112f fs/fat/vfslink.32
                0x00000000c0019f10                FAT::getName()
                0x00000000c0019f16                FAT::tell(void*, unsigned long long*)
                0x00000000c0019f4a                FAT::stat(void*, unsigned long long*)
                0x00000000c0019f7e                FAT::~FAT()
                0x00000000c0019f7e                FAT::~FAT()
                0x00000000c0019fa2                FAT::~FAT()
                0x00000000c0019fca                FAT::getlabel(LogicalDisk*, int, char*, unsigned int*)
                0x00000000c001a068                FAT::setlabel(LogicalDisk*, int, char*)
                0x00000000c001a122                FAT::format(LogicalDisk*, int, char const*, int)
                0x00000000c001a306                FAT::tryMount(LogicalDisk*, int)
                0x00000000c001a50c                FAT::readDir(void*, unsigned long, void*, int*)
                0x00000000c001a614                FAT::read(void*, unsigned long, void*, int*)
                0x00000000c001a66e                FAT::write(void*, unsigned long, void*, int*)
                0x00000000c001a6c8                FAT::close(void*)
                0x00000000c001a714                FAT::closeDir(void*)
                0x00000000c001a760                FAT::seek(void*, unsigned long long)
                0x00000000c001a7b4                fatWrapperReadDisk
                0x00000000c001a7ff                fatWrapperWriteDisk
                0x00000000c001a84a                fatWrapperIoctl
                0x00000000c001a95a                FAT::FAT()
                0x00000000c001a95a                FAT::FAT()
                0x00000000c001a9ac                FAT::fixFilepath(char*)
                0x00000000c001a9e4                FAT::open(char const*, void**, FileOpenMode)
                0x00000000c001ab10                FAT::openDir(char const*, void**)
                0x00000000c001abb6                FAT::stat(char const*, unsigned long long*, bool*)
                0x00000000c001aca2                FAT::unlink(char const*)
                0x00000000c001ad1c                FAT::chfatattr(char const*, unsigned char, unsigned char)
                0x00000000c001ae96                FAT::rename(char const*, char const*)
                0x00000000c001af5a                FAT::mkdir(char const*)
                0x00000000c001afd4                FAT::exists(char const*)
 *fill*         0x00000000c001b03f        0x1 
 .text          0x00000000c001b040      0xbdd fs/iso9660/vfslink.32
                0x00000000c001b040                ISO9660::format(LogicalDisk*, int, char const*, int)
                0x00000000c001b046                ISO9660::seek(void*, unsigned long long)
                0x00000000c001b076                ISO9660::tell(void*, unsigned long long*)
                0x00000000c001b09a                ISO9660::getName()
                0x00000000c001b0a0                ISO9660::stat(void*, unsigned long long*)
                0x00000000c001b0c4                ISO9660::chfatattr(char const*, unsigned char, unsigned char)
                0x00000000c001b0ca                ISO9660::unlink(char const*)
                0x00000000c001b0d0                ISO9660::write(void*, unsigned long, void*, int*)
                0x00000000c001b0d6                ISO9660::rename(char const*, char const*)
                0x00000000c001b0dc                ISO9660::mkdir(char const*)
                0x00000000c001b0e2                ISO9660::close(void*)
                0x00000000c001b104                ISO9660::closeDir(void*)
                0x00000000c001b126                ISO9660::~ISO9660()
                0x00000000c001b126                ISO9660::~ISO9660()
                0x00000000c001b14a                ISO9660::~ISO9660()
                0x00000000c001b171                __memmem(unsigned char*, int, unsigned char*, int)
                0x00000000c001b1b3                readSectorFromCDROM(unsigned int, unsigned char*, char)
                0x00000000c001b21a                ISO9660::tryMount(LogicalDisk*, int)
                0x00000000c001b26a                ISO9660::read(void*, unsigned long, void*, int*)
                0x00000000c001b4ae                ISO9660::readDir(void*, unsigned long, void*, int*)
                0x00000000c001b739                readRoot(unsigned int*, unsigned int*, char)
                0x00000000c001b78e                readRecursively(char*, unsigned int, unsigned int, unsigned int*, unsigned int*, char, int*)
                0x00000000c001b961                getFileData(char*, unsigned int*, unsigned int*, char, int*)
                0x00000000c001b9f0                ISO9660::open(char const*, void**, FileOpenMode)
                0x00000000c001ba8a                ISO9660::exists(char const*)
                0x00000000c001baae                ISO9660::stat(char const*, unsigned long long*, bool*)
                0x00000000c001bb42                ISO9660::openDir(char const*, void**)
                0x00000000c001bbfa                ISO9660::ISO9660()
                0x00000000c001bbfa                ISO9660::ISO9660()
 *fill*         0x00000000c001bc1d        0x1 
 .text          0x00000000c001bc1e      0x248 hal/sound/sndchannel.32
                0x00000000c001bc1e                SoundChannel::~SoundChannel()
                0x00000000c001bc1e                SoundChannel::~SoundChannel()
                0x00000000c001bc3a                SoundChannel::setSpeed(float)
                0x00000000c001bc46                SoundChannel::getSpeed()
                0x00000000c001bc4e                SoundChannel::setVolume(int)
                0x00000000c001bc6a                SoundChannel::getVolume()
                0x00000000c001bc72                SoundChannel::pause()
                0x00000000c001bc7c                SoundChannel::SoundChannel(int, int, int, int)
                0x00000000c001bc7c                SoundChannel::SoundChannel(int, int, int, int)
                0x00000000c001bd76                SoundChannel::play()
                0x00000000c001bd80                SoundChannel::paused()
                0x00000000c001bd88                SoundChannel::getSampleRate()
                0x00000000c001bd90                SoundChannel::getBits()
                0x00000000c001bd98                SoundChannel::getBufferUsed()
                0x00000000c001bda0                SoundChannel::getBufferSize()
                0x00000000c001bda8                SoundChannel::unbuffer(float*, int, int)
                0x00000000c001be1a                SoundChannel::buffer8(unsigned char*, int)
 .text          0x00000000c001be66      0x30f hal/sound/sndhw.32
                0x00000000c001be66                SoundDevice::SoundDevice(char const*)
                0x00000000c001be66                SoundDevice::SoundDevice(char const*)
                0x00000000c001bed2                SoundDevice::~SoundDevice()
                0x00000000c001bed2                SoundDevice::~SoundDevice()
                0x00000000c001bf4c                SoundDevice::~SoundDevice()
                0x00000000c001bf76                SoundDevice::getFreeChannelNum()
                0x00000000c001bf90                SoundDevice::addChannel(SoundChannel*)
                0x00000000c001c000                SoundDevice::removeChannel(int)
                0x00000000c001c032                SoundDevice::floatTo8(float*, unsigned char*, int)
                0x00000000c001c09e                SoundDevice::getAudio(int, float*, float*)
 .text          0x00000000c001c175        0x0 hw/bus/isa.32
 *fill*         0x00000000c001c175        0x1 
 .text          0x00000000c001c176      0x6e9 hw/bus/pci.32
                0x00000000c001c176                PCI::open(int, int, void*)
                0x00000000c001c18a                PCI::close(int, int, void*)
                0x00000000c001c18e                PCI::PCI()
                0x00000000c001c18e                PCI::PCI()
                0x00000000c001c210                PCI::pciReadWord(unsigned char, unsigned char, unsigned char, unsigned char)
                0x00000000c001c258                PCI::getVendorID(unsigned char, unsigned char, unsigned char)
                0x00000000c001c27a                PCI::getHeaderType(unsigned char, unsigned char, unsigned char)
                0x00000000c001c29e                PCI::getClassCode(unsigned char, unsigned char, unsigned char)
                0x00000000c001c2e2                PCI::getProgIF(unsigned char, unsigned char, unsigned char)
                0x00000000c001c306                PCI::getRevisionID(unsigned char, unsigned char, unsigned char)
                0x00000000c001c328                PCI::getInterruptNumber(unsigned char, unsigned char, unsigned char)
                0x00000000c001c34a                PCI::getSecondaryBus(unsigned char, unsigned char, unsigned char)
                0x00000000c001c36e                PCI::getBARAddress(unsigned char, unsigned char, unsigned char, unsigned char)
                0x00000000c001c3ce                PCI::pciWriteWord(unsigned char, unsigned char, unsigned char, unsigned char, unsigned short)
                0x00000000c001c43a                PCI::checkBus(unsigned char)
                0x00000000c001c460                PCI::foundDevice(PCIDeviceInfo)
                0x00000000c001c5d0                PCI::getDeviceData(unsigned char, unsigned char, unsigned char)
                0x00000000c001c7a0                PCI::checkDevice(unsigned char, unsigned char)
                0x00000000c001c80c                PCI::detect()
 *fill*         0x00000000c001c85f        0x1 
 .text          0x00000000c001c860      0xc84 hw/diskctrl/ide.32
                0x00000000c001c860                IDE::close(int, int, void*)
                0x00000000c001c864                IDE::IDE()
                0x00000000c001c864                IDE::IDE()
                0x00000000c001c898                IDE::prepareInterrupt(unsigned char)
                0x00000000c001c8aa                selectDrive(unsigned char, unsigned char)
                0x00000000c001c8ac                IDE::getBase(unsigned char)
                0x00000000c001c8be                IDE::write(unsigned char, unsigned char, unsigned char)
                0x00000000c001c97e                IDE::read(unsigned char, unsigned char)
                0x00000000c001ca2c                IDE::waitInterrupt(unsigned char)
                0x00000000c001ca98                ideChannel0IRQHandler(regs*, void*)
                0x00000000c001cab4                ideChannel1IRQHandler(regs*, void*)
                0x00000000c001cad0                IDE::enableIRQs(unsigned char, bool)
                0x00000000c001cb16                IDE::open(int, int, void*)
                0x00000000c001cf28                IDE::readBuffer(unsigned char, unsigned char, unsigned int, unsigned int)
                0x00000000c001cff4                IDE::detect()
                0x00000000c001d2de                IDE::printError(unsigned char, unsigned char, unsigned char)
                0x00000000c001d474                IDE::polling(unsigned char, unsigned int)
 .text          0x00000000c001d4e4      0x64f hw/diskphys/ata.32
                0x00000000c001d4e4                ATA::close(int, int, void*)
                0x00000000c001d508                ATA::powerSaving(PowerSavingLevel)
                0x00000000c001d50a                ATA::ATA()
                0x00000000c001d50a                ATA::ATA()
                0x00000000c001d538                ATA::flush(bool)
                0x00000000c001d582                ATA::readyForCommand()
                0x00000000c001d5d2                ATA::access(unsigned long long, int, void*, bool)
                0x00000000c001d974                ATA::read(unsigned long long, int, void*)
                0x00000000c001d9dc                ATA::write(unsigned long long, int, void*)
                0x00000000c001da44                ATA::detectCHS()
                0x00000000c001da6e                ATA::open(int, int, void*)
 *fill*         0x00000000c001db33        0x1 
 .text          0x00000000c001db34      0x5ae hw/diskphys/atapi.32
                0x00000000c001db34                ATAPI::write(unsigned long long, int, void*)
                0x00000000c001db3a                ATAPI::close(int, int, void*)
                0x00000000c001db5e                ATAPI::ATAPI()
                0x00000000c001db5e                ATAPI::ATAPI()
                0x00000000c001db8c                ATAPI::readyForCommand()
                0x00000000c001dbdc                ATAPI::sendPacket(unsigned char*, int, bool, unsigned short*, int)
                0x00000000c001de9c                ATAPI::diskRemoved()
                0x00000000c001deb8                ATAPI::eject()
                0x00000000c001defe                ATAPI::diskInserted()
                0x00000000c001df2c                ATAPI::detectMedia()
                0x00000000c001dfe8                ATAPI::open(int, int, void*)
                0x00000000c001e068                ATAPI::read(unsigned long long, int, void*)
 .text          0x00000000c001e0e2       0x8e hw/fpu/avx.32
                0x00000000c001e0e2                AVX::open(int, int, void*)
                0x00000000c001e0f4                AVX::close(int, int, void*)
                0x00000000c001e106                AVX::available()
                0x00000000c001e118                AVX::save(void*)
                0x00000000c001e130                AVX::load(void*)
                0x00000000c001e148                AVX::AVX()
                0x00000000c001e148                AVX::AVX()
 .text          0x00000000c001e170       0x90 hw/fpu/mmx.32
                0x00000000c001e170                MMX::available()
                0x00000000c001e184                MMX::open(int, int, void*)
                0x00000000c001e196                MMX::close(int, int, void*)
                0x00000000c001e1a8                MMX::save(void*)
                0x00000000c001e1c0                MMX::load(void*)
                0x00000000c001e1d8                MMX::MMX()
                0x00000000c001e1d8                MMX::MMX()
 .text          0x00000000c001e200       0x96 hw/fpu/sse.32
                0x00000000c001e200                SSE::open(int, int, void*)
                0x00000000c001e212                SSE::close(int, int, void*)
                0x00000000c001e224                SSE::available()
                0x00000000c001e23e                SSE::save(void*)
                0x00000000c001e256                SSE::load(void*)
                0x00000000c001e26e                SSE::SSE()
                0x00000000c001e26e                SSE::SSE()
 .text          0x00000000c001e296       0x8e hw/fpu/x87.32
                0x00000000c001e296                x87::open(int, int, void*)
                0x00000000c001e2a8                x87::close(int, int, void*)
                0x00000000c001e2ba                x87::available()
                0x00000000c001e2cc                x87::save(void*)
                0x00000000c001e2e4                x87::load(void*)
                0x00000000c001e2fc                x87::x87()
                0x00000000c001e2fc                x87::x87()
 .text          0x00000000c001e324      0x63b hw/intctrl/apic.32
                0x00000000c001e324                APIC::disable()
                0x00000000c001e326                APIC::close(int, int, void*)
                0x00000000c001e348                IOAPIC::close(int, int, void*)
                0x00000000c001e34e                APIC::io_wait()
                0x00000000c001e354                APIC::getBase()
                0x00000000c001e396                APIC::eoi(unsigned char)
                0x00000000c001e3c4                APIC::open(int, int, void*)
                0x00000000c001e48e                IOAPIC::IOAPIC()
                0x00000000c001e48e                IOAPIC::IOAPIC()
                0x00000000c001e4b6                APIC::APIC()
                0x00000000c001e4b6                APIC::APIC()
                0x00000000c001e592                IOAPIC::handlesGSIWithNumber(unsigned int)
                0x00000000c001e5c4                IOAPIC::read(int)
                0x00000000c001e5ec                IOAPIC::open(int, int, void*)
                0x00000000c001e6f4                IOAPIC::write(int, int)
                0x00000000c001e720                IOAPIC::redirect(unsigned char, unsigned long long, unsigned char)
                0x00000000c001e7e6                APIC::installIRQHandler(int, void (*)(regs*, void*), bool, void*)
 *fill*         0x00000000c001e95f        0x1 
 .text          0x00000000c001e960      0x3f3 hw/intctrl/pic.32
                0x00000000c001e960                PIC::disable()
                0x00000000c001e98e                PIC::close(int, int, void*)
                0x00000000c001e9b0                PIC::PIC()
                0x00000000c001e9b0                PIC::PIC()
                0x00000000c001ea8c                PIC::ioWait()
                0x00000000c001ea92                PIC::getIRQReg(int)
                0x00000000c001eb04                PIC::eoi(unsigned char)
                0x00000000c001eb9c                PIC::remap()
                0x00000000c001ed14                PIC::open(int, int, void*)
 *fill*         0x00000000c001ed53        0x1 
 .text          0x00000000c001ed54      0x264 hw/timer/apictimer.32
                0x00000000c001ed54                APICTimer::close(int, int, void*)
                0x00000000c001ed5a                apicTimerHandler(regs*, void*)
                0x00000000c001ed8c                APICTimer::write(int)
                0x00000000c001ee8a                APICTimer::open(int, int, void*)
                0x00000000c001ef90                APICTimer::APICTimer()
                0x00000000c001ef90                APICTimer::APICTimer()
 .text          0x00000000c001efb8      0x1b6 hw/timer/pit.32
                0x00000000c001efb8                PIT::write(int)
                0x00000000c001f03e                pitHandler(regs*, void*)
                0x00000000c001f06e                PIT::open(int, int, void*)
                0x00000000c001f0bc                PIT::close(int, int, void*)
                0x00000000c001f0ec                PIT::PIT()
                0x00000000c001f0ec                PIT::PIT()
 *fill*         0x00000000c001f16e        0x2 
 .text          0x00000000c001f170        0xa hw/fpu/x86/avx.32
                0x00000000c001f170                avxDetect
                0x00000000c001f176                avxSave
                0x00000000c001f177                avxLoad
                0x00000000c001f178                avxInit
                0x00000000c001f179                avxClose
 *fill*         0x00000000c001f17a        0x6 
 .text          0x00000000c001f180       0x38 hw/fpu/x86/sse.32
                0x00000000c001f180                sseDetect
                0x00000000c001f19b                sseSave
                0x00000000c001f1a1                sseLoad
                0x00000000c001f1a7                sseInit
                0x00000000c001f1b7                sseClose
 *fill*         0x00000000c001f1b8        0x8 
 .text          0x00000000c001f1c0       0x47 hw/fpu/x86/x87.32
                0x00000000c001f1c6                x87Detect
                0x00000000c001f1e1                x87Save
                0x00000000c001f1e7                x87Load
                0x00000000c001f1ec                x87Init
                0x00000000c001f206                x87Close
 *fill*         0x00000000c001f207        0x1 
 .text          0x00000000c001f208       0x25 /cygdrive/d/Users/Alex/Desktop/Toolchain/Output/bin/../lib/gcc/i386-banana/8.1.0/crtend.o
 .text          0x00000000c001f22d        0x0 crtn.32
 *fill*         0x00000000c001f22d        0x3 
 .text          0x00000000c001f230      0x14b /cygdrive/d/Users/Alex/Desktop/Toolchain/Output/bin/../lib/gcc/i386-banana/8.1.0/libgcc.a(_divdi3.o)
                0x00000000c001f230                __divdi3
 *fill*         0x00000000c001f37b        0x1 
 .text          0x00000000c001f37c      0x17e /cygdrive/d/Users/Alex/Desktop/Toolchain/Output/bin/../lib/gcc/i386-banana/8.1.0/libgcc.a(_moddi3.o)
                0x00000000c001f37c                __moddi3
 *fill*         0x00000000c001f4fa        0x2 
 .text          0x00000000c001f4fc       0xff /cygdrive/d/Users/Alex/Desktop/Toolchain/Output/bin/../lib/gcc/i386-banana/8.1.0/libgcc.a(_udivdi3.o)
                0x00000000c001f4fc                __udivdi3
 *fill*         0x00000000c001f5fb        0x1 
 .text          0x00000000c001f5fc      0x11a /cygdrive/d/Users/Alex/Desktop/Toolchain/Output/bin/../lib/gcc/i386-banana/8.1.0/libgcc.a(_umoddi3.o)
                0x00000000c001f5fc                __umoddi3
 *fill*         0x00000000c001f716        0xa 
 .text          0x00000000c001f720       0x1e D:/Users/Alex/Desktop/Banana/kernel/libk/libm32.a(s_fabs.c.o)
                0x00000000c001f720                fabs
 *fill*         0x00000000c001f73e        0x2 
 .text          0x00000000c001f740        0xc D:/Users/Alex/Desktop/Banana/kernel/libk/libm32.a(s_lrint.S.o)
                0x00000000c001f740                lrint
 .text          0x00000000c001f74c        0xc D:/Users/Alex/Desktop/Banana/kernel/libk/libm32.a(s_lrintf.S.o)
                0x00000000c001f74c                lrintf
 *(.gnu.linkonce.t*)

.iplt           0x00000000c001f758        0x0
 .iplt          0x00000000c001f758        0x0 D:/Users/Alex/Desktop/Banana/kernel/boot.32

.init           0x00000000c001f758        0xf
 .init          0x00000000c001f758        0x3 crti.32
                0x00000000c001f758                _init
 .init          0x00000000c001f75b        0x5 /cygdrive/d/Users/Alex/Desktop/Toolchain/Output/bin/../lib/gcc/i386-banana/8.1.0/crtbegin.o
 .init          0x00000000c001f760        0x5 /cygdrive/d/Users/Alex/Desktop/Toolchain/Output/bin/../lib/gcc/i386-banana/8.1.0/crtend.o
 .init          0x00000000c001f765        0x2 crtn.32

.fini           0x00000000c001f767        0xa
 .fini          0x00000000c001f767        0x3 crti.32
                0x00000000c001f767                _fini
 .fini          0x00000000c001f76a        0x5 /cygdrive/d/Users/Alex/Desktop/Toolchain/Output/bin/../lib/gcc/i386-banana/8.1.0/crtbegin.o
 .fini          0x00000000c001f76f        0x2 crtn.32

.text._ZN8ComputerD2Ev
                0x00000000c001f772       0x23
 .text._ZN8ComputerD2Ev
                0x00000000c001f772       0x23 core/computer.32
                0x00000000c001f772                Computer::~Computer()
                0x00000000c001f772                Computer::~Computer()

.text._ZN8ComputerD0Ev
                0x00000000c001f796       0x2a
 .text._ZN8ComputerD0Ev
                0x00000000c001f796       0x2a core/computer.32
                0x00000000c001f796                Computer::~Computer()

.text._Z10idleCommonv
                0x00000000c001f7c0       0x15
 .text._Z10idleCommonv
                0x00000000c001f7c0       0x15 core/idle.32
                0x00000000c001f7c0                idleCommon()

.text._ZN3CPU7readCR3Ev
                0x00000000c001f7d5       0x12
 .text._ZN3CPU7readCR3Ev
                0x00000000c001f7d5       0x12 core/kheap.32
                0x00000000c001f7d5                CPU::readCR3()

.text._ZN3CPU8writeCR3Em
                0x00000000c001f7e7        0x9
 .text._ZN3CPU8writeCR3Em
                0x00000000c001f7e7        0x9 core/kheap.32
                0x00000000c001f7e7                CPU::writeCR3(unsigned long)

.text._ZN10LinkedListI8UnixFileED2Ev
                0x00000000c001f7f0        0x2
 .text._ZN10LinkedListI8UnixFileED2Ev
                0x00000000c001f7f0        0x2 core/unixfile.32
                0x00000000c001f7f0                LinkedList<UnixFile>::~LinkedList()
                0x00000000c001f7f0                LinkedList<UnixFile>::~LinkedList()

.text._ZN10LinkedListI8UnixFileEC2Ev
                0x00000000c001f7f2       0x58
 .text._ZN10LinkedListI8UnixFileEC2Ev
                0x00000000c001f7f2       0x58 core/unixfile.32
                0x00000000c001f7f2                LinkedList<UnixFile>::LinkedList()
                0x00000000c001f7f2                LinkedList<UnixFile>::LinkedList()

.text._ZN10LinkedListI8UnixFileE10addElementEPS0_
                0x00000000c001f84a       0xd3
 .text._ZN10LinkedListI8UnixFileE10addElementEPS0_
                0x00000000c001f84a       0xd3 core/unixfile.32
                0x00000000c001f84a                LinkedList<UnixFile>::addElement(UnixFile*)

.text._ZN10LinkedListI8UnixFileE15getFirstElementEv
                0x00000000c001f91e        0x7
 .text._ZN10LinkedListI8UnixFileE15getFirstElementEv
                0x00000000c001f91e        0x7 core/unixfile.32
                0x00000000c001f91e                LinkedList<UnixFile>::getFirstElement()

.text._ZN10LinkedListI8UnixFileE11removeFirstEv
                0x00000000c001f926       0xa1
 .text._ZN10LinkedListI8UnixFileE11removeFirstEv
                0x00000000c001f926       0xa1 core/unixfile.32
                0x00000000c001f926                LinkedList<UnixFile>::removeFirst()

.text._ZN10LinkedListI8UnixFileE7getNextEPS0_
                0x00000000c001f9c8        0x8
 .text._ZN10LinkedListI8UnixFileE7getNextEPS0_
                0x00000000c001f9c8        0x8 core/unixfile.32
                0x00000000c001f9c8                LinkedList<UnixFile>::getNext(UnixFile*)

.text._ZN16DriverlessDeviceD2Ev
                0x00000000c001f9d0       0x1a
 .text._ZN16DriverlessDeviceD2Ev
                0x00000000c001f9d0       0x1a hal/device.32
                0x00000000c001f9d0                DriverlessDevice::~DriverlessDevice()
                0x00000000c001f9d0                DriverlessDevice::~DriverlessDevice()

.text._ZN16DriverlessDeviceD0Ev
                0x00000000c001f9ea       0x2a
 .text._ZN16DriverlessDeviceD0Ev
                0x00000000c001f9ea       0x2a hal/device.32
                0x00000000c001f9ea                DriverlessDevice::~DriverlessDevice()

.text._ZN10LinkedListI6DeviceE10addElementEPS0_
                0x00000000c001fa14       0xdc
 .text._ZN10LinkedListI6DeviceE10addElementEPS0_
                0x00000000c001fa14       0xdc hal/device.32
                0x00000000c001fa14                LinkedList<Device>::addElement(Device*)

.text._ZN10LinkedListI6DeviceEC2Ev
                0x00000000c001faf0       0x58
 .text._ZN10LinkedListI6DeviceEC2Ev
                0x00000000c001faf0       0x58 hal/device.32
                0x00000000c001faf0                LinkedList<Device>::LinkedList()
                0x00000000c001faf0                LinkedList<Device>::LinkedList()

.text._ZN3CPU7readCR0Ev
                0x00000000c001fb48       0x12
 .text._ZN3CPU7readCR0Ev
                0x00000000c001fb48       0x12 hal/fpu.32
                0x00000000c001fb48                CPU::readCR0()

.text._ZN3CPU8writeCR0Em
                0x00000000c001fb5a        0x9
 .text._ZN3CPU8writeCR0Em
                0x00000000c001fb5a        0x9 hal/fpu.32
                0x00000000c001fb5a                CPU::writeCR0(unsigned long)

.text._ZN3CPU7readDR0Ev
                0x00000000c001fb63       0x12
 .text._ZN3CPU7readDR0Ev
                0x00000000c001fb63       0x12 hal/intctrl.32
                0x00000000c001fb63                CPU::readDR0()

.text._ZN3CPU7readDR1Ev
                0x00000000c001fb75       0x12
 .text._ZN3CPU7readDR1Ev
                0x00000000c001fb75       0x12 hal/intctrl.32
                0x00000000c001fb75                CPU::readDR1()

.text._ZN3CPU7readDR2Ev
                0x00000000c001fb87       0x12
 .text._ZN3CPU7readDR2Ev
                0x00000000c001fb87       0x12 hal/intctrl.32
                0x00000000c001fb87                CPU::readDR2()

.text._ZN3CPU7readDR3Ev
                0x00000000c001fb99       0x12
 .text._ZN3CPU7readDR3Ev
                0x00000000c001fb99       0x12 hal/intctrl.32
                0x00000000c001fb99                CPU::readDR3()

.text._ZN3CPU7readDR6Ev
                0x00000000c001fbab       0x12
 .text._ZN3CPU7readDR6Ev
                0x00000000c001fbab       0x12 hal/intctrl.32
                0x00000000c001fbab                CPU::readDR6()

.text._ZN3CPU7readDR7Ev
                0x00000000c001fbbd       0x12
 .text._ZN3CPU7readDR7Ev
                0x00000000c001fbbd       0x12 hal/intctrl.32
                0x00000000c001fbbd                CPU::readDR7()

.text._ZN10LinkedListIV18ThreadControlBlockE15getFirstElementEv
                0x00000000c001fbd0        0x7
 .text._ZN10LinkedListIV18ThreadControlBlockE15getFirstElementEv
                0x00000000c001fbd0        0x7 hal/timer.32
                0x00000000c001fbd0                LinkedList<ThreadControlBlock volatile>::getFirstElement()

.text._ZN10LinkedListIV18ThreadControlBlockE7isEmptyEv
                0x00000000c001fbd8       0x1c
 .text._ZN10LinkedListIV18ThreadControlBlockE7isEmptyEv
                0x00000000c001fbd8       0x1c hal/timer.32
                0x00000000c001fbd8                LinkedList<ThreadControlBlock volatile>::isEmpty()

.text._ZN10LinkedListIV18ThreadControlBlockE11removeFirstEv
                0x00000000c001fbf4       0xae
 .text._ZN10LinkedListIV18ThreadControlBlockE11removeFirstEv
                0x00000000c001fbf4       0xae hal/timer.32
                0x00000000c001fbf4                LinkedList<ThreadControlBlock volatile>::removeFirst()

.text._ZN10LinkedListIV18ThreadControlBlockE10addElementEPS1_
                0x00000000c001fca2       0xd3
 .text._ZN10LinkedListIV18ThreadControlBlockE10addElementEPS1_
                0x00000000c001fca2       0xd3 hal/timer.32
                0x00000000c001fca2                LinkedList<ThreadControlBlock volatile>::addElement(ThreadControlBlock volatile*)

.text._ZN4ACPID2Ev
                0x00000000c001fd76       0x23
 .text._ZN4ACPID2Ev
                0x00000000c001fd76       0x23 hw/acpi.32
                0x00000000c001fd76                ACPI::~ACPI()
                0x00000000c001fd76                ACPI::~ACPI()

.text._ZN4ACPID0Ev
                0x00000000c001fd9a       0x2a
 .text._ZN4ACPID0Ev
                0x00000000c001fd9a       0x2a hw/acpi.32
                0x00000000c001fd9a                ACPI::~ACPI()

.text._ZN3CPUD2Ev
                0x00000000c001fdc4       0x23
 .text._ZN3CPUD2Ev
                0x00000000c001fdc4       0x23 hw/cpu.32
                0x00000000c001fdc4                CPU::~CPU()
                0x00000000c001fdc4                CPU::~CPU()

.text._ZN3CPUD0Ev
                0x00000000c001fde8       0x2a
 .text._ZN3CPUD0Ev
                0x00000000c001fde8       0x2a hw/cpu.32
                0x00000000c001fde8                CPU::~CPU()

.text._ZN3CPU7readCR4Ev
                0x00000000c001fe12       0x12
 .text._ZN3CPU7readCR4Ev
                0x00000000c001fe12       0x12 hw/cpu.32
                0x00000000c001fe12                CPU::readCR4()

.text._ZN3CPU8writeDR7Em
                0x00000000c001fe24        0x9
 .text._ZN3CPU8writeDR7Em
                0x00000000c001fe24        0x9 hw/cpu.32
                0x00000000c001fe24                CPU::writeDR7(unsigned long)

.text._ZN3CPU8writeCR4Em
                0x00000000c001fe2d        0x9
 .text._ZN3CPU8writeCR4Em
                0x00000000c001fe2d        0x9 hw/cpu.32
                0x00000000c001fe2d                CPU::writeCR4(unsigned long)

.text._ZN3CPU7readCR2Ev
                0x00000000c001fe36       0x12
 .text._ZN3CPU7readCR2Ev
                0x00000000c001fe36       0x12 krnl/panic.32
                0x00000000c001fe36                CPU::readCR2()

.text._ZN10LinkedListIV18ThreadControlBlockED2Ev
                0x00000000c001fe48        0x2
 .text._ZN10LinkedListIV18ThreadControlBlockED2Ev
                0x00000000c001fe48        0x2 thr/prcssthr.32
                0x00000000c001fe48                LinkedList<ThreadControlBlock volatile>::~LinkedList()
                0x00000000c001fe48                LinkedList<ThreadControlBlock volatile>::~LinkedList()

.text._ZN18ThreadControlBlockC2Ev
                0x00000000c001fe4a       0x3e
 .text._ZN18ThreadControlBlockC2Ev
                0x00000000c001fe4a       0x3e thr/prcssthr.32
                0x00000000c001fe4a                ThreadControlBlock::ThreadControlBlock()
                0x00000000c001fe4a                ThreadControlBlock::ThreadControlBlock()

.text._ZN10LinkedListIV18ThreadControlBlockEC2Ev
                0x00000000c001fe88       0x58
 .text._ZN10LinkedListIV18ThreadControlBlockEC2Ev
                0x00000000c001fe88       0x58 thr/prcssthr.32
                0x00000000c001fe88                LinkedList<ThreadControlBlock volatile>::LinkedList()
                0x00000000c001fe88                LinkedList<ThreadControlBlock volatile>::LinkedList()

.text._ZN10LinkedListIV18ThreadControlBlockE7getNextEPS1_
                0x00000000c001fee0        0x8
 .text._ZN10LinkedListIV18ThreadControlBlockE7getNextEPS1_
                0x00000000c001fee0        0x8 thr/prcssthr.32
                0x00000000c001fee0                LinkedList<ThreadControlBlock volatile>::getNext(ThreadControlBlock volatile*)

.text._ZN3PCID2Ev
                0x00000000c001fee8       0x23
 .text._ZN3PCID2Ev
                0x00000000c001fee8       0x23 hw/bus/pci.32
                0x00000000c001fee8                PCI::~PCI()