Archive member included to satisfy reference by file (symbol)

/cygdrive/d/Users/Alex/Desktop/Toolchain/Output/bin/../lib/gcc/i386-banana/8.1.0/libkgcc.a(_divdi3.o)
                              fs/fat/ff.32 (__divdi3)
/cygdrive/d/Users/Alex/Desktop/Toolchain/Output/bin/../lib/gcc/i386-banana/8.1.0/libkgcc.a(_moddi3.o)
                              compat/resolve.32 (__moddi3)
/cygdrive/d/Users/Alex/Desktop/Toolchain/Output/bin/../lib/gcc/i386-banana/8.1.0/libkgcc.a(_udivdi3.o)
                              fs/fat/ff.32 (__udivdi3)
/cygdrive/d/Users/Alex/Desktop/Toolchain/Output/bin/../lib/gcc/i386-banana/8.1.0/libkgcc.a(_umoddi3.o)
                              compat/resolve.32 (__umoddi3)
D:/Users/Alex/Desktop/Banana/kernel/libsoftfp.a(sfieeelib.o)
                              hal/sound/sndhw.32 (__addsf3)
D:/Users/Alex/Desktop/Banana/kernel/libsoftfp.a(dfieeelib.o)
                              hal/libresample/src_linear.32 (__adddf3)
D:/Users/Alex/Desktop/Banana/kernel/libsoftfp.a(sfdfcvt.o)
                              hal/libresample/samplerate.32 (__truncdfsf2)
D:/Users/Alex/Desktop/Banana/kernel/libk/libm32.a(s_fabs.c.o)
                              hal/libresample/samplerate.32 (fabs)
D:/Users/Alex/Desktop/Banana/kernel/libk/libm32.a(s_lrint.S.o)
                              hal/libresample/samplerate.32 (lrint)
D:/Users/Alex/Desktop/Banana/kernel/libk/libm32.a(s_lrintf.S.o)
                              hal/sound/sndhw.32 (lrintf)

Discarded input sections

 .comment       0x0000000000000000       0x12 /cygdrive/d/Users/Alex/Desktop/Toolchain/Output/bin/../lib/gcc/i386-banana/8.1.0/crtbegin.o
 .comment       0x0000000000000000       0x12 acpica/utclib.32
 .comment       0x0000000000000000       0x12 core/malloc.32
 .comment       0x0000000000000000       0x12 libk/string.32
 .comment       0x0000000000000000       0x12 fs/fat/diskio.32
 .comment       0x0000000000000000       0x12 fs/fat/ff.32
 .comment       0x0000000000000000       0x12 fs/fat/ffsystem.32
 .comment       0x0000000000000000       0x12 fs/fat/ffunicode.32
 .comment       0x0000000000000000       0x12 hal/libresample/samplerate.32
 .comment       0x0000000000000000       0x12 hal/libresample/src_linear.32
 .comment       0x0000000000000000       0x12 hal/libresample/src_sinc.32
 .comment       0x0000000000000000       0x12 hal/libresample/src_zoh.32
 .comment       0x0000000000000000       0x12 compat/inlines.32
 .comment       0x0000000000000000       0x12 compat/resolve.32
 .group         0x0000000000000000       0x14 core/computer.32
 .group         0x0000000000000000        0xc core/computer.32
 .comment       0x0000000000000000       0x12 core/computer.32
 .comment       0x0000000000000000       0x12 core/gdt.32
 .group         0x0000000000000000        0xc core/idle.32
 .comment       0x0000000000000000       0x12 core/idle.32
 .comment       0x0000000000000000       0x12 core/idt.32
 .comment       0x0000000000000000       0x12 core/kheap.32
 .comment       0x0000000000000000       0x12 core/main.32
 .comment       0x0000000000000000       0x12 core/physmgr.32
 .group         0x0000000000000000        0xc core/pipe.32
 .comment       0x0000000000000000       0x12 core/pipe.32
 .group         0x0000000000000000        0xc core/terminal.32
 .comment       0x0000000000000000       0x12 core/terminal.32
 .comment       0x0000000000000000       0x12 core/tss.32
 .group         0x0000000000000000        0x8 core/unixfile.32
 .group         0x0000000000000000        0xc core/unixfile.32
 .group         0x0000000000000000        0xc core/unixfile.32
 .group         0x0000000000000000        0x8 core/unixfile.32
 .group         0x0000000000000000        0xc core/unixfile.32
 .group         0x0000000000000000        0x8 core/unixfile.32
 .group         0x0000000000000000        0xc core/unixfile.32
 .group         0x0000000000000000        0xc core/unixfile.32
 .comment       0x0000000000000000       0x12 core/unixfile.32
 .comment       0x0000000000000000       0x12 core/virtmgr.32
 .comment       0x0000000000000000       0x12 coreobjs/c++.32
 .comment       0x0000000000000000       0x12 dbg/kconsole.32
 .group         0x0000000000000000        0xc fs/vfs.32
 .group         0x0000000000000000        0xc fs/vfs.32
 .group         0x0000000000000000        0xc fs/vfs.32
 .comment       0x0000000000000000       0x12 fs/vfs.32
 .group         0x0000000000000000        0xc hal/bus.32
 .comment       0x0000000000000000       0x12 hal/bus.32
 .group         0x0000000000000000        0xc hal/buzzer.32
 .comment       0x0000000000000000       0x12 hal/buzzer.32
 .group         0x0000000000000000        0xc hal/clock.32
 .comment       0x0000000000000000       0x12 hal/clock.32
 .group         0x0000000000000000       0x14 hal/device.32
 .group         0x0000000000000000        0xc hal/device.32
 .group         0x0000000000000000        0xc hal/device.32
 .group         0x0000000000000000        0xc hal/device.32
[...]
Memory Configuration

Name             Origin             Length             Attributes
*default*        0x0000000000000000 0xffffffffffffffff

Linker script and memory map

LOAD D:/Users/Alex/Desktop/Banana/kernel/boot.32
LOAD crti.32
LOAD /cygdrive/d/Users/Alex/Desktop/Toolchain/Output/bin/../lib/gcc/i386-banana/8.1.0/crtbegin.o
LOAD D:/Users/Alex/Desktop/Banana/kernel/morenasm.32
LOAD acpica/utclib.32
LOAD core/malloc.32
LOAD libk/string.32
LOAD fs/fat/diskio.32
LOAD fs/fat/ff.32
LOAD fs/fat/ffsystem.32
LOAD fs/fat/ffunicode.32
LOAD hal/libresample/samplerate.32
LOAD hal/libresample/src_linear.32
LOAD hal/libresample/src_sinc.32
LOAD hal/libresample/src_zoh.32
LOAD compat/inlines.32
LOAD compat/resolve.32
LOAD core/computer.32
LOAD core/gdt.32
LOAD core/idle.32
LOAD core/idt.32
LOAD core/kheap.32
LOAD core/main.32
LOAD core/physmgr.32
LOAD core/pipe.32
LOAD core/terminal.32
LOAD core/tss.32
LOAD core/unixfile.32
LOAD core/virtmgr.32
LOAD coreobjs/c++.32
LOAD dbg/kconsole.32
LOAD fs/vfs.32
LOAD hal/bus.32
LOAD hal/buzzer.32
LOAD hal/clock.32
LOAD hal/device.32
LOAD hal/diskctrl.32
LOAD hal/diskphys.32
LOAD hal/fpu.32
LOAD hal/intctrl.32
LOAD hal/keybrd.32
LOAD hal/logidisk.32
LOAD hal/mouse.32
LOAD hal/partition.32
LOAD hal/serial.32
LOAD hal/timer.32
LOAD hal/vcache.32
LOAD hal/video.32
LOAD hw/acpi.32
LOAD hw/cpu.32
LOAD hw/ports.32
LOAD hw/smp.32
LOAD krnl/env.32
LOAD krnl/panic.32
LOAD net/ethernet.32
LOAD reg/registry.32
LOAD sys/sc_eject.32
LOAD sys/sc_exit.32
LOAD sys/sc_getcwd.32
LOAD sys/sc_getpid.32
LOAD sys/sc_getramdata.32
LOAD sys/sc_loaddll.32
LOAD sys/sc_read.32
LOAD sys/sc_sbrk.32
LOAD sys/sc_setcwd.32
LOAD sys/sc_settime.32
LOAD sys/sc_timezone.32
LOAD sys/sc_write.32
LOAD sys/sc_wsbe.32
LOAD sys/sc_yield.32
LOAD sys/syscalls.32
LOAD thr/elf.32
LOAD thr/prcssthr.32
LOAD vm86/vm8086.32
LOAD vm86/x87em.32
LOAD fs/fat/vfslink.32
LOAD fs/iso9660/vfslink.32
LOAD hal/sound/sndchannel.32
LOAD hal/sound/sndhw.32
LOAD hw/bus/isa.32
LOAD hw/bus/pci.32
LOAD hw/diskctrl/ide.32
LOAD hw/diskctrl/satabus.32
LOAD hw/diskphys/ata.32
LOAD hw/diskphys/atapi.32
LOAD hw/diskphys/sata.32
LOAD hw/diskphys/satapi.32
LOAD hw/fpu/avx.32
LOAD hw/fpu/mmx.32
LOAD hw/fpu/sse.32
LOAD hw/fpu/x87.32
LOAD hw/intctrl/apic.32
LOAD hw/intctrl/pic.32
LOAD hw/timer/apictimer.32
LOAD hw/timer/pit.32
LOAD hw/fpu/x86/avx.32
LOAD hw/fpu/x86/sse.32
LOAD hw/fpu/x86/x87.32
LOAD /cygdrive/d/Users/Alex/Desktop/Toolchain/Output/bin/../lib/gcc/i386-banana/8.1.0/crtend.o
LOAD crtn.32
LOAD /cygdrive/d/Users/Alex/Desktop/Toolchain/Output/bin/../lib/gcc/i386-banana/8.1.0/libkgcc.a
LOAD D:/Users/Alex/Desktop/Banana/kernel/libsoftfp.a
LOAD D:/Users/Alex/Desktop/Banana/kernel/libk/libm32.a
                0x00000000c0000000                . = 0xc0000000

.text           0x00000000c0000000    0x28698
 *(.text)
 .text          0x00000000c0000000       0x41 D:/Users/Alex/Desktop/Banana/kernel/boot.32
                0x00000000c0000020                callGlobalConstructors
 .text          0x00000000c0000041        0x0 crti.32
 *fill*         0x00000000c0000041        0x3 
 .text          0x00000000c0000044      0x101 /cygdrive/d/Users/Alex/Desktop/Toolchain/Output/bin/../lib/gcc/i386-banana/8.1.0/crtbegin.o
 *fill*         0x00000000c0000145        0xb 
 .text          0x00000000c0000150      0x4f5 D:/Users/Alex/Desktop/Banana/kernel/morenasm.32
                0x00000000c0000150                manualPCIProbe
                0x00000000c000019b                prepareTramp
                0x00000000c00001b4                voodooXADD
                0x00000000c000027f                doTPAUSE
                0x00000000c0000289                hasLegacyFPU
                0x00000000c00002ae                is486
                0x00000000c00002e4                detectCPUID
                0x00000000c00002fa                goToVM86
                0x00000000c000032a                goToUsermode
                0x00000000c0000354                switchToThreadASMFirstTime
                0x00000000c0000362                switchToThreadASM
                0x00000000c00003f2                asmQuickAcquireLock
                0x00000000c0000410                asmQuickReleaseLock
                0x00000000c000041c                asmAcquireLock
                0x00000000c000043d                asmReleaseLock
                0x00000000c0000450                loadGDT
                0x00000000c0000470                isr0
                0x00000000c0000480                isr1
                0x00000000c000048a                isr2
                0x00000000c0000494                isr3
                0x00000000c000049e                isr4
                0x00000000c00004a8                isr5
                0x00000000c00004b2                isr6
                0x00000000c00004bc                isr7
                0x00000000c00004c6                isr8
                0x00000000c00004ce                isr9
                0x00000000c00004d8                isr10
                0x00000000c00004e0                isr11
                0x00000000c00004e8                isr12
                0x00000000c00004f0                isr13
                0x00000000c00004f8                isr14
                0x00000000c0000500                isr15
                0x00000000c000050a                isr16
                0x00000000c0000514                isr17
                0x00000000c000051e                isr18
                0x00000000c0000528                irq3
                0x00000000c0000532                irq4
                0x00000000c000053c                irq5
                0x00000000c0000546                irq6
                0x00000000c0000550                irq7
                0x00000000c000055a                irq8
                0x00000000c0000564                irq9
                0x00000000c000056e                irq10
                0x00000000c0000578                irq11
                0x00000000c0000582                irq12
                0x00000000c000058c                irq13
                0x00000000c0000596                irq14
                0x00000000c00005a0                irq15
                0x00000000c00005aa                irq1
                0x00000000c00005b1                irq2
                0x00000000c00005b8                isr96
                0x00000000c00005bf                irq0
                0x00000000c00005c4                int_common_stub
                0x00000000c00005c4                syscall_common_stub
                0x00000000c00005f5                irq16
                0x00000000c00005ff                irq17
                0x00000000c0000609                irq18
                0x00000000c0000613                irq19
                0x00000000c000061d                irq20
                0x00000000c0000627                irq21
                0x00000000c0000631                irq22
                0x00000000c000063b                irq23
 *fill*         0x00000000c0000645        0x3 
 .text          0x00000000c0000648      0x611 acpica/utclib.32
                0x00000000c0000648                memcmp
                0x00000000c0000684                memmove
                0x00000000c000074c                memcpy
                0x00000000c0000780                memset
                0x00000000c000079c                strlen
                0x00000000c00007b4                strpbrk
                0x00000000c00007f0                strtok
                0x00000000c000083c                strcpy
                0x00000000c0000860                strncpy
                0x00000000c00008c8                strcmp
                0x00000000c0000908                strchr
                0x00000000c000092c                strncmp
                0x00000000c000097c                strcat
                0x00000000c00009ac                strncat
                0x00000000c00009e8                strstr
                0x00000000c0000a30                toupper
                0x00000000c0000a44                tolower
                0x00000000c0000a58                simple_strtoul
 .text          0x00000000c0000c59      0xfbf core/malloc.32
                0x00000000c0000dc4                dlfree
                0x00000000c000111f                dlmalloc
                0x00000000c000165c                dlrealloc
                0x00000000c0001811                dlmemalign
                0x00000000c0001934                dlcalloc
                0x00000000c00019ce                dlcfree
                0x00000000c00019d3                dlindependent_calloc
                0x00000000c00019f8                dlindependent_comalloc
                0x00000000c0001a0f                dlvalloc
                0x00000000c0001a3a                dlpvalloc
                0x00000000c0001a70                dlmalloc_trim
                0x00000000c0001a7d                dlmalloc_usable_size
                0x00000000c0001aae                dlmallinfo
                0x00000000c0001b7d                dlmalloc_stats
                0x00000000c0001b8e                dlmallopt
 .text          0x00000000c0001c18        0x0 libk/string.32
 .text          0x00000000c0001c18       0x51 fs/fat/diskio.32
                0x00000000c0001c18                disk_status
                0x00000000c0001c1b                disk_initialize
                0x00000000c0001c1e                disk_read
                0x00000000c0001c34                disk_write
                0x00000000c0001c4a                disk_ioctl
 .text          0x00000000c0001c69     0x6833 fs/fat/ff.32
                0x00000000c0004f37                f_mount
                0x00000000c0004f99                f_open
                0x00000000c00053d5                f_read
                0x00000000c0005655                f_write
                0x00000000c000590f                f_sync
                0x00000000c0005aeb                f_close
                0x00000000c0005b1a                f_lseek
                0x00000000c0005fd1                f_opendir
                0x00000000c00060d3                f_closedir
                0x00000000c00060f5                f_readdir
                0x00000000c0006190                f_stat
                0x00000000c000621f                f_getfree
                0x00000000c00063ea                f_truncate
                0x00000000c00064e2                f_unlink
                0x00000000c0006665                f_mkdir
                0x00000000c0006891                f_rename
                0x00000000c0006b84                f_chmod
                0x00000000c0006c62                f_utime
                0x00000000c0006d40                f_getlabel
                0x00000000c0006f2e                f_setlabel
                0x00000000c000719b                f_forward
                0x00000000c0007379                f_mkfs
 .text          0x00000000c000849c       0x2d fs/fat/ffsystem.32
                0x00000000c000849c                ff_memalloc
                0x00000000c00084b2                ff_memfree
 .text          0x00000000c00084c9      0x253 fs/fat/ffunicode.32
                0x00000000c00084c9                ff_uni2oem
                0x00000000c0008559                ff_oem2uni
                0x00000000c00085c5                ff_wtoupper
 .text          0x00000000c000871c      0x8fb hal/libresample/samplerate.32
                0x00000000c0008760                src_delete
                0x00000000c000879c                src_process
                0x00000000c0008952                src_callback_read
                0x00000000c0008acf                src_set_ratio
                0x00000000c0008b39                src_get_channels
                0x00000000c0008b5b                src_reset
                0x00000000c0008ba7                src_new
                0x00000000c0008c35                src_callback_new
                0x00000000c0008c97                src_get_name
                0x00000000c0008cce                src_get_description
                0x00000000c0008d05                src_get_version
                0x00000000c0008d0b                src_is_valid_ratio
                0x00000000c0008d5f                src_error
                0x00000000c0008d6d                src_strerror
                0x00000000c0008d80                src_simple
                0x00000000c0008dd3                src_short_to_float_array
                0x00000000c0008e38                src_float_to_short_array
                0x00000000c0008ef7                src_int_to_float_array
                0x00000000c0008f5a                src_float_to_int_array
 .text          0x00000000c0009017      0x8cb hal/libresample/src_linear.32
                0x00000000c000983d                linear_get_name
                0x00000000c000984c                linear_get_description
                0x00000000c000985b                linear_set_converter
 .text          0x00000000c00098e2     0x447c hal/libresample/src_sinc.32
                0x00000000c000dc75                sinc_get_name
                0x00000000c000dc88                sinc_get_description
                0x00000000c000dc9b                sinc_set_converter
 .text          0x00000000c000dd5e      0x77c hal/libresample/src_zoh.32
                0x00000000c000e435                zoh_get_name
                0x00000000c000e444                zoh_get_description
                0x00000000c000e453                zoh_set_converter
 .text          0x00000000c000e4da       0x23 compat/inlines.32
                0x00000000c000e4da                CPU::current()
                0x00000000c000e4e7                operator new(unsigned long)
 .text          0x00000000c000e4fd      0x111 compat/resolve.32
                0x00000000c000e4fd                Krnl::resolveCompatibilitySymbol(char*)
 .text          0x00000000c000e60e      0xa17 core/computer.32
                0x00000000c000e60e                Computer::close(int, int, void*)
                0x00000000c000e652                Krnl::firstTask()
                0x00000000c000e742                Computer::Computer()
                0x00000000c000e742                Computer::Computer()
                0x00000000c000e89e                Computer::setBootMessage(char const*)
                0x00000000c000e8a0                Computer::detectFeatures()
                0x00000000c000eaaa                Computer::displayFeatures()
                0x00000000c000edf0                Computer::rdmsr(unsigned int)
                0x00000000c000ee1c                Computer::wrmsr(unsigned int, unsigned long long)
                0x00000000c000ee54                Computer::nmiEnabled()
                0x00000000c000ee60                Computer::readCMOS(unsigned char)
                0x00000000c000ee7a                Computer::enableNMI(bool)
                0x00000000c000ee92                Computer::open(int, int, void*)
                0x00000000c000ef68                Computer::disableNMI()
                0x00000000c000ef76                Computer::writeCMOS(unsigned char, unsigned char)
                0x00000000c000ef94                Computer::handleNMI()
                0x00000000c000effa                Computer::setDiskActivityLight(int, bool)
 *fill*         0x00000000c000f025        0x1 
 .text          0x00000000c000f026      0x1b7 core/gdt.32
                0x00000000c000f026                GDTEntry::setBase(unsigned int)
                0x00000000c000f042                GDTEntry::setLimit(unsigned int)
                0x00000000c000f060                GDT::GDT()
                0x00000000c000f060                GDT::GDT()
                0x00000000c000f076                GDT::addEntry(GDTEntry)
                0x00000000c000f0b2                GDT::getNumberOfEntries()
                0x00000000c000f0ba                GDT::flush()
                0x00000000c000f0dc                GDT::setup()
 .text          0x00000000c000f1dd       0x62 core/idle.32
                0x00000000c000f1dd                idleFunction(void*)
 *fill*         0x00000000c000f23f        0x1 
 .text          0x00000000c000f240      0x45f core/idt.32
                0x00000000c000f240                IDTEntry::IDTEntry(bool)
                0x00000000c000f240                IDTEntry::IDTEntry(bool)
                0x00000000c000f2ae                IDTEntry::setOffset(unsigned int)
                0x00000000c000f2c2                IDT::IDT()
                0x00000000c000f2c2                IDT::IDT()
                0x00000000c000f2c4                IDT::getPointerToInvalidOpcodeEntryForF00F()
                0x00000000c000f2cc                IDT::addEntry(IDTEntry, int)
                0x00000000c000f2e6                IDT::addEntry(int, void (*)(), bool)
                0x00000000c000f31e                IDT::flush()
                0x00000000c000f338                IDT::setup()
 .text          0x00000000c000f69f      0x206 core/kheap.32
                0x00000000c000f69f                sbrk
                0x00000000c000f7ad                mmap
                0x00000000c000f7c3                munmap
                0x00000000c000f7d9                liballoc_lock()
                0x00000000c000f7ea                liballoc_unlock()
                0x00000000c000f7fb                liballoc_alloc(int)
                0x00000000c000f819                liballoc_free(void*, int)
                0x00000000c000f837                realloc
                0x00000000c000f84b                malloc
                0x00000000c000f85b                free
                0x00000000c000f86b                rfree
                0x00000000c000f87b                calloc
 .text          0x00000000c000f8a5      0x485 core/main.32
                0x00000000c000f8a5                hwTextMode_loadInData(VgaText*)
                0x00000000c000f8f0                hwTextMode_loadInTitle(VgaText*, char*)
                0x00000000c000f96e                hwTextMode_showCursor(VgaText*, bool)
                0x00000000c000f9cc                hwTextMode_update(VgaText*)
                0x00000000c000f9cd                hwTextMode_updateCursor(VgaText*)
                0x00000000c000fa1e                hwTextMode_disableBlink(VgaText*, bool)
                0x00000000c000fa64                hwTextMode_scrollScreen(VgaText*)
                0x00000000c000fb11                hwTextMode_writeCharacter(VgaText*, char, VgaColour, VgaColour, int, int)
                0x00000000c000fb93                setupTextMode()
                0x00000000c000fc03                kernel_main
 .text          0x00000000c000fd2a      0x56a core/physmgr.32
                0x00000000c000fd2a                Phys::allocateDMA(unsigned long)
                0x00000000c000fdcd                Phys::freeDMA(unsigned long, unsigned long)
                0x00000000c000fe15                Phys::setPageState(unsigned long, bool)
                0x00000000c000fe47                Phys::getPageState(unsigned long)
                0x00000000c000fe63                Phys::freePage(unsigned long)
                0x00000000c000feed                Phys::allocatePage()
                0x00000000c000ffd2                Phys::allocateContiguousPages(int)
                0x00000000c001002c                Phys::allowSegmentToBeUsed(unsigned long, unsigned long)
                0x00000000c0010064                Phys::physicalMemorySetup(unsigned int)
 .text          0x00000000c0010294      0x273 core/pipe.32
                0x00000000c0010294                Pipe::isAtty()
                0x00000000c0010298                Pipe::~Pipe()
                0x00000000c0010298                Pipe::~Pipe()
                0x00000000c00102bc                Pipe::~Pipe()
                0x00000000c00102e4                Pipe::read(unsigned long long, void*, int*)
                0x00000000c00103d8                Pipe::write(unsigned long long, void*, int*)
                0x00000000c00104a0                Pipe::Pipe(int)
                0x00000000c00104a0                Pipe::Pipe(int)
 *fill*         0x00000000c0010507        0x1 
 .text          0x00000000c0010508      0xf73 core/terminal.32
                0x00000000c0010508                VgaText::isAtty()
                0x00000000c001050c                VgaText::~VgaText()
                0x00000000c001050c                VgaText::~VgaText()
                0x00000000c0010530                VgaText::~VgaText()
                0x00000000c001055a                VgaText::read(unsigned long long, void*, int*)
                0x00000000c001057a                setTerminalScrollLock(bool)
                0x00000000c001057b                addToTerminalCycle(VgaText*)
                0x00000000c00105a8                installVgaTextImplementation()
                0x00000000c00105bd                scrollTerminalScrollLock(int)
                0x00000000c00105be                VgaText::load()
                0x00000000c0010612                VgaText::updateCursor()
                0x00000000c001062c                VgaText::showCursor(bool)
                0x00000000c001063c                VgaText::disableBlink(bool)
                0x00000000c0010676                VgaText::doANSI_SGR(int)
                0x00000000c0010702                VgaText::setDefaultBgColour(VgaColour)
                0x00000000c0010718                VgaText::setDefaultFgColour(VgaColour)
                0x00000000c001072e                VgaText::setDefaultColours(VgaColour, VgaColour)
                0x00000000c001074e                VgaText::combineColours(unsigned char, unsigned char)
                0x00000000c0010760                VgaText::scrollScreen()
                0x00000000c00107f4                VgaText::combineCharAndColour(char, unsigned char)
                0x00000000c0010806                VgaText::writeCharacter(char, VgaColour, VgaColour, int, int)
                0x00000000c0010866                VgaText::getCursorX()
                0x00000000c0010872                VgaText::getCursorY()
                0x00000000c001087e                VgaText::setCursor(int, int)
                0x00000000c001089c                VgaText::setCursorX(int)
                0x00000000c00108b8                VgaText::setCursorY(int)
                0x00000000c00108d4                VgaText::incrementCursor(bool)
                0x00000000c001093c                VgaText::updateRAMUsageDisplay(int)
                0x00000000c00109a0                VgaText::updateDiskUsage()
                0x00000000c0010b0a                VgaText::updateTitle()
                0x00000000c0010b50                VgaText::setTitleTextColour(VgaColour)
                0x00000000c0010b60                VgaText::setTitleColour(VgaColour)
                0x00000000c0010b70                VgaText::setTitle(char*)
                0x00000000c0010b96                VgaText::decrementCursor(bool)
                0x00000000c0010bbe                VgaText::putchar(char, VgaColour, VgaColour)
                0x00000000c0010cba                VgaText::isShowingCursor()
                0x00000000c0010cc6                VgaText::isBlinkDisabled()
                0x00000000c0010cd4                VgaText::setCursorHeight(int)
                0x00000000c0010cf2                VgaText::getCursorHeight()
                0x00000000c0010cfd                setActiveTerminal(VgaText*)
                0x00000000c0010daf                doTerminalCycle()
                0x00000000c0010dcc                VgaText::doUpdate()
                0x00000000c0010dde                VgaText::puts(char const*, VgaColour, VgaColour)
                0x00000000c0010f9e                VgaText::clearScreen()
                0x00000000c0011002                VgaText::putchar(char)
                0x00000000c001111c                VgaText::puts(char const*)
                0x00000000c0011142                VgaText::putx(unsigned int)
                0x00000000c0011188                VgaText::VgaText(char const*)
                0x00000000c0011188                VgaText::VgaText(char const*)
                0x00000000c001131a                VgaText::receiveKey(unsigned char)
                0x00000000c0011402                VgaText::write(unsigned long long, void*, int*)
                0x00000000c0011456                newTerminal(char*)
 *fill*         0x00000000c001147b        0x1 
 .text          0x00000000c001147c      0x1b3 core/tss.32
                0x00000000c001147c                TSS::TSS()
                0x00000000c001147c                TSS::TSS()
                0x00000000c001148a                TSS::setESP(unsigned long)
                0x00000000c001149c                TSS::flush()
                0x00000000c00114bc                TSS::setup(unsigned long, unsigned long)
 *fill*         0x00000000c001162f        0x1 
 .text          0x00000000c0011630      0x4c2 core/unixfile.32
                0x00000000c0011630                ReservedFilename::read(unsigned long long, void*, int*)
                0x00000000c0011686                ReservedFilename::isAtty()
                0x00000000c00116a2                ReservedFilename::write(unsigned long long, void*, int*)
                0x00000000c0011700                UnixFile::getFileDescriptor()
                0x00000000c0011708                UnixFile::UnixFile(int)
                0x00000000c0011708                UnixFile::UnixFile(int)
                0x00000000c00118b8                ReservedFilename::ReservedFilename(int)
                0x00000000c00118b8                ReservedFilename::ReservedFilename(int)
                0x00000000c00118ea                UnixFile::~UnixFile()
                0x00000000c00118ea                UnixFile::~UnixFile()
                0x00000000c0011982                UnixFile::~UnixFile()
                0x00000000c00119aa                ReservedFilename::~ReservedFilename()
                0x00000000c00119aa                ReservedFilename::~ReservedFilename()
                0x00000000c00119ce                ReservedFilename::~ReservedFilename()
                0x00000000c00119f5                getFromFileDescriptor(int)
 .text          0x00000000c0011af2     0x1273 core/virtmgr.32
                0x00000000c0011af2                Virt::setPageState(unsigned long, Virt::VirtPageState)
                0x00000000c0011b27                Virt::getPageState(unsigned long)
                0x00000000c0011b4b                Virt::allocateKernelVirtualPages(int)
                0x00000000c0011c5c                Virt::freeSwapfilePage(unsigned long)
                0x00000000c0011c7a                Virt::swapIDToSector(unsigned long)
                0x00000000c0011c8c                Virt::allocateSwapfilePage()
                0x00000000c0011d0a                Virt::virtualMemorySetup()
                0x00000000c0011d89                Virt::swappingSetup()
                0x00000000c0011de6                Virt::getAKernelVAS()
                0x00000000c0011dec                Virt::setupPageSwapping(int)
                0x00000000c0011f1c                VAS::VAS()
                0x00000000c0011f1c                VAS::VAS()
                0x00000000c0011f58                VAS::VAS(VAS*)
                0x00000000c0011f58                VAS::VAS(VAS*)
                0x00000000c0011f86                VAS::getForeignPageTableEntry(bool, unsigned long)
                0x00000000c0011fb2                VAS::getPageTableEntry(unsigned long)
                0x00000000c0011fd1                Virt::freeKernelVirtualPages(unsigned long)
                0x00000000c00120f4                VAS::freeAllocatedPages(unsigned long)
                0x00000000c0012118                VAS::virtualToPhysical(unsigned long)
                0x00000000c0012130                VAS::reflagRange(unsigned long, int, int, int)
                0x00000000c0012170                VAS::setToWriteCombining(unsigned long, int)
                0x00000000c00121a2                VAS::mapOtherVASIn(bool, VAS*)
                0x00000000c00121cc                VAS::~VAS()
                0x00000000c00121cc                VAS::~VAS()
                0x00000000c0012338                VAS::mapPage(unsigned long, unsigned long, int)
                0x00000000c0012438                VAS::allocatePages(int, int)
                0x00000000c0012610                VAS::setCPUSpecific(unsigned long)
                0x00000000c001262c                VAS::mapRange(unsigned long, unsigned long, int, int)
                0x00000000c00126f2                VAS::mapForeignPage(bool, VAS*, unsigned long, unsigned long, int)
                0x00000000c00127e0                VAS::VAS(bool)
                0x00000000c00127e0                VAS::VAS(bool)
                0x00000000c0012a46                VAS::evict(unsigned long)
                0x00000000c0012b08                VAS::tryLoadBackOffDisk(unsigned long)
                0x00000000c0012c0c                VAS::scanForEviction()
                0x00000000c0012ca9                mapVASFirstTime
 .text          0x00000000c0012d65       0x95 coreobjs/c++.32
                0x00000000c0012d65                __cxa_atexit
                0x00000000c0012d68                __cxa_finalize
                0x00000000c0012d69                __stack_chk_fail
                0x00000000c0012dd5                __cxa_pure_virtual
                0x00000000c0012de6                operator new[](unsigned long)
                0x00000000c0012deb                operator delete(void*, unsigned long)
                0x00000000c0012df0                operator delete[](void*)
                0x00000000c0012df5                operator delete[](void*, unsigned long)
 .text          0x00000000c0012dfa      0x1ef dbg/kconsole.32
                0x00000000c0012dfa                Dbg::stringifyxWithBase(unsigned int, char*, int)
                0x00000000c0012e5b                Dbg::logc(char)
                0x00000000c0012e72                Dbg::logs(char*)
                0x00000000c0012e8f                Dbg::logWriteInt(unsigned int)
                0x00000000c0012eac                Dbg::logWriteIntBase(unsigned int, int)
                0x00000000c0012ecb                Dbg::kprintf(char const*, ...)
 *fill*         0x00000000c0012fe9        0x1 
 .text          0x00000000c0012fea      0xb7c fs/vfs.32
                0x00000000c0012fea                File::read(unsigned long long, void*, int*)
                0x00000000c0013042                File::write(unsigned long long, void*, int*)
                0x00000000c001309a                Directory::read(unsigned long long, void*, int*)
                0x00000000c00130f2                Directory::write(unsigned long long, void*, int*)
                0x00000000c0013120                File::isAtty()
                0x00000000c0013124                Directory::isAtty()
                0x00000000c0013128                Filesystem::getlabel(LogicalDisk*, int, char*, unsigned int*)
                0x00000000c001312e                Filesystem::setlabel(LogicalDisk*, int, char*)
                0x00000000c0013134                File::~File()
                0x00000000c0013134                File::~File()
                0x00000000c0013158                File::~File()
                0x00000000c0013182                Directory::~Directory()
                0x00000000c0013182                Directory::~Directory()
                0x00000000c00131a6                Directory::~Directory()
                0x00000000c00131d0                Filesystem::Filesystem()
                0x00000000c00131d0                Filesystem::Filesystem()
                0x00000000c00131f4                Filesystem::~Filesystem()
                0x00000000c00131f4                Filesystem::~Filesystem()
                0x00000000c0013202                Filesystem::~Filesystem()
                0x00000000c0013226                Fs::getcwd(Process*, char*, int)
                0x00000000c0013250                Fs::initVFS()
                0x00000000c001327a                Fs::standardiseFiles(char*, char const*, char const*)
                0x00000000c0013424                File::File(char const*, Process*)
                0x00000000c0013424                File::File(char const*, Process*)
                0x00000000c0013488                File::open(FileOpenMode)
                0x00000000c00134e6                File::close()
                0x00000000c0013546                File::seek(unsigned long long)
                0x00000000c001359c                File::tell(unsigned long long*)
                0x00000000c00135ec                File::rewind()
                0x00000000c0013600                File::unlink()
                0x00000000c001364c                File::rename(char const*)
                0x00000000c001369a                File::chfatattr(unsigned char, unsigned char)
                0x00000000c00136f6                File::exists()
                0x00000000c0013734                File::stat(unsigned long long*, bool*)
                0x00000000c0013795                Fs::setcwd(Process*, char*)
                0x00000000c00138d0                Directory::Directory(char const*, Process*)
                0x00000000c00138d0                Directory::Directory(char const*, Process*)
                0x00000000c0013934                Directory::open()
                0x00000000c0013990                Directory::close()
                0x00000000c00139f0                Directory::unlink()
                0x00000000c0013a3c                Directory::rename(char const*)
                0x00000000c0013a8a                Directory::exists()
                0x00000000c0013ac8                Directory::read(dirent*)
                0x00000000c0013b14                Directory::create()
                0x00000000c0013b60                Filesystem::chfatattr(char const*, unsigned char, unsigned char)
 .text          0x00000000c0013b66       0x84 hal/bus.32
                0x00000000c0013b66                Bus::Bus(char const*)
                0x00000000c0013b66                Bus::Bus(char const*)
                0x00000000c0013b9c                Bus::~Bus()
                0x00000000c0013b9c                Bus::~Bus()
                0x00000000c0013bc0                Bus::~Bus()
 .text          0x00000000c0013bea      0x14e hal/buzzer.32
                0x00000000c0013bea                Buzzer::Buzzer(char const*)
                0x00000000c0013bea                Buzzer::Buzzer(char const*)
                0x00000000c0013c2e                Buzzer::~Buzzer()
                0x00000000c0013c2e                Buzzer::~Buzzer()
                0x00000000c0013c52                Buzzer::~Buzzer()
                0x00000000c0013c7c                Buzzer::stop()
                0x00000000c0013c8f                beepThread(void*)
                0x00000000c0013cca                Buzzer::beep(int, int, bool)
 .text          0x00000000c0013d38      0x467 hal/clock.32
                0x00000000c0013d38                User::loadClockSettings(int)
                0x00000000c0013d8a                Clock::Clock(char const*)
                0x00000000c0013d8a                Clock::Clock(char const*)
                0x00000000c0013dc0                Clock::~Clock()
                0x00000000c0013dc0                Clock::~Clock()
                0x00000000c0013de4                Clock::~Clock()
                0x00000000c0013e0e                Clock::timeInSecondsLocal()
                0x00000000c0013e56                Clock::setTimeInSecondsLocal(unsigned long long)
                0x00000000c0013eaf                datetimeToSeconds(datetime_t)
                0x00000000c0013fd6                Clock::setTimeInDatetimeLocal(datetime_t)
                0x00000000c0014036                secondsToDatetime(unsigned long long)
                0x00000000c001417a                Clock::timeInDatetimeLocal()
 *fill*         0x00000000c001419f        0x1 
 .text          0x00000000c00141a0      0x4de hal/device.32
                0x00000000c00141a0                Device::hibernate()
                0x00000000c00141a2                Device::wake()
                0x00000000c00141a4                Device::detect()
                0x00000000c00141a6                Device::disableLegacy()
                0x00000000c00141a8                Device::powerSaving(PowerSavingLevel)
                0x00000000c00141aa                DriverlessDevice::close(int, int, void*)
                0x00000000c00141ae                DriverlessDevice::detect()
                0x00000000c00141b0                DriverlessDevice::open(int, int, void*)
                0x00000000c00141c4                Device::~Device()
                0x00000000c00141c4                Device::~Device()
                0x00000000c00141d2                Device::~Device()
                0x00000000c00141fa                Device::findAndLoadDriver()
                0x00000000c00141fc                Device::preOpenPCI(PCIDeviceInfo)
                0x00000000c0014222                Device::preOpenACPI(void*, char*, char*)
                0x00000000c0014276                Device::addIRQHandler(int, void (*)(regs*, void*), bool, void*)
                0x00000000c00142b4                Device::removeIRQHandler(int, void (*)(regs*, void*), bool)
                0x00000000c00142f2                Device::addChild(Device*)
                0x00000000c0014336                Device::removeAllChildren()
                0x00000000c001437c                Device::hibernateAll()
                0x00000000c00143ac                Device::wakeAll()
                0x00000000c00143dc                Device::detectAll()
                0x00000000c001440c                Device::disableLegacyAll()
                0x00000000c001443c                Device::loadDriversForAll()
                0x00000000c0014468                Device::closeAll()
                0x00000000c001449e                Device::powerSavingAll(PowerSavingLevel)
                0x00000000c00144d4                Device::setName(char const*)
                0x00000000c00144e2                Device::Device(char const*)
                0x00000000c00144e2                Device::Device(char const*)
                0x00000000c00145de                Device::getName()
                0x00000000c00145e8                DriverlessDevice::DriverlessDevice(char const*)
                0x00000000c00145e8                DriverlessDevice::DriverlessDevice(char const*)
                0x00000000c0014610                Device::addToLinkedList(LinkedList<Device>&, DeviceType)
                0x00000000c0014654                getDevicesOfType(DeviceType)
 .text          0x00000000c001467e       0x84 hal/diskctrl.32
                0x00000000c001467e                HardDiskController::HardDiskController(char const*)
                0x00000000c001467e                HardDiskController::HardDiskController(char const*)
                0x00000000c00146b4                HardDiskController::~HardDiskController()
                0x00000000c00146b4                HardDiskController::~HardDiskController()
                0x00000000c00146d8                HardDiskController::~HardDiskController()
 .text          0x00000000c0014702       0xf2 hal/diskphys.32
                0x00000000c0014702                PhysicalDisk::eject()
                0x00000000c0014716                PhysicalDisk::PhysicalDisk(char const*, int)
                0x00000000c0014716                PhysicalDisk::PhysicalDisk(char const*, int)
                0x00000000c001477e                PhysicalDisk::startCache()
                0x00000000c00147a6                PhysicalDisk::~PhysicalDisk()
                0x00000000c00147a6                PhysicalDisk::~PhysicalDisk()
                0x00000000c00147ca                PhysicalDisk::~PhysicalDisk()
 .text          0x00000000c00147f4      0x13b hal/fpu.32
                0x00000000c00147f4                FPU::FPU(char const*)
                0x00000000c00147f4                FPU::FPU(char const*)
                0x00000000c001482a                FPU::~FPU()
                0x00000000c001482a                FPU::~FPU()
                0x00000000c001484e                FPU::~FPU()
                0x00000000c0014878                setupFPU()
 *fill*         0x00000000c001492f        0x1 
 .text          0x00000000c0014930     0x1421 hal/intctrl.32
                0x00000000c0014930                InterruptController::uninstallISRHandler(int, void (*)(regs*, void*))
                0x00000000c0014968                InterruptController::installISRHandler(int, void (*)(regs*, void*), void*)
                0x00000000c00149ba                doubleFault(regs*, void*)
                0x00000000c00149d4                InterruptController::installIRQHandler(int, void (*)(regs*, void*), bool, void*)
                0x00000000c0014a70                InterruptController::clearAllHandlers(int, bool)
                0x00000000c0014b18                InterruptController::uninstallIRQHandler(int, void (*)(regs*, void*), bool)
                0x00000000c0014b9f                nmiHandler(regs*, void*)
                0x00000000c0014bad                int_handler
                0x00000000c0014c4e                InterruptController::InterruptController(char const*)
                0x00000000c0014c4e                InterruptController::InterruptController(char const*)
                0x00000000c0014cf4                InterruptController::~InterruptController()
                0x00000000c0014cf4                InterruptController::~InterruptController()
                0x00000000c0014d18                InterruptController::~InterruptController()
                0x00000000c0014d42                displayDebugInfo(regs*)
                0x00000000c00151d1                x87EmulHandler(regs*, void*)
                0x00000000c0015244                gpFault(regs*, void*)
                0x00000000c001527d                pgFault(regs*, void*)
                0x00000000c00152b9                otherISRHandler(regs*, void*)
                0x00000000c00152d8                opcodeFault(regs*, void*)
                0x00000000c00158de                displayProgramFault(char const*)
                0x00000000c0015906                setupInterruptController()
                0x00000000c0015d04                InterruptController::convertLegacyIRQNumber(int)
 *fill*         0x00000000c0015d51        0x1 
 .text          0x00000000c0015d52      0x6c8 hal/keybrd.32
                0x00000000c0015d52                startGUI(void*)
                0x00000000c0015dae                startGUIVESA(void*)
                0x00000000c0015e0a                sendKeyToTerminal(unsigned char)
                0x00000000c0015e76                sendKeyboardToken(KeyboardToken)
                0x00000000c00162b3                clearInternalKeybuffer(VgaText*)
                0x00000000c00162e8                readKeyboard(VgaText*, char*, unsigned long)
                0x00000000c0016390                Keyboard::Keyboard(char const*)
                0x00000000c0016390                Keyboard::Keyboard(char const*)
                0x00000000c00163cc                Keyboard::~Keyboard()
                0x00000000c00163cc                Keyboard::~Keyboard()
                0x00000000c00163f0                Keyboard::~Keyboard()
 .text          0x00000000c001641a      0x414 hal/logidisk.32
                0x00000000c001641a                LogicalDisk::close(int, int, void*)
                0x00000000c001641e                LogicalDisk::~LogicalDisk()
                0x00000000c001641e                LogicalDisk::~LogicalDisk()
                0x00000000c0016442                LogicalDisk::~LogicalDisk()
                0x00000000c001646c                LogicalDisk::open(int, int, void*)
                0x00000000c0016480                LogicalDisk::absoluteToRelative(unsigned long long)
                0x00000000c00164b8                LogicalDisk::relativeToAbsolute(unsigned long long)
                0x00000000c00164fe                LogicalDisk::LogicalDisk(char const*, PhysicalDisk*, unsigned long long, unsigned long long)
                0x00000000c00164fe                LogicalDisk::LogicalDisk(char const*, PhysicalDisk*, unsigned long long, unsigned long long)
                0x00000000c00165b4                LogicalDisk::assignDriveLetter()
                0x00000000c001666a                LogicalDisk::mount()
                0x00000000c00166dc                LogicalDisk::unmount()
                0x00000000c00166ec                LogicalDisk::eject()
                0x00000000c0016700                LogicalDisk::unassignDriveLetter()
                0x00000000c0016756                LogicalDisk::read(unsigned long long, int, void*)
                0x00000000c00167c2                LogicalDisk::write(unsigned long long, int, void*)
 .text          0x00000000c001682e       0x84 hal/mouse.32
                0x00000000c001682e                Mouse::Mouse(char const*)
                0x00000000c001682e                Mouse::Mouse(char const*)
                0x00000000c0016864                Mouse::~Mouse()
                0x00000000c0016864                Mouse::~Mouse()
                0x00000000c0016888                Mouse::~Mouse()
 .text          0x00000000c00168b2      0x34d hal/partition.32
                0x00000000c00168b2                makePartition(PhysicalDisk*, unsigned long long, unsigned long long)
                0x00000000c001696e                createPartitionsForDisk(PhysicalDisk*)
 *fill*         0x00000000c0016bff        0x1 
 .text          0x00000000c0016c00       0x84 hal/serial.32
                0x00000000c0016c00                Serial::Serial(char const*)
                0x00000000c0016c00                Serial::Serial(char const*)
                0x00000000c0016c36                Serial::~Serial()
                0x00000000c0016c36                Serial::~Serial()
                0x00000000c0016c5a                Serial::~Serial()
 .text          0x00000000c0016c84      0x2b8 hal/timer.32
                0x00000000c0016c84                Timer::Timer(char const*)
                0x00000000c0016c84                Timer::Timer(char const*)
                0x00000000c0016cba                Timer::~Timer()
                0x00000000c0016cba                Timer::~Timer()
                0x00000000c0016cde                Timer::~Timer()
                0x00000000c0016d08                Timer::read()
                0x00000000c0016d13                timerHandler(unsigned long long)
                0x00000000c0016e4a                setupTimer(int)
 .text          0x00000000c0016f3c      0x425 hal/vcache.32
                0x00000000c0016f3c                VCache::VCache(PhysicalDisk*)
                0x00000000c0016f3c                VCache::VCache(PhysicalDisk*)
                0x00000000c00170a4                VCache::invalidateReadBuffer()
                0x00000000c00170b4                VCache::writeWriteBuffer()
                0x00000000c00170f0                VCache::~VCache()
                0x00000000c00170f0                VCache::~VCache()
                0x00000000c0017144                VCache::~VCache()
                0x00000000c001716c                VCache::write(unsigned long long, int, void*)
                0x00000000c0017262                VCache::read(unsigned long long, int, void*)
 *fill*         0x00000000c0017361        0x1 
 .text          0x00000000c0017362      0x4cd hal/video.32
                0x00000000c0017362                Video::putrect(int, int, int, int, unsigned int)
                0x00000000c00173ae                Video::bitblit(int, int, int, int, int, int, int, unsigned int*)
                0x00000000c001741e                Video::blit(unsigned int*, int, int, int, int)
                0x00000000c001749c                Video::clearScreen(unsigned int)
                0x00000000c00174d0                Video::putpixel(int, int, unsigned int)
                0x00000000c00174de                Video::Video(char const*)
                0x00000000c00174de                Video::Video(char const*)
                0x00000000c0017514                Video::~Video()
                0x00000000c0017514                Video::~Video()
                0x00000000c0017538                Video::~Video()
                0x00000000c0017562                Video::isMonochrome()
                0x00000000c001756e                Video::getWidth()
                0x00000000c001757a                Video::getHeight()
                0x00000000c0017586                Video::drawCursor(int, int, unsigned char*, int)
                0x00000000c0017642                Video::tgaParse(unsigned char*, int, int*, int*)
                0x00000000c00177c4                Video::putTGA(int, int, unsigned char*, int)
 *fill*         0x00000000c001782f        0x1 
 .text          0x00000000c0017830      0xf74 hw/acpi.32
                0x00000000c0017830                ACPI::close(int, int, void*)
                0x00000000c00178e5                findRSDP()
                0x00000000c001797f                loadACPITables(unsigned char*)
                0x00000000c0017ba6                findRSDT(unsigned char*)
                0x00000000c0017cc4                findDataTable(unsigned char*, char*)
                0x00000000c0017d60                scanMADT()
                0x00000000c00181e6                ACPI::ACPI()
                0x00000000c00181e6                ACPI::ACPI()
                0x00000000c0018250                ACPI::getPCIIRQAssignment(unsigned char, unsigned short, unsigned char)
                0x00000000c0018332                ACPI::registerPCIIRQAssignment(void*, unsigned short, unsigned char, unsigned char)
                0x00000000c00183f8                ACPI::setScreenBrightnessLevel(void*, int)
                0x00000000c00183fe                ACPI::writeSimpleBootFlag(SimpleBootFlagTable*)
                0x00000000c0018446                ACPI::open(int, int, void*)
                0x00000000c001878c                ACPI::sleep()
 .text          0x00000000c00187a4     0x1715 hw/cpu.32
                0x00000000c00187a4                CPU::close(int, int, void*)
                0x00000000c00187a8                CPU::lookupAMDName(unsigned char, unsigned char)
                0x00000000c001893c                CPU::lookupIntelName(unsigned char, unsigned char)
                0x00000000c0018bea                CPU::AMD_K6_write_msr(unsigned int, unsigned int, unsigned int, CPU::REGS*)
                0x00000000c0018c06                CPU::AMD_K6_read_msr(unsigned int, CPU::REGS*)
                0x00000000c0018c1e                CPU::AMD_K6_writeback(int, int, int)
                0x00000000c0018c92                CPU::cpuid(int, unsigned long*, unsigned long*, unsigned long*, unsigned long*)
                0x00000000c0018d16                CPU::cpuidCheckEDX(unsigned int)
                0x00000000c0018d44                CPU::cpuidCheckECX(unsigned int)
                0x00000000c0018d72                CPU::cpuidCheckExtendedEBX(unsigned int)
                0x00000000c0018da0                CPU::cpuidCheckExtendedECX(unsigned int)
                0x00000000c0018dce                CPU::CPU()
                0x00000000c0018dce                CPU::CPU()
                0x00000000c0018e5c                CPU::displayFeatures()
                0x00000000c00190d8                CPU::detectFeatures()
                0x00000000c0019ac8                CPU::setupSMEP()
                0x00000000c0019ad4                CPU::setupUMIP()
                0x00000000c0019ade                CPU::setupTSC()
                0x00000000c0019ae8                CPU::setupLargePages()
                0x00000000c0019af2                CPU::setupPAT()
                0x00000000c0019b2e                CPU::setupMTRR()
                0x00000000c0019b30                CPU::setupGlobalPages()
                0x00000000c0019b3a                CPU::allowUsermodeDataAccess()
                0x00000000c0019b4c                CPU::prohibitUsermodeDataAccess()
                0x00000000c0019b5e                CPU::setupSMAP()
                0x00000000c0019b6c                CPU::setupFeatures()
                0x00000000c0019bec                CPU::open(int, int, void*)
                0x00000000c0019cbe                CPU::decodeAddress(regs*, int*, bool*, unsigned char*)
 .text          0x00000000c0019eb9        0x0 hw/ports.32
 .text          0x00000000c0019eb9      0x16a hw/smp.32
                0x00000000c0019eb9                Krnl::smpEntry()
                0x00000000c0019ebb                Krnl::startCPU(int)
                0x00000000c001a004                Krnl::startCPUs()
 *fill*         0x00000000c001a023        0x1 
 .text          0x00000000c001a024      0x5d3 krnl/env.32
                0x00000000c001a024                EnvVarContainer::getEnv(char const*)
                0x00000000c001a062                EnvVarContainer::setEnv(char const*, char const*)
                0x00000000c001a12e                EnvVarContainer::deleteEnv(char const*)
                0x00000000c001a130                EnvVarContainer::loadFrom(char const*, char const*)
                0x00000000c001a326                EnvVarContainer::__loadSystem()
                0x00000000c001a340                EnvVarContainer::__loadUser()
                0x00000000c001a342                EnvVarContainer::EnvVarContainer(Process*)
                0x00000000c001a342                EnvVarContainer::EnvVarContainer(Process*)
                0x00000000c001a364                EnvVarContainer::~EnvVarContainer()
                0x00000000c001a364                EnvVarContainer::~EnvVarContainer()
                0x00000000c001a394                Krnl::getEnv(Process*, char const*)
                0x00000000c001a3f9                Krnl::setEnvSystem(char const*, char const*)
                0x00000000c001a413                Krnl::setEnvUser(char const*, char const*)
                0x00000000c001a432                Krnl::setEnvProcess(Process*, char const*, char const*)
                0x00000000c001a445                Krnl::deleteEnvSystem(char const*)
                0x00000000c001a446                Krnl::deleteEnvUser(char const*)
                0x00000000c001a447                Krnl::deleteEnvProcess(Process*, char const*)
                0x00000000c001a448                Krnl::newProcessEnv(Process*)
                0x00000000c001a46a                Krnl::copyProcessEnv(Process*, Process*)
                0x00000000c001a4be                Krnl::loadSystemEnv()
                0x00000000c001a4ec                Krnl::loadUserEnv()
                0x00000000c001a512                Krnl::flushEnv()
                0x00000000c001a513                Krnl::getProcessTotalEnvCount(Process*)
                0x00000000c001a533                Krnl::getProcessEnvPair(Process*, int)
 .text          0x00000000c001a5f7      0x396 krnl/panic.32
                0x00000000c001a5f7                Krnl::panic(char const*)
 .text          0x00000000c001a98d      0x3b6 net/ethernet.32
                0x00000000c001a98d                Net::switchEndian16(unsigned short)
                0x00000000c001a9ae                Net::switchEndian32(unsigned int)
                0x00000000c001a9dd                Net::crc32Calc(unsigned char*, int)
                0x00000000c001aa6e                Net::wrapEthernetFrame(Net::UnwrappedEthernetFrame, unsigned char*)
                0x00000000c001abaa                Net::unwrapEthernetFrame(unsigned char*, int)
 .text          0x00000000c001ad43      0x513 reg/registry.32
                0x00000000c001ad43                Reg::findLineFromLoadedData(char*, char*, char*)
                0x00000000c001ae9b                Reg::getLineFromRegistry(char*, char*, char*, char*)
                0x00000000c001aff0                Reg::getLine(char*, char*, char*)
                0x00000000c001b027                Reg::readInt(char*, char*, int*)
                0x00000000c001b112                Reg::readString(char*, char*, char*, int)
                0x00000000c001b193                Reg::readBool(char*, char*, bool*)
                0x00000000c001b1b8                Reg::readBoolWithDefault(char*, char*, bool)
                0x00000000c001b1e4                Reg::readIntWithDefault(char*, char*, int)
                0x00000000c001b210                Reg::readStringWithDefault(char*, char*, char*, int, char*)
 .text          0x00000000c001b256       0x36 sys/sc_eject.32
                0x00000000c001b256                Sys::eject(regs*)
 .text          0x00000000c001b28c       0x18 sys/sc_exit.32
                0x00000000c001b28c                Sys::exit(regs*)
 .text          0x00000000c001b2a4       0x1f sys/sc_getcwd.32
                0x00000000c001b2a4                Sys::getCwd(regs*)
 .text          0x00000000c001b2c3        0xc sys/sc_getpid.32
                0x00000000c001b2c3                Sys::getPID(regs*)
 .text          0x00000000c001b2cf       0x17 sys/sc_getramdata.32
                0x00000000c001b2cf                Sys::getRAMData(regs*)
 .text          0x00000000c001b2e6       0xa8 sys/sc_loaddll.32
                0x00000000c001b2e6                Sys::loadDLL(regs*)
 .text          0x00000000c001b38e       0x68 sys/sc_read.32
                0x00000000c001b38e                Sys::read(regs*)
 .text          0x00000000c001b3f6       0x55 sys/sc_sbrk.32
                0x00000000c001b3f6                Sys::sbrk(regs*)
 .text          0x00000000c001b44b       0x1c sys/sc_setcwd.32
                0x00000000c001b44b                Sys::setCwd(regs*)
 .text          0x00000000c001b467      0x128 sys/sc_settime.32
                0x00000000c001b467                Sys::setTime(regs*)
 .text          0x00000000c001b58f       0x4a sys/sc_timezone.32
                0x00000000c001b58f                Sys::timezone(regs*)
 .text          0x00000000c001b5d9       0x68 sys/sc_write.32
                0x00000000c001b5d9                Sys::write(regs*)
 .text          0x00000000c001b641       0x62 sys/sc_wsbe.32
                0x00000000c001b641                Sys::wsbe(regs*)
 .text          0x00000000c001b6a3       0x3b sys/sc_yield.32
                0x00000000c001b6a3                Sys::yield(regs*)
 .text          0x00000000c001b6de     0x10e5 sys/syscalls.32
                0x00000000c001b6de                sysCallSeekDir(regs*)
                0x00000000c001b6e3                sysCallTellDir(regs*)
                0x00000000c001b6e8                sysCallVerify(regs*)
                0x00000000c001b6f2                sysFormatDisk(regs*)
                0x00000000c001b75c                sysSetDiskVolumeLabel(regs*)
                0x00000000c001b7a2                sysGetDiskVolumeLabel(regs*)
                0x00000000c001b7f3                sysShutdown(regs*)
                0x00000000c001b851                sysCallRealpath(regs*)
                0x00000000c001b894                sysCallGetArgc(regs*)
                0x00000000c001b8c2                sysCallReadDir(regs*)
                0x00000000c001b950                sysCallIsATTY(regs*)
                0x00000000c001b9aa                sysCallSeek(regs*)
                0x00000000c001ba13                sysCallTell(regs*)
                0x00000000c001ba90                sysCallSize(regs*)
                0x00000000c001bb13                sysCallSizeFromFilename(regs*)
                0x00000000c001bbd3                sysCallClose(regs*)
                0x00000000c001bc5b                sysCallOpenDir(regs*)
                0x00000000c001bcd0                sysCallCloseDir(regs*)
                0x00000000c001bd36                sysCallMakeDir(regs*)
                0x00000000c001bda6                sysCallWait(regs*)
                0x00000000c001bdc0                sysCallNotImpl(regs*)
                0x00000000c001bddb                sysPanic(regs*)
                0x00000000c001be01                sysCallRmdir(regs*)
                0x00000000c001be65                sysCallUnlink(regs*)
                0x00000000c001bec9                sysCallGetArgv(regs*)
                0x00000000c001bf15                sysCallTTYName(regs*)
                0x00000000c001bf98                sysCallUSleep(regs*)
                0x00000000c001bfbf                sysCallSpawn(regs*)
                0x00000000c001c017                sysCallGetEnv(regs*)
                0x00000000c001c14f                sysAppSettings(regs*)
                0x00000000c001c26e                sysSetFatAttrib(regs*)
                0x00000000c001c2e0                sysPipe(regs*)
                0x00000000c001c325                sysGetUnixTime(regs*)
                0x00000000c001c339                string_ends_with(char const*, char const*)
                0x00000000c001c381                sysCallOpen(regs*)
                0x00000000c001c596                Sys::loadSyscalls()
                0x00000000c001c781                Sys::systemCall(regs*, void*)
 .text          0x00000000c001c7c3     0x11d4 thr/elf.32
                0x00000000c001c7c3                Thr::allocateMemoryForTask(Process*, File*, unsigned long, unsigned long, unsigned long)
                0x00000000c001ca55                Thr::loadProgramIntoMemory(Process*, char const*)
                0x00000000c001cc6b                Thr::runtimeReferenceHelper()
                0x00000000c001cc7e                Thr::getAddressOfKernelSymbol(char const*)
                0x00000000c001cccd                Thr::loadKernelSymbolTable(char const*)
                0x00000000c001cf8b                Thr::loadDriverIntoMemory(char const*, unsigned long, bool)
                0x00000000c001d6a7                Thr::getDriverBaseFromAddress(unsigned long)
                0x00000000c001d6d9                Thr::getDriverNameFromAddress(unsigned long)
                0x00000000c001d710                Thr::getDriverOffsetFromAddress(unsigned long)
                0x00000000c001d72a                Thr::loadDLL(char const*, bool)
                0x00000000c001d95e                Thr::executeDLL(unsigned long, void*)
 *fill*         0x00000000c001d997        0x1 
 .text          0x00000000c001d998     0x1090 thr/prcssthr.32
                0x00000000c001d998                changeTSS
                0x00000000c001d9c8                Process::addArgs(char**)
                0x00000000c001da22                Process::Process(char const*, Process*, char**)
                0x00000000c001da22                Process::Process(char const*, Process*, char**)
                0x00000000c001dc06                Process::Process(bool, char const*, Process*, char**)
                0x00000000c001dc06                Process::Process(bool, char const*, Process*, char**)
                0x00000000c001ddb5                disableIRQs()
                0x00000000c001ddbd                getIRQNestingLevel()
                0x00000000c001ddc3                enableIRQs()
                0x00000000c001ddd2                lockScheduler()
                0x00000000c001ddd4                unlockScheduler()
                0x00000000c001ddd6                userModeEntryPoint(void*)
                0x00000000c001ddf9                lockStuff()
                0x00000000c001de05                taskStartupFunction
                0x00000000c001de0e                updateTimeUsed()
                0x00000000c001de73                switchToThread(ThreadControlBlock*)
                0x00000000c001dec4                Semaphore::Semaphore(int)
                0x00000000c001dec4                Semaphore::Semaphore(int)
                0x00000000c001def2                Mutex::Mutex()
                0x00000000c001def2                Mutex::Mutex()
                0x00000000c001df04                Process::createThread(void (*)(void*), void*, int)
                0x00000000c001e00a                Process::createUserThread()
                0x00000000c001e026                setupMultitasking(void (*)())
                0x00000000c001e148                schedule()
                0x00000000c001e1cd                unlockStuff()
                0x00000000c001e202                Semaphore::tryAcquire()
                0x00000000c001e230                Semaphore::assertLocked(char const*)
                0x00000000c001e260                blockTaskWithSchedulerLockAlreadyHeld(TaskState)
                0x00000000c001e2a2                blockTask(TaskState)
                0x00000000c001e2c3                waitTask(int, int*, int)
                0x00000000c001e305                nanoSleepUntil(unsigned long long)
                0x00000000c001e35c                nanoSleep(unsigned long long)
                0x00000000c001e371                sleep(unsigned long long)
                0x00000000c001e38e                Semaphore::acquire()
                0x00000000c001e3f6                taskReturned
                0x00000000c001e424                unblockTask(ThreadControlBlock*)
                0x00000000c001e4d3                cleanupTerminatedTask(ThreadControlBlock*)
                0x00000000c001e79c                cleanerTaskFunction(void*)
                0x00000000c001e84f                terminateTask(int)
                0x00000000c001e92f                Thr::terminateFromIRQ(int)
                0x00000000c001e93c                Semaphore::release()
 .text          0x00000000c001ea28      0xc26 vm86/vm8086.32
                0x00000000c001ea28                Vm::inbv(unsigned short)
                0x00000000c001ea3b                Vm::outbv(unsigned short, unsigned char)
                0x00000000c001ea8e                Vm::realToLinear(unsigned short, unsigned short)
                0x00000000c001ea9e                Vm::getSegment(unsigned int)
                0x00000000c001eaa6                Vm::getOffset(unsigned int)
                0x00000000c001eaab                Vm::mainloop2()
                0x00000000c001eae6                Vm::mainVm8086Loop(void*)
                0x00000000c001eaf3                Vm::mainloop3(unsigned long)
                0x00000000c001eb1d                Vm::initialise8086()
                0x00000000c001eb60                Vm::finish8086()
                0x00000000c001eba5                Vm::getOutput8086(unsigned char*)
                0x00000000c001ebcf                Vm::start8086(char const*, unsigned short, unsigned short, unsigned short, unsigned short)
                0x00000000c001ed1f                Vm::doISR(regs*, int, unsigned char*, unsigned short, unsigned short)
                0x00000000c001eda9                Vm::readByteFromReal(unsigned short, unsigned short)
                0x00000000c001edba                Vm::readWordFromReal(unsigned short, unsigned short)
                0x00000000c001edcc                Vm::readDwordFromReal(unsigned short, unsigned short)
                0x00000000c001eddd                Vm::writeByteFromReal(unsigned short, unsigned short, unsigned char)
                0x00000000c001edf2                Vm::writeWordFromReal(unsigned short, unsigned short, unsigned short)
                0x00000000c001ee08                Vm::writeDwordFromReal(unsigned short, unsigned short, unsigned int)
                0x00000000c001ee1d                Vm::faultHandler(regs*)
 .text          0x00000000c001f64e      0xefd vm86/x87em.32
                0x00000000c001f64e                Vm::fpuInternalTo32(unsigned long long)
                0x00000000c001f6a9                Vm::fpuInternalTo64(unsigned long long)
                0x00000000c001f6b2                Vm::fpu32ToInternal(unsigned int)
                0x00000000c001f6f7                Vm::fpu64ToInternal(unsigned long long)
                0x00000000c001f700                Vm::fpuFloatToLong(unsigned long long)
                0x00000000c001f75b                Vm::fpuULongToFloat(unsigned long long)
                0x00000000c001f791                Vm::fpuLongToFloat(long long)
                0x00000000c001f7e7                Vm::fpuGet0()
                0x00000000c001f7ec                Vm::fpuGet1()
                0x00000000c001f7f4                Vm::fpuGetPi()
                0x00000000c001f7fc                Vm::fpuGetLog2E()
                0x00000000c001f814                Vm::fpuGetLogE2()
                0x00000000c001f82c                Vm::fpuGetLog210()
                0x00000000c001f844                Vm::fpuGetLog102()
                0x00000000c001f85c                Vm::fpuIsSecondLarger(unsigned long long, unsigned long long)
                0x00000000c001f870                Vm::fpuAreEqual(unsigned long long, unsigned long long)
                0x00000000c001f886                Vm::fpuUnorderedCompare(unsigned long long, unsigned long long)
                0x00000000c001f8d9                Vm::fpuAdd(unsigned long long, unsigned long long)
                0x00000000c001f8ea                Vm::fpuAbs(unsigned long long)
                0x00000000c001f8f3                Vm::fpuChs(unsigned long long)
                0x00000000c001f903                Vm::fpuSub(unsigned long long, unsigned long long)
                0x00000000c001f912                Vm::fpuMultiply(unsigned long long, unsigned long long)
                0x00000000c001f931                Vm::fpuDivide(unsigned long long, unsigned long long)
                0x00000000c001f94d                Vm::fpuSquare(unsigned long long)
                0x00000000c001f963                Vm::fpuGetReg(int)
                0x00000000c001f9a6                Vm::fpuSetReg(int, unsigned long long)
                0x00000000c001f9f1                Vm::fpuPush(unsigned long long)
                0x00000000c001fa4e                Vm::fpuPop()
                0x00000000c001faa0                Vm::x87Handler(regs*)
 *fill*         0x00000000c002054b        0x1 
 .text          0x00000000c002054c     0x10ed fs/fat/vfslink.32
                0x00000000c002054c                FAT::getName()
                0x00000000c0020552                FAT::tell(void*, unsigned long long*)
                0x00000000c0020586                FAT::stat(void*, unsigned long long*)
                0x00000000c00205ba                FAT::~FAT()
                0x00000000c00205ba                FAT::~FAT()
                0x00000000c00205de                FAT::~FAT()
                0x00000000c0020606                FAT::getlabel(LogicalDisk*, int, char*, unsigned int*)
                0x00000000c00206a4                FAT::setlabel(LogicalDisk*, int, char*)
                0x00000000c002075e                FAT::format(LogicalDisk*, int, char const*, int)
                0x00000000c0020942                FAT::tryMount(LogicalDisk*, int)
                0x00000000c0020b48                FAT::readDir(void*, unsigned long, void*, int*)
                0x00000000c0020c4e                FAT::read(void*, unsigned long, void*, int*)
                0x00000000c0020ca8                FAT::write(void*, unsigned long, void*, int*)
                0x00000000c0020d02                FAT::close(void*)
                0x00000000c0020d4e                FAT::closeDir(void*)
                0x00000000c0020d9a                FAT::seek(void*, unsigned long long)
                0x00000000c0020dee                fatWrapperReadDisk
                0x00000000c0020e35                fatWrapperWriteDisk
                0x00000000c0020e7c                fatWrapperIoctl
                0x00000000c0020f80                FAT::FAT()
                0x00000000c0020f80                FAT::FAT()
                0x00000000c0020fd2                FAT::fixFilepath(char*)
                0x00000000c002100a                FAT::open(char const*, void**, FileOpenMode)
                0x00000000c0021132                FAT::openDir(char const*, void**)
                0x00000000c00211d8                FAT::stat(char const*, unsigned long long*, bool*)
                0x00000000c00212c2                FAT::unlink(char const*)
                0x00000000c002133c                FAT::chfatattr(char const*, unsigned char, unsigned char)
                0x00000000c0021490                FAT::rename(char const*, char const*)
                0x00000000c0021554                FAT::mkdir(char const*)
                0x00000000c00215ce                FAT::exists(char const*)
 *fill*         0x00000000c0021639        0x1 
 .text          0x00000000c002163a      0xbc1 fs/iso9660/vfslink.32
                0x00000000c002163a                ISO9660::format(LogicalDisk*, int, char const*, int)
                0x00000000c0021640                ISO9660::seek(void*, unsigned long long)
                0x00000000c0021670                ISO9660::tell(void*, unsigned long long*)
                0x00000000c0021694                ISO9660::getName()
                0x00000000c002169a                ISO9660::stat(void*, unsigned long long*)
                0x00000000c00216be                ISO9660::chfatattr(char const*, unsigned char, unsigned char)
                0x00000000c00216c4                ISO9660::unlink(char const*)
                0x00000000c00216ca                ISO9660::write(void*, unsigned long, void*, int*)
                0x00000000c00216d0                ISO9660::rename(char const*, char const*)
                0x00000000c00216d6                ISO9660::mkdir(char const*)
                0x00000000c00216dc                ISO9660::close(void*)
                0x00000000c00216fe                ISO9660::closeDir(void*)
                0x00000000c0021720                ISO9660::~ISO9660()
                0x00000000c0021720                ISO9660::~ISO9660()
                0x00000000c0021744                ISO9660::~ISO9660()
                0x00000000c002176b                __memmem(unsigned char*, int, unsigned char*, int)
                0x00000000c00217ad                readSectorFromCDROM(unsigned int, unsigned char*, char)
                0x00000000c0021814                ISO9660::tryMount(LogicalDisk*, int)
                0x00000000c0021864                ISO9660::read(void*, unsigned long, void*, int*)
                0x00000000c0021a64                ISO9660::readDir(void*, unsigned long, void*, int*)
                0x00000000c0021cf1                readRoot(unsigned int*, unsigned int*, char)
                0x00000000c0021d46                readRecursively(char*, unsigned int, unsigned int, unsigned int*, unsigned int*, char, int*)
                0x00000000c0021f19                getFileData(char*, unsigned int*, unsigned int*, char, int*)
                0x00000000c0021fa8                ISO9660::open(char const*, void**, FileOpenMode)
                0x00000000c0022068                ISO9660::exists(char const*)
                0x00000000c002208c                ISO9660::stat(char const*, unsigned long long*, bool*)
                0x00000000c0022120                ISO9660::openDir(char const*, void**)
                0x00000000c00221d8                ISO9660::ISO9660()
                0x00000000c00221d8                ISO9660::ISO9660()
 *fill*         0x00000000c00221fb        0x1 
 .text          0x00000000c00221fc      0x326 hal/sound/sndchannel.32
                0x00000000c00221fc                SoundChannel::~SoundChannel()
                0x00000000c00221fc                SoundChannel::~SoundChannel()
                0x00000000c0022218                SoundChannel::setSpeed(float)
                0x00000000c0022224                SoundChannel::getSpeed()
                0x00000000c002222c                SoundChannel::setVolume(int)
                0x00000000c0022248                SoundChannel::getVolume()
                0x00000000c0022250                SoundChannel::pause()
                0x00000000c002225a                SoundChannel::SoundChannel(int, int, int, int)
                0x00000000c002225a                SoundChannel::SoundChannel(int, int, int, int)
                0x00000000c00223b0                SoundChannel::play()
                0x00000000c00223ba                SoundChannel::paused()
                0x00000000c00223c2                SoundChannel::getSampleRate()
                0x00000000c00223ca                SoundChannel::getBits()
                0x00000000c00223d2                SoundChannel::getBufferUsed()
                0x00000000c00223da                SoundChannel::getBufferSize()
                0x00000000c00223e2                SoundChannel::unbuffer(float*, int, int)
                0x00000000c0022482                SoundChannel::buffer8(unsigned char*, int)
 .text          0x00000000c0022522      0x3d5 hal/sound/sndhw.32
                0x00000000c0022522                SoundDevice::SoundDevice(char const*)
                0x00000000c0022522                SoundDevice::SoundDevice(char const*)
                0x00000000c002258e                SoundDevice::~SoundDevice()
                0x00000000c002258e                SoundDevice::~SoundDevice()
                0x00000000c0022608                SoundDevice::~SoundDevice()
                0x00000000c0022632                SoundDevice::getFreeChannelNum()
                0x00000000c002264c                SoundDevice::addChannel(SoundChannel*)
                0x00000000c00226bc                SoundDevice::removeChannel(int)
                0x00000000c00226ee                SoundDevice::floatTo8(float*, unsigned char*, int)
                0x00000000c00227d6                SoundDevice::getAudio(int, float*, float*)
 .text          0x00000000c00228f7        0x0 hw/bus/isa.32
 *fill*         0x00000000c00228f7        0x1 
 .text          0x00000000c00228f8      0x6c3 hw/bus/pci.32
                0x00000000c00228f8                PCI::open(int, int, void*)
                0x00000000c002290c                PCI::close(int, int, void*)
                0x00000000c0022910                PCI::PCI()
                0x00000000c0022910                PCI::PCI()
                0x00000000c0022990                PCI::pciReadWord(unsigned char, unsigned char, unsigned char, unsigned char)
                0x00000000c00229d8                PCI::getVendorID(unsigned char, unsigned char, unsigned char)
                0x00000000c00229fa                PCI::getHeaderType(unsigned char, unsigned char, unsigned char)
                0x00000000c0022a1e                PCI::getClassCode(unsigned char, unsigned char, unsigned char)
                0x00000000c0022a62                PCI::getProgIF(unsigned char, unsigned char, unsigned char)
                0x00000000c0022a86                PCI::getRevisionID(unsigned char, unsigned char, unsigned char)
                0x00000000c0022aa8                PCI::getInterruptNumber(unsigned char, unsigned char, unsigned char)
                0x00000000c0022aca                PCI::getSecondaryBus(unsigned char, unsigned char, unsigned char)
                0x00000000c0022aee                PCI::getBARAddress(unsigned char, unsigned char, unsigned char, unsigned char)
                0x00000000c0022b4e                PCI::pciWriteWord(unsigned char, unsigned char, unsigned char, unsigned char, unsigned short)
                0x00000000c0022bba                PCI::checkBus(unsigned char)
                0x00000000c0022bde                PCI::foundDevice(PCIDeviceInfo)
                0x00000000c0022d50                PCI::getDeviceData(unsigned char, unsigned char, unsigned char)
                0x00000000c0022efc                PCI::checkDevice(unsigned char, unsigned char)
                0x00000000c0022f68                PCI::detect()
 *fill*         0x00000000c0022fbb        0x1 
 .text          0x00000000c0022fbc      0xc70 hw/diskctrl/ide.32
                0x00000000c0022fbc                IDE::close(int, int, void*)
                0x00000000c0022fc0                IDE::IDE()
                0x00000000c0022fc0                IDE::IDE()
                0x00000000c0022ff4                IDE::prepareInterrupt(unsigned char)
                0x00000000c0023006                selectDrive(unsigned char, unsigned char)
                0x00000000c0023008                IDE::getBase(unsigned char)
                0x00000000c002301a                IDE::write(unsigned char, unsigned char, unsigned char)
                0x00000000c00230da                IDE::read(unsigned char, unsigned char)
                0x00000000c0023188                IDE::waitInterrupt(unsigned char)
                0x00000000c00231ee                ideChannel0IRQHandler(regs*, void*)
                0x00000000c002320a                ideChannel1IRQHandler(regs*, void*)
                0x00000000c0023226                IDE::enableIRQs(unsigned char, bool)
                0x00000000c002326c                IDE::open(int, int, void*)
                0x00000000c002367c                IDE::readBuffer(unsigned char, unsigned char, unsigned int, unsigned int)
                0x00000000c0023748                IDE::detect()
                0x00000000c0023a30                IDE::printError(unsigned char, unsigned char, unsigned char)
                0x00000000c0023bc6                IDE::polling(unsigned char, unsigned int)
 .text          0x00000000c0023c2c      0x390 hw/diskctrl/satabus.32
                0x00000000c0023c2c                SATABus::close(int, int, void*)
                0x00000000c0023c30                SATABus::detect()
                0x00000000c0023c32                SATABus::SATABus()
                0x00000000c0023c32                SATABus::SATABus()
                0x00000000c0023cde                SATABus::findCmdslot(SATABus::tagHBA_PORT volatile*)
                0x00000000c0023d26                SATABus::checkType(SATABus::tagHBA_PORT volatile*)
                0x00000000c0023d6e                SATABus::startCmd(SATABus::tagHBA_PORT volatile*)
                0x00000000c0023d8e                SATABus::stopCmd(SATABus::tagHBA_PORT volatile*)
                0x00000000c0023db8                SATABus::portRebase(SATABus::tagHBA_PORT volatile*, int)
                0x00000000c0023ebe                SATABus::probePort(SATABus::tagHBA_MEM volatile*)
                0x00000000c0023f9c                SATABus::open(int, int, void*)
 .text          0x00000000c0023fbc      0x63c hw/diskphys/ata.32
                0x00000000c0023fbc                ATA::close(int, int, void*)
                0x00000000c0023fe0                ATA::powerSaving(PowerSavingLevel)
                0x00000000c0023fe2                ATA::ATA()
                0x00000000c0023fe2                ATA::ATA()
                0x00000000c0024010                ATA::flush(bool)
                0x00000000c002405a                ATA::readyForCommand()
                0x00000000c00240aa                ATA::access(unsigned long long, int, void*, bool)
                0x00000000c0024432                ATA::read(unsigned long long, int, void*)
                0x00000000c002449a                ATA::write(unsigned long long, int, void*)
                0x00000000c0024502                ATA::detectCHS()
                0x00000000c002452c                ATA::open(int, int, void*)
 .text          0x00000000c00245f8      0x5bd hw/diskphys/atapi.32
                0x00000000c00245f8                ATAPI::write(unsigned long long, int, void*)
                0x00000000c00245fe                ATAPI::close(int, int, void*)
                0x00000000c0024622                ATAPI::ATAPI()
                0x00000000c0024622                ATAPI::ATAPI()
                0x00000000c0024650                ATAPI::readyForCommand()
                0x00000000c00246a0                ATAPI::sendPacket(unsigned char*, int, bool, unsigned short*, int)
                0x00000000c0024960                ATAPI::diskRemoved()
                0x00000000c002497c                ATAPI::eject()
                0x00000000c00249c4                ATAPI::diskInserted()
                0x00000000c00249f2                ATAPI::detectMedia()
                0x00000000c0024aae                ATAPI::open(int, int, void*)
                0x00000000c0024b36                ATAPI::read(unsigned long long, int, void*)
 *fill*         0x00000000c0024bb5        0x1 
 .text          0x00000000c0024bb6      0x455 hw/diskphys/sata.32
                0x00000000c0024bb6                SATA::close(int, int, void*)
                0x00000000c0024bda                SATA::powerSaving(PowerSavingLevel)
                0x00000000c0024bdc                SATA::open(int, int, void*)
                0x00000000c0024c8a                SATA::SATA()
                0x00000000c0024c8a                SATA::SATA()
                0x00000000c0024cb8                SATA::access(unsigned long long, int, void*, bool)
                0x00000000c0024f1e                SATA::read(unsigned long long, int, void*)
                0x00000000c0024f86                SATA::write(unsigned long long, int, void*)
 *fill*         0x00000000c002500b        0x1 
 .text          0x00000000c002500c      0x500 hw/diskphys/satapi.32
                0x00000000c002500c                SATAPI::write(unsigned long long, int, void*)
                0x00000000c0025012                SATAPI::close(int, int, void*)
                0x00000000c0025036                SATAPI::SATAPI()
                0x00000000c0025036                SATAPI::SATAPI()
                0x00000000c0025064                SATAPI::diskRemoved()
                0x00000000c0025080                SATAPI::diskInserted()
                0x00000000c00250ae                SATAPI::sendPacket(unsigned char*, int, unsigned long long, unsigned short*, int)
                0x00000000c00252b2                SATAPI::eject()
                0x00000000c00252fa                SATAPI::detectMedia()
                0x00000000c00253bc                SATAPI::open(int, int, void*)
                0x00000000c002546a                SATAPI::read(unsigned long long, int, void*)
 .text          0x00000000c002550c       0x8e hw/fpu/avx.32
                0x00000000c002550c                AVX::open(int, int, void*)
                0x00000000c002551e                AVX::close(int, int, void*)
                0x00000000c0025530                AVX::available()
                0x00000000c0025542                AVX::save(void*)
                0x00000000c002555a                AVX::load(void*)
                0x00000000c0025572                AVX::AVX()
                0x00000000c0025572                AVX::AVX()
 .text          0x00000000c002559a       0x90 hw/fpu/mmx.32
                0x00000000c002559a                MMX::available()
                0x00000000c00255ae                MMX::open(int, int, void*)
                0x00000000c00255c0                MMX::close(int, int, void*)
                0x00000000c00255d2                MMX::save(void*)
                0x00000000c00255ea                MMX::load(void*)
                0x00000000c0025602                MMX::MMX()
                0x00000000c0025602                MMX::MMX()
 .text          0x00000000c002562a       0x96 hw/fpu/sse.32
                0x00000000c002562a                SSE::open(int, int, void*)
                0x00000000c002563c                SSE::close(int, int, void*)
                0x00000000c002564e                SSE::available()
                0x00000000c0025668                SSE::save(void*)
                0x00000000c0025680                SSE::load(void*)
                0x00000000c0025698                SSE::SSE()
                0x00000000c0025698                SSE::SSE()
 .text          0x00000000c00256c0       0x8e hw/fpu/x87.32
                0x00000000c00256c0                x87::open(int, int, void*)
                0x00000000c00256d2                x87::close(int, int, void*)
                0x00000000c00256e4                x87::available()
                0x00000000c00256f6                x87::save(void*)
                0x00000000c002570e                x87::load(void*)
                0x00000000c0025726                x87::x87()
                0x00000000c0025726                x87::x87()
 .text          0x00000000c002574e      0x71e hw/intctrl/apic.32
                0x00000000c002574e                APIC::disable()
                0x00000000c0025750                APIC::close(int, int, void*)
                0x00000000c0025772                IOAPIC::close(int, int, void*)
                0x00000000c0025778                APIC::io_wait()
                0x00000000c002577e                APIC::getBase()
                0x00000000c00257c0                APIC::eoi(unsigned char)
                0x00000000c00257ee                APIC::open(int, int, void*)
                0x00000000c002593c                IOAPIC::IOAPIC()
                0x00000000c002593c                IOAPIC::IOAPIC()
                0x00000000c0025964                APIC::APIC()
                0x00000000c0025964                APIC::APIC()
                0x00000000c0025a40                IOAPIC::handlesGSIWithNumber(unsigned int)
                0x00000000c0025a72                IOAPIC::read(int)
                0x00000000c0025a9a                IOAPIC::open(int, int, void*)
                0x00000000c0025b90                IOAPIC::write(int, int)
                0x00000000c0025bbc                IOAPIC::redirect(unsigned char, unsigned long long, unsigned char, bool, bool)
                0x00000000c0025cb6                APIC::installIRQHandler(int, void (*)(regs*, void*), bool, void*)
 .text          0x00000000c0025e6c      0x3d3 hw/intctrl/pic.32
                0x00000000c0025e6c                PIC::disable()
                0x00000000c0025e9a                PIC::close(int, int, void*)
                0x00000000c0025ebc                PIC::PIC()
                0x00000000c0025ebc                PIC::PIC()
                0x00000000c0025f92                PIC::ioWait()
                0x00000000c0025f98                PIC::getIRQReg(int)
                0x00000000c0026002                PIC::eoi(unsigned char)
                0x00000000c0026094                PIC::remap()
                0x00000000c0026200                PIC::open(int, int, void*)
 *fill*         0x00000000c002623f        0x1 
 .text          0x00000000c0026240      0x25e hw/timer/apictimer.32
                0x00000000c0026240                APICTimer::close(int, int, void*)
                0x00000000c0026246                apicTimerHandler(regs*, void*)
                0x00000000c0026274                APICTimer::write(int)
                0x00000000c0026378                APICTimer::open(int, int, void*)
                0x00000000c0026476                APICTimer::APICTimer()
                0x00000000c0026476                APICTimer::APICTimer()
 .text          0x00000000c002649e      0x1a7 hw/timer/pit.32
                0x00000000c002649e                PIT::write(int)
                0x00000000c002651c                pitHandler(regs*, void*)
                0x00000000c0026548                PIT::open(int, int, void*)
                0x00000000c0026596                PIT::close(int, int, void*)
                0x00000000c00265c6                PIT::PIT()
                0x00000000c00265c6                PIT::PIT()
 *fill*         0x00000000c0026645        0xb 
 .text          0x00000000c0026650       0x1e hw/fpu/x86/avx.32
                0x00000000c0026650                avxDetect
                0x00000000c0026656                avxSave
                0x00000000c0026657                avxLoad
                0x00000000c0026658                avxInit
                0x00000000c0026659                avxClose
                0x00000000c002665a                wouldSheSayYes
 *fill*         0x00000000c002666e        0x2 
 .text          0x00000000c0026670       0x35 hw/fpu/x86/sse.32
                0x00000000c0026670                absolutelyNoChanceInHell
                0x00000000c0026670                sseDetect
                0x00000000c0026688                sseSave
                0x00000000c002668e                sseLoad
                0x00000000c0026694                sseInit
                0x00000000c00266a4                sseClose
 *fill*         0x00000000c00266a5        0xb 
 .text          0x00000000c00266b0       0x4d hw/fpu/x86/x87.32
                0x00000000c00266b6                x87Detect
                0x00000000c00266d1                x87Save
                0x00000000c00266da                x87Load
                0x00000000c00266e2                x87Init
                0x00000000c00266fc                x87Close
 *fill*         0x00000000c00266fd        0x3 
 .text          0x00000000c0026700       0x25 /cygdrive/d/Users/Alex/Desktop/Toolchain/Output/bin/../lib/gcc/i386-banana/8.1.0/crtend.o
 .text          0x00000000c0026725        0x0 crtn.32
 *fill*         0x00000000c0026725        0x3 
 .text          0x00000000c0026728      0x14b /cygdrive/d/Users/Alex/Desktop/Toolchain/Output/bin/../lib/gcc/i386-banana/8.1.0/libkgcc.a(_divdi3.o)
                0x00000000c0026728                __divdi3
 *fill*         0x00000000c0026873        0x1 
 .text          0x00000000c0026874      0x17e /cygdrive/d/Users/Alex/Desktop/Toolchain/Output/bin/../lib/gcc/i386-banana/8.1.0/libkgcc.a(_moddi3.o)
                0x00000000c0026874                __moddi3
 *fill*         0x00000000c00269f2        0x2 
 .text          0x00000000c00269f4       0xff /cygdrive/d/Users/Alex/Desktop/Toolchain/Output/bin/../lib/gcc/i386-banana/8.1.0/libkgcc.a(_udivdi3.o)
                0x00000000c00269f4                __udivdi3
 *fill*         0x00000000c0026af3        0x1 
 .text          0x00000000c0026af4      0x11a /cygdrive/d/Users/Alex/Desktop/Toolchain/Output/bin/../lib/gcc/i386-banana/8.1.0/libkgcc.a(_umoddi3.o)
                0x00000000c0026af4                __umoddi3
 .text          0x00000000c0026c0e      0x96d D:/Users/Alex/Desktop/Banana/kernel/libsoftfp.a(sfieeelib.o)
                0x00000000c0026c0e                __addsf3
                0x00000000c0026f10                __subsf3
                0x00000000c0026f24                __negsf2
                0x00000000c0026f31                __mulsf3
                0x00000000c00270f4                __divsf3
                0x00000000c002731f                __floatsisf
                0x00000000c0027393                __floatunsisf
                0x00000000c00273d5                __fixsfsi
                0x00000000c0027437                __fixunssfsi
                0x00000000c0027468                __cmpsf2
                0x00000000c00274fd                __eqsf2