Archive member included to satisfy reference by file (symbol)

/cygdrive/d/Users/Alex/Desktop/Toolchain/Output/bin/../lib/gcc/i386-banana/8.1.0/libkgcc.a(_divdi3.o)
                              krnl/resolve.32 (__divdi3)
/cygdrive/d/Users/Alex/Desktop/Toolchain/Output/bin/../lib/gcc/i386-banana/8.1.0/libkgcc.a(_moddi3.o)
                              krnl/resolve.32 (__moddi3)
/cygdrive/d/Users/Alex/Desktop/Toolchain/Output/bin/../lib/gcc/i386-banana/8.1.0/libkgcc.a(_udivdi3.o)
                              hal/clock.32 (__udivdi3)
/cygdrive/d/Users/Alex/Desktop/Toolchain/Output/bin/../lib/gcc/i386-banana/8.1.0/libkgcc.a(_umoddi3.o)
                              core/pipe.32 (__umoddi3)

Allocating common symbols
Common symbol       size              file

dcache              0x40              fs/iso9660/iso9660.32
cdDriveLetter       0x1               fs/iso9660/iso9660.32
icache              0x40              fs/iso9660/iso9660.32

Discarded input sections

 .comment       0x0000000000000000       0x12 /cygdrive/d/Users/Alex/Desktop/Toolchain/Output/bin/../lib/gcc/i386-banana/8.1.0/crtbegin.o
 .comment       0x0000000000000000       0x12 acpica/utclib.32
 .comment       0x0000000000000000       0x12 core/malloc.32
 .comment       0x0000000000000000       0x12 libk/ctype.32
 .comment       0x0000000000000000       0x12 libk/string.32
 .comment       0x0000000000000000       0x12 fs/fat/diskio.32
 .comment       0x0000000000000000       0x12 fs/fat/ff.32
 .comment       0x0000000000000000       0x12 fs/fat/ffsystem.32
 .comment       0x0000000000000000       0x12 fs/fat/ffunicode.32
 .comment       0x0000000000000000       0x12 fs/iso9660/iso9660.32
 .group         0x0000000000000000       0x14 core/computer.32
 .group         0x0000000000000000        0xc core/computer.32
 .comment       0x0000000000000000       0x12 core/computer.32
 .comment       0x0000000000000000       0x12 core/gdt.32
 .group         0x0000000000000000        0xc core/idle.32
 .comment       0x0000000000000000       0x12 core/idle.32
 .comment       0x0000000000000000       0x12 core/idt.32
 .comment       0x0000000000000000       0x12 core/kheap.32
 .comment       0x0000000000000000       0x12 core/main.32
 .comment       0x0000000000000000       0x12 core/physmgr.32
 .group         0x0000000000000000        0xc core/pipe.32
 .comment       0x0000000000000000       0x12 core/pipe.32
 .group         0x0000000000000000        0xc core/terminal.32
 .comment       0x0000000000000000       0x12 core/terminal.32
 .comment       0x0000000000000000       0x12 core/tss.32
 .group         0x0000000000000000        0x8 core/unixfile.32
 .group         0x0000000000000000        0x8 core/unixfile.32
 .group         0x0000000000000000        0xc core/unixfile.32
 .group         0x0000000000000000        0x8 core/unixfile.32
 .group         0x0000000000000000        0xc core/unixfile.32
 .group         0x0000000000000000        0x8 core/unixfile.32
 .group         0x0000000000000000        0xc core/unixfile.32
 .group         0x0000000000000000        0xc core/unixfile.32
 .comment       0x0000000000000000       0x12 core/unixfile.32
 .comment       0x0000000000000000       0x12 core/virtmgr.32
 .comment       0x0000000000000000       0x12 coreobjs/c++.32
 .comment       0x0000000000000000       0x12 dbg/kconsole.32
 .comment       0x0000000000000000       0x12 dbg/usban.32
 .comment       0x0000000000000000       0x12 fs/symlink.32
 .group         0x0000000000000000        0xc fs/vfs.32
 .group         0x0000000000000000        0xc fs/vfs.32
 .group         0x0000000000000000        0xc fs/vfs.32
 .comment       0x0000000000000000       0x12 fs/vfs.32
 .group         0x0000000000000000        0xc hal/bus.32
 .comment       0x0000000000000000       0x12 hal/bus.32
 .comment       0x0000000000000000       0x12 hal/buzzer.32
 .group         0x0000000000000000        0xc hal/clock.32
 .comment       0x0000000000000000       0x12 hal/clock.32
 .group         0x0000000000000000       0x14 hal/device.32
 .group         0x0000000000000000        0xc hal/device.32
 .group         0x0000000000000000        0x8 hal/device.32
 .group         0x0000000000000000        0xc hal/device.32
 .group         0x0000000000000000        0xc hal/device.32
 .comment       0x0000000000000000       0x12 hal/device.32
 .group         0x0000000000000000        0xc hal/diskctrl.32
 .comment       0x0000000000000000       0x12 hal/diskctrl.32
 .group         0x0000000000000000        0xc hal/diskphys.32
 .comment       0x0000000000000000       0x12 hal/diskphys.32
 .comment       0x0000000000000000       0x12 hal/fpu.32
 .comment       0x0000000000000000       0x12 hal/intctrl.32
 .group         0x0000000000000000        0xc hal/keybrd.32
 .comment       0x0000000000000000       0x12 hal/keybrd.32
 .group         0x0000000000000000        0xc hal/logidisk.32
 .comment       0x0000000000000000       0x12 hal/logidisk.32
[...]
Memory Configuration

Name             Origin             Length             Attributes
*default*        0x0000000000000000 0xffffffffffffffff

Linker script and memory map

LOAD D:/Users/Alex/Desktop/Banana/kernel/boot.32
LOAD crti.32
LOAD /cygdrive/d/Users/Alex/Desktop/Toolchain/Output/bin/../lib/gcc/i386-banana/8.1.0/crtbegin.o
LOAD D:/Users/Alex/Desktop/Banana/kernel/morenasm.32
LOAD acpica/utclib.32
LOAD core/malloc.32
LOAD libk/ctype.32
LOAD libk/string.32
LOAD fs/fat/diskio.32
LOAD fs/fat/ff.32
LOAD fs/fat/ffsystem.32
LOAD fs/fat/ffunicode.32
LOAD fs/iso9660/iso9660.32
LOAD core/computer.32
LOAD core/gdt.32
LOAD core/idle.32
LOAD core/idt.32
LOAD core/kheap.32
LOAD core/main.32
LOAD core/physmgr.32
LOAD core/pipe.32
LOAD core/terminal.32
LOAD core/tss.32
LOAD core/unixfile.32
LOAD core/virtmgr.32
LOAD coreobjs/c++.32
LOAD dbg/kconsole.32
LOAD dbg/usban.32
LOAD fs/symlink.32
LOAD fs/vfs.32
LOAD hal/bus.32
LOAD hal/buzzer.32
LOAD hal/clock.32
LOAD hal/device.32
LOAD hal/diskctrl.32
LOAD hal/diskphys.32
LOAD hal/fpu.32
LOAD hal/intctrl.32
LOAD hal/keybrd.32
LOAD hal/logidisk.32
LOAD hal/mouse.32
LOAD hal/nic.32
LOAD hal/partition.32
LOAD hal/serial.32
LOAD hal/timer.32
LOAD hal/vcache.32
LOAD hal/video.32
LOAD hw/acpi.32
LOAD hw/cpu.32
LOAD krnl/atexit.32
LOAD krnl/bootmsg.32
LOAD krnl/compat.32
LOAD krnl/crc32.32
LOAD krnl/env.32
LOAD krnl/inlines.32
LOAD krnl/panic.32
LOAD krnl/powctrl.32
LOAD krnl/random.32
LOAD krnl/resolve.32
LOAD krnl/signal.32
LOAD krnl/syscalls.32
LOAD net/ethernet.32
LOAD reg/cm.32
LOAD reg/registry.32
LOAD sys/eject.32
LOAD sys/exit.32
LOAD sys/getcwd.32
LOAD sys/getpid.32
LOAD sys/getramdata.32
LOAD sys/getvgaptr.32
LOAD sys/kill.32
LOAD sys/loaddll.32
LOAD sys/read.32
LOAD sys/registersignal.32
LOAD sys/registry.32
LOAD sys/sbrk.32
LOAD sys/setcwd.32
LOAD sys/settime.32
LOAD sys/symlink.32
LOAD sys/timezone.32
LOAD sys/truncate.32
LOAD sys/write.32
LOAD sys/wsbe.32
LOAD sys/yield.32
LOAD thr/elf.32
LOAD thr/prcssthr.32
LOAD vm86/vm8086.32
LOAD arch/i386/hal.32
LOAD arch/i386/pic.32
LOAD arch/i386/rtc.32
LOAD arch/i386/vga.32
LOAD fs/fat/vfslink.32
LOAD fs/iso9660/helper.32
LOAD fs/iso9660/vfslink.32
LOAD hal/sound/sndcard.32
LOAD hal/sound/sndport.32
LOAD hw/bus/isa.32
LOAD hw/bus/pci.32
LOAD hw/diskctrl/ide.32
LOAD hw/diskctrl/satabus.32
LOAD hw/diskphys/ata.32
LOAD hw/diskphys/atapi.32
LOAD hw/diskphys/sata.32
LOAD hw/diskphys/satapi.32
LOAD hw/intctrl/apic.32
LOAD hw/timer/apictimer.32
LOAD hw/timer/pit.32
LOAD arch/i386/avx.32
LOAD arch/i386/interrupt.32
LOAD arch/i386/rdrand.32
LOAD arch/i386/sse.32
LOAD arch/i386/x87.32
LOAD /cygdrive/d/Users/Alex/Desktop/Toolchain/Output/bin/../lib/gcc/i386-banana/8.1.0/crtend.o
LOAD crtn.32
LOAD /cygdrive/d/Users/Alex/Desktop/Toolchain/Output/bin/../lib/gcc/i386-banana/8.1.0/libkgcc.a
LOAD D:/Users/Alex/Desktop/Banana/kernel/libsoftfp.a
LOAD D:/Users/Alex/Desktop/Banana/kernel/libk/libm32.a
                0x00000000c0000000                . = 0xc0000000

.text           0x00000000c0000000    0x1fa0a
 *(.text)
 .text          0x00000000c0000000       0x20 D:/Users/Alex/Desktop/Banana/kernel/boot.32
 .text          0x00000000c0000020        0x0 crti.32
 .text          0x00000000c0000020      0x101 /cygdrive/d/Users/Alex/Desktop/Toolchain/Output/bin/../lib/gcc/i386-banana/8.1.0/crtbegin.o
 *fill*         0x00000000c0000121        0xf 
 .text          0x00000000c0000130      0x24f D:/Users/Alex/Desktop/Banana/kernel/morenasm.32
                0x00000000c0000130                manualPCIProbe
                0x00000000c000017b                prepareTramp
                0x00000000c0000194                doTPAUSE
                0x00000000c000019e                hasLegacyFPU
                0x00000000c00001c3                is486
                0x00000000c00001f9                detectCPUID
                0x00000000c000020f                goToVM86
                0x00000000c000023f                goToUsermode
                0x00000000c0000269                switchToThreadASMFirstTime
                0x00000000c0000277                switchToThreadASM
                0x00000000c00002fc                asmQuickAcquireLock
                0x00000000c000031a                asmQuickReleaseLock
                0x00000000c0000326                asmAcquireLock
                0x00000000c0000347                asmReleaseLock
                0x00000000c000035a                loadGDT
                0x00000000c000037a                memcpy
 *fill*         0x00000000c000037f        0x1 
 .text          0x00000000c0000380      0x868 acpica/utclib.32
                0x00000000c0000380                memcmp
                0x00000000c00003d0                memmove
                0x00000000c00004f0                memset
                0x00000000c0000570                strlen
                0x00000000c00005a0                strpbrk
                0x00000000c00005f0                strtok
                0x00000000c0000640                strcpy
                0x00000000c0000680                strncpy
                0x00000000c0000750                strcmp
                0x00000000c00007a0                strchr
                0x00000000c00007e0                strncmp
                0x00000000c0000840                strcat
                0x00000000c0000870                strncat
                0x00000000c00008d0                strstr
                0x00000000c0000930                toupper
                0x00000000c0000950                tolower
                0x00000000c0000970                simple_strtoul
 .text          0x00000000c0000be8      0xfaa core/malloc.32
                0x00000000c0000d53                dlfree
                0x00000000c00010ab                dlmalloc
                0x00000000c00015e8                dlrealloc
                0x00000000c000178b                dlmemalign
                0x00000000c00018ae                dlcalloc
                0x00000000c0001948                dlcfree
                0x00000000c000194d                dlindependent_calloc
                0x00000000c0001972                dlindependent_comalloc
                0x00000000c0001989                dlvalloc
                0x00000000c00019b4                dlpvalloc
                0x00000000c00019ea                dlmalloc_trim
                0x00000000c00019f7                dlmalloc_usable_size
                0x00000000c0001a28                dlmallinfo
                0x00000000c0001af7                dlmalloc_stats
                0x00000000c0001b08                dlmallopt
 *fill*         0x00000000c0001b92        0x2 
 .text          0x00000000c0001b94      0x1f2 libk/ctype.32
                0x00000000c0001b94                isblank
                0x00000000c0001bb4                iscntrl
                0x00000000c0001bd4                isdigit
                0x00000000c0001bf0                islower
                0x00000000c0001c0c                isspace
                0x00000000c0001c34                isupper
                0x00000000c0001c50                isalpha
                0x00000000c0001c80                isalnum
                0x00000000c0001cb0                ispunct
                0x00000000c0001cf0                isgraph
                0x00000000c0001d20                isprint
                0x00000000c0001d48                isxdigit
 .text          0x00000000c0001d86        0x0 libk/string.32
 .text          0x00000000c0001d86       0x51 fs/fat/diskio.32
                0x00000000c0001d86                disk_status
                0x00000000c0001d89                disk_initialize
                0x00000000c0001d8c                disk_read
                0x00000000c0001da2                disk_write
                0x00000000c0001db8                disk_ioctl
 .text          0x00000000c0001dd7     0x3e46 fs/fat/ff.32
                0x00000000c0003bf8                f_mount
                0x00000000c0003c5a                f_open
                0x00000000c0003f1d                f_read
                0x00000000c000411c                f_write
                0x00000000c0004364                f_sync
                0x00000000c0004429                f_close
                0x00000000c0004458                f_lseek
                0x00000000c0004609                f_opendir
                0x00000000c00046d4                f_closedir
                0x00000000c00046f6                f_readdir
                0x00000000c0004788                f_stat
                0x00000000c0004807                f_getfree
                0x00000000c0004910                f_truncate
                0x00000000c00049fa                f_unlink
                0x00000000c0004b1c                f_mkdir
                0x00000000c0004cb7                f_rename
                0x00000000c0004e6f                f_chmod
                0x00000000c0004f1f                f_utime
                0x00000000c0004fcf                f_getlabel
                0x00000000c0005120                f_setlabel
                0x00000000c00052b0                f_expand
                0x00000000c000541d                f_mkfs
 *fill*         0x00000000c0005c1d        0x3 
 .text          0x00000000c0005c20       0x2f fs/fat/ffsystem.32
                0x00000000c0005c20                ff_memalloc
                0x00000000c0005c38                ff_memfree
 *fill*         0x00000000c0005c4f        0x1 
 .text          0x00000000c0005c50      0x2dc fs/fat/ffunicode.32
                0x00000000c0005c50                ff_uni2oem
                0x00000000c0005cf0                ff_oem2uni
                0x00000000c0005d68                ff_wtoupper
 .text          0x00000000c0005f2c      0xd32 fs/iso9660/iso9660.32
                0x00000000c0006177                isoReadDiscSector
                0x00000000c0006212                strnicmp
                0x00000000c00064c1                stricmp
                0x00000000c000650d                iso_open
                0x00000000c0006597                iso_close
                0x00000000c00065b5                iso_read
                0x00000000c00066cb                iso_seek
                0x00000000c000674f                iso_tell
                0x00000000c0006780                iso_total
                0x00000000c00067ab                fn_postprocess
                0x00000000c00067d2                iso_readdir
                0x00000000c0006a29                iso_reset
                0x00000000c0006a46                init_percd
                0x00000000c0006b40                iso_ioctl
                0x00000000c0006b58                fs_iso9660_init
                0x00000000c0006bee                fs_iso9660_shutdown
 .text          0x00000000c0006c5e      0x6e5 core/computer.32
                0x00000000c0006c5e                Computer::close(int, int, void*)
                0x00000000c0006ccb                Krnl::firstTask()
                0x00000000c0006e08                Computer::Computer()
                0x00000000c0006e08                Computer::Computer()
                0x00000000c0006eb8                Computer::setBootMessage(char const*)
                0x00000000c0006eba                Computer::detectFeatures()
                0x00000000c00070e0                Computer::displayFeatures()
                0x00000000c00070e2                Computer::rdmsr(unsigned int)
                0x00000000c000710e                Computer::wrmsr(unsigned int, unsigned long long)
                0x00000000c000714a                Computer::shutdown()
                0x00000000c0007162                Computer::restart()
                0x00000000c000717a                Computer::sleep()
                0x00000000c000718e                Computer::nmiEnabled()
                0x00000000c000719a                Computer::readCMOS(unsigned char)
                0x00000000c00071b8                Computer::enableNMI(bool)
                0x00000000c00071d0                Computer::open(int, int, void*)
                0x00000000c00072a4                Computer::disableNMI()
                0x00000000c00072b4                Computer::writeCMOS(unsigned char, unsigned char)
                0x00000000c00072d8                Computer::handleNMI()
 *fill*         0x00000000c0007343        0x1 
 .text          0x00000000c0007344      0x1db core/gdt.32
                0x00000000c0007344                GDTEntry::setBase(unsigned int)
                0x00000000c0007360                GDTEntry::setLimit(unsigned int)
                0x00000000c000737e                GDT::GDT()
                0x00000000c000737e                GDT::GDT()
                0x00000000c0007394                GDT::addEntry(GDTEntry)
                0x00000000c00073b6                GDT::getNumberOfEntries()
                0x00000000c00073be                GDT::flush()
                0x00000000c00073e0                GDT::setup()
 .text          0x00000000c000751f       0x1d core/idle.32
                0x00000000c000751f                idleFunction(void*)
 .text          0x00000000c000753c      0x46c core/idt.32
                0x00000000c000753c                IDTEntry::IDTEntry(bool)
                0x00000000c000753c                IDTEntry::IDTEntry(bool)
                0x00000000c00075b6                IDTEntry::setOffset(unsigned int)
                0x00000000c00075cc                IDT::IDT()
                0x00000000c00075cc                IDT::IDT()
                0x00000000c00075ce                IDT::getPointerToInvalidOpcodeEntryForF00F()
                0x00000000c00075d6                IDT::addEntry(IDTEntry, int)
                0x00000000c00075f0                IDT::addEntry(int, void (*)(), bool)
                0x00000000c0007628                IDT::flush()
                0x00000000c0007642                IDT::setup()
 .text          0x00000000c00079a8      0x188 core/kheap.32
                0x00000000c00079a8                sbrk
                0x00000000c0007a3f                mmap
                0x00000000c0007a55                munmap
                0x00000000c0007a6b                liballoc_lock()
                0x00000000c0007a79                liballoc_unlock()
                0x00000000c0007a8f                liballoc_alloc(int)
                0x00000000c0007aa7                liballoc_free(void*, int)
                0x00000000c0007ac2                realloc
                0x00000000c0007ad6                malloc
                0x00000000c0007ae6                free
                0x00000000c0007af6                rfree
                0x00000000c0007b06                calloc
 .text          0x00000000c0007b30       0xc7 core/main.32
                0x00000000c0007b30                KeEntryPoint
 .text          0x00000000c0007bf7      0x644 core/physmgr.32
                0x00000000c0007bf7                Phys::allocateDMA(unsigned long)
                0x00000000c0007cdf                Phys::freeDMA(unsigned long, unsigned long)
                0x00000000c0007d1a                Phys::setPageState(unsigned long, bool)
                0x00000000c0007d5a                Phys::getPageState(unsigned long)
                0x00000000c0007d76                Phys::freePage(unsigned long)
                0x00000000c0007ddf                Phys::allocatePage()
                0x00000000c0007eae                Phys::allocateContiguousPages(int)
                0x00000000c0007f15                Phys::allowSegmentToBeUsed(unsigned long, unsigned long)
                0x00000000c0007f4d                Phys::physicalMemorySetup(unsigned int)
 *fill*         0x00000000c000823b        0x1 
 .text          0x00000000c000823c      0x273 core/pipe.32
                0x00000000c000823c                Pipe::isAtty()
                0x00000000c0008240                Pipe::~Pipe()
                0x00000000c0008240                Pipe::~Pipe()
                0x00000000c0008264                Pipe::~Pipe()
                0x00000000c000828c                Pipe::write(unsigned long long, void*, int*)
                0x00000000c000834c                Pipe::read(unsigned long long, void*, int*)
                0x00000000c0008448                Pipe::Pipe(int)
                0x00000000c0008448                Pipe::Pipe(int)
 *fill*         0x00000000c00084af        0x1 
 .text          0x00000000c00084b0      0xab3 core/terminal.32
                0x00000000c00084b0                VgaText::isAtty()
                0x00000000c00084b4                VgaText::~VgaText()
                0x00000000c00084b4                VgaText::~VgaText()
                0x00000000c00084d8                VgaText::~VgaText()
                0x00000000c0008502                VgaText::read(unsigned long long, void*, int*)
                0x00000000c0008522                setTerminalScrollLock(bool)
                0x00000000c0008523                doTerminalCycle()
                0x00000000c0008524                addToTerminalCycle(VgaText*)
                0x00000000c0008525                scrollTerminalScrollLock(int)
                0x00000000c0008526                VgaText::updateTitle()
                0x00000000c0008528                VgaText::load()
                0x00000000c000852a                VgaText::updateCursor()
                0x00000000c0008540                VgaText::doANSI_SGR(int)
                0x00000000c00085b4                VgaText::setDefaultBgColour(VgaColour)
                0x00000000c00085c4                VgaText::setDefaultFgColour(VgaColour)
                0x00000000c00085d4                VgaText::setDefaultColours(VgaColour, VgaColour)
                0x00000000c00085f4                VgaText::setTitleTextColour(VgaColour)
                0x00000000c0008600                VgaText::setTitleColour(VgaColour)
                0x00000000c000860c                VgaText::setTitle(char*)
                0x00000000c000860e                VgaText::combineColours(unsigned char, unsigned char)
                0x00000000c0008620                VgaText::scrollScreen()
                0x00000000c00086b2                VgaText::combineCharAndColour(char, unsigned char)
                0x00000000c00086c2                VgaText::writeCharacter(char, VgaColour, VgaColour, int, int)
                0x00000000c0008752                VgaText::getCursorX()
                0x00000000c000875a                VgaText::getCursorY()
                0x00000000c0008762                VgaText::setCursor(int, int)
                0x00000000c0008779                setActiveTerminal(VgaText*)
                0x00000000c00087c4                VgaText::clearScreen()
                0x00000000c0008812                VgaText::setCursorX(int)
                0x00000000c000882a                VgaText::setCursorY(int)
                0x00000000c0008842                VgaText::incrementCursor(bool)
                0x00000000c0008896                VgaText::decrementCursor(bool)
                0x00000000c00088b8                VgaText::putchar(char, VgaColour, VgaColour)
                0x00000000c0008988                VgaText::putchar(char)
                0x00000000c0008a80                VgaText::putx(unsigned int)
                0x00000000c0008ac6                VgaText::puts(char const*)
                0x00000000c0008aec                VgaText::write(unsigned long long, void*, int*)
                0x00000000c0008b38                VgaText::puts(char const*, VgaColour, VgaColour)
                0x00000000c0008c86                VgaText::VgaText(char const*)
                0x00000000c0008c86                VgaText::VgaText(char const*)
                0x00000000c0008dd6                VgaText::receiveKey(unsigned char)
                0x00000000c0008f62                VgaText::doUpdate()
 *fill*         0x00000000c0008f63        0x1 
 .text          0x00000000c0008f64      0x1a1 core/tss.32
                0x00000000c0008f64                TSS::TSS()
                0x00000000c0008f64                TSS::TSS()
                0x00000000c0008f74                TSS::setESP(unsigned long)
                0x00000000c0008f88                TSS::flush()
                0x00000000c0008fa8                TSS::setup(unsigned long, unsigned long)
 *fill*         0x00000000c0009105        0x1 
 .text          0x00000000c0009106      0x4ca core/unixfile.32
                0x00000000c0009106                ReservedFilename::read(unsigned long long, void*, int*)
                0x00000000c000915c                ReservedFilename::isAtty()
                0x00000000c0009178                ReservedFilename::write(unsigned long long, void*, int*)
                0x00000000c00091d6                UnixFile::getFileDescriptor()
                0x00000000c00091de                UnixFile::UnixFile(int)
                0x00000000c00091de                UnixFile::UnixFile(int)
                0x00000000c0009392                ReservedFilename::ReservedFilename(int)
                0x00000000c0009392                ReservedFilename::ReservedFilename(int)
                0x00000000c00093c4                UnixFile::~UnixFile()
                0x00000000c00093c4                UnixFile::~UnixFile()
                0x00000000c0009460                UnixFile::~UnixFile()
                0x00000000c0009488                ReservedFilename::~ReservedFilename()
                0x00000000c0009488                ReservedFilename::~ReservedFilename()
                0x00000000c00094ac                ReservedFilename::~ReservedFilename()
                0x00000000c00094d3                KeGetFileFromDescriptor(int)
 .text          0x00000000c00095d0     0x1218 core/virtmgr.32
                0x00000000c00095d0                Virt::setPageState(unsigned long, Virt::VirtPageState)
                0x00000000c000960a                Virt::getPageState(unsigned long)
                0x00000000c000962d                Virt::allocateKernelVirtualPages(int)
                0x00000000c0009752                Virt::freeSwapfilePage(unsigned long)
                0x00000000c0009775                Virt::swapIDToSector(unsigned long)
                0x00000000c000978b                Virt::allocateSwapfilePage()
                0x00000000c000980b                Virt::virtualMemorySetup()
                0x00000000c000985c                Virt::setupPageSwapping(int)
                0x00000000c00098ce                VAS::setCPUSpecific(unsigned long)
                0x00000000c00098d0                VAS::VAS(VAS*)
                0x00000000c00098d0                VAS::VAS(VAS*)
                0x00000000c00098fe                VAS::getForeignPageTableEntry(bool, unsigned long)
                0x00000000c000992c                VAS::getPageTableEntry(unsigned long)
                0x00000000c000994b                Virt::freeKernelVirtualPages(unsigned long)
                0x00000000c0009a88                VAS::freeAllocatedPages(unsigned long)
                0x00000000c0009aac                VAS::virtualToPhysical(unsigned long)
                0x00000000c0009ac6                VAS::reflagRange(unsigned long, int, unsigned long, unsigned long)
                0x00000000c0009b08                VAS::VAS()
                0x00000000c0009b08                VAS::VAS()
                0x00000000c0009b72                VAS::setToWriteCombining(unsigned long, int)
                0x00000000c0009ba6                VAS::mapOtherVASIn(bool, VAS*)
                0x00000000c0009bd2                VAS::~VAS()
                0x00000000c0009bd2                VAS::~VAS()
                0x00000000c0009d40                VAS::mapPage(unsigned long, unsigned long, int)
                0x00000000c0009e44                VAS::allocatePages(int, int)
                0x00000000c0009f3a                VAS::mapRange(unsigned long, unsigned long, int, int)
                0x00000000c0009f92                VAS::mapForeignPage(bool, VAS*, unsigned long, unsigned long, int)
                0x00000000c000a088                VAS::VAS(bool)
                0x00000000c000a088                VAS::VAS(bool)
                0x00000000c000a2d2                VAS::evict(unsigned long)
                0x00000000c000a3b0                VAS::tryLoadBackOffDisk(unsigned long)
                0x00000000c000a54a                VAS::allocateSharedMemoryWithKernel(unsigned long, unsigned long*)
                0x00000000c000a5be                VAS::freeSharedMemoryWithKernel(unsigned long, unsigned long)
                0x00000000c000a5ea                VAS::scanForEviction()
                0x00000000c000a6ed                mapVASFirstTime
 .text          0x00000000c000a7e8       0x5f coreobjs/c++.32
                0x00000000c000a7e8                __cxa_atexit
                0x00000000c000a7eb                __cxa_finalize
                0x00000000c000a7ec                __stack_chk_fail
                0x00000000c000a822                __cxa_pure_virtual
                0x00000000c000a833                operator new[](unsigned long)
                0x00000000c000a838                operator delete(void*, unsigned long)
                0x00000000c000a83d                operator delete[](void*)
                0x00000000c000a842                operator delete[](void*, unsigned long)
 .text          0x00000000c000a847      0x254 dbg/kconsole.32
                0x00000000c000a847                Dbg::stringifyxWithBase(unsigned int, char*, int)
                0x00000000c000a8e7                Dbg::logc(char)
                0x00000000c000a907                Dbg::logs(char*)
                0x00000000c000a926                Dbg::logWriteInt(unsigned int)
                0x00000000c000a944                Dbg::logWriteIntBase(unsigned int, int)
                0x00000000c000a965                Dbg::kprintf(char const*, ...)
 *fill*         0x00000000c000aa9b        0x1 
 .text          0x00000000c000aa9c      0x2d4 dbg/usban.32
                0x00000000c000aa9c                KiUbsanPrintDetails(char const*, void*)
                0x00000000c000ab08                __ubsan_handle_type_mismatch_v1
                0x00000000c000abe4                __ubsan_handle_pointer_overflow
                0x00000000c000ac10                __ubsan_handle_out_of_bounds
                0x00000000c000ac3c                __ubsan_handle_add_overflow
                0x00000000c000ac68                __ubsan_handle_load_invalid_value
                0x00000000c000ac94                __ubsan_handle_divrem_overflow
                0x00000000c000acc0                __ubsan_handle_mul_overflow
                0x00000000c000acec                __ubsan_handle_sub_overflow
                0x00000000c000ad18                __ubsan_handle_shift_out_of_bounds
                0x00000000c000ad44                __ubsan_handle_negate_overflow
 .text          0x00000000c000ad70      0x86d fs/symlink.32
                0x00000000c000aebf                KiDeinitialiseSymlinks(void*)
                0x00000000c000af52                KeRegisterSymlink(char const*, unsigned long long)
                0x00000000c000afe4                KeInitialiseSymlinks()
                0x00000000c000b158                KiIsSymlinkRegistered(char const*)
                0x00000000c000b2dc                KeDereferenceSymlink(char const*, char*)
                0x00000000c000b483                KeCreateSymlink(char const*, char const*)
 *fill*         0x00000000c000b5dd        0x1 
 .text          0x00000000c000b5de      0xd68 fs/vfs.32
                0x00000000c000b5de                File::read(unsigned long long, void*, int*)
                0x00000000c000b636                File::write(unsigned long long, void*, int*)
                0x00000000c000b68e                Directory::read(unsigned long long, void*, int*)
                0x00000000c000b6e6                Directory::write(unsigned long long, void*, int*)
                0x00000000c000b714                File::isAtty()
                0x00000000c000b718                Directory::isAtty()
                0x00000000c000b71c                Filesystem::getlabel(LogicalDisk*, int, char*, unsigned int*)
                0x00000000c000b722                Filesystem::setlabel(LogicalDisk*, int, char*)
                0x00000000c000b728                Filesystem::allocateSwapfile(char const*, int)
                0x00000000c000b72e                File::~File()
                0x00000000c000b72e                File::~File()
                0x00000000c000b752                File::~File()
                0x00000000c000b77c                Directory::~Directory()
                0x00000000c000b77c                Directory::~Directory()
                0x00000000c000b7a0                Directory::~Directory()
                0x00000000c000b7ca                Filesystem::Filesystem()
                0x00000000c000b7ca                Filesystem::Filesystem()
                0x00000000c000b7ee                Filesystem::~Filesystem()
                0x00000000c000b7ee                Filesystem::~Filesystem()
                0x00000000c000b7fc                Filesystem::~Filesystem()
                0x00000000c000b820                Fs::getcwd(Process*, char*, int)
                0x00000000c000b84a                Fs::initVFS()
                0x00000000c000b874                Fs::standardiseFiles(char*, char const*, char const*, bool)
                0x00000000c000ba8e                File::File(char const*, Process*, bool)
                0x00000000c000ba8e                File::File(char const*, Process*, bool)
                0x00000000c000bb6c                File::File(char const*, Process*)
                0x00000000c000bb6c                File::File(char const*, Process*)
                0x00000000c000bb8a                File::open(FileOpenMode)
                0x00000000c000bbe8                File::close()
                0x00000000c000bc48                File::seek(unsigned long long)
                0x00000000c000bc9e                File::truncate(unsigned long long)
                0x00000000c000bcf4                File::tell(unsigned long long*)
                0x00000000c000bd44                File::rewind()
                0x00000000c000bd58                File::unlink()
                0x00000000c000bda4                File::rename(char const*)
                0x00000000c000bdf2                File::chfatattr(unsigned char, unsigned char)
                0x00000000c000be4e                File::exists()
                0x00000000c000be8c                File::stat(unsigned long long*, bool*)
                0x00000000c000beed                Fs::setcwd(Process*, char*)
                0x00000000c000c04c                Directory::Directory(char const*, Process*)
                0x00000000c000c04c                Directory::Directory(char const*, Process*)
                0x00000000c000c114                Directory::open()
                0x00000000c000c170                Directory::close()
                0x00000000c000c1d0                Directory::unlink()
                0x00000000c000c21c                Directory::rename(char const*)
                0x00000000c000c26a                Directory::exists()
                0x00000000c000c2a8                Directory::read(dirent*)
                0x00000000c000c2f4                Directory::create()
                0x00000000c000c340                Filesystem::chfatattr(char const*, unsigned char, unsigned char)
 *fill*         0x00000000c000c346        0x2 
 .text          0x00000000c000c348       0x86 hal/bus.32
                0x00000000c000c348                Bus::Bus(char const*)
                0x00000000c000c348                Bus::Bus(char const*)
                0x00000000c000c380                Bus::~Bus()
                0x00000000c000c380                Bus::~Bus()
                0x00000000c000c3a4                Bus::~Bus()
 .text          0x00000000c000c3ce       0x96 hal/buzzer.32
                0x00000000c000c3ce                beepThread(void*)
                0x00000000c000c40b                Krnl::beep(int, int, bool)
 .text          0x00000000c000c464      0x45f hal/clock.32
                0x00000000c000c464                User::loadClockSettings(int)
                0x00000000c000c4b6                Clock::Clock(char const*)
                0x00000000c000c4b6                Clock::Clock(char const*)
                0x00000000c000c4ec                Clock::~Clock()
                0x00000000c000c4ec                Clock::~Clock()
                0x00000000c000c510                Clock::~Clock()
                0x00000000c000c53a                Clock::timeInSecondsLocal()
                0x00000000c000c582                Clock::setTimeInSecondsLocal(unsigned long long)
                0x00000000c000c5db                datetimeToSeconds(datetime_t)
                0x00000000c000c6fa                Clock::setTimeInDatetimeLocal(datetime_t)
                0x00000000c000c75a                secondsToDatetime(unsigned long long)
                0x00000000c000c89e                Clock::timeInDatetimeLocal()
 *fill*         0x00000000c000c8c3        0x1 
 .text          0x00000000c000c8c4      0x464 hal/device.32
                0x00000000c000c8c4                Device::hibernate()
                0x00000000c000c8c6                Device::wake()
                0x00000000c000c8c8                Device::detect()
                0x00000000c000c8ca                Device::disableLegacy()
                0x00000000c000c8cc                Device::powerSaving(PowerSavingLevel)
                0x00000000c000c8ce                DriverlessDevice::close(int, int, void*)
                0x00000000c000c8d2                DriverlessDevice::detect()
                0x00000000c000c8d4                DriverlessDevice::open(int, int, void*)
                0x00000000c000c8e8                Device::~Device()
                0x00000000c000c8e8                Device::~Device()
                0x00000000c000c8f6                Device::~Device()
                0x00000000c000c91e                Device::findAndLoadDriver()
                0x00000000c000c92c                Device::preOpenPCI(PCIDeviceInfo)
                0x00000000c000c952                Device::preOpenACPI(void*, char*, char*)
                0x00000000c000c992                Device::addIRQHandler(int, void (*)(regs*, void*), bool, void*)
                0x00000000c000c9bc                Device::getParent()
                0x00000000c000c9c8                Device::removeIRQHandler(int, void (*)(regs*, void*), bool)
                0x00000000c000c9e6                Device::addChild(Device*)
                0x00000000c000ca2a                Device::removeAllChildren()
                0x00000000c000ca70                Device::hibernateAll()
                0x00000000c000caa0                Device::wakeAll()
                0x00000000c000cad0                Device::detectAll()
                0x00000000c000cb00                Device::disableLegacyAll()
                0x00000000c000cb02                Device::loadDriversForAll()
                0x00000000c000cb04                Device::closeAll()
                0x00000000c000cb3a                Device::powerSavingAll(PowerSavingLevel)
                0x00000000c000cb70                Device::setName(char const*)
                0x00000000c000cb7e                Device::Device(char const*)
                0x00000000c000cb7e                Device::Device(char const*)
                0x00000000c000cc7a                Device::getName()
                0x00000000c000cc84                DriverlessDevice::DriverlessDevice(char const*)
                0x00000000c000cc84                DriverlessDevice::DriverlessDevice(char const*)
                0x00000000c000ccba                Device::addToLinkedList(LinkedList<Device>&, DeviceType)
                0x00000000c000ccfe                getDevicesOfType(DeviceType)
 .text          0x00000000c000cd28       0x86 hal/diskctrl.32
                0x00000000c000cd28                HardDiskController::HardDiskController(char const*)
                0x00000000c000cd28                HardDiskController::HardDiskController(char const*)
                0x00000000c000cd60                HardDiskController::~HardDiskController()
                0x00000000c000cd60                HardDiskController::~HardDiskController()
                0x00000000c000cd84                HardDiskController::~HardDiskController()
 .text          0x00000000c000cdae       0xe2 hal/diskphys.32
                0x00000000c000cdae                PhysicalDisk::eject()
                0x00000000c000cdb2                PhysicalDisk::PhysicalDisk(char const*, int)
                0x00000000c000cdb2                PhysicalDisk::PhysicalDisk(char const*, int)
                0x00000000c000ce1a                PhysicalDisk::startCache()
                0x00000000c000ce42                PhysicalDisk::~PhysicalDisk()
                0x00000000c000ce42                PhysicalDisk::~PhysicalDisk()
                0x00000000c000ce66                PhysicalDisk::~PhysicalDisk()
 .text          0x00000000c000ce90        0x0 hal/fpu.32
 .text          0x00000000c000ce90      0x359 hal/intctrl.32
                0x00000000c000ce90                int_handler
                0x00000000c000cf1a                installISRHandler(int, void (*)(regs*, void*), void*)
                0x00000000c000cf64                installIRQHandler(int, void (*)(regs*, void*), bool, void*)
                0x00000000c000d098                uninstallISRHandler(int, void (*)(regs*, void*))
                0x00000000c000d0cc                uninstallIRQHandler(int, void (*)(regs*, void*), bool)
                0x00000000c000d14a                setupINTS()
                0x00000000c000d1a7                convertLegacyIRQNumber(int)
 *fill*         0x00000000c000d1e9        0x1 
 .text          0x00000000c000d1ea      0x8be hal/keybrd.32
                0x00000000c000d1ea                startGUI(void*)
                0x00000000c000d258                startGUIVESA(void*)
                0x00000000c000d2c6                sendKeyToTerminal(unsigned char)
                0x00000000c000d3a1                sendKeyboardToken(KeyboardToken)
                0x00000000c000d88b                clearInternalKeybuffer(VgaText*)
                0x00000000c000d8c0                readKeyboard(VgaText*, char*, unsigned long)
                0x00000000c000da1e                Keyboard::Keyboard(char const*)
                0x00000000c000da1e                Keyboard::Keyboard(char const*)
                0x00000000c000da5a                Keyboard::~Keyboard()
                0x00000000c000da5a                Keyboard::~Keyboard()
                0x00000000c000da7e                Keyboard::~Keyboard()
 .text          0x00000000c000daa8      0x3f8 hal/logidisk.32
                0x00000000c000daa8                LogicalDisk::close(int, int, void*)
                0x00000000c000daac                LogicalDisk::~LogicalDisk()
                0x00000000c000daac                LogicalDisk::~LogicalDisk()
                0x00000000c000dad0                LogicalDisk::~LogicalDisk()
                0x00000000c000dafa                LogicalDisk::open(int, int, void*)
                0x00000000c000db0e                LogicalDisk::absoluteToRelative(unsigned long long)
                0x00000000c000db46                LogicalDisk::relativeToAbsolute(unsigned long long)
                0x00000000c000db8c                LogicalDisk::LogicalDisk(char const*, PhysicalDisk*, unsigned long long, unsigned long long)
                0x00000000c000db8c                LogicalDisk::LogicalDisk(char const*, PhysicalDisk*, unsigned long long, unsigned long long)
                0x00000000c000dc4c                LogicalDisk::assignDriveLetter()
                0x00000000c000dd06                LogicalDisk::mount()
                0x00000000c000dd4e                LogicalDisk::unmount()
                0x00000000c000dd5e                LogicalDisk::eject()
                0x00000000c000dd72                LogicalDisk::unassignDriveLetter()
                0x00000000c000ddc8                LogicalDisk::read(unsigned long long, int, void*)
                0x00000000c000de34                LogicalDisk::write(unsigned long long, int, void*)
 .text          0x00000000c000dea0       0x86 hal/mouse.32
                0x00000000c000dea0                Mouse::Mouse(char const*)
                0x00000000c000dea0                Mouse::Mouse(char const*)
                0x00000000c000ded8                Mouse::~Mouse()
                0x00000000c000ded8                Mouse::~Mouse()
                0x00000000c000defc                Mouse::~Mouse()
 .text          0x00000000c000df26       0x90 hal/nic.32
                0x00000000c000df26                NIC::getMAC()
                0x00000000c000df2c                NIC::write(int, unsigned char*, int*)
                0x00000000c000df32                NIC::NIC(char const*)
                0x00000000c000df32                NIC::NIC(char const*)
                0x00000000c000df68                NIC::~NIC()
                0x00000000c000df68                NIC::~NIC()
                0x00000000c000df8c                NIC::~NIC()
 .text          0x00000000c000dfb6      0x33b hal/partition.32
                0x00000000c000dfb6                makePartition(PhysicalDisk*, unsigned long long, unsigned long long)
                0x00000000c000e05e                createPartitionsForDisk(PhysicalDisk*)
 *fill*         0x00000000c000e2f1        0x3 
 .text          0x00000000c000e2f4       0x86 hal/serial.32
                0x00000000c000e2f4                Serial::Serial(char const*)
                0x00000000c000e2f4                Serial::Serial(char const*)
                0x00000000c000e32c                Serial::~Serial()
                0x00000000c000e32c                Serial::~Serial()
                0x00000000c000e350                Serial::~Serial()
 *fill*         0x00000000c000e37a        0x2 
 .text          0x00000000c000e37c      0x234 hal/timer.32
                0x00000000c000e37c                Timer::Timer(char const*)
                0x00000000c000e37c                Timer::Timer(char const*)
                0x00000000c000e3b4                Timer::~Timer()
                0x00000000c000e3b4                Timer::~Timer()
                0x00000000c000e3d8                Timer::~Timer()
                0x00000000c000e402                Timer::read()
                0x00000000c000e40d                setupTimer(int)
                0x00000000c000e448                timerHandler(unsigned int)
 .text          0x00000000c000e5b0      0x444 hal/vcache.32
                0x00000000c000e5b0                VCache::VCache(PhysicalDisk*)
                0x00000000c000e5b0                VCache::VCache(PhysicalDisk*)
                0x00000000c000e720                VCache::invalidateReadBuffer()
                0x00000000c000e730                VCache::writeWriteBuffer()
                0x00000000c000e77c                VCache::~VCache()
                0x00000000c000e77c                VCache::~VCache()
                0x00000000c000e7d4                VCache::~VCache()
                0x00000000c000e7fc                VCache::write(unsigned long long, int, void*)
                0x00000000c000e8ea                VCache::read(unsigned long long, int, void*)
 .text          0x00000000c000e9f4      0x4c7 hal/video.32
                0x00000000c000e9f4                Video::putrect(int, int, int, int, unsigned int)
                0x00000000c000ea40                Video::bitblit(int, int, int, int, int, int, int, unsigned int*)
                0x00000000c000eab0                Video::blit(unsigned int*, int, int, int, int)
                0x00000000c000eb2e                Video::clearScreen(unsigned int)
                0x00000000c000eb62                Video::putpixel(int, int, unsigned int)
                0x00000000c000eb70                Video::readPixelApprox(int, int)
                0x00000000c000eb84                Video::Video(char const*)
                0x00000000c000eb84                Video::Video(char const*)
                0x00000000c000ebba                Video::~Video()
                0x00000000c000ebba                Video::~Video()
                0x00000000c000ebde                Video::~Video()
                0x00000000c000ec08                Video::isMonochrome()
                0x00000000c000ec14                Video::getWidth()
                0x00000000c000ec20                Video::getHeight()
                0x00000000c000ec2c                Video::drawCursor(int, int, unsigned int*, int)
                0x00000000c000ece8                Video::tgaParse(unsigned char*, int, int*, int*)
                0x00000000c000ee50                Video::putTGA(int, int, unsigned char*, int)
 *fill*         0x00000000c000eebb        0x1 
 .text          0x00000000c000eebc     0x13e3 hw/acpi.32
                0x00000000c000eebc                ACPI::close(int, int, void*)
                0x00000000c000efc8                findRSDP()
                0x00000000c000f060                loadACPITables(unsigned char*)
                0x00000000c000f2cc                findRSDT(unsigned char*)
                0x00000000c000f424                findDataTable(unsigned char*, char*)
                0x00000000c000f4a4                scanMADT()
                0x00000000c000f95c                ACPI::ACPI()
                0x00000000c000f95c                ACPI::ACPI()
                0x00000000c000f9b0                ACPI::getPCIIRQAssignment(unsigned char, unsigned short, unsigned char)
                0x00000000c000faac                ACPI::registerPCIIRQAssignment(void*, unsigned short, unsigned char, unsigned char)
                0x00000000c000fb78                ACPI::setScreenBrightnessLevel(void*, int)
                0x00000000c000fb80                ACPI::detectPCI()
                0x00000000c000fda0                ACPI::writeSimpleBootFlag(SimpleBootFlagTable*)
                0x00000000c000fde8                ACPI::sleep()
                0x00000000c000fe04                ACPI::open(int, int, void*)
 *fill*         0x00000000c001029f        0x1 
 .text          0x00000000c00102a0      0xbc5 hw/cpu.32
                0x00000000c00102a0                CPU::close(int, int, void*)
                0x00000000c00102a4                CPU::AMD_K6_write_msr(unsigned int, unsigned int, unsigned int, CPU::REGS*)
                0x00000000c00102c0                CPU::AMD_K6_read_msr(unsigned int, CPU::REGS*)
                0x00000000c00102d8                CPU::AMD_K6_writeback(int, int, int)
                0x00000000c001034c                CPU::cpuid(int, unsigned long*, unsigned long*, unsigned long*, unsigned long*)
                0x00000000c00103d0                CPU::cpuidCheckEDX(unsigned int)
                0x00000000c00103fe                CPU::cpuidCheckECX(unsigned int)
                0x00000000c001042c                CPU::cpuidCheckExtendedEBX(unsigned int)
                0x00000000c001045a                CPU::cpuidCheckExtendedECX(unsigned int)
                0x00000000c0010488                CPU::CPU()
                0x00000000c0010488                CPU::CPU()
                0x00000000c0010516                CPU::displayFeatures()
                0x00000000c0010518                CPU::detectFeatures()
                0x00000000c0010bec                CPU::setupSMEP()
                0x00000000c0010bf8                CPU::setupUMIP()
                0x00000000c0010c02                CPU::setupTSC()
                0x00000000c0010c0c                CPU::setupLargePages()
                0x00000000c0010c16                CPU::setupPAT()
                0x00000000c0010c52                CPU::setupMTRR()
                0x00000000c0010c54                CPU::setupGlobalPages()
                0x00000000c0010c5e                CPU::allowUsermodeDataAccess()
                0x00000000c0010c70                CPU::prohibitUsermodeDataAccess()
                0x00000000c0010c82                CPU::setupSMAP()
                0x00000000c0010c90                CPU::setupFeatures()
                0x00000000c0010d5c                CPU::open(int, int, void*)
 .text          0x00000000c0010e65       0xb6 krnl/atexit.32
                0x00000000c0010e65                KeInitialiseAtexit()
                0x00000000c0010e84                KeRegisterAtexit(void (*)(void*), void*)
                0x00000000c0010eb8                KeExecuteAtexit()
 .text          0x00000000c0010f1b       0xdf krnl/bootmsg.32
                0x00000000c0010f1b                KeDisplaySplashScreen()
                0x00000000c0010f97                KeSetBootMessage(char const*)
 *fill*         0x00000000c0010ffa        0x2 
 .text          0x00000000c0010ffc       0x1d krnl/compat.32
                0x00000000c0010ffc                Krnl::handlePowerButton()
                0x00000000c001100c                Krnl::handleSleepButton()
 .text          0x00000000c0011019       0x2b krnl/crc32.32
                0x00000000c0011019                KeCalculateCRC32(unsigned char*, int)
 .text          0x00000000c0011044      0x5bf krnl/env.32
                0x00000000c0011044                EnvVarContainer::getEnv(char const*)
                0x00000000c0011082                EnvVarContainer::setEnv(char const*, char const*)
                0x00000000c0011144                EnvVarContainer::deleteEnv(char const*)
                0x00000000c0011146                EnvVarContainer::loadFrom(char const*, char const*)
                0x00000000c001136a                EnvVarContainer::__loadSystem()
                0x00000000c0011384                EnvVarContainer::__loadUser()
                0x00000000c0011386                EnvVarContainer::EnvVarContainer(Process*)
                0x00000000c0011386                EnvVarContainer::EnvVarContainer(Process*)
                0x00000000c00113a8                EnvVarContainer::~EnvVarContainer()
                0x00000000c00113a8                EnvVarContainer::~EnvVarContainer()
                0x00000000c00113d8                KeGetEnv(Process*, char const*)
                0x00000000c001143d                KeSetEnvSystem(char const*, char const*)
                0x00000000c0011457                KeSetEnvUser(char const*, char const*)
                0x00000000c0011476                KeSetEnvProcess(Process*, char const*, char const*)
                0x00000000c0011489                KeDeleteEnvSystem(char const*)
                0x00000000c001148a                KeDeleteEnvUser(char const*)
                0x00000000c001148b                KeDeleteEnvProcess(Process*, char const*)
                0x00000000c001148c                KeNewProcessEnv(Process*)
                0x00000000c00114ae                KeCopyProcessEnv(Process*, Process*)
                0x00000000c00114fa                KeLoadSystemEnv()
                0x00000000c0011528                KeLoadUserEnv()
                0x00000000c001154e                KeFlushEnv()
                0x00000000c001154f                KeGetProcessTotalEnvCount(Process*)
                0x00000000c001156f                KeGetProcessEnvPair(Process*, int)
 .text          0x00000000c0011603       0x94 krnl/inlines.32
                0x00000000c0011603                CPU::current()
                0x00000000c001160f                operator new(unsigned long)
                0x00000000c0011614                operator delete(void*)
                0x00000000c0011619                disableIRQs()
                0x00000000c001161b                enableIRQs()
                0x00000000c001161d                lockScheduler()
                0x00000000c0011625                unlockScheduler()
                0x00000000c0011634                lockStuff()
                0x00000000c0011642                unlockStuff()
                0x00000000c001167c                Virt::getAKernelVAS()
                0x00000000c0011682                __not_memcpy
 .text          0x00000000c0011697        0xc krnl/panic.32
                0x00000000c0011697                KePanic(char const*)
 .text          0x00000000c00116a3      0x142 krnl/powctrl.32
                0x00000000c00116a3                KePowerThread(void*)
                0x00000000c00116d1                KeChangePowerSettings(PowerSettings)
                0x00000000c00116e7                KeUserIOReceived()
                0x00000000c00116f2                KeHandlePowerButton()
                0x00000000c0011727                KeHandleSleepButton()
                0x00000000c001175c                KeSetupPowerManager()
 .text          0x00000000c00117e5       0x9d krnl/random.32
                0x00000000c00117e5                KeRand()
                0x00000000c0011827                KeSeedRand(unsigned int)
                0x00000000c0011850                KeInitRand()
 *fill*         0x00000000c0011882        0x2 
 .text          0x00000000c0011884      0x1bc krnl/resolve.32
                0x00000000c0011884                KeResolveCompatibilitySymbol(char*)
 .text          0x00000000c0011a40      0x322 krnl/signal.32
                0x00000000c0011a40                KiSigKill(int)
                0x00000000c0011a54                KiDefaultSignalHandlerIgnore(int)
                0x00000000c0011a55                KiDefaultSignalHandlerPause(int)
                0x00000000c0011a81                KiDefaultSignalHandlerResume(int)
                0x00000000c0011aad                KeDeinitSignals(SigHandlerBlock*)
                0x00000000c0011ab2                KeInitSignals()
                0x00000000c0011b04                KeRegisterSignalHandler(SigHandlerBlock*, int, void (*)(int), unsigned int, int)
                0x00000000c0011b3a                KeRaiseSignal(SigHandlerBlock*, int)
                0x00000000c0011bb7                KeCheckSignal(SigHandlerBlock*, int*)
                0x00000000c0011cae                KiCheckSignalZ
                0x00000000c0011cf0                KeCompleteSignal(SigHandlerBlock*, int)
                0x00000000c0011d2b                KiFinishSignalZ
 .text          0x00000000c0011d62      0xe10 krnl/syscalls.32
                0x00000000c0011d62                SysSeekDir(regs*)
                0x00000000c0011d67                SysTellDir(regs*)
                0x00000000c0011d6c                SysVerify(regs*)
                0x00000000c0011d76                SysGetArgc(regs*)
                0x00000000c0011d8a                SysTTYName(regs*)
                0x00000000c0011d92                SysFormatDisk(regs*)
                0x00000000c0011e09                SysSetDiskVolumeLabel(regs*)
                0x00000000c0011e5d                SysGetDiskVolumeLabel(regs*)
                0x00000000c0011eb6                SysShutdown(regs*)
                0x00000000c0011f14                SysRealpath(regs*)
                0x00000000c0011f58                SysReadDir(regs*)
                0x00000000c0011fd8                SysIsATTY(regs*)
                0x00000000c0012032                SysSeek(regs*)
                0x00000000c0012089                SysTell(regs*)
                0x00000000c00120f6                SysSize(regs*)
                0x00000000c0012169                SysSizeFromFilename(regs*)
                0x00000000c001229a                SysSizeFromFilenameNoSymlink(regs*)
                0x00000000c00123cb                SysClose(regs*)
                0x00000000c001242b                SysOpenDir(regs*)
                0x00000000c00124a8                SysMakeDir(regs*)
                0x00000000c0012516                SysCloseDir(regs*)
                0x00000000c001256a                SysWait(regs*)
                0x00000000c001258b                SysNotImpl(regs*)
                0x00000000c00125a6                SysPanic(regs*)
                0x00000000c00125c1                SysRmdir(regs*)
                0x00000000c0012626                SysUnlink(regs*)
                0x00000000c001268b                SysGetArgv(regs*)
                0x00000000c00126d8                SysUSleep(regs*)
                0x00000000c0012701                SysSpawn(regs*)
                0x00000000c0012774                SysGetEnv(regs*)
                0x00000000c0012825                SysSetFatAttrib(regs*)
                0x00000000c0012898                SysPipe(regs*)
                0x00000000c00128dd                SysGetUnixTime(regs*)
                0x00000000c00128f1                string_ends_with(char const*, char const*)
                0x00000000c0012939                SysOpen(regs*)
                0x00000000c0012b30                KeSystemCall(regs*, void*)
 *fill*         0x00000000c0012b72        0x2 
 .text          0x00000000c0012b74      0x159 net/ethernet.32
                0x00000000c0012b74                KeSwitchEndian16(unsigned short)
                0x00000000c0012b98                KeSwitchEndian32(unsigned int)
                0x00000000c0012bc8                EthernetCRC32(unsigned char*, int)
                0x00000000c0012c6c                EthernetReceivedPacket(EthernetUnwrappedFrame*, unsigned short)
 .text          0x00000000c0012ccd      0xd56 reg/cm.32
                0x00000000c0012ccd                CmOpen(char const*)
                0x00000000c0012deb                CmClose(Reghive_Tag*)
                0x00000000c0012e01                CmReadExtent(Reghive_Tag*, int, unsigned char*)
                0x00000000c0012e3d                CmGetString(Reghive_Tag*, int, char*)
                0x00000000c0012eb4                CmEnterDirectory(Reghive_Tag*, int)
                0x00000000c0012ef3                CmGetNext(Reghive_Tag*, int)
                0x00000000c0012f25                CmWriteExtent(Reghive_Tag*, int, unsigned char*)
                0x00000000c0012f61                CmFreeExtent(Reghive_Tag*, int)
                0x00000000c0012f89                CmUpdateHeader(Reghive_Tag*)
                0x00000000c0012faa                CmExpand(Reghive_Tag*, int)
                0x00000000c0013025                CmFindUnusedExtent(Reghive_Tag*)
                0x00000000c00130ab                CmCreateExtent(Reghive_Tag*, int, int, unsigned char*)
                0x00000000c001319f                CmSetString(Reghive_Tag*, int, char const*)
                0x00000000c00132db                CmGetMatch(char*, char*, bool, bool*)
                0x00000000c001333c                CmAddShift(unsigned int*, int*, unsigned char, int)
                0x00000000c001336c                CmGetShift(unsigned int*, int*, int, bool*)
                0x00000000c00133a3                CmGetInteger(Reghive_Tag*, int, unsigned long long*)
                0x00000000c00133cd                CmSetInteger(Reghive_Tag*, int, unsigned long long)
                0x00000000c001340d                CmConvertFromInternalFilename(unsigned char const*, char*)
                0x00000000c00134b1                CmGetNameAndTypeFromExtent(Reghive_Tag*, int, char*)
                0x00000000c00134df                CmConvertToInternalFilename(char const*, unsigned char*)
                0x00000000c001367d                CmCreateString(Reghive_Tag*, int, char const*)
                0x00000000c00136ca                CmFindInDirectory(Reghive_Tag*, int, char const*)
                0x00000000c0013744                CmCreateInteger(Reghive_Tag*, int, char const*, unsigned long long, int)
                0x00000000c0013797                CmCreateDirectory(Reghive_Tag*, int, char const*)
                0x00000000c001385b                zStrtok(char*, char const*)
                0x00000000c00138cd                CmFindObjectFromPath(Reghive_Tag*, char const*)
                0x00000000c001394e                CmDisplayTree(Reghive_Tag*, int, int)
                0x00000000c00139f1                CmSplitFinalSlashInPlace(char*)
 .text          0x00000000c0013a23      0x52a reg/registry.32
                0x00000000c0013a23                Reg::findLineFromLoadedData(char*, char*, char*)
                0x00000000c0013b94                Reg::getLineFromRegistry(char*, char*, char*, char*)
                0x00000000c0013ce9                Reg::getLine(char*, char*, char*)
                0x00000000c0013d20                Reg::readInt(char*, char*, int*)
                0x00000000c0013e0e                Reg::readString(char*, char*, char*, int)
                0x00000000c0013e8f                Reg::readBool(char*, char*, bool*)
                0x00000000c0013eb4                Reg::readBoolWithDefault(char*, char*, bool)
                0x00000000c0013ee0                Reg::readIntWithDefault(char*, char*, int)
                0x00000000c0013f0c                Reg::readStringWithDefault(char*, char*, char*, int, char*)
 .text          0x00000000c0013f4d       0x36 sys/eject.32
                0x00000000c0013f4d                SysEject(regs*)
 .text          0x00000000c0013f83       0x18 sys/exit.32
                0x00000000c0013f83                SysExit(regs*)
 .text          0x00000000c0013f9b       0x1f sys/getcwd.32
                0x00000000c0013f9b                SysGetCwd(regs*)
 .text          0x00000000c0013fba        0xc sys/getpid.32
                0x00000000c0013fba                SysGetPID(regs*)
 .text          0x00000000c0013fc6       0x1a sys/getramdata.32
                0x00000000c0013fc6                SysGetRAMData(regs*)
 .text          0x00000000c0013fe0       0x82 sys/getvgaptr.32
                0x00000000c0013fe0                SysGetVGAPtr(regs*)
 *fill*         0x00000000c0014062        0x2 
 .text          0x00000000c0014064       0xb9 sys/kill.32
                0x00000000c0014064                SysKill(regs*)
 .text          0x00000000c001411d       0xa8 sys/loaddll.32
                0x00000000c001411d                SysLoadDLL(regs*)
 .text          0x00000000c00141c5       0x68 sys/read.32
                0x00000000c00141c5                SysRead(regs*)
 .text          0x00000000c001422d       0x29 sys/registersignal.32
                0x00000000c001422d                SysRegisterSignal(regs*)
 .text          0x00000000c0014256      0x19c sys/registry.32
                0x00000000c0014256                SysRegistryGetTypeFromPath(regs*)
                0x00000000c00142cd                SysRegistryReadExtent(regs*)
                0x00000000c0014315                SysRegistryPathToExtentLookup(regs*)
                0x00000000c001433d                SysRegistryEnterDirectory(regs*)
                0x00000000c0014365                SysRegistryGetNext(regs*)
                0x00000000c001438d                SysRegistryGetNameAndTypeFromExtent(regs*)
                0x00000000c00143c7                SysRegistryOpen(regs*)
                0x00000000c00143db                SysRegistryClose(regs*)
 .text          0x00000000c00143f2       0x55 sys/sbrk.32
                0x00000000c00143f2                SysSbrk(regs*)
 .text          0x00000000c0014447       0x1c sys/setcwd.32
                0x00000000c0014447                SysSetCwd(regs*)
 .text          0x00000000c0014463       0x96 sys/settime.32
                0x00000000c0014463                SysSetTime(regs*)
 .text          0x00000000c00144f9       0x73 sys/symlink.32
                0x00000000c00144f9                SysSymlink(regs*)
 .text          0x00000000c001456c       0x4a sys/timezone.32
                0x00000000c001456c                SysTimezone(regs*)
 .text          0x00000000c00145b6       0xfc sys/truncate.32
                0x00000000c00145b6                SysTruncate(regs*)
 .text          0x00000000c00146b2       0x68 sys/write.32
                0x00000000c00146b2                SysWrite(regs*)
 .text          0x00000000c001471a       0x62 sys/wsbe.32
                0x00000000c001471a                SysWsbe(regs*)
 .text          0x00000000c001477c       0x25 sys/yield.32
                0x00000000c001477c                SysYield(regs*)
 .text          0x00000000c00147a1     0x11e6 thr/elf.32
                0x00000000c00147a1                Thr::allocateMemoryForTask(Process*, File*, unsigned long, unsigned long, unsigned long)
                0x00000000c0014a2f                Thr::loadProgramIntoMemory(Process*, char const*)
                0x00000000c0014c41                Thr::runtimeReferenceHelper()
                0x00000000c0014c54                Thr::getAddressOfKernelSymbol(char const*)
                0x00000000c0014ca3                Thr::loadKernelSymbolTable(char const*)
                0x00000000c0014f61                Thr::loadDriverIntoMemory(char const*, unsigned long, bool)
                0x00000000c001569a                Thr::getDriverBaseFromAddress(unsigned long)
                0x00000000c00156cc                Thr::getDriverNameFromAddress(unsigned long)
                0x00000000c0015703                Thr::getDriverOffsetFromAddress(unsigned long)
                0x00000000c001571d                Thr::loadDLL(char const*, bool)
                0x00000000c001594e                Thr::executeDLL(unsigned long, void*)
 *fill*         0x00000000c0015987        0x1 
 .text          0x00000000c0015988     0x13d9 thr/prcssthr.32
                0x00000000c0015988                userModeEntryPoint(void*)
                0x00000000c00159b0                changeTSS
                0x00000000c00159e0                switchToThread(ThreadControlBlock*)
                0x00000000c0015a90                Process::addArgs(char**)
                0x00000000c0015afc                Process::Process(char const*, Process*, char**)
                0x00000000c0015afc                Process::Process(char const*, Process*, char**)
                0x00000000c0015d08                Process::Process(bool, char const*, Process*, char**)
                0x00000000c0015d08                Process::Process(bool, char const*, Process*, char**)
                0x00000000c0015edc                taskStartupFunction
                0x00000000c0015ee8                Semaphore::Semaphore(int)
                0x00000000c0015ee8                Semaphore::Semaphore(int)
                0x00000000c0015f18                Mutex::Mutex()
                0x00000000c0015f18                Mutex::Mutex()
                0x00000000c0015f2c                Process::createThread(void (*)(void*), void*, int)
                0x00000000c0016038                Process::createUserThread()
                0x00000000c0016058                setupMultitasking(void (*)())
                0x00000000c001617c                schedule()
                0x00000000c0016210                Semaphore::tryAcquire()
                0x00000000c00162e4                Semaphore::assertLocked(char const*)
                0x00000000c0016368                blockTaskWithSchedulerLockAlreadyHeld(TaskState)
                0x00000000c0016390                blockTask(TaskState)
                0x00000000c00163c8                waitTask(int, int*, int)
                0x00000000c001640c                milliTenthSleepUntil(unsigned int)
                0x00000000c00164ac                milliTenthSleep(unsigned int)
                0x00000000c00164c0                sleep(unsigned int)
                0x00000000c00164dc                Semaphore::acquire()
                0x00000000c00165a4                taskReturned
                0x00000000c00165e8                Thr::processFromPID(int)
                0x00000000c0016694                unblockTask(ThreadControlBlock*)
                0x00000000c0016740                cleanupTerminatedTask(ThreadControlBlock*)
                0x00000000c0016a14                cleanerTaskFunction(void*)
                0x00000000c0016b1c                terminateTask(int)
                0x00000000c0016c08                Thr::terminateFromIRQ(int)
                0x00000000c0016c18                Semaphore::release()
 .text          0x00000000c0016d61      0xc27 vm86/vm8086.32
                0x00000000c0016d61                Vm::inbv(unsigned short)
                0x00000000c0016d74                Vm::outbv(unsigned short, unsigned char)
                0x00000000c0016daa                Vm::realToLinear(unsigned short, unsigned short)
                0x00000000c0016dba                Vm::getSegment(unsigned int)
                0x00000000c0016dc2                Vm::getOffset(unsigned int)
                0x00000000c0016dc7                Vm::mainloop2()
                0x00000000c0016e01                Vm::mainVm8086Loop(void*)
                0x00000000c0016e11                Vm::mainloop3(unsigned long)
                0x00000000c0016e37                Vm::initialise8086()
                0x00000000c0016e7a                Vm::finish8086()
                0x00000000c0016edb                Vm::getOutput8086(unsigned char*)
                0x00000000c0016f00                Vm::start8086FromBuffer(unsigned char*, int, unsigned short, unsigned short, unsigned short, unsigned short)
                0x00000000c0016fb9                Vm::start8086(char const*, unsigned short, unsigned short, unsigned short, unsigned short)
                0x00000000c0017157                Vm::doISR(regs*, int, unsigned char*, unsigned short, unsigned short)
                0x00000000c00171f0                Vm::readByteFromReal(unsigned short, unsigned short)
                0x00000000c0017201                Vm::readWordFromReal(unsigned short, unsigned short)
                0x00000000c0017213                Vm::readDwordFromReal(unsigned short, unsigned short)
                0x00000000c0017224                Vm::writeByteFromReal(unsigned short, unsigned short, unsigned char)
                0x00000000c0017239                Vm::writeWordFromReal(unsigned short, unsigned short, unsigned short)
                0x00000000c001724f                Vm::writeDwordFromReal(unsigned short, unsigned short, unsigned int)
                0x00000000c0017264                Vm::faultHandler(regs*)
 .text          0x00000000c0017988      0xaf0 arch/i386/hal.32
                0x00000000c0017988                noCopro(unsigned long)
                0x00000000c0017989                nmiHandler(regs*, void*)
                0x00000000c00179a2                doubleFault(regs*, void*)
                0x00000000c00179bb                displayDebugInfo(regs*)
                0x00000000c0017d40                HalSystemIdle()
                0x00000000c0017dbc                displayProgramFault(char const*)
                0x00000000c0017e08                gpFault(regs*, void*)
                0x00000000c0017e6f                pgFault(regs*, void*)
                0x00000000c0017ef8                otherISRHandler(regs*, void*)
                0x00000000c0017f2c                opcodeFault(regs*, void*)
                0x00000000c0017faf                i386SaveCoprocessor(void*)
                0x00000000c0017fc3                i386LoadCoprocessor(void*)
                0x00000000c0017fd7                x87EmulHandler(regs*, void*)
                0x00000000c0018074                HalInitialiseCoprocessor()
                0x00000000c0018122                HalPanic(char const*)
                0x00000000c0018236                HalQueryPerformanceCounter()
                0x00000000c0018251                HalInitialise()
                0x00000000c0018407                HalMakeBeep(int)
                0x00000000c0018441                HalGetRand()
                0x00000000c0018444                HalEndOfInterrupt(int)
                0x00000000c0018475                HalRestart()
                0x00000000c0018476                HalShutdown()
                0x00000000c0018477                HalSleep()
 .text          0x00000000c0018478      0x2dc arch/i386/pic.32
                0x00000000c0018478                picIoWait()
                0x00000000c0018480                picDisable()
                0x00000000c00184b4                picGetIRQReg(int)
                0x00000000c0018530                picOpen()
                0x00000000c00186b4                picEOI(int)
 .text          0x00000000c0018754      0x674 arch/i386/rtc.32
                0x00000000c0018754                RTC::open(int, int, void*)
                0x00000000c0018758                RTC::close(int, int, void*)
                0x00000000c001875c                RTC::timeInSecondsUTC()
                0x00000000c001876e                RTC::timeInDatetimeUTC()
                0x00000000c0018794                RTC::setTimeInSecondsUTC(unsigned long long)
                0x00000000c00187d2                RTC::~RTC()
                0x00000000c00187d2                RTC::~RTC()
                0x00000000c00187f6                RTC::~RTC()
                0x00000000c0018820                RTC::get_update_in_progress_flag()
                0x00000000c001883a                RTC::completeRTCRefresh()
                0x00000000c0018b1a                RTC::setTimeInDatetimeUTC(datetime_t)
                0x00000000c0018cc8                rtcIRQHandler(regs*, void*)
                0x00000000c0018d0e                RTC::RTC()
                0x00000000c0018d0e                RTC::RTC()
 .text          0x00000000c0018dc8      0x1f4 arch/i386/vga.32
                0x00000000c0018dc8                HalConsoleScroll(int, int)
                0x00000000c0018ed0                HalConsoleWriteCharacter(char, int, int, int, int)
                0x00000000c0018f34                HalConsoleCursorUpdate(int, int)
 .text          0x00000000c0018fbc     0x14cf fs/fat/vfslink.32
                0x00000000c0018fbc                FAT::getName()
                0x00000000c0018fc4                FAT::tell(void*, unsigned long long*)
                0x00000000c0019000                FAT::stat(void*, unsigned long long*)
                0x00000000c001903c                FAT::~FAT()
                0x00000000c001903c                FAT::~FAT()
                0x00000000c0019060                FAT::~FAT()
                0x00000000c0019088                FAT::getlabel(LogicalDisk*, int, char*, unsigned int*)
                0x00000000c001912c                FAT::setlabel(LogicalDisk*, int, char*)
                0x00000000c00191f0                FAT::format(LogicalDisk*, int, char const*, int)
                0x00000000c00193d4                FAT::tryMount(LogicalDisk*, int)
                0x00000000c00195f0                FAT::allocateSwapfile(char const*, int)
                0x00000000c00197b0                FAT::readDir(void*, unsigned long, void*, int*)
                0x00000000c0019920                FAT::read(void*, unsigned long, void*, int*)
                0x00000000c0019980                FAT::write(void*, unsigned long, void*, int*)
                0x00000000c00199e0                FAT::close(void*)
                0x00000000c0019a34                FAT::closeDir(void*)
                0x00000000c0019a88                FAT::truncate(void*, unsigned long long)
                0x00000000c0019af4                FAT::seek(void*, unsigned long long)
                0x00000000c0019b4c                fatWrapperReadDisk
                0x00000000c0019b8c                fatWrapperWriteDisk
                0x00000000c0019bcc                fatWrapperIoctl
                0x00000000c0019ce8                FAT::FAT()
                0x00000000c0019ce8                FAT::FAT()
                0x00000000c0019d40                FAT::fixFilepath(char*)
                0x00000000c0019d80                FAT::open(char const*, void**, FileOpenMode)
                0x00000000c0019ef4                FAT::openDir(char const*, void**)
                0x00000000c0019fa4                FAT::stat(char const*, unsigned long long*, bool*)
                0x00000000c001a09c                FAT::unlink(char const*)
                0x00000000c001a11c                FAT::chfatattr(char const*, unsigned char, unsigned char)
                0x00000000c001a2d0                FAT::rename(char const*, char const*)
                0x00000000c001a39c                FAT::mkdir(char const*)
                0x00000000c001a41c                FAT::exists(char const*)
 *fill*         0x00000000c001a48b        0x1 
 .text          0x00000000c001a48c       0x94 fs/iso9660/helper.32
                0x00000000c001a48c                isoReadDiscSectorHelper
                0x00000000c001a4e8                iso_kprintf
                0x00000000c001a504                iso_kprintfd
 .text          0x00000000c001a520      0x71c fs/iso9660/vfslink.32
                0x00000000c001a520                ISO9660::format(LogicalDisk*, int, char const*, int)
                0x00000000c001a526                ISO9660::truncate(void*, unsigned long long)
                0x00000000c001a52c                ISO9660::getName()
                0x00000000c001a532                ISO9660::closeDir(void*)
                0x00000000c001a53c                ISO9660::chfatattr(char const*, unsigned char, unsigned char)
                0x00000000c001a542                ISO9660::unlink(char const*)
                0x00000000c001a548                ISO9660::write(void*, unsigned long, void*, int*)
                0x00000000c001a54e                ISO9660::rename(char const*, char const*)
                0x00000000c001a554                ISO9660::mkdir(char const*)
                0x00000000c001a55a                ISO9660::~ISO9660()
                0x00000000c001a55a                ISO9660::~ISO9660()
                0x00000000c001a57e                ISO9660::~ISO9660()
                0x00000000c001a5a6                ISO9660::exists(char const*)
                0x00000000c001a5ba                ISO9660::open(char const*, void**, FileOpenMode)
                0x00000000c001a6a0                ISO9660::read(void*, unsigned long, void*, int*)
                0x00000000c001a6e8                ISO9660::seek(void*, unsigned long long)
                0x00000000c001a72a                ISO9660::tell(void*, unsigned long long*)
                0x00000000c001a768                ISO9660::stat(void*, unsigned long long*)
                0x00000000c001a7ba                ISO9660::stat(char const*, unsigned long long*, bool*)
                0x00000000c001a8fc                ISO9660::close(void*)
                0x00000000c001a92c                ISO9660::openDir(char const*, void**)
                0x00000000c001aa06                ISO9660::readDir(void*, unsigned long, void*, int*)
                0x00000000c001ab23                readSectorFromCDROM(unsigned int, unsigned char*, char)
                0x00000000c001aba2                ISO9660::tryMount(LogicalDisk*, int)
                0x00000000c001ac14                ISO9660::ISO9660()
                0x00000000c001ac14                ISO9660::ISO9660()
 .text          0x00000000c001ac3c      0x26c hal/sound/sndcard.32
                0x00000000c001ac3c                SoundCard::beginPlayback()
                0x00000000c001ac4a                SoundCard::stopPlayback()
                0x00000000c001ac58                SoundCard::SoundCard(char const*)
                0x00000000c001ac58                SoundCard::SoundCard(char const*)
                0x00000000c001acf6                SoundCard::~SoundCard()
                0x00000000c001acf6                SoundCard::~SoundCard()
                0x00000000c001ad1a                SoundCard::~SoundCard()
                0x00000000c001ad44                SoundCard::configureRates(int, int, int)
                0x00000000c001ad74                SoundCard::getSamples16(int, short*)
                0x00000000c001add0                SoundCard::getSamples32(int, int*)
                0x00000000c001ae56                SoundCard::addChannel(SoundPort*)
                0x00000000c001ae94                SoundCard::removeChannel(int)
 .text          0x00000000c001aea8      0x38a hal/sound/sndport.32
                0x00000000c001aea8                SoundPort::SoundPort(int, int, int, int)
                0x00000000c001aea8                SoundPort::SoundPort(int, int, int, int)
                0x00000000c001af34                SoundPort::~SoundPort()
                0x00000000c001af34                SoundPort::~SoundPort()
                0x00000000c001af68                SoundPort::unpause()
                0x00000000c001af74                SoundPort::pause()
                0x00000000c001af80                SoundPort::getBufferUsed()
                0x00000000c001af88                SoundPort::getBufferSize()
                0x00000000c001af90                SoundPort::buffer16(short*, int)
                0x00000000c001b01c                SoundPort::buffer32(int*, int)
                0x00000000c001b0a8                SoundPort::unbufferAndAdd16(int, short*, SoundCard*)
                0x00000000c001b174                SoundPort::unbufferAndAdd32(int, int*, SoundCard*)
 .text          0x00000000c001b232        0x0 hw/bus/isa.32
 .text          0x00000000c001b232      0xbb7 hw/bus/pci.32
                0x00000000c001b232                PCI::open(int, int, void*)
                0x00000000c001b250                PCI::close(int, int, void*)
                0x00000000c001b254                PCI::PCI()
                0x00000000c001b254                PCI::PCI()
                0x00000000c001b2ec                PCI::readBAR8(unsigned int, int)
                0x00000000c001b308                PCI::readBAR16(unsigned int, int)
                0x00000000c001b326                PCI::readBAR32(unsigned int, int)
                0x00000000c001b342                PCI::writeBAR8(unsigned int, unsigned char, int)
                0x00000000c001b362                PCI::writeBAR16(unsigned int, unsigned short, int)
                0x00000000c001b384                PCI::writeBAR32(unsigned int, unsigned int, int)
                0x00000000c001b3a4                PCI::legacyMechanism(unsigned char, unsigned char, unsigned char, unsigned char)
                0x00000000c001b41a                PCI::pciReadWord(unsigned char, unsigned char, unsigned char, unsigned char)
                0x00000000c001b4c4                PCI::getVendorID(unsigned char, unsigned char, unsigned char)
                0x00000000c001b4e8                PCI::getHeaderType(unsigned char, unsigned char, unsigned char)
                0x00000000c001b510                PCI::getClassCode(unsigned char, unsigned char, unsigned char)
                0x00000000c001b55a                PCI::getProgIF(unsigned char, unsigned char, unsigned char)
                0x00000000c001b582                PCI::getRevisionID(unsigned char, unsigned char, unsigned char)
                0x00000000c001b5a6                PCI::getInterruptNumber(unsigned char, unsigned char, unsigned char)
                0x00000000c001b5ca                PCI::getSecondaryBus(unsigned char, unsigned char, unsigned char)
                0x00000000c001b5f2                PCI::getBARAddress(unsigned char, unsigned char, unsigned char, unsigned char)
                0x00000000c001b656                PCI::pciWriteWord(unsigned char, unsigned char, unsigned char, unsigned char, unsigned short)
                0x00000000c001b73e                PCI::pciDetailsToFilepath(PCIDeviceInfo, char*)
                0x00000000c001ba04                PCI::checkBus(unsigned char)
                0x00000000c001ba28                PCI::foundDevice(PCIDeviceInfo)
                0x00000000c001bba2                PCI::getDeviceData(unsigned char, unsigned char, unsigned char)
                0x00000000c001bd1e                PCI::checkDevice(unsigned char, unsigned char)
                0x00000000c001bd90                PCI::detect()
 *fill*         0x00000000c001bde9        0x1 
 .text          0x00000000c001bdea      0xb9a hw/diskctrl/ide.32
                0x00000000c001bdea                IDE::close(int, int, void*)
                0x00000000c001bdee                IDE::IDE()
                0x00000000c001bdee                IDE::IDE()
                0x00000000c001be22                IDE::prepareInterrupt(unsigned char)
                0x00000000c001be34                selectDrive(unsigned char, unsigned char)
                0x00000000c001be36                IDE::getBase(unsigned char)
                0x00000000c001be48                IDE::write(unsigned char, unsigned char, unsigned char)
                0x00000000c001bf08                IDE::read(unsigned char, unsigned char)
                0x00000000c001bfb6                IDE::waitInterrupt(unsigned char)
                0x00000000c001c018                ideChannel0IRQHandler(regs*, void*)
                0x00000000c001c034                ideChannel1IRQHandler(regs*, void*)
                0x00000000c001c050                IDE::enableIRQs(unsigned char, bool)
                0x00000000c001c09a                IDE::open(int, int, void*)
                0x00000000c001c4d8                IDE::readBuffer(unsigned char, unsigned char, unsigned int, unsigned int)
                0x00000000c001c5a8                IDE::detect()
                0x00000000c001c876                IDE::printError(unsigned char, unsigned char, unsigned char)
                0x00000000c001c930                IDE::polling(unsigned char, unsigned int)
 .text          0x00000000c001c984      0x32a hw/diskctrl/satabus.32
                0x00000000c001c984                SATABus::close(int, int, void*)
                0x00000000c001c988                SATABus::detect()
                0x00000000c001c98a                SATABus::SATABus()
                0x00000000c001c98a                SATABus::SATABus()
                0x00000000c001ca10                SATABus::findCmdslot(SATABus::tagHBA_PORT volatile*)
                0x00000000c001ca42                SATABus::checkType(SATABus::tagHBA_PORT volatile*)
                0x00000000c001ca8a                SATABus::startCmd(SATABus::tagHBA_PORT volatile*)
                0x00000000c001caaa                SATABus::stopCmd(SATABus::tagHBA_PORT volatile*)
                0x00000000c001cad4                SATABus::portRebase(SATABus::tagHBA_PORT volatile*, int)
                0x00000000c001cbe4                SATABus::probePort(SATABus::tagHBA_MEM volatile*)
                0x00000000c001cc8e                SATABus::open(int, int, void*)
 .text          0x00000000c001ccae      0x93f hw/diskphys/ata.32
                0x00000000c001ccae                ATA::close(int, int, void*)
                0x00000000c001ccd2                ATA::powerSaving(PowerSavingLevel)
                0x00000000c001ccd4                ATA::ATA()
                0x00000000c001ccd4                ATA::ATA()
                0x00000000c001cd02                ATA::flush(bool)
                0x00000000c001cd50                ATA::readyForCommand()
                0x00000000c001cd9c                ATA::access(unsigned long long, int, void*, bool)
                0x00000000c001d132                ATA::detectCHS()
                0x00000000c001d15c                ATA::open(int, int, void*)
                0x00000000c001d228                combineCharAndColour(char, unsigned char)
                0x00000000c001d239                combineColours(unsigned char, unsigned char)
                0x00000000c001d246                ATA::read(unsigned long long, int, void*)
                0x00000000c001d41c                ATA::write(unsigned long long, int, void*)
 *fill*         0x00000000c001d5ed        0x1 
 .text          0x00000000c001d5ee      0x618 hw/diskphys/atapi.32
                0x00000000c001d5ee                ATAPI::write(unsigned long long, int, void*)
                0x00000000c001d5f4                ATAPI::close(int, int, void*)
                0x00000000c001d618                ATAPI::ATAPI()
                0x00000000c001d618                ATAPI::ATAPI()
                0x00000000c001d646                ATAPI::readyForCommand()
                0x00000000c001d698                ATAPI::sendPacket(unsigned char*, int, bool, unsigned short*, int)
                0x00000000c001d960                ATAPI::diskRemoved()
                0x00000000c001d99a                ATAPI::eject()
                0x00000000c001d9e2                ATAPI::diskInserted()
                0x00000000c001d9ee                ATAPI::detectMedia()
                0x00000000c001daac                ATAPI::open(int, int, void*)
                0x00000000c001db8c                ATAPI::read(unsigned long long, int, void*)
 .text          0x00000000c001dc06      0x807 hw/diskphys/sata.32
                0x00000000c001dc06                SATA::close(int, int, void*)
                0x00000000c001dc2a                SATA::powerSaving(PowerSavingLevel)
                0x00000000c001dc2c                SATA::open(int, int, void*)
                0x00000000c001dcd6                SATA::SATA()
                0x00000000c001dcd6                SATA::SATA()
                0x00000000c001dd04                SATA::access(unsigned long long, int, void*, bool)
                0x00000000c001df58                SATA::read(unsigned long long, int, void*)
                0x00000000c001e1a8                SATA::write(unsigned long long, int, void*)
 *fill*         0x00000000c001e40d        0x1 
 .text          0x00000000c001e40e      0x5d0 hw/diskphys/satapi.32
                0x00000000c001e40e                SATAPI::write(unsigned long long, int, void*)
                0x00000000c001e414                SATAPI::close(int, int, void*)
                0x00000000c001e438                SATAPI::SATAPI()
                0x00000000c001e438                SATAPI::SATAPI()
                0x00000000c001e466                SATAPI::diskRemoved()
                0x00000000c001e468                SATAPI::diskInserted()
                0x00000000c001e484                SATAPI::sendPacket(unsigned char*, int, unsigned long long, unsigned short*, int)
                0x00000000c001e762                SATAPI::eject()
                0x00000000c001e79e                SATAPI::detectMedia()
                0x00000000c001e7f4                SATAPI::open(int, int, void*)
                0x00000000c001e8f4                SATAPI::read(unsigned long long, int, void*)
 .text          0x00000000c001e9de      0x45b hw/intctrl/apic.32
                0x00000000c001e9de                IOAPIC::close(int, int, void*)
                0x00000000c001e9e4                apicGetBase()
                0x00000000c001ea2a                IOAPIC::IOAPIC()
                0x00000000c001ea2a                IOAPIC::IOAPIC()
                0x00000000c001ea52                apicOpen()
                0x00000000c001ebce                IOAPIC::handlesGSIWithNumber(unsigned int)
                0x00000000c001ec00                IOAPIC::read(int)
                0x00000000c001ec28                IOAPIC::open(int, int, void*)
                0x00000000c001ed0e                IOAPIC::write(int, int)
                0x00000000c001ed3a                IOAPIC::redirect(unsigned char, unsigned long long, unsigned char, bool, bool)
 *fill*         0x00000000c001ee39        0x3 
 .text          0x00000000c001ee3c       0xf0 hw/timer/apictimer.32
                0x00000000c001ee3c                APICTimer::close(int, int, void*)
                0x00000000c001ee44                apicTimerHandler(regs*, void*)
                0x00000000c001ee6c                APICTimer::open(int, int, void*)
                0x00000000c001eedc                APICTimer::write(int)
                0x00000000c001ef04                APICTimer::APICTimer()
                0x00000000c001ef04                APICTimer::APICTimer()
 .text          0x00000000c001ef2c      0x1ad hw/timer/pit.32
                0x00000000c001ef2c                PIT::write(int)
                0x00000000c001efb0                pitHandler(regs*, void*)
                0x00000000c001efd8                PIT::open(int, int, void*)
                0x00000000c001f028                PIT::close(int, int, void*)
                0x00000000c001f058                PIT::PIT()
                0x00000000c001f058                PIT::PIT()
 *fill*         0x00000000c001f0d9        0x7 
 .text          0x00000000c001f0e0       0x83 arch/i386/avx.32
                0x00000000c001f0e0                avxDetect
                0x00000000c001f10a                avxSave
                0x00000000c001f11b                avxLoad
                0x00000000c001f12c                avxInit
                0x00000000c001f14e                avxClose
                0x00000000c001f14f                wouldSheSayYes
 *fill*         0x00000000c001f163        0xd 
 .text          0x00000000c001f170      0x2ec arch/i386/interrupt.32
                0x00000000c001f170                isr0
                0x00000000c001f180                isr1
                0x00000000c001f18a                isr2
                0x00000000c001f194                isr3
                0x00000000c001f19e                isr4
                0x00000000c001f1a8                isr5
                0x00000000c001f1b2                isr6
                0x00000000c001f1bc                isr7
                0x00000000c001f1c6                isr8
                0x00000000c001f1ce                isr9
                0x00000000c001f1d8                isr10
                0x00000000c001f1e0                isr11
                0x00000000c001f1e8                isr12
                0x00000000c001f1f0                isr13
                0x00000000c001f20a                isr14
                0x00000000c001f212                isr15
                0x00000000c001f21c                isr16
                0x00000000c001f226                isr17
                0x00000000c001f230                isr18
                0x00000000c001f23a                irq3
                0x00000000c001f244                irq4
                0x00000000c001f24e                irq5
                0x00000000c001f258                irq6
                0x00000000c001f262                irq7
                0x00000000c001f26c                irq8
                0x00000000c001f276                irq9
                0x00000000c001f280                irq10
                0x00000000c001f28a                irq11
                0x00000000c001f294                irq12
                0x00000000c001f29e                irq13
                0x00000000c001f2a8                irq14
                0x00000000c001f2b2                irq15
                0x00000000c001f2bc                irq1