Archive member included to satisfy reference by file (symbol)

/cygdrive/d/Users/Alex/Desktop/Toolchain/Output/bin/../lib/gcc/i386-banana/8.1.0/libkgcc.a(_divdi3.o)
                              fs/fat/ff.32 (__divdi3)
/cygdrive/d/Users/Alex/Desktop/Toolchain/Output/bin/../lib/gcc/i386-banana/8.1.0/libkgcc.a(_moddi3.o)
                              compat/resolve.32 (__moddi3)
/cygdrive/d/Users/Alex/Desktop/Toolchain/Output/bin/../lib/gcc/i386-banana/8.1.0/libkgcc.a(_udivdi3.o)
                              fs/fat/ff.32 (__udivdi3)
/cygdrive/d/Users/Alex/Desktop/Toolchain/Output/bin/../lib/gcc/i386-banana/8.1.0/libkgcc.a(_umoddi3.o)
                              compat/resolve.32 (__umoddi3)
D:/Users/Alex/Desktop/Banana/kernel/libsoftfp.a(sfieeelib.o)
                              hal/libresample/src_linear.32 (__subsf3)
D:/Users/Alex/Desktop/Banana/kernel/libsoftfp.a(dfieeelib.o)
                              hal/libresample/src_linear.32 (__adddf3)
D:/Users/Alex/Desktop/Banana/kernel/libsoftfp.a(sfdfcvt.o)
                              hal/libresample/samplerate.32 (__truncdfsf2)
D:/Users/Alex/Desktop/Banana/kernel/libk/libm32.a(s_fabs.c.o)
                              hal/libresample/samplerate.32 (fabs)
D:/Users/Alex/Desktop/Banana/kernel/libk/libm32.a(s_lrint.S.o)
                              hal/libresample/samplerate.32 (lrint)
D:/Users/Alex/Desktop/Banana/kernel/libk/libm32.a(s_lrintf.S.o)
                              hal/sound/sndhw.32 (lrintf)

Discarded input sections

 .comment       0x0000000000000000       0x12 /cygdrive/d/Users/Alex/Desktop/Toolchain/Output/bin/../lib/gcc/i386-banana/8.1.0/crtbegin.o
 .comment       0x0000000000000000       0x12 acpica/utclib.32
 .comment       0x0000000000000000       0x12 core/malloc.32
 .comment       0x0000000000000000       0x12 libk/string.32
 .comment       0x0000000000000000       0x12 fs/fat/diskio.32
 .comment       0x0000000000000000       0x12 fs/fat/ff.32
 .comment       0x0000000000000000       0x12 fs/fat/ffsystem.32
 .comment       0x0000000000000000       0x12 fs/fat/ffunicode.32
 .comment       0x0000000000000000       0x12 hal/libresample/samplerate.32
 .comment       0x0000000000000000       0x12 hal/libresample/src_linear.32
 .comment       0x0000000000000000       0x12 hal/libresample/src_sinc.32
 .comment       0x0000000000000000       0x12 hal/libresample/src_zoh.32
 .comment       0x0000000000000000       0x12 compat/inlines.32
 .comment       0x0000000000000000       0x12 compat/resolve.32
 .group         0x0000000000000000       0x14 core/computer.32
 .group         0x0000000000000000        0xc core/computer.32
 .comment       0x0000000000000000       0x12 core/computer.32
 .comment       0x0000000000000000       0x12 core/gdt.32
 .group         0x0000000000000000        0xc core/idle.32
 .comment       0x0000000000000000       0x12 core/idle.32
 .comment       0x0000000000000000       0x12 core/idt.32
 .comment       0x0000000000000000       0x12 core/kheap.32
 .comment       0x0000000000000000       0x12 core/main.32
 .comment       0x0000000000000000       0x12 core/physmgr.32
 .group         0x0000000000000000        0xc core/pipe.32
 .comment       0x0000000000000000       0x12 core/pipe.32
 .group         0x0000000000000000        0xc core/terminal.32
 .comment       0x0000000000000000       0x12 core/terminal.32
 .comment       0x0000000000000000       0x12 core/tss.32
 .group         0x0000000000000000        0x8 core/unixfile.32
 .group         0x0000000000000000        0xc core/unixfile.32
 .group         0x0000000000000000        0xc core/unixfile.32
 .group         0x0000000000000000        0x8 core/unixfile.32
 .group         0x0000000000000000        0xc core/unixfile.32
 .group         0x0000000000000000        0x8 core/unixfile.32
 .group         0x0000000000000000        0xc core/unixfile.32
 .group         0x0000000000000000        0xc core/unixfile.32
 .comment       0x0000000000000000       0x12 core/unixfile.32
 .comment       0x0000000000000000       0x12 core/virtmgr.32
 .comment       0x0000000000000000       0x12 coreobjs/c++.32
 .comment       0x0000000000000000       0x12 dbg/kconsole.32
 .group         0x0000000000000000        0xc fs/vfs.32
 .group         0x0000000000000000        0xc fs/vfs.32
 .group         0x0000000000000000        0xc fs/vfs.32
 .comment       0x0000000000000000       0x12 fs/vfs.32
 .group         0x0000000000000000        0xc hal/bus.32
 .comment       0x0000000000000000       0x12 hal/bus.32
 .group         0x0000000000000000        0xc hal/buzzer.32
 .comment       0x0000000000000000       0x12 hal/buzzer.32
 .group         0x0000000000000000        0xc hal/clock.32
 .comment       0x0000000000000000       0x12 hal/clock.32
 .group         0x0000000000000000       0x14 hal/device.32
 .group         0x0000000000000000        0xc hal/device.32
 .group         0x0000000000000000        0xc hal/device.32
 .group         0x0000000000000000        0xc hal/device.32
[...]
Memory Configuration

Name             Origin             Length             Attributes
*default*        0x0000000000000000 0xffffffffffffffff

Linker script and memory map

LOAD D:/Users/Alex/Desktop/Banana/kernel/boot.32
LOAD crti.32
LOAD /cygdrive/d/Users/Alex/Desktop/Toolchain/Output/bin/../lib/gcc/i386-banana/8.1.0/crtbegin.o
LOAD D:/Users/Alex/Desktop/Banana/kernel/morenasm.32
LOAD acpica/utclib.32
LOAD core/malloc.32
LOAD libk/string.32
LOAD fs/fat/diskio.32
LOAD fs/fat/ff.32
LOAD fs/fat/ffsystem.32
LOAD fs/fat/ffunicode.32
LOAD hal/libresample/samplerate.32
LOAD hal/libresample/src_linear.32
LOAD hal/libresample/src_sinc.32
LOAD hal/libresample/src_zoh.32
LOAD compat/inlines.32
LOAD compat/resolve.32
LOAD core/computer.32
LOAD core/gdt.32
LOAD core/idle.32
LOAD core/idt.32
LOAD core/kheap.32
LOAD core/main.32
LOAD core/physmgr.32
LOAD core/pipe.32
LOAD core/terminal.32
LOAD core/tss.32
LOAD core/unixfile.32
LOAD core/virtmgr.32
LOAD coreobjs/c++.32
LOAD dbg/kconsole.32
LOAD fs/vfs.32
LOAD hal/bus.32
LOAD hal/buzzer.32
LOAD hal/clock.32
LOAD hal/device.32
LOAD hal/diskctrl.32
LOAD hal/diskphys.32
LOAD hal/fpu.32
LOAD hal/intctrl.32
LOAD hal/keybrd.32
LOAD hal/logidisk.32
LOAD hal/mouse.32
LOAD hal/partition.32
LOAD hal/serial.32
LOAD hal/timer.32
LOAD hal/vcache.32
LOAD hal/video.32
LOAD hw/acpi.32
LOAD hw/cpu.32
LOAD hw/ports.32
LOAD hw/smp.32
LOAD krnl/env.32
LOAD krnl/panic.32
LOAD net/ethernet.32
LOAD reg/registry.32
LOAD sys/sc_eject.32
LOAD sys/sc_exit.32
LOAD sys/sc_getcwd.32
LOAD sys/sc_getpid.32
LOAD sys/sc_getramdata.32
LOAD sys/sc_getvgaptr.32
LOAD sys/sc_loaddll.32
LOAD sys/sc_read.32
LOAD sys/sc_sbrk.32
LOAD sys/sc_setcwd.32
LOAD sys/sc_settime.32
LOAD sys/sc_timezone.32
LOAD sys/sc_write.32
LOAD sys/sc_wsbe.32
LOAD sys/sc_yield.32
LOAD sys/syscalls.32
LOAD thr/elf.32
LOAD thr/prcssthr.32
LOAD vm86/vm8086.32
LOAD vm86/x87em.32
LOAD fs/fat/vfslink.32
LOAD fs/iso9660/vfslink.32
LOAD hal/sound/sndchannel.32
LOAD hal/sound/sndhw.32
LOAD hw/bus/isa.32
LOAD hw/bus/pci.32
LOAD hw/diskctrl/ide.32
LOAD hw/diskctrl/satabus.32
LOAD hw/diskphys/ata.32
LOAD hw/diskphys/atapi.32
LOAD hw/diskphys/sata.32
LOAD hw/diskphys/satapi.32
LOAD hw/fpu/avx.32
LOAD hw/fpu/mmx.32
LOAD hw/fpu/sse.32
LOAD hw/fpu/x87.32
LOAD hw/intctrl/apic.32
LOAD hw/intctrl/pic.32
LOAD hw/timer/apictimer.32
LOAD hw/timer/pit.32
LOAD hw/fpu/x86/avx.32
LOAD hw/fpu/x86/sse.32
LOAD hw/fpu/x86/x87.32
LOAD /cygdrive/d/Users/Alex/Desktop/Toolchain/Output/bin/../lib/gcc/i386-banana/8.1.0/crtend.o
LOAD crtn.32
LOAD /cygdrive/d/Users/Alex/Desktop/Toolchain/Output/bin/../lib/gcc/i386-banana/8.1.0/libkgcc.a
LOAD D:/Users/Alex/Desktop/Banana/kernel/libsoftfp.a
LOAD D:/Users/Alex/Desktop/Banana/kernel/libk/libm32.a
                0x00000000c0000000                . = 0xc0000000

.text           0x00000000c0000000    0x290d8
 *(.text)
 .text          0x00000000c0000000       0x41 D:/Users/Alex/Desktop/Banana/kernel/boot.32
                0x00000000c0000020                callGlobalConstructors
 .text          0x00000000c0000041        0x0 crti.32
 *fill*         0x00000000c0000041        0x3 
 .text          0x00000000c0000044      0x101 /cygdrive/d/Users/Alex/Desktop/Toolchain/Output/bin/../lib/gcc/i386-banana/8.1.0/crtbegin.o
 *fill*         0x00000000c0000145        0xb 
 .text          0x00000000c0000150      0x4fb D:/Users/Alex/Desktop/Banana/kernel/morenasm.32
                0x00000000c0000150                manualPCIProbe
                0x00000000c000019b                prepareTramp
                0x00000000c00001b4                voodooXADD
                0x00000000c000027f                doTPAUSE
                0x00000000c0000289                hasLegacyFPU
                0x00000000c00002ae                is486
                0x00000000c00002e4                detectCPUID
                0x00000000c00002fa                goToVM86
                0x00000000c000032a                goToUsermode
                0x00000000c0000354                switchToThreadASMFirstTime
                0x00000000c0000362                switchToThreadASM
                0x00000000c00003f2                asmQuickAcquireLock
                0x00000000c0000410                asmQuickReleaseLock
                0x00000000c000041c                asmAcquireLock
                0x00000000c000043d                asmReleaseLock
                0x00000000c0000450                loadGDT
                0x00000000c0000470                isr0
                0x00000000c0000480                isr1
                0x00000000c000048a                isr2
                0x00000000c0000494                isr3
                0x00000000c000049e                isr4
                0x00000000c00004a8                isr5
                0x00000000c00004b2                isr6
                0x00000000c00004bc                isr7
                0x00000000c00004c6                isr8
                0x00000000c00004ce                isr9
                0x00000000c00004d8                isr10
                0x00000000c00004e0                isr11
                0x00000000c00004e8                isr12
                0x00000000c00004f0                isr13
                0x00000000c00004f8                isr14
                0x00000000c0000500                isr15
                0x00000000c000050a                isr16
                0x00000000c0000514                isr17
                0x00000000c000051e                isr18
                0x00000000c0000528                irq3
                0x00000000c0000532                irq4
                0x00000000c000053c                irq5
                0x00000000c0000546                irq6
                0x00000000c0000550                irq7
                0x00000000c000055a                irq8
                0x00000000c0000564                irq9
                0x00000000c000056e                irq10
                0x00000000c0000578                irq11
                0x00000000c0000582                irq12
                0x00000000c000058c                irq13
                0x00000000c0000596                irq14
                0x00000000c00005a0                irq15
                0x00000000c00005aa                irq1
                0x00000000c00005b1                irq2
                0x00000000c00005b8                isr96
                0x00000000c00005bf                irq0
                0x00000000c00005c4                syscall_common_stub
                0x00000000c00005c4                int_common_stub
                0x00000000c00005f6                irq16
                0x00000000c0000600                irq17
                0x00000000c000060a                irq18
                0x00000000c0000614                irq19
                0x00000000c000061e                irq20
                0x00000000c0000628                irq21
                0x00000000c0000632                irq22
                0x00000000c000063c                irq23
                0x00000000c0000646                memcpy
 *fill*         0x00000000c000064b        0x1 
 .text          0x00000000c000064c      0x5dd acpica/utclib.32
                0x00000000c000064c                memcmp
                0x00000000c0000688                memmove
                0x00000000c0000750                memset
                0x00000000c000076c                strlen
                0x00000000c0000784                strpbrk
                0x00000000c00007c0                strtok
                0x00000000c000080c                strcpy
                0x00000000c0000830                strncpy
                0x00000000c0000898                strcmp
                0x00000000c00008d8                strchr
                0x00000000c00008fc                strncmp
                0x00000000c000094c                strcat
                0x00000000c000097c                strncat
                0x00000000c00009b8                strstr
                0x00000000c0000a00                toupper
                0x00000000c0000a14                tolower
                0x00000000c0000a28                simple_strtoul
 .text          0x00000000c0000c29      0xfad core/malloc.32
                0x00000000c0000d94                dlfree
                0x00000000c00010ef                dlmalloc
                0x00000000c000162c                dlrealloc
                0x00000000c00017cf                dlmemalign
                0x00000000c00018f2                dlcalloc
                0x00000000c000198c                dlcfree
                0x00000000c0001991                dlindependent_calloc
                0x00000000c00019b6                dlindependent_comalloc
                0x00000000c00019cd                dlvalloc
                0x00000000c00019f8                dlpvalloc
                0x00000000c0001a2e                dlmalloc_trim
                0x00000000c0001a3b                dlmalloc_usable_size
                0x00000000c0001a6c                dlmallinfo
                0x00000000c0001b3b                dlmalloc_stats
                0x00000000c0001b4c                dlmallopt
 .text          0x00000000c0001bd6        0x0 libk/string.32
 .text          0x00000000c0001bd6       0x51 fs/fat/diskio.32
                0x00000000c0001bd6                disk_status
                0x00000000c0001bd9                disk_initialize
                0x00000000c0001bdc                disk_read
                0x00000000c0001bf2                disk_write
                0x00000000c0001c08                disk_ioctl
 .text          0x00000000c0001c27     0x6833 fs/fat/ff.32
                0x00000000c0004ef5                f_mount
                0x00000000c0004f57                f_open
                0x00000000c0005393                f_read
                0x00000000c0005613                f_write
                0x00000000c00058cd                f_sync
                0x00000000c0005aa9                f_close
                0x00000000c0005ad8                f_lseek
                0x00000000c0005f8f                f_opendir
                0x00000000c0006091                f_closedir
                0x00000000c00060b3                f_readdir
                0x00000000c000614e                f_stat
                0x00000000c00061dd                f_getfree
                0x00000000c00063a8                f_truncate
                0x00000000c00064a0                f_unlink
                0x00000000c0006623                f_mkdir
                0x00000000c000684f                f_rename
                0x00000000c0006b42                f_chmod
                0x00000000c0006c20                f_utime
                0x00000000c0006cfe                f_getlabel
                0x00000000c0006eec                f_setlabel
                0x00000000c0007159                f_forward
                0x00000000c0007337                f_mkfs
 .text          0x00000000c000845a       0x2d fs/fat/ffsystem.32
                0x00000000c000845a                ff_memalloc
                0x00000000c0008470                ff_memfree
 .text          0x00000000c0008487      0x253 fs/fat/ffunicode.32
                0x00000000c0008487                ff_uni2oem
                0x00000000c0008517                ff_oem2uni
                0x00000000c0008583                ff_wtoupper
 .text          0x00000000c00086da      0x8fb hal/libresample/samplerate.32
                0x00000000c000871e                src_delete
                0x00000000c000875a                src_process
                0x00000000c0008910                src_callback_read
                0x00000000c0008a8d                src_set_ratio
                0x00000000c0008af7                src_get_channels
                0x00000000c0008b19                src_reset
                0x00000000c0008b65                src_new
                0x00000000c0008bf3                src_callback_new
                0x00000000c0008c55                src_get_name
                0x00000000c0008c8c                src_get_description
                0x00000000c0008cc3                src_get_version
                0x00000000c0008cc9                src_is_valid_ratio
                0x00000000c0008d1d                src_error
                0x00000000c0008d2b                src_strerror
                0x00000000c0008d3e                src_simple
                0x00000000c0008d91                src_short_to_float_array
                0x00000000c0008df6                src_float_to_short_array
                0x00000000c0008eb5                src_int_to_float_array
                0x00000000c0008f18                src_float_to_int_array
 .text          0x00000000c0008fd5      0x8cb hal/libresample/src_linear.32
                0x00000000c00097fb                linear_get_name
                0x00000000c000980a                linear_get_description
                0x00000000c0009819                linear_set_converter
 .text          0x00000000c00098a0     0x447c hal/libresample/src_sinc.32
                0x00000000c000dc33                sinc_get_name
                0x00000000c000dc46                sinc_get_description
                0x00000000c000dc59                sinc_set_converter
 .text          0x00000000c000dd1c      0x77c hal/libresample/src_zoh.32
                0x00000000c000e3f3                zoh_get_name
                0x00000000c000e402                zoh_get_description
                0x00000000c000e411                zoh_set_converter
 .text          0x00000000c000e498       0xa7 compat/inlines.32
                0x00000000c000e498                CPU::current()
                0x00000000c000e4a4                operator new(unsigned long)
                0x00000000c000e4a9                operator delete(void*)
                0x00000000c000e4ae                disableIRQs()
                0x00000000c000e4b6                enableIRQs()
                0x00000000c000e4c5                lockScheduler()
                0x00000000c000e4cd                unlockScheduler()
                0x00000000c000e4dc                lockStuff()
                0x00000000c000e4ea                unlockStuff()
                0x00000000c000e524                Virt::getAKernelVAS()
                0x00000000c000e52a                __not_memcpy
 .text          0x00000000c000e53f      0x111 compat/resolve.32
                0x00000000c000e53f                Krnl::resolveCompatibilitySymbol(char*)
 .text          0x00000000c000e650      0xa8d core/computer.32
                0x00000000c000e650                Computer::close(int, int, void*)
                0x00000000c000e694                Krnl::firstTask()
                0x00000000c000e7d6                Computer::Computer()
                0x00000000c000e7d6                Computer::Computer()
                0x00000000c000e932                Computer::setBootMessage(char const*)
                0x00000000c000e934                Computer::detectFeatures()
                0x00000000c000eb3e                Computer::displayFeatures()
                0x00000000c000ee84                Computer::rdmsr(unsigned int)
                0x00000000c000eeb0                Computer::wrmsr(unsigned int, unsigned long long)
                0x00000000c000eee8                Computer::nmiEnabled()
                0x00000000c000eef4                Computer::readCMOS(unsigned char)
                0x00000000c000ef0e                Computer::enableNMI(bool)
                0x00000000c000ef26                Computer::open(int, int, void*)
                0x00000000c000f020                Computer::disableNMI()
                0x00000000c000f02e                Computer::writeCMOS(unsigned char, unsigned char)
                0x00000000c000f04c                Computer::handleNMI()
                0x00000000c000f0b2                Computer::setDiskActivityLight(int, bool)
 *fill*         0x00000000c000f0dd        0x1 
 .text          0x00000000c000f0de      0x1b7 core/gdt.32
                0x00000000c000f0de                GDTEntry::setBase(unsigned int)
                0x00000000c000f0fa                GDTEntry::setLimit(unsigned int)
                0x00000000c000f118                GDT::GDT()
                0x00000000c000f118                GDT::GDT()
                0x00000000c000f12e                GDT::addEntry(GDTEntry)
                0x00000000c000f16a                GDT::getNumberOfEntries()
                0x00000000c000f172                GDT::flush()
                0x00000000c000f194                GDT::setup()
 .text          0x00000000c000f295       0x6b core/idle.32
                0x00000000c000f295                idleFunction(void*)
 .text          0x00000000c000f300      0x45e core/idt.32
                0x00000000c000f300                IDTEntry::IDTEntry(bool)
                0x00000000c000f300                IDTEntry::IDTEntry(bool)
                0x00000000c000f36e                IDTEntry::setOffset(unsigned int)
                0x00000000c000f382                IDT::IDT()
                0x00000000c000f382                IDT::IDT()
                0x00000000c000f384                IDT::getPointerToInvalidOpcodeEntryForF00F()
                0x00000000c000f38c                IDT::addEntry(IDTEntry, int)
                0x00000000c000f3a6                IDT::addEntry(int, void (*)(), bool)
                0x00000000c000f3de                IDT::flush()
                0x00000000c000f3f8                IDT::setup()
 .text          0x00000000c000f75e      0x1fe core/kheap.32
                0x00000000c000f75e                sbrk
                0x00000000c000f86b                mmap
                0x00000000c000f881                munmap
                0x00000000c000f897                liballoc_lock()
                0x00000000c000f8a4                liballoc_unlock()
                0x00000000c000f8b8                liballoc_alloc(int)
                0x00000000c000f8d3                liballoc_free(void*, int)
                0x00000000c000f8ee                realloc
                0x00000000c000f902                malloc
                0x00000000c000f912                free
                0x00000000c000f922                rfree
                0x00000000c000f932                calloc
 .text          0x00000000c000f95c      0x1b6 core/main.32
                0x00000000c000f95c                Krnl::setBootMessage(char const*)
                0x00000000c000f9c8                kernel_main
 .text          0x00000000c000fb12      0x50d core/physmgr.32
                0x00000000c000fb12                Phys::allocateDMA(unsigned long)
                0x00000000c000fbb5                Phys::freeDMA(unsigned long, unsigned long)
                0x00000000c000fbfd                Phys::setPageState(unsigned long, bool)
                0x00000000c000fc2f                Phys::getPageState(unsigned long)
                0x00000000c000fc4b                Phys::freePage(unsigned long)
                0x00000000c000fca6                Phys::allocatePage()
                0x00000000c000fd5b                Phys::allocateContiguousPages(int)
                0x00000000c000fdb7                Phys::allowSegmentToBeUsed(unsigned long, unsigned long)
                0x00000000c000fdef                Phys::physicalMemorySetup(unsigned int)
 *fill*         0x00000000c001001f        0x1 
 .text          0x00000000c0010020      0x273 core/pipe.32
                0x00000000c0010020                Pipe::isAtty()
                0x00000000c0010024                Pipe::~Pipe()
                0x00000000c0010024                Pipe::~Pipe()
                0x00000000c0010048                Pipe::~Pipe()
                0x00000000c0010070                Pipe::read(unsigned long long, void*, int*)
                0x00000000c001016c                Pipe::write(unsigned long long, void*, int*)
                0x00000000c001022c                Pipe::Pipe(int)
                0x00000000c001022c                Pipe::Pipe(int)
 *fill*         0x00000000c0010293        0x1 
 .text          0x00000000c0010294      0xc7b core/terminal.32
                0x00000000c0010294                VgaText::isAtty()
                0x00000000c0010298                VgaText::~VgaText()
                0x00000000c0010298                VgaText::~VgaText()
                0x00000000c00102bc                VgaText::~VgaText()
                0x00000000c00102e6                VgaText::read(unsigned long long, void*, int*)
                0x00000000c0010306                setTerminalScrollLock(bool)
                0x00000000c0010307                addToTerminalCycle(VgaText*)
                0x00000000c0010328                installVgaTextImplementation()
                0x00000000c001033d                scrollTerminalScrollLock(int)
                0x00000000c001033e                VgaText::updateTitle()
                0x00000000c001037c                VgaText::load()
                0x00000000c00103ca                VgaText::updateCursor()
                0x00000000c00103e0                VgaText::showCursor(bool)
                0x00000000c00103ec                VgaText::disableBlink(bool)
                0x00000000c0010420                VgaText::doANSI_SGR(int)
                0x00000000c0010494                VgaText::setDefaultBgColour(VgaColour)
                0x00000000c00104a4                VgaText::setDefaultFgColour(VgaColour)
                0x00000000c00104b4                VgaText::setDefaultColours(VgaColour, VgaColour)
                0x00000000c00104d4                VgaText::setTitleTextColour(VgaColour)
                0x00000000c00104e4                VgaText::setTitleColour(VgaColour)
                0x00000000c00104f4                VgaText::setTitle(char*)
                0x00000000c001051a                VgaText::combineColours(unsigned char, unsigned char)
                0x00000000c001052c                VgaText::scrollScreen()
                0x00000000c00105c0                VgaText::combineCharAndColour(char, unsigned char)
                0x00000000c00105d2                VgaText::writeCharacter(char, VgaColour, VgaColour, int, int)
                0x00000000c001062e                VgaText::getCursorX()
                0x00000000c0010636                VgaText::getCursorY()
                0x00000000c001063e                VgaText::setCursor(int, int)
                0x00000000c0010656                VgaText::setCursorX(int)
                0x00000000c001066e                VgaText::setCursorY(int)
                0x00000000c0010686                VgaText::incrementCursor(bool)
                0x00000000c00106da                VgaText::decrementCursor(bool)
                0x00000000c00106fc                VgaText::putchar(char, VgaColour, VgaColour)
                0x00000000c00107d4                VgaText::isShowingCursor()
                0x00000000c00107dc                VgaText::isBlinkDisabled()
                0x00000000c00107e8                VgaText::setCursorHeight(int)
                0x00000000c0010800                VgaText::getCursorHeight()
                0x00000000c0010808                setActiveTerminal(VgaText*)
                0x00000000c00108ae                doTerminalCycle()
                0x00000000c00108c8                VgaText::doUpdate()
                0x00000000c00108d6                VgaText::puts(char const*, VgaColour, VgaColour)
                0x00000000c0010a4e                VgaText::clearScreen()
                0x00000000c0010aa8                VgaText::putchar(char)
                0x00000000c0010b94                VgaText::putx(unsigned int)
                0x00000000c0010bda                VgaText::puts(char const*)
                0x00000000c0010c00                VgaText::VgaText(char const*)
                0x00000000c0010c00                VgaText::VgaText(char const*)
                0x00000000c0010dae                VgaText::receiveKey(unsigned char)
                0x00000000c0010e96                VgaText::write(unsigned long long, void*, int*)
                0x00000000c0010eea                newTerminal(char*)
 *fill*         0x00000000c0010f0f        0x1 
 .text          0x00000000c0010f10      0x1b3 core/tss.32
                0x00000000c0010f10                TSS::TSS()
                0x00000000c0010f10                TSS::TSS()
                0x00000000c0010f1e                TSS::setESP(unsigned long)
                0x00000000c0010f30                TSS::flush()
                0x00000000c0010f50                TSS::setup(unsigned long, unsigned long)
 *fill*         0x00000000c00110c3        0x1 
 .text          0x00000000c00110c4      0x4c2 core/unixfile.32
                0x00000000c00110c4                ReservedFilename::read(unsigned long long, void*, int*)
                0x00000000c001111a                ReservedFilename::isAtty()
                0x00000000c0011136                ReservedFilename::write(unsigned long long, void*, int*)
                0x00000000c0011194                UnixFile::getFileDescriptor()
                0x00000000c001119c                UnixFile::UnixFile(int)
                0x00000000c001119c                UnixFile::UnixFile(int)
                0x00000000c001134c                ReservedFilename::ReservedFilename(int)
                0x00000000c001134c                ReservedFilename::ReservedFilename(int)
                0x00000000c001137e                UnixFile::~UnixFile()
                0x00000000c001137e                UnixFile::~UnixFile()
                0x00000000c0011416                UnixFile::~UnixFile()
                0x00000000c001143e                ReservedFilename::~ReservedFilename()
                0x00000000c001143e                ReservedFilename::~ReservedFilename()
                0x00000000c0011462                ReservedFilename::~ReservedFilename()
                0x00000000c0011489                getFromFileDescriptor(int)
 .text          0x00000000c0011586     0x12f9 core/virtmgr.32
                0x00000000c0011586                Virt::setPageState(unsigned long, Virt::VirtPageState)
                0x00000000c00115bb                Virt::getPageState(unsigned long)
                0x00000000c00115df                Virt::allocateKernelVirtualPages(int)
                0x00000000c00116f0                Virt::freeSwapfilePage(unsigned long)
                0x00000000c001170e                Virt::swapIDToSector(unsigned long)
                0x00000000c0011720                Virt::allocateSwapfilePage()
                0x00000000c001179e                Virt::virtualMemorySetup()
                0x00000000c001181d                Virt::setupPageSwapping(int)
                0x00000000c00119ea                VAS::VAS()
                0x00000000c00119ea                VAS::VAS()
                0x00000000c0011a26                VAS::VAS(VAS*)
                0x00000000c0011a26                VAS::VAS(VAS*)
                0x00000000c0011a54                VAS::getForeignPageTableEntry(bool, unsigned long)
                0x00000000c0011a80                VAS::getPageTableEntry(unsigned long)
                0x00000000c0011a9f                Virt::freeKernelVirtualPages(unsigned long)
                0x00000000c0011bc2                VAS::freeAllocatedPages(unsigned long)
                0x00000000c0011be6                VAS::virtualToPhysical(unsigned long)
                0x00000000c0011bfe                VAS::reflagRange(unsigned long, int, int, int)
                0x00000000c0011c3e                VAS::setToWriteCombining(unsigned long, int)
                0x00000000c0011c70                VAS::mapOtherVASIn(bool, VAS*)
                0x00000000c0011c9a                VAS::~VAS()
                0x00000000c0011c9a                VAS::~VAS()
                0x00000000c0011e16                VAS::mapPage(unsigned long, unsigned long, int)
                0x00000000c0011f18                VAS::allocatePages(int, int)
                0x00000000c00120f0                VAS::setCPUSpecific(unsigned long)
                0x00000000c001210c                VAS::mapRange(unsigned long, unsigned long, int, int)
                0x00000000c00121d2                VAS::mapForeignPage(bool, VAS*, unsigned long, unsigned long, int)
                0x00000000c00122c0                VAS::VAS(bool)
                0x00000000c00122c0                VAS::VAS(bool)
                0x00000000c0012540                VAS::evict(unsigned long)
                0x00000000c0012602                VAS::tryLoadBackOffDisk(unsigned long)
                0x00000000c0012712                VAS::scanForEviction()
                0x00000000c00127c3                mapVASFirstTime
 .text          0x00000000c001287f       0x95 coreobjs/c++.32
                0x00000000c001287f                __cxa_atexit
                0x00000000c0012882                __cxa_finalize
                0x00000000c0012883                __stack_chk_fail
                0x00000000c00128ef                __cxa_pure_virtual
                0x00000000c0012900                operator new[](unsigned long)
                0x00000000c0012905                operator delete(void*, unsigned long)
                0x00000000c001290a                operator delete[](void*)
                0x00000000c001290f                operator delete[](void*, unsigned long)
 .text          0x00000000c0012914      0x1ef dbg/kconsole.32
                0x00000000c0012914                Dbg::stringifyxWithBase(unsigned int, char*, int)
                0x00000000c0012975                Dbg::logc(char)
                0x00000000c001298c                Dbg::logs(char*)
                0x00000000c00129a9                Dbg::logWriteInt(unsigned int)
                0x00000000c00129c6                Dbg::logWriteIntBase(unsigned int, int)
                0x00000000c00129e5                Dbg::kprintf(char const*, ...)
 *fill*         0x00000000c0012b03        0x1 
 .text          0x00000000c0012b04      0xb82 fs/vfs.32
                0x00000000c0012b04                File::read(unsigned long long, void*, int*)
                0x00000000c0012b5c                File::write(unsigned long long, void*, int*)
                0x00000000c0012bb4                Directory::read(unsigned long long, void*, int*)
                0x00000000c0012c0c                Directory::write(unsigned long long, void*, int*)
                0x00000000c0012c3a                File::isAtty()
                0x00000000c0012c3e                Directory::isAtty()
                0x00000000c0012c42                Filesystem::getlabel(LogicalDisk*, int, char*, unsigned int*)
                0x00000000c0012c48                Filesystem::setlabel(LogicalDisk*, int, char*)
                0x00000000c0012c4e                Filesystem::getFileFirstSector(char const*)
                0x00000000c0012c54                File::~File()
                0x00000000c0012c54                File::~File()
                0x00000000c0012c78                File::~File()
                0x00000000c0012ca2                Directory::~Directory()
                0x00000000c0012ca2                Directory::~Directory()
                0x00000000c0012cc6                Directory::~Directory()
                0x00000000c0012cf0                Filesystem::Filesystem()
                0x00000000c0012cf0                Filesystem::Filesystem()
                0x00000000c0012d14                Filesystem::~Filesystem()
                0x00000000c0012d14                Filesystem::~Filesystem()
                0x00000000c0012d22                Filesystem::~Filesystem()
                0x00000000c0012d46                Fs::getcwd(Process*, char*, int)
                0x00000000c0012d70                Fs::initVFS()
                0x00000000c0012d9a                Fs::standardiseFiles(char*, char const*, char const*)
                0x00000000c0012f44                File::File(char const*, Process*)
                0x00000000c0012f44                File::File(char const*, Process*)
                0x00000000c0012fa8                File::open(FileOpenMode)
                0x00000000c0013006                File::close()
                0x00000000c0013066                File::seek(unsigned long long)
                0x00000000c00130bc                File::tell(unsigned long long*)
                0x00000000c001310c                File::rewind()
                0x00000000c0013120                File::unlink()
                0x00000000c001316c                File::rename(char const*)
                0x00000000c00131ba                File::chfatattr(unsigned char, unsigned char)
                0x00000000c0013216                File::exists()
                0x00000000c0013254                File::stat(unsigned long long*, bool*)
                0x00000000c00132b5                Fs::setcwd(Process*, char*)
                0x00000000c00133f0                Directory::Directory(char const*, Process*)
                0x00000000c00133f0                Directory::Directory(char const*, Process*)
                0x00000000c0013454                Directory::open()
                0x00000000c00134b0                Directory::close()
                0x00000000c0013510                Directory::unlink()
                0x00000000c001355c                Directory::rename(char const*)
                0x00000000c00135aa                Directory::exists()
                0x00000000c00135e8                Directory::read(dirent*)
                0x00000000c0013634                Directory::create()
                0x00000000c0013680                Filesystem::chfatattr(char const*, unsigned char, unsigned char)
 .text          0x00000000c0013686       0x84 hal/bus.32
                0x00000000c0013686                Bus::Bus(char const*)
                0x00000000c0013686                Bus::Bus(char const*)
                0x00000000c00136bc                Bus::~Bus()
                0x00000000c00136bc                Bus::~Bus()
                0x00000000c00136e0                Bus::~Bus()
 .text          0x00000000c001370a      0x156 hal/buzzer.32
                0x00000000c001370a                Buzzer::Buzzer(char const*)
                0x00000000c001370a                Buzzer::Buzzer(char const*)
                0x00000000c001374e                Buzzer::~Buzzer()
                0x00000000c001374e                Buzzer::~Buzzer()
                0x00000000c0013772                Buzzer::~Buzzer()
                0x00000000c001379c                Buzzer::stop()
                0x00000000c00137af                beepThread(void*)
                0x00000000c00137f2                Buzzer::beep(int, int, bool)
 .text          0x00000000c0013860      0x467 hal/clock.32
                0x00000000c0013860                User::loadClockSettings(int)
                0x00000000c00138b2                Clock::Clock(char const*)
                0x00000000c00138b2                Clock::Clock(char const*)
                0x00000000c00138e8                Clock::~Clock()
                0x00000000c00138e8                Clock::~Clock()
                0x00000000c001390c                Clock::~Clock()
                0x00000000c0013936                Clock::timeInSecondsLocal()
                0x00000000c001397e                Clock::setTimeInSecondsLocal(unsigned long long)
                0x00000000c00139d7                datetimeToSeconds(datetime_t)
                0x00000000c0013afe                Clock::setTimeInDatetimeLocal(datetime_t)
                0x00000000c0013b5e                secondsToDatetime(unsigned long long)
                0x00000000c0013ca2                Clock::timeInDatetimeLocal()
 *fill*         0x00000000c0013cc7        0x1 
 .text          0x00000000c0013cc8      0x504 hal/device.32
                0x00000000c0013cc8                Device::hibernate()
                0x00000000c0013cca                Device::wake()
                0x00000000c0013ccc                Device::detect()
                0x00000000c0013cce                Device::disableLegacy()
                0x00000000c0013cd0                Device::powerSaving(PowerSavingLevel)
                0x00000000c0013cd2                DriverlessDevice::close(int, int, void*)
                0x00000000c0013cd6                DriverlessDevice::detect()
                0x00000000c0013cd8                DriverlessDevice::open(int, int, void*)
                0x00000000c0013cec                Device::~Device()
                0x00000000c0013cec                Device::~Device()
                0x00000000c0013cfa                Device::~Device()
                0x00000000c0013d22                Device::findAndLoadDriver()
                0x00000000c0013d30                Device::preOpenPCI(PCIDeviceInfo)
                0x00000000c0013d56                Device::preOpenACPI(void*, char*, char*)
                0x00000000c0013d96                Device::addIRQHandler(int, void (*)(regs*, void*), bool, void*)
                0x00000000c0013dd4                Device::getParent()
                0x00000000c0013de0                Device::removeIRQHandler(int, void (*)(regs*, void*), bool)
                0x00000000c0013e1e                Device::addChild(Device*)
                0x00000000c0013e62                Device::removeAllChildren()
                0x00000000c0013ea8                Device::hibernateAll()
                0x00000000c0013ed8                Device::wakeAll()
                0x00000000c0013f08                Device::detectAll()
                0x00000000c0013f38                Device::disableLegacyAll()
                0x00000000c0013f68                Device::loadDriversForAll()
                0x00000000c0013fa8                Device::closeAll()
                0x00000000c0013fde                Device::powerSavingAll(PowerSavingLevel)
                0x00000000c0014014                Device::setName(char const*)
                0x00000000c0014022                Device::Device(char const*)
                0x00000000c0014022                Device::Device(char const*)
                0x00000000c001411e                Device::getName()
                0x00000000c0014128                DriverlessDevice::DriverlessDevice(char const*)
                0x00000000c0014128                DriverlessDevice::DriverlessDevice(char const*)
                0x00000000c001415e                Device::addToLinkedList(LinkedList<Device>&, DeviceType)
                0x00000000c00141a2                getDevicesOfType(DeviceType)
 .text          0x00000000c00141cc       0x84 hal/diskctrl.32
                0x00000000c00141cc                HardDiskController::HardDiskController(char const*)
                0x00000000c00141cc                HardDiskController::HardDiskController(char const*)
                0x00000000c0014202                HardDiskController::~HardDiskController()
                0x00000000c0014202                HardDiskController::~HardDiskController()
                0x00000000c0014226                HardDiskController::~HardDiskController()
 .text          0x00000000c0014250       0xf2 hal/diskphys.32
                0x00000000c0014250                PhysicalDisk::eject()
                0x00000000c0014264                PhysicalDisk::PhysicalDisk(char const*, int)
                0x00000000c0014264                PhysicalDisk::PhysicalDisk(char const*, int)
                0x00000000c00142cc                PhysicalDisk::startCache()
                0x00000000c00142f4                PhysicalDisk::~PhysicalDisk()
                0x00000000c00142f4                PhysicalDisk::~PhysicalDisk()
                0x00000000c0014318                PhysicalDisk::~PhysicalDisk()
 .text          0x00000000c0014342      0x13b hal/fpu.32
                0x00000000c0014342                FPU::FPU(char const*)
                0x00000000c0014342                FPU::FPU(char const*)
                0x00000000c0014378                FPU::~FPU()
                0x00000000c0014378                FPU::~FPU()
                0x00000000c001439c                FPU::~FPU()
                0x00000000c00143c6                setupFPU()
 *fill*         0x00000000c001447d        0x1 
 .text          0x00000000c001447e     0x1413 hal/intctrl.32
                0x00000000c001447e                InterruptController::uninstallISRHandler(int, void (*)(regs*, void*))
                0x00000000c00144b6                InterruptController::installISRHandler(int, void (*)(regs*, void*), void*)
                0x00000000c0014508                doubleFault(regs*, void*)
                0x00000000c0014522                InterruptController::installIRQHandler(int, void (*)(regs*, void*), bool, void*)
                0x00000000c00145be                InterruptController::clearAllHandlers(int, bool)
                0x00000000c0014666                InterruptController::uninstallIRQHandler(int, void (*)(regs*, void*), bool)
                0x00000000c00146ed                nmiHandler(regs*, void*)
                0x00000000c00146fb                int_handler
                0x00000000c001479c                InterruptController::InterruptController(char const*)
                0x00000000c001479c                InterruptController::InterruptController(char const*)
                0x00000000c0014842                InterruptController::~InterruptController()
                0x00000000c0014842                InterruptController::~InterruptController()
                0x00000000c0014866                InterruptController::~InterruptController()
                0x00000000c0014890                displayDebugInfo(regs*)
                0x00000000c0014d1f                x87EmulHandler(regs*, void*)
                0x00000000c0014d92                gpFault(regs*, void*)
                0x00000000c0014dcb                pgFault(regs*, void*)
                0x00000000c0014de2                otherISRHandler(regs*, void*)
                0x00000000c0014e01                opcodeFault(regs*, void*)
                0x00000000c001541e                displayProgramFault(char const*)
                0x00000000c0015446                setupInterruptController()
                0x00000000c0015844                InterruptController::convertLegacyIRQNumber(int)
 *fill*         0x00000000c0015891        0x1 
 .text          0x00000000c0015892      0x794 hal/keybrd.32
                0x00000000c0015892                startGUI(void*)
                0x00000000c00158fe                startGUIVESA(void*)
                0x00000000c001596a                sendKeyToTerminal(unsigned char)
                0x00000000c0015a28                sendKeyboardToken(KeyboardToken)
                0x00000000c0015e65                clearInternalKeybuffer(VgaText*)
                0x00000000c0015e9a                readKeyboard(VgaText*, char*, unsigned long)
                0x00000000c0015f9c                Keyboard::Keyboard(char const*)
                0x00000000c0015f9c                Keyboard::Keyboard(char const*)
                0x00000000c0015fd8                Keyboard::~Keyboard()
                0x00000000c0015fd8                Keyboard::~Keyboard()
                0x00000000c0015ffc                Keyboard::~Keyboard()
 .text          0x00000000c0016026      0x414 hal/logidisk.32
                0x00000000c0016026                LogicalDisk::close(int, int, void*)
                0x00000000c001602a                LogicalDisk::~LogicalDisk()
                0x00000000c001602a                LogicalDisk::~LogicalDisk()
                0x00000000c001604e                LogicalDisk::~LogicalDisk()
                0x00000000c0016078                LogicalDisk::open(int, int, void*)
                0x00000000c001608c                LogicalDisk::absoluteToRelative(unsigned long long)
                0x00000000c00160c4                LogicalDisk::relativeToAbsolute(unsigned long long)
                0x00000000c001610a                LogicalDisk::LogicalDisk(char const*, PhysicalDisk*, unsigned long long, unsigned long long)
                0x00000000c001610a                LogicalDisk::LogicalDisk(char const*, PhysicalDisk*, unsigned long long, unsigned long long)
                0x00000000c00161c0                LogicalDisk::assignDriveLetter()
                0x00000000c0016276                LogicalDisk::mount()
                0x00000000c00162e8                LogicalDisk::unmount()
                0x00000000c00162f8                LogicalDisk::eject()
                0x00000000c001630c                LogicalDisk::unassignDriveLetter()
                0x00000000c0016362                LogicalDisk::read(unsigned long long, int, void*)
                0x00000000c00163ce                LogicalDisk::write(unsigned long long, int, void*)
 .text          0x00000000c001643a       0x84 hal/mouse.32
                0x00000000c001643a                Mouse::Mouse(char const*)
                0x00000000c001643a                Mouse::Mouse(char const*)
                0x00000000c0016470                Mouse::~Mouse()
                0x00000000c0016470                Mouse::~Mouse()
                0x00000000c0016494                Mouse::~Mouse()
 .text          0x00000000c00164be      0x359 hal/partition.32
                0x00000000c00164be                makePartition(PhysicalDisk*, unsigned long long, unsigned long long)
                0x00000000c0016586                createPartitionsForDisk(PhysicalDisk*)
 *fill*         0x00000000c0016817        0x1 
 .text          0x00000000c0016818       0x84 hal/serial.32
                0x00000000c0016818                Serial::Serial(char const*)
                0x00000000c0016818                Serial::Serial(char const*)
                0x00000000c001684e                Serial::~Serial()
                0x00000000c001684e                Serial::~Serial()
                0x00000000c0016872                Serial::~Serial()
 .text          0x00000000c001689c      0x2f3 hal/timer.32
                0x00000000c001689c                Timer::Timer(char const*)
                0x00000000c001689c                Timer::Timer(char const*)
                0x00000000c00168d2                Timer::~Timer()
                0x00000000c00168d2                Timer::~Timer()
                0x00000000c00168f6                Timer::~Timer()
                0x00000000c0016920                Timer::read()
                0x00000000c001692b                timerHandler(unsigned long long)
                0x00000000c0016a9d                setupTimer(int)
 *fill*         0x00000000c0016b8f        0x1 
 .text          0x00000000c0016b90      0x409 hal/vcache.32
                0x00000000c0016b90                VCache::VCache(PhysicalDisk*)
                0x00000000c0016b90                VCache::VCache(PhysicalDisk*)
                0x00000000c0016cf8                VCache::invalidateReadBuffer()
                0x00000000c0016d08                VCache::writeWriteBuffer()
                0x00000000c0016d44                VCache::~VCache()
                0x00000000c0016d44                VCache::~VCache()
                0x00000000c0016d98                VCache::~VCache()
                0x00000000c0016dc0                VCache::write(unsigned long long, int, void*)
                0x00000000c0016eaa                VCache::read(unsigned long long, int, void*)
 *fill*         0x00000000c0016f99        0x1 
 .text          0x00000000c0016f9a      0x4cd hal/video.32
                0x00000000c0016f9a                Video::putrect(int, int, int, int, unsigned int)
                0x00000000c0016fe6                Video::bitblit(int, int, int, int, int, int, int, unsigned int*)
                0x00000000c0017056                Video::blit(unsigned int*, int, int, int, int)
                0x00000000c00170d4                Video::clearScreen(unsigned int)
                0x00000000c0017108                Video::putpixel(int, int, unsigned int)
                0x00000000c0017116                Video::Video(char const*)
                0x00000000c0017116                Video::Video(char const*)
                0x00000000c001714c                Video::~Video()
                0x00000000c001714c                Video::~Video()
                0x00000000c0017170                Video::~Video()
                0x00000000c001719a                Video::isMonochrome()
                0x00000000c00171a6                Video::getWidth()
                0x00000000c00171b2                Video::getHeight()
                0x00000000c00171be                Video::drawCursor(int, int, unsigned char*, int)
                0x00000000c001727a                Video::tgaParse(unsigned char*, int, int*, int*)
                0x00000000c00173fc                Video::putTGA(int, int, unsigned char*, int)
 *fill*         0x00000000c0017467        0x1 
 .text          0x00000000c0017468     0x11e1 hw/acpi.32
                0x00000000c0017468                ACPI::close(int, int, void*)
                0x00000000c001751d                findRSDP()
                0x00000000c00175b7                loadACPITables(unsigned char*)
                0x00000000c001780e                findRSDT(unsigned char*)
                0x00000000c0017958                findDataTable(unsigned char*, char*)
                0x00000000c00179f4                scanMADT()
                0x00000000c0017e7a                ACPI::ACPI()
                0x00000000c0017e7a                ACPI::ACPI()
                0x00000000c0017ece                ACPI::getPCIIRQAssignment(unsigned char, unsigned short, unsigned char)
                0x00000000c0017fb0                ACPI::registerPCIIRQAssignment(void*, unsigned short, unsigned char, unsigned char)
                0x00000000c0018076                ACPI::setScreenBrightnessLevel(void*, int)
                0x00000000c001807c                ACPI::detectPCI()
                0x00000000c0018234                ACPI::writeSimpleBootFlag(SimpleBootFlagTable*)
                0x00000000c001827c                ACPI::sleep()
                0x00000000c0018294                ACPI::open(int, int, void*)
 *fill*         0x00000000c0018649        0x1 
 .text          0x00000000c001864a     0x1717 hw/cpu.32
                0x00000000c001864a                CPU::close(int, int, void*)
                0x00000000c001864e                CPU::lookupAMDName(unsigned char, unsigned char)
                0x00000000c00187e2                CPU::lookupIntelName(unsigned char, unsigned char)
                0x00000000c0018a90                CPU::AMD_K6_write_msr(unsigned int, unsigned int, unsigned int, CPU::REGS*)
                0x00000000c0018aac                CPU::AMD_K6_read_msr(unsigned int, CPU::REGS*)
                0x00000000c0018ac4                CPU::AMD_K6_writeback(int, int, int)
                0x00000000c0018b38                CPU::cpuid(int, unsigned long*, unsigned long*, unsigned long*, unsigned long*)
                0x00000000c0018bbc                CPU::cpuidCheckEDX(unsigned int)
                0x00000000c0018bea                CPU::cpuidCheckECX(unsigned int)
                0x00000000c0018c18                CPU::cpuidCheckExtendedEBX(unsigned int)
                0x00000000c0018c46                CPU::cpuidCheckExtendedECX(unsigned int)
                0x00000000c0018c74                CPU::CPU()
                0x00000000c0018c74                CPU::CPU()
                0x00000000c0018d02                CPU::displayFeatures()
                0x00000000c0018f7e                CPU::detectFeatures()
                0x00000000c0019970                CPU::setupSMEP()
                0x00000000c001997c                CPU::setupUMIP()
                0x00000000c0019986                CPU::setupTSC()
                0x00000000c0019990                CPU::setupLargePages()
                0x00000000c001999a                CPU::setupPAT()
                0x00000000c00199d6                CPU::setupMTRR()
                0x00000000c00199d8                CPU::setupGlobalPages()
                0x00000000c00199e2                CPU::allowUsermodeDataAccess()
                0x00000000c00199f4                CPU::prohibitUsermodeDataAccess()
                0x00000000c0019a06                CPU::setupSMAP()
                0x00000000c0019a14                CPU::setupFeatures()
                0x00000000c0019a94                CPU::open(int, int, void*)
                0x00000000c0019b66                CPU::decodeAddress(regs*, int*, bool*, unsigned char*)
 .text          0x00000000c0019d61        0x0 hw/ports.32
 .text          0x00000000c0019d61      0x16a hw/smp.32
                0x00000000c0019d61                Krnl::smpEntry()
                0x00000000c0019d63                Krnl::startCPU(int)
                0x00000000c0019eac                Krnl::startCPUs()
 *fill*         0x00000000c0019ecb        0x1 
 .text          0x00000000c0019ecc      0x5cd krnl/env.32
                0x00000000c0019ecc                EnvVarContainer::getEnv(char const*)
                0x00000000c0019f0a                EnvVarContainer::setEnv(char const*, char const*)
                0x00000000c0019fcc                EnvVarContainer::deleteEnv(char const*)
                0x00000000c0019fce                EnvVarContainer::loadFrom(char const*, char const*)
                0x00000000c001a1d0                EnvVarContainer::__loadSystem()
                0x00000000c001a1ea                EnvVarContainer::__loadUser()
                0x00000000c001a1ec                EnvVarContainer::EnvVarContainer(Process*)
                0x00000000c001a1ec                EnvVarContainer::EnvVarContainer(Process*)
                0x00000000c001a20e                EnvVarContainer::~EnvVarContainer()
                0x00000000c001a20e                EnvVarContainer::~EnvVarContainer()
                0x00000000c001a23e                Krnl::getEnv(Process*, char const*)
                0x00000000c001a2a3                Krnl::setEnvSystem(char const*, char const*)
                0x00000000c001a2bd                Krnl::setEnvUser(char const*, char const*)
                0x00000000c001a2dc                Krnl::setEnvProcess(Process*, char const*, char const*)
                0x00000000c001a2ef                Krnl::deleteEnvSystem(char const*)
                0x00000000c001a2f0                Krnl::deleteEnvUser(char const*)
                0x00000000c001a2f1                Krnl::deleteEnvProcess(Process*, char const*)
                0x00000000c001a2f2                Krnl::newProcessEnv(Process*)
                0x00000000c001a314                Krnl::copyProcessEnv(Process*, Process*)
                0x00000000c001a360                Krnl::loadSystemEnv()
                0x00000000c001a38e                Krnl::loadUserEnv()
                0x00000000c001a3b4                Krnl::flushEnv()
                0x00000000c001a3b5                Krnl::getProcessTotalEnvCount(Process*)
                0x00000000c001a3d5                Krnl::getProcessEnvPair(Process*, int)
 .text          0x00000000c001a499      0x39c krnl/panic.32
                0x00000000c001a499                Krnl::panic(char const*)
 .text          0x00000000c001a835      0x57f net/ethernet.32
                0x00000000c001a835                Net::switchEndian16(unsigned short)
                0x00000000c001a856                Net::switchEndian32(unsigned int)
                0x00000000c001a885                Net::crc32Calc(unsigned char*, int)
                0x00000000c001a916                Net::wrapEthernetFrame(Net::UnwrappedEthernetFrame, unsigned char*)
                0x00000000c001ab29                Net::unwrapEthernetFrame(unsigned char*, int)
 .text          0x00000000c001adb4      0x50e reg/registry.32
                0x00000000c001adb4                Reg::findLineFromLoadedData(char*, char*, char*)
                0x00000000c001af0c                Reg::getLineFromRegistry(char*, char*, char*, char*)
                0x00000000c001b061                Reg::getLine(char*, char*, char*)
                0x00000000c001b098                Reg::readInt(char*, char*, int*)
                0x00000000c001b183                Reg::readString(char*, char*, char*, int)
                0x00000000c001b204                Reg::readBool(char*, char*, bool*)
                0x00000000c001b229                Reg::readBoolWithDefault(char*, char*, bool)
                0x00000000c001b255                Reg::readIntWithDefault(char*, char*, int)
                0x00000000c001b281                Reg::readStringWithDefault(char*, char*, char*, int, char*)
 .text          0x00000000c001b2c2       0x36 sys/sc_eject.32
                0x00000000c001b2c2                Sys::eject(regs*)
 .text          0x00000000c001b2f8       0x18 sys/sc_exit.32
                0x00000000c001b2f8                Sys::exit(regs*)
 .text          0x00000000c001b310       0x1f sys/sc_getcwd.32
                0x00000000c001b310                Sys::getCwd(regs*)
 .text          0x00000000c001b32f        0xc sys/sc_getpid.32
                0x00000000c001b32f                Sys::getPID(regs*)
 .text          0x00000000c001b33b       0x17 sys/sc_getramdata.32
                0x00000000c001b33b                Sys::getRAMData(regs*)
 .text          0x00000000c001b352       0x84 sys/sc_getvgaptr.32
                0x00000000c001b352                Sys::getVGAPtr(regs*)
 .text          0x00000000c001b3d6       0xa8 sys/sc_loaddll.32
                0x00000000c001b3d6                Sys::loadDLL(regs*)
 .text          0x00000000c001b47e       0x68 sys/sc_read.32
                0x00000000c001b47e                Sys::read(regs*)
 .text          0x00000000c001b4e6       0x55 sys/sc_sbrk.32
                0x00000000c001b4e6                Sys::sbrk(regs*)
 .text          0x00000000c001b53b       0x1c sys/sc_setcwd.32
                0x00000000c001b53b                Sys::setCwd(regs*)
 .text          0x00000000c001b557      0x128 sys/sc_settime.32
                0x00000000c001b557                Sys::setTime(regs*)
 .text          0x00000000c001b67f       0x4a sys/sc_timezone.32
                0x00000000c001b67f                Sys::timezone(regs*)
 .text          0x00000000c001b6c9       0x68 sys/sc_write.32
                0x00000000c001b6c9                Sys::write(regs*)
 .text          0x00000000c001b731       0x62 sys/sc_wsbe.32
                0x00000000c001b731                Sys::wsbe(regs*)
 .text          0x00000000c001b793       0x46 sys/sc_yield.32
                0x00000000c001b793                Sys::yield(regs*)
 .text          0x00000000c001b7d9     0x1101 sys/syscalls.32
                0x00000000c001b7d9                sysCallSeekDir(regs*)
                0x00000000c001b7de                sysCallTellDir(regs*)
                0x00000000c001b7e3                sysCallVerify(regs*)
                0x00000000c001b7ed                sysFormatDisk(regs*)
                0x00000000c001b857                sysSetDiskVolumeLabel(regs*)
                0x00000000c001b89d                sysGetDiskVolumeLabel(regs*)
                0x00000000c001b8ee                sysShutdown(regs*)
                0x00000000c001b94c                sysCallRealpath(regs*)
                0x00000000c001b98f                sysCallGetArgc(regs*)
                0x00000000c001b9bd                sysCallReadDir(regs*)
                0x00000000c001ba4b                sysCallIsATTY(regs*)
                0x00000000c001baa5                sysCallSeek(regs*)
                0x00000000c001bb0e                sysCallTell(regs*)
                0x00000000c001bb8b                sysCallSize(regs*)
                0x00000000c001bc0e                sysCallSizeFromFilename(regs*)
                0x00000000c001bcce                sysCallClose(regs*)
                0x00000000c001bd56                sysCallOpenDir(regs*)
                0x00000000c001bdcb                sysCallCloseDir(regs*)
                0x00000000c001be31                sysCallMakeDir(regs*)
                0x00000000c001bea1                sysCallWait(regs*)
                0x00000000c001bebb                sysCallNotImpl(regs*)
                0x00000000c001bed6                sysPanic(regs*)
                0x00000000c001befc                sysCallRmdir(regs*)
                0x00000000c001bf60                sysCallUnlink(regs*)
                0x00000000c001bfc4                sysCallGetArgv(regs*)
                0x00000000c001c010                sysCallTTYName(regs*)
                0x00000000c001c093                sysCallUSleep(regs*)
                0x00000000c001c0ba                sysCallSpawn(regs*)
                0x00000000c001c12f                sysCallGetEnv(regs*)
                0x00000000c001c267                sysAppSettings(regs*)
                0x00000000c001c37b                sysSetFatAttrib(regs*)
                0x00000000c001c3ed                sysPipe(regs*)
                0x00000000c001c432                sysGetUnixTime(regs*)
                0x00000000c001c446                string_ends_with(char const*, char const*)
                0x00000000c001c48e                sysCallOpen(regs*)
                0x00000000c001c6a3                Sys::loadSyscalls()
                0x00000000c001c898                Sys::systemCall(regs*, void*)
 .text          0x00000000c001c8da     0x11fd thr/elf.32
                0x00000000c001c8da                Thr::allocateMemoryForTask(Process*, File*, unsigned long, unsigned long, unsigned long)
                0x00000000c001cb84                Thr::loadProgramIntoMemory(Process*, char const*)
                0x00000000c001cd9a                Thr::runtimeReferenceHelper()
                0x00000000c001cdad                Thr::getAddressOfKernelSymbol(char const*)
                0x00000000c001cdfc                Thr::loadKernelSymbolTable(char const*)
                0x00000000c001d0ba                Thr::loadDriverIntoMemory(char const*, unsigned long, bool)
                0x00000000c001d7f0                Thr::getDriverBaseFromAddress(unsigned long)
                0x00000000c001d822                Thr::getDriverNameFromAddress(unsigned long)
                0x00000000c001d859                Thr::getDriverOffsetFromAddress(unsigned long)
                0x00000000c001d873                Thr::loadDLL(char const*, bool)
                0x00000000c001da9e                Thr::executeDLL(unsigned long, void*)
 *fill*         0x00000000c001dad7        0x1 
 .text          0x00000000c001dad8     0x1315 thr/prcssthr.32
                0x00000000c001dad8                userModeEntryPoint(void*)
                0x00000000c001dafe                changeTSS
                0x00000000c001db2e                switchToThread(ThreadControlBlock*)
                0x00000000c001dbd8                Process::addArgs(char**)
                0x00000000c001dc32                Process::Process(char const*, Process*, char**)
                0x00000000c001dc32                Process::Process(char const*, Process*, char**)
                0x00000000c001de16                Process::Process(bool, char const*, Process*, char**)
                0x00000000c001de16                Process::Process(bool, char const*, Process*, char**)
                0x00000000c001dfc5                taskStartupFunction
                0x00000000c001dfce                Semaphore::Semaphore(int)
                0x00000000c001dfce                Semaphore::Semaphore(int)
                0x00000000c001dffc                Mutex::Mutex()
                0x00000000c001dffc                Mutex::Mutex()
                0x00000000c001e00e                Process::createThread(void (*)(void*), void*, int)
                0x00000000c001e114                Process::createUserThread()
                0x00000000c001e130                setupMultitasking(void (*)())
                0x00000000c001e252                schedule()
                0x00000000c001e2d8                Semaphore::tryAcquire()
                0x00000000c001e394                Semaphore::assertLocked(char const*)
                0x00000000c001e403                blockTaskWithSchedulerLockAlreadyHeld(TaskState)
                0x00000000c001e451                blockTask(TaskState)
                0x00000000c001e47e                waitTask(int, int*, int)
                0x00000000c001e4c0                nanoSleepUntil(unsigned long long)
                0x00000000c001e555                nanoSleep(unsigned long long)
                0x00000000c001e56d                sleep(unsigned long long)
                0x00000000c001e58a                Semaphore::acquire()
                0x00000000c001e62c                taskReturned
                0x00000000c001e667                Thr::processFromPID(int)
                0x00000000c001e716                unblockTask(ThreadControlBlock*)
                0x00000000c001e7c3                cleanupTerminatedTask(ThreadControlBlock*)
                0x00000000c001ea8c                cleanerTaskFunction(void*)
                0x00000000c001eb85                terminateTask(int)
                0x00000000c001ecb7                Thr::terminateFromIRQ(int)
                0x00000000c001ecc4                Semaphore::release()
 .text          0x00000000c001eded      0xada vm86/vm8086.32
                0x00000000c001eded                Vm::inbv(unsigned short)
                0x00000000c001ee00                Vm::outbv(unsigned short, unsigned char)
                0x00000000c001ee36                Vm::realToLinear(unsigned short, unsigned short)
                0x00000000c001ee46                Vm::getSegment(unsigned int)
                0x00000000c001ee4e                Vm::getOffset(unsigned int)
                0x00000000c001ee53                Vm::mainloop2()
                0x00000000c001ee8d                Vm::mainVm8086Loop(void*)
                0x00000000c001ee9d                Vm::mainloop3(unsigned long)
                0x00000000c001eec3                Vm::initialise8086()
                0x00000000c001ef06                Vm::finish8086()
                0x00000000c001ef67                Vm::getOutput8086(unsigned char*)
                0x00000000c001ef8c                Vm::start8086(char const*, unsigned short, unsigned short, unsigned short, unsigned short)
                0x00000000c001f0f4                Vm::doISR(regs*, int, unsigned char*, unsigned short, unsigned short)
                0x00000000c001f17e                Vm::readByteFromReal(unsigned short, unsigned short)
                0x00000000c001f18f                Vm::readWordFromReal(unsigned short, unsigned short)
                0x00000000c001f1a1                Vm::readDwordFromReal(unsigned short, unsigned short)
                0x00000000c001f1b2                Vm::writeByteFromReal(unsigned short, unsigned short, unsigned char)
                0x00000000c001f1c7                Vm::writeWordFromReal(unsigned short, unsigned short, unsigned short)
                0x00000000c001f1dd                Vm::writeDwordFromReal(unsigned short, unsigned short, unsigned int)
                0x00000000c001f1f2                Vm::faultHandler(regs*)
 .text          0x00000000c001f8c7      0xefd vm86/x87em.32
                0x00000000c001f8c7                Vm::fpuInternalTo32(unsigned long long)
                0x00000000c001f922                Vm::fpuInternalTo64(unsigned long long)
                0x00000000c001f92b                Vm::fpu32ToInternal(unsigned int)
                0x00000000c001f970                Vm::fpu64ToInternal(unsigned long long)
                0x00000000c001f979                Vm::fpuFloatToLong(unsigned long long)
                0x00000000c001f9d4                Vm::fpuULongToFloat(unsigned long long)
                0x00000000c001fa0a                Vm::fpuLongToFloat(long long)
                0x00000000c001fa60                Vm::fpuGet0()
                0x00000000c001fa65                Vm::fpuGet1()
                0x00000000c001fa6d                Vm::fpuGetPi()
                0x00000000c001fa75                Vm::fpuGetLog2E()
                0x00000000c001fa8d                Vm::fpuGetLogE2()
                0x00000000c001faa5                Vm::fpuGetLog210()
                0x00000000c001fabd                Vm::fpuGetLog102()
                0x00000000c001fad5                Vm::fpuIsSecondLarger(unsigned long long, unsigned long long)
                0x00000000c001fae9                Vm::fpuAreEqual(unsigned long long, unsigned long long)
                0x00000000c001faff                Vm::fpuUnorderedCompare(unsigned long long, unsigned long long)
                0x00000000c001fb52                Vm::fpuAdd(unsigned long long, unsigned long long)
                0x00000000c001fb63                Vm::fpuAbs(unsigned long long)
                0x00000000c001fb6c                Vm::fpuChs(unsigned long long)
                0x00000000c001fb7c                Vm::fpuSub(unsigned long long, unsigned long long)
                0x00000000c001fb8b                Vm::fpuMultiply(unsigned long long, unsigned long long)
                0x00000000c001fbaa                Vm::fpuDivide(unsigned long long, unsigned long long)
                0x00000000c001fbc6                Vm::fpuSquare(unsigned long long)
                0x00000000c001fbdc                Vm::fpuGetReg(int)
                0x00000000c001fc1f                Vm::fpuSetReg(int, unsigned long long)
                0x00000000c001fc6a                Vm::fpuPush(unsigned long long)
                0x00000000c001fcc7                Vm::fpuPop()
                0x00000000c001fd19                Vm::x87Handler(regs*)
 .text          0x00000000c00207c4     0x1203 fs/fat/vfslink.32
                0x00000000c00207c4                FAT::getName()
                0x00000000c00207ca                FAT::tell(void*, unsigned long long*)
                0x00000000c00207fe                FAT::stat(void*, unsigned long long*)
                0x00000000c0020832                FAT::~FAT()
                0x00000000c0020832                FAT::~FAT()
                0x00000000c0020856                FAT::~FAT()
                0x00000000c002087e                FAT::getlabel(LogicalDisk*, int, char*, unsigned int*)
                0x00000000c002091c                FAT::setlabel(LogicalDisk*, int, char*)
                0x00000000c00209d6                FAT::format(LogicalDisk*, int, char const*, int)
                0x00000000c0020bba                FAT::tryMount(LogicalDisk*, int)
                0x00000000c0020dc0                FAT::getFileFirstSector(char const*)
                0x00000000c0020e82                FAT::readDir(void*, unsigned long, void*, int*)
                0x00000000c0020fdc                FAT::read(void*, unsigned long, void*, int*)
                0x00000000c0021036                FAT::write(void*, unsigned long, void*, int*)
                0x00000000c0021090                FAT::close(void*)
                0x00000000c00210dc                FAT::closeDir(void*)
                0x00000000c0021128                FAT::seek(void*, unsigned long long)
                0x00000000c002117c                fatWrapperReadDisk
                0x00000000c00211c3                fatWrapperWriteDisk
                0x00000000c002120a                fatWrapperIoctl
                0x00000000c002130e                FAT::FAT()
                0x00000000c002130e                FAT::FAT()
                0x00000000c0021360                FAT::fixFilepath(char*)
                0x00000000c0021398                FAT::open(char const*, void**, FileOpenMode)
                0x00000000c00214c0                FAT::openDir(char const*, void**)
                0x00000000c0021566                FAT::stat(char const*, unsigned long long*, bool*)
                0x00000000c0021650                FAT::unlink(char const*)
                0x00000000c00216ca                FAT::chfatattr(char const*, unsigned char, unsigned char)
                0x00000000c002181e                FAT::rename(char const*, char const*)
                0x00000000c00218e2                FAT::mkdir(char const*)
                0x00000000c002195c                FAT::exists(char const*)
 *fill*         0x00000000c00219c7        0x1 
 .text          0x00000000c00219c8      0xba5 fs/iso9660/vfslink.32
                0x00000000c00219c8                ISO9660::format(LogicalDisk*, int, char const*, int)
                0x00000000c00219ce                ISO9660::seek(void*, unsigned long long)
                0x00000000c00219fe                ISO9660::tell(void*, unsigned long long*)
                0x00000000c0021a22                ISO9660::getName()
                0x00000000c0021a28                ISO9660::stat(void*, unsigned long long*)
                0x00000000c0021a4c                ISO9660::chfatattr(char const*, unsigned char, unsigned char)
                0x00000000c0021a52                ISO9660::unlink(char const*)
                0x00000000c0021a58                ISO9660::write(void*, unsigned long, void*, int*)
                0x00000000c0021a5e                ISO9660::rename(char const*, char const*)
                0x00000000c0021a64                ISO9660::mkdir(char const*)
                0x00000000c0021a6a                ISO9660::close(void*)
                0x00000000c0021a8c                ISO9660::closeDir(void*)
                0x00000000c0021aae                ISO9660::~ISO9660()
                0x00000000c0021aae                ISO9660::~ISO9660()
                0x00000000c0021ad2                ISO9660::~ISO9660()
                0x00000000c0021af9                __memmem(unsigned char*, int, unsigned char*, int)
                0x00000000c0021b3b                readSectorFromCDROM(unsigned int, unsigned char*, char)
                0x00000000c0021b96                ISO9660::tryMount(LogicalDisk*, int)
                0x00000000c0021be6                ISO9660::read(void*, unsigned long, void*, int*)
                0x00000000c0021dea                ISO9660::readDir(void*, unsigned long, void*, int*)
                0x00000000c0022064                readRoot(unsigned int*, unsigned int*, char)
                0x00000000c00220b8                readRecursively(char*, unsigned int, unsigned int, unsigned int*, unsigned int*, char, int*)
                0x00000000c002228b                getFileData(char*, unsigned int*, unsigned int*, char, int*)
                0x00000000c002231a                ISO9660::open(char const*, void**, FileOpenMode)
                0x00000000c00223da                ISO9660::exists(char const*)
                0x00000000c00223fe                ISO9660::stat(char const*, unsigned long long*, bool*)
                0x00000000c0022492                ISO9660::openDir(char const*, void**)
                0x00000000c002254a                ISO9660::ISO9660()
                0x00000000c002254a                ISO9660::ISO9660()
 *fill*         0x00000000c002256d        0x1 
 .text          0x00000000c002256e      0x3a6 hal/sound/sndchannel.32
                0x00000000c002256e                SoundChannel::SoundChannel(int, int, int, int)
                0x00000000c002256e                SoundChannel::SoundChannel(int, int, int, int)
                0x00000000c00226a8                SoundChannel::~SoundChannel()
                0x00000000c00226a8                SoundChannel::~SoundChannel()
                0x00000000c00226c4                SoundChannel::getSampleRate()
                0x00000000c00226cc                SoundChannel::getBits()
                0x00000000c00226d4                SoundChannel::getBufferUsed()
                0x00000000c00226dc                SoundChannel::getBufferSize()
                0x00000000c00226e4                SoundChannel::unbuffer(float*, int, int)
                0x00000000c0022778                SoundChannel::buffer16(short*, int)
                0x00000000c0022874                SoundChannel::buffer8(unsigned char*, int)
 .text          0x00000000c0022914      0x504 hal/sound/sndhw.32
                0x00000000c0022914                SoundDevice::SoundDevice(char const*)
                0x00000000c0022914                SoundDevice::SoundDevice(char const*)
                0x00000000c0022980                SoundDevice::~SoundDevice()
                0x00000000c0022980                SoundDevice::~SoundDevice()
                0x00000000c00229fa                SoundDevice::~SoundDevice()
                0x00000000c0022a24                SoundDevice::getFreeChannelNum()
                0x00000000c0022a3e                SoundDevice::addChannel(SoundChannel*)
                0x00000000c0022aae                SoundDevice::removeChannel(int)
                0x00000000c0022ae0                SoundDevice::floatTo16(float*, short*, int)
                0x00000000c0022bce                SoundDevice::floatTo8(float*, unsigned char*, int)
                0x00000000c0022cb6                SoundDevice::getAudio(int, float*, float*)
 .text          0x00000000c0022e18        0x0 hw/bus/isa.32
 .text          0x00000000c0022e18      0xbbb hw/bus/pci.32
                0x00000000c0022e18                PCI::open(int, int, void*)
                0x00000000c0022e36                PCI::close(int, int, void*)
                0x00000000c0022e3a                PCI::PCI()
                0x00000000c0022e3a                PCI::PCI()
                0x00000000c0022ed0                PCI::readBAR8(unsigned int, int)
                0x00000000c0022eec                PCI::readBAR16(unsigned int, int)
                0x00000000c0022f0a                PCI::readBAR32(unsigned int, int)
                0x00000000c0022f26                PCI::writeBAR8(unsigned int, unsigned char, int)
                0x00000000c0022f46                PCI::writeBAR16(unsigned int, unsigned short, int)
                0x00000000c0022f8a                PCI::writeBAR32(unsigned int, unsigned int, int)
                0x00000000c0022faa                PCI::legacyMechanism(unsigned char, unsigned char, unsigned char, unsigned char)
                0x00000000c0023018                PCI::pciReadWord(unsigned char, unsigned char, unsigned char, unsigned char)
                0x00000000c00230c0                PCI::getVendorID(unsigned char, unsigned char, unsigned char)
                0x00000000c00230e4                PCI::getHeaderType(unsigned char, unsigned char, unsigned char)
                0x00000000c002310c                PCI::getClassCode(unsigned char, unsigned char, unsigned char)
                0x00000000c0023156                PCI::getProgIF(unsigned char, unsigned char, unsigned char)
                0x00000000c002317e                PCI::getRevisionID(unsigned char, unsigned char, unsigned char)
                0x00000000c00231a2                PCI::getInterruptNumber(unsigned char, unsigned char, unsigned char)
                0x00000000c00231c6                PCI::getSecondaryBus(unsigned char, unsigned char, unsigned char)
                0x00000000c00231ee                PCI::getBARAddress(unsigned char, unsigned char, unsigned char, unsigned char)
                0x00000000c0023252                PCI::pciWriteWord(unsigned char, unsigned char, unsigned char, unsigned char, unsigned short)
                0x00000000c002333a                PCI::pciDetailsToFilepath(PCIDeviceInfo, char*)
                0x00000000c00235c6                PCI::checkBus(unsigned char)
                0x00000000c00235ea                PCI::foundDevice(PCIDeviceInfo)
                0x00000000c002375c                PCI::getDeviceData(unsigned char, unsigned char, unsigned char)
                0x00000000c0023914                PCI::checkDevice(unsigned char, unsigned char)
                0x00000000c0023980                PCI::detect()
 *fill*         0x00000000c00239d3        0x1 
 .text          0x00000000c00239d4      0xd08 hw/diskctrl/ide.32
                0x00000000c00239d4                IDE::close(int, int, void*)
                0x00000000c00239d8                IDE::IDE()
                0x00000000c00239d8                IDE::IDE()
                0x00000000c0023a0c                IDE::prepareInterrupt(unsigned char)
                0x00000000c0023a1e                selectDrive(unsigned char, unsigned char)
                0x00000000c0023a20                IDE::getBase(unsigned char)
                0x00000000c0023a32                IDE::write(unsigned char, unsigned char, unsigned char)
                0x00000000c0023af2                IDE::read(unsigned char, unsigned char)
                0x00000000c0023ba0                IDE::waitInterrupt(unsigned char)
                0x00000000c0023c06                ideChannel0IRQHandler(regs*, void*)
                0x00000000c0023c22                ideChannel1IRQHandler(regs*, void*)
                0x00000000c0023c3e                IDE::enableIRQs(unsigned char, bool)
                0x00000000c0023c84                IDE::open(int, int, void*)
                0x00000000c002412c                IDE::readBuffer(unsigned char, unsigned char, unsigned int, unsigned int)
                0x00000000c00241f8                IDE::detect()
                0x00000000c00244e0                IDE::printError(unsigned char, unsigned char, unsigned char)
                0x00000000c0024676                IDE::polling(unsigned char, unsigned int)
 .text          0x00000000c00246dc      0x390 hw/diskctrl/satabus.32
                0x00000000c00246dc                SATABus::close(int, int, void*)
                0x00000000c00246e0                SATABus::detect()
                0x00000000c00246e2                SATABus::SATABus()
                0x00000000c00246e2                SATABus::SATABus()
                0x00000000c002478e                SATABus::findCmdslot(SATABus::tagHBA_PORT volatile*)
                0x00000000c00247d6                SATABus::checkType(SATABus::tagHBA_PORT volatile*)
                0x00000000c002481e                SATABus::startCmd(SATABus::tagHBA_PORT volatile*)
                0x00000000c002483e                SATABus::stopCmd(SATABus::tagHBA_PORT volatile*)
                0x00000000c0024868                SATABus::portRebase(SATABus::tagHBA_PORT volatile*, int)
                0x00000000c002496e                SATABus::probePort(SATABus::tagHBA_MEM volatile*)
                0x00000000c0024a4c                SATABus::open(int, int, void*)
 .text          0x00000000c0024a6c      0x604 hw/diskphys/ata.32
                0x00000000c0024a6c                ATA::close(int, int, void*)
                0x00000000c0024a90                ATA::powerSaving(PowerSavingLevel)
                0x00000000c0024a92                ATA::ATA()
                0x00000000c0024a92                ATA::ATA()
                0x00000000c0024ac0                ATA::flush(bool)
                0x00000000c0024b0a                ATA::readyForCommand()
                0x00000000c0024b5a                ATA::access(unsigned long long, int, void*, bool)
                0x00000000c0024ee2                ATA::read(unsigned long long, int, void*)
                0x00000000c0024f2e                ATA::write(unsigned long long, int, void*)
                0x00000000c0024f7a                ATA::detectCHS()
                0x00000000c0024fa4                ATA::open(int, int, void*)
 .text          0x00000000c0025070      0x5bd hw/diskphys/atapi.32
                0x00000000c0025070                ATAPI::write(unsigned long long, int, void*)
                0x00000000c0025076                ATAPI::close(int, int, void*)
                0x00000000c002509a                ATAPI::ATAPI()
                0x00000000c002509a                ATAPI::ATAPI()
                0x00000000c00250c8                ATAPI::readyForCommand()
                0x00000000c0025118                ATAPI::sendPacket(unsigned char*, int, bool, unsigned short*, int)
                0x00000000c00253d8                ATAPI::diskRemoved()
                0x00000000c00253f4                ATAPI::eject()
                0x00000000c002543c                ATAPI::diskInserted()
                0x00000000c002546a                ATAPI::detectMedia()
                0x00000000c0025526                ATAPI::open(int, int, void*)
                0x00000000c00255ae                ATAPI::read(unsigned long long, int, void*)
 *fill*         0x00000000c002562d        0x1 
 .text          0x00000000c002562e      0x41c hw/diskphys/sata.32
                0x00000000c002562e                SATA::close(int, int, void*)
                0x00000000c0025652                SATA::powerSaving(PowerSavingLevel)
                0x00000000c0025654                SATA::open(int, int, void*)
                0x00000000c00256fe                SATA::SATA()
                0x00000000c00256fe                SATA::SATA()
                0x00000000c002572c                SATA::access(unsigned long long, int, void*, bool)
                0x00000000c0025992                SATA::read(unsigned long long, int, void*)
                0x00000000c00259de                SATA::write(unsigned long long, int, void*)
 .text          0x00000000c0025a4a      0x4fe hw/diskphys/satapi.32
                0x00000000c0025a4a                SATAPI::write(unsigned long long, int, void*)
                0x00000000c0025a50                SATAPI::close(int, int, void*)
                0x00000000c0025a74                SATAPI::SATAPI()
                0x00000000c0025a74                SATAPI::SATAPI()
                0x00000000c0025aa2                SATAPI::diskRemoved()
                0x00000000c0025abe                SATAPI::diskInserted()
                0x00000000c0025aec                SATAPI::sendPacket(unsigned char*, int, unsigned long long, unsigned short*, int)
                0x00000000c0025cf4                SATAPI::eject()
                0x00000000c0025d3c                SATAPI::detectMedia()
                0x00000000c0025dfe                SATAPI::open(int, int, void*)
                0x00000000c0025ea6                SATAPI::read(unsigned long long, int, void*)
 .text          0x00000000c0025f48       0x8e hw/fpu/avx.32
                0x00000000c0025f48                AVX::open(int, int, void*)
                0x00000000c0025f5a                AVX::close(int, int, void*)
                0x00000000c0025f6c                AVX::available()
                0x00000000c0025f7e                AVX::save(void*)
                0x00000000c0025f96                AVX::load(void*)
                0x00000000c0025fae                AVX::AVX()
                0x00000000c0025fae                AVX::AVX()
 .text          0x00000000c0025fd6       0x90 hw/fpu/mmx.32
                0x00000000c0025fd6                MMX::available()
                0x00000000c0025fea                MMX::open(int, int, void*)
                0x00000000c0025ffc                MMX::close(int, int, void*)
                0x00000000c002600e                MMX::save(void*)
                0x00000000c0026026                MMX::load(void*)
                0x00000000c002603e                MMX::MMX()
                0x00000000c002603e                MMX::MMX()
 .text          0x00000000c0026066       0x96 hw/fpu/sse.32
                0x00000000c0026066                SSE::open(int, int, void*)
                0x00000000c0026078                SSE::close(int, int, void*)
                0x00000000c002608a                SSE::available()
                0x00000000c00260a4                SSE::save(void*)
                0x00000000c00260bc                SSE::load(void*)
                0x00000000c00260d4                SSE::SSE()
                0x00000000c00260d4                SSE::SSE()
 .text          0x00000000c00260fc       0x8e hw/fpu/x87.32
                0x00000000c00260fc                x87::open(int, int, void*)
                0x00000000c002610e                x87::close(int, int, void*)
                0x00000000c0026120                x87::available()
                0x00000000c0026132                x87::save(void*)
                0x00000000c002614a                x87::load(void*)
                0x00000000c0026162                x87::x87()
                0x00000000c0026162                x87::x87()
 .text          0x00000000c002618a      0x71e hw/intctrl/apic.32
                0x00000000c002618a                APIC::disable()
                0x00000000c002618c                APIC::close(int, int, void*)
                0x00000000c00261ae                IOAPIC::close(int, int, void*)
                0x00000000c00261b4                APIC::io_wait()
                0x00000000c00261ba                APIC::getBase()
                0x00000000c00261fc                APIC::eoi(unsigned char)
                0x00000000c002622a                APIC::open(int, int, void*)
                0x00000000c0026378                IOAPIC::IOAPIC()
                0x00000000c0026378                IOAPIC::IOAPIC()
                0x00000000c00263a0                APIC::APIC()
                0x00000000c00263a0                APIC::APIC()
                0x00000000c002647c                IOAPIC::handlesGSIWithNumber(unsigned int)
                0x00000000c00264ae                IOAPIC::read(int)
                0x00000000c00264d6                IOAPIC::open(int, int, void*)
                0x00000000c00265cc                IOAPIC::write(int, int)
                0x00000000c00265f8                IOAPIC::redirect(unsigned char, unsigned long long, unsigned char, bool, bool)
                0x00000000c00266f2                APIC::installIRQHandler(int, void (*)(regs*, void*), bool, void*)
 .text          0x00000000c00268a8      0x3d3 hw/intctrl/pic.32
                0x00000000c00268a8                PIC::disable()
                0x00000000c00268d6                PIC::close(int, int, void*)
                0x00000000c00268f8                PIC::PIC()
                0x00000000c00268f8                PIC::PIC()
                0x00000000c00269ce                PIC::ioWait()
                0x00000000c00269d4                PIC::getIRQReg(int)
                0x00000000c0026a3e                PIC::eoi(unsigned char)
                0x00000000c0026ad0                PIC::remap()
                0x00000000c0026c3c                PIC::open(int, int, void*)
 *fill*         0x00000000c0026c7b        0x1 
 .text          0x00000000c0026c7c      0x25e hw/timer/apictimer.32
                0x00000000c0026c7c                APICTimer::close(int, int, void*)
                0x00000000c0026c82                apicTimerHandler(regs*, void*)
                0x00000000c0026cb0                APICTimer::write(int)
                0x00000000c0026db4                APICTimer::open(int, int, void*)
                0x00000000c0026eb2                APICTimer::APICTimer()
                0x00000000c0026eb2                APICTimer::APICTimer()
 .text          0x00000000c0026eda      0x1a7 hw/timer/pit.32
                0x00000000c0026eda                PIT::write(int)
                0x00000000c0026f58                pitHandler(regs*, void*)
                0x00000000c0026f84                PIT::open(int, int, void*)
                0x00000000c0026fd2                PIT::close(int, int, void*)
                0x00000000c0027002                PIT::PIT()
                0x00000000c0027002                PIT::PIT()
 *fill*         0x00000000c0027081        0xf 
 .text          0x00000000c0027090       0x1e hw/fpu/x86/avx.32
                0x00000000c0027090                avxDetect
                0x00000000c0027096                avxSave
                0x00000000c0027097                avxLoad
                0x00000000c0027098                avxInit
                0x00000000c0027099                avxClose
                0x00000000c002709a                wouldSheSayYes
 *fill*         0x00000000c00270ae        0x2 
 .text          0x00000000c00270b0       0x35 hw/fpu/x86/sse.32
                0x00000000c00270b0                absolutelyNoChanceInHell
                0x00000000c00270b0                sseDetect
                0x00000000c00270c8                sseSave
                0x00000000c00270ce                sseLoad
                0x00000000c00270d4                sseInit
                0x00000000c00270e4                sseClose
 *fill*         0x00000000c00270e5        0xb 
 .text          0x00000000c00270f0       0x4d hw/fpu/x86/x87.32
                0x00000000c00270f6                x87Detect
                0x00000000c0027111                x87Save
                0x00000000c002711a                x87Load
                0x00000000c0027122                x87Init
                0x00000000c002713c                x87Close
 *fill*         0x00000000c002713d        0x3 
 .text          0x00000000c0027140       0x25 /cygdrive/d/Users/Alex/Desktop/Toolchain/Output/bin/../lib/gcc/i386-banana/8.1.0/crtend.o
 .text          0x00000000c0027165        0x0 crtn.32
 *fill*         0x00000000c0027165        0x3 
 .text          0x00000000c0027168      0x14b /cygdrive/d/Users/Alex/Desktop/Toolchain/Output/bin/../lib/gcc/i386-banana/8.1.0/libkgcc.a(_divdi3.o)
                0x00000000c0027168                __divdi3
 *fill*         0x00000000c00272b3        0x1 
 .text          0x00000000c00272b4      0x17e /cygdrive/d/Users/Alex/Desktop/Toolchain/Output/bin/../lib/gcc/i386-banana/8.1.0/libkgcc.a(_moddi3.o)
                0x00000000c00272b4                __moddi3
 *fill*         0x00000000c0027432        0x2 
 .text          0x00000000c0027434       0xff /cygdrive/d/Users/Alex/Desktop/Toolchain/Output/bin/../lib/gcc/i386-banana/8.1.0/libkgcc.a(_udivdi3.o)
                0x00000000c0027434                __udivdi3
 *fill*         0x00000000c0027533        0x1 
 .text          0x00000000c0027534      0x11a /cygdrive/d/Users/Alex/Desktop/Toolchain/Output/bin/../lib/gcc/i386-banana/8.1.0/libkgcc.a(_umoddi3.o)
                0x00000000c0027534                __umoddi3
 .text          0x00000000c002764e      0x96d D:/Users/Alex/Desktop/Banana/kernel/libsoftfp.a(sfieeelib.o)
                0x00000000c002764e                __addsf3
                0x00000000c0027950                __subsf3
                0x00000000c0027964                __negsf2
                0x00000000c0027971                __mulsf3
                0x00000000c0027b34                __divsf3
                0x00000000c0027d5f                __floatsisf
                0x00000000c0027dd3                __floatunsisf
                0x00000000c0027e15                __fixsfsi
                0x00000000c0027e77                __fixunssfsi
                0x00000000c0027ea8                __cmpsf2
                0x00000000c0027f3d                __eqsf2