Archive member included to satisfy reference by file (symbol)

/cygdrive/d/Users/Alex/Desktop/Toolchain/Output/bin/../lib/gcc/i386-banana/8.1.0/libkgcc.a(_divdi3.o)
                              krnl/resolve.32 (__divdi3)
/cygdrive/d/Users/Alex/Desktop/Toolchain/Output/bin/../lib/gcc/i386-banana/8.1.0/libkgcc.a(_moddi3.o)
                              krnl/resolve.32 (__moddi3)
/cygdrive/d/Users/Alex/Desktop/Toolchain/Output/bin/../lib/gcc/i386-banana/8.1.0/libkgcc.a(_udivdi3.o)
                              hal/clock.32 (__udivdi3)
/cygdrive/d/Users/Alex/Desktop/Toolchain/Output/bin/../lib/gcc/i386-banana/8.1.0/libkgcc.a(_umoddi3.o)
                              core/pipe.32 (__umoddi3)

Allocating common symbols
Common symbol       size              file

current_iphdr_src   0x4               net/core/ipv4/ip.32
netif_list          0x4               net/core/netif.32
tcp_active_pcbs     0x4               net/core/tcp.32
udp_pcbs            0x4               net/core/udp.32
current_netif       0x4               net/core/ipv4/ip.32
tcp_ticks           0x4               net/core/tcp.32
tcp_listen_pcbs     0x4               net/core/tcp.32
current_iphdr_dest  0x4               net/core/ipv4/ip.32
tcp_tmp_pcb         0x4               net/core/tcp.32
tcp_input_pcb       0x4               net/core/tcp_in.32
dcache              0x40              fs/iso9660/iso9660.32
current_header      0x4               net/core/ipv4/ip.32
tcp_bound_pcbs      0x4               net/core/tcp.32
cdDriveLetter       0x1               fs/iso9660/iso9660.32
tcp_tw_pcbs         0x4               net/core/tcp.32
lwip_stats          0x150             net/core/stats.32
netif_default       0x4               net/core/netif.32
ram_heap            0x64d             net/core/mem.32
icache              0x40              fs/iso9660/iso9660.32

Discarded input sections

 .comment       0x0000000000000000       0x12 /cygdrive/d/Users/Alex/Desktop/Toolchain/Output/bin/../lib/gcc/i386-banana/8.1.0/crtbegin.o
 .comment       0x0000000000000000       0x12 acpica/utclib.32
 .comment       0x0000000000000000       0x12 arch/cc.32
 .comment       0x0000000000000000       0x12 arch/sys_arch.32
 .comment       0x0000000000000000       0x12 core/malloc.32
 .comment       0x0000000000000000       0x12 libk/ctype.32
 .comment       0x0000000000000000       0x12 libk/string.32
 .comment       0x0000000000000000       0x12 fs/fat/diskio.32
 .comment       0x0000000000000000       0x12 fs/fat/ff.32
 .comment       0x0000000000000000       0x12 fs/fat/ffsystem.32
 .comment       0x0000000000000000       0x12 fs/fat/ffunicode.32
 .comment       0x0000000000000000       0x12 fs/iso9660/iso9660.32
 .comment       0x0000000000000000       0x12 net/core/def.32
 .comment       0x0000000000000000       0x12 net/core/dhcp.32
 .comment       0x0000000000000000       0x12 net/core/dns.32
 .comment       0x0000000000000000       0x12 net/core/init.32
 .comment       0x0000000000000000       0x12 net/core/mem.32
 .comment       0x0000000000000000       0x12 net/core/memp.32
 .comment       0x0000000000000000       0x12 net/core/netif.32
 .comment       0x0000000000000000       0x12 net/core/pbuf.32
 .comment       0x0000000000000000       0x12 net/core/raw.32
 .comment       0x0000000000000000       0x12 net/core/stats.32
 .comment       0x0000000000000000       0x12 net/core/sys.32
 .comment       0x0000000000000000       0x12 net/core/tcp.32
 .comment       0x0000000000000000       0x12 net/core/tcp_in.32
 .comment       0x0000000000000000       0x12 net/core/tcp_out.32
 .comment       0x0000000000000000       0x12 net/core/timers.32
 .comment       0x0000000000000000       0x12 net/core/udp.32
 .comment       0x0000000000000000       0x12 net/netif/etharp.32
 .comment       0x0000000000000000       0x12 net/netif/ethernetif.32
 .comment       0x0000000000000000       0x12 net/netif/slipif.32
 .comment       0x0000000000000000       0x12 net/core/ipv4/autoip.32
 .comment       0x0000000000000000       0x12 net/core/ipv4/icmp.32
 .comment       0x0000000000000000       0x12 net/core/ipv4/igmp.32
 .comment       0x0000000000000000       0x12 net/core/ipv4/inet.32
 .comment       0x0000000000000000       0x12 net/core/ipv4/inet_chksum.32
 .comment       0x0000000000000000       0x12 net/core/ipv4/ip.32
 .comment       0x0000000000000000       0x12 net/core/ipv4/ip_addr.32
 .comment       0x0000000000000000       0x12 net/core/ipv4/ip_frag.32
 .comment       0x0000000000000000       0x12 net/core/snmp/asn1_dec.32
 .comment       0x0000000000000000       0x12 net/core/snmp/asn1_enc.32
 .comment       0x0000000000000000       0x12 net/core/snmp/mib2.32
 .comment       0x0000000000000000       0x12 net/core/snmp/mib_structs.32
 .comment       0x0000000000000000       0x12 net/core/snmp/msg_in.32
 .comment       0x0000000000000000       0x12 net/core/snmp/msg_out.32
 .comment       0x0000000000000000       0x12 net/netif/ppp/auth.32
[...]
Memory Configuration

Name             Origin             Length             Attributes
*default*        0x0000000000000000 0xffffffffffffffff

Linker script and memory map

LOAD D:/Users/Alex/Desktop/Banana/kernel/boot.32
LOAD crti.32
LOAD /cygdrive/d/Users/Alex/Desktop/Toolchain/Output/bin/../lib/gcc/i386-banana/8.1.0/crtbegin.o
LOAD D:/Users/Alex/Desktop/Banana/kernel/morenasm.32
LOAD acpica/utclib.32
LOAD arch/cc.32
LOAD arch/sys_arch.32
LOAD core/malloc.32
LOAD libk/ctype.32
LOAD libk/string.32
LOAD fs/fat/diskio.32
LOAD fs/fat/ff.32
LOAD fs/fat/ffsystem.32
LOAD fs/fat/ffunicode.32
LOAD fs/iso9660/iso9660.32
LOAD net/core/def.32
LOAD net/core/dhcp.32
LOAD net/core/dns.32
LOAD net/core/init.32
LOAD net/core/mem.32
LOAD net/core/memp.32
LOAD net/core/netif.32
LOAD net/core/pbuf.32
LOAD net/core/raw.32
LOAD net/core/stats.32
LOAD net/core/sys.32
LOAD net/core/tcp.32
LOAD net/core/tcp_in.32
LOAD net/core/tcp_out.32
LOAD net/core/timers.32
LOAD net/core/udp.32
LOAD net/netif/etharp.32
LOAD net/netif/ethernetif.32
LOAD net/netif/slipif.32
LOAD net/core/ipv4/autoip.32
LOAD net/core/ipv4/icmp.32
LOAD net/core/ipv4/igmp.32
LOAD net/core/ipv4/inet.32
LOAD net/core/ipv4/inet_chksum.32
LOAD net/core/ipv4/ip.32
LOAD net/core/ipv4/ip_addr.32
LOAD net/core/ipv4/ip_frag.32
LOAD net/core/snmp/asn1_dec.32
LOAD net/core/snmp/asn1_enc.32
LOAD net/core/snmp/mib2.32
LOAD net/core/snmp/mib_structs.32
LOAD net/core/snmp/msg_in.32
LOAD net/core/snmp/msg_out.32
LOAD net/netif/ppp/auth.32
LOAD net/netif/ppp/chap.32
LOAD net/netif/ppp/chpms.32
LOAD net/netif/ppp/fsm.32
LOAD net/netif/ppp/ipcp.32
LOAD net/netif/ppp/lcp.32
LOAD net/netif/ppp/magic.32
LOAD net/netif/ppp/md5.32
LOAD net/netif/ppp/pap.32
LOAD net/netif/ppp/ppp.32
LOAD net/netif/ppp/ppp_oe.32
LOAD net/netif/ppp/randm.32
LOAD net/netif/ppp/vj.32
LOAD core/computer.32
LOAD core/gdt.32
LOAD core/idle.32
LOAD core/idt.32
LOAD core/kheap.32
LOAD core/main.32
LOAD core/physmgr.32
LOAD core/pipe.32
LOAD core/terminal.32
LOAD core/tss.32
LOAD core/unixfile.32
LOAD core/virtmgr.32
LOAD coreobjs/c++.32
LOAD dbg/kconsole.32
LOAD dbg/usban.32
LOAD fs/symlink.32
LOAD fs/vfs.32
LOAD hal/bus.32
LOAD hal/buzzer.32
LOAD hal/clock.32
LOAD hal/device.32
LOAD hal/diskctrl.32
LOAD hal/diskphys.32
LOAD hal/fpu.32
LOAD hal/intctrl.32
LOAD hal/keybrd.32
LOAD hal/logidisk.32
LOAD hal/mouse.32
LOAD hal/nic.32
LOAD hal/partition.32
LOAD hal/serial.32
LOAD hal/timer.32
LOAD hal/vcache.32
LOAD hal/video.32
LOAD hw/acpi.32
LOAD hw/cpu.32
LOAD krnl/atexit.32
LOAD krnl/bootmsg.32
LOAD krnl/cdefs.32
LOAD krnl/compat.32
LOAD krnl/crc32.32
LOAD krnl/env.32
LOAD krnl/inlines.32
LOAD krnl/mutex.32
LOAD krnl/panic.32
LOAD krnl/powctrl.32
LOAD krnl/random.32
LOAD krnl/resolve.32
LOAD krnl/semaphore.32
LOAD krnl/signal.32
LOAD krnl/syscalls.32
LOAD net/ethernet.32
LOAD net/netosl.32
LOAD reg/cm.32
LOAD reg/registry.32
LOAD sys/eject.32
LOAD sys/exit.32
LOAD sys/getcwd.32
LOAD sys/getpid.32
LOAD sys/getramdata.32
LOAD sys/getvgaptr.32
LOAD sys/kill.32
LOAD sys/loaddll.32
LOAD sys/read.32
LOAD sys/registersignal.32
LOAD sys/registry.32
LOAD sys/sbrk.32
LOAD sys/setcwd.32
LOAD sys/settime.32
LOAD sys/symlink.32
LOAD sys/timezone.32
LOAD sys/truncate.32
LOAD sys/write.32
LOAD sys/wsbe.32
LOAD sys/yield.32
LOAD thr/elf.32
LOAD thr/prcssthr.32
LOAD vm86/vm8086.32
LOAD arch/i386/hal.32
LOAD arch/i386/pic.32
LOAD arch/i386/rtc.32
LOAD arch/i386/vga.32
LOAD fs/fat/vfslink.32
LOAD fs/iso9660/helper.32
LOAD fs/iso9660/vfslink.32
LOAD hal/sound/sndcard.32
LOAD hal/sound/sndport.32
LOAD hw/bus/isa.32
LOAD hw/bus/pci.32
LOAD hw/diskctrl/ide.32
LOAD hw/diskctrl/satabus.32
LOAD hw/diskphys/ata.32
LOAD hw/diskphys/atapi.32
LOAD hw/diskphys/sata.32
LOAD hw/diskphys/satapi.32
LOAD hw/intctrl/apic.32
LOAD hw/timer/apictimer.32
LOAD hw/timer/pit.32
LOAD arch/i386/avx.32
LOAD arch/i386/interrupt.32
LOAD arch/i386/rdrand.32
LOAD arch/i386/sse.32
LOAD arch/i386/x87.32
LOAD /cygdrive/d/Users/Alex/Desktop/Toolchain/Output/bin/../lib/gcc/i386-banana/8.1.0/crtend.o
LOAD crtn.32
LOAD /cygdrive/d/Users/Alex/Desktop/Toolchain/Output/bin/../lib/gcc/i386-banana/8.1.0/libkgcc.a
LOAD D:/Users/Alex/Desktop/Banana/kernel/libsoftfp.a
LOAD D:/Users/Alex/Desktop/Banana/kernel/libk/libm32.a
                0x00000000c0000000                . = 0xc0000000

.text           0x00000000c0000000    0x2e77a
 *(.text)
 .text          0x00000000c0000000       0x20 D:/Users/Alex/Desktop/Banana/kernel/boot.32
 .text          0x00000000c0000020        0x0 crti.32
 .text          0x00000000c0000020      0x101 /cygdrive/d/Users/Alex/Desktop/Toolchain/Output/bin/../lib/gcc/i386-banana/8.1.0/crtbegin.o
 *fill*         0x00000000c0000121        0xf 
 .text          0x00000000c0000130      0x24f D:/Users/Alex/Desktop/Banana/kernel/morenasm.32
                0x00000000c0000130                manualPCIProbe
                0x00000000c000017b                prepareTramp
                0x00000000c0000194                doTPAUSE
                0x00000000c000019e                hasLegacyFPU
                0x00000000c00001c3                is486
                0x00000000c00001f9                detectCPUID
                0x00000000c000020f                goToVM86
                0x00000000c000023f                goToUsermode
                0x00000000c0000269                switchToThreadASMFirstTime
                0x00000000c0000277                switchToThreadASM
                0x00000000c00002fc                asmQuickAcquireLock
                0x00000000c000031a                asmQuickReleaseLock
                0x00000000c0000326                asmAcquireLock
                0x00000000c0000347                asmReleaseLock
                0x00000000c000035a                loadGDT
                0x00000000c000037a                memcpy
 *fill*         0x00000000c000037f        0x1 
 .text          0x00000000c0000380      0x868 acpica/utclib.32
                0x00000000c0000380                memcmp
                0x00000000c00003d0                memmove
                0x00000000c00004f0                memset
                0x00000000c0000570                strlen
                0x00000000c00005a0                strpbrk
                0x00000000c00005f0                strtok
                0x00000000c0000640                strcpy
                0x00000000c0000680                strncpy
                0x00000000c0000750                strcmp
                0x00000000c00007a0                strchr
                0x00000000c00007e0                strncmp
                0x00000000c0000840                strcat
                0x00000000c0000870                strncat
                0x00000000c00008d0                strstr
                0x00000000c0000930                toupper
                0x00000000c0000950                tolower
                0x00000000c0000970                simple_strtoul
 .text          0x00000000c0000be8       0x53 arch/cc.32
                0x00000000c0000be8                LWIP_PLATFORM_HTONS
                0x00000000c0000c0c                LWIP_PLATFORM_HTONL
 *fill*         0x00000000c0000c3b        0x1 
 .text          0x00000000c0000c3c       0xb2 arch/sys_arch.32
                0x00000000c0000c3c                lwip_socket_init
                0x00000000c0000c40                sys_mutex_new
                0x00000000c0000c44                sys_mutex_lock
                0x00000000c0000c48                sys_mutex_unlock
                0x00000000c0000c4c                tcpip_callback_with_block
                0x00000000c0000c50                sys_sem_new
                0x00000000c0000c78                sys_sem_free
                0x00000000c0000c90                sys_sem_signal
                0x00000000c0000ca8                sys_arch_sem_wait
                0x00000000c0000cc4                sys_mbox_new
                0x00000000c0000cc8                sys_mbox_free
                0x00000000c0000ccc                sys_mbox_post
                0x00000000c0000cd0                sys_arch_mbox_fetch
                0x00000000c0000cd8                sys_arch_mbox_tryfetch
                0x00000000c0000ce0                sys_mbox_trypost
                0x00000000c0000ce4                sys_thread_new
                0x00000000c0000cec                sys_init
 .text          0x00000000c0000cee      0xfaa core/malloc.32
                0x00000000c0000e59                dlfree
                0x00000000c00011b1                dlmalloc
                0x00000000c00016ee                dlrealloc
                0x00000000c0001891                dlmemalign
                0x00000000c00019b4                dlcalloc
                0x00000000c0001a4e                dlcfree
                0x00000000c0001a53                dlindependent_calloc
                0x00000000c0001a78                dlindependent_comalloc
                0x00000000c0001a8f                dlvalloc
                0x00000000c0001aba                dlpvalloc
                0x00000000c0001af0                dlmalloc_trim
                0x00000000c0001afd                dlmalloc_usable_size
                0x00000000c0001b2e                dlmallinfo
                0x00000000c0001bfd                dlmalloc_stats
                0x00000000c0001c0e                dlmallopt
 .text          0x00000000c0001c98      0x1f2 libk/ctype.32
                0x00000000c0001c98                isblank
                0x00000000c0001cb8                iscntrl
                0x00000000c0001cd8                isdigit
                0x00000000c0001cf4                islower
                0x00000000c0001d10                isspace
                0x00000000c0001d38                isupper
                0x00000000c0001d54                isalpha
                0x00000000c0001d84                isalnum
                0x00000000c0001db4                ispunct
                0x00000000c0001df4                isgraph
                0x00000000c0001e24                isprint
                0x00000000c0001e4c                isxdigit
 .text          0x00000000c0001e8a        0x0 libk/string.32
 .text          0x00000000c0001e8a       0x51 fs/fat/diskio.32
                0x00000000c0001e8a                disk_status
                0x00000000c0001e8d                disk_initialize
                0x00000000c0001e90                disk_read
                0x00000000c0001ea6                disk_write
                0x00000000c0001ebc                disk_ioctl
 .text          0x00000000c0001edb     0x3e46 fs/fat/ff.32
                0x00000000c0003cfc                f_mount
                0x00000000c0003d5e                f_open
                0x00000000c0004021                f_read
                0x00000000c0004220                f_write
                0x00000000c0004468                f_sync
                0x00000000c000452d                f_close
                0x00000000c000455c                f_lseek
                0x00000000c000470d                f_opendir
                0x00000000c00047d8                f_closedir
                0x00000000c00047fa                f_readdir
                0x00000000c000488c                f_stat
                0x00000000c000490b                f_getfree
                0x00000000c0004a14                f_truncate
                0x00000000c0004afe                f_unlink
                0x00000000c0004c20                f_mkdir
                0x00000000c0004dbb                f_rename
                0x00000000c0004f73                f_chmod
                0x00000000c0005023                f_utime
                0x00000000c00050d3                f_getlabel
                0x00000000c0005224                f_setlabel
                0x00000000c00053b4                f_expand
                0x00000000c0005521                f_mkfs
 *fill*         0x00000000c0005d21        0x3 
 .text          0x00000000c0005d24       0x2f fs/fat/ffsystem.32
                0x00000000c0005d24                ff_memalloc
                0x00000000c0005d3c                ff_memfree
 *fill*         0x00000000c0005d53        0x1 
 .text          0x00000000c0005d54      0x2dc fs/fat/ffunicode.32
                0x00000000c0005d54                ff_uni2oem
                0x00000000c0005df4                ff_oem2uni
                0x00000000c0005e6c                ff_wtoupper
 .text          0x00000000c0006030      0xd32 fs/iso9660/iso9660.32
                0x00000000c000627b                isoReadDiscSector
                0x00000000c0006316                strnicmp
                0x00000000c00065c5                stricmp
                0x00000000c0006611                iso_open
                0x00000000c000669b                iso_close
                0x00000000c00066b9                iso_read
                0x00000000c00067cf                iso_seek
                0x00000000c0006853                iso_tell
                0x00000000c0006884                iso_total
                0x00000000c00068af                fn_postprocess
                0x00000000c00068d6                iso_readdir
                0x00000000c0006b2d                iso_reset
                0x00000000c0006b4a                init_percd
                0x00000000c0006c44                iso_ioctl
                0x00000000c0006c5c                fs_iso9660_init
                0x00000000c0006cf2                fs_iso9660_shutdown
 .text          0x00000000c0006d62        0x0 net/core/def.32
 .text          0x00000000c0006d62        0x0 net/core/dhcp.32
 .text          0x00000000c0006d62        0x0 net/core/dns.32
 *fill*         0x00000000c0006d62        0x2 
 .text          0x00000000c0006d64       0x2b net/core/init.32
                0x00000000c0006d64                lwip_init
 *fill*         0x00000000c0006d8f        0x1 
 .text          0x00000000c0006d90      0x9ec net/core/mem.32
                0x00000000c0006f24                mem_init
                0x00000000c0006fcc                mem_free
                0x00000000c00070f0                mem_trim
                0x00000000c00073fc                mem_malloc
                0x00000000c0007718                mem_calloc
 .text          0x00000000c000777c      0x2e8 net/core/memp.32
                0x00000000c000777c                memp_init
                0x00000000c00078c0                memp_malloc
                0x00000000c00079ec                memp_free
 .text          0x00000000c0007a64      0x4ba net/core/netif.32
                0x00000000c0007a64                netif_init
                0x00000000c0007a68                netif_find
                0x00000000c0007b00                netif_set_ipaddr
                0x00000000c0007bf8                netif_set_gw
                0x00000000c0007c1c                netif_set_netmask
                0x00000000c0007c40                netif_set_addr
                0x00000000c0007c84                netif_add
                0x00000000c0007d50                netif_set_default
                0x00000000c0007d5c                netif_set_up
                0x00000000c0007dc0                netif_set_down
                0x00000000c0007de8                netif_remove
                0x00000000c0007e94                netif_set_link_up
                0x00000000c0007ef8                netif_set_link_down
 *fill*         0x00000000c0007f1e        0x2 
 .text          0x00000000c0007f20     0x16ac net/core/pbuf.32
                0x00000000c0007fe8                pbuf_alloced_custom
                0x00000000c000810c                pbuf_header
                0x00000000c00082a8                pbuf_free
                0x00000000c0008480                pbuf_alloc
                0x00000000c0008878                pbuf_realloc
                0x00000000c0008a7c                pbuf_clen
                0x00000000c0008ab0                pbuf_ref
                0x00000000c0008ae0                pbuf_cat
                0x00000000c0008bc0                pbuf_chain
                0x00000000c0008bec                pbuf_dechain
                0x00000000c0008ce0                pbuf_copy
                0x00000000c0008f48                pbuf_copy_partial
                0x00000000c00090ec                pbuf_take
                0x00000000c000926c                pbuf_coalesce
                0x00000000c0009300                pbuf_get_at
                0x00000000c0009398                pbuf_memcmp
                0x00000000c00094a4                pbuf_memfind
                0x00000000c0009558                pbuf_strstr
 .text          0x00000000c00095cc      0x3e4 net/core/raw.32
                0x00000000c00095cc                raw_input
                0x00000000c00096d8                raw_bind
                0x00000000c00096fc                raw_connect
                0x00000000c0009720                raw_recv
                0x00000000c0009738                raw_sendto
                0x00000000c00098a4                raw_send
                0x00000000c00098c8                raw_remove
                0x00000000c0009948                raw_new
 .text          0x00000000c00099b0        0x2 net/core/stats.32
                0x00000000c00099b0                stats_init
 *fill*         0x00000000c00099b2        0x2 
 .text          0x00000000c00099b4       0x55 net/core/sys.32
                0x00000000c00099b4                sys_msleep
 *fill*         0x00000000c0009a09        0x3 
 .text          0x00000000c0009a0c     0x1dec net/core/tcp.32
                0x00000000c0009a1c                tcp_listen_with_backlog
                0x00000000c0009bcc                tcp_update_rcv_ann_wnd
                0x00000000c0009ca8                tcp_recved
                0x00000000c0009df0                tcp_bind
                0x00000000c0009f20                tcp_seg_free
                0x00000000c0009f64                tcp_segs_free
                0x00000000c0009f9c                tcp_setprio
                0x00000000c0009fb8                tcp_seg_copy
                0x00000000c000a00c                tcp_arg
                0x00000000c000a01c                tcp_recv
                0x00000000c000a02c                tcp_sent
                0x00000000c000a03c                tcp_err
                0x00000000c000a04c                tcp_accept
                0x00000000c000a05c                tcp_poll
                0x00000000c000a084                tcp_pcb_purge
                0x00000000c000a168                tcp_slowtmr
                0x00000000c000a8ec                tcp_pcb_remove
                0x00000000c000ad94                tcp_close
                0x00000000c000add0                tcp_recv_null
                0x00000000c000ae34                tcp_fasttmr
                0x00000000c000af58                tcp_tmr
                0x00000000c000af88                tcp_shutdown
                0x00000000c000b034                tcp_abandon
                0x00000000c000b1c8                tcp_abort
                0x00000000c000b334                tcp_next_iss
                0x00000000c000b34c                tcp_alloc
                0x00000000c000b4f8                tcp_new
                0x00000000c000b50c                tcp_eff_send_mss
                0x00000000c000b57c                tcp_connect
                0x00000000c000b7ec                tcp_debug_state_str
 .text          0x00000000c000b7f8     0x3131 net/core/tcp_in.32
                0x00000000c000de58                tcp_input
 *fill*         0x00000000c000e929        0x3 
 .text          0x00000000c000e92c     0x1f81 net/core/tcp_out.32
                0x00000000c000ee9c                tcp_write
                0x00000000c000f73c                tcp_enqueue_flags
                0x00000000c000fa28                tcp_send_fin
                0x00000000c000fac8                tcp_send_empty_ack
                0x00000000c000fdd8                tcp_output
                0x00000000c0010264                tcp_rst
                0x00000000c00103d8                tcp_rexmit_rto
                0x00000000c0010468                tcp_rexmit
                0x00000000c0010530                tcp_rexmit_fast
                0x00000000c0010614                tcp_keepalive
                0x00000000c00106dc                tcp_zero_window_probe
 *fill*         0x00000000c00108ad        0x3 
 .text          0x00000000c00108b0      0x44d net/core/timers.32
                0x00000000c00108b0                sys_timeout
                0x00000000c0010a68                tcp_timer_needed
                0x00000000c0010afc                sys_timeouts_init
                0x00000000c0010b34                sys_untimeout
                0x00000000c0010c00                sys_timeouts_mbox_fetch
 *fill*         0x00000000c0010cfd        0x3 
 .text          0x00000000c0010d00      0xae8 net/core/udp.32
                0x00000000c0010d00                udp_input
                0x00000000c0011174                udp_bind
                0x00000000c00112f4                udp_sendto_if
                0x00000000c0011574                udp_sendto
                0x00000000c00115d8                udp_send
                0x00000000c0011604                udp_connect
                0x00000000c00116e4                udp_disconnect
                0x00000000c0011710                udp_recv
                0x00000000c0011728                udp_remove
                0x00000000c00117a8                udp_new
 .text          0x00000000c00117e8     0x1204 net/netif/etharp.32
                0x00000000c0011840                etharp_tmr
                0x00000000c0011e10                etharp_find_addr
                0x00000000c0012370                etharp_request
                0x00000000c00123ac                etharp_query
                0x00000000c00126e8                etharp_output
                0x00000000c00128a8                ethernet_input
 .text          0x00000000c00129ec        0x0 net/netif/ethernetif.32
 .text          0x00000000c00129ec        0x0 net/netif/slipif.32
 .text          0x00000000c00129ec        0x0 net/core/ipv4/autoip.32
 .text          0x00000000c00129ec      0x5dd net/core/ipv4/icmp.32
                0x00000000c00129ec                icmp_input
                0x00000000c0012f84                icmp_dest_unreach
                0x00000000c0012fa8                icmp_time_exceeded
 .text          0x00000000c0012fc9        0x0 net/core/ipv4/igmp.32
 .text          0x00000000c0012fc9        0x0 net/core/ipv4/inet.32
 *fill*         0x00000000c0012fc9        0x3 
 .text          0x00000000c0012fcc      0x582 net/core/ipv4/inet_chksum.32
                0x00000000c00130c4                inet_chksum_pseudo
                0x00000000c0013254                inet_chksum_pseudo_partial
                0x00000000c0013444                inet_chksum
                0x00000000c001346c                inet_chksum_pbuf
 *fill*         0x00000000c001354e        0x2 
 .text          0x00000000c0013550      0x84c net/core/ipv4/ip.32
                0x00000000c0013550                ip_route
                0x00000000c00135e4                ip_input
                0x00000000c0013a28                ip_output_if
                0x00000000c0013cf8                ip_output
 .text          0x00000000c0013d9c      0x5ac net/core/ipv4/ip_addr.32
                0x00000000c0013d9c                ip4_addr_isbroadcast
                0x00000000c0013e24                ip4_addr_netmask_valid
                0x00000000c0013e88                ipaddr_aton
                0x00000000c00141b8                ipaddr_addr
                0x00000000c00141e8                ipaddr_ntoa_r
                0x00000000c0014334                ipaddr_ntoa
 .text          0x00000000c0014348     0x1161 net/core/ipv4/ip_frag.32
                0x00000000c00145ac                ip_reass_tmr
                0x00000000c0014c3c                ip_reass
                0x00000000c00150fc                ip_frag
 .text          0x00000000c00154a9        0x0 net/core/snmp/asn1_dec.32
 .text          0x00000000c00154a9        0x0 net/core/snmp/asn1_enc.32
 .text          0x00000000c00154a9        0x0 net/core/snmp/mib2.32
 .text          0x00000000c00154a9        0x0 net/core/snmp/mib_structs.32
 .text          0x00000000c00154a9        0x0 net/core/snmp/msg_in.32
 .text          0x00000000c00154a9        0x0 net/core/snmp/msg_out.32
 .text          0x00000000c00154a9        0x0 net/netif/ppp/auth.32
 .text          0x00000000c00154a9        0x0 net/netif/ppp/chap.32
 .text          0x00000000c00154a9        0x0 net/netif/ppp/chpms.32
 .text          0x00000000c00154a9        0x0 net/netif/ppp/fsm.32
 .text          0x00000000c00154a9        0x0 net/netif/ppp/ipcp.32
 .text          0x00000000c00154a9        0x0 net/netif/ppp/lcp.32
 .text          0x00000000c00154a9        0x0 net/netif/ppp/magic.32
 .text          0x00000000c00154a9        0x0 net/netif/ppp/md5.32
 .text          0x00000000c00154a9        0x0 net/netif/ppp/pap.32
 .text          0x00000000c00154a9        0x0 net/netif/ppp/ppp.32
 .text          0x00000000c00154a9        0x0 net/netif/ppp/ppp_oe.32
 .text          0x00000000c00154a9        0x0 net/netif/ppp/randm.32
 .text          0x00000000c00154a9        0x0 net/netif/ppp/vj.32
 *fill*         0x00000000c00154a9        0x1 
 .text          0x00000000c00154aa      0x6c7 core/computer.32
                0x00000000c00154aa                Computer::close(int, int, void*)
                0x00000000c00154f8                Krnl::firstTask()
                0x00000000c0015636                Computer::Computer()
                0x00000000c0015636                Computer::Computer()
                0x00000000c00156e6                Computer::setBootMessage(char const*)
                0x00000000c00156e8                Computer::detectFeatures()
                0x00000000c001590e                Computer::displayFeatures()
                0x00000000c0015910                Computer::rdmsr(unsigned int)
                0x00000000c001593c                Computer::wrmsr(unsigned int, unsigned long long)
                0x00000000c0015978                Computer::shutdown()
                0x00000000c0015990                Computer::restart()
                0x00000000c00159a8                Computer::sleep()
                0x00000000c00159bc                Computer::nmiEnabled()
                0x00000000c00159c8                Computer::readCMOS(unsigned char)
                0x00000000c00159e6                Computer::enableNMI(bool)
                0x00000000c00159fe                Computer::open(int, int, void*)
                0x00000000c0015ad2                Computer::disableNMI()
                0x00000000c0015ae2                Computer::writeCMOS(unsigned char, unsigned char)
                0x00000000c0015b06                Computer::handleNMI()
 *fill*         0x00000000c0015b71        0x1 
 .text          0x00000000c0015b72      0x1db core/gdt.32
                0x00000000c0015b72                GDTEntry::setBase(unsigned int)
                0x00000000c0015b8e                GDTEntry::setLimit(unsigned int)
                0x00000000c0015bac                GDT::GDT()
                0x00000000c0015bac                GDT::GDT()
                0x00000000c0015bc2                GDT::addEntry(GDTEntry)
                0x00000000c0015be4                GDT::getNumberOfEntries()
                0x00000000c0015bec                GDT::flush()
                0x00000000c0015c0e                GDT::setup()
 .text          0x00000000c0015d4d       0x1d core/idle.32
                0x00000000c0015d4d                idleFunction(void*)
 *fill*         0x00000000c0015d6a        0x2 
 .text          0x00000000c0015d6c      0x46c core/idt.32
                0x00000000c0015d6c                IDTEntry::IDTEntry(bool)
                0x00000000c0015d6c                IDTEntry::IDTEntry(bool)
                0x00000000c0015de6                IDTEntry::setOffset(unsigned int)
                0x00000000c0015dfc                IDT::IDT()
                0x00000000c0015dfc                IDT::IDT()
                0x00000000c0015dfe                IDT::getPointerToInvalidOpcodeEntryForF00F()
                0x00000000c0015e06                IDT::addEntry(IDTEntry, int)
                0x00000000c0015e20                IDT::addEntry(int, void (*)(), bool)
                0x00000000c0015e58                IDT::flush()
                0x00000000c0015e72                IDT::setup()
 .text          0x00000000c00161d8      0x188 core/kheap.32
                0x00000000c00161d8                sbrk
                0x00000000c001626f                mmap
                0x00000000c0016285                munmap
                0x00000000c001629b                liballoc_lock()
                0x00000000c00162a9                liballoc_unlock()
                0x00000000c00162bf                liballoc_alloc(int)
                0x00000000c00162d7                liballoc_free(void*, int)
                0x00000000c00162f2                realloc
                0x00000000c0016306                malloc
                0x00000000c0016316                free
                0x00000000c0016326                rfree
                0x00000000c0016336                calloc
 .text          0x00000000c0016360       0xc7 core/main.32
                0x00000000c0016360                KeEntryPoint
 .text          0x00000000c0016427      0x644 core/physmgr.32
                0x00000000c0016427                Phys::allocateDMA(unsigned long)
                0x00000000c001650f                Phys::freeDMA(unsigned long, unsigned long)
                0x00000000c001654a                Phys::setPageState(unsigned long, bool)
                0x00000000c001658a                Phys::getPageState(unsigned long)
                0x00000000c00165a6                Phys::freePage(unsigned long)
                0x00000000c001660f                Phys::allocatePage()
                0x00000000c00166de                Phys::allocateContiguousPages(int)
                0x00000000c0016745                Phys::allowSegmentToBeUsed(unsigned long, unsigned long)
                0x00000000c001677d                Phys::physicalMemorySetup(unsigned int)
 *fill*         0x00000000c0016a6b        0x1 
 .text          0x00000000c0016a6c      0x273 core/pipe.32
                0x00000000c0016a6c                Pipe::isAtty()
                0x00000000c0016a70                Pipe::~Pipe()
                0x00000000c0016a70                Pipe::~Pipe()
                0x00000000c0016a94                Pipe::~Pipe()
                0x00000000c0016abc                Pipe::write(unsigned long long, void*, int*)
                0x00000000c0016b7c                Pipe::read(unsigned long long, void*, int*)
                0x00000000c0016c78                Pipe::Pipe(int)
                0x00000000c0016c78                Pipe::Pipe(int)
 *fill*         0x00000000c0016cdf        0x1 
 .text          0x00000000c0016ce0      0xab3 core/terminal.32
                0x00000000c0016ce0                VgaText::isAtty()
                0x00000000c0016ce4                VgaText::~VgaText()
                0x00000000c0016ce4                VgaText::~VgaText()
                0x00000000c0016d08                VgaText::~VgaText()
                0x00000000c0016d32                VgaText::read(unsigned long long, void*, int*)
                0x00000000c0016d52                setTerminalScrollLock(bool)
                0x00000000c0016d53                doTerminalCycle()
                0x00000000c0016d54                addToTerminalCycle(VgaText*)
                0x00000000c0016d55                scrollTerminalScrollLock(int)
                0x00000000c0016d56                VgaText::updateTitle()
                0x00000000c0016d58                VgaText::load()
                0x00000000c0016d5a                VgaText::updateCursor()
                0x00000000c0016d70                VgaText::doANSI_SGR(int)
                0x00000000c0016de4                VgaText::setDefaultBgColour(VgaColour)
                0x00000000c0016df4                VgaText::setDefaultFgColour(VgaColour)
                0x00000000c0016e04                VgaText::setDefaultColours(VgaColour, VgaColour)
                0x00000000c0016e24                VgaText::setTitleTextColour(VgaColour)
                0x00000000c0016e30                VgaText::setTitleColour(VgaColour)
                0x00000000c0016e3c                VgaText::setTitle(char*)
                0x00000000c0016e3e                VgaText::combineColours(unsigned char, unsigned char)
                0x00000000c0016e50                VgaText::scrollScreen()
                0x00000000c0016ee2                VgaText::combineCharAndColour(char, unsigned char)
                0x00000000c0016ef2                VgaText::writeCharacter(char, VgaColour, VgaColour, int, int)
                0x00000000c0016f82                VgaText::getCursorX()
                0x00000000c0016f8a                VgaText::getCursorY()
                0x00000000c0016f92                VgaText::setCursor(int, int)
                0x00000000c0016fa9                setActiveTerminal(VgaText*)
                0x00000000c0016ff4                VgaText::clearScreen()
                0x00000000c0017042                VgaText::setCursorX(int)
                0x00000000c001705a                VgaText::setCursorY(int)
                0x00000000c0017072                VgaText::incrementCursor(bool)
                0x00000000c00170c6                VgaText::decrementCursor(bool)
                0x00000000c00170e8                VgaText::putchar(char, VgaColour, VgaColour)
                0x00000000c00171b8                VgaText::putchar(char)
                0x00000000c00172b0                VgaText::putx(unsigned int)
                0x00000000c00172f6                VgaText::puts(char const*)
                0x00000000c001731c                VgaText::write(unsigned long long, void*, int*)
                0x00000000c0017368                VgaText::puts(char const*, VgaColour, VgaColour)
                0x00000000c00174b6                VgaText::VgaText(char const*)
                0x00000000c00174b6                VgaText::VgaText(char const*)
                0x00000000c0017606                VgaText::receiveKey(unsigned char)
                0x00000000c0017792                VgaText::doUpdate()
 *fill*         0x00000000c0017793        0x1 
 .text          0x00000000c0017794      0x1a1 core/tss.32
                0x00000000c0017794                TSS::TSS()
                0x00000000c0017794                TSS::TSS()
                0x00000000c00177a4                TSS::setESP(unsigned long)
                0x00000000c00177b8                TSS::flush()
                0x00000000c00177d8                TSS::setup(unsigned long, unsigned long)
 *fill*         0x00000000c0017935        0x1 
 .text          0x00000000c0017936      0x4ca core/unixfile.32
                0x00000000c0017936                ReservedFilename::read(unsigned long long, void*, int*)
                0x00000000c001798c                ReservedFilename::isAtty()
                0x00000000c00179a8                ReservedFilename::write(unsigned long long, void*, int*)
                0x00000000c0017a06                UnixFile::getFileDescriptor()
                0x00000000c0017a0e                UnixFile::UnixFile(int)
                0x00000000c0017a0e                UnixFile::UnixFile(int)
                0x00000000c0017bc2                ReservedFilename::ReservedFilename(int)
                0x00000000c0017bc2                ReservedFilename::ReservedFilename(int)
                0x00000000c0017bf4                UnixFile::~UnixFile()
                0x00000000c0017bf4                UnixFile::~UnixFile()
                0x00000000c0017c90                UnixFile::~UnixFile()
                0x00000000c0017cb8                ReservedFilename::~ReservedFilename()
                0x00000000c0017cb8                ReservedFilename::~ReservedFilename()
                0x00000000c0017cdc                ReservedFilename::~ReservedFilename()
                0x00000000c0017d03                KeGetFileFromDescriptor(int)
 .text          0x00000000c0017e00     0x1218 core/virtmgr.32
                0x00000000c0017e00                Virt::setPageState(unsigned long, Virt::VirtPageState)
                0x00000000c0017e3a                Virt::getPageState(unsigned long)
                0x00000000c0017e5d                Virt::allocateKernelVirtualPages(int)
                0x00000000c0017f82                Virt::freeSwapfilePage(unsigned long)
                0x00000000c0017fa5                Virt::swapIDToSector(unsigned long)
                0x00000000c0017fbb                Virt::allocateSwapfilePage()
                0x00000000c001803b                Virt::virtualMemorySetup()
                0x00000000c001808c                Virt::setupPageSwapping(int)
                0x00000000c00180fe                VAS::setCPUSpecific(unsigned long)
                0x00000000c0018100                VAS::VAS(VAS*)
                0x00000000c0018100                VAS::VAS(VAS*)
                0x00000000c001812e                VAS::getForeignPageTableEntry(bool, unsigned long)
                0x00000000c001815c                VAS::getPageTableEntry(unsigned long)
                0x00000000c001817b                Virt::freeKernelVirtualPages(unsigned long)
                0x00000000c00182b8                VAS::freeAllocatedPages(unsigned long)
                0x00000000c00182dc                VAS::virtualToPhysical(unsigned long)
                0x00000000c00182f6                VAS::reflagRange(unsigned long, int, unsigned long, unsigned long)
                0x00000000c0018338                VAS::VAS()
                0x00000000c0018338                VAS::VAS()
                0x00000000c00183a2                VAS::setToWriteCombining(unsigned long, int)
                0x00000000c00183d6                VAS::mapOtherVASIn(bool, VAS*)
                0x00000000c0018402                VAS::~VAS()
                0x00000000c0018402                VAS::~VAS()
                0x00000000c0018570                VAS::mapPage(unsigned long, unsigned long, int)
                0x00000000c0018674                VAS::allocatePages(int, int)
                0x00000000c001876a                VAS::mapRange(unsigned long, unsigned long, int, int)
                0x00000000c00187c2                VAS::mapForeignPage(bool, VAS*, unsigned long, unsigned long, int)
                0x00000000c00188b8                VAS::VAS(bool)
                0x00000000c00188b8                VAS::VAS(bool)
                0x00000000c0018b02                VAS::evict(unsigned long)
                0x00000000c0018be0                VAS::tryLoadBackOffDisk(unsigned long)
                0x00000000c0018d7a                VAS::allocateSharedMemoryWithKernel(unsigned long, unsigned long*)
                0x00000000c0018dee                VAS::freeSharedMemoryWithKernel(unsigned long, unsigned long)
                0x00000000c0018e1a                VAS::scanForEviction()
                0x00000000c0018f1d                mapVASFirstTime
 .text          0x00000000c0019018       0x5f coreobjs/c++.32
                0x00000000c0019018                __cxa_atexit
                0x00000000c001901b                __cxa_finalize
                0x00000000c001901c                __stack_chk_fail
                0x00000000c0019052                __cxa_pure_virtual
                0x00000000c0019063                operator new[](unsigned long)
                0x00000000c0019068                operator delete(void*, unsigned long)
                0x00000000c001906d                operator delete[](void*)
                0x00000000c0019072                operator delete[](void*, unsigned long)
 .text          0x00000000c0019077      0x254 dbg/kconsole.32
                0x00000000c0019077                Dbg::stringifyxWithBase(unsigned int, char*, int)
                0x00000000c0019117                Dbg::logc(char)
                0x00000000c0019137                Dbg::logs(char*)
                0x00000000c0019156                Dbg::logWriteInt(unsigned int)
                0x00000000c0019174                Dbg::logWriteIntBase(unsigned int, int)
                0x00000000c0019195                Dbg::kprintf(char const*, ...)
 *fill*         0x00000000c00192cb        0x1 
 .text          0x00000000c00192cc      0x2d4 dbg/usban.32
                0x00000000c00192cc                KiUbsanPrintDetails(char const*, void*)
                0x00000000c0019338                __ubsan_handle_type_mismatch_v1
                0x00000000c0019414                __ubsan_handle_pointer_overflow
                0x00000000c0019440                __ubsan_handle_out_of_bounds
                0x00000000c001946c                __ubsan_handle_add_overflow
                0x00000000c0019498                __ubsan_handle_load_invalid_value
                0x00000000c00194c4                __ubsan_handle_divrem_overflow
                0x00000000c00194f0                __ubsan_handle_mul_overflow
                0x00000000c001951c                __ubsan_handle_sub_overflow
                0x00000000c0019548                __ubsan_handle_shift_out_of_bounds
                0x00000000c0019574                __ubsan_handle_negate_overflow
 .text          0x00000000c00195a0      0x86d fs/symlink.32
                0x00000000c00196ef                KiDeinitialiseSymlinks(void*)
                0x00000000c0019782                KeRegisterSymlink(char const*, unsigned long long)
                0x00000000c0019814                KeInitialiseSymlinks()
                0x00000000c0019988                KiIsSymlinkRegistered(char const*)
                0x00000000c0019b0c                KeDereferenceSymlink(char const*, char*)
                0x00000000c0019cb3                KeCreateSymlink(char const*, char const*)
 *fill*         0x00000000c0019e0d        0x1 
 .text          0x00000000c0019e0e      0xd68 fs/vfs.32
                0x00000000c0019e0e                File::read(unsigned long long, void*, int*)
                0x00000000c0019e66                File::write(unsigned long long, void*, int*)
                0x00000000c0019ebe                Directory::read(unsigned long long, void*, int*)
                0x00000000c0019f16                Directory::write(unsigned long long, void*, int*)
                0x00000000c0019f44                File::isAtty()
                0x00000000c0019f48                Directory::isAtty()
                0x00000000c0019f4c                Filesystem::getlabel(LogicalDisk*, int, char*, unsigned int*)
                0x00000000c0019f52                Filesystem::setlabel(LogicalDisk*, int, char*)
                0x00000000c0019f58                Filesystem::allocateSwapfile(char const*, int)
                0x00000000c0019f5e                File::~File()
                0x00000000c0019f5e                File::~File()
                0x00000000c0019f82                File::~File()
                0x00000000c0019fac                Directory::~Directory()
                0x00000000c0019fac                Directory::~Directory()
                0x00000000c0019fd0                Directory::~Directory()
                0x00000000c0019ffa                Filesystem::Filesystem()
                0x00000000c0019ffa                Filesystem::Filesystem()
                0x00000000c001a01e                Filesystem::~Filesystem()
                0x00000000c001a01e                Filesystem::~Filesystem()
                0x00000000c001a02c                Filesystem::~Filesystem()
                0x00000000c001a050                Fs::getcwd(Process*, char*, int)
                0x00000000c001a07a                Fs::initVFS()
                0x00000000c001a0a4                Fs::standardiseFiles(char*, char const*, char const*, bool)
                0x00000000c001a2be                File::File(char const*, Process*, bool)
                0x00000000c001a2be                File::File(char const*, Process*, bool)
                0x00000000c001a39c                File::File(char const*, Process*)
                0x00000000c001a39c                File::File(char const*, Process*)
                0x00000000c001a3ba                File::open(FileOpenMode)
                0x00000000c001a418                File::close()
                0x00000000c001a478                File::seek(unsigned long long)
                0x00000000c001a4ce                File::truncate(unsigned long long)
                0x00000000c001a524                File::tell(unsigned long long*)
                0x00000000c001a574                File::rewind()
                0x00000000c001a588                File::unlink()
                0x00000000c001a5d4                File::rename(char const*)
                0x00000000c001a622                File::chfatattr(unsigned char, unsigned char)
                0x00000000c001a67e                File::exists()
                0x00000000c001a6bc                File::stat(unsigned long long*, bool*)
                0x00000000c001a71d                Fs::setcwd(Process*, char*)
                0x00000000c001a87c                Directory::Directory(char const*, Process*)
                0x00000000c001a87c                Directory::Directory(char const*, Process*)
                0x00000000c001a944                Directory::open()
                0x00000000c001a9a0                Directory::close()
                0x00000000c001aa00                Directory::unlink()
                0x00000000c001aa4c                Directory::rename(char const*)
                0x00000000c001aa9a                Directory::exists()
                0x00000000c001aad8                Directory::read(dirent*)
                0x00000000c001ab24                Directory::create()
                0x00000000c001ab70                Filesystem::chfatattr(char const*, unsigned char, unsigned char)
 *fill*         0x00000000c001ab76        0x2 
 .text          0x00000000c001ab78       0x86 hal/bus.32
                0x00000000c001ab78                Bus::Bus(char const*)
                0x00000000c001ab78                Bus::Bus(char const*)
                0x00000000c001abb0                Bus::~Bus()
                0x00000000c001abb0                Bus::~Bus()
                0x00000000c001abd4                Bus::~Bus()
 .text          0x00000000c001abfe       0x96 hal/buzzer.32
                0x00000000c001abfe                beepThread(void*)
                0x00000000c001ac3b                Krnl::beep(int, int, bool)
 .text          0x00000000c001ac94      0x45f hal/clock.32
                0x00000000c001ac94                User::loadClockSettings(int)
                0x00000000c001ace6                Clock::Clock(char const*)
                0x00000000c001ace6                Clock::Clock(char const*)
                0x00000000c001ad1c                Clock::~Clock()
                0x00000000c001ad1c                Clock::~Clock()
                0x00000000c001ad40                Clock::~Clock()
                0x00000000c001ad6a                Clock::timeInSecondsLocal()
                0x00000000c001adb2                Clock::setTimeInSecondsLocal(unsigned long long)
                0x00000000c001ae0b                datetimeToSeconds(datetime_t)
                0x00000000c001af2a                Clock::setTimeInDatetimeLocal(datetime_t)
                0x00000000c001af8a                secondsToDatetime(unsigned long long)
                0x00000000c001b0ce                Clock::timeInDatetimeLocal()
 *fill*         0x00000000c001b0f3        0x1 
 .text          0x00000000c001b0f4      0x47a hal/device.32
                0x00000000c001b0f4                Device::hibernate()
                0x00000000c001b0f6                Device::wake()
                0x00000000c001b0f8                Device::detect()
                0x00000000c001b0fa                Device::disableLegacy()
                0x00000000c001b0fc                Device::powerSaving(PowerSavingLevel)
                0x00000000c001b0fe                DriverlessDevice::close(int, int, void*)
                0x00000000c001b102                DriverlessDevice::detect()
                0x00000000c001b104                DriverlessDevice::open(int, int, void*)
                0x00000000c001b118                Device::~Device()
                0x00000000c001b118                Device::~Device()
                0x00000000c001b126                Device::~Device()
                0x00000000c001b14e                Device::findAndLoadDriver()
                0x00000000c001b15c                Device::preOpenPCI(PCIDeviceInfo)
                0x00000000c001b182                Device::preOpenACPI(void*, char*, char*)
                0x00000000c001b1c2                Device::addIRQHandler(int, void (*)(regs*, void*), bool, void*)
                0x00000000c001b1ec                Device::getParent()
                0x00000000c001b1f8                Device::removeIRQHandler(int, void (*)(regs*, void*), bool)
                0x00000000c001b216                Device::addChild(Device*)
                0x00000000c001b25a                Device::removeAllChildren()
                0x00000000c001b2a0                Device::hibernateAll()
                0x00000000c001b2d0                Device::wakeAll()
                0x00000000c001b300                Device::detectAll()
                0x00000000c001b330                Device::disableLegacyAll()
                0x00000000c001b332                Device::loadDriversForAll()
                0x00000000c001b334                Device::powerSavingAll(PowerSavingLevel)
                0x00000000c001b36a                Device::setName(char const*)
                0x00000000c001b378                Device::Device(char const*)
                0x00000000c001b378                Device::Device(char const*)
                0x00000000c001b474                Device::getName()
                0x00000000c001b47e                Device::closeAll()
                0x00000000c001b4ca                DriverlessDevice::DriverlessDevice(char const*)
                0x00000000c001b4ca                DriverlessDevice::DriverlessDevice(char const*)
                0x00000000c001b500                Device::addToLinkedList(LinkedList<Device>&, DeviceType)
                0x00000000c001b544                getDevicesOfType(DeviceType)
 *fill*         0x00000000c001b56e        0x2 
 .text          0x00000000c001b570       0x86 hal/diskctrl.32
                0x00000000c001b570                HardDiskController::HardDiskController(char const*)
                0x00000000c001b570                HardDiskController::HardDiskController(char const*)
                0x00000000c001b5a8                HardDiskController::~HardDiskController()
                0x00000000c001b5a8                HardDiskController::~HardDiskController()
                0x00000000c001b5cc                HardDiskController::~HardDiskController()
 .text          0x00000000c001b5f6       0xe2 hal/diskphys.32
                0x00000000c001b5f6                PhysicalDisk::eject()
                0x00000000c001b5fa                PhysicalDisk::PhysicalDisk(char const*, int)
                0x00000000c001b5fa                PhysicalDisk::PhysicalDisk(char const*, int)
                0x00000000c001b662                PhysicalDisk::startCache()
                0x00000000c001b68a                PhysicalDisk::~PhysicalDisk()
                0x00000000c001b68a                PhysicalDisk::~PhysicalDisk()
                0x00000000c001b6ae                PhysicalDisk::~PhysicalDisk()
 .text          0x00000000c001b6d8        0x0 hal/fpu.32
 .text          0x00000000c001b6d8      0x359 hal/intctrl.32
                0x00000000c001b6d8                int_handler
                0x00000000c001b762                installISRHandler(int, void (*)(regs*, void*), void*)
                0x00000000c001b7ac                installIRQHandler(int, void (*)(regs*, void*), bool, void*)
                0x00000000c001b8e0                uninstallISRHandler(int, void (*)(regs*, void*))
                0x00000000c001b914                uninstallIRQHandler(int, void (*)(regs*, void*), bool)
                0x00000000c001b992                setupINTS()
                0x00000000c001b9ef                convertLegacyIRQNumber(int)
 *fill*         0x00000000c001ba31        0x1 
 .text          0x00000000c001ba32      0x8b6 hal/keybrd.32
                0x00000000c001ba32                startGUI(void*)
                0x00000000c001ba9c                startGUIVESA(void*)
                0x00000000c001bb06                sendKeyToTerminal(unsigned char)
                0x00000000c001bbe1                sendKeyboardToken(KeyboardToken)
                0x00000000c001c0cb                clearInternalKeybuffer(VgaText*)
                0x00000000c001c100                readKeyboard(VgaText*, char*, unsigned long)
                0x00000000c001c25e                Keyboard::Keyboard(char const*)
                0x00000000c001c25e                Keyboard::Keyboard(char const*)
                0x00000000c001c29a                Keyboard::~Keyboard()
                0x00000000c001c29a                Keyboard::~Keyboard()
                0x00000000c001c2be                Keyboard::~Keyboard()
 .text          0x00000000c001c2e8      0x3f8 hal/logidisk.32
                0x00000000c001c2e8                LogicalDisk::close(int, int, void*)
                0x00000000c001c2ec                LogicalDisk::~LogicalDisk()
                0x00000000c001c2ec                LogicalDisk::~LogicalDisk()
                0x00000000c001c310                LogicalDisk::~LogicalDisk()
                0x00000000c001c33a                LogicalDisk::open(int, int, void*)
                0x00000000c001c34e                LogicalDisk::absoluteToRelative(unsigned long long)
                0x00000000c001c386                LogicalDisk::relativeToAbsolute(unsigned long long)
                0x00000000c001c3cc                LogicalDisk::LogicalDisk(char const*, PhysicalDisk*, unsigned long long, unsigned long long)
                0x00000000c001c3cc                LogicalDisk::LogicalDisk(char const*, PhysicalDisk*, unsigned long long, unsigned long long)
                0x00000000c001c48c                LogicalDisk::assignDriveLetter()
                0x00000000c001c546                LogicalDisk::mount()
                0x00000000c001c58e                LogicalDisk::unmount()
                0x00000000c001c59e                LogicalDisk::eject()
                0x00000000c001c5b2                LogicalDisk::unassignDriveLetter()
                0x00000000c001c608                LogicalDisk::read(unsigned long long, int, void*)
                0x00000000c001c674                LogicalDisk::write(unsigned long long, int, void*)
 .text          0x00000000c001c6e0       0x86 hal/mouse.32
                0x00000000c001c6e0                Mouse::Mouse(char const*)
                0x00000000c001c6e0                Mouse::Mouse(char const*)
                0x00000000c001c718                Mouse::~Mouse()
                0x00000000c001c718                Mouse::~Mouse()
                0x00000000c001c73c                Mouse::~Mouse()
 .text          0x00000000c001c766       0x90 hal/nic.32
                0x00000000c001c766                NIC::getMAC()
                0x00000000c001c76c                NIC::write(int, unsigned char*, int*)
                0x00000000c001c772                NIC::NIC(char const*)
                0x00000000c001c772                NIC::NIC(char const*)
                0x00000000c001c7a8                NIC::~NIC()
                0x00000000c001c7a8                NIC::~NIC()
                0x00000000c001c7cc                NIC::~NIC()
 .text          0x00000000c001c7f6      0x33b hal/partition.32
                0x00000000c001c7f6                makePartition(PhysicalDisk*, unsigned long long, unsigned long long)
                0x00000000c001c89e                createPartitionsForDisk(PhysicalDisk*)
 *fill*         0x00000000c001cb31        0x3 
 .text          0x00000000c001cb34       0x86 hal/serial.32
                0x00000000c001cb34                Serial::Serial(char const*)
                0x00000000c001cb34                Serial::Serial(char const*)
                0x00000000c001cb6c                Serial::~Serial()
                0x00000000c001cb6c                Serial::~Serial()
                0x00000000c001cb90                Serial::~Serial()
 *fill*         0x00000000c001cbba        0x2 
 .text          0x00000000c001cbbc      0x230 hal/timer.32
                0x00000000c001cbbc                Timer::Timer(char const*)
                0x00000000c001cbbc                Timer::Timer(char const*)
                0x00000000c001cbf4                Timer::~Timer()
                0x00000000c001cbf4                Timer::~Timer()
                0x00000000c001cc18                Timer::~Timer()
                0x00000000c001cc42                Timer::read()
                0x00000000c001cc4d                setupTimer(int)
                0x00000000c001cc88                timerHandler(unsigned int)
 .text          0x00000000c001cdec      0x444 hal/vcache.32
                0x00000000c001cdec                VCache::VCache(PhysicalDisk*)
                0x00000000c001cdec                VCache::VCache(PhysicalDisk*)
                0x00000000c001cf5c                VCache::invalidateReadBuffer()
                0x00000000c001cf6c                VCache::writeWriteBuffer()
                0x00000000c001cfb8                VCache::~VCache()
                0x00000000c001cfb8                VCache::~VCache()
                0x00000000c001d010                VCache::~VCache()
                0x00000000c001d038                VCache::write(unsigned long long, int, void*)
                0x00000000c001d12c                VCache::read(unsigned long long, int, void*)
 .text          0x00000000c001d230      0x70e hal/video.32
                0x00000000c001d230                Video::putrect(int, int, int, int, unsigned int)
                0x00000000c001d27c                Video::bitblit(int, int, int, int, int, int, int, unsigned int*)
                0x00000000c001d2ec                Video::blit(unsigned int*, int, int, int, int)
                0x00000000c001d36a                Video::clearScreen(unsigned int)
                0x00000000c001d39e                Video::putpixel(int, int, unsigned int)
                0x00000000c001d3ac                Video::readPixelApprox(int, int)
                0x00000000c001d3c0                Video::Video(char const*)
                0x00000000c001d3c0                Video::Video(char const*)
                0x00000000c001d3f6                Video::~Video()
                0x00000000c001d3f6                Video::~Video()
                0x00000000c001d41a                Video::~Video()
                0x00000000c001d444                Video::isMonochrome()
                0x00000000c001d450                Video::getWidth()
                0x00000000c001d45c                Video::getHeight()
                0x00000000c001d468                Video::drawCursor(int, int, unsigned int*, int)
                0x00000000c001d524                Video::tgaParse(unsigned char*, int, int*, int*)
                0x00000000c001d8ce                Video::putTGA(int, int, unsigned char*, int)
 *fill*         0x00000000c001d93e        0x2 
 .text          0x00000000c001d940     0x1413 hw/acpi.32
                0x00000000c001d940                ACPI::close(int, int, void*)
                0x00000000c001da7c                findRSDP()
                0x00000000c001db14                loadACPITables(unsigned char*)
                0x00000000c001dd80                findRSDT(unsigned char*)
                0x00000000c001ded8                findDataTable(unsigned char*, char*)
                0x00000000c001df58                scanMADT()
                0x00000000c001e410                ACPI::ACPI()
                0x00000000c001e410                ACPI::ACPI()
                0x00000000c001e464                ACPI::getPCIIRQAssignment(unsigned char, unsigned short, unsigned char)
                0x00000000c001e560                ACPI::registerPCIIRQAssignment(void*, unsigned short, unsigned char, unsigned char)
                0x00000000c001e62c                ACPI::setScreenBrightnessLevel(void*, int)
                0x00000000c001e634                ACPI::detectPCI()
                0x00000000c001e854                ACPI::writeSimpleBootFlag(SimpleBootFlagTable*)
                0x00000000c001e89c                ACPI::sleep()
                0x00000000c001e8b8                ACPI::open(int, int, void*)
 *fill*         0x00000000c001ed53        0x1 
 .text          0x00000000c001ed54      0xbc5 hw/cpu.32
                0x00000000c001ed54                CPU::close(int, int, void*)
                0x00000000c001ed58                CPU::AMD_K6_write_msr(unsigned int, unsigned int, unsigned int, CPU::REGS*)
                0x00000000c001ed74                CPU::AMD_K6_read_msr(unsigned int, CPU::REGS*)
                0x00000000c001ed8c                CPU::AMD_K6_writeback(int, int, int)
                0x00000000c001ee00                CPU::cpuid(int, unsigned long*, unsigned long*, unsigned long*, unsigned long*)
                0x00000000c001ee84                CPU::cpuidCheckEDX(unsigned int)
                0x00000000c001eeb2                CPU::cpuidCheckECX(unsigned int)
                0x00000000c001eee0                CPU::cpuidCheckExtendedEBX(unsigned int)
                0x00000000c001ef0e                CPU::cpuidCheckExtendedECX(unsigned int)
                0x00000000c001ef3c                CPU::CPU()
                0x00000000c001ef3c                CPU::CPU()
                0x00000000c001efca                CPU::displayFeatures()
                0x00000000c001efcc                CPU::detectFeatures()
                0x00000000c001f6a0                CPU::setupSMEP()
                0x00000000c001f6ac                CPU::setupUMIP()
                0x00000000c001f6b6                CPU::setupTSC()
                0x00000000c001f6c0                CPU::setupLargePages()
                0x00000000c001f6ca                CPU::setupPAT()
                0x00000000c001f706                CPU::setupMTRR()
                0x00000000c001f708                CPU::setupGlobalPages()
                0x00000000c001f712                CPU::allowUsermodeDataAccess()
                0x00000000c001f724                CPU::prohibitUsermodeDataAccess()
                0x00000000c001f736                CPU::setupSMAP()
                0x00000000c001f744                CPU::setupFeatures()
                0x00000000c001f810                CPU::open(int, int, void*)
 .text          0x00000000c001f919       0xb6 krnl/atexit.32
                0x00000000c001f919                KeInitialiseAtexit()
                0x00000000c001f938                KeRegisterAtexit(void (*)(void*), void*)
                0x00000000c001f96c                KeExecuteAtexit()
 .text          0x00000000c001f9cf       0xdf krnl/bootmsg.32
                0x00000000c001f9cf                KeDisplaySplashScreen()
                0x00000000c001fa4b                KeSetBootMessage(char const*)
 *fill*         0x00000000c001faae        0x2 
 .text          0x00000000c001fab0       0x48 krnl/cdefs.32
                0x00000000c001fab0                CUnlockScheduler
                0x00000000c001facc                CLockScheduler
                0x00000000c001fadc                CPrintf
 .text          0x00000000c001faf8       0x1d krnl/compat.32
                0x00000000c001faf8                Krnl::handlePowerButton()
                0x00000000c001fb08                Krnl::handleSleepButton()
 .text          0x00000000c001fb15       0x2b krnl/crc32.32
                0x00000000c001fb15                KeCalculateCRC32(unsigned char*, int)
 .text          0x00000000c001fb40      0x5bf krnl/env.32
                0x00000000c001fb40                EnvVarContainer::getEnv(char const*)
                0x00000000c001fb7e                EnvVarContainer::setEnv(char const*, char const*)
                0x00000000c001fc40                EnvVarContainer::deleteEnv(char const*)
                0x00000000c001fc42                EnvVarContainer::loadFrom(char const*, char const*)
                0x00000000c001fe66                EnvVarContainer::__loadSystem()
                0x00000000c001fe80                EnvVarContainer::__loadUser()
                0x00000000c001fe82                EnvVarContainer::EnvVarContainer(Process*)
                0x00000000c001fe82                EnvVarContainer::EnvVarContainer(Process*)
                0x00000000c001fea4                EnvVarContainer::~EnvVarContainer()
                0x00000000c001fea4                EnvVarContainer::~EnvVarContainer()
                0x00000000c001fed4                KeGetEnv(Process*, char const*)
                0x00000000c001ff39                KeSetEnvSystem(char const*, char const*)
                0x00000000c001ff53                KeSetEnvUser(char const*, char const*)
                0x00000000c001ff72                KeSetEnvProcess(Process*, char const*, char const*)
                0x00000000c001ff85                KeDeleteEnvSystem(char const*)
                0x00000000c001ff86                KeDeleteEnvUser(char const*)
                0x00000000c001ff87                KeDeleteEnvProcess(Process*, char const*)
                0x00000000c001ff88                KeNewProcessEnv(Process*)
                0x00000000c001ffaa                KeCopyProcessEnv(Process*, Process*)
                0x00000000c001fff6                KeLoadSystemEnv()
                0x00000000c0020024                KeLoadUserEnv()
                0x00000000c002004a                KeFlushEnv()
                0x00000000c002004b                KeGetProcessTotalEnvCount(Process*)
                0x00000000c002006b                KeGetProcessEnvPair(Process*, int)
 .text          0x00000000c00200ff       0x94 krnl/inlines.32
                0x00000000c00200ff                CPU::current()
                0x00000000c002010b                operator new(unsigned long)
                0x00000000c0020110                operator delete(void*)
                0x00000000c0020115                disableIRQs()
                0x00000000c0020117                enableIRQs()
                0x00000000c0020119                lockScheduler()
                0x00000000c0020121                unlockScheduler()
                0x00000000c0020130                lockStuff()
                0x00000000c002013e                unlockStuff()
                0x00000000c0020178                Virt::getAKernelVAS()
                0x00000000c002017e                __not_memcpy
 *fill*         0x00000000c0020193        0x1 
 .text          0x00000000c0020194       0x1a krnl/mutex.32
                0x00000000c0020194                Mutex::Mutex()
                0x00000000c0020194                Mutex::Mutex()
 .text          0x00000000c00201ae        0xc krnl/panic.32
                0x00000000c00201ae                KePanic(char const*)
 .text          0x00000000c00201ba      0x142 krnl/powctrl.32
                0x00000000c00201ba                KePowerThread(void*)
                0x00000000c00201e8                KeChangePowerSettings(PowerSettings)
                0x00000000c00201fe                KeUserIOReceived()
                0x00000000c0020209                KeHandlePowerButton()
                0x00000000c002023e                KeHandleSleepButton()
                0x00000000c0020273                KeSetupPowerManager()
 .text          0x00000000c00202fc       0x9d krnl/random.32
                0x00000000c00202fc                KeRand()
                0x00000000c002033e                KeSeedRand(unsigned int)
                0x00000000c0020367                KeInitRand()
 *fill*         0x00000000c0020399        0x3 
 .text          0x00000000c002039c      0x1bc krnl/resolve.32
                0x00000000c002039c                KeResolveCompatibilitySymbol(char*)
 .text          0x00000000c0020558      0x415 krnl/semaphore.32
                0x00000000c0020558                Semaphore::Semaphore(int)
                0x00000000c0020558                Semaphore::Semaphore(int)
                0x00000000c0020588                Semaphore::tryAcquire()
                0x00000000c0020664                Semaphore::assertLocked(char const*)
                0x00000000c00206f4                Semaphore::acquire(int)
                0x00000000c002089c                Semaphore::acquire()
                0x00000000c00208b8                Semaphore::release()
 .text          0x00000000c002096d      0x322 krnl/signal.32
                0x00000000c002096d                KiSigKill(int)
                0x00000000c0020981                KiDefaultSignalHandlerIgnore(int)
                0x00000000c0020982                KiDefaultSignalHandlerPause(int)
                0x00000000c00209ae                KiDefaultSignalHandlerResume(int)
                0x00000000c00209da                KeDeinitSignals(SigHandlerBlock*)
                0x00000000c00209df                KeInitSignals()
                0x00000000c0020a31                KeRegisterSignalHandler(SigHandlerBlock*, int, void (*)(int), unsigned int, int)
                0x00000000c0020a67                KeRaiseSignal(SigHandlerBlock*, int)
                0x00000000c0020ae4                KeCheckSignal(SigHandlerBlock*, int*)
                0x00000000c0020bdb                KiCheckSignalZ
                0x00000000c0020c1d                KeCompleteSignal(SigHandlerBlock*, int)
                0x00000000c0020c58                KiFinishSignalZ
 .text          0x00000000c0020c8f      0xe10 krnl/syscalls.32
                0x00000000c0020c8f                SysSeekDir(regs*)
                0x00000000c0020c94                SysTellDir(regs*)
                0x00000000c0020c99                SysVerify(regs*)
                0x00000000c0020ca3                SysGetArgc(regs*)
                0x00000000c0020cb7                SysTTYName(regs*)
                0x00000000c0020cbf                SysFormatDisk(regs*)
                0x00000000c0020d36                SysSetDiskVolumeLabel(regs*)
                0x00000000c0020d8a                SysGetDiskVolumeLabel(regs*)
                0x00000000c0020de3                SysShutdown(regs*)
                0x00000000c0020e41                SysRealpath(regs*)
                0x00000000c0020e85                SysReadDir(regs*)
                0x00000000c0020f05                SysIsATTY(regs*)
                0x00000000c0020f5f                SysSeek(regs*)
                0x00000000c0020fb6                SysTell(regs*)
                0x00000000c0021023                SysSize(regs*)
                0x00000000c0021096                SysSizeFromFilename(regs*)
                0x00000000c00211c7                SysSizeFromFilenameNoSymlink(regs*)
                0x00000000c00212f8                SysClose(regs*)
                0x00000000c0021358                SysOpenDir(regs*)
                0x00000000c00213d5                SysMakeDir(regs*)
                0x00000000c0021443                SysCloseDir(regs*)
                0x00000000c0021497                SysWait(regs*)
                0x00000000c00214b8                SysNotImpl(regs*)
                0x00000000c00214d3                SysPanic(regs*)
                0x00000000c00214ee                SysRmdir(regs*)
                0x00000000c0021553                SysUnlink(regs*)
                0x00000000c00215b8                SysGetArgv(regs*)
                0x00000000c0021605                SysUSleep(regs*)
                0x00000000c002162e                SysSpawn(regs*)
                0x00000000c00216a1                SysGetEnv(regs*)
                0x00000000c0021752                SysSetFatAttrib(regs*)
                0x00000000c00217c5                SysPipe(regs*)
                0x00000000c002180a                SysGetUnixTime(regs*)
                0x00000000c002181e                string_ends_with(char const*, char const*)
                0x00000000c0021866                SysOpen(regs*)
                0x00000000c0021a5d                KeSystemCall(regs*, void*)
 *fill*         0x00000000c0021a9f        0x1 
 .text          0x00000000c0021aa0      0x159 net/ethernet.32
                0x00000000c0021aa0                KeSwitchEndian16(unsigned short)
                0x00000000c0021ac4                KeSwitchEndian32(unsigned int)
                0x00000000c0021af4                EthernetCRC32(unsigned char*, int)
                0x00000000c0021b98                EthernetReceivedPacket(EthernetUnwrappedFrame*, unsigned short)
 *fill*         0x00000000c0021bf9        0x3 
 .text          0x00000000c0021bfc       0x8d net/netosl.32
                0x00000000c0021bfc                KeNetCreateSemaphore
                0x00000000c0021c34                KeNetFreeSemaphore
                0x00000000c0021c50                KeNetSignalSemaphore
                0x00000000c0021c6c                KeNetWaitSemaphore
 .text          0x00000000c0021c89      0xd56 reg/cm.32
                0x00000000c0021c89                CmOpen(char const*)
                0x00000000c0021da7                CmClose(Reghive_Tag*)
                0x00000000c0021dbd                CmReadExtent(Reghive_Tag*, int, unsigned char*)
                0x00000000c0021df9                CmGetString(Reghive_Tag*, int, char*)
                0x00000000c0021e70                CmEnterDirectory(Reghive_Tag*, int)
                0x00000000c0021eaf                CmGetNext(Reghive_Tag*, int)
                0x00000000c0021ee1                CmWriteExtent(Reghive_Tag*, int, unsigned char*)
                0x00000000c0021f1d                CmFreeExtent(Reghive_Tag*, int)
                0x00000000c0021f45                CmUpdateHeader(Reghive_Tag*)
                0x00000000c0021f66                CmExpand(Reghive_Tag*, int)
                0x00000000c0021fe1                CmFindUnusedExtent(Reghive_Tag*)
                0x00000000c0022067                CmCreateExtent(Reghive_Tag*, int, int, unsigned char*)
                0x00000000c002215b                CmSetString(Reghive_Tag*, int, char const*)
                0x00000000c0022297                CmGetMatch(char*, char*, bool, bool*)
                0x00000000c00222f8                CmAddShift(unsigned int*, int*, unsigned char, int)
                0x00000000c0022328                CmGetShift(unsigned int*, int*, int, bool*)
                0x00000000c002235f                CmGetInteger(Reghive_Tag*, int, unsigned long long*)
                0x00000000c0022389                CmSetInteger(Reghive_Tag*, int, unsigned long long)
                0x00000000c00223c9                CmConvertFromInternalFilename(unsigned char const*, char*)
                0x00000000c002246d                CmGetNameAndTypeFromExtent(Reghive_Tag*, int, char*)
                0x00000000c002249b                CmConvertToInternalFilename(char const*, unsigned char*)
                0x00000000c0022639                CmCreateString(Reghive_Tag*, int, char const*)
                0x00000000c0022686                CmFindInDirectory(Reghive_Tag*, int, char const*)
                0x00000000c0022700                CmCreateInteger(Reghive_Tag*, int, char const*, unsigned long long, int)
                0x00000000c0022753                CmCreateDirectory(Reghive_Tag*, int, char const*)
                0x00000000c0022817                zStrtok(char*, char const*)
                0x00000000c0022889                CmFindObjectFromPath(Reghive_Tag*, char const*)
                0x00000000c002290a                CmDisplayTree(Reghive_Tag*, int, int)
                0x00000000c00229ad                CmSplitFinalSlashInPlace(char*)
 .text          0x00000000c00229df      0x52a reg/registry.32
                0x00000000c00229df                Reg::findLineFromLoadedData(char*, char*, char*)
                0x00000000c0022b50                Reg::getLineFromRegistry(char*, char*, char*, char*)
                0x00000000c0022ca5                Reg::getLine(char*, char*, char*)
                0x00000000c0022cdc                Reg::readInt(char*, char*, int*)
                0x00000000c0022dca                Reg::readString(char*, char*, char*, int)
                0x00000000c0022e4b                Reg::readBool(char*, char*, bool*)
                0x00000000c0022e70                Reg::readBoolWithDefault(char*, char*, bool)
                0x00000000c0022e9c                Reg::readIntWithDefault(char*, char*, int)
                0x00000000c0022ec8                Reg::readStringWithDefault(char*, char*, char*, int, char*)
 .text          0x00000000c0022f09       0x36 sys/eject.32
                0x00000000c0022f09                SysEject(regs*)
 .text          0x00000000c0022f3f       0x18 sys/exit.32
                0x00000000c0022f3f                SysExit(regs*)
 .text          0x00000000c0022f57       0x1f sys/getcwd.32
                0x00000000c0022f57                SysGetCwd(regs*)
 .text          0x00000000c0022f76        0xc sys/getpid.32
                0x00000000c0022f76                SysGetPID(regs*)
 .text          0x00000000c0022f82       0x1a sys/getramdata.32
                0x00000000c0022f82                SysGetRAMData(regs*)
 .text          0x00000000c0022f9c       0x82 sys/getvgaptr.32
                0x00000000c0022f9c                SysGetVGAPtr(regs*)
 *fill*         0x00000000c002301e        0x2 
 .text          0x00000000c0023020       0xb9 sys/kill.32
                0x00000000c0023020                SysKill(regs*)
 .text          0x00000000c00230d9       0xa8 sys/loaddll.32
                0x00000000c00230d9                SysLoadDLL(regs*)
 .text          0x00000000c0023181       0x68 sys/read.32
                0x00000000c0023181                SysRead(regs*)
 .text          0x00000000c00231e9       0x29 sys/registersignal.32
                0x00000000c00231e9                SysRegisterSignal(regs*)
 .text          0x00000000c0023212      0x19c sys/registry.32
                0x00000000c0023212                SysRegistryGetTypeFromPath(regs*)
                0x00000000c0023289                SysRegistryReadExtent(regs*)
                0x00000000c00232d1                SysRegistryPathToExtentLookup(regs*)
                0x00000000c00232f9                SysRegistryEnterDirectory(regs*)
                0x00000000c0023321                SysRegistryGetNext(regs*)
                0x00000000c0023349                SysRegistryGetNameAndTypeFromExtent(regs*)
                0x00000000c0023383                SysRegistryOpen(regs*)
                0x00000000c0023397                SysRegistryClose(regs*)
 .text          0x00000000c00233ae       0x55 sys/sbrk.32
                0x00000000c00233ae                SysSbrk(regs*)
 .text          0x00000000c0023403       0x1c sys/setcwd.32
                0x00000000c0023403                SysSetCwd(regs*)
 .text          0x00000000c002341f       0x96 sys/settime.32
                0x00000000c002341f                SysSetTime(regs*)
 .text          0x00000000c00234b5       0x73 sys/symlink.32
                0x00000000c00234b5                SysSymlink(regs*)
 .text          0x00000000c0023528       0x4a sys/timezone.32
                0x00000000c0023528                SysTimezone(regs*)
 .text          0x00000000c0023572       0xfc sys/truncate.32
                0x00000000c0023572                SysTruncate(regs*)
 .text          0x00000000c002366e       0x68 sys/write.32
                0x00000000c002366e                SysWrite(regs*)
 .text          0x00000000c00236d6       0x62 sys/wsbe.32
                0x00000000c00236d6                SysWsbe(regs*)
 .text          0x00000000c0023738       0x25 sys/yield.32
                0x00000000c0023738                SysYield(regs*)
 .text          0x00000000c002375d     0x1207 thr/elf.32
                0x00000000c002375d                Thr::allocateMemoryForTask(Process*, File*, unsigned long, unsigned long, unsigned long)
                0x00000000c00239eb                Thr::loadProgramIntoMemory(Process*, char const*)
                0x00000000c0023bfd                Thr::runtimeReferenceHelper()
                0x00000000c0023c10                Thr::getAddressOfKernelSymbol(char const*)
                0x00000000c0023c5f                Thr::loadKernelSymbolTable(char const*)
                0x00000000c0023f1d                Thr::loadDriverIntoMemory(char const*, unsigned long, bool)
                0x00000000c0024656                Thr::getDriverBaseFromAddress(unsigned long)
                0x00000000c0024688                Thr::getDriverNameFromAddress(unsigned long)
                0x00000000c00246bf                Thr::getDriverOffsetFromAddress(unsigned long)
                0x00000000c00246d9                Thr::loadDLL(char const*, bool)
                0x00000000c002492b                Thr::executeDLL(unsigned long, void*)
 .text          0x00000000c0024964     0x1131 thr/prcssthr.32
                0x00000000c0024964                userModeEntryPoint(void*)
                0x00000000c002498c                changeTSS
                0x00000000c00249bc                switchToThread(ThreadControlBlock*)
                0x00000000c0024a6c                Process::addArgs(char**)
                0x00000000c0024ad8                Process::Process(char const*, Process*, char**)
                0x00000000c0024ad8                Process::Process(char const*, Process*, char**)
                0x00000000c0024ce4                Process::Process(bool, char const*, Process*, char**)
                0x00000000c0024ce4                Process::Process(bool, char const*, Process*, char**)
                0x00000000c0024eb8                taskStartupFunction
                0x00000000c0024ec4                KeDisablePreemption()
                0x00000000c0024eec                KeRestorePreemption()
                0x00000000c0024f0c                Process::createThread(void (*)(void*), void*, int)
                0x00000000c0025018                Process::createUserThread()
                0x00000000c0025038                setupMultitasking(void (*)())
                0x00000000c002515c                schedule()
                0x00000000c00251f0                blockTaskWithSchedulerLockAlreadyHeld(TaskState)
                0x00000000c0025218                blockTask(TaskState)
                0x00000000c0025250                waitTask(int, int*, int)
                0x00000000c0025294                milliTenthSleepUntil(unsigned int)
                0x00000000c0025334                milliTenthSleep(unsigned int)
                0x00000000c0025348                sleep(unsigned int)
                0x00000000c0025364                taskReturned
                0x00000000c00253a8                Thr::processFromPID(int)
                0x00000000c0025454                unblockTask(ThreadControlBlock*)
                0x00000000c0025500                cleanupTerminatedTask(ThreadControlBlock*)
                0x00000000c00257d4                cleanerTaskFunction(void*)
                0x00000000c00258dc                terminateTask(int)
                0x00000000c00259c8                Thr::terminateFromIRQ(int)
 .text          0x00000000c0025a95      0xc27 vm86/vm8086.32
                0x00000000c0025a95                Vm::inbv(unsigned short)
                0x00000000c0025aa8                Vm::outbv(unsigned short, unsigned char)
                0x00000000c0025ade                Vm::realToLinear(unsigned short, unsigned short)
                0x00000000c0025aee                Vm::getSegment(unsigned int)
                0x00000000c0025af6                Vm::getOffset(unsigned int)
                0x00000000c0025afb                Vm::mainloop2()
                0x00000000c0025b35                Vm::mainVm8086Loop(void*)
                0x00000000c0025b45                Vm::mainloop3(unsigned long)
                0x00000000c0025b6b                Vm::initialise8086()
                0x00000000c0025bae                Vm::finish8086()
                0x00000000c0025c0f                Vm::getOutput8086(unsigned char*)
                0x00000000c0025c34                Vm::start8086FromBuffer(unsigned char*, int, unsigned short, unsigned short, unsigned short, unsigned short)
                0x00000000c0025ced                Vm::start8086(char const*, unsigned short, unsigned short, unsigned short, unsigned short)
                0x00000000c0025e8b                Vm::doISR(regs*, int, unsigned char*, unsigned short, unsigned short)
                0x00000000c0025f24                Vm::readByteFromReal(unsigned short, unsigned short)
                0x00000000c0025f35                Vm::readWordFromReal(unsigned short, unsigned short)
                0x00000000c0025f47                Vm::readDwordFromReal(unsigned short, unsigned short)
                0x00000000c0025f58                Vm::writeByteFromReal(unsigned short, unsigned short, unsigned char)
                0x00000000c0025f6d                Vm::writeWordFromReal(unsigned short, unsigned short, unsigned short)
                0x00000000c0025f83                Vm::writeDwordFromReal(unsigned short, unsigned short, unsigned int)
                0x00000000c0025f98                Vm::faultHandler(regs*)
 .text          0x00000000c00266bc      0xaf0 arch/i386/hal.32
                0x00000000c00266bc                noCopro(unsigned long)
                0x00000000c00266bd                nmiHandler(regs*, void*)
                0x00000000c00266d6                doubleFault(regs*, void*)
                0x00000000c00266ef                displayDebugInfo(regs*)
                0x00000000c0026a74                HalSystemIdle()
                0x00000000c0026af0                displayProgramFault(char const*)
                0x00000000c0026b3c                gpFault(regs*, void*)
                0x00000000c0026ba3                pgFault(regs*, void*)
                0x00000000c0026c2c                otherISRHandler(regs*, void*)
                0x00000000c0026c60                opcodeFault(regs*, void*)
                0x00000000c0026ce3                i386SaveCoprocessor(void*)
                0x00000000c0026cf7                i386LoadCoprocessor(void*)
                0x00000000c0026d0b                x87EmulHandler(regs*, void*)
                0x00000000c0026da8                HalInitialiseCoprocessor()
                0x00000000c0026e56                HalPanic(char const*)
                0x00000000c0026f6a                HalQueryPerformanceCounter()
                0x00000000c0026f85                HalInitialise()
                0x00000000c002713b                HalMakeBeep(int)
                0x00000000c0027175                HalGetRand()
                0x00000000c0027178                HalEndOfInterrupt(int)
                0x00000000c00271a9                HalRestart()
                0x00000000c00271aa                HalShutdown()
                0x00000000c00271ab                HalSleep()
 .text          0x00000000c00271ac      0x2dc arch/i386/pic.32
                0x00000000c00271ac                picIoWait()
                0x00000000c00271b4                picDisable()
                0x00000000c00271e8                picGetIRQReg(int)
                0x00000000c0027264                picOpen()
                0x00000000c00273e8                picEOI(int)
 .text          0x00000000c0027488      0x674 arch/i386/rtc.32
                0x00000000c0027488                RTC::open(int, int, void*)
                0x00000000c002748c                RTC::close(int, int, void*)
                0x00000000c0027490                RTC::timeInSecondsUTC()
                0x00000000c00274a2                RTC::timeInDatetimeUTC()
                0x00000000c00274c8                RTC::setTimeInSecondsUTC(unsigned long long)
                0x00000000c0027506                RTC::~RTC()
                0x00000000c0027506                RTC::~RTC()
                0x00000000c002752a                RTC::~RTC()
                0x00000000c0027554                RTC::get_update_in_progress_flag()
                0x00000000c002756e                RTC::completeRTCRefresh()
                0x00000000c002784e                RTC::setTimeInDatetimeUTC(datetime_t)
                0x00000000c00279fc                rtcIRQHandler(regs*, void*)
                0x00000000c0027a42                RTC::RTC()
                0x00000000c0027a42                RTC::RTC()
 .text          0x00000000c0027afc      0x1f4 arch/i386/vga.32
                0x00000000c0027afc                HalConsoleScroll(int, int)
                0x00000000c0027c04                HalConsoleWriteCharacter(char, int, int, int, int)
                0x00000000c0027c68                HalConsoleCursorUpdate(int, int)
 .text          0x00000000c0027cf0     0x14cf fs/fat/vfslink.32
                0x00000000c0027cf0                FAT::getName()
                0x00000000c0027cf8                FAT::tell(void*, unsigned long long*)
                0x00000000c0027d34                FAT::stat(void*, unsigned long long*)
                0x00000000c0027d70                FAT::~FAT()
                0x00000000c0027d70                FAT::~FAT()
                0x00000000c0027d94                FAT::~FAT()
                0x00000000c0027dbc                FAT::getlabel(LogicalDisk*, int, char*, unsigned int*)
                0x00000000c0027e60                FAT::setlabel(LogicalDisk*, int, char*)
                0x00000000c0027f24                FAT::format(LogicalDisk*, int, char const*, int)
                0x00000000c0028108                FAT::tryMount(LogicalDisk*, int)
                0x00000000c0028324                FAT::allocateSwapfile(char const*, int)
                0x00000000c00284e4                FAT::readDir(void*, unsigned long, void*, int*)
                0x00000000c0028654                FAT::read(void*, unsigned long, void*, int*)
                0x00000000c00286b4                FAT::write(void*, unsigned long, void*, int*)
                0x00000000c0028714                FAT::close(void*)
                0x00000000c0028768                FAT::closeDir(void*)
                0x00000000c00287bc                FAT::truncate(void*, unsigned long long)
                0x00000000c0028828                FAT::seek(void*, unsigned long long)
                0x00000000c0028880                fatWrapperReadDisk
                0x00000000c00288c0                fatWrapperWriteDisk
                0x00000000c0028900                fatWrapperIoctl
                0x00000000c0028a1c                FAT::FAT()
                0x00000000c0028a1c                FAT::FAT()
                0x00000000c0028a74                FAT::fixFilepath(char*)
                0x00000000c0028ab4                FAT::open(char const*, void**, FileOpenMode)
                0x00000000c0028c28                FAT::openDir(char const*, void**)
                0x00000000c0028cd8                FAT::stat(char const*, unsigned long long*, bool*)
                0x00000000c0028dd0                FAT::unlink(char const*)
                0x00000000c0028e50                FAT::chfatattr(char const*, unsigned char, unsigned char)
                0x00000000c0029004                FAT::rename(char const*, char const*)
                0x00000000c00290d0                FAT::mkdir(char const*)
                0x00000000c0029150                FAT::exists(char const*)
 *fill*         0x00000000c00291bf        0x1 
 .text          0x00000000c00291c0       0x94 fs/iso9660/helper.32
                0x00000000c00291c0                isoReadDiscSectorHelper
                0x00000000c002921c                iso_kprintf
                0x00000000c0029238                iso_kprintfd
 .text          0x00000000c0029254      0x71c fs/iso9660/vfslink.32
                0x00000000c0029254                ISO9660::format(LogicalDisk*, int, char const*, int)
                0x00000000c002925a                ISO9660::truncate(void*, unsigned long long)
                0x00000000c0029260                ISO9660::getName()
                0x00000000c0029266                ISO9660::closeDir(void*)
                0x00000000c0029270                ISO9660::chfatattr(char const*, unsigned char, unsigned char)
                0x00000000c0029276                ISO9660::unlink(char const*)
                0x00000000c002927c                ISO9660::write(void*, unsigned long, void*, int*)
                0x00000000c0029282                ISO9660::rename(char const*, char const*)
                0x00000000c0029288                ISO9660::mkdir(char const*)
                0x00000000c002928e                ISO9660::~ISO9660()
                0x00000000c002928e                ISO9660::~ISO9660()
                0x00000000c00292b2                ISO9660::~ISO9660()
                0x00000000c00292da                ISO9660::exists(char const*)
                0x00000000c00292ee                ISO9660::open(char const*, void**, FileOpenMode)
                0x00000000c00293d4                ISO9660::read(void*, unsigned long, void*, int*)
                0x00000000c002941c                ISO9660::seek(void*, unsigned long long)
                0x00000000c002945e                ISO9660::tell(void*, unsigned long long*)
                0x00000000c002949c                ISO9660::stat(void*, unsigned long long*)
                0x00000000c00294ee                ISO9660::stat(char const*, unsigned long long*, bool*)
                0x00000000c0029630                ISO9660::close(void*)
                0x00000000c0029660                ISO9660::openDir(char const*, void**)
                0x00000000c002973a                ISO9660::readDir(void*, unsigned long, void*, int*)
                0x00000000c0029857                readSectorFromCDROM(unsigned int, unsigned char*, char)
                0x00000000c00298d6                ISO9660::tryMount(LogicalDisk*, int)
                0x00000000c0029948                ISO9660::ISO9660()
                0x00000000c0029948                ISO9660::ISO9660()
 .text          0x00000000c0029970      0x26c hal/sound/sndcard.32