Archive member included to satisfy reference by file (symbol)

/cygdrive/d/Users/Alex/Desktop/Toolchain/Output/bin/../lib/gcc/i386-banana/8.1.0/libkgcc.a(_divdi3.o)
                              fs/fat/ff.32 (__divdi3)
/cygdrive/d/Users/Alex/Desktop/Toolchain/Output/bin/../lib/gcc/i386-banana/8.1.0/libkgcc.a(_moddi3.o)
                              thr/elf.32 (__moddi3)
/cygdrive/d/Users/Alex/Desktop/Toolchain/Output/bin/../lib/gcc/i386-banana/8.1.0/libkgcc.a(_udivdi3.o)
                              fs/fat/ff.32 (__udivdi3)
/cygdrive/d/Users/Alex/Desktop/Toolchain/Output/bin/../lib/gcc/i386-banana/8.1.0/libkgcc.a(_umoddi3.o)
                              core/pipe.32 (__umoddi3)
D:/Users/Alex/Desktop/Banana/kernel/libsoftfp.a(sfieeelib.o)
                              hal/sound/sndhw.32 (__addsf3)
D:/Users/Alex/Desktop/Banana/kernel/libsoftfp.a(dfieeelib.o)
                              hal/libresample/src_linear.32 (__adddf3)
D:/Users/Alex/Desktop/Banana/kernel/libsoftfp.a(sfdfcvt.o)
                              hal/libresample/samplerate.32 (__truncdfsf2)
D:/Users/Alex/Desktop/Banana/kernel/libk/libm32.a(s_fabs.c.o)
                              hal/libresample/samplerate.32 (fabs)
D:/Users/Alex/Desktop/Banana/kernel/libk/libm32.a(s_lrint.S.o)
                              hal/libresample/samplerate.32 (lrint)
D:/Users/Alex/Desktop/Banana/kernel/libk/libm32.a(s_lrintf.S.o)
                              hal/sound/sndhw.32 (lrintf)

Discarded input sections

 .comment       0x0000000000000000       0x12 /cygdrive/d/Users/Alex/Desktop/Toolchain/Output/bin/../lib/gcc/i386-banana/8.1.0/crtbegin.o
 .comment       0x0000000000000000       0x12 acpica/utclib.32
 .comment       0x0000000000000000       0x12 core/malloc.32
 .comment       0x0000000000000000       0x12 libk/string.32
 .comment       0x0000000000000000       0x12 fs/fat/diskio.32
 .comment       0x0000000000000000       0x12 fs/fat/ff.32
 .comment       0x0000000000000000       0x12 fs/fat/ffsystem.32
 .comment       0x0000000000000000       0x12 fs/fat/ffunicode.32
 .comment       0x0000000000000000       0x12 hal/libresample/samplerate.32
 .comment       0x0000000000000000       0x12 hal/libresample/src_linear.32
 .comment       0x0000000000000000       0x12 hal/libresample/src_sinc.32
 .comment       0x0000000000000000       0x12 hal/libresample/src_zoh.32
 .comment       0x0000000000000000       0x12 compat/inlines.32
 .group         0x0000000000000000       0x14 core/computer.32
 .group         0x0000000000000000        0xc core/computer.32
 .comment       0x0000000000000000       0x12 core/computer.32
 .comment       0x0000000000000000       0x12 core/gdt.32
 .group         0x0000000000000000        0xc core/idle.32
 .comment       0x0000000000000000       0x12 core/idle.32
 .comment       0x0000000000000000       0x12 core/idt.32
 .comment       0x0000000000000000       0x12 core/kheap.32
 .comment       0x0000000000000000       0x12 core/main.32
 .comment       0x0000000000000000       0x12 core/physmgr.32
 .group         0x0000000000000000        0xc core/pipe.32
 .comment       0x0000000000000000       0x12 core/pipe.32
 .group         0x0000000000000000        0xc core/terminal.32
 .comment       0x0000000000000000       0x12 core/terminal.32
 .comment       0x0000000000000000       0x12 core/tss.32
 .group         0x0000000000000000        0x8 core/unixfile.32
 .group         0x0000000000000000        0xc core/unixfile.32
 .group         0x0000000000000000        0xc core/unixfile.32
 .group         0x0000000000000000        0x8 core/unixfile.32
 .group         0x0000000000000000        0xc core/unixfile.32
 .group         0x0000000000000000        0x8 core/unixfile.32
 .group         0x0000000000000000        0xc core/unixfile.32
 .group         0x0000000000000000        0xc core/unixfile.32
 .comment       0x0000000000000000       0x12 core/unixfile.32
 .comment       0x0000000000000000       0x12 core/virtmgr.32
 .comment       0x0000000000000000       0x12 coreobjs/c++.32
 .comment       0x0000000000000000       0x12 dbg/kconsole.32
 .group         0x0000000000000000        0xc fs/vfs.32
 .group         0x0000000000000000        0xc fs/vfs.32
 .group         0x0000000000000000        0xc fs/vfs.32
 .comment       0x0000000000000000       0x12 fs/vfs.32
 .group         0x0000000000000000        0xc hal/bus.32
 .comment       0x0000000000000000       0x12 hal/bus.32
 .group         0x0000000000000000        0xc hal/buzzer.32
 .comment       0x0000000000000000       0x12 hal/buzzer.32
 .group         0x0000000000000000        0xc hal/clock.32
 .comment       0x0000000000000000       0x12 hal/clock.32
 .group         0x0000000000000000       0x14 hal/device.32
 .group         0x0000000000000000        0xc hal/device.32
 .group         0x0000000000000000        0xc hal/device.32
 .group         0x0000000000000000        0xc hal/device.32
 .group         0x0000000000000000        0xc hal/device.32
[...]
Memory Configuration

Name             Origin             Length             Attributes
*default*        0x0000000000000000 0xffffffffffffffff

Linker script and memory map

LOAD D:/Users/Alex/Desktop/Banana/kernel/boot.32
LOAD crti.32
LOAD /cygdrive/d/Users/Alex/Desktop/Toolchain/Output/bin/../lib/gcc/i386-banana/8.1.0/crtbegin.o
LOAD D:/Users/Alex/Desktop/Banana/kernel/morenasm.32
LOAD acpica/utclib.32
LOAD core/malloc.32
LOAD libk/string.32
LOAD fs/fat/diskio.32
LOAD fs/fat/ff.32
LOAD fs/fat/ffsystem.32
LOAD fs/fat/ffunicode.32
LOAD hal/libresample/samplerate.32
LOAD hal/libresample/src_linear.32
LOAD hal/libresample/src_sinc.32
LOAD hal/libresample/src_zoh.32
LOAD compat/inlines.32
LOAD core/computer.32
LOAD core/gdt.32
LOAD core/idle.32
LOAD core/idt.32
LOAD core/kheap.32
LOAD core/main.32
LOAD core/physmgr.32
LOAD core/pipe.32
LOAD core/terminal.32
LOAD core/tss.32
LOAD core/unixfile.32
LOAD core/virtmgr.32
LOAD coreobjs/c++.32
LOAD dbg/kconsole.32
LOAD fs/vfs.32
LOAD hal/bus.32
LOAD hal/buzzer.32
LOAD hal/clock.32
LOAD hal/device.32
LOAD hal/diskctrl.32
LOAD hal/diskphys.32
LOAD hal/fpu.32
LOAD hal/intctrl.32
LOAD hal/keybrd.32
LOAD hal/logidisk.32
LOAD hal/mouse.32
LOAD hal/partition.32
LOAD hal/timer.32
LOAD hal/vcache.32
LOAD hal/video.32
LOAD hw/acpi.32
LOAD hw/cpu.32
LOAD hw/ports.32
LOAD krnl/panic.32
LOAD reg/registry.32
LOAD sys/sc_exit.32
LOAD sys/sc_getcwd.32
LOAD sys/sc_getpid.32
LOAD sys/sc_loaddll.32
LOAD sys/sc_read.32
LOAD sys/sc_sbrk.32
LOAD sys/sc_setcwd.32
LOAD sys/sc_write.32
LOAD sys/sc_yield.32
LOAD sys/syscalls.32
LOAD thr/elf.32
LOAD thr/prcssthr.32
LOAD vm86/vm8086.32
LOAD vm86/x87em.32
LOAD fs/fat/vfslink.32
LOAD fs/iso9660/vfslink.32
LOAD hal/sound/sndchannel.32
LOAD hal/sound/sndhw.32
LOAD hw/bus/isa.32
LOAD hw/bus/pci.32
LOAD hw/diskctrl/ide.32
LOAD hw/diskctrl/satabus.32
LOAD hw/diskphys/ata.32
LOAD hw/diskphys/atapi.32
LOAD hw/fpu/avx.32
LOAD hw/fpu/mmx.32
LOAD hw/fpu/sse.32
LOAD hw/fpu/x87.32
LOAD hw/intctrl/apic.32
LOAD hw/intctrl/pic.32
LOAD hw/timer/apictimer.32
LOAD hw/timer/pit.32
LOAD hw/fpu/x86/avx.32
LOAD hw/fpu/x86/sse.32
LOAD hw/fpu/x86/x87.32
LOAD /cygdrive/d/Users/Alex/Desktop/Toolchain/Output/bin/../lib/gcc/i386-banana/8.1.0/crtend.o
LOAD crtn.32
LOAD /cygdrive/d/Users/Alex/Desktop/Toolchain/Output/bin/../lib/gcc/i386-banana/8.1.0/libkgcc.a
LOAD D:/Users/Alex/Desktop/Banana/kernel/libsoftfp.a
LOAD D:/Users/Alex/Desktop/Banana/kernel/libk/libm32.a
                0x00000000c0000000                . = 0xc0000000

.text           0x00000000c0000000    0x25ff8
 *(.text)
 .text          0x00000000c0000000       0x41 D:/Users/Alex/Desktop/Banana/kernel/boot.32
                0x00000000c0000020                callGlobalConstructors
 .text          0x00000000c0000041        0x0 crti.32
 *fill*         0x00000000c0000041        0x3 
 .text          0x00000000c0000044      0x101 /cygdrive/d/Users/Alex/Desktop/Toolchain/Output/bin/../lib/gcc/i386-banana/8.1.0/crtbegin.o
 *fill*         0x00000000c0000145        0xb 
 .text          0x00000000c0000150      0x492 D:/Users/Alex/Desktop/Banana/kernel/morenasm.32
                0x00000000c0000150                prepareTramp
                0x00000000c0000169                voodooXADD
                0x00000000c0000234                doTPAUSE
                0x00000000c000023e                hasLegacyFPU
                0x00000000c0000263                is486
                0x00000000c0000299                detectCPUID
                0x00000000c00002af                goToVM86
                0x00000000c00002df                goToUsermode
                0x00000000c0000309                switchToThreadASMFirstTime
                0x00000000c0000317                switchToThreadASM
                0x00000000c000039f                asmQuickAcquireLock
                0x00000000c00003bd                asmQuickReleaseLock
                0x00000000c00003c9                asmAcquireLock
                0x00000000c00003ea                asmReleaseLock
                0x00000000c00003fd                loadGDT
                0x00000000c000041d                isr0
                0x00000000c000042d                isr1
                0x00000000c0000437                isr2
                0x00000000c0000441                isr3
                0x00000000c000044b                isr4
                0x00000000c0000455                isr5
                0x00000000c000045f                isr6
                0x00000000c0000469                isr7
                0x00000000c0000473                isr8
                0x00000000c000047b                isr9
                0x00000000c0000485                isr10
                0x00000000c000048d                isr11
                0x00000000c0000495                isr12
                0x00000000c000049d                isr13
                0x00000000c00004a5                isr14
                0x00000000c00004ad                isr15
                0x00000000c00004b7                isr16
                0x00000000c00004c1                isr17
                0x00000000c00004cb                isr18
                0x00000000c00004d5                irq3
                0x00000000c00004df                irq4
                0x00000000c00004e9                irq5
                0x00000000c00004f3                irq6
                0x00000000c00004fd                irq7
                0x00000000c0000507                irq8
                0x00000000c0000511                irq9
                0x00000000c000051b                irq10
                0x00000000c0000525                irq11
                0x00000000c000052f                irq12
                0x00000000c0000539                irq13
                0x00000000c0000543                irq14
                0x00000000c000054d                irq15
                0x00000000c0000557                irq1
                0x00000000c000055e                irq2
                0x00000000c0000565                isr96
                0x00000000c000056c                irq0
                0x00000000c0000571                syscall_common_stub
                0x00000000c0000571                int_common_stub
                0x00000000c0000592                irq16
                0x00000000c000059c                irq17
                0x00000000c00005a6                irq18
                0x00000000c00005b0                irq19
                0x00000000c00005ba                irq20
                0x00000000c00005c4                irq21
                0x00000000c00005ce                irq22
                0x00000000c00005d8                irq23
 .text          0x00000000c00005e2      0x40f acpica/utclib.32
                0x00000000c00005e2                memcmp
                0x00000000c000060d                memmove
                0x00000000c0000645                memcpy
                0x00000000c000067b                memset
                0x00000000c0000698                strlen
                0x00000000c00006a8                strpbrk
                0x00000000c00006cb                strtok
                0x00000000c000071a                strcpy
                0x00000000c000073a                strncpy
                0x00000000c000076b                strcmp
                0x00000000c000078c                strchr
                0x00000000c00007a2                strncmp
                0x00000000c00007d1                strcat
                0x00000000c00007f8                strncat
                0x00000000c0000832                strstr
                0x00000000c000086f                toupper
                0x00000000c0000883                tolower
                0x00000000c0000897                simple_strtoul
 .text          0x00000000c00009f1      0xfbf core/malloc.32
                0x00000000c0000b5c                dlfree
                0x00000000c0000eb7                dlmalloc
                0x00000000c00013f4                dlrealloc
                0x00000000c00015a9                dlmemalign
                0x00000000c00016cc                dlcalloc
                0x00000000c0001766                dlcfree
                0x00000000c000176b                dlindependent_calloc
                0x00000000c0001790                dlindependent_comalloc
                0x00000000c00017a7                dlvalloc
                0x00000000c00017d2                dlpvalloc
                0x00000000c0001808                dlmalloc_trim
                0x00000000c0001815                dlmalloc_usable_size
                0x00000000c0001846                dlmallinfo
                0x00000000c0001915                dlmalloc_stats
                0x00000000c0001926                dlmallopt
 .text          0x00000000c00019b0        0x0 libk/string.32
 .text          0x00000000c00019b0       0x51 fs/fat/diskio.32
                0x00000000c00019b0                disk_status
                0x00000000c00019b3                disk_initialize
                0x00000000c00019b6                disk_read
                0x00000000c00019cc                disk_write
                0x00000000c00019e2                disk_ioctl
 .text          0x00000000c0001a01     0x6833 fs/fat/ff.32
                0x00000000c0004ccf                f_mount
                0x00000000c0004d31                f_open
                0x00000000c000516d                f_read
                0x00000000c00053ed                f_write
                0x00000000c00056a7                f_sync
                0x00000000c0005883                f_close
                0x00000000c00058b2                f_lseek
                0x00000000c0005d69                f_opendir
                0x00000000c0005e6b                f_closedir
                0x00000000c0005e8d                f_readdir
                0x00000000c0005f28                f_stat
                0x00000000c0005fb7                f_getfree
                0x00000000c0006182                f_truncate
                0x00000000c000627a                f_unlink
                0x00000000c00063fd                f_mkdir
                0x00000000c0006629                f_rename
                0x00000000c000691c                f_chmod
                0x00000000c00069fa                f_utime
                0x00000000c0006ad8                f_getlabel
                0x00000000c0006cc6                f_setlabel
                0x00000000c0006f33                f_forward
                0x00000000c0007111                f_mkfs
 .text          0x00000000c0008234       0x2d fs/fat/ffsystem.32
                0x00000000c0008234                ff_memalloc
                0x00000000c000824a                ff_memfree
 .text          0x00000000c0008261      0x253 fs/fat/ffunicode.32
                0x00000000c0008261                ff_uni2oem
                0x00000000c00082f1                ff_oem2uni
                0x00000000c000835d                ff_wtoupper
 .text          0x00000000c00084b4      0x8fb hal/libresample/samplerate.32
                0x00000000c00084f8                src_delete
                0x00000000c0008534                src_process
                0x00000000c00086ea                src_callback_read
                0x00000000c0008867                src_set_ratio
                0x00000000c00088d1                src_get_channels
                0x00000000c00088f3                src_reset
                0x00000000c000893f                src_new
                0x00000000c00089cd                src_callback_new
                0x00000000c0008a2f                src_get_name
                0x00000000c0008a66                src_get_description
                0x00000000c0008a9d                src_get_version
                0x00000000c0008aa3                src_is_valid_ratio
                0x00000000c0008af7                src_error
                0x00000000c0008b05                src_strerror
                0x00000000c0008b18                src_simple
                0x00000000c0008b6b                src_short_to_float_array
                0x00000000c0008bd0                src_float_to_short_array
                0x00000000c0008c8f                src_int_to_float_array
                0x00000000c0008cf2                src_float_to_int_array
 .text          0x00000000c0008daf      0x8cb hal/libresample/src_linear.32
                0x00000000c00095d5                linear_get_name
                0x00000000c00095e4                linear_get_description
                0x00000000c00095f3                linear_set_converter
 .text          0x00000000c000967a     0x447c hal/libresample/src_sinc.32
                0x00000000c000da0d                sinc_get_name
                0x00000000c000da20                sinc_get_description
                0x00000000c000da33                sinc_set_converter
 .text          0x00000000c000daf6      0x77c hal/libresample/src_zoh.32
                0x00000000c000e1cd                zoh_get_name
                0x00000000c000e1dc                zoh_get_description
                0x00000000c000e1eb                zoh_set_converter
 .text          0x00000000c000e272       0x23 compat/inlines.32
                0x00000000c000e272                CPU::current()
                0x00000000c000e27f                operator new(unsigned long)
 *fill*         0x00000000c000e295        0x1 
 .text          0x00000000c000e296      0xa07 core/computer.32
                0x00000000c000e296                Computer::close(int, int, void*)
                0x00000000c000e2da                Computer::Computer()
                0x00000000c000e2da                Computer::Computer()
                0x00000000c000e436                Computer::setBootMessage(char const*)
                0x00000000c000e438                Computer::start()
                0x00000000c000e509                firstTask()
                0x00000000c000e518                Computer::detectFeatures()
                0x00000000c000e722                Computer::displayFeatures()
                0x00000000c000ea68                Computer::rdmsr(unsigned int)
                0x00000000c000ea94                Computer::wrmsr(unsigned int, unsigned long long)
                0x00000000c000eacc                Computer::nmiEnabled()
                0x00000000c000ead8                Computer::readCMOS(unsigned char)
                0x00000000c000eaf2                Computer::enableNMI(bool)
                0x00000000c000eb0a                Computer::open(int, int, void*)
                0x00000000c000ebe0                Computer::disableNMI()
                0x00000000c000ebee                Computer::writeCMOS(unsigned char, unsigned char)
                0x00000000c000ec0c                Computer::handleNMI()
                0x00000000c000ec72                Computer::setDiskActivityLight(int, bool)
 *fill*         0x00000000c000ec9d        0x1 
 .text          0x00000000c000ec9e      0x1b7 core/gdt.32
                0x00000000c000ec9e                GDTEntry::setBase(unsigned int)
                0x00000000c000ecba                GDTEntry::setLimit(unsigned int)
                0x00000000c000ecd8                GDT::GDT()
                0x00000000c000ecd8                GDT::GDT()
                0x00000000c000ecee                GDT::addEntry(GDTEntry)
                0x00000000c000ed2a                GDT::getNumberOfEntries()
                0x00000000c000ed32                GDT::flush()
                0x00000000c000ed54                GDT::setup()
 .text          0x00000000c000ee55       0x62 core/idle.32
                0x00000000c000ee55                idleFunction(void*)
 *fill*         0x00000000c000eeb7        0x1 
 .text          0x00000000c000eeb8      0x45f core/idt.32
                0x00000000c000eeb8                IDTEntry::IDTEntry(bool)
                0x00000000c000eeb8                IDTEntry::IDTEntry(bool)
                0x00000000c000ef26                IDTEntry::setOffset(unsigned int)
                0x00000000c000ef3a                IDT::IDT()
                0x00000000c000ef3a                IDT::IDT()
                0x00000000c000ef3c                IDT::getPointerToInvalidOpcodeEntryForF00F()
                0x00000000c000ef44                IDT::addEntry(IDTEntry, int)
                0x00000000c000ef5e                IDT::addEntry(int, void (*)(), bool)
                0x00000000c000ef96                IDT::flush()
                0x00000000c000efb0                IDT::setup()
 .text          0x00000000c000f317      0x203 core/kheap.32
                0x00000000c000f317                sbrk
                0x00000000c000f425                mmap
                0x00000000c000f43b                munmap
                0x00000000c000f451                liballoc_lock()
                0x00000000c000f462                liballoc_unlock()
                0x00000000c000f473                liballoc_alloc(int)
                0x00000000c000f48e                liballoc_free(void*, int)
                0x00000000c000f4ac                realloc
                0x00000000c000f4c0                malloc
                0x00000000c000f4d0                free
                0x00000000c000f4e0                rfree
                0x00000000c000f4f0                calloc
 .text          0x00000000c000f51a      0x38d core/main.32
                0x00000000c000f51a                hwTextMode_loadInData(VgaText*)
                0x00000000c000f55f                hwTextMode_loadInTitle(VgaText*, char*)
                0x00000000c000f5a1                hwTextMode_showCursor(VgaText*, bool)
                0x00000000c000f5f5                hwTextMode_update(VgaText*)
                0x00000000c000f5f6                hwTextMode_updateCursor(VgaText*)
                0x00000000c000f63e                hwTextMode_disableBlink(VgaText*, bool)
                0x00000000c000f67a                hwTextMode_scrollScreen(VgaText*)
                0x00000000c000f700                hwTextMode_writeCharacter(VgaText*, char, VgaColour, VgaColour, int, int)
                0x00000000c000f75e                setupTextMode()
                0x00000000c000f7af                kernel_main
 .text          0x00000000c000f8a7      0x4f3 core/physmgr.32
                0x00000000c000f8a7                Phys::allocateDMA(unsigned long)
                0x00000000c000f94a                Phys::freeDMA(unsigned long, unsigned long)
                0x00000000c000f992                Phys::setPageState(unsigned long, bool)
                0x00000000c000f9c4                Phys::getPageState(unsigned long)
                0x00000000c000f9e0                Phys::freePage(unsigned long)
                0x00000000c000fa6a                Phys::allocatePage()
                0x00000000c000fb32                Phys::allowSegmentToBeUsed(unsigned long, unsigned long)
                0x00000000c000fb6a                Phys::physicalMemorySetup(unsigned int)
 .text          0x00000000c000fd9a      0x273 core/pipe.32
                0x00000000c000fd9a                Pipe::isAtty()
                0x00000000c000fd9e                Pipe::~Pipe()
                0x00000000c000fd9e                Pipe::~Pipe()
                0x00000000c000fdc2                Pipe::~Pipe()
                0x00000000c000fdea                Pipe::read(unsigned long long, void*, int*)
                0x00000000c000fede                Pipe::write(unsigned long long, void*, int*)
                0x00000000c000ffa6                Pipe::Pipe(int)
                0x00000000c000ffa6                Pipe::Pipe(int)
 *fill*         0x00000000c001000d        0x1 
 .text          0x00000000c001000e      0xf65 core/terminal.32
                0x00000000c001000e                VgaText::isAtty()
                0x00000000c0010012                VgaText::~VgaText()
                0x00000000c0010012                VgaText::~VgaText()
                0x00000000c0010036                VgaText::~VgaText()
                0x00000000c0010060                VgaText::read(unsigned long long, void*, int*)
                0x00000000c0010080                setTerminalScrollLock(bool)
                0x00000000c0010081                addToTerminalCycle(VgaText*)
                0x00000000c00100ae                installVgaTextImplementation()
                0x00000000c00100c3                scrollTerminalScrollLock(int)
                0x00000000c00100c4                VgaText::load()
                0x00000000c0010118                VgaText::updateCursor()
                0x00000000c0010132                VgaText::showCursor(bool)
                0x00000000c0010142                VgaText::disableBlink(bool)
                0x00000000c001017c                VgaText::doANSI_SGR(int)
                0x00000000c0010208                VgaText::setDefaultBgColour(VgaColour)
                0x00000000c001021e                VgaText::setDefaultFgColour(VgaColour)
                0x00000000c0010234                VgaText::setDefaultColours(VgaColour, VgaColour)
                0x00000000c0010254                VgaText::combineColours(unsigned char, unsigned char)
                0x00000000c0010266                VgaText::scrollScreen()
                0x00000000c00102fa                VgaText::combineCharAndColour(char, unsigned char)
                0x00000000c001030c                VgaText::writeCharacter(char, VgaColour, VgaColour, int, int)
                0x00000000c001036c                VgaText::getCursorX()
                0x00000000c0010378                VgaText::getCursorY()
                0x00000000c0010384                VgaText::setCursor(int, int)
                0x00000000c00103a2                VgaText::setCursorX(int)
                0x00000000c00103be                VgaText::setCursorY(int)
                0x00000000c00103da                VgaText::incrementCursor(bool)
                0x00000000c0010442                VgaText::updateRAMUsageDisplay(int)
                0x00000000c001049c                VgaText::updateDiskUsage()
                0x00000000c0010602                VgaText::updateTitle()
                0x00000000c0010648                VgaText::setTitleTextColour(VgaColour)
                0x00000000c0010658                VgaText::setTitleColour(VgaColour)
                0x00000000c0010668                VgaText::setTitle(char*)
                0x00000000c001068e                VgaText::decrementCursor(bool)
                0x00000000c00106b6                VgaText::putchar(char, VgaColour, VgaColour)
                0x00000000c00107b2                VgaText::isShowingCursor()
                0x00000000c00107be                VgaText::isBlinkDisabled()
                0x00000000c00107cc                VgaText::setCursorHeight(int)
                0x00000000c00107ea                VgaText::getCursorHeight()
                0x00000000c00107f5                setActiveTerminal(VgaText*)
                0x00000000c00108a7                doTerminalCycle()
                0x00000000c00108c4                VgaText::doUpdate()
                0x00000000c00108d6                VgaText::puts(char const*, VgaColour, VgaColour)
                0x00000000c0010a96                VgaText::clearScreen()
                0x00000000c0010afa                VgaText::putchar(char)
                0x00000000c0010c14                VgaText::puts(char const*)
                0x00000000c0010c3a                VgaText::putx(unsigned int)
                0x00000000c0010c80                VgaText::VgaText(char const*)
                0x00000000c0010c80                VgaText::VgaText(char const*)
                0x00000000c0010e12                VgaText::receiveKey(unsigned char)
                0x00000000c0010efa                VgaText::write(unsigned long long, void*, int*)
                0x00000000c0010f4e                newTerminal(char*)
 *fill*         0x00000000c0010f73        0x1 
 .text          0x00000000c0010f74      0x1b3 core/tss.32
                0x00000000c0010f74                TSS::TSS()
                0x00000000c0010f74                TSS::TSS()
                0x00000000c0010f82                TSS::setESP(unsigned long)
                0x00000000c0010f94                TSS::flush()
                0x00000000c0010fb4                TSS::setup(unsigned long, unsigned long)
 *fill*         0x00000000c0011127        0x1 
 .text          0x00000000c0011128      0x4c2 core/unixfile.32
                0x00000000c0011128                ReservedFilename::read(unsigned long long, void*, int*)
                0x00000000c001117e                ReservedFilename::isAtty()
                0x00000000c001119a                ReservedFilename::write(unsigned long long, void*, int*)
                0x00000000c00111f8                UnixFile::getFileDescriptor()
                0x00000000c0011200                UnixFile::UnixFile(int)
                0x00000000c0011200                UnixFile::UnixFile(int)
                0x00000000c00113b0                ReservedFilename::ReservedFilename(int)
                0x00000000c00113b0                ReservedFilename::ReservedFilename(int)
                0x00000000c00113e2                UnixFile::~UnixFile()
                0x00000000c00113e2                UnixFile::~UnixFile()
                0x00000000c001147a                UnixFile::~UnixFile()
                0x00000000c00114a2                ReservedFilename::~ReservedFilename()
                0x00000000c00114a2                ReservedFilename::~ReservedFilename()
                0x00000000c00114c6                ReservedFilename::~ReservedFilename()
                0x00000000c00114ed                getFromFileDescriptor(int)
 .text          0x00000000c00115ea      0xee3 core/virtmgr.32
                0x00000000c00115ea                Virt::setPageState(unsigned long, Virt::VirtPageState)
                0x00000000c001161f                Virt::getPageState(unsigned long)
                0x00000000c0011643                Virt::allocateKernelVirtualPages(int)
                0x00000000c0011754                Virt::virtualMemorySetup()
                0x00000000c00117d3                Virt::getAKernelVAS()
                0x00000000c00117d9                Virt::setupPageSwapping(int)
                0x00000000c0011908                VAS::VAS()
                0x00000000c0011908                VAS::VAS()
                0x00000000c0011938                VAS::VAS(VAS*)
                0x00000000c0011938                VAS::VAS(VAS*)
                0x00000000c001195c                VAS::getForeignPageTableEntry(bool, unsigned long)
                0x00000000c0011988                VAS::getPageTableEntry(unsigned long)
                0x00000000c00119a7                Virt::freeKernelVirtualPages(unsigned long)
                0x00000000c0011aca                VAS::freeAllocatedPages(unsigned long)
                0x00000000c0011aee                VAS::virtualToPhysical(unsigned long)
                0x00000000c0011b06                VAS::reflagRange(unsigned long, int, int, int)
                0x00000000c0011b46                VAS::setToWriteCombining(unsigned long, int)
                0x00000000c0011b78                VAS::mapOtherVASIn(bool, VAS*)
                0x00000000c0011ba2                VAS::~VAS()
                0x00000000c0011ba2                VAS::~VAS()
                0x00000000c0011d0e                VAS::mapPage(unsigned long, unsigned long, int)
                0x00000000c0011e0e                VAS::allocatePages(int, int)
                0x00000000c0011fe6                VAS::setCPUSpecific(unsigned long)
                0x00000000c0012002                VAS::mapRange(unsigned long, unsigned long, int, int)
                0x00000000c00120c8                VAS::mapForeignPage(bool, VAS*, unsigned long, unsigned long, int)
                0x00000000c00121b6                VAS::VAS(bool)
                0x00000000c00121b6                VAS::VAS(bool)
                0x00000000c0012411                mapVASFirstTime
 .text          0x00000000c00124cd       0x95 coreobjs/c++.32
                0x00000000c00124cd                __cxa_atexit
                0x00000000c00124d0                __cxa_finalize
                0x00000000c00124d1                __stack_chk_fail
                0x00000000c001253d                __cxa_pure_virtual
                0x00000000c001254e                operator new[](unsigned long)
                0x00000000c0012553                operator delete(void*, unsigned long)
                0x00000000c0012558                operator delete[](void*)
                0x00000000c001255d                operator delete[](void*, unsigned long)
 .text          0x00000000c0012562      0x1ef dbg/kconsole.32
                0x00000000c0012562                Dbg::stringifyxWithBase(unsigned int, char*, int)
                0x00000000c00125c3                Dbg::logc(char)
                0x00000000c00125da                Dbg::logs(char*)
                0x00000000c00125f7                Dbg::logWriteInt(unsigned int)
                0x00000000c0012614                Dbg::logWriteIntBase(unsigned int, int)
                0x00000000c0012633                Dbg::kprintf(char const*, ...)
 *fill*         0x00000000c0012751        0x1 
 .text          0x00000000c0012752      0xb7c fs/vfs.32
                0x00000000c0012752                File::read(unsigned long long, void*, int*)
                0x00000000c00127aa                File::write(unsigned long long, void*, int*)
                0x00000000c0012802                Directory::read(unsigned long long, void*, int*)
                0x00000000c001285a                Directory::write(unsigned long long, void*, int*)
                0x00000000c0012888                File::isAtty()
                0x00000000c001288c                Directory::isAtty()
                0x00000000c0012890                Filesystem::getlabel(LogicalDisk*, int, char*, unsigned int*)
                0x00000000c0012896                Filesystem::setlabel(LogicalDisk*, int, char*)
                0x00000000c001289c                File::~File()
                0x00000000c001289c                File::~File()
                0x00000000c00128c0                File::~File()
                0x00000000c00128ea                Directory::~Directory()
                0x00000000c00128ea                Directory::~Directory()
                0x00000000c001290e                Directory::~Directory()
                0x00000000c0012938                Filesystem::Filesystem()
                0x00000000c0012938                Filesystem::Filesystem()
                0x00000000c001295c                Filesystem::~Filesystem()
                0x00000000c001295c                Filesystem::~Filesystem()
                0x00000000c001296a                Filesystem::~Filesystem()
                0x00000000c001298e                initVFS()
                0x00000000c00129b8                standardiseFiles(char*, char const*, char const*)
                0x00000000c0012b62                File::File(char const*, Process*)
                0x00000000c0012b62                File::File(char const*, Process*)
                0x00000000c0012bc6                File::open(FileOpenMode)
                0x00000000c0012c24                File::close()
                0x00000000c0012c84                File::seek(unsigned long long)
                0x00000000c0012cda                File::tell(unsigned long long*)
                0x00000000c0012d2a                File::rewind()
                0x00000000c0012d3e                File::unlink()
                0x00000000c0012d8a                File::rename(char const*)
                0x00000000c0012dd8                File::chfatattr(unsigned char, unsigned char)
                0x00000000c0012e34                File::exists()
                0x00000000c0012e72                File::stat(unsigned long long*, bool*)
                0x00000000c0012ed3                getcwd(Process*, char*, int)
                0x00000000c0012efd                setcwd(Process*, char*)
                0x00000000c0013038                Directory::Directory(char const*, Process*)
                0x00000000c0013038                Directory::Directory(char const*, Process*)
                0x00000000c001309c                Directory::open()
                0x00000000c00130f8                Directory::close()
                0x00000000c0013158                Directory::unlink()
                0x00000000c00131a4                Directory::rename(char const*)
                0x00000000c00131f2                Directory::exists()
                0x00000000c0013230                Directory::read(dirent*)
                0x00000000c001327c                Directory::create()
                0x00000000c00132c8                Filesystem::chfatattr(char const*, unsigned char, unsigned char)
 .text          0x00000000c00132ce       0x84 hal/bus.32
                0x00000000c00132ce                Bus::Bus(char const*)
                0x00000000c00132ce                Bus::Bus(char const*)
                0x00000000c0013304                Bus::~Bus()
                0x00000000c0013304                Bus::~Bus()
                0x00000000c0013328                Bus::~Bus()
 .text          0x00000000c0013352      0x14e hal/buzzer.32
                0x00000000c0013352                Buzzer::Buzzer(char const*)
                0x00000000c0013352                Buzzer::Buzzer(char const*)
                0x00000000c0013396                Buzzer::~Buzzer()
                0x00000000c0013396                Buzzer::~Buzzer()
                0x00000000c00133ba                Buzzer::~Buzzer()
                0x00000000c00133e4                Buzzer::stop()
                0x00000000c00133f7                beepThread(void*)
                0x00000000c0013432                Buzzer::beep(int, int, bool)
 .text          0x00000000c00134a0      0x42f hal/clock.32
                0x00000000c00134a0                loadClockSettings()
                0x00000000c00134ba                Clock::Clock(char const*)
                0x00000000c00134ba                Clock::Clock(char const*)
                0x00000000c00134f0                Clock::~Clock()
                0x00000000c00134f0                Clock::~Clock()
                0x00000000c0013514                Clock::~Clock()
                0x00000000c001353e                Clock::timeInSecondsLocal()
                0x00000000c0013586                Clock::setTimeInSecondsLocal(unsigned long long)
                0x00000000c00135df                datetimeToSeconds(datetime_t)
                0x00000000c0013706                Clock::setTimeInDatetimeLocal(datetime_t)
                0x00000000c0013766                secondsToDatetime(unsigned long long)
                0x00000000c00138aa                Clock::timeInDatetimeLocal()
 *fill*         0x00000000c00138cf        0x1 
 .text          0x00000000c00138d0      0x4de hal/device.32
                0x00000000c00138d0                Device::hibernate()
                0x00000000c00138d2                Device::wake()
                0x00000000c00138d4                Device::detect()
                0x00000000c00138d6                Device::disableLegacy()
                0x00000000c00138d8                Device::powerSaving(PowerSavingLevel)
                0x00000000c00138da                DriverlessDevice::close(int, int, void*)
                0x00000000c00138de                DriverlessDevice::detect()
                0x00000000c00138e0                DriverlessDevice::open(int, int, void*)
                0x00000000c00138f4                Device::~Device()
                0x00000000c00138f4                Device::~Device()
                0x00000000c0013902                Device::~Device()
                0x00000000c001392a                Device::findAndLoadDriver()
                0x00000000c001392c                Device::preOpenPCI(PCIDeviceInfo)
                0x00000000c0013952                Device::preOpenACPI(void*, char*, char*)
                0x00000000c00139a6                Device::addIRQHandler(int, void (*)(regs*, void*), bool, void*)
                0x00000000c00139e4                Device::removeIRQHandler(int, void (*)(regs*, void*), bool)
                0x00000000c0013a22                Device::addChild(Device*)
                0x00000000c0013a66                Device::removeAllChildren()
                0x00000000c0013aac                Device::hibernateAll()
                0x00000000c0013adc                Device::wakeAll()
                0x00000000c0013b0c                Device::detectAll()
                0x00000000c0013b3c                Device::disableLegacyAll()
                0x00000000c0013b6c                Device::loadDriversForAll()
                0x00000000c0013b98                Device::closeAll()
                0x00000000c0013bce                Device::powerSavingAll(PowerSavingLevel)
                0x00000000c0013c04                Device::setName(char const*)
                0x00000000c0013c12                Device::Device(char const*)
                0x00000000c0013c12                Device::Device(char const*)
                0x00000000c0013d0e                Device::getName()
                0x00000000c0013d18                DriverlessDevice::DriverlessDevice(char const*)
                0x00000000c0013d18                DriverlessDevice::DriverlessDevice(char const*)
                0x00000000c0013d40                Device::addToLinkedList(LinkedList<Device>&, DeviceType)
                0x00000000c0013d84                getDevicesOfType(DeviceType)
 .text          0x00000000c0013dae       0x84 hal/diskctrl.32
                0x00000000c0013dae                HardDiskController::HardDiskController(char const*)
                0x00000000c0013dae                HardDiskController::HardDiskController(char const*)
                0x00000000c0013de4                HardDiskController::~HardDiskController()
                0x00000000c0013de4                HardDiskController::~HardDiskController()
                0x00000000c0013e08                HardDiskController::~HardDiskController()
 .text          0x00000000c0013e32       0xde hal/diskphys.32
                0x00000000c0013e32                PhysicalDisk::PhysicalDisk(char const*, int)
                0x00000000c0013e32                PhysicalDisk::PhysicalDisk(char const*, int)
                0x00000000c0013e9a                PhysicalDisk::startCache()
                0x00000000c0013ec2                PhysicalDisk::~PhysicalDisk()
                0x00000000c0013ec2                PhysicalDisk::~PhysicalDisk()
                0x00000000c0013ee6                PhysicalDisk::~PhysicalDisk()
 .text          0x00000000c0013f10      0x13b hal/fpu.32
                0x00000000c0013f10                FPU::FPU(char const*)
                0x00000000c0013f10                FPU::FPU(char const*)
                0x00000000c0013f46                FPU::~FPU()
                0x00000000c0013f46                FPU::~FPU()
                0x00000000c0013f6a                FPU::~FPU()
                0x00000000c0013f94                setupFPU()
 *fill*         0x00000000c001404b        0x1 
 .text          0x00000000c001404c     0x12b1 hal/intctrl.32
                0x00000000c001404c                InterruptController::uninstallISRHandler(int, void (*)(regs*, void*))
                0x00000000c0014084                InterruptController::installISRHandler(int, void (*)(regs*, void*), void*)
                0x00000000c00140d6                doubleFault(regs*, void*)
                0x00000000c00140f0                InterruptController::installIRQHandler(int, void (*)(regs*, void*), bool, void*)
                0x00000000c001418c                InterruptController::clearAllHandlers(int, bool)
                0x00000000c0014234                InterruptController::uninstallIRQHandler(int, void (*)(regs*, void*), bool)
                0x00000000c00142bb                nmiHandler(regs*, void*)
                0x00000000c00142c9                int_handler
                0x00000000c001436a                InterruptController::InterruptController(char const*)
                0x00000000c001436a                InterruptController::InterruptController(char const*)
                0x00000000c0014410                InterruptController::~InterruptController()
                0x00000000c0014410                InterruptController::~InterruptController()
                0x00000000c0014434                InterruptController::~InterruptController()
                0x00000000c001445e                displayDebugInfo(regs*)
                0x00000000c0014863                x87EmulHandler(regs*, void*)
                0x00000000c0014892                gpFault(regs*, void*)
                0x00000000c00148cb                pgFault(regs*, void*)
                0x00000000c00148e2                otherISRHandler(regs*, void*)
                0x00000000c0014901                opcodeFault(regs*, void*)
                0x00000000c0014ec0                displayProgramFault(char const*)
                0x00000000c0014ee8                setupInterruptController()
                0x00000000c00152b0                InterruptController::convertLegacyIRQNumber(int)
 *fill*         0x00000000c00152fd        0x1 
 .text          0x00000000c00152fe      0x620 hal/keybrd.32
                0x00000000c00152fe                startGUI(void*)
                0x00000000c0015370                sendKeyToTerminal(unsigned char)
                0x00000000c00153dc                sendKeyboardToken(KeyboardToken)
                0x00000000c00157b7                clearInternalKeybuffer(VgaText*)
                0x00000000c00157ec                readKeyboard(VgaText*, char*, unsigned long)
                0x00000000c0015894                Keyboard::Keyboard(char const*)
                0x00000000c0015894                Keyboard::Keyboard(char const*)
                0x00000000c00158d0                Keyboard::~Keyboard()
                0x00000000c00158d0                Keyboard::~Keyboard()
                0x00000000c00158f4                Keyboard::~Keyboard()
 .text          0x00000000c001591e      0x400 hal/logidisk.32
                0x00000000c001591e                LogicalDisk::close(int, int, void*)
                0x00000000c0015922                LogicalDisk::~LogicalDisk()
                0x00000000c0015922                LogicalDisk::~LogicalDisk()
                0x00000000c0015946                LogicalDisk::~LogicalDisk()
                0x00000000c0015970                LogicalDisk::open(int, int, void*)
                0x00000000c0015984                LogicalDisk::absoluteToRelative(unsigned long long)
                0x00000000c00159bc                LogicalDisk::relativeToAbsolute(unsigned long long)
                0x00000000c0015a02                LogicalDisk::LogicalDisk(char const*, PhysicalDisk*, unsigned long long, unsigned long long)
                0x00000000c0015a02                LogicalDisk::LogicalDisk(char const*, PhysicalDisk*, unsigned long long, unsigned long long)
                0x00000000c0015ab8                LogicalDisk::assignDriveLetter()
                0x00000000c0015b6e                LogicalDisk::mount()
                0x00000000c0015be0                LogicalDisk::unmount()
                0x00000000c0015bf0                LogicalDisk::unassignDriveLetter()
                0x00000000c0015c46                LogicalDisk::read(unsigned long long, int, void*)
                0x00000000c0015cb2                LogicalDisk::write(unsigned long long, int, void*)
 .text          0x00000000c0015d1e       0x84 hal/mouse.32
                0x00000000c0015d1e                Mouse::Mouse(char const*)
                0x00000000c0015d1e                Mouse::Mouse(char const*)
                0x00000000c0015d54                Mouse::~Mouse()
                0x00000000c0015d54                Mouse::~Mouse()
                0x00000000c0015d78                Mouse::~Mouse()
 .text          0x00000000c0015da2      0x339 hal/partition.32
                0x00000000c0015da2                makePartition(PhysicalDisk*, unsigned long long, unsigned long long)
                0x00000000c0015e4a                createPartitionsForDisk(PhysicalDisk*)
 *fill*         0x00000000c00160db        0x1 
 .text          0x00000000c00160dc      0x2b8 hal/timer.32
                0x00000000c00160dc                Timer::Timer(char const*)
                0x00000000c00160dc                Timer::Timer(char const*)
                0x00000000c0016112                Timer::~Timer()
                0x00000000c0016112                Timer::~Timer()
                0x00000000c0016136                Timer::~Timer()
                0x00000000c0016160                Timer::read()
                0x00000000c001616b                timerHandler(unsigned long long)
                0x00000000c00162a2                setupTimer(int)
 .text          0x00000000c0016394      0x2db hal/vcache.32
                0x00000000c0016394                VCache::VCache(PhysicalDisk*)
                0x00000000c0016394                VCache::VCache(PhysicalDisk*)
                0x00000000c001648e                VCache::writeWriteBuffer()
                0x00000000c00164ca                VCache::~VCache()
                0x00000000c00164ca                VCache::~VCache()
                0x00000000c001650a                VCache::~VCache()
                0x00000000c0016532                VCache::write(unsigned long long, int, void*)
                0x00000000c0016616                VCache::read(unsigned long long, int, void*)
 *fill*         0x00000000c001666f        0x1 
 .text          0x00000000c0016670      0x935 hal/video.32
                0x00000000c0016670                Video::putrect(int, int, int, int, unsigned int)
                0x00000000c00166ba                Video::blit(unsigned int*, int, int, int, int)
                0x00000000c0016738                Video::clearScreen(unsigned int)
                0x00000000c001676c                Video::putpixel(int, int, unsigned int)
                0x00000000c001677a                Video::Video(char const*)
                0x00000000c001677a                Video::Video(char const*)
                0x00000000c00167b0                Video::~Video()
                0x00000000c00167b0                Video::~Video()
                0x00000000c00167d4                Video::~Video()
                0x00000000c00167fe                Video::isMonochrome()
                0x00000000c001680a                Video::getWidth()
                0x00000000c0016816                Video::getHeight()
                0x00000000c0016822                Video::drawCursor(int, int, unsigned char*, int)
                0x00000000c00168de                Video::tgaParse(unsigned char*, int)
                0x00000000c0016ede                Video::putbitmap(int, int, unsigned char*, int)
 *fill*         0x00000000c0016fa5        0x1 
 .text          0x00000000c0016fa6      0xe28 hw/acpi.32
                0x00000000c0016fa6                ACPI::close(int, int, void*)
                0x00000000c001705b                findRSDP()
                0x00000000c00170e5                loadACPITables(unsigned char*)
                0x00000000c001730c                findRSDT(unsigned char*)
                0x00000000c001742a                findDataTable(unsigned char*, char*)
                0x00000000c00174c6                scanMADT()
                0x00000000c001794c                ACPI::ACPI()
                0x00000000c001794c                ACPI::ACPI()
                0x00000000c00179ac                ACPI::getPCIIRQAssignment(unsigned char, unsigned short, unsigned char)
                0x00000000c0017a8e                ACPI::registerPCIIRQAssignment(void*, unsigned short, unsigned char, unsigned char)
                0x00000000c0017b94                ACPI::setScreenBrightnessLevel(void*, int)
                0x00000000c0017b9a                ACPI::writeSimpleBootFlag(SimpleBootFlagTable*)
                0x00000000c0017be2                ACPI::open(int, int, void*)
                0x00000000c0017db6                ACPI::sleep()
 .text          0x00000000c0017dce     0x1715 hw/cpu.32
                0x00000000c0017dce                CPU::close(int, int, void*)
                0x00000000c0017dd2                CPU::lookupAMDName(unsigned char, unsigned char)
                0x00000000c0017f66                CPU::lookupIntelName(unsigned char, unsigned char)
                0x00000000c0018214                CPU::AMD_K6_write_msr(unsigned int, unsigned int, unsigned int, CPU::REGS*)
                0x00000000c0018230                CPU::AMD_K6_read_msr(unsigned int, CPU::REGS*)
                0x00000000c0018248                CPU::AMD_K6_writeback(int, int, int)
                0x00000000c00182bc                CPU::cpuid(int, unsigned long*, unsigned long*, unsigned long*, unsigned long*)
                0x00000000c0018340                CPU::cpuidCheckEDX(unsigned int)
                0x00000000c001836e                CPU::cpuidCheckECX(unsigned int)
                0x00000000c001839c                CPU::cpuidCheckExtendedEBX(unsigned int)
                0x00000000c00183ca                CPU::cpuidCheckExtendedECX(unsigned int)
                0x00000000c00183f8                CPU::CPU()
                0x00000000c00183f8                CPU::CPU()
                0x00000000c0018486                CPU::displayFeatures()
                0x00000000c0018702                CPU::detectFeatures()
                0x00000000c00190f2                CPU::setupSMEP()
                0x00000000c00190fe                CPU::setupUMIP()
                0x00000000c0019108                CPU::setupTSC()
                0x00000000c0019112                CPU::setupLargePages()
                0x00000000c001911c                CPU::setupPAT()
                0x00000000c0019158                CPU::setupMTRR()
                0x00000000c001915a                CPU::setupGlobalPages()
                0x00000000c0019164                CPU::allowUsermodeDataAccess()
                0x00000000c0019176                CPU::prohibitUsermodeDataAccess()
                0x00000000c0019188                CPU::setupSMAP()
                0x00000000c0019196                CPU::setupFeatures()
                0x00000000c0019216                CPU::open(int, int, void*)
                0x00000000c00192e8                CPU::decodeAddress(regs*, int*, bool*, unsigned char*)
 .text          0x00000000c00194e3        0x0 hw/ports.32
 .text          0x00000000c00194e3      0x32c krnl/panic.32
                0x00000000c00194e3                Krnl::panic(char const*)
 .text          0x00000000c001980f      0x4f9 reg/registry.32
                0x00000000c001980f                Reg::findLineFromLoadedData(char*, char*, char*)
                0x00000000c0019967                Reg::getLineFromRegistry(char*, char*, char*, char*)
                0x00000000c0019abc                Reg::getLine(char*, char*, char*)
                0x00000000c0019af3                Reg::readInt(char*, char*, int*)
                0x00000000c0019bde                Reg::readString(char*, char*, char*, int)
                0x00000000c0019c5f                Reg::readBool(char*, char*, bool*)
                0x00000000c0019c84                Reg::readBoolWithDefault(char*, char*, bool)
                0x00000000c0019cb0                Reg::readIntWithDefault(char*, char*, int)
                0x00000000c0019cdc                Reg::readStringWithDefault(char*, char*, char*, int, char*)
 .text          0x00000000c0019d08       0x18 sys/sc_exit.32
                0x00000000c0019d08                Sys::exit(regs*)
 .text          0x00000000c0019d20       0x1f sys/sc_getcwd.32
                0x00000000c0019d20                Sys::getCwd(regs*)
 .text          0x00000000c0019d3f        0xc sys/sc_getpid.32
                0x00000000c0019d3f                Sys::getPID(regs*)
 .text          0x00000000c0019d4b       0xa8 sys/sc_loaddll.32
                0x00000000c0019d4b                Sys::loadDLL(regs*)
 .text          0x00000000c0019df3       0x68 sys/sc_read.32
                0x00000000c0019df3                Sys::read(regs*)
 .text          0x00000000c0019e5b       0x55 sys/sc_sbrk.32
                0x00000000c0019e5b                Sys::sbrk(regs*)
 .text          0x00000000c0019eb0       0x1c sys/sc_setcwd.32
                0x00000000c0019eb0                Sys::setCwd(regs*)
 .text          0x00000000c0019ecc       0x68 sys/sc_write.32
                0x00000000c0019ecc                Sys::write(regs*)
 .text          0x00000000c0019f34       0x3b sys/sc_yield.32
                0x00000000c0019f34                Sys::yield(regs*)
 .text          0x00000000c0019f6f      0xfaf sys/syscalls.32
                0x00000000c0019f6f                sysCallSeekDir(regs*)
                0x00000000c0019f74                sysCallTellDir(regs*)
                0x00000000c0019f79                sysCallVerify(regs*)
                0x00000000c0019f83                sysCallGetArgc(regs*)
                0x00000000c0019f93                sysFormatDisk(regs*)
                0x00000000c0019ffd                sysSetDiskVolumeLabel(regs*)
                0x00000000c001a043                sysGetDiskVolumeLabel(regs*)
                0x00000000c001a094                sysShutdown(regs*)
                0x00000000c001a0f2                sysCallRealpath(regs*)
                0x00000000c001a135                sysCallReadDir(regs*)
                0x00000000c001a1c3                sysCallIsATTY(regs*)
                0x00000000c001a21d                sysCallSeek(regs*)
                0x00000000c001a286                sysCallTell(regs*)
                0x00000000c001a303                sysCallSize(regs*)
                0x00000000c001a386                sysCallSizeFromFilename(regs*)
                0x00000000c001a446                sysCallClose(regs*)
                0x00000000c001a4ce                sysCallOpenDir(regs*)
                0x00000000c001a543                sysCallCloseDir(regs*)
                0x00000000c001a5a9                sysCallMakeDir(regs*)
                0x00000000c001a619                sysCallWait(regs*)
                0x00000000c001a633                sysCallNotImpl(regs*)
                0x00000000c001a64e                sysPanic(regs*)
                0x00000000c001a674                sysCallRmdir(regs*)
                0x00000000c001a6d8                sysCallUnlink(regs*)
                0x00000000c001a73c                sysCallGetArgv(regs*)
                0x00000000c001a788                sysCallTTYName(regs*)
                0x00000000c001a80b                sysCallGetEnv(regs*)
                0x00000000c001a85d                sysCallUSleep(regs*)
                0x00000000c001a884                sysCallSpawn(regs*)
                0x00000000c001a8dc                sysAppSettings(regs*)
                0x00000000c001a9fb                sysSetFatAttrib(regs*)
                0x00000000c001aa6d                sysPipe(regs*)
                0x00000000c001aab2                sysGetUnixTime(regs*)
                0x00000000c001aac6                string_ends_with(char const*, char const*)
                0x00000000c001ab0e                sysCallOpen(regs*)
                0x00000000c001ad23                setupSystemCalls()
                0x00000000c001aedc                systemCall(regs*, void*)
 .text          0x00000000c001af1e     0x11ee thr/elf.32
                0x00000000c001af1e                Thr::allocateMemoryForTask(Process*, File*, unsigned long, unsigned long, unsigned long)
                0x00000000c001b19b                Thr::loadProgramIntoMemory(Process*, char const*)
                0x00000000c001b3b1                Thr::runtimeReferenceHelper()
                0x00000000c001b3c4                Thr::getAddressOfKernelSymbol(char const*)
                0x00000000c001b413                Thr::loadKernelSymbolTable(char const*)
                0x00000000c001b6cf                Thr::loadDriverIntoMemory(char const*, unsigned long, bool)
                0x00000000c001be50                Thr::getDriverBaseFromAddress(unsigned long)
                0x00000000c001be82                Thr::getDriverNameFromAddress(unsigned long)
                0x00000000c001beb9                Thr::getDriverOffsetFromAddress(unsigned long)
                0x00000000c001bed3                Thr::loadDLL(char const*, bool)
                0x00000000c001c0e2                Thr::executeDLL(unsigned long, void*)
 .text          0x00000000c001c10c      0xff8 thr/prcssthr.32
                0x00000000c001c10c                changeTSS
                0x00000000c001c13c                Process::addArgs(char**)
                0x00000000c001c196                Process::Process(char const*, Process*, char**)
                0x00000000c001c196                Process::Process(char const*, Process*, char**)
                0x00000000c001c35e                Process::Process(bool, char const*, Process*, char**)
                0x00000000c001c35e                Process::Process(bool, char const*, Process*, char**)
                0x00000000c001c4f2                disableIRQs()
                0x00000000c001c4fa                getIRQNestingLevel()
                0x00000000c001c500                enableIRQs()
                0x00000000c001c50f                lockScheduler()
                0x00000000c001c511                unlockScheduler()
                0x00000000c001c513                userModeEntryPoint(void*)
                0x00000000c001c536                lockStuff()
                0x00000000c001c542                taskStartupFunction
                0x00000000c001c54b                updateTimeUsed()
                0x00000000c001c5b0                switchToThread(ThreadControlBlock*)
                0x00000000c001c600                Semaphore::Semaphore(int)
                0x00000000c001c600                Semaphore::Semaphore(int)
                0x00000000c001c62e                Mutex::Mutex()
                0x00000000c001c62e                Mutex::Mutex()
                0x00000000c001c640                Process::createThread(void (*)(void*), void*, int)
                0x00000000c001c724                Process::createUserThread()
                0x00000000c001c740                setupMultitasking(void (*)())
                0x00000000c001c84a                schedule()
                0x00000000c001c8cf                unlockStuff()
                0x00000000c001c904                Semaphore::tryAcquire()
                0x00000000c001c932                Semaphore::assertLocked(char const*)
                0x00000000c001c962                blockTaskWithSchedulerLockAlreadyHeld(TaskState)
                0x00000000c001c9a4                blockTask(TaskState)
                0x00000000c001c9c5                waitTask(int, int*, int)
                0x00000000c001ca07                nanoSleepUntil(unsigned long long)
                0x00000000c001ca5e                nanoSleep(unsigned long long)
                0x00000000c001ca73                sleep(unsigned long long)
                0x00000000c001ca90                Semaphore::acquire()
                0x00000000c001caf8                taskReturned
                0x00000000c001cb26                unblockTask(ThreadControlBlock*)
                0x00000000c001cbd5                cleanupTerminatedTask(ThreadControlBlock*)
                0x00000000c001ce79                cleanerTaskFunction(void*)
                0x00000000c001cf2c                terminateTask(int)
                0x00000000c001d00c                Thr::terminateFromIRQ(int)
                0x00000000c001d018                Semaphore::release()
 .text          0x00000000c001d104      0x997 vm86/vm8086.32
                0x00000000c001d104                Vm::inbv(unsigned short)
                0x00000000c001d10a                Vm::outbv(unsigned short, unsigned char)
                0x00000000c001d114                Vm::realToLinear(unsigned short, unsigned short)
                0x00000000c001d124                Vm::getSegment(unsigned int)
                0x00000000c001d12c                Vm::getOffset(unsigned int)
                0x00000000c001d131                Vm::mainloop2()
                0x00000000c001d16c                Vm::mainVm8086Loop(void*)
                0x00000000c001d179                Vm::mainloop3(unsigned long)
                0x00000000c001d1a3                Vm::initialise8086()
                0x00000000c001d1e6                Vm::finish8086()
                0x00000000c001d22b                Vm::start8086(char const*, unsigned short, unsigned short, unsigned short, unsigned short)
                0x00000000c001d363                Vm::doISR(regs*, int, unsigned char*, unsigned short, unsigned short)
                0x00000000c001d3ed                Vm::readByteFromReal(unsigned short, unsigned short)
                0x00000000c001d3fe                Vm::readWordFromReal(unsigned short, unsigned short)
                0x00000000c001d410                Vm::readDwordFromReal(unsigned short, unsigned short)
                0x00000000c001d421                Vm::writeByteFromReal(unsigned short, unsigned short, unsigned char)
                0x00000000c001d436                Vm::writeWordFromReal(unsigned short, unsigned short, unsigned short)
                0x00000000c001d44c                Vm::writeDwordFromReal(unsigned short, unsigned short, unsigned int)
                0x00000000c001d461                Vm::faultHandler(regs*)
 .text          0x00000000c001da9b      0xefd vm86/x87em.32
                0x00000000c001da9b                Vm::fpuInternalTo32(unsigned long long)
                0x00000000c001daf6                Vm::fpuInternalTo64(unsigned long long)
                0x00000000c001daff                Vm::fpu32ToInternal(unsigned int)
                0x00000000c001db44                Vm::fpu64ToInternal(unsigned long long)
                0x00000000c001db4d                Vm::fpuFloatToLong(unsigned long long)
                0x00000000c001dba8                Vm::fpuULongToFloat(unsigned long long)
                0x00000000c001dbde                Vm::fpuLongToFloat(long long)
                0x00000000c001dc34                Vm::fpuGet0()
                0x00000000c001dc39                Vm::fpuGet1()
                0x00000000c001dc41                Vm::fpuGetPi()
                0x00000000c001dc49                Vm::fpuGetLog2E()
                0x00000000c001dc61                Vm::fpuGetLogE2()
                0x00000000c001dc79                Vm::fpuGetLog210()
                0x00000000c001dc91                Vm::fpuGetLog102()
                0x00000000c001dca9                Vm::fpuIsSecondLarger(unsigned long long, unsigned long long)
                0x00000000c001dcbd                Vm::fpuAreEqual(unsigned long long, unsigned long long)
                0x00000000c001dcd3                Vm::fpuUnorderedCompare(unsigned long long, unsigned long long)
                0x00000000c001dd26                Vm::fpuAdd(unsigned long long, unsigned long long)
                0x00000000c001dd37                Vm::fpuAbs(unsigned long long)
                0x00000000c001dd40                Vm::fpuChs(unsigned long long)
                0x00000000c001dd50                Vm::fpuSub(unsigned long long, unsigned long long)
                0x00000000c001dd5f                Vm::fpuMultiply(unsigned long long, unsigned long long)
                0x00000000c001dd7e                Vm::fpuDivide(unsigned long long, unsigned long long)
                0x00000000c001dd9a                Vm::fpuSquare(unsigned long long)
                0x00000000c001ddb0                Vm::fpuGetReg(int)
                0x00000000c001ddf3                Vm::fpuSetReg(int, unsigned long long)
                0x00000000c001de3e                Vm::fpuPush(unsigned long long)
                0x00000000c001de9b                Vm::fpuPop()
                0x00000000c001deed                Vm::x87Handler(regs*)
 .text          0x00000000c001e998     0x10ed fs/fat/vfslink.32
                0x00000000c001e998                FAT::getName()
                0x00000000c001e99e                FAT::tell(void*, unsigned long long*)
                0x00000000c001e9d2                FAT::stat(void*, unsigned long long*)
                0x00000000c001ea06                FAT::~FAT()
                0x00000000c001ea06                FAT::~FAT()
                0x00000000c001ea2a                FAT::~FAT()
                0x00000000c001ea52                FAT::getlabel(LogicalDisk*, int, char*, unsigned int*)
                0x00000000c001eaf0                FAT::setlabel(LogicalDisk*, int, char*)
                0x00000000c001ebaa                FAT::format(LogicalDisk*, int, char const*, int)
                0x00000000c001ed8e                FAT::tryMount(LogicalDisk*, int)
                0x00000000c001ef94                FAT::readDir(void*, unsigned long, void*, int*)
                0x00000000c001f09a                FAT::read(void*, unsigned long, void*, int*)
                0x00000000c001f0f4                FAT::write(void*, unsigned long, void*, int*)
                0x00000000c001f14e                FAT::close(void*)
                0x00000000c001f19a                FAT::closeDir(void*)
                0x00000000c001f1e6                FAT::seek(void*, unsigned long long)
                0x00000000c001f23a                fatWrapperReadDisk
                0x00000000c001f281                fatWrapperWriteDisk
                0x00000000c001f2c8                fatWrapperIoctl
                0x00000000c001f3cc                FAT::FAT()
                0x00000000c001f3cc                FAT::FAT()
                0x00000000c001f41e                FAT::fixFilepath(char*)
                0x00000000c001f456                FAT::open(char const*, void**, FileOpenMode)
                0x00000000c001f57e                FAT::openDir(char const*, void**)
                0x00000000c001f624                FAT::stat(char const*, unsigned long long*, bool*)
                0x00000000c001f70e                FAT::unlink(char const*)
                0x00000000c001f788                FAT::chfatattr(char const*, unsigned char, unsigned char)
                0x00000000c001f8dc                FAT::rename(char const*, char const*)
                0x00000000c001f9a0                FAT::mkdir(char const*)
                0x00000000c001fa1a                FAT::exists(char const*)
 *fill*         0x00000000c001fa85        0x1 
 .text          0x00000000c001fa86      0xbdf fs/iso9660/vfslink.32
                0x00000000c001fa86                ISO9660::format(LogicalDisk*, int, char const*, int)
                0x00000000c001fa8c                ISO9660::seek(void*, unsigned long long)
                0x00000000c001fabc                ISO9660::tell(void*, unsigned long long*)
                0x00000000c001fae0                ISO9660::getName()
                0x00000000c001fae6                ISO9660::stat(void*, unsigned long long*)
                0x00000000c001fb0a                ISO9660::chfatattr(char const*, unsigned char, unsigned char)
                0x00000000c001fb10                ISO9660::unlink(char const*)
                0x00000000c001fb16                ISO9660::write(void*, unsigned long, void*, int*)
                0x00000000c001fb1c                ISO9660::rename(char const*, char const*)
                0x00000000c001fb22                ISO9660::mkdir(char const*)
                0x00000000c001fb28                ISO9660::close(void*)
                0x00000000c001fb4a                ISO9660::closeDir(void*)
                0x00000000c001fb6c                ISO9660::~ISO9660()
                0x00000000c001fb6c                ISO9660::~ISO9660()
                0x00000000c001fb90                ISO9660::~ISO9660()
                0x00000000c001fbb7                __memmem(unsigned char*, int, unsigned char*, int)
                0x00000000c001fbf9                readSectorFromCDROM(unsigned int, unsigned char*, char)
                0x00000000c001fc60                ISO9660::tryMount(LogicalDisk*, int)
                0x00000000c001fcb0                ISO9660::read(void*, unsigned long, void*, int*)
                0x00000000c001fef4                ISO9660::readDir(void*, unsigned long, void*, int*)
                0x00000000c0020181                readRoot(unsigned int*, unsigned int*, char)
                0x00000000c00201d6                readRecursively(char*, unsigned int, unsigned int, unsigned int*, unsigned int*, char, int*)
                0x00000000c00203a9                getFileData(char*, unsigned int*, unsigned int*, char, int*)
                0x00000000c0020438                ISO9660::open(char const*, void**, FileOpenMode)
                0x00000000c00204d2                ISO9660::exists(char const*)
                0x00000000c00204f6                ISO9660::stat(char const*, unsigned long long*, bool*)
                0x00000000c002058a                ISO9660::openDir(char const*, void**)
                0x00000000c0020642                ISO9660::ISO9660()
                0x00000000c0020642                ISO9660::ISO9660()
 *fill*         0x00000000c0020665        0x1 
 .text          0x00000000c0020666      0x326 hal/sound/sndchannel.32
                0x00000000c0020666                SoundChannel::~SoundChannel()
                0x00000000c0020666                SoundChannel::~SoundChannel()
                0x00000000c0020682                SoundChannel::setSpeed(float)
                0x00000000c002068e                SoundChannel::getSpeed()
                0x00000000c0020696                SoundChannel::setVolume(int)
                0x00000000c00206b2                SoundChannel::getVolume()
                0x00000000c00206ba                SoundChannel::pause()
                0x00000000c00206c4                SoundChannel::SoundChannel(int, int, int, int)
                0x00000000c00206c4                SoundChannel::SoundChannel(int, int, int, int)
                0x00000000c002081a                SoundChannel::play()
                0x00000000c0020824                SoundChannel::paused()
                0x00000000c002082c                SoundChannel::getSampleRate()
                0x00000000c0020834                SoundChannel::getBits()
                0x00000000c002083c                SoundChannel::getBufferUsed()
                0x00000000c0020844                SoundChannel::getBufferSize()
                0x00000000c002084c                SoundChannel::unbuffer(float*, int, int)
                0x00000000c00208ec                SoundChannel::buffer8(unsigned char*, int)
 .text          0x00000000c002098c      0x3d5 hal/sound/sndhw.32
                0x00000000c002098c                SoundDevice::SoundDevice(char const*)
                0x00000000c002098c                SoundDevice::SoundDevice(char const*)
                0x00000000c00209f8                SoundDevice::~SoundDevice()
                0x00000000c00209f8                SoundDevice::~SoundDevice()
                0x00000000c0020a72                SoundDevice::~SoundDevice()
                0x00000000c0020a9c                SoundDevice::getFreeChannelNum()
                0x00000000c0020ab6                SoundDevice::addChannel(SoundChannel*)
                0x00000000c0020b26                SoundDevice::removeChannel(int)
                0x00000000c0020b58                SoundDevice::floatTo8(float*, unsigned char*, int)
                0x00000000c0020c40                SoundDevice::getAudio(int, float*, float*)
 .text          0x00000000c0020d61        0x0 hw/bus/isa.32
 *fill*         0x00000000c0020d61        0x1 
 .text          0x00000000c0020d62      0x6c1 hw/bus/pci.32
                0x00000000c0020d62                PCI::open(int, int, void*)
                0x00000000c0020d76                PCI::close(int, int, void*)
                0x00000000c0020d7a                PCI::PCI()
                0x00000000c0020d7a                PCI::PCI()
                0x00000000c0020dfa                PCI::pciReadWord(unsigned char, unsigned char, unsigned char, unsigned char)
                0x00000000c0020e42                PCI::getVendorID(unsigned char, unsigned char, unsigned char)
                0x00000000c0020e64                PCI::getHeaderType(unsigned char, unsigned char, unsigned char)
                0x00000000c0020e88                PCI::getClassCode(unsigned char, unsigned char, unsigned char)
                0x00000000c0020ecc                PCI::getProgIF(unsigned char, unsigned char, unsigned char)
                0x00000000c0020ef0                PCI::getRevisionID(unsigned char, unsigned char, unsigned char)
                0x00000000c0020f12                PCI::getInterruptNumber(unsigned char, unsigned char, unsigned char)
                0x00000000c0020f34                PCI::getSecondaryBus(unsigned char, unsigned char, unsigned char)
                0x00000000c0020f58                PCI::getBARAddress(unsigned char, unsigned char, unsigned char, unsigned char)
                0x00000000c0020fb8                PCI::pciWriteWord(unsigned char, unsigned char, unsigned char, unsigned char, unsigned short)
                0x00000000c0021024                PCI::checkBus(unsigned char)
                0x00000000c0021048                PCI::foundDevice(PCIDeviceInfo)
                0x00000000c00211b8                PCI::getDeviceData(unsigned char, unsigned char, unsigned char)
                0x00000000c0021364                PCI::checkDevice(unsigned char, unsigned char)
                0x00000000c00213d0                PCI::detect()
 *fill*         0x00000000c0021423        0x1 
 .text          0x00000000c0021424      0xc70 hw/diskctrl/ide.32
                0x00000000c0021424                IDE::close(int, int, void*)
                0x00000000c0021428                IDE::IDE()
                0x00000000c0021428                IDE::IDE()
                0x00000000c002145c                IDE::prepareInterrupt(unsigned char)
                0x00000000c002146e                selectDrive(unsigned char, unsigned char)
                0x00000000c0021470                IDE::getBase(unsigned char)
                0x00000000c0021482                IDE::write(unsigned char, unsigned char, unsigned char)
                0x00000000c0021542                IDE::read(unsigned char, unsigned char)
                0x00000000c00215f0                IDE::waitInterrupt(unsigned char)
                0x00000000c0021656                ideChannel0IRQHandler(regs*, void*)
                0x00000000c0021672                ideChannel1IRQHandler(regs*, void*)
                0x00000000c002168e                IDE::enableIRQs(unsigned char, bool)
                0x00000000c00216d4                IDE::open(int, int, void*)
                0x00000000c0021ae4                IDE::readBuffer(unsigned char, unsigned char, unsigned int, unsigned int)
                0x00000000c0021bb0                IDE::detect()
                0x00000000c0021e98                IDE::printError(unsigned char, unsigned char, unsigned char)
                0x00000000c002202e                IDE::polling(unsigned char, unsigned int)
 .text          0x00000000c0022094      0x20b hw/diskctrl/satabus.32
                0x00000000c0022094                SATABus::open(int, int, void*)
                0x00000000c0022098                SATABus::close(int, int, void*)
                0x00000000c002209c                SATABus::detect()
                0x00000000c002209e                SATABus::SATABus()
                0x00000000c002209e                SATABus::SATABus()
                0x00000000c00220e2                SATABus::checkType(SATABus::tagHBA_PORT volatile*)
                0x00000000c002212a                SATABus::probePort(SATABus::tagHBA_MEM volatile*)
                0x00000000c0022180                SATABus::startCmd(SATABus::tagHBA_PORT volatile*)
                0x00000000c00221a0                SATABus::stopCmd(SATABus::tagHBA_PORT volatile*)
                0x00000000c00221ca                SATABus::portRebase(SATABus::tagHBA_PORT volatile*, int)
 *fill*         0x00000000c002229f        0x1 
 .text          0x00000000c00222a0      0x62b hw/diskphys/ata.32
                0x00000000c00222a0                ATA::close(int, int, void*)
                0x00000000c00222c4                ATA::powerSaving(PowerSavingLevel)
                0x00000000c00222c6                ATA::ATA()
                0x00000000c00222c6                ATA::ATA()
                0x00000000c00222f4                ATA::flush(bool)
                0x00000000c002233e                ATA::readyForCommand()
                0x00000000c002238e                ATA::access(unsigned long long, int, void*, bool)
                0x00000000c002270c                ATA::read(unsigned long long, int, void*)
                0x00000000c0022774                ATA::write(unsigned long long, int, void*)
                0x00000000c00227dc                ATA::detectCHS()
                0x00000000c0022806                ATA::open(int, int, void*)
 *fill*         0x00000000c00228cb        0x1 
 .text          0x00000000c00228cc      0x5b3 hw/diskphys/atapi.32
                0x00000000c00228cc                ATAPI::write(unsigned long long, int, void*)
                0x00000000c00228d2                ATAPI::close(int, int, void*)
                0x00000000c00228f6                ATAPI::ATAPI()
                0x00000000c00228f6                ATAPI::ATAPI()
                0x00000000c0022924                ATAPI::readyForCommand()
                0x00000000c0022974                ATAPI::sendPacket(unsigned char*, int, bool, unsigned short*, int)
                0x00000000c0022c34                ATAPI::diskRemoved()
                0x00000000c0022c50                ATAPI::eject()
                0x00000000c0022c96                ATAPI::diskInserted()
                0x00000000c0022cc4                ATAPI::detectMedia()
                0x00000000c0022d80                ATAPI::open(int, int, void*)
                0x00000000c0022e00                ATAPI::read(unsigned long long, int, void*)
 *fill*         0x00000000c0022e7f        0x1 
 .text          0x00000000c0022e80       0x8e hw/fpu/avx.32
                0x00000000c0022e80                AVX::open(int, int, void*)
                0x00000000c0022e92                AVX::close(int, int, void*)
                0x00000000c0022ea4                AVX::available()
                0x00000000c0022eb6                AVX::save(void*)
                0x00000000c0022ece                AVX::load(void*)
                0x00000000c0022ee6                AVX::AVX()
                0x00000000c0022ee6                AVX::AVX()
 .text          0x00000000c0022f0e       0x90 hw/fpu/mmx.32
                0x00000000c0022f0e                MMX::available()
                0x00000000c0022f22                MMX::open(int, int, void*)
                0x00000000c0022f34                MMX::close(int, int, void*)
                0x00000000c0022f46                MMX::save(void*)
                0x00000000c0022f5e                MMX::load(void*)
                0x00000000c0022f76                MMX::MMX()
                0x00000000c0022f76                MMX::MMX()
 .text          0x00000000c0022f9e       0x96 hw/fpu/sse.32
                0x00000000c0022f9e                SSE::open(int, int, void*)
                0x00000000c0022fb0                SSE::close(int, int, void*)
                0x00000000c0022fc2                SSE::available()
                0x00000000c0022fdc                SSE::save(void*)
                0x00000000c0022ff4                SSE::load(void*)
                0x00000000c002300c                SSE::SSE()
                0x00000000c002300c                SSE::SSE()
 .text          0x00000000c0023034       0x8e hw/fpu/x87.32
                0x00000000c0023034                x87::open(int, int, void*)
                0x00000000c0023046                x87::close(int, int, void*)
                0x00000000c0023058                x87::available()
                0x00000000c002306a                x87::save(void*)
                0x00000000c0023082                x87::load(void*)
                0x00000000c002309a                x87::x87()
                0x00000000c002309a                x87::x87()
 .text          0x00000000c00230c2      0x71e hw/intctrl/apic.32
                0x00000000c00230c2                APIC::disable()
                0x00000000c00230c4                APIC::close(int, int, void*)
                0x00000000c00230e6                IOAPIC::close(int, int, void*)
                0x00000000c00230ec                APIC::io_wait()
                0x00000000c00230f2                APIC::getBase()
                0x00000000c0023134                APIC::eoi(unsigned char)
                0x00000000c0023162                APIC::open(int, int, void*)
                0x00000000c00232b0                IOAPIC::IOAPIC()
                0x00000000c00232b0                IOAPIC::IOAPIC()
                0x00000000c00232d8                APIC::APIC()
                0x00000000c00232d8                APIC::APIC()
                0x00000000c00233b4                IOAPIC::handlesGSIWithNumber(unsigned int)
                0x00000000c00233e6                IOAPIC::read(int)
                0x00000000c002340e                IOAPIC::open(int, int, void*)
                0x00000000c0023504                IOAPIC::write(int, int)
                0x00000000c0023530                IOAPIC::redirect(unsigned char, unsigned long long, unsigned char, bool, bool)
                0x00000000c002362a                APIC::installIRQHandler(int, void (*)(regs*, void*), bool, void*)
 .text          0x00000000c00237e0      0x3d3 hw/intctrl/pic.32
                0x00000000c00237e0                PIC::disable()
                0x00000000c002380e                PIC::close(int, int, void*)
                0x00000000c0023830                PIC::PIC()
                0x00000000c0023830                PIC::PIC()
                0x00000000c0023906                PIC::ioWait()
                0x00000000c002390c                PIC::getIRQReg(int)
                0x00000000c0023976                PIC::eoi(unsigned char)
                0x00000000c0023a08                PIC::remap()
                0x00000000c0023b74                PIC::open(int, int, void*)
 *fill*         0x00000000c0023bb3        0x1 
 .text          0x00000000c0023bb4      0x25e hw/timer/apictimer.32
                0x00000000c0023bb4                APICTimer::close(int, int, void*)
                0x00000000c0023bba                apicTimerHandler(regs*, void*)
                0x00000000c0023be8                APICTimer::write(int)
                0x00000000c0023cec                APICTimer::open(int, int, void*)
                0x00000000c0023dea                APICTimer::APICTimer()
                0x00000000c0023dea                APICTimer::APICTimer()
 .text          0x00000000c0023e12      0x1a7 hw/timer/pit.32
                0x00000000c0023e12                PIT::write(int)
                0x00000000c0023e90                pitHandler(regs*, void*)
                0x00000000c0023ebc                PIT::open(int, int, void*)
                0x00000000c0023f0a                PIT::close(int, int, void*)
                0x00000000c0023f3a                PIT::PIT()
                0x00000000c0023f3a                PIT::PIT()
 *fill*         0x00000000c0023fb9        0x7 
 .text          0x00000000c0023fc0       0x1e hw/fpu/x86/avx.32
                0x00000000c0023fc0                avxDetect
                0x00000000c0023fc6                avxSave
                0x00000000c0023fc7                avxLoad
                0x00000000c0023fc8                avxInit
                0x00000000c0023fc9                avxClose
                0x00000000c0023fca                wouldSheSayYes
 *fill*         0x00000000c0023fde        0x2 
 .text          0x00000000c0023fe0       0x35 hw/fpu/x86/sse.32
                0x00000000c0023fe0                absolutelyNoChanceInHell
                0x00000000c0023fe0                sseDetect
                0x00000000c0023ff8                sseSave
                0x00000000c0023ffe                sseLoad
                0x00000000c0024004                sseInit
                0x00000000c0024014                sseClose
 *fill*         0x00000000c0024015        0xb 
 .text          0x00000000c0024020       0x47 hw/fpu/x86/x87.32
                0x00000000c0024026                x87Detect
                0x00000000c0024041                x87Save
                0x00000000c0024047                x87Load
                0x00000000c002404c                x87Init
                0x00000000c0024066                x87Close
 *fill*         0x00000000c0024067        0x1 
 .text          0x00000000c0024068       0x25 /cygdrive/d/Users/Alex/Desktop/Toolchain/Output/bin/../lib/gcc/i386-banana/8.1.0/crtend.o
 .text          0x00000000c002408d        0x0 crtn.32
 *fill*         0x00000000c002408d        0x3 
 .text          0x00000000c0024090      0x14b /cygdrive/d/Users/Alex/Desktop/Toolchain/Output/bin/../lib/gcc/i386-banana/8.1.0/libkgcc.a(_divdi3.o)
                0x00000000c0024090                __divdi3
 *fill*         0x00000000c00241db        0x1 
 .text          0x00000000c00241dc      0x17e /cygdrive/d/Users/Alex/Desktop/Toolchain/Output/bin/../lib/gcc/i386-banana/8.1.0/libkgcc.a(_moddi3.o)
                0x00000000c00241dc                __moddi3
 *fill*         0x00000000c002435a        0x2 
 .text          0x00000000c002435c       0xff /cygdrive/d/Users/Alex/Desktop/Toolchain/Output/bin/../lib/gcc/i386-banana/8.1.0/libkgcc.a(_udivdi3.o)
                0x00000000c002435c                __udivdi3
 *fill*         0x00000000c002445b        0x1 
 .text          0x00000000c002445c      0x11a /cygdrive/d/Users/Alex/Desktop/Toolchain/Output/bin/../lib/gcc/i386-banana/8.1.0/libkgcc.a(_umoddi3.o)
                0x00000000c002445c                __umoddi3
 .text          0x00000000c0024576      0x96d D:/Users/Alex/Desktop/Banana/kernel/libsoftfp.a(sfieeelib.o)
                0x00000000c0024576                __addsf3
                0x00000000c0024878                __subsf3
                0x00000000c002488c                __negsf2
                0x00000000c0024899                __mulsf3
                0x00000000c0024a5c                __divsf3
                0x00000000c0024c87                __floatsisf
                0x00000000c0024cfb                __floatunsisf
                0x00000000c0024d3d                __fixsfsi
                0x00000000c0024d9f                __fixunssfsi
                0x00000000c0024dd0                __cmpsf2
                0x00000000c0024e65                __eqsf2
                0x00000000c0024ea0                __nesf2
                0x00000000c0024ea2                __gtsf2
                0x00000000c0024edd                __gesf2
                0x00000000c0024edf                __ltsf2
                0x00000000c0024ee1                __lesf2
 .text          0x00000000c0024ee3      0xf50 D:/Users/Alex/Desktop/Banana/kernel/libsoftfp.a(dfieeelib.o)
                0x00000000c0024ee3                __adddf3
                0x00000000c0025534                __subdf3
                0x00000000c002554f                __negdf2
                0x00000000c0025560                __muldf3
                0x00000000c0025844                __divdf3
                0x00000000c0025bc3                __floatsidf
                0x00000000c0025c1e                __floatunsidf
                0x00000000c0025c5c                __fixdfsi
                0x00000000c0025cc9                __fixunsdfsi
                0x00000000c0025d05                __cmpdf2
                0x00000000c0025df3                __eqdf2
                0x00000000c0025e0f                __nedf2
                0x00000000c0025e11                __gtdf2
                0x00000000c0025e2d                __gedf2
                0x00000000c0025e2f                __ltdf2
                0x00000000c0025e31                __ledf2
 .text          0x00000000c0025e33      0x18d D:/Users/Alex/Desktop/Banana/kernel/libsoftfp.a(sfdfcvt.o)
                0x00000000c0025e33                __truncdfsf2
                0x00000000c0025f57                __extendsfdf2
 .text          0x00000000c0025fc0       0x1e D:/Users/Alex/Desktop/Banana/kernel/libk/libm32.a(s_fabs.c.o)
                0x00000000c0025fc0                fabs
 *fill*         0x00000000c0025fde        0x2 
 .text          0x00000000c0025fe0        0xc D:/Users/Alex/Desktop/Banana/kernel/libk/libm32.a(s_lrint.S.o)
                0x00000000c0025fe0                lrint
 .text          0x00000000c0025fec        0xc D:/Users/Alex/Desktop/Banana/kernel/libk/libm32.a(s_lrintf.S.o)
                0x00000000c0025fec                lrintf
 *(.gnu.linkonce.t*)

.iplt           0x00000000c0025ff8        0x0
 .iplt          0x00000000c0025ff8        0x0 D:/Users/Alex/Desktop/Banana/kernel/boot.32

.init           0x00000000c0025ff8        0xf
 .init          0x00000000c0025ff8        0x3 crti.32
                0x00000000c0025ff8                _init
 .init          0x00000000c0025ffb        0x5 /cygdrive/d/Users/Alex/Desktop/Toolchain/Output/bin/../lib/gcc/i386-banana/8.1.0/crtbegin.o
 .init          0x00000000c0026000        0x5 /cygdrive/d/Users/Alex/Desktop/Toolchain/Output/bin/../lib/gcc/i386-banana/8.1.0/crtend.o
 .init          0x00000000c0026005        0x2 crtn.32

.fini           0x00000000c0026007        0xa
 .fini          0x00000000c0026007        0x3 crti.32
                0x00000000c0026007                _fini
 .fini          0x00000000c002600a        0x5 /cygdrive/d/Users/Alex/Desktop/Toolchain/Output/bin/../lib/gcc/i386-banana/8.1.0/crtbegin.o
 .fini          0x00000000c002600f        0x2 crtn.32

.text._ZN8ComputerD2Ev
                0x00000000c0026012       0x23
 .text._ZN8ComputerD2Ev
                0x00000000c0026012       0x23 core/computer.32
                0x00000000c0026012                Computer::~Computer()
                0x00000000c0026012                Computer::~Computer()

.text._ZN8ComputerD0Ev
                0x00000000c0026036       0x2a
 .text._ZN8ComputerD0Ev
                0x00000000c0026036       0x2a core/computer.32
                0x00000000c0026036                Computer::~Computer()

.text._Z10idleCommonv
                0x00000000c0026060       0x15
 .text._Z10idleCommonv
                0x00000000c0026060       0x15 core/idle.32
                0x00000000c0026060                idleCommon()

.text._ZN10LinkedListI8UnixFileED2Ev
                0x00000000c0026076        0x2
 .text._ZN10LinkedListI8UnixFileED2Ev
                0x00000000c0026076        0x2 core/unixfile.32
                0x00000000c0026076                LinkedList<UnixFile>::~LinkedList()
                0x00000000c0026076                LinkedList<UnixFile>::~LinkedList()

.text._ZN10LinkedListI8UnixFileEC2Ev
                0x00000000c0026078       0x58
 .text._ZN10LinkedListI8UnixFileEC2Ev
                0x00000000c0026078       0x58 core/unixfile.32
                0x00000000c0026078                LinkedList<UnixFile>::LinkedList()
                0x00000000c0026078                LinkedList<UnixFile>::LinkedList()

.text._ZN10LinkedListI8UnixFileE10addElementEPS0_
                0x00000000c00260d0       0xd3
 .text._ZN10LinkedListI8UnixFileE10addElementEPS0_
                0x00000000c00260d0       0xd3 core/unixfile.32
                0x00000000c00260d0                LinkedList<UnixFile>::addElement(UnixFile*)

.text._ZN10LinkedListI8UnixFileE15getFirstElementEv
                0x00000000c00261a4        0x7
 .text._ZN10LinkedListI8UnixFileE15getFirstElementEv
                0x00000000c00261a4        0x7 core/unixfile.32
                0x00000000c00261a4                LinkedList<UnixFile>::getFirstElement()

.text._ZN10LinkedListI8UnixFileE11removeFirstEv
                0x00000000c00261ac       0xa1
 .text._ZN10LinkedListI8UnixFileE11removeFirstEv
                0x00000000c00261ac       0xa1 core/unixfile.32
                0x00000000c00261ac                LinkedList<UnixFile>::removeFirst()

.text._ZN10LinkedListI8UnixFileE7getNextEPS0_
                0x00000000c002624e        0x8
 .text._ZN10LinkedListI8UnixFileE7getNextEPS0_
                0x00000000c002624e        0x8 core/unixfile.32
                0x00000000c002624e                LinkedList<UnixFile>::getNext(UnixFile*)

.text._ZN16DriverlessDeviceD2Ev
                0x00000000c0026256       0x1a
 .text._ZN16DriverlessDeviceD2Ev
                0x00000000c0026256       0x1a hal/device.32
                0x00000000c0026256                DriverlessDevice::~DriverlessDevice()
                0x00000000c0026256                DriverlessDevice::~DriverlessDevice()

.text._ZN16DriverlessDeviceD0Ev
                0x00000000c0026270       0x2a
 .text._ZN16DriverlessDeviceD0Ev
                0x00000000c0026270       0x2a hal/device.32
                0x00000000c0026270                DriverlessDevice::~DriverlessDevice()

.text._ZN10LinkedListI6DeviceE10addElementEPS0_
                0x00000000c002629a       0xdc
 .text._ZN10LinkedListI6DeviceE10addElementEPS0_
                0x00000000c002629a       0xdc hal/device.32
                0x00000000c002629a                LinkedList<Device>::addElement(Device*)

.text._ZN10LinkedListI6DeviceEC2Ev
                0x00000000c0026376       0x58
 .text._ZN10LinkedListI6DeviceEC2Ev
                0x00000000c0026376       0x58 hal/device.32
                0x00000000c0026376                LinkedList<Device>::LinkedList()
                0x00000000c0026376                LinkedList<Device>::LinkedList()

.text._ZN10LinkedListIV18ThreadControlBlockE15getFirstElementEv
                0x00000000c00263ce        0x7
 .text._ZN10LinkedListIV18ThreadControlBlockE15getFirstElementEv
                0x00000000c00263ce        0x7 hal/timer.32
                0x00000000c00263ce                LinkedList<ThreadControlBlock volatile>::getFirstElement()

.text._ZN10LinkedListIV18ThreadControlBlockE7isEmptyEv
                0x00000000c00263d6       0x1c
 .text._ZN10LinkedListIV18ThreadControlBlockE7isEmptyEv