Archive member included to satisfy reference by file (symbol)

/cygdrive/d/Users/Alex/Desktop/Toolchain/Output/bin/../lib/gcc/i386-banana/8.1.0/libkgcc.a(_divdi3.o)
                              fs/fat/ff.32 (__divdi3)
/cygdrive/d/Users/Alex/Desktop/Toolchain/Output/bin/../lib/gcc/i386-banana/8.1.0/libkgcc.a(_moddi3.o)
                              compat/resolve.32 (__moddi3)
/cygdrive/d/Users/Alex/Desktop/Toolchain/Output/bin/../lib/gcc/i386-banana/8.1.0/libkgcc.a(_udivdi3.o)
                              fs/fat/ff.32 (__udivdi3)
/cygdrive/d/Users/Alex/Desktop/Toolchain/Output/bin/../lib/gcc/i386-banana/8.1.0/libkgcc.a(_umoddi3.o)
                              compat/resolve.32 (__umoddi3)
D:/Users/Alex/Desktop/Banana/kernel/libsoftfp.a(sfieeelib.o)
                              hal/libresample/src_linear.32 (__subsf3)
D:/Users/Alex/Desktop/Banana/kernel/libsoftfp.a(dfieeelib.o)
                              hal/libresample/src_linear.32 (__adddf3)
D:/Users/Alex/Desktop/Banana/kernel/libsoftfp.a(sfdfcvt.o)
                              hal/libresample/samplerate.32 (__truncdfsf2)
D:/Users/Alex/Desktop/Banana/kernel/libk/libm32.a(s_fabs.c.o)
                              hal/libresample/samplerate.32 (fabs)
D:/Users/Alex/Desktop/Banana/kernel/libk/libm32.a(s_lrint.S.o)
                              hal/libresample/samplerate.32 (lrint)
D:/Users/Alex/Desktop/Banana/kernel/libk/libm32.a(s_lrintf.S.o)
                              hal/sound/sndhw.32 (lrintf)

Discarded input sections

 .comment       0x0000000000000000       0x12 /cygdrive/d/Users/Alex/Desktop/Toolchain/Output/bin/../lib/gcc/i386-banana/8.1.0/crtbegin.o
 .comment       0x0000000000000000       0x12 acpica/utclib.32
 .comment       0x0000000000000000       0x12 core/malloc.32
 .comment       0x0000000000000000       0x12 libk/string.32
 .comment       0x0000000000000000       0x12 fs/fat/diskio.32
 .comment       0x0000000000000000       0x12 fs/fat/ff.32
 .comment       0x0000000000000000       0x12 fs/fat/ffsystem.32
 .comment       0x0000000000000000       0x12 fs/fat/ffunicode.32
 .comment       0x0000000000000000       0x12 hal/libresample/samplerate.32
 .comment       0x0000000000000000       0x12 hal/libresample/src_linear.32
 .comment       0x0000000000000000       0x12 hal/libresample/src_sinc.32
 .comment       0x0000000000000000       0x12 hal/libresample/src_zoh.32
 .comment       0x0000000000000000       0x12 compat/inlines.32
 .comment       0x0000000000000000       0x12 compat/resolve.32
 .group         0x0000000000000000       0x14 core/computer.32
 .group         0x0000000000000000        0xc core/computer.32
 .comment       0x0000000000000000       0x12 core/computer.32
 .comment       0x0000000000000000       0x12 core/gdt.32
 .group         0x0000000000000000        0xc core/idle.32
 .comment       0x0000000000000000       0x12 core/idle.32
 .comment       0x0000000000000000       0x12 core/idt.32
 .comment       0x0000000000000000       0x12 core/kheap.32
 .comment       0x0000000000000000       0x12 core/main.32
 .comment       0x0000000000000000       0x12 core/physmgr.32
 .group         0x0000000000000000        0xc core/pipe.32
 .comment       0x0000000000000000       0x12 core/pipe.32
 .group         0x0000000000000000        0xc core/terminal.32
 .comment       0x0000000000000000       0x12 core/terminal.32
 .comment       0x0000000000000000       0x12 core/tss.32
 .group         0x0000000000000000        0x8 core/unixfile.32
 .group         0x0000000000000000        0x8 core/unixfile.32
 .group         0x0000000000000000        0xc core/unixfile.32
 .group         0x0000000000000000        0x8 core/unixfile.32
 .group         0x0000000000000000        0xc core/unixfile.32
 .group         0x0000000000000000        0x8 core/unixfile.32
 .group         0x0000000000000000        0xc core/unixfile.32
 .group         0x0000000000000000        0xc core/unixfile.32
 .comment       0x0000000000000000       0x12 core/unixfile.32
 .comment       0x0000000000000000       0x12 core/virtmgr.32
 .comment       0x0000000000000000       0x12 coreobjs/c++.32
 .comment       0x0000000000000000       0x12 dbg/kconsole.32
 .group         0x0000000000000000        0xc fs/vfs.32
 .group         0x0000000000000000        0xc fs/vfs.32
 .group         0x0000000000000000        0xc fs/vfs.32
 .comment       0x0000000000000000       0x12 fs/vfs.32
 .group         0x0000000000000000        0xc hal/bus.32
 .comment       0x0000000000000000       0x12 hal/bus.32
 .group         0x0000000000000000        0xc hal/buzzer.32
 .comment       0x0000000000000000       0x12 hal/buzzer.32
 .group         0x0000000000000000        0xc hal/clock.32
 .comment       0x0000000000000000       0x12 hal/clock.32
 .group         0x0000000000000000       0x14 hal/device.32
 .group         0x0000000000000000        0xc hal/device.32
 .group         0x0000000000000000        0x8 hal/device.32
 .group         0x0000000000000000        0xc hal/device.32
[...]
Memory Configuration

Name             Origin             Length             Attributes
*default*        0x0000000000000000 0xffffffffffffffff

Linker script and memory map

LOAD D:/Users/Alex/Desktop/Banana/kernel/boot.32
LOAD crti.32
LOAD /cygdrive/d/Users/Alex/Desktop/Toolchain/Output/bin/../lib/gcc/i386-banana/8.1.0/crtbegin.o
LOAD D:/Users/Alex/Desktop/Banana/kernel/morenasm.32
LOAD acpica/utclib.32
LOAD core/malloc.32
LOAD libk/string.32
LOAD fs/fat/diskio.32
LOAD fs/fat/ff.32
LOAD fs/fat/ffsystem.32
LOAD fs/fat/ffunicode.32
LOAD hal/libresample/samplerate.32
LOAD hal/libresample/src_linear.32
LOAD hal/libresample/src_sinc.32
LOAD hal/libresample/src_zoh.32
LOAD compat/inlines.32
LOAD compat/resolve.32
LOAD core/computer.32
LOAD core/gdt.32
LOAD core/idle.32
LOAD core/idt.32
LOAD core/kheap.32
LOAD core/main.32
LOAD core/physmgr.32
LOAD core/pipe.32
LOAD core/terminal.32
LOAD core/tss.32
LOAD core/unixfile.32
LOAD core/virtmgr.32
LOAD coreobjs/c++.32
LOAD dbg/kconsole.32
LOAD fs/vfs.32
LOAD hal/bus.32
LOAD hal/buzzer.32
LOAD hal/clock.32
LOAD hal/device.32
LOAD hal/diskctrl.32
LOAD hal/diskphys.32
LOAD hal/fpu.32
LOAD hal/intctrl.32
LOAD hal/keybrd.32
LOAD hal/logidisk.32
LOAD hal/mouse.32
LOAD hal/partition.32
LOAD hal/serial.32
LOAD hal/timer.32
LOAD hal/vcache.32
LOAD hal/video.32
LOAD hw/acpi.32
LOAD hw/cpu.32
LOAD hw/ports.32
LOAD hw/smp.32
LOAD krnl/env.32
LOAD krnl/panic.32
LOAD net/ethernet.32
LOAD reg/registry.32
LOAD sys/sc_eject.32
LOAD sys/sc_exit.32
LOAD sys/sc_getcwd.32
LOAD sys/sc_getpid.32
LOAD sys/sc_getramdata.32
LOAD sys/sc_getvgaptr.32
LOAD sys/sc_loaddll.32
LOAD sys/sc_read.32
LOAD sys/sc_sbrk.32
LOAD sys/sc_setcwd.32
LOAD sys/sc_settime.32
LOAD sys/sc_timezone.32
LOAD sys/sc_write.32
LOAD sys/sc_wsbe.32
LOAD sys/sc_yield.32
LOAD sys/syscalls.32
LOAD thr/elf.32
LOAD thr/prcssthr.32
LOAD vm86/vm8086.32
LOAD vm86/x87em.32
LOAD fs/fat/vfslink.32
LOAD fs/iso9660/vfslink.32
LOAD hal/sound/sndchannel.32
LOAD hal/sound/sndhw.32
LOAD hw/bus/isa.32
LOAD hw/bus/pci.32
LOAD hw/diskctrl/ide.32
LOAD hw/diskctrl/satabus.32
LOAD hw/diskphys/ata.32
LOAD hw/diskphys/atapi.32
LOAD hw/diskphys/sata.32
LOAD hw/diskphys/satapi.32
LOAD hw/fpu/avx.32
LOAD hw/fpu/mmx.32
LOAD hw/fpu/sse.32
LOAD hw/fpu/x87.32
LOAD hw/intctrl/apic.32
LOAD hw/intctrl/pic.32
LOAD hw/timer/apictimer.32
LOAD hw/timer/pit.32
LOAD hw/fpu/x86/avx.32
LOAD hw/fpu/x86/sse.32
LOAD hw/fpu/x86/x87.32
LOAD /cygdrive/d/Users/Alex/Desktop/Toolchain/Output/bin/../lib/gcc/i386-banana/8.1.0/crtend.o
LOAD crtn.32
LOAD /cygdrive/d/Users/Alex/Desktop/Toolchain/Output/bin/../lib/gcc/i386-banana/8.1.0/libkgcc.a
LOAD D:/Users/Alex/Desktop/Banana/kernel/libsoftfp.a
LOAD D:/Users/Alex/Desktop/Banana/kernel/libk/libm32.a
                0x00000000c0000000                . = 0xc0000000

.text           0x00000000c0000000    0x28578
 *(.text)
 .text          0x00000000c0000000       0x41 D:/Users/Alex/Desktop/Banana/kernel/boot.32
                0x00000000c0000020                callGlobalConstructors
 .text          0x00000000c0000041        0x0 crti.32
 *fill*         0x00000000c0000041        0x3 
 .text          0x00000000c0000044      0x101 /cygdrive/d/Users/Alex/Desktop/Toolchain/Output/bin/../lib/gcc/i386-banana/8.1.0/crtbegin.o
 *fill*         0x00000000c0000145        0xb 
 .text          0x00000000c0000150      0x4fb D:/Users/Alex/Desktop/Banana/kernel/morenasm.32
                0x00000000c0000150                manualPCIProbe
                0x00000000c000019b                prepareTramp
                0x00000000c00001b4                voodooXADD
                0x00000000c000027f                doTPAUSE
                0x00000000c0000289                hasLegacyFPU
                0x00000000c00002ae                is486
                0x00000000c00002e4                detectCPUID
                0x00000000c00002fa                goToVM86
                0x00000000c000032a                goToUsermode
                0x00000000c0000354                switchToThreadASMFirstTime
                0x00000000c0000362                switchToThreadASM
                0x00000000c00003f2                asmQuickAcquireLock
                0x00000000c0000410                asmQuickReleaseLock
                0x00000000c000041c                asmAcquireLock
                0x00000000c000043d                asmReleaseLock
                0x00000000c0000450                loadGDT
                0x00000000c0000470                isr0
                0x00000000c0000480                isr1
                0x00000000c000048a                isr2
                0x00000000c0000494                isr3
                0x00000000c000049e                isr4
                0x00000000c00004a8                isr5
                0x00000000c00004b2                isr6
                0x00000000c00004bc                isr7
                0x00000000c00004c6                isr8
                0x00000000c00004ce                isr9
                0x00000000c00004d8                isr10
                0x00000000c00004e0                isr11
                0x00000000c00004e8                isr12
                0x00000000c00004f0                isr13
                0x00000000c00004f8                isr14
                0x00000000c0000500                isr15
                0x00000000c000050a                isr16
                0x00000000c0000514                isr17
                0x00000000c000051e                isr18
                0x00000000c0000528                irq3
                0x00000000c0000532                irq4
                0x00000000c000053c                irq5
                0x00000000c0000546                irq6
                0x00000000c0000550                irq7
                0x00000000c000055a                irq8
                0x00000000c0000564                irq9
                0x00000000c000056e                irq10
                0x00000000c0000578                irq11
                0x00000000c0000582                irq12
                0x00000000c000058c                irq13
                0x00000000c0000596                irq14
                0x00000000c00005a0                irq15
                0x00000000c00005aa                irq1
                0x00000000c00005b1                irq2
                0x00000000c00005b8                isr96
                0x00000000c00005bf                irq0
                0x00000000c00005c4                syscall_common_stub
                0x00000000c00005c4                int_common_stub
                0x00000000c00005f6                irq16
                0x00000000c0000600                irq17
                0x00000000c000060a                irq18
                0x00000000c0000614                irq19
                0x00000000c000061e                irq20
                0x00000000c0000628                irq21
                0x00000000c0000632                irq22
                0x00000000c000063c                irq23
                0x00000000c0000646                memcpy
 *fill*         0x00000000c000064b        0x1 
 .text          0x00000000c000064c      0x5dd acpica/utclib.32
                0x00000000c000064c                memcmp
                0x00000000c0000688                memmove
                0x00000000c0000750                memset
                0x00000000c000076c                strlen
                0x00000000c0000784                strpbrk
                0x00000000c00007c0                strtok
                0x00000000c000080c                strcpy
                0x00000000c0000830                strncpy
                0x00000000c0000898                strcmp
                0x00000000c00008d8                strchr
                0x00000000c00008fc                strncmp
                0x00000000c000094c                strcat
                0x00000000c000097c                strncat
                0x00000000c00009b8                strstr
                0x00000000c0000a00                toupper
                0x00000000c0000a14                tolower
                0x00000000c0000a28                simple_strtoul
 .text          0x00000000c0000c29      0xfad core/malloc.32
                0x00000000c0000d94                dlfree
                0x00000000c00010ef                dlmalloc
                0x00000000c000162c                dlrealloc
                0x00000000c00017cf                dlmemalign
                0x00000000c00018f2                dlcalloc
                0x00000000c000198c                dlcfree
                0x00000000c0001991                dlindependent_calloc
                0x00000000c00019b6                dlindependent_comalloc
                0x00000000c00019cd                dlvalloc
                0x00000000c00019f8                dlpvalloc
                0x00000000c0001a2e                dlmalloc_trim
                0x00000000c0001a3b                dlmalloc_usable_size
                0x00000000c0001a6c                dlmallinfo
                0x00000000c0001b3b                dlmalloc_stats
                0x00000000c0001b4c                dlmallopt
 .text          0x00000000c0001bd6        0x0 libk/string.32
 .text          0x00000000c0001bd6       0x51 fs/fat/diskio.32
                0x00000000c0001bd6                disk_status
                0x00000000c0001bd9                disk_initialize
                0x00000000c0001bdc                disk_read
                0x00000000c0001bf2                disk_write
                0x00000000c0001c08                disk_ioctl
 .text          0x00000000c0001c27     0x6833 fs/fat/ff.32
                0x00000000c0004ef5                f_mount
                0x00000000c0004f57                f_open
                0x00000000c0005393                f_read
                0x00000000c0005613                f_write
                0x00000000c00058cd                f_sync
                0x00000000c0005aa9                f_close
                0x00000000c0005ad8                f_lseek
                0x00000000c0005f8f                f_opendir
                0x00000000c0006091                f_closedir
                0x00000000c00060b3                f_readdir
                0x00000000c000614e                f_stat
                0x00000000c00061dd                f_getfree
                0x00000000c00063a8                f_truncate
                0x00000000c00064a0                f_unlink
                0x00000000c0006623                f_mkdir
                0x00000000c000684f                f_rename
                0x00000000c0006b42                f_chmod
                0x00000000c0006c20                f_utime
                0x00000000c0006cfe                f_getlabel
                0x00000000c0006eec                f_setlabel
                0x00000000c0007159                f_forward
                0x00000000c0007337                f_mkfs
 .text          0x00000000c000845a       0x2d fs/fat/ffsystem.32
                0x00000000c000845a                ff_memalloc
                0x00000000c0008470                ff_memfree
 .text          0x00000000c0008487      0x253 fs/fat/ffunicode.32
                0x00000000c0008487                ff_uni2oem
                0x00000000c0008517                ff_oem2uni
                0x00000000c0008583                ff_wtoupper
 .text          0x00000000c00086da      0x8fb hal/libresample/samplerate.32
                0x00000000c000871e                src_delete
                0x00000000c000875a                src_process
                0x00000000c0008910                src_callback_read
                0x00000000c0008a8d                src_set_ratio
                0x00000000c0008af7                src_get_channels
                0x00000000c0008b19                src_reset
                0x00000000c0008b65                src_new
                0x00000000c0008bf3                src_callback_new
                0x00000000c0008c55                src_get_name
                0x00000000c0008c8c                src_get_description
                0x00000000c0008cc3                src_get_version
                0x00000000c0008cc9                src_is_valid_ratio
                0x00000000c0008d1d                src_error
                0x00000000c0008d2b                src_strerror
                0x00000000c0008d3e                src_simple
                0x00000000c0008d91                src_short_to_float_array
                0x00000000c0008df6                src_float_to_short_array
                0x00000000c0008eb5                src_int_to_float_array
                0x00000000c0008f18                src_float_to_int_array
 .text          0x00000000c0008fd5      0x8cb hal/libresample/src_linear.32
                0x00000000c00097fb                linear_get_name
                0x00000000c000980a                linear_get_description
                0x00000000c0009819                linear_set_converter
 .text          0x00000000c00098a0     0x447c hal/libresample/src_sinc.32
                0x00000000c000dc33                sinc_get_name
                0x00000000c000dc46                sinc_get_description
                0x00000000c000dc59                sinc_set_converter
 .text          0x00000000c000dd1c      0x77c hal/libresample/src_zoh.32
                0x00000000c000e3f3                zoh_get_name
                0x00000000c000e402                zoh_get_description
                0x00000000c000e411                zoh_set_converter
 .text          0x00000000c000e498       0xa7 compat/inlines.32
                0x00000000c000e498                CPU::current()
                0x00000000c000e4a4                operator new(unsigned long)
                0x00000000c000e4a9                operator delete(void*)
                0x00000000c000e4ae                disableIRQs()
                0x00000000c000e4b6                enableIRQs()
                0x00000000c000e4c5                lockScheduler()
                0x00000000c000e4cd                unlockScheduler()
                0x00000000c000e4dc                lockStuff()
                0x00000000c000e4ea                unlockStuff()
                0x00000000c000e524                Virt::getAKernelVAS()
                0x00000000c000e52a                __not_memcpy
 .text          0x00000000c000e53f      0x111 compat/resolve.32
                0x00000000c000e53f                Krnl::resolveCompatibilitySymbol(char*)
 .text          0x00000000c000e650      0x741 core/computer.32
                0x00000000c000e650                Computer::close(int, int, void*)
                0x00000000c000e694                Krnl::firstTask()
                0x00000000c000e7d6                Computer::Computer()
                0x00000000c000e7d6                Computer::Computer()
                0x00000000c000e932                Computer::setBootMessage(char const*)
                0x00000000c000e934                Computer::detectFeatures()
                0x00000000c000eb3e                Computer::displayFeatures()
                0x00000000c000eb40                Computer::rdmsr(unsigned int)
                0x00000000c000eb6c                Computer::wrmsr(unsigned int, unsigned long long)
                0x00000000c000eba4                Computer::nmiEnabled()
                0x00000000c000ebb0                Computer::readCMOS(unsigned char)
                0x00000000c000ebca                Computer::enableNMI(bool)
                0x00000000c000ebe2                Computer::open(int, int, void*)
                0x00000000c000ecd4                Computer::disableNMI()
                0x00000000c000ece2                Computer::writeCMOS(unsigned char, unsigned char)
                0x00000000c000ed00                Computer::handleNMI()
                0x00000000c000ed66                Computer::setDiskActivityLight(int, bool)
 *fill*         0x00000000c000ed91        0x1 
 .text          0x00000000c000ed92      0x19d core/gdt.32
                0x00000000c000ed92                GDTEntry::setBase(unsigned int)
                0x00000000c000edae                GDTEntry::setLimit(unsigned int)
                0x00000000c000edcc                GDT::GDT()
                0x00000000c000edcc                GDT::GDT()
                0x00000000c000ede2                GDT::addEntry(GDTEntry)
                0x00000000c000ee04                GDT::getNumberOfEntries()
                0x00000000c000ee0c                GDT::flush()
                0x00000000c000ee2e                GDT::setup()
 .text          0x00000000c000ef2f       0x6b core/idle.32
                0x00000000c000ef2f                idleFunction(void*)
 .text          0x00000000c000ef9a      0x45e core/idt.32
                0x00000000c000ef9a                IDTEntry::IDTEntry(bool)
                0x00000000c000ef9a                IDTEntry::IDTEntry(bool)
                0x00000000c000f008                IDTEntry::setOffset(unsigned int)
                0x00000000c000f01c                IDT::IDT()
                0x00000000c000f01c                IDT::IDT()
                0x00000000c000f01e                IDT::getPointerToInvalidOpcodeEntryForF00F()
                0x00000000c000f026                IDT::addEntry(IDTEntry, int)
                0x00000000c000f040                IDT::addEntry(int, void (*)(), bool)
                0x00000000c000f078                IDT::flush()
                0x00000000c000f092                IDT::setup()
 .text          0x00000000c000f3f8      0x1fb core/kheap.32
                0x00000000c000f3f8                sbrk
                0x00000000c000f505                mmap
                0x00000000c000f51b                munmap
                0x00000000c000f531                liballoc_lock()
                0x00000000c000f53e                liballoc_unlock()
                0x00000000c000f552                liballoc_alloc(int)
                0x00000000c000f56a                liballoc_free(void*, int)
                0x00000000c000f585                realloc
                0x00000000c000f599                malloc
                0x00000000c000f5a9                free
                0x00000000c000f5b9                rfree
                0x00000000c000f5c9                calloc
 .text          0x00000000c000f5f3      0x1b6 core/main.32
                0x00000000c000f5f3                Krnl::setBootMessage(char const*)
                0x00000000c000f65f                kernel_main
 .text          0x00000000c000f7a9      0x5b5 core/physmgr.32
                0x00000000c000f7a9                Phys::allocateDMA(unsigned long)
                0x00000000c000f877                Phys::freeDMA(unsigned long, unsigned long)
                0x00000000c000f8d6                Phys::setPageState(unsigned long, bool)
                0x00000000c000f908                Phys::getPageState(unsigned long)
                0x00000000c000f924                Phys::freePage(unsigned long)
                0x00000000c000f995                Phys::allocatePage()
                0x00000000c000fa8d                Phys::allocateContiguousPages(int)
                0x00000000c000fae9                Phys::allowSegmentToBeUsed(unsigned long, unsigned long)
                0x00000000c000fb21                Phys::physicalMemorySetup(unsigned int)
 .text          0x00000000c000fd5e      0x273 core/pipe.32
                0x00000000c000fd5e                Pipe::isAtty()
                0x00000000c000fd62                Pipe::~Pipe()
                0x00000000c000fd62                Pipe::~Pipe()
                0x00000000c000fd86                Pipe::~Pipe()
                0x00000000c000fdae                Pipe::read(unsigned long long, void*, int*)
                0x00000000c000feaa                Pipe::write(unsigned long long, void*, int*)
                0x00000000c000ff6a                Pipe::Pipe(int)
                0x00000000c000ff6a                Pipe::Pipe(int)
 *fill*         0x00000000c000ffd1        0x1 
 .text          0x00000000c000ffd2      0xb93 core/terminal.32
                0x00000000c000ffd2                VgaText::isAtty()
                0x00000000c000ffd6                VgaText::~VgaText()
                0x00000000c000ffd6                VgaText::~VgaText()
                0x00000000c000fffa                VgaText::~VgaText()
                0x00000000c0010024                VgaText::read(unsigned long long, void*, int*)
                0x00000000c0010044                setTerminalScrollLock(bool)
                0x00000000c0010045                addToTerminalCycle(VgaText*)
                0x00000000c0010066                installVgaTextImplementation()
                0x00000000c001007b                scrollTerminalScrollLock(int)
                0x00000000c001007c                VgaText::updateTitle()
                0x00000000c00100ba                VgaText::load()
                0x00000000c0010108                VgaText::updateCursor()
                0x00000000c001011e                VgaText::doANSI_SGR(int)
                0x00000000c0010192                VgaText::setDefaultBgColour(VgaColour)
                0x00000000c00101a2                VgaText::setDefaultFgColour(VgaColour)
                0x00000000c00101b2                VgaText::setDefaultColours(VgaColour, VgaColour)
                0x00000000c00101d2                VgaText::setTitleTextColour(VgaColour)
                0x00000000c00101e2                VgaText::setTitleColour(VgaColour)
                0x00000000c00101f2                VgaText::setTitle(char*)
                0x00000000c0010218                VgaText::combineColours(unsigned char, unsigned char)
                0x00000000c001022a                VgaText::scrollScreen()
                0x00000000c00102be                VgaText::combineCharAndColour(char, unsigned char)
                0x00000000c00102d0                VgaText::writeCharacter(char, VgaColour, VgaColour, int, int)
                0x00000000c001032c                VgaText::getCursorX()
                0x00000000c0010334                VgaText::getCursorY()
                0x00000000c001033c                VgaText::setCursor(int, int)
                0x00000000c0010353                setActiveTerminal(VgaText*)
                0x00000000c00103b5                doTerminalCycle()
                0x00000000c00103d0                VgaText::setCursorX(int)
                0x00000000c00103e8                VgaText::setCursorY(int)
                0x00000000c0010400                VgaText::incrementCursor(bool)
                0x00000000c0010454                VgaText::decrementCursor(bool)
                0x00000000c0010476                VgaText::putchar(char, VgaColour, VgaColour)
                0x00000000c001054e                VgaText::doUpdate()
                0x00000000c001055c                VgaText::puts(char const*, VgaColour, VgaColour)
                0x00000000c00106d4                VgaText::clearScreen()
                0x00000000c001072e                VgaText::putchar(char)
                0x00000000c001081a                VgaText::putx(unsigned int)
                0x00000000c0010860                VgaText::puts(char const*)
                0x00000000c0010886                VgaText::VgaText(char const*)
                0x00000000c0010886                VgaText::VgaText(char const*)
                0x00000000c0010a04                VgaText::receiveKey(unsigned char)
                0x00000000c0010aec                VgaText::write(unsigned long long, void*, int*)
                0x00000000c0010b40                newTerminal(char*)
 *fill*         0x00000000c0010b65        0x1 
 .text          0x00000000c0010b66      0x19d core/tss.32
                0x00000000c0010b66                TSS::TSS()
                0x00000000c0010b66                TSS::TSS()
                0x00000000c0010b74                TSS::setESP(unsigned long)
                0x00000000c0010b86                TSS::flush()
                0x00000000c0010ba6                TSS::setup(unsigned long, unsigned long)
 *fill*         0x00000000c0010d03        0x1 
 .text          0x00000000c0010d04      0x4c2 core/unixfile.32
                0x00000000c0010d04                ReservedFilename::read(unsigned long long, void*, int*)
                0x00000000c0010d5a                ReservedFilename::isAtty()
                0x00000000c0010d76                ReservedFilename::write(unsigned long long, void*, int*)
                0x00000000c0010dd4                UnixFile::getFileDescriptor()
                0x00000000c0010ddc                UnixFile::UnixFile(int)
                0x00000000c0010ddc                UnixFile::UnixFile(int)
                0x00000000c0010f8c                ReservedFilename::ReservedFilename(int)
                0x00000000c0010f8c                ReservedFilename::ReservedFilename(int)
                0x00000000c0010fbe                UnixFile::~UnixFile()
                0x00000000c0010fbe                UnixFile::~UnixFile()
                0x00000000c0011056                UnixFile::~UnixFile()
                0x00000000c001107e                ReservedFilename::~ReservedFilename()
                0x00000000c001107e                ReservedFilename::~ReservedFilename()
                0x00000000c00110a2                ReservedFilename::~ReservedFilename()
                0x00000000c00110c9                getFromFileDescriptor(int)
 .text          0x00000000c00111c6     0x1479 core/virtmgr.32
                0x00000000c00111c6                Virt::setPageState(unsigned long, Virt::VirtPageState)
                0x00000000c00111fb                Virt::getPageState(unsigned long)
                0x00000000c001121f                Virt::allocateKernelVirtualPages(int)
                0x00000000c0011330                Virt::freeSwapfilePage(unsigned long)
                0x00000000c001134e                Virt::swapIDToSector(unsigned long)
                0x00000000c0011360                Virt::allocateSwapfilePage()
                0x00000000c00113de                Virt::virtualMemorySetup()
                0x00000000c0011429                Virt::setupPageSwapping(int)
                0x00000000c0011646                VAS::VAS()
                0x00000000c0011646                VAS::VAS()
                0x00000000c0011682                VAS::VAS(VAS*)
                0x00000000c0011682                VAS::VAS(VAS*)
                0x00000000c00116b0                VAS::getForeignPageTableEntry(bool, unsigned long)
                0x00000000c00116dc                VAS::getPageTableEntry(unsigned long)
                0x00000000c00116fb                Virt::freeKernelVirtualPages(unsigned long)
                0x00000000c001181e                VAS::freeAllocatedPages(unsigned long)
                0x00000000c0011842                VAS::virtualToPhysical(unsigned long)
                0x00000000c001185a                VAS::reflagRange(unsigned long, int, int, int)
                0x00000000c001189a                VAS::setToWriteCombining(unsigned long, int)
                0x00000000c00118cc                VAS::mapOtherVASIn(bool, VAS*)
                0x00000000c00118f6                VAS::~VAS()
                0x00000000c00118f6                VAS::~VAS()
                0x00000000c0011a72                VAS::mapPage(unsigned long, unsigned long, int)
                0x00000000c0011b74                VAS::allocatePages(int, int)
                0x00000000c0011d4c                VAS::setCPUSpecific(unsigned long)
                0x00000000c0011d68                VAS::mapRange(unsigned long, unsigned long, int, int)
                0x00000000c0011e2e                VAS::mapForeignPage(bool, VAS*, unsigned long, unsigned long, int)
                0x00000000c0011f1c                VAS::VAS(bool)
                0x00000000c0011f1c                VAS::VAS(bool)
                0x00000000c001219c                VAS::evict(unsigned long)
                0x00000000c00122a4                VAS::tryLoadBackOffDisk(unsigned long)
                0x00000000c001242c                VAS::scanForEviction()
                0x00000000c0012513                mapVASFirstTime
 .text          0x00000000c001263f       0x95 coreobjs/c++.32
                0x00000000c001263f                __cxa_atexit
                0x00000000c0012642                __cxa_finalize
                0x00000000c0012643                __stack_chk_fail
                0x00000000c00126af                __cxa_pure_virtual
                0x00000000c00126c0                operator new[](unsigned long)
                0x00000000c00126c5                operator delete(void*, unsigned long)
                0x00000000c00126ca                operator delete[](void*)
                0x00000000c00126cf                operator delete[](void*, unsigned long)
 .text          0x00000000c00126d4      0x1e7 dbg/kconsole.32
                0x00000000c00126d4                Dbg::stringifyxWithBase(unsigned int, char*, int)
                0x00000000c001272d                Dbg::logc(char)
                0x00000000c0012744                Dbg::logs(char*)
                0x00000000c0012761                Dbg::logWriteInt(unsigned int)
                0x00000000c001277e                Dbg::logWriteIntBase(unsigned int, int)
                0x00000000c001279d                Dbg::kprintf(char const*, ...)
 *fill*         0x00000000c00128bb        0x1 
 .text          0x00000000c00128bc      0xb82 fs/vfs.32
                0x00000000c00128bc                File::read(unsigned long long, void*, int*)
                0x00000000c0012914                File::write(unsigned long long, void*, int*)
                0x00000000c001296c                Directory::read(unsigned long long, void*, int*)
                0x00000000c00129c4                Directory::write(unsigned long long, void*, int*)
                0x00000000c00129f2                File::isAtty()
                0x00000000c00129f6                Directory::isAtty()
                0x00000000c00129fa                Filesystem::getlabel(LogicalDisk*, int, char*, unsigned int*)
                0x00000000c0012a00                Filesystem::setlabel(LogicalDisk*, int, char*)
                0x00000000c0012a06                Filesystem::getFileFirstSector(char const*)
                0x00000000c0012a0c                File::~File()
                0x00000000c0012a0c                File::~File()
                0x00000000c0012a30                File::~File()
                0x00000000c0012a5a                Directory::~Directory()
                0x00000000c0012a5a                Directory::~Directory()
                0x00000000c0012a7e                Directory::~Directory()
                0x00000000c0012aa8                Filesystem::Filesystem()
                0x00000000c0012aa8                Filesystem::Filesystem()
                0x00000000c0012acc                Filesystem::~Filesystem()
                0x00000000c0012acc                Filesystem::~Filesystem()
                0x00000000c0012ada                Filesystem::~Filesystem()
                0x00000000c0012afe                Fs::getcwd(Process*, char*, int)
                0x00000000c0012b28                Fs::initVFS()
                0x00000000c0012b52                Fs::standardiseFiles(char*, char const*, char const*)
                0x00000000c0012cfc                File::File(char const*, Process*)
                0x00000000c0012cfc                File::File(char const*, Process*)
                0x00000000c0012d60                File::open(FileOpenMode)
                0x00000000c0012dbe                File::close()
                0x00000000c0012e1e                File::seek(unsigned long long)
                0x00000000c0012e74                File::tell(unsigned long long*)
                0x00000000c0012ec4                File::rewind()
                0x00000000c0012ed8                File::unlink()
                0x00000000c0012f24                File::rename(char const*)
                0x00000000c0012f72                File::chfatattr(unsigned char, unsigned char)
                0x00000000c0012fce                File::exists()
                0x00000000c001300c                File::stat(unsigned long long*, bool*)
                0x00000000c001306d                Fs::setcwd(Process*, char*)
                0x00000000c00131a8                Directory::Directory(char const*, Process*)
                0x00000000c00131a8                Directory::Directory(char const*, Process*)
                0x00000000c001320c                Directory::open()
                0x00000000c0013268                Directory::close()
                0x00000000c00132c8                Directory::unlink()
                0x00000000c0013314                Directory::rename(char const*)
                0x00000000c0013362                Directory::exists()
                0x00000000c00133a0                Directory::read(dirent*)
                0x00000000c00133ec                Directory::create()
                0x00000000c0013438                Filesystem::chfatattr(char const*, unsigned char, unsigned char)
 .text          0x00000000c001343e       0x84 hal/bus.32
                0x00000000c001343e                Bus::Bus(char const*)
                0x00000000c001343e                Bus::Bus(char const*)
                0x00000000c0013474                Bus::~Bus()
                0x00000000c0013474                Bus::~Bus()
                0x00000000c0013498                Bus::~Bus()
 .text          0x00000000c00134c2      0x156 hal/buzzer.32
                0x00000000c00134c2                Buzzer::Buzzer(char const*)
                0x00000000c00134c2                Buzzer::Buzzer(char const*)
                0x00000000c0013506                Buzzer::~Buzzer()
                0x00000000c0013506                Buzzer::~Buzzer()
                0x00000000c001352a                Buzzer::~Buzzer()
                0x00000000c0013554                Buzzer::stop()
                0x00000000c0013567                beepThread(void*)
                0x00000000c00135aa                Buzzer::beep(int, int, bool)
 .text          0x00000000c0013618      0x467 hal/clock.32
                0x00000000c0013618                User::loadClockSettings(int)
                0x00000000c001366a                Clock::Clock(char const*)
                0x00000000c001366a                Clock::Clock(char const*)
                0x00000000c00136a0                Clock::~Clock()
                0x00000000c00136a0                Clock::~Clock()
                0x00000000c00136c4                Clock::~Clock()
                0x00000000c00136ee                Clock::timeInSecondsLocal()
                0x00000000c0013736                Clock::setTimeInSecondsLocal(unsigned long long)
                0x00000000c001378f                datetimeToSeconds(datetime_t)
                0x00000000c00138b6                Clock::setTimeInDatetimeLocal(datetime_t)
                0x00000000c0013916                secondsToDatetime(unsigned long long)
                0x00000000c0013a5a                Clock::timeInDatetimeLocal()
 *fill*         0x00000000c0013a7f        0x1 
 .text          0x00000000c0013a80      0x504 hal/device.32
                0x00000000c0013a80                Device::hibernate()
                0x00000000c0013a82                Device::wake()
                0x00000000c0013a84                Device::detect()
                0x00000000c0013a86                Device::disableLegacy()
                0x00000000c0013a88                Device::powerSaving(PowerSavingLevel)
                0x00000000c0013a8a                DriverlessDevice::close(int, int, void*)
                0x00000000c0013a8e                DriverlessDevice::detect()
                0x00000000c0013a90                DriverlessDevice::open(int, int, void*)
                0x00000000c0013aa4                Device::~Device()
                0x00000000c0013aa4                Device::~Device()
                0x00000000c0013ab2                Device::~Device()
                0x00000000c0013ada                Device::findAndLoadDriver()
                0x00000000c0013ae8                Device::preOpenPCI(PCIDeviceInfo)
                0x00000000c0013b0e                Device::preOpenACPI(void*, char*, char*)
                0x00000000c0013b4e                Device::addIRQHandler(int, void (*)(regs*, void*), bool, void*)
                0x00000000c0013b8c                Device::getParent()
                0x00000000c0013b98                Device::removeIRQHandler(int, void (*)(regs*, void*), bool)
                0x00000000c0013bd6                Device::addChild(Device*)
                0x00000000c0013c1a                Device::removeAllChildren()
                0x00000000c0013c60                Device::hibernateAll()
                0x00000000c0013c90                Device::wakeAll()
                0x00000000c0013cc0                Device::detectAll()
                0x00000000c0013cf0                Device::disableLegacyAll()
                0x00000000c0013d20                Device::loadDriversForAll()
                0x00000000c0013d60                Device::closeAll()
                0x00000000c0013d96                Device::powerSavingAll(PowerSavingLevel)
                0x00000000c0013dcc                Device::setName(char const*)
                0x00000000c0013dda                Device::Device(char const*)
                0x00000000c0013dda                Device::Device(char const*)
                0x00000000c0013ed6                Device::getName()
                0x00000000c0013ee0                DriverlessDevice::DriverlessDevice(char const*)
                0x00000000c0013ee0                DriverlessDevice::DriverlessDevice(char const*)
                0x00000000c0013f16                Device::addToLinkedList(LinkedList<Device>&, DeviceType)
                0x00000000c0013f5a                getDevicesOfType(DeviceType)
 .text          0x00000000c0013f84       0x84 hal/diskctrl.32
                0x00000000c0013f84                HardDiskController::HardDiskController(char const*)
                0x00000000c0013f84                HardDiskController::HardDiskController(char const*)
                0x00000000c0013fba                HardDiskController::~HardDiskController()
                0x00000000c0013fba                HardDiskController::~HardDiskController()
                0x00000000c0013fde                HardDiskController::~HardDiskController()
 .text          0x00000000c0014008       0xe2 hal/diskphys.32
                0x00000000c0014008                PhysicalDisk::eject()
                0x00000000c001400c                PhysicalDisk::PhysicalDisk(char const*, int)
                0x00000000c001400c                PhysicalDisk::PhysicalDisk(char const*, int)
                0x00000000c0014074                PhysicalDisk::startCache()
                0x00000000c001409c                PhysicalDisk::~PhysicalDisk()
                0x00000000c001409c                PhysicalDisk::~PhysicalDisk()
                0x00000000c00140c0                PhysicalDisk::~PhysicalDisk()
 .text          0x00000000c00140ea      0x13b hal/fpu.32
                0x00000000c00140ea                FPU::FPU(char const*)
                0x00000000c00140ea                FPU::FPU(char const*)
                0x00000000c0014120                FPU::~FPU()
                0x00000000c0014120                FPU::~FPU()
                0x00000000c0014144                FPU::~FPU()
                0x00000000c001416e                setupFPU()
 *fill*         0x00000000c0014225        0x1 
 .text          0x00000000c0014226     0x1435 hal/intctrl.32
                0x00000000c0014226                InterruptController::uninstallISRHandler(int, void (*)(regs*, void*))
                0x00000000c001425e                InterruptController::installISRHandler(int, void (*)(regs*, void*), void*)
                0x00000000c00142b0                doubleFault(regs*, void*)
                0x00000000c00142ca                InterruptController::installIRQHandler(int, void (*)(regs*, void*), bool, void*)
                0x00000000c0014366                InterruptController::clearAllHandlers(int, bool)
                0x00000000c001440e                InterruptController::uninstallIRQHandler(int, void (*)(regs*, void*), bool)
                0x00000000c0014495                nmiHandler(regs*, void*)
                0x00000000c00144a3                int_handler
                0x00000000c0014544                InterruptController::InterruptController(char const*)
                0x00000000c0014544                InterruptController::InterruptController(char const*)
                0x00000000c00145ea                InterruptController::~InterruptController()
                0x00000000c00145ea                InterruptController::~InterruptController()
                0x00000000c001460e                InterruptController::~InterruptController()
                0x00000000c0014638                displayDebugInfo(regs*)
                0x00000000c0014ac7                x87EmulHandler(regs*, void*)
                0x00000000c0014b3a                gpFault(regs*, void*)
                0x00000000c0014b73                pgFault(regs*, void*)
                0x00000000c0014bbb                otherISRHandler(regs*, void*)
                0x00000000c0014bda                opcodeFault(regs*, void*)
                0x00000000c00151f7                displayProgramFault(char const*)
                0x00000000c001521f                setupInterruptController()
                0x00000000c001560e                InterruptController::convertLegacyIRQNumber(int)
 *fill*         0x00000000c001565b        0x1 
 .text          0x00000000c001565c      0x784 hal/keybrd.32
                0x00000000c001565c                startGUI(void*)
                0x00000000c00156c8                startGUIVESA(void*)
                0x00000000c0015734                sendKeyToTerminal(unsigned char)
                0x00000000c00157f2                sendKeyboardToken(KeyboardToken)
                0x00000000c0015c2f                clearInternalKeybuffer(VgaText*)
                0x00000000c0015c64                readKeyboard(VgaText*, char*, unsigned long)
                0x00000000c0015d56                Keyboard::Keyboard(char const*)
                0x00000000c0015d56                Keyboard::Keyboard(char const*)
                0x00000000c0015d92                Keyboard::~Keyboard()
                0x00000000c0015d92                Keyboard::~Keyboard()
                0x00000000c0015db6                Keyboard::~Keyboard()
 .text          0x00000000c0015de0      0x3ea hal/logidisk.32
                0x00000000c0015de0                LogicalDisk::close(int, int, void*)
                0x00000000c0015de4                LogicalDisk::~LogicalDisk()
                0x00000000c0015de4                LogicalDisk::~LogicalDisk()
                0x00000000c0015e08                LogicalDisk::~LogicalDisk()
                0x00000000c0015e32                LogicalDisk::open(int, int, void*)
                0x00000000c0015e46                LogicalDisk::absoluteToRelative(unsigned long long)
                0x00000000c0015e7e                LogicalDisk::relativeToAbsolute(unsigned long long)
                0x00000000c0015ec4                LogicalDisk::LogicalDisk(char const*, PhysicalDisk*, unsigned long long, unsigned long long)
                0x00000000c0015ec4                LogicalDisk::LogicalDisk(char const*, PhysicalDisk*, unsigned long long, unsigned long long)
                0x00000000c0015f7a                LogicalDisk::assignDriveLetter()
                0x00000000c0016030                LogicalDisk::mount()
                0x00000000c0016078                LogicalDisk::unmount()
                0x00000000c0016088                LogicalDisk::eject()
                0x00000000c001609c                LogicalDisk::unassignDriveLetter()
                0x00000000c00160f2                LogicalDisk::read(unsigned long long, int, void*)
                0x00000000c001615e                LogicalDisk::write(unsigned long long, int, void*)
 .text          0x00000000c00161ca       0x84 hal/mouse.32
                0x00000000c00161ca                Mouse::Mouse(char const*)
                0x00000000c00161ca                Mouse::Mouse(char const*)
                0x00000000c0016200                Mouse::~Mouse()
                0x00000000c0016200                Mouse::~Mouse()
                0x00000000c0016224                Mouse::~Mouse()
 .text          0x00000000c001624e      0x339 hal/partition.32
                0x00000000c001624e                makePartition(PhysicalDisk*, unsigned long long, unsigned long long)
                0x00000000c00162f6                createPartitionsForDisk(PhysicalDisk*)
 *fill*         0x00000000c0016587        0x1 
 .text          0x00000000c0016588       0x84 hal/serial.32
                0x00000000c0016588                Serial::Serial(char const*)
                0x00000000c0016588                Serial::Serial(char const*)
                0x00000000c00165be                Serial::~Serial()
                0x00000000c00165be                Serial::~Serial()
                0x00000000c00165e2                Serial::~Serial()
 .text          0x00000000c001660c      0x2f3 hal/timer.32
                0x00000000c001660c                Timer::Timer(char const*)
                0x00000000c001660c                Timer::Timer(char const*)
                0x00000000c0016642                Timer::~Timer()
                0x00000000c0016642                Timer::~Timer()
                0x00000000c0016666                Timer::~Timer()
                0x00000000c0016690                Timer::read()
                0x00000000c001669b                timerHandler(unsigned long long)
                0x00000000c001680d                setupTimer(int)
 *fill*         0x00000000c00168ff        0x1 
 .text          0x00000000c0016900      0x464 hal/vcache.32
                0x00000000c0016900                VCache::VCache(PhysicalDisk*)
                0x00000000c0016900                VCache::VCache(PhysicalDisk*)
                0x00000000c0016a68                VCache::invalidateReadBuffer()
                0x00000000c0016a78                VCache::writeWriteBuffer()
                0x00000000c0016ab4                VCache::~VCache()
                0x00000000c0016ab4                VCache::~VCache()
                0x00000000c0016b08                VCache::~VCache()
                0x00000000c0016b30                VCache::write(unsigned long long, int, void*)
                0x00000000c0016c4a                VCache::read(unsigned long long, int, void*)
 .text          0x00000000c0016d64      0x4b3 hal/video.32
                0x00000000c0016d64                Video::putrect(int, int, int, int, unsigned int)
                0x00000000c0016db0                Video::bitblit(int, int, int, int, int, int, int, unsigned int*)
                0x00000000c0016e20                Video::blit(unsigned int*, int, int, int, int)
                0x00000000c0016e9e                Video::clearScreen(unsigned int)
                0x00000000c0016ed2                Video::putpixel(int, int, unsigned int)
                0x00000000c0016ee0                Video::Video(char const*)
                0x00000000c0016ee0                Video::Video(char const*)
                0x00000000c0016f16                Video::~Video()
                0x00000000c0016f16                Video::~Video()
                0x00000000c0016f3a                Video::~Video()
                0x00000000c0016f64                Video::isMonochrome()
                0x00000000c0016f70                Video::getWidth()
                0x00000000c0016f7c                Video::getHeight()
                0x00000000c0016f88                Video::drawCursor(int, int, unsigned char*, int)
                0x00000000c0017044                Video::tgaParse(unsigned char*, int, int*, int*)
                0x00000000c00171ac                Video::putTGA(int, int, unsigned char*, int)
 *fill*         0x00000000c0017217        0x1 
 .text          0x00000000c0017218     0x11c9 hw/acpi.32
                0x00000000c0017218                ACPI::close(int, int, void*)
                0x00000000c00172bd                findRSDP()
                0x00000000c0017347                loadACPITables(unsigned char*)
                0x00000000c001759e                findRSDT(unsigned char*)
                0x00000000c00176e8                findDataTable(unsigned char*, char*)
                0x00000000c001775a                scanMADT()
                0x00000000c0017bc8                ACPI::ACPI()
                0x00000000c0017bc8                ACPI::ACPI()
                0x00000000c0017c1c                ACPI::getPCIIRQAssignment(unsigned char, unsigned short, unsigned char)
                0x00000000c0017cfe                ACPI::registerPCIIRQAssignment(void*, unsigned short, unsigned char, unsigned char)
                0x00000000c0017dc4                ACPI::setScreenBrightnessLevel(void*, int)
                0x00000000c0017dca                ACPI::detectPCI()
                0x00000000c0017fcc                ACPI::writeSimpleBootFlag(SimpleBootFlagTable*)
                0x00000000c0018014                ACPI::sleep()
                0x00000000c001802c                ACPI::open(int, int, void*)
 *fill*         0x00000000c00183e1        0x1 
 .text          0x00000000c00183e2     0x1495 hw/cpu.32
                0x00000000c00183e2                CPU::close(int, int, void*)
                0x00000000c00183e6                CPU::lookupAMDName(unsigned char, unsigned char)
                0x00000000c001857a                CPU::lookupIntelName(unsigned char, unsigned char)
                0x00000000c0018828                CPU::AMD_K6_write_msr(unsigned int, unsigned int, unsigned int, CPU::REGS*)
                0x00000000c0018844                CPU::AMD_K6_read_msr(unsigned int, CPU::REGS*)
                0x00000000c001885c                CPU::AMD_K6_writeback(int, int, int)
                0x00000000c00188d0                CPU::cpuid(int, unsigned long*, unsigned long*, unsigned long*, unsigned long*)
                0x00000000c0018954                CPU::cpuidCheckEDX(unsigned int)
                0x00000000c0018982                CPU::cpuidCheckECX(unsigned int)
                0x00000000c00189b0                CPU::cpuidCheckExtendedEBX(unsigned int)
                0x00000000c00189de                CPU::cpuidCheckExtendedECX(unsigned int)
                0x00000000c0018a0c                CPU::CPU()
                0x00000000c0018a0c                CPU::CPU()
                0x00000000c0018a9a                CPU::displayFeatures()
                0x00000000c0018a9c                CPU::detectFeatures()
                0x00000000c001948e                CPU::setupSMEP()
                0x00000000c001949a                CPU::setupUMIP()
                0x00000000c00194a4                CPU::setupTSC()
                0x00000000c00194ae                CPU::setupLargePages()
                0x00000000c00194b8                CPU::setupPAT()
                0x00000000c00194f4                CPU::setupMTRR()
                0x00000000c00194f6                CPU::setupGlobalPages()
                0x00000000c0019500                CPU::allowUsermodeDataAccess()
                0x00000000c0019512                CPU::prohibitUsermodeDataAccess()
                0x00000000c0019524                CPU::setupSMAP()
                0x00000000c0019532                CPU::setupFeatures()
                0x00000000c00195b2                CPU::open(int, int, void*)
                0x00000000c001967c                CPU::decodeAddress(regs*, int*, bool*, unsigned char*)
 .text          0x00000000c0019877        0x0 hw/ports.32
 .text          0x00000000c0019877      0x16a hw/smp.32
                0x00000000c0019877                Krnl::smpEntry()
                0x00000000c0019879                Krnl::startCPU(int)
                0x00000000c00199c2                Krnl::startCPUs()
 *fill*         0x00000000c00199e1        0x1 
 .text          0x00000000c00199e2      0x581 krnl/env.32
                0x00000000c00199e2                EnvVarContainer::getEnv(char const*)
                0x00000000c0019a20                EnvVarContainer::setEnv(char const*, char const*)
                0x00000000c0019ae2                EnvVarContainer::deleteEnv(char const*)
                0x00000000c0019ae4                EnvVarContainer::loadFrom(char const*, char const*)
                0x00000000c0019cca                EnvVarContainer::__loadSystem()
                0x00000000c0019ce4                EnvVarContainer::__loadUser()
                0x00000000c0019ce6                EnvVarContainer::EnvVarContainer(Process*)
                0x00000000c0019ce6                EnvVarContainer::EnvVarContainer(Process*)
                0x00000000c0019d08                EnvVarContainer::~EnvVarContainer()
                0x00000000c0019d08                EnvVarContainer::~EnvVarContainer()
                0x00000000c0019d38                Krnl::getEnv(Process*, char const*)
                0x00000000c0019d9d                Krnl::setEnvSystem(char const*, char const*)
                0x00000000c0019db7                Krnl::setEnvUser(char const*, char const*)
                0x00000000c0019dd6                Krnl::setEnvProcess(Process*, char const*, char const*)
                0x00000000c0019de9                Krnl::deleteEnvSystem(char const*)
                0x00000000c0019dea                Krnl::deleteEnvUser(char const*)
                0x00000000c0019deb                Krnl::deleteEnvProcess(Process*, char const*)
                0x00000000c0019dec                Krnl::newProcessEnv(Process*)
                0x00000000c0019e0e                Krnl::copyProcessEnv(Process*, Process*)
                0x00000000c0019e5a                Krnl::loadSystemEnv()
                0x00000000c0019e88                Krnl::loadUserEnv()
                0x00000000c0019eae                Krnl::flushEnv()
                0x00000000c0019eaf                Krnl::getProcessTotalEnvCount(Process*)
                0x00000000c0019ecf                Krnl::getProcessEnvPair(Process*, int)
 .text          0x00000000c0019f63      0x39c krnl/panic.32
                0x00000000c0019f63                Krnl::panic(char const*)
 .text          0x00000000c001a2ff      0x57f net/ethernet.32
                0x00000000c001a2ff                Net::switchEndian16(unsigned short)
                0x00000000c001a320                Net::switchEndian32(unsigned int)
                0x00000000c001a34f                Net::crc32Calc(unsigned char*, int)
                0x00000000c001a3e0                Net::wrapEthernetFrame(Net::UnwrappedEthernetFrame, unsigned char*)
                0x00000000c001a5f3                Net::unwrapEthernetFrame(unsigned char*, int)
 .text          0x00000000c001a87e      0x50e reg/registry.32
                0x00000000c001a87e                Reg::findLineFromLoadedData(char*, char*, char*)
                0x00000000c001a9d6                Reg::getLineFromRegistry(char*, char*, char*, char*)
                0x00000000c001ab2b                Reg::getLine(char*, char*, char*)
                0x00000000c001ab62                Reg::readInt(char*, char*, int*)
                0x00000000c001ac4d                Reg::readString(char*, char*, char*, int)
                0x00000000c001acce                Reg::readBool(char*, char*, bool*)
                0x00000000c001acf3                Reg::readBoolWithDefault(char*, char*, bool)
                0x00000000c001ad1f                Reg::readIntWithDefault(char*, char*, int)
                0x00000000c001ad4b                Reg::readStringWithDefault(char*, char*, char*, int, char*)
 .text          0x00000000c001ad8c       0x36 sys/sc_eject.32
                0x00000000c001ad8c                Sys::eject(regs*)
 .text          0x00000000c001adc2       0x18 sys/sc_exit.32
                0x00000000c001adc2                Sys::exit(regs*)
 .text          0x00000000c001adda       0x1f sys/sc_getcwd.32
                0x00000000c001adda                Sys::getCwd(regs*)
 .text          0x00000000c001adf9        0xc sys/sc_getpid.32
                0x00000000c001adf9                Sys::getPID(regs*)
 .text          0x00000000c001ae05       0x1a sys/sc_getramdata.32
                0x00000000c001ae05                Sys::getRAMData(regs*)
 .text          0x00000000c001ae1f       0x84 sys/sc_getvgaptr.32
                0x00000000c001ae1f                Sys::getVGAPtr(regs*)
 .text          0x00000000c001aea3       0xa8 sys/sc_loaddll.32
                0x00000000c001aea3                Sys::loadDLL(regs*)
 .text          0x00000000c001af4b       0x68 sys/sc_read.32
                0x00000000c001af4b                Sys::read(regs*)
 .text          0x00000000c001afb3       0x55 sys/sc_sbrk.32
                0x00000000c001afb3                Sys::sbrk(regs*)
 .text          0x00000000c001b008       0x1c sys/sc_setcwd.32
                0x00000000c001b008                Sys::setCwd(regs*)
 .text          0x00000000c001b024       0x95 sys/sc_settime.32
                0x00000000c001b024                Sys::setTime(regs*)
 .text          0x00000000c001b0b9       0x4a sys/sc_timezone.32
                0x00000000c001b0b9                Sys::timezone(regs*)
 .text          0x00000000c001b103       0x68 sys/sc_write.32
                0x00000000c001b103                Sys::write(regs*)
 .text          0x00000000c001b16b       0x62 sys/sc_wsbe.32
                0x00000000c001b16b                Sys::wsbe(regs*)
 .text          0x00000000c001b1cd       0x46 sys/sc_yield.32
                0x00000000c001b1cd                Sys::yield(regs*)
 .text          0x00000000c001b213      0xf84 sys/syscalls.32
                0x00000000c001b213                sysCallSeekDir(regs*)
                0x00000000c001b218                sysCallTellDir(regs*)
                0x00000000c001b21d                sysCallVerify(regs*)
                0x00000000c001b227                sysCallGetArgc(regs*)
                0x00000000c001b237                sysFormatDisk(regs*)
                0x00000000c001b2a1                sysSetDiskVolumeLabel(regs*)
                0x00000000c001b2e7                sysGetDiskVolumeLabel(regs*)
                0x00000000c001b338                sysShutdown(regs*)
                0x00000000c001b396                sysCallRealpath(regs*)
                0x00000000c001b3d9                sysCallReadDir(regs*)
                0x00000000c001b458                sysCallIsATTY(regs*)
                0x00000000c001b4b2                sysCallSeek(regs*)
                0x00000000c001b509                sysCallTell(regs*)
                0x00000000c001b575                sysCallSize(regs*)
                0x00000000c001b5e7                sysCallSizeFromFilename(regs*)
                0x00000000c001b696                sysCallClose(regs*)
                0x00000000c001b6f6                sysCallOpenDir(regs*)
                0x00000000c001b76b                sysCallCloseDir(regs*)
                0x00000000c001b7bf                sysCallMakeDir(regs*)
                0x00000000c001b82f                sysCallWait(regs*)
                0x00000000c001b849                sysCallNotImpl(regs*)
                0x00000000c001b864                sysPanic(regs*)
                0x00000000c001b87e                sysCallRmdir(regs*)
                0x00000000c001b8e2                sysCallUnlink(regs*)
                0x00000000c001b946                sysCallGetArgv(regs*)
                0x00000000c001b992                sysCallTTYName(regs*)
                0x00000000c001ba15                sysCallUSleep(regs*)
                0x00000000c001ba3c                sysCallSpawn(regs*)
                0x00000000c001baa4                sysCallGetEnv(regs*)
                0x00000000c001bb51                sysAppSettings(regs*)
                0x00000000c001bc65                sysSetFatAttrib(regs*)
                0x00000000c001bcd7                sysPipe(regs*)
                0x00000000c001bd1c                sysGetUnixTime(regs*)
                0x00000000c001bd30                string_ends_with(char const*, char const*)
                0x00000000c001bd78                sysCallOpen(regs*)
                0x00000000c001bf60                Sys::loadSyscalls()
                0x00000000c001c155                Sys::systemCall(regs*, void*)
 .text          0x00000000c001c197     0x1203 thr/elf.32
                0x00000000c001c197                Thr::allocateMemoryForTask(Process*, File*, unsigned long, unsigned long, unsigned long)
                0x00000000c001c441                Thr::loadProgramIntoMemory(Process*, char const*)
                0x00000000c001c657                Thr::runtimeReferenceHelper()
                0x00000000c001c66a                Thr::getAddressOfKernelSymbol(char const*)
                0x00000000c001c6b9                Thr::loadKernelSymbolTable(char const*)
                0x00000000c001c977                Thr::loadDriverIntoMemory(char const*, unsigned long, bool)
                0x00000000c001d0ad                Thr::getDriverBaseFromAddress(unsigned long)
                0x00000000c001d0df                Thr::getDriverNameFromAddress(unsigned long)
                0x00000000c001d116                Thr::getDriverOffsetFromAddress(unsigned long)
                0x00000000c001d130                Thr::loadDLL(char const*, bool)
                0x00000000c001d361                Thr::executeDLL(unsigned long, void*)
 .text          0x00000000c001d39a     0x11ff thr/prcssthr.32
                0x00000000c001d39a                userModeEntryPoint(void*)
                0x00000000c001d3c0                changeTSS
                0x00000000c001d3f0                switchToThread(ThreadControlBlock*)
                0x00000000c001d49a                Process::addArgs(char**)
                0x00000000c001d4f4                Process::Process(char const*, Process*, char**)
                0x00000000c001d4f4                Process::Process(char const*, Process*, char**)
                0x00000000c001d6d8                Process::Process(bool, char const*, Process*, char**)
                0x00000000c001d6d8                Process::Process(bool, char const*, Process*, char**)
                0x00000000c001d887                taskStartupFunction
                0x00000000c001d890                Semaphore::Semaphore(int)
                0x00000000c001d890                Semaphore::Semaphore(int)
                0x00000000c001d8be                Mutex::Mutex()
                0x00000000c001d8be                Mutex::Mutex()
                0x00000000c001d8d0                Process::createThread(void (*)(void*), void*, int)
                0x00000000c001d9d6                Process::createUserThread()
                0x00000000c001d9f2                setupMultitasking(void (*)())
                0x00000000c001daf5                schedule()
                0x00000000c001db7a                Semaphore::tryAcquire()
                0x00000000c001dc36                Semaphore::assertLocked(char const*)
                0x00000000c001dca5                blockTaskWithSchedulerLockAlreadyHeld(TaskState)
                0x00000000c001dccb                blockTask(TaskState)
                0x00000000c001dcf8                waitTask(int, int*, int)
                0x00000000c001dd3a                nanoSleepUntil(unsigned long long)
                0x00000000c001ddcf                nanoSleep(unsigned long long)
                0x00000000c001dde7                sleep(unsigned long long)
                0x00000000c001de04                Semaphore::acquire()
                0x00000000c001deb5                taskReturned
                0x00000000c001def0                Thr::processFromPID(int)
                0x00000000c001df87                unblockTask(ThreadControlBlock*)
                0x00000000c001e01c                cleanupTerminatedTask(ThreadControlBlock*)
                0x00000000c001e2c3                cleanerTaskFunction(void*)
                0x00000000c001e3a4                terminateTask(int)
                0x00000000c001e463                Thr::terminateFromIRQ(int)
                0x00000000c001e470                Semaphore::release()
 .text          0x00000000c001e599      0xada vm86/vm8086.32
                0x00000000c001e599                Vm::inbv(unsigned short)
                0x00000000c001e5ac                Vm::outbv(unsigned short, unsigned char)
                0x00000000c001e5e2                Vm::realToLinear(unsigned short, unsigned short)
                0x00000000c001e5f2                Vm::getSegment(unsigned int)
                0x00000000c001e5fa                Vm::getOffset(unsigned int)
                0x00000000c001e5ff                Vm::mainloop2()
                0x00000000c001e639                Vm::mainVm8086Loop(void*)
                0x00000000c001e649                Vm::mainloop3(unsigned long)
                0x00000000c001e66f                Vm::initialise8086()
                0x00000000c001e6b2                Vm::finish8086()
                0x00000000c001e713                Vm::getOutput8086(unsigned char*)
                0x00000000c001e738                Vm::start8086(char const*, unsigned short, unsigned short, unsigned short, unsigned short)
                0x00000000c001e8a0                Vm::doISR(regs*, int, unsigned char*, unsigned short, unsigned short)
                0x00000000c001e92a                Vm::readByteFromReal(unsigned short, unsigned short)
                0x00000000c001e93b                Vm::readWordFromReal(unsigned short, unsigned short)
                0x00000000c001e94d                Vm::readDwordFromReal(unsigned short, unsigned short)
                0x00000000c001e95e                Vm::writeByteFromReal(unsigned short, unsigned short, unsigned char)
                0x00000000c001e973                Vm::writeWordFromReal(unsigned short, unsigned short, unsigned short)
                0x00000000c001e989                Vm::writeDwordFromReal(unsigned short, unsigned short, unsigned int)
                0x00000000c001e99e                Vm::faultHandler(regs*)
 .text          0x00000000c001f073      0xefd vm86/x87em.32
                0x00000000c001f073                Vm::fpuInternalTo32(unsigned long long)
                0x00000000c001f0ce                Vm::fpuInternalTo64(unsigned long long)
                0x00000000c001f0d7                Vm::fpu32ToInternal(unsigned int)
                0x00000000c001f11c                Vm::fpu64ToInternal(unsigned long long)
                0x00000000c001f125                Vm::fpuFloatToLong(unsigned long long)
                0x00000000c001f180                Vm::fpuULongToFloat(unsigned long long)
                0x00000000c001f1b6                Vm::fpuLongToFloat(long long)
                0x00000000c001f20c                Vm::fpuGet0()
                0x00000000c001f211                Vm::fpuGet1()
                0x00000000c001f219                Vm::fpuGetPi()
                0x00000000c001f221                Vm::fpuGetLog2E()
                0x00000000c001f239                Vm::fpuGetLogE2()
                0x00000000c001f251                Vm::fpuGetLog210()
                0x00000000c001f269                Vm::fpuGetLog102()
                0x00000000c001f281                Vm::fpuIsSecondLarger(unsigned long long, unsigned long long)
                0x00000000c001f295                Vm::fpuAreEqual(unsigned long long, unsigned long long)
                0x00000000c001f2ab                Vm::fpuUnorderedCompare(unsigned long long, unsigned long long)
                0x00000000c001f2fe                Vm::fpuAdd(unsigned long long, unsigned long long)
                0x00000000c001f30f                Vm::fpuAbs(unsigned long long)
                0x00000000c001f318                Vm::fpuChs(unsigned long long)
                0x00000000c001f328                Vm::fpuSub(unsigned long long, unsigned long long)
                0x00000000c001f337                Vm::fpuMultiply(unsigned long long, unsigned long long)
                0x00000000c001f356                Vm::fpuDivide(unsigned long long, unsigned long long)
                0x00000000c001f372                Vm::fpuSquare(unsigned long long)
                0x00000000c001f388                Vm::fpuGetReg(int)
                0x00000000c001f3cb                Vm::fpuSetReg(int, unsigned long long)
                0x00000000c001f416                Vm::fpuPush(unsigned long long)
                0x00000000c001f473                Vm::fpuPop()
                0x00000000c001f4c5                Vm::x87Handler(regs*)
 .text          0x00000000c001ff70     0x11c1 fs/fat/vfslink.32
                0x00000000c001ff70                FAT::getName()
                0x00000000c001ff76                FAT::tell(void*, unsigned long long*)
                0x00000000c001ffaa                FAT::stat(void*, unsigned long long*)
                0x00000000c001ffde                FAT::~FAT()
                0x00000000c001ffde                FAT::~FAT()
                0x00000000c0020002                FAT::~FAT()
                0x00000000c002002a                FAT::getlabel(LogicalDisk*, int, char*, unsigned int*)
                0x00000000c00200c8                FAT::setlabel(LogicalDisk*, int, char*)
                0x00000000c0020182                FAT::format(LogicalDisk*, int, char const*, int)
                0x00000000c0020340                FAT::tryMount(LogicalDisk*, int)
                0x00000000c0020546                FAT::getFileFirstSector(char const*)
                0x00000000c00205ec                FAT::readDir(void*, unsigned long, void*, int*)
                0x00000000c0020746                FAT::read(void*, unsigned long, void*, int*)
                0x00000000c00207a0                FAT::write(void*, unsigned long, void*, int*)
                0x00000000c00207fa                FAT::close(void*)
                0x00000000c0020846                FAT::closeDir(void*)
                0x00000000c0020892                FAT::seek(void*, unsigned long long)
                0x00000000c00208e6                fatWrapperReadDisk
                0x00000000c002092d                fatWrapperWriteDisk
                0x00000000c0020974                fatWrapperIoctl
                0x00000000c0020a78                FAT::FAT()
                0x00000000c0020a78                FAT::FAT()
                0x00000000c0020aca                FAT::fixFilepath(char*)
                0x00000000c0020b02                FAT::open(char const*, void**, FileOpenMode)
                0x00000000c0020c2a                FAT::openDir(char const*, void**)
                0x00000000c0020cd0                FAT::stat(char const*, unsigned long long*, bool*)
                0x00000000c0020dba                FAT::unlink(char const*)
                0x00000000c0020e34                FAT::chfatattr(char const*, unsigned char, unsigned char)
                0x00000000c0020f88                FAT::rename(char const*, char const*)
                0x00000000c002104c                FAT::mkdir(char const*)
                0x00000000c00210c6                FAT::exists(char const*)
 *fill*         0x00000000c0021131        0x1 
 .text          0x00000000c0021132      0xb75 fs/iso9660/vfslink.32
                0x00000000c0021132                ISO9660::format(LogicalDisk*, int, char const*, int)
                0x00000000c0021138                ISO9660::seek(void*, unsigned long long)
                0x00000000c0021168                ISO9660::tell(void*, unsigned long long*)
                0x00000000c002118c                ISO9660::getName()
                0x00000000c0021192                ISO9660::stat(void*, unsigned long long*)
                0x00000000c00211b6                ISO9660::chfatattr(char const*, unsigned char, unsigned char)
                0x00000000c00211bc                ISO9660::unlink(char const*)
                0x00000000c00211c2                ISO9660::write(void*, unsigned long, void*, int*)
                0x00000000c00211c8                ISO9660::rename(char const*, char const*)
                0x00000000c00211ce                ISO9660::mkdir(char const*)
                0x00000000c00211d4                ISO9660::close(void*)
                0x00000000c00211f6                ISO9660::closeDir(void*)
                0x00000000c0021218                ISO9660::~ISO9660()
                0x00000000c0021218                ISO9660::~ISO9660()
                0x00000000c002123c                ISO9660::~ISO9660()
                0x00000000c0021263                __memmem(unsigned char*, int, unsigned char*, int)
                0x00000000c00212a5                readSectorFromCDROM(unsigned int, unsigned char*, char)
                0x00000000c0021300                ISO9660::tryMount(LogicalDisk*, int)
                0x00000000c0021350                ISO9660::read(void*, unsigned long, void*, int*)
                0x00000000c0021554                ISO9660::readDir(void*, unsigned long, void*, int*)
                0x00000000c00217ce                readRoot(unsigned int*, unsigned int*, char)
                0x00000000c0021822                readRecursively(char*, unsigned int, unsigned int, unsigned int*, unsigned int*, char, int*)
                0x00000000c00219f5                getFileData(char*, unsigned int*, unsigned int*, char, int*)
                0x00000000c0021a84                ISO9660::open(char const*, void**, FileOpenMode)
                0x00000000c0021b32                ISO9660::exists(char const*)
                0x00000000c0021b56                ISO9660::stat(char const*, unsigned long long*, bool*)
                0x00000000c0021bea                ISO9660::openDir(char const*, void**)
                0x00000000c0021c84                ISO9660::ISO9660()
                0x00000000c0021c84                ISO9660::ISO9660()
 *fill*         0x00000000c0021ca7        0x1 
 .text          0x00000000c0021ca8      0x396 hal/sound/sndchannel.32
                0x00000000c0021ca8                SoundChannel::SoundChannel(int, int, int, int)
                0x00000000c0021ca8                SoundChannel::SoundChannel(int, int, int, int)
                0x00000000c0021dd2                SoundChannel::~SoundChannel()
                0x00000000c0021dd2                SoundChannel::~SoundChannel()
                0x00000000c0021dee                SoundChannel::getSampleRate()
                0x00000000c0021df6                SoundChannel::getBits()
                0x00000000c0021dfe                SoundChannel::getBufferUsed()
                0x00000000c0021e06                SoundChannel::getBufferSize()
                0x00000000c0021e0e                SoundChannel::unbuffer(float*, int, int)
                0x00000000c0021ea2                SoundChannel::buffer16(short*, int)
                0x00000000c0021f9e                SoundChannel::buffer8(unsigned char*, int)
 .text          0x00000000c002203e      0x43e hal/sound/sndhw.32
                0x00000000c002203e                SoundDevice::SoundDevice(char const*)
                0x00000000c002203e                SoundDevice::SoundDevice(char const*)
                0x00000000c00220aa                SoundDevice::~SoundDevice()
                0x00000000c00220aa                SoundDevice::~SoundDevice()
                0x00000000c0022124                SoundDevice::~SoundDevice()
                0x00000000c002214e                SoundDevice::getFreeChannelNum()
                0x00000000c0022168                SoundDevice::addChannel(SoundChannel*)
                0x00000000c00221d8                SoundDevice::removeChannel(int)
                0x00000000c002220a                SoundDevice::floatTo16(float*, short*, int)
                0x00000000c00222f8                SoundDevice::floatTo8(float*, unsigned char*, int)
                0x00000000c00223e0                SoundDevice::getAudio(int, float*, float*)
 .text          0x00000000c002247c        0x0 hw/bus/isa.32
 .text          0x00000000c002247c      0xb87 hw/bus/pci.32
                0x00000000c002247c                PCI::open(int, int, void*)
                0x00000000c002249a                PCI::close(int, int, void*)
                0x00000000c002249e                PCI::PCI()
                0x00000000c002249e                PCI::PCI()
                0x00000000c0022534                PCI::readBAR8(unsigned int, int)
                0x00000000c0022550                PCI::readBAR16(unsigned int, int)
                0x00000000c002256e                PCI::readBAR32(unsigned int, int)
                0x00000000c002258a                PCI::writeBAR8(unsigned int, unsigned char, int)
                0x00000000c00225aa                PCI::writeBAR16(unsigned int, unsigned short, int)
                0x00000000c00225cc                PCI::writeBAR32(unsigned int, unsigned int, int)
                0x00000000c00225ec                PCI::legacyMechanism(unsigned char, unsigned char, unsigned char, unsigned char)
                0x00000000c002265a                PCI::pciReadWord(unsigned char, unsigned char, unsigned char, unsigned char)
                0x00000000c0022702                PCI::getVendorID(unsigned char, unsigned char, unsigned char)
                0x00000000c0022726                PCI::getHeaderType(unsigned char, unsigned char, unsigned char)
                0x00000000c002274e                PCI::getClassCode(unsigned char, unsigned char, unsigned char)
                0x00000000c0022798                PCI::getProgIF(unsigned char, unsigned char, unsigned char)
                0x00000000c00227c0                PCI::getRevisionID(unsigned char, unsigned char, unsigned char)
                0x00000000c00227e4                PCI::getInterruptNumber(unsigned char, unsigned char, unsigned char)
                0x00000000c0022808                PCI::getSecondaryBus(unsigned char, unsigned char, unsigned char)
                0x00000000c0022830                PCI::getBARAddress(unsigned char, unsigned char, unsigned char, unsigned char)
                0x00000000c0022894                PCI::pciWriteWord(unsigned char, unsigned char, unsigned char, unsigned char, unsigned short)
                0x00000000c002297c                PCI::pciDetailsToFilepath(PCIDeviceInfo, char*)
                0x00000000c0022bf6                PCI::checkBus(unsigned char)
                0x00000000c0022c1a                PCI::foundDevice(PCIDeviceInfo)
                0x00000000c0022d8c                PCI::getDeviceData(unsigned char, unsigned char, unsigned char)
                0x00000000c0022f44                PCI::checkDevice(unsigned char, unsigned char)
                0x00000000c0022fb0                PCI::detect()
 *fill*         0x00000000c0023003        0x1 
 .text          0x00000000c0023004      0xb54 hw/diskctrl/ide.32
                0x00000000c0023004                IDE::close(int, int, void*)
                0x00000000c0023008                IDE::IDE()
                0x00000000c0023008                IDE::IDE()
                0x00000000c002303c                IDE::prepareInterrupt(unsigned char)
                0x00000000c002304e                selectDrive(unsigned char, unsigned char)
                0x00000000c0023050                IDE::getBase(unsigned char)
                0x00000000c0023062                IDE::write(unsigned char, unsigned char, unsigned char)
                0x00000000c0023122                IDE::read(unsigned char, unsigned char)
                0x00000000c00231d0                IDE::waitInterrupt(unsigned char)
                0x00000000c0023236                ideChannel0IRQHandler(regs*, void*)
                0x00000000c0023252                ideChannel1IRQHandler(regs*, void*)
                0x00000000c002326e                IDE::enableIRQs(unsigned char, bool)
                0x00000000c00232b4                IDE::open(int, int, void*)
                0x00000000c00236c2                IDE::readBuffer(unsigned char, unsigned char, unsigned int, unsigned int)
                0x00000000c002378e                IDE::detect()
                0x00000000c0023a54                IDE::printError(unsigned char, unsigned char, unsigned char)
                0x00000000c0023b04                IDE::polling(unsigned char, unsigned int)
 .text          0x00000000c0023b58      0x336 hw/diskctrl/satabus.32
                0x00000000c0023b58                SATABus::close(int, int, void*)
                0x00000000c0023b5c                SATABus::detect()
                0x00000000c0023b5e                SATABus::SATABus()
                0x00000000c0023b5e                SATABus::SATABus()
                0x00000000c0023be4                SATABus::findCmdslot(SATABus::tagHBA_PORT volatile*)
                0x00000000c0023c2c                SATABus::checkType(SATABus::tagHBA_PORT volatile*)
                0x00000000c0023c74                SATABus::startCmd(SATABus::tagHBA_PORT volatile*)
                0x00000000c0023c94                SATABus::stopCmd(SATABus::tagHBA_PORT volatile*)
                0x00000000c0023cbe                SATABus::portRebase(SATABus::tagHBA_PORT volatile*, int)
                0x00000000c0023dc4                SATABus::probePort(SATABus::tagHBA_MEM volatile*)
                0x00000000c0023e6e                SATABus::open(int, int, void*)
 .text          0x00000000c0023e8e      0x688 hw/diskphys/ata.32
                0x00000000c0023e8e                ATA::close(int, int, void*)
                0x00000000c0023eb2                ATA::powerSaving(PowerSavingLevel)
                0x00000000c0023eb4                ATA::ATA()
                0x00000000c0023eb4                ATA::ATA()
                0x00000000c0023ee2                ATA::flush(bool)
                0x00000000c0023f2c                ATA::readyForCommand()
                0x00000000c0023f7c                ATA::access(unsigned long long, int, void*, bool)
                0x00000000c0024372                ATA::read(unsigned long long, int, void*)
                0x00000000c00243be                ATA::write(unsigned long long, int, void*)
                0x00000000c0024420                ATA::detectCHS()
                0x00000000c002444a                ATA::open(int, int, void*)
 .text          0x00000000c0024516      0x5bd hw/diskphys/atapi.32
                0x00000000c0024516                ATAPI::write(unsigned long long, int, void*)
                0x00000000c002451c                ATAPI::close(int, int, void*)
                0x00000000c0024540                ATAPI::ATAPI()
                0x00000000c0024540                ATAPI::ATAPI()
                0x00000000c002456e                ATAPI::readyForCommand()
                0x00000000c00245be                ATAPI::sendPacket(unsigned char*, int, bool, unsigned short*, int)
                0x00000000c002487e                ATAPI::diskRemoved()
                0x00000000c002489a                ATAPI::eject()
                0x00000000c00248e2                ATAPI::diskInserted()
                0x00000000c0024910                ATAPI::detectMedia()
                0x00000000c00249cc                ATAPI::open(int, int, void*)
                0x00000000c0024a54                ATAPI::read(unsigned long long, int, void*)
 *fill*         0x00000000c0024ad3        0x1 
 .text          0x00000000c0024ad4      0x41c hw/diskphys/sata.32
                0x00000000c0024ad4                SATA::close(int, int, void*)
                0x00000000c0024af8                SATA::powerSaving(PowerSavingLevel)
                0x00000000c0024afa                SATA::open(int, int, void*)
                0x00000000c0024ba4                SATA::SATA()
                0x00000000c0024ba4                SATA::SATA()
                0x00000000c0024bd2                SATA::access(unsigned long long, int, void*, bool)
                0x00000000c0024e38                SATA::read(unsigned long long, int, void*)
                0x00000000c0024e84                SATA::write(unsigned long long, int, void*)
 .text          0x00000000c0024ef0      0x4fe hw/diskphys/satapi.32
                0x00000000c0024ef0                SATAPI::write(unsigned long long, int, void*)
                0x00000000c0024ef6                SATAPI::close(int, int, void*)
                0x00000000c0024f1a                SATAPI::SATAPI()
                0x00000000c0024f1a                SATAPI::SATAPI()
                0x00000000c0024f48                SATAPI::diskRemoved()
                0x00000000c0024f64                SATAPI::diskInserted()
                0x00000000c0024f92                SATAPI::sendPacket(unsigned char*, int, unsigned long long, unsigned short*, int)
                0x00000000c002519a                SATAPI::eject()
                0x00000000c00251e2                SATAPI::detectMedia()
                0x00000000c00252a4                SATAPI::open(int, int, void*)
                0x00000000c002534c                SATAPI::read(unsigned long long, int, void*)
 .text          0x00000000c00253ee       0x8e hw/fpu/avx.32
                0x00000000c00253ee                AVX::open(int, int, void*)
                0x00000000c0025400                AVX::close(int, int, void*)
                0x00000000c0025412                AVX::available()
                0x00000000c0025424                AVX::save(void*)
                0x00000000c002543c                AVX::load(void*)
                0x00000000c0025454                AVX::AVX()
                0x00000000c0025454                AVX::AVX()
 .text          0x00000000c002547c       0x90 hw/fpu/mmx.32
                0x00000000c002547c                MMX::available()
                0x00000000c0025490                MMX::open(int, int, void*)
                0x00000000c00254a2                MMX::close(int, int, void*)
                0x00000000c00254b4                MMX::save(void*)
                0x00000000c00254cc                MMX::load(void*)
                0x00000000c00254e4                MMX::MMX()
                0x00000000c00254e4                MMX::MMX()
 .text          0x00000000c002550c       0x96 hw/fpu/sse.32
                0x00000000c002550c                SSE::open(int, int, void*)
                0x00000000c002551e                SSE::close(int, int, void*)
                0x00000000c0025530                SSE::available()
                0x00000000c002554a                SSE::save(void*)
                0x00000000c0025562                SSE::load(void*)
                0x00000000c002557a                SSE::SSE()
                0x00000000c002557a                SSE::SSE()
 .text          0x00000000c00255a2       0x8e hw/fpu/x87.32
                0x00000000c00255a2                x87::open(int, int, void*)
                0x00000000c00255b4                x87::close(int, int, void*)
                0x00000000c00255c6                x87::available()
                0x00000000c00255d8                x87::save(void*)
                0x00000000c00255f0                x87::load(void*)
                0x00000000c0025608                x87::x87()
                0x00000000c0025608                x87::x87()
 .text          0x00000000c0025630      0x71e hw/intctrl/apic.32
                0x00000000c0025630                APIC::disable()
                0x00000000c0025632                APIC::close(int, int, void*)
                0x00000000c0025654                IOAPIC::close(int, int, void*)
                0x00000000c002565a                APIC::io_wait()
                0x00000000c0025660                APIC::getBase()
                0x00000000c00256a2                APIC::eoi(unsigned char)
                0x00000000c00256d0                APIC::open(int, int, void*)
                0x00000000c002581e                IOAPIC::IOAPIC()
                0x00000000c002581e                IOAPIC::IOAPIC()
                0x00000000c0025846                APIC::APIC()
                0x00000000c0025846                APIC::APIC()
                0x00000000c0025922                IOAPIC::handlesGSIWithNumber(unsigned int)
                0x00000000c0025954                IOAPIC::read(int)
                0x00000000c002597c                IOAPIC::open(int, int, void*)
                0x00000000c0025a72                IOAPIC::write(int, int)
                0x00000000c0025a9e                IOAPIC::redirect(unsigned char, unsigned long long, unsigned char, bool, bool)
                0x00000000c0025b98                APIC::installIRQHandler(int, void (*)(regs*, void*), bool, void*)
 .text          0x00000000c0025d4e      0x3d3 hw/intctrl/pic.32
                0x00000000c0025d4e                PIC::disable()
                0x00000000c0025d7c                PIC::close(int, int, void*)
                0x00000000c0025d9e                PIC::PIC()
                0x00000000c0025d9e                PIC::PIC()
                0x00000000c0025e74                PIC::ioWait()
                0x00000000c0025e7a                PIC::getIRQReg(int)
                0x00000000c0025ee4                PIC::eoi(unsigned char)
                0x00000000c0025f76                PIC::remap()
                0x00000000c00260e2                PIC::open(int, int, void*)
 *fill*         0x00000000c0026121        0x1 
 .text          0x00000000c0026122      0x25e hw/timer/apictimer.32
                0x00000000c0026122                APICTimer::close(int, int, void*)
                0x00000000c0026128                apicTimerHandler(regs*, void*)
                0x00000000c0026156                APICTimer::write(int)
                0x00000000c002625a                APICTimer::open(int, int, void*)
                0x00000000c0026358                APICTimer::APICTimer()
                0x00000000c0026358                APICTimer::APICTimer()
 .text          0x00000000c0026380      0x1a7 hw/timer/pit.32
                0x00000000c0026380                PIT::write(int)
                0x00000000c00263fe                pitHandler(regs*, void*)
                0x00000000c002642a                PIT::open(int, int, void*)
                0x00000000c0026478                PIT::close(int, int, void*)
                0x00000000c00264a8                PIT::PIT()
                0x00000000c00264a8                PIT::PIT()
 *fill*         0x00000000c0026527        0x9 
 .text          0x00000000c0026530       0x1e hw/fpu/x86/avx.32
                0x00000000c0026530                avxDetect
                0x00000000c0026536                avxSave
                0x00000000c0026537                avxLoad
                0x00000000c0026538                avxInit
                0x00000000c0026539                avxClose
                0x00000000c002653a                wouldSheSayYes
 *fill*         0x00000000c002654e        0x2 
 .text          0x00000000c0026550       0x35 hw/fpu/x86/sse.32
                0x00000000c0026550                absolutelyNoChanceInHell
                0x00000000c0026550                sseDetect
                0x00000000c0026568                sseSave
                0x00000000c002656e                sseLoad
                0x00000000c0026574                sseInit
                0x00000000c0026584                sseClose
 *fill*         0x00000000c0026585        0xb 
 .text          0x00000000c0026590       0x4d hw/fpu/x86/x87.32
                0x00000000c0026596                x87Detect
                0x00000000c00265b1                x87Save
                0x00000000c00265ba                x87Load
                0x00000000c00265c2                x87Init
                0x00000000c00265dc                x87Close
 *fill*         0x00000000c00265dd        0x3 
 .text          0x00000000c00265e0       0x25 /cygdrive/d/Users/Alex/Desktop/Toolchain/Output/bin/../lib/gcc/i386-banana/8.1.0/crtend.o
 .text          0x00000000c0026605        0x0 crtn.32
 *fill*         0x00000000c0026605        0x3 
 .text          0x00000000c0026608      0x14b /cygdrive/d/Users/Alex/Desktop/Toolchain/Output/bin/../lib/gcc/i386-banana/8.1.0/libkgcc.a(_divdi3.o)
                0x00000000c0026608                __divdi3
 *fill*         0x00000000c0026753        0x1 
 .text          0x00000000c0026754      0x17e /cygdrive/d/Users/Alex/Desktop/Toolchain/Output/bin/../lib/gcc/i386-banana/8.1.0/libkgcc.a(_moddi3.o)
                0x00000000c0026754                __moddi3
 *fill*         0x00000000c00268d2        0x2 
 .text          0x00000000c00268d4       0xff /cygdrive/d/Users/Alex/Desktop/Toolchain/Output/bin/../lib/gcc/i386-banana/8.1.0/libkgcc.a(_udivdi3.o)
                0x00000000c00268d4                __udivdi3
 *fill*         0x00000000c00269d3        0x1 
 .text          0x00000000c00269d4      0x11a /cygdrive/d/Users/Alex/Desktop/Toolchain/Output/bin/../lib/gcc/i386-banana/8.1.0/libkgcc.a(_umoddi3.o)
                0x00000000c00269d4                __umoddi3
 .text          0x00000000c0026aee      0x96d D:/Users/Alex/Desktop/Banana/kernel/libsoftfp.a(sfieeelib.o)
                0x00000000c0026aee                __addsf3
                0x00000000c0026df0                __subsf3
                0x00000000c0026e04                __negsf2
                0x00000000c0026e11                __mulsf3
                0x00000000c0026fd4                __divsf3
                0x00000000c00271ff                __floatsisf
                0x00000000c0027273                __floatunsisf
                0x00000000c00272b5                __fixsfsi
                0x00000000c0027317                __fixunssfsi
                0x00000000c0027348                __cmpsf2
                0x00000000c00273dd                __eqsf2
                0x00000000c0027418                __nesf2
                0x00000000c002741a                __gtsf2
                0x00000000c0027455                __gesf2
                0x00000000c0027457                __ltsf2
                0x00000000c0027459                __lesf2
 .text          0x00000000c002745b      0xf50 D:/Users/Alex/Desktop/Banana/kernel/libsoftfp.a(dfieeelib.o)
                0x00000000c002745b                __adddf3
                0x00000000c0027aac                __subdf3
                0x00000000c0027ac7                __negdf2