Archive member included to satisfy reference by file (symbol)

/cygdrive/d/Users/Alex/Desktop/Toolchain/Output/bin/../lib/gcc/i386-banana/8.1.0/libkgcc.a(_divdi3.o)
                              krnl/resolve.32 (__divdi3)
/cygdrive/d/Users/Alex/Desktop/Toolchain/Output/bin/../lib/gcc/i386-banana/8.1.0/libkgcc.a(_moddi3.o)
                              krnl/resolve.32 (__moddi3)
/cygdrive/d/Users/Alex/Desktop/Toolchain/Output/bin/../lib/gcc/i386-banana/8.1.0/libkgcc.a(_udivdi3.o)
                              hal/clock.32 (__udivdi3)
/cygdrive/d/Users/Alex/Desktop/Toolchain/Output/bin/../lib/gcc/i386-banana/8.1.0/libkgcc.a(_umoddi3.o)
                              core/pipe.32 (__umoddi3)

Allocating common symbols
Common symbol       size              file

dcache              0x40              fs/iso9660/iso9660.32
cdDriveLetter       0x1               fs/iso9660/iso9660.32
icache              0x40              fs/iso9660/iso9660.32

Discarded input sections

 .comment       0x0000000000000000       0x12 /cygdrive/d/Users/Alex/Desktop/Toolchain/Output/bin/../lib/gcc/i386-banana/8.1.0/crtbegin.o
 .comment       0x0000000000000000       0x12 acpica/utclib.32
 .comment       0x0000000000000000       0x12 core/malloc.32
 .comment       0x0000000000000000       0x12 libk/ctype.32
 .comment       0x0000000000000000       0x12 libk/string.32
 .comment       0x0000000000000000       0x12 fs/fat/diskio.32
 .comment       0x0000000000000000       0x12 fs/fat/ff.32
 .comment       0x0000000000000000       0x12 fs/fat/ffsystem.32
 .comment       0x0000000000000000       0x12 fs/fat/ffunicode.32
 .comment       0x0000000000000000       0x12 fs/iso9660/iso9660.32
 .group         0x0000000000000000       0x14 core/computer.32
 .group         0x0000000000000000        0xc core/computer.32
 .comment       0x0000000000000000       0x12 core/computer.32
 .comment       0x0000000000000000       0x12 core/gdt.32
 .group         0x0000000000000000        0xc core/idle.32
 .comment       0x0000000000000000       0x12 core/idle.32
 .comment       0x0000000000000000       0x12 core/idt.32
 .comment       0x0000000000000000       0x12 core/kheap.32
 .comment       0x0000000000000000       0x12 core/main.32
 .comment       0x0000000000000000       0x12 core/physmgr.32
 .group         0x0000000000000000        0xc core/pipe.32
 .comment       0x0000000000000000       0x12 core/pipe.32
 .group         0x0000000000000000        0xc core/terminal.32
 .comment       0x0000000000000000       0x12 core/terminal.32
 .comment       0x0000000000000000       0x12 core/tss.32
 .group         0x0000000000000000        0xc core/unixfile.32
 .group         0x0000000000000000        0xc core/unixfile.32
 .group         0x0000000000000000        0xc core/unixfile.32
 .group         0x0000000000000000        0xc core/unixfile.32
 .group         0x0000000000000000        0xc core/unixfile.32
 .group         0x0000000000000000        0xc core/unixfile.32
 .group         0x0000000000000000        0xc core/unixfile.32
 .group         0x0000000000000000        0xc core/unixfile.32
 .comment       0x0000000000000000       0x12 core/unixfile.32
 .comment       0x0000000000000000       0x12 core/virtmgr.32
 .comment       0x0000000000000000       0x12 coreobjs/c++.32
 .comment       0x0000000000000000       0x12 dbg/kconsole.32
 .comment       0x0000000000000000       0x12 dbg/usban.32
 .group         0x0000000000000000        0xc fs/vfs.32
 .group         0x0000000000000000        0xc fs/vfs.32
 .group         0x0000000000000000        0xc fs/vfs.32
 .comment       0x0000000000000000       0x12 fs/vfs.32
 .group         0x0000000000000000        0xc hal/bus.32
 .comment       0x0000000000000000       0x12 hal/bus.32
 .comment       0x0000000000000000       0x12 hal/buzzer.32
 .group         0x0000000000000000        0xc hal/clock.32
 .comment       0x0000000000000000       0x12 hal/clock.32
 .group         0x0000000000000000       0x14 hal/device.32
 .group         0x0000000000000000        0xc hal/device.32
 .group         0x0000000000000000        0xc hal/device.32
 .group         0x0000000000000000        0xc hal/device.32
 .group         0x0000000000000000        0xc hal/device.32
 .comment       0x0000000000000000       0x12 hal/device.32
 .group         0x0000000000000000        0xc hal/diskctrl.32
 .comment       0x0000000000000000       0x12 hal/diskctrl.32
 .group         0x0000000000000000        0xc hal/diskphys.32
 .comment       0x0000000000000000       0x12 hal/diskphys.32
 .comment       0x0000000000000000       0x12 hal/fpu.32
 .comment       0x0000000000000000       0x12 hal/intctrl.32
 .group         0x0000000000000000        0xc hal/keybrd.32
 .comment       0x0000000000000000       0x12 hal/keybrd.32
 .group         0x0000000000000000        0xc hal/logidisk.32
 .comment       0x0000000000000000       0x12 hal/logidisk.32
 .group         0x0000000000000000        0xc hal/mouse.32
[...]
Memory Configuration

Name             Origin             Length             Attributes
*default*        0x0000000000000000 0xffffffffffffffff

Linker script and memory map

LOAD D:/Users/Alex/Desktop/Banana/kernel/boot.32
LOAD crti.32
LOAD /cygdrive/d/Users/Alex/Desktop/Toolchain/Output/bin/../lib/gcc/i386-banana/8.1.0/crtbegin.o
LOAD D:/Users/Alex/Desktop/Banana/kernel/morenasm.32
LOAD acpica/utclib.32
LOAD core/malloc.32
LOAD libk/ctype.32
LOAD libk/string.32
LOAD fs/fat/diskio.32
LOAD fs/fat/ff.32
LOAD fs/fat/ffsystem.32
LOAD fs/fat/ffunicode.32
LOAD fs/iso9660/iso9660.32
LOAD core/computer.32
LOAD core/gdt.32
LOAD core/idle.32
LOAD core/idt.32
LOAD core/kheap.32
LOAD core/main.32
LOAD core/physmgr.32
LOAD core/pipe.32
LOAD core/terminal.32
LOAD core/tss.32
LOAD core/unixfile.32
LOAD core/virtmgr.32
LOAD coreobjs/c++.32
LOAD dbg/kconsole.32
LOAD dbg/usban.32
LOAD fs/vfs.32
LOAD hal/bus.32
LOAD hal/buzzer.32
LOAD hal/clock.32
LOAD hal/device.32
LOAD hal/diskctrl.32
LOAD hal/diskphys.32
LOAD hal/fpu.32
LOAD hal/intctrl.32
LOAD hal/keybrd.32
LOAD hal/logidisk.32
LOAD hal/mouse.32
LOAD hal/nic.32
LOAD hal/partition.32
LOAD hal/serial.32
LOAD hal/timer.32
LOAD hal/vcache.32
LOAD hal/video.32
LOAD hw/acpi.32
LOAD hw/cpu.32
LOAD krnl/bootmsg.32
LOAD krnl/env.32
LOAD krnl/inlines.32
LOAD krnl/panic.32
LOAD krnl/powctrl.32
LOAD krnl/random.32
LOAD krnl/resolve.32
LOAD krnl/signal.32
LOAD krnl/syscalls.32
LOAD net/ethernet.32
LOAD reg/cm.32
LOAD reg/registry.32
LOAD sys/eject.32
LOAD sys/exit.32
LOAD sys/getcwd.32
LOAD sys/getpid.32
LOAD sys/getramdata.32
LOAD sys/getvgaptr.32
LOAD sys/kill.32
LOAD sys/loaddll.32
LOAD sys/read.32
LOAD sys/registersignal.32
LOAD sys/registry.32
LOAD sys/sbrk.32
LOAD sys/setcwd.32
LOAD sys/settime.32
LOAD sys/timezone.32
LOAD sys/write.32
LOAD sys/wsbe.32
LOAD sys/yield.32
LOAD thr/elf.32
LOAD thr/prcssthr.32
LOAD vm86/vm8086.32
LOAD arch/i386/hal.32
LOAD arch/i386/pic.32
LOAD arch/i386/rtc.32
LOAD arch/i386/vga.32
LOAD fs/fat/vfslink.32
LOAD fs/iso9660/helper.32
LOAD fs/iso9660/vfslink.32
LOAD hal/sound/sndcard.32
LOAD hal/sound/sndport.32
LOAD hw/bus/isa.32
LOAD hw/bus/pci.32
LOAD hw/diskctrl/ide.32
LOAD hw/diskctrl/satabus.32
LOAD hw/diskphys/ata.32
LOAD hw/diskphys/atapi.32
LOAD hw/diskphys/sata.32
LOAD hw/diskphys/satapi.32
LOAD hw/intctrl/apic.32
LOAD hw/timer/apictimer.32
LOAD hw/timer/pit.32
LOAD arch/i386/avx.32
LOAD arch/i386/interrupt.32
LOAD arch/i386/rdrand.32
LOAD arch/i386/sse.32
LOAD arch/i386/x87.32
LOAD /cygdrive/d/Users/Alex/Desktop/Toolchain/Output/bin/../lib/gcc/i386-banana/8.1.0/crtend.o
LOAD crtn.32
LOAD /cygdrive/d/Users/Alex/Desktop/Toolchain/Output/bin/../lib/gcc/i386-banana/8.1.0/libkgcc.a
LOAD D:/Users/Alex/Desktop/Banana/kernel/libsoftfp.a
LOAD D:/Users/Alex/Desktop/Banana/kernel/libk/libm32.a
                0x00000000c0000000                . = 0xc0000000

.text           0x00000000c0000000    0x70b4a
 *(.text)
 .text          0x00000000c0000000       0x20 D:/Users/Alex/Desktop/Banana/kernel/boot.32
 .text          0x00000000c0000020        0x0 crti.32
 .text          0x00000000c0000020      0x101 /cygdrive/d/Users/Alex/Desktop/Toolchain/Output/bin/../lib/gcc/i386-banana/8.1.0/crtbegin.o
 *fill*         0x00000000c0000121        0xf 
 .text          0x00000000c0000130      0x24f D:/Users/Alex/Desktop/Banana/kernel/morenasm.32
                0x00000000c0000130                manualPCIProbe
                0x00000000c000017b                prepareTramp
                0x00000000c0000194                doTPAUSE
                0x00000000c000019e                hasLegacyFPU
                0x00000000c00001c3                is486
                0x00000000c00001f9                detectCPUID
                0x00000000c000020f                goToVM86
                0x00000000c000023f                goToUsermode
                0x00000000c0000269                switchToThreadASMFirstTime
                0x00000000c0000277                switchToThreadASM
                0x00000000c00002fc                asmQuickAcquireLock
                0x00000000c000031a                asmQuickReleaseLock
                0x00000000c0000326                asmAcquireLock
                0x00000000c0000347                asmReleaseLock
                0x00000000c000035a                loadGDT
                0x00000000c000037a                memcpy
 *fill*         0x00000000c000037f        0x1 
 .text          0x00000000c0000380     0x1d37 acpica/utclib.32
                0x00000000c0000380                memcmp
                0x00000000c0000520                memmove
                0x00000000c00007a0                memset
                0x00000000c0000830                strlen
                0x00000000c00008d0                strpbrk
                0x00000000c0000a50                strtok
                0x00000000c0000b70                strcpy
                0x00000000c0000cb0                strncpy
                0x00000000c0000ff0                strcmp
                0x00000000c0001190                strchr
                0x00000000c0001240                strncmp
                0x00000000c0001430                strcat
                0x00000000c0001590                strncat
                0x00000000c0001770                strstr
                0x00000000c0001800                toupper
                0x00000000c0001890                tolower
                0x00000000c0001920                simple_strtoul
 .text          0x00000000c00020b7     0x4f41 core/malloc.32
                0x00000000c0002bae                dlfree
                0x00000000c0003b72                dlmalloc
                0x00000000c00056d7                dlrealloc
                0x00000000c0006202                dlmemalign
                0x00000000c00066d2                dlcalloc
                0x00000000c00069c0                dlcfree
                0x00000000c00069c5                dlindependent_calloc
                0x00000000c00069ea                dlindependent_comalloc
                0x00000000c0006a01                dlvalloc
                0x00000000c0006a2c                dlpvalloc
                0x00000000c0006a62                dlmalloc_trim
                0x00000000c0006a75                dlmalloc_usable_size
                0x00000000c0006b9d                dlmallinfo
                0x00000000c0006f58                dlmalloc_stats
                0x00000000c0006f6c                dlmallopt
 .text          0x00000000c0006ff8      0x1f2 libk/ctype.32
                0x00000000c0006ff8                isblank
                0x00000000c0007018                iscntrl
                0x00000000c0007038                isdigit
                0x00000000c0007054                islower
                0x00000000c0007070                isspace
                0x00000000c0007098                isupper
                0x00000000c00070b4                isalpha
                0x00000000c00070e4                isalnum
                0x00000000c0007114                ispunct
                0x00000000c0007154                isgraph
                0x00000000c0007184                isprint
                0x00000000c00071ac                isxdigit
 .text          0x00000000c00071ea        0x0 libk/string.32
 .text          0x00000000c00071ea      0x1c8 fs/fat/diskio.32
                0x00000000c00071ea                disk_status
                0x00000000c00071ed                disk_initialize
                0x00000000c00071f0                disk_read
                0x00000000c000728b                disk_write
                0x00000000c0007326                disk_ioctl
 .text          0x00000000c00073b2     0xc2a5 fs/fat/ff.32
                0x00000000c000dbe3                f_mount
                0x00000000c000dd5d                f_open
                0x00000000c000e4f6                f_read
                0x00000000c000ee43                f_write
                0x00000000c000f954                f_sync
                0x00000000c000fca6                f_close
                0x00000000c000fd0f                f_lseek
                0x00000000c0010515                f_opendir
                0x00000000c0010721                f_closedir
                0x00000000c001077d                f_readdir
                0x00000000c0010865                f_stat
                0x00000000c0010919                f_getfree
                0x00000000c0010cd6                f_truncate
                0x00000000c00110a3                f_unlink
                0x00000000c00111f0                f_mkdir
                0x00000000c0011623                f_rename
                0x00000000c0011946                f_chmod
                0x00000000c0011a9e                f_utime
                0x00000000c0011c3c                f_getlabel
                0x00000000c0011f6e                f_setlabel
                0x00000000c00122dd                f_expand
                0x00000000c0012745                f_mkfs
 *fill*         0x00000000c0013657        0x1 
 .text          0x00000000c0013658       0x2f fs/fat/ffsystem.32
                0x00000000c0013658                ff_memalloc
                0x00000000c0013670                ff_memfree
 *fill*         0x00000000c0013687        0x1 
 .text          0x00000000c0013688      0x4ea fs/fat/ffunicode.32
                0x00000000c0013688                ff_uni2oem
                0x00000000c0013790                ff_oem2uni
                0x00000000c001386c                ff_wtoupper
 .text          0x00000000c0013b72     0x4b94 fs/iso9660/iso9660.32
                0x00000000c00148a6                isoReadDiscSector
                0x00000000c0014aaf                strnicmp
                0x00000000c00151b6                stricmp
                0x00000000c0015286                iso_open
                0x00000000c0015605                iso_close
                0x00000000c0015693                iso_read
                0x00000000c0015e6b                iso_seek
                0x00000000c00164af                iso_tell
                0x00000000c0016650                iso_total
                0x00000000c00167ed                fn_postprocess
                0x00000000c0016877                iso_readdir
                0x00000000c0017fa4                iso_reset
                0x00000000c0017fc1                init_percd
                0x00000000c0018393                iso_ioctl
                0x00000000c00183ab                fs_iso9660_init
                0x00000000c00185de                fs_iso9660_shutdown
 *fill*         0x00000000c0018706        0x2 
 .text          0x00000000c0018708     0x1cd6 core/computer.32
                0x00000000c0018708                Computer::close(int, int, void*)
                0x00000000c00188c4                Krnl::firstTask()
                0x00000000c0018c10                Computer::Computer()
                0x00000000c0018c10                Computer::Computer()
                0x00000000c00190e0                Computer::setBootMessage(char const*)
                0x00000000c00190e4                Computer::detectFeatures()
                0x00000000c0019b28                Computer::displayFeatures()
                0x00000000c0019b2c                Computer::rdmsr(unsigned int)
                0x00000000c0019ba4                Computer::wrmsr(unsigned int, unsigned long long)
                0x00000000c0019c24                Computer::shutdown()
                0x00000000c0019cbc                Computer::restart()
                0x00000000c0019d54                Computer::sleep()
                0x00000000c0019dd4                Computer::nmiEnabled()
                0x00000000c0019e18                Computer::readCMOS(unsigned char)
                0x00000000c0019e78                Computer::enableNMI(bool)
                0x00000000c0019f14                Computer::open(int, int, void*)
                0x00000000c001a2c8                Computer::disableNMI()
                0x00000000c001a300                Computer::writeCMOS(unsigned char, unsigned char)
                0x00000000c001a368                Computer::handleNMI()
 .text          0x00000000c001a3de      0x50f core/gdt.32
                0x00000000c001a3de                GDTEntry::setBase(unsigned int)
                0x00000000c001a46e                GDTEntry::setLimit(unsigned int)
                0x00000000c001a4dc                GDT::GDT()
                0x00000000c001a4dc                GDT::GDT()
                0x00000000c001a562                GDT::addEntry(GDTEntry)
                0x00000000c001a63e                GDT::getNumberOfEntries()
                0x00000000c001a666                GDT::flush()
                0x00000000c001a6d4                GDT::setup()
 .text          0x00000000c001a8ed       0x38 core/idle.32
                0x00000000c001a8ed                idleFunction(void*)
 *fill*         0x00000000c001a925        0x3 
 .text          0x00000000c001a928      0xcf0 core/idt.32
                0x00000000c001a928                IDTEntry::IDTEntry(bool)
                0x00000000c001a928                IDTEntry::IDTEntry(bool)
                0x00000000c001ab94                IDTEntry::setOffset(unsigned int)
                0x00000000c001abf8                IDT::IDT()
                0x00000000c001abf8                IDT::IDT()
                0x00000000c001ac2a                IDT::getPointerToInvalidOpcodeEntryForF00F()
                0x00000000c001ac6a                IDT::addEntry(IDTEntry, int)
                0x00000000c001acd0                IDT::addEntry(int, void (*)(), bool)
                0x00000000c001ad2c                IDT::flush()
                0x00000000c001ad6a                IDT::setup()
 .text          0x00000000c001b618      0x2a5 core/kheap.32
                0x00000000c001b618                sbrk
                0x00000000c001b734                mmap
                0x00000000c001b74a                munmap
                0x00000000c001b760                liballoc_lock()
                0x00000000c001b79a                liballoc_unlock()
                0x00000000c001b7d8                liballoc_alloc(int)
                0x00000000c001b812                liballoc_free(void*, int)
                0x00000000c001b84f                realloc
                0x00000000c001b863                malloc
                0x00000000c001b873                free
                0x00000000c001b883                rfree
                0x00000000c001b893                calloc
 .text          0x00000000c001b8bd      0x134 core/main.32
                0x00000000c001b8bd                KeEntryPoint
 .text          0x00000000c001b9f1      0xd3a core/physmgr.32
                0x00000000c001b9f1                Phys::allocateDMA(unsigned long)
                0x00000000c001bcdf                Phys::freeDMA(unsigned long, unsigned long)
                0x00000000c001bd95                Phys::setPageState(unsigned long, bool)
                0x00000000c001bed2                Phys::getPageState(unsigned long)
                0x00000000c001bf31                Phys::freePage(unsigned long)
                0x00000000c001bfbf                Phys::allocatePage()
                0x00000000c001c187                Phys::allocateContiguousPages(int)
                0x00000000c001c276                Phys::allowSegmentToBeUsed(unsigned long, unsigned long)
                0x00000000c001c2b8                Phys::physicalMemorySetup(unsigned int)
 *fill*         0x00000000c001c72b        0x1 
 .text          0x00000000c001c72c      0xaa5 core/pipe.32
                0x00000000c001c72c                Pipe::isAtty()
                0x00000000c001c730                Pipe::~Pipe()
                0x00000000c001c730                Pipe::~Pipe()
                0x00000000c001c800                Pipe::~Pipe()
                0x00000000c001c828                Pipe::write(unsigned long long, void*, int*)
                0x00000000c001cb90                Pipe::read(unsigned long long, void*, int*)
                0x00000000c001cf6a                Pipe::Pipe(int)
                0x00000000c001cf6a                Pipe::Pipe(int)
 *fill*         0x00000000c001d1d1        0x1 
 .text          0x00000000c001d1d2     0x3031 core/terminal.32
                0x00000000c001d1d2                VgaText::isAtty()
                0x00000000c001d1d6                VgaText::~VgaText()
                0x00000000c001d1d6                VgaText::~VgaText()
                0x00000000c001d2a6                VgaText::~VgaText()
                0x00000000c001d2d0                VgaText::read(unsigned long long, void*, int*)
                0x00000000c001d310                setTerminalScrollLock(bool)
                0x00000000c001d311                doTerminalCycle()
                0x00000000c001d312                addToTerminalCycle(VgaText*)
                0x00000000c001d313                scrollTerminalScrollLock(int)
                0x00000000c001d314                VgaText::updateTitle()
                0x00000000c001d316                VgaText::load()
                0x00000000c001d318                VgaText::updateCursor()
                0x00000000c001d364                VgaText::doANSI_SGR(int)
                0x00000000c001d7d8                VgaText::setDefaultBgColour(VgaColour)
                0x00000000c001d850                VgaText::setDefaultFgColour(VgaColour)
                0x00000000c001d8c8                VgaText::setDefaultColours(VgaColour, VgaColour)
                0x00000000c001d926                VgaText::setTitleTextColour(VgaColour)
                0x00000000c001d984                VgaText::setTitleColour(VgaColour)
                0x00000000c001d9e2                VgaText::setTitle(char*)
                0x00000000c001da06                VgaText::combineColours(unsigned char, unsigned char)
                0x00000000c001da1a                VgaText::scrollScreen()
                0x00000000c001dd90                VgaText::combineCharAndColour(char, unsigned char)
                0x00000000c001dda0                VgaText::writeCharacter(char, VgaColour, VgaColour, int, int)
                0x00000000c001dea4                VgaText::getCursorX()
                0x00000000c001dee6                VgaText::getCursorY()
                0x00000000c001df28                VgaText::setCursor(int, int)
                0x00000000c001dfc4                setActiveTerminal(VgaText*)
                0x00000000c001e058                VgaText::clearScreen()
                0x00000000c001e174                VgaText::setCursorX(int)
                0x00000000c001e1c0                VgaText::setCursorY(int)
                0x00000000c001e20c                VgaText::incrementCursor(bool)
                0x00000000c001e40e                VgaText::decrementCursor(bool)
                0x00000000c001e4da                VgaText::putchar(char, VgaColour, VgaColour)
                0x00000000c001e816                VgaText::putchar(char)
                0x00000000c001edf4                VgaText::putx(unsigned int)
                0x00000000c001eea2                VgaText::puts(char const*)
                0x00000000c001ef12                VgaText::write(unsigned long long, void*, int*)
                0x00000000c001f078                VgaText::puts(char const*, VgaColour, VgaColour)
                0x00000000c001f708                VgaText::VgaText(char const*)
                0x00000000c001f708                VgaText::VgaText(char const*)
                0x00000000c001fd96                VgaText::receiveKey(unsigned char)
                0x00000000c0020202                VgaText::doUpdate()
 *fill*         0x00000000c0020203        0x1 
 .text          0x00000000c0020204      0xc60 core/tss.32
                0x00000000c0020204                TSS::TSS()
                0x00000000c0020204                TSS::TSS()
                0x00000000c002028c                TSS::setESP(unsigned long)
                0x00000000c0020330                TSS::flush()
                0x00000000c0020378                TSS::setup(unsigned long, unsigned long)
 .text          0x00000000c0020e64     0x11bd core/unixfile.32
                0x00000000c0020e64                ReservedFilename::read(unsigned long long, void*, int*)
                0x00000000c002112a                ReservedFilename::isAtty()
                0x00000000c0021228                ReservedFilename::write(unsigned long long, void*, int*)
                0x00000000c00214f2                UnixFile::getFileDescriptor()
                0x00000000c0021534                UnixFile::UnixFile(int)
                0x00000000c0021534                UnixFile::UnixFile(int)
                0x00000000c0021a3c                ReservedFilename::ReservedFilename(int)
                0x00000000c0021a3c                ReservedFilename::ReservedFilename(int)
                0x00000000c0021b7c                UnixFile::~UnixFile()
                0x00000000c0021b7c                UnixFile::~UnixFile()
                0x00000000c0021d00                UnixFile::~UnixFile()
                0x00000000c0021d28                ReservedFilename::~ReservedFilename()
                0x00000000c0021d28                ReservedFilename::~ReservedFilename()
                0x00000000c0021e0c                ReservedFilename::~ReservedFilename()
                0x00000000c0021e33                KeGetFileFromDescriptor(int)
 *fill*         0x00000000c0022021        0x1 
 .text          0x00000000c0022022     0x3e11 core/virtmgr.32
                0x00000000c0022022                Virt::setPageState(unsigned long, Virt::VirtPageState)
                0x00000000c0022109                Virt::getPageState(unsigned long)
                0x00000000c00221af                Virt::allocateKernelVirtualPages(int)
                0x00000000c0022321                Virt::freeSwapfilePage(unsigned long)
                0x00000000c00223ac                Virt::swapIDToSector(unsigned long)
                0x00000000c00223c2                Virt::allocateSwapfilePage()
                0x00000000c0022579                Virt::virtualMemorySetup()
                0x00000000c00225dc                Virt::setupPageSwapping(int)
                0x00000000c0022804                VAS::VAS(VAS*)
                0x00000000c0022804                VAS::VAS(VAS*)
                0x00000000c00228de                VAS::getForeignPageTableEntry(bool, unsigned long)
                0x00000000c002292e                VAS::getPageTableEntry(unsigned long)
                0x00000000c002296d                Virt::freeKernelVirtualPages(unsigned long)
                0x00000000c0022c10                VAS::freeAllocatedPages(unsigned long)
                0x00000000c0022c6c                VAS::virtualToPhysical(unsigned long)
                0x00000000c0022cce                VAS::reflagRange(unsigned long, int, unsigned long, unsigned long)
                0x00000000c0022db4                VAS::VAS()
                0x00000000c0022db4                VAS::VAS()
                0x00000000c0022fa0                VAS::setToWriteCombining(unsigned long, int)
                0x00000000c0023094                VAS::mapOtherVASIn(bool, VAS*)
                0x00000000c00231a2                VAS::~VAS()
                0x00000000c00231a2                VAS::~VAS()
                0x00000000c00236a0                VAS::mapPage(unsigned long, unsigned long, int)
                0x00000000c00239d4                VAS::allocatePages(int, int)
                0x00000000c0023d24                VAS::setCPUSpecific(unsigned long)
                0x00000000c0023d5e                VAS::mapRange(unsigned long, unsigned long, int, int)
                0x00000000c0023df0                VAS::mapForeignPage(bool, VAS*, unsigned long, unsigned long, int)
                0x00000000c002404e                VAS::VAS(bool)
                0x00000000c002404e                VAS::VAS(bool)
                0x00000000c0024c70                VAS::evict(unsigned long)
                0x00000000c0024fe2                VAS::tryLoadBackOffDisk(unsigned long)
                0x00000000c002554e                VAS::allocateSharedMemoryWithKernel(unsigned long, unsigned long*)
                0x00000000c0025686                VAS::freeSharedMemoryWithKernel(unsigned long, unsigned long)
                0x00000000c00256b2                VAS::scanForEviction()
                0x00000000c0025b5a                mapVASFirstTime
 .text          0x00000000c0025e33       0x5f coreobjs/c++.32
                0x00000000c0025e33                __cxa_atexit
                0x00000000c0025e36                __cxa_finalize
                0x00000000c0025e37                __stack_chk_fail
                0x00000000c0025e6d                __cxa_pure_virtual
                0x00000000c0025e7e                operator new[](unsigned long)
                0x00000000c0025e83                operator delete(void*, unsigned long)
                0x00000000c0025e88                operator delete[](void*)
                0x00000000c0025e8d                operator delete[](void*, unsigned long)
 .text          0x00000000c0025e92      0x623 dbg/kconsole.32
                0x00000000c0025e92                Dbg::stringifyxWithBase(unsigned int, char*, int)
                0x00000000c00260ac                Dbg::logc(char)
                0x00000000c00260cc                Dbg::logs(char*)
                0x00000000c002615b                Dbg::logWriteInt(unsigned int)
                0x00000000c002617b                Dbg::logWriteIntBase(unsigned int, int)
                0x00000000c002619e                Dbg::kprintf(char const*, ...)
 *fill*         0x00000000c00264b5        0x3 
 .text          0x00000000c00264b8      0x398 dbg/usban.32
                0x00000000c00264b8                KiUbsanPrintDetails(char const*, void*)
                0x00000000c00265e8                __ubsan_handle_type_mismatch_v1
                0x00000000c00266c4                __ubsan_handle_pointer_overflow
                0x00000000c00266f0                __ubsan_handle_out_of_bounds
                0x00000000c002671c                __ubsan_handle_add_overflow
                0x00000000c0026748                __ubsan_handle_load_invalid_value
                0x00000000c0026774                __ubsan_handle_divrem_overflow
                0x00000000c00267a0                __ubsan_handle_mul_overflow
                0x00000000c00267cc                __ubsan_handle_sub_overflow
                0x00000000c00267f8                __ubsan_handle_shift_out_of_bounds
                0x00000000c0026824                __ubsan_handle_negate_overflow
 .text          0x00000000c0026850     0x7506 fs/vfs.32
                0x00000000c0026850                File::isAtty()
                0x00000000c0026854                Directory::isAtty()
                0x00000000c0026858                Filesystem::getlabel(LogicalDisk*, int, char*, unsigned int*)
                0x00000000c002685e                Filesystem::setlabel(LogicalDisk*, int, char*)
                0x00000000c0026864                Filesystem::allocateSwapfile(char const*, int)
                0x00000000c002686a                File::~File()
                0x00000000c002686a                File::~File()
                0x00000000c002693a                File::~File()
                0x00000000c0026964                Directory::~Directory()
                0x00000000c0026964                Directory::~Directory()
                0x00000000c0026a34                Directory::~Directory()
                0x00000000c0026a5e                Directory::write(unsigned long long, void*, int*)
                0x00000000c0026c0e                File::read(unsigned long long, void*, int*)
                0x00000000c0027064                File::write(unsigned long long, void*, int*)
                0x00000000c00274ba                Directory::read(unsigned long long, void*, int*)
                0x00000000c0027910                Filesystem::Filesystem()
                0x00000000c0027910                Filesystem::Filesystem()
                0x00000000c00279e8                Filesystem::~Filesystem()
                0x00000000c00279e8                Filesystem::~Filesystem()
                0x00000000c0027a66                Filesystem::~Filesystem()
                0x00000000c0027a8d                Fs::getcwd(Process*, char*, int)
                0x00000000c0027bc8                Fs::initVFS()
                0x00000000c0027bf2                Fs::standardiseFiles(char*, char const*, char const*)
                0x00000000c0028a48                File::File(char const*, Process*)
                0x00000000c0028a48                File::File(char const*, Process*)
                0x00000000c0028fd6                File::open(FileOpenMode)
                0x00000000c002943a                File::close()
                0x00000000c002988c                File::seek(unsigned long long)
                0x00000000c0029cc2                File::tell(unsigned long long*)
                0x00000000c002a0e6                File::rewind()
                0x00000000c002a118                File::unlink()
                0x00000000c002a52c                File::rename(char const*)
                0x00000000c002a930                File::chfatattr(unsigned char, unsigned char)
                0x00000000c002ad52                File::exists()
                0x00000000c002b0e6                File::stat(unsigned long long*, bool*)
                0x00000000c002b760                Fs::setcwd(Process*, char*)
                0x00000000c002bd18                Directory::Directory(char const*, Process*)
                0x00000000c002bd18                Directory::Directory(char const*, Process*)
                0x00000000c002c2a6                Directory::open()
                0x00000000c002c71a                Directory::close()
                0x00000000c002cb6c                Directory::unlink()
                0x00000000c002cf80                Directory::rename(char const*)
                0x00000000c002d384                Directory::exists()
                0x00000000c002d718                Directory::read(dirent*)
                0x00000000c002d93c                Directory::create()
                0x00000000c002dd50                Filesystem::chfatattr(char const*, unsigned char, unsigned char)
 *fill*         0x00000000c002dd56        0x2 
 .text          0x00000000c002dd58      0x252 hal/bus.32
                0x00000000c002dd58                Bus::Bus(char const*)
                0x00000000c002dd58                Bus::Bus(char const*)
                0x00000000c002de9c                Bus::~Bus()
                0x00000000c002de9c                Bus::~Bus()
                0x00000000c002df80                Bus::~Bus()
 .text          0x00000000c002dfaa       0xee hal/buzzer.32
                0x00000000c002dfaa                beepThread(void*)
                0x00000000c002e016                Krnl::beep(int, int, bool)
 .text          0x00000000c002e098      0xad8 hal/clock.32
                0x00000000c002e098                User::loadClockSettings(int)
                0x00000000c002e184                Clock::Clock(char const*)
                0x00000000c002e184                Clock::Clock(char const*)
                0x00000000c002e2ae                Clock::~Clock()
                0x00000000c002e2ae                Clock::~Clock()
                0x00000000c002e37e                Clock::~Clock()
                0x00000000c002e3a8                Clock::timeInSecondsLocal()
                0x00000000c002e4f8                Clock::setTimeInSecondsLocal(unsigned long long)
                0x00000000c002e641                datetimeToSeconds(datetime_t)
                0x00000000c002e83a                Clock::setTimeInDatetimeLocal(datetime_t)
                0x00000000c002e9ba                secondsToDatetime(unsigned long long)
                0x00000000c002eb2e                Clock::timeInDatetimeLocal()
 .text          0x00000000c002eb70     0x167b hal/device.32
                0x00000000c002eb70                Device::hibernate()
                0x00000000c002eb72                Device::wake()
                0x00000000c002eb74                Device::detect()
                0x00000000c002eb76                Device::disableLegacy()
                0x00000000c002eb78                Device::powerSaving(PowerSavingLevel)
                0x00000000c002eb7a                DriverlessDevice::close(int, int, void*)
                0x00000000c002eb7e                DriverlessDevice::detect()
                0x00000000c002eb80                DriverlessDevice::open(int, int, void*)
                0x00000000c002eb94                Device::~Device()
                0x00000000c002eb94                Device::~Device()
                0x00000000c002ec12                Device::~Device()
                0x00000000c002ec3c                Device::findAndLoadDriver()
                0x00000000c002ec4a                Device::preOpenPCI(PCIDeviceInfo)
                0x00000000c002ece4                Device::preOpenACPI(void*, char*, char*)
                0x00000000c002edf6                Device::addIRQHandler(int, void (*)(regs*, void*), bool, void*)
                0x00000000c002ee20                Device::getParent()
                0x00000000c002ee6a                Device::removeIRQHandler(int, void (*)(regs*, void*), bool)
                0x00000000c002ee88                Device::addChild(Device*)
                0x00000000c002f024                Device::removeAllChildren()
                0x00000000c002f1e8                Device::hibernateAll()
                0x00000000c002f33c                Device::wakeAll()
                0x00000000c002f490                Device::detectAll()
                0x00000000c002f5e4                Device::disableLegacyAll()
                0x00000000c002f5e6                Device::loadDriversForAll()
                0x00000000c002f5e8                Device::closeAll()
                0x00000000c002f740                Device::powerSavingAll(PowerSavingLevel)
                0x00000000c002f8a0                Device::setName(char const*)
                0x00000000c002f8f2                Device::Device(char const*)
                0x00000000c002f8f2                Device::Device(char const*)
                0x00000000c002fee2                Device::getName()
                0x00000000c002ff26                DriverlessDevice::DriverlessDevice(char const*)
                0x00000000c002ff26                DriverlessDevice::DriverlessDevice(char const*)
                0x00000000c0030050                Device::addToLinkedList(LinkedList<Device>&, DeviceType)
                0x00000000c003018b                getDevicesOfType(DeviceType)
 *fill*         0x00000000c00301eb        0x1 
 .text          0x00000000c00301ec      0x252 hal/diskctrl.32
                0x00000000c00301ec                HardDiskController::HardDiskController(char const*)
                0x00000000c00301ec                HardDiskController::HardDiskController(char const*)
                0x00000000c0030330                HardDiskController::~HardDiskController()
                0x00000000c0030330                HardDiskController::~HardDiskController()
                0x00000000c0030414                HardDiskController::~HardDiskController()
 .text          0x00000000c003043e      0x3f8 hal/diskphys.32
                0x00000000c003043e                PhysicalDisk::eject()
                0x00000000c0030442                PhysicalDisk::PhysicalDisk(char const*, int)
                0x00000000c0030442                PhysicalDisk::PhysicalDisk(char const*, int)
                0x00000000c00306c2                PhysicalDisk::startCache()
                0x00000000c003073c                PhysicalDisk::~PhysicalDisk()
                0x00000000c003073c                PhysicalDisk::~PhysicalDisk()
                0x00000000c003080c                PhysicalDisk::~PhysicalDisk()
 .text          0x00000000c0030836        0x0 hal/fpu.32
 .text          0x00000000c0030836     0x1907 hal/intctrl.32
                0x00000000c0030836                int_handler
                0x00000000c0030c4a                installISRHandler(int, void (*)(regs*, void*), void*)
                0x00000000c0030f07                installIRQHandler(int, void (*)(regs*, void*), bool, void*)
                0x00000000c00316b0                uninstallISRHandler(int, void (*)(regs*, void*))
                0x00000000c00319af                uninstallIRQHandler(int, void (*)(regs*, void*), bool)
                0x00000000c0031de1                setupINTS()
                0x00000000c003200a                convertLegacyIRQNumber(int)
 *fill*         0x00000000c003213d        0x1 
 .text          0x00000000c003213e     0x12a0 hal/keybrd.32
                0x00000000c003213e                startGUI(void*)
                0x00000000c00321c5                startGUIVESA(void*)
                0x00000000c003224c                sendKeyToTerminal(unsigned char)
                0x00000000c00323e7                sendKeyboardToken(KeyboardToken)
                0x00000000c0032c14                clearInternalKeybuffer(VgaText*)
                0x00000000c0032cdc                readKeyboard(VgaText*, char*, unsigned long)
                0x00000000c00331b2                Keyboard::Keyboard(char const*)
                0x00000000c00331b2                Keyboard::Keyboard(char const*)
                0x00000000c00332e4                Keyboard::~Keyboard()
                0x00000000c00332e4                Keyboard::~Keyboard()
                0x00000000c00333b4                Keyboard::~Keyboard()
 .text          0x00000000c00333de      0xf99 hal/logidisk.32
                0x00000000c00333de                LogicalDisk::close(int, int, void*)
                0x00000000c00333e2                LogicalDisk::~LogicalDisk()
                0x00000000c00333e2                LogicalDisk::~LogicalDisk()
                0x00000000c00334b2                LogicalDisk::~LogicalDisk()
                0x00000000c00334dc                LogicalDisk::open(int, int, void*)
                0x00000000c00334f0                LogicalDisk::absoluteToRelative(unsigned long long)
                0x00000000c00335c6                LogicalDisk::relativeToAbsolute(unsigned long long)
                0x00000000c0033658                LogicalDisk::LogicalDisk(char const*, PhysicalDisk*, unsigned long long, unsigned long long)
                0x00000000c0033658                LogicalDisk::LogicalDisk(char const*, PhysicalDisk*, unsigned long long, unsigned long long)
                0x00000000c0033a0c                LogicalDisk::assignDriveLetter()
                0x00000000c0033c70                LogicalDisk::mount()
                0x00000000c0033dd6                LogicalDisk::unmount()
                0x00000000c0033e24                LogicalDisk::eject()
                0x00000000c0033edc                LogicalDisk::unassignDriveLetter()
                0x00000000c0034064                LogicalDisk::read(unsigned long long, int, void*)
                0x00000000c00341ee                LogicalDisk::write(unsigned long long, int, void*)
 *fill*         0x00000000c0034377        0x1 
 .text          0x00000000c0034378      0x252 hal/mouse.32
                0x00000000c0034378                Mouse::Mouse(char const*)
                0x00000000c0034378                Mouse::Mouse(char const*)
                0x00000000c00344bc                Mouse::~Mouse()
                0x00000000c00344bc                Mouse::~Mouse()
                0x00000000c00345a0                Mouse::~Mouse()
 .text          0x00000000c00345ca      0x230 hal/nic.32
                0x00000000c00345ca                NIC::getMAC()
                0x00000000c00345d0                NIC::write(int, unsigned char*, int*)
                0x00000000c00345d6                NIC::NIC(char const*)
                0x00000000c00345d6                NIC::NIC(char const*)
                0x00000000c0034700                NIC::~NIC()
                0x00000000c0034700                NIC::~NIC()
                0x00000000c00347d0                NIC::~NIC()
 .text          0x00000000c00347fa      0xe6c hal/partition.32
                0x00000000c00347fa                makePartition(PhysicalDisk*, unsigned long long, unsigned long long)
                0x00000000c0034964                createPartitionsForDisk(PhysicalDisk*)
 *fill*         0x00000000c0035666        0x2 
 .text          0x00000000c0035668      0x252 hal/serial.32
                0x00000000c0035668                Serial::Serial(char const*)
                0x00000000c0035668                Serial::Serial(char const*)
                0x00000000c00357ac                Serial::~Serial()
                0x00000000c00357ac                Serial::~Serial()
                0x00000000c0035890                Serial::~Serial()
 *fill*         0x00000000c00358ba        0x2 
 .text          0x00000000c00358bc      0x7a4 hal/timer.32
                0x00000000c00358bc                Timer::Timer(char const*)
                0x00000000c00358bc                Timer::Timer(char const*)
                0x00000000c0035a00                Timer::~Timer()
                0x00000000c0035a00                Timer::~Timer()
                0x00000000c0035ae4                Timer::~Timer()
                0x00000000c0035b0e                Timer::read()
                0x00000000c0035b5b                setupTimer(int)
                0x00000000c0035c49                timerHandler(unsigned int)
 .text          0x00000000c0036060     0x1a4c hal/vcache.32
                0x00000000c0036060                VCache::VCache(PhysicalDisk*)
                0x00000000c0036060                VCache::VCache(PhysicalDisk*)
                0x00000000c0036a06                VCache::invalidateReadBuffer()
                0x00000000c0036aa2                VCache::writeWriteBuffer()
                0x00000000c0036ca4                VCache::~VCache()
                0x00000000c0036ca4                VCache::~VCache()
                0x00000000c0036e80                VCache::~VCache()
                0x00000000c0036ea8                VCache::write(unsigned long long, int, void*)
                0x00000000c0037476                VCache::read(unsigned long long, int, void*)
 .text          0x00000000c0037aac     0x123e hal/video.32
                0x00000000c0037aac                Video::putpixel(int, int, unsigned int)
                0x00000000c0037aba                Video::readPixelApprox(int, int)
                0x00000000c0037ace                Video::putrect(int, int, int, int, unsigned int)
                0x00000000c0037bf6                Video::bitblit(int, int, int, int, int, int, int, unsigned int*)
                0x00000000c0037e06                Video::blit(unsigned int*, int, int, int, int)
                0x00000000c003800c                Video::clearScreen(unsigned int)
                0x00000000c0038142                Video::Video(char const*)
                0x00000000c0038142                Video::Video(char const*)
                0x00000000c003826c                Video::~Video()
                0x00000000c003826c                Video::~Video()
                0x00000000c003833c                Video::~Video()
                0x00000000c0038366                Video::isMonochrome()
                0x00000000c00383b0                Video::getWidth()
                0x00000000c00383fa                Video::getHeight()
                0x00000000c0038444                Video::drawCursor(int, int, unsigned int*, int)
                0x00000000c00386f2                Video::tgaParse(unsigned char*, int, int*, int*)
                0x00000000c0038b3c                Video::putTGA(int, int, unsigned char*, int)
 *fill*         0x00000000c0038cea        0x2 
 .text          0x00000000c0038cec     0x3d8f hw/acpi.32
                0x00000000c0038cec                ACPI::close(int, int, void*)
                0x00000000c0038da0                findRSDP()
                0x00000000c0038ef4                loadACPITables(unsigned char*)
                0x00000000c00397bc                findRSDT(unsigned char*)
                0x00000000c00399a4                findDataTable(unsigned char*, char*)
                0x00000000c0039bb0                scanMADT()
                0x00000000c003b0e8                ACPI::ACPI()
                0x00000000c003b0e8                ACPI::ACPI()
                0x00000000c003b2ec                ACPI::getPCIIRQAssignment(unsigned char, unsigned short, unsigned char)
                0x00000000c003b6c0                ACPI::registerPCIIRQAssignment(void*, unsigned short, unsigned char, unsigned char)
                0x00000000c003bbf4                ACPI::setScreenBrightnessLevel(void*, int)
                0x00000000c003bbfc                ACPI::detectPCI()
                0x00000000c003c134                ACPI::writeSimpleBootFlag(SimpleBootFlagTable*)
                0x00000000c003c208                ACPI::sleep()
                0x00000000c003c224                ACPI::open(int, int, void*)
 *fill*         0x00000000c003ca7b        0x1 
 .text          0x00000000c003ca7c     0x21ab hw/cpu.32
                0x00000000c003ca7c                CPU::close(int, int, void*)
                0x00000000c003ca80                CPU::AMD_K6_write_msr(unsigned int, unsigned int, unsigned int, CPU::REGS*)
                0x00000000c003ca9c                CPU::AMD_K6_read_msr(unsigned int, CPU::REGS*)
                0x00000000c003cab4                CPU::AMD_K6_writeback(int, int, int)
                0x00000000c003cb28                CPU::cpuid(int, unsigned long*, unsigned long*, unsigned long*, unsigned long*)
                0x00000000c003cca6                CPU::cpuidCheckEDX(unsigned int)
                0x00000000c003ccd4                CPU::cpuidCheckECX(unsigned int)
                0x00000000c003cd02                CPU::cpuidCheckExtendedEBX(unsigned int)
                0x00000000c003cd30                CPU::cpuidCheckExtendedECX(unsigned int)
                0x00000000c003cd5e                CPU::CPU()
                0x00000000c003cd5e                CPU::CPU()
                0x00000000c003d0ac                CPU::displayFeatures()
                0x00000000c003d0ae                CPU::detectFeatures()
                0x00000000c003e410                CPU::setupSMEP()
                0x00000000c003e41c                CPU::setupUMIP()
                0x00000000c003e426                CPU::setupTSC()
                0x00000000c003e430                CPU::setupLargePages()
                0x00000000c003e43a                CPU::setupPAT()
                0x00000000c003e4ea                CPU::setupMTRR()
                0x00000000c003e4ec                CPU::setupGlobalPages()
                0x00000000c003e4f6                CPU::allowUsermodeDataAccess()
                0x00000000c003e546                CPU::prohibitUsermodeDataAccess()
                0x00000000c003e596                CPU::setupSMAP()
                0x00000000c003e5d0                CPU::setupFeatures()
                0x00000000c003e868                CPU::open(int, int, void*)
 .text          0x00000000c003ec27      0x501 krnl/bootmsg.32
                0x00000000c003ec27                KeDisplaySplashScreen()
                0x00000000c003efba                KeSetBootMessage(char const*)
 .text          0x00000000c003f128     0x1760 krnl/env.32
                0x00000000c003f128                EnvVarContainer::getEnv(char const*)
                0x00000000c003f280                EnvVarContainer::setEnv(char const*, char const*)
                0x00000000c003f448                EnvVarContainer::deleteEnv(char const*)
                0x00000000c003f44a                EnvVarContainer::loadFrom(char const*, char const*)
                0x00000000c003fa76                EnvVarContainer::__loadSystem()
                0x00000000c003faae                EnvVarContainer::__loadUser()
                0x00000000c003fab0                EnvVarContainer::EnvVarContainer(Process*)
                0x00000000c003fab0                EnvVarContainer::EnvVarContainer(Process*)
                0x00000000c003fba6                EnvVarContainer::~EnvVarContainer()
                0x00000000c003fba6                EnvVarContainer::~EnvVarContainer()
                0x00000000c003fca8                KeGetEnv(Process*, char const*)
                0x00000000c003fd88                KeSetEnvSystem(char const*, char const*)
                0x00000000c003fdbf                KeSetEnvUser(char const*, char const*)
                0x00000000c003fdf9                KeSetEnvProcess(Process*, char const*, char const*)
                0x00000000c003fe6e                KeDeleteEnvSystem(char const*)
                0x00000000c003fe8e                KeDeleteEnvUser(char const*)
                0x00000000c003feae                KeDeleteEnvProcess(Process*, char const*)
                0x00000000c003ff0c                KeNewProcessEnv(Process*)
                0x00000000c003ff47                KeCopyProcessEnv(Process*, Process*)
                0x00000000c00400e0                KeLoadSystemEnv()
                0x00000000c0040146                KeLoadUserEnv()
                0x00000000c00401a3                KeFlushEnv()
                0x00000000c00401a4                KeGetProcessTotalEnvCount(Process*)
                0x00000000c0040319                KeGetProcessEnvPair(Process*, int)
 .text          0x00000000c0040888      0x193 krnl/inlines.32
                0x00000000c0040888                CPU::current()
                0x00000000c00408d4                operator new(unsigned long)
                0x00000000c00408d9                operator delete(void*)
                0x00000000c00408de                disableIRQs()
                0x00000000c00408e0                enableIRQs()
                0x00000000c00408e2                lockScheduler()
                0x00000000c004090f                unlockScheduler()
                0x00000000c0040940                lockStuff()
                0x00000000c0040990                unlockStuff()
                0x00000000c0040a00                Virt::getAKernelVAS()
                0x00000000c0040a06                __not_memcpy
 .text          0x00000000c0040a1b        0xc krnl/panic.32
                0x00000000c0040a1b                KePanic(char const*)
 .text          0x00000000c0040a27      0x1fd krnl/powctrl.32
                0x00000000c0040a27                KePowerThread(void*)
                0x00000000c0040a8c                KeChangePowerSettings(PowerSettings)
                0x00000000c0040aa2                KeUserIOReceived()
                0x00000000c0040aad                KeHandlePowerButton()
                0x00000000c0040b18                KeHandleSleepButton()
                0x00000000c0040b83                KeSetupPowerManager()
 .text          0x00000000c0040c24       0x9d krnl/random.32
                0x00000000c0040c24                KeRand()
                0x00000000c0040c66                KeSeedRand(unsigned int)
                0x00000000c0040c8f                KeInitRand()
 *fill*         0x00000000c0040cc1        0x3 
 .text          0x00000000c0040cc4      0x1bc krnl/resolve.32
                0x00000000c0040cc4                KeResolveCompatibilitySymbol(char*)
 .text          0x00000000c0040e80      0xe2f krnl/signal.32
                0x00000000c0040e80                KiSigKill(int)
                0x00000000c0040e94                KiDefaultSignalHandlerIgnore(int)
                0x00000000c0040e95                KiDefaultSignalHandlerPause(int)
                0x00000000c0040ec1                KiDefaultSignalHandlerResume(int)
                0x00000000c0040eed                KeDeinitSignals(SigHandlerBlock*)
                0x00000000c0040ef2                KeInitSignals()
                0x00000000c004101c                KeRegisterSignalHandler(SigHandlerBlock*, int, void (*)(int), unsigned int, int)
                0x00000000c0041193                KeRaiseSignal(SigHandlerBlock*, int)
                0x00000000c0041320                KeCheckSignal(SigHandlerBlock*, int*)
                0x00000000c0041926                KiCheckSignalZ
                0x00000000c0041a86                KeCompleteSignal(SigHandlerBlock*, int)
                0x00000000c0041b87                KiFinishSignalZ
 .text          0x00000000c0041caf     0x4829 krnl/syscalls.32
                0x00000000c0041caf                SysSeekDir(regs*)
                0x00000000c0041cb4                SysTellDir(regs*)
                0x00000000c0041cb9                SysTTYName(regs*)
                0x00000000c0041cc1                SysNotImpl(regs*)
                0x00000000c0041cdc                SysVerify(regs*)
                0x00000000c0041d23                SysGetArgc(regs*)
                0x00000000c0041da8                SysFormatDisk(regs*)
                0x00000000c00420dc                SysSetDiskVolumeLabel(regs*)
                0x00000000c00427aa                SysGetDiskVolumeLabel(regs*)
                0x00000000c0042eca                SysShutdown(regs*)
                0x00000000c00430e5                SysRealpath(regs*)
                0x00000000c004327d                SysReadDir(regs*)
                0x00000000c00434ac                SysIsATTY(regs*)
                0x00000000c00436a5                SysSeek(regs*)
                0x00000000c004381b                SysTell(regs*)
                0x00000000c0043a19                SysSize(regs*)
                0x00000000c0043c1c                SysClose(regs*)
                0x00000000c0043dfb                SysCloseDir(regs*)
                0x00000000c0043f76                SysWait(regs*)
                0x00000000c0044008                SysPanic(regs*)
                0x00000000c004405d                SysGetArgv(regs*)
                0x00000000c0044316                SysUSleep(regs*)
                0x00000000c00443b2                SysGetEnv(regs*)
                0x00000000c00445ba                SysGetUnixTime(regs*)
                0x00000000c004462d                SysSizeFromFilename(regs*)
                0x00000000c0044940                SysOpenDir(regs*)
                0x00000000c0044b6a                SysMakeDir(regs*)
                0x00000000c0044d22                SysRmdir(regs*)
                0x00000000c0044edd                SysUnlink(regs*)
                0x00000000c0045098                SysSetFatAttrib(regs*)
                0x00000000c00452e3                SysPipe(regs*)
                0x00000000c00454a0                SysSpawn(regs*)
                0x00000000c0045681                string_ends_with(char const*, char const*)
                0x00000000c0045707                SysOpen(regs*)
                0x00000000c004632e                KeSystemCall(regs*, void*)
 .text          0x00000000c00464d8      0x2cd net/ethernet.32
                0x00000000c00464d8                KeSwitchEndian16(unsigned short)
                0x00000000c004652c                KeSwitchEndian32(unsigned int)
                0x00000000c0046560                EthernetCRC32(unsigned char*, int)
                0x00000000c00466ac                EthernetReceivedPacket(EthernetUnwrappedFrame*, unsigned short)
 .text          0x00000000c00467a5     0x238f reg/cm.32
                0x00000000c00467a5                CmOpen(char const*)
                0x00000000c0046b44                CmClose(Reghive_Tag*)
                0x00000000c0046bb5                CmReadExtent(Reghive_Tag*, int, unsigned char*)
                0x00000000c0046cd0                CmGetString(Reghive_Tag*, int, char*)
                0x00000000c0046e65                CmEnterDirectory(Reghive_Tag*, int)
                0x00000000c0046ea4                CmGetNext(Reghive_Tag*, int)
                0x00000000c0046ed6                CmWriteExtent(Reghive_Tag*, int, unsigned char*)
                0x00000000c0046ff1                CmFreeExtent(Reghive_Tag*, int)
                0x00000000c0047019                CmUpdateHeader(Reghive_Tag*)
                0x00000000c0047089                CmExpand(Reghive_Tag*, int)
                0x00000000c0047206                CmFindUnusedExtent(Reghive_Tag*)
                0x00000000c00473b7                CmCreateExtent(Reghive_Tag*, int, int, unsigned char*)
                0x00000000c00474ab                CmSetString(Reghive_Tag*, int, char const*)
                0x00000000c0047977                CmGetMatch(char*, char*, bool, bool*)
                0x00000000c0047a6b                CmAddShift(unsigned int*, int*, unsigned char, int)
                0x00000000c0047b65                CmGetShift(unsigned int*, int*, int, bool*)
                0x00000000c0047cb1                CmGetInteger(Reghive_Tag*, int, unsigned long long*)
                0x00000000c0047cfd                CmSetInteger(Reghive_Tag*, int, unsigned long long)
                0x00000000c0047d3d                CmConvertFromInternalFilename(unsigned char const*, char*)
                0x00000000c0047f76                CmGetNameAndTypeFromExtent(Reghive_Tag*, int, char*)
                0x00000000c0047fa4                CmConvertToInternalFilename(char const*, unsigned char*)
                0x00000000c004854f                CmCreateString(Reghive_Tag*, int, char const*)
                0x00000000c004859c                CmFindInDirectory(Reghive_Tag*, int, char const*)
                0x00000000c0048616                CmCreateInteger(Reghive_Tag*, int, char const*, unsigned long long, int)
                0x00000000c0048669                CmCreateDirectory(Reghive_Tag*, int, char const*)
                0x00000000c004872d                zStrtok(char*, char const*)
                0x00000000c004890e                CmFindObjectFromPath(Reghive_Tag*, char const*)
                0x00000000c004898f                CmDisplayTree(Reghive_Tag*, int, int)
                0x00000000c0048a6a                CmSplitFinalSlashInPlace(char*)
 .text          0x00000000c0048b34     0x1267 reg/registry.32
                0x00000000c0048b34                Reg::findLineFromLoadedData(char*, char*, char*)
                0x00000000c0048f65                Reg::getLineFromRegistry(char*, char*, char*, char*)
                0x00000000c004930a                Reg::getLine(char*, char*, char*)
                0x00000000c0049341                Reg::readInt(char*, char*, int*)
                0x00000000c0049a01                Reg::readString(char*, char*, char*, int)
                0x00000000c0049c85                Reg::readBool(char*, char*, bool*)
                0x00000000c0049cd0                Reg::readBoolWithDefault(char*, char*, bool)
                0x00000000c0049d17                Reg::readIntWithDefault(char*, char*, int)
                0x00000000c0049d43                Reg::readStringWithDefault(char*, char*, char*, int, char*)
 .text          0x00000000c0049d9b      0x172 sys/eject.32
                0x00000000c0049d9b                SysEject(regs*)
 .text          0x00000000c0049f0d       0x4e sys/exit.32
                0x00000000c0049f0d                SysExit(regs*)
 .text          0x00000000c0049f5b       0x9d sys/getcwd.32
                0x00000000c0049f5b                SysGetCwd(regs*)
 .text          0x00000000c0049ff8       0x57 sys/getpid.32
                0x00000000c0049ff8                SysGetPID(regs*)
 .text          0x00000000c004a04f       0x86 sys/getramdata.32
                0x00000000c004a04f                SysGetRAMData(regs*)
 .text          0x00000000c004a0d5      0x23f sys/getvgaptr.32
                0x00000000c004a0d5                SysGetVGAPtr(regs*)
 .text          0x00000000c004a314      0x330 sys/kill.32
                0x00000000c004a314                SysKill(regs*)
 .text          0x00000000c004a644      0x21f sys/loaddll.32
                0x00000000c004a644                SysLoadDLL(regs*)
 .text          0x00000000c004a863      0x1e6 sys/read.32
                0x00000000c004a863                SysRead(regs*)
 .text          0x00000000c004aa49       0xdc sys/registersignal.32
                0x00000000c004aa49                SysRegisterSignal(regs*)
 .text          0x00000000c004ab25      0x4e1 sys/registry.32
                0x00000000c004ab25                SysRegistryGetTypeFromPath(regs*)
                0x00000000c004ac1c                SysRegistryReadExtent(regs*)
                0x00000000c004ad1a                SysRegistryPathToExtentLookup(regs*)
                0x00000000c004adab                SysRegistryEnterDirectory(regs*)
                0x00000000c004ae3c                SysRegistryGetNext(regs*)
                0x00000000c004aecd                SysRegistryGetNameAndTypeFromExtent(regs*)
                0x00000000c004af6f                SysRegistryOpen(regs*)
                0x00000000c004afb9                SysRegistryClose(regs*)
 .text          0x00000000c004b006      0x18c sys/sbrk.32
                0x00000000c004b006                SysSbrk(regs*)
 .text          0x00000000c004b192       0x80 sys/setcwd.32
                0x00000000c004b192                SysSetCwd(regs*)
 .text          0x00000000c004b212      0x206 sys/settime.32
                0x00000000c004b212                SysSetTime(regs*)
 .text          0x00000000c004b418       0x99 sys/timezone.32
                0x00000000c004b418                SysTimezone(regs*)
 .text          0x00000000c004b4b1      0x1e6 sys/write.32
                0x00000000c004b4b1                SysWrite(regs*)
 .text          0x00000000c004b697      0x166 sys/wsbe.32
                0x00000000c004b697                SysWsbe(regs*)
 .text          0x00000000c004b7fd       0x5e sys/yield.32
                0x00000000c004b7fd                SysYield(regs*)
 .text          0x00000000c004b85b     0x46e7 thr/elf.32
                0x00000000c004b85b                Thr::allocateMemoryForTask(Process*, File*, unsigned long, unsigned long, unsigned long)
                0x00000000c004bf39                Thr::loadProgramIntoMemory(Process*, char const*)
                0x00000000c004c79e                Thr::runtimeReferenceHelper()
                0x00000000c004c7b1                Thr::getAddressOfKernelSymbol(char const*)
                0x00000000c004ca52                Thr::loadKernelSymbolTable(char const*)
                0x00000000c004d4dc                Thr::loadDriverIntoMemory(char const*, unsigned long, bool)
                0x00000000c004f576                Thr::getDriverBaseFromAddress(unsigned long)
                0x00000000c004f781                Thr::getDriverNameFromAddress(unsigned long)
                0x00000000c004f987                Thr::getDriverOffsetFromAddress(unsigned long)
                0x00000000c004f9a9                Thr::loadDLL(char const*, bool)
                0x00000000c004ff09                Thr::executeDLL(unsigned long, void*)
 *fill*         0x00000000c004ff42        0x2 
 .text          0x00000000c004ff44     0x4ced thr/prcssthr.32
                0x00000000c004ff44                userModeEntryPoint(void*)
                0x00000000c005000c                changeTSS
                0x00000000c0050148                switchToThread(ThreadControlBlock*)
                0x00000000c0050334                Process::addArgs(char**)
                0x00000000c0050740                Process::Process(char const*, Process*, char**)
                0x00000000c0050740                Process::Process(char const*, Process*, char**)
                0x00000000c0050fac                Process::Process(bool, char const*, Process*, char**)
                0x00000000c0050fac                Process::Process(bool, char const*, Process*, char**)
                0x00000000c00517a0                taskStartupFunction
                0x00000000c00517e8                Semaphore::Semaphore(int)
                0x00000000c00517e8                Semaphore::Semaphore(int)
                0x00000000c0051950                Mutex::Mutex()
                0x00000000c0051950                Mutex::Mutex()
                0x00000000c00519e0                Process::createThread(void (*)(void*), void*, int)
                0x00000000c0052068                Process::createUserThread()
                0x00000000c00520a0                setupMultitasking(void (*)())
                0x00000000c00522bc                schedule()
                0x00000000c00523c8                Semaphore::tryAcquire()
                0x00000000c0052670                Semaphore::assertLocked(char const*)
                0x00000000c00527e4                blockTaskWithSchedulerLockAlreadyHeld(TaskState)
                0x00000000c0052864                blockTask(TaskState)
                0x00000000c0052910                waitTask(int, int*, int)
                0x00000000c0052ab8                milliTenthSleepUntil(unsigned int)
                0x00000000c0052c28                milliTenthSleep(unsigned int)
                0x00000000c0052c3c                sleep(unsigned int)
                0x00000000c0052c58                Semaphore::acquire()
                0x00000000c0052fe8                taskReturned
                0x00000000c0053070                Thr::processFromPID(int)
                0x00000000c00531f4                unblockTask(ThreadControlBlock*)
                0x00000000c0053348                cleanupTerminatedTask(ThreadControlBlock*)
                0x00000000c0054384                cleanerTaskFunction(void*)
                0x00000000c00545e0                terminateTask(int)
                0x00000000c00548c8                Thr::terminateFromIRQ(int)
                0x00000000c00548d8                Semaphore::release()
 .text          0x00000000c0054c31     0x2efa vm86/vm8086.32
                0x00000000c0054c31                Vm::inbv(unsigned short)
                0x00000000c0054c44                Vm::outbv(unsigned short, unsigned char)
                0x00000000c0054d0b                Vm::realToLinear(unsigned short, unsigned short)
                0x00000000c0054d1b                Vm::getSegment(unsigned int)
                0x00000000c0054d23                Vm::getOffset(unsigned int)
                0x00000000c0054d28                Vm::mainloop2()
                0x00000000c0054db5                Vm::mainVm8086Loop(void*)
                0x00000000c0054dea                Vm::mainloop3(unsigned long)
                0x00000000c0054e36                Vm::initialise8086()
                0x00000000c0054ee0                Vm::finish8086()
                0x00000000c0054fa5                Vm::getOutput8086(unsigned char*)
                0x00000000c0054fca                Vm::start8086FromBuffer(unsigned char*, int, unsigned short, unsigned short, unsigned short, unsigned short)
                0x00000000c005518b                Vm::start8086(char const*, unsigned short, unsigned short, unsigned short, unsigned short)
                0x00000000c0055560                Vm::doISR(regs*, int, unsigned char*, unsigned short, unsigned short)
                0x00000000c00558a8                Vm::readByteFromReal(unsigned short, unsigned short)
                0x00000000c00558d5                Vm::readWordFromReal(unsigned short, unsigned short)
                0x00000000c0055907                Vm::readDwordFromReal(unsigned short, unsigned short)
                0x00000000c0055938                Vm::writeByteFromReal(unsigned short, unsigned short, unsigned char)
                0x00000000c0055969                Vm::writeWordFromReal(unsigned short, unsigned short, unsigned short)
                0x00000000c005599d                Vm::writeDwordFromReal(unsigned short, unsigned short, unsigned int)
                0x00000000c00559d2                Vm::faultHandler(regs*)
 .text          0x00000000c0057b2b     0x20ed arch/i386/hal.32
                0x00000000c0057b2b                noCopro(unsigned long)
                0x00000000c0057b2c                nmiHandler(regs*, void*)
                0x00000000c0057b66                doubleFault(regs*, void*)
                0x00000000c0057b7f                displayDebugInfo(regs*)
                0x00000000c0058b44                HalSystemIdle()
                0x00000000c0058c85                displayProgramFault(char const*)
                0x00000000c0058e05                gpFault(regs*, void*)
                0x00000000c0058e6c                pgFault(regs*, void*)
                0x00000000c0058fe1                otherISRHandler(regs*, void*)
                0x00000000c0059015                opcodeFault(regs*, void*)
                0x00000000c00591ec                i386SaveCoprocessor(void*)
                0x00000000c0059200                i386LoadCoprocessor(void*)
                0x00000000c0059214                x87EmulHandler(regs*, void*)
                0x00000000c0059359                HalInitialiseCoprocessor()
                0x00000000c0059462                HalPanic(char const*)
                0x00000000c00596e5                HalQueryPerformanceCounter()
                0x00000000c0059777                HalInitialise()
                0x00000000c0059b49                HalMakeBeep(int)
                0x00000000c0059b83                HalGetRand()
                0x00000000c0059b86                HalEndOfInterrupt(int)
                0x00000000c0059c15                HalRestart()
                0x00000000c0059c16                HalShutdown()
                0x00000000c0059c17                HalSleep()
 .text          0x00000000c0059c18      0x30c arch/i386/pic.32
                0x00000000c0059c18                picIoWait()
                0x00000000c0059c20                picDisable()
                0x00000000c0059c54                picGetIRQReg(int)
                0x00000000c0059cfc                picOpen()
                0x00000000c0059e80                picEOI(int)
 .text          0x00000000c0059f24      0xdd9 arch/i386/rtc.32
                0x00000000c0059f24                RTC::open(int, int, void*)
                0x00000000c0059f28                RTC::close(int, int, void*)
                0x00000000c0059f2c                RTC::~RTC()
                0x00000000c0059f2c                RTC::~RTC()
                0x00000000c0059ffc                RTC::~RTC()
                0x00000000c005a026                RTC::timeInSecondsUTC()
                0x00000000c005a076                RTC::timeInDatetimeUTC()
                0x00000000c005a10c                RTC::setTimeInSecondsUTC(unsigned long long)
                0x00000000c005a1ba                RTC::get_update_in_progress_flag()
                0x00000000c005a1f2                RTC::completeRTCRefresh()
                0x00000000c005a6c0                RTC::setTimeInDatetimeUTC(datetime_t)
                0x00000000c005a99c                rtcIRQHandler(regs*, void*)
                0x00000000c005aa7a                RTC::RTC()
                0x00000000c005aa7a                RTC::RTC()
 *fill*         0x00000000c005acfd        0x3 
 .text          0x00000000c005ad00      0x590 arch/i386/vga.32
                0x00000000c005ad00                HalConsoleScroll(int, int)
                0x00000000c005b0ac                HalConsoleWriteCharacter(char, int, int, int, int)
                0x00000000c005b208                HalConsoleCursorUpdate(int, int)
 .text          0x00000000c005b290     0x30f7 fs/fat/vfslink.32
                0x00000000c005b290                FAT::getName()
                0x00000000c005b298                FAT::tell(void*, unsigned long long*)
                0x00000000c005b35c                FAT::stat(void*, unsigned long long*)
                0x00000000c005b420                FAT::~FAT()
                0x00000000c005b420                FAT::~FAT()
                0x00000000c005b504                FAT::~FAT()
                0x00000000c005b52c                FAT::getlabel(LogicalDisk*, int, char*, unsigned int*)
                0x00000000c005b8b0                FAT::setlabel(LogicalDisk*, int, char*)
                0x00000000c005bc50                FAT::format(LogicalDisk*, int, char const*, int)
                0x00000000c005c118                FAT::tryMount(LogicalDisk*, int)
                0x00000000c005c600                FAT::allocateSwapfile(char const*, int)
                0x00000000c005cb20                FAT::readDir(void*, unsigned long, void*, int*)
                0x00000000c005ccc0                FAT::read(void*, unsigned long, void*, int*)
                0x00000000c005cd50                FAT::write(void*, unsigned long, void*, int*)
                0x00000000c005cde0                FAT::close(void*)
                0x00000000c005ce34                FAT::closeDir(void*)
                0x00000000c005ce88                FAT::seek(void*, unsigned long long)
                0x00000000c005cee0                fatWrapperReadDisk
                0x00000000c005cfe8                fatWrapperWriteDisk
                0x00000000c005d0f0                fatWrapperIoctl
                0x00000000c005d670                FAT::FAT()
                0x00000000c005d670                FAT::FAT()
                0x00000000c005d838                FAT::fixFilepath(char*)
                0x00000000c005d9cc                FAT::open(char const*, void**, FileOpenMode)
                0x00000000c005dbc8                FAT::openDir(char const*, void**)
                0x00000000c005dd04                FAT::stat(char const*, unsigned long long*, bool*)
                0x00000000c005de80                FAT::unlink(char const*)
                0x00000000c005df30                FAT::chfatattr(char const*, unsigned char, unsigned char)
                0x00000000c005e110                FAT::rename(char const*, char const*)
                0x00000000c005e238                FAT::mkdir(char const*)
                0x00000000c005e2e8                FAT::exists(char const*)
 *fill*         0x00000000c005e387        0x1 
 .text          0x00000000c005e388      0x198 fs/iso9660/helper.32
                0x00000000c005e388                isoReadDiscSectorHelper
                0x00000000c005e4e8                iso_kprintf
                0x00000000c005e504                iso_kprintfd
 .text          0x00000000c005e520     0x14a6 fs/iso9660/vfslink.32
                0x00000000c005e520                ISO9660::format(LogicalDisk*, int, char const*, int)
                0x00000000c005e526                ISO9660::getName()
                0x00000000c005e52c                ISO9660::chfatattr(char const*, unsigned char, unsigned char)
                0x00000000c005e532                ISO9660::unlink(char const*)
                0x00000000c005e538                ISO9660::write(void*, unsigned long, void*, int*)
                0x00000000c005e53e                ISO9660::rename(char const*, char const*)
                0x00000000c005e544                ISO9660::mkdir(char const*)
                0x00000000c005e54a                ISO9660::~ISO9660()
                0x00000000c005e54a                ISO9660::~ISO9660()
                0x00000000c005e61a                ISO9660::~ISO9660()
                0x00000000c005e642                ISO9660::exists(char const*)
                0x00000000c005e656                ISO9660::seek(void*, unsigned long long)
                0x00000000c005e698                ISO9660::close(void*)
                0x00000000c005e6c8                ISO9660::closeDir(void*)
                0x00000000c005e754                ISO9660::read(void*, unsigned long, void*, int*)
                0x00000000c005e7b6                ISO9660::tell(void*, unsigned long long*)
                0x00000000c005e81e                ISO9660::stat(void*, unsigned long long*)
                0x00000000c005e88a                ISO9660::readDir(void*, unsigned long, void*, int*)
                0x00000000c005eade                ISO9660::open(char const*, void**, FileOpenMode)
                0x00000000c005eea6                ISO9660::stat(char const*, unsigned long long*, bool*)
                0x00000000c005f2e6                ISO9660::openDir(char const*, void**)
                0x00000000c005f74a                readSectorFromCDROM(unsigned int, unsigned char*, char)
                0x00000000c005f86a                ISO9660::tryMount(LogicalDisk*, int)
                0x00000000c005f8f2                ISO9660::ISO9660()
                0x00000000c005f8f2                ISO9660::ISO9660()
 .text          0x00000000c005f9c6      0xb96 hal/sound/sndcard.32
                0x00000000c005f9c6                SoundCard::beginPlayback()
                0x00000000c005f9d4                SoundCard::stopPlayback()
                0x00000000c005f9e2                SoundCard::SoundCard(char const*)
                0x00000000c005f9e2                SoundCard::SoundCard(char const*)
                0x00000000c005fd6a                SoundCard::~SoundCard()
                0x00000000c005fd6a                SoundCard::~SoundCard()
                0x00000000c005fe3a                SoundCard::~SoundCard()
                0x00000000c005fe64                SoundCard::configureRates(int, int, int)
                0x00000000c005ff62                SoundCard::getSamples16(int, short*)
                0x00000000c006010a                SoundCard::getSamples32(int, int*)
                0x00000000c0060422                SoundCard::addChannel(SoundPort*)
                0x00000000c00604ec                SoundCard::removeChannel(int)
 .text          0x00000000c006055c     0x1c81 hal/sound/sndport.32
                0x00000000c006055c                SoundPort::SoundPort(int, int, int, int)
                0x00000000c006055c                SoundPort::SoundPort(int, int, int, int)
                0x00000000c00608f8                SoundPort::~SoundPort()
                0x00000000c00608f8                SoundPort::~SoundPort()
                0x00000000c0060a40                SoundPort::unpause()
                0x00000000c0060a90                SoundPort::pause()
                0x00000000c0060ae0                SoundPort::getBufferUsed()
                0x00000000c0060b2c                SoundPort::getBufferSize()
                0x00000000c0060b78                SoundPort::buffer16(short*, int)
                0x00000000c00610e8                SoundPort::buffer32(int*, int)
                0x00000000c0061648                SoundPort::unbufferAndAdd16(int, short*, SoundCard*)
                0x00000000c0061ba0                SoundPort::unbufferAndAdd32(int, int*, SoundCard*)
 .text          0x00000000c00621dd        0x0 hw/bus/isa.32
 *fill*         0x00000000c00621dd        0x1 
 .text          0x00000000c00621de     0x243f hw/bus/pci.32
                0x00000000c00621de                PCI::close(int, int, void*)
                0x00000000c00621e2                PCI::open(int, int, void*)
                0x00000000c00622a2                PCI::PCI()
                0x00000000c00622a2                PCI::PCI()
                0x00000000c0062674                PCI::readBAR8(unsigned int, int)
                0x00000000c00626ae                PCI::readBAR16(unsigned int, int)
                0x00000000c00626ee                PCI::readBAR32(unsigned int, int)
                0x00000000c006272c                PCI::writeBAR8(unsigned int, unsigned char, int)
                0x00000000c0062770                PCI::writeBAR16(unsigned int, unsigned short, int)
                0x00000000c00627b2                PCI::writeBAR32(unsigned int, unsigned int, int)
                0x00000000c00627f6                PCI::legacyMechanism(unsigned char, unsigned char, unsigned char, unsigned char)
                0x00000000c006286c                PCI::pciReadWord(unsigned char, unsigned char, unsigned char, unsigned char)
                0x00000000c00629a4                PCI::getVendorID(unsigned char, unsigned char, unsigned char)
                0x00000000c00629fa                PCI::getHeaderType(unsigned char, unsigned char, unsigned char)
                0x00000000c0062a52                PCI::getClassCode(unsigned char, unsigned char, unsigned char)
                0x00000000c0062ae6                PCI::getProgIF(unsigned char, unsigned char, unsigned char)
                0x00000000c0062b3e                PCI::getRevisionID(unsigned char, unsigned char, unsigned char)
                0x00000000c0062b94                PCI::getInterruptNumber(unsigned char, unsigned char, unsigned char)
                0x00000000c0062bea                PCI::getSecondaryBus(unsigned char, unsigned char, unsigned char)
                0x00000000c0062c42                PCI::getBARAddress(unsigned char, unsigned char, unsigned char, unsigned char)
                0x00000000c0062cf4                PCI::pciWriteWord(unsigned char, unsigned char, unsigned char, unsigned char, unsigned short)
                0x00000000c0062e60                PCI::pciDetailsToFilepath(PCIDeviceInfo, char*)
                0x00000000c0063906                PCI::checkBus(unsigned char)
                0x00000000c0063946                PCI::foundDevice(PCIDeviceInfo)
                0x00000000c0063ee4                PCI::getDeviceData(unsigned char, unsigned char, unsigned char)
                0x00000000c0064462                PCI::checkDevice(unsigned char, unsigned char)
                0x00000000c006455c                PCI::detect()
 *fill*         0x00000000c006461d        0x1 
 .text          0x00000000c006461e     0x33da hw/diskctrl/ide.32
                0x00000000c006461e                IDE::close(int, int, void*)
                0x00000000c0064622                IDE::IDE()
                0x00000000c0064622                IDE::IDE()
                0x00000000c006474a                IDE::prepareInterrupt(unsigned char)
                0x00000000c00647ab                selectDrive(unsigned char, unsigned char)
                0x00000000c00647ac                IDE::getBase(unsigned char)
                0x00000000c006480e                IDE::write(unsigned char, unsigned char, unsigned char)
                0x00000000c0064ae4                IDE::read(unsigned char, unsigned char)
                0x00000000c0064dac                IDE::waitInterrupt(unsigned char)
                0x00000000c0064ed1                ideChannel0IRQHandler(regs*, void*)
                0x00000000c0064f40                ideChannel1IRQHandler(regs*, void*)
                0x00000000c0064fb0                IDE::enableIRQs(unsigned char, bool)
                0x00000000c00650c6                IDE::open(int, int, void*)
                0x00000000c006675c                IDE::readBuffer(unsigned char, unsigned char, unsigned int, unsigned int)
                0x00000000c0066a4e                IDE::detect()
                0x00000000c0067842                IDE::printError(unsigned char, unsigned char, unsigned char)
                0x00000000c0067972                IDE::polling(unsigned char, unsigned int)
 .text          0x00000000c00679f8      0xf7b hw/diskctrl/satabus.32
                0x00000000c00679f8                SATABus::close(int, int, void*)
                0x00000000c00679fc                SATABus::detect()
                0x00000000c00679fe                SATABus::SATABus()
                0x00000000c00679fe                SATABus::SATABus()
                0x00000000c0067c74                SATABus::findCmdslot(SATABus::tagHBA_PORT volatile*)
                0x00000000c0067d68                SATABus::checkType(SATABus::tagHBA_PORT volatile*)
                0x00000000c0067e02                SATABus::startCmd(SATABus::tagHBA_PORT volatile*)
                0x00000000c0067e8e                SATABus::stopCmd(SATABus::tagHBA_PORT volatile*)
                0x00000000c0067f3c                SATABus::portRebase(SATABus::tagHBA_PORT volatile*, int)
                0x00000000c0068574                SATABus::probePort(SATABus::tagHBA_MEM volatile*)
                0x00000000c00688c8                SATABus::open(int, int, void*)
 *fill*         0x00000000c0068973        0x1 
 .text          0x00000000c0068974     0x195e hw/diskphys/ata.32
                0x00000000c0068974                ATA::powerSaving(PowerSavingLevel)
                0x00000000c0068976                ATA::close(int, int, void*)
                0x00000000c0068a1a                ATA::ATA()
                0x00000000c0068a1a                ATA::ATA()
                0x00000000c0068af4                ATA::flush(bool)
                0x00000000c0068c22                ATA::readyForCommand()
                0x00000000c0068d1a                ATA::access(unsigned long long, int, void*, bool)
                0x00000000c00698c4                ATA::detectCHS()
                0x00000000c00699be                ATA::open(int, int, void*)
                0x00000000c0069ec5                combineCharAndColour(char, unsigned char)
                0x00000000c0069ed6                combineColours(unsigned char, unsigned char)
                0x00000000c0069ee4                ATA::read(unsigned long long, int, void*)
                0x00000000c006a0da                ATA::write(unsigned long long, int, void*)
 .text          0x00000000c006a2d2     0x1731 hw/diskphys/atapi.32
                0x00000000c006a2d2                ATAPI::write(unsigned long long, int, void*)
                0x00000000c006a2d8                ATAPI::close(int, int, void*)
                0x00000000c006a37c                ATAPI::ATAPI()
                0x00000000c006a37c                ATAPI::ATAPI()
                0x00000000c006a456                ATAPI::readyForCommand()
                0x00000000c006a554                ATAPI::sendPacket(unsigned char*, int, bool, unsigned short*, int)
                0x00000000c006b030                ATAPI::diskRemoved()
                0x00000000c006b166                ATAPI::eject()
                0x00000000c006b1e2                ATAPI::diskInserted()
                0x00000000c006b22e                ATAPI::detectMedia()
                0x00000000c006b424                ATAPI::open(int, int, void*)
                0x00000000c006b8c6                ATAPI::read(unsigned long long, int, void*)
 *fill*         0x00000000c006ba03        0x1 
 .text          0x00000000c006ba04     0x131b hw/diskphys/sata.32
                0x00000000c006ba04                SATA::powerSaving(PowerSavingLevel)
                0x00000000c006ba06                SATA::close(int, int, void*)
                0x00000000c006baaa                SATA::open(int, int, void*)
                0x00000000c006bd04                SATA::SATA()
                0x00000000c006bd04                SATA::SATA()
                0x00000000c006bdde                SATA::access(unsigned long long, int, void*, bool)
                0x00000000c006c7ee                SATA::read(unsigned long long, int, void*)
                0x00000000c006ca6a                SATA::write(unsigned long long, int, void*)
 *fill*         0x00000000c006cd1f        0x1 
 .text          0x00000000c006cd20     0x16c5 hw/diskphys/satapi.32
                0x00000000c006cd20                SATAPI::write(unsigned long long, int, void*)
                0x00000000c006cd26                SATAPI::close(int, int, void*)
                0x00000000c006cdca                SATAPI::SATAPI()
                0x00000000c006cdca                SATAPI::SATAPI()
                0x00000000c006cea4                SATAPI::diskRemoved()
                0x00000000c006cea6                SATAPI::diskInserted()
                0x00000000c006cefe                SATAPI::sendPacket(unsigned char*, int, unsigned long long, unsigned short*, int)
                0x00000000c006da9a                SATAPI::eject()
                0x00000000c006db52                SATAPI::detectMedia()
                0x00000000c006ddf2                SATAPI::open(int, int, void*)
                0x00000000c006e15a                SATAPI::read(unsigned long long, int, void*)
 *fill*         0x00000000c006e3e5        0x1 
 .text          0x00000000c006e3e6     0x128b hw/intctrl/apic.32
                0x00000000c006e3e6                IOAPIC::close(int, int, void*)
                0x00000000c006e3ec                apicGetBase()
                0x00000000c006e49a                IOAPIC::IOAPIC()
                0x00000000c006e49a                IOAPIC::IOAPIC()
                0x00000000c006e56e                apicOpen()
                0x00000000c006eb66                IOAPIC::handlesGSIWithNumber(unsigned int)
                0x00000000c006ec78                IOAPIC::read(int)
                0x00000000c006ed4c                IOAPIC::open(int, int, void*)
                0x00000000c006f378                IOAPIC::write(int, int)
                0x00000000c006f454                IOAPIC::redirect(unsigned char, unsigned long long, unsigned char, bool, bool)
 *fill*         0x00000000c006f671        0x3 
 .text          0x00000000c006f674      0x45c hw/timer/apictimer.32
                0x00000000c006f674                APICTimer::close(int, int, void*)
                0x00000000c006f67c                apicTimerHandler(regs*, void*)
                0x00000000c006f6e8                APICTimer::open(int, int, void*)
                0x00000000c006f970                APICTimer::write(int)
                0x00000000c006f9e8                APICTimer::APICTimer()
                0x00000000c006f9e8                APICTimer::APICTimer()
 .text          0x00000000c006fad0      0x741 hw/timer/pit.32
                0x00000000c006fad0                PIT::write(int)
                0x00000000c006fbcc                pitHandler(regs*, void*)
                0x00000000c006fc1c                PIT::open(int, int, void*)
                0x00000000c006fd94                PIT::close(int, int, void*)
                0x00000000c006fe60                PIT::PIT()
                0x00000000c006fe60                PIT::PIT()
 *fill*         0x00000000c0070211        0xf 
 .text          0x00000000c0070220       0x83 arch/i386/avx.32
                0x00000000c0070220                avxDetect
                0x00000000c007024a                avxSave
                0x00000000c007025b                avxLoad
                0x00000000c007026c                avxInit
                0x00000000c007028e                avxClose
                0x00000000c007028f                wouldSheSayYes
 *fill*         0x00000000c00702a3        0xd 
 .text          0x00000000c00702b0      0x2ec arch/i386/interrupt.32
                0x00000000c00702b0                isr0
                0x00000000c00702c0                isr1
                0x00000000c00702ca                isr2
                0x00000000c00702d4                isr3
                0x00000000c00702de                isr4
                0x00000000c00702e8                isr5
                0x00000000c00702f2                isr6
                0x00000000c00702fc                isr7
                0x00000000c0070306                isr8
                0x00000000c007030e                isr9
                0x00000000c0070318                isr10
                0x00000000c0070320                isr11
                0x00000000c0070328                isr12
                0x00000000c0070330                isr13
                0x00000000c007034a                isr14
                0x00000000c0070352                isr15
                0x00000000c007035c                isr16
                0x00000000c0070366                isr17
                0x00000000c0070370                isr18
                0x00000000c007037a                irq3
                0x00000000c0070384                irq4
                0x00000000c007038e                irq5
                0x00000000c0070398                irq6
                0x00000000c00703a2                irq7
                0x00000000c00703ac                irq8
                0x00000000c00703b6                irq9
                0x00000000c00703c0                irq10
                0x00000000c00703ca                irq11
                0x00000000c00703d4                irq12
                0x00000000c00703de                irq13
                0x00000000c00703e8                irq14
                0x00000000c00703f2                irq15
                0x00000000c00703fc                irq1
                0x00000000c0070403                irq2
                0x00000000c007040a                isr96
                0x00000000c0070411                irq0
                0x00000000c0070416                int_common_stub
                0x00000000c0070448                syscall_common_stub
                0x00000000c007054c                irq16
                0x00000000c0070556                irq17
                0x00000000c0070560                irq18
                0x00000000c007056a                irq19
                0x00000000c0070574                irq20
                0x00000000c007057e                irq21
                0x00000000c0070588                irq22
                0x00000000c0070592                irq23
 *fill*         0x00000000c007059c        0x4 
 .text          0x00000000c00705a0       0x10 arch/i386/rdrand.32
                0x00000000c00705a0                i386GetRDRAND
 .text          0x00000000c00705b0       0x39 arch/i386/sse.32
                0x00000000c00705b0                absolutelyNoChanceInHell
                0x00000000c00705b0                sseDetect
                0x00000000c00705c8                sseSave
                0x00000000c00705d0                sseLoad
                0x00000000c00705d8                sseInit
                0x00000000c00705e8                sseClose
 *fill*         0x00000000c00705e9        0x7 
 .text          0x00000000c00705f0       0x49 arch/i386/x87.32
                0x00000000c00705f6                x87Detect
                0x00000000c0070611                x87Save
                0x00000000c0070618                x87Load
                0x00000000c007061f                x87Init
                0x00000000c0070638                x87Close
 *fill*         0x00000000c0070639        0x3 
 .text          0x00000000c007063c       0x25 /cygdrive/d/Users/Alex/Desktop/Toolchain/Output/bin/../lib/gcc/i386-banana/8.1.0/crtend.o
 .text          0x00000000c0070661        0x0 crtn.32
 *fill*         0x00000000c0070661        0x3 