Archive member included to satisfy reference by file (symbol)

/cygdrive/d/Users/Alex/Desktop/Toolchain/Output/bin/../lib/gcc/i386-banana/8.1.0/libkgcc.a(_divdi3.o)
                              fs/fat/ff.32 (__divdi3)
/cygdrive/d/Users/Alex/Desktop/Toolchain/Output/bin/../lib/gcc/i386-banana/8.1.0/libkgcc.a(_moddi3.o)
                              compat/resolve.32 (__moddi3)
/cygdrive/d/Users/Alex/Desktop/Toolchain/Output/bin/../lib/gcc/i386-banana/8.1.0/libkgcc.a(_udivdi3.o)
                              fs/fat/ff.32 (__udivdi3)
/cygdrive/d/Users/Alex/Desktop/Toolchain/Output/bin/../lib/gcc/i386-banana/8.1.0/libkgcc.a(_umoddi3.o)
                              compat/resolve.32 (__umoddi3)

Discarded input sections

 .comment       0x0000000000000000       0x12 /cygdrive/d/Users/Alex/Desktop/Toolchain/Output/bin/../lib/gcc/i386-banana/8.1.0/crtbegin.o
 .comment       0x0000000000000000       0x12 acpica/utclib.32
 .comment       0x0000000000000000       0x12 core/malloc.32
 .comment       0x0000000000000000       0x12 libk/string.32
 .comment       0x0000000000000000       0x12 fs/fat/diskio.32
 .comment       0x0000000000000000       0x12 fs/fat/ff.32
 .comment       0x0000000000000000       0x12 fs/fat/ffsystem.32
 .comment       0x0000000000000000       0x12 fs/fat/ffunicode.32
 .comment       0x0000000000000000       0x12 compat/inlines.32
 .comment       0x0000000000000000       0x12 compat/resolve.32
 .group         0x0000000000000000       0x14 core/computer.32
 .group         0x0000000000000000        0xc core/computer.32
 .comment       0x0000000000000000       0x12 core/computer.32
 .comment       0x0000000000000000       0x12 core/gdt.32
 .group         0x0000000000000000        0xc core/idle.32
 .comment       0x0000000000000000       0x12 core/idle.32
 .comment       0x0000000000000000       0x12 core/idt.32
 .comment       0x0000000000000000       0x12 core/kheap.32
 .comment       0x0000000000000000       0x12 core/main.32
 .comment       0x0000000000000000       0x12 core/physmgr.32
 .group         0x0000000000000000        0xc core/pipe.32
 .comment       0x0000000000000000       0x12 core/pipe.32
 .group         0x0000000000000000        0xc core/terminal.32
 .comment       0x0000000000000000       0x12 core/terminal.32
 .comment       0x0000000000000000       0x12 core/tss.32
 .group         0x0000000000000000        0x8 core/unixfile.32
 .group         0x0000000000000000        0x8 core/unixfile.32
 .group         0x0000000000000000        0xc core/unixfile.32
 .group         0x0000000000000000        0x8 core/unixfile.32
 .group         0x0000000000000000        0xc core/unixfile.32
 .group         0x0000000000000000        0x8 core/unixfile.32
 .group         0x0000000000000000        0xc core/unixfile.32
 .group         0x0000000000000000        0xc core/unixfile.32
 .comment       0x0000000000000000       0x12 core/unixfile.32
 .comment       0x0000000000000000       0x12 core/virtmgr.32
 .comment       0x0000000000000000       0x12 coreobjs/c++.32
 .comment       0x0000000000000000       0x12 dbg/kconsole.32
 .group         0x0000000000000000        0xc fs/vfs.32
 .group         0x0000000000000000        0xc fs/vfs.32
 .group         0x0000000000000000        0xc fs/vfs.32
 .comment       0x0000000000000000       0x12 fs/vfs.32
 .group         0x0000000000000000        0xc hal/bus.32
 .comment       0x0000000000000000       0x12 hal/bus.32
 .group         0x0000000000000000        0xc hal/buzzer.32
 .comment       0x0000000000000000       0x12 hal/buzzer.32
 .group         0x0000000000000000        0xc hal/clock.32
 .comment       0x0000000000000000       0x12 hal/clock.32
 .group         0x0000000000000000       0x14 hal/device.32
 .group         0x0000000000000000        0xc hal/device.32
 .group         0x0000000000000000        0x8 hal/device.32
 .group         0x0000000000000000        0xc hal/device.32
 .group         0x0000000000000000        0xc hal/device.32
 .comment       0x0000000000000000       0x12 hal/device.32
 .group         0x0000000000000000        0xc hal/diskctrl.32
 .comment       0x0000000000000000       0x12 hal/diskctrl.32
 .group         0x0000000000000000        0xc hal/diskphys.32
 .comment       0x0000000000000000       0x12 hal/diskphys.32
 .group         0x0000000000000000        0xc hal/fpu.32
 .comment       0x0000000000000000       0x12 hal/fpu.32
 .group         0x0000000000000000        0xc hal/intctrl.32
 .comment       0x0000000000000000       0x12 hal/intctrl.32
 .group         0x0000000000000000        0xc hal/keybrd.32
 .comment       0x0000000000000000       0x12 hal/keybrd.32
 .group         0x0000000000000000        0xc hal/logidisk.32
 .comment       0x0000000000000000       0x12 hal/logidisk.32
 .group         0x0000000000000000        0xc hal/mouse.32
 .comment       0x0000000000000000       0x12 hal/mouse.32
 .comment       0x0000000000000000       0x12 hal/partition.32
 .group         0x0000000000000000        0xc hal/serial.32
[...]
Memory Configuration

Name             Origin             Length             Attributes
*default*        0x0000000000000000 0xffffffffffffffff

Linker script and memory map

LOAD D:/Users/Alex/Desktop/Banana/kernel/boot.32
LOAD crti.32
LOAD /cygdrive/d/Users/Alex/Desktop/Toolchain/Output/bin/../lib/gcc/i386-banana/8.1.0/crtbegin.o
LOAD D:/Users/Alex/Desktop/Banana/kernel/morenasm.32
LOAD acpica/utclib.32
LOAD core/malloc.32
LOAD libk/string.32
LOAD fs/fat/diskio.32
LOAD fs/fat/ff.32
LOAD fs/fat/ffsystem.32
LOAD fs/fat/ffunicode.32
LOAD compat/inlines.32
LOAD compat/resolve.32
LOAD core/computer.32
LOAD core/gdt.32
LOAD core/idle.32
LOAD core/idt.32
LOAD core/kheap.32
LOAD core/main.32
LOAD core/physmgr.32
LOAD core/pipe.32
LOAD core/terminal.32
LOAD core/tss.32
LOAD core/unixfile.32
LOAD core/virtmgr.32
LOAD coreobjs/c++.32
LOAD dbg/kconsole.32
LOAD fs/vfs.32
LOAD hal/bus.32
LOAD hal/buzzer.32
LOAD hal/clock.32
LOAD hal/device.32
LOAD hal/diskctrl.32
LOAD hal/diskphys.32
LOAD hal/fpu.32
LOAD hal/intctrl.32
LOAD hal/keybrd.32
LOAD hal/logidisk.32
LOAD hal/mouse.32
LOAD hal/partition.32
LOAD hal/serial.32
LOAD hal/timer.32
LOAD hal/vcache.32
LOAD hal/video.32
LOAD hw/acpi.32
LOAD hw/cpu.32
LOAD hw/ports.32
LOAD hw/smp.32
LOAD krnl/env.32
LOAD krnl/panic.32
LOAD krnl/powctrl.32
LOAD net/ethernet.32
LOAD reg/registry.32
LOAD sys/sc_eject.32
LOAD sys/sc_exit.32
LOAD sys/sc_getcwd.32
LOAD sys/sc_getpid.32
LOAD sys/sc_getramdata.32
LOAD sys/sc_getvgaptr.32
LOAD sys/sc_loaddll.32
LOAD sys/sc_read.32
LOAD sys/sc_sbrk.32
LOAD sys/sc_setcwd.32
LOAD sys/sc_settime.32
LOAD sys/sc_timezone.32
LOAD sys/sc_write.32
LOAD sys/sc_wsbe.32
LOAD sys/sc_yield.32
LOAD sys/syscalls.32
LOAD thr/elf.32
LOAD thr/prcssthr.32
LOAD vm86/vm8086.32
LOAD vm86/x87em.32
LOAD fs/fat/vfslink.32
LOAD fs/iso9660/vfslink.32
LOAD hal/sound/sndcard.32
LOAD hal/sound/sndport.32
LOAD hw/bus/isa.32
LOAD hw/bus/pci.32
LOAD hw/diskctrl/ide.32
LOAD hw/diskctrl/satabus.32
LOAD hw/diskphys/ata.32
LOAD hw/diskphys/atapi.32
LOAD hw/diskphys/sata.32
LOAD hw/diskphys/satapi.32
LOAD hw/fpu/avx.32
LOAD hw/fpu/mmx.32
LOAD hw/fpu/sse.32
LOAD hw/fpu/x87.32
LOAD hw/intctrl/apic.32
LOAD hw/intctrl/pic.32
LOAD hw/timer/apictimer.32
LOAD hw/timer/pit.32
LOAD hw/fpu/x86/avx.32
LOAD hw/fpu/x86/sse.32
LOAD hw/fpu/x86/x87.32
LOAD /cygdrive/d/Users/Alex/Desktop/Toolchain/Output/bin/../lib/gcc/i386-banana/8.1.0/crtend.o
LOAD crtn.32
LOAD /cygdrive/d/Users/Alex/Desktop/Toolchain/Output/bin/../lib/gcc/i386-banana/8.1.0/libkgcc.a
LOAD D:/Users/Alex/Desktop/Banana/kernel/libsoftfp.a
LOAD D:/Users/Alex/Desktop/Banana/kernel/libk/libm32.a
                0x00000000c0000000                . = 0xc0000000

.text           0x00000000c0000000    0x22fba
 *(.text)
 .text          0x00000000c0000000       0x41 D:/Users/Alex/Desktop/Banana/kernel/boot.32
                0x00000000c0000020                callGlobalConstructors
 .text          0x00000000c0000041        0x0 crti.32
 *fill*         0x00000000c0000041        0x3 
 .text          0x00000000c0000044      0x101 /cygdrive/d/Users/Alex/Desktop/Toolchain/Output/bin/../lib/gcc/i386-banana/8.1.0/crtbegin.o
 *fill*         0x00000000c0000145        0xb 
 .text          0x00000000c0000150      0x430 D:/Users/Alex/Desktop/Banana/kernel/morenasm.32
                0x00000000c0000150                manualPCIProbe
                0x00000000c000019b                prepareTramp
                0x00000000c00001b4                doTPAUSE
                0x00000000c00001be                hasLegacyFPU
                0x00000000c00001e3                is486
                0x00000000c0000219                detectCPUID
                0x00000000c000022f                goToVM86
                0x00000000c000025f                goToUsermode
                0x00000000c0000289                switchToThreadASMFirstTime
                0x00000000c0000297                switchToThreadASM
                0x00000000c0000327                asmQuickAcquireLock
                0x00000000c0000345                asmQuickReleaseLock
                0x00000000c0000351                asmAcquireLock
                0x00000000c0000372                asmReleaseLock
                0x00000000c0000385                loadGDT
                0x00000000c00003a5                isr0
                0x00000000c00003b5                isr1
                0x00000000c00003bf                isr2
                0x00000000c00003c9                isr3
                0x00000000c00003d3                isr4
                0x00000000c00003dd                isr5
                0x00000000c00003e7                isr6
                0x00000000c00003f1                isr7
                0x00000000c00003fb                isr8
                0x00000000c0000403                isr9
                0x00000000c000040d                isr10
                0x00000000c0000415                isr11
                0x00000000c000041d                isr12
                0x00000000c0000425                isr13
                0x00000000c000042d                isr14
                0x00000000c0000435                isr15
                0x00000000c000043f                isr16
                0x00000000c0000449                isr17
                0x00000000c0000453                isr18
                0x00000000c000045d                irq3
                0x00000000c0000467                irq4
                0x00000000c0000471                irq5
                0x00000000c000047b                irq6
                0x00000000c0000485                irq7
                0x00000000c000048f                irq8
                0x00000000c0000499                irq9
                0x00000000c00004a3                irq10
                0x00000000c00004ad                irq11
                0x00000000c00004b7                irq12
                0x00000000c00004c1                irq13
                0x00000000c00004cb                irq14
                0x00000000c00004d5                irq15
                0x00000000c00004df                irq1
                0x00000000c00004e6                irq2
                0x00000000c00004ed                isr96
                0x00000000c00004f4                irq0
                0x00000000c00004f9                int_common_stub
                0x00000000c00004f9                syscall_common_stub
                0x00000000c000052b                irq16
                0x00000000c0000535                irq17
                0x00000000c000053f                irq18
                0x00000000c0000549                irq19
                0x00000000c0000553                irq20
                0x00000000c000055d                irq21
                0x00000000c0000567                irq22
                0x00000000c0000571                irq23
                0x00000000c000057b                memcpy
 .text          0x00000000c0000580      0x5dd acpica/utclib.32
                0x00000000c0000580                memcmp
                0x00000000c00005bc                memmove
                0x00000000c0000684                memset
                0x00000000c00006a0                strlen
                0x00000000c00006b8                strpbrk
                0x00000000c00006f4                strtok
                0x00000000c0000740                strcpy
                0x00000000c0000764                strncpy
                0x00000000c00007cc                strcmp
                0x00000000c000080c                strchr
                0x00000000c0000830                strncmp
                0x00000000c0000880                strcat
                0x00000000c00008b0                strncat
                0x00000000c00008ec                strstr
                0x00000000c0000934                toupper
                0x00000000c0000948                tolower
                0x00000000c000095c                simple_strtoul
 .text          0x00000000c0000b5d      0xfad core/malloc.32
                0x00000000c0000cc8                dlfree
                0x00000000c0001023                dlmalloc
                0x00000000c0001560                dlrealloc
                0x00000000c0001703                dlmemalign
                0x00000000c0001826                dlcalloc
                0x00000000c00018c0                dlcfree
                0x00000000c00018c5                dlindependent_calloc
                0x00000000c00018ea                dlindependent_comalloc
                0x00000000c0001901                dlvalloc
                0x00000000c000192c                dlpvalloc
                0x00000000c0001962                dlmalloc_trim
                0x00000000c000196f                dlmalloc_usable_size
                0x00000000c00019a0                dlmallinfo
                0x00000000c0001a6f                dlmalloc_stats
                0x00000000c0001a80                dlmallopt
 .text          0x00000000c0001b0a        0x0 libk/string.32
 .text          0x00000000c0001b0a       0x51 fs/fat/diskio.32
                0x00000000c0001b0a                disk_status
                0x00000000c0001b0d                disk_initialize
                0x00000000c0001b10                disk_read
                0x00000000c0001b26                disk_write
                0x00000000c0001b3c                disk_ioctl
 .text          0x00000000c0001b5b     0x6a69 fs/fat/ff.32
                0x00000000c0004e29                f_mount
                0x00000000c0004e8b                f_open
                0x00000000c00052c7                f_read
                0x00000000c0005547                f_write
                0x00000000c0005801                f_sync
                0x00000000c00059dd                f_close
                0x00000000c0005a0c                f_lseek
                0x00000000c0005ec3                f_opendir
                0x00000000c0005fc5                f_closedir
                0x00000000c0005fe7                f_readdir
                0x00000000c0006082                f_stat
                0x00000000c0006111                f_getfree
                0x00000000c00062dc                f_truncate
                0x00000000c00063d4                f_unlink
                0x00000000c0006557                f_mkdir
                0x00000000c0006783                f_rename
                0x00000000c0006a76                f_chmod
                0x00000000c0006b54                f_utime
                0x00000000c0006c32                f_getlabel
                0x00000000c0006e20                f_setlabel
                0x00000000c000708d                f_expand
                0x00000000c00072c3                f_forward
                0x00000000c00074a1                f_mkfs
 .text          0x00000000c00085c4       0x2f fs/fat/ffsystem.32
                0x00000000c00085c4                ff_memalloc
                0x00000000c00085dc                ff_memfree
 *fill*         0x00000000c00085f3        0x1 
 .text          0x00000000c00085f4      0x274 fs/fat/ffunicode.32
                0x00000000c00085f4                ff_uni2oem
                0x00000000c000868c                ff_oem2uni
                0x00000000c0008700                ff_wtoupper
 .text          0x00000000c0008868       0xa7 compat/inlines.32
                0x00000000c0008868                CPU::current()
                0x00000000c0008874                operator new(unsigned long)
                0x00000000c0008879                operator delete(void*)
                0x00000000c000887e                disableIRQs()
                0x00000000c0008886                enableIRQs()
                0x00000000c0008895                lockScheduler()
                0x00000000c000889d                unlockScheduler()
                0x00000000c00088ac                lockStuff()
                0x00000000c00088ba                unlockStuff()
                0x00000000c00088f4                Virt::getAKernelVAS()
                0x00000000c00088fa                __not_memcpy
 *fill*         0x00000000c000890f        0x1 
 .text          0x00000000c0008910      0x118 compat/resolve.32
                0x00000000c0008910                Krnl::resolveCompatibilitySymbol(char*)
 .text          0x00000000c0008a28      0xb8d core/computer.32
                0x00000000c0008a28                Computer::close(int, int, void*)
                0x00000000c0008a6c                Krnl::firstTask()
                0x00000000c0008bc0                Computer::Computer()
                0x00000000c0008bc0                Computer::Computer()
                0x00000000c0008d1c                Computer::setBootMessage(char const*)
                0x00000000c0008d1e                Computer::detectFeatures()
                0x00000000c0008f28                Computer::displayFeatures()
                0x00000000c000926e                Computer::rdmsr(unsigned int)
                0x00000000c000929a                Computer::wrmsr(unsigned int, unsigned long long)
                0x00000000c00092d2                Computer::shutdown()
                0x00000000c00092ea                Computer::restart()
                0x00000000c0009302                Computer::sleep()
                0x00000000c0009316                Computer::nmiEnabled()
                0x00000000c0009322                Computer::readCMOS(unsigned char)
                0x00000000c000933c                Computer::enableNMI(bool)
                0x00000000c0009354                Computer::open(int, int, void*)
                0x00000000c00094f8                Computer::disableNMI()
                0x00000000c0009506                Computer::writeCMOS(unsigned char, unsigned char)
                0x00000000c0009524                Computer::handleNMI()
                0x00000000c000958a                Computer::setDiskActivityLight(int, bool)
 *fill*         0x00000000c00095b5        0x1 
 .text          0x00000000c00095b6      0x19d core/gdt.32
                0x00000000c00095b6                GDTEntry::setBase(unsigned int)
                0x00000000c00095d2                GDTEntry::setLimit(unsigned int)
                0x00000000c00095f0                GDT::GDT()
                0x00000000c00095f0                GDT::GDT()
                0x00000000c0009606                GDT::addEntry(GDTEntry)
                0x00000000c0009628                GDT::getNumberOfEntries()
                0x00000000c0009630                GDT::flush()
                0x00000000c0009652                GDT::setup()
 .text          0x00000000c0009753       0x6b core/idle.32
                0x00000000c0009753                idleFunction(void*)
 *fill*         0x00000000c00097be        0x2 
 .text          0x00000000c00097c0      0x464 core/idt.32
                0x00000000c00097c0                IDTEntry::IDTEntry(bool)
                0x00000000c00097c0                IDTEntry::IDTEntry(bool)
                0x00000000c0009832                IDTEntry::setOffset(unsigned int)
                0x00000000c0009848                IDT::IDT()
                0x00000000c0009848                IDT::IDT()
                0x00000000c000984a                IDT::getPointerToInvalidOpcodeEntryForF00F()
                0x00000000c0009852                IDT::addEntry(IDTEntry, int)
                0x00000000c000986c                IDT::addEntry(int, void (*)(), bool)
                0x00000000c00098a4                IDT::flush()
                0x00000000c00098be                IDT::setup()
 .text          0x00000000c0009c24      0x191 core/kheap.32
                0x00000000c0009c24                sbrk
                0x00000000c0009cc7                mmap
                0x00000000c0009cdd                munmap
                0x00000000c0009cf3                liballoc_lock()
                0x00000000c0009d00                liballoc_unlock()
                0x00000000c0009d14                liballoc_alloc(int)
                0x00000000c0009d2c                liballoc_free(void*, int)
                0x00000000c0009d47                realloc
                0x00000000c0009d5b                malloc
                0x00000000c0009d6b                free
                0x00000000c0009d7b                rfree
                0x00000000c0009d8b                calloc
 .text          0x00000000c0009db5      0x437 core/main.32
                0x00000000c0009db5                Krnl::setBootMessage(char const*)
                0x00000000c0009e21                kernel_main
 .text          0x00000000c000a1ec      0x673 core/physmgr.32
                0x00000000c000a1ec                Phys::allocateDMA(unsigned long)
                0x00000000c000a2fb                Phys::freeDMA(unsigned long, unsigned long)
                0x00000000c000a341                Phys::setPageState(unsigned long, bool)
                0x00000000c000a373                Phys::getPageState(unsigned long)
                0x00000000c000a38f                Phys::freePage(unsigned long)
                0x00000000c000a412                Phys::allocatePage()
                0x00000000c000a4fd                Phys::allocateContiguousPages(int)
                0x00000000c000a559                Phys::allowSegmentToBeUsed(unsigned long, unsigned long)
                0x00000000c000a591                Phys::physicalMemorySetup(unsigned int)
 *fill*         0x00000000c000a85f        0x1 
 .text          0x00000000c000a860      0x273 core/pipe.32
                0x00000000c000a860                Pipe::isAtty()
                0x00000000c000a864                Pipe::~Pipe()
                0x00000000c000a864                Pipe::~Pipe()
                0x00000000c000a888                Pipe::~Pipe()
                0x00000000c000a8b0                Pipe::read(unsigned long long, void*, int*)
                0x00000000c000a9ac                Pipe::write(unsigned long long, void*, int*)
                0x00000000c000aa6c                Pipe::Pipe(int)
                0x00000000c000aa6c                Pipe::Pipe(int)
 *fill*         0x00000000c000aad3        0x1 
 .text          0x00000000c000aad4      0xb8f core/terminal.32
                0x00000000c000aad4                VgaText::isAtty()
                0x00000000c000aad8                VgaText::~VgaText()
                0x00000000c000aad8                VgaText::~VgaText()
                0x00000000c000aafc                VgaText::~VgaText()
                0x00000000c000ab26                VgaText::read(unsigned long long, void*, int*)
                0x00000000c000ab46                setTerminalScrollLock(bool)
                0x00000000c000ab47                addToTerminalCycle(VgaText*)
                0x00000000c000ab68                installVgaTextImplementation()
                0x00000000c000ab7d                scrollTerminalScrollLock(int)
                0x00000000c000ab7e                VgaText::updateTitle()
                0x00000000c000abbc                VgaText::load()
                0x00000000c000ac0a                VgaText::updateCursor()
                0x00000000c000ac20                VgaText::doANSI_SGR(int)
                0x00000000c000ac94                VgaText::setDefaultBgColour(VgaColour)
                0x00000000c000aca4                VgaText::setDefaultFgColour(VgaColour)
                0x00000000c000acb4                VgaText::setDefaultColours(VgaColour, VgaColour)
                0x00000000c000acd4                VgaText::setTitleTextColour(VgaColour)
                0x00000000c000ace4                VgaText::setTitleColour(VgaColour)
                0x00000000c000acf4                VgaText::setTitle(char*)
                0x00000000c000ad1a                VgaText::combineColours(unsigned char, unsigned char)
                0x00000000c000ad2c                VgaText::scrollScreen()
                0x00000000c000adc0                VgaText::combineCharAndColour(char, unsigned char)
                0x00000000c000add2                VgaText::writeCharacter(char, VgaColour, VgaColour, int, int)
                0x00000000c000ae2e                VgaText::getCursorX()
                0x00000000c000ae36                VgaText::getCursorY()
                0x00000000c000ae3e                VgaText::setCursor(int, int)
                0x00000000c000ae55                setActiveTerminal(VgaText*)
                0x00000000c000aeb7                doTerminalCycle()
                0x00000000c000aed2                VgaText::setCursorX(int)
                0x00000000c000aeea                VgaText::setCursorY(int)
                0x00000000c000af02                VgaText::incrementCursor(bool)
                0x00000000c000af56                VgaText::decrementCursor(bool)
                0x00000000c000af78                VgaText::putchar(char, VgaColour, VgaColour)
                0x00000000c000b050                VgaText::doUpdate()
                0x00000000c000b05e                VgaText::puts(char const*, VgaColour, VgaColour)
                0x00000000c000b1d6                VgaText::clearScreen()
                0x00000000c000b230                VgaText::putchar(char)
                0x00000000c000b31c                VgaText::putx(unsigned int)
                0x00000000c000b362                VgaText::puts(char const*)
                0x00000000c000b388                VgaText::VgaText(char const*)
                0x00000000c000b388                VgaText::VgaText(char const*)
                0x00000000c000b504                VgaText::receiveKey(unsigned char)
                0x00000000c000b5ea                VgaText::write(unsigned long long, void*, int*)
                0x00000000c000b63e                newTerminal(char*)
 *fill*         0x00000000c000b663        0x1 
 .text          0x00000000c000b664      0x1a1 core/tss.32
                0x00000000c000b664                TSS::TSS()
                0x00000000c000b664                TSS::TSS()
                0x00000000c000b674                TSS::setESP(unsigned long)
                0x00000000c000b688                TSS::flush()
                0x00000000c000b6a8                TSS::setup(unsigned long, unsigned long)
 *fill*         0x00000000c000b805        0x1 
 .text          0x00000000c000b806      0x4c2 core/unixfile.32
                0x00000000c000b806                ReservedFilename::read(unsigned long long, void*, int*)
                0x00000000c000b85c                ReservedFilename::isAtty()
                0x00000000c000b878                ReservedFilename::write(unsigned long long, void*, int*)
                0x00000000c000b8d6                UnixFile::getFileDescriptor()
                0x00000000c000b8de                UnixFile::UnixFile(int)
                0x00000000c000b8de                UnixFile::UnixFile(int)
                0x00000000c000ba8e                ReservedFilename::ReservedFilename(int)
                0x00000000c000ba8e                ReservedFilename::ReservedFilename(int)
                0x00000000c000bac0                UnixFile::~UnixFile()
                0x00000000c000bac0                UnixFile::~UnixFile()
                0x00000000c000bb58                UnixFile::~UnixFile()
                0x00000000c000bb80                ReservedFilename::~ReservedFilename()
                0x00000000c000bb80                ReservedFilename::~ReservedFilename()
                0x00000000c000bba4                ReservedFilename::~ReservedFilename()
                0x00000000c000bbcb                getFromFileDescriptor(int)
 .text          0x00000000c000bcc8     0x1218 core/virtmgr.32
                0x00000000c000bcc8                Virt::setPageState(unsigned long, Virt::VirtPageState)
                0x00000000c000bcfd                Virt::getPageState(unsigned long)
                0x00000000c000bd21                Virt::allocateKernelVirtualPages(int)
                0x00000000c000be32                Virt::freeSwapfilePage(unsigned long)
                0x00000000c000be50                Virt::swapIDToSector(unsigned long)
                0x00000000c000be62                Virt::allocateSwapfilePage()
                0x00000000c000bee0                Virt::virtualMemorySetup()
                0x00000000c000bf2b                Virt::setupPageSwapping(int)
                0x00000000c000bf9c                VAS::VAS()
                0x00000000c000bf9c                VAS::VAS()
                0x00000000c000bfd8                VAS::VAS(VAS*)
                0x00000000c000bfd8                VAS::VAS(VAS*)
                0x00000000c000c006                VAS::getForeignPageTableEntry(bool, unsigned long)
                0x00000000c000c032                VAS::getPageTableEntry(unsigned long)
                0x00000000c000c051                Virt::freeKernelVirtualPages(unsigned long)
                0x00000000c000c174                VAS::freeAllocatedPages(unsigned long)
                0x00000000c000c198                VAS::virtualToPhysical(unsigned long)
                0x00000000c000c1b0                VAS::reflagRange(unsigned long, int, int, int)
                0x00000000c000c1f0                VAS::setToWriteCombining(unsigned long, int)
                0x00000000c000c222                VAS::mapOtherVASIn(bool, VAS*)
                0x00000000c000c24c                VAS::~VAS()
                0x00000000c000c24c                VAS::~VAS()
                0x00000000c000c3c8                VAS::mapPage(unsigned long, unsigned long, int)
                0x00000000c000c4ca                VAS::allocatePages(int, int)
                0x00000000c000c6a2                VAS::setCPUSpecific(unsigned long)
                0x00000000c000c6be                VAS::mapRange(unsigned long, unsigned long, int, int)
                0x00000000c000c784                VAS::mapForeignPage(bool, VAS*, unsigned long, unsigned long, int)
                0x00000000c000c872                VAS::VAS(bool)
                0x00000000c000c872                VAS::VAS(bool)
                0x00000000c000caf2                VAS::evict(unsigned long)
                0x00000000c000cbc2                VAS::tryLoadBackOffDisk(unsigned long)
                0x00000000c000ccd6                VAS::scanForEviction()
                0x00000000c000cdb4                mapVASFirstTime
 .text          0x00000000c000cee0       0x95 coreobjs/c++.32
                0x00000000c000cee0                __cxa_atexit
                0x00000000c000cee3                __cxa_finalize
                0x00000000c000cee4                __stack_chk_fail
                0x00000000c000cf50                __cxa_pure_virtual
                0x00000000c000cf61                operator new[](unsigned long)
                0x00000000c000cf66                operator delete(void*, unsigned long)
                0x00000000c000cf6b                operator delete[](void*)
                0x00000000c000cf70                operator delete[](void*, unsigned long)
 .text          0x00000000c000cf75      0x1fc dbg/kconsole.32
                0x00000000c000cf75                Dbg::stringifyxWithBase(unsigned int, char*, int)
                0x00000000c000cfce                Dbg::logc(char)
                0x00000000c000cfee                Dbg::logs(char*)
                0x00000000c000d00b                Dbg::logWriteInt(unsigned int)
                0x00000000c000d028                Dbg::logWriteIntBase(unsigned int, int)
                0x00000000c000d047                Dbg::kprintf(char const*, ...)
 *fill*         0x00000000c000d171        0x1 
 .text          0x00000000c000d172      0xcac fs/vfs.32
                0x00000000c000d172                File::read(unsigned long long, void*, int*)
                0x00000000c000d1ca                File::write(unsigned long long, void*, int*)
                0x00000000c000d222                Directory::read(unsigned long long, void*, int*)
                0x00000000c000d27a                Directory::write(unsigned long long, void*, int*)
                0x00000000c000d2a8                File::isAtty()
                0x00000000c000d2ac                Directory::isAtty()
                0x00000000c000d2b0                Filesystem::getlabel(LogicalDisk*, int, char*, unsigned int*)
                0x00000000c000d2b6                Filesystem::setlabel(LogicalDisk*, int, char*)
                0x00000000c000d2bc                Filesystem::allocateSwapfile(char const*, int)
                0x00000000c000d2c2                File::~File()
                0x00000000c000d2c2                File::~File()
                0x00000000c000d2e6                File::~File()
                0x00000000c000d310                Directory::~Directory()
                0x00000000c000d310                Directory::~Directory()
                0x00000000c000d334                Directory::~Directory()
                0x00000000c000d35e                Filesystem::Filesystem()
                0x00000000c000d35e                Filesystem::Filesystem()
                0x00000000c000d382                Filesystem::~Filesystem()
                0x00000000c000d382                Filesystem::~Filesystem()
                0x00000000c000d390                Filesystem::~Filesystem()
                0x00000000c000d3b4                Fs::getcwd(Process*, char*, int)
                0x00000000c000d3de                Fs::initVFS()
                0x00000000c000d408                Fs::standardiseFiles(char*, char const*, char const*)
                0x00000000c000d5b2                File::File(char const*, Process*)
                0x00000000c000d5b2                File::File(char const*, Process*)
                0x00000000c000d68c                File::open(FileOpenMode)
                0x00000000c000d6ea                File::close()
                0x00000000c000d74a                File::seek(unsigned long long)
                0x00000000c000d7a0                File::tell(unsigned long long*)
                0x00000000c000d7f0                File::rewind()
                0x00000000c000d804                File::unlink()
                0x00000000c000d850                File::rename(char const*)
                0x00000000c000d89e                File::chfatattr(unsigned char, unsigned char)
                0x00000000c000d8fa                File::exists()
                0x00000000c000d938                File::stat(unsigned long long*, bool*)
                0x00000000c000d999                Fs::setcwd(Process*, char*)
                0x00000000c000db12                Directory::Directory(char const*, Process*)
                0x00000000c000db12                Directory::Directory(char const*, Process*)
                0x00000000c000dbec                Directory::open()
                0x00000000c000dc48                Directory::close()
                0x00000000c000dca8                Directory::unlink()
                0x00000000c000dcf4                Directory::rename(char const*)
                0x00000000c000dd42                Directory::exists()
                0x00000000c000dd80                Directory::read(dirent*)
                0x00000000c000ddcc                Directory::create()
                0x00000000c000de18                Filesystem::chfatattr(char const*, unsigned char, unsigned char)
 *fill*         0x00000000c000de1e        0x2 
 .text          0x00000000c000de20       0x86 hal/bus.32
                0x00000000c000de20                Bus::Bus(char const*)
                0x00000000c000de20                Bus::Bus(char const*)
                0x00000000c000de58                Bus::~Bus()
                0x00000000c000de58                Bus::~Bus()
                0x00000000c000de7c                Bus::~Bus()
 *fill*         0x00000000c000dea6        0x2 
 .text          0x00000000c000dea8      0x153 hal/buzzer.32
                0x00000000c000dea8                Buzzer::Buzzer(char const*)
                0x00000000c000dea8                Buzzer::Buzzer(char const*)
                0x00000000c000deec                Buzzer::~Buzzer()
                0x00000000c000deec                Buzzer::~Buzzer()
                0x00000000c000df10                Buzzer::~Buzzer()
                0x00000000c000df3a                Buzzer::stop()
                0x00000000c000df4d                beepThread(void*)
                0x00000000c000df8e                Buzzer::beep(int, int, bool)
 *fill*         0x00000000c000dffb        0x1 
 .text          0x00000000c000dffc      0x467 hal/clock.32
                0x00000000c000dffc                User::loadClockSettings(int)
                0x00000000c000e04e                Clock::Clock(char const*)
                0x00000000c000e04e                Clock::Clock(char const*)
                0x00000000c000e084                Clock::~Clock()
                0x00000000c000e084                Clock::~Clock()
                0x00000000c000e0a8                Clock::~Clock()
                0x00000000c000e0d2                Clock::timeInSecondsLocal()
                0x00000000c000e11a                Clock::setTimeInSecondsLocal(unsigned long long)
                0x00000000c000e173                datetimeToSeconds(datetime_t)
                0x00000000c000e29a                Clock::setTimeInDatetimeLocal(datetime_t)
                0x00000000c000e2fa                secondsToDatetime(unsigned long long)
                0x00000000c000e43e                Clock::timeInDatetimeLocal()
 *fill*         0x00000000c000e463        0x1 
 .text          0x00000000c000e464      0x504 hal/device.32
                0x00000000c000e464                Device::hibernate()
                0x00000000c000e466                Device::wake()
                0x00000000c000e468                Device::detect()
                0x00000000c000e46a                Device::disableLegacy()
                0x00000000c000e46c                Device::powerSaving(PowerSavingLevel)
                0x00000000c000e46e                DriverlessDevice::close(int, int, void*)
                0x00000000c000e472                DriverlessDevice::detect()
                0x00000000c000e474                DriverlessDevice::open(int, int, void*)
                0x00000000c000e488                Device::~Device()
                0x00000000c000e488                Device::~Device()
                0x00000000c000e496                Device::~Device()
                0x00000000c000e4be                Device::findAndLoadDriver()
                0x00000000c000e4cc                Device::preOpenPCI(PCIDeviceInfo)
                0x00000000c000e4f2                Device::preOpenACPI(void*, char*, char*)
                0x00000000c000e532                Device::addIRQHandler(int, void (*)(regs*, void*), bool, void*)
                0x00000000c000e570                Device::getParent()
                0x00000000c000e57c                Device::removeIRQHandler(int, void (*)(regs*, void*), bool)
                0x00000000c000e5ba                Device::addChild(Device*)
                0x00000000c000e5fe                Device::removeAllChildren()
                0x00000000c000e644                Device::hibernateAll()
                0x00000000c000e674                Device::wakeAll()
                0x00000000c000e6a4                Device::detectAll()
                0x00000000c000e6d4                Device::disableLegacyAll()
                0x00000000c000e704                Device::loadDriversForAll()
                0x00000000c000e744                Device::closeAll()
                0x00000000c000e77a                Device::powerSavingAll(PowerSavingLevel)
                0x00000000c000e7b0                Device::setName(char const*)
                0x00000000c000e7be                Device::Device(char const*)
                0x00000000c000e7be                Device::Device(char const*)
                0x00000000c000e8ba                Device::getName()
                0x00000000c000e8c4                DriverlessDevice::DriverlessDevice(char const*)
                0x00000000c000e8c4                DriverlessDevice::DriverlessDevice(char const*)
                0x00000000c000e8fa                Device::addToLinkedList(LinkedList<Device>&, DeviceType)
                0x00000000c000e93e                getDevicesOfType(DeviceType)
 .text          0x00000000c000e968       0x86 hal/diskctrl.32
                0x00000000c000e968                HardDiskController::HardDiskController(char const*)
                0x00000000c000e968                HardDiskController::HardDiskController(char const*)
                0x00000000c000e9a0                HardDiskController::~HardDiskController()
                0x00000000c000e9a0                HardDiskController::~HardDiskController()
                0x00000000c000e9c4                HardDiskController::~HardDiskController()
 .text          0x00000000c000e9ee       0xe2 hal/diskphys.32
                0x00000000c000e9ee                PhysicalDisk::eject()
                0x00000000c000e9f2                PhysicalDisk::PhysicalDisk(char const*, int)
                0x00000000c000e9f2                PhysicalDisk::PhysicalDisk(char const*, int)
                0x00000000c000ea5a                PhysicalDisk::startCache()
                0x00000000c000ea82                PhysicalDisk::~PhysicalDisk()
                0x00000000c000ea82                PhysicalDisk::~PhysicalDisk()
                0x00000000c000eaa6                PhysicalDisk::~PhysicalDisk()
 .text          0x00000000c000ead0       0xfc hal/fpu.32
                0x00000000c000ead0                FPU::FPU(char const*)
                0x00000000c000ead0                FPU::FPU(char const*)
                0x00000000c000eb08                FPU::~FPU()
                0x00000000c000eb08                FPU::~FPU()
                0x00000000c000eb2c                FPU::~FPU()
                0x00000000c000eb56                setupFPU()
 .text          0x00000000c000ebcc     0x11e1 hal/intctrl.32
                0x00000000c000ebcc                InterruptController::uninstallISRHandler(int, void (*)(regs*, void*))
                0x00000000c000ec04                InterruptController::installISRHandler(int, void (*)(regs*, void*), void*)
                0x00000000c000ec56                doubleFault(regs*, void*)
                0x00000000c000ec70                InterruptController::installIRQHandler(int, void (*)(regs*, void*), bool, void*)
                0x00000000c000ed0c                InterruptController::clearAllHandlers(int, bool)
                0x00000000c000edb4                InterruptController::uninstallIRQHandler(int, void (*)(regs*, void*), bool)
                0x00000000c000ee3b                nmiHandler(regs*, void*)
                0x00000000c000ee49                int_handler
                0x00000000c000eeea                InterruptController::InterruptController(char const*)
                0x00000000c000eeea                InterruptController::InterruptController(char const*)
                0x00000000c000ef90                InterruptController::~InterruptController()
                0x00000000c000ef90                InterruptController::~InterruptController()
                0x00000000c000efb4                InterruptController::~InterruptController()
                0x00000000c000efde                displayDebugInfo(regs*)
                0x00000000c000f46d                x87EmulHandler(regs*, void*)
                0x00000000c000f4e0                gpFault(regs*, void*)
                0x00000000c000f519                pgFault(regs*, void*)
                0x00000000c000f568                otherISRHandler(regs*, void*)
                0x00000000c000f587                opcodeFault(regs*, void*)
                0x00000000c000f94a                displayProgramFault(char const*)
                0x00000000c000f972                setupInterruptController()
                0x00000000c000fd60                InterruptController::convertLegacyIRQNumber(int)
 *fill*         0x00000000c000fdad        0x1 
 .text          0x00000000c000fdae      0x788 hal/keybrd.32
                0x00000000c000fdae                startGUI(void*)
                0x00000000c000fe1a                startGUIVESA(void*)
                0x00000000c000fe86                sendKeyToTerminal(unsigned char)
                0x00000000c000ff44                sendKeyboardToken(KeyboardToken)
                0x00000000c0010386                clearInternalKeybuffer(VgaText*)
                0x00000000c00103bb                readKeyboard(VgaText*, char*, unsigned long)
                0x00000000c00104ac                Keyboard::Keyboard(char const*)
                0x00000000c00104ac                Keyboard::Keyboard(char const*)
                0x00000000c00104e8                Keyboard::~Keyboard()
                0x00000000c00104e8                Keyboard::~Keyboard()
                0x00000000c001050c                Keyboard::~Keyboard()
 .text          0x00000000c0010536      0x42a hal/logidisk.32
                0x00000000c0010536                LogicalDisk::close(int, int, void*)
                0x00000000c001053a                LogicalDisk::~LogicalDisk()
                0x00000000c001053a                LogicalDisk::~LogicalDisk()
                0x00000000c001055e                LogicalDisk::~LogicalDisk()
                0x00000000c0010588                LogicalDisk::open(int, int, void*)
                0x00000000c001059c                LogicalDisk::absoluteToRelative(unsigned long long)
                0x00000000c00105d4                LogicalDisk::relativeToAbsolute(unsigned long long)
                0x00000000c001061a                LogicalDisk::LogicalDisk(char const*, PhysicalDisk*, unsigned long long, unsigned long long)
                0x00000000c001061a                LogicalDisk::LogicalDisk(char const*, PhysicalDisk*, unsigned long long, unsigned long long)
                0x00000000c00106d0                LogicalDisk::assignDriveLetter()
                0x00000000c0010786                LogicalDisk::mount()
                0x00000000c001080e                LogicalDisk::unmount()
                0x00000000c001081e                LogicalDisk::eject()
                0x00000000c0010832                LogicalDisk::unassignDriveLetter()
                0x00000000c0010888                LogicalDisk::read(unsigned long long, int, void*)
                0x00000000c00108f4                LogicalDisk::write(unsigned long long, int, void*)
 .text          0x00000000c0010960       0x86 hal/mouse.32
                0x00000000c0010960                Mouse::Mouse(char const*)
                0x00000000c0010960                Mouse::Mouse(char const*)
                0x00000000c0010998                Mouse::~Mouse()
                0x00000000c0010998                Mouse::~Mouse()
                0x00000000c00109bc                Mouse::~Mouse()
 .text          0x00000000c00109e6      0x339 hal/partition.32
                0x00000000c00109e6                makePartition(PhysicalDisk*, unsigned long long, unsigned long long)
                0x00000000c0010a8e                createPartitionsForDisk(PhysicalDisk*)
 *fill*         0x00000000c0010d1f        0x1 
 .text          0x00000000c0010d20       0x86 hal/serial.32
                0x00000000c0010d20                Serial::Serial(char const*)
                0x00000000c0010d20                Serial::Serial(char const*)
                0x00000000c0010d58                Serial::~Serial()
                0x00000000c0010d58                Serial::~Serial()
                0x00000000c0010d7c                Serial::~Serial()
 *fill*         0x00000000c0010da6        0x2 
 .text          0x00000000c0010da8      0x2f2 hal/timer.32
                0x00000000c0010da8                Timer::Timer(char const*)
                0x00000000c0010da8                Timer::Timer(char const*)
                0x00000000c0010de0                Timer::~Timer()
                0x00000000c0010de0                Timer::~Timer()
                0x00000000c0010e04                Timer::~Timer()
                0x00000000c0010e2e                Timer::read()
                0x00000000c0010e39                timerHandler(unsigned int)
                0x00000000c0010fa0                setupTimer(int)
 *fill*         0x00000000c001109a        0x2 
 .text          0x00000000c001109c      0x43e hal/vcache.32
                0x00000000c001109c                VCache::VCache(PhysicalDisk*)
                0x00000000c001109c                VCache::VCache(PhysicalDisk*)
                0x00000000c0011204                VCache::invalidateReadBuffer()
                0x00000000c0011214                VCache::writeWriteBuffer()
                0x00000000c0011260                VCache::~VCache()
                0x00000000c0011260                VCache::~VCache()
                0x00000000c00112b4                VCache::~VCache()
                0x00000000c00112dc                VCache::write(unsigned long long, int, void*)
                0x00000000c00113d6                VCache::read(unsigned long long, int, void*)
 .text          0x00000000c00114da      0x4b3 hal/video.32
                0x00000000c00114da                Video::putrect(int, int, int, int, unsigned int)
                0x00000000c0011526                Video::bitblit(int, int, int, int, int, int, int, unsigned int*)
                0x00000000c0011596                Video::blit(unsigned int*, int, int, int, int)
                0x00000000c0011614                Video::clearScreen(unsigned int)
                0x00000000c0011648                Video::putpixel(int, int, unsigned int)
                0x00000000c0011656                Video::Video(char const*)
                0x00000000c0011656                Video::Video(char const*)
                0x00000000c001168c                Video::~Video()
                0x00000000c001168c                Video::~Video()
                0x00000000c00116b0                Video::~Video()
                0x00000000c00116da                Video::isMonochrome()
                0x00000000c00116e6                Video::getWidth()
                0x00000000c00116f2                Video::getHeight()
                0x00000000c00116fe                Video::drawCursor(int, int, unsigned char*, int)
                0x00000000c00117ba                Video::tgaParse(unsigned char*, int, int*, int*)
                0x00000000c0011922                Video::putTGA(int, int, unsigned char*, int)
 *fill*         0x00000000c001198d        0x3 
 .text          0x00000000c0011990     0x1707 hw/acpi.32
                0x00000000c0011990                ACPI::close(int, int, void*)
                0x00000000c0011a44                findRSDP()
                0x00000000c0011b18                loadACPITables(unsigned char*)
                0x00000000c0011d7c                findRSDT(unsigned char*)
                0x00000000c0011f3c                findDataTable(unsigned char*, char*)
                0x00000000c0011fb4                scanMADT()
                0x00000000c0012490                ACPI::ACPI()
                0x00000000c0012490                ACPI::ACPI()
                0x00000000c00124f4                ACPI::getPCIIRQAssignment(unsigned char, unsigned short, unsigned char)
                0x00000000c00125dc                ACPI::registerPCIIRQAssignment(void*, unsigned short, unsigned char, unsigned char)
                0x00000000c00126a4                ACPI::setScreenBrightnessLevel(void*, int)
                0x00000000c00126ac                ACPI::detectPCI()
                0x00000000c0012b90                ACPI::writeSimpleBootFlag(SimpleBootFlagTable*)
                0x00000000c0012bd8                ACPI::sleep()
                0x00000000c0012c14                ACPI::open(int, int, void*)
 *fill*         0x00000000c0013097        0x1 
 .text          0x00000000c0013098     0x1861 hw/cpu.32
                0x00000000c0013098                CPU::close(int, int, void*)
                0x00000000c001309c                CPU::lookupAMDName(unsigned char, unsigned char)
                0x00000000c0013230                CPU::lookupIntelName(unsigned char, unsigned char)
                0x00000000c00134de                CPU::AMD_K6_write_msr(unsigned int, unsigned int, unsigned int, CPU::REGS*)
                0x00000000c00134fa                CPU::AMD_K6_read_msr(unsigned int, CPU::REGS*)
                0x00000000c0013512                CPU::AMD_K6_writeback(int, int, int)
                0x00000000c0013586                CPU::cpuid(int, unsigned long*, unsigned long*, unsigned long*, unsigned long*)
                0x00000000c001360a                CPU::cpuidCheckEDX(unsigned int)
                0x00000000c0013638                CPU::cpuidCheckECX(unsigned int)
                0x00000000c0013666                CPU::cpuidCheckExtendedEBX(unsigned int)
                0x00000000c0013694                CPU::cpuidCheckExtendedECX(unsigned int)
                0x00000000c00136c2                CPU::CPU()
                0x00000000c00136c2                CPU::CPU()
                0x00000000c0013750                CPU::displayFeatures()
                0x00000000c00139f0                CPU::detectFeatures()
                0x00000000c001441a                CPU::setupSMEP()
                0x00000000c0014426                CPU::setupUMIP()
                0x00000000c0014430                CPU::setupTSC()
                0x00000000c001443a                CPU::setupLargePages()
                0x00000000c0014444                CPU::setupPAT()
                0x00000000c0014480                CPU::setupMTRR()
                0x00000000c0014482                CPU::setupGlobalPages()
                0x00000000c001448c                CPU::allowUsermodeDataAccess()
                0x00000000c001449e                CPU::prohibitUsermodeDataAccess()
                0x00000000c00144b0                CPU::setupSMAP()
                0x00000000c00144be                CPU::setupFeatures()
                0x00000000c001458a                CPU::open(int, int, void*)
                0x00000000c00146fe                CPU::decodeAddress(regs*, int*, bool*, unsigned char*)
 .text          0x00000000c00148f9        0x0 hw/ports.32
 .text          0x00000000c00148f9      0x16a hw/smp.32
                0x00000000c00148f9                Krnl::smpEntry()
                0x00000000c00148fb                Krnl::startCPU(int)
                0x00000000c0014a44                Krnl::startCPUs()
 *fill*         0x00000000c0014a63        0x1 
 .text          0x00000000c0014a64      0x581 krnl/env.32
                0x00000000c0014a64                EnvVarContainer::getEnv(char const*)
                0x00000000c0014aa2                EnvVarContainer::setEnv(char const*, char const*)
                0x00000000c0014b64                EnvVarContainer::deleteEnv(char const*)
                0x00000000c0014b66                EnvVarContainer::loadFrom(char const*, char const*)
                0x00000000c0014d4c                EnvVarContainer::__loadSystem()
                0x00000000c0014d66                EnvVarContainer::__loadUser()
                0x00000000c0014d68                EnvVarContainer::EnvVarContainer(Process*)
                0x00000000c0014d68                EnvVarContainer::EnvVarContainer(Process*)
                0x00000000c0014d8a                EnvVarContainer::~EnvVarContainer()
                0x00000000c0014d8a                EnvVarContainer::~EnvVarContainer()
                0x00000000c0014dba                Krnl::getEnv(Process*, char const*)
                0x00000000c0014e1f                Krnl::setEnvSystem(char const*, char const*)
                0x00000000c0014e39                Krnl::setEnvUser(char const*, char const*)
                0x00000000c0014e58                Krnl::setEnvProcess(Process*, char const*, char const*)
                0x00000000c0014e6b                Krnl::deleteEnvSystem(char const*)
                0x00000000c0014e6c                Krnl::deleteEnvUser(char const*)
                0x00000000c0014e6d                Krnl::deleteEnvProcess(Process*, char const*)
                0x00000000c0014e6e                Krnl::newProcessEnv(Process*)
                0x00000000c0014e90                Krnl::copyProcessEnv(Process*, Process*)
                0x00000000c0014edc                Krnl::loadSystemEnv()
                0x00000000c0014f0a                Krnl::loadUserEnv()
                0x00000000c0014f30                Krnl::flushEnv()
                0x00000000c0014f31                Krnl::getProcessTotalEnvCount(Process*)
                0x00000000c0014f51                Krnl::getProcessEnvPair(Process*, int)
 .text          0x00000000c0014fe5      0x243 krnl/panic.32
                0x00000000c0014fe5                Krnl::panic(char const*)
 .text          0x00000000c0015228      0x194 krnl/powctrl.32
                0x00000000c0015228                Krnl::powerThread(void*)
                0x00000000c00152a8                Krnl::changePowerSettings(Krnl::PowerSettings)
                0x00000000c00152be                Krnl::userIOReceived()
                0x00000000c00152c9                Krnl::handlePowerButton()
                0x00000000c00152fe                Krnl::handleSleepButton()
                0x00000000c0015333                Krnl::setupPowerManager()
 .text          0x00000000c00153bc      0x5a0 net/ethernet.32
                0x00000000c00153bc                Net::switchEndian16(unsigned short)
                0x00000000c00153e0                Net::switchEndian32(unsigned int)
                0x00000000c0015410                Net::crc32Calc(unsigned char*, int)
                0x00000000c00154b4                Net::wrapEthernetFrame(Net::UnwrappedEthernetFrame, unsigned char*)
                0x00000000c00156d0                Net::unwrapEthernetFrame(unsigned char*, int)
 .text          0x00000000c001595c      0x50e reg/registry.32
                0x00000000c001595c                Reg::findLineFromLoadedData(char*, char*, char*)
                0x00000000c0015ab4                Reg::getLineFromRegistry(char*, char*, char*, char*)
                0x00000000c0015c09                Reg::getLine(char*, char*, char*)
                0x00000000c0015c40                Reg::readInt(char*, char*, int*)
                0x00000000c0015d2b                Reg::readString(char*, char*, char*, int)
                0x00000000c0015dac                Reg::readBool(char*, char*, bool*)
                0x00000000c0015dd1                Reg::readBoolWithDefault(char*, char*, bool)
                0x00000000c0015dfd                Reg::readIntWithDefault(char*, char*, int)
                0x00000000c0015e29                Reg::readStringWithDefault(char*, char*, char*, int, char*)
 .text          0x00000000c0015e6a       0x36 sys/sc_eject.32
                0x00000000c0015e6a                Sys::eject(regs*)
 .text          0x00000000c0015ea0       0x18 sys/sc_exit.32
                0x00000000c0015ea0                Sys::exit(regs*)
 .text          0x00000000c0015eb8       0x1f sys/sc_getcwd.32
                0x00000000c0015eb8                Sys::getCwd(regs*)
 .text          0x00000000c0015ed7        0xc sys/sc_getpid.32
                0x00000000c0015ed7                Sys::getPID(regs*)
 .text          0x00000000c0015ee3       0x1a sys/sc_getramdata.32
                0x00000000c0015ee3                Sys::getRAMData(regs*)
 .text          0x00000000c0015efd       0x84 sys/sc_getvgaptr.32
                0x00000000c0015efd                Sys::getVGAPtr(regs*)
 .text          0x00000000c0015f81       0xa8 sys/sc_loaddll.32
                0x00000000c0015f81                Sys::loadDLL(regs*)
 .text          0x00000000c0016029       0x68 sys/sc_read.32
                0x00000000c0016029                Sys::read(regs*)
 .text          0x00000000c0016091       0x55 sys/sc_sbrk.32
                0x00000000c0016091                Sys::sbrk(regs*)
 .text          0x00000000c00160e6       0x1c sys/sc_setcwd.32
                0x00000000c00160e6                Sys::setCwd(regs*)
 .text          0x00000000c0016102       0x95 sys/sc_settime.32
                0x00000000c0016102                Sys::setTime(regs*)
 .text          0x00000000c0016197       0x4a sys/sc_timezone.32
                0x00000000c0016197                Sys::timezone(regs*)
 .text          0x00000000c00161e1       0x68 sys/sc_write.32
                0x00000000c00161e1                Sys::write(regs*)
 .text          0x00000000c0016249       0x62 sys/sc_wsbe.32
                0x00000000c0016249                Sys::wsbe(regs*)
 .text          0x00000000c00162ab       0x38 sys/sc_yield.32
                0x00000000c00162ab                Sys::yield(regs*)
 .text          0x00000000c00162e3      0xf8e sys/syscalls.32
                0x00000000c00162e3                sysCallSeekDir(regs*)
                0x00000000c00162e8                sysCallTellDir(regs*)
                0x00000000c00162ed                sysCallVerify(regs*)
                0x00000000c00162f7                sysCallGetArgc(regs*)
                0x00000000c0016307                sysFormatDisk(regs*)
                0x00000000c0016371                sysSetDiskVolumeLabel(regs*)
                0x00000000c00163bb                sysGetDiskVolumeLabel(regs*)
                0x00000000c0016410                sysShutdown(regs*)
                0x00000000c001646e                sysCallRealpath(regs*)
                0x00000000c00164b1                sysCallReadDir(regs*)
                0x00000000c0016530                sysCallIsATTY(regs*)
                0x00000000c001658a                sysCallSeek(regs*)
                0x00000000c00165e1                sysCallTell(regs*)
                0x00000000c001664d                sysCallSize(regs*)
                0x00000000c00166bf                sysCallSizeFromFilename(regs*)
                0x00000000c001676e                sysCallClose(regs*)
                0x00000000c00167ce                sysCallOpenDir(regs*)
                0x00000000c0016843                sysCallCloseDir(regs*)
                0x00000000c0016897                sysCallMakeDir(regs*)
                0x00000000c0016907                sysCallWait(regs*)
                0x00000000c0016921                sysCallNotImpl(regs*)
                0x00000000c001693c                sysPanic(regs*)
                0x00000000c0016956                sysCallRmdir(regs*)
                0x00000000c00169ba                sysCallUnlink(regs*)
                0x00000000c0016a1e                sysCallGetArgv(regs*)
                0x00000000c0016a6a                sysCallTTYName(regs*)
                0x00000000c0016aed                sysCallUSleep(regs*)
                0x00000000c0016b16                sysCallSpawn(regs*)
                0x00000000c0016b7e                sysCallGetEnv(regs*)
                0x00000000c0016c2b                sysAppSettings(regs*)
                0x00000000c0016d3f                sysSetFatAttrib(regs*)
                0x00000000c0016db1                sysPipe(regs*)
                0x00000000c0016df6                sysGetUnixTime(regs*)
                0x00000000c0016e0a                string_ends_with(char const*, char const*)
                0x00000000c0016e52                sysCallOpen(regs*)
                0x00000000c001703a                Sys::loadSyscalls()
                0x00000000c001722f                Sys::systemCall(regs*, void*)
 .text          0x00000000c0017271     0x1203 thr/elf.32
                0x00000000c0017271                Thr::allocateMemoryForTask(Process*, File*, unsigned long, unsigned long, unsigned long)
                0x00000000c001751b                Thr::loadProgramIntoMemory(Process*, char const*)
                0x00000000c0017731                Thr::runtimeReferenceHelper()
                0x00000000c0017744                Thr::getAddressOfKernelSymbol(char const*)
                0x00000000c0017793                Thr::loadKernelSymbolTable(char const*)
                0x00000000c0017a51                Thr::loadDriverIntoMemory(char const*, unsigned long, bool)
                0x00000000c0018187                Thr::getDriverBaseFromAddress(unsigned long)
                0x00000000c00181b9                Thr::getDriverNameFromAddress(unsigned long)
                0x00000000c00181f0                Thr::getDriverOffsetFromAddress(unsigned long)
                0x00000000c001820a                Thr::loadDLL(char const*, bool)
                0x00000000c001843b                Thr::executeDLL(unsigned long, void*)
 .text          0x00000000c0018474     0x1385 thr/prcssthr.32
                0x00000000c0018474                userModeEntryPoint(void*)
                0x00000000c001849c                changeTSS
                0x00000000c00184cc                switchToThread(ThreadControlBlock*)
                0x00000000c001865c                Process::addArgs(char**)
                0x00000000c00186bc                Process::Process(char const*, Process*, char**)
                0x00000000c00186bc                Process::Process(char const*, Process*, char**)
                0x00000000c00188a8                Process::Process(bool, char const*, Process*, char**)
                0x00000000c00188a8                Process::Process(bool, char const*, Process*, char**)
                0x00000000c0018a60                taskStartupFunction
                0x00000000c0018a6c                Semaphore::Semaphore(int)
                0x00000000c0018a6c                Semaphore::Semaphore(int)
                0x00000000c0018a9c                Mutex::Mutex()
                0x00000000c0018a9c                Mutex::Mutex()
                0x00000000c0018ab0                Process::createThread(void (*)(void*), void*, int)
                0x00000000c0018ba8                Process::createUserThread()
                0x00000000c0018bc4                setupMultitasking(void (*)())
                0x00000000c0018ccc                schedule()
                0x00000000c0018d58                Semaphore::tryAcquire()
                0x00000000c0018e24                Semaphore::assertLocked(char const*)
                0x00000000c0018e9c                blockTaskWithSchedulerLockAlreadyHeld(TaskState)
                0x00000000c0018ec4                blockTask(TaskState)
                0x00000000c0018ef4                waitTask(int, int*, int)
                0x00000000c0018f38                milliTenthSleepUntil(unsigned int)
                0x00000000c0018fc4                milliTenthSleep(unsigned int)
                0x00000000c0018fd4                sleep(unsigned int)
                0x00000000c0018ff0                Semaphore::acquire()
                0x00000000c00190ac                taskReturned
                0x00000000c00190e8                Thr::processFromPID(int)
                0x00000000c0019188                unblockTask(ThreadControlBlock*)
                0x00000000c001922c                cleanupTerminatedTask(ThreadControlBlock*)
                0x00000000c00194f4                cleanerTaskFunction(void*)
                0x00000000c00195e4                terminateTask(int)
                0x00000000c00196b0                Thr::terminateFromIRQ(int)
                0x00000000c00196bc                Semaphore::release()
 .text          0x00000000c00197f9      0xb93 vm86/vm8086.32
                0x00000000c00197f9                Vm::inbv(unsigned short)
                0x00000000c001980c                Vm::outbv(unsigned short, unsigned char)
                0x00000000c0019842                Vm::realToLinear(unsigned short, unsigned short)
                0x00000000c0019852                Vm::getSegment(unsigned int)
                0x00000000c001985a                Vm::getOffset(unsigned int)
                0x00000000c001985f                Vm::mainloop2()
                0x00000000c0019899                Vm::mainVm8086Loop(void*)
                0x00000000c00198a9                Vm::mainloop3(unsigned long)
                0x00000000c00198cf                Vm::initialise8086()
                0x00000000c0019912                Vm::finish8086()
                0x00000000c0019973                Vm::getOutput8086(unsigned char*)
                0x00000000c0019998                Vm::start8086FromBuffer(unsigned char*, int, unsigned short, unsigned short, unsigned short, unsigned short)
                0x00000000c0019a51                Vm::start8086(char const*, unsigned short, unsigned short, unsigned short, unsigned short)
                0x00000000c0019bb9                Vm::doISR(regs*, int, unsigned char*, unsigned short, unsigned short)
                0x00000000c0019c43                Vm::readByteFromReal(unsigned short, unsigned short)
                0x00000000c0019c54                Vm::readWordFromReal(unsigned short, unsigned short)
                0x00000000c0019c66                Vm::readDwordFromReal(unsigned short, unsigned short)
                0x00000000c0019c77                Vm::writeByteFromReal(unsigned short, unsigned short, unsigned char)
                0x00000000c0019c8c                Vm::writeWordFromReal(unsigned short, unsigned short, unsigned short)
                0x00000000c0019ca2                Vm::writeDwordFromReal(unsigned short, unsigned short, unsigned int)
                0x00000000c0019cb7                Vm::faultHandler(regs*)
 .text          0x00000000c001a38c      0xfcd vm86/x87em.32
                0x00000000c001a38c                Vm::fpuInternalTo32(unsigned long long)
                0x00000000c001a3ea                Vm::fpuInternalTo64(unsigned long long)
                0x00000000c001a3f3                Vm::fpu32ToInternal(unsigned int)
                0x00000000c001a438                Vm::fpu64ToInternal(unsigned long long)
                0x00000000c001a441                Vm::fpuFloatToLong(unsigned long long)
                0x00000000c001a4a0                Vm::fpuULongToFloat(unsigned long long)
                0x00000000c001a4dc                Vm::fpuLongToFloat(long long)
                0x00000000c001a53b                Vm::fpuGet0()
                0x00000000c001a540                Vm::fpuGet1()
                0x00000000c001a548                Vm::fpuGetPi()
                0x00000000c001a550                Vm::fpuGetLog2E()
                0x00000000c001a568                Vm::fpuGetLogE2()
                0x00000000c001a580                Vm::fpuGetLog210()
                0x00000000c001a598                Vm::fpuGetLog102()
                0x00000000c001a5b0                Vm::fpuIsSecondLarger(unsigned long long, unsigned long long)
                0x00000000c001a5c4                Vm::fpuAreEqual(unsigned long long, unsigned long long)
                0x00000000c001a5da                Vm::fpuUnorderedCompare(unsigned long long, unsigned long long)
                0x00000000c001a630                Vm::fpuAdd(unsigned long long, unsigned long long)
                0x00000000c001a641                Vm::fpuAbs(unsigned long long)
                0x00000000c001a64a                Vm::fpuChs(unsigned long long)
                0x00000000c001a65a                Vm::fpuSub(unsigned long long, unsigned long long)
                0x00000000c001a669                Vm::fpuMultiply(unsigned long long, unsigned long long)
                0x00000000c001a688                Vm::fpuDivide(unsigned long long, unsigned long long)
                0x00000000c001a6a4                Vm::fpuSquare(unsigned long long)
                0x00000000c001a6ba                Vm::fpuGetReg(int)
                0x00000000c001a6fd                Vm::fpuSetReg(int, unsigned long long)
                0x00000000c001a749                Vm::fpuPush(unsigned long long)
                0x00000000c001a7a7                Vm::fpuPop()
                0x00000000c001a7fa                Vm::x87Handler(regs*)
 *fill*         0x00000000c001b359        0x3 
 .text          0x00000000c001b35c     0x13b7 fs/fat/vfslink.32
                0x00000000c001b35c                FAT::getName()
                0x00000000c001b364                FAT::tell(void*, unsigned long long*)
                0x00000000c001b3a0                FAT::stat(void*, unsigned long long*)
                0x00000000c001b3dc                FAT::~FAT()
                0x00000000c001b3dc                FAT::~FAT()
                0x00000000c001b400                FAT::~FAT()
                0x00000000c001b428                FAT::getlabel(LogicalDisk*, int, char*, unsigned int*)
                0x00000000c001b4cc                FAT::setlabel(LogicalDisk*, int, char*)
                0x00000000c001b590                FAT::format(LogicalDisk*, int, char const*, int)
                0x00000000c001b764                FAT::tryMount(LogicalDisk*, int)
                0x00000000c001b97c                FAT::allocateSwapfile(char const*, int)
                0x00000000c001bb38                FAT::readDir(void*, unsigned long, void*, int*)
                0x00000000c001bca4                FAT::read(void*, unsigned long, void*, int*)
                0x00000000c001bd04                FAT::write(void*, unsigned long, void*, int*)
                0x00000000c001bd64                FAT::close(void*)
                0x00000000c001bdb8                FAT::closeDir(void*)
                0x00000000c001be0c                FAT::seek(void*, unsigned long long)
                0x00000000c001be68                fatWrapperReadDisk
                0x00000000c001beb0                fatWrapperWriteDisk
                0x00000000c001bef8                fatWrapperIoctl
                0x00000000c001c008                FAT::FAT()
                0x00000000c001c008                FAT::FAT()
                0x00000000c001c05c                FAT::fixFilepath(char*)
                0x00000000c001c098                FAT::open(char const*, void**, FileOpenMode)
                0x00000000c001c1cc                FAT::openDir(char const*, void**)
                0x00000000c001c27c                FAT::stat(char const*, unsigned long long*, bool*)
                0x00000000c001c370                FAT::unlink(char const*)
                0x00000000c001c3f0                FAT::chfatattr(char const*, unsigned char, unsigned char)
                0x00000000c001c558                FAT::rename(char const*, char const*)
                0x00000000c001c624                FAT::mkdir(char const*)
                0x00000000c001c6a4                FAT::exists(char const*)
 *fill*         0x00000000c001c713        0x1 
 .text          0x00000000c001c714      0xba7 fs/iso9660/vfslink.32
                0x00000000c001c714                ISO9660::format(LogicalDisk*, int, char const*, int)
                0x00000000c001c71a                ISO9660::seek(void*, unsigned long long)
                0x00000000c001c74a                ISO9660::tell(void*, unsigned long long*)
                0x00000000c001c76e                ISO9660::getName()
                0x00000000c001c774                ISO9660::stat(void*, unsigned long long*)
                0x00000000c001c798                ISO9660::chfatattr(char const*, unsigned char, unsigned char)
                0x00000000c001c79e                ISO9660::unlink(char const*)
                0x00000000c001c7a4                ISO9660::write(void*, unsigned long, void*, int*)
                0x00000000c001c7aa                ISO9660::rename(char const*, char const*)
                0x00000000c001c7b0                ISO9660::mkdir(char const*)
                0x00000000c001c7b6                ISO9660::close(void*)
                0x00000000c001c7d8                ISO9660::closeDir(void*)
                0x00000000c001c7fa                ISO9660::~ISO9660()
                0x00000000c001c7fa                ISO9660::~ISO9660()
                0x00000000c001c81e                ISO9660::~ISO9660()
                0x00000000c001c845                __memmem(unsigned char*, int, unsigned char*, int)
                0x00000000c001c887                readSectorFromCDROM(unsigned int, unsigned char*, char)
                0x00000000c001c902                ISO9660::tryMount(LogicalDisk*, int)
                0x00000000c001c962                ISO9660::read(void*, unsigned long, void*, int*)
                0x00000000c001cb66                ISO9660::readDir(void*, unsigned long, void*, int*)
                0x00000000c001cde0                readRoot(unsigned int*, unsigned int*, char)
                0x00000000c001ce34                readRecursively(char*, unsigned int, unsigned int, unsigned int*, unsigned int*, char, int*)
                0x00000000c001d00a                getFileData(char*, unsigned int*, unsigned int*, char, int*)
                0x00000000c001d098                ISO9660::open(char const*, void**, FileOpenMode)
                0x00000000c001d146                ISO9660::exists(char const*)
                0x00000000c001d16a                ISO9660::stat(char const*, unsigned long long*, bool*)
                0x00000000c001d1fe                ISO9660::openDir(char const*, void**)
                0x00000000c001d298                ISO9660::ISO9660()
                0x00000000c001d298                ISO9660::ISO9660()
 *fill*         0x00000000c001d2bb        0x1 
 .text          0x00000000c001d2bc      0x298 hal/sound/sndcard.32
                0x00000000c001d2bc                SoundCard::beginPlayback()
                0x00000000c001d2ca                SoundCard::stopPlayback()
                0x00000000c001d2d8                SoundCard::SoundCard(char const*)
                0x00000000c001d2d8                SoundCard::SoundCard(char const*)
                0x00000000c001d376                SoundCard::~SoundCard()
                0x00000000c001d376                SoundCard::~SoundCard()
                0x00000000c001d39a                SoundCard::~SoundCard()
                0x00000000c001d3c4                SoundCard::configureRates(int, int, int)
                0x00000000c001d3f4                SoundCard::getSamples16(int, short*)
                0x00000000c001d45e                SoundCard::getSamples32(int, int*)
                0x00000000c001d4e4                SoundCard::addChannel(SoundPort*)
                0x00000000c001d540                SoundCard::removeChannel(int)
 .text          0x00000000c001d554      0x3fb hal/sound/sndport.32
                0x00000000c001d554                SoundPort::SoundPort(int, int, int, int)
                0x00000000c001d554                SoundPort::SoundPort(int, int, int, int)
                0x00000000c001d5e0                SoundPort::~SoundPort()
                0x00000000c001d5e0                SoundPort::~SoundPort()
                0x00000000c001d614                SoundPort::unpause()
                0x00000000c001d620                SoundPort::pause()
                0x00000000c001d62c                SoundPort::getBufferUsed()
                0x00000000c001d634                SoundPort::getBufferSize()
                0x00000000c001d63c                SoundPort::buffer16(short*, int)
                0x00000000c001d6f0                SoundPort::buffer32(int*, int)
                0x00000000c001d79c                SoundPort::unbufferAndAdd16(int, short*, SoundCard*)
                0x00000000c001d898                SoundPort::unbufferAndAdd32(int, int*, SoundCard*)
 .text          0x00000000c001d94f        0x0 hw/bus/isa.32
 *fill*         0x00000000c001d94f        0x1 
 .text          0x00000000c001d950     0x1187 hw/bus/pci.32
                0x00000000c001d950                PCI::open(int, int, void*)
                0x00000000c001d96e                PCI::close(int, int, void*)
                0x00000000c001d972                PCI::PCI()
                0x00000000c001d972                PCI::PCI()
                0x00000000c001da08                PCI::readBAR8(unsigned int, int)
                0x00000000c001da24                PCI::readBAR16(unsigned int, int)
                0x00000000c001da42                PCI::readBAR32(unsigned int, int)
                0x00000000c001da5e                PCI::writeBAR8(unsigned int, unsigned char, int)
                0x00000000c001da7e                PCI::writeBAR16(unsigned int, unsigned short, int)
                0x00000000c001daa0                PCI::writeBAR32(unsigned int, unsigned int, int)
                0x00000000c001dac0                PCI::legacyMechanism(unsigned char, unsigned char, unsigned char, unsigned char)
                0x00000000c001db2e                PCI::pciReadWord(unsigned char, unsigned char, unsigned char, unsigned char)
                0x00000000c001dbd6                PCI::getVendorID(unsigned char, unsigned char, unsigned char)
                0x00000000c001dbfa                PCI::getHeaderType(unsigned char, unsigned char, unsigned char)
                0x00000000c001dc22                PCI::getClassCode(unsigned char, unsigned char, unsigned char)
                0x00000000c001dc6c                PCI::getProgIF(unsigned char, unsigned char, unsigned char)
                0x00000000c001dc94                PCI::getRevisionID(unsigned char, unsigned char, unsigned char)
                0x00000000c001dcb8                PCI::getInterruptNumber(unsigned char, unsigned char, unsigned char)
                0x00000000c001dcdc                PCI::getSecondaryBus(unsigned char, unsigned char, unsigned char)
                0x00000000c001dd04                PCI::getBARAddress(unsigned char, unsigned char, unsigned char, unsigned char)
                0x00000000c001dd68                PCI::pciWriteWord(unsigned char, unsigned char, unsigned char, unsigned char, unsigned short)
                0x00000000c001de50                PCI::pciDetailsToFilepath(PCIDeviceInfo, char*)
                0x00000000c001e242                PCI::checkBus(unsigned char)
                0x00000000c001e266                PCI::foundDevice(PCIDeviceInfo)
                0x00000000c001e6a6                PCI::getDeviceData(unsigned char, unsigned char, unsigned char)
                0x00000000c001ea18                PCI::checkDevice(unsigned char, unsigned char)
                0x00000000c001ea84                PCI::detect()
 *fill*         0x00000000c001ead7        0x1 
 .text          0x00000000c001ead8      0xb4a hw/diskctrl/ide.32
                0x00000000c001ead8                IDE::close(int, int, void*)
                0x00000000c001eadc                IDE::IDE()
                0x00000000c001eadc                IDE::IDE()
                0x00000000c001eb10                IDE::prepareInterrupt(unsigned char)
                0x00000000c001eb22                selectDrive(unsigned char, unsigned char)
                0x00000000c001eb24                IDE::getBase(unsigned char)
                0x00000000c001eb36                IDE::write(unsigned char, unsigned char, unsigned char)
                0x00000000c001ebf6                IDE::read(unsigned char, unsigned char)
                0x00000000c001eca4                IDE::waitInterrupt(unsigned char)
                0x00000000c001ed06                ideChannel0IRQHandler(regs*, void*)
                0x00000000c001ed22                ideChannel1IRQHandler(regs*, void*)
                0x00000000c001ed3e                IDE::enableIRQs(unsigned char, bool)
                0x00000000c001ed84                IDE::open(int, int, void*)
                0x00000000c001f192                IDE::readBuffer(unsigned char, unsigned char, unsigned int, unsigned int)
                0x00000000c001f25e                IDE::detect()
                0x00000000c001f51e                IDE::printError(unsigned char, unsigned char, unsigned char)
                0x00000000c001f5ce                IDE::polling(unsigned char, unsigned int)
 .text          0x00000000c001f622      0x458 hw/diskctrl/satabus.32
                0x00000000c001f622                SATABus::close(int, int, void*)
                0x00000000c001f626                SATABus::detect()
                0x00000000c001f628                SATABus::SATABus()
                0x00000000c001f628                SATABus::SATABus()
                0x00000000c001f6ae                SATABus::findCmdslot(SATABus::tagHBA_PORT volatile*)
                0x00000000c001f6e0                SATABus::checkType(SATABus::tagHBA_PORT volatile*)
                0x00000000c001f728                SATABus::startCmd(SATABus::tagHBA_PORT volatile*)
                0x00000000c001f748                SATABus::stopCmd(SATABus::tagHBA_PORT volatile*)
                0x00000000c001f772                SATABus::portRebase(SATABus::tagHBA_PORT volatile*, int)
                0x00000000c001f878                SATABus::probePort(SATABus::tagHBA_MEM volatile*)
                0x00000000c001fa5a                SATABus::open(int, int, void*)
 .text          0x00000000c001fa7a      0x684 hw/diskphys/ata.32
                0x00000000c001fa7a                ATA::close(int, int, void*)
                0x00000000c001fa9e                ATA::powerSaving(PowerSavingLevel)
                0x00000000c001faa0                ATA::ATA()
                0x00000000c001faa0                ATA::ATA()
                0x00000000c001face                ATA::flush(bool)
                0x00000000c001fb18                ATA::readyForCommand()
                0x00000000c001fb64                ATA::access(unsigned long long, int, void*, bool)
                0x00000000c001ff5a                ATA::read(unsigned long long, int, void*)
                0x00000000c001ffa6                ATA::write(unsigned long long, int, void*)
                0x00000000c0020008                ATA::detectCHS()
                0x00000000c0020032                ATA::open(int, int, void*)
 .text          0x00000000c00200fe      0x645 hw/diskphys/atapi.32
                0x00000000c00200fe                ATAPI::write(unsigned long long, int, void*)
                0x00000000c0020104                ATAPI::close(int, int, void*)
                0x00000000c0020128                ATAPI::ATAPI()
                0x00000000c0020128                ATAPI::ATAPI()
                0x00000000c0020156                ATAPI::readyForCommand()
                0x00000000c00201a8                ATAPI::sendPacket(unsigned char*, int, bool, unsigned short*, int)
                0x00000000c0020468                ATAPI::diskRemoved()
                0x00000000c00204c4                ATAPI::eject()
                0x00000000c002050c                ATAPI::diskInserted()
                0x00000000c0020528                ATAPI::detectMedia()
                0x00000000c00205e4                ATAPI::open(int, int, void*)
                0x00000000c00206c4                ATAPI::read(unsigned long long, int, void*)
 *fill*         0x00000000c0020743        0x1 
 .text          0x00000000c0020744      0xa68 hw/diskphys/sata.32
                0x00000000c0020744                SATA::close(int, int, void*)
                0x00000000c0020768                SATA::powerSaving(PowerSavingLevel)
                0x00000000c002076a                SATA::open(int, int, void*)
                0x00000000c0020960                SATA::SATA()
                0x00000000c0020960                SATA::SATA()
                0x00000000c002098e                SATA::access(unsigned long long, int, void*, bool)
                0x00000000c0020f86                SATA::read(unsigned long long, int, void*)
                0x00000000c0021086                SATA::write(unsigned long long, int, void*)
 .text          0x00000000c00211ac      0x6d4 hw/diskphys/satapi.32
                0x00000000c00211ac                SATAPI::write(unsigned long long, int, void*)
                0x00000000c00211b2                SATAPI::close(int, int, void*)
                0x00000000c00211d6                SATAPI::SATAPI()
                0x00000000c00211d6                SATAPI::SATAPI()
                0x00000000c0021204                SATAPI::diskRemoved()
                0x00000000c0021260                SATAPI::diskInserted()
                0x00000000c002127c                SATAPI::sendPacket(unsigned char*, int, unsigned long long, unsigned short*, int)
                0x00000000c0021510                SATAPI::eject()
                0x00000000c0021568                SATAPI::detectMedia()
                0x00000000c00216a8                SATAPI::open(int, int, void*)
                0x00000000c00217a8                SATAPI::read(unsigned long long, int, void*)
 .text          0x00000000c0021880       0x94 hw/fpu/avx.32
                0x00000000c0021880                AVX::open(int, int, void*)
                0x00000000c0021894                AVX::close(int, int, void*)
                0x00000000c00218a8                AVX::available()
                0x00000000c00218bc                AVX::save(void*)
                0x00000000c00218d4                AVX::load(void*)
                0x00000000c00218ec                AVX::AVX()
                0x00000000c00218ec                AVX::AVX()
 .text          0x00000000c0021914       0x94 hw/fpu/mmx.32
                0x00000000c0021914                MMX::available()
                0x00000000c0021928                MMX::open(int, int, void*)
                0x00000000c002193c                MMX::close(int, int, void*)
                0x00000000c0021950                MMX::save(void*)
                0x00000000c0021968                MMX::load(void*)
                0x00000000c0021980                MMX::MMX()
                0x00000000c0021980                MMX::MMX()
 .text          0x00000000c00219a8       0x9c hw/fpu/sse.32
                0x00000000c00219a8                SSE::open(int, int, void*)
                0x00000000c00219bc                SSE::close(int, int, void*)
                0x00000000c00219d0                SSE::available()
                0x00000000c00219ec                SSE::save(void*)
                0x00000000c0021a04                SSE::load(void*)
                0x00000000c0021a1c                SSE::SSE()
                0x00000000c0021a1c                SSE::SSE()
 .text          0x00000000c0021a44       0xe4 hw/fpu/x87.32
                0x00000000c0021a44                x87::open(int, int, void*)
                0x00000000c0021a68                x87::close(int, int, void*)
                0x00000000c0021a7c                x87::available()
                0x00000000c0021a90                x87::save(void*)
                0x00000000c0021ac8                x87::load(void*)
                0x00000000c0021b00                x87::x87()
                0x00000000c0021b00                x87::x87()
 .text          0x00000000c0021b28      0x71e hw/intctrl/apic.32
                0x00000000c0021b28                APIC::disable()
                0x00000000c0021b2a                APIC::close(int, int, void*)
                0x00000000c0021b4c                IOAPIC::close(int, int, void*)
                0x00000000c0021b52                APIC::io_wait()
                0x00000000c0021b58                APIC::getBase()
                0x00000000c0021b9a                APIC::eoi(unsigned char)
                0x00000000c0021bc8                APIC::open(int, int, void*)
                0x00000000c0021d16                IOAPIC::IOAPIC()
                0x00000000c0021d16                IOAPIC::IOAPIC()
                0x00000000c0021d3e                APIC::APIC()
                0x00000000c0021d3e                APIC::APIC()
                0x00000000c0021e1a                IOAPIC::handlesGSIWithNumber(unsigned int)
                0x00000000c0021e4c                IOAPIC::read(int)
                0x00000000c0021e74                IOAPIC::open(int, int, void*)
                0x00000000c0021f6a                IOAPIC::write(int, int)
                0x00000000c0021f96                IOAPIC::redirect(unsigned char, unsigned long long, unsigned char, bool, bool)
                0x00000000c0022090                APIC::installIRQHandler(int, void (*)(regs*, void*), bool, void*)
 .text          0x00000000c0022246      0x3d3 hw/intctrl/pic.32
                0x00000000c0022246                PIC::disable()
                0x00000000c0022274                PIC::close(int, int, void*)
                0x00000000c0022296                PIC::PIC()
                0x00000000c0022296                PIC::PIC()
                0x00000000c002236c                PIC::ioWait()
                0x00000000c0022372                PIC::getIRQReg(int)
                0x00000000c00223dc                PIC::eoi(unsigned char)
                0x00000000c002246e                PIC::remap()
                0x00000000c00225da                PIC::open(int, int, void*)
 *fill*         0x00000000c0022619        0x3 
 .text          0x00000000c002261c      0x240 hw/timer/apictimer.32
                0x00000000c002261c                APICTimer::close(int, int, void*)
                0x00000000c0022624                apicTimerHandler(regs*, void*)
                0x00000000c002264c                APICTimer::write(int)
                0x00000000c0022734                APICTimer::open(int, int, void*)
                0x00000000c0022834                APICTimer::APICTimer()
                0x00000000c0022834                APICTimer::APICTimer()
 .text          0x00000000c002285c      0x1a3 hw/timer/pit.32
                0x00000000c002285c                PIT::write(int)
                0x00000000c00228dc                pitHandler(regs*, void*)
                0x00000000c0022900                PIT::open(int, int, void*)
                0x00000000c0022950                PIT::close(int, int, void*)
                0x00000000c0022980                PIT::PIT()
                0x00000000c0022980                PIT::PIT()
 *fill*         0x00000000c00229ff        0x1 
 .text          0x00000000c0022a00       0x1e hw/fpu/x86/avx.32
                0x00000000c0022a00                avxDetect
                0x00000000c0022a06                avxSave
                0x00000000c0022a07                avxLoad
                0x00000000c0022a08                avxInit
                0x00000000c0022a09                avxClose
                0x00000000c0022a0a                wouldSheSayYes
 *fill*         0x00000000c0022a1e        0x2 
 .text          0x00000000c0022a20       0x35 hw/fpu/x86/sse.32
                0x00000000c0022a20                absolutelyNoChanceInHell
                0x00000000c0022a20                sseDetect
                0x00000000c0022a38                sseSave
                0x00000000c0022a3e                sseLoad
                0x00000000c0022a44                sseInit
                0x00000000c0022a54                sseClose
 *fill*         0x00000000c0022a55        0xb 
 .text          0x00000000c0022a60       0x4c hw/fpu/x86/x87.32
                0x00000000c0022a66                x87Detect
                0x00000000c0022a81                x87Save
                0x00000000c0022a89                x87Load
                0x00000000c0022a91                x87Init
                0x00000000c0022aab                x87Close
 .text          0x00000000c0022aac       0x25 /cygdrive/d/Users/Alex/Desktop/Toolchain/Output/bin/../lib/gcc/i386-banana/8.1.0/crtend.o
 .text          0x00000000c0022ad1        0x0 crtn.32
 *fill*         0x00000000c0022ad1        0x3 
 .text          0x00000000c0022ad4      0x14b /cygdrive/d/Users/Alex/Desktop/Toolchain/Output/bin/../lib/gcc/i386-banana/8.1.0/libkgcc.a(_divdi3.o)
                0x00000000c0022ad4                __divdi3
 *fill*         0x00000000c0022c1f        0x1 
 .text          0x00000000c0022c20      0x17e /cygdrive/d/Users/Alex/Desktop/Toolchain/Output/bin/../lib/gcc/i386-banana/8.1.0/libkgcc.a(_moddi3.o)
                0x00000000c0022c20                __moddi3
 *fill*         0x00000000c0022d9e        0x2 
 .text          0x00000000c0022da0       0xff /cygdrive/d/Users/Alex/Desktop/Toolchain/Output/bin/../lib/gcc/i386-banana/8.1.0/libkgcc.a(_udivdi3.o)
                0x00000000c0022da0                __udivdi3
 *fill*         0x00000000c0022e9f        0x1 
 .text          0x00000000c0022ea0      0x11a /cygdrive/d/Users/Alex/Desktop/Toolchain/Output/bin/../lib/gcc/i386-banana/8.1.0/libkgcc.a(_umoddi3.o)
                0x00000000c0022ea0                __umoddi3
 *(.gnu.linkonce.t*)

.iplt           0x00000000c0022fc0        0x0
 .iplt          0x00000000c0022fc0        0x0 D:/Users/Alex/Desktop/Banana/kernel/boot.32

.init           0x00000000c0022fba        0xf
 .init          0x00000000c0022fba        0x3 crti.32
                0x00000000c0022fba                _init
 .init          0x00000000c0022fbd        0x5 /cygdrive/d/Users/Alex/Desktop/Toolchain/Output/bin/../lib/gcc/i386-banana/8.1.0/crtbegin.o
 .init          0x00000000c0022fc2        0x5 /cygdrive/d/Users/Alex/Desktop/Toolchain/Output/bin/../lib/gcc/i386-banana/8.1.0/crtend.o
 .init          0x00000000c0022fc7        0x2 crtn.32

.fini           0x00000000c0022fc9        0xa
 .fini          0x00000000c0022fc9        0x3 crti.32
                0x00000000c0022fc9                _fini
 .fini          0x00000000c0022fcc        0x5 /cygdrive/d/Users/Alex/Desktop/Toolchain/Output/bin/../lib/gcc/i386-banana/8.1.0/crtbegin.o
 .fini          0x00000000c0022fd1        0x2 crtn.32

.text._ZN8ComputerD2Ev
                0x00000000c0022fd4       0x23
 .text._ZN8ComputerD2Ev
                0x00000000c0022fd4       0x23 core/computer.32
                0x00000000c0022fd4                Computer::~Computer()
                0x00000000c0022fd4                Computer::~Computer()

.text._ZN8ComputerD0Ev
                0x00000000c0022ff8       0x2a
 .text._ZN8ComputerD0Ev
                0x00000000c0022ff8       0x2a core/computer.32
                0x00000000c0022ff8                Computer::~Computer()

.text._Z10idleCommonv
                0x00000000c0023022       0x21
 .text._Z10idleCommonv
                0x00000000c0023022       0x21 core/idle.32
                0x00000000c0023022                idleCommon()

.text._ZN10LinkedListI8UnixFileED2Ev
                0x00000000c0023044        0x2
 .text._ZN10LinkedListI8UnixFileED2Ev
                0x00000000c0023044        0x2 core/unixfile.32
                0x00000000c0023044                LinkedList<UnixFile>::~LinkedList()
                0x00000000c0023044                LinkedList<UnixFile>::~LinkedList()

.text._ZN10LinkedListI8UnixFileEC2Ev
                0x00000000c0023046       0x42
 .text._ZN10LinkedListI8UnixFileEC2Ev
                0x00000000c0023046       0x42 core/unixfile.32
                0x00000000c0023046                LinkedList<UnixFile>::LinkedList()