Archive member included to satisfy reference by file (symbol)

/cygdrive/d/Users/Alex/Desktop/Toolchain/Output/bin/../lib/gcc/i386-banana/8.1.0/libkgcc.a(_divdi3.o)
                              krnl/resolve.32 (__divdi3)
/cygdrive/d/Users/Alex/Desktop/Toolchain/Output/bin/../lib/gcc/i386-banana/8.1.0/libkgcc.a(_moddi3.o)
                              krnl/resolve.32 (__moddi3)
/cygdrive/d/Users/Alex/Desktop/Toolchain/Output/bin/../lib/gcc/i386-banana/8.1.0/libkgcc.a(_udivdi3.o)
                              hal/clock.32 (__udivdi3)
/cygdrive/d/Users/Alex/Desktop/Toolchain/Output/bin/../lib/gcc/i386-banana/8.1.0/libkgcc.a(_umoddi3.o)
                              core/pipe.32 (__umoddi3)

Allocating common symbols
Common symbol       size              file

dcache              0x40              fs/iso9660/iso9660.32
cdDriveLetter       0x1               fs/iso9660/iso9660.32
icache              0x40              fs/iso9660/iso9660.32

Discarded input sections

 .comment       0x0000000000000000       0x12 /cygdrive/d/Users/Alex/Desktop/Toolchain/Output/bin/../lib/gcc/i386-banana/8.1.0/crtbegin.o
 .comment       0x0000000000000000       0x12 acpica/utclib.32
 .comment       0x0000000000000000       0x12 core/malloc.32
 .comment       0x0000000000000000       0x12 libk/ctype.32
 .comment       0x0000000000000000       0x12 libk/string.32
 .comment       0x0000000000000000       0x12 fs/fat/diskio.32
 .comment       0x0000000000000000       0x12 fs/fat/ff.32
 .comment       0x0000000000000000       0x12 fs/fat/ffsystem.32
 .comment       0x0000000000000000       0x12 fs/fat/ffunicode.32
 .comment       0x0000000000000000       0x12 fs/iso9660/iso9660.32
 .group         0x0000000000000000       0x14 core/computer.32
 .group         0x0000000000000000        0xc core/computer.32
 .comment       0x0000000000000000       0x12 core/computer.32
 .comment       0x0000000000000000       0x12 core/gdt.32
 .group         0x0000000000000000        0xc core/idle.32
 .comment       0x0000000000000000       0x12 core/idle.32
 .comment       0x0000000000000000       0x12 core/idt.32
 .comment       0x0000000000000000       0x12 core/kheap.32
 .comment       0x0000000000000000       0x12 core/main.32
 .comment       0x0000000000000000       0x12 core/physmgr.32
 .group         0x0000000000000000        0xc core/pipe.32
 .comment       0x0000000000000000       0x12 core/pipe.32
 .group         0x0000000000000000        0xc core/terminal.32
 .comment       0x0000000000000000       0x12 core/terminal.32
 .comment       0x0000000000000000       0x12 core/tss.32
 .group         0x0000000000000000        0x8 core/unixfile.32
 .group         0x0000000000000000        0x8 core/unixfile.32
 .group         0x0000000000000000        0xc core/unixfile.32
 .group         0x0000000000000000        0x8 core/unixfile.32
 .group         0x0000000000000000        0xc core/unixfile.32
 .group         0x0000000000000000        0x8 core/unixfile.32
 .group         0x0000000000000000        0xc core/unixfile.32
 .group         0x0000000000000000        0xc core/unixfile.32
 .comment       0x0000000000000000       0x12 core/unixfile.32
 .comment       0x0000000000000000       0x12 core/virtmgr.32
 .comment       0x0000000000000000       0x12 coreobjs/c++.32
 .comment       0x0000000000000000       0x12 dbg/kconsole.32
 .comment       0x0000000000000000       0x12 dbg/usban.32
 .comment       0x0000000000000000       0x12 fs/symlink.32
 .group         0x0000000000000000        0xc fs/vfs.32
 .group         0x0000000000000000        0xc fs/vfs.32
 .group         0x0000000000000000        0xc fs/vfs.32
 .comment       0x0000000000000000       0x12 fs/vfs.32
 .group         0x0000000000000000        0xc hal/bus.32
 .comment       0x0000000000000000       0x12 hal/bus.32
 .comment       0x0000000000000000       0x12 hal/buzzer.32
 .group         0x0000000000000000        0xc hal/clock.32
 .comment       0x0000000000000000       0x12 hal/clock.32
 .group         0x0000000000000000       0x14 hal/device.32
 .group         0x0000000000000000        0xc hal/device.32
 .group         0x0000000000000000        0x8 hal/device.32
 .group         0x0000000000000000        0xc hal/device.32
 .group         0x0000000000000000        0xc hal/device.32
 .comment       0x0000000000000000       0x12 hal/device.32
 .group         0x0000000000000000        0xc hal/diskctrl.32
 .comment       0x0000000000000000       0x12 hal/diskctrl.32
 .group         0x0000000000000000        0xc hal/diskphys.32
 .comment       0x0000000000000000       0x12 hal/diskphys.32
 .comment       0x0000000000000000       0x12 hal/fpu.32
 .comment       0x0000000000000000       0x12 hal/intctrl.32
 .group         0x0000000000000000        0xc hal/keybrd.32
 .comment       0x0000000000000000       0x12 hal/keybrd.32
 .group         0x0000000000000000        0xc hal/logidisk.32
 .comment       0x0000000000000000       0x12 hal/logidisk.32
[...]
Memory Configuration

Name             Origin             Length             Attributes
*default*        0x0000000000000000 0xffffffffffffffff

Linker script and memory map

LOAD D:/Users/Alex/Desktop/Banana/kernel/boot.32
LOAD crti.32
LOAD /cygdrive/d/Users/Alex/Desktop/Toolchain/Output/bin/../lib/gcc/i386-banana/8.1.0/crtbegin.o
LOAD D:/Users/Alex/Desktop/Banana/kernel/morenasm.32
LOAD acpica/utclib.32
LOAD core/malloc.32
LOAD libk/ctype.32
LOAD libk/string.32
LOAD fs/fat/diskio.32
LOAD fs/fat/ff.32
LOAD fs/fat/ffsystem.32
LOAD fs/fat/ffunicode.32
LOAD fs/iso9660/iso9660.32
LOAD core/computer.32
LOAD core/gdt.32
LOAD core/idle.32
LOAD core/idt.32
LOAD core/kheap.32
LOAD core/main.32
LOAD core/physmgr.32
LOAD core/pipe.32
LOAD core/terminal.32
LOAD core/tss.32
LOAD core/unixfile.32
LOAD core/virtmgr.32
LOAD coreobjs/c++.32
LOAD dbg/kconsole.32
LOAD dbg/usban.32
LOAD fs/symlink.32
LOAD fs/vfs.32
LOAD hal/bus.32
LOAD hal/buzzer.32
LOAD hal/clock.32
LOAD hal/device.32
LOAD hal/diskctrl.32
LOAD hal/diskphys.32
LOAD hal/fpu.32
LOAD hal/intctrl.32
LOAD hal/keybrd.32
LOAD hal/logidisk.32
LOAD hal/mouse.32
LOAD hal/nic.32
LOAD hal/partition.32
LOAD hal/serial.32
LOAD hal/timer.32
LOAD hal/vcache.32
LOAD hal/video.32
LOAD hw/acpi.32
LOAD hw/cpu.32
LOAD krnl/atexit.32
LOAD krnl/bootmsg.32
LOAD krnl/compat.32
LOAD krnl/crc32.32
LOAD krnl/env.32
LOAD krnl/inlines.32
LOAD krnl/panic.32
LOAD krnl/powctrl.32
LOAD krnl/random.32
LOAD krnl/resolve.32
LOAD krnl/signal.32
LOAD krnl/syscalls.32
LOAD net/ethernet.32
LOAD reg/cm.32
LOAD reg/registry.32
LOAD sys/eject.32
LOAD sys/exit.32
LOAD sys/getcwd.32
LOAD sys/getpid.32
LOAD sys/getramdata.32
LOAD sys/getvgaptr.32
LOAD sys/kill.32
LOAD sys/loaddll.32
LOAD sys/read.32
LOAD sys/registersignal.32
LOAD sys/registry.32
LOAD sys/sbrk.32
LOAD sys/setcwd.32
LOAD sys/settime.32
LOAD sys/symlink.32
LOAD sys/timezone.32
LOAD sys/truncate.32
LOAD sys/write.32
LOAD sys/wsbe.32
LOAD sys/yield.32
LOAD thr/elf.32
LOAD thr/prcssthr.32
LOAD vm86/vm8086.32
LOAD arch/i386/hal.32
LOAD arch/i386/pic.32
LOAD arch/i386/rtc.32
LOAD arch/i386/vga.32
LOAD fs/fat/vfslink.32
LOAD fs/iso9660/helper.32
LOAD fs/iso9660/vfslink.32
LOAD hal/sound/sndcard.32
LOAD hal/sound/sndport.32
LOAD hw/bus/isa.32
LOAD hw/bus/pci.32
LOAD hw/diskctrl/ide.32
LOAD hw/diskctrl/satabus.32
LOAD hw/diskphys/ata.32
LOAD hw/diskphys/atapi.32
LOAD hw/diskphys/sata.32
LOAD hw/diskphys/satapi.32
LOAD hw/intctrl/apic.32
LOAD hw/timer/apictimer.32
LOAD hw/timer/pit.32
LOAD arch/i386/avx.32
LOAD arch/i386/interrupt.32
LOAD arch/i386/rdrand.32
LOAD arch/i386/sse.32
LOAD arch/i386/x87.32
LOAD /cygdrive/d/Users/Alex/Desktop/Toolchain/Output/bin/../lib/gcc/i386-banana/8.1.0/crtend.o
LOAD crtn.32
LOAD /cygdrive/d/Users/Alex/Desktop/Toolchain/Output/bin/../lib/gcc/i386-banana/8.1.0/libkgcc.a
LOAD D:/Users/Alex/Desktop/Banana/kernel/libsoftfp.a
LOAD D:/Users/Alex/Desktop/Banana/kernel/libk/libm32.a
                0x00000000c0000000                . = 0xc0000000

.text           0x00000000c0000000    0x1f9ea
 *(.text)
 .text          0x00000000c0000000       0x20 D:/Users/Alex/Desktop/Banana/kernel/boot.32
 .text          0x00000000c0000020        0x0 crti.32
 .text          0x00000000c0000020      0x101 /cygdrive/d/Users/Alex/Desktop/Toolchain/Output/bin/../lib/gcc/i386-banana/8.1.0/crtbegin.o
 *fill*         0x00000000c0000121        0xf 
 .text          0x00000000c0000130      0x24f D:/Users/Alex/Desktop/Banana/kernel/morenasm.32
                0x00000000c0000130                manualPCIProbe
                0x00000000c000017b                prepareTramp
                0x00000000c0000194                doTPAUSE
                0x00000000c000019e                hasLegacyFPU
                0x00000000c00001c3                is486
                0x00000000c00001f9                detectCPUID
                0x00000000c000020f                goToVM86
                0x00000000c000023f                goToUsermode
                0x00000000c0000269                switchToThreadASMFirstTime
                0x00000000c0000277                switchToThreadASM
                0x00000000c00002fc                asmQuickAcquireLock
                0x00000000c000031a                asmQuickReleaseLock
                0x00000000c0000326                asmAcquireLock
                0x00000000c0000347                asmReleaseLock
                0x00000000c000035a                loadGDT
                0x00000000c000037a                memcpy
 *fill*         0x00000000c000037f        0x1 
 .text          0x00000000c0000380      0x868 acpica/utclib.32
                0x00000000c0000380                memcmp
                0x00000000c00003d0                memmove
                0x00000000c00004f0                memset
                0x00000000c0000570                strlen
                0x00000000c00005a0                strpbrk
                0x00000000c00005f0                strtok
                0x00000000c0000640                strcpy
                0x00000000c0000680                strncpy
                0x00000000c0000750                strcmp
                0x00000000c00007a0                strchr
                0x00000000c00007e0                strncmp
                0x00000000c0000840                strcat
                0x00000000c0000870                strncat
                0x00000000c00008d0                strstr
                0x00000000c0000930                toupper
                0x00000000c0000950                tolower
                0x00000000c0000970                simple_strtoul
 .text          0x00000000c0000be8      0xfaa core/malloc.32
                0x00000000c0000d53                dlfree
                0x00000000c00010ab                dlmalloc
                0x00000000c00015e8                dlrealloc
                0x00000000c000178b                dlmemalign
                0x00000000c00018ae                dlcalloc
                0x00000000c0001948                dlcfree
                0x00000000c000194d                dlindependent_calloc
                0x00000000c0001972                dlindependent_comalloc
                0x00000000c0001989                dlvalloc
                0x00000000c00019b4                dlpvalloc
                0x00000000c00019ea                dlmalloc_trim
                0x00000000c00019f7                dlmalloc_usable_size
                0x00000000c0001a28                dlmallinfo
                0x00000000c0001af7                dlmalloc_stats
                0x00000000c0001b08                dlmallopt
 *fill*         0x00000000c0001b92        0x2 
 .text          0x00000000c0001b94      0x1f2 libk/ctype.32
                0x00000000c0001b94                isblank
                0x00000000c0001bb4                iscntrl
                0x00000000c0001bd4                isdigit
                0x00000000c0001bf0                islower
                0x00000000c0001c0c                isspace
                0x00000000c0001c34                isupper
                0x00000000c0001c50                isalpha
                0x00000000c0001c80                isalnum
                0x00000000c0001cb0                ispunct
                0x00000000c0001cf0                isgraph
                0x00000000c0001d20                isprint
                0x00000000c0001d48                isxdigit
 .text          0x00000000c0001d86        0x0 libk/string.32
 .text          0x00000000c0001d86       0x51 fs/fat/diskio.32
                0x00000000c0001d86                disk_status
                0x00000000c0001d89                disk_initialize
                0x00000000c0001d8c                disk_read
                0x00000000c0001da2                disk_write
                0x00000000c0001db8                disk_ioctl
 .text          0x00000000c0001dd7     0x3e46 fs/fat/ff.32
                0x00000000c0003bf8                f_mount
                0x00000000c0003c5a                f_open
                0x00000000c0003f1d                f_read
                0x00000000c000411c                f_write
                0x00000000c0004364                f_sync
                0x00000000c0004429                f_close
                0x00000000c0004458                f_lseek
                0x00000000c0004609                f_opendir
                0x00000000c00046d4                f_closedir
                0x00000000c00046f6                f_readdir
                0x00000000c0004788                f_stat
                0x00000000c0004807                f_getfree
                0x00000000c0004910                f_truncate
                0x00000000c00049fa                f_unlink
                0x00000000c0004b1c                f_mkdir
                0x00000000c0004cb7                f_rename
                0x00000000c0004e6f                f_chmod
                0x00000000c0004f1f                f_utime
                0x00000000c0004fcf                f_getlabel
                0x00000000c0005120                f_setlabel
                0x00000000c00052b0                f_expand
                0x00000000c000541d                f_mkfs
 *fill*         0x00000000c0005c1d        0x3 
 .text          0x00000000c0005c20       0x2f fs/fat/ffsystem.32
                0x00000000c0005c20                ff_memalloc
                0x00000000c0005c38                ff_memfree
 *fill*         0x00000000c0005c4f        0x1 
 .text          0x00000000c0005c50      0x2dc fs/fat/ffunicode.32
                0x00000000c0005c50                ff_uni2oem
                0x00000000c0005cf0                ff_oem2uni
                0x00000000c0005d68                ff_wtoupper
 .text          0x00000000c0005f2c      0xd32 fs/iso9660/iso9660.32
                0x00000000c0006177                isoReadDiscSector
                0x00000000c0006212                strnicmp
                0x00000000c00064c1                stricmp
                0x00000000c000650d                iso_open
                0x00000000c0006597                iso_close
                0x00000000c00065b5                iso_read
                0x00000000c00066cb                iso_seek
                0x00000000c000674f                iso_tell
                0x00000000c0006780                iso_total
                0x00000000c00067ab                fn_postprocess
                0x00000000c00067d2                iso_readdir
                0x00000000c0006a29                iso_reset
                0x00000000c0006a46                init_percd
                0x00000000c0006b40                iso_ioctl
                0x00000000c0006b58                fs_iso9660_init
                0x00000000c0006bee                fs_iso9660_shutdown
 .text          0x00000000c0006c5e      0x6c3 core/computer.32
                0x00000000c0006c5e                Computer::close(int, int, void*)
                0x00000000c0006ca8                Krnl::firstTask()
                0x00000000c0006de6                Computer::Computer()
                0x00000000c0006de6                Computer::Computer()
                0x00000000c0006e96                Computer::setBootMessage(char const*)
                0x00000000c0006e98                Computer::detectFeatures()
                0x00000000c00070be                Computer::displayFeatures()
                0x00000000c00070c0                Computer::rdmsr(unsigned int)
                0x00000000c00070ec                Computer::wrmsr(unsigned int, unsigned long long)
                0x00000000c0007128                Computer::shutdown()
                0x00000000c0007140                Computer::restart()
                0x00000000c0007158                Computer::sleep()
                0x00000000c000716c                Computer::nmiEnabled()
                0x00000000c0007178                Computer::readCMOS(unsigned char)
                0x00000000c0007196                Computer::enableNMI(bool)
                0x00000000c00071ae                Computer::open(int, int, void*)
                0x00000000c0007282                Computer::disableNMI()
                0x00000000c0007292                Computer::writeCMOS(unsigned char, unsigned char)
                0x00000000c00072b6                Computer::handleNMI()
 *fill*         0x00000000c0007321        0x1 
 .text          0x00000000c0007322      0x1db core/gdt.32
                0x00000000c0007322                GDTEntry::setBase(unsigned int)
                0x00000000c000733e                GDTEntry::setLimit(unsigned int)
                0x00000000c000735c                GDT::GDT()
                0x00000000c000735c                GDT::GDT()
                0x00000000c0007372                GDT::addEntry(GDTEntry)
                0x00000000c0007394                GDT::getNumberOfEntries()
                0x00000000c000739c                GDT::flush()
                0x00000000c00073be                GDT::setup()
 .text          0x00000000c00074fd       0x1d core/idle.32
                0x00000000c00074fd                idleFunction(void*)
 *fill*         0x00000000c000751a        0x2 
 .text          0x00000000c000751c      0x46c core/idt.32
                0x00000000c000751c                IDTEntry::IDTEntry(bool)
                0x00000000c000751c                IDTEntry::IDTEntry(bool)
                0x00000000c0007596                IDTEntry::setOffset(unsigned int)
                0x00000000c00075ac                IDT::IDT()
                0x00000000c00075ac                IDT::IDT()
                0x00000000c00075ae                IDT::getPointerToInvalidOpcodeEntryForF00F()
                0x00000000c00075b6                IDT::addEntry(IDTEntry, int)
                0x00000000c00075d0                IDT::addEntry(int, void (*)(), bool)
                0x00000000c0007608                IDT::flush()
                0x00000000c0007622                IDT::setup()
 .text          0x00000000c0007988      0x188 core/kheap.32
                0x00000000c0007988                sbrk
                0x00000000c0007a1f                mmap
                0x00000000c0007a35                munmap
                0x00000000c0007a4b                liballoc_lock()
                0x00000000c0007a59                liballoc_unlock()
                0x00000000c0007a6f                liballoc_alloc(int)
                0x00000000c0007a87                liballoc_free(void*, int)
                0x00000000c0007aa2                realloc
                0x00000000c0007ab6                malloc
                0x00000000c0007ac6                free
                0x00000000c0007ad6                rfree
                0x00000000c0007ae6                calloc
 .text          0x00000000c0007b10       0xc7 core/main.32
                0x00000000c0007b10                KeEntryPoint
 .text          0x00000000c0007bd7      0x644 core/physmgr.32
                0x00000000c0007bd7                Phys::allocateDMA(unsigned long)
                0x00000000c0007cbf                Phys::freeDMA(unsigned long, unsigned long)
                0x00000000c0007cfa                Phys::setPageState(unsigned long, bool)
                0x00000000c0007d3a                Phys::getPageState(unsigned long)
                0x00000000c0007d56                Phys::freePage(unsigned long)
                0x00000000c0007dbf                Phys::allocatePage()
                0x00000000c0007e8e                Phys::allocateContiguousPages(int)
                0x00000000c0007ef5                Phys::allowSegmentToBeUsed(unsigned long, unsigned long)
                0x00000000c0007f2d                Phys::physicalMemorySetup(unsigned int)
 *fill*         0x00000000c000821b        0x1 
 .text          0x00000000c000821c      0x273 core/pipe.32
                0x00000000c000821c                Pipe::isAtty()
                0x00000000c0008220                Pipe::~Pipe()
                0x00000000c0008220                Pipe::~Pipe()
                0x00000000c0008244                Pipe::~Pipe()
                0x00000000c000826c                Pipe::write(unsigned long long, void*, int*)
                0x00000000c000832c                Pipe::read(unsigned long long, void*, int*)
                0x00000000c0008428                Pipe::Pipe(int)
                0x00000000c0008428                Pipe::Pipe(int)
 *fill*         0x00000000c000848f        0x1 
 .text          0x00000000c0008490      0xab3 core/terminal.32
                0x00000000c0008490                VgaText::isAtty()
                0x00000000c0008494                VgaText::~VgaText()
                0x00000000c0008494                VgaText::~VgaText()
                0x00000000c00084b8                VgaText::~VgaText()
                0x00000000c00084e2                VgaText::read(unsigned long long, void*, int*)
                0x00000000c0008502                setTerminalScrollLock(bool)
                0x00000000c0008503                doTerminalCycle()
                0x00000000c0008504                addToTerminalCycle(VgaText*)
                0x00000000c0008505                scrollTerminalScrollLock(int)
                0x00000000c0008506                VgaText::updateTitle()
                0x00000000c0008508                VgaText::load()
                0x00000000c000850a                VgaText::updateCursor()
                0x00000000c0008520                VgaText::doANSI_SGR(int)
                0x00000000c0008594                VgaText::setDefaultBgColour(VgaColour)
                0x00000000c00085a4                VgaText::setDefaultFgColour(VgaColour)
                0x00000000c00085b4                VgaText::setDefaultColours(VgaColour, VgaColour)
                0x00000000c00085d4                VgaText::setTitleTextColour(VgaColour)
                0x00000000c00085e0                VgaText::setTitleColour(VgaColour)
                0x00000000c00085ec                VgaText::setTitle(char*)
                0x00000000c00085ee                VgaText::combineColours(unsigned char, unsigned char)
                0x00000000c0008600                VgaText::scrollScreen()
                0x00000000c0008692                VgaText::combineCharAndColour(char, unsigned char)
                0x00000000c00086a2                VgaText::writeCharacter(char, VgaColour, VgaColour, int, int)
                0x00000000c0008732                VgaText::getCursorX()
                0x00000000c000873a                VgaText::getCursorY()
                0x00000000c0008742                VgaText::setCursor(int, int)
                0x00000000c0008759                setActiveTerminal(VgaText*)
                0x00000000c00087a4                VgaText::clearScreen()
                0x00000000c00087f2                VgaText::setCursorX(int)
                0x00000000c000880a                VgaText::setCursorY(int)
                0x00000000c0008822                VgaText::incrementCursor(bool)
                0x00000000c0008876                VgaText::decrementCursor(bool)
                0x00000000c0008898                VgaText::putchar(char, VgaColour, VgaColour)
                0x00000000c0008968                VgaText::putchar(char)
                0x00000000c0008a60                VgaText::putx(unsigned int)
                0x00000000c0008aa6                VgaText::puts(char const*)
                0x00000000c0008acc                VgaText::write(unsigned long long, void*, int*)
                0x00000000c0008b18                VgaText::puts(char const*, VgaColour, VgaColour)
                0x00000000c0008c66                VgaText::VgaText(char const*)
                0x00000000c0008c66                VgaText::VgaText(char const*)
                0x00000000c0008db6                VgaText::receiveKey(unsigned char)
                0x00000000c0008f42                VgaText::doUpdate()
 *fill*         0x00000000c0008f43        0x1 
 .text          0x00000000c0008f44      0x1a1 core/tss.32
                0x00000000c0008f44                TSS::TSS()
                0x00000000c0008f44                TSS::TSS()
                0x00000000c0008f54                TSS::setESP(unsigned long)
                0x00000000c0008f68                TSS::flush()
                0x00000000c0008f88                TSS::setup(unsigned long, unsigned long)
 *fill*         0x00000000c00090e5        0x1 
 .text          0x00000000c00090e6      0x4ca core/unixfile.32
                0x00000000c00090e6                ReservedFilename::read(unsigned long long, void*, int*)
                0x00000000c000913c                ReservedFilename::isAtty()
                0x00000000c0009158                ReservedFilename::write(unsigned long long, void*, int*)
                0x00000000c00091b6                UnixFile::getFileDescriptor()
                0x00000000c00091be                UnixFile::UnixFile(int)
                0x00000000c00091be                UnixFile::UnixFile(int)
                0x00000000c0009372                ReservedFilename::ReservedFilename(int)
                0x00000000c0009372                ReservedFilename::ReservedFilename(int)
                0x00000000c00093a4                UnixFile::~UnixFile()
                0x00000000c00093a4                UnixFile::~UnixFile()
                0x00000000c0009440                UnixFile::~UnixFile()
                0x00000000c0009468                ReservedFilename::~ReservedFilename()
                0x00000000c0009468                ReservedFilename::~ReservedFilename()
                0x00000000c000948c                ReservedFilename::~ReservedFilename()
                0x00000000c00094b3                KeGetFileFromDescriptor(int)
 .text          0x00000000c00095b0     0x1218 core/virtmgr.32
                0x00000000c00095b0                Virt::setPageState(unsigned long, Virt::VirtPageState)
                0x00000000c00095ea                Virt::getPageState(unsigned long)
                0x00000000c000960d                Virt::allocateKernelVirtualPages(int)
                0x00000000c0009732                Virt::freeSwapfilePage(unsigned long)
                0x00000000c0009755                Virt::swapIDToSector(unsigned long)
                0x00000000c000976b                Virt::allocateSwapfilePage()
                0x00000000c00097eb                Virt::virtualMemorySetup()
                0x00000000c000983c                Virt::setupPageSwapping(int)
                0x00000000c00098ae                VAS::setCPUSpecific(unsigned long)
                0x00000000c00098b0                VAS::VAS(VAS*)
                0x00000000c00098b0                VAS::VAS(VAS*)
                0x00000000c00098de                VAS::getForeignPageTableEntry(bool, unsigned long)
                0x00000000c000990c                VAS::getPageTableEntry(unsigned long)
                0x00000000c000992b                Virt::freeKernelVirtualPages(unsigned long)
                0x00000000c0009a68                VAS::freeAllocatedPages(unsigned long)
                0x00000000c0009a8c                VAS::virtualToPhysical(unsigned long)
                0x00000000c0009aa6                VAS::reflagRange(unsigned long, int, unsigned long, unsigned long)
                0x00000000c0009ae8                VAS::VAS()
                0x00000000c0009ae8                VAS::VAS()
                0x00000000c0009b52                VAS::setToWriteCombining(unsigned long, int)
                0x00000000c0009b86                VAS::mapOtherVASIn(bool, VAS*)
                0x00000000c0009bb2                VAS::~VAS()
                0x00000000c0009bb2                VAS::~VAS()
                0x00000000c0009d20                VAS::mapPage(unsigned long, unsigned long, int)
                0x00000000c0009e24                VAS::allocatePages(int, int)
                0x00000000c0009f1a                VAS::mapRange(unsigned long, unsigned long, int, int)
                0x00000000c0009f72                VAS::mapForeignPage(bool, VAS*, unsigned long, unsigned long, int)
                0x00000000c000a068                VAS::VAS(bool)
                0x00000000c000a068                VAS::VAS(bool)
                0x00000000c000a2b2                VAS::evict(unsigned long)
                0x00000000c000a390                VAS::tryLoadBackOffDisk(unsigned long)
                0x00000000c000a52a                VAS::allocateSharedMemoryWithKernel(unsigned long, unsigned long*)
                0x00000000c000a59e                VAS::freeSharedMemoryWithKernel(unsigned long, unsigned long)
                0x00000000c000a5ca                VAS::scanForEviction()
                0x00000000c000a6cd                mapVASFirstTime
 .text          0x00000000c000a7c8       0x5f coreobjs/c++.32
                0x00000000c000a7c8                __cxa_atexit
                0x00000000c000a7cb                __cxa_finalize
                0x00000000c000a7cc                __stack_chk_fail
                0x00000000c000a802                __cxa_pure_virtual
                0x00000000c000a813                operator new[](unsigned long)
                0x00000000c000a818                operator delete(void*, unsigned long)
                0x00000000c000a81d                operator delete[](void*)
                0x00000000c000a822                operator delete[](void*, unsigned long)
 .text          0x00000000c000a827      0x254 dbg/kconsole.32
                0x00000000c000a827                Dbg::stringifyxWithBase(unsigned int, char*, int)
                0x00000000c000a8c7                Dbg::logc(char)
                0x00000000c000a8e7                Dbg::logs(char*)
                0x00000000c000a906                Dbg::logWriteInt(unsigned int)
                0x00000000c000a924                Dbg::logWriteIntBase(unsigned int, int)
                0x00000000c000a945                Dbg::kprintf(char const*, ...)
 *fill*         0x00000000c000aa7b        0x1 
 .text          0x00000000c000aa7c      0x2d4 dbg/usban.32
                0x00000000c000aa7c                KiUbsanPrintDetails(char const*, void*)
                0x00000000c000aae8                __ubsan_handle_type_mismatch_v1
                0x00000000c000abc4                __ubsan_handle_pointer_overflow
                0x00000000c000abf0                __ubsan_handle_out_of_bounds
                0x00000000c000ac1c                __ubsan_handle_add_overflow
                0x00000000c000ac48                __ubsan_handle_load_invalid_value
                0x00000000c000ac74                __ubsan_handle_divrem_overflow
                0x00000000c000aca0                __ubsan_handle_mul_overflow
                0x00000000c000accc                __ubsan_handle_sub_overflow
                0x00000000c000acf8                __ubsan_handle_shift_out_of_bounds
                0x00000000c000ad24                __ubsan_handle_negate_overflow
 .text          0x00000000c000ad50      0x910 fs/symlink.32
                0x00000000c000af22                KiDeinitialiseSymlinks(void*)
                0x00000000c000afb5                KeRegisterSymlink(char const*, unsigned long long)
                0x00000000c000b038                KiIsSymlinkRegistered(char const*)
                0x00000000c000b1a2                KeDereferenceSymlink(char const*, char*)
                0x00000000c000b349                KeCreateSymlink(char const*, char const*)
                0x00000000c000b485                KeInitialiseSymlinks()
 .text          0x00000000c000b660      0xd68 fs/vfs.32
                0x00000000c000b660                File::read(unsigned long long, void*, int*)
                0x00000000c000b6b8                File::write(unsigned long long, void*, int*)
                0x00000000c000b710                Directory::read(unsigned long long, void*, int*)
                0x00000000c000b768                Directory::write(unsigned long long, void*, int*)
                0x00000000c000b796                File::isAtty()
                0x00000000c000b79a                Directory::isAtty()
                0x00000000c000b79e                Filesystem::getlabel(LogicalDisk*, int, char*, unsigned int*)
                0x00000000c000b7a4                Filesystem::setlabel(LogicalDisk*, int, char*)
                0x00000000c000b7aa                Filesystem::allocateSwapfile(char const*, int)
                0x00000000c000b7b0                File::~File()
                0x00000000c000b7b0                File::~File()
                0x00000000c000b7d4                File::~File()
                0x00000000c000b7fe                Directory::~Directory()
                0x00000000c000b7fe                Directory::~Directory()
                0x00000000c000b822                Directory::~Directory()
                0x00000000c000b84c                Filesystem::Filesystem()
                0x00000000c000b84c                Filesystem::Filesystem()
                0x00000000c000b870                Filesystem::~Filesystem()
                0x00000000c000b870                Filesystem::~Filesystem()
                0x00000000c000b87e                Filesystem::~Filesystem()
                0x00000000c000b8a2                Fs::getcwd(Process*, char*, int)
                0x00000000c000b8cc                Fs::initVFS()
                0x00000000c000b8f6                Fs::standardiseFiles(char*, char const*, char const*, bool)
                0x00000000c000bb10                File::File(char const*, Process*, bool)
                0x00000000c000bb10                File::File(char const*, Process*, bool)
                0x00000000c000bbee                File::File(char const*, Process*)
                0x00000000c000bbee                File::File(char const*, Process*)
                0x00000000c000bc0c                File::open(FileOpenMode)
                0x00000000c000bc6a                File::close()
                0x00000000c000bcca                File::seek(unsigned long long)
                0x00000000c000bd20                File::truncate(unsigned long long)
                0x00000000c000bd76                File::tell(unsigned long long*)
                0x00000000c000bdc6                File::rewind()
                0x00000000c000bdda                File::unlink()
                0x00000000c000be26                File::rename(char const*)
                0x00000000c000be74                File::chfatattr(unsigned char, unsigned char)
                0x00000000c000bed0                File::exists()
                0x00000000c000bf0e                File::stat(unsigned long long*, bool*)
                0x00000000c000bf6f                Fs::setcwd(Process*, char*)
                0x00000000c000c0ce                Directory::Directory(char const*, Process*)
                0x00000000c000c0ce                Directory::Directory(char const*, Process*)
                0x00000000c000c196                Directory::open()
                0x00000000c000c1f2                Directory::close()
                0x00000000c000c252                Directory::unlink()
                0x00000000c000c29e                Directory::rename(char const*)
                0x00000000c000c2ec                Directory::exists()
                0x00000000c000c32a                Directory::read(dirent*)
                0x00000000c000c376                Directory::create()
                0x00000000c000c3c2                Filesystem::chfatattr(char const*, unsigned char, unsigned char)
 .text          0x00000000c000c3c8       0x86 hal/bus.32
                0x00000000c000c3c8                Bus::Bus(char const*)
                0x00000000c000c3c8                Bus::Bus(char const*)
                0x00000000c000c400                Bus::~Bus()
                0x00000000c000c400                Bus::~Bus()
                0x00000000c000c424                Bus::~Bus()
 .text          0x00000000c000c44e       0x96 hal/buzzer.32
                0x00000000c000c44e                beepThread(void*)
                0x00000000c000c48b                Krnl::beep(int, int, bool)
 .text          0x00000000c000c4e4      0x45f hal/clock.32
                0x00000000c000c4e4                User::loadClockSettings(int)
                0x00000000c000c536                Clock::Clock(char const*)
                0x00000000c000c536                Clock::Clock(char const*)
                0x00000000c000c56c                Clock::~Clock()
                0x00000000c000c56c                Clock::~Clock()
                0x00000000c000c590                Clock::~Clock()
                0x00000000c000c5ba                Clock::timeInSecondsLocal()
                0x00000000c000c602                Clock::setTimeInSecondsLocal(unsigned long long)
                0x00000000c000c65b                datetimeToSeconds(datetime_t)
                0x00000000c000c77a                Clock::setTimeInDatetimeLocal(datetime_t)
                0x00000000c000c7da                secondsToDatetime(unsigned long long)
                0x00000000c000c91e                Clock::timeInDatetimeLocal()
 *fill*         0x00000000c000c943        0x1 
 .text          0x00000000c000c944      0x464 hal/device.32
                0x00000000c000c944                Device::hibernate()
                0x00000000c000c946                Device::wake()
                0x00000000c000c948                Device::detect()
                0x00000000c000c94a                Device::disableLegacy()
                0x00000000c000c94c                Device::powerSaving(PowerSavingLevel)
                0x00000000c000c94e                DriverlessDevice::close(int, int, void*)
                0x00000000c000c952                DriverlessDevice::detect()
                0x00000000c000c954                DriverlessDevice::open(int, int, void*)
                0x00000000c000c968                Device::~Device()
                0x00000000c000c968                Device::~Device()
                0x00000000c000c976                Device::~Device()
                0x00000000c000c99e                Device::findAndLoadDriver()
                0x00000000c000c9ac                Device::preOpenPCI(PCIDeviceInfo)
                0x00000000c000c9d2                Device::preOpenACPI(void*, char*, char*)
                0x00000000c000ca12                Device::addIRQHandler(int, void (*)(regs*, void*), bool, void*)
                0x00000000c000ca3c                Device::getParent()
                0x00000000c000ca48                Device::removeIRQHandler(int, void (*)(regs*, void*), bool)
                0x00000000c000ca66                Device::addChild(Device*)
                0x00000000c000caaa                Device::removeAllChildren()
                0x00000000c000caf0                Device::hibernateAll()
                0x00000000c000cb20                Device::wakeAll()
                0x00000000c000cb50                Device::detectAll()
                0x00000000c000cb80                Device::disableLegacyAll()
                0x00000000c000cb82                Device::loadDriversForAll()
                0x00000000c000cb84                Device::closeAll()
                0x00000000c000cbba                Device::powerSavingAll(PowerSavingLevel)
                0x00000000c000cbf0                Device::setName(char const*)
                0x00000000c000cbfe                Device::Device(char const*)
                0x00000000c000cbfe                Device::Device(char const*)
                0x00000000c000ccfa                Device::getName()
                0x00000000c000cd04                DriverlessDevice::DriverlessDevice(char const*)
                0x00000000c000cd04                DriverlessDevice::DriverlessDevice(char const*)
                0x00000000c000cd3a                Device::addToLinkedList(LinkedList<Device>&, DeviceType)
                0x00000000c000cd7e                getDevicesOfType(DeviceType)
 .text          0x00000000c000cda8       0x86 hal/diskctrl.32
                0x00000000c000cda8                HardDiskController::HardDiskController(char const*)
                0x00000000c000cda8                HardDiskController::HardDiskController(char const*)
                0x00000000c000cde0                HardDiskController::~HardDiskController()
                0x00000000c000cde0                HardDiskController::~HardDiskController()
                0x00000000c000ce04                HardDiskController::~HardDiskController()
 .text          0x00000000c000ce2e       0xe2 hal/diskphys.32
                0x00000000c000ce2e                PhysicalDisk::eject()
                0x00000000c000ce32                PhysicalDisk::PhysicalDisk(char const*, int)
                0x00000000c000ce32                PhysicalDisk::PhysicalDisk(char const*, int)
                0x00000000c000ce9a                PhysicalDisk::startCache()
                0x00000000c000cec2                PhysicalDisk::~PhysicalDisk()
                0x00000000c000cec2                PhysicalDisk::~PhysicalDisk()
                0x00000000c000cee6                PhysicalDisk::~PhysicalDisk()
 .text          0x00000000c000cf10        0x0 hal/fpu.32
 .text          0x00000000c000cf10      0x359 hal/intctrl.32
                0x00000000c000cf10                int_handler
                0x00000000c000cf9a                installISRHandler(int, void (*)(regs*, void*), void*)
                0x00000000c000cfe4                installIRQHandler(int, void (*)(regs*, void*), bool, void*)
                0x00000000c000d118                uninstallISRHandler(int, void (*)(regs*, void*))
                0x00000000c000d14c                uninstallIRQHandler(int, void (*)(regs*, void*), bool)
                0x00000000c000d1ca                setupINTS()
                0x00000000c000d227                convertLegacyIRQNumber(int)
 *fill*         0x00000000c000d269        0x1 
 .text          0x00000000c000d26a      0x8be hal/keybrd.32
                0x00000000c000d26a                startGUI(void*)
                0x00000000c000d2d8                startGUIVESA(void*)
                0x00000000c000d346                sendKeyToTerminal(unsigned char)
                0x00000000c000d421                sendKeyboardToken(KeyboardToken)
                0x00000000c000d90b                clearInternalKeybuffer(VgaText*)
                0x00000000c000d940                readKeyboard(VgaText*, char*, unsigned long)
                0x00000000c000da9e                Keyboard::Keyboard(char const*)
                0x00000000c000da9e                Keyboard::Keyboard(char const*)
                0x00000000c000dada                Keyboard::~Keyboard()
                0x00000000c000dada                Keyboard::~Keyboard()
                0x00000000c000dafe                Keyboard::~Keyboard()
 .text          0x00000000c000db28      0x3f8 hal/logidisk.32
                0x00000000c000db28                LogicalDisk::close(int, int, void*)
                0x00000000c000db2c                LogicalDisk::~LogicalDisk()
                0x00000000c000db2c                LogicalDisk::~LogicalDisk()
                0x00000000c000db50                LogicalDisk::~LogicalDisk()
                0x00000000c000db7a                LogicalDisk::open(int, int, void*)
                0x00000000c000db8e                LogicalDisk::absoluteToRelative(unsigned long long)
                0x00000000c000dbc6                LogicalDisk::relativeToAbsolute(unsigned long long)
                0x00000000c000dc0c                LogicalDisk::LogicalDisk(char const*, PhysicalDisk*, unsigned long long, unsigned long long)
                0x00000000c000dc0c                LogicalDisk::LogicalDisk(char const*, PhysicalDisk*, unsigned long long, unsigned long long)
                0x00000000c000dccc                LogicalDisk::assignDriveLetter()
                0x00000000c000dd86                LogicalDisk::mount()
                0x00000000c000ddce                LogicalDisk::unmount()
                0x00000000c000ddde                LogicalDisk::eject()
                0x00000000c000ddf2                LogicalDisk::unassignDriveLetter()
                0x00000000c000de48                LogicalDisk::read(unsigned long long, int, void*)
                0x00000000c000deb4                LogicalDisk::write(unsigned long long, int, void*)
 .text          0x00000000c000df20       0x86 hal/mouse.32
                0x00000000c000df20                Mouse::Mouse(char const*)
                0x00000000c000df20                Mouse::Mouse(char const*)
                0x00000000c000df58                Mouse::~Mouse()
                0x00000000c000df58                Mouse::~Mouse()
                0x00000000c000df7c                Mouse::~Mouse()
 .text          0x00000000c000dfa6       0x90 hal/nic.32
                0x00000000c000dfa6                NIC::getMAC()
                0x00000000c000dfac                NIC::write(int, unsigned char*, int*)
                0x00000000c000dfb2                NIC::NIC(char const*)
                0x00000000c000dfb2                NIC::NIC(char const*)
                0x00000000c000dfe8                NIC::~NIC()
                0x00000000c000dfe8                NIC::~NIC()
                0x00000000c000e00c                NIC::~NIC()
 .text          0x00000000c000e036      0x33b hal/partition.32
                0x00000000c000e036                makePartition(PhysicalDisk*, unsigned long long, unsigned long long)
                0x00000000c000e0de                createPartitionsForDisk(PhysicalDisk*)
 *fill*         0x00000000c000e371        0x3 
 .text          0x00000000c000e374       0x86 hal/serial.32
                0x00000000c000e374                Serial::Serial(char const*)
                0x00000000c000e374                Serial::Serial(char const*)
                0x00000000c000e3ac                Serial::~Serial()
                0x00000000c000e3ac                Serial::~Serial()
                0x00000000c000e3d0                Serial::~Serial()
 *fill*         0x00000000c000e3fa        0x2 
 .text          0x00000000c000e3fc      0x234 hal/timer.32
                0x00000000c000e3fc                Timer::Timer(char const*)
                0x00000000c000e3fc                Timer::Timer(char const*)
                0x00000000c000e434                Timer::~Timer()
                0x00000000c000e434                Timer::~Timer()
                0x00000000c000e458                Timer::~Timer()
                0x00000000c000e482                Timer::read()
                0x00000000c000e48d                setupTimer(int)
                0x00000000c000e4c8                timerHandler(unsigned int)
 .text          0x00000000c000e630      0x444 hal/vcache.32
                0x00000000c000e630                VCache::VCache(PhysicalDisk*)
                0x00000000c000e630                VCache::VCache(PhysicalDisk*)
                0x00000000c000e7a0                VCache::invalidateReadBuffer()
                0x00000000c000e7b0                VCache::writeWriteBuffer()
                0x00000000c000e7fc                VCache::~VCache()
                0x00000000c000e7fc                VCache::~VCache()
                0x00000000c000e854                VCache::~VCache()
                0x00000000c000e87c                VCache::write(unsigned long long, int, void*)
                0x00000000c000e96a                VCache::read(unsigned long long, int, void*)
 .text          0x00000000c000ea74      0x4c7 hal/video.32
                0x00000000c000ea74                Video::putrect(int, int, int, int, unsigned int)
                0x00000000c000eac0                Video::bitblit(int, int, int, int, int, int, int, unsigned int*)
                0x00000000c000eb30                Video::blit(unsigned int*, int, int, int, int)
                0x00000000c000ebae                Video::clearScreen(unsigned int)
                0x00000000c000ebe2                Video::putpixel(int, int, unsigned int)
                0x00000000c000ebf0                Video::readPixelApprox(int, int)
                0x00000000c000ec04                Video::Video(char const*)
                0x00000000c000ec04                Video::Video(char const*)
                0x00000000c000ec3a                Video::~Video()
                0x00000000c000ec3a                Video::~Video()
                0x00000000c000ec5e                Video::~Video()
                0x00000000c000ec88                Video::isMonochrome()
                0x00000000c000ec94                Video::getWidth()
                0x00000000c000eca0                Video::getHeight()
                0x00000000c000ecac                Video::drawCursor(int, int, unsigned int*, int)
                0x00000000c000ed68                Video::tgaParse(unsigned char*, int, int*, int*)
                0x00000000c000eed0                Video::putTGA(int, int, unsigned char*, int)
 *fill*         0x00000000c000ef3b        0x1 
 .text          0x00000000c000ef3c     0x138b hw/acpi.32
                0x00000000c000ef3c                ACPI::close(int, int, void*)
                0x00000000c000eff0                findRSDP()
                0x00000000c000f088                loadACPITables(unsigned char*)
                0x00000000c000f2f4                findRSDT(unsigned char*)
                0x00000000c000f44c                findDataTable(unsigned char*, char*)
                0x00000000c000f4cc                scanMADT()
                0x00000000c000f984                ACPI::ACPI()
                0x00000000c000f984                ACPI::ACPI()
                0x00000000c000f9d8                ACPI::getPCIIRQAssignment(unsigned char, unsigned short, unsigned char)
                0x00000000c000fad4                ACPI::registerPCIIRQAssignment(void*, unsigned short, unsigned char, unsigned char)
                0x00000000c000fba0                ACPI::setScreenBrightnessLevel(void*, int)
                0x00000000c000fba8                ACPI::detectPCI()
                0x00000000c000fdc8                ACPI::writeSimpleBootFlag(SimpleBootFlagTable*)
                0x00000000c000fe10                ACPI::sleep()
                0x00000000c000fe2c                ACPI::open(int, int, void*)
 *fill*         0x00000000c00102c7        0x1 
 .text          0x00000000c00102c8      0xbc5 hw/cpu.32
                0x00000000c00102c8                CPU::close(int, int, void*)
                0x00000000c00102cc                CPU::AMD_K6_write_msr(unsigned int, unsigned int, unsigned int, CPU::REGS*)
                0x00000000c00102e8                CPU::AMD_K6_read_msr(unsigned int, CPU::REGS*)
                0x00000000c0010300                CPU::AMD_K6_writeback(int, int, int)
                0x00000000c0010374                CPU::cpuid(int, unsigned long*, unsigned long*, unsigned long*, unsigned long*)
                0x00000000c00103f8                CPU::cpuidCheckEDX(unsigned int)
                0x00000000c0010426                CPU::cpuidCheckECX(unsigned int)
                0x00000000c0010454                CPU::cpuidCheckExtendedEBX(unsigned int)
                0x00000000c0010482                CPU::cpuidCheckExtendedECX(unsigned int)
                0x00000000c00104b0                CPU::CPU()
                0x00000000c00104b0                CPU::CPU()
                0x00000000c001053e                CPU::displayFeatures()
                0x00000000c0010540                CPU::detectFeatures()
                0x00000000c0010c14                CPU::setupSMEP()
                0x00000000c0010c20                CPU::setupUMIP()
                0x00000000c0010c2a                CPU::setupTSC()
                0x00000000c0010c34                CPU::setupLargePages()
                0x00000000c0010c3e                CPU::setupPAT()
                0x00000000c0010c7a                CPU::setupMTRR()
                0x00000000c0010c7c                CPU::setupGlobalPages()
                0x00000000c0010c86                CPU::allowUsermodeDataAccess()
                0x00000000c0010c98                CPU::prohibitUsermodeDataAccess()
                0x00000000c0010caa                CPU::setupSMAP()
                0x00000000c0010cb8                CPU::setupFeatures()
                0x00000000c0010d84                CPU::open(int, int, void*)
 .text          0x00000000c0010e8d       0xb6 krnl/atexit.32
                0x00000000c0010e8d                KeInitialiseAtexit()
                0x00000000c0010eac                KeRegisterAtexit(void (*)(void*), void*)
                0x00000000c0010ee0                KeExecuteAtexit()
 .text          0x00000000c0010f43       0xdf krnl/bootmsg.32
                0x00000000c0010f43                KeDisplaySplashScreen()
                0x00000000c0010fbf                KeSetBootMessage(char const*)
 *fill*         0x00000000c0011022        0x2 
 .text          0x00000000c0011024       0x1d krnl/compat.32
                0x00000000c0011024                Krnl::handlePowerButton()
                0x00000000c0011034                Krnl::handleSleepButton()
 .text          0x00000000c0011041       0x2b krnl/crc32.32
                0x00000000c0011041                KeCalculateCRC32(unsigned char*, int)
 .text          0x00000000c001106c      0x5bf krnl/env.32
                0x00000000c001106c                EnvVarContainer::getEnv(char const*)
                0x00000000c00110aa                EnvVarContainer::setEnv(char const*, char const*)
                0x00000000c001116c                EnvVarContainer::deleteEnv(char const*)
                0x00000000c001116e                EnvVarContainer::loadFrom(char const*, char const*)
                0x00000000c0011392                EnvVarContainer::__loadSystem()
                0x00000000c00113ac                EnvVarContainer::__loadUser()
                0x00000000c00113ae                EnvVarContainer::EnvVarContainer(Process*)
                0x00000000c00113ae                EnvVarContainer::EnvVarContainer(Process*)
                0x00000000c00113d0                EnvVarContainer::~EnvVarContainer()
                0x00000000c00113d0                EnvVarContainer::~EnvVarContainer()
                0x00000000c0011400                KeGetEnv(Process*, char const*)
                0x00000000c0011465                KeSetEnvSystem(char const*, char const*)
                0x00000000c001147f                KeSetEnvUser(char const*, char const*)
                0x00000000c001149e                KeSetEnvProcess(Process*, char const*, char const*)
                0x00000000c00114b1                KeDeleteEnvSystem(char const*)
                0x00000000c00114b2                KeDeleteEnvUser(char const*)
                0x00000000c00114b3                KeDeleteEnvProcess(Process*, char const*)
                0x00000000c00114b4                KeNewProcessEnv(Process*)
                0x00000000c00114d6                KeCopyProcessEnv(Process*, Process*)
                0x00000000c0011522                KeLoadSystemEnv()
                0x00000000c0011550                KeLoadUserEnv()
                0x00000000c0011576                KeFlushEnv()
                0x00000000c0011577                KeGetProcessTotalEnvCount(Process*)
                0x00000000c0011597                KeGetProcessEnvPair(Process*, int)
 .text          0x00000000c001162b       0x94 krnl/inlines.32
                0x00000000c001162b                CPU::current()
                0x00000000c0011637                operator new(unsigned long)
                0x00000000c001163c                operator delete(void*)
                0x00000000c0011641                disableIRQs()
                0x00000000c0011643                enableIRQs()
                0x00000000c0011645                lockScheduler()
                0x00000000c001164d                unlockScheduler()
                0x00000000c001165c                lockStuff()
                0x00000000c001166a                unlockStuff()
                0x00000000c00116a4                Virt::getAKernelVAS()
                0x00000000c00116aa                __not_memcpy
 .text          0x00000000c00116bf        0xc krnl/panic.32
                0x00000000c00116bf                KePanic(char const*)
 .text          0x00000000c00116cb      0x142 krnl/powctrl.32
                0x00000000c00116cb                KePowerThread(void*)
                0x00000000c00116f9                KeChangePowerSettings(PowerSettings)
                0x00000000c001170f                KeUserIOReceived()
                0x00000000c001171a                KeHandlePowerButton()
                0x00000000c001174f                KeHandleSleepButton()
                0x00000000c0011784                KeSetupPowerManager()
 .text          0x00000000c001180d       0x9d krnl/random.32
                0x00000000c001180d                KeRand()
                0x00000000c001184f                KeSeedRand(unsigned int)
                0x00000000c0011878                KeInitRand()
 *fill*         0x00000000c00118aa        0x2 
 .text          0x00000000c00118ac      0x1bc krnl/resolve.32
                0x00000000c00118ac                KeResolveCompatibilitySymbol(char*)
 .text          0x00000000c0011a68      0x322 krnl/signal.32
                0x00000000c0011a68                KiSigKill(int)
                0x00000000c0011a7c                KiDefaultSignalHandlerIgnore(int)
                0x00000000c0011a7d                KiDefaultSignalHandlerPause(int)
                0x00000000c0011aa9                KiDefaultSignalHandlerResume(int)
                0x00000000c0011ad5                KeDeinitSignals(SigHandlerBlock*)
                0x00000000c0011ada                KeInitSignals()
                0x00000000c0011b2c                KeRegisterSignalHandler(SigHandlerBlock*, int, void (*)(int), unsigned int, int)
                0x00000000c0011b62                KeRaiseSignal(SigHandlerBlock*, int)
                0x00000000c0011bdf                KeCheckSignal(SigHandlerBlock*, int*)
                0x00000000c0011cd6                KiCheckSignalZ
                0x00000000c0011d18                KeCompleteSignal(SigHandlerBlock*, int)
                0x00000000c0011d53                KiFinishSignalZ
 .text          0x00000000c0011d8a      0xe10 krnl/syscalls.32
                0x00000000c0011d8a                SysSeekDir(regs*)
                0x00000000c0011d8f                SysTellDir(regs*)
                0x00000000c0011d94                SysVerify(regs*)
                0x00000000c0011d9e                SysGetArgc(regs*)
                0x00000000c0011db2                SysTTYName(regs*)
                0x00000000c0011dba                SysFormatDisk(regs*)
                0x00000000c0011e31                SysSetDiskVolumeLabel(regs*)
                0x00000000c0011e85                SysGetDiskVolumeLabel(regs*)
                0x00000000c0011ede                SysShutdown(regs*)
                0x00000000c0011f3c                SysRealpath(regs*)
                0x00000000c0011f80                SysReadDir(regs*)
                0x00000000c0012000                SysIsATTY(regs*)
                0x00000000c001205a                SysSeek(regs*)
                0x00000000c00120b1                SysTell(regs*)
                0x00000000c001211e                SysSize(regs*)
                0x00000000c0012191                SysSizeFromFilename(regs*)
                0x00000000c00122c2                SysSizeFromFilenameNoSymlink(regs*)
                0x00000000c00123f3                SysClose(regs*)
                0x00000000c0012453                SysOpenDir(regs*)
                0x00000000c00124d0                SysMakeDir(regs*)
                0x00000000c001253e                SysCloseDir(regs*)
                0x00000000c0012592                SysWait(regs*)
                0x00000000c00125b3                SysNotImpl(regs*)
                0x00000000c00125ce                SysPanic(regs*)
                0x00000000c00125e9                SysRmdir(regs*)
                0x00000000c001264e                SysUnlink(regs*)
                0x00000000c00126b3                SysGetArgv(regs*)
                0x00000000c0012700                SysUSleep(regs*)
                0x00000000c0012729                SysSpawn(regs*)
                0x00000000c001279c                SysGetEnv(regs*)
                0x00000000c001284d                SysSetFatAttrib(regs*)
                0x00000000c00128c0                SysPipe(regs*)
                0x00000000c0012905                SysGetUnixTime(regs*)
                0x00000000c0012919                string_ends_with(char const*, char const*)
                0x00000000c0012961                SysOpen(regs*)
                0x00000000c0012b58                KeSystemCall(regs*, void*)
 *fill*         0x00000000c0012b9a        0x2 
 .text          0x00000000c0012b9c      0x159 net/ethernet.32
                0x00000000c0012b9c                KeSwitchEndian16(unsigned short)
                0x00000000c0012bc0                KeSwitchEndian32(unsigned int)
                0x00000000c0012bf0                EthernetCRC32(unsigned char*, int)
                0x00000000c0012c94                EthernetReceivedPacket(EthernetUnwrappedFrame*, unsigned short)
 .text          0x00000000c0012cf5      0xd56 reg/cm.32
                0x00000000c0012cf5                CmOpen(char const*)
                0x00000000c0012e13                CmClose(Reghive_Tag*)
                0x00000000c0012e29                CmReadExtent(Reghive_Tag*, int, unsigned char*)
                0x00000000c0012e65                CmGetString(Reghive_Tag*, int, char*)
                0x00000000c0012edc                CmEnterDirectory(Reghive_Tag*, int)
                0x00000000c0012f1b                CmGetNext(Reghive_Tag*, int)
                0x00000000c0012f4d                CmWriteExtent(Reghive_Tag*, int, unsigned char*)
                0x00000000c0012f89                CmFreeExtent(Reghive_Tag*, int)
                0x00000000c0012fb1                CmUpdateHeader(Reghive_Tag*)
                0x00000000c0012fd2                CmExpand(Reghive_Tag*, int)
                0x00000000c001304d                CmFindUnusedExtent(Reghive_Tag*)
                0x00000000c00130d3                CmCreateExtent(Reghive_Tag*, int, int, unsigned char*)
                0x00000000c00131c7                CmSetString(Reghive_Tag*, int, char const*)
                0x00000000c0013303                CmGetMatch(char*, char*, bool, bool*)
                0x00000000c0013364                CmAddShift(unsigned int*, int*, unsigned char, int)
                0x00000000c0013394                CmGetShift(unsigned int*, int*, int, bool*)
                0x00000000c00133cb                CmGetInteger(Reghive_Tag*, int, unsigned long long*)
                0x00000000c00133f5                CmSetInteger(Reghive_Tag*, int, unsigned long long)
                0x00000000c0013435                CmConvertFromInternalFilename(unsigned char const*, char*)
                0x00000000c00134d9                CmGetNameAndTypeFromExtent(Reghive_Tag*, int, char*)
                0x00000000c0013507                CmConvertToInternalFilename(char const*, unsigned char*)
                0x00000000c00136a5                CmCreateString(Reghive_Tag*, int, char const*)
                0x00000000c00136f2                CmFindInDirectory(Reghive_Tag*, int, char const*)
                0x00000000c001376c                CmCreateInteger(Reghive_Tag*, int, char const*, unsigned long long, int)
                0x00000000c00137bf                CmCreateDirectory(Reghive_Tag*, int, char const*)
                0x00000000c0013883                zStrtok(char*, char const*)
                0x00000000c00138f5                CmFindObjectFromPath(Reghive_Tag*, char const*)
                0x00000000c0013976                CmDisplayTree(Reghive_Tag*, int, int)
                0x00000000c0013a19                CmSplitFinalSlashInPlace(char*)
 .text          0x00000000c0013a4b      0x52a reg/registry.32
                0x00000000c0013a4b                Reg::findLineFromLoadedData(char*, char*, char*)
                0x00000000c0013bbc                Reg::getLineFromRegistry(char*, char*, char*, char*)
                0x00000000c0013d11                Reg::getLine(char*, char*, char*)
                0x00000000c0013d48                Reg::readInt(char*, char*, int*)
                0x00000000c0013e36                Reg::readString(char*, char*, char*, int)
                0x00000000c0013eb7                Reg::readBool(char*, char*, bool*)
                0x00000000c0013edc                Reg::readBoolWithDefault(char*, char*, bool)
                0x00000000c0013f08                Reg::readIntWithDefault(char*, char*, int)
                0x00000000c0013f34                Reg::readStringWithDefault(char*, char*, char*, int, char*)
 .text          0x00000000c0013f75       0x36 sys/eject.32
                0x00000000c0013f75                SysEject(regs*)
 .text          0x00000000c0013fab       0x18 sys/exit.32
                0x00000000c0013fab                SysExit(regs*)
 .text          0x00000000c0013fc3       0x1f sys/getcwd.32
                0x00000000c0013fc3                SysGetCwd(regs*)
 .text          0x00000000c0013fe2        0xc sys/getpid.32
                0x00000000c0013fe2                SysGetPID(regs*)
 .text          0x00000000c0013fee       0x1a sys/getramdata.32
                0x00000000c0013fee                SysGetRAMData(regs*)
 .text          0x00000000c0014008       0x82 sys/getvgaptr.32
                0x00000000c0014008                SysGetVGAPtr(regs*)
 *fill*         0x00000000c001408a        0x2 
 .text          0x00000000c001408c       0xb9 sys/kill.32
                0x00000000c001408c                SysKill(regs*)
 .text          0x00000000c0014145       0xa8 sys/loaddll.32
                0x00000000c0014145                SysLoadDLL(regs*)
 .text          0x00000000c00141ed       0x68 sys/read.32
                0x00000000c00141ed                SysRead(regs*)
 .text          0x00000000c0014255       0x29 sys/registersignal.32
                0x00000000c0014255                SysRegisterSignal(regs*)
 .text          0x00000000c001427e      0x19c sys/registry.32
                0x00000000c001427e                SysRegistryGetTypeFromPath(regs*)
                0x00000000c00142f5                SysRegistryReadExtent(regs*)
                0x00000000c001433d                SysRegistryPathToExtentLookup(regs*)
                0x00000000c0014365                SysRegistryEnterDirectory(regs*)
                0x00000000c001438d                SysRegistryGetNext(regs*)
                0x00000000c00143b5                SysRegistryGetNameAndTypeFromExtent(regs*)
                0x00000000c00143ef                SysRegistryOpen(regs*)
                0x00000000c0014403                SysRegistryClose(regs*)
 .text          0x00000000c001441a       0x55 sys/sbrk.32
                0x00000000c001441a                SysSbrk(regs*)
 .text          0x00000000c001446f       0x1c sys/setcwd.32
                0x00000000c001446f                SysSetCwd(regs*)
 .text          0x00000000c001448b       0x96 sys/settime.32
                0x00000000c001448b                SysSetTime(regs*)
 .text          0x00000000c0014521       0x2d sys/symlink.32
                0x00000000c0014521                SysSymlink(regs*)
 .text          0x00000000c001454e       0x4a sys/timezone.32
                0x00000000c001454e                SysTimezone(regs*)
 .text          0x00000000c0014598       0xfc sys/truncate.32
                0x00000000c0014598                SysTruncate(regs*)
 .text          0x00000000c0014694       0x68 sys/write.32
                0x00000000c0014694                SysWrite(regs*)
 .text          0x00000000c00146fc       0x62 sys/wsbe.32
                0x00000000c00146fc                SysWsbe(regs*)
 .text          0x00000000c001475e       0x25 sys/yield.32
                0x00000000c001475e                SysYield(regs*)
 .text          0x00000000c0014783     0x11e6 thr/elf.32
                0x00000000c0014783                Thr::allocateMemoryForTask(Process*, File*, unsigned long, unsigned long, unsigned long)
                0x00000000c0014a11                Thr::loadProgramIntoMemory(Process*, char const*)
                0x00000000c0014c23                Thr::runtimeReferenceHelper()
                0x00000000c0014c36                Thr::getAddressOfKernelSymbol(char const*)
                0x00000000c0014c85                Thr::loadKernelSymbolTable(char const*)
                0x00000000c0014f43                Thr::loadDriverIntoMemory(char const*, unsigned long, bool)
                0x00000000c001567c                Thr::getDriverBaseFromAddress(unsigned long)
                0x00000000c00156ae                Thr::getDriverNameFromAddress(unsigned long)
                0x00000000c00156e5                Thr::getDriverOffsetFromAddress(unsigned long)
                0x00000000c00156ff                Thr::loadDLL(char const*, bool)
                0x00000000c0015930                Thr::executeDLL(unsigned long, void*)
 *fill*         0x00000000c0015969        0x3 
 .text          0x00000000c001596c     0x13d9 thr/prcssthr.32
                0x00000000c001596c                userModeEntryPoint(void*)
                0x00000000c0015994                changeTSS
                0x00000000c00159c4                switchToThread(ThreadControlBlock*)
                0x00000000c0015a74                Process::addArgs(char**)
                0x00000000c0015ae0                Process::Process(char const*, Process*, char**)
                0x00000000c0015ae0                Process::Process(char const*, Process*, char**)
                0x00000000c0015cec                Process::Process(bool, char const*, Process*, char**)
                0x00000000c0015cec                Process::Process(bool, char const*, Process*, char**)
                0x00000000c0015ec0                taskStartupFunction
                0x00000000c0015ecc                Semaphore::Semaphore(int)
                0x00000000c0015ecc                Semaphore::Semaphore(int)
                0x00000000c0015efc                Mutex::Mutex()
                0x00000000c0015efc                Mutex::Mutex()
                0x00000000c0015f10                Process::createThread(void (*)(void*), void*, int)
                0x00000000c001601c                Process::createUserThread()
                0x00000000c001603c                setupMultitasking(void (*)())
                0x00000000c0016160                schedule()
                0x00000000c00161f4                Semaphore::tryAcquire()
                0x00000000c00162c8                Semaphore::assertLocked(char const*)
                0x00000000c001634c                blockTaskWithSchedulerLockAlreadyHeld(TaskState)
                0x00000000c0016374                blockTask(TaskState)
                0x00000000c00163ac                waitTask(int, int*, int)
                0x00000000c00163f0                milliTenthSleepUntil(unsigned int)
                0x00000000c0016490                milliTenthSleep(unsigned int)
                0x00000000c00164a4                sleep(unsigned int)
                0x00000000c00164c0                Semaphore::acquire()
                0x00000000c0016588                taskReturned
                0x00000000c00165cc                Thr::processFromPID(int)
                0x00000000c0016678                unblockTask(ThreadControlBlock*)
                0x00000000c0016724                cleanupTerminatedTask(ThreadControlBlock*)
                0x00000000c00169f8                cleanerTaskFunction(void*)
                0x00000000c0016b00                terminateTask(int)
                0x00000000c0016bec                Thr::terminateFromIRQ(int)
                0x00000000c0016bfc                Semaphore::release()
 .text          0x00000000c0016d45      0xc27 vm86/vm8086.32
                0x00000000c0016d45                Vm::inbv(unsigned short)
                0x00000000c0016d58                Vm::outbv(unsigned short, unsigned char)
                0x00000000c0016d8e                Vm::realToLinear(unsigned short, unsigned short)
                0x00000000c0016d9e                Vm::getSegment(unsigned int)
                0x00000000c0016da6                Vm::getOffset(unsigned int)
                0x00000000c0016dab                Vm::mainloop2()
                0x00000000c0016de5                Vm::mainVm8086Loop(void*)
                0x00000000c0016df5                Vm::mainloop3(unsigned long)
                0x00000000c0016e1b                Vm::initialise8086()
                0x00000000c0016e5e                Vm::finish8086()
                0x00000000c0016ebf                Vm::getOutput8086(unsigned char*)
                0x00000000c0016ee4                Vm::start8086FromBuffer(unsigned char*, int, unsigned short, unsigned short, unsigned short, unsigned short)
                0x00000000c0016f9d                Vm::start8086(char const*, unsigned short, unsigned short, unsigned short, unsigned short)
                0x00000000c001713b                Vm::doISR(regs*, int, unsigned char*, unsigned short, unsigned short)
                0x00000000c00171d4                Vm::readByteFromReal(unsigned short, unsigned short)
                0x00000000c00171e5                Vm::readWordFromReal(unsigned short, unsigned short)
                0x00000000c00171f7                Vm::readDwordFromReal(unsigned short, unsigned short)
                0x00000000c0017208                Vm::writeByteFromReal(unsigned short, unsigned short, unsigned char)
                0x00000000c001721d                Vm::writeWordFromReal(unsigned short, unsigned short, unsigned short)
                0x00000000c0017233                Vm::writeDwordFromReal(unsigned short, unsigned short, unsigned int)
                0x00000000c0017248                Vm::faultHandler(regs*)
 .text          0x00000000c001796c      0xaf0 arch/i386/hal.32
                0x00000000c001796c                noCopro(unsigned long)
                0x00000000c001796d                nmiHandler(regs*, void*)
                0x00000000c0017986                doubleFault(regs*, void*)
                0x00000000c001799f                displayDebugInfo(regs*)
                0x00000000c0017d24                HalSystemIdle()
                0x00000000c0017da0                displayProgramFault(char const*)
                0x00000000c0017dec                gpFault(regs*, void*)
                0x00000000c0017e53                pgFault(regs*, void*)
                0x00000000c0017edc                otherISRHandler(regs*, void*)
                0x00000000c0017f10                opcodeFault(regs*, void*)
                0x00000000c0017f93                i386SaveCoprocessor(void*)
                0x00000000c0017fa7                i386LoadCoprocessor(void*)
                0x00000000c0017fbb                x87EmulHandler(regs*, void*)
                0x00000000c0018058                HalInitialiseCoprocessor()
                0x00000000c0018106                HalPanic(char const*)
                0x00000000c001821a                HalQueryPerformanceCounter()
                0x00000000c0018235                HalInitialise()
                0x00000000c00183eb                HalMakeBeep(int)
                0x00000000c0018425                HalGetRand()
                0x00000000c0018428                HalEndOfInterrupt(int)
                0x00000000c0018459                HalRestart()
                0x00000000c001845a                HalShutdown()
                0x00000000c001845b                HalSleep()
 .text          0x00000000c001845c      0x2dc arch/i386/pic.32
                0x00000000c001845c                picIoWait()
                0x00000000c0018464                picDisable()
                0x00000000c0018498                picGetIRQReg(int)
                0x00000000c0018514                picOpen()
                0x00000000c0018698                picEOI(int)
 .text          0x00000000c0018738      0x674 arch/i386/rtc.32
                0x00000000c0018738                RTC::open(int, int, void*)
                0x00000000c001873c                RTC::close(int, int, void*)
                0x00000000c0018740                RTC::timeInSecondsUTC()
                0x00000000c0018752                RTC::timeInDatetimeUTC()
                0x00000000c0018778                RTC::setTimeInSecondsUTC(unsigned long long)
                0x00000000c00187b6                RTC::~RTC()
                0x00000000c00187b6                RTC::~RTC()
                0x00000000c00187da                RTC::~RTC()
                0x00000000c0018804                RTC::get_update_in_progress_flag()
                0x00000000c001881e                RTC::completeRTCRefresh()
                0x00000000c0018afe                RTC::setTimeInDatetimeUTC(datetime_t)
                0x00000000c0018cac                rtcIRQHandler(regs*, void*)
                0x00000000c0018cf2                RTC::RTC()
                0x00000000c0018cf2                RTC::RTC()
 .text          0x00000000c0018dac      0x1f4 arch/i386/vga.32
                0x00000000c0018dac                HalConsoleScroll(int, int)
                0x00000000c0018eb4                HalConsoleWriteCharacter(char, int, int, int, int)
                0x00000000c0018f18                HalConsoleCursorUpdate(int, int)
 .text          0x00000000c0018fa0     0x14cf fs/fat/vfslink.32
                0x00000000c0018fa0                FAT::getName()
                0x00000000c0018fa8                FAT::tell(void*, unsigned long long*)
                0x00000000c0018fe4                FAT::stat(void*, unsigned long long*)
                0x00000000c0019020                FAT::~FAT()
                0x00000000c0019020                FAT::~FAT()
                0x00000000c0019044                FAT::~FAT()
                0x00000000c001906c                FAT::getlabel(LogicalDisk*, int, char*, unsigned int*)
                0x00000000c0019110                FAT::setlabel(LogicalDisk*, int, char*)
                0x00000000c00191d4                FAT::format(LogicalDisk*, int, char const*, int)
                0x00000000c00193b8                FAT::tryMount(LogicalDisk*, int)
                0x00000000c00195d4                FAT::allocateSwapfile(char const*, int)
                0x00000000c0019794                FAT::readDir(void*, unsigned long, void*, int*)
                0x00000000c0019904                FAT::read(void*, unsigned long, void*, int*)
                0x00000000c0019964                FAT::write(void*, unsigned long, void*, int*)
                0x00000000c00199c4                FAT::close(void*)
                0x00000000c0019a18                FAT::closeDir(void*)
                0x00000000c0019a6c                FAT::truncate(void*, unsigned long long)
                0x00000000c0019ad8                FAT::seek(void*, unsigned long long)
                0x00000000c0019b30                fatWrapperReadDisk
                0x00000000c0019b70                fatWrapperWriteDisk
                0x00000000c0019bb0                fatWrapperIoctl
                0x00000000c0019ccc                FAT::FAT()
                0x00000000c0019ccc                FAT::FAT()
                0x00000000c0019d24                FAT::fixFilepath(char*)
                0x00000000c0019d64                FAT::open(char const*, void**, FileOpenMode)
                0x00000000c0019ed8                FAT::openDir(char const*, void**)
                0x00000000c0019f88                FAT::stat(char const*, unsigned long long*, bool*)
                0x00000000c001a080                FAT::unlink(char const*)
                0x00000000c001a100                FAT::chfatattr(char const*, unsigned char, unsigned char)
                0x00000000c001a2b4                FAT::rename(char const*, char const*)
                0x00000000c001a380                FAT::mkdir(char const*)
                0x00000000c001a400                FAT::exists(char const*)
 *fill*         0x00000000c001a46f        0x1 
 .text          0x00000000c001a470       0x94 fs/iso9660/helper.32
                0x00000000c001a470                isoReadDiscSectorHelper
                0x00000000c001a4cc                iso_kprintf
                0x00000000c001a4e8                iso_kprintfd
 .text          0x00000000c001a504      0x71c fs/iso9660/vfslink.32
                0x00000000c001a504                ISO9660::format(LogicalDisk*, int, char const*, int)
                0x00000000c001a50a                ISO9660::truncate(void*, unsigned long long)
                0x00000000c001a510                ISO9660::getName()
                0x00000000c001a516                ISO9660::closeDir(void*)
                0x00000000c001a520                ISO9660::chfatattr(char const*, unsigned char, unsigned char)
                0x00000000c001a526                ISO9660::unlink(char const*)
                0x00000000c001a52c                ISO9660::write(void*, unsigned long, void*, int*)
                0x00000000c001a532                ISO9660::rename(char const*, char const*)
                0x00000000c001a538                ISO9660::mkdir(char const*)
                0x00000000c001a53e                ISO9660::~ISO9660()
                0x00000000c001a53e                ISO9660::~ISO9660()
                0x00000000c001a562                ISO9660::~ISO9660()
                0x00000000c001a58a                ISO9660::exists(char const*)
                0x00000000c001a59e                ISO9660::open(char const*, void**, FileOpenMode)
                0x00000000c001a684                ISO9660::read(void*, unsigned long, void*, int*)
                0x00000000c001a6cc                ISO9660::seek(void*, unsigned long long)
                0x00000000c001a70e                ISO9660::tell(void*, unsigned long long*)
                0x00000000c001a74c                ISO9660::stat(void*, unsigned long long*)
                0x00000000c001a79e                ISO9660::stat(char const*, unsigned long long*, bool*)
                0x00000000c001a8e0                ISO9660::close(void*)
                0x00000000c001a910                ISO9660::openDir(char const*, void**)
                0x00000000c001a9ea                ISO9660::readDir(void*, unsigned long, void*, int*)
                0x00000000c001ab07                readSectorFromCDROM(unsigned int, unsigned char*, char)
                0x00000000c001ab86                ISO9660::tryMount(LogicalDisk*, int)
                0x00000000c001abf8                ISO9660::ISO9660()
                0x00000000c001abf8                ISO9660::ISO9660()
 .text          0x00000000c001ac20      0x26c hal/sound/sndcard.32
                0x00000000c001ac20                SoundCard::beginPlayback()
                0x00000000c001ac2e                SoundCard::stopPlayback()
                0x00000000c001ac3c                SoundCard::SoundCard(char const*)
                0x00000000c001ac3c                SoundCard::SoundCard(char const*)
                0x00000000c001acda                SoundCard::~SoundCard()
                0x00000000c001acda                SoundCard::~SoundCard()
                0x00000000c001acfe                SoundCard::~SoundCard()
                0x00000000c001ad28                SoundCard::configureRates(int, int, int)
                0x00000000c001ad58                SoundCard::getSamples16(int, short*)
                0x00000000c001adb4                SoundCard::getSamples32(int, int*)
                0x00000000c001ae3a                SoundCard::addChannel(SoundPort*)
                0x00000000c001ae78                SoundCard::removeChannel(int)
 .text          0x00000000c001ae8c      0x38a hal/sound/sndport.32
                0x00000000c001ae8c                SoundPort::SoundPort(int, int, int, int)
                0x00000000c001ae8c                SoundPort::SoundPort(int, int, int, int)
                0x00000000c001af18                SoundPort::~SoundPort()
                0x00000000c001af18                SoundPort::~SoundPort()
                0x00000000c001af4c                SoundPort::unpause()
                0x00000000c001af58                SoundPort::pause()
                0x00000000c001af64                SoundPort::getBufferUsed()
                0x00000000c001af6c                SoundPort::getBufferSize()
                0x00000000c001af74                SoundPort::buffer16(short*, int)
                0x00000000c001b000                SoundPort::buffer32(int*, int)
                0x00000000c001b08c                SoundPort::unbufferAndAdd16(int, short*, SoundCard*)
                0x00000000c001b158                SoundPort::unbufferAndAdd32(int, int*, SoundCard*)
 .text          0x00000000c001b216        0x0 hw/bus/isa.32
 .text          0x00000000c001b216      0xbb7 hw/bus/pci.32
                0x00000000c001b216                PCI::open(int, int, void*)
                0x00000000c001b234                PCI::close(int, int, void*)
                0x00000000c001b238                PCI::PCI()
                0x00000000c001b238                PCI::PCI()
                0x00000000c001b2d0                PCI::readBAR8(unsigned int, int)
                0x00000000c001b2ec                PCI::readBAR16(unsigned int, int)
                0x00000000c001b30a                PCI::readBAR32(unsigned int, int)
                0x00000000c001b326                PCI::writeBAR8(unsigned int, unsigned char, int)
                0x00000000c001b346                PCI::writeBAR16(unsigned int, unsigned short, int)
                0x00000000c001b368                PCI::writeBAR32(unsigned int, unsigned int, int)
                0x00000000c001b388                PCI::legacyMechanism(unsigned char, unsigned char, unsigned char, unsigned char)
                0x00000000c001b3fe                PCI::pciReadWord(unsigned char, unsigned char, unsigned char, unsigned char)
                0x00000000c001b4a8                PCI::getVendorID(unsigned char, unsigned char, unsigned char)
                0x00000000c001b4cc                PCI::getHeaderType(unsigned char, unsigned char, unsigned char)
                0x00000000c001b4f4                PCI::getClassCode(unsigned char, unsigned char, unsigned char)
                0x00000000c001b53e                PCI::getProgIF(unsigned char, unsigned char, unsigned char)
                0x00000000c001b566                PCI::getRevisionID(unsigned char, unsigned char, unsigned char)
                0x00000000c001b58a                PCI::getInterruptNumber(unsigned char, unsigned char, unsigned char)
                0x00000000c001b5ae                PCI::getSecondaryBus(unsigned char, unsigned char, unsigned char)
                0x00000000c001b5d6                PCI::getBARAddress(unsigned char, unsigned char, unsigned char, unsigned char)
                0x00000000c001b63a                PCI::pciWriteWord(unsigned char, unsigned char, unsigned char, unsigned char, unsigned short)
                0x00000000c001b722                PCI::pciDetailsToFilepath(PCIDeviceInfo, char*)
                0x00000000c001b9e8                PCI::checkBus(unsigned char)
                0x00000000c001ba0c                PCI::foundDevice(PCIDeviceInfo)
                0x00000000c001bb86                PCI::getDeviceData(unsigned char, unsigned char, unsigned char)
                0x00000000c001bd02                PCI::checkDevice(unsigned char, unsigned char)
                0x00000000c001bd74                PCI::detect()
 *fill*         0x00000000c001bdcd        0x1 
 .text          0x00000000c001bdce      0xb9a hw/diskctrl/ide.32
                0x00000000c001bdce                IDE::close(int, int, void*)
                0x00000000c001bdd2                IDE::IDE()
                0x00000000c001bdd2                IDE::IDE()
                0x00000000c001be06                IDE::prepareInterrupt(unsigned char)
                0x00000000c001be18                selectDrive(unsigned char, unsigned char)
                0x00000000c001be1a                IDE::getBase(unsigned char)
                0x00000000c001be2c                IDE::write(unsigned char, unsigned char, unsigned char)
                0x00000000c001beec                IDE::read(unsigned char, unsigned char)
                0x00000000c001bf9a                IDE::waitInterrupt(unsigned char)
                0x00000000c001bffc                ideChannel0IRQHandler(regs*, void*)
                0x00000000c001c018                ideChannel1IRQHandler(regs*, void*)
                0x00000000c001c034                IDE::enableIRQs(unsigned char, bool)
                0x00000000c001c07e                IDE::open(int, int, void*)
                0x00000000c001c4bc                IDE::readBuffer(unsigned char, unsigned char, unsigned int, unsigned int)
                0x00000000c001c58c                IDE::detect()
                0x00000000c001c85a                IDE::printError(unsigned char, unsigned char, unsigned char)
                0x00000000c001c914                IDE::polling(unsigned char, unsigned int)
 .text          0x00000000c001c968      0x32a hw/diskctrl/satabus.32
                0x00000000c001c968                SATABus::close(int, int, void*)
                0x00000000c001c96c                SATABus::detect()
                0x00000000c001c96e                SATABus::SATABus()
                0x00000000c001c96e                SATABus::SATABus()
                0x00000000c001c9f4                SATABus::findCmdslot(SATABus::tagHBA_PORT volatile*)
                0x00000000c001ca26                SATABus::checkType(SATABus::tagHBA_PORT volatile*)
                0x00000000c001ca6e                SATABus::startCmd(SATABus::tagHBA_PORT volatile*)
                0x00000000c001ca8e                SATABus::stopCmd(SATABus::tagHBA_PORT volatile*)
                0x00000000c001cab8                SATABus::portRebase(SATABus::tagHBA_PORT volatile*, int)
                0x00000000c001cbc8                SATABus::probePort(SATABus::tagHBA_MEM volatile*)
                0x00000000c001cc72                SATABus::open(int, int, void*)
 .text          0x00000000c001cc92      0x93f hw/diskphys/ata.32
                0x00000000c001cc92                ATA::close(int, int, void*)
                0x00000000c001ccb6                ATA::powerSaving(PowerSavingLevel)
                0x00000000c001ccb8                ATA::ATA()
                0x00000000c001ccb8                ATA::ATA()
                0x00000000c001cce6                ATA::flush(bool)
                0x00000000c001cd34                ATA::readyForCommand()
                0x00000000c001cd80                ATA::access(unsigned long long, int, void*, bool)
                0x00000000c001d116                ATA::detectCHS()
                0x00000000c001d140                ATA::open(int, int, void*)
                0x00000000c001d20c                combineCharAndColour(char, unsigned char)
                0x00000000c001d21d                combineColours(unsigned char, unsigned char)
                0x00000000c001d22a                ATA::read(unsigned long long, int, void*)
                0x00000000c001d400                ATA::write(unsigned long long, int, void*)
 *fill*         0x00000000c001d5d1        0x1 
 .text          0x00000000c001d5d2      0x618 hw/diskphys/atapi.32
                0x00000000c001d5d2                ATAPI::write(unsigned long long, int, void*)
                0x00000000c001d5d8                ATAPI::close(int, int, void*)
                0x00000000c001d5fc                ATAPI::ATAPI()
                0x00000000c001d5fc                ATAPI::ATAPI()
                0x00000000c001d62a                ATAPI::readyForCommand()
                0x00000000c001d67c                ATAPI::sendPacket(unsigned char*, int, bool, unsigned short*, int)
                0x00000000c001d944                ATAPI::diskRemoved()
                0x00000000c001d97e                ATAPI::eject()
                0x00000000c001d9c6                ATAPI::diskInserted()
                0x00000000c001d9d2                ATAPI::detectMedia()
                0x00000000c001da90                ATAPI::open(int, int, void*)
                0x00000000c001db70                ATAPI::read(unsigned long long, int, void*)
 .text          0x00000000c001dbea      0x807 hw/diskphys/sata.32
                0x00000000c001dbea                SATA::close(int, int, void*)
                0x00000000c001dc0e                SATA::powerSaving(PowerSavingLevel)
                0x00000000c001dc10                SATA::open(int, int, void*)
                0x00000000c001dcba                SATA::SATA()
                0x00000000c001dcba                SATA::SATA()
                0x00000000c001dce8                SATA::access(unsigned long long, int, void*, bool)
                0x00000000c001df3c                SATA::read(unsigned long long, int, void*)
                0x00000000c001e18c                SATA::write(unsigned long long, int, void*)
 *fill*         0x00000000c001e3f1        0x1 
 .text          0x00000000c001e3f2      0x5d0 hw/diskphys/satapi.32
                0x00000000c001e3f2                SATAPI::write(unsigned long long, int, void*)
                0x00000000c001e3f8                SATAPI::close(int, int, void*)
                0x00000000c001e41c                SATAPI::SATAPI()
                0x00000000c001e41c                SATAPI::SATAPI()
                0x00000000c001e44a                SATAPI::diskRemoved()
                0x00000000c001e44c                SATAPI::diskInserted()
                0x00000000c001e468                SATAPI::sendPacket(unsigned char*, int, unsigned long long, unsigned short*, int)
                0x00000000c001e746                SATAPI::eject()
                0x00000000c001e782                SATAPI::detectMedia()
                0x00000000c001e7d8                SATAPI::open(int, int, void*)
                0x00000000c001e8d8                SATAPI::read(unsigned long long, int, void*)
 .text          0x00000000c001e9c2      0x45b hw/intctrl/apic.32
                0x00000000c001e9c2                IOAPIC::close(int, int, void*)
                0x00000000c001e9c8                apicGetBase()
                0x00000000c001ea0e                IOAPIC::IOAPIC()
                0x00000000c001ea0e                IOAPIC::IOAPIC()
                0x00000000c001ea36                apicOpen()
                0x00000000c001ebb2                IOAPIC::handlesGSIWithNumber(unsigned int)
                0x00000000c001ebe4                IOAPIC::read(int)
                0x00000000c001ec0c                IOAPIC::open(int, int, void*)
                0x00000000c001ecf2                IOAPIC::write(int, int)
                0x00000000c001ed1e                IOAPIC::redirect(unsigned char, unsigned long long, unsigned char, bool, bool)
 *fill*         0x00000000c001ee1d        0x3 
 .text          0x00000000c001ee20       0xf0 hw/timer/apictimer.32
                0x00000000c001ee20                APICTimer::close(int, int, void*)
                0x00000000c001ee28                apicTimerHandler(regs*, void*)
                0x00000000c001ee50                APICTimer::open(int, int, void*)
                0x00000000c001eec0                APICTimer::write(int)
                0x00000000c001eee8                APICTimer::APICTimer()
                0x00000000c001eee8                APICTimer::APICTimer()
 .text          0x00000000c001ef10      0x1ad hw/timer/pit.32
                0x00000000c001ef10                PIT::write(int)
                0x00000000c001ef94                pitHandler(regs*, void*)
                0x00000000c001efbc                PIT::open(int, int, void*)
                0x00000000c001f00c                PIT::close(int, int, void*)
                0x00000000c001f03c                PIT::PIT()
                0x00000000c001f03c                PIT::PIT()
 *fill*         0x00000000c001f0bd        0x3 
 .text          0x00000000c001f0c0       0x83 arch/i386/avx.32
                0x00000000c001f0c0                avxDetect
                0x00000000c001f0ea                avxSave
                0x00000000c001f0fb                avxLoad
                0x00000000c001f10c                avxInit
                0x00000000c001f12e                avxClose
                0x00000000c001f12f                wouldSheSayYes
 *fill*         0x00000000c001f143        0xd 
 .text          0x00000000c001f150      0x2ec arch/i386/interrupt.32
                0x00000000c001f150                isr0
                0x00000000c001f160                isr1
                0x00000000c001f16a                isr2
                0x00000000c001f174                isr3
                0x00000000c001f17e                isr4
                0x00000000c001f188                isr5
                0x00000000c001f192                isr6
                0x00000000c001f19c                isr7
                0x00000000c001f1a6                isr8
                0x00000000c001f1ae                isr9
                0x00000000c001f1b8                isr10
                0x00000000c001f1c0                isr11
                0x00000000c001f1c8                isr12
                0x00000000c001f1d0                isr13
                0x00000000c001f1ea                isr14
                0x00000000c001f1f2                isr15
                0x00000000c001f1fc                isr16
                0x00000000c001f206                isr17
                0x00000000c001f210                isr18
                0x00000000c001f21a                irq3
                0x00000000c001f224                irq4
                0x00000000c001f22e                irq5
                0x00000000c001f238                irq6
                0x00000000c001f242                irq7
                0x00000000c001f24c                irq8
                0x00000000c001f256                irq9
                0x00000000c001f260                irq10
                0x00000000c001f26a                irq11
                0x00000000c001f274                irq12
                0x00000000c001f27e                irq13
                0x00000000c001f288                irq14
                0x00000000c001f292                irq15
                0x00000000c001f29c                irq1
                0x00000000c001f2a3                irq2