Archive member included to satisfy reference by file (symbol)

/cygdrive/d/Users/Alex/Desktop/Toolchain/Output/bin/../lib/gcc/i386-banana/8.1.0/libgcc.a(_divdi3.o)
                              fs/fat/ff.32 (__divdi3)
/cygdrive/d/Users/Alex/Desktop/Toolchain/Output/bin/../lib/gcc/i386-banana/8.1.0/libgcc.a(_moddi3.o)
                              thr/elf.32 (__moddi3)
/cygdrive/d/Users/Alex/Desktop/Toolchain/Output/bin/../lib/gcc/i386-banana/8.1.0/libgcc.a(_udivdi3.o)
                              fs/fat/ff.32 (__udivdi3)
/cygdrive/d/Users/Alex/Desktop/Toolchain/Output/bin/../lib/gcc/i386-banana/8.1.0/libgcc.a(_umoddi3.o)
                              core/pipe.32 (__umoddi3)
D:/Users/Alex/Desktop/Banana/kernel/libk/libm32.a(s_fabs.c.o)
                              hal/libresample/samplerate.32 (fabs)
D:/Users/Alex/Desktop/Banana/kernel/libk/libm32.a(s_lrint.S.o)
                              hal/libresample/samplerate.32 (lrint)
D:/Users/Alex/Desktop/Banana/kernel/libk/libm32.a(s_lrintf.S.o)
                              hal/sound/sndhw.32 (lrintf)

Discarded input sections

 .comment       0x0000000000000000       0x12 /cygdrive/d/Users/Alex/Desktop/Toolchain/Output/bin/../lib/gcc/i386-banana/8.1.0/crtbegin.o
 .comment       0x0000000000000000       0x12 acpica/utclib.32
 .comment       0x0000000000000000       0x12 core/malloc.32
 .comment       0x0000000000000000       0x12 libk/string.32
 .comment       0x0000000000000000       0x12 fs/fat/diskio.32
 .comment       0x0000000000000000       0x12 fs/fat/ff.32
 .comment       0x0000000000000000       0x12 fs/fat/ffsystem.32
 .comment       0x0000000000000000       0x12 fs/fat/ffunicode.32
 .comment       0x0000000000000000       0x12 hal/libresample/samplerate.32
 .comment       0x0000000000000000       0x12 hal/libresample/src_linear.32
 .comment       0x0000000000000000       0x12 hal/libresample/src_sinc.32
 .comment       0x0000000000000000       0x12 hal/libresample/src_zoh.32
 .group         0x0000000000000000       0x14 core/computer.32
 .group         0x0000000000000000        0xc core/computer.32
 .comment       0x0000000000000000       0x12 core/computer.32
 .comment       0x0000000000000000       0x12 core/gdt.32
 .group         0x0000000000000000        0xc core/idle.32
 .comment       0x0000000000000000       0x12 core/idle.32
 .comment       0x0000000000000000       0x12 core/idt.32
 .group         0x0000000000000000        0x8 core/kheap.32
 .group         0x0000000000000000        0x8 core/kheap.32
 .comment       0x0000000000000000       0x12 core/kheap.32
 .comment       0x0000000000000000       0x12 core/main.32
 .comment       0x0000000000000000       0x12 core/physmgr.32
 .group         0x0000000000000000        0xc core/pipe.32
 .comment       0x0000000000000000       0x12 core/pipe.32
 .group         0x0000000000000000        0xc core/terminal.32
 .comment       0x0000000000000000       0x12 core/terminal.32
 .group         0x0000000000000000        0x8 core/tss.32
 .text._ZN3CPU7readCR3Ev
                0x0000000000000000       0x12 core/tss.32
 .comment       0x0000000000000000       0x12 core/tss.32
 .group         0x0000000000000000        0x8 core/unixfile.32
 .group         0x0000000000000000        0xc core/unixfile.32
 .group         0x0000000000000000        0xc core/unixfile.32
 .group         0x0000000000000000        0x8 core/unixfile.32
 .group         0x0000000000000000        0xc core/unixfile.32
 .group         0x0000000000000000        0x8 core/unixfile.32
 .group         0x0000000000000000        0xc core/unixfile.32
 .group         0x0000000000000000        0xc core/unixfile.32
 .comment       0x0000000000000000       0x12 core/unixfile.32
 .group         0x0000000000000000        0x8 core/virtmgr.32
 .group         0x0000000000000000        0x8 core/virtmgr.32
 .text._ZN3CPU7readCR3Ev
                0x0000000000000000       0x12 core/virtmgr.32
 .text._ZN3CPU8writeCR3Em
                0x0000000000000000        0x9 core/virtmgr.32
 .comment       0x0000000000000000       0x12 core/virtmgr.32
 .comment       0x0000000000000000       0x12 coreobjs/c++.32
 .comment       0x0000000000000000       0x12 dbg/kconsole.32
 .group         0x0000000000000000        0xc fs/vfs.32
 .group         0x0000000000000000        0xc fs/vfs.32
 .group         0x0000000000000000        0xc fs/vfs.32
 .comment       0x0000000000000000       0x12 fs/vfs.32
 .group         0x0000000000000000        0xc hal/bus.32
 .comment       0x0000000000000000       0x12 hal/bus.32
 .group         0x0000000000000000        0xc hal/buzzer.32
 .comment       0x0000000000000000       0x12 hal/buzzer.32
 .group         0x0000000000000000        0xc hal/clock.32
 .comment       0x0000000000000000       0x12 hal/clock.32
 .group         0x0000000000000000       0x14 hal/device.32
 .group         0x0000000000000000        0xc hal/device.32
 .group         0x0000000000000000        0xc hal/device.32
[...]
Memory Configuration

Name             Origin             Length             Attributes
*default*        0x0000000000000000 0xffffffffffffffff

Linker script and memory map

LOAD D:/Users/Alex/Desktop/Banana/kernel/boot.32
LOAD crti.32
LOAD /cygdrive/d/Users/Alex/Desktop/Toolchain/Output/bin/../lib/gcc/i386-banana/8.1.0/crtbegin.o
LOAD D:/Users/Alex/Desktop/Banana/kernel/morenasm.32
LOAD acpica/utclib.32
LOAD core/malloc.32
LOAD libk/string.32
LOAD fs/fat/diskio.32
LOAD fs/fat/ff.32
LOAD fs/fat/ffsystem.32
LOAD fs/fat/ffunicode.32
LOAD hal/libresample/samplerate.32
LOAD hal/libresample/src_linear.32
LOAD hal/libresample/src_sinc.32
LOAD hal/libresample/src_zoh.32
LOAD core/computer.32
LOAD core/gdt.32
LOAD core/idle.32
LOAD core/idt.32
LOAD core/kheap.32
LOAD core/main.32
LOAD core/physmgr.32
LOAD core/pipe.32
LOAD core/terminal.32
LOAD core/tss.32
LOAD core/unixfile.32
LOAD core/virtmgr.32
LOAD coreobjs/c++.32
LOAD dbg/kconsole.32
LOAD fs/vfs.32
LOAD hal/bus.32
LOAD hal/buzzer.32
LOAD hal/clock.32
LOAD hal/device.32
LOAD hal/diskctrl.32
LOAD hal/diskphys.32
LOAD hal/fpu.32
LOAD hal/intctrl.32
LOAD hal/keybrd.32
LOAD hal/logidisk.32
LOAD hal/mouse.32
LOAD hal/partition.32
LOAD hal/timer.32
LOAD hal/vcache.32
LOAD hal/video.32
LOAD hw/acpi.32
LOAD hw/cpu.32
LOAD hw/ports.32
LOAD krnl/panic.32
LOAD reg/registry.32
LOAD sys/sc_exit.32
LOAD sys/sc_loaddll.32
LOAD sys/sc_read.32
LOAD sys/sc_sbrk.32
LOAD sys/sc_write.32
LOAD sys/sc_yield.32
LOAD sys/syscalls.32
LOAD thr/elf.32
LOAD thr/prcssthr.32
LOAD vm86/vm8086.32
LOAD fs/fat/vfslink.32
LOAD fs/iso9660/vfslink.32
LOAD hal/sound/sndchannel.32
LOAD hal/sound/sndhw.32
LOAD hw/bus/isa.32
LOAD hw/bus/pci.32
LOAD hw/diskctrl/ide.32
LOAD hw/diskphys/ata.32
LOAD hw/diskphys/atapi.32
LOAD hw/fpu/avx.32
LOAD hw/fpu/mmx.32
LOAD hw/fpu/sse.32
LOAD hw/fpu/x87.32
LOAD hw/intctrl/apic.32
LOAD hw/intctrl/pic.32
LOAD hw/timer/apictimer.32
LOAD hw/timer/pit.32
LOAD hw/fpu/x86/avx.32
LOAD hw/fpu/x86/sse.32
LOAD hw/fpu/x86/x87.32
LOAD /cygdrive/d/Users/Alex/Desktop/Toolchain/Output/bin/../lib/gcc/i386-banana/8.1.0/crtend.o
LOAD crtn.32
LOAD /cygdrive/d/Users/Alex/Desktop/Toolchain/Output/bin/../lib/gcc/i386-banana/8.1.0/libgcc.a
LOAD D:/Users/Alex/Desktop/Banana/kernel/libk/libm32.a
                0x00000000c0000000                . = 0xc0000000

.text           0x00000000c0000000    0x1e518
 *(.text)
 .text          0x00000000c0000000       0x41 D:/Users/Alex/Desktop/Banana/kernel/boot.32
                0x00000000c0000020                callGlobalConstructors
 .text          0x00000000c0000041        0x0 crti.32
 *fill*         0x00000000c0000041        0x3 
 .text          0x00000000c0000044      0x101 /cygdrive/d/Users/Alex/Desktop/Toolchain/Output/bin/../lib/gcc/i386-banana/8.1.0/crtbegin.o
 *fill*         0x00000000c0000145        0xb 
 .text          0x00000000c0000150      0x41f D:/Users/Alex/Desktop/Banana/kernel/morenasm.32
                0x00000000c0000150                doTPAUSE
                0x00000000c000015a                hasLegacyFPU
                0x00000000c000017f                is486
                0x00000000c00001b5                goToVM86
                0x00000000c00001e6                goToUsermode
                0x00000000c0000211                switchToThreadASMFirstTime
                0x00000000c000021f                switchToThreadASM
                0x00000000c00002bf                detectCPUID
                0x00000000c00002d5                asmQuickAcquireLock
                0x00000000c00002f3                asmQuickReleaseLock
                0x00000000c00002ff                asmAcquireLock
                0x00000000c0000320                asmReleaseLock
                0x00000000c0000333                loadGDT
                0x00000000c0000353                isr0
                0x00000000c0000363                isr1
                0x00000000c000036d                isr2
                0x00000000c0000377                isr3
                0x00000000c0000381                isr4
                0x00000000c000038b                isr5
                0x00000000c0000395                isr6
                0x00000000c000039f                isr7
                0x00000000c00003a9                isr8
                0x00000000c00003b1                isr9
                0x00000000c00003bb                isr10
                0x00000000c00003c3                isr11
                0x00000000c00003cb                isr12
                0x00000000c00003d3                isr13
                0x00000000c00003db                isr14
                0x00000000c00003e3                isr15
                0x00000000c00003ed                isr16
                0x00000000c00003f7                isr17
                0x00000000c0000401                isr18
                0x00000000c000040b                isr96
                0x00000000c0000415                irq0
                0x00000000c000041f                irq1
                0x00000000c0000429                irq2
                0x00000000c0000433                irq3
                0x00000000c000043d                irq4
                0x00000000c0000447                irq5
                0x00000000c0000451                irq6
                0x00000000c000045b                irq7
                0x00000000c0000465                irq8
                0x00000000c000046f                irq9
                0x00000000c0000479                irq10
                0x00000000c0000483                irq11
                0x00000000c000048d                irq12
                0x00000000c0000497                irq13
                0x00000000c00004a1                irq14
                0x00000000c00004ab                irq15
                0x00000000c00004b5                irq16
                0x00000000c00004bf                irq17
                0x00000000c00004c9                irq18
                0x00000000c00004d3                irq19
                0x00000000c00004dd                irq20
                0x00000000c00004e7                irq21
                0x00000000c00004f1                irq22
                0x00000000c00004fb                irq23
                0x00000000c0000505                int_common_stub
                0x00000000c0000535                syscall_common_stub
 .text          0x00000000c000056f      0x40f acpica/utclib.32
                0x00000000c000056f                memcmp
                0x00000000c000059a                memmove
                0x00000000c00005d2                memcpy
                0x00000000c0000608                memset
                0x00000000c0000625                strlen
                0x00000000c0000635                strpbrk
                0x00000000c0000658                strtok
                0x00000000c00006a7                strcpy
                0x00000000c00006c7                strncpy
                0x00000000c00006f8                strcmp
                0x00000000c0000719                strchr
                0x00000000c000072f                strncmp
                0x00000000c000075e                strcat
                0x00000000c0000785                strncat
                0x00000000c00007bf                strstr
                0x00000000c00007fc                toupper
                0x00000000c0000810                tolower
                0x00000000c0000824                simple_strtoul
 .text          0x00000000c000097e      0xfbf core/malloc.32
                0x00000000c0000ae9                dlfree
                0x00000000c0000e44                dlmalloc
                0x00000000c0001381                dlrealloc
                0x00000000c0001536                dlmemalign
                0x00000000c0001659                dlcalloc
                0x00000000c00016f3                dlcfree
                0x00000000c00016f8                dlindependent_calloc
                0x00000000c000171d                dlindependent_comalloc
                0x00000000c0001734                dlvalloc
                0x00000000c000175f                dlpvalloc
                0x00000000c0001795                dlmalloc_trim
                0x00000000c00017a2                dlmalloc_usable_size
                0x00000000c00017d3                dlmallinfo
                0x00000000c00018a2                dlmalloc_stats
                0x00000000c00018b3                dlmallopt
 .text          0x00000000c000193d        0x0 libk/string.32
 .text          0x00000000c000193d       0x51 fs/fat/diskio.32
                0x00000000c000193d                disk_status
                0x00000000c0001940                disk_initialize
                0x00000000c0001943                disk_read
                0x00000000c0001959                disk_write
                0x00000000c000196f                disk_ioctl
 .text          0x00000000c000198e     0x6833 fs/fat/ff.32
                0x00000000c0004c5c                f_mount
                0x00000000c0004cbe                f_open
                0x00000000c00050fa                f_read
                0x00000000c000537a                f_write
                0x00000000c0005634                f_sync
                0x00000000c0005810                f_close
                0x00000000c000583f                f_lseek
                0x00000000c0005cf6                f_opendir
                0x00000000c0005df8                f_closedir
                0x00000000c0005e1a                f_readdir
                0x00000000c0005eb5                f_stat
                0x00000000c0005f44                f_getfree
                0x00000000c000610f                f_truncate
                0x00000000c0006207                f_unlink
                0x00000000c000638a                f_mkdir
                0x00000000c00065b6                f_rename
                0x00000000c00068a9                f_chmod
                0x00000000c0006987                f_utime
                0x00000000c0006a65                f_getlabel
                0x00000000c0006c53                f_setlabel
                0x00000000c0006ec0                f_forward
                0x00000000c000709e                f_mkfs
 .text          0x00000000c00081c1       0x2d fs/fat/ffsystem.32
                0x00000000c00081c1                ff_memalloc
                0x00000000c00081d7                ff_memfree
 .text          0x00000000c00081ee      0x253 fs/fat/ffunicode.32
                0x00000000c00081ee                ff_uni2oem
                0x00000000c000827e                ff_oem2uni
                0x00000000c00082ea                ff_wtoupper
 .text          0x00000000c0008441      0x70e hal/libresample/samplerate.32
                0x00000000c00084c9                src_delete
                0x00000000c0008505                src_process
                0x00000000c000862d                src_callback_read
                0x00000000c000878e                src_set_ratio
                0x00000000c00087e5                src_get_channels
                0x00000000c0008807                src_reset
                0x00000000c000884b                src_new
                0x00000000c00088d9                src_callback_new
                0x00000000c000893b                src_get_name
                0x00000000c0008972                src_get_description
                0x00000000c00089a9                src_get_version
                0x00000000c00089af                src_is_valid_ratio
                0x00000000c00089c9                src_error
                0x00000000c00089d7                src_strerror
                0x00000000c00089ea                src_simple
                0x00000000c0008a3d                src_short_to_float_array
                0x00000000c0008a63                src_float_to_short_array
                0x00000000c0008ac7                src_int_to_float_array
                0x00000000c0008aed                src_float_to_int_array
 .text          0x00000000c0008b4f      0x3fd hal/libresample/src_linear.32
                0x00000000c0008ea7                linear_get_name
                0x00000000c0008eb6                linear_get_description
                0x00000000c0008ec5                linear_set_converter
 .text          0x00000000c0008f4c     0x1a3f hal/libresample/src_sinc.32
                0x00000000c000a8a2                sinc_get_name
                0x00000000c000a8b5                sinc_get_description
                0x00000000c000a8c8                sinc_set_converter
 .text          0x00000000c000a98b      0x3d3 hal/libresample/src_zoh.32
                0x00000000c000acb9                zoh_get_name
                0x00000000c000acc8                zoh_get_description
                0x00000000c000acd7                zoh_set_converter
 .text          0x00000000c000ad5e      0x68f core/computer.32
                0x00000000c000ad5e                Computer::close(int, int, void*)
                0x00000000c000ada2                Computer::Computer()
                0x00000000c000ada2                Computer::Computer()
                0x00000000c000aefe                Computer::setBootMessage(char const*)
                0x00000000c000af00                Computer::start()
                0x00000000c000afdc                firstTask()
                0x00000000c000afea                Computer::detectFeatures()
                0x00000000c000b1c4                Computer::displayFeatures()
                0x00000000c000b1c6                Computer::rdmsr(unsigned int)
                0x00000000c000b1f2                Computer::wrmsr(unsigned int, unsigned long long)
                0x00000000c000b22a                Computer::nmiEnabled()
                0x00000000c000b236                Computer::readCMOS(unsigned char)
                0x00000000c000b250                Computer::enableNMI(bool)
                0x00000000c000b268                Computer::open(int, int, void*)
                0x00000000c000b330                Computer::disableNMI()
                0x00000000c000b33e                Computer::writeCMOS(unsigned char, unsigned char)
                0x00000000c000b35c                Computer::handleNMI()
                0x00000000c000b3c2                Computer::setDiskActivityLight(int, bool)
 *fill*         0x00000000c000b3ed        0x1 
 .text          0x00000000c000b3ee      0x1b7 core/gdt.32
                0x00000000c000b3ee                GDTEntry::setBase(unsigned int)
                0x00000000c000b40a                GDTEntry::setLimit(unsigned int)
                0x00000000c000b428                GDT::GDT()
                0x00000000c000b428                GDT::GDT()
                0x00000000c000b43e                GDT::addEntry(GDTEntry)
                0x00000000c000b47a                GDT::getNumberOfEntries()
                0x00000000c000b482                GDT::flush()
                0x00000000c000b4a4                GDT::setup()
 .text          0x00000000c000b5a5       0x61 core/idle.32
                0x00000000c000b5a5                idleFunction(void*)
 .text          0x00000000c000b606      0x45f core/idt.32
                0x00000000c000b606                IDTEntry::IDTEntry(bool)
                0x00000000c000b606                IDTEntry::IDTEntry(bool)
                0x00000000c000b674                IDTEntry::setOffset(unsigned int)
                0x00000000c000b688                IDT::IDT()
                0x00000000c000b688                IDT::IDT()
                0x00000000c000b68a                IDT::getPointerToInvalidOpcodeEntryForF00F()
                0x00000000c000b692                IDT::addEntry(IDTEntry, int)
                0x00000000c000b6ac                IDT::addEntry(int, void (*)(), bool)
                0x00000000c000b6e4                IDT::flush()
                0x00000000c000b6fe                IDT::setup()
 .text          0x00000000c000ba65      0x20d core/kheap.32
                0x00000000c000ba65                sbrk
                0x00000000c000bb7d                mmap
                0x00000000c000bb93                munmap
                0x00000000c000bba9                liballoc_lock()
                0x00000000c000bbba                liballoc_unlock()
                0x00000000c000bbcb                liballoc_alloc(int)
                0x00000000c000bbe6                liballoc_free(void*, int)
                0x00000000c000bc04                realloc
                0x00000000c000bc18                malloc
                0x00000000c000bc28                free
                0x00000000c000bc38                rfree
                0x00000000c000bc48                calloc
 .text          0x00000000c000bc72      0x38d core/main.32
                0x00000000c000bc72                hwTextMode_loadInData(VgaText*)
                0x00000000c000bcb7                hwTextMode_loadInTitle(VgaText*, char*)
                0x00000000c000bcf9                hwTextMode_showCursor(VgaText*, bool)
                0x00000000c000bd4d                hwTextMode_update(VgaText*)
                0x00000000c000bd4e                hwTextMode_updateCursor(VgaText*)
                0x00000000c000bd96                hwTextMode_disableBlink(VgaText*, bool)
                0x00000000c000bdd2                hwTextMode_scrollScreen(VgaText*)
                0x00000000c000be58                hwTextMode_writeCharacter(VgaText*, char, VgaColour, VgaColour, int, int)
                0x00000000c000beb6                setupTextMode()
                0x00000000c000bf07                kernel_main
 .text          0x00000000c000bfff      0x46c core/physmgr.32
                0x00000000c000bfff                Phys::allocateDMA(unsigned long)
                0x00000000c000c0a2                Phys::freeDMA(unsigned long, unsigned long)
                0x00000000c000c0ea                Phys::setPageState(unsigned long, bool)
                0x00000000c000c11c                Phys::getPageState(unsigned long)
                0x00000000c000c138                Phys::freePage(unsigned long)
                0x00000000c000c1c2                Phys::allocatePage()
                0x00000000c000c27e                Phys::allowSegmentToBeUsed(unsigned long, unsigned long)
                0x00000000c000c2b6                Phys::physicalMemorySetup(unsigned int)
 *fill*         0x00000000c000c46b        0x1 
 .text          0x00000000c000c46c      0x273 core/pipe.32
                0x00000000c000c46c                Pipe::isAtty()
                0x00000000c000c470                Pipe::~Pipe()
                0x00000000c000c470                Pipe::~Pipe()
                0x00000000c000c494                Pipe::~Pipe()
                0x00000000c000c4bc                Pipe::read(unsigned long long, void*, int*)
                0x00000000c000c5b0                Pipe::write(unsigned long long, void*, int*)
                0x00000000c000c678                Pipe::Pipe(int)
                0x00000000c000c678                Pipe::Pipe(int)
 *fill*         0x00000000c000c6df        0x1 
 .text          0x00000000c000c6e0      0xf65 core/terminal.32
                0x00000000c000c6e0                VgaText::isAtty()
                0x00000000c000c6e4                VgaText::~VgaText()
                0x00000000c000c6e4                VgaText::~VgaText()
                0x00000000c000c708                VgaText::~VgaText()
                0x00000000c000c732                VgaText::read(unsigned long long, void*, int*)
                0x00000000c000c752                setTerminalScrollLock(bool)
                0x00000000c000c753                addToTerminalCycle(VgaText*)
                0x00000000c000c780                installVgaTextImplementation()
                0x00000000c000c795                scrollTerminalScrollLock(int)
                0x00000000c000c796                VgaText::load()
                0x00000000c000c7ea                VgaText::updateCursor()
                0x00000000c000c804                VgaText::showCursor(bool)
                0x00000000c000c814                VgaText::disableBlink(bool)
                0x00000000c000c84e                VgaText::doANSI_SGR(int)
                0x00000000c000c8da                VgaText::setDefaultBgColour(VgaColour)
                0x00000000c000c8f0                VgaText::setDefaultFgColour(VgaColour)
                0x00000000c000c906                VgaText::setDefaultColours(VgaColour, VgaColour)
                0x00000000c000c926                VgaText::combineColours(unsigned char, unsigned char)
                0x00000000c000c938                VgaText::scrollScreen()
                0x00000000c000c9cc                VgaText::combineCharAndColour(char, unsigned char)
                0x00000000c000c9de                VgaText::writeCharacter(char, VgaColour, VgaColour, int, int)
                0x00000000c000ca3e                VgaText::getCursorX()
                0x00000000c000ca4a                VgaText::getCursorY()
                0x00000000c000ca56                VgaText::setCursor(int, int)
                0x00000000c000ca74                VgaText::setCursorX(int)
                0x00000000c000ca90                VgaText::setCursorY(int)
                0x00000000c000caac                VgaText::incrementCursor(bool)
                0x00000000c000cb14                VgaText::updateRAMUsageDisplay(int)
                0x00000000c000cb6e                VgaText::updateDiskUsage()
                0x00000000c000ccd4                VgaText::updateTitle()
                0x00000000c000cd1a                VgaText::setTitleTextColour(VgaColour)
                0x00000000c000cd2a                VgaText::setTitleColour(VgaColour)
                0x00000000c000cd3a                VgaText::setTitle(char*)
                0x00000000c000cd60                VgaText::decrementCursor(bool)
                0x00000000c000cd88                VgaText::putchar(char, VgaColour, VgaColour)
                0x00000000c000ce84                VgaText::isShowingCursor()
                0x00000000c000ce90                VgaText::isBlinkDisabled()
                0x00000000c000ce9e                VgaText::setCursorHeight(int)
                0x00000000c000cebc                VgaText::getCursorHeight()
                0x00000000c000cec7                setActiveTerminal(VgaText*)
                0x00000000c000cf79                doTerminalCycle()
                0x00000000c000cf96                VgaText::doUpdate()
                0x00000000c000cfa8                VgaText::puts(char const*, VgaColour, VgaColour)
                0x00000000c000d168                VgaText::clearScreen()
                0x00000000c000d1cc                VgaText::putchar(char)
                0x00000000c000d2e6                VgaText::puts(char const*)
                0x00000000c000d30c                VgaText::putx(unsigned int)
                0x00000000c000d352                VgaText::VgaText(char const*)
                0x00000000c000d352                VgaText::VgaText(char const*)
                0x00000000c000d4e4                VgaText::receiveKey(unsigned char)
                0x00000000c000d5cc                VgaText::write(unsigned long long, void*, int*)
                0x00000000c000d620                newTerminal(char*)
 *fill*         0x00000000c000d645        0x1 
 .text          0x00000000c000d646      0x18f core/tss.32
                0x00000000c000d646                TSS::TSS()
                0x00000000c000d646                TSS::TSS()
                0x00000000c000d654                TSS::setESP(unsigned long)
                0x00000000c000d666                TSS::flush()
                0x00000000c000d686                TSS::setup(unsigned long, unsigned long)
 *fill*         0x00000000c000d7d5        0x1 
 .text          0x00000000c000d7d6      0x32f core/unixfile.32
                0x00000000c000d7d6                ReservedFilename::isAtty()
                0x00000000c000d7ec                ReservedFilename::read(unsigned long long, void*, int*)
                0x00000000c000d87e                ReservedFilename::write(unsigned long long, void*, int*)
                0x00000000c000d914                UnixFile::getFileDescriptor()
                0x00000000c000d91c                UnixFile::UnixFile(int)
                0x00000000c000d91c                UnixFile::UnixFile(int)
                0x00000000c000d958                ReservedFilename::ReservedFilename(int)
                0x00000000c000d958                ReservedFilename::ReservedFilename(int)
                0x00000000c000d980                UnixFile::~UnixFile()
                0x00000000c000d980                UnixFile::~UnixFile()
                0x00000000c000da06                UnixFile::~UnixFile()
                0x00000000c000da2e                ReservedFilename::~ReservedFilename()
                0x00000000c000da2e                ReservedFilename::~ReservedFilename()
                0x00000000c000da52                ReservedFilename::~ReservedFilename()
                0x00000000c000da79                getFromFileDescriptor(int)
 *fill*         0x00000000c000db05        0x1 
 .text          0x00000000c000db06     0x1175 core/virtmgr.32
                0x00000000c000db06                Virt::setPageState(unsigned long, Virt::VirtPageState)
                0x00000000c000db3b                Virt::getPageState(unsigned long)
                0x00000000c000db5f                Virt::allocateKernelVirtualPages(int)
                0x00000000c000dc70                Virt::virtualMemorySetup()
                0x00000000c000dcef                Virt::getAKernelVAS()
                0x00000000c000dcf5                Virt::setupPageSwapping(int)
                0x00000000c000de1a                VAS::VAS()
                0x00000000c000de1a                VAS::VAS()
                0x00000000c000de4a                VAS::getForeignPageTableEntry(bool, unsigned long)
                0x00000000c000de76                VAS::getPageTableEntry(unsigned long)
                0x00000000c000de95                Virt::freeKernelVirtualPages(unsigned long)
                0x00000000c000dfb8                VAS::freeAllocatedPages(unsigned long)
                0x00000000c000dfdc                VAS::virtualToPhysical(unsigned long)
                0x00000000c000dff4                VAS::mapOtherVASIn(bool, VAS*)
                0x00000000c000e02a                VAS::~VAS()
                0x00000000c000e02a                VAS::~VAS()
                0x00000000c000e196                VAS::mapPage(unsigned long, unsigned long, int)
                0x00000000c000e296                VAS::allocatePages(int, int)
                0x00000000c000e466                VAS::setCPUSpecific(unsigned long)
                0x00000000c000e482                VAS::mapRange(unsigned long, unsigned long, int, int)
                0x00000000c000e54c                VAS::VAS(VAS*)
                0x00000000c000e54c                VAS::VAS(VAS*)
                0x00000000c000e896                VAS::mapForeignPage(bool, VAS*, unsigned long, unsigned long, int)
                0x00000000c000e984                VAS::VAS(bool)
                0x00000000c000e984                VAS::VAS(bool)
                0x00000000c000ebb4                mapVASFirstTime
 .text          0x00000000c000ec7b       0x93 coreobjs/c++.32
                0x00000000c000ec7b                __cxa_atexit
                0x00000000c000ec7e                __cxa_finalize
                0x00000000c000ec7f                __stack_chk_fail
                0x00000000c000ecdf                __cxa_pure_virtual
                0x00000000c000ecf0                operator new(unsigned long)
                0x00000000c000ecf5                operator new[](unsigned long)
                0x00000000c000ecfa                operator delete(void*)
                0x00000000c000ecff                operator delete(void*, unsigned long)
                0x00000000c000ed04                operator delete[](void*)
                0x00000000c000ed09                operator delete[](void*, unsigned long)
 .text          0x00000000c000ed0e      0x1ef dbg/kconsole.32
                0x00000000c000ed0e                Dbg::stringifyxWithBase(unsigned int, char*, int)
                0x00000000c000ed6f                Dbg::logc(char)
                0x00000000c000ed86                Dbg::logs(char*)
                0x00000000c000eda3                Dbg::logWriteInt(unsigned int)
                0x00000000c000edc0                Dbg::logWriteIntBase(unsigned int, int)
                0x00000000c000eddf                Dbg::kprintf(char const*, ...)
 *fill*         0x00000000c000eefd        0x1 
 .text          0x00000000c000eefe      0xb68 fs/vfs.32
                0x00000000c000eefe                File::read(unsigned long long, void*, int*)
                0x00000000c000ef56                File::write(unsigned long long, void*, int*)
                0x00000000c000efae                Directory::read(unsigned long long, void*, int*)
                0x00000000c000f006                Directory::write(unsigned long long, void*, int*)
                0x00000000c000f034                File::isAtty()
                0x00000000c000f038                Directory::isAtty()
                0x00000000c000f03c                Filesystem::getlabel(LogicalDisk*, int, char*, unsigned int*)
                0x00000000c000f042                Filesystem::setlabel(LogicalDisk*, int, char*)
                0x00000000c000f048                File::~File()
                0x00000000c000f048                File::~File()
                0x00000000c000f06c                File::~File()
                0x00000000c000f096                Directory::~Directory()
                0x00000000c000f096                Directory::~Directory()
                0x00000000c000f0ba                Directory::~Directory()
                0x00000000c000f0e4                Filesystem::Filesystem()
                0x00000000c000f0e4                Filesystem::Filesystem()
                0x00000000c000f108                Filesystem::~Filesystem()
                0x00000000c000f108                Filesystem::~Filesystem()
                0x00000000c000f116                Filesystem::~Filesystem()
                0x00000000c000f13a                initVFS()
                0x00000000c000f164                standardiseFiles(char*, char const*, char const*)
                0x00000000c000f30e                File::File(char const*, Process*)
                0x00000000c000f30e                File::File(char const*, Process*)
                0x00000000c000f372                File::open(FileOpenMode)
                0x00000000c000f3d0                File::close()
                0x00000000c000f430                File::seek(unsigned long long)
                0x00000000c000f486                File::tell(unsigned long long*)
                0x00000000c000f4d6                File::rewind()
                0x00000000c000f4ea                File::unlink()
                0x00000000c000f536                File::rename(char const*)
                0x00000000c000f584                File::chfatattr(unsigned char, unsigned char)
                0x00000000c000f5e0                File::exists()
                0x00000000c000f61e                File::stat(unsigned long long*, bool*)
                0x00000000c000f67f                getcwd(Process*, char*, int)
                0x00000000c000f6a9                setcwd(Process*, char*)
                0x00000000c000f7d0                Directory::Directory(char const*, Process*)
                0x00000000c000f7d0                Directory::Directory(char const*, Process*)
                0x00000000c000f834                Directory::open()
                0x00000000c000f890                Directory::close()
                0x00000000c000f8f0                Directory::unlink()
                0x00000000c000f93c                Directory::rename(char const*)
                0x00000000c000f98a                Directory::exists()
                0x00000000c000f9c8                Directory::read(dirent*)
                0x00000000c000fa14                Directory::create()
                0x00000000c000fa60                Filesystem::chfatattr(char const*, unsigned char, unsigned char)
 .text          0x00000000c000fa66       0x84 hal/bus.32
                0x00000000c000fa66                Bus::Bus(char const*)
                0x00000000c000fa66                Bus::Bus(char const*)
                0x00000000c000fa9c                Bus::~Bus()
                0x00000000c000fa9c                Bus::~Bus()
                0x00000000c000fac0                Bus::~Bus()
 .text          0x00000000c000faea      0x14e hal/buzzer.32
                0x00000000c000faea                Buzzer::Buzzer(char const*)
                0x00000000c000faea                Buzzer::Buzzer(char const*)
                0x00000000c000fb2e                Buzzer::~Buzzer()
                0x00000000c000fb2e                Buzzer::~Buzzer()
                0x00000000c000fb52                Buzzer::~Buzzer()
                0x00000000c000fb7c                Buzzer::stop()
                0x00000000c000fb8f                beepThread(void*)
                0x00000000c000fbca                Buzzer::beep(int, int, bool)
 .text          0x00000000c000fc38      0x42f hal/clock.32
                0x00000000c000fc38                loadClockSettings()
                0x00000000c000fc52                Clock::Clock(char const*)
                0x00000000c000fc52                Clock::Clock(char const*)
                0x00000000c000fc88                Clock::~Clock()
                0x00000000c000fc88                Clock::~Clock()
                0x00000000c000fcac                Clock::~Clock()
                0x00000000c000fcd6                Clock::timeInSecondsLocal()
                0x00000000c000fd1e                Clock::setTimeInSecondsLocal(unsigned long long)
                0x00000000c000fd77                datetimeToSeconds(datetime_t)
                0x00000000c000fe9e                Clock::setTimeInDatetimeLocal(datetime_t)
                0x00000000c000fefe                secondsToDatetime(unsigned long long)
                0x00000000c0010042                Clock::timeInDatetimeLocal()
 *fill*         0x00000000c0010067        0x1 
 .text          0x00000000c0010068      0x504 hal/device.32
                0x00000000c0010068                Device::hibernate()
                0x00000000c001006a                Device::wake()
                0x00000000c001006c                Device::detect()
                0x00000000c001006e                Device::disableLegacy()
                0x00000000c0010070                Device::powerSaving(PowerSavingLevel)
                0x00000000c0010072                DriverlessDevice::close(int, int, void*)
                0x00000000c0010076                DriverlessDevice::detect()
                0x00000000c0010078                DriverlessDevice::open(int, int, void*)
                0x00000000c001008c                Device::~Device()
                0x00000000c001008c                Device::~Device()
                0x00000000c001009a                Device::~Device()
                0x00000000c00100c2                Device::findAndLoadDriver()
                0x00000000c00100c4                Device::preOpenPCI(PCIDeviceInfo)
                0x00000000c00100ea                Device::preOpenACPI(void*, char*, char*)
                0x00000000c001013e                Device::addIRQHandler(int, void (*)(regs*, void*), bool, void*)
                0x00000000c001019c                Device::removeIRQHandler(int, void (*)(regs*, void*), bool)
                0x00000000c00101ea                Device::addChild(Device*)
                0x00000000c001022e                Device::removeAllChildren()
                0x00000000c0010274                Device::hibernateAll()
                0x00000000c00102a4                Device::wakeAll()
                0x00000000c00102d4                Device::detectAll()
                0x00000000c0010304                Device::disableLegacyAll()
                0x00000000c0010334                Device::loadDriversForAll()
                0x00000000c0010360                Device::closeAll()
                0x00000000c0010396                Device::powerSavingAll(PowerSavingLevel)
                0x00000000c00103cc                Device::setName(char const*)
                0x00000000c00103da                Device::Device(char const*)
                0x00000000c00103da                Device::Device(char const*)
                0x00000000c00104cc                Device::getName()
                0x00000000c00104d6                DriverlessDevice::DriverlessDevice(char const*)
                0x00000000c00104d6                DriverlessDevice::DriverlessDevice(char const*)
                0x00000000c00104fe                Device::addToLinkedList(LinkedList<Device>&, DeviceType)
                0x00000000c0010542                getDevicesOfType(DeviceType)
 .text          0x00000000c001056c       0x84 hal/diskctrl.32
                0x00000000c001056c                HardDiskController::HardDiskController(char const*)
                0x00000000c001056c                HardDiskController::HardDiskController(char const*)
                0x00000000c00105a2                HardDiskController::~HardDiskController()
                0x00000000c00105a2                HardDiskController::~HardDiskController()
                0x00000000c00105c6                HardDiskController::~HardDiskController()
 .text          0x00000000c00105f0       0xde hal/diskphys.32
                0x00000000c00105f0                PhysicalDisk::PhysicalDisk(char const*, int)
                0x00000000c00105f0                PhysicalDisk::PhysicalDisk(char const*, int)
                0x00000000c0010658                PhysicalDisk::startCache()
                0x00000000c0010680                PhysicalDisk::~PhysicalDisk()
                0x00000000c0010680                PhysicalDisk::~PhysicalDisk()
                0x00000000c00106a4                PhysicalDisk::~PhysicalDisk()
 .text          0x00000000c00106ce      0x142 hal/fpu.32
                0x00000000c00106ce                FPU::FPU(char const*)
                0x00000000c00106ce                FPU::FPU(char const*)
                0x00000000c0010704                FPU::~FPU()
                0x00000000c0010704                FPU::~FPU()
                0x00000000c0010728                FPU::~FPU()
                0x00000000c0010752                setupFPU()
 .text          0x00000000c0010810      0xbeb hal/intctrl.32
                0x00000000c0010810                InterruptController::uninstallISRHandler(int, void (*)(regs*, void*))
                0x00000000c0010848                InterruptController::installISRHandler(int, void (*)(regs*, void*), void*)
                0x00000000c001089a                doubleFault(regs*, void*)
                0x00000000c00108a8                InterruptController::installIRQHandler(int, void (*)(regs*, void*), bool, void*)
                0x00000000c0010944                InterruptController::clearAllHandlers(int, bool)
                0x00000000c00109ec                InterruptController::uninstallIRQHandler(int, void (*)(regs*, void*), bool)
                0x00000000c0010a73                nmiHandler(regs*, void*)
                0x00000000c0010a81                int_handler
                0x00000000c0010b1c                InterruptController::InterruptController(char const*)
                0x00000000c0010b1c                InterruptController::InterruptController(char const*)
                0x00000000c0010bc2                InterruptController::~InterruptController()
                0x00000000c0010bc2                InterruptController::~InterruptController()
                0x00000000c0010be6                InterruptController::~InterruptController()
                0x00000000c0010c10                displayDebugInfo(regs*)
                0x00000000c0010ff2                x87EmulHandler(regs*, void*)
                0x00000000c0011055                gpFault(regs*, void*)
                0x00000000c001108e                pgFault(regs*, void*)
                0x00000000c00110a5                otherISRHandler(regs*, void*)
                0x00000000c00110c4                opcodeFault(regs*, void*)
                0x00000000c001112e                displayProgramFault(char const*)
                0x00000000c0011156                InterruptController::convertLegacyIRQNumber(int)
                0x00000000c00111a0                setupInterruptController()
 *fill*         0x00000000c00113fb        0x1 
 .text          0x00000000c00113fc      0x608 hal/keybrd.32
                0x00000000c00113fc                startGUI(void*)
                0x00000000c001146e                sendKeyToTerminal(unsigned char)
                0x00000000c00114da                sendKeyboardToken(KeyboardToken)
                0x00000000c00118b5                clearInternalKeybuffer(VgaText*)
                0x00000000c00118ea                readKeyboard(VgaText*, char*, unsigned long)
                0x00000000c001197a                Keyboard::Keyboard(char const*)
                0x00000000c001197a                Keyboard::Keyboard(char const*)
                0x00000000c00119b6                Keyboard::~Keyboard()
                0x00000000c00119b6                Keyboard::~Keyboard()
                0x00000000c00119da                Keyboard::~Keyboard()
 .text          0x00000000c0011a04      0x400 hal/logidisk.32
                0x00000000c0011a04                LogicalDisk::close(int, int, void*)
                0x00000000c0011a08                LogicalDisk::~LogicalDisk()
                0x00000000c0011a08                LogicalDisk::~LogicalDisk()
                0x00000000c0011a2c                LogicalDisk::~LogicalDisk()
                0x00000000c0011a56                LogicalDisk::open(int, int, void*)
                0x00000000c0011a6a                LogicalDisk::absoluteToRelative(unsigned long long)
                0x00000000c0011aa2                LogicalDisk::relativeToAbsolute(unsigned long long)
                0x00000000c0011ae8                LogicalDisk::LogicalDisk(char const*, PhysicalDisk*, unsigned long long, unsigned long long)
                0x00000000c0011ae8                LogicalDisk::LogicalDisk(char const*, PhysicalDisk*, unsigned long long, unsigned long long)
                0x00000000c0011b9e                LogicalDisk::assignDriveLetter()
                0x00000000c0011c54                LogicalDisk::mount()
                0x00000000c0011cc6                LogicalDisk::unmount()
                0x00000000c0011cd6                LogicalDisk::unassignDriveLetter()
                0x00000000c0011d2c                LogicalDisk::read(unsigned long long, int, void*)
                0x00000000c0011d98                LogicalDisk::write(unsigned long long, int, void*)
 .text          0x00000000c0011e04       0x84 hal/mouse.32
                0x00000000c0011e04                Mouse::Mouse(char const*)
                0x00000000c0011e04                Mouse::Mouse(char const*)
                0x00000000c0011e3a                Mouse::~Mouse()
                0x00000000c0011e3a                Mouse::~Mouse()
                0x00000000c0011e5e                Mouse::~Mouse()
 .text          0x00000000c0011e88      0x339 hal/partition.32
                0x00000000c0011e88                makePartition(PhysicalDisk*, unsigned long long, unsigned long long)
                0x00000000c0011f30                createPartitionsForDisk(PhysicalDisk*)
 *fill*         0x00000000c00121c1        0x1 
 .text          0x00000000c00121c2      0x2e7 hal/timer.32
                0x00000000c00121c2                Timer::Timer(char const*)
                0x00000000c00121c2                Timer::Timer(char const*)
                0x00000000c00121f8                Timer::~Timer()
                0x00000000c00121f8                Timer::~Timer()
                0x00000000c001221c                Timer::~Timer()
                0x00000000c0012246                Timer::read()
                0x00000000c0012251                timerHandler(unsigned long long)
                0x00000000c0012388                setupTimer(int)
 *fill*         0x00000000c00124a9        0x1 
 .text          0x00000000c00124aa      0x2d1 hal/vcache.32
                0x00000000c00124aa                VCache::VCache(PhysicalDisk*)
                0x00000000c00124aa                VCache::VCache(PhysicalDisk*)
                0x00000000c001259a                VCache::writeWriteBuffer()
                0x00000000c00125d6                VCache::~VCache()
                0x00000000c00125d6                VCache::~VCache()
                0x00000000c0012616                VCache::~VCache()
                0x00000000c001263e                VCache::write(unsigned long long, int, void*)
                0x00000000c0012722                VCache::read(unsigned long long, int, void*)
 *fill*         0x00000000c001277b        0x1 
 .text          0x00000000c001277c      0x26d hal/video.32
                0x00000000c001277c                Video::putrect(int, int, int, int, unsigned int)
                0x00000000c00127c6                Video::blit(unsigned int*, int, int, int, int)
                0x00000000c0012844                Video::clearScreen(unsigned int)
                0x00000000c0012878                Video::putpixel(int, int, unsigned int)
                0x00000000c0012886                Video::Video(char const*)
                0x00000000c0012886                Video::Video(char const*)
                0x00000000c00128bc                Video::~Video()
                0x00000000c00128bc                Video::~Video()
                0x00000000c00128e0                Video::~Video()
                0x00000000c001290a                Video::isMonochrome()
                0x00000000c0012916                Video::getWidth()
                0x00000000c0012922                Video::getHeight()
                0x00000000c001292e                Video::drawCursor(int, int, unsigned char*, int)
 *fill*         0x00000000c00129e9        0x1 
 .text          0x00000000c00129ea      0xd28 hw/acpi.32
                0x00000000c00129ea                ACPI::close(int, int, void*)
                0x00000000c0012a9f                findRSDP()
                0x00000000c0012b29                loadACPITables(unsigned char*)
                0x00000000c0012d50                findRSDT(unsigned char*)
                0x00000000c0012e6e                findDataTable(unsigned char*, char*)
                0x00000000c0012f0a                scanMADT()
                0x00000000c001329e                ACPI::ACPI()
                0x00000000c001329e                ACPI::ACPI()
                0x00000000c00132fe                ACPI::getPCIIRQAssignment(unsigned char, unsigned short, unsigned char)
                0x00000000c00133e0                ACPI::registerPCIIRQAssignment(void*, unsigned short, unsigned char, unsigned char)
                0x00000000c00134e6                ACPI::setScreenBrightnessLevel(void*, int)
                0x00000000c00134ec                ACPI::writeSimpleBootFlag(SimpleBootFlagTable*)
                0x00000000c0013534                ACPI::open(int, int, void*)
                0x00000000c00136fa                ACPI::sleep()
 .text          0x00000000c0013712     0x132c hw/cpu.32
                0x00000000c0013712                CPU::close(int, int, void*)
                0x00000000c0013715                lookupAMDCPUName(unsigned char, unsigned char)
                0x00000000c00138a9                lookupIntelCPUName(unsigned char, unsigned char)
                0x00000000c0013b57                AMD_K6_write_msr(unsigned int, unsigned int, unsigned int, REGS*)
                0x00000000c0013b73                AMD_K6_read_msr(unsigned int, REGS*)
                0x00000000c0013b8b                AMD_K6_writeback(int, int, int)
                0x00000000c0013bfe                cpuid(int, unsigned long*, unsigned long*, unsigned long*, unsigned long*)
                0x00000000c0013c81                cpuidCheckEDX(unsigned int)
                0x00000000c0013cae                cpuidCheckECX(unsigned int)
                0x00000000c0013cdb                cpuidCheckExtendedEBX(unsigned int)
                0x00000000c0013d08                cpuidCheckExtendedECX(unsigned int)
                0x00000000c0013d35                getCPUNumber()
                0x00000000c0013d38                thisCPU()
                0x00000000c0013d4c                CPU::CPU()
                0x00000000c0013d4c                CPU::CPU()
                0x00000000c0013dda                CPU::displayFeatures()
                0x00000000c0013ddc                CPU::detectFeatures()
                0x00000000c00147ce                CPU::setupSMEP()
                0x00000000c00147e8                CPU::setupUMIP()
                0x00000000c0014800                CPU::setupTSC()
                0x00000000c0014818                CPU::setupLargePages()
                0x00000000c0014830                CPU::setupPAT()
                0x00000000c001486c                CPU::setupMTRR()
                0x00000000c001486e                CPU::setupGlobalPages()
                0x00000000c0014884                CPU::allowUsermodeDataAccess()
                0x00000000c0014896                CPU::prohibitUsermodeDataAccess()
                0x00000000c00148a8                CPU::setupSMAP()
                0x00000000c00148ce                CPU::setupFeatures()
                0x00000000c0014970                CPU::open(int, int, void*)
 .text          0x00000000c0014a3e        0x0 hw/ports.32
 .text          0x00000000c0014a3e      0x32c krnl/panic.32
                0x00000000c0014a3e                Krnl::panic(char const*)
 .text          0x00000000c0014d6a      0x503 reg/registry.32
                0x00000000c0014d6a                Reg::findLineFromLoadedData(char*, char*, char*)
                0x00000000c0014ec2                Reg::getLineFromRegistry(char*, char*, char*, char*)
                0x00000000c0015021                Reg::getLine(char*, char*, char*)
                0x00000000c0015058                Reg::readInt(char*, char*, int*)
                0x00000000c0015143                Reg::readString(char*, char*, char*, int)
                0x00000000c00151c4                Reg::readBool(char*, char*, bool*)
                0x00000000c00151e9                Reg::readBoolWithDefault(char*, char*, bool)
                0x00000000c0015215                Reg::readIntWithDefault(char*, char*, int)
                0x00000000c0015241                Reg::readStringWithDefault(char*, char*, char*, int, char*)
 .text          0x00000000c001526d       0x18 sys/sc_exit.32
                0x00000000c001526d                Sys::exit(regs*)
 .text          0x00000000c0015285       0x95 sys/sc_loaddll.32
                0x00000000c0015285                Sys::loadDLL(regs*)
 .text          0x00000000c001531a       0x68 sys/sc_read.32
                0x00000000c001531a                Sys::read(regs*)
 .text          0x00000000c0015382       0x55 sys/sc_sbrk.32
                0x00000000c0015382                Sys::sbrk(regs*)
 .text          0x00000000c00153d7       0x68 sys/sc_write.32
                0x00000000c00153d7                Sys::write(regs*)
 .text          0x00000000c001543f       0x1a sys/sc_yield.32
                0x00000000c001543f                Sys::yield(regs*)
 .text          0x00000000c0015459      0xdaa sys/syscalls.32
                0x00000000c0015459                sysCallGetPID(regs*)
                0x00000000c0015465                sysCallSeekDir(regs*)
                0x00000000c001546a                sysCallTellDir(regs*)
                0x00000000c001546f                sysCallVerify(regs*)
                0x00000000c0015479                sysCallGetArgc(regs*)
                0x00000000c0015489                sysFormatDisk(regs*)
                0x00000000c00154f3                sysSetDiskVolumeLabel(regs*)
                0x00000000c0015539                sysGetDiskVolumeLabel(regs*)
                0x00000000c001558a                sysShutdown(regs*)
                0x00000000c00155e8                sysCallGetCwd(regs*)
                0x00000000c0015607                sysCallSetCwd(regs*)
                0x00000000c0015623                sysCallRealpath(regs*)
                0x00000000c0015666                sysCallOpen(regs*)
                0x00000000c0015756                sysCallReadDir(regs*)
                0x00000000c00157c5                sysCallIsATTY(regs*)
                0x00000000c0015818                sysCallSeek(regs*)
                0x00000000c0015869                sysCallTell(regs*)
                0x00000000c00158b5                sysCallSizeFromFilename(regs*)
                0x00000000c001592e                sysCallSize(regs*)
                0x00000000c0015980                sysCallClose(regs*)
                0x00000000c00159ce                sysCallOpenDir(regs*)
                0x00000000c0015a3b                sysCallMakeDir(regs*)
                0x00000000c0015a94                sysCallCloseDir(regs*)
                0x00000000c0015ae2                sysCallWait(regs*)
                0x00000000c0015afc                sysCallFork(regs*)
                0x00000000c0015b18                sysCallExecve(regs*)
                0x00000000c0015b6d                sysCallRmdir(regs*)
                0x00000000c0015bbf                sysCallUnlink(regs*)
                0x00000000c0015c11                sysCallGetArgv(regs*)
                0x00000000c0015c5d                sysCallTTYName(regs*)
                0x00000000c0015cd9                sysCallGetEnv(regs*)
                0x00000000c0015d2b                sysCallUSleep(regs*)
                0x00000000c0015d52                sysCallSpawn(regs*)
                0x00000000c0015dc2                sysAppSettings(regs*)
                0x00000000c0015ee1                sysSetFatAttrib(regs*)
                0x00000000c0015f41                sysPanic(regs*)
                0x00000000c0015f67                sysPipe(regs*)
                0x00000000c0015fac                sysGetUnixTime(regs*)
                0x00000000c0015fc0                string_ends_with(char const*, char const*)
                0x00000000c0016008                setupSystemCalls()
                0x00000000c00161c1                systemCall(regs*, void*)
 .text          0x00000000c0016203     0x1134 thr/elf.32
                0x00000000c0016203                Thr::allocateMemoryForTask(Process*, File*, unsigned long, unsigned long, unsigned long)
                0x00000000c0016480                Thr::loadProgramIntoMemory(Process*, char const*)
                0x00000000c0016696                Thr::runtimeReferenceHelper()
                0x00000000c00166a9                Thr::getAddressOfKernelSymbol(char const*)
                0x00000000c00166f8                Thr::loadKernelSymbolTable(char const*)
                0x00000000c00169b9                Thr::loadDriverIntoMemory(char const*, unsigned long, bool)
                0x00000000c0017137                Thr::getDriverBaseFromAddress(unsigned long)
                0x00000000c0017169                Thr::getDriverNameFromAddress(unsigned long)
                0x00000000c00171a0                Thr::getDriverOffsetFromAddress(unsigned long)
                0x00000000c00171ba                Thr::loadDLL(char const*, bool)
                0x00000000c001730d                Thr::executeDLL(unsigned long, void*)
 *fill*         0x00000000c0017337        0x1 
 .text          0x00000000c0017338     0x11cc thr/prcssthr.32
                0x00000000c0017338                changeTSS
                0x00000000c0017366                Process::addArgs(char**)
                0x00000000c00173c0                Process::Process(char const*, Process*, char**)
                0x00000000c00173c0                Process::Process(char const*, Process*, char**)
                0x00000000c0017578                Process::Process(bool, char const*, Process*, char**)
                0x00000000c0017578                Process::Process(bool, char const*, Process*, char**)
                0x00000000c00176fb                disableIRQs()
                0x00000000c0017703                getIRQNestingLevel()
                0x00000000c0017709                enableIRQs()
                0x00000000c0017718                lockScheduler()
                0x00000000c001771a                unlockScheduler()
                0x00000000c001771c                userModeEntryPoint(void*)
                0x00000000c001773f                lockStuff()
                0x00000000c001774b                taskStartupFunction
                0x00000000c0017754                updateTimeUsed()
                0x00000000c00177b2                switchToThread(ThreadControlBlock*)
                0x00000000c0017802                Semaphore::Semaphore(int)
                0x00000000c0017802                Semaphore::Semaphore(int)
                0x00000000c0017830                Mutex::Mutex()
                0x00000000c0017830                Mutex::Mutex()
                0x00000000c0017842                Process::createThread(void (*)(void*), void*, int)
                0x00000000c0017926                Process::createUserThread()
                0x00000000c0017942                setupMultitasking(void (*)())
                0x00000000c0017a4c                schedule()
                0x00000000c0017ad1                unlockStuff()
                0x00000000c0017b06                forkProcess(regs*)
                0x00000000c0017c74                Semaphore::tryAcquire()
                0x00000000c0017ca2                Semaphore::assertLocked(char const*)
                0x00000000c0017cd5                blockTaskWithSchedulerLockAlreadyHeld(TaskState)
                0x00000000c0017d17                blockTask(TaskState)
                0x00000000c0017d38                waitTask(int, int*, int)
                0x00000000c0017d7a                nanoSleepUntil(unsigned long long)
                0x00000000c0017dd1                nanoSleep(unsigned long long)
                0x00000000c0017de6                sleep(unsigned long long)
                0x00000000c0017e04                Semaphore::acquire()
                0x00000000c0017e6c                execveProcess(char const*, char* const*, char* const*)
                0x00000000c0017efa                taskReturned
                0x00000000c0017f28                unblockTask(ThreadControlBlock*)
                0x00000000c0017fd7                cleanupTerminatedTask(ThreadControlBlock*)
                0x00000000c0018285                cleanerTaskFunction(void*)
                0x00000000c0018338                terminateTask(int)
                0x00000000c001840c                Thr::terminateFromIRQ(int)
                0x00000000c0018418                Semaphore::release()
 .text          0x00000000c0018504      0x8bf vm86/vm8086.32
                0x00000000c0018504                Vm::vm8086EntryPoint(void*)
                0x00000000c001852f                Vm::inbv(unsigned short)
                0x00000000c0018535                Vm::outbv(unsigned short, unsigned char)
                0x00000000c001853f                Vm::realToLinear(unsigned short, unsigned short)
                0x00000000c001854f                Vm::getSegment(unsigned int)
                0x00000000c0018557                Vm::getOffset(unsigned int)
                0x00000000c001855c                Vm::loadFileAsThread(Process*, char const*, unsigned short, unsigned short, unsigned short, unsigned short)
                0x00000000c001868b                Vm::doISR(regs*, int, unsigned char*, unsigned short, unsigned short)
                0x00000000c0018715                Vm::readByteFromReal(unsigned short, unsigned short)
                0x00000000c0018726                Vm::readWordFromReal(unsigned short, unsigned short)
                0x00000000c0018738                Vm::readDwordFromReal(unsigned short, unsigned short)
                0x00000000c0018749                Vm::writeByteFromReal(unsigned short, unsigned short, unsigned char)
                0x00000000c001875e                Vm::writeWordFromReal(unsigned short, unsigned short, unsigned short)
                0x00000000c0018774                Vm::writeDwordFromReal(unsigned short, unsigned short, unsigned int)
                0x00000000c0018789                Vm::faultHandler(regs*)
 *fill*         0x00000000c0018dc3        0x1 
 .text          0x00000000c0018dc4     0x10ed fs/fat/vfslink.32
                0x00000000c0018dc4                FAT::getName()
                0x00000000c0018dca                FAT::tell(void*, unsigned long long*)
                0x00000000c0018dfe                FAT::stat(void*, unsigned long long*)
                0x00000000c0018e32                FAT::~FAT()
                0x00000000c0018e32                FAT::~FAT()
                0x00000000c0018e56                FAT::~FAT()
                0x00000000c0018e7e                FAT::getlabel(LogicalDisk*, int, char*, unsigned int*)
                0x00000000c0018f1c                FAT::setlabel(LogicalDisk*, int, char*)
                0x00000000c0018fd6                FAT::format(LogicalDisk*, int, char const*, int)
                0x00000000c00191ba                FAT::tryMount(LogicalDisk*, int)
                0x00000000c00193c0                FAT::readDir(void*, unsigned long, void*, int*)
                0x00000000c00194c6                FAT::read(void*, unsigned long, void*, int*)
                0x00000000c0019520                FAT::write(void*, unsigned long, void*, int*)
                0x00000000c001957a                FAT::close(void*)
                0x00000000c00195c6                FAT::closeDir(void*)
                0x00000000c0019612                FAT::seek(void*, unsigned long long)
                0x00000000c0019666                fatWrapperReadDisk
                0x00000000c00196ad                fatWrapperWriteDisk
                0x00000000c00196f4                fatWrapperIoctl
                0x00000000c00197f8                FAT::FAT()
                0x00000000c00197f8                FAT::FAT()
                0x00000000c001984a                FAT::fixFilepath(char*)
                0x00000000c0019882                FAT::open(char const*, void**, FileOpenMode)
                0x00000000c00199aa                FAT::openDir(char const*, void**)
                0x00000000c0019a50                FAT::stat(char const*, unsigned long long*, bool*)
                0x00000000c0019b3a                FAT::unlink(char const*)
                0x00000000c0019bb4                FAT::chfatattr(char const*, unsigned char, unsigned char)
                0x00000000c0019d08                FAT::rename(char const*, char const*)
                0x00000000c0019dcc                FAT::mkdir(char const*)
                0x00000000c0019e46                FAT::exists(char const*)
 *fill*         0x00000000c0019eb1        0x1 
 .text          0x00000000c0019eb2      0xbdf fs/iso9660/vfslink.32
                0x00000000c0019eb2                ISO9660::format(LogicalDisk*, int, char const*, int)
                0x00000000c0019eb8                ISO9660::seek(void*, unsigned long long)
                0x00000000c0019ee8                ISO9660::tell(void*, unsigned long long*)
                0x00000000c0019f0c                ISO9660::getName()
                0x00000000c0019f12                ISO9660::stat(void*, unsigned long long*)
                0x00000000c0019f36                ISO9660::chfatattr(char const*, unsigned char, unsigned char)
                0x00000000c0019f3c                ISO9660::unlink(char const*)
                0x00000000c0019f42                ISO9660::write(void*, unsigned long, void*, int*)
                0x00000000c0019f48                ISO9660::rename(char const*, char const*)
                0x00000000c0019f4e                ISO9660::mkdir(char const*)
                0x00000000c0019f54                ISO9660::close(void*)
                0x00000000c0019f76                ISO9660::closeDir(void*)
                0x00000000c0019f98                ISO9660::~ISO9660()
                0x00000000c0019f98                ISO9660::~ISO9660()
                0x00000000c0019fbc                ISO9660::~ISO9660()
                0x00000000c0019fe3                __memmem(unsigned char*, int, unsigned char*, int)
                0x00000000c001a025                readSectorFromCDROM(unsigned int, unsigned char*, char)
                0x00000000c001a08c                ISO9660::tryMount(LogicalDisk*, int)
                0x00000000c001a0dc                ISO9660::read(void*, unsigned long, void*, int*)
                0x00000000c001a320                ISO9660::readDir(void*, unsigned long, void*, int*)
                0x00000000c001a5ad                readRoot(unsigned int*, unsigned int*, char)
                0x00000000c001a602                readRecursively(char*, unsigned int, unsigned int, unsigned int*, unsigned int*, char, int*)
                0x00000000c001a7d5                getFileData(char*, unsigned int*, unsigned int*, char, int*)
                0x00000000c001a864                ISO9660::open(char const*, void**, FileOpenMode)
                0x00000000c001a8fe                ISO9660::exists(char const*)
                0x00000000c001a922                ISO9660::stat(char const*, unsigned long long*, bool*)
                0x00000000c001a9b6                ISO9660::openDir(char const*, void**)
                0x00000000c001aa6e                ISO9660::ISO9660()
                0x00000000c001aa6e                ISO9660::ISO9660()
 *fill*         0x00000000c001aa91        0x1 
 .text          0x00000000c001aa92      0x244 hal/sound/sndchannel.32
                0x00000000c001aa92                SoundChannel::~SoundChannel()
                0x00000000c001aa92                SoundChannel::~SoundChannel()
                0x00000000c001aaae                SoundChannel::setSpeed(float)
                0x00000000c001aaba                SoundChannel::getSpeed()
                0x00000000c001aac2                SoundChannel::setVolume(int)
                0x00000000c001aade                SoundChannel::getVolume()
                0x00000000c001aae6                SoundChannel::pause()
                0x00000000c001aaf0                SoundChannel::SoundChannel(int, int, int, int)
                0x00000000c001aaf0                SoundChannel::SoundChannel(int, int, int, int)
                0x00000000c001abe6                SoundChannel::play()
                0x00000000c001abf0                SoundChannel::paused()
                0x00000000c001abf8                SoundChannel::getSampleRate()
                0x00000000c001ac00                SoundChannel::getBits()
                0x00000000c001ac08                SoundChannel::getBufferUsed()
                0x00000000c001ac10                SoundChannel::getBufferSize()
                0x00000000c001ac18                SoundChannel::unbuffer(float*, int, int)
                0x00000000c001ac8a                SoundChannel::buffer8(unsigned char*, int)
 .text          0x00000000c001acd6      0x317 hal/sound/sndhw.32
                0x00000000c001acd6                SoundDevice::SoundDevice(char const*)
                0x00000000c001acd6                SoundDevice::SoundDevice(char const*)
                0x00000000c001ad42                SoundDevice::~SoundDevice()
                0x00000000c001ad42                SoundDevice::~SoundDevice()
                0x00000000c001adbc                SoundDevice::~SoundDevice()
                0x00000000c001ade6                SoundDevice::getFreeChannelNum()
                0x00000000c001ae00                SoundDevice::addChannel(SoundChannel*)
                0x00000000c001ae70                SoundDevice::removeChannel(int)
                0x00000000c001aea2                SoundDevice::floatTo8(float*, unsigned char*, int)
                0x00000000c001af0e                SoundDevice::getAudio(int, float*, float*)
 .text          0x00000000c001afed        0x0 hw/bus/isa.32
 *fill*         0x00000000c001afed        0x1 
 .text          0x00000000c001afee      0x6e5 hw/bus/pci.32
                0x00000000c001afee                PCI::open(int, int, void*)
                0x00000000c001b002                PCI::close(int, int, void*)
                0x00000000c001b006                PCI::PCI()
                0x00000000c001b006                PCI::PCI()
                0x00000000c001b086                PCI::pciReadWord(unsigned char, unsigned char, unsigned char, unsigned char)
                0x00000000c001b0ce                PCI::getVendorID(unsigned char, unsigned char, unsigned char)
                0x00000000c001b0f0                PCI::getHeaderType(unsigned char, unsigned char, unsigned char)
                0x00000000c001b114                PCI::getClassCode(unsigned char, unsigned char, unsigned char)
                0x00000000c001b158                PCI::getProgIF(unsigned char, unsigned char, unsigned char)
                0x00000000c001b17c                PCI::getRevisionID(unsigned char, unsigned char, unsigned char)
                0x00000000c001b19e                PCI::getInterruptNumber(unsigned char, unsigned char, unsigned char)
                0x00000000c001b1c0                PCI::getSecondaryBus(unsigned char, unsigned char, unsigned char)
                0x00000000c001b1e4                PCI::getBARAddress(unsigned char, unsigned char, unsigned char, unsigned char)
                0x00000000c001b244                PCI::pciWriteWord(unsigned char, unsigned char, unsigned char, unsigned char, unsigned short)
                0x00000000c001b2b0                PCI::checkBus(unsigned char)
                0x00000000c001b2d4                PCI::foundDevice(PCIDeviceInfo)
                0x00000000c001b444                PCI::getDeviceData(unsigned char, unsigned char, unsigned char)
                0x00000000c001b614                PCI::checkDevice(unsigned char, unsigned char)
                0x00000000c001b680                PCI::detect()
 *fill*         0x00000000c001b6d3        0x1 
 .text          0x00000000c001b6d4      0xc70 hw/diskctrl/ide.32
                0x00000000c001b6d4                IDE::close(int, int, void*)
                0x00000000c001b6d8                IDE::IDE()
                0x00000000c001b6d8                IDE::IDE()
                0x00000000c001b70c                IDE::prepareInterrupt(unsigned char)
                0x00000000c001b71e                selectDrive(unsigned char, unsigned char)
                0x00000000c001b720                IDE::getBase(unsigned char)
                0x00000000c001b732                IDE::write(unsigned char, unsigned char, unsigned char)
                0x00000000c001b7f2                IDE::read(unsigned char, unsigned char)
                0x00000000c001b8a0                IDE::waitInterrupt(unsigned char)
                0x00000000c001b906                ideChannel0IRQHandler(regs*, void*)
                0x00000000c001b922                ideChannel1IRQHandler(regs*, void*)
                0x00000000c001b93e                IDE::enableIRQs(unsigned char, bool)
                0x00000000c001b984                IDE::open(int, int, void*)
                0x00000000c001bd94                IDE::readBuffer(unsigned char, unsigned char, unsigned int, unsigned int)
                0x00000000c001be60                IDE::detect()
                0x00000000c001c148                IDE::printError(unsigned char, unsigned char, unsigned char)
                0x00000000c001c2de                IDE::polling(unsigned char, unsigned int)
 .text          0x00000000c001c344      0x62b hw/diskphys/ata.32
                0x00000000c001c344                ATA::close(int, int, void*)
                0x00000000c001c368                ATA::powerSaving(PowerSavingLevel)
                0x00000000c001c36a                ATA::ATA()
                0x00000000c001c36a                ATA::ATA()
                0x00000000c001c398                ATA::flush(bool)
                0x00000000c001c3e2                ATA::readyForCommand()
                0x00000000c001c432                ATA::access(unsigned long long, int, void*, bool)
                0x00000000c001c7b0                ATA::read(unsigned long long, int, void*)
                0x00000000c001c818                ATA::write(unsigned long long, int, void*)
                0x00000000c001c880                ATA::detectCHS()
                0x00000000c001c8aa                ATA::open(int, int, void*)
 *fill*         0x00000000c001c96f        0x1 
 .text          0x00000000c001c970      0x5b3 hw/diskphys/atapi.32
                0x00000000c001c970                ATAPI::write(unsigned long long, int, void*)
                0x00000000c001c976                ATAPI::close(int, int, void*)
                0x00000000c001c99a                ATAPI::ATAPI()
                0x00000000c001c99a                ATAPI::ATAPI()
                0x00000000c001c9c8                ATAPI::readyForCommand()
                0x00000000c001ca18                ATAPI::sendPacket(unsigned char*, int, bool, unsigned short*, int)
                0x00000000c001ccd8                ATAPI::diskRemoved()
                0x00000000c001ccf4                ATAPI::eject()
                0x00000000c001cd3a                ATAPI::diskInserted()
                0x00000000c001cd68                ATAPI::detectMedia()
                0x00000000c001ce24                ATAPI::open(int, int, void*)
                0x00000000c001cea4                ATAPI::read(unsigned long long, int, void*)
 *fill*         0x00000000c001cf23        0x1 
 .text          0x00000000c001cf24       0x8e hw/fpu/avx.32
                0x00000000c001cf24                AVX::open(int, int, void*)
                0x00000000c001cf36                AVX::close(int, int, void*)
                0x00000000c001cf48                AVX::available()
                0x00000000c001cf5a                AVX::save(void*)
                0x00000000c001cf72                AVX::load(void*)
                0x00000000c001cf8a                AVX::AVX()
                0x00000000c001cf8a                AVX::AVX()
 .text          0x00000000c001cfb2       0x90 hw/fpu/mmx.32
                0x00000000c001cfb2                MMX::available()
                0x00000000c001cfc6                MMX::open(int, int, void*)
                0x00000000c001cfd8                MMX::close(int, int, void*)
                0x00000000c001cfea                MMX::save(void*)
                0x00000000c001d002                MMX::load(void*)
                0x00000000c001d01a                MMX::MMX()
                0x00000000c001d01a                MMX::MMX()
 .text          0x00000000c001d042       0x96 hw/fpu/sse.32
                0x00000000c001d042                SSE::open(int, int, void*)
                0x00000000c001d054                SSE::close(int, int, void*)
                0x00000000c001d066                SSE::available()
                0x00000000c001d080                SSE::save(void*)
                0x00000000c001d098                SSE::load(void*)
                0x00000000c001d0b0                SSE::SSE()
                0x00000000c001d0b0                SSE::SSE()
 .text          0x00000000c001d0d8       0x8e hw/fpu/x87.32
                0x00000000c001d0d8                x87::open(int, int, void*)
                0x00000000c001d0ea                x87::close(int, int, void*)
                0x00000000c001d0fc                x87::available()
                0x00000000c001d10e                x87::save(void*)
                0x00000000c001d126                x87::load(void*)
                0x00000000c001d13e                x87::x87()
                0x00000000c001d13e                x87::x87()
 .text          0x00000000c001d166      0x5f3 hw/intctrl/apic.32
                0x00000000c001d166                APIC::disable()
                0x00000000c001d168                APIC::close(int, int, void*)
                0x00000000c001d18a                IOAPIC::close(int, int, void*)
                0x00000000c001d190                APIC::io_wait()
                0x00000000c001d196                APIC::getBase()
                0x00000000c001d1d8                APIC::eoi(unsigned char)
                0x00000000c001d206                APIC::open(int, int, void*)
                0x00000000c001d2c0                IOAPIC::IOAPIC()
                0x00000000c001d2c0                IOAPIC::IOAPIC()
                0x00000000c001d2e8                APIC::APIC()
                0x00000000c001d2e8                APIC::APIC()
                0x00000000c001d3b8                IOAPIC::handlesGSIWithNumber(unsigned int)
                0x00000000c001d3ea                IOAPIC::read(int)
                0x00000000c001d412                IOAPIC::open(int, int, void*)
                0x00000000c001d508                IOAPIC::write(int, int)
                0x00000000c001d534                IOAPIC::redirect(unsigned char, unsigned long long, unsigned char)
                0x00000000c001d5ee                APIC::installIRQHandler(int, void (*)(regs*, void*), bool, void*)
 *fill*         0x00000000c001d759        0x1 
 .text          0x00000000c001d75a      0x3d3 hw/intctrl/pic.32
                0x00000000c001d75a                PIC::disable()
                0x00000000c001d788                PIC::close(int, int, void*)
                0x00000000c001d7aa                PIC::PIC()
                0x00000000c001d7aa                PIC::PIC()
                0x00000000c001d880                PIC::ioWait()
                0x00000000c001d886                PIC::getIRQReg(int)
                0x00000000c001d8f0                PIC::eoi(unsigned char)
                0x00000000c001d982                PIC::remap()
                0x00000000c001daee                PIC::open(int, int, void*)
 *fill*         0x00000000c001db2d        0x1 
 .text          0x00000000c001db2e      0x252 hw/timer/apictimer.32
                0x00000000c001db2e                APICTimer::close(int, int, void*)
                0x00000000c001db34                apicTimerHandler(regs*, void*)
                0x00000000c001db62                APICTimer::write(int)
                0x00000000c001dc60                APICTimer::open(int, int, void*)
                0x00000000c001dd58                APICTimer::APICTimer()
                0x00000000c001dd58                APICTimer::APICTimer()
 .text          0x00000000c001dd80      0x1a7 hw/timer/pit.32
                0x00000000c001dd80                PIT::write(int)
                0x00000000c001ddfe                pitHandler(regs*, void*)
                0x00000000c001de2a                PIT::open(int, int, void*)
                0x00000000c001de78                PIT::close(int, int, void*)
                0x00000000c001dea8                PIT::PIT()
                0x00000000c001dea8                PIT::PIT()
 *fill*         0x00000000c001df27        0x9 
 .text          0x00000000c001df30        0xa hw/fpu/x86/avx.32
                0x00000000c001df30                avxDetect
                0x00000000c001df36                avxSave
                0x00000000c001df37                avxLoad
                0x00000000c001df38                avxInit
                0x00000000c001df39                avxClose
 *fill*         0x00000000c001df3a        0x6 
 .text          0x00000000c001df40       0x38 hw/fpu/x86/sse.32
                0x00000000c001df40                sseDetect
                0x00000000c001df5b                sseSave
                0x00000000c001df61                sseLoad
                0x00000000c001df67                sseInit
                0x00000000c001df77                sseClose
 *fill*         0x00000000c001df78        0x8 
 .text          0x00000000c001df80       0x47 hw/fpu/x86/x87.32
                0x00000000c001df86                x87Detect
                0x00000000c001dfa1                x87Save
                0x00000000c001dfa7                x87Load
                0x00000000c001dfac                x87Init
                0x00000000c001dfc6                x87Close
 *fill*         0x00000000c001dfc7        0x1 
 .text          0x00000000c001dfc8       0x25 /cygdrive/d/Users/Alex/Desktop/Toolchain/Output/bin/../lib/gcc/i386-banana/8.1.0/crtend.o
 .text          0x00000000c001dfed        0x0 crtn.32
 *fill*         0x00000000c001dfed        0x3 
 .text          0x00000000c001dff0      0x14b /cygdrive/d/Users/Alex/Desktop/Toolchain/Output/bin/../lib/gcc/i386-banana/8.1.0/libgcc.a(_divdi3.o)
                0x00000000c001dff0                __divdi3
 *fill*         0x00000000c001e13b        0x1 
 .text          0x00000000c001e13c      0x17e /cygdrive/d/Users/Alex/Desktop/Toolchain/Output/bin/../lib/gcc/i386-banana/8.1.0/libgcc.a(_moddi3.o)
                0x00000000c001e13c                __moddi3
 *fill*         0x00000000c001e2ba        0x2 
 .text          0x00000000c001e2bc       0xff /cygdrive/d/Users/Alex/Desktop/Toolchain/Output/bin/../lib/gcc/i386-banana/8.1.0/libgcc.a(_udivdi3.o)
                0x00000000c001e2bc                __udivdi3
 *fill*         0x00000000c001e3bb        0x1 
 .text          0x00000000c001e3bc      0x11a /cygdrive/d/Users/Alex/Desktop/Toolchain/Output/bin/../lib/gcc/i386-banana/8.1.0/libgcc.a(_umoddi3.o)
                0x00000000c001e3bc                __umoddi3
 *fill*         0x00000000c001e4d6        0xa 
 .text          0x00000000c001e4e0       0x1e D:/Users/Alex/Desktop/Banana/kernel/libk/libm32.a(s_fabs.c.o)
                0x00000000c001e4e0                fabs
 *fill*         0x00000000c001e4fe        0x2 
 .text          0x00000000c001e500        0xc D:/Users/Alex/Desktop/Banana/kernel/libk/libm32.a(s_lrint.S.o)
                0x00000000c001e500                lrint
 .text          0x00000000c001e50c        0xc D:/Users/Alex/Desktop/Banana/kernel/libk/libm32.a(s_lrintf.S.o)
                0x00000000c001e50c                lrintf
 *(.gnu.linkonce.t*)

.iplt           0x00000000c001e518        0x0
 .iplt          0x00000000c001e518        0x0 D:/Users/Alex/Desktop/Banana/kernel/boot.32

.init           0x00000000c001e518        0xf
 .init          0x00000000c001e518        0x3 crti.32
                0x00000000c001e518                _init
 .init          0x00000000c001e51b        0x5 /cygdrive/d/Users/Alex/Desktop/Toolchain/Output/bin/../lib/gcc/i386-banana/8.1.0/crtbegin.o
 .init          0x00000000c001e520        0x5 /cygdrive/d/Users/Alex/Desktop/Toolchain/Output/bin/../lib/gcc/i386-banana/8.1.0/crtend.o
 .init          0x00000000c001e525        0x2 crtn.32

.fini           0x00000000c001e527        0xa
 .fini          0x00000000c001e527        0x3 crti.32
                0x00000000c001e527                _fini
 .fini          0x00000000c001e52a        0x5 /cygdrive/d/Users/Alex/Desktop/Toolchain/Output/bin/../lib/gcc/i386-banana/8.1.0/crtbegin.o
 .fini          0x00000000c001e52f        0x2 crtn.32

.text._ZN8ComputerD2Ev
                0x00000000c001e532       0x23
 .text._ZN8ComputerD2Ev
                0x00000000c001e532       0x23 core/computer.32
                0x00000000c001e532                Computer::~Computer()
                0x00000000c001e532                Computer::~Computer()

.text._ZN8ComputerD0Ev
                0x00000000c001e556       0x2a
 .text._ZN8ComputerD0Ev
                0x00000000c001e556       0x2a core/computer.32
                0x00000000c001e556                Computer::~Computer()

.text._Z10idleCommonv
                0x00000000c001e580       0x15
 .text._Z10idleCommonv
                0x00000000c001e580       0x15 core/idle.32
                0x00000000c001e580                idleCommon()

.text._ZN3CPU7readCR3Ev
                0x00000000c001e595       0x12
 .text._ZN3CPU7readCR3Ev
                0x00000000c001e595       0x12 core/kheap.32
                0x00000000c001e595                CPU::readCR3()

.text._ZN3CPU8writeCR3Em
                0x00000000c001e5a7        0x9
 .text._ZN3CPU8writeCR3Em
                0x00000000c001e5a7        0x9 core/kheap.32
                0x00000000c001e5a7                CPU::writeCR3(unsigned long)

.text._ZN10LinkedListI8UnixFileED2Ev
                0x00000000c001e5b0        0x2
 .text._ZN10LinkedListI8UnixFileED2Ev
                0x00000000c001e5b0        0x2 core/unixfile.32
                0x00000000c001e5b0                LinkedList<UnixFile>::~LinkedList()
                0x00000000c001e5b0                LinkedList<UnixFile>::~LinkedList()

.text._ZN10LinkedListI8UnixFileEC2Ev
                0x00000000c001e5b2       0x58
 .text._ZN10LinkedListI8UnixFileEC2Ev
                0x00000000c001e5b2       0x58 core/unixfile.32
                0x00000000c001e5b2                LinkedList<UnixFile>::LinkedList()
                0x00000000c001e5b2                LinkedList<UnixFile>::LinkedList()

.text._ZN10LinkedListI8UnixFileE10addElementEPS0_
                0x00000000c001e60a       0xd3
 .text._ZN10LinkedListI8UnixFileE10addElementEPS0_
                0x00000000c001e60a       0xd3 core/unixfile.32
                0x00000000c001e60a                LinkedList<UnixFile>::addElement(UnixFile*)

.text._ZN10LinkedListI8UnixFileE15getFirstElementEv
                0x00000000c001e6de        0x7
 .text._ZN10LinkedListI8UnixFileE15getFirstElementEv
                0x00000000c001e6de        0x7 core/unixfile.32
                0x00000000c001e6de                LinkedList<UnixFile>::getFirstElement()

.text._ZN10LinkedListI8UnixFileE11removeFirstEv
                0x00000000c001e6e6       0xa1
 .text._ZN10LinkedListI8UnixFileE11removeFirstEv
                0x00000000c001e6e6       0xa1 core/unixfile.32
                0x00000000c001e6e6                LinkedList<UnixFile>::removeFirst()

.text._ZN10LinkedListI8UnixFileE7getNextEPS0_
                0x00000000c001e788        0x8
 .text._ZN10LinkedListI8UnixFileE7getNextEPS0_
                0x00000000c001e788        0x8 core/unixfile.32
                0x00000000c001e788                LinkedList<UnixFile>::getNext(UnixFile*)

.text._ZN16DriverlessDeviceD2Ev
                0x00000000c001e790       0x1a
 .text._ZN16DriverlessDeviceD2Ev
                0x00000000c001e790       0x1a hal/device.32
                0x00000000c001e790                DriverlessDevice::~DriverlessDevice()
                0x00000000c001e790                DriverlessDevice::~DriverlessDevice()

.text._ZN16DriverlessDeviceD0Ev
                0x00000000c001e7aa       0x2a
 .text._ZN16DriverlessDeviceD0Ev
                0x00000000c001e7aa       0x2a hal/device.32
                0x00000000c001e7aa                DriverlessDevice::~DriverlessDevice()

.text._ZN10LinkedListI6DeviceE10addElementEPS0_
                0x00000000c001e7d4       0xdc
 .text._ZN10LinkedListI6DeviceE10addElementEPS0_
                0x00000000c001e7d4       0xdc hal/device.32
                0x00000000c001e7d4                LinkedList<Device>::addElement(Device*)

.text._ZN10LinkedListI6DeviceEC2Ev
                0x00000000c001e8b0       0x58
 .text._ZN10LinkedListI6DeviceEC2Ev
                0x00000000c001e8b0       0x58 hal/device.32
                0x00000000c001e8b0                LinkedList<Device>::LinkedList()
                0x00000000c001e8b0                LinkedList<Device>::LinkedList()

.text._ZN3CPU7readCR0Ev
                0x00000000c001e908       0x12
 .text._ZN3CPU7readCR0Ev
                0x00000000c001e908       0x12 hal/fpu.32
                0x00000000c001e908                CPU::readCR0()

.text._ZN3CPU8writeCR0Em
                0x00000000c001e91a        0x9
 .text._ZN3CPU8writeCR0Em
                0x00000000c001e91a        0x9 hal/fpu.32
                0x00000000c001e91a                CPU::writeCR0(unsigned long)

.text._ZN3CPU7readDR0Ev
                0x00000000c001e923       0x12
 .text._ZN3CPU7readDR0Ev
                0x00000000c001e923       0x12 hal/intctrl.32
                0x00000000c001e923                CPU::readDR0()

.text._ZN3CPU7readDR1Ev
                0x00000000c001e935       0x12
 .text._ZN3CPU7readDR1Ev
                0x00000000c001e935       0x12 hal/intctrl.32
                0x00000000c001e935                CPU::readDR1()

.text._ZN3CPU7readDR2Ev
                0x00000000c001e947       0x12
 .text._ZN3CPU7readDR2Ev
                0x00000000c001e947       0x12 hal/intctrl.32
                0x00000000c001e947                CPU::readDR2()

.text._ZN3CPU7readDR3Ev
                0x00000000c001e959       0x12
 .text._ZN3CPU7readDR3Ev
                0x00000000c001e959       0x12 hal/intctrl.32
                0x00000000c001e959                CPU::readDR3()

.text._ZN3CPU7readDR6Ev
                0x00000000c001e96b       0x12
 .text._ZN3CPU7readDR6Ev
                0x00000000c001e96b       0x12 hal/intctrl.32
                0x00000000c001e96b                CPU::readDR6()

.text._ZN3CPU7readDR7Ev
                0x00000000c001e97d       0x12
 .text._ZN3CPU7readDR7Ev
                0x00000000c001e97d       0x12 hal/intctrl.32
                0x00000000c001e97d                CPU::readDR7()

.text._ZN10LinkedListIV18ThreadControlBlockE15getFirstElementEv
                0x00000000c001e990        0x7
 .text._ZN10LinkedListIV18ThreadControlBlockE15getFirstElementEv
                0x00000000c001e990        0x7 hal/timer.32
                0x00000000c001e990                LinkedList<ThreadControlBlock volatile>::getFirstElement()

.text._ZN10LinkedListIV18ThreadControlBlockE7isEmptyEv
                0x00000000c001e998       0x1c
 .text._ZN10LinkedListIV18ThreadControlBlockE7isEmptyEv
                0x00000000c001e998       0x1c hal/timer.32
                0x00000000c001e998                LinkedList<ThreadControlBlock volatile>::isEmpty()

.text._ZN10LinkedListIV18ThreadControlBlockE11removeFirstEv
                0x00000000c001e9b4       0xae
 .text._ZN10LinkedListIV18ThreadControlBlockE11removeFirstEv
                0x00000000c001e9b4       0xae hal/timer.32
                0x00000000c001e9b4                LinkedList<ThreadControlBlock volatile>::removeFirst()

.text._ZN10LinkedListIV18ThreadControlBlockE10addElementEPS1_
                0x00000000c001ea62       0xd3
 .text._ZN10LinkedListIV18ThreadControlBlockE10addElementEPS1_
                0x00000000c001ea62       0xd3 hal/timer.32
                0x00000000c001ea62                LinkedList<ThreadControlBlock volatile>::addElement(ThreadControlBlock volatile*)

.text._ZN4ACPID2Ev
                0x00000000c001eb36       0x23
 .text._ZN4ACPID2Ev
                0x00000000c001eb36       0x23 hw/acpi.32
                0x00000000c001eb36                ACPI::~ACPI()
                0x00000000c001eb36                ACPI::~ACPI()

.text._ZN4ACPID0Ev
                0x00000000c001eb5a       0x2a
 .text._ZN4ACPID0Ev
                0x00000000c001eb5a       0x2a hw/acpi.32
                0x00000000c001eb5a                ACPI::~ACPI()

.text._ZN3CPUD2Ev
                0x00000000c001eb84       0x23
 .text._ZN3CPUD2Ev
                0x00000000c001eb84       0x23 hw/cpu.32
                0x00000000c001eb84                CPU::~CPU()
                0x00000000c001eb84                CPU::~CPU()

.text._ZN3CPUD0Ev
                0x00000000c001eba8       0x2a
 .text._ZN3CPUD0Ev
                0x00000000c001eba8       0x2a hw/cpu.32
                0x00000000c001eba8                CPU::~CPU()

.text._ZN3CPU7readCR4Ev
                0x00000000c001ebd2       0x12
 .text._ZN3CPU7readCR4Ev
                0x00000000c001ebd2       0x12 hw/cpu.32
                0x00000000c001ebd2                CPU::readCR4()

.text._ZN3CPU8writeDR7Em
                0x00000000c001ebe4        0x9
 .text._ZN3CPU8writeDR7Em
                0x00000000c001ebe4        0x9 hw/cpu.32
                0x00000000c001ebe4                CPU::writeDR7(unsigned long)

.text._ZN3CPU8writeCR4Em
                0x00000000c001ebed        0x9
 .text._ZN3CPU8writeCR4Em
                0x00000000c001ebed        0x9 hw/cpu.32
                0x00000000c001ebed                CPU::writeCR4(unsigned long)

.text._ZN3CPU7readCR2Ev
                0x00000000c001ebf6       0x12
 .text._ZN3CPU7readCR2Ev
                0x00000000c001ebf6       0x12 krnl/panic.32
                0x00000000c001ebf6                CPU::readCR2()

.text._ZN10LinkedListIV18ThreadControlBlockED2Ev
                0x00000000c001ec08        0x2
 .text._ZN10LinkedListIV18ThreadControlBlockED2Ev
                0x00000000c001ec08        0x2 thr/prcssthr.32
                0x00000000c001ec08                LinkedList<ThreadControlBlock volatile>::~LinkedList()
                0x00000000c001ec08                LinkedList<ThreadControlBlock volatile>::~LinkedList()

.text._ZN18ThreadControlBlockC2Ev
                0x00000000c001ec0a       0x3e
 .text._ZN18ThreadControlBlockC2Ev
                0x00000000c001ec0a       0x3e thr/prcssthr.32
                0x00000000c001ec0a                ThreadControlBlock::ThreadControlBlock()
                0x00000000c001ec0a                ThreadControlBlock::ThreadControlBlock()

.text._ZN10LinkedListIV18ThreadControlBlockEC2Ev
                0x00000000c001ec48       0x58
 .text._ZN10LinkedListIV18ThreadControlBlockEC2Ev
                0x00000000c001ec48       0x58 thr/prcssthr.32
                0x00000000c001ec48                LinkedList<ThreadControlBlock volatile>::LinkedList()
                0x00000000c001ec48                LinkedList<ThreadControlBlock volatile>::LinkedList()

.text._ZN10LinkedListIV18ThreadControlBlockE7getNextEPS1_
                0x00000000c001eca0        0x8
 .text._ZN10LinkedListIV18ThreadControlBlockE7getNextEPS1_
                0x00000000c001eca0        0x8 thr/prcssthr.32
                0x00000000c001eca0                LinkedList<ThreadControlBlock volatile>::getNext(ThreadControlBlock volatile*)

.text._ZN3PCID2Ev
                0x00000000c001eca8       0x23
 .text._ZN3PCID2Ev
                0x00000000c001eca8       0x23 hw/bus/pci.32
                0x00000000c001eca8                PCI::~PCI()
                0x00000000c001eca8                PCI::~PCI()

.text._ZN3PCID0Ev
                0x00000000c001eccc       0x2a