Archive member included to satisfy reference by file (symbol)

/cygdrive/d/Users/Alex/Desktop/Toolchain/Output/bin/../lib/gcc/i386-banana/8.1.0/libkgcc.a(_divdi3.o)
                              fs/fat/ff.32 (__divdi3)
/cygdrive/d/Users/Alex/Desktop/Toolchain/Output/bin/../lib/gcc/i386-banana/8.1.0/libkgcc.a(_moddi3.o)
                              compat/resolve.32 (__moddi3)
/cygdrive/d/Users/Alex/Desktop/Toolchain/Output/bin/../lib/gcc/i386-banana/8.1.0/libkgcc.a(_udivdi3.o)
                              fs/fat/ff.32 (__udivdi3)
/cygdrive/d/Users/Alex/Desktop/Toolchain/Output/bin/../lib/gcc/i386-banana/8.1.0/libkgcc.a(_umoddi3.o)
                              compat/resolve.32 (__umoddi3)

Discarded input sections

 .comment       0x0000000000000000       0x12 /cygdrive/d/Users/Alex/Desktop/Toolchain/Output/bin/../lib/gcc/i386-banana/8.1.0/crtbegin.o
 .comment       0x0000000000000000       0x12 acpica/utclib.32
 .comment       0x0000000000000000       0x12 core/malloc.32
 .comment       0x0000000000000000       0x12 libk/string.32
 .comment       0x0000000000000000       0x12 fs/fat/diskio.32
 .comment       0x0000000000000000       0x12 fs/fat/ff.32
 .comment       0x0000000000000000       0x12 fs/fat/ffsystem.32
 .comment       0x0000000000000000       0x12 fs/fat/ffunicode.32
 .comment       0x0000000000000000       0x12 compat/inlines.32
 .comment       0x0000000000000000       0x12 compat/resolve.32
 .group         0x0000000000000000       0x14 core/computer.32
 .group         0x0000000000000000        0xc core/computer.32
 .comment       0x0000000000000000       0x12 core/computer.32
 .comment       0x0000000000000000       0x12 core/gdt.32
 .group         0x0000000000000000        0xc core/idle.32
 .comment       0x0000000000000000       0x12 core/idle.32
 .comment       0x0000000000000000       0x12 core/idt.32
 .comment       0x0000000000000000       0x12 core/kheap.32
 .comment       0x0000000000000000       0x12 core/main.32
 .comment       0x0000000000000000       0x12 core/physmgr.32
 .group         0x0000000000000000        0xc core/pipe.32
 .comment       0x0000000000000000       0x12 core/pipe.32
 .group         0x0000000000000000        0xc core/terminal.32
 .comment       0x0000000000000000       0x12 core/terminal.32
 .comment       0x0000000000000000       0x12 core/tss.32
 .group         0x0000000000000000        0x8 core/unixfile.32
 .group         0x0000000000000000        0x8 core/unixfile.32
 .group         0x0000000000000000        0xc core/unixfile.32
 .group         0x0000000000000000        0x8 core/unixfile.32
 .group         0x0000000000000000        0xc core/unixfile.32
 .group         0x0000000000000000        0x8 core/unixfile.32
 .group         0x0000000000000000        0xc core/unixfile.32
 .group         0x0000000000000000        0xc core/unixfile.32
 .comment       0x0000000000000000       0x12 core/unixfile.32
 .comment       0x0000000000000000       0x12 core/virtmgr.32
 .comment       0x0000000000000000       0x12 coreobjs/c++.32
 .comment       0x0000000000000000       0x12 dbg/kconsole.32
 .group         0x0000000000000000        0xc fs/vfs.32
 .group         0x0000000000000000        0xc fs/vfs.32
 .group         0x0000000000000000        0xc fs/vfs.32
 .comment       0x0000000000000000       0x12 fs/vfs.32
 .group         0x0000000000000000        0xc hal/bus.32
 .comment       0x0000000000000000       0x12 hal/bus.32
 .group         0x0000000000000000        0xc hal/buzzer.32
 .comment       0x0000000000000000       0x12 hal/buzzer.32
 .group         0x0000000000000000        0xc hal/clock.32
 .comment       0x0000000000000000       0x12 hal/clock.32
 .group         0x0000000000000000       0x14 hal/device.32
 .group         0x0000000000000000        0xc hal/device.32
 .group         0x0000000000000000        0x8 hal/device.32
 .group         0x0000000000000000        0xc hal/device.32
 .group         0x0000000000000000        0xc hal/device.32
 .comment       0x0000000000000000       0x12 hal/device.32
 .group         0x0000000000000000        0xc hal/diskctrl.32
 .comment       0x0000000000000000       0x12 hal/diskctrl.32
 .group         0x0000000000000000        0xc hal/diskphys.32
 .comment       0x0000000000000000       0x12 hal/diskphys.32
 .group         0x0000000000000000        0xc hal/fpu.32
 .comment       0x0000000000000000       0x12 hal/fpu.32
 .group         0x0000000000000000        0xc hal/intctrl.32
 .comment       0x0000000000000000       0x12 hal/intctrl.32
 .group         0x0000000000000000        0xc hal/keybrd.32
 .comment       0x0000000000000000       0x12 hal/keybrd.32
 .group         0x0000000000000000        0xc hal/logidisk.32
 .comment       0x0000000000000000       0x12 hal/logidisk.32
 .group         0x0000000000000000        0xc hal/mouse.32
 .comment       0x0000000000000000       0x12 hal/mouse.32
 .comment       0x0000000000000000       0x12 hal/partition.32
 .group         0x0000000000000000        0xc hal/serial.32
[...]
Memory Configuration

Name             Origin             Length             Attributes
*default*        0x0000000000000000 0xffffffffffffffff

Linker script and memory map

LOAD D:/Users/Alex/Desktop/Banana/kernel/boot.32
LOAD crti.32
LOAD /cygdrive/d/Users/Alex/Desktop/Toolchain/Output/bin/../lib/gcc/i386-banana/8.1.0/crtbegin.o
LOAD D:/Users/Alex/Desktop/Banana/kernel/morenasm.32
LOAD acpica/utclib.32
LOAD core/malloc.32
LOAD libk/string.32
LOAD fs/fat/diskio.32
LOAD fs/fat/ff.32
LOAD fs/fat/ffsystem.32
LOAD fs/fat/ffunicode.32
LOAD compat/inlines.32
LOAD compat/resolve.32
LOAD core/computer.32
LOAD core/gdt.32
LOAD core/idle.32
LOAD core/idt.32
LOAD core/kheap.32
LOAD core/main.32
LOAD core/physmgr.32
LOAD core/pipe.32
LOAD core/terminal.32
LOAD core/tss.32
LOAD core/unixfile.32
LOAD core/virtmgr.32
LOAD coreobjs/c++.32
LOAD dbg/kconsole.32
LOAD fs/vfs.32
LOAD hal/bus.32
LOAD hal/buzzer.32
LOAD hal/clock.32
LOAD hal/device.32
LOAD hal/diskctrl.32
LOAD hal/diskphys.32
LOAD hal/fpu.32
LOAD hal/intctrl.32
LOAD hal/keybrd.32
LOAD hal/logidisk.32
LOAD hal/mouse.32
LOAD hal/partition.32
LOAD hal/serial.32
LOAD hal/timer.32
LOAD hal/vcache.32
LOAD hal/video.32
LOAD hw/acpi.32
LOAD hw/cpu.32
LOAD hw/ports.32
LOAD hw/smp.32
LOAD krnl/env.32
LOAD krnl/panic.32
LOAD krnl/powctrl.32
LOAD net/ethernet.32
LOAD reg/registry.32
LOAD sys/sc_eject.32
LOAD sys/sc_exit.32
LOAD sys/sc_getcwd.32
LOAD sys/sc_getpid.32
LOAD sys/sc_getramdata.32
LOAD sys/sc_getvgaptr.32
LOAD sys/sc_loaddll.32
LOAD sys/sc_read.32
LOAD sys/sc_sbrk.32
LOAD sys/sc_setcwd.32
LOAD sys/sc_settime.32
LOAD sys/sc_timezone.32
LOAD sys/sc_write.32
LOAD sys/sc_wsbe.32
LOAD sys/sc_yield.32
LOAD sys/syscalls.32
LOAD thr/elf.32
LOAD thr/prcssthr.32
LOAD vm86/vm8086.32
LOAD vm86/x87em.32
LOAD fs/fat/vfslink.32
LOAD fs/iso9660/vfslink.32
LOAD hal/sound/sndcard.32
LOAD hal/sound/sndport.32
LOAD hw/bus/isa.32
LOAD hw/bus/pci.32
LOAD hw/diskctrl/ide.32
LOAD hw/diskctrl/satabus.32
LOAD hw/diskphys/ata.32
LOAD hw/diskphys/atapi.32
LOAD hw/diskphys/sata.32
LOAD hw/diskphys/satapi.32
LOAD hw/fpu/avx.32
LOAD hw/fpu/mmx.32
LOAD hw/fpu/sse.32
LOAD hw/fpu/x87.32
LOAD hw/intctrl/apic.32
LOAD hw/intctrl/pic.32
LOAD hw/timer/apictimer.32
LOAD hw/timer/pit.32
LOAD hw/fpu/x86/avx.32
LOAD hw/fpu/x86/sse.32
LOAD hw/fpu/x86/x87.32
LOAD /cygdrive/d/Users/Alex/Desktop/Toolchain/Output/bin/../lib/gcc/i386-banana/8.1.0/crtend.o
LOAD crtn.32
LOAD /cygdrive/d/Users/Alex/Desktop/Toolchain/Output/bin/../lib/gcc/i386-banana/8.1.0/libkgcc.a
LOAD D:/Users/Alex/Desktop/Banana/kernel/libsoftfp.a
LOAD D:/Users/Alex/Desktop/Banana/kernel/libk/libm32.a
                0x00000000c0000000                . = 0xc0000000

.text           0x00000000c0000000    0x2304a
 *(.text)
 .text          0x00000000c0000000       0x41 D:/Users/Alex/Desktop/Banana/kernel/boot.32
                0x00000000c0000020                callGlobalConstructors
 .text          0x00000000c0000041        0x0 crti.32
 *fill*         0x00000000c0000041        0x3 
 .text          0x00000000c0000044      0x101 /cygdrive/d/Users/Alex/Desktop/Toolchain/Output/bin/../lib/gcc/i386-banana/8.1.0/crtbegin.o
 *fill*         0x00000000c0000145        0xb 
 .text          0x00000000c0000150      0x428 D:/Users/Alex/Desktop/Banana/kernel/morenasm.32
                0x00000000c0000150                manualPCIProbe
                0x00000000c000019b                prepareTramp
                0x00000000c00001b4                doTPAUSE
                0x00000000c00001be                hasLegacyFPU
                0x00000000c00001e3                is486
                0x00000000c0000219                detectCPUID
                0x00000000c000022f                goToVM86
                0x00000000c000025f                goToUsermode
                0x00000000c0000289                switchToThreadASMFirstTime
                0x00000000c0000297                switchToThreadASM
                0x00000000c000031f                asmQuickAcquireLock
                0x00000000c000033d                asmQuickReleaseLock
                0x00000000c0000349                asmAcquireLock
                0x00000000c000036a                asmReleaseLock
                0x00000000c000037d                loadGDT
                0x00000000c000039d                isr0
                0x00000000c00003ad                isr1
                0x00000000c00003b7                isr2
                0x00000000c00003c1                isr3
                0x00000000c00003cb                isr4
                0x00000000c00003d5                isr5
                0x00000000c00003df                isr6
                0x00000000c00003e9                isr7
                0x00000000c00003f3                isr8
                0x00000000c00003fb                isr9
                0x00000000c0000405                isr10
                0x00000000c000040d                isr11
                0x00000000c0000415                isr12
                0x00000000c000041d                isr13
                0x00000000c0000425                isr14
                0x00000000c000042d                isr15
                0x00000000c0000437                isr16
                0x00000000c0000441                isr17
                0x00000000c000044b                isr18
                0x00000000c0000455                irq3
                0x00000000c000045f                irq4
                0x00000000c0000469                irq5
                0x00000000c0000473                irq6
                0x00000000c000047d                irq7
                0x00000000c0000487                irq8
                0x00000000c0000491                irq9
                0x00000000c000049b                irq10
                0x00000000c00004a5                irq11
                0x00000000c00004af                irq12
                0x00000000c00004b9                irq13
                0x00000000c00004c3                irq14
                0x00000000c00004cd                irq15
                0x00000000c00004d7                irq1
                0x00000000c00004de                irq2
                0x00000000c00004e5                isr96
                0x00000000c00004ec                irq0
                0x00000000c00004f1                int_common_stub
                0x00000000c00004f1                syscall_common_stub
                0x00000000c0000523                irq16
                0x00000000c000052d                irq17
                0x00000000c0000537                irq18
                0x00000000c0000541                irq19
                0x00000000c000054b                irq20
                0x00000000c0000555                irq21
                0x00000000c000055f                irq22
                0x00000000c0000569                irq23
                0x00000000c0000573                memcpy
 .text          0x00000000c0000578      0x5dd acpica/utclib.32
                0x00000000c0000578                memcmp
                0x00000000c00005b4                memmove
                0x00000000c000067c                memset
                0x00000000c0000698                strlen
                0x00000000c00006b0                strpbrk
                0x00000000c00006ec                strtok
                0x00000000c0000738                strcpy
                0x00000000c000075c                strncpy
                0x00000000c00007c4                strcmp
                0x00000000c0000804                strchr
                0x00000000c0000828                strncmp
                0x00000000c0000878                strcat
                0x00000000c00008a8                strncat
                0x00000000c00008e4                strstr
                0x00000000c000092c                toupper
                0x00000000c0000940                tolower
                0x00000000c0000954                simple_strtoul
 .text          0x00000000c0000b55      0xfad core/malloc.32
                0x00000000c0000cc0                dlfree
                0x00000000c000101b                dlmalloc
                0x00000000c0001558                dlrealloc
                0x00000000c00016fb                dlmemalign
                0x00000000c000181e                dlcalloc
                0x00000000c00018b8                dlcfree
                0x00000000c00018bd                dlindependent_calloc
                0x00000000c00018e2                dlindependent_comalloc
                0x00000000c00018f9                dlvalloc
                0x00000000c0001924                dlpvalloc
                0x00000000c000195a                dlmalloc_trim
                0x00000000c0001967                dlmalloc_usable_size
                0x00000000c0001998                dlmallinfo
                0x00000000c0001a67                dlmalloc_stats
                0x00000000c0001a78                dlmallopt
 .text          0x00000000c0001b02        0x0 libk/string.32
 .text          0x00000000c0001b02       0x51 fs/fat/diskio.32
                0x00000000c0001b02                disk_status
                0x00000000c0001b05                disk_initialize
                0x00000000c0001b08                disk_read
                0x00000000c0001b1e                disk_write
                0x00000000c0001b34                disk_ioctl
 .text          0x00000000c0001b53     0x6a69 fs/fat/ff.32
                0x00000000c0004e21                f_mount
                0x00000000c0004e83                f_open
                0x00000000c00052bf                f_read
                0x00000000c000553f                f_write
                0x00000000c00057f9                f_sync
                0x00000000c00059d5                f_close
                0x00000000c0005a04                f_lseek
                0x00000000c0005ebb                f_opendir
                0x00000000c0005fbd                f_closedir
                0x00000000c0005fdf                f_readdir
                0x00000000c000607a                f_stat
                0x00000000c0006109                f_getfree
                0x00000000c00062d4                f_truncate
                0x00000000c00063cc                f_unlink
                0x00000000c000654f                f_mkdir
                0x00000000c000677b                f_rename
                0x00000000c0006a6e                f_chmod
                0x00000000c0006b4c                f_utime
                0x00000000c0006c2a                f_getlabel
                0x00000000c0006e18                f_setlabel
                0x00000000c0007085                f_expand
                0x00000000c00072bb                f_forward
                0x00000000c0007499                f_mkfs
 .text          0x00000000c00085bc       0x2f fs/fat/ffsystem.32
                0x00000000c00085bc                ff_memalloc
                0x00000000c00085d4                ff_memfree
 *fill*         0x00000000c00085eb        0x1 
 .text          0x00000000c00085ec      0x274 fs/fat/ffunicode.32
                0x00000000c00085ec                ff_uni2oem
                0x00000000c0008684                ff_oem2uni
                0x00000000c00086f8                ff_wtoupper
 .text          0x00000000c0008860       0xa7 compat/inlines.32
                0x00000000c0008860                CPU::current()
                0x00000000c000886c                operator new(unsigned long)
                0x00000000c0008871                operator delete(void*)
                0x00000000c0008876                disableIRQs()
                0x00000000c000887e                enableIRQs()
                0x00000000c000888d                lockScheduler()
                0x00000000c0008895                unlockScheduler()
                0x00000000c00088a4                lockStuff()
                0x00000000c00088b2                unlockStuff()
                0x00000000c00088ec                Virt::getAKernelVAS()
                0x00000000c00088f2                __not_memcpy
 *fill*         0x00000000c0008907        0x1 
 .text          0x00000000c0008908      0x118 compat/resolve.32
                0x00000000c0008908                Krnl::resolveCompatibilitySymbol(char*)
 .text          0x00000000c0008a20      0xb8d core/computer.32
                0x00000000c0008a20                Computer::close(int, int, void*)
                0x00000000c0008a64                Krnl::firstTask()
                0x00000000c0008bb8                Computer::Computer()
                0x00000000c0008bb8                Computer::Computer()
                0x00000000c0008d14                Computer::setBootMessage(char const*)
                0x00000000c0008d16                Computer::detectFeatures()
                0x00000000c0008f20                Computer::displayFeatures()
                0x00000000c0009266                Computer::rdmsr(unsigned int)
                0x00000000c0009292                Computer::wrmsr(unsigned int, unsigned long long)
                0x00000000c00092ca                Computer::shutdown()
                0x00000000c00092e2                Computer::restart()
                0x00000000c00092fa                Computer::sleep()
                0x00000000c000930e                Computer::nmiEnabled()
                0x00000000c000931a                Computer::readCMOS(unsigned char)
                0x00000000c0009334                Computer::enableNMI(bool)
                0x00000000c000934c                Computer::open(int, int, void*)
                0x00000000c00094f0                Computer::disableNMI()
                0x00000000c00094fe                Computer::writeCMOS(unsigned char, unsigned char)
                0x00000000c000951c                Computer::handleNMI()
                0x00000000c0009582                Computer::setDiskActivityLight(int, bool)
 *fill*         0x00000000c00095ad        0x1 
 .text          0x00000000c00095ae      0x19d core/gdt.32
                0x00000000c00095ae                GDTEntry::setBase(unsigned int)
                0x00000000c00095ca                GDTEntry::setLimit(unsigned int)
                0x00000000c00095e8                GDT::GDT()
                0x00000000c00095e8                GDT::GDT()
                0x00000000c00095fe                GDT::addEntry(GDTEntry)
                0x00000000c0009620                GDT::getNumberOfEntries()
                0x00000000c0009628                GDT::flush()
                0x00000000c000964a                GDT::setup()
 .text          0x00000000c000974b       0x6b core/idle.32
                0x00000000c000974b                idleFunction(void*)
 *fill*         0x00000000c00097b6        0x2 
 .text          0x00000000c00097b8      0x464 core/idt.32
                0x00000000c00097b8                IDTEntry::IDTEntry(bool)
                0x00000000c00097b8                IDTEntry::IDTEntry(bool)
                0x00000000c000982a                IDTEntry::setOffset(unsigned int)
                0x00000000c0009840                IDT::IDT()
                0x00000000c0009840                IDT::IDT()
                0x00000000c0009842                IDT::getPointerToInvalidOpcodeEntryForF00F()
                0x00000000c000984a                IDT::addEntry(IDTEntry, int)
                0x00000000c0009864                IDT::addEntry(int, void (*)(), bool)
                0x00000000c000989c                IDT::flush()
                0x00000000c00098b6                IDT::setup()
 .text          0x00000000c0009c1c      0x191 core/kheap.32
                0x00000000c0009c1c                sbrk
                0x00000000c0009cbf                mmap
                0x00000000c0009cd5                munmap
                0x00000000c0009ceb                liballoc_lock()
                0x00000000c0009cf8                liballoc_unlock()
                0x00000000c0009d0c                liballoc_alloc(int)
                0x00000000c0009d24                liballoc_free(void*, int)
                0x00000000c0009d3f                realloc
                0x00000000c0009d53                malloc
                0x00000000c0009d63                free
                0x00000000c0009d73                rfree
                0x00000000c0009d83                calloc
 .text          0x00000000c0009dad      0x437 core/main.32
                0x00000000c0009dad                Krnl::setBootMessage(char const*)
                0x00000000c0009e19                kernel_main
 .text          0x00000000c000a1e4      0x673 core/physmgr.32
                0x00000000c000a1e4                Phys::allocateDMA(unsigned long)
                0x00000000c000a2f3                Phys::freeDMA(unsigned long, unsigned long)
                0x00000000c000a339                Phys::setPageState(unsigned long, bool)
                0x00000000c000a36b                Phys::getPageState(unsigned long)
                0x00000000c000a387                Phys::freePage(unsigned long)
                0x00000000c000a40a                Phys::allocatePage()
                0x00000000c000a4f5                Phys::allocateContiguousPages(int)
                0x00000000c000a551                Phys::allowSegmentToBeUsed(unsigned long, unsigned long)
                0x00000000c000a589                Phys::physicalMemorySetup(unsigned int)
 *fill*         0x00000000c000a857        0x1 
 .text          0x00000000c000a858      0x273 core/pipe.32
                0x00000000c000a858                Pipe::isAtty()
                0x00000000c000a85c                Pipe::~Pipe()
                0x00000000c000a85c                Pipe::~Pipe()
                0x00000000c000a880                Pipe::~Pipe()
                0x00000000c000a8a8                Pipe::read(unsigned long long, void*, int*)
                0x00000000c000a9a4                Pipe::write(unsigned long long, void*, int*)
                0x00000000c000aa64                Pipe::Pipe(int)
                0x00000000c000aa64                Pipe::Pipe(int)
 *fill*         0x00000000c000aacb        0x1 
 .text          0x00000000c000aacc      0xb8f core/terminal.32
                0x00000000c000aacc                VgaText::isAtty()
                0x00000000c000aad0                VgaText::~VgaText()
                0x00000000c000aad0                VgaText::~VgaText()
                0x00000000c000aaf4                VgaText::~VgaText()
                0x00000000c000ab1e                VgaText::read(unsigned long long, void*, int*)
                0x00000000c000ab3e                setTerminalScrollLock(bool)
                0x00000000c000ab3f                addToTerminalCycle(VgaText*)
                0x00000000c000ab60                installVgaTextImplementation()
                0x00000000c000ab75                scrollTerminalScrollLock(int)
                0x00000000c000ab76                VgaText::updateTitle()
                0x00000000c000abb4                VgaText::load()
                0x00000000c000ac02                VgaText::updateCursor()
                0x00000000c000ac18                VgaText::doANSI_SGR(int)
                0x00000000c000ac8c                VgaText::setDefaultBgColour(VgaColour)
                0x00000000c000ac9c                VgaText::setDefaultFgColour(VgaColour)
                0x00000000c000acac                VgaText::setDefaultColours(VgaColour, VgaColour)
                0x00000000c000accc                VgaText::setTitleTextColour(VgaColour)
                0x00000000c000acdc                VgaText::setTitleColour(VgaColour)
                0x00000000c000acec                VgaText::setTitle(char*)
                0x00000000c000ad12                VgaText::combineColours(unsigned char, unsigned char)
                0x00000000c000ad24                VgaText::scrollScreen()
                0x00000000c000adb8                VgaText::combineCharAndColour(char, unsigned char)
                0x00000000c000adca                VgaText::writeCharacter(char, VgaColour, VgaColour, int, int)
                0x00000000c000ae26                VgaText::getCursorX()
                0x00000000c000ae2e                VgaText::getCursorY()
                0x00000000c000ae36                VgaText::setCursor(int, int)
                0x00000000c000ae4d                setActiveTerminal(VgaText*)
                0x00000000c000aeaf                doTerminalCycle()
                0x00000000c000aeca                VgaText::setCursorX(int)
                0x00000000c000aee2                VgaText::setCursorY(int)
                0x00000000c000aefa                VgaText::incrementCursor(bool)
                0x00000000c000af4e                VgaText::decrementCursor(bool)
                0x00000000c000af70                VgaText::putchar(char, VgaColour, VgaColour)
                0x00000000c000b048                VgaText::doUpdate()
                0x00000000c000b056                VgaText::puts(char const*, VgaColour, VgaColour)
                0x00000000c000b1ce                VgaText::clearScreen()
                0x00000000c000b228                VgaText::putchar(char)
                0x00000000c000b314                VgaText::putx(unsigned int)
                0x00000000c000b35a                VgaText::puts(char const*)
                0x00000000c000b380                VgaText::VgaText(char const*)
                0x00000000c000b380                VgaText::VgaText(char const*)
                0x00000000c000b4fc                VgaText::receiveKey(unsigned char)
                0x00000000c000b5e2                VgaText::write(unsigned long long, void*, int*)
                0x00000000c000b636                newTerminal(char*)
 *fill*         0x00000000c000b65b        0x1 
 .text          0x00000000c000b65c      0x1a1 core/tss.32
                0x00000000c000b65c                TSS::TSS()
                0x00000000c000b65c                TSS::TSS()
                0x00000000c000b66c                TSS::setESP(unsigned long)
                0x00000000c000b680                TSS::flush()
                0x00000000c000b6a0                TSS::setup(unsigned long, unsigned long)
 *fill*         0x00000000c000b7fd        0x1 
 .text          0x00000000c000b7fe      0x4c2 core/unixfile.32
                0x00000000c000b7fe                ReservedFilename::read(unsigned long long, void*, int*)
                0x00000000c000b854                ReservedFilename::isAtty()
                0x00000000c000b870                ReservedFilename::write(unsigned long long, void*, int*)
                0x00000000c000b8ce                UnixFile::getFileDescriptor()
                0x00000000c000b8d6                UnixFile::UnixFile(int)
                0x00000000c000b8d6                UnixFile::UnixFile(int)
                0x00000000c000ba86                ReservedFilename::ReservedFilename(int)
                0x00000000c000ba86                ReservedFilename::ReservedFilename(int)
                0x00000000c000bab8                UnixFile::~UnixFile()
                0x00000000c000bab8                UnixFile::~UnixFile()
                0x00000000c000bb50                UnixFile::~UnixFile()
                0x00000000c000bb78                ReservedFilename::~ReservedFilename()
                0x00000000c000bb78                ReservedFilename::~ReservedFilename()
                0x00000000c000bb9c                ReservedFilename::~ReservedFilename()
                0x00000000c000bbc3                getFromFileDescriptor(int)
 .text          0x00000000c000bcc0     0x1218 core/virtmgr.32
                0x00000000c000bcc0                Virt::setPageState(unsigned long, Virt::VirtPageState)
                0x00000000c000bcf5                Virt::getPageState(unsigned long)
                0x00000000c000bd19                Virt::allocateKernelVirtualPages(int)
                0x00000000c000be2a                Virt::freeSwapfilePage(unsigned long)
                0x00000000c000be48                Virt::swapIDToSector(unsigned long)
                0x00000000c000be5a                Virt::allocateSwapfilePage()
                0x00000000c000bed8                Virt::virtualMemorySetup()
                0x00000000c000bf23                Virt::setupPageSwapping(int)
                0x00000000c000bf94                VAS::VAS()
                0x00000000c000bf94                VAS::VAS()
                0x00000000c000bfd0                VAS::VAS(VAS*)
                0x00000000c000bfd0                VAS::VAS(VAS*)
                0x00000000c000bffe                VAS::getForeignPageTableEntry(bool, unsigned long)
                0x00000000c000c02a                VAS::getPageTableEntry(unsigned long)
                0x00000000c000c049                Virt::freeKernelVirtualPages(unsigned long)
                0x00000000c000c16c                VAS::freeAllocatedPages(unsigned long)
                0x00000000c000c190                VAS::virtualToPhysical(unsigned long)
                0x00000000c000c1a8                VAS::reflagRange(unsigned long, int, int, int)
                0x00000000c000c1e8                VAS::setToWriteCombining(unsigned long, int)
                0x00000000c000c21a                VAS::mapOtherVASIn(bool, VAS*)
                0x00000000c000c244                VAS::~VAS()
                0x00000000c000c244                VAS::~VAS()
                0x00000000c000c3c0                VAS::mapPage(unsigned long, unsigned long, int)
                0x00000000c000c4c2                VAS::allocatePages(int, int)
                0x00000000c000c69a                VAS::setCPUSpecific(unsigned long)
                0x00000000c000c6b6                VAS::mapRange(unsigned long, unsigned long, int, int)
                0x00000000c000c77c                VAS::mapForeignPage(bool, VAS*, unsigned long, unsigned long, int)
                0x00000000c000c86a                VAS::VAS(bool)
                0x00000000c000c86a                VAS::VAS(bool)
                0x00000000c000caea                VAS::evict(unsigned long)
                0x00000000c000cbba                VAS::tryLoadBackOffDisk(unsigned long)
                0x00000000c000ccce                VAS::scanForEviction()
                0x00000000c000cdac                mapVASFirstTime
 .text          0x00000000c000ced8       0x95 coreobjs/c++.32
                0x00000000c000ced8                __cxa_atexit
                0x00000000c000cedb                __cxa_finalize
                0x00000000c000cedc                __stack_chk_fail
                0x00000000c000cf48                __cxa_pure_virtual
                0x00000000c000cf59                operator new[](unsigned long)
                0x00000000c000cf5e                operator delete(void*, unsigned long)
                0x00000000c000cf63                operator delete[](void*)
                0x00000000c000cf68                operator delete[](void*, unsigned long)
 .text          0x00000000c000cf6d      0x1fc dbg/kconsole.32
                0x00000000c000cf6d                Dbg::stringifyxWithBase(unsigned int, char*, int)
                0x00000000c000cfc6                Dbg::logc(char)
                0x00000000c000cfe6                Dbg::logs(char*)
                0x00000000c000d003                Dbg::logWriteInt(unsigned int)
                0x00000000c000d020                Dbg::logWriteIntBase(unsigned int, int)
                0x00000000c000d03f                Dbg::kprintf(char const*, ...)
 *fill*         0x00000000c000d169        0x1 
 .text          0x00000000c000d16a      0xcac fs/vfs.32
                0x00000000c000d16a                File::read(unsigned long long, void*, int*)
                0x00000000c000d1c2                File::write(unsigned long long, void*, int*)
                0x00000000c000d21a                Directory::read(unsigned long long, void*, int*)
                0x00000000c000d272                Directory::write(unsigned long long, void*, int*)
                0x00000000c000d2a0                File::isAtty()
                0x00000000c000d2a4                Directory::isAtty()
                0x00000000c000d2a8                Filesystem::getlabel(LogicalDisk*, int, char*, unsigned int*)
                0x00000000c000d2ae                Filesystem::setlabel(LogicalDisk*, int, char*)
                0x00000000c000d2b4                Filesystem::allocateSwapfile(char const*, int)
                0x00000000c000d2ba                File::~File()
                0x00000000c000d2ba                File::~File()
                0x00000000c000d2de                File::~File()
                0x00000000c000d308                Directory::~Directory()
                0x00000000c000d308                Directory::~Directory()
                0x00000000c000d32c                Directory::~Directory()
                0x00000000c000d356                Filesystem::Filesystem()
                0x00000000c000d356                Filesystem::Filesystem()
                0x00000000c000d37a                Filesystem::~Filesystem()
                0x00000000c000d37a                Filesystem::~Filesystem()
                0x00000000c000d388                Filesystem::~Filesystem()
                0x00000000c000d3ac                Fs::getcwd(Process*, char*, int)
                0x00000000c000d3d6                Fs::initVFS()
                0x00000000c000d400                Fs::standardiseFiles(char*, char const*, char const*)
                0x00000000c000d5aa                File::File(char const*, Process*)
                0x00000000c000d5aa                File::File(char const*, Process*)
                0x00000000c000d684                File::open(FileOpenMode)
                0x00000000c000d6e2                File::close()
                0x00000000c000d742                File::seek(unsigned long long)
                0x00000000c000d798                File::tell(unsigned long long*)
                0x00000000c000d7e8                File::rewind()
                0x00000000c000d7fc                File::unlink()
                0x00000000c000d848                File::rename(char const*)
                0x00000000c000d896                File::chfatattr(unsigned char, unsigned char)
                0x00000000c000d8f2                File::exists()
                0x00000000c000d930                File::stat(unsigned long long*, bool*)
                0x00000000c000d991                Fs::setcwd(Process*, char*)
                0x00000000c000db0a                Directory::Directory(char const*, Process*)
                0x00000000c000db0a                Directory::Directory(char const*, Process*)
                0x00000000c000dbe4                Directory::open()
                0x00000000c000dc40                Directory::close()
                0x00000000c000dca0                Directory::unlink()
                0x00000000c000dcec                Directory::rename(char const*)
                0x00000000c000dd3a                Directory::exists()
                0x00000000c000dd78                Directory::read(dirent*)
                0x00000000c000ddc4                Directory::create()
                0x00000000c000de10                Filesystem::chfatattr(char const*, unsigned char, unsigned char)
 *fill*         0x00000000c000de16        0x2 
 .text          0x00000000c000de18       0x86 hal/bus.32
                0x00000000c000de18                Bus::Bus(char const*)
                0x00000000c000de18                Bus::Bus(char const*)
                0x00000000c000de50                Bus::~Bus()
                0x00000000c000de50                Bus::~Bus()
                0x00000000c000de74                Bus::~Bus()
 *fill*         0x00000000c000de9e        0x2 
 .text          0x00000000c000dea0      0x153 hal/buzzer.32
                0x00000000c000dea0                Buzzer::Buzzer(char const*)
                0x00000000c000dea0                Buzzer::Buzzer(char const*)
                0x00000000c000dee4                Buzzer::~Buzzer()
                0x00000000c000dee4                Buzzer::~Buzzer()
                0x00000000c000df08                Buzzer::~Buzzer()
                0x00000000c000df32                Buzzer::stop()
                0x00000000c000df45                beepThread(void*)
                0x00000000c000df86                Buzzer::beep(int, int, bool)
 *fill*         0x00000000c000dff3        0x1 
 .text          0x00000000c000dff4      0x467 hal/clock.32
                0x00000000c000dff4                User::loadClockSettings(int)
                0x00000000c000e046                Clock::Clock(char const*)
                0x00000000c000e046                Clock::Clock(char const*)
                0x00000000c000e07c                Clock::~Clock()
                0x00000000c000e07c                Clock::~Clock()
                0x00000000c000e0a0                Clock::~Clock()
                0x00000000c000e0ca                Clock::timeInSecondsLocal()
                0x00000000c000e112                Clock::setTimeInSecondsLocal(unsigned long long)
                0x00000000c000e16b                datetimeToSeconds(datetime_t)
                0x00000000c000e292                Clock::setTimeInDatetimeLocal(datetime_t)
                0x00000000c000e2f2                secondsToDatetime(unsigned long long)
                0x00000000c000e436                Clock::timeInDatetimeLocal()
 *fill*         0x00000000c000e45b        0x1 
 .text          0x00000000c000e45c      0x504 hal/device.32
                0x00000000c000e45c                Device::hibernate()
                0x00000000c000e45e                Device::wake()
                0x00000000c000e460                Device::detect()
                0x00000000c000e462                Device::disableLegacy()
                0x00000000c000e464                Device::powerSaving(PowerSavingLevel)
                0x00000000c000e466                DriverlessDevice::close(int, int, void*)
                0x00000000c000e46a                DriverlessDevice::detect()
                0x00000000c000e46c                DriverlessDevice::open(int, int, void*)
                0x00000000c000e480                Device::~Device()
                0x00000000c000e480                Device::~Device()
                0x00000000c000e48e                Device::~Device()
                0x00000000c000e4b6                Device::findAndLoadDriver()
                0x00000000c000e4c4                Device::preOpenPCI(PCIDeviceInfo)
                0x00000000c000e4ea                Device::preOpenACPI(void*, char*, char*)
                0x00000000c000e52a                Device::addIRQHandler(int, void (*)(regs*, void*), bool, void*)
                0x00000000c000e568                Device::getParent()
                0x00000000c000e574                Device::removeIRQHandler(int, void (*)(regs*, void*), bool)
                0x00000000c000e5b2                Device::addChild(Device*)
                0x00000000c000e5f6                Device::removeAllChildren()
                0x00000000c000e63c                Device::hibernateAll()
                0x00000000c000e66c                Device::wakeAll()
                0x00000000c000e69c                Device::detectAll()
                0x00000000c000e6cc                Device::disableLegacyAll()
                0x00000000c000e6fc                Device::loadDriversForAll()
                0x00000000c000e73c                Device::closeAll()
                0x00000000c000e772                Device::powerSavingAll(PowerSavingLevel)
                0x00000000c000e7a8                Device::setName(char const*)
                0x00000000c000e7b6                Device::Device(char const*)
                0x00000000c000e7b6                Device::Device(char const*)
                0x00000000c000e8b2                Device::getName()
                0x00000000c000e8bc                DriverlessDevice::DriverlessDevice(char const*)
                0x00000000c000e8bc                DriverlessDevice::DriverlessDevice(char const*)
                0x00000000c000e8f2                Device::addToLinkedList(LinkedList<Device>&, DeviceType)
                0x00000000c000e936                getDevicesOfType(DeviceType)
 .text          0x00000000c000e960       0x86 hal/diskctrl.32
                0x00000000c000e960                HardDiskController::HardDiskController(char const*)
                0x00000000c000e960                HardDiskController::HardDiskController(char const*)
                0x00000000c000e998                HardDiskController::~HardDiskController()
                0x00000000c000e998                HardDiskController::~HardDiskController()
                0x00000000c000e9bc                HardDiskController::~HardDiskController()
 .text          0x00000000c000e9e6       0xe2 hal/diskphys.32
                0x00000000c000e9e6                PhysicalDisk::eject()
                0x00000000c000e9ea                PhysicalDisk::PhysicalDisk(char const*, int)
                0x00000000c000e9ea                PhysicalDisk::PhysicalDisk(char const*, int)
                0x00000000c000ea52                PhysicalDisk::startCache()
                0x00000000c000ea7a                PhysicalDisk::~PhysicalDisk()
                0x00000000c000ea7a                PhysicalDisk::~PhysicalDisk()
                0x00000000c000ea9e                PhysicalDisk::~PhysicalDisk()
 .text          0x00000000c000eac8       0xfc hal/fpu.32
                0x00000000c000eac8                FPU::FPU(char const*)
                0x00000000c000eac8                FPU::FPU(char const*)
                0x00000000c000eb00                FPU::~FPU()
                0x00000000c000eb00                FPU::~FPU()
                0x00000000c000eb24                FPU::~FPU()
                0x00000000c000eb4e                setupFPU()
 .text          0x00000000c000ebc4     0x1205 hal/intctrl.32
                0x00000000c000ebc4                InterruptController::uninstallISRHandler(int, void (*)(regs*, void*))
                0x00000000c000ebfc                InterruptController::installISRHandler(int, void (*)(regs*, void*), void*)
                0x00000000c000ec4e                doubleFault(regs*, void*)
                0x00000000c000ec68                InterruptController::installIRQHandler(int, void (*)(regs*, void*), bool, void*)
                0x00000000c000ed04                InterruptController::clearAllHandlers(int, bool)
                0x00000000c000edac                InterruptController::uninstallIRQHandler(int, void (*)(regs*, void*), bool)
                0x00000000c000ee33                nmiHandler(regs*, void*)
                0x00000000c000ee41                int_handler
                0x00000000c000eee2                InterruptController::InterruptController(char const*)
                0x00000000c000eee2                InterruptController::InterruptController(char const*)
                0x00000000c000ef88                InterruptController::~InterruptController()
                0x00000000c000ef88                InterruptController::~InterruptController()
                0x00000000c000efac                InterruptController::~InterruptController()
                0x00000000c000efd6                displayDebugInfo(regs*)
                0x00000000c000f465                x87EmulHandler(regs*, void*)
                0x00000000c000f4e5                gpFault(regs*, void*)
                0x00000000c000f51e                pgFault(regs*, void*)
                0x00000000c000f56d                otherISRHandler(regs*, void*)
                0x00000000c000f58c                opcodeFault(regs*, void*)
                0x00000000c000f966                displayProgramFault(char const*)
                0x00000000c000f98e                setupInterruptController()
                0x00000000c000fd7c                InterruptController::convertLegacyIRQNumber(int)
 *fill*         0x00000000c000fdc9        0x1 
 .text          0x00000000c000fdca      0x788 hal/keybrd.32
                0x00000000c000fdca                startGUI(void*)
                0x00000000c000fe36                startGUIVESA(void*)
                0x00000000c000fea2                sendKeyToTerminal(unsigned char)
                0x00000000c000ff60                sendKeyboardToken(KeyboardToken)
                0x00000000c00103a2                clearInternalKeybuffer(VgaText*)
                0x00000000c00103d7                readKeyboard(VgaText*, char*, unsigned long)
                0x00000000c00104c8                Keyboard::Keyboard(char const*)
                0x00000000c00104c8                Keyboard::Keyboard(char const*)
                0x00000000c0010504                Keyboard::~Keyboard()
                0x00000000c0010504                Keyboard::~Keyboard()
                0x00000000c0010528                Keyboard::~Keyboard()
 .text          0x00000000c0010552      0x42a hal/logidisk.32
                0x00000000c0010552                LogicalDisk::close(int, int, void*)
                0x00000000c0010556                LogicalDisk::~LogicalDisk()
                0x00000000c0010556                LogicalDisk::~LogicalDisk()
                0x00000000c001057a                LogicalDisk::~LogicalDisk()
                0x00000000c00105a4                LogicalDisk::open(int, int, void*)
                0x00000000c00105b8                LogicalDisk::absoluteToRelative(unsigned long long)
                0x00000000c00105f0                LogicalDisk::relativeToAbsolute(unsigned long long)
                0x00000000c0010636                LogicalDisk::LogicalDisk(char const*, PhysicalDisk*, unsigned long long, unsigned long long)
                0x00000000c0010636                LogicalDisk::LogicalDisk(char const*, PhysicalDisk*, unsigned long long, unsigned long long)
                0x00000000c00106ec                LogicalDisk::assignDriveLetter()
                0x00000000c00107a2                LogicalDisk::mount()
                0x00000000c001082a                LogicalDisk::unmount()
                0x00000000c001083a                LogicalDisk::eject()
                0x00000000c001084e                LogicalDisk::unassignDriveLetter()
                0x00000000c00108a4                LogicalDisk::read(unsigned long long, int, void*)
                0x00000000c0010910                LogicalDisk::write(unsigned long long, int, void*)
 .text          0x00000000c001097c       0x86 hal/mouse.32
                0x00000000c001097c                Mouse::Mouse(char const*)
                0x00000000c001097c                Mouse::Mouse(char const*)
                0x00000000c00109b4                Mouse::~Mouse()
                0x00000000c00109b4                Mouse::~Mouse()
                0x00000000c00109d8                Mouse::~Mouse()
 .text          0x00000000c0010a02      0x339 hal/partition.32
                0x00000000c0010a02                makePartition(PhysicalDisk*, unsigned long long, unsigned long long)
                0x00000000c0010aaa                createPartitionsForDisk(PhysicalDisk*)
 *fill*         0x00000000c0010d3b        0x1 
 .text          0x00000000c0010d3c       0x86 hal/serial.32
                0x00000000c0010d3c                Serial::Serial(char const*)
                0x00000000c0010d3c                Serial::Serial(char const*)
                0x00000000c0010d74                Serial::~Serial()
                0x00000000c0010d74                Serial::~Serial()
                0x00000000c0010d98                Serial::~Serial()
 *fill*         0x00000000c0010dc2        0x2 
 .text          0x00000000c0010dc4      0x2f2 hal/timer.32
                0x00000000c0010dc4                Timer::Timer(char const*)
                0x00000000c0010dc4                Timer::Timer(char const*)
                0x00000000c0010dfc                Timer::~Timer()
                0x00000000c0010dfc                Timer::~Timer()
                0x00000000c0010e20                Timer::~Timer()
                0x00000000c0010e4a                Timer::read()
                0x00000000c0010e55                timerHandler(unsigned int)
                0x00000000c0010fbc                setupTimer(int)
 *fill*         0x00000000c00110b6        0x2 
 .text          0x00000000c00110b8      0x43e hal/vcache.32
                0x00000000c00110b8                VCache::VCache(PhysicalDisk*)
                0x00000000c00110b8                VCache::VCache(PhysicalDisk*)
                0x00000000c0011220                VCache::invalidateReadBuffer()
                0x00000000c0011230                VCache::writeWriteBuffer()
                0x00000000c001127c                VCache::~VCache()
                0x00000000c001127c                VCache::~VCache()
                0x00000000c00112d0                VCache::~VCache()
                0x00000000c00112f8                VCache::write(unsigned long long, int, void*)
                0x00000000c00113f2                VCache::read(unsigned long long, int, void*)
 .text          0x00000000c00114f6      0x4b3 hal/video.32
                0x00000000c00114f6                Video::putrect(int, int, int, int, unsigned int)
                0x00000000c0011542                Video::bitblit(int, int, int, int, int, int, int, unsigned int*)
                0x00000000c00115b2                Video::blit(unsigned int*, int, int, int, int)
                0x00000000c0011630                Video::clearScreen(unsigned int)
                0x00000000c0011664                Video::putpixel(int, int, unsigned int)
                0x00000000c0011672                Video::Video(char const*)
                0x00000000c0011672                Video::Video(char const*)
                0x00000000c00116a8                Video::~Video()
                0x00000000c00116a8                Video::~Video()
                0x00000000c00116cc                Video::~Video()
                0x00000000c00116f6                Video::isMonochrome()
                0x00000000c0011702                Video::getWidth()
                0x00000000c001170e                Video::getHeight()
                0x00000000c001171a                Video::drawCursor(int, int, unsigned char*, int)
                0x00000000c00117d6                Video::tgaParse(unsigned char*, int, int*, int*)
                0x00000000c001193e                Video::putTGA(int, int, unsigned char*, int)
 *fill*         0x00000000c00119a9        0x3 
 .text          0x00000000c00119ac     0x1707 hw/acpi.32
                0x00000000c00119ac                ACPI::close(int, int, void*)
                0x00000000c0011a60                findRSDP()
                0x00000000c0011b34                loadACPITables(unsigned char*)
                0x00000000c0011d98                findRSDT(unsigned char*)
                0x00000000c0011f58                findDataTable(unsigned char*, char*)
                0x00000000c0011fd0                scanMADT()
                0x00000000c00124ac                ACPI::ACPI()
                0x00000000c00124ac                ACPI::ACPI()
                0x00000000c0012510                ACPI::getPCIIRQAssignment(unsigned char, unsigned short, unsigned char)
                0x00000000c00125f8                ACPI::registerPCIIRQAssignment(void*, unsigned short, unsigned char, unsigned char)
                0x00000000c00126c0                ACPI::setScreenBrightnessLevel(void*, int)
                0x00000000c00126c8                ACPI::detectPCI()
                0x00000000c0012bac                ACPI::writeSimpleBootFlag(SimpleBootFlagTable*)
                0x00000000c0012bf4                ACPI::sleep()
                0x00000000c0012c30                ACPI::open(int, int, void*)
 *fill*         0x00000000c00130b3        0x1 
 .text          0x00000000c00130b4     0x1861 hw/cpu.32
                0x00000000c00130b4                CPU::close(int, int, void*)
                0x00000000c00130b8                CPU::lookupAMDName(unsigned char, unsigned char)
                0x00000000c001324c                CPU::lookupIntelName(unsigned char, unsigned char)
                0x00000000c00134fa                CPU::AMD_K6_write_msr(unsigned int, unsigned int, unsigned int, CPU::REGS*)
                0x00000000c0013516                CPU::AMD_K6_read_msr(unsigned int, CPU::REGS*)
                0x00000000c001352e                CPU::AMD_K6_writeback(int, int, int)
                0x00000000c00135a2                CPU::cpuid(int, unsigned long*, unsigned long*, unsigned long*, unsigned long*)
                0x00000000c0013626                CPU::cpuidCheckEDX(unsigned int)
                0x00000000c0013654                CPU::cpuidCheckECX(unsigned int)
                0x00000000c0013682                CPU::cpuidCheckExtendedEBX(unsigned int)
                0x00000000c00136b0                CPU::cpuidCheckExtendedECX(unsigned int)
                0x00000000c00136de                CPU::CPU()
                0x00000000c00136de                CPU::CPU()
                0x00000000c001376c                CPU::displayFeatures()
                0x00000000c0013a0c                CPU::detectFeatures()
                0x00000000c0014436                CPU::setupSMEP()
                0x00000000c0014442                CPU::setupUMIP()
                0x00000000c001444c                CPU::setupTSC()
                0x00000000c0014456                CPU::setupLargePages()
                0x00000000c0014460                CPU::setupPAT()
                0x00000000c001449c                CPU::setupMTRR()
                0x00000000c001449e                CPU::setupGlobalPages()
                0x00000000c00144a8                CPU::allowUsermodeDataAccess()
                0x00000000c00144ba                CPU::prohibitUsermodeDataAccess()
                0x00000000c00144cc                CPU::setupSMAP()
                0x00000000c00144da                CPU::setupFeatures()
                0x00000000c00145a6                CPU::open(int, int, void*)
                0x00000000c001471a                CPU::decodeAddress(regs*, int*, bool*, unsigned char*)
 .text          0x00000000c0014915        0x0 hw/ports.32
 .text          0x00000000c0014915      0x16a hw/smp.32
                0x00000000c0014915                Krnl::smpEntry()
                0x00000000c0014917                Krnl::startCPU(int)
                0x00000000c0014a60                Krnl::startCPUs()
 *fill*         0x00000000c0014a7f        0x1 
 .text          0x00000000c0014a80      0x581 krnl/env.32
                0x00000000c0014a80                EnvVarContainer::getEnv(char const*)
                0x00000000c0014abe                EnvVarContainer::setEnv(char const*, char const*)
                0x00000000c0014b80                EnvVarContainer::deleteEnv(char const*)
                0x00000000c0014b82                EnvVarContainer::loadFrom(char const*, char const*)
                0x00000000c0014d68                EnvVarContainer::__loadSystem()
                0x00000000c0014d82                EnvVarContainer::__loadUser()
                0x00000000c0014d84                EnvVarContainer::EnvVarContainer(Process*)
                0x00000000c0014d84                EnvVarContainer::EnvVarContainer(Process*)
                0x00000000c0014da6                EnvVarContainer::~EnvVarContainer()
                0x00000000c0014da6                EnvVarContainer::~EnvVarContainer()
                0x00000000c0014dd6                Krnl::getEnv(Process*, char const*)
                0x00000000c0014e3b                Krnl::setEnvSystem(char const*, char const*)
                0x00000000c0014e55                Krnl::setEnvUser(char const*, char const*)
                0x00000000c0014e74                Krnl::setEnvProcess(Process*, char const*, char const*)
                0x00000000c0014e87                Krnl::deleteEnvSystem(char const*)
                0x00000000c0014e88                Krnl::deleteEnvUser(char const*)
                0x00000000c0014e89                Krnl::deleteEnvProcess(Process*, char const*)
                0x00000000c0014e8a                Krnl::newProcessEnv(Process*)
                0x00000000c0014eac                Krnl::copyProcessEnv(Process*, Process*)
                0x00000000c0014ef8                Krnl::loadSystemEnv()
                0x00000000c0014f26                Krnl::loadUserEnv()
                0x00000000c0014f4c                Krnl::flushEnv()
                0x00000000c0014f4d                Krnl::getProcessTotalEnvCount(Process*)
                0x00000000c0014f6d                Krnl::getProcessEnvPair(Process*, int)
 .text          0x00000000c0015001      0x243 krnl/panic.32
                0x00000000c0015001                Krnl::panic(char const*)
 .text          0x00000000c0015244      0x194 krnl/powctrl.32
                0x00000000c0015244                Krnl::powerThread(void*)
                0x00000000c00152c4                Krnl::changePowerSettings(Krnl::PowerSettings)
                0x00000000c00152da                Krnl::userIOReceived()
                0x00000000c00152e5                Krnl::handlePowerButton()
                0x00000000c001531a                Krnl::handleSleepButton()
                0x00000000c001534f                Krnl::setupPowerManager()
 .text          0x00000000c00153d8      0x5a0 net/ethernet.32
                0x00000000c00153d8                Net::switchEndian16(unsigned short)
                0x00000000c00153fc                Net::switchEndian32(unsigned int)
                0x00000000c001542c                Net::crc32Calc(unsigned char*, int)
                0x00000000c00154d0                Net::wrapEthernetFrame(Net::UnwrappedEthernetFrame, unsigned char*)
                0x00000000c00156ec                Net::unwrapEthernetFrame(unsigned char*, int)
 .text          0x00000000c0015978      0x50e reg/registry.32
                0x00000000c0015978                Reg::findLineFromLoadedData(char*, char*, char*)
                0x00000000c0015ad0                Reg::getLineFromRegistry(char*, char*, char*, char*)
                0x00000000c0015c25                Reg::getLine(char*, char*, char*)
                0x00000000c0015c5c                Reg::readInt(char*, char*, int*)
                0x00000000c0015d47                Reg::readString(char*, char*, char*, int)
                0x00000000c0015dc8                Reg::readBool(char*, char*, bool*)
                0x00000000c0015ded                Reg::readBoolWithDefault(char*, char*, bool)
                0x00000000c0015e19                Reg::readIntWithDefault(char*, char*, int)
                0x00000000c0015e45                Reg::readStringWithDefault(char*, char*, char*, int, char*)
 .text          0x00000000c0015e86       0x36 sys/sc_eject.32
                0x00000000c0015e86                Sys::eject(regs*)
 .text          0x00000000c0015ebc       0x18 sys/sc_exit.32
                0x00000000c0015ebc                Sys::exit(regs*)
 .text          0x00000000c0015ed4       0x1f sys/sc_getcwd.32
                0x00000000c0015ed4                Sys::getCwd(regs*)
 .text          0x00000000c0015ef3        0xc sys/sc_getpid.32
                0x00000000c0015ef3                Sys::getPID(regs*)
 .text          0x00000000c0015eff       0x1a sys/sc_getramdata.32
                0x00000000c0015eff                Sys::getRAMData(regs*)
 .text          0x00000000c0015f19       0x84 sys/sc_getvgaptr.32
                0x00000000c0015f19                Sys::getVGAPtr(regs*)
 .text          0x00000000c0015f9d       0xa8 sys/sc_loaddll.32
                0x00000000c0015f9d                Sys::loadDLL(regs*)
 .text          0x00000000c0016045       0x68 sys/sc_read.32
                0x00000000c0016045                Sys::read(regs*)
 .text          0x00000000c00160ad       0x55 sys/sc_sbrk.32
                0x00000000c00160ad                Sys::sbrk(regs*)
 .text          0x00000000c0016102       0x1c sys/sc_setcwd.32
                0x00000000c0016102                Sys::setCwd(regs*)
 .text          0x00000000c001611e       0x95 sys/sc_settime.32
                0x00000000c001611e                Sys::setTime(regs*)
 .text          0x00000000c00161b3       0x4a sys/sc_timezone.32
                0x00000000c00161b3                Sys::timezone(regs*)
 .text          0x00000000c00161fd       0x68 sys/sc_write.32
                0x00000000c00161fd                Sys::write(regs*)
 .text          0x00000000c0016265       0x62 sys/sc_wsbe.32
                0x00000000c0016265                Sys::wsbe(regs*)
 .text          0x00000000c00162c7       0x38 sys/sc_yield.32
                0x00000000c00162c7                Sys::yield(regs*)
 .text          0x00000000c00162ff      0xf8e sys/syscalls.32
                0x00000000c00162ff                sysCallSeekDir(regs*)
                0x00000000c0016304                sysCallTellDir(regs*)
                0x00000000c0016309                sysCallVerify(regs*)
                0x00000000c0016313                sysCallGetArgc(regs*)
                0x00000000c0016323                sysFormatDisk(regs*)
                0x00000000c001638d                sysSetDiskVolumeLabel(regs*)
                0x00000000c00163d7                sysGetDiskVolumeLabel(regs*)
                0x00000000c001642c                sysShutdown(regs*)
                0x00000000c001648a                sysCallRealpath(regs*)
                0x00000000c00164cd                sysCallReadDir(regs*)
                0x00000000c001654c                sysCallIsATTY(regs*)
                0x00000000c00165a6                sysCallSeek(regs*)
                0x00000000c00165fd                sysCallTell(regs*)
                0x00000000c0016669                sysCallSize(regs*)
                0x00000000c00166db                sysCallSizeFromFilename(regs*)
                0x00000000c001678a                sysCallClose(regs*)
                0x00000000c00167ea                sysCallOpenDir(regs*)
                0x00000000c001685f                sysCallCloseDir(regs*)
                0x00000000c00168b3                sysCallMakeDir(regs*)
                0x00000000c0016923                sysCallWait(regs*)
                0x00000000c001693d                sysCallNotImpl(regs*)
                0x00000000c0016958                sysPanic(regs*)
                0x00000000c0016972                sysCallRmdir(regs*)
                0x00000000c00169d6                sysCallUnlink(regs*)
                0x00000000c0016a3a                sysCallGetArgv(regs*)
                0x00000000c0016a86                sysCallTTYName(regs*)
                0x00000000c0016b09                sysCallUSleep(regs*)
                0x00000000c0016b32                sysCallSpawn(regs*)
                0x00000000c0016b9a                sysCallGetEnv(regs*)
                0x00000000c0016c47                sysAppSettings(regs*)
                0x00000000c0016d5b                sysSetFatAttrib(regs*)
                0x00000000c0016dcd                sysPipe(regs*)
                0x00000000c0016e12                sysGetUnixTime(regs*)
                0x00000000c0016e26                string_ends_with(char const*, char const*)
                0x00000000c0016e6e                sysCallOpen(regs*)
                0x00000000c0017056                Sys::loadSyscalls()
                0x00000000c001724b                Sys::systemCall(regs*, void*)
 .text          0x00000000c001728d     0x1203 thr/elf.32
                0x00000000c001728d                Thr::allocateMemoryForTask(Process*, File*, unsigned long, unsigned long, unsigned long)
                0x00000000c0017537                Thr::loadProgramIntoMemory(Process*, char const*)
                0x00000000c001774d                Thr::runtimeReferenceHelper()
                0x00000000c0017760                Thr::getAddressOfKernelSymbol(char const*)
                0x00000000c00177af                Thr::loadKernelSymbolTable(char const*)
                0x00000000c0017a6d                Thr::loadDriverIntoMemory(char const*, unsigned long, bool)
                0x00000000c00181a3                Thr::getDriverBaseFromAddress(unsigned long)
                0x00000000c00181d5                Thr::getDriverNameFromAddress(unsigned long)
                0x00000000c001820c                Thr::getDriverOffsetFromAddress(unsigned long)
                0x00000000c0018226                Thr::loadDLL(char const*, bool)
                0x00000000c0018457                Thr::executeDLL(unsigned long, void*)
 .text          0x00000000c0018490     0x13cd thr/prcssthr.32
                0x00000000c0018490                userModeEntryPoint(void*)
                0x00000000c00184b8                changeTSS
                0x00000000c00184e8                switchToThread(ThreadControlBlock*)
                0x00000000c00186c0                Process::addArgs(char**)
                0x00000000c0018720                Process::Process(char const*, Process*, char**)
                0x00000000c0018720                Process::Process(char const*, Process*, char**)
                0x00000000c001890c                Process::Process(bool, char const*, Process*, char**)
                0x00000000c001890c                Process::Process(bool, char const*, Process*, char**)
                0x00000000c0018ac4                taskStartupFunction
                0x00000000c0018ad0                Semaphore::Semaphore(int)
                0x00000000c0018ad0                Semaphore::Semaphore(int)
                0x00000000c0018b00                Mutex::Mutex()
                0x00000000c0018b00                Mutex::Mutex()
                0x00000000c0018b14                Process::createThread(void (*)(void*), void*, int)
                0x00000000c0018c0c                Process::createUserThread()
                0x00000000c0018c28                setupMultitasking(void (*)())
                0x00000000c0018d30                schedule()
                0x00000000c0018dbc                Semaphore::tryAcquire()
                0x00000000c0018e88                Semaphore::assertLocked(char const*)
                0x00000000c0018f00                blockTaskWithSchedulerLockAlreadyHeld(TaskState)
                0x00000000c0018f28                blockTask(TaskState)
                0x00000000c0018f58                waitTask(int, int*, int)
                0x00000000c0018f9c                milliTenthSleepUntil(unsigned int)
                0x00000000c0019028                milliTenthSleep(unsigned int)
                0x00000000c0019038                sleep(unsigned int)
                0x00000000c0019054                Semaphore::acquire()
                0x00000000c0019110                taskReturned
                0x00000000c001914c                Thr::processFromPID(int)
                0x00000000c00191ec                unblockTask(ThreadControlBlock*)
                0x00000000c0019290                cleanupTerminatedTask(ThreadControlBlock*)
                0x00000000c0019558                cleanerTaskFunction(void*)
                0x00000000c0019648                terminateTask(int)
                0x00000000c0019714                Thr::terminateFromIRQ(int)
                0x00000000c0019720                Semaphore::release()
 .text          0x00000000c001985d      0xb93 vm86/vm8086.32
                0x00000000c001985d                Vm::inbv(unsigned short)
                0x00000000c0019870                Vm::outbv(unsigned short, unsigned char)
                0x00000000c00198a6                Vm::realToLinear(unsigned short, unsigned short)
                0x00000000c00198b6                Vm::getSegment(unsigned int)
                0x00000000c00198be                Vm::getOffset(unsigned int)
                0x00000000c00198c3                Vm::mainloop2()
                0x00000000c00198fd                Vm::mainVm8086Loop(void*)
                0x00000000c001990d                Vm::mainloop3(unsigned long)
                0x00000000c0019933                Vm::initialise8086()
                0x00000000c0019976                Vm::finish8086()
                0x00000000c00199d7                Vm::getOutput8086(unsigned char*)
                0x00000000c00199fc                Vm::start8086FromBuffer(unsigned char*, int, unsigned short, unsigned short, unsigned short, unsigned short)
                0x00000000c0019ab5                Vm::start8086(char const*, unsigned short, unsigned short, unsigned short, unsigned short)
                0x00000000c0019c1d                Vm::doISR(regs*, int, unsigned char*, unsigned short, unsigned short)
                0x00000000c0019ca7                Vm::readByteFromReal(unsigned short, unsigned short)
                0x00000000c0019cb8                Vm::readWordFromReal(unsigned short, unsigned short)
                0x00000000c0019cca                Vm::readDwordFromReal(unsigned short, unsigned short)
                0x00000000c0019cdb                Vm::writeByteFromReal(unsigned short, unsigned short, unsigned char)
                0x00000000c0019cf0                Vm::writeWordFromReal(unsigned short, unsigned short, unsigned short)
                0x00000000c0019d06                Vm::writeDwordFromReal(unsigned short, unsigned short, unsigned int)
                0x00000000c0019d1b                Vm::faultHandler(regs*)
 .text          0x00000000c001a3f0      0xfcd vm86/x87em.32
                0x00000000c001a3f0                Vm::fpuInternalTo32(unsigned long long)
                0x00000000c001a44e                Vm::fpuInternalTo64(unsigned long long)
                0x00000000c001a457                Vm::fpu32ToInternal(unsigned int)
                0x00000000c001a49c                Vm::fpu64ToInternal(unsigned long long)
                0x00000000c001a4a5                Vm::fpuFloatToLong(unsigned long long)
                0x00000000c001a504                Vm::fpuULongToFloat(unsigned long long)
                0x00000000c001a540                Vm::fpuLongToFloat(long long)
                0x00000000c001a59f                Vm::fpuGet0()
                0x00000000c001a5a4                Vm::fpuGet1()
                0x00000000c001a5ac                Vm::fpuGetPi()
                0x00000000c001a5b4                Vm::fpuGetLog2E()
                0x00000000c001a5cc                Vm::fpuGetLogE2()
                0x00000000c001a5e4                Vm::fpuGetLog210()
                0x00000000c001a5fc                Vm::fpuGetLog102()
                0x00000000c001a614                Vm::fpuIsSecondLarger(unsigned long long, unsigned long long)
                0x00000000c001a628                Vm::fpuAreEqual(unsigned long long, unsigned long long)
                0x00000000c001a63e                Vm::fpuUnorderedCompare(unsigned long long, unsigned long long)
                0x00000000c001a694                Vm::fpuAdd(unsigned long long, unsigned long long)
                0x00000000c001a6a5                Vm::fpuAbs(unsigned long long)
                0x00000000c001a6ae                Vm::fpuChs(unsigned long long)
                0x00000000c001a6be                Vm::fpuSub(unsigned long long, unsigned long long)
                0x00000000c001a6cd                Vm::fpuMultiply(unsigned long long, unsigned long long)
                0x00000000c001a6ec                Vm::fpuDivide(unsigned long long, unsigned long long)
                0x00000000c001a708                Vm::fpuSquare(unsigned long long)
                0x00000000c001a71e                Vm::fpuGetReg(int)
                0x00000000c001a761                Vm::fpuSetReg(int, unsigned long long)
                0x00000000c001a7ad                Vm::fpuPush(unsigned long long)
                0x00000000c001a80b                Vm::fpuPop()
                0x00000000c001a85e                Vm::x87Handler(regs*)
 *fill*         0x00000000c001b3bd        0x3 
 .text          0x00000000c001b3c0     0x13b7 fs/fat/vfslink.32
                0x00000000c001b3c0                FAT::getName()
                0x00000000c001b3c8                FAT::tell(void*, unsigned long long*)
                0x00000000c001b404                FAT::stat(void*, unsigned long long*)
                0x00000000c001b440                FAT::~FAT()
                0x00000000c001b440                FAT::~FAT()
                0x00000000c001b464                FAT::~FAT()
                0x00000000c001b48c                FAT::getlabel(LogicalDisk*, int, char*, unsigned int*)
                0x00000000c001b530                FAT::setlabel(LogicalDisk*, int, char*)
                0x00000000c001b5f4                FAT::format(LogicalDisk*, int, char const*, int)
                0x00000000c001b7c8                FAT::tryMount(LogicalDisk*, int)
                0x00000000c001b9e0                FAT::allocateSwapfile(char const*, int)
                0x00000000c001bb9c                FAT::readDir(void*, unsigned long, void*, int*)
                0x00000000c001bd08                FAT::read(void*, unsigned long, void*, int*)
                0x00000000c001bd68                FAT::write(void*, unsigned long, void*, int*)
                0x00000000c001bdc8                FAT::close(void*)
                0x00000000c001be1c                FAT::closeDir(void*)
                0x00000000c001be70                FAT::seek(void*, unsigned long long)
                0x00000000c001becc                fatWrapperReadDisk
                0x00000000c001bf14                fatWrapperWriteDisk
                0x00000000c001bf5c                fatWrapperIoctl
                0x00000000c001c06c                FAT::FAT()
                0x00000000c001c06c                FAT::FAT()
                0x00000000c001c0c0                FAT::fixFilepath(char*)
                0x00000000c001c0fc                FAT::open(char const*, void**, FileOpenMode)
                0x00000000c001c230                FAT::openDir(char const*, void**)
                0x00000000c001c2e0                FAT::stat(char const*, unsigned long long*, bool*)
                0x00000000c001c3d4                FAT::unlink(char const*)
                0x00000000c001c454                FAT::chfatattr(char const*, unsigned char, unsigned char)
                0x00000000c001c5bc                FAT::rename(char const*, char const*)
                0x00000000c001c688                FAT::mkdir(char const*)
                0x00000000c001c708                FAT::exists(char const*)
 *fill*         0x00000000c001c777        0x1 
 .text          0x00000000c001c778      0xba7 fs/iso9660/vfslink.32
                0x00000000c001c778                ISO9660::format(LogicalDisk*, int, char const*, int)
                0x00000000c001c77e                ISO9660::seek(void*, unsigned long long)
                0x00000000c001c7ae                ISO9660::tell(void*, unsigned long long*)
                0x00000000c001c7d2                ISO9660::getName()
                0x00000000c001c7d8                ISO9660::stat(void*, unsigned long long*)
                0x00000000c001c7fc                ISO9660::chfatattr(char const*, unsigned char, unsigned char)
                0x00000000c001c802                ISO9660::unlink(char const*)
                0x00000000c001c808                ISO9660::write(void*, unsigned long, void*, int*)
                0x00000000c001c80e                ISO9660::rename(char const*, char const*)
                0x00000000c001c814                ISO9660::mkdir(char const*)
                0x00000000c001c81a                ISO9660::close(void*)
                0x00000000c001c83c                ISO9660::closeDir(void*)
                0x00000000c001c85e                ISO9660::~ISO9660()
                0x00000000c001c85e                ISO9660::~ISO9660()
                0x00000000c001c882                ISO9660::~ISO9660()
                0x00000000c001c8a9                __memmem(unsigned char*, int, unsigned char*, int)
                0x00000000c001c8eb                readSectorFromCDROM(unsigned int, unsigned char*, char)
                0x00000000c001c966                ISO9660::tryMount(LogicalDisk*, int)
                0x00000000c001c9c6                ISO9660::read(void*, unsigned long, void*, int*)
                0x00000000c001cbca                ISO9660::readDir(void*, unsigned long, void*, int*)
                0x00000000c001ce44                readRoot(unsigned int*, unsigned int*, char)
                0x00000000c001ce98                readRecursively(char*, unsigned int, unsigned int, unsigned int*, unsigned int*, char, int*)
                0x00000000c001d06e                getFileData(char*, unsigned int*, unsigned int*, char, int*)
                0x00000000c001d0fc                ISO9660::open(char const*, void**, FileOpenMode)
                0x00000000c001d1aa                ISO9660::exists(char const*)
                0x00000000c001d1ce                ISO9660::stat(char const*, unsigned long long*, bool*)
                0x00000000c001d262                ISO9660::openDir(char const*, void**)
                0x00000000c001d2fc                ISO9660::ISO9660()
                0x00000000c001d2fc                ISO9660::ISO9660()
 *fill*         0x00000000c001d31f        0x1 
 .text          0x00000000c001d320      0x298 hal/sound/sndcard.32
                0x00000000c001d320                SoundCard::beginPlayback()
                0x00000000c001d32e                SoundCard::stopPlayback()
                0x00000000c001d33c                SoundCard::SoundCard(char const*)
                0x00000000c001d33c                SoundCard::SoundCard(char const*)
                0x00000000c001d3da                SoundCard::~SoundCard()
                0x00000000c001d3da                SoundCard::~SoundCard()
                0x00000000c001d3fe                SoundCard::~SoundCard()
                0x00000000c001d428                SoundCard::configureRates(int, int, int)
                0x00000000c001d458                SoundCard::getSamples16(int, short*)
                0x00000000c001d4c2                SoundCard::getSamples32(int, int*)
                0x00000000c001d548                SoundCard::addChannel(SoundPort*)
                0x00000000c001d5a4                SoundCard::removeChannel(int)
 .text          0x00000000c001d5b8      0x3fb hal/sound/sndport.32
                0x00000000c001d5b8                SoundPort::SoundPort(int, int, int, int)
                0x00000000c001d5b8                SoundPort::SoundPort(int, int, int, int)
                0x00000000c001d644                SoundPort::~SoundPort()
                0x00000000c001d644                SoundPort::~SoundPort()
                0x00000000c001d678                SoundPort::unpause()
                0x00000000c001d684                SoundPort::pause()
                0x00000000c001d690                SoundPort::getBufferUsed()
                0x00000000c001d698                SoundPort::getBufferSize()
                0x00000000c001d6a0                SoundPort::buffer16(short*, int)
                0x00000000c001d754                SoundPort::buffer32(int*, int)
                0x00000000c001d800                SoundPort::unbufferAndAdd16(int, short*, SoundCard*)
                0x00000000c001d8fc                SoundPort::unbufferAndAdd32(int, int*, SoundCard*)
 .text          0x00000000c001d9b3        0x0 hw/bus/isa.32
 *fill*         0x00000000c001d9b3        0x1 
 .text          0x00000000c001d9b4     0x1187 hw/bus/pci.32
                0x00000000c001d9b4                PCI::open(int, int, void*)
                0x00000000c001d9d2                PCI::close(int, int, void*)
                0x00000000c001d9d6                PCI::PCI()
                0x00000000c001d9d6                PCI::PCI()
                0x00000000c001da6c                PCI::readBAR8(unsigned int, int)
                0x00000000c001da88                PCI::readBAR16(unsigned int, int)
                0x00000000c001daa6                PCI::readBAR32(unsigned int, int)
                0x00000000c001dac2                PCI::writeBAR8(unsigned int, unsigned char, int)
                0x00000000c001dae2                PCI::writeBAR16(unsigned int, unsigned short, int)
                0x00000000c001db04                PCI::writeBAR32(unsigned int, unsigned int, int)
                0x00000000c001db24                PCI::legacyMechanism(unsigned char, unsigned char, unsigned char, unsigned char)
                0x00000000c001db92                PCI::pciReadWord(unsigned char, unsigned char, unsigned char, unsigned char)
                0x00000000c001dc3a                PCI::getVendorID(unsigned char, unsigned char, unsigned char)
                0x00000000c001dc5e                PCI::getHeaderType(unsigned char, unsigned char, unsigned char)
                0x00000000c001dc86                PCI::getClassCode(unsigned char, unsigned char, unsigned char)
                0x00000000c001dcd0                PCI::getProgIF(unsigned char, unsigned char, unsigned char)
                0x00000000c001dcf8                PCI::getRevisionID(unsigned char, unsigned char, unsigned char)
                0x00000000c001dd1c                PCI::getInterruptNumber(unsigned char, unsigned char, unsigned char)
                0x00000000c001dd40                PCI::getSecondaryBus(unsigned char, unsigned char, unsigned char)
                0x00000000c001dd68                PCI::getBARAddress(unsigned char, unsigned char, unsigned char, unsigned char)
                0x00000000c001ddcc                PCI::pciWriteWord(unsigned char, unsigned char, unsigned char, unsigned char, unsigned short)
                0x00000000c001deb4                PCI::pciDetailsToFilepath(PCIDeviceInfo, char*)
                0x00000000c001e2a6                PCI::checkBus(unsigned char)
                0x00000000c001e2ca                PCI::foundDevice(PCIDeviceInfo)
                0x00000000c001e70a                PCI::getDeviceData(unsigned char, unsigned char, unsigned char)
                0x00000000c001ea7c                PCI::checkDevice(unsigned char, unsigned char)
                0x00000000c001eae8                PCI::detect()
 *fill*         0x00000000c001eb3b        0x1 
 .text          0x00000000c001eb3c      0xb4a hw/diskctrl/ide.32
                0x00000000c001eb3c                IDE::close(int, int, void*)
                0x00000000c001eb40                IDE::IDE()
                0x00000000c001eb40                IDE::IDE()
                0x00000000c001eb74                IDE::prepareInterrupt(unsigned char)
                0x00000000c001eb86                selectDrive(unsigned char, unsigned char)
                0x00000000c001eb88                IDE::getBase(unsigned char)
                0x00000000c001eb9a                IDE::write(unsigned char, unsigned char, unsigned char)
                0x00000000c001ec5a                IDE::read(unsigned char, unsigned char)
                0x00000000c001ed08                IDE::waitInterrupt(unsigned char)
                0x00000000c001ed6a                ideChannel0IRQHandler(regs*, void*)
                0x00000000c001ed86                ideChannel1IRQHandler(regs*, void*)
                0x00000000c001eda2                IDE::enableIRQs(unsigned char, bool)
                0x00000000c001ede8                IDE::open(int, int, void*)
                0x00000000c001f1f6                IDE::readBuffer(unsigned char, unsigned char, unsigned int, unsigned int)
                0x00000000c001f2c2                IDE::detect()
                0x00000000c001f582                IDE::printError(unsigned char, unsigned char, unsigned char)
                0x00000000c001f632                IDE::polling(unsigned char, unsigned int)
 .text          0x00000000c001f686      0x458 hw/diskctrl/satabus.32
                0x00000000c001f686                SATABus::close(int, int, void*)
                0x00000000c001f68a                SATABus::detect()
                0x00000000c001f68c                SATABus::SATABus()
                0x00000000c001f68c                SATABus::SATABus()
                0x00000000c001f712                SATABus::findCmdslot(SATABus::tagHBA_PORT volatile*)
                0x00000000c001f744                SATABus::checkType(SATABus::tagHBA_PORT volatile*)
                0x00000000c001f78c                SATABus::startCmd(SATABus::tagHBA_PORT volatile*)
                0x00000000c001f7ac                SATABus::stopCmd(SATABus::tagHBA_PORT volatile*)
                0x00000000c001f7d6                SATABus::portRebase(SATABus::tagHBA_PORT volatile*, int)
                0x00000000c001f8dc                SATABus::probePort(SATABus::tagHBA_MEM volatile*)
                0x00000000c001fabe                SATABus::open(int, int, void*)
 .text          0x00000000c001fade      0x684 hw/diskphys/ata.32
                0x00000000c001fade                ATA::close(int, int, void*)
                0x00000000c001fb02                ATA::powerSaving(PowerSavingLevel)
                0x00000000c001fb04                ATA::ATA()
                0x00000000c001fb04                ATA::ATA()
                0x00000000c001fb32                ATA::flush(bool)
                0x00000000c001fb7c                ATA::readyForCommand()
                0x00000000c001fbc8                ATA::access(unsigned long long, int, void*, bool)
                0x00000000c001ffbe                ATA::read(unsigned long long, int, void*)
                0x00000000c002000a                ATA::write(unsigned long long, int, void*)
                0x00000000c002006c                ATA::detectCHS()
                0x00000000c0020096                ATA::open(int, int, void*)
 .text          0x00000000c0020162      0x645 hw/diskphys/atapi.32
                0x00000000c0020162                ATAPI::write(unsigned long long, int, void*)
                0x00000000c0020168                ATAPI::close(int, int, void*)
                0x00000000c002018c                ATAPI::ATAPI()
                0x00000000c002018c                ATAPI::ATAPI()
                0x00000000c00201ba                ATAPI::readyForCommand()
                0x00000000c002020c                ATAPI::sendPacket(unsigned char*, int, bool, unsigned short*, int)
                0x00000000c00204cc                ATAPI::diskRemoved()
                0x00000000c0020528                ATAPI::eject()
                0x00000000c0020570                ATAPI::diskInserted()
                0x00000000c002058c                ATAPI::detectMedia()
                0x00000000c0020648                ATAPI::open(int, int, void*)
                0x00000000c0020728                ATAPI::read(unsigned long long, int, void*)
 *fill*         0x00000000c00207a7        0x1 
 .text          0x00000000c00207a8      0xa68 hw/diskphys/sata.32
                0x00000000c00207a8                SATA::close(int, int, void*)
                0x00000000c00207cc                SATA::powerSaving(PowerSavingLevel)
                0x00000000c00207ce                SATA::open(int, int, void*)
                0x00000000c00209c4                SATA::SATA()
                0x00000000c00209c4                SATA::SATA()
                0x00000000c00209f2                SATA::access(unsigned long long, int, void*, bool)
                0x00000000c0020fea                SATA::read(unsigned long long, int, void*)
                0x00000000c00210ea                SATA::write(unsigned long long, int, void*)
 .text          0x00000000c0021210      0x6d4 hw/diskphys/satapi.32
                0x00000000c0021210                SATAPI::write(unsigned long long, int, void*)
                0x00000000c0021216                SATAPI::close(int, int, void*)
                0x00000000c002123a                SATAPI::SATAPI()
                0x00000000c002123a                SATAPI::SATAPI()
                0x00000000c0021268                SATAPI::diskRemoved()
                0x00000000c00212c4                SATAPI::diskInserted()
                0x00000000c00212e0                SATAPI::sendPacket(unsigned char*, int, unsigned long long, unsigned short*, int)
                0x00000000c0021574                SATAPI::eject()
                0x00000000c00215cc                SATAPI::detectMedia()
                0x00000000c002170c                SATAPI::open(int, int, void*)
                0x00000000c002180c                SATAPI::read(unsigned long long, int, void*)
 .text          0x00000000c00218e4       0x94 hw/fpu/avx.32
                0x00000000c00218e4                AVX::open(int, int, void*)
                0x00000000c00218f8                AVX::close(int, int, void*)
                0x00000000c002190c                AVX::available()
                0x00000000c0021920                AVX::save(void*)
                0x00000000c0021938                AVX::load(void*)
                0x00000000c0021950                AVX::AVX()
                0x00000000c0021950                AVX::AVX()
 .text          0x00000000c0021978       0x94 hw/fpu/mmx.32
                0x00000000c0021978                MMX::available()
                0x00000000c002198c                MMX::open(int, int, void*)
                0x00000000c00219a0                MMX::close(int, int, void*)
                0x00000000c00219b4                MMX::save(void*)
                0x00000000c00219cc                MMX::load(void*)
                0x00000000c00219e4                MMX::MMX()
                0x00000000c00219e4                MMX::MMX()
 .text          0x00000000c0021a0c       0x9c hw/fpu/sse.32
                0x00000000c0021a0c                SSE::open(int, int, void*)
                0x00000000c0021a20                SSE::close(int, int, void*)
                0x00000000c0021a34                SSE::available()
                0x00000000c0021a50                SSE::save(void*)
                0x00000000c0021a68                SSE::load(void*)
                0x00000000c0021a80                SSE::SSE()
                0x00000000c0021a80                SSE::SSE()
 .text          0x00000000c0021aa8      0x10e hw/fpu/x87.32
                0x00000000c0021aa8                x87::open(int, int, void*)
                0x00000000c0021aca                x87::close(int, int, void*)
                0x00000000c0021adc                x87::available()
                0x00000000c0021aee                x87::save(void*)
                0x00000000c0021b56                x87::load(void*)
                0x00000000c0021b8e                x87::x87()
                0x00000000c0021b8e                x87::x87()
 .text          0x00000000c0021bb6      0x71e hw/intctrl/apic.32
                0x00000000c0021bb6                APIC::disable()
                0x00000000c0021bb8                APIC::close(int, int, void*)
                0x00000000c0021bda                IOAPIC::close(int, int, void*)
                0x00000000c0021be0                APIC::io_wait()
                0x00000000c0021be6                APIC::getBase()
                0x00000000c0021c28                APIC::eoi(unsigned char)
                0x00000000c0021c56                APIC::open(int, int, void*)
                0x00000000c0021da4                IOAPIC::IOAPIC()
                0x00000000c0021da4                IOAPIC::IOAPIC()
                0x00000000c0021dcc                APIC::APIC()
                0x00000000c0021dcc                APIC::APIC()
                0x00000000c0021ea8                IOAPIC::handlesGSIWithNumber(unsigned int)
                0x00000000c0021eda                IOAPIC::read(int)
                0x00000000c0021f02                IOAPIC::open(int, int, void*)
                0x00000000c0021ff8                IOAPIC::write(int, int)
                0x00000000c0022024                IOAPIC::redirect(unsigned char, unsigned long long, unsigned char, bool, bool)
                0x00000000c002211e                APIC::installIRQHandler(int, void (*)(regs*, void*), bool, void*)
 .text          0x00000000c00222d4      0x3d3 hw/intctrl/pic.32
                0x00000000c00222d4                PIC::disable()
                0x00000000c0022302                PIC::close(int, int, void*)
                0x00000000c0022324                PIC::PIC()
                0x00000000c0022324                PIC::PIC()
                0x00000000c00223fa                PIC::ioWait()
                0x00000000c0022400                PIC::getIRQReg(int)
                0x00000000c002246a                PIC::eoi(unsigned char)
                0x00000000c00224fc                PIC::remap()
                0x00000000c0022668                PIC::open(int, int, void*)
 *fill*         0x00000000c00226a7        0x1 
 .text          0x00000000c00226a8      0x240 hw/timer/apictimer.32
                0x00000000c00226a8                APICTimer::close(int, int, void*)
                0x00000000c00226b0                apicTimerHandler(regs*, void*)
                0x00000000c00226d8                APICTimer::write(int)
                0x00000000c00227c0                APICTimer::open(int, int, void*)
                0x00000000c00228c0                APICTimer::APICTimer()
                0x00000000c00228c0                APICTimer::APICTimer()
 .text          0x00000000c00228e8      0x1a3 hw/timer/pit.32
                0x00000000c00228e8                PIT::write(int)
                0x00000000c0022968                pitHandler(regs*, void*)
                0x00000000c002298c                PIT::open(int, int, void*)
                0x00000000c00229dc                PIT::close(int, int, void*)
                0x00000000c0022a0c                PIT::PIT()
                0x00000000c0022a0c                PIT::PIT()
 *fill*         0x00000000c0022a8b        0x5 
 .text          0x00000000c0022a90       0x1e hw/fpu/x86/avx.32
                0x00000000c0022a90                avxDetect
                0x00000000c0022a96                avxSave
                0x00000000c0022a97                avxLoad
                0x00000000c0022a98                avxInit
                0x00000000c0022a99                avxClose
                0x00000000c0022a9a                wouldSheSayYes
 *fill*         0x00000000c0022aae        0x2 
 .text          0x00000000c0022ab0       0x35 hw/fpu/x86/sse.32
                0x00000000c0022ab0                absolutelyNoChanceInHell
                0x00000000c0022ab0                sseDetect
                0x00000000c0022ac8                sseSave
                0x00000000c0022ace                sseLoad
                0x00000000c0022ad4                sseInit
                0x00000000c0022ae4                sseClose
 *fill*         0x00000000c0022ae5        0xb 
 .text          0x00000000c0022af0       0x4b hw/fpu/x86/x87.32
                0x00000000c0022af6                x87Detect
                0x00000000c0022b11                x87Save
                0x00000000c0022b19                x87Load
                0x00000000c0022b21                x87Init
                0x00000000c0022b3a                x87Close
 *fill*         0x00000000c0022b3b        0x1 
 .text          0x00000000c0022b3c       0x25 /cygdrive/d/Users/Alex/Desktop/Toolchain/Output/bin/../lib/gcc/i386-banana/8.1.0/crtend.o
 .text          0x00000000c0022b61        0x0 crtn.32
 *fill*         0x00000000c0022b61        0x3 
 .text          0x00000000c0022b64      0x14b /cygdrive/d/Users/Alex/Desktop/Toolchain/Output/bin/../lib/gcc/i386-banana/8.1.0/libkgcc.a(_divdi3.o)
                0x00000000c0022b64                __divdi3
 *fill*         0x00000000c0022caf        0x1 
 .text          0x00000000c0022cb0      0x17e /cygdrive/d/Users/Alex/Desktop/Toolchain/Output/bin/../lib/gcc/i386-banana/8.1.0/libkgcc.a(_moddi3.o)
                0x00000000c0022cb0                __moddi3
 *fill*         0x00000000c0022e2e        0x2 
 .text          0x00000000c0022e30       0xff /cygdrive/d/Users/Alex/Desktop/Toolchain/Output/bin/../lib/gcc/i386-banana/8.1.0/libkgcc.a(_udivdi3.o)
                0x00000000c0022e30                __udivdi3
 *fill*         0x00000000c0022f2f        0x1 
 .text          0x00000000c0022f30      0x11a /cygdrive/d/Users/Alex/Desktop/Toolchain/Output/bin/../lib/gcc/i386-banana/8.1.0/libkgcc.a(_umoddi3.o)
                0x00000000c0022f30                __umoddi3
 *(.gnu.linkonce.t*)

.iplt           0x00000000c0023050        0x0
 .iplt          0x00000000c0023050        0x0 D:/Users/Alex/Desktop/Banana/kernel/boot.32

.init           0x00000000c002304a        0xf
 .init          0x00000000c002304a        0x3 crti.32
                0x00000000c002304a                _init
 .init          0x00000000c002304d        0x5 /cygdrive/d/Users/Alex/Desktop/Toolchain/Output/bin/../lib/gcc/i386-banana/8.1.0/crtbegin.o
 .init          0x00000000c0023052        0x5 /cygdrive/d/Users/Alex/Desktop/Toolchain/Output/bin/../lib/gcc/i386-banana/8.1.0/crtend.o
 .init          0x00000000c0023057        0x2 crtn.32

.fini           0x00000000c0023059        0xa
 .fini          0x00000000c0023059        0x3 crti.32
                0x00000000c0023059                _fini
 .fini          0x00000000c002305c        0x5 /cygdrive/d/Users/Alex/Desktop/Toolchain/Output/bin/../lib/gcc/i386-banana/8.1.0/crtbegin.o
 .fini          0x00000000c0023061        0x2 crtn.32

.text._ZN8ComputerD2Ev
                0x00000000c0023064       0x23
 .text._ZN8ComputerD2Ev
                0x00000000c0023064       0x23 core/computer.32
                0x00000000c0023064                Computer::~Computer()
                0x00000000c0023064                Computer::~Computer()

.text._ZN8ComputerD0Ev
                0x00000000c0023088       0x2a
 .text._ZN8ComputerD0Ev
                0x00000000c0023088       0x2a core/computer.32
                0x00000000c0023088                Computer::~Computer()

.text._Z10idleCommonv
                0x00000000c00230b2       0x21
 .text._Z10idleCommonv
                0x00000000c00230b2       0x21 core/idle.32
                0x00000000c00230b2                idleCommon()

.text._ZN10LinkedListI8UnixFileED2Ev
                0x00000000c00230d4        0x2
 .text._ZN10LinkedListI8UnixFileED2Ev
                0x00000000c00230d4        0x2 core/unixfile.32
                0x00000000c00230d4                LinkedList<UnixFile>::~LinkedList()
                0x00000000c00230d4                LinkedList<UnixFile>::~LinkedList()

.text._ZN10LinkedListI8UnixFileEC2Ev
                0x00000000c00230d6       0x42
 .text._ZN10LinkedListI8UnixFileEC2Ev
                0x00000000c00230d6       0x42 core/unixfile.32