Archive member included to satisfy reference by file (symbol)

/cygdrive/d/Users/Alex/Desktop/Toolchain/Output/bin/../lib/gcc/i386-banana/8.1.0/libkgcc.a(_divdi3.o)
                              fs/fat/ff.32 (__divdi3)
/cygdrive/d/Users/Alex/Desktop/Toolchain/Output/bin/../lib/gcc/i386-banana/8.1.0/libkgcc.a(_moddi3.o)
                              compat/resolve.32 (__moddi3)
/cygdrive/d/Users/Alex/Desktop/Toolchain/Output/bin/../lib/gcc/i386-banana/8.1.0/libkgcc.a(_udivdi3.o)
                              fs/fat/ff.32 (__udivdi3)
/cygdrive/d/Users/Alex/Desktop/Toolchain/Output/bin/../lib/gcc/i386-banana/8.1.0/libkgcc.a(_umoddi3.o)
                              compat/resolve.32 (__umoddi3)

Discarded input sections

 .comment       0x0000000000000000       0x12 /cygdrive/d/Users/Alex/Desktop/Toolchain/Output/bin/../lib/gcc/i386-banana/8.1.0/crtbegin.o
 .comment       0x0000000000000000       0x12 acpica/utclib.32
 .comment       0x0000000000000000       0x12 core/malloc.32
 .comment       0x0000000000000000       0x12 libk/string.32
 .comment       0x0000000000000000       0x12 fs/fat/diskio.32
 .comment       0x0000000000000000       0x12 fs/fat/ff.32
 .comment       0x0000000000000000       0x12 fs/fat/ffsystem.32
 .comment       0x0000000000000000       0x12 fs/fat/ffunicode.32
 .comment       0x0000000000000000       0x12 compat/inlines.32
 .comment       0x0000000000000000       0x12 compat/resolve.32
 .group         0x0000000000000000       0x14 core/computer.32
 .group         0x0000000000000000        0xc core/computer.32
 .comment       0x0000000000000000       0x12 core/computer.32
 .comment       0x0000000000000000       0x12 core/gdt.32
 .group         0x0000000000000000        0xc core/idle.32
 .comment       0x0000000000000000       0x12 core/idle.32
 .comment       0x0000000000000000       0x12 core/idt.32
 .comment       0x0000000000000000       0x12 core/kheap.32
 .comment       0x0000000000000000       0x12 core/main.32
 .comment       0x0000000000000000       0x12 core/physmgr.32
 .group         0x0000000000000000        0xc core/pipe.32
 .comment       0x0000000000000000       0x12 core/pipe.32
 .group         0x0000000000000000        0xc core/terminal.32
 .comment       0x0000000000000000       0x12 core/terminal.32
 .comment       0x0000000000000000       0x12 core/tss.32
 .group         0x0000000000000000        0x8 core/unixfile.32
 .group         0x0000000000000000        0x8 core/unixfile.32
 .group         0x0000000000000000        0xc core/unixfile.32
 .group         0x0000000000000000        0x8 core/unixfile.32
 .group         0x0000000000000000        0xc core/unixfile.32
 .group         0x0000000000000000        0x8 core/unixfile.32
 .group         0x0000000000000000        0xc core/unixfile.32
 .group         0x0000000000000000        0xc core/unixfile.32
 .comment       0x0000000000000000       0x12 core/unixfile.32
 .comment       0x0000000000000000       0x12 core/virtmgr.32
 .comment       0x0000000000000000       0x12 coreobjs/c++.32
 .comment       0x0000000000000000       0x12 dbg/kconsole.32
 .group         0x0000000000000000        0xc fs/vfs.32
 .group         0x0000000000000000        0xc fs/vfs.32
 .group         0x0000000000000000        0xc fs/vfs.32
 .comment       0x0000000000000000       0x12 fs/vfs.32
 .group         0x0000000000000000        0xc hal/bus.32
 .comment       0x0000000000000000       0x12 hal/bus.32
 .group         0x0000000000000000        0xc hal/buzzer.32
 .comment       0x0000000000000000       0x12 hal/buzzer.32
 .group         0x0000000000000000        0xc hal/clock.32
 .comment       0x0000000000000000       0x12 hal/clock.32
 .group         0x0000000000000000       0x14 hal/device.32
 .group         0x0000000000000000        0xc hal/device.32
 .group         0x0000000000000000        0x8 hal/device.32
 .group         0x0000000000000000        0xc hal/device.32
 .group         0x0000000000000000        0xc hal/device.32
 .comment       0x0000000000000000       0x12 hal/device.32
 .group         0x0000000000000000        0xc hal/diskctrl.32
 .comment       0x0000000000000000       0x12 hal/diskctrl.32
 .group         0x0000000000000000        0xc hal/diskphys.32
 .comment       0x0000000000000000       0x12 hal/diskphys.32
 .group         0x0000000000000000        0xc hal/fpu.32
 .comment       0x0000000000000000       0x12 hal/fpu.32
 .group         0x0000000000000000        0xc hal/intctrl.32
 .comment       0x0000000000000000       0x12 hal/intctrl.32
 .group         0x0000000000000000        0xc hal/keybrd.32
 .comment       0x0000000000000000       0x12 hal/keybrd.32
 .group         0x0000000000000000        0xc hal/logidisk.32
 .comment       0x0000000000000000       0x12 hal/logidisk.32
 .group         0x0000000000000000        0xc hal/mouse.32
 .comment       0x0000000000000000       0x12 hal/mouse.32
 .comment       0x0000000000000000       0x12 hal/partition.32
 .group         0x0000000000000000        0xc hal/serial.32
[...]
Memory Configuration

Name             Origin             Length             Attributes
*default*        0x0000000000000000 0xffffffffffffffff

Linker script and memory map

LOAD D:/Users/Alex/Desktop/Banana/kernel/boot.32
LOAD crti.32
LOAD /cygdrive/d/Users/Alex/Desktop/Toolchain/Output/bin/../lib/gcc/i386-banana/8.1.0/crtbegin.o
LOAD D:/Users/Alex/Desktop/Banana/kernel/morenasm.32
LOAD acpica/utclib.32
LOAD core/malloc.32
LOAD libk/string.32
LOAD fs/fat/diskio.32
LOAD fs/fat/ff.32
LOAD fs/fat/ffsystem.32
LOAD fs/fat/ffunicode.32
LOAD compat/inlines.32
LOAD compat/resolve.32
LOAD core/computer.32
LOAD core/gdt.32
LOAD core/idle.32
LOAD core/idt.32
LOAD core/kheap.32
LOAD core/main.32
LOAD core/physmgr.32
LOAD core/pipe.32
LOAD core/terminal.32
LOAD core/tss.32
LOAD core/unixfile.32
LOAD core/virtmgr.32
LOAD coreobjs/c++.32
LOAD dbg/kconsole.32
LOAD fs/vfs.32
LOAD hal/bus.32
LOAD hal/buzzer.32
LOAD hal/clock.32
LOAD hal/device.32
LOAD hal/diskctrl.32
LOAD hal/diskphys.32
LOAD hal/fpu.32
LOAD hal/intctrl.32
LOAD hal/keybrd.32
LOAD hal/logidisk.32
LOAD hal/mouse.32
LOAD hal/partition.32
LOAD hal/serial.32
LOAD hal/timer.32
LOAD hal/vcache.32
LOAD hal/video.32
LOAD hw/acpi.32
LOAD hw/cpu.32
LOAD hw/ports.32
LOAD hw/smp.32
LOAD krnl/env.32
LOAD krnl/panic.32
LOAD krnl/powctrl.32
LOAD net/ethernet.32
LOAD reg/registry.32
LOAD sys/sc_eject.32
LOAD sys/sc_exit.32
LOAD sys/sc_getcwd.32
LOAD sys/sc_getpid.32
LOAD sys/sc_getramdata.32
LOAD sys/sc_getvgaptr.32
LOAD sys/sc_loaddll.32
LOAD sys/sc_read.32
LOAD sys/sc_sbrk.32
LOAD sys/sc_setcwd.32
LOAD sys/sc_settime.32
LOAD sys/sc_timezone.32
LOAD sys/sc_write.32
LOAD sys/sc_wsbe.32
LOAD sys/sc_yield.32
LOAD sys/syscalls.32
LOAD thr/elf.32
LOAD thr/prcssthr.32
LOAD vm86/vm8086.32
LOAD vm86/x87em.32
LOAD fs/fat/vfslink.32
LOAD fs/iso9660/vfslink.32
LOAD hal/sound/sndcard.32
LOAD hal/sound/sndport.32
LOAD hw/bus/isa.32
LOAD hw/bus/pci.32
LOAD hw/diskctrl/ide.32
LOAD hw/diskctrl/satabus.32
LOAD hw/diskphys/ata.32
LOAD hw/diskphys/atapi.32
LOAD hw/diskphys/sata.32
LOAD hw/diskphys/satapi.32
LOAD hw/fpu/avx.32
LOAD hw/fpu/mmx.32
LOAD hw/fpu/sse.32
LOAD hw/fpu/x87.32
LOAD hw/intctrl/apic.32
LOAD hw/intctrl/pic.32
LOAD hw/timer/apictimer.32
LOAD hw/timer/pit.32
LOAD hw/fpu/x86/avx.32
LOAD hw/fpu/x86/sse.32
LOAD hw/fpu/x86/x87.32
LOAD /cygdrive/d/Users/Alex/Desktop/Toolchain/Output/bin/../lib/gcc/i386-banana/8.1.0/crtend.o
LOAD crtn.32
LOAD /cygdrive/d/Users/Alex/Desktop/Toolchain/Output/bin/../lib/gcc/i386-banana/8.1.0/libkgcc.a
LOAD D:/Users/Alex/Desktop/Banana/kernel/libsoftfp.a
LOAD D:/Users/Alex/Desktop/Banana/kernel/libk/libm32.a
                0x00000000c0000000                . = 0xc0000000

.text           0x00000000c0000000    0x229fe
 *(.text)
 .text          0x00000000c0000000       0x41 D:/Users/Alex/Desktop/Banana/kernel/boot.32
                0x00000000c0000020                callGlobalConstructors
 .text          0x00000000c0000041        0x0 crti.32
 *fill*         0x00000000c0000041        0x3 
 .text          0x00000000c0000044      0x101 /cygdrive/d/Users/Alex/Desktop/Toolchain/Output/bin/../lib/gcc/i386-banana/8.1.0/crtbegin.o
 *fill*         0x00000000c0000145        0xb 
 .text          0x00000000c0000150      0x430 D:/Users/Alex/Desktop/Banana/kernel/morenasm.32
                0x00000000c0000150                manualPCIProbe
                0x00000000c000019b                prepareTramp
                0x00000000c00001b4                doTPAUSE
                0x00000000c00001be                hasLegacyFPU
                0x00000000c00001e3                is486
                0x00000000c0000219                detectCPUID
                0x00000000c000022f                goToVM86
                0x00000000c000025f                goToUsermode
                0x00000000c0000289                switchToThreadASMFirstTime
                0x00000000c0000297                switchToThreadASM
                0x00000000c0000327                asmQuickAcquireLock
                0x00000000c0000345                asmQuickReleaseLock
                0x00000000c0000351                asmAcquireLock
                0x00000000c0000372                asmReleaseLock
                0x00000000c0000385                loadGDT
                0x00000000c00003a5                isr0
                0x00000000c00003b5                isr1
                0x00000000c00003bf                isr2
                0x00000000c00003c9                isr3
                0x00000000c00003d3                isr4
                0x00000000c00003dd                isr5
                0x00000000c00003e7                isr6
                0x00000000c00003f1                isr7
                0x00000000c00003fb                isr8
                0x00000000c0000403                isr9
                0x00000000c000040d                isr10
                0x00000000c0000415                isr11
                0x00000000c000041d                isr12
                0x00000000c0000425                isr13
                0x00000000c000042d                isr14
                0x00000000c0000435                isr15
                0x00000000c000043f                isr16
                0x00000000c0000449                isr17
                0x00000000c0000453                isr18
                0x00000000c000045d                irq3
                0x00000000c0000467                irq4
                0x00000000c0000471                irq5
                0x00000000c000047b                irq6
                0x00000000c0000485                irq7
                0x00000000c000048f                irq8
                0x00000000c0000499                irq9
                0x00000000c00004a3                irq10
                0x00000000c00004ad                irq11
                0x00000000c00004b7                irq12
                0x00000000c00004c1                irq13
                0x00000000c00004cb                irq14
                0x00000000c00004d5                irq15
                0x00000000c00004df                irq1
                0x00000000c00004e6                irq2
                0x00000000c00004ed                isr96
                0x00000000c00004f4                irq0
                0x00000000c00004f9                int_common_stub
                0x00000000c00004f9                syscall_common_stub
                0x00000000c000052b                irq16
                0x00000000c0000535                irq17
                0x00000000c000053f                irq18
                0x00000000c0000549                irq19
                0x00000000c0000553                irq20
                0x00000000c000055d                irq21
                0x00000000c0000567                irq22
                0x00000000c0000571                irq23
                0x00000000c000057b                memcpy
 .text          0x00000000c0000580      0x5dd acpica/utclib.32
                0x00000000c0000580                memcmp
                0x00000000c00005bc                memmove
                0x00000000c0000684                memset
                0x00000000c00006a0                strlen
                0x00000000c00006b8                strpbrk
                0x00000000c00006f4                strtok
                0x00000000c0000740                strcpy
                0x00000000c0000764                strncpy
                0x00000000c00007cc                strcmp
                0x00000000c000080c                strchr
                0x00000000c0000830                strncmp
                0x00000000c0000880                strcat
                0x00000000c00008b0                strncat
                0x00000000c00008ec                strstr
                0x00000000c0000934                toupper
                0x00000000c0000948                tolower
                0x00000000c000095c                simple_strtoul
 .text          0x00000000c0000b5d      0xfad core/malloc.32
                0x00000000c0000cc8                dlfree
                0x00000000c0001023                dlmalloc
                0x00000000c0001560                dlrealloc
                0x00000000c0001703                dlmemalign
                0x00000000c0001826                dlcalloc
                0x00000000c00018c0                dlcfree
                0x00000000c00018c5                dlindependent_calloc
                0x00000000c00018ea                dlindependent_comalloc
                0x00000000c0001901                dlvalloc
                0x00000000c000192c                dlpvalloc
                0x00000000c0001962                dlmalloc_trim
                0x00000000c000196f                dlmalloc_usable_size
                0x00000000c00019a0                dlmallinfo
                0x00000000c0001a6f                dlmalloc_stats
                0x00000000c0001a80                dlmallopt
 .text          0x00000000c0001b0a        0x0 libk/string.32
 .text          0x00000000c0001b0a       0x51 fs/fat/diskio.32
                0x00000000c0001b0a                disk_status
                0x00000000c0001b0d                disk_initialize
                0x00000000c0001b10                disk_read
                0x00000000c0001b26                disk_write
                0x00000000c0001b3c                disk_ioctl
 .text          0x00000000c0001b5b     0x6a69 fs/fat/ff.32
                0x00000000c0004e29                f_mount
                0x00000000c0004e8b                f_open
                0x00000000c00052c7                f_read
                0x00000000c0005547                f_write
                0x00000000c0005801                f_sync
                0x00000000c00059dd                f_close
                0x00000000c0005a0c                f_lseek
                0x00000000c0005ec3                f_opendir
                0x00000000c0005fc5                f_closedir
                0x00000000c0005fe7                f_readdir
                0x00000000c0006082                f_stat
                0x00000000c0006111                f_getfree
                0x00000000c00062dc                f_truncate
                0x00000000c00063d4                f_unlink
                0x00000000c0006557                f_mkdir
                0x00000000c0006783                f_rename
                0x00000000c0006a76                f_chmod
                0x00000000c0006b54                f_utime
                0x00000000c0006c32                f_getlabel
                0x00000000c0006e20                f_setlabel
                0x00000000c000708d                f_expand
                0x00000000c00072c3                f_forward
                0x00000000c00074a1                f_mkfs
 .text          0x00000000c00085c4       0x2f fs/fat/ffsystem.32
                0x00000000c00085c4                ff_memalloc
                0x00000000c00085dc                ff_memfree
 *fill*         0x00000000c00085f3        0x1 
 .text          0x00000000c00085f4      0x274 fs/fat/ffunicode.32
                0x00000000c00085f4                ff_uni2oem
                0x00000000c000868c                ff_oem2uni
                0x00000000c0008700                ff_wtoupper
 .text          0x00000000c0008868       0xa7 compat/inlines.32
                0x00000000c0008868                CPU::current()
                0x00000000c0008874                operator new(unsigned long)
                0x00000000c0008879                operator delete(void*)
                0x00000000c000887e                disableIRQs()
                0x00000000c0008886                enableIRQs()
                0x00000000c0008895                lockScheduler()
                0x00000000c000889d                unlockScheduler()
                0x00000000c00088ac                lockStuff()
                0x00000000c00088ba                unlockStuff()
                0x00000000c00088f4                Virt::getAKernelVAS()
                0x00000000c00088fa                __not_memcpy
 *fill*         0x00000000c000890f        0x1 
 .text          0x00000000c0008910      0x118 compat/resolve.32
                0x00000000c0008910                Krnl::resolveCompatibilitySymbol(char*)
 .text          0x00000000c0008a28      0x841 core/computer.32
                0x00000000c0008a28                Computer::close(int, int, void*)
                0x00000000c0008a6c                Krnl::firstTask()
                0x00000000c0008bc0                Computer::Computer()
                0x00000000c0008bc0                Computer::Computer()
                0x00000000c0008d1c                Computer::setBootMessage(char const*)
                0x00000000c0008d1e                Computer::detectFeatures()
                0x00000000c0008f28                Computer::displayFeatures()
                0x00000000c0008f2a                Computer::rdmsr(unsigned int)
                0x00000000c0008f56                Computer::wrmsr(unsigned int, unsigned long long)
                0x00000000c0008f8e                Computer::shutdown()
                0x00000000c0008fa6                Computer::restart()
                0x00000000c0008fbe                Computer::sleep()
                0x00000000c0008fd2                Computer::nmiEnabled()
                0x00000000c0008fde                Computer::readCMOS(unsigned char)
                0x00000000c0008ff8                Computer::enableNMI(bool)
                0x00000000c0009010                Computer::open(int, int, void*)
                0x00000000c00091ac                Computer::disableNMI()
                0x00000000c00091ba                Computer::writeCMOS(unsigned char, unsigned char)
                0x00000000c00091d8                Computer::handleNMI()
                0x00000000c000923e                Computer::setDiskActivityLight(int, bool)
 *fill*         0x00000000c0009269        0x1 
 .text          0x00000000c000926a      0x19d core/gdt.32
                0x00000000c000926a                GDTEntry::setBase(unsigned int)
                0x00000000c0009286                GDTEntry::setLimit(unsigned int)
                0x00000000c00092a4                GDT::GDT()
                0x00000000c00092a4                GDT::GDT()
                0x00000000c00092ba                GDT::addEntry(GDTEntry)
                0x00000000c00092dc                GDT::getNumberOfEntries()
                0x00000000c00092e4                GDT::flush()
                0x00000000c0009306                GDT::setup()
 .text          0x00000000c0009407       0x6b core/idle.32
                0x00000000c0009407                idleFunction(void*)
 *fill*         0x00000000c0009472        0x2 
 .text          0x00000000c0009474      0x464 core/idt.32
                0x00000000c0009474                IDTEntry::IDTEntry(bool)
                0x00000000c0009474                IDTEntry::IDTEntry(bool)
                0x00000000c00094e6                IDTEntry::setOffset(unsigned int)
                0x00000000c00094fc                IDT::IDT()
                0x00000000c00094fc                IDT::IDT()
                0x00000000c00094fe                IDT::getPointerToInvalidOpcodeEntryForF00F()
                0x00000000c0009506                IDT::addEntry(IDTEntry, int)
                0x00000000c0009520                IDT::addEntry(int, void (*)(), bool)
                0x00000000c0009558                IDT::flush()
                0x00000000c0009572                IDT::setup()
 .text          0x00000000c00098d8      0x191 core/kheap.32
                0x00000000c00098d8                sbrk
                0x00000000c000997b                mmap
                0x00000000c0009991                munmap
                0x00000000c00099a7                liballoc_lock()
                0x00000000c00099b4                liballoc_unlock()
                0x00000000c00099c8                liballoc_alloc(int)
                0x00000000c00099e0                liballoc_free(void*, int)
                0x00000000c00099fb                realloc
                0x00000000c0009a0f                malloc
                0x00000000c0009a1f                free
                0x00000000c0009a2f                rfree
                0x00000000c0009a3f                calloc
 .text          0x00000000c0009a69      0x437 core/main.32
                0x00000000c0009a69                Krnl::setBootMessage(char const*)
                0x00000000c0009ad5                kernel_main
 .text          0x00000000c0009ea0      0x673 core/physmgr.32
                0x00000000c0009ea0                Phys::allocateDMA(unsigned long)
                0x00000000c0009faf                Phys::freeDMA(unsigned long, unsigned long)
                0x00000000c0009ff5                Phys::setPageState(unsigned long, bool)
                0x00000000c000a027                Phys::getPageState(unsigned long)
                0x00000000c000a043                Phys::freePage(unsigned long)
                0x00000000c000a0c6                Phys::allocatePage()
                0x00000000c000a1b1                Phys::allocateContiguousPages(int)
                0x00000000c000a20d                Phys::allowSegmentToBeUsed(unsigned long, unsigned long)
                0x00000000c000a245                Phys::physicalMemorySetup(unsigned int)
 *fill*         0x00000000c000a513        0x1 
 .text          0x00000000c000a514      0x273 core/pipe.32
                0x00000000c000a514                Pipe::isAtty()
                0x00000000c000a518                Pipe::~Pipe()
                0x00000000c000a518                Pipe::~Pipe()
                0x00000000c000a53c                Pipe::~Pipe()
                0x00000000c000a564                Pipe::read(unsigned long long, void*, int*)
                0x00000000c000a660                Pipe::write(unsigned long long, void*, int*)
                0x00000000c000a720                Pipe::Pipe(int)
                0x00000000c000a720                Pipe::Pipe(int)
 *fill*         0x00000000c000a787        0x1 
 .text          0x00000000c000a788      0xb93 core/terminal.32
                0x00000000c000a788                VgaText::isAtty()
                0x00000000c000a78c                VgaText::~VgaText()
                0x00000000c000a78c                VgaText::~VgaText()
                0x00000000c000a7b0                VgaText::~VgaText()
                0x00000000c000a7da                VgaText::read(unsigned long long, void*, int*)
                0x00000000c000a7fa                setTerminalScrollLock(bool)
                0x00000000c000a7fb                addToTerminalCycle(VgaText*)
                0x00000000c000a81c                installVgaTextImplementation()
                0x00000000c000a831                scrollTerminalScrollLock(int)
                0x00000000c000a832                VgaText::updateTitle()
                0x00000000c000a870                VgaText::load()
                0x00000000c000a8be                VgaText::updateCursor()
                0x00000000c000a8d4                VgaText::doANSI_SGR(int)
                0x00000000c000a948                VgaText::setDefaultBgColour(VgaColour)
                0x00000000c000a958                VgaText::setDefaultFgColour(VgaColour)
                0x00000000c000a968                VgaText::setDefaultColours(VgaColour, VgaColour)
                0x00000000c000a988                VgaText::setTitleTextColour(VgaColour)
                0x00000000c000a998                VgaText::setTitleColour(VgaColour)
                0x00000000c000a9a8                VgaText::setTitle(char*)
                0x00000000c000a9ce                VgaText::combineColours(unsigned char, unsigned char)
                0x00000000c000a9e0                VgaText::scrollScreen()
                0x00000000c000aa74                VgaText::combineCharAndColour(char, unsigned char)
                0x00000000c000aa86                VgaText::writeCharacter(char, VgaColour, VgaColour, int, int)
                0x00000000c000aae2                VgaText::getCursorX()
                0x00000000c000aaea                VgaText::getCursorY()
                0x00000000c000aaf2                VgaText::setCursor(int, int)
                0x00000000c000ab09                setActiveTerminal(VgaText*)
                0x00000000c000ab6b                doTerminalCycle()
                0x00000000c000ab86                VgaText::setCursorX(int)
                0x00000000c000ab9e                VgaText::setCursorY(int)
                0x00000000c000abb6                VgaText::incrementCursor(bool)
                0x00000000c000ac0a                VgaText::decrementCursor(bool)
                0x00000000c000ac2c                VgaText::putchar(char, VgaColour, VgaColour)
                0x00000000c000ad04                VgaText::doUpdate()
                0x00000000c000ad12                VgaText::puts(char const*, VgaColour, VgaColour)
                0x00000000c000ae8a                VgaText::clearScreen()
                0x00000000c000aee4                VgaText::putchar(char)
                0x00000000c000afd0                VgaText::putx(unsigned int)
                0x00000000c000b016                VgaText::puts(char const*)
                0x00000000c000b03c                VgaText::VgaText(char const*)
                0x00000000c000b03c                VgaText::VgaText(char const*)
                0x00000000c000b1ba                VgaText::receiveKey(unsigned char)
                0x00000000c000b2a2                VgaText::write(unsigned long long, void*, int*)
                0x00000000c000b2f6                newTerminal(char*)
 *fill*         0x00000000c000b31b        0x1 
 .text          0x00000000c000b31c      0x1a1 core/tss.32
                0x00000000c000b31c                TSS::TSS()
                0x00000000c000b31c                TSS::TSS()
                0x00000000c000b32c                TSS::setESP(unsigned long)
                0x00000000c000b340                TSS::flush()
                0x00000000c000b360                TSS::setup(unsigned long, unsigned long)
 *fill*         0x00000000c000b4bd        0x1 
 .text          0x00000000c000b4be      0x4c2 core/unixfile.32
                0x00000000c000b4be                ReservedFilename::read(unsigned long long, void*, int*)
                0x00000000c000b514                ReservedFilename::isAtty()
                0x00000000c000b530                ReservedFilename::write(unsigned long long, void*, int*)
                0x00000000c000b58e                UnixFile::getFileDescriptor()
                0x00000000c000b596                UnixFile::UnixFile(int)
                0x00000000c000b596                UnixFile::UnixFile(int)
                0x00000000c000b746                ReservedFilename::ReservedFilename(int)
                0x00000000c000b746                ReservedFilename::ReservedFilename(int)
                0x00000000c000b778                UnixFile::~UnixFile()
                0x00000000c000b778                UnixFile::~UnixFile()
                0x00000000c000b810                UnixFile::~UnixFile()
                0x00000000c000b838                ReservedFilename::~ReservedFilename()
                0x00000000c000b838                ReservedFilename::~ReservedFilename()
                0x00000000c000b85c                ReservedFilename::~ReservedFilename()
                0x00000000c000b883                getFromFileDescriptor(int)
 .text          0x00000000c000b980     0x1218 core/virtmgr.32
                0x00000000c000b980                Virt::setPageState(unsigned long, Virt::VirtPageState)
                0x00000000c000b9b5                Virt::getPageState(unsigned long)
                0x00000000c000b9d9                Virt::allocateKernelVirtualPages(int)
                0x00000000c000baea                Virt::freeSwapfilePage(unsigned long)
                0x00000000c000bb08                Virt::swapIDToSector(unsigned long)
                0x00000000c000bb1a                Virt::allocateSwapfilePage()
                0x00000000c000bb98                Virt::virtualMemorySetup()
                0x00000000c000bbe3                Virt::setupPageSwapping(int)
                0x00000000c000bc54                VAS::VAS()
                0x00000000c000bc54                VAS::VAS()
                0x00000000c000bc90                VAS::VAS(VAS*)
                0x00000000c000bc90                VAS::VAS(VAS*)
                0x00000000c000bcbe                VAS::getForeignPageTableEntry(bool, unsigned long)
                0x00000000c000bcea                VAS::getPageTableEntry(unsigned long)
                0x00000000c000bd09                Virt::freeKernelVirtualPages(unsigned long)
                0x00000000c000be2c                VAS::freeAllocatedPages(unsigned long)
                0x00000000c000be50                VAS::virtualToPhysical(unsigned long)
                0x00000000c000be68                VAS::reflagRange(unsigned long, int, int, int)
                0x00000000c000bea8                VAS::setToWriteCombining(unsigned long, int)
                0x00000000c000beda                VAS::mapOtherVASIn(bool, VAS*)
                0x00000000c000bf04                VAS::~VAS()
                0x00000000c000bf04                VAS::~VAS()
                0x00000000c000c080                VAS::mapPage(unsigned long, unsigned long, int)
                0x00000000c000c182                VAS::allocatePages(int, int)
                0x00000000c000c35a                VAS::setCPUSpecific(unsigned long)
                0x00000000c000c376                VAS::mapRange(unsigned long, unsigned long, int, int)
                0x00000000c000c43c                VAS::mapForeignPage(bool, VAS*, unsigned long, unsigned long, int)
                0x00000000c000c52a                VAS::VAS(bool)
                0x00000000c000c52a                VAS::VAS(bool)
                0x00000000c000c7aa                VAS::evict(unsigned long)
                0x00000000c000c87a                VAS::tryLoadBackOffDisk(unsigned long)
                0x00000000c000c98e                VAS::scanForEviction()
                0x00000000c000ca6c                mapVASFirstTime
 .text          0x00000000c000cb98       0x95 coreobjs/c++.32
                0x00000000c000cb98                __cxa_atexit
                0x00000000c000cb9b                __cxa_finalize
                0x00000000c000cb9c                __stack_chk_fail
                0x00000000c000cc08                __cxa_pure_virtual
                0x00000000c000cc19                operator new[](unsigned long)
                0x00000000c000cc1e                operator delete(void*, unsigned long)
                0x00000000c000cc23                operator delete[](void*)
                0x00000000c000cc28                operator delete[](void*, unsigned long)
 .text          0x00000000c000cc2d      0x1fc dbg/kconsole.32
                0x00000000c000cc2d                Dbg::stringifyxWithBase(unsigned int, char*, int)
                0x00000000c000cc86                Dbg::logc(char)
                0x00000000c000cca6                Dbg::logs(char*)
                0x00000000c000ccc3                Dbg::logWriteInt(unsigned int)
                0x00000000c000cce0                Dbg::logWriteIntBase(unsigned int, int)
                0x00000000c000ccff                Dbg::kprintf(char const*, ...)
 *fill*         0x00000000c000ce29        0x1 
 .text          0x00000000c000ce2a      0xc78 fs/vfs.32
                0x00000000c000ce2a                File::read(unsigned long long, void*, int*)
                0x00000000c000ce82                File::write(unsigned long long, void*, int*)
                0x00000000c000ceda                Directory::read(unsigned long long, void*, int*)
                0x00000000c000cf32                Directory::write(unsigned long long, void*, int*)
                0x00000000c000cf60                File::isAtty()
                0x00000000c000cf64                Directory::isAtty()
                0x00000000c000cf68                Filesystem::getlabel(LogicalDisk*, int, char*, unsigned int*)
                0x00000000c000cf6e                Filesystem::setlabel(LogicalDisk*, int, char*)
                0x00000000c000cf74                Filesystem::allocateSwapfile(char const*, int)
                0x00000000c000cf7a                File::~File()
                0x00000000c000cf7a                File::~File()
                0x00000000c000cf9e                File::~File()
                0x00000000c000cfc8                Directory::~Directory()
                0x00000000c000cfc8                Directory::~Directory()
                0x00000000c000cfec                Directory::~Directory()
                0x00000000c000d016                Filesystem::Filesystem()
                0x00000000c000d016                Filesystem::Filesystem()
                0x00000000c000d03a                Filesystem::~Filesystem()
                0x00000000c000d03a                Filesystem::~Filesystem()
                0x00000000c000d048                Filesystem::~Filesystem()
                0x00000000c000d06c                Fs::getcwd(Process*, char*, int)
                0x00000000c000d096                Fs::initVFS()
                0x00000000c000d0c0                Fs::standardiseFiles(char*, char const*, char const*)
                0x00000000c000d26a                File::File(char const*, Process*)
                0x00000000c000d26a                File::File(char const*, Process*)
                0x00000000c000d32c                File::open(FileOpenMode)
                0x00000000c000d38a                File::close()
                0x00000000c000d3ea                File::seek(unsigned long long)
                0x00000000c000d440                File::tell(unsigned long long*)
                0x00000000c000d490                File::rewind()
                0x00000000c000d4a4                File::unlink()
                0x00000000c000d4f0                File::rename(char const*)
                0x00000000c000d53e                File::chfatattr(unsigned char, unsigned char)
                0x00000000c000d59a                File::exists()
                0x00000000c000d5d8                File::stat(unsigned long long*, bool*)
                0x00000000c000d639                Fs::setcwd(Process*, char*)
                0x00000000c000d7ae                Directory::Directory(char const*, Process*)
                0x00000000c000d7ae                Directory::Directory(char const*, Process*)
                0x00000000c000d870                Directory::open()
                0x00000000c000d8cc                Directory::close()
                0x00000000c000d92c                Directory::unlink()
                0x00000000c000d978                Directory::rename(char const*)
                0x00000000c000d9c6                Directory::exists()
                0x00000000c000da04                Directory::read(dirent*)
                0x00000000c000da50                Directory::create()
                0x00000000c000da9c                Filesystem::chfatattr(char const*, unsigned char, unsigned char)
 *fill*         0x00000000c000daa2        0x2 
 .text          0x00000000c000daa4       0x86 hal/bus.32
                0x00000000c000daa4                Bus::Bus(char const*)
                0x00000000c000daa4                Bus::Bus(char const*)
                0x00000000c000dadc                Bus::~Bus()
                0x00000000c000dadc                Bus::~Bus()
                0x00000000c000db00                Bus::~Bus()
 *fill*         0x00000000c000db2a        0x2 
 .text          0x00000000c000db2c      0x153 hal/buzzer.32
                0x00000000c000db2c                Buzzer::Buzzer(char const*)
                0x00000000c000db2c                Buzzer::Buzzer(char const*)
                0x00000000c000db70                Buzzer::~Buzzer()
                0x00000000c000db70                Buzzer::~Buzzer()
                0x00000000c000db94                Buzzer::~Buzzer()
                0x00000000c000dbbe                Buzzer::stop()
                0x00000000c000dbd1                beepThread(void*)
                0x00000000c000dc12                Buzzer::beep(int, int, bool)
 *fill*         0x00000000c000dc7f        0x1 
 .text          0x00000000c000dc80      0x467 hal/clock.32
                0x00000000c000dc80                User::loadClockSettings(int)
                0x00000000c000dcd2                Clock::Clock(char const*)
                0x00000000c000dcd2                Clock::Clock(char const*)
                0x00000000c000dd08                Clock::~Clock()
                0x00000000c000dd08                Clock::~Clock()
                0x00000000c000dd2c                Clock::~Clock()
                0x00000000c000dd56                Clock::timeInSecondsLocal()
                0x00000000c000dd9e                Clock::setTimeInSecondsLocal(unsigned long long)
                0x00000000c000ddf7                datetimeToSeconds(datetime_t)
                0x00000000c000df1e                Clock::setTimeInDatetimeLocal(datetime_t)
                0x00000000c000df7e                secondsToDatetime(unsigned long long)
                0x00000000c000e0c2                Clock::timeInDatetimeLocal()
 *fill*         0x00000000c000e0e7        0x1 
 .text          0x00000000c000e0e8      0x504 hal/device.32
                0x00000000c000e0e8                Device::hibernate()
                0x00000000c000e0ea                Device::wake()
                0x00000000c000e0ec                Device::detect()
                0x00000000c000e0ee                Device::disableLegacy()
                0x00000000c000e0f0                Device::powerSaving(PowerSavingLevel)
                0x00000000c000e0f2                DriverlessDevice::close(int, int, void*)
                0x00000000c000e0f6                DriverlessDevice::detect()
                0x00000000c000e0f8                DriverlessDevice::open(int, int, void*)
                0x00000000c000e10c                Device::~Device()
                0x00000000c000e10c                Device::~Device()
                0x00000000c000e11a                Device::~Device()
                0x00000000c000e142                Device::findAndLoadDriver()
                0x00000000c000e150                Device::preOpenPCI(PCIDeviceInfo)
                0x00000000c000e176                Device::preOpenACPI(void*, char*, char*)
                0x00000000c000e1b6                Device::addIRQHandler(int, void (*)(regs*, void*), bool, void*)
                0x00000000c000e1f4                Device::getParent()
                0x00000000c000e200                Device::removeIRQHandler(int, void (*)(regs*, void*), bool)
                0x00000000c000e23e                Device::addChild(Device*)
                0x00000000c000e282                Device::removeAllChildren()
                0x00000000c000e2c8                Device::hibernateAll()
                0x00000000c000e2f8                Device::wakeAll()
                0x00000000c000e328                Device::detectAll()
                0x00000000c000e358                Device::disableLegacyAll()
                0x00000000c000e388                Device::loadDriversForAll()
                0x00000000c000e3c8                Device::closeAll()
                0x00000000c000e3fe                Device::powerSavingAll(PowerSavingLevel)
                0x00000000c000e434                Device::setName(char const*)
                0x00000000c000e442                Device::Device(char const*)
                0x00000000c000e442                Device::Device(char const*)
                0x00000000c000e53e                Device::getName()
                0x00000000c000e548                DriverlessDevice::DriverlessDevice(char const*)
                0x00000000c000e548                DriverlessDevice::DriverlessDevice(char const*)
                0x00000000c000e57e                Device::addToLinkedList(LinkedList<Device>&, DeviceType)
                0x00000000c000e5c2                getDevicesOfType(DeviceType)
 .text          0x00000000c000e5ec       0x86 hal/diskctrl.32
                0x00000000c000e5ec                HardDiskController::HardDiskController(char const*)
                0x00000000c000e5ec                HardDiskController::HardDiskController(char const*)
                0x00000000c000e624                HardDiskController::~HardDiskController()
                0x00000000c000e624                HardDiskController::~HardDiskController()
                0x00000000c000e648                HardDiskController::~HardDiskController()
 .text          0x00000000c000e672       0xe2 hal/diskphys.32
                0x00000000c000e672                PhysicalDisk::eject()
                0x00000000c000e676                PhysicalDisk::PhysicalDisk(char const*, int)
                0x00000000c000e676                PhysicalDisk::PhysicalDisk(char const*, int)
                0x00000000c000e6de                PhysicalDisk::startCache()
                0x00000000c000e706                PhysicalDisk::~PhysicalDisk()
                0x00000000c000e706                PhysicalDisk::~PhysicalDisk()
                0x00000000c000e72a                PhysicalDisk::~PhysicalDisk()
 .text          0x00000000c000e754      0x147 hal/fpu.32
                0x00000000c000e754                FPU::FPU(char const*)
                0x00000000c000e754                FPU::FPU(char const*)
                0x00000000c000e78c                FPU::~FPU()
                0x00000000c000e78c                FPU::~FPU()
                0x00000000c000e7b0                FPU::~FPU()
                0x00000000c000e7da                setupFPU()
 *fill*         0x00000000c000e89b        0x1 
 .text          0x00000000c000e89c     0x11e1 hal/intctrl.32
                0x00000000c000e89c                InterruptController::uninstallISRHandler(int, void (*)(regs*, void*))
                0x00000000c000e8d4                InterruptController::installISRHandler(int, void (*)(regs*, void*), void*)
                0x00000000c000e926                doubleFault(regs*, void*)
                0x00000000c000e940                InterruptController::installIRQHandler(int, void (*)(regs*, void*), bool, void*)
                0x00000000c000e9dc                InterruptController::clearAllHandlers(int, bool)
                0x00000000c000ea84                InterruptController::uninstallIRQHandler(int, void (*)(regs*, void*), bool)
                0x00000000c000eb0b                nmiHandler(regs*, void*)
                0x00000000c000eb19                int_handler
                0x00000000c000ebba                InterruptController::InterruptController(char const*)
                0x00000000c000ebba                InterruptController::InterruptController(char const*)
                0x00000000c000ec60                InterruptController::~InterruptController()
                0x00000000c000ec60                InterruptController::~InterruptController()
                0x00000000c000ec84                InterruptController::~InterruptController()
                0x00000000c000ecae                displayDebugInfo(regs*)
                0x00000000c000f13d                x87EmulHandler(regs*, void*)
                0x00000000c000f1b0                gpFault(regs*, void*)
                0x00000000c000f1e9                pgFault(regs*, void*)
                0x00000000c000f238                otherISRHandler(regs*, void*)
                0x00000000c000f257                opcodeFault(regs*, void*)
                0x00000000c000f61a                displayProgramFault(char const*)
                0x00000000c000f642                setupInterruptController()
                0x00000000c000fa30                InterruptController::convertLegacyIRQNumber(int)
 *fill*         0x00000000c000fa7d        0x1 
 .text          0x00000000c000fa7e      0x788 hal/keybrd.32
                0x00000000c000fa7e                startGUI(void*)
                0x00000000c000faea                startGUIVESA(void*)
                0x00000000c000fb56                sendKeyToTerminal(unsigned char)
                0x00000000c000fc14                sendKeyboardToken(KeyboardToken)
                0x00000000c0010056                clearInternalKeybuffer(VgaText*)
                0x00000000c001008b                readKeyboard(VgaText*, char*, unsigned long)
                0x00000000c001017c                Keyboard::Keyboard(char const*)
                0x00000000c001017c                Keyboard::Keyboard(char const*)
                0x00000000c00101b8                Keyboard::~Keyboard()
                0x00000000c00101b8                Keyboard::~Keyboard()
                0x00000000c00101dc                Keyboard::~Keyboard()
 .text          0x00000000c0010206      0x42a hal/logidisk.32
                0x00000000c0010206                LogicalDisk::close(int, int, void*)
                0x00000000c001020a                LogicalDisk::~LogicalDisk()
                0x00000000c001020a                LogicalDisk::~LogicalDisk()
                0x00000000c001022e                LogicalDisk::~LogicalDisk()
                0x00000000c0010258                LogicalDisk::open(int, int, void*)
                0x00000000c001026c                LogicalDisk::absoluteToRelative(unsigned long long)
                0x00000000c00102a4                LogicalDisk::relativeToAbsolute(unsigned long long)
                0x00000000c00102ea                LogicalDisk::LogicalDisk(char const*, PhysicalDisk*, unsigned long long, unsigned long long)
                0x00000000c00102ea                LogicalDisk::LogicalDisk(char const*, PhysicalDisk*, unsigned long long, unsigned long long)
                0x00000000c00103a0                LogicalDisk::assignDriveLetter()
                0x00000000c0010456                LogicalDisk::mount()
                0x00000000c00104de                LogicalDisk::unmount()
                0x00000000c00104ee                LogicalDisk::eject()
                0x00000000c0010502                LogicalDisk::unassignDriveLetter()
                0x00000000c0010558                LogicalDisk::read(unsigned long long, int, void*)
                0x00000000c00105c4                LogicalDisk::write(unsigned long long, int, void*)
 .text          0x00000000c0010630       0x86 hal/mouse.32
                0x00000000c0010630                Mouse::Mouse(char const*)
                0x00000000c0010630                Mouse::Mouse(char const*)
                0x00000000c0010668                Mouse::~Mouse()
                0x00000000c0010668                Mouse::~Mouse()
                0x00000000c001068c                Mouse::~Mouse()
 .text          0x00000000c00106b6      0x339 hal/partition.32
                0x00000000c00106b6                makePartition(PhysicalDisk*, unsigned long long, unsigned long long)
                0x00000000c001075e                createPartitionsForDisk(PhysicalDisk*)
 *fill*         0x00000000c00109ef        0x1 
 .text          0x00000000c00109f0       0x86 hal/serial.32
                0x00000000c00109f0                Serial::Serial(char const*)
                0x00000000c00109f0                Serial::Serial(char const*)
                0x00000000c0010a28                Serial::~Serial()
                0x00000000c0010a28                Serial::~Serial()
                0x00000000c0010a4c                Serial::~Serial()
 *fill*         0x00000000c0010a76        0x2 
 .text          0x00000000c0010a78      0x2f2 hal/timer.32
                0x00000000c0010a78                Timer::Timer(char const*)
                0x00000000c0010a78                Timer::Timer(char const*)
                0x00000000c0010ab0                Timer::~Timer()
                0x00000000c0010ab0                Timer::~Timer()
                0x00000000c0010ad4                Timer::~Timer()
                0x00000000c0010afe                Timer::read()
                0x00000000c0010b09                timerHandler(unsigned int)
                0x00000000c0010c70                setupTimer(int)
 *fill*         0x00000000c0010d6a        0x2 
 .text          0x00000000c0010d6c      0x42e hal/vcache.32
                0x00000000c0010d6c                VCache::VCache(PhysicalDisk*)
                0x00000000c0010d6c                VCache::VCache(PhysicalDisk*)
                0x00000000c0010ed4                VCache::invalidateReadBuffer()
                0x00000000c0010ee4                VCache::writeWriteBuffer()
                0x00000000c0010f20                VCache::~VCache()
                0x00000000c0010f20                VCache::~VCache()
                0x00000000c0010f74                VCache::~VCache()
                0x00000000c0010f9c                VCache::write(unsigned long long, int, void*)
                0x00000000c0011096                VCache::read(unsigned long long, int, void*)
 .text          0x00000000c001119a      0x4b3 hal/video.32
                0x00000000c001119a                Video::putrect(int, int, int, int, unsigned int)
                0x00000000c00111e6                Video::bitblit(int, int, int, int, int, int, int, unsigned int*)
                0x00000000c0011256                Video::blit(unsigned int*, int, int, int, int)
                0x00000000c00112d4                Video::clearScreen(unsigned int)
                0x00000000c0011308                Video::putpixel(int, int, unsigned int)
                0x00000000c0011316                Video::Video(char const*)
                0x00000000c0011316                Video::Video(char const*)
                0x00000000c001134c                Video::~Video()
                0x00000000c001134c                Video::~Video()
                0x00000000c0011370                Video::~Video()
                0x00000000c001139a                Video::isMonochrome()
                0x00000000c00113a6                Video::getWidth()
                0x00000000c00113b2                Video::getHeight()
                0x00000000c00113be                Video::drawCursor(int, int, unsigned char*, int)
                0x00000000c001147a                Video::tgaParse(unsigned char*, int, int*, int*)
                0x00000000c00115e2                Video::putTGA(int, int, unsigned char*, int)
 *fill*         0x00000000c001164d        0x3 
 .text          0x00000000c0011650     0x1707 hw/acpi.32
                0x00000000c0011650                ACPI::close(int, int, void*)
                0x00000000c0011704                findRSDP()
                0x00000000c00117d8                loadACPITables(unsigned char*)
                0x00000000c0011a3c                findRSDT(unsigned char*)
                0x00000000c0011bfc                findDataTable(unsigned char*, char*)
                0x00000000c0011c74                scanMADT()
                0x00000000c0012150                ACPI::ACPI()
                0x00000000c0012150                ACPI::ACPI()
                0x00000000c00121b4                ACPI::getPCIIRQAssignment(unsigned char, unsigned short, unsigned char)
                0x00000000c001229c                ACPI::registerPCIIRQAssignment(void*, unsigned short, unsigned char, unsigned char)
                0x00000000c0012364                ACPI::setScreenBrightnessLevel(void*, int)
                0x00000000c001236c                ACPI::detectPCI()
                0x00000000c0012850                ACPI::writeSimpleBootFlag(SimpleBootFlagTable*)
                0x00000000c0012898                ACPI::sleep()
                0x00000000c00128d4                ACPI::open(int, int, void*)
 *fill*         0x00000000c0012d57        0x1 
 .text          0x00000000c0012d58     0x1583 hw/cpu.32
                0x00000000c0012d58                CPU::close(int, int, void*)
                0x00000000c0012d5c                CPU::lookupAMDName(unsigned char, unsigned char)
                0x00000000c0012ef0                CPU::lookupIntelName(unsigned char, unsigned char)
                0x00000000c001319e                CPU::AMD_K6_write_msr(unsigned int, unsigned int, unsigned int, CPU::REGS*)
                0x00000000c00131ba                CPU::AMD_K6_read_msr(unsigned int, CPU::REGS*)
                0x00000000c00131d2                CPU::AMD_K6_writeback(int, int, int)
                0x00000000c0013246                CPU::cpuid(int, unsigned long*, unsigned long*, unsigned long*, unsigned long*)
                0x00000000c00132ca                CPU::cpuidCheckEDX(unsigned int)
                0x00000000c00132f8                CPU::cpuidCheckECX(unsigned int)
                0x00000000c0013326                CPU::cpuidCheckExtendedEBX(unsigned int)
                0x00000000c0013354                CPU::cpuidCheckExtendedECX(unsigned int)
                0x00000000c0013382                CPU::CPU()
                0x00000000c0013382                CPU::CPU()
                0x00000000c0013410                CPU::displayFeatures()
                0x00000000c0013412                CPU::detectFeatures()
                0x00000000c0013e04                CPU::setupSMEP()
                0x00000000c0013e10                CPU::setupUMIP()
                0x00000000c0013e1a                CPU::setupTSC()
                0x00000000c0013e24                CPU::setupLargePages()
                0x00000000c0013e2e                CPU::setupPAT()
                0x00000000c0013e6a                CPU::setupMTRR()
                0x00000000c0013e6c                CPU::setupGlobalPages()
                0x00000000c0013e76                CPU::allowUsermodeDataAccess()
                0x00000000c0013e88                CPU::prohibitUsermodeDataAccess()
                0x00000000c0013e9a                CPU::setupSMAP()
                0x00000000c0013ea8                CPU::setupFeatures()
                0x00000000c0013f74                CPU::open(int, int, void*)
                0x00000000c00140e0                CPU::decodeAddress(regs*, int*, bool*, unsigned char*)
 .text          0x00000000c00142db        0x0 hw/ports.32
 .text          0x00000000c00142db      0x16a hw/smp.32
                0x00000000c00142db                Krnl::smpEntry()
                0x00000000c00142dd                Krnl::startCPU(int)
                0x00000000c0014426                Krnl::startCPUs()
 *fill*         0x00000000c0014445        0x1 
 .text          0x00000000c0014446      0x581 krnl/env.32
                0x00000000c0014446                EnvVarContainer::getEnv(char const*)
                0x00000000c0014484                EnvVarContainer::setEnv(char const*, char const*)
                0x00000000c0014546                EnvVarContainer::deleteEnv(char const*)
                0x00000000c0014548                EnvVarContainer::loadFrom(char const*, char const*)
                0x00000000c001472e                EnvVarContainer::__loadSystem()
                0x00000000c0014748                EnvVarContainer::__loadUser()
                0x00000000c001474a                EnvVarContainer::EnvVarContainer(Process*)
                0x00000000c001474a                EnvVarContainer::EnvVarContainer(Process*)
                0x00000000c001476c                EnvVarContainer::~EnvVarContainer()
                0x00000000c001476c                EnvVarContainer::~EnvVarContainer()
                0x00000000c001479c                Krnl::getEnv(Process*, char const*)
                0x00000000c0014801                Krnl::setEnvSystem(char const*, char const*)
                0x00000000c001481b                Krnl::setEnvUser(char const*, char const*)
                0x00000000c001483a                Krnl::setEnvProcess(Process*, char const*, char const*)
                0x00000000c001484d                Krnl::deleteEnvSystem(char const*)
                0x00000000c001484e                Krnl::deleteEnvUser(char const*)
                0x00000000c001484f                Krnl::deleteEnvProcess(Process*, char const*)
                0x00000000c0014850                Krnl::newProcessEnv(Process*)
                0x00000000c0014872                Krnl::copyProcessEnv(Process*, Process*)
                0x00000000c00148be                Krnl::loadSystemEnv()
                0x00000000c00148ec                Krnl::loadUserEnv()
                0x00000000c0014912                Krnl::flushEnv()
                0x00000000c0014913                Krnl::getProcessTotalEnvCount(Process*)
                0x00000000c0014933                Krnl::getProcessEnvPair(Process*, int)
 .text          0x00000000c00149c7      0x39c krnl/panic.32
                0x00000000c00149c7                Krnl::panic(char const*)
 .text          0x00000000c0014d63      0x194 krnl/powctrl.32
                0x00000000c0014d63                Krnl::powerThread(void*)
                0x00000000c0014de3                Krnl::changePowerSettings(Krnl::PowerSettings)
                0x00000000c0014df9                Krnl::userIOReceived()
                0x00000000c0014e04                Krnl::handlePowerButton()
                0x00000000c0014e39                Krnl::handleSleepButton()
                0x00000000c0014e6e                Krnl::setupPowerManager()
 *fill*         0x00000000c0014ef7        0x1 
 .text          0x00000000c0014ef8      0x5a0 net/ethernet.32
                0x00000000c0014ef8                Net::switchEndian16(unsigned short)
                0x00000000c0014f1c                Net::switchEndian32(unsigned int)
                0x00000000c0014f4c                Net::crc32Calc(unsigned char*, int)
                0x00000000c0014ff0                Net::wrapEthernetFrame(Net::UnwrappedEthernetFrame, unsigned char*)
                0x00000000c001520c                Net::unwrapEthernetFrame(unsigned char*, int)
 .text          0x00000000c0015498      0x50e reg/registry.32
                0x00000000c0015498                Reg::findLineFromLoadedData(char*, char*, char*)
                0x00000000c00155f0                Reg::getLineFromRegistry(char*, char*, char*, char*)
                0x00000000c0015745                Reg::getLine(char*, char*, char*)
                0x00000000c001577c                Reg::readInt(char*, char*, int*)
                0x00000000c0015867                Reg::readString(char*, char*, char*, int)
                0x00000000c00158e8                Reg::readBool(char*, char*, bool*)
                0x00000000c001590d                Reg::readBoolWithDefault(char*, char*, bool)
                0x00000000c0015939                Reg::readIntWithDefault(char*, char*, int)
                0x00000000c0015965                Reg::readStringWithDefault(char*, char*, char*, int, char*)
 .text          0x00000000c00159a6       0x36 sys/sc_eject.32
                0x00000000c00159a6                Sys::eject(regs*)
 .text          0x00000000c00159dc       0x18 sys/sc_exit.32
                0x00000000c00159dc                Sys::exit(regs*)
 .text          0x00000000c00159f4       0x1f sys/sc_getcwd.32
                0x00000000c00159f4                Sys::getCwd(regs*)
 .text          0x00000000c0015a13        0xc sys/sc_getpid.32
                0x00000000c0015a13                Sys::getPID(regs*)
 .text          0x00000000c0015a1f       0x1a sys/sc_getramdata.32
                0x00000000c0015a1f                Sys::getRAMData(regs*)
 .text          0x00000000c0015a39       0x84 sys/sc_getvgaptr.32
                0x00000000c0015a39                Sys::getVGAPtr(regs*)
 .text          0x00000000c0015abd       0xa8 sys/sc_loaddll.32
                0x00000000c0015abd                Sys::loadDLL(regs*)
 .text          0x00000000c0015b65       0x68 sys/sc_read.32
                0x00000000c0015b65                Sys::read(regs*)
 .text          0x00000000c0015bcd       0x55 sys/sc_sbrk.32
                0x00000000c0015bcd                Sys::sbrk(regs*)
 .text          0x00000000c0015c22       0x1c sys/sc_setcwd.32
                0x00000000c0015c22                Sys::setCwd(regs*)
 .text          0x00000000c0015c3e       0x95 sys/sc_settime.32
                0x00000000c0015c3e                Sys::setTime(regs*)
 .text          0x00000000c0015cd3       0x4a sys/sc_timezone.32
                0x00000000c0015cd3                Sys::timezone(regs*)
 .text          0x00000000c0015d1d       0x68 sys/sc_write.32
                0x00000000c0015d1d                Sys::write(regs*)
 .text          0x00000000c0015d85       0x62 sys/sc_wsbe.32
                0x00000000c0015d85                Sys::wsbe(regs*)
 .text          0x00000000c0015de7       0x38 sys/sc_yield.32
                0x00000000c0015de7                Sys::yield(regs*)
 .text          0x00000000c0015e1f      0xf8e sys/syscalls.32
                0x00000000c0015e1f                sysCallSeekDir(regs*)
                0x00000000c0015e24                sysCallTellDir(regs*)
                0x00000000c0015e29                sysCallVerify(regs*)
                0x00000000c0015e33                sysCallGetArgc(regs*)
                0x00000000c0015e43                sysFormatDisk(regs*)
                0x00000000c0015ead                sysSetDiskVolumeLabel(regs*)
                0x00000000c0015ef7                sysGetDiskVolumeLabel(regs*)
                0x00000000c0015f4c                sysShutdown(regs*)
                0x00000000c0015faa                sysCallRealpath(regs*)
                0x00000000c0015fed                sysCallReadDir(regs*)
                0x00000000c001606c                sysCallIsATTY(regs*)
                0x00000000c00160c6                sysCallSeek(regs*)
                0x00000000c001611d                sysCallTell(regs*)
                0x00000000c0016189                sysCallSize(regs*)
                0x00000000c00161fb                sysCallSizeFromFilename(regs*)
                0x00000000c00162aa                sysCallClose(regs*)
                0x00000000c001630a                sysCallOpenDir(regs*)
                0x00000000c001637f                sysCallCloseDir(regs*)
                0x00000000c00163d3                sysCallMakeDir(regs*)
                0x00000000c0016443                sysCallWait(regs*)
                0x00000000c001645d                sysCallNotImpl(regs*)
                0x00000000c0016478                sysPanic(regs*)
                0x00000000c0016492                sysCallRmdir(regs*)
                0x00000000c00164f6                sysCallUnlink(regs*)
                0x00000000c001655a                sysCallGetArgv(regs*)
                0x00000000c00165a6                sysCallTTYName(regs*)
                0x00000000c0016629                sysCallUSleep(regs*)
                0x00000000c0016652                sysCallSpawn(regs*)
                0x00000000c00166ba                sysCallGetEnv(regs*)
                0x00000000c0016767                sysAppSettings(regs*)
                0x00000000c001687b                sysSetFatAttrib(regs*)
                0x00000000c00168ed                sysPipe(regs*)
                0x00000000c0016932                sysGetUnixTime(regs*)
                0x00000000c0016946                string_ends_with(char const*, char const*)
                0x00000000c001698e                sysCallOpen(regs*)
                0x00000000c0016b76                Sys::loadSyscalls()
                0x00000000c0016d6b                Sys::systemCall(regs*, void*)
 .text          0x00000000c0016dad     0x1203 thr/elf.32
                0x00000000c0016dad                Thr::allocateMemoryForTask(Process*, File*, unsigned long, unsigned long, unsigned long)
                0x00000000c0017057                Thr::loadProgramIntoMemory(Process*, char const*)
                0x00000000c001726d                Thr::runtimeReferenceHelper()
                0x00000000c0017280                Thr::getAddressOfKernelSymbol(char const*)
                0x00000000c00172cf                Thr::loadKernelSymbolTable(char const*)
                0x00000000c001758d                Thr::loadDriverIntoMemory(char const*, unsigned long, bool)
                0x00000000c0017cc3                Thr::getDriverBaseFromAddress(unsigned long)
                0x00000000c0017cf5                Thr::getDriverNameFromAddress(unsigned long)
                0x00000000c0017d2c                Thr::getDriverOffsetFromAddress(unsigned long)
                0x00000000c0017d46                Thr::loadDLL(char const*, bool)
                0x00000000c0017f77                Thr::executeDLL(unsigned long, void*)
 .text          0x00000000c0017fb0     0x12a9 thr/prcssthr.32
                0x00000000c0017fb0                userModeEntryPoint(void*)
                0x00000000c0017fd8                changeTSS
                0x00000000c0018008                switchToThread(ThreadControlBlock*)
                0x00000000c00180bc                Process::addArgs(char**)
                0x00000000c001811c                Process::Process(char const*, Process*, char**)
                0x00000000c001811c                Process::Process(char const*, Process*, char**)
                0x00000000c0018308                Process::Process(bool, char const*, Process*, char**)
                0x00000000c0018308                Process::Process(bool, char const*, Process*, char**)
                0x00000000c00184c0                taskStartupFunction
                0x00000000c00184cc                Semaphore::Semaphore(int)
                0x00000000c00184cc                Semaphore::Semaphore(int)
                0x00000000c00184fc                Mutex::Mutex()
                0x00000000c00184fc                Mutex::Mutex()
                0x00000000c0018510                Process::createThread(void (*)(void*), void*, int)
                0x00000000c0018608                Process::createUserThread()
                0x00000000c0018624                setupMultitasking(void (*)())
                0x00000000c001872c                schedule()
                0x00000000c00187b8                Semaphore::tryAcquire()
                0x00000000c0018884                Semaphore::assertLocked(char const*)
                0x00000000c00188fc                blockTaskWithSchedulerLockAlreadyHeld(TaskState)
                0x00000000c0018924                blockTask(TaskState)
                0x00000000c0018954                waitTask(int, int*, int)
                0x00000000c0018998                milliTenthSleepUntil(unsigned int)
                0x00000000c0018a24                milliTenthSleep(unsigned int)
                0x00000000c0018a34                sleep(unsigned int)
                0x00000000c0018a50                Semaphore::acquire()
                0x00000000c0018b0c                taskReturned
                0x00000000c0018b48                Thr::processFromPID(int)
                0x00000000c0018be8                unblockTask(ThreadControlBlock*)
                0x00000000c0018c8c                cleanupTerminatedTask(ThreadControlBlock*)
                0x00000000c0018f54                cleanerTaskFunction(void*)
                0x00000000c0019044                terminateTask(int)
                0x00000000c0019110                Thr::terminateFromIRQ(int)
                0x00000000c001911c                Semaphore::release()
 .text          0x00000000c0019259      0xada vm86/vm8086.32
                0x00000000c0019259                Vm::inbv(unsigned short)
                0x00000000c001926c                Vm::outbv(unsigned short, unsigned char)
                0x00000000c00192a2                Vm::realToLinear(unsigned short, unsigned short)
                0x00000000c00192b2                Vm::getSegment(unsigned int)
                0x00000000c00192ba                Vm::getOffset(unsigned int)
                0x00000000c00192bf                Vm::mainloop2()
                0x00000000c00192f9                Vm::mainVm8086Loop(void*)
                0x00000000c0019309                Vm::mainloop3(unsigned long)
                0x00000000c001932f                Vm::initialise8086()
                0x00000000c0019372                Vm::finish8086()
                0x00000000c00193d3                Vm::getOutput8086(unsigned char*)
                0x00000000c00193f8                Vm::start8086(char const*, unsigned short, unsigned short, unsigned short, unsigned short)
                0x00000000c0019560                Vm::doISR(regs*, int, unsigned char*, unsigned short, unsigned short)
                0x00000000c00195ea                Vm::readByteFromReal(unsigned short, unsigned short)
                0x00000000c00195fb                Vm::readWordFromReal(unsigned short, unsigned short)
                0x00000000c001960d                Vm::readDwordFromReal(unsigned short, unsigned short)
                0x00000000c001961e                Vm::writeByteFromReal(unsigned short, unsigned short, unsigned char)
                0x00000000c0019633                Vm::writeWordFromReal(unsigned short, unsigned short, unsigned short)
                0x00000000c0019649                Vm::writeDwordFromReal(unsigned short, unsigned short, unsigned int)
                0x00000000c001965e                Vm::faultHandler(regs*)
 *fill*         0x00000000c0019d33        0x1 
 .text          0x00000000c0019d34      0xfcd vm86/x87em.32
                0x00000000c0019d34                Vm::fpuInternalTo32(unsigned long long)
                0x00000000c0019d92                Vm::fpuInternalTo64(unsigned long long)
                0x00000000c0019d9b                Vm::fpu32ToInternal(unsigned int)
                0x00000000c0019de0                Vm::fpu64ToInternal(unsigned long long)
                0x00000000c0019de9                Vm::fpuFloatToLong(unsigned long long)
                0x00000000c0019e48                Vm::fpuULongToFloat(unsigned long long)
                0x00000000c0019e84                Vm::fpuLongToFloat(long long)
                0x00000000c0019ee3                Vm::fpuGet0()
                0x00000000c0019ee8                Vm::fpuGet1()
                0x00000000c0019ef0                Vm::fpuGetPi()
                0x00000000c0019ef8                Vm::fpuGetLog2E()
                0x00000000c0019f10                Vm::fpuGetLogE2()
                0x00000000c0019f28                Vm::fpuGetLog210()
                0x00000000c0019f40                Vm::fpuGetLog102()
                0x00000000c0019f58                Vm::fpuIsSecondLarger(unsigned long long, unsigned long long)
                0x00000000c0019f6c                Vm::fpuAreEqual(unsigned long long, unsigned long long)
                0x00000000c0019f82                Vm::fpuUnorderedCompare(unsigned long long, unsigned long long)
                0x00000000c0019fd8                Vm::fpuAdd(unsigned long long, unsigned long long)
                0x00000000c0019fe9                Vm::fpuAbs(unsigned long long)
                0x00000000c0019ff2                Vm::fpuChs(unsigned long long)
                0x00000000c001a002                Vm::fpuSub(unsigned long long, unsigned long long)
                0x00000000c001a011                Vm::fpuMultiply(unsigned long long, unsigned long long)
                0x00000000c001a030                Vm::fpuDivide(unsigned long long, unsigned long long)
                0x00000000c001a04c                Vm::fpuSquare(unsigned long long)
                0x00000000c001a062                Vm::fpuGetReg(int)
                0x00000000c001a0a5                Vm::fpuSetReg(int, unsigned long long)
                0x00000000c001a0f1                Vm::fpuPush(unsigned long long)
                0x00000000c001a14f                Vm::fpuPop()
                0x00000000c001a1a2                Vm::x87Handler(regs*)
 *fill*         0x00000000c001ad01        0x3 
 .text          0x00000000c001ad04     0x13b7 fs/fat/vfslink.32
                0x00000000c001ad04                FAT::getName()
                0x00000000c001ad0c                FAT::tell(void*, unsigned long long*)
                0x00000000c001ad48                FAT::stat(void*, unsigned long long*)
                0x00000000c001ad84                FAT::~FAT()
                0x00000000c001ad84                FAT::~FAT()
                0x00000000c001ada8                FAT::~FAT()
                0x00000000c001add0                FAT::getlabel(LogicalDisk*, int, char*, unsigned int*)
                0x00000000c001ae74                FAT::setlabel(LogicalDisk*, int, char*)
                0x00000000c001af38                FAT::format(LogicalDisk*, int, char const*, int)
                0x00000000c001b10c                FAT::tryMount(LogicalDisk*, int)
                0x00000000c001b324                FAT::allocateSwapfile(char const*, int)
                0x00000000c001b4e0                FAT::readDir(void*, unsigned long, void*, int*)
                0x00000000c001b64c                FAT::read(void*, unsigned long, void*, int*)
                0x00000000c001b6ac                FAT::write(void*, unsigned long, void*, int*)
                0x00000000c001b70c                FAT::close(void*)
                0x00000000c001b760                FAT::closeDir(void*)
                0x00000000c001b7b4                FAT::seek(void*, unsigned long long)
                0x00000000c001b810                fatWrapperReadDisk
                0x00000000c001b858                fatWrapperWriteDisk
                0x00000000c001b8a0                fatWrapperIoctl
                0x00000000c001b9b0                FAT::FAT()
                0x00000000c001b9b0                FAT::FAT()
                0x00000000c001ba04                FAT::fixFilepath(char*)
                0x00000000c001ba40                FAT::open(char const*, void**, FileOpenMode)
                0x00000000c001bb74                FAT::openDir(char const*, void**)
                0x00000000c001bc24                FAT::stat(char const*, unsigned long long*, bool*)
                0x00000000c001bd18                FAT::unlink(char const*)
                0x00000000c001bd98                FAT::chfatattr(char const*, unsigned char, unsigned char)
                0x00000000c001bf00                FAT::rename(char const*, char const*)
                0x00000000c001bfcc                FAT::mkdir(char const*)
                0x00000000c001c04c                FAT::exists(char const*)
 *fill*         0x00000000c001c0bb        0x1 
 .text          0x00000000c001c0bc      0xb75 fs/iso9660/vfslink.32
                0x00000000c001c0bc                ISO9660::format(LogicalDisk*, int, char const*, int)
                0x00000000c001c0c2                ISO9660::seek(void*, unsigned long long)
                0x00000000c001c0f2                ISO9660::tell(void*, unsigned long long*)
                0x00000000c001c116                ISO9660::getName()
                0x00000000c001c11c                ISO9660::stat(void*, unsigned long long*)
                0x00000000c001c140                ISO9660::chfatattr(char const*, unsigned char, unsigned char)
                0x00000000c001c146                ISO9660::unlink(char const*)
                0x00000000c001c14c                ISO9660::write(void*, unsigned long, void*, int*)
                0x00000000c001c152                ISO9660::rename(char const*, char const*)
                0x00000000c001c158                ISO9660::mkdir(char const*)
                0x00000000c001c15e                ISO9660::close(void*)
                0x00000000c001c180                ISO9660::closeDir(void*)
                0x00000000c001c1a2                ISO9660::~ISO9660()
                0x00000000c001c1a2                ISO9660::~ISO9660()
                0x00000000c001c1c6                ISO9660::~ISO9660()
                0x00000000c001c1ed                __memmem(unsigned char*, int, unsigned char*, int)
                0x00000000c001c22f                readSectorFromCDROM(unsigned int, unsigned char*, char)
                0x00000000c001c28a                ISO9660::tryMount(LogicalDisk*, int)
                0x00000000c001c2da                ISO9660::read(void*, unsigned long, void*, int*)
                0x00000000c001c4de                ISO9660::readDir(void*, unsigned long, void*, int*)
                0x00000000c001c758                readRoot(unsigned int*, unsigned int*, char)
                0x00000000c001c7ac                readRecursively(char*, unsigned int, unsigned int, unsigned int*, unsigned int*, char, int*)
                0x00000000c001c97f                getFileData(char*, unsigned int*, unsigned int*, char, int*)
                0x00000000c001ca0e                ISO9660::open(char const*, void**, FileOpenMode)
                0x00000000c001cabc                ISO9660::exists(char const*)
                0x00000000c001cae0                ISO9660::stat(char const*, unsigned long long*, bool*)
                0x00000000c001cb74                ISO9660::openDir(char const*, void**)
                0x00000000c001cc0e                ISO9660::ISO9660()
                0x00000000c001cc0e                ISO9660::ISO9660()
 *fill*         0x00000000c001cc31        0x1 
 .text          0x00000000c001cc32      0x298 hal/sound/sndcard.32
                0x00000000c001cc32                SoundCard::beginPlayback()
                0x00000000c001cc40                SoundCard::stopPlayback()
                0x00000000c001cc4e                SoundCard::SoundCard(char const*)
                0x00000000c001cc4e                SoundCard::SoundCard(char const*)
                0x00000000c001ccec                SoundCard::~SoundCard()
                0x00000000c001ccec                SoundCard::~SoundCard()
                0x00000000c001cd10                SoundCard::~SoundCard()
                0x00000000c001cd3a                SoundCard::configureRates(int, int, int)
                0x00000000c001cd6a                SoundCard::getSamples16(int, short*)
                0x00000000c001cdd4                SoundCard::getSamples32(int, int*)
                0x00000000c001ce5a                SoundCard::addChannel(SoundPort*)
                0x00000000c001ceb6                SoundCard::removeChannel(int)
 *fill*         0x00000000c001ceca        0x2 
 .text          0x00000000c001cecc      0x3fb hal/sound/sndport.32
                0x00000000c001cecc                SoundPort::SoundPort(int, int, int, int)
                0x00000000c001cecc                SoundPort::SoundPort(int, int, int, int)
                0x00000000c001cf58                SoundPort::~SoundPort()
                0x00000000c001cf58                SoundPort::~SoundPort()
                0x00000000c001cf8c                SoundPort::unpause()
                0x00000000c001cf98                SoundPort::pause()
                0x00000000c001cfa4                SoundPort::getBufferUsed()
                0x00000000c001cfac                SoundPort::getBufferSize()
                0x00000000c001cfb4                SoundPort::buffer16(short*, int)
                0x00000000c001d068                SoundPort::buffer32(int*, int)
                0x00000000c001d114                SoundPort::unbufferAndAdd16(int, short*, SoundCard*)
                0x00000000c001d210                SoundPort::unbufferAndAdd32(int, int*, SoundCard*)
 .text          0x00000000c001d2c7        0x0 hw/bus/isa.32
 *fill*         0x00000000c001d2c7        0x1 
 .text          0x00000000c001d2c8     0x1187 hw/bus/pci.32
                0x00000000c001d2c8                PCI::open(int, int, void*)
                0x00000000c001d2e6                PCI::close(int, int, void*)
                0x00000000c001d2ea                PCI::PCI()
                0x00000000c001d2ea                PCI::PCI()
                0x00000000c001d380                PCI::readBAR8(unsigned int, int)
                0x00000000c001d39c                PCI::readBAR16(unsigned int, int)
                0x00000000c001d3ba                PCI::readBAR32(unsigned int, int)
                0x00000000c001d3d6                PCI::writeBAR8(unsigned int, unsigned char, int)
                0x00000000c001d3f6                PCI::writeBAR16(unsigned int, unsigned short, int)
                0x00000000c001d418                PCI::writeBAR32(unsigned int, unsigned int, int)
                0x00000000c001d438                PCI::legacyMechanism(unsigned char, unsigned char, unsigned char, unsigned char)
                0x00000000c001d4a6                PCI::pciReadWord(unsigned char, unsigned char, unsigned char, unsigned char)
                0x00000000c001d54e                PCI::getVendorID(unsigned char, unsigned char, unsigned char)
                0x00000000c001d572                PCI::getHeaderType(unsigned char, unsigned char, unsigned char)
                0x00000000c001d59a                PCI::getClassCode(unsigned char, unsigned char, unsigned char)
                0x00000000c001d5e4                PCI::getProgIF(unsigned char, unsigned char, unsigned char)
                0x00000000c001d60c                PCI::getRevisionID(unsigned char, unsigned char, unsigned char)
                0x00000000c001d630                PCI::getInterruptNumber(unsigned char, unsigned char, unsigned char)
                0x00000000c001d654                PCI::getSecondaryBus(unsigned char, unsigned char, unsigned char)
                0x00000000c001d67c                PCI::getBARAddress(unsigned char, unsigned char, unsigned char, unsigned char)
                0x00000000c001d6e0                PCI::pciWriteWord(unsigned char, unsigned char, unsigned char, unsigned char, unsigned short)
                0x00000000c001d7c8                PCI::pciDetailsToFilepath(PCIDeviceInfo, char*)
                0x00000000c001dbba                PCI::checkBus(unsigned char)
                0x00000000c001dbde                PCI::foundDevice(PCIDeviceInfo)
                0x00000000c001e01e                PCI::getDeviceData(unsigned char, unsigned char, unsigned char)
                0x00000000c001e390                PCI::checkDevice(unsigned char, unsigned char)
                0x00000000c001e3fc                PCI::detect()
 *fill*         0x00000000c001e44f        0x1 
 .text          0x00000000c001e450      0xb4a hw/diskctrl/ide.32
                0x00000000c001e450                IDE::close(int, int, void*)
                0x00000000c001e454                IDE::IDE()
                0x00000000c001e454                IDE::IDE()
                0x00000000c001e488                IDE::prepareInterrupt(unsigned char)
                0x00000000c001e49a                selectDrive(unsigned char, unsigned char)
                0x00000000c001e49c                IDE::getBase(unsigned char)
                0x00000000c001e4ae                IDE::write(unsigned char, unsigned char, unsigned char)
                0x00000000c001e56e                IDE::read(unsigned char, unsigned char)
                0x00000000c001e61c                IDE::waitInterrupt(unsigned char)
                0x00000000c001e67e                ideChannel0IRQHandler(regs*, void*)
                0x00000000c001e69a                ideChannel1IRQHandler(regs*, void*)
                0x00000000c001e6b6                IDE::enableIRQs(unsigned char, bool)
                0x00000000c001e6fc                IDE::open(int, int, void*)
                0x00000000c001eb0a                IDE::readBuffer(unsigned char, unsigned char, unsigned int, unsigned int)
                0x00000000c001ebd6                IDE::detect()
                0x00000000c001ee96                IDE::printError(unsigned char, unsigned char, unsigned char)
                0x00000000c001ef46                IDE::polling(unsigned char, unsigned int)
 .text          0x00000000c001ef9a      0x5aa hw/diskctrl/satabus.32
                0x00000000c001ef9a                SATABus::close(int, int, void*)
                0x00000000c001ef9e                SATABus::detect()
                0x00000000c001efa0                SATABus::SATABus()
                0x00000000c001efa0                SATABus::SATABus()
                0x00000000c001f026                SATABus::findCmdslot(SATABus::tagHBA_PORT volatile*)
                0x00000000c001f1aa                SATABus::checkType(SATABus::tagHBA_PORT volatile*)
                0x00000000c001f1f2                SATABus::startCmd(SATABus::tagHBA_PORT volatile*)
                0x00000000c001f212                SATABus::stopCmd(SATABus::tagHBA_PORT volatile*)
                0x00000000c001f23c                SATABus::portRebase(SATABus::tagHBA_PORT volatile*, int)
                0x00000000c001f342                SATABus::probePort(SATABus::tagHBA_MEM volatile*)
                0x00000000c001f524                SATABus::open(int, int, void*)
 .text          0x00000000c001f544      0x684 hw/diskphys/ata.32
                0x00000000c001f544                ATA::close(int, int, void*)
                0x00000000c001f568                ATA::powerSaving(PowerSavingLevel)
                0x00000000c001f56a                ATA::ATA()
                0x00000000c001f56a                ATA::ATA()
                0x00000000c001f598                ATA::flush(bool)
                0x00000000c001f5e2                ATA::readyForCommand()
                0x00000000c001f62e                ATA::access(unsigned long long, int, void*, bool)
                0x00000000c001fa24                ATA::read(unsigned long long, int, void*)
                0x00000000c001fa70                ATA::write(unsigned long long, int, void*)
                0x00000000c001fad2                ATA::detectCHS()
                0x00000000c001fafc                ATA::open(int, int, void*)
 .text          0x00000000c001fbc8      0x62b hw/diskphys/atapi.32
                0x00000000c001fbc8                ATAPI::write(unsigned long long, int, void*)
                0x00000000c001fbce                ATAPI::close(int, int, void*)
                0x00000000c001fbf2                ATAPI::ATAPI()
                0x00000000c001fbf2                ATAPI::ATAPI()
                0x00000000c001fc20                ATAPI::readyForCommand()
                0x00000000c001fc72                ATAPI::sendPacket(unsigned char*, int, bool, unsigned short*, int)
                0x00000000c001ff32                ATAPI::diskRemoved()
                0x00000000c001ff74                ATAPI::eject()
                0x00000000c001ffbc                ATAPI::diskInserted()
                0x00000000c001ffd8                ATAPI::detectMedia()
                0x00000000c0020094                ATAPI::open(int, int, void*)
                0x00000000c0020174                ATAPI::read(unsigned long long, int, void*)
 *fill*         0x00000000c00201f3        0x1 
 .text          0x00000000c00201f4      0xa68 hw/diskphys/sata.32
                0x00000000c00201f4                SATA::close(int, int, void*)
                0x00000000c0020218                SATA::powerSaving(PowerSavingLevel)
                0x00000000c002021a                SATA::open(int, int, void*)
                0x00000000c0020410                SATA::SATA()
                0x00000000c0020410                SATA::SATA()
                0x00000000c002043e                SATA::access(unsigned long long, int, void*, bool)
                0x00000000c0020a36                SATA::read(unsigned long long, int, void*)
                0x00000000c0020b36                SATA::write(unsigned long long, int, void*)
 .text          0x00000000c0020c5c      0x6af hw/diskphys/satapi.32
                0x00000000c0020c5c                SATAPI::write(unsigned long long, int, void*)
                0x00000000c0020c62                SATAPI::close(int, int, void*)
                0x00000000c0020c86                SATAPI::SATAPI()
                0x00000000c0020c86                SATAPI::SATAPI()
                0x00000000c0020cb4                SATAPI::diskRemoved()
                0x00000000c0020cf6                SATAPI::diskInserted()
                0x00000000c0020d12                SATAPI::sendPacket(unsigned char*, int, unsigned long long, unsigned short*, int)
                0x00000000c0020fa6                SATAPI::eject()
                0x00000000c0020ffe                SATAPI::detectMedia()
                0x00000000c002113e                SATAPI::open(int, int, void*)
                0x00000000c002123e                SATAPI::read(unsigned long long, int, void*)
 *fill*         0x00000000c002130b        0x1 
 .text          0x00000000c002130c       0x94 hw/fpu/avx.32
                0x00000000c002130c                AVX::open(int, int, void*)
                0x00000000c0021320                AVX::close(int, int, void*)
                0x00000000c0021334                AVX::available()
                0x00000000c0021348                AVX::save(void*)
                0x00000000c0021360                AVX::load(void*)
                0x00000000c0021378                AVX::AVX()
                0x00000000c0021378                AVX::AVX()
 .text          0x00000000c00213a0       0x94 hw/fpu/mmx.32
                0x00000000c00213a0                MMX::available()
                0x00000000c00213b4                MMX::open(int, int, void*)
                0x00000000c00213c8                MMX::close(int, int, void*)
                0x00000000c00213dc                MMX::save(void*)
                0x00000000c00213f4                MMX::load(void*)
                0x00000000c002140c                MMX::MMX()
                0x00000000c002140c                MMX::MMX()
 .text          0x00000000c0021434       0x9c hw/fpu/sse.32
                0x00000000c0021434                SSE::open(int, int, void*)
                0x00000000c0021448                SSE::close(int, int, void*)
                0x00000000c002145c                SSE::available()
                0x00000000c0021478                SSE::save(void*)
                0x00000000c0021490                SSE::load(void*)
                0x00000000c00214a8                SSE::SSE()
                0x00000000c00214a8                SSE::SSE()
 .text          0x00000000c00214d0       0x94 hw/fpu/x87.32
                0x00000000c00214d0                x87::open(int, int, void*)
                0x00000000c00214e4                x87::close(int, int, void*)
                0x00000000c00214f8                x87::available()
                0x00000000c002150c                x87::save(void*)
                0x00000000c0021524                x87::load(void*)
                0x00000000c002153c                x87::x87()
                0x00000000c002153c                x87::x87()
 .text          0x00000000c0021564      0x71e hw/intctrl/apic.32
                0x00000000c0021564                APIC::disable()
                0x00000000c0021566                APIC::close(int, int, void*)
                0x00000000c0021588                IOAPIC::close(int, int, void*)
                0x00000000c002158e                APIC::io_wait()
                0x00000000c0021594                APIC::getBase()
                0x00000000c00215d6                APIC::eoi(unsigned char)
                0x00000000c0021604                APIC::open(int, int, void*)
                0x00000000c0021752                IOAPIC::IOAPIC()
                0x00000000c0021752                IOAPIC::IOAPIC()
                0x00000000c002177a                APIC::APIC()
                0x00000000c002177a                APIC::APIC()
                0x00000000c0021856                IOAPIC::handlesGSIWithNumber(unsigned int)
                0x00000000c0021888                IOAPIC::read(int)
                0x00000000c00218b0                IOAPIC::open(int, int, void*)
                0x00000000c00219a6                IOAPIC::write(int, int)
                0x00000000c00219d2                IOAPIC::redirect(unsigned char, unsigned long long, unsigned char, bool, bool)
                0x00000000c0021acc                APIC::installIRQHandler(int, void (*)(regs*, void*), bool, void*)
 .text          0x00000000c0021c82      0x3d3 hw/intctrl/pic.32
                0x00000000c0021c82                PIC::disable()
                0x00000000c0021cb0                PIC::close(int, int, void*)
                0x00000000c0021cd2                PIC::PIC()
                0x00000000c0021cd2                PIC::PIC()
                0x00000000c0021da8                PIC::ioWait()
                0x00000000c0021dae                PIC::getIRQReg(int)
                0x00000000c0021e18                PIC::eoi(unsigned char)
                0x00000000c0021eaa                PIC::remap()
                0x00000000c0022016                PIC::open(int, int, void*)
 *fill*         0x00000000c0022055        0x3 
 .text          0x00000000c0022058      0x240 hw/timer/apictimer.32
                0x00000000c0022058                APICTimer::close(int, int, void*)
                0x00000000c0022060                apicTimerHandler(regs*, void*)
                0x00000000c0022088                APICTimer::write(int)
                0x00000000c0022170                APICTimer::open(int, int, void*)
                0x00000000c0022270                APICTimer::APICTimer()
                0x00000000c0022270                APICTimer::APICTimer()
 .text          0x00000000c0022298      0x1a3 hw/timer/pit.32
                0x00000000c0022298                PIT::write(int)
                0x00000000c0022318                pitHandler(regs*, void*)
                0x00000000c002233c                PIT::open(int, int, void*)
                0x00000000c002238c                PIT::close(int, int, void*)
                0x00000000c00223bc                PIT::PIT()
                0x00000000c00223bc                PIT::PIT()
 *fill*         0x00000000c002243b        0x5 
 .text          0x00000000c0022440       0x1e hw/fpu/x86/avx.32
                0x00000000c0022440                avxDetect
                0x00000000c0022446                avxSave
                0x00000000c0022447                avxLoad
                0x00000000c0022448                avxInit
                0x00000000c0022449                avxClose
                0x00000000c002244a                wouldSheSayYes
 *fill*         0x00000000c002245e        0x2 
 .text          0x00000000c0022460       0x35 hw/fpu/x86/sse.32
                0x00000000c0022460                absolutelyNoChanceInHell
                0x00000000c0022460                sseDetect
                0x00000000c0022478                sseSave
                0x00000000c002247e                sseLoad
                0x00000000c0022484                sseInit
                0x00000000c0022494                sseClose
 *fill*         0x00000000c0022495        0xb 
 .text          0x00000000c00224a0       0x4d hw/fpu/x86/x87.32
                0x00000000c00224a6                x87Detect
                0x00000000c00224c1                x87Save
                0x00000000c00224ca                x87Load
                0x00000000c00224d2                x87Init
                0x00000000c00224ec                x87Close
 *fill*         0x00000000c00224ed        0x3 
 .text          0x00000000c00224f0       0x25 /cygdrive/d/Users/Alex/Desktop/Toolchain/Output/bin/../lib/gcc/i386-banana/8.1.0/crtend.o
 .text          0x00000000c0022515        0x0 crtn.32
 *fill*         0x00000000c0022515        0x3 
 .text          0x00000000c0022518      0x14b /cygdrive/d/Users/Alex/Desktop/Toolchain/Output/bin/../lib/gcc/i386-banana/8.1.0/libkgcc.a(_divdi3.o)
                0x00000000c0022518                __divdi3
 *fill*         0x00000000c0022663        0x1 
 .text          0x00000000c0022664      0x17e /cygdrive/d/Users/Alex/Desktop/Toolchain/Output/bin/../lib/gcc/i386-banana/8.1.0/libkgcc.a(_moddi3.o)
                0x00000000c0022664                __moddi3
 *fill*         0x00000000c00227e2        0x2 
 .text          0x00000000c00227e4       0xff /cygdrive/d/Users/Alex/Desktop/Toolchain/Output/bin/../lib/gcc/i386-banana/8.1.0/libkgcc.a(_udivdi3.o)
                0x00000000c00227e4                __udivdi3
 *fill*         0x00000000c00228e3        0x1 
 .text          0x00000000c00228e4      0x11a /cygdrive/d/Users/Alex/Desktop/Toolchain/Output/bin/../lib/gcc/i386-banana/8.1.0/libkgcc.a(_umoddi3.o)
                0x00000000c00228e4                __umoddi3
 *(.gnu.linkonce.t*)

.iplt           0x00000000c0022a00        0x0
 .iplt          0x00000000c0022a00        0x0 D:/Users/Alex/Desktop/Banana/kernel/boot.32

.init           0x00000000c00229fe        0xf
 .init          0x00000000c00229fe        0x3 crti.32
                0x00000000c00229fe                _init
 .init          0x00000000c0022a01        0x5 /cygdrive/d/Users/Alex/Desktop/Toolchain/Output/bin/../lib/gcc/i386-banana/8.1.0/crtbegin.o
 .init          0x00000000c0022a06        0x5 /cygdrive/d/Users/Alex/Desktop/Toolchain/Output/bin/../lib/gcc/i386-banana/8.1.0/crtend.o
 .init          0x00000000c0022a0b        0x2 crtn.32

.fini           0x00000000c0022a0d        0xa
 .fini          0x00000000c0022a0d        0x3 crti.32
                0x00000000c0022a0d                _fini
 .fini          0x00000000c0022a10        0x5 /cygdrive/d/Users/Alex/Desktop/Toolchain/Output/bin/../lib/gcc/i386-banana/8.1.0/crtbegin.o
 .fini          0x00000000c0022a15        0x2 crtn.32

.text._ZN8ComputerD2Ev
                0x00000000c0022a18       0x23
 .text._ZN8ComputerD2Ev
                0x00000000c0022a18       0x23 core/computer.32
                0x00000000c0022a18                Computer::~Computer()
                0x00000000c0022a18                Computer::~Computer()

.text._ZN8ComputerD0Ev
                0x00000000c0022a3c       0x2a
 .text._ZN8ComputerD0Ev
                0x00000000c0022a3c       0x2a core/computer.32
                0x00000000c0022a3c                Computer::~Computer()

.text._Z10idleCommonv
                0x00000000c0022a66       0x21
 .text._Z10idleCommonv
                0x00000000c0022a66       0x21 core/idle.32
                0x00000000c0022a66                idleCommon()

.text._ZN10LinkedListI8UnixFileED2Ev
                0x00000000c0022a88        0x2
 .text._ZN10LinkedListI8UnixFileED2Ev
                0x00000000c0022a88        0x2 core/unixfile.32
                0x00000000c0022a88                LinkedList<UnixFile>::~LinkedList()
                0x00000000c0022a88                LinkedList<UnixFile>::~LinkedList()

.text._ZN10LinkedListI8UnixFileEC2Ev
                0x00000000c0022a8a       0x42
 .text._ZN10LinkedListI8UnixFileEC2Ev