Archive member included to satisfy reference by file (symbol)

/cygdrive/d/Users/Alex/Desktop/Toolchain/Output/bin/../lib/gcc/i386-banana/8.1.0/libkgcc.a(_divdi3.o)
                              fs/fat/ff.32 (__divdi3)
/cygdrive/d/Users/Alex/Desktop/Toolchain/Output/bin/../lib/gcc/i386-banana/8.1.0/libkgcc.a(_moddi3.o)
                              compat/resolve.32 (__moddi3)
/cygdrive/d/Users/Alex/Desktop/Toolchain/Output/bin/../lib/gcc/i386-banana/8.1.0/libkgcc.a(_udivdi3.o)
                              fs/fat/ff.32 (__udivdi3)
/cygdrive/d/Users/Alex/Desktop/Toolchain/Output/bin/../lib/gcc/i386-banana/8.1.0/libkgcc.a(_umoddi3.o)
                              compat/resolve.32 (__umoddi3)
D:/Users/Alex/Desktop/Banana/kernel/libsoftfp.a(sfieeelib.o)
                              hal/sound/sndhw.32 (__addsf3)
D:/Users/Alex/Desktop/Banana/kernel/libsoftfp.a(dfieeelib.o)
                              hal/libresample/src_linear.32 (__adddf3)
D:/Users/Alex/Desktop/Banana/kernel/libsoftfp.a(sfdfcvt.o)
                              hal/libresample/samplerate.32 (__truncdfsf2)
D:/Users/Alex/Desktop/Banana/kernel/libk/libm32.a(s_fabs.c.o)
                              hal/libresample/samplerate.32 (fabs)
D:/Users/Alex/Desktop/Banana/kernel/libk/libm32.a(s_lrint.S.o)
                              hal/libresample/samplerate.32 (lrint)
D:/Users/Alex/Desktop/Banana/kernel/libk/libm32.a(s_lrintf.S.o)
                              hal/sound/sndhw.32 (lrintf)

Discarded input sections

 .comment       0x0000000000000000       0x12 /cygdrive/d/Users/Alex/Desktop/Toolchain/Output/bin/../lib/gcc/i386-banana/8.1.0/crtbegin.o
 .comment       0x0000000000000000       0x12 acpica/utclib.32
 .comment       0x0000000000000000       0x12 core/malloc.32
 .comment       0x0000000000000000       0x12 libk/string.32
 .comment       0x0000000000000000       0x12 fs/fat/diskio.32
 .comment       0x0000000000000000       0x12 fs/fat/ff.32
 .comment       0x0000000000000000       0x12 fs/fat/ffsystem.32
 .comment       0x0000000000000000       0x12 fs/fat/ffunicode.32
 .comment       0x0000000000000000       0x12 hal/libresample/samplerate.32
 .comment       0x0000000000000000       0x12 hal/libresample/src_linear.32
 .comment       0x0000000000000000       0x12 hal/libresample/src_sinc.32
 .comment       0x0000000000000000       0x12 hal/libresample/src_zoh.32
 .comment       0x0000000000000000       0x12 compat/inlines.32
 .comment       0x0000000000000000       0x12 compat/resolve.32
 .group         0x0000000000000000       0x14 core/computer.32
 .group         0x0000000000000000        0xc core/computer.32
 .comment       0x0000000000000000       0x12 core/computer.32
 .comment       0x0000000000000000       0x12 core/gdt.32
 .group         0x0000000000000000        0xc core/idle.32
 .comment       0x0000000000000000       0x12 core/idle.32
 .comment       0x0000000000000000       0x12 core/idt.32
 .comment       0x0000000000000000       0x12 core/kheap.32
 .comment       0x0000000000000000       0x12 core/main.32
 .comment       0x0000000000000000       0x12 core/physmgr.32
 .group         0x0000000000000000        0xc core/pipe.32
 .comment       0x0000000000000000       0x12 core/pipe.32
 .group         0x0000000000000000        0xc core/terminal.32
 .comment       0x0000000000000000       0x12 core/terminal.32
 .comment       0x0000000000000000       0x12 core/tss.32
 .group         0x0000000000000000        0x8 core/unixfile.32
 .group         0x0000000000000000        0xc core/unixfile.32
 .group         0x0000000000000000        0xc core/unixfile.32
 .group         0x0000000000000000        0x8 core/unixfile.32
 .group         0x0000000000000000        0xc core/unixfile.32
 .group         0x0000000000000000        0x8 core/unixfile.32
 .group         0x0000000000000000        0xc core/unixfile.32
 .group         0x0000000000000000        0xc core/unixfile.32
 .comment       0x0000000000000000       0x12 core/unixfile.32
 .comment       0x0000000000000000       0x12 core/virtmgr.32
 .comment       0x0000000000000000       0x12 coreobjs/c++.32
 .comment       0x0000000000000000       0x12 dbg/kconsole.32
 .group         0x0000000000000000        0xc fs/vfs.32
 .group         0x0000000000000000        0xc fs/vfs.32
 .group         0x0000000000000000        0xc fs/vfs.32
 .comment       0x0000000000000000       0x12 fs/vfs.32
 .group         0x0000000000000000        0xc hal/bus.32
 .comment       0x0000000000000000       0x12 hal/bus.32
 .group         0x0000000000000000        0xc hal/buzzer.32
 .comment       0x0000000000000000       0x12 hal/buzzer.32
 .group         0x0000000000000000        0xc hal/clock.32
 .comment       0x0000000000000000       0x12 hal/clock.32
 .group         0x0000000000000000       0x14 hal/device.32
 .group         0x0000000000000000        0xc hal/device.32
 .group         0x0000000000000000        0xc hal/device.32
 .group         0x0000000000000000        0xc hal/device.32
[...]
Memory Configuration

Name             Origin             Length             Attributes
*default*        0x0000000000000000 0xffffffffffffffff

Linker script and memory map

LOAD D:/Users/Alex/Desktop/Banana/kernel/boot.32
LOAD crti.32
LOAD /cygdrive/d/Users/Alex/Desktop/Toolchain/Output/bin/../lib/gcc/i386-banana/8.1.0/crtbegin.o
LOAD D:/Users/Alex/Desktop/Banana/kernel/morenasm.32
LOAD acpica/utclib.32
LOAD core/malloc.32
LOAD libk/string.32
LOAD fs/fat/diskio.32
LOAD fs/fat/ff.32
LOAD fs/fat/ffsystem.32
LOAD fs/fat/ffunicode.32
LOAD hal/libresample/samplerate.32
LOAD hal/libresample/src_linear.32
LOAD hal/libresample/src_sinc.32
LOAD hal/libresample/src_zoh.32
LOAD compat/inlines.32
LOAD compat/resolve.32
LOAD core/computer.32
LOAD core/gdt.32
LOAD core/idle.32
LOAD core/idt.32
LOAD core/kheap.32
LOAD core/main.32
LOAD core/physmgr.32
LOAD core/pipe.32
LOAD core/terminal.32
LOAD core/tss.32
LOAD core/unixfile.32
LOAD core/virtmgr.32
LOAD coreobjs/c++.32
LOAD dbg/kconsole.32
LOAD fs/vfs.32
LOAD hal/bus.32
LOAD hal/buzzer.32
LOAD hal/clock.32
LOAD hal/device.32
LOAD hal/diskctrl.32
LOAD hal/diskphys.32
LOAD hal/fpu.32
LOAD hal/intctrl.32
LOAD hal/keybrd.32
LOAD hal/logidisk.32
LOAD hal/mouse.32
LOAD hal/partition.32
LOAD hal/serial.32
LOAD hal/timer.32
LOAD hal/vcache.32
LOAD hal/video.32
LOAD hw/acpi.32
LOAD hw/cpu.32
LOAD hw/ports.32
LOAD hw/smp.32
LOAD krnl/env.32
LOAD krnl/panic.32
LOAD net/ethernet.32
LOAD reg/registry.32
LOAD sys/sc_eject.32
LOAD sys/sc_exit.32
LOAD sys/sc_getcwd.32
LOAD sys/sc_getpid.32
LOAD sys/sc_getramdata.32
LOAD sys/sc_loaddll.32
LOAD sys/sc_read.32
LOAD sys/sc_sbrk.32
LOAD sys/sc_setcwd.32
LOAD sys/sc_settime.32
LOAD sys/sc_timezone.32
LOAD sys/sc_write.32
LOAD sys/sc_wsbe.32
LOAD sys/sc_yield.32
LOAD sys/syscalls.32
LOAD thr/elf.32
LOAD thr/prcssthr.32
LOAD vm86/vm8086.32
LOAD vm86/x87em.32
LOAD fs/fat/vfslink.32
LOAD fs/iso9660/vfslink.32
LOAD hal/sound/sndchannel.32
LOAD hal/sound/sndhw.32
LOAD hw/bus/isa.32
LOAD hw/bus/pci.32
LOAD hw/diskctrl/ide.32
LOAD hw/diskctrl/satabus.32
LOAD hw/diskphys/ata.32
LOAD hw/diskphys/atapi.32
LOAD hw/diskphys/sata.32
LOAD hw/diskphys/satapi.32
LOAD hw/fpu/avx.32
LOAD hw/fpu/mmx.32
LOAD hw/fpu/sse.32
LOAD hw/fpu/x87.32
LOAD hw/intctrl/apic.32
LOAD hw/intctrl/pic.32
LOAD hw/timer/apictimer.32
LOAD hw/timer/pit.32
LOAD hw/fpu/x86/avx.32
LOAD hw/fpu/x86/sse.32
LOAD hw/fpu/x86/x87.32
LOAD /cygdrive/d/Users/Alex/Desktop/Toolchain/Output/bin/../lib/gcc/i386-banana/8.1.0/crtend.o
LOAD crtn.32
LOAD /cygdrive/d/Users/Alex/Desktop/Toolchain/Output/bin/../lib/gcc/i386-banana/8.1.0/libkgcc.a
LOAD D:/Users/Alex/Desktop/Banana/kernel/libsoftfp.a
LOAD D:/Users/Alex/Desktop/Banana/kernel/libk/libm32.a
                0x00000000c0000000                . = 0xc0000000

.text           0x00000000c0000000    0x28518
 *(.text)
 .text          0x00000000c0000000       0x41 D:/Users/Alex/Desktop/Banana/kernel/boot.32
                0x00000000c0000020                callGlobalConstructors
 .text          0x00000000c0000041        0x0 crti.32
 *fill*         0x00000000c0000041        0x3 
 .text          0x00000000c0000044      0x101 /cygdrive/d/Users/Alex/Desktop/Toolchain/Output/bin/../lib/gcc/i386-banana/8.1.0/crtbegin.o
 *fill*         0x00000000c0000145        0xb 
 .text          0x00000000c0000150      0x4ed D:/Users/Alex/Desktop/Banana/kernel/morenasm.32
                0x00000000c0000150                manualPCIProbe
                0x00000000c000019b                prepareTramp
                0x00000000c00001b4                voodooXADD
                0x00000000c000027f                doTPAUSE
                0x00000000c0000289                hasLegacyFPU
                0x00000000c00002ae                is486
                0x00000000c00002e4                detectCPUID
                0x00000000c00002fa                goToVM86
                0x00000000c000032a                goToUsermode
                0x00000000c0000354                switchToThreadASMFirstTime
                0x00000000c0000362                switchToThreadASM
                0x00000000c00003ea                asmQuickAcquireLock
                0x00000000c0000408                asmQuickReleaseLock
                0x00000000c0000414                asmAcquireLock
                0x00000000c0000435                asmReleaseLock
                0x00000000c0000448                loadGDT
                0x00000000c0000468                isr0
                0x00000000c0000478                isr1
                0x00000000c0000482                isr2
                0x00000000c000048c                isr3
                0x00000000c0000496                isr4
                0x00000000c00004a0                isr5
                0x00000000c00004aa                isr6
                0x00000000c00004b4                isr7
                0x00000000c00004be                isr8
                0x00000000c00004c6                isr9
                0x00000000c00004d0                isr10
                0x00000000c00004d8                isr11
                0x00000000c00004e0                isr12
                0x00000000c00004e8                isr13
                0x00000000c00004f0                isr14
                0x00000000c00004f8                isr15
                0x00000000c0000502                isr16
                0x00000000c000050c                isr17
                0x00000000c0000516                isr18
                0x00000000c0000520                irq3
                0x00000000c000052a                irq4
                0x00000000c0000534                irq5
                0x00000000c000053e                irq6
                0x00000000c0000548                irq7
                0x00000000c0000552                irq8
                0x00000000c000055c                irq9
                0x00000000c0000566                irq10
                0x00000000c0000570                irq11
                0x00000000c000057a                irq12
                0x00000000c0000584                irq13
                0x00000000c000058e                irq14
                0x00000000c0000598                irq15
                0x00000000c00005a2                irq1
                0x00000000c00005a9                irq2
                0x00000000c00005b0                isr96
                0x00000000c00005b7                irq0
                0x00000000c00005bc                int_common_stub
                0x00000000c00005bc                syscall_common_stub
                0x00000000c00005ed                irq16
                0x00000000c00005f7                irq17
                0x00000000c0000601                irq18
                0x00000000c000060b                irq19
                0x00000000c0000615                irq20
                0x00000000c000061f                irq21
                0x00000000c0000629                irq22
                0x00000000c0000633                irq23
 *fill*         0x00000000c000063d        0x3 
 .text          0x00000000c0000640      0x611 acpica/utclib.32
                0x00000000c0000640                memcmp
                0x00000000c000067c                memmove
                0x00000000c0000744                memcpy
                0x00000000c0000778                memset
                0x00000000c0000794                strlen
                0x00000000c00007ac                strpbrk
                0x00000000c00007e8                strtok
                0x00000000c0000834                strcpy
                0x00000000c0000858                strncpy
                0x00000000c00008c0                strcmp
                0x00000000c0000900                strchr
                0x00000000c0000924                strncmp
                0x00000000c0000974                strcat
                0x00000000c00009a4                strncat
                0x00000000c00009e0                strstr
                0x00000000c0000a28                toupper
                0x00000000c0000a3c                tolower
                0x00000000c0000a50                simple_strtoul
 .text          0x00000000c0000c51      0xfbf core/malloc.32
                0x00000000c0000dbc                dlfree
                0x00000000c0001117                dlmalloc
                0x00000000c0001654                dlrealloc
                0x00000000c0001809                dlmemalign
                0x00000000c000192c                dlcalloc
                0x00000000c00019c6                dlcfree
                0x00000000c00019cb                dlindependent_calloc
                0x00000000c00019f0                dlindependent_comalloc
                0x00000000c0001a07                dlvalloc
                0x00000000c0001a32                dlpvalloc
                0x00000000c0001a68                dlmalloc_trim
                0x00000000c0001a75                dlmalloc_usable_size
                0x00000000c0001aa6                dlmallinfo
                0x00000000c0001b75                dlmalloc_stats
                0x00000000c0001b86                dlmallopt
 .text          0x00000000c0001c10        0x0 libk/string.32
 .text          0x00000000c0001c10       0x51 fs/fat/diskio.32
                0x00000000c0001c10                disk_status
                0x00000000c0001c13                disk_initialize
                0x00000000c0001c16                disk_read
                0x00000000c0001c2c                disk_write
                0x00000000c0001c42                disk_ioctl
 .text          0x00000000c0001c61     0x6833 fs/fat/ff.32
                0x00000000c0004f2f                f_mount
                0x00000000c0004f91                f_open
                0x00000000c00053cd                f_read
                0x00000000c000564d                f_write
                0x00000000c0005907                f_sync
                0x00000000c0005ae3                f_close
                0x00000000c0005b12                f_lseek
                0x00000000c0005fc9                f_opendir
                0x00000000c00060cb                f_closedir
                0x00000000c00060ed                f_readdir
                0x00000000c0006188                f_stat
                0x00000000c0006217                f_getfree
                0x00000000c00063e2                f_truncate
                0x00000000c00064da                f_unlink
                0x00000000c000665d                f_mkdir
                0x00000000c0006889                f_rename
                0x00000000c0006b7c                f_chmod
                0x00000000c0006c5a                f_utime
                0x00000000c0006d38                f_getlabel
                0x00000000c0006f26                f_setlabel
                0x00000000c0007193                f_forward
                0x00000000c0007371                f_mkfs
 .text          0x00000000c0008494       0x2d fs/fat/ffsystem.32
                0x00000000c0008494                ff_memalloc
                0x00000000c00084aa                ff_memfree
 .text          0x00000000c00084c1      0x253 fs/fat/ffunicode.32
                0x00000000c00084c1                ff_uni2oem
                0x00000000c0008551                ff_oem2uni
                0x00000000c00085bd                ff_wtoupper
 .text          0x00000000c0008714      0x8fb hal/libresample/samplerate.32
                0x00000000c0008758                src_delete
                0x00000000c0008794                src_process
                0x00000000c000894a                src_callback_read
                0x00000000c0008ac7                src_set_ratio
                0x00000000c0008b31                src_get_channels
                0x00000000c0008b53                src_reset
                0x00000000c0008b9f                src_new
                0x00000000c0008c2d                src_callback_new
                0x00000000c0008c8f                src_get_name
                0x00000000c0008cc6                src_get_description
                0x00000000c0008cfd                src_get_version
                0x00000000c0008d03                src_is_valid_ratio
                0x00000000c0008d57                src_error
                0x00000000c0008d65                src_strerror
                0x00000000c0008d78                src_simple
                0x00000000c0008dcb                src_short_to_float_array
                0x00000000c0008e30                src_float_to_short_array
                0x00000000c0008eef                src_int_to_float_array
                0x00000000c0008f52                src_float_to_int_array
 .text          0x00000000c000900f      0x8cb hal/libresample/src_linear.32
                0x00000000c0009835                linear_get_name
                0x00000000c0009844                linear_get_description
                0x00000000c0009853                linear_set_converter
 .text          0x00000000c00098da     0x447c hal/libresample/src_sinc.32
                0x00000000c000dc6d                sinc_get_name
                0x00000000c000dc80                sinc_get_description
                0x00000000c000dc93                sinc_set_converter
 .text          0x00000000c000dd56      0x77c hal/libresample/src_zoh.32
                0x00000000c000e42d                zoh_get_name
                0x00000000c000e43c                zoh_get_description
                0x00000000c000e44b                zoh_set_converter
 .text          0x00000000c000e4d2       0x23 compat/inlines.32
                0x00000000c000e4d2                CPU::current()
                0x00000000c000e4df                operator new(unsigned long)
 .text          0x00000000c000e4f5      0x111 compat/resolve.32
                0x00000000c000e4f5                Krnl::resolveCompatibilitySymbol(char*)
 .text          0x00000000c000e606      0xa17 core/computer.32
                0x00000000c000e606                Computer::close(int, int, void*)
                0x00000000c000e64a                Krnl::firstTask()
                0x00000000c000e73a                Computer::Computer()
                0x00000000c000e73a                Computer::Computer()
                0x00000000c000e896                Computer::setBootMessage(char const*)
                0x00000000c000e898                Computer::detectFeatures()
                0x00000000c000eaa2                Computer::displayFeatures()
                0x00000000c000ede8                Computer::rdmsr(unsigned int)
                0x00000000c000ee14                Computer::wrmsr(unsigned int, unsigned long long)
                0x00000000c000ee4c                Computer::nmiEnabled()
                0x00000000c000ee58                Computer::readCMOS(unsigned char)
                0x00000000c000ee72                Computer::enableNMI(bool)
                0x00000000c000ee8a                Computer::open(int, int, void*)
                0x00000000c000ef60                Computer::disableNMI()
                0x00000000c000ef6e                Computer::writeCMOS(unsigned char, unsigned char)
                0x00000000c000ef8c                Computer::handleNMI()
                0x00000000c000eff2                Computer::setDiskActivityLight(int, bool)
 *fill*         0x00000000c000f01d        0x1 
 .text          0x00000000c000f01e      0x1b7 core/gdt.32
                0x00000000c000f01e                GDTEntry::setBase(unsigned int)
                0x00000000c000f03a                GDTEntry::setLimit(unsigned int)
                0x00000000c000f058                GDT::GDT()
                0x00000000c000f058                GDT::GDT()
                0x00000000c000f06e                GDT::addEntry(GDTEntry)
                0x00000000c000f0aa                GDT::getNumberOfEntries()
                0x00000000c000f0b2                GDT::flush()
                0x00000000c000f0d4                GDT::setup()
 .text          0x00000000c000f1d5       0x62 core/idle.32
                0x00000000c000f1d5                idleFunction(void*)
 *fill*         0x00000000c000f237        0x1 
 .text          0x00000000c000f238      0x45f core/idt.32
                0x00000000c000f238                IDTEntry::IDTEntry(bool)
                0x00000000c000f238                IDTEntry::IDTEntry(bool)
                0x00000000c000f2a6                IDTEntry::setOffset(unsigned int)
                0x00000000c000f2ba                IDT::IDT()
                0x00000000c000f2ba                IDT::IDT()
                0x00000000c000f2bc                IDT::getPointerToInvalidOpcodeEntryForF00F()
                0x00000000c000f2c4                IDT::addEntry(IDTEntry, int)
                0x00000000c000f2de                IDT::addEntry(int, void (*)(), bool)
                0x00000000c000f316                IDT::flush()
                0x00000000c000f330                IDT::setup()
 .text          0x00000000c000f697      0x203 core/kheap.32
                0x00000000c000f697                sbrk
                0x00000000c000f7a5                mmap
                0x00000000c000f7bb                munmap
                0x00000000c000f7d1                liballoc_lock()
                0x00000000c000f7e2                liballoc_unlock()
                0x00000000c000f7f3                liballoc_alloc(int)
                0x00000000c000f80e                liballoc_free(void*, int)
                0x00000000c000f82c                realloc
                0x00000000c000f840                malloc
                0x00000000c000f850                free
                0x00000000c000f860                rfree
                0x00000000c000f870                calloc
 .text          0x00000000c000f89a      0x480 core/main.32
                0x00000000c000f89a                hwTextMode_loadInData(VgaText*)
                0x00000000c000f8e5                hwTextMode_loadInTitle(VgaText*, char*)
                0x00000000c000f963                hwTextMode_showCursor(VgaText*, bool)
                0x00000000c000f9c1                hwTextMode_update(VgaText*)
                0x00000000c000f9c2                hwTextMode_updateCursor(VgaText*)
                0x00000000c000fa13                hwTextMode_disableBlink(VgaText*, bool)
                0x00000000c000fa59                hwTextMode_scrollScreen(VgaText*)
                0x00000000c000fb06                hwTextMode_writeCharacter(VgaText*, char, VgaColour, VgaColour, int, int)
                0x00000000c000fb88                setupTextMode()
                0x00000000c000fbf8                kernel_main
 .text          0x00000000c000fd1a      0x5a6 core/physmgr.32
                0x00000000c000fd1a                Phys::allocateDMA(unsigned long)
                0x00000000c000fdbd                Phys::freeDMA(unsigned long, unsigned long)
                0x00000000c000fe05                Phys::setPageState(unsigned long, bool)
                0x00000000c000fe37                Phys::getPageState(unsigned long)
                0x00000000c000fe53                Phys::freePage(unsigned long)
                0x00000000c000fedd                Phys::allocatePage()
                0x00000000c000fffe                Phys::allocateContiguousPages(int)
                0x00000000c0010058                Phys::allowSegmentToBeUsed(unsigned long, unsigned long)
                0x00000000c0010090                Phys::physicalMemorySetup(unsigned int)
 .text          0x00000000c00102c0      0x273 core/pipe.32
                0x00000000c00102c0                Pipe::isAtty()
                0x00000000c00102c4                Pipe::~Pipe()
                0x00000000c00102c4                Pipe::~Pipe()
                0x00000000c00102e8                Pipe::~Pipe()
                0x00000000c0010310                Pipe::read(unsigned long long, void*, int*)
                0x00000000c0010404                Pipe::write(unsigned long long, void*, int*)
                0x00000000c00104cc                Pipe::Pipe(int)
                0x00000000c00104cc                Pipe::Pipe(int)
 *fill*         0x00000000c0010533        0x1 
 .text          0x00000000c0010534      0xf73 core/terminal.32
                0x00000000c0010534                VgaText::isAtty()
                0x00000000c0010538                VgaText::~VgaText()
                0x00000000c0010538                VgaText::~VgaText()
                0x00000000c001055c                VgaText::~VgaText()
                0x00000000c0010586                VgaText::read(unsigned long long, void*, int*)
                0x00000000c00105a6                setTerminalScrollLock(bool)
                0x00000000c00105a7                addToTerminalCycle(VgaText*)
                0x00000000c00105d4                installVgaTextImplementation()
                0x00000000c00105e9                scrollTerminalScrollLock(int)
                0x00000000c00105ea                VgaText::load()
                0x00000000c001063e                VgaText::updateCursor()
                0x00000000c0010658                VgaText::showCursor(bool)
                0x00000000c0010668                VgaText::disableBlink(bool)
                0x00000000c00106a2                VgaText::doANSI_SGR(int)
                0x00000000c001072e                VgaText::setDefaultBgColour(VgaColour)
                0x00000000c0010744                VgaText::setDefaultFgColour(VgaColour)
                0x00000000c001075a                VgaText::setDefaultColours(VgaColour, VgaColour)
                0x00000000c001077a                VgaText::combineColours(unsigned char, unsigned char)
                0x00000000c001078c                VgaText::scrollScreen()
                0x00000000c0010820                VgaText::combineCharAndColour(char, unsigned char)
                0x00000000c0010832                VgaText::writeCharacter(char, VgaColour, VgaColour, int, int)
                0x00000000c0010892                VgaText::getCursorX()
                0x00000000c001089e                VgaText::getCursorY()
                0x00000000c00108aa                VgaText::setCursor(int, int)
                0x00000000c00108c8                VgaText::setCursorX(int)
                0x00000000c00108e4                VgaText::setCursorY(int)
                0x00000000c0010900                VgaText::incrementCursor(bool)
                0x00000000c0010968                VgaText::updateRAMUsageDisplay(int)
                0x00000000c00109cc                VgaText::updateDiskUsage()
                0x00000000c0010b36                VgaText::updateTitle()
                0x00000000c0010b7c                VgaText::setTitleTextColour(VgaColour)
                0x00000000c0010b8c                VgaText::setTitleColour(VgaColour)
                0x00000000c0010b9c                VgaText::setTitle(char*)
                0x00000000c0010bc2                VgaText::decrementCursor(bool)
                0x00000000c0010bea                VgaText::putchar(char, VgaColour, VgaColour)
                0x00000000c0010ce6                VgaText::isShowingCursor()
                0x00000000c0010cf2                VgaText::isBlinkDisabled()
                0x00000000c0010d00                VgaText::setCursorHeight(int)
                0x00000000c0010d1e                VgaText::getCursorHeight()
                0x00000000c0010d29                setActiveTerminal(VgaText*)
                0x00000000c0010ddb                doTerminalCycle()
                0x00000000c0010df8                VgaText::doUpdate()
                0x00000000c0010e0a                VgaText::puts(char const*, VgaColour, VgaColour)
                0x00000000c0010fca                VgaText::clearScreen()
                0x00000000c001102e                VgaText::putchar(char)
                0x00000000c0011148                VgaText::puts(char const*)
                0x00000000c001116e                VgaText::putx(unsigned int)
                0x00000000c00111b4                VgaText::VgaText(char const*)
                0x00000000c00111b4                VgaText::VgaText(char const*)
                0x00000000c0011346                VgaText::receiveKey(unsigned char)
                0x00000000c001142e                VgaText::write(unsigned long long, void*, int*)
                0x00000000c0011482                newTerminal(char*)
 *fill*         0x00000000c00114a7        0x1 
 .text          0x00000000c00114a8      0x1b3 core/tss.32
                0x00000000c00114a8                TSS::TSS()
                0x00000000c00114a8                TSS::TSS()
                0x00000000c00114b6                TSS::setESP(unsigned long)
                0x00000000c00114c8                TSS::flush()
                0x00000000c00114e8                TSS::setup(unsigned long, unsigned long)
 *fill*         0x00000000c001165b        0x1 
 .text          0x00000000c001165c      0x4c2 core/unixfile.32
                0x00000000c001165c                ReservedFilename::read(unsigned long long, void*, int*)
                0x00000000c00116b2                ReservedFilename::isAtty()
                0x00000000c00116ce                ReservedFilename::write(unsigned long long, void*, int*)
                0x00000000c001172c                UnixFile::getFileDescriptor()
                0x00000000c0011734                UnixFile::UnixFile(int)
                0x00000000c0011734                UnixFile::UnixFile(int)
                0x00000000c00118e4                ReservedFilename::ReservedFilename(int)
                0x00000000c00118e4                ReservedFilename::ReservedFilename(int)
                0x00000000c0011916                UnixFile::~UnixFile()
                0x00000000c0011916                UnixFile::~UnixFile()
                0x00000000c00119ae                UnixFile::~UnixFile()
                0x00000000c00119d6                ReservedFilename::~ReservedFilename()
                0x00000000c00119d6                ReservedFilename::~ReservedFilename()
                0x00000000c00119fa                ReservedFilename::~ReservedFilename()
                0x00000000c0011a21                getFromFileDescriptor(int)
 .text          0x00000000c0011b1e     0x1150 core/virtmgr.32
                0x00000000c0011b1e                Virt::setPageState(unsigned long, Virt::VirtPageState)
                0x00000000c0011b53                Virt::getPageState(unsigned long)
                0x00000000c0011b77                Virt::allocateKernelVirtualPages(int)
                0x00000000c0011c88                Virt::freeSwapfilePage(unsigned long)
                0x00000000c0011ca6                Virt::swapIDToSector(unsigned long)
                0x00000000c0011cb8                Virt::allocateSwapfilePage()
                0x00000000c0011d36                Virt::virtualMemorySetup()
                0x00000000c0011db5                Virt::swappingSetup()
                0x00000000c0011e1e                Virt::getAKernelVAS()
                0x00000000c0011e24                VAS::VAS()
                0x00000000c0011e24                VAS::VAS()
                0x00000000c0011e60                VAS::VAS(VAS*)
                0x00000000c0011e60                VAS::VAS(VAS*)
                0x00000000c0011e8e                VAS::getForeignPageTableEntry(bool, unsigned long)
                0x00000000c0011eba                VAS::getPageTableEntry(unsigned long)
                0x00000000c0011ed9                Virt::freeKernelVirtualPages(unsigned long)
                0x00000000c0011ffc                VAS::freeAllocatedPages(unsigned long)
                0x00000000c0012020                VAS::virtualToPhysical(unsigned long)
                0x00000000c0012038                VAS::reflagRange(unsigned long, int, int, int)
                0x00000000c0012078                VAS::setToWriteCombining(unsigned long, int)
                0x00000000c00120aa                VAS::mapOtherVASIn(bool, VAS*)
                0x00000000c00120d4                VAS::~VAS()
                0x00000000c00120d4                VAS::~VAS()
                0x00000000c0012240                VAS::mapPage(unsigned long, unsigned long, int)
                0x00000000c0012340                VAS::allocatePages(int, int)
                0x00000000c0012518                VAS::setCPUSpecific(unsigned long)
                0x00000000c0012534                VAS::mapRange(unsigned long, unsigned long, int, int)
                0x00000000c00125fa                VAS::mapForeignPage(bool, VAS*, unsigned long, unsigned long, int)
                0x00000000c00126e8                VAS::VAS(bool)
                0x00000000c00126e8                VAS::VAS(bool)
                0x00000000c001294e                VAS::evict(unsigned long)
                0x00000000c00129e4                VAS::tryLoadBackOffDisk(unsigned long)
                0x00000000c0012ad0                VAS::scanForEviction()
                0x00000000c0012bb2                mapVASFirstTime
 .text          0x00000000c0012c6e       0x95 coreobjs/c++.32
                0x00000000c0012c6e                __cxa_atexit
                0x00000000c0012c71                __cxa_finalize
                0x00000000c0012c72                __stack_chk_fail
                0x00000000c0012cde                __cxa_pure_virtual
                0x00000000c0012cef                operator new[](unsigned long)
                0x00000000c0012cf4                operator delete(void*, unsigned long)
                0x00000000c0012cf9                operator delete[](void*)
                0x00000000c0012cfe                operator delete[](void*, unsigned long)
 .text          0x00000000c0012d03      0x1ef dbg/kconsole.32
                0x00000000c0012d03                Dbg::stringifyxWithBase(unsigned int, char*, int)
                0x00000000c0012d64                Dbg::logc(char)
                0x00000000c0012d7b                Dbg::logs(char*)
                0x00000000c0012d98                Dbg::logWriteInt(unsigned int)
                0x00000000c0012db5                Dbg::logWriteIntBase(unsigned int, int)
                0x00000000c0012dd4                Dbg::kprintf(char const*, ...)
 .text          0x00000000c0012ef2      0xb7c fs/vfs.32
                0x00000000c0012ef2                File::read(unsigned long long, void*, int*)
                0x00000000c0012f4a                File::write(unsigned long long, void*, int*)
                0x00000000c0012fa2                Directory::read(unsigned long long, void*, int*)
                0x00000000c0012ffa                Directory::write(unsigned long long, void*, int*)
                0x00000000c0013028                File::isAtty()
                0x00000000c001302c                Directory::isAtty()
                0x00000000c0013030                Filesystem::getlabel(LogicalDisk*, int, char*, unsigned int*)
                0x00000000c0013036                Filesystem::setlabel(LogicalDisk*, int, char*)
                0x00000000c001303c                File::~File()
                0x00000000c001303c                File::~File()
                0x00000000c0013060                File::~File()
                0x00000000c001308a                Directory::~Directory()
                0x00000000c001308a                Directory::~Directory()
                0x00000000c00130ae                Directory::~Directory()
                0x00000000c00130d8                Filesystem::Filesystem()
                0x00000000c00130d8                Filesystem::Filesystem()
                0x00000000c00130fc                Filesystem::~Filesystem()
                0x00000000c00130fc                Filesystem::~Filesystem()
                0x00000000c001310a                Filesystem::~Filesystem()
                0x00000000c001312e                Fs::getcwd(Process*, char*, int)
                0x00000000c0013158                Fs::initVFS()
                0x00000000c0013182                Fs::standardiseFiles(char*, char const*, char const*)
                0x00000000c001332c                File::File(char const*, Process*)
                0x00000000c001332c                File::File(char const*, Process*)
                0x00000000c0013390                File::open(FileOpenMode)
                0x00000000c00133ee                File::close()
                0x00000000c001344e                File::seek(unsigned long long)
                0x00000000c00134a4                File::tell(unsigned long long*)
                0x00000000c00134f4                File::rewind()
                0x00000000c0013508                File::unlink()
                0x00000000c0013554                File::rename(char const*)
                0x00000000c00135a2                File::chfatattr(unsigned char, unsigned char)
                0x00000000c00135fe                File::exists()
                0x00000000c001363c                File::stat(unsigned long long*, bool*)
                0x00000000c001369d                Fs::setcwd(Process*, char*)
                0x00000000c00137d8                Directory::Directory(char const*, Process*)
                0x00000000c00137d8                Directory::Directory(char const*, Process*)
                0x00000000c001383c                Directory::open()
                0x00000000c0013898                Directory::close()
                0x00000000c00138f8                Directory::unlink()
                0x00000000c0013944                Directory::rename(char const*)
                0x00000000c0013992                Directory::exists()
                0x00000000c00139d0                Directory::read(dirent*)
                0x00000000c0013a1c                Directory::create()
                0x00000000c0013a68                Filesystem::chfatattr(char const*, unsigned char, unsigned char)
 .text          0x00000000c0013a6e       0x84 hal/bus.32
                0x00000000c0013a6e                Bus::Bus(char const*)
                0x00000000c0013a6e                Bus::Bus(char const*)
                0x00000000c0013aa4                Bus::~Bus()
                0x00000000c0013aa4                Bus::~Bus()
                0x00000000c0013ac8                Bus::~Bus()
 .text          0x00000000c0013af2      0x14e hal/buzzer.32
                0x00000000c0013af2                Buzzer::Buzzer(char const*)
                0x00000000c0013af2                Buzzer::Buzzer(char const*)
                0x00000000c0013b36                Buzzer::~Buzzer()
                0x00000000c0013b36                Buzzer::~Buzzer()
                0x00000000c0013b5a                Buzzer::~Buzzer()
                0x00000000c0013b84                Buzzer::stop()
                0x00000000c0013b97                beepThread(void*)
                0x00000000c0013bd2                Buzzer::beep(int, int, bool)
 .text          0x00000000c0013c40      0x467 hal/clock.32
                0x00000000c0013c40                User::loadClockSettings(int)
                0x00000000c0013c92                Clock::Clock(char const*)
                0x00000000c0013c92                Clock::Clock(char const*)
                0x00000000c0013cc8                Clock::~Clock()
                0x00000000c0013cc8                Clock::~Clock()
                0x00000000c0013cec                Clock::~Clock()
                0x00000000c0013d16                Clock::timeInSecondsLocal()
                0x00000000c0013d5e                Clock::setTimeInSecondsLocal(unsigned long long)
                0x00000000c0013db7                datetimeToSeconds(datetime_t)
                0x00000000c0013ede                Clock::setTimeInDatetimeLocal(datetime_t)
                0x00000000c0013f3e                secondsToDatetime(unsigned long long)
                0x00000000c0014082                Clock::timeInDatetimeLocal()
 *fill*         0x00000000c00140a7        0x1 
 .text          0x00000000c00140a8      0x4de hal/device.32
                0x00000000c00140a8                Device::hibernate()
                0x00000000c00140aa                Device::wake()
                0x00000000c00140ac                Device::detect()
                0x00000000c00140ae                Device::disableLegacy()
                0x00000000c00140b0                Device::powerSaving(PowerSavingLevel)
                0x00000000c00140b2                DriverlessDevice::close(int, int, void*)
                0x00000000c00140b6                DriverlessDevice::detect()
                0x00000000c00140b8                DriverlessDevice::open(int, int, void*)
                0x00000000c00140cc                Device::~Device()
                0x00000000c00140cc                Device::~Device()
                0x00000000c00140da                Device::~Device()
                0x00000000c0014102                Device::findAndLoadDriver()
                0x00000000c0014104                Device::preOpenPCI(PCIDeviceInfo)
                0x00000000c001412a                Device::preOpenACPI(void*, char*, char*)
                0x00000000c001417e                Device::addIRQHandler(int, void (*)(regs*, void*), bool, void*)
                0x00000000c00141bc                Device::removeIRQHandler(int, void (*)(regs*, void*), bool)
                0x00000000c00141fa                Device::addChild(Device*)
                0x00000000c001423e                Device::removeAllChildren()
                0x00000000c0014284                Device::hibernateAll()
                0x00000000c00142b4                Device::wakeAll()
                0x00000000c00142e4                Device::detectAll()
                0x00000000c0014314                Device::disableLegacyAll()
                0x00000000c0014344                Device::loadDriversForAll()
                0x00000000c0014370                Device::closeAll()
                0x00000000c00143a6                Device::powerSavingAll(PowerSavingLevel)
                0x00000000c00143dc                Device::setName(char const*)
                0x00000000c00143ea                Device::Device(char const*)
                0x00000000c00143ea                Device::Device(char const*)
                0x00000000c00144e6                Device::getName()
                0x00000000c00144f0                DriverlessDevice::DriverlessDevice(char const*)
                0x00000000c00144f0                DriverlessDevice::DriverlessDevice(char const*)
                0x00000000c0014518                Device::addToLinkedList(LinkedList<Device>&, DeviceType)
                0x00000000c001455c                getDevicesOfType(DeviceType)
 .text          0x00000000c0014586       0x84 hal/diskctrl.32
                0x00000000c0014586                HardDiskController::HardDiskController(char const*)
                0x00000000c0014586                HardDiskController::HardDiskController(char const*)
                0x00000000c00145bc                HardDiskController::~HardDiskController()
                0x00000000c00145bc                HardDiskController::~HardDiskController()
                0x00000000c00145e0                HardDiskController::~HardDiskController()
 .text          0x00000000c001460a       0xf2 hal/diskphys.32
                0x00000000c001460a                PhysicalDisk::eject()
                0x00000000c001461e                PhysicalDisk::PhysicalDisk(char const*, int)
                0x00000000c001461e                PhysicalDisk::PhysicalDisk(char const*, int)
                0x00000000c0014686                PhysicalDisk::startCache()
                0x00000000c00146ae                PhysicalDisk::~PhysicalDisk()
                0x00000000c00146ae                PhysicalDisk::~PhysicalDisk()
                0x00000000c00146d2                PhysicalDisk::~PhysicalDisk()
 .text          0x00000000c00146fc      0x13b hal/fpu.32
                0x00000000c00146fc                FPU::FPU(char const*)
                0x00000000c00146fc                FPU::FPU(char const*)
                0x00000000c0014732                FPU::~FPU()
                0x00000000c0014732                FPU::~FPU()
                0x00000000c0014756                FPU::~FPU()
                0x00000000c0014780                setupFPU()
 *fill*         0x00000000c0014837        0x1 
 .text          0x00000000c0014838     0x13ab hal/intctrl.32
                0x00000000c0014838                InterruptController::uninstallISRHandler(int, void (*)(regs*, void*))
                0x00000000c0014870                InterruptController::installISRHandler(int, void (*)(regs*, void*), void*)
                0x00000000c00148c2                doubleFault(regs*, void*)
                0x00000000c00148dc                InterruptController::installIRQHandler(int, void (*)(regs*, void*), bool, void*)
                0x00000000c0014978                InterruptController::clearAllHandlers(int, bool)
                0x00000000c0014a20                InterruptController::uninstallIRQHandler(int, void (*)(regs*, void*), bool)
                0x00000000c0014aa7                nmiHandler(regs*, void*)
                0x00000000c0014ab5                int_handler
                0x00000000c0014b56                InterruptController::InterruptController(char const*)
                0x00000000c0014b56                InterruptController::InterruptController(char const*)
                0x00000000c0014bfc                InterruptController::~InterruptController()
                0x00000000c0014bfc                InterruptController::~InterruptController()
                0x00000000c0014c20                InterruptController::~InterruptController()
                0x00000000c0014c4a                displayDebugInfo(regs*)
                0x00000000c00150d9                x87EmulHandler(regs*, void*)
                0x00000000c0015108                gpFault(regs*, void*)
                0x00000000c0015141                pgFault(regs*, void*)
                0x00000000c0015168                otherISRHandler(regs*, void*)
                0x00000000c0015187                opcodeFault(regs*, void*)
                0x00000000c001578d                displayProgramFault(char const*)
                0x00000000c00157b5                setupInterruptController()
                0x00000000c0015b96                InterruptController::convertLegacyIRQNumber(int)
 *fill*         0x00000000c0015be3        0x1 
 .text          0x00000000c0015be4      0x6c8 hal/keybrd.32
                0x00000000c0015be4                startGUI(void*)
                0x00000000c0015c40                startGUIVESA(void*)
                0x00000000c0015c9c                sendKeyToTerminal(unsigned char)
                0x00000000c0015d08                sendKeyboardToken(KeyboardToken)
                0x00000000c0016145                clearInternalKeybuffer(VgaText*)
                0x00000000c001617a                readKeyboard(VgaText*, char*, unsigned long)
                0x00000000c0016222                Keyboard::Keyboard(char const*)
                0x00000000c0016222                Keyboard::Keyboard(char const*)
                0x00000000c001625e                Keyboard::~Keyboard()
                0x00000000c001625e                Keyboard::~Keyboard()
                0x00000000c0016282                Keyboard::~Keyboard()
 .text          0x00000000c00162ac      0x414 hal/logidisk.32
                0x00000000c00162ac                LogicalDisk::close(int, int, void*)
                0x00000000c00162b0                LogicalDisk::~LogicalDisk()
                0x00000000c00162b0                LogicalDisk::~LogicalDisk()
                0x00000000c00162d4                LogicalDisk::~LogicalDisk()
                0x00000000c00162fe                LogicalDisk::open(int, int, void*)
                0x00000000c0016312                LogicalDisk::absoluteToRelative(unsigned long long)
                0x00000000c001634a                LogicalDisk::relativeToAbsolute(unsigned long long)
                0x00000000c0016390                LogicalDisk::LogicalDisk(char const*, PhysicalDisk*, unsigned long long, unsigned long long)
                0x00000000c0016390                LogicalDisk::LogicalDisk(char const*, PhysicalDisk*, unsigned long long, unsigned long long)
                0x00000000c0016446                LogicalDisk::assignDriveLetter()
                0x00000000c00164fc                LogicalDisk::mount()
                0x00000000c001656e                LogicalDisk::unmount()
                0x00000000c001657e                LogicalDisk::eject()
                0x00000000c0016592                LogicalDisk::unassignDriveLetter()
                0x00000000c00165e8                LogicalDisk::read(unsigned long long, int, void*)
                0x00000000c0016654                LogicalDisk::write(unsigned long long, int, void*)
 .text          0x00000000c00166c0       0x84 hal/mouse.32
                0x00000000c00166c0                Mouse::Mouse(char const*)
                0x00000000c00166c0                Mouse::Mouse(char const*)
                0x00000000c00166f6                Mouse::~Mouse()
                0x00000000c00166f6                Mouse::~Mouse()
                0x00000000c001671a                Mouse::~Mouse()
 .text          0x00000000c0016744      0x34d hal/partition.32
                0x00000000c0016744                makePartition(PhysicalDisk*, unsigned long long, unsigned long long)
                0x00000000c0016800                createPartitionsForDisk(PhysicalDisk*)
 *fill*         0x00000000c0016a91        0x1 
 .text          0x00000000c0016a92       0x84 hal/serial.32
                0x00000000c0016a92                Serial::Serial(char const*)
                0x00000000c0016a92                Serial::Serial(char const*)
                0x00000000c0016ac8                Serial::~Serial()
                0x00000000c0016ac8                Serial::~Serial()
                0x00000000c0016aec                Serial::~Serial()
 .text          0x00000000c0016b16      0x2b8 hal/timer.32
                0x00000000c0016b16                Timer::Timer(char const*)
                0x00000000c0016b16                Timer::Timer(char const*)
                0x00000000c0016b4c                Timer::~Timer()
                0x00000000c0016b4c                Timer::~Timer()
                0x00000000c0016b70                Timer::~Timer()
                0x00000000c0016b9a                Timer::read()
                0x00000000c0016ba5                timerHandler(unsigned long long)
                0x00000000c0016cdc                setupTimer(int)
 .text          0x00000000c0016dce      0x425 hal/vcache.32
                0x00000000c0016dce                VCache::VCache(PhysicalDisk*)
                0x00000000c0016dce                VCache::VCache(PhysicalDisk*)
                0x00000000c0016f36                VCache::invalidateReadBuffer()
                0x00000000c0016f46                VCache::writeWriteBuffer()
                0x00000000c0016f82                VCache::~VCache()
                0x00000000c0016f82                VCache::~VCache()
                0x00000000c0016fd6                VCache::~VCache()
                0x00000000c0016ffe                VCache::write(unsigned long long, int, void*)
                0x00000000c00170f4                VCache::read(unsigned long long, int, void*)
 *fill*         0x00000000c00171f3        0x1 
 .text          0x00000000c00171f4      0x4cd hal/video.32
                0x00000000c00171f4                Video::putrect(int, int, int, int, unsigned int)
                0x00000000c0017240                Video::bitblit(int, int, int, int, int, int, int, unsigned int*)
                0x00000000c00172b0                Video::blit(unsigned int*, int, int, int, int)
                0x00000000c001732e                Video::clearScreen(unsigned int)
                0x00000000c0017362                Video::putpixel(int, int, unsigned int)
                0x00000000c0017370                Video::Video(char const*)
                0x00000000c0017370                Video::Video(char const*)
                0x00000000c00173a6                Video::~Video()
                0x00000000c00173a6                Video::~Video()
                0x00000000c00173ca                Video::~Video()
                0x00000000c00173f4                Video::isMonochrome()
                0x00000000c0017400                Video::getWidth()
                0x00000000c001740c                Video::getHeight()
                0x00000000c0017418                Video::drawCursor(int, int, unsigned char*, int)
                0x00000000c00174d4                Video::tgaParse(unsigned char*, int, int*, int*)
                0x00000000c0017656                Video::putTGA(int, int, unsigned char*, int)
 *fill*         0x00000000c00176c1        0x1 
 .text          0x00000000c00176c2      0xf68 hw/acpi.32
                0x00000000c00176c2                ACPI::close(int, int, void*)
                0x00000000c0017777                findRSDP()
                0x00000000c0017801                loadACPITables(unsigned char*)
                0x00000000c0017a28                findRSDT(unsigned char*)
                0x00000000c0017b46                findDataTable(unsigned char*, char*)
                0x00000000c0017be2                scanMADT()
                0x00000000c0018068                ACPI::ACPI()
                0x00000000c0018068                ACPI::ACPI()
                0x00000000c00180d2                ACPI::getPCIIRQAssignment(unsigned char, unsigned short, unsigned char)
                0x00000000c00181b4                ACPI::registerPCIIRQAssignment(void*, unsigned short, unsigned char, unsigned char)
                0x00000000c001827a                ACPI::setScreenBrightnessLevel(void*, int)
                0x00000000c0018280                ACPI::writeSimpleBootFlag(SimpleBootFlagTable*)
                0x00000000c00182c8                ACPI::open(int, int, void*)
                0x00000000c0018612                ACPI::sleep()
 .text          0x00000000c001862a     0x1715 hw/cpu.32
                0x00000000c001862a                CPU::close(int, int, void*)
                0x00000000c001862e                CPU::lookupAMDName(unsigned char, unsigned char)
                0x00000000c00187c2                CPU::lookupIntelName(unsigned char, unsigned char)
                0x00000000c0018a70                CPU::AMD_K6_write_msr(unsigned int, unsigned int, unsigned int, CPU::REGS*)
                0x00000000c0018a8c                CPU::AMD_K6_read_msr(unsigned int, CPU::REGS*)
                0x00000000c0018aa4                CPU::AMD_K6_writeback(int, int, int)
                0x00000000c0018b18                CPU::cpuid(int, unsigned long*, unsigned long*, unsigned long*, unsigned long*)
                0x00000000c0018b9c                CPU::cpuidCheckEDX(unsigned int)
                0x00000000c0018bca                CPU::cpuidCheckECX(unsigned int)
                0x00000000c0018bf8                CPU::cpuidCheckExtendedEBX(unsigned int)
                0x00000000c0018c26                CPU::cpuidCheckExtendedECX(unsigned int)
                0x00000000c0018c54                CPU::CPU()
                0x00000000c0018c54                CPU::CPU()
                0x00000000c0018ce2                CPU::displayFeatures()
                0x00000000c0018f5e                CPU::detectFeatures()
                0x00000000c001994e                CPU::setupSMEP()
                0x00000000c001995a                CPU::setupUMIP()
                0x00000000c0019964                CPU::setupTSC()
                0x00000000c001996e                CPU::setupLargePages()
                0x00000000c0019978                CPU::setupPAT()
                0x00000000c00199b4                CPU::setupMTRR()
                0x00000000c00199b6                CPU::setupGlobalPages()
                0x00000000c00199c0                CPU::allowUsermodeDataAccess()
                0x00000000c00199d2                CPU::prohibitUsermodeDataAccess()
                0x00000000c00199e4                CPU::setupSMAP()
                0x00000000c00199f2                CPU::setupFeatures()
                0x00000000c0019a72                CPU::open(int, int, void*)
                0x00000000c0019b44                CPU::decodeAddress(regs*, int*, bool*, unsigned char*)
 .text          0x00000000c0019d3f        0x0 hw/ports.32
 .text          0x00000000c0019d3f      0x16a hw/smp.32
                0x00000000c0019d3f                Krnl::smpEntry()
                0x00000000c0019d41                Krnl::startCPU(int)
                0x00000000c0019e8a                Krnl::startCPUs()
 *fill*         0x00000000c0019ea9        0x1 
 .text          0x00000000c0019eaa      0x5d3 krnl/env.32
                0x00000000c0019eaa                EnvVarContainer::getEnv(char const*)
                0x00000000c0019ee8                EnvVarContainer::setEnv(char const*, char const*)
                0x00000000c0019fb4                EnvVarContainer::deleteEnv(char const*)
                0x00000000c0019fb6                EnvVarContainer::loadFrom(char const*, char const*)
                0x00000000c001a1ac                EnvVarContainer::__loadSystem()
                0x00000000c001a1c6                EnvVarContainer::__loadUser()
                0x00000000c001a1c8                EnvVarContainer::EnvVarContainer(Process*)
                0x00000000c001a1c8                EnvVarContainer::EnvVarContainer(Process*)
                0x00000000c001a1ea                EnvVarContainer::~EnvVarContainer()
                0x00000000c001a1ea                EnvVarContainer::~EnvVarContainer()
                0x00000000c001a21a                Krnl::getEnv(Process*, char const*)
                0x00000000c001a27f                Krnl::setEnvSystem(char const*, char const*)
                0x00000000c001a299                Krnl::setEnvUser(char const*, char const*)
                0x00000000c001a2b8                Krnl::setEnvProcess(Process*, char const*, char const*)
                0x00000000c001a2cb                Krnl::deleteEnvSystem(char const*)
                0x00000000c001a2cc                Krnl::deleteEnvUser(char const*)
                0x00000000c001a2cd                Krnl::deleteEnvProcess(Process*, char const*)
                0x00000000c001a2ce                Krnl::newProcessEnv(Process*)
                0x00000000c001a2f0                Krnl::copyProcessEnv(Process*, Process*)
                0x00000000c001a344                Krnl::loadSystemEnv()
                0x00000000c001a372                Krnl::loadUserEnv()
                0x00000000c001a398                Krnl::flushEnv()
                0x00000000c001a399                Krnl::getProcessTotalEnvCount(Process*)
                0x00000000c001a3b9                Krnl::getProcessEnvPair(Process*, int)
 .text          0x00000000c001a47d      0x396 krnl/panic.32
                0x00000000c001a47d                Krnl::panic(char const*)
 .text          0x00000000c001a813      0x3b6 net/ethernet.32
                0x00000000c001a813                Net::switchEndian16(unsigned short)
                0x00000000c001a834                Net::switchEndian32(unsigned int)
                0x00000000c001a863                Net::crc32Calc(unsigned char*, int)
                0x00000000c001a8f4                Net::wrapEthernetFrame(Net::UnwrappedEthernetFrame, unsigned char*)
                0x00000000c001aa30                Net::unwrapEthernetFrame(unsigned char*, int)
 .text          0x00000000c001abc9      0x513 reg/registry.32
                0x00000000c001abc9                Reg::findLineFromLoadedData(char*, char*, char*)
                0x00000000c001ad21                Reg::getLineFromRegistry(char*, char*, char*, char*)
                0x00000000c001ae76                Reg::getLine(char*, char*, char*)
                0x00000000c001aead                Reg::readInt(char*, char*, int*)
                0x00000000c001af98                Reg::readString(char*, char*, char*, int)
                0x00000000c001b019                Reg::readBool(char*, char*, bool*)
                0x00000000c001b03e                Reg::readBoolWithDefault(char*, char*, bool)
                0x00000000c001b06a                Reg::readIntWithDefault(char*, char*, int)
                0x00000000c001b096                Reg::readStringWithDefault(char*, char*, char*, int, char*)
 .text          0x00000000c001b0dc       0x36 sys/sc_eject.32
                0x00000000c001b0dc                Sys::eject(regs*)
 .text          0x00000000c001b112       0x18 sys/sc_exit.32
                0x00000000c001b112                Sys::exit(regs*)
 .text          0x00000000c001b12a       0x1f sys/sc_getcwd.32
                0x00000000c001b12a                Sys::getCwd(regs*)
 .text          0x00000000c001b149        0xc sys/sc_getpid.32
                0x00000000c001b149                Sys::getPID(regs*)
 .text          0x00000000c001b155       0x17 sys/sc_getramdata.32
                0x00000000c001b155                Sys::getRAMData(regs*)
 .text          0x00000000c001b16c       0xa8 sys/sc_loaddll.32
                0x00000000c001b16c                Sys::loadDLL(regs*)
 .text          0x00000000c001b214       0x68 sys/sc_read.32
                0x00000000c001b214                Sys::read(regs*)
 .text          0x00000000c001b27c       0x55 sys/sc_sbrk.32
                0x00000000c001b27c                Sys::sbrk(regs*)
 .text          0x00000000c001b2d1       0x1c sys/sc_setcwd.32
                0x00000000c001b2d1                Sys::setCwd(regs*)
 .text          0x00000000c001b2ed      0x128 sys/sc_settime.32
                0x00000000c001b2ed                Sys::setTime(regs*)
 .text          0x00000000c001b415       0x4a sys/sc_timezone.32
                0x00000000c001b415                Sys::timezone(regs*)
 .text          0x00000000c001b45f       0x68 sys/sc_write.32
                0x00000000c001b45f                Sys::write(regs*)
 .text          0x00000000c001b4c7       0x62 sys/sc_wsbe.32
                0x00000000c001b4c7                Sys::wsbe(regs*)
 .text          0x00000000c001b529       0x3b sys/sc_yield.32
                0x00000000c001b529                Sys::yield(regs*)
 .text          0x00000000c001b564     0x10e5 sys/syscalls.32
                0x00000000c001b564                sysCallSeekDir(regs*)
                0x00000000c001b569                sysCallTellDir(regs*)
                0x00000000c001b56e                sysCallVerify(regs*)
                0x00000000c001b578                sysFormatDisk(regs*)
                0x00000000c001b5e2                sysSetDiskVolumeLabel(regs*)
                0x00000000c001b628                sysGetDiskVolumeLabel(regs*)
                0x00000000c001b679                sysShutdown(regs*)
                0x00000000c001b6d7                sysCallRealpath(regs*)
                0x00000000c001b71a                sysCallGetArgc(regs*)
                0x00000000c001b748                sysCallReadDir(regs*)
                0x00000000c001b7d6                sysCallIsATTY(regs*)
                0x00000000c001b830                sysCallSeek(regs*)
                0x00000000c001b899                sysCallTell(regs*)
                0x00000000c001b916                sysCallSize(regs*)
                0x00000000c001b999                sysCallSizeFromFilename(regs*)
                0x00000000c001ba59                sysCallClose(regs*)
                0x00000000c001bae1                sysCallOpenDir(regs*)
                0x00000000c001bb56                sysCallCloseDir(regs*)
                0x00000000c001bbbc                sysCallMakeDir(regs*)
                0x00000000c001bc2c                sysCallWait(regs*)
                0x00000000c001bc46                sysCallNotImpl(regs*)
                0x00000000c001bc61                sysPanic(regs*)
                0x00000000c001bc87                sysCallRmdir(regs*)
                0x00000000c001bceb                sysCallUnlink(regs*)
                0x00000000c001bd4f                sysCallGetArgv(regs*)
                0x00000000c001bd9b                sysCallTTYName(regs*)
                0x00000000c001be1e                sysCallUSleep(regs*)
                0x00000000c001be45                sysCallSpawn(regs*)
                0x00000000c001be9d                sysCallGetEnv(regs*)
                0x00000000c001bfd5                sysAppSettings(regs*)
                0x00000000c001c0f4                sysSetFatAttrib(regs*)
                0x00000000c001c166                sysPipe(regs*)
                0x00000000c001c1ab                sysGetUnixTime(regs*)
                0x00000000c001c1bf                string_ends_with(char const*, char const*)
                0x00000000c001c207                sysCallOpen(regs*)
                0x00000000c001c41c                Sys::loadSyscalls()
                0x00000000c001c607                Sys::systemCall(regs*, void*)
 .text          0x00000000c001c649     0x11ef thr/elf.32
                0x00000000c001c649                Thr::allocateMemoryForTask(Process*, File*, unsigned long, unsigned long, unsigned long)
                0x00000000c001c8db                Thr::loadProgramIntoMemory(Process*, char const*)
                0x00000000c001caf1                Thr::runtimeReferenceHelper()
                0x00000000c001cb04                Thr::getAddressOfKernelSymbol(char const*)
                0x00000000c001cb53                Thr::loadKernelSymbolTable(char const*)
                0x00000000c001ce11                Thr::loadDriverIntoMemory(char const*, unsigned long, bool)
                0x00000000c001d52d                Thr::getDriverBaseFromAddress(unsigned long)
                0x00000000c001d55f                Thr::getDriverNameFromAddress(unsigned long)
                0x00000000c001d596                Thr::getDriverOffsetFromAddress(unsigned long)
                0x00000000c001d5b0                Thr::loadDLL(char const*, bool)
                0x00000000c001d7ff                Thr::executeDLL(unsigned long, void*)
 .text          0x00000000c001d838     0x105a thr/prcssthr.32
                0x00000000c001d838                changeTSS
                0x00000000c001d868                Process::addArgs(char**)
                0x00000000c001d8c2                Process::Process(char const*, Process*, char**)
                0x00000000c001d8c2                Process::Process(char const*, Process*, char**)
                0x00000000c001daa8                Process::Process(bool, char const*, Process*, char**)
                0x00000000c001daa8                Process::Process(bool, char const*, Process*, char**)
                0x00000000c001dc5a                disableIRQs()
                0x00000000c001dc62                getIRQNestingLevel()
                0x00000000c001dc68                enableIRQs()
                0x00000000c001dc77                lockScheduler()
                0x00000000c001dc79                unlockScheduler()
                0x00000000c001dc7b                userModeEntryPoint(void*)
                0x00000000c001dc9e                lockStuff()
                0x00000000c001dcaa                taskStartupFunction
                0x00000000c001dcb3                updateTimeUsed()
                0x00000000c001dd18                switchToThread(ThreadControlBlock*)
                0x00000000c001dd68                Semaphore::Semaphore(int)
                0x00000000c001dd68                Semaphore::Semaphore(int)
                0x00000000c001dd96                Mutex::Mutex()
                0x00000000c001dd96                Mutex::Mutex()
                0x00000000c001dda8                Process::createThread(void (*)(void*), void*, int)
                0x00000000c001de8c                Process::createUserThread()
                0x00000000c001dea8                setupMultitasking(void (*)())
                0x00000000c001dfb2                schedule()
                0x00000000c001e037                unlockStuff()
                0x00000000c001e06c                Semaphore::tryAcquire()
                0x00000000c001e09a                Semaphore::assertLocked(char const*)
                0x00000000c001e0ca                blockTaskWithSchedulerLockAlreadyHeld(TaskState)
                0x00000000c001e10c                blockTask(TaskState)
                0x00000000c001e12d                waitTask(int, int*, int)
                0x00000000c001e16f                nanoSleepUntil(unsigned long long)
                0x00000000c001e1c6                nanoSleep(unsigned long long)
                0x00000000c001e1db                sleep(unsigned long long)
                0x00000000c001e1f8                Semaphore::acquire()
                0x00000000c001e260                taskReturned
                0x00000000c001e28e                unblockTask(ThreadControlBlock*)
                0x00000000c001e33d                cleanupTerminatedTask(ThreadControlBlock*)
                0x00000000c001e607                cleanerTaskFunction(void*)
                0x00000000c001e6ba                terminateTask(int)
                0x00000000c001e79a                Thr::terminateFromIRQ(int)
                0x00000000c001e7a6                Semaphore::release()
 .text          0x00000000c001e892      0xc26 vm86/vm8086.32
                0x00000000c001e892                Vm::inbv(unsigned short)
                0x00000000c001e8a5                Vm::outbv(unsigned short, unsigned char)
                0x00000000c001e8f8                Vm::realToLinear(unsigned short, unsigned short)
                0x00000000c001e908                Vm::getSegment(unsigned int)
                0x00000000c001e910                Vm::getOffset(unsigned int)
                0x00000000c001e915                Vm::mainloop2()
                0x00000000c001e950                Vm::mainVm8086Loop(void*)
                0x00000000c001e95d                Vm::mainloop3(unsigned long)
                0x00000000c001e987                Vm::initialise8086()
                0x00000000c001e9ca                Vm::finish8086()
                0x00000000c001ea0f                Vm::getOutput8086(unsigned char*)
                0x00000000c001ea39                Vm::start8086(char const*, unsigned short, unsigned short, unsigned short, unsigned short)
                0x00000000c001eb89                Vm::doISR(regs*, int, unsigned char*, unsigned short, unsigned short)
                0x00000000c001ec13                Vm::readByteFromReal(unsigned short, unsigned short)
                0x00000000c001ec24                Vm::readWordFromReal(unsigned short, unsigned short)
                0x00000000c001ec36                Vm::readDwordFromReal(unsigned short, unsigned short)
                0x00000000c001ec47                Vm::writeByteFromReal(unsigned short, unsigned short, unsigned char)
                0x00000000c001ec5c                Vm::writeWordFromReal(unsigned short, unsigned short, unsigned short)
                0x00000000c001ec72                Vm::writeDwordFromReal(unsigned short, unsigned short, unsigned int)
                0x00000000c001ec87                Vm::faultHandler(regs*)
 .text          0x00000000c001f4b8      0xf2b vm86/x87em.32
                0x00000000c001f4b8                Vm::x87Save(void*)
                0x00000000c001f4cf                Vm::x87Load(void*)
                0x00000000c001f4e6                Vm::fpuInternalTo32(unsigned long long)
                0x00000000c001f541                Vm::fpuInternalTo64(unsigned long long)
                0x00000000c001f54a                Vm::fpu32ToInternal(unsigned int)
                0x00000000c001f58f                Vm::fpu64ToInternal(unsigned long long)
                0x00000000c001f598                Vm::fpuFloatToLong(unsigned long long)
                0x00000000c001f5f3                Vm::fpuULongToFloat(unsigned long long)
                0x00000000c001f629                Vm::fpuLongToFloat(long long)
                0x00000000c001f67f                Vm::fpuGet0()
                0x00000000c001f684                Vm::fpuGet1()
                0x00000000c001f68c                Vm::fpuGetPi()
                0x00000000c001f694                Vm::fpuGetLog2E()
                0x00000000c001f6ac                Vm::fpuGetLogE2()
                0x00000000c001f6c4                Vm::fpuGetLog210()
                0x00000000c001f6dc                Vm::fpuGetLog102()
                0x00000000c001f6f4                Vm::fpuIsSecondLarger(unsigned long long, unsigned long long)
                0x00000000c001f708                Vm::fpuAreEqual(unsigned long long, unsigned long long)
                0x00000000c001f71e                Vm::fpuUnorderedCompare(unsigned long long, unsigned long long)
                0x00000000c001f771                Vm::fpuAdd(unsigned long long, unsigned long long)
                0x00000000c001f782                Vm::fpuAbs(unsigned long long)
                0x00000000c001f78b                Vm::fpuChs(unsigned long long)
                0x00000000c001f79b                Vm::fpuSub(unsigned long long, unsigned long long)
                0x00000000c001f7aa                Vm::fpuMultiply(unsigned long long, unsigned long long)
                0x00000000c001f7c9                Vm::fpuDivide(unsigned long long, unsigned long long)
                0x00000000c001f7e5                Vm::fpuSquare(unsigned long long)
                0x00000000c001f7fb                Vm::fpuGetReg(int)
                0x00000000c001f83e                Vm::fpuSetReg(int, unsigned long long)
                0x00000000c001f889                Vm::fpuPush(unsigned long long)
                0x00000000c001f8e6                Vm::fpuPop()
                0x00000000c001f938                Vm::x87Handler(regs*)
 *fill*         0x00000000c00203e3        0x1 
 .text          0x00000000c00203e4     0x10ed fs/fat/vfslink.32
                0x00000000c00203e4                FAT::getName()
                0x00000000c00203ea                FAT::tell(void*, unsigned long long*)
                0x00000000c002041e                FAT::stat(void*, unsigned long long*)
                0x00000000c0020452                FAT::~FAT()
                0x00000000c0020452                FAT::~FAT()
                0x00000000c0020476                FAT::~FAT()
                0x00000000c002049e                FAT::getlabel(LogicalDisk*, int, char*, unsigned int*)
                0x00000000c002053c                FAT::setlabel(LogicalDisk*, int, char*)
                0x00000000c00205f6                FAT::format(LogicalDisk*, int, char const*, int)
                0x00000000c00207da                FAT::tryMount(LogicalDisk*, int)
                0x00000000c00209e0                FAT::readDir(void*, unsigned long, void*, int*)
                0x00000000c0020ae6                FAT::read(void*, unsigned long, void*, int*)
                0x00000000c0020b40                FAT::write(void*, unsigned long, void*, int*)
                0x00000000c0020b9a                FAT::close(void*)
                0x00000000c0020be6                FAT::closeDir(void*)
                0x00000000c0020c32                FAT::seek(void*, unsigned long long)
                0x00000000c0020c86                fatWrapperReadDisk
                0x00000000c0020ccd                fatWrapperWriteDisk
                0x00000000c0020d14                fatWrapperIoctl
                0x00000000c0020e18                FAT::FAT()
                0x00000000c0020e18                FAT::FAT()
                0x00000000c0020e6a                FAT::fixFilepath(char*)
                0x00000000c0020ea2                FAT::open(char const*, void**, FileOpenMode)
                0x00000000c0020fca                FAT::openDir(char const*, void**)
                0x00000000c0021070                FAT::stat(char const*, unsigned long long*, bool*)
                0x00000000c002115a                FAT::unlink(char const*)
                0x00000000c00211d4                FAT::chfatattr(char const*, unsigned char, unsigned char)
                0x00000000c0021328                FAT::rename(char const*, char const*)
                0x00000000c00213ec                FAT::mkdir(char const*)
                0x00000000c0021466                FAT::exists(char const*)
 *fill*         0x00000000c00214d1        0x1 
 .text          0x00000000c00214d2      0xbc1 fs/iso9660/vfslink.32
                0x00000000c00214d2                ISO9660::format(LogicalDisk*, int, char const*, int)
                0x00000000c00214d8                ISO9660::seek(void*, unsigned long long)
                0x00000000c0021508                ISO9660::tell(void*, unsigned long long*)
                0x00000000c002152c                ISO9660::getName()
                0x00000000c0021532                ISO9660::stat(void*, unsigned long long*)
                0x00000000c0021556                ISO9660::chfatattr(char const*, unsigned char, unsigned char)
                0x00000000c002155c                ISO9660::unlink(char const*)
                0x00000000c0021562                ISO9660::write(void*, unsigned long, void*, int*)
                0x00000000c0021568                ISO9660::rename(char const*, char const*)
                0x00000000c002156e                ISO9660::mkdir(char const*)
                0x00000000c0021574                ISO9660::close(void*)
                0x00000000c0021596                ISO9660::closeDir(void*)
                0x00000000c00215b8                ISO9660::~ISO9660()
                0x00000000c00215b8                ISO9660::~ISO9660()
                0x00000000c00215dc                ISO9660::~ISO9660()
                0x00000000c0021603                __memmem(unsigned char*, int, unsigned char*, int)
                0x00000000c0021645                readSectorFromCDROM(unsigned int, unsigned char*, char)
                0x00000000c00216ac                ISO9660::tryMount(LogicalDisk*, int)
                0x00000000c00216fc                ISO9660::read(void*, unsigned long, void*, int*)
                0x00000000c00218fc                ISO9660::readDir(void*, unsigned long, void*, int*)
                0x00000000c0021b89                readRoot(unsigned int*, unsigned int*, char)
                0x00000000c0021bde                readRecursively(char*, unsigned int, unsigned int, unsigned int*, unsigned int*, char, int*)
                0x00000000c0021db1                getFileData(char*, unsigned int*, unsigned int*, char, int*)
                0x00000000c0021e40                ISO9660::open(char const*, void**, FileOpenMode)
                0x00000000c0021f00                ISO9660::exists(char const*)
                0x00000000c0021f24                ISO9660::stat(char const*, unsigned long long*, bool*)
                0x00000000c0021fb8                ISO9660::openDir(char const*, void**)
                0x00000000c0022070                ISO9660::ISO9660()
                0x00000000c0022070                ISO9660::ISO9660()
 *fill*         0x00000000c0022093        0x1 
 .text          0x00000000c0022094      0x326 hal/sound/sndchannel.32
                0x00000000c0022094                SoundChannel::~SoundChannel()
                0x00000000c0022094                SoundChannel::~SoundChannel()
                0x00000000c00220b0                SoundChannel::setSpeed(float)
                0x00000000c00220bc                SoundChannel::getSpeed()
                0x00000000c00220c4                SoundChannel::setVolume(int)
                0x00000000c00220e0                SoundChannel::getVolume()
                0x00000000c00220e8                SoundChannel::pause()
                0x00000000c00220f2                SoundChannel::SoundChannel(int, int, int, int)
                0x00000000c00220f2                SoundChannel::SoundChannel(int, int, int, int)
                0x00000000c0022248                SoundChannel::play()
                0x00000000c0022252                SoundChannel::paused()
                0x00000000c002225a                SoundChannel::getSampleRate()
                0x00000000c0022262                SoundChannel::getBits()
                0x00000000c002226a                SoundChannel::getBufferUsed()
                0x00000000c0022272                SoundChannel::getBufferSize()
                0x00000000c002227a                SoundChannel::unbuffer(float*, int, int)
                0x00000000c002231a                SoundChannel::buffer8(unsigned char*, int)
 .text          0x00000000c00223ba      0x3d5 hal/sound/sndhw.32
                0x00000000c00223ba                SoundDevice::SoundDevice(char const*)
                0x00000000c00223ba                SoundDevice::SoundDevice(char const*)
                0x00000000c0022426                SoundDevice::~SoundDevice()
                0x00000000c0022426                SoundDevice::~SoundDevice()
                0x00000000c00224a0                SoundDevice::~SoundDevice()
                0x00000000c00224ca                SoundDevice::getFreeChannelNum()
                0x00000000c00224e4                SoundDevice::addChannel(SoundChannel*)
                0x00000000c0022554                SoundDevice::removeChannel(int)
                0x00000000c0022586                SoundDevice::floatTo8(float*, unsigned char*, int)
                0x00000000c002266e                SoundDevice::getAudio(int, float*, float*)
 .text          0x00000000c002278f        0x0 hw/bus/isa.32
 *fill*         0x00000000c002278f        0x1 
 .text          0x00000000c0022790      0x6c3 hw/bus/pci.32
                0x00000000c0022790                PCI::open(int, int, void*)
                0x00000000c00227a4                PCI::close(int, int, void*)
                0x00000000c00227a8                PCI::PCI()
                0x00000000c00227a8                PCI::PCI()
                0x00000000c0022828                PCI::pciReadWord(unsigned char, unsigned char, unsigned char, unsigned char)
                0x00000000c0022870                PCI::getVendorID(unsigned char, unsigned char, unsigned char)
                0x00000000c0022892                PCI::getHeaderType(unsigned char, unsigned char, unsigned char)
                0x00000000c00228b6                PCI::getClassCode(unsigned char, unsigned char, unsigned char)
                0x00000000c00228fa                PCI::getProgIF(unsigned char, unsigned char, unsigned char)
                0x00000000c002291e                PCI::getRevisionID(unsigned char, unsigned char, unsigned char)
                0x00000000c0022940                PCI::getInterruptNumber(unsigned char, unsigned char, unsigned char)
                0x00000000c0022962                PCI::getSecondaryBus(unsigned char, unsigned char, unsigned char)
                0x00000000c0022986                PCI::getBARAddress(unsigned char, unsigned char, unsigned char, unsigned char)
                0x00000000c00229e6                PCI::pciWriteWord(unsigned char, unsigned char, unsigned char, unsigned char, unsigned short)
                0x00000000c0022a52                PCI::checkBus(unsigned char)
                0x00000000c0022a76                PCI::foundDevice(PCIDeviceInfo)
                0x00000000c0022be8                PCI::getDeviceData(unsigned char, unsigned char, unsigned char)
                0x00000000c0022d94                PCI::checkDevice(unsigned char, unsigned char)
                0x00000000c0022e00                PCI::detect()
 *fill*         0x00000000c0022e53        0x1 
 .text          0x00000000c0022e54      0xc70 hw/diskctrl/ide.32
                0x00000000c0022e54                IDE::close(int, int, void*)
                0x00000000c0022e58                IDE::IDE()
                0x00000000c0022e58                IDE::IDE()
                0x00000000c0022e8c                IDE::prepareInterrupt(unsigned char)
                0x00000000c0022e9e                selectDrive(unsigned char, unsigned char)
                0x00000000c0022ea0                IDE::getBase(unsigned char)
                0x00000000c0022eb2                IDE::write(unsigned char, unsigned char, unsigned char)
                0x00000000c0022f72                IDE::read(unsigned char, unsigned char)
                0x00000000c0023020                IDE::waitInterrupt(unsigned char)
                0x00000000c0023086                ideChannel0IRQHandler(regs*, void*)
                0x00000000c00230a2                ideChannel1IRQHandler(regs*, void*)
                0x00000000c00230be                IDE::enableIRQs(unsigned char, bool)
                0x00000000c0023104                IDE::open(int, int, void*)
                0x00000000c0023514                IDE::readBuffer(unsigned char, unsigned char, unsigned int, unsigned int)
                0x00000000c00235e0                IDE::detect()
                0x00000000c00238c8                IDE::printError(unsigned char, unsigned char, unsigned char)
                0x00000000c0023a5e                IDE::polling(unsigned char, unsigned int)
 .text          0x00000000c0023ac4      0x390 hw/diskctrl/satabus.32
                0x00000000c0023ac4                SATABus::close(int, int, void*)
                0x00000000c0023ac8                SATABus::detect()
                0x00000000c0023aca                SATABus::SATABus()
                0x00000000c0023aca                SATABus::SATABus()
                0x00000000c0023b76                SATABus::findCmdslot(SATABus::tagHBA_PORT volatile*)
                0x00000000c0023bbe                SATABus::checkType(SATABus::tagHBA_PORT volatile*)
                0x00000000c0023c06                SATABus::startCmd(SATABus::tagHBA_PORT volatile*)
                0x00000000c0023c26                SATABus::stopCmd(SATABus::tagHBA_PORT volatile*)
                0x00000000c0023c50                SATABus::portRebase(SATABus::tagHBA_PORT volatile*, int)
                0x00000000c0023d56                SATABus::probePort(SATABus::tagHBA_MEM volatile*)
                0x00000000c0023e34                SATABus::open(int, int, void*)
 .text          0x00000000c0023e54      0x63c hw/diskphys/ata.32
                0x00000000c0023e54                ATA::close(int, int, void*)
                0x00000000c0023e78                ATA::powerSaving(PowerSavingLevel)
                0x00000000c0023e7a                ATA::ATA()
                0x00000000c0023e7a                ATA::ATA()
                0x00000000c0023ea8                ATA::flush(bool)
                0x00000000c0023ef2                ATA::readyForCommand()
                0x00000000c0023f42                ATA::access(unsigned long long, int, void*, bool)
                0x00000000c00242ca                ATA::read(unsigned long long, int, void*)
                0x00000000c0024332                ATA::write(unsigned long long, int, void*)
                0x00000000c002439a                ATA::detectCHS()
                0x00000000c00243c4                ATA::open(int, int, void*)
 .text          0x00000000c0024490      0x5bd hw/diskphys/atapi.32
                0x00000000c0024490                ATAPI::write(unsigned long long, int, void*)
                0x00000000c0024496                ATAPI::close(int, int, void*)
                0x00000000c00244ba                ATAPI::ATAPI()
                0x00000000c00244ba                ATAPI::ATAPI()
                0x00000000c00244e8                ATAPI::readyForCommand()
                0x00000000c0024538                ATAPI::sendPacket(unsigned char*, int, bool, unsigned short*, int)
                0x00000000c00247f8                ATAPI::diskRemoved()
                0x00000000c0024814                ATAPI::eject()
                0x00000000c002485c                ATAPI::diskInserted()
                0x00000000c002488a                ATAPI::detectMedia()
                0x00000000c0024946                ATAPI::open(int, int, void*)
                0x00000000c00249ce                ATAPI::read(unsigned long long, int, void*)
 *fill*         0x00000000c0024a4d        0x1 
 .text          0x00000000c0024a4e      0x455 hw/diskphys/sata.32
                0x00000000c0024a4e                SATA::close(int, int, void*)
                0x00000000c0024a72                SATA::powerSaving(PowerSavingLevel)
                0x00000000c0024a74                SATA::open(int, int, void*)
                0x00000000c0024b22                SATA::SATA()
                0x00000000c0024b22                SATA::SATA()
                0x00000000c0024b50                SATA::access(unsigned long long, int, void*, bool)
                0x00000000c0024db6                SATA::read(unsigned long long, int, void*)
                0x00000000c0024e1e                SATA::write(unsigned long long, int, void*)
 *fill*         0x00000000c0024ea3        0x1 
 .text          0x00000000c0024ea4      0x500 hw/diskphys/satapi.32
                0x00000000c0024ea4                SATAPI::write(unsigned long long, int, void*)
                0x00000000c0024eaa                SATAPI::close(int, int, void*)
                0x00000000c0024ece                SATAPI::SATAPI()
                0x00000000c0024ece                SATAPI::SATAPI()
                0x00000000c0024efc                SATAPI::diskRemoved()
                0x00000000c0024f18                SATAPI::diskInserted()
                0x00000000c0024f46                SATAPI::sendPacket(unsigned char*, int, unsigned long long, unsigned short*, int)
                0x00000000c002514a                SATAPI::eject()
                0x00000000c0025192                SATAPI::detectMedia()
                0x00000000c0025254                SATAPI::open(int, int, void*)
                0x00000000c0025302                SATAPI::read(unsigned long long, int, void*)
 .text          0x00000000c00253a4       0x8e hw/fpu/avx.32
                0x00000000c00253a4                AVX::open(int, int, void*)
                0x00000000c00253b6                AVX::close(int, int, void*)
                0x00000000c00253c8                AVX::available()
                0x00000000c00253da                AVX::save(void*)
                0x00000000c00253f2                AVX::load(void*)
                0x00000000c002540a                AVX::AVX()
                0x00000000c002540a                AVX::AVX()
 .text          0x00000000c0025432       0x90 hw/fpu/mmx.32
                0x00000000c0025432                MMX::available()
                0x00000000c0025446                MMX::open(int, int, void*)
                0x00000000c0025458                MMX::close(int, int, void*)
                0x00000000c002546a                MMX::save(void*)
                0x00000000c0025482                MMX::load(void*)
                0x00000000c002549a                MMX::MMX()
                0x00000000c002549a                MMX::MMX()
 .text          0x00000000c00254c2       0x96 hw/fpu/sse.32
                0x00000000c00254c2                SSE::open(int, int, void*)
                0x00000000c00254d4                SSE::close(int, int, void*)
                0x00000000c00254e6                SSE::available()
                0x00000000c0025500                SSE::save(void*)
                0x00000000c0025518                SSE::load(void*)
                0x00000000c0025530                SSE::SSE()
                0x00000000c0025530                SSE::SSE()
 .text          0x00000000c0025558       0x8e hw/fpu/x87.32
                0x00000000c0025558                x87::open(int, int, void*)
                0x00000000c002556a                x87::close(int, int, void*)
                0x00000000c002557c                x87::available()
                0x00000000c002558e                x87::save(void*)
                0x00000000c00255a6                x87::load(void*)
                0x00000000c00255be                x87::x87()
                0x00000000c00255be                x87::x87()
 .text          0x00000000c00255e6      0x71e hw/intctrl/apic.32
                0x00000000c00255e6                APIC::disable()
                0x00000000c00255e8                APIC::close(int, int, void*)
                0x00000000c002560a                IOAPIC::close(int, int, void*)
                0x00000000c0025610                APIC::io_wait()
                0x00000000c0025616                APIC::getBase()
                0x00000000c0025658                APIC::eoi(unsigned char)
                0x00000000c0025686                APIC::open(int, int, void*)
                0x00000000c00257d4                IOAPIC::IOAPIC()
                0x00000000c00257d4                IOAPIC::IOAPIC()
                0x00000000c00257fc                APIC::APIC()
                0x00000000c00257fc                APIC::APIC()
                0x00000000c00258d8                IOAPIC::handlesGSIWithNumber(unsigned int)
                0x00000000c002590a                IOAPIC::read(int)
                0x00000000c0025932                IOAPIC::open(int, int, void*)
                0x00000000c0025a28                IOAPIC::write(int, int)
                0x00000000c0025a54                IOAPIC::redirect(unsigned char, unsigned long long, unsigned char, bool, bool)
                0x00000000c0025b4e                APIC::installIRQHandler(int, void (*)(regs*, void*), bool, void*)
 .text          0x00000000c0025d04      0x3d3 hw/intctrl/pic.32
                0x00000000c0025d04                PIC::disable()
                0x00000000c0025d32                PIC::close(int, int, void*)
                0x00000000c0025d54                PIC::PIC()
                0x00000000c0025d54                PIC::PIC()
                0x00000000c0025e2a                PIC::ioWait()
                0x00000000c0025e30                PIC::getIRQReg(int)
                0x00000000c0025e9a                PIC::eoi(unsigned char)
                0x00000000c0025f2c                PIC::remap()
                0x00000000c0026098                PIC::open(int, int, void*)
 *fill*         0x00000000c00260d7        0x1 
 .text          0x00000000c00260d8      0x25e hw/timer/apictimer.32
                0x00000000c00260d8                APICTimer::close(int, int, void*)
                0x00000000c00260de                apicTimerHandler(regs*, void*)
                0x00000000c002610c                APICTimer::write(int)
                0x00000000c0026210                APICTimer::open(int, int, void*)
                0x00000000c002630e                APICTimer::APICTimer()
                0x00000000c002630e                APICTimer::APICTimer()
 .text          0x00000000c0026336      0x1a7 hw/timer/pit.32
                0x00000000c0026336                PIT::write(int)
                0x00000000c00263b4                pitHandler(regs*, void*)
                0x00000000c00263e0                PIT::open(int, int, void*)
                0x00000000c002642e                PIT::close(int, int, void*)
                0x00000000c002645e                PIT::PIT()
                0x00000000c002645e                PIT::PIT()
 *fill*         0x00000000c00264dd        0x3 
 .text          0x00000000c00264e0       0x1e hw/fpu/x86/avx.32
                0x00000000c00264e0                avxDetect
                0x00000000c00264e6                avxSave
                0x00000000c00264e7                avxLoad
                0x00000000c00264e8                avxInit
                0x00000000c00264e9                avxClose
                0x00000000c00264ea                wouldSheSayYes
 *fill*         0x00000000c00264fe        0x2 
 .text          0x00000000c0026500       0x35 hw/fpu/x86/sse.32
                0x00000000c0026500                absolutelyNoChanceInHell
                0x00000000c0026500                sseDetect
                0x00000000c0026518                sseSave
                0x00000000c002651e                sseLoad
                0x00000000c0026524                sseInit
                0x00000000c0026534                sseClose
 *fill*         0x00000000c0026535        0xb 
 .text          0x00000000c0026540       0x47 hw/fpu/x86/x87.32
                0x00000000c0026546                x87Detect
                0x00000000c0026561                x87Save
                0x00000000c0026567                x87Load
                0x00000000c002656c                x87Init
                0x00000000c0026586                x87Close
 *fill*         0x00000000c0026587        0x1 
 .text          0x00000000c0026588       0x25 /cygdrive/d/Users/Alex/Desktop/Toolchain/Output/bin/../lib/gcc/i386-banana/8.1.0/crtend.o
 .text          0x00000000c00265ad        0x0 crtn.32
 *fill*         0x00000000c00265ad        0x3 
 .text          0x00000000c00265b0      0x14b /cygdrive/d/Users/Alex/Desktop/Toolchain/Output/bin/../lib/gcc/i386-banana/8.1.0/libkgcc.a(_divdi3.o)
                0x00000000c00265b0                __divdi3
 *fill*         0x00000000c00266fb        0x1 
 .text          0x00000000c00266fc      0x17e /cygdrive/d/Users/Alex/Desktop/Toolchain/Output/bin/../lib/gcc/i386-banana/8.1.0/libkgcc.a(_moddi3.o)
                0x00000000c00266fc                __moddi3
 *fill*         0x00000000c002687a        0x2 
 .text          0x00000000c002687c       0xff /cygdrive/d/Users/Alex/Desktop/Toolchain/Output/bin/../lib/gcc/i386-banana/8.1.0/libkgcc.a(_udivdi3.o)
                0x00000000c002687c                __udivdi3
 *fill*         0x00000000c002697b        0x1 
 .text          0x00000000c002697c      0x11a /cygdrive/d/Users/Alex/Desktop/Toolchain/Output/bin/../lib/gcc/i386-banana/8.1.0/libkgcc.a(_umoddi3.o)
                0x00000000c002697c                __umoddi3
 .text          0x00000000c0026a96      0x96d D:/Users/Alex/Desktop/Banana/kernel/libsoftfp.a(sfieeelib.o)
                0x00000000c0026a96                __addsf3
                0x00000000c0026d98                __subsf3
                0x00000000c0026dac                __negsf2
                0x00000000c0026db9                __mulsf3
                0x00000000c0026f7c                __divsf3
                0x00000000c00271a7                __floatsisf
                0x00000000c002721b                __floatunsisf
                0x00000000c002725d                __fixsfsi
                0x00000000c00272bf                __fixunssfsi
                0x00000000c00272f0                __cmpsf2
                0x00000000c0027385                __eqsf2