Archive member included to satisfy reference by file (symbol)

/cygdrive/d/Users/Alex/Desktop/Toolchain/Output/bin/../lib/gcc/i386-banana/8.1.0/libkgcc.a(_divdi3.o)
                              krnl/resolve.32 (__divdi3)
/cygdrive/d/Users/Alex/Desktop/Toolchain/Output/bin/../lib/gcc/i386-banana/8.1.0/libkgcc.a(_moddi3.o)
                              krnl/resolve.32 (__moddi3)
/cygdrive/d/Users/Alex/Desktop/Toolchain/Output/bin/../lib/gcc/i386-banana/8.1.0/libkgcc.a(_udivdi3.o)
                              hal/clock.32 (__udivdi3)
/cygdrive/d/Users/Alex/Desktop/Toolchain/Output/bin/../lib/gcc/i386-banana/8.1.0/libkgcc.a(_umoddi3.o)
                              core/pipe.32 (__umoddi3)

Allocating common symbols
Common symbol       size              file

dcache              0x40              fs/iso9660/iso9660.32
cdDriveLetter       0x1               fs/iso9660/iso9660.32
icache              0x40              fs/iso9660/iso9660.32

Discarded input sections

 .comment       0x0000000000000000       0x12 /cygdrive/d/Users/Alex/Desktop/Toolchain/Output/bin/../lib/gcc/i386-banana/8.1.0/crtbegin.o
 .comment       0x0000000000000000       0x12 acpica/utclib.32
 .comment       0x0000000000000000       0x12 core/malloc.32
 .comment       0x0000000000000000       0x12 libk/ctype.32
 .comment       0x0000000000000000       0x12 libk/string.32
 .comment       0x0000000000000000       0x12 fs/fat/diskio.32
 .comment       0x0000000000000000       0x12 fs/fat/ff.32
 .comment       0x0000000000000000       0x12 fs/fat/ffsystem.32
 .comment       0x0000000000000000       0x12 fs/fat/ffunicode.32
 .comment       0x0000000000000000       0x12 fs/iso9660/iso9660.32
 .group         0x0000000000000000       0x14 core/computer.32
 .group         0x0000000000000000        0xc core/computer.32
 .comment       0x0000000000000000       0x12 core/computer.32
 .comment       0x0000000000000000       0x12 core/gdt.32
 .group         0x0000000000000000        0xc core/idle.32
 .comment       0x0000000000000000       0x12 core/idle.32
 .comment       0x0000000000000000       0x12 core/idt.32
 .comment       0x0000000000000000       0x12 core/kheap.32
 .comment       0x0000000000000000       0x12 core/main.32
 .comment       0x0000000000000000       0x12 core/physmgr.32
 .group         0x0000000000000000        0xc core/pipe.32
 .comment       0x0000000000000000       0x12 core/pipe.32
 .group         0x0000000000000000        0xc core/terminal.32
 .comment       0x0000000000000000       0x12 core/terminal.32
 .comment       0x0000000000000000       0x12 core/tss.32
 .group         0x0000000000000000        0x8 core/unixfile.32
 .group         0x0000000000000000        0x8 core/unixfile.32
 .group         0x0000000000000000        0xc core/unixfile.32
 .group         0x0000000000000000        0x8 core/unixfile.32
 .group         0x0000000000000000        0xc core/unixfile.32
 .group         0x0000000000000000        0x8 core/unixfile.32
 .group         0x0000000000000000        0xc core/unixfile.32
 .group         0x0000000000000000        0xc core/unixfile.32
 .comment       0x0000000000000000       0x12 core/unixfile.32
 .comment       0x0000000000000000       0x12 core/virtmgr.32
 .comment       0x0000000000000000       0x12 coreobjs/c++.32
 .comment       0x0000000000000000       0x12 dbg/kconsole.32
 .group         0x0000000000000000        0xc fs/vfs.32
 .group         0x0000000000000000        0xc fs/vfs.32
 .group         0x0000000000000000        0xc fs/vfs.32
 .comment       0x0000000000000000       0x12 fs/vfs.32
 .group         0x0000000000000000        0xc hal/bus.32
 .comment       0x0000000000000000       0x12 hal/bus.32
 .comment       0x0000000000000000       0x12 hal/buzzer.32
 .group         0x0000000000000000        0xc hal/clock.32
 .comment       0x0000000000000000       0x12 hal/clock.32
 .group         0x0000000000000000       0x14 hal/device.32
 .group         0x0000000000000000        0xc hal/device.32
 .group         0x0000000000000000        0x8 hal/device.32
 .group         0x0000000000000000        0xc hal/device.32
 .group         0x0000000000000000        0xc hal/device.32
 .comment       0x0000000000000000       0x12 hal/device.32
 .group         0x0000000000000000        0xc hal/diskctrl.32
 .comment       0x0000000000000000       0x12 hal/diskctrl.32
 .group         0x0000000000000000        0xc hal/diskphys.32
 .comment       0x0000000000000000       0x12 hal/diskphys.32
 .comment       0x0000000000000000       0x12 hal/fpu.32
 .comment       0x0000000000000000       0x12 hal/intctrl.32
 .group         0x0000000000000000        0xc hal/keybrd.32
 .comment       0x0000000000000000       0x12 hal/keybrd.32
 .group         0x0000000000000000        0xc hal/logidisk.32
 .comment       0x0000000000000000       0x12 hal/logidisk.32
 .group         0x0000000000000000        0xc hal/mouse.32
 .comment       0x0000000000000000       0x12 hal/mouse.32
 .group         0x0000000000000000        0xc hal/nic.32
[...]
Memory Configuration

Name             Origin             Length             Attributes
*default*        0x0000000000000000 0xffffffffffffffff

Linker script and memory map

LOAD D:/Users/Alex/Desktop/Banana/kernel/boot.32
LOAD crti.32
LOAD /cygdrive/d/Users/Alex/Desktop/Toolchain/Output/bin/../lib/gcc/i386-banana/8.1.0/crtbegin.o
LOAD D:/Users/Alex/Desktop/Banana/kernel/morenasm.32
LOAD acpica/utclib.32
LOAD core/malloc.32
LOAD libk/ctype.32
LOAD libk/string.32
LOAD fs/fat/diskio.32
LOAD fs/fat/ff.32
LOAD fs/fat/ffsystem.32
LOAD fs/fat/ffunicode.32
LOAD fs/iso9660/iso9660.32
LOAD core/computer.32
LOAD core/gdt.32
LOAD core/idle.32
LOAD core/idt.32
LOAD core/kheap.32
LOAD core/main.32
LOAD core/physmgr.32
LOAD core/pipe.32
LOAD core/terminal.32
LOAD core/tss.32
LOAD core/unixfile.32
LOAD core/virtmgr.32
LOAD coreobjs/c++.32
LOAD dbg/kconsole.32
LOAD fs/vfs.32
LOAD hal/bus.32
LOAD hal/buzzer.32
LOAD hal/clock.32
LOAD hal/device.32
LOAD hal/diskctrl.32
LOAD hal/diskphys.32
LOAD hal/fpu.32
LOAD hal/intctrl.32
LOAD hal/keybrd.32
LOAD hal/logidisk.32
LOAD hal/mouse.32
LOAD hal/nic.32
LOAD hal/partition.32
LOAD hal/serial.32
LOAD hal/timer.32
LOAD hal/vcache.32
LOAD hal/video.32
LOAD hw/acpi.32
LOAD hw/cpu.32
LOAD krnl/bootmsg.32
LOAD krnl/env.32
LOAD krnl/inlines.32
LOAD krnl/panic.32
LOAD krnl/powctrl.32
LOAD krnl/random.32
LOAD krnl/resolve.32
LOAD krnl/signal.32
LOAD krnl/syscalls.32
LOAD net/ethernet.32
LOAD reg/cm.32
LOAD reg/registry.32
LOAD sys/eject.32
LOAD sys/exit.32
LOAD sys/getcwd.32
LOAD sys/getpid.32
LOAD sys/getramdata.32
LOAD sys/getvgaptr.32
LOAD sys/kill.32
LOAD sys/loaddll.32
LOAD sys/read.32
LOAD sys/registersignal.32
LOAD sys/registry.32
LOAD sys/sbrk.32
LOAD sys/setcwd.32
LOAD sys/settime.32
LOAD sys/timezone.32
LOAD sys/write.32
LOAD sys/wsbe.32
LOAD sys/yield.32
LOAD thr/elf.32
LOAD thr/prcssthr.32
LOAD vm86/vm8086.32
LOAD arch/i386/hal.32
LOAD arch/i386/pic.32
LOAD arch/i386/rtc.32
LOAD arch/i386/vga.32
LOAD fs/fat/vfslink.32
LOAD fs/iso9660/helper.32
LOAD fs/iso9660/vfslink.32
LOAD hal/sound/sndcard.32
LOAD hal/sound/sndport.32
LOAD hw/bus/isa.32
LOAD hw/bus/pci.32
LOAD hw/diskctrl/ide.32
LOAD hw/diskctrl/satabus.32
LOAD hw/diskphys/ata.32
LOAD hw/diskphys/atapi.32
LOAD hw/diskphys/sata.32
LOAD hw/diskphys/satapi.32
LOAD hw/intctrl/apic.32
LOAD hw/timer/apictimer.32
LOAD hw/timer/pit.32
LOAD arch/i386/avx.32
LOAD arch/i386/interrupt.32
LOAD arch/i386/rdrand.32
LOAD arch/i386/sse.32
LOAD arch/i386/x87.32
LOAD /cygdrive/d/Users/Alex/Desktop/Toolchain/Output/bin/../lib/gcc/i386-banana/8.1.0/crtend.o
LOAD crtn.32
LOAD /cygdrive/d/Users/Alex/Desktop/Toolchain/Output/bin/../lib/gcc/i386-banana/8.1.0/libkgcc.a
LOAD D:/Users/Alex/Desktop/Banana/kernel/libsoftfp.a
LOAD D:/Users/Alex/Desktop/Banana/kernel/libk/libm32.a
                0x00000000c0000000                . = 0xc0000000

.text           0x00000000c0000000    0x1e88a
 *(.text)
 .text          0x00000000c0000000       0x20 D:/Users/Alex/Desktop/Banana/kernel/boot.32
 .text          0x00000000c0000020        0x0 crti.32
 .text          0x00000000c0000020      0x101 /cygdrive/d/Users/Alex/Desktop/Toolchain/Output/bin/../lib/gcc/i386-banana/8.1.0/crtbegin.o
 *fill*         0x00000000c0000121        0xf 
 .text          0x00000000c0000130      0x24f D:/Users/Alex/Desktop/Banana/kernel/morenasm.32
                0x00000000c0000130                manualPCIProbe
                0x00000000c000017b                prepareTramp
                0x00000000c0000194                doTPAUSE
                0x00000000c000019e                hasLegacyFPU
                0x00000000c00001c3                is486
                0x00000000c00001f9                detectCPUID
                0x00000000c000020f                goToVM86
                0x00000000c000023f                goToUsermode
                0x00000000c0000269                switchToThreadASMFirstTime
                0x00000000c0000277                switchToThreadASM
                0x00000000c00002fc                asmQuickAcquireLock
                0x00000000c000031a                asmQuickReleaseLock
                0x00000000c0000326                asmAcquireLock
                0x00000000c0000347                asmReleaseLock
                0x00000000c000035a                loadGDT
                0x00000000c000037a                memcpy
 *fill*         0x00000000c000037f        0x1 
 .text          0x00000000c0000380      0x868 acpica/utclib.32
                0x00000000c0000380                memcmp
                0x00000000c00003d0                memmove
                0x00000000c00004f0                memset
                0x00000000c0000570                strlen
                0x00000000c00005a0                strpbrk
                0x00000000c00005f0                strtok
                0x00000000c0000640                strcpy
                0x00000000c0000680                strncpy
                0x00000000c0000750                strcmp
                0x00000000c00007a0                strchr
                0x00000000c00007e0                strncmp
                0x00000000c0000840                strcat
                0x00000000c0000870                strncat
                0x00000000c00008d0                strstr
                0x00000000c0000930                toupper
                0x00000000c0000950                tolower
                0x00000000c0000970                simple_strtoul
 .text          0x00000000c0000be8      0xfaa core/malloc.32
                0x00000000c0000d53                dlfree
                0x00000000c00010ab                dlmalloc
                0x00000000c00015e8                dlrealloc
                0x00000000c000178b                dlmemalign
                0x00000000c00018ae                dlcalloc
                0x00000000c0001948                dlcfree
                0x00000000c000194d                dlindependent_calloc
                0x00000000c0001972                dlindependent_comalloc
                0x00000000c0001989                dlvalloc
                0x00000000c00019b4                dlpvalloc
                0x00000000c00019ea                dlmalloc_trim
                0x00000000c00019f7                dlmalloc_usable_size
                0x00000000c0001a28                dlmallinfo
                0x00000000c0001af7                dlmalloc_stats
                0x00000000c0001b08                dlmallopt
 *fill*         0x00000000c0001b92        0x2 
 .text          0x00000000c0001b94      0x1f2 libk/ctype.32
                0x00000000c0001b94                isblank
                0x00000000c0001bb4                iscntrl
                0x00000000c0001bd4                isdigit
                0x00000000c0001bf0                islower
                0x00000000c0001c0c                isspace
                0x00000000c0001c34                isupper
                0x00000000c0001c50                isalpha
                0x00000000c0001c80                isalnum
                0x00000000c0001cb0                ispunct
                0x00000000c0001cf0                isgraph
                0x00000000c0001d20                isprint
                0x00000000c0001d48                isxdigit
 .text          0x00000000c0001d86        0x0 libk/string.32
 .text          0x00000000c0001d86       0x51 fs/fat/diskio.32
                0x00000000c0001d86                disk_status
                0x00000000c0001d89                disk_initialize
                0x00000000c0001d8c                disk_read
                0x00000000c0001da2                disk_write
                0x00000000c0001db8                disk_ioctl
 .text          0x00000000c0001dd7     0x3e46 fs/fat/ff.32
                0x00000000c0003bf8                f_mount
                0x00000000c0003c5a                f_open
                0x00000000c0003f1d                f_read
                0x00000000c000411c                f_write
                0x00000000c0004364                f_sync
                0x00000000c0004429                f_close
                0x00000000c0004458                f_lseek
                0x00000000c0004609                f_opendir
                0x00000000c00046d4                f_closedir
                0x00000000c00046f6                f_readdir
                0x00000000c0004788                f_stat
                0x00000000c0004807                f_getfree
                0x00000000c0004910                f_truncate
                0x00000000c00049fa                f_unlink
                0x00000000c0004b1c                f_mkdir
                0x00000000c0004cb7                f_rename
                0x00000000c0004e6f                f_chmod
                0x00000000c0004f1f                f_utime
                0x00000000c0004fcf                f_getlabel
                0x00000000c0005120                f_setlabel
                0x00000000c00052b0                f_expand
                0x00000000c000541d                f_mkfs
 *fill*         0x00000000c0005c1d        0x3 
 .text          0x00000000c0005c20       0x2f fs/fat/ffsystem.32
                0x00000000c0005c20                ff_memalloc
                0x00000000c0005c38                ff_memfree
 *fill*         0x00000000c0005c4f        0x1 
 .text          0x00000000c0005c50      0x2dc fs/fat/ffunicode.32
                0x00000000c0005c50                ff_uni2oem
                0x00000000c0005cf0                ff_oem2uni
                0x00000000c0005d68                ff_wtoupper
 .text          0x00000000c0005f2c      0xd32 fs/iso9660/iso9660.32
                0x00000000c0006177                isoReadDiscSector
                0x00000000c0006212                strnicmp
                0x00000000c00064c1                stricmp
                0x00000000c000650d                iso_open
                0x00000000c0006597                iso_close
                0x00000000c00065b5                iso_read
                0x00000000c00066cb                iso_seek
                0x00000000c000674f                iso_tell
                0x00000000c0006780                iso_total
                0x00000000c00067ab                fn_postprocess
                0x00000000c00067d2                iso_readdir
                0x00000000c0006a29                iso_reset
                0x00000000c0006a46                init_percd
                0x00000000c0006b40                iso_ioctl
                0x00000000c0006b58                fs_iso9660_init
                0x00000000c0006bee                fs_iso9660_shutdown
 .text          0x00000000c0006c5e      0x6bb core/computer.32
                0x00000000c0006c5e                Computer::close(int, int, void*)
                0x00000000c0006ca3                Krnl::firstTask()
                0x00000000c0006dde                Computer::Computer()
                0x00000000c0006dde                Computer::Computer()
                0x00000000c0006e8e                Computer::setBootMessage(char const*)
                0x00000000c0006e90                Computer::detectFeatures()
                0x00000000c00070b6                Computer::displayFeatures()
                0x00000000c00070b8                Computer::rdmsr(unsigned int)
                0x00000000c00070e4                Computer::wrmsr(unsigned int, unsigned long long)
                0x00000000c0007120                Computer::shutdown()
                0x00000000c0007138                Computer::restart()
                0x00000000c0007150                Computer::sleep()
                0x00000000c0007164                Computer::nmiEnabled()
                0x00000000c0007170                Computer::readCMOS(unsigned char)
                0x00000000c000718e                Computer::enableNMI(bool)
                0x00000000c00071a6                Computer::open(int, int, void*)
                0x00000000c000727a                Computer::disableNMI()
                0x00000000c000728a                Computer::writeCMOS(unsigned char, unsigned char)
                0x00000000c00072ae                Computer::handleNMI()
 *fill*         0x00000000c0007319        0x1 
 .text          0x00000000c000731a      0x1db core/gdt.32
                0x00000000c000731a                GDTEntry::setBase(unsigned int)
                0x00000000c0007336                GDTEntry::setLimit(unsigned int)
                0x00000000c0007354                GDT::GDT()
                0x00000000c0007354                GDT::GDT()
                0x00000000c000736a                GDT::addEntry(GDTEntry)
                0x00000000c000738c                GDT::getNumberOfEntries()
                0x00000000c0007394                GDT::flush()
                0x00000000c00073b6                GDT::setup()
 .text          0x00000000c00074f5       0x1d core/idle.32
                0x00000000c00074f5                idleFunction(void*)
 *fill*         0x00000000c0007512        0x2 
 .text          0x00000000c0007514      0x46c core/idt.32
                0x00000000c0007514                IDTEntry::IDTEntry(bool)
                0x00000000c0007514                IDTEntry::IDTEntry(bool)
                0x00000000c000758e                IDTEntry::setOffset(unsigned int)
                0x00000000c00075a4                IDT::IDT()
                0x00000000c00075a4                IDT::IDT()
                0x00000000c00075a6                IDT::getPointerToInvalidOpcodeEntryForF00F()
                0x00000000c00075ae                IDT::addEntry(IDTEntry, int)
                0x00000000c00075c8                IDT::addEntry(int, void (*)(), bool)
                0x00000000c0007600                IDT::flush()
                0x00000000c000761a                IDT::setup()
 .text          0x00000000c0007980      0x188 core/kheap.32
                0x00000000c0007980                sbrk
                0x00000000c0007a17                mmap
                0x00000000c0007a2d                munmap
                0x00000000c0007a43                liballoc_lock()
                0x00000000c0007a51                liballoc_unlock()
                0x00000000c0007a67                liballoc_alloc(int)
                0x00000000c0007a7f                liballoc_free(void*, int)
                0x00000000c0007a9a                realloc
                0x00000000c0007aae                malloc
                0x00000000c0007abe                free
                0x00000000c0007ace                rfree
                0x00000000c0007ade                calloc
 .text          0x00000000c0007b08       0xc3 core/main.32
                0x00000000c0007b08                KeEntryPoint
 .text          0x00000000c0007bcb      0x63a core/physmgr.32
                0x00000000c0007bcb                Phys::allocateDMA(unsigned long)
                0x00000000c0007cb3                Phys::freeDMA(unsigned long, unsigned long)
                0x00000000c0007cee                Phys::setPageState(unsigned long, bool)
                0x00000000c0007d2e                Phys::getPageState(unsigned long)
                0x00000000c0007d4a                Phys::freePage(unsigned long)
                0x00000000c0007db3                Phys::allocatePage()
                0x00000000c0007e82                Phys::allocateContiguousPages(int)
                0x00000000c0007ee9                Phys::allowSegmentToBeUsed(unsigned long, unsigned long)
                0x00000000c0007f21                Phys::physicalMemorySetup(unsigned int)
 *fill*         0x00000000c0008205        0x1 
 .text          0x00000000c0008206      0x273 core/pipe.32
                0x00000000c0008206                Pipe::isAtty()
                0x00000000c000820a                Pipe::~Pipe()
                0x00000000c000820a                Pipe::~Pipe()
                0x00000000c000822e                Pipe::~Pipe()
                0x00000000c0008256                Pipe::write(unsigned long long, void*, int*)
                0x00000000c0008316                Pipe::read(unsigned long long, void*, int*)
                0x00000000c0008412                Pipe::Pipe(int)
                0x00000000c0008412                Pipe::Pipe(int)
 *fill*         0x00000000c0008479        0x1 
 .text          0x00000000c000847a      0xad8 core/terminal.32
                0x00000000c000847a                VgaText::isAtty()
                0x00000000c000847e                VgaText::~VgaText()
                0x00000000c000847e                VgaText::~VgaText()
                0x00000000c00084a2                VgaText::~VgaText()
                0x00000000c00084cc                VgaText::read(unsigned long long, void*, int*)
                0x00000000c00084ec                setTerminalScrollLock(bool)
                0x00000000c00084ed                doTerminalCycle()
                0x00000000c00084ee                addToTerminalCycle(VgaText*)
                0x00000000c00084ef                scrollTerminalScrollLock(int)
                0x00000000c00084f0                VgaText::updateTitle()
                0x00000000c00084f2                VgaText::load()
                0x00000000c00084f4                VgaText::updateCursor()
                0x00000000c000850a                VgaText::doANSI_SGR(int)
                0x00000000c000857e                VgaText::setDefaultBgColour(VgaColour)
                0x00000000c000858e                VgaText::setDefaultFgColour(VgaColour)
                0x00000000c000859e                VgaText::setDefaultColours(VgaColour, VgaColour)
                0x00000000c00085be                VgaText::setTitleTextColour(VgaColour)
                0x00000000c00085ca                VgaText::setTitleColour(VgaColour)
                0x00000000c00085d6                VgaText::setTitle(char*)
                0x00000000c00085d8                VgaText::combineColours(unsigned char, unsigned char)
                0x00000000c00085ea                VgaText::scrollScreen()
                0x00000000c000867c                VgaText::combineCharAndColour(char, unsigned char)
                0x00000000c000868c                VgaText::writeCharacter(char, VgaColour, VgaColour, int, int)
                0x00000000c000871c                VgaText::getCursorX()
                0x00000000c0008724                VgaText::getCursorY()
                0x00000000c000872c                VgaText::setCursor(int, int)
                0x00000000c0008743                setActiveTerminal(VgaText*)
                0x00000000c000878e                VgaText::clearScreen()
                0x00000000c00087dc                VgaText::setCursorX(int)
                0x00000000c00087f4                VgaText::setCursorY(int)
                0x00000000c000880c                VgaText::incrementCursor(bool)
                0x00000000c0008860                VgaText::decrementCursor(bool)
                0x00000000c0008882                VgaText::putchar(char, VgaColour, VgaColour)
                0x00000000c0008952                VgaText::putchar(char)
                0x00000000c0008a4a                VgaText::putx(unsigned int)
                0x00000000c0008a90                VgaText::puts(char const*)
                0x00000000c0008ab6                VgaText::write(unsigned long long, void*, int*)
                0x00000000c0008b02                VgaText::puts(char const*, VgaColour, VgaColour)
                0x00000000c0008c50                VgaText::VgaText(char const*)
                0x00000000c0008c50                VgaText::VgaText(char const*)
                0x00000000c0008da0                VgaText::receiveKey(unsigned char)
                0x00000000c0008f2c                VgaText::doUpdate()
                0x00000000c0008f2d                newTerminal(char*)
 *fill*         0x00000000c0008f52        0x2 
 .text          0x00000000c0008f54      0x1a1 core/tss.32
                0x00000000c0008f54                TSS::TSS()
                0x00000000c0008f54                TSS::TSS()
                0x00000000c0008f64                TSS::setESP(unsigned long)
                0x00000000c0008f78                TSS::flush()
                0x00000000c0008f98                TSS::setup(unsigned long, unsigned long)
 *fill*         0x00000000c00090f5        0x1 
 .text          0x00000000c00090f6      0x4ca core/unixfile.32
                0x00000000c00090f6                ReservedFilename::read(unsigned long long, void*, int*)
                0x00000000c000914c                ReservedFilename::isAtty()
                0x00000000c0009168                ReservedFilename::write(unsigned long long, void*, int*)
                0x00000000c00091c6                UnixFile::getFileDescriptor()
                0x00000000c00091ce                UnixFile::UnixFile(int)
                0x00000000c00091ce                UnixFile::UnixFile(int)
                0x00000000c0009382                ReservedFilename::ReservedFilename(int)
                0x00000000c0009382                ReservedFilename::ReservedFilename(int)
                0x00000000c00093b4                UnixFile::~UnixFile()
                0x00000000c00093b4                UnixFile::~UnixFile()
                0x00000000c0009450                UnixFile::~UnixFile()
                0x00000000c0009478                ReservedFilename::~ReservedFilename()
                0x00000000c0009478                ReservedFilename::~ReservedFilename()
                0x00000000c000949c                ReservedFilename::~ReservedFilename()
                0x00000000c00094c3                getFromFileDescriptor(int)
 .text          0x00000000c00095c0     0x12b4 core/virtmgr.32
                0x00000000c00095c0                Virt::setPageState(unsigned long, Virt::VirtPageState)
                0x00000000c00095fa                Virt::getPageState(unsigned long)
                0x00000000c000961d                Virt::allocateKernelVirtualPages(int)
                0x00000000c0009742                Virt::freeSwapfilePage(unsigned long)
                0x00000000c0009765                Virt::swapIDToSector(unsigned long)
                0x00000000c000977b                Virt::allocateSwapfilePage()
                0x00000000c00097fb                Virt::virtualMemorySetup()
                0x00000000c000984c                Virt::setupPageSwapping(int)
                0x00000000c00098be                VAS::VAS(VAS*)
                0x00000000c00098be                VAS::VAS(VAS*)
                0x00000000c00098ec                VAS::getForeignPageTableEntry(bool, unsigned long)
                0x00000000c000991a                VAS::getPageTableEntry(unsigned long)
                0x00000000c0009939                Virt::freeKernelVirtualPages(unsigned long)
                0x00000000c0009a4c                VAS::freeAllocatedPages(unsigned long)
                0x00000000c0009a70                VAS::virtualToPhysical(unsigned long)
                0x00000000c0009a8a                VAS::reflagRange(unsigned long, int, int, int)
                0x00000000c0009acc                VAS::VAS()
                0x00000000c0009acc                VAS::VAS()
                0x00000000c0009b36                VAS::setToWriteCombining(unsigned long, int)
                0x00000000c0009b6a                VAS::mapOtherVASIn(bool, VAS*)
                0x00000000c0009b96                VAS::~VAS()
                0x00000000c0009b96                VAS::~VAS()
                0x00000000c0009d04                VAS::mapPage(unsigned long, unsigned long, int)
                0x00000000c0009e0a                VAS::allocatePages(int, int)
                0x00000000c0009ffa                VAS::setCPUSpecific(unsigned long)
                0x00000000c000a018                VAS::mapRange(unsigned long, unsigned long, int, int)
                0x00000000c000a0ee                VAS::mapForeignPage(bool, VAS*, unsigned long, unsigned long, int)
                0x00000000c000a1e4                VAS::VAS(bool)
                0x00000000c000a1e4                VAS::VAS(bool)
                0x00000000c000a476                VAS::evict(unsigned long)
                0x00000000c000a554                VAS::tryLoadBackOffDisk(unsigned long)
                0x00000000c000a676                VAS::scanForEviction()
                0x00000000c000a779                mapVASFirstTime
 .text          0x00000000c000a874       0x5f coreobjs/c++.32
                0x00000000c000a874                __cxa_atexit
                0x00000000c000a877                __cxa_finalize
                0x00000000c000a878                __stack_chk_fail
                0x00000000c000a8ae                __cxa_pure_virtual
                0x00000000c000a8bf                operator new[](unsigned long)
                0x00000000c000a8c4                operator delete(void*, unsigned long)
                0x00000000c000a8c9                operator delete[](void*)
                0x00000000c000a8ce                operator delete[](void*, unsigned long)
 .text          0x00000000c000a8d3      0x254 dbg/kconsole.32
                0x00000000c000a8d3                Dbg::stringifyxWithBase(unsigned int, char*, int)
                0x00000000c000a973                Dbg::logc(char)
                0x00000000c000a993                Dbg::logs(char*)
                0x00000000c000a9b2                Dbg::logWriteInt(unsigned int)
                0x00000000c000a9d0                Dbg::logWriteIntBase(unsigned int, int)
                0x00000000c000a9f1                Dbg::kprintf(char const*, ...)
 *fill*         0x00000000c000ab27        0x1 
 .text          0x00000000c000ab28      0xc60 fs/vfs.32
                0x00000000c000ab28                File::read(unsigned long long, void*, int*)
                0x00000000c000ab80                File::write(unsigned long long, void*, int*)
                0x00000000c000abd8                Directory::read(unsigned long long, void*, int*)
                0x00000000c000ac30                Directory::write(unsigned long long, void*, int*)
                0x00000000c000ac5e                File::isAtty()
                0x00000000c000ac62                Directory::isAtty()
                0x00000000c000ac66                Filesystem::getlabel(LogicalDisk*, int, char*, unsigned int*)
                0x00000000c000ac6c                Filesystem::setlabel(LogicalDisk*, int, char*)
                0x00000000c000ac72                Filesystem::allocateSwapfile(char const*, int)
                0x00000000c000ac78                File::~File()
                0x00000000c000ac78                File::~File()
                0x00000000c000ac9c                File::~File()
                0x00000000c000acc6                Directory::~Directory()
                0x00000000c000acc6                Directory::~Directory()
                0x00000000c000acea                Directory::~Directory()
                0x00000000c000ad14                Filesystem::Filesystem()
                0x00000000c000ad14                Filesystem::Filesystem()
                0x00000000c000ad38                Filesystem::~Filesystem()
                0x00000000c000ad38                Filesystem::~Filesystem()
                0x00000000c000ad46                Filesystem::~Filesystem()
                0x00000000c000ad6a                Fs::getcwd(Process*, char*, int)
                0x00000000c000ad94                Fs::initVFS()
                0x00000000c000adbe                Fs::standardiseFiles(char*, char const*, char const*)
                0x00000000c000af74                File::File(char const*, Process*)
                0x00000000c000af74                File::File(char const*, Process*)
                0x00000000c000b030                File::open(FileOpenMode)
                0x00000000c000b08e                File::close()
                0x00000000c000b0ee                File::seek(unsigned long long)
                0x00000000c000b144                File::tell(unsigned long long*)
                0x00000000c000b194                File::rewind()
                0x00000000c000b1a8                File::unlink()
                0x00000000c000b1f4                File::rename(char const*)
                0x00000000c000b242                File::chfatattr(unsigned char, unsigned char)
                0x00000000c000b29e                File::exists()
                0x00000000c000b2dc                File::stat(unsigned long long*, bool*)
                0x00000000c000b33d                Fs::setcwd(Process*, char*)
                0x00000000c000b49a                Directory::Directory(char const*, Process*)
                0x00000000c000b49a                Directory::Directory(char const*, Process*)
                0x00000000c000b556                Directory::open()
                0x00000000c000b5b2                Directory::close()
                0x00000000c000b612                Directory::unlink()
                0x00000000c000b65e                Directory::rename(char const*)
                0x00000000c000b6ac                Directory::exists()
                0x00000000c000b6ea                Directory::read(dirent*)
                0x00000000c000b736                Directory::create()
                0x00000000c000b782                Filesystem::chfatattr(char const*, unsigned char, unsigned char)
 .text          0x00000000c000b788       0x86 hal/bus.32
                0x00000000c000b788                Bus::Bus(char const*)
                0x00000000c000b788                Bus::Bus(char const*)
                0x00000000c000b7c0                Bus::~Bus()
                0x00000000c000b7c0                Bus::~Bus()
                0x00000000c000b7e4                Bus::~Bus()
 .text          0x00000000c000b80e       0x96 hal/buzzer.32
                0x00000000c000b80e                beepThread(void*)
                0x00000000c000b84b                Krnl::beep(int, int, bool)
 .text          0x00000000c000b8a4      0x45f hal/clock.32
                0x00000000c000b8a4                User::loadClockSettings(int)
                0x00000000c000b8f6                Clock::Clock(char const*)
                0x00000000c000b8f6                Clock::Clock(char const*)
                0x00000000c000b92c                Clock::~Clock()
                0x00000000c000b92c                Clock::~Clock()
                0x00000000c000b950                Clock::~Clock()
                0x00000000c000b97a                Clock::timeInSecondsLocal()
                0x00000000c000b9c2                Clock::setTimeInSecondsLocal(unsigned long long)
                0x00000000c000ba1b                datetimeToSeconds(datetime_t)
                0x00000000c000bb3a                Clock::setTimeInDatetimeLocal(datetime_t)
                0x00000000c000bb9a                secondsToDatetime(unsigned long long)
                0x00000000c000bcde                Clock::timeInDatetimeLocal()
 *fill*         0x00000000c000bd03        0x1 
 .text          0x00000000c000bd04      0x464 hal/device.32
                0x00000000c000bd04                Device::hibernate()
                0x00000000c000bd06                Device::wake()
                0x00000000c000bd08                Device::detect()
                0x00000000c000bd0a                Device::disableLegacy()
                0x00000000c000bd0c                Device::powerSaving(PowerSavingLevel)
                0x00000000c000bd0e                DriverlessDevice::close(int, int, void*)
                0x00000000c000bd12                DriverlessDevice::detect()
                0x00000000c000bd14                DriverlessDevice::open(int, int, void*)
                0x00000000c000bd28                Device::~Device()
                0x00000000c000bd28                Device::~Device()
                0x00000000c000bd36                Device::~Device()
                0x00000000c000bd5e                Device::findAndLoadDriver()
                0x00000000c000bd6c                Device::preOpenPCI(PCIDeviceInfo)
                0x00000000c000bd92                Device::preOpenACPI(void*, char*, char*)
                0x00000000c000bdd2                Device::addIRQHandler(int, void (*)(regs*, void*), bool, void*)
                0x00000000c000bdfc                Device::getParent()
                0x00000000c000be08                Device::removeIRQHandler(int, void (*)(regs*, void*), bool)
                0x00000000c000be26                Device::addChild(Device*)
                0x00000000c000be6a                Device::removeAllChildren()
                0x00000000c000beb0                Device::hibernateAll()
                0x00000000c000bee0                Device::wakeAll()
                0x00000000c000bf10                Device::detectAll()
                0x00000000c000bf40                Device::disableLegacyAll()
                0x00000000c000bf42                Device::loadDriversForAll()
                0x00000000c000bf44                Device::closeAll()
                0x00000000c000bf7a                Device::powerSavingAll(PowerSavingLevel)
                0x00000000c000bfb0                Device::setName(char const*)
                0x00000000c000bfbe                Device::Device(char const*)
                0x00000000c000bfbe                Device::Device(char const*)
                0x00000000c000c0ba                Device::getName()
                0x00000000c000c0c4                DriverlessDevice::DriverlessDevice(char const*)
                0x00000000c000c0c4                DriverlessDevice::DriverlessDevice(char const*)
                0x00000000c000c0fa                Device::addToLinkedList(LinkedList<Device>&, DeviceType)
                0x00000000c000c13e                getDevicesOfType(DeviceType)
 .text          0x00000000c000c168       0x86 hal/diskctrl.32
                0x00000000c000c168                HardDiskController::HardDiskController(char const*)
                0x00000000c000c168                HardDiskController::HardDiskController(char const*)
                0x00000000c000c1a0                HardDiskController::~HardDiskController()
                0x00000000c000c1a0                HardDiskController::~HardDiskController()
                0x00000000c000c1c4                HardDiskController::~HardDiskController()
 .text          0x00000000c000c1ee       0xe2 hal/diskphys.32
                0x00000000c000c1ee                PhysicalDisk::eject()
                0x00000000c000c1f2                PhysicalDisk::PhysicalDisk(char const*, int)
                0x00000000c000c1f2                PhysicalDisk::PhysicalDisk(char const*, int)
                0x00000000c000c25a                PhysicalDisk::startCache()
                0x00000000c000c282                PhysicalDisk::~PhysicalDisk()
                0x00000000c000c282                PhysicalDisk::~PhysicalDisk()
                0x00000000c000c2a6                PhysicalDisk::~PhysicalDisk()
 .text          0x00000000c000c2d0        0x0 hal/fpu.32
 .text          0x00000000c000c2d0      0x359 hal/intctrl.32
                0x00000000c000c2d0                int_handler
                0x00000000c000c35a                installISRHandler(int, void (*)(regs*, void*), void*)
                0x00000000c000c3a4                installIRQHandler(int, void (*)(regs*, void*), bool, void*)
                0x00000000c000c4d8                uninstallISRHandler(int, void (*)(regs*, void*))
                0x00000000c000c50c                uninstallIRQHandler(int, void (*)(regs*, void*), bool)
                0x00000000c000c58a                setupINTS()
                0x00000000c000c5e7                convertLegacyIRQNumber(int)
 *fill*         0x00000000c000c629        0x1 
 .text          0x00000000c000c62a      0x8be hal/keybrd.32
                0x00000000c000c62a                startGUI(void*)
                0x00000000c000c698                startGUIVESA(void*)
                0x00000000c000c706                sendKeyToTerminal(unsigned char)
                0x00000000c000c7e1                sendKeyboardToken(KeyboardToken)
                0x00000000c000cccb                clearInternalKeybuffer(VgaText*)
                0x00000000c000cd00                readKeyboard(VgaText*, char*, unsigned long)
                0x00000000c000ce5e                Keyboard::Keyboard(char const*)
                0x00000000c000ce5e                Keyboard::Keyboard(char const*)
                0x00000000c000ce9a                Keyboard::~Keyboard()
                0x00000000c000ce9a                Keyboard::~Keyboard()
                0x00000000c000cebe                Keyboard::~Keyboard()
 .text          0x00000000c000cee8      0x3f8 hal/logidisk.32
                0x00000000c000cee8                LogicalDisk::close(int, int, void*)
                0x00000000c000ceec                LogicalDisk::~LogicalDisk()
                0x00000000c000ceec                LogicalDisk::~LogicalDisk()
                0x00000000c000cf10                LogicalDisk::~LogicalDisk()
                0x00000000c000cf3a                LogicalDisk::open(int, int, void*)
                0x00000000c000cf4e                LogicalDisk::absoluteToRelative(unsigned long long)
                0x00000000c000cf86                LogicalDisk::relativeToAbsolute(unsigned long long)
                0x00000000c000cfcc                LogicalDisk::LogicalDisk(char const*, PhysicalDisk*, unsigned long long, unsigned long long)
                0x00000000c000cfcc                LogicalDisk::LogicalDisk(char const*, PhysicalDisk*, unsigned long long, unsigned long long)
                0x00000000c000d08c                LogicalDisk::assignDriveLetter()
                0x00000000c000d146                LogicalDisk::mount()
                0x00000000c000d18e                LogicalDisk::unmount()
                0x00000000c000d19e                LogicalDisk::eject()
                0x00000000c000d1b2                LogicalDisk::unassignDriveLetter()
                0x00000000c000d208                LogicalDisk::read(unsigned long long, int, void*)
                0x00000000c000d274                LogicalDisk::write(unsigned long long, int, void*)
 .text          0x00000000c000d2e0       0x86 hal/mouse.32
                0x00000000c000d2e0                Mouse::Mouse(char const*)
                0x00000000c000d2e0                Mouse::Mouse(char const*)
                0x00000000c000d318                Mouse::~Mouse()
                0x00000000c000d318                Mouse::~Mouse()
                0x00000000c000d33c                Mouse::~Mouse()
 .text          0x00000000c000d366       0x90 hal/nic.32
                0x00000000c000d366                NIC::getMAC()
                0x00000000c000d36c                NIC::write(int, unsigned char*, int*)
                0x00000000c000d372                NIC::NIC(char const*)
                0x00000000c000d372                NIC::NIC(char const*)
                0x00000000c000d3a8                NIC::~NIC()
                0x00000000c000d3a8                NIC::~NIC()
                0x00000000c000d3cc                NIC::~NIC()
 .text          0x00000000c000d3f6      0x33b hal/partition.32
                0x00000000c000d3f6                makePartition(PhysicalDisk*, unsigned long long, unsigned long long)
                0x00000000c000d49e                createPartitionsForDisk(PhysicalDisk*)
 *fill*         0x00000000c000d731        0x3 
 .text          0x00000000c000d734       0x86 hal/serial.32
                0x00000000c000d734                Serial::Serial(char const*)
                0x00000000c000d734                Serial::Serial(char const*)
                0x00000000c000d76c                Serial::~Serial()
                0x00000000c000d76c                Serial::~Serial()
                0x00000000c000d790                Serial::~Serial()
 *fill*         0x00000000c000d7ba        0x2 
 .text          0x00000000c000d7bc      0x234 hal/timer.32
                0x00000000c000d7bc                Timer::Timer(char const*)
                0x00000000c000d7bc                Timer::Timer(char const*)
                0x00000000c000d7f4                Timer::~Timer()
                0x00000000c000d7f4                Timer::~Timer()
                0x00000000c000d818                Timer::~Timer()
                0x00000000c000d842                Timer::read()
                0x00000000c000d84d                setupTimer(int)
                0x00000000c000d888                timerHandler(unsigned int)
 .text          0x00000000c000d9f0      0x444 hal/vcache.32
                0x00000000c000d9f0                VCache::VCache(PhysicalDisk*)
                0x00000000c000d9f0                VCache::VCache(PhysicalDisk*)
                0x00000000c000db60                VCache::invalidateReadBuffer()
                0x00000000c000db70                VCache::writeWriteBuffer()
                0x00000000c000dbbc                VCache::~VCache()
                0x00000000c000dbbc                VCache::~VCache()
                0x00000000c000dc14                VCache::~VCache()
                0x00000000c000dc3c                VCache::write(unsigned long long, int, void*)
                0x00000000c000dd2a                VCache::read(unsigned long long, int, void*)
 .text          0x00000000c000de34      0x4c7 hal/video.32
                0x00000000c000de34                Video::putrect(int, int, int, int, unsigned int)
                0x00000000c000de80                Video::bitblit(int, int, int, int, int, int, int, unsigned int*)
                0x00000000c000def0                Video::blit(unsigned int*, int, int, int, int)
                0x00000000c000df6e                Video::clearScreen(unsigned int)
                0x00000000c000dfa2                Video::putpixel(int, int, unsigned int)
                0x00000000c000dfb0                Video::readPixelApprox(int, int)
                0x00000000c000dfc4                Video::Video(char const*)
                0x00000000c000dfc4                Video::Video(char const*)
                0x00000000c000dffa                Video::~Video()
                0x00000000c000dffa                Video::~Video()
                0x00000000c000e01e                Video::~Video()
                0x00000000c000e048                Video::isMonochrome()
                0x00000000c000e054                Video::getWidth()
                0x00000000c000e060                Video::getHeight()
                0x00000000c000e06c                Video::drawCursor(int, int, unsigned int*, int)
                0x00000000c000e128                Video::tgaParse(unsigned char*, int, int*, int*)
                0x00000000c000e290                Video::putTGA(int, int, unsigned char*, int)
 *fill*         0x00000000c000e2fb        0x1 
 .text          0x00000000c000e2fc     0x138b hw/acpi.32
                0x00000000c000e2fc                ACPI::close(int, int, void*)
                0x00000000c000e3b0                findRSDP()
                0x00000000c000e448                loadACPITables(unsigned char*)
                0x00000000c000e6b4                findRSDT(unsigned char*)
                0x00000000c000e80c                findDataTable(unsigned char*, char*)
                0x00000000c000e88c                scanMADT()
                0x00000000c000ed44                ACPI::ACPI()
                0x00000000c000ed44                ACPI::ACPI()
                0x00000000c000ed98                ACPI::getPCIIRQAssignment(unsigned char, unsigned short, unsigned char)
                0x00000000c000ee94                ACPI::registerPCIIRQAssignment(void*, unsigned short, unsigned char, unsigned char)
                0x00000000c000ef60                ACPI::setScreenBrightnessLevel(void*, int)
                0x00000000c000ef68                ACPI::detectPCI()
                0x00000000c000f188                ACPI::writeSimpleBootFlag(SimpleBootFlagTable*)
                0x00000000c000f1d0                ACPI::sleep()
                0x00000000c000f1ec                ACPI::open(int, int, void*)
 *fill*         0x00000000c000f687        0x1 
 .text          0x00000000c000f688      0xba5 hw/cpu.32
                0x00000000c000f688                CPU::close(int, int, void*)
                0x00000000c000f68c                CPU::AMD_K6_write_msr(unsigned int, unsigned int, unsigned int, CPU::REGS*)
                0x00000000c000f6a8                CPU::AMD_K6_read_msr(unsigned int, CPU::REGS*)
                0x00000000c000f6c0                CPU::AMD_K6_writeback(int, int, int)
                0x00000000c000f734                CPU::cpuid(int, unsigned long*, unsigned long*, unsigned long*, unsigned long*)
                0x00000000c000f7b8                CPU::cpuidCheckEDX(unsigned int)
                0x00000000c000f7e6                CPU::cpuidCheckECX(unsigned int)
                0x00000000c000f814                CPU::cpuidCheckExtendedEBX(unsigned int)
                0x00000000c000f842                CPU::cpuidCheckExtendedECX(unsigned int)
                0x00000000c000f870                CPU::CPU()
                0x00000000c000f870                CPU::CPU()
                0x00000000c000f8fe                CPU::displayFeatures()
                0x00000000c000f900                CPU::detectFeatures()
                0x00000000c000ffd4                CPU::setupSMEP()
                0x00000000c000ffe0                CPU::setupUMIP()
                0x00000000c000ffea                CPU::setupTSC()
                0x00000000c000fff4                CPU::setupLargePages()
                0x00000000c000fffe                CPU::setupPAT()
                0x00000000c001003a                CPU::setupMTRR()
                0x00000000c001003c                CPU::setupGlobalPages()
                0x00000000c0010046                CPU::allowUsermodeDataAccess()
                0x00000000c0010058                CPU::prohibitUsermodeDataAccess()
                0x00000000c001006a                CPU::setupSMAP()
                0x00000000c0010078                CPU::setupFeatures()
                0x00000000c0010144                CPU::open(int, int, void*)
 .text          0x00000000c001022d       0xd8 krnl/bootmsg.32
                0x00000000c001022d                KeDisplaySplashScreen()
                0x00000000c00102a2                KeSetBootMessage(char const*)
 *fill*         0x00000000c0010305        0x1 
 .text          0x00000000c0010306      0x585 krnl/env.32
                0x00000000c0010306                EnvVarContainer::getEnv(char const*)
                0x00000000c0010344                EnvVarContainer::setEnv(char const*, char const*)
                0x00000000c0010406                EnvVarContainer::deleteEnv(char const*)
                0x00000000c0010408                EnvVarContainer::loadFrom(char const*, char const*)
                0x00000000c00105f2                EnvVarContainer::__loadSystem()
                0x00000000c001060c                EnvVarContainer::__loadUser()
                0x00000000c001060e                EnvVarContainer::EnvVarContainer(Process*)
                0x00000000c001060e                EnvVarContainer::EnvVarContainer(Process*)
                0x00000000c0010630                EnvVarContainer::~EnvVarContainer()
                0x00000000c0010630                EnvVarContainer::~EnvVarContainer()
                0x00000000c0010660                Krnl::getEnv(Process*, char const*)
                0x00000000c00106c5                Krnl::setEnvSystem(char const*, char const*)
                0x00000000c00106df                Krnl::setEnvUser(char const*, char const*)
                0x00000000c00106fe                Krnl::setEnvProcess(Process*, char const*, char const*)
                0x00000000c0010711                Krnl::deleteEnvSystem(char const*)
                0x00000000c0010712                Krnl::deleteEnvUser(char const*)
                0x00000000c0010713                Krnl::deleteEnvProcess(Process*, char const*)
                0x00000000c0010714                Krnl::newProcessEnv(Process*)
                0x00000000c0010736                Krnl::copyProcessEnv(Process*, Process*)
                0x00000000c0010782                Krnl::loadSystemEnv()
                0x00000000c00107b0                Krnl::loadUserEnv()
                0x00000000c00107d6                Krnl::flushEnv()
                0x00000000c00107d7                Krnl::getProcessTotalEnvCount(Process*)
                0x00000000c00107f7                Krnl::getProcessEnvPair(Process*, int)
 .text          0x00000000c001088b       0x94 krnl/inlines.32
                0x00000000c001088b                CPU::current()
                0x00000000c0010897                operator new(unsigned long)
                0x00000000c001089c                operator delete(void*)
                0x00000000c00108a1                disableIRQs()
                0x00000000c00108a3                enableIRQs()
                0x00000000c00108a5                lockScheduler()
                0x00000000c00108ad                unlockScheduler()
                0x00000000c00108bc                lockStuff()
                0x00000000c00108ca                unlockStuff()
                0x00000000c0010904                Virt::getAKernelVAS()
                0x00000000c001090a                __not_memcpy
 .text          0x00000000c001091f        0xc krnl/panic.32
                0x00000000c001091f                KePanic(char const*)
 .text          0x00000000c001092b      0x142 krnl/powctrl.32
                0x00000000c001092b                Krnl::powerThread(void*)
                0x00000000c0010959                Krnl::changePowerSettings(Krnl::PowerSettings)
                0x00000000c001096f                Krnl::userIOReceived()
                0x00000000c001097a                Krnl::handlePowerButton()
                0x00000000c00109af                Krnl::handleSleepButton()
                0x00000000c00109e4                Krnl::setupPowerManager()
 .text          0x00000000c0010a6d       0x9d krnl/random.32
                0x00000000c0010a6d                KeRand()
                0x00000000c0010aaf                KeSeedRand(unsigned int)
                0x00000000c0010ad8                KeInitRand()
 *fill*         0x00000000c0010b0a        0x2 
 .text          0x00000000c0010b0c      0x1bc krnl/resolve.32
                0x00000000c0010b0c                KeResolveCompatibilitySymbol(char*)
 .text          0x00000000c0010cc8      0x313 krnl/signal.32
                0x00000000c0010cc8                KiSigKill(int)
                0x00000000c0010cdc                KiDefaultSignalHandlerIgnore(int)
                0x00000000c0010cdd                KiDefaultSignalHandlerPause(int)
                0x00000000c0010d09                KiDefaultSignalHandlerResume(int)
                0x00000000c0010d35                KeDeinitSignals(SigHandlerBlock*)
                0x00000000c0010d3a                KeInitSignals()
                0x00000000c0010d85                KeRegisterSignalHandler(SigHandlerBlock*, int, void (*)(int), unsigned int, int)
                0x00000000c0010dbb                KeRaiseSignal(SigHandlerBlock*, int)
                0x00000000c0010e38                KeCheckSignal(SigHandlerBlock*, int*)
                0x00000000c0010f27                KiCheckSignalZ
                0x00000000c0010f69                KeCompleteSignal(SigHandlerBlock*, int)
                0x00000000c0010fa4                KiFinishSignalZ
 .text          0x00000000c0010fdb      0xc61 krnl/syscalls.32
                0x00000000c0010fdb                SysSeekDir(regs*)
                0x00000000c0010fe0                SysTellDir(regs*)
                0x00000000c0010fe5                SysVerify(regs*)
                0x00000000c0010fef                SysGetArgc(regs*)
                0x00000000c0011003                SysTTYName(regs*)
                0x00000000c001100b                SysFormatDisk(regs*)
                0x00000000c0011082                SysSetDiskVolumeLabel(regs*)
                0x00000000c00110d6                SysGetDiskVolumeLabel(regs*)
                0x00000000c001112f                SysShutdown(regs*)
                0x00000000c001118d                SysRealpath(regs*)
                0x00000000c00111d2                SysReadDir(regs*)
                0x00000000c0011252                SysIsATTY(regs*)
                0x00000000c00112ac                SysSeek(regs*)
                0x00000000c0011303                SysTell(regs*)
                0x00000000c0011370                SysSize(regs*)
                0x00000000c00113e3                SysSizeFromFilename(regs*)
                0x00000000c0011494                SysClose(regs*)
                0x00000000c00114f4                SysOpenDir(regs*)
                0x00000000c0011571                SysMakeDir(regs*)
                0x00000000c00115df                SysCloseDir(regs*)
                0x00000000c0011633                SysWait(regs*)
                0x00000000c0011654                SysNotImpl(regs*)
                0x00000000c001166f                SysPanic(regs*)
                0x00000000c001168a                SysRmdir(regs*)
                0x00000000c00116ef                SysUnlink(regs*)
                0x00000000c0011754                SysGetArgv(regs*)
                0x00000000c00117a1                SysUSleep(regs*)
                0x00000000c00117ca                SysSpawn(regs*)
                0x00000000c001183d                SysGetEnv(regs*)
                0x00000000c00118ee                SysSetFatAttrib(regs*)
                0x00000000c0011961                SysPipe(regs*)
                0x00000000c00119a6                SysGetUnixTime(regs*)
                0x00000000c00119ba                string_ends_with(char const*, char const*)
                0x00000000c0011a02                SysOpen(regs*)
                0x00000000c0011bfa                KeSystemCall(regs*, void*)
 .text          0x00000000c0011c3c      0x159 net/ethernet.32
                0x00000000c0011c3c                KeSwitchEndian16(unsigned short)
                0x00000000c0011c60                KeSwitchEndian32(unsigned int)
                0x00000000c0011c90                EthernetCRC32(unsigned char*, int)
                0x00000000c0011d34                EthernetReceivedPacket(EthernetUnwrappedFrame*, unsigned short)
 .text          0x00000000c0011d95      0xd56 reg/cm.32
                0x00000000c0011d95                CmOpen(char const*)
                0x00000000c0011eb3                CmClose(Reghive_Tag*)
                0x00000000c0011ec9                CmReadExtent(Reghive_Tag*, int, unsigned char*)
                0x00000000c0011f05                CmGetString(Reghive_Tag*, int, char*)
                0x00000000c0011f7c                CmEnterDirectory(Reghive_Tag*, int)
                0x00000000c0011fbb                CmGetNext(Reghive_Tag*, int)
                0x00000000c0011fed                CmWriteExtent(Reghive_Tag*, int, unsigned char*)
                0x00000000c0012029                CmFreeExtent(Reghive_Tag*, int)
                0x00000000c0012051                CmUpdateHeader(Reghive_Tag*)
                0x00000000c0012072                CmExpand(Reghive_Tag*, int)
                0x00000000c00120ed                CmFindUnusedExtent(Reghive_Tag*)
                0x00000000c0012173                CmCreateExtent(Reghive_Tag*, int, int, unsigned char*)
                0x00000000c0012267                CmSetString(Reghive_Tag*, int, char const*)
                0x00000000c00123a3                CmGetMatch(char*, char*, bool, bool*)
                0x00000000c0012404                CmAddShift(unsigned int*, int*, unsigned char, int)
                0x00000000c0012434                CmGetShift(unsigned int*, int*, int, bool*)
                0x00000000c001246b                CmGetInteger(Reghive_Tag*, int, unsigned long long*)
                0x00000000c0012495                CmSetInteger(Reghive_Tag*, int, unsigned long long)
                0x00000000c00124d5                CmConvertFromInternalFilename(unsigned char const*, char*)
                0x00000000c0012579                CmGetNameAndTypeFromExtent(Reghive_Tag*, int, char*)
                0x00000000c00125a7                CmConvertToInternalFilename(char const*, unsigned char*)
                0x00000000c0012745                CmCreateString(Reghive_Tag*, int, char const*)
                0x00000000c0012792                CmFindInDirectory(Reghive_Tag*, int, char const*)
                0x00000000c001280c                CmCreateInteger(Reghive_Tag*, int, char const*, unsigned long long, int)
                0x00000000c001285f                CmCreateDirectory(Reghive_Tag*, int, char const*)
                0x00000000c0012923                zStrtok(char*, char const*)
                0x00000000c0012995                CmFindObjectFromPath(Reghive_Tag*, char const*)
                0x00000000c0012a16                CmDisplayTree(Reghive_Tag*, int, int)
                0x00000000c0012ab9                CmSplitFinalSlashInPlace(char*)
 .text          0x00000000c0012aeb      0x52a reg/registry.32
                0x00000000c0012aeb                Reg::findLineFromLoadedData(char*, char*, char*)
                0x00000000c0012c5c                Reg::getLineFromRegistry(char*, char*, char*, char*)
                0x00000000c0012db1                Reg::getLine(char*, char*, char*)
                0x00000000c0012de8                Reg::readInt(char*, char*, int*)
                0x00000000c0012ed6                Reg::readString(char*, char*, char*, int)
                0x00000000c0012f57                Reg::readBool(char*, char*, bool*)
                0x00000000c0012f7c                Reg::readBoolWithDefault(char*, char*, bool)
                0x00000000c0012fa8                Reg::readIntWithDefault(char*, char*, int)
                0x00000000c0012fd4                Reg::readStringWithDefault(char*, char*, char*, int, char*)
 .text          0x00000000c0013015       0x36 sys/eject.32
                0x00000000c0013015                SysEject(regs*)
 .text          0x00000000c001304b       0x18 sys/exit.32
                0x00000000c001304b                SysExit(regs*)
 .text          0x00000000c0013063       0x1f sys/getcwd.32
                0x00000000c0013063                SysGetCwd(regs*)
 .text          0x00000000c0013082        0xc sys/getpid.32
                0x00000000c0013082                SysGetPID(regs*)
 .text          0x00000000c001308e       0x1a sys/getramdata.32
                0x00000000c001308e                SysGetRAMData(regs*)
 .text          0x00000000c00130a8       0x82 sys/getvgaptr.32
                0x00000000c00130a8                SysGetVGAPtr(regs*)
 *fill*         0x00000000c001312a        0x2 
 .text          0x00000000c001312c       0xb9 sys/kill.32
                0x00000000c001312c                SysKill(regs*)
 .text          0x00000000c00131e5       0xa8 sys/loaddll.32
                0x00000000c00131e5                SysLoadDLL(regs*)
 .text          0x00000000c001328d       0x68 sys/read.32
                0x00000000c001328d                SysRead(regs*)
 .text          0x00000000c00132f5       0x29 sys/registersignal.32
                0x00000000c00132f5                SysRegisterSignal(regs*)
 .text          0x00000000c001331e      0x19c sys/registry.32
                0x00000000c001331e                SysRegistryGetTypeFromPath(regs*)
                0x00000000c0013395                SysRegistryReadExtent(regs*)
                0x00000000c00133dd                SysRegistryPathToExtentLookup(regs*)
                0x00000000c0013405                SysRegistryEnterDirectory(regs*)
                0x00000000c001342d                SysRegistryGetNext(regs*)
                0x00000000c0013455                SysRegistryGetNameAndTypeFromExtent(regs*)
                0x00000000c001348f                SysRegistryOpen(regs*)
                0x00000000c00134a3                SysRegistryClose(regs*)
 .text          0x00000000c00134ba       0x55 sys/sbrk.32
                0x00000000c00134ba                SysSbrk(regs*)
 .text          0x00000000c001350f       0x1c sys/setcwd.32
                0x00000000c001350f                SysSetCwd(regs*)
 .text          0x00000000c001352b       0x96 sys/settime.32
                0x00000000c001352b                SysSetTime(regs*)
 .text          0x00000000c00135c1       0x4a sys/timezone.32
                0x00000000c00135c1                SysTimezone(regs*)
 .text          0x00000000c001360b       0x68 sys/write.32
                0x00000000c001360b                SysWrite(regs*)
 .text          0x00000000c0013673       0x62 sys/wsbe.32
                0x00000000c0013673                SysWsbe(regs*)
 .text          0x00000000c00136d5       0x25 sys/yield.32
                0x00000000c00136d5                SysYield(regs*)
 .text          0x00000000c00136fa     0x11e6 thr/elf.32
                0x00000000c00136fa                Thr::allocateMemoryForTask(Process*, File*, unsigned long, unsigned long, unsigned long)
                0x00000000c0013988                Thr::loadProgramIntoMemory(Process*, char const*)
                0x00000000c0013b9a                Thr::runtimeReferenceHelper()
                0x00000000c0013bad                Thr::getAddressOfKernelSymbol(char const*)
                0x00000000c0013bfc                Thr::loadKernelSymbolTable(char const*)
                0x00000000c0013eba                Thr::loadDriverIntoMemory(char const*, unsigned long, bool)
                0x00000000c00145f3                Thr::getDriverBaseFromAddress(unsigned long)
                0x00000000c0014625                Thr::getDriverNameFromAddress(unsigned long)
                0x00000000c001465c                Thr::getDriverOffsetFromAddress(unsigned long)
                0x00000000c0014676                Thr::loadDLL(char const*, bool)
                0x00000000c00148a7                Thr::executeDLL(unsigned long, void*)
 .text          0x00000000c00148e0     0x13d9 thr/prcssthr.32
                0x00000000c00148e0                userModeEntryPoint(void*)
                0x00000000c0014908                changeTSS
                0x00000000c0014938                switchToThread(ThreadControlBlock*)
                0x00000000c00149e8                Process::addArgs(char**)
                0x00000000c0014a54                Process::Process(char const*, Process*, char**)
                0x00000000c0014a54                Process::Process(char const*, Process*, char**)
                0x00000000c0014c60                Process::Process(bool, char const*, Process*, char**)
                0x00000000c0014c60                Process::Process(bool, char const*, Process*, char**)
                0x00000000c0014e34                taskStartupFunction
                0x00000000c0014e40                Semaphore::Semaphore(int)
                0x00000000c0014e40                Semaphore::Semaphore(int)
                0x00000000c0014e70                Mutex::Mutex()
                0x00000000c0014e70                Mutex::Mutex()
                0x00000000c0014e84                Process::createThread(void (*)(void*), void*, int)
                0x00000000c0014f90                Process::createUserThread()
                0x00000000c0014fb0                setupMultitasking(void (*)())
                0x00000000c00150d4                schedule()
                0x00000000c0015168                Semaphore::tryAcquire()
                0x00000000c001523c                Semaphore::assertLocked(char const*)
                0x00000000c00152c0                blockTaskWithSchedulerLockAlreadyHeld(TaskState)
                0x00000000c00152e8                blockTask(TaskState)
                0x00000000c0015320                waitTask(int, int*, int)
                0x00000000c0015364                milliTenthSleepUntil(unsigned int)
                0x00000000c0015404                milliTenthSleep(unsigned int)
                0x00000000c0015418                sleep(unsigned int)
                0x00000000c0015434                Semaphore::acquire()
                0x00000000c00154fc                taskReturned
                0x00000000c0015540                Thr::processFromPID(int)
                0x00000000c00155ec                unblockTask(ThreadControlBlock*)
                0x00000000c0015698                cleanupTerminatedTask(ThreadControlBlock*)
                0x00000000c001596c                cleanerTaskFunction(void*)
                0x00000000c0015a74                terminateTask(int)
                0x00000000c0015b60                Thr::terminateFromIRQ(int)
                0x00000000c0015b70                Semaphore::release()
 .text          0x00000000c0015cb9      0xbe8 vm86/vm8086.32
                0x00000000c0015cb9                Vm::inbv(unsigned short)
                0x00000000c0015ccc                Vm::outbv(unsigned short, unsigned char)
                0x00000000c0015d02                Vm::realToLinear(unsigned short, unsigned short)
                0x00000000c0015d12                Vm::getSegment(unsigned int)
                0x00000000c0015d1a                Vm::getOffset(unsigned int)
                0x00000000c0015d1f                Vm::mainloop2()
                0x00000000c0015d59                Vm::mainVm8086Loop(void*)
                0x00000000c0015d69                Vm::mainloop3(unsigned long)
                0x00000000c0015d8f                Vm::initialise8086()
                0x00000000c0015dd2                Vm::finish8086()
                0x00000000c0015e33                Vm::getOutput8086(unsigned char*)
                0x00000000c0015e58                Vm::start8086FromBuffer(unsigned char*, int, unsigned short, unsigned short, unsigned short, unsigned short)
                0x00000000c0015f11                Vm::start8086(char const*, unsigned short, unsigned short, unsigned short, unsigned short)
                0x00000000c00160a0                Vm::doISR(regs*, int, unsigned char*, unsigned short, unsigned short)
                0x00000000c0016129                Vm::readByteFromReal(unsigned short, unsigned short)
                0x00000000c001613a                Vm::readWordFromReal(unsigned short, unsigned short)
                0x00000000c001614c                Vm::readDwordFromReal(unsigned short, unsigned short)
                0x00000000c001615d                Vm::writeByteFromReal(unsigned short, unsigned short, unsigned char)
                0x00000000c0016172                Vm::writeWordFromReal(unsigned short, unsigned short, unsigned short)
                0x00000000c0016188                Vm::writeDwordFromReal(unsigned short, unsigned short, unsigned int)
                0x00000000c001619d                Vm::faultHandler(regs*)
 .text          0x00000000c00168a1      0xabf arch/i386/hal.32
                0x00000000c00168a1                noCopro(unsigned long)
                0x00000000c00168a2                nmiHandler(regs*, void*)
                0x00000000c00168bb                doubleFault(regs*, void*)
                0x00000000c00168d4                displayDebugInfo(regs*)
                0x00000000c0016c30                HalSystemIdle()
                0x00000000c0016cac                displayProgramFault(char const*)
                0x00000000c0016cf8                gpFault(regs*, void*)
                0x00000000c0016d5f                pgFault(regs*, void*)
                0x00000000c0016de8                otherISRHandler(regs*, void*)
                0x00000000c0016e1c                opcodeFault(regs*, void*)
                0x00000000c0016e9f                i386SaveCoprocessor(void*)
                0x00000000c0016eb3                i386LoadCoprocessor(void*)
                0x00000000c0016ec7                x87EmulHandler(regs*, void*)
                0x00000000c0016f64                HalInitialiseCoprocessor()
                0x00000000c0017012                HalPanic(char const*)
                0x00000000c001711e                HalQueryPerformanceCounter()
                0x00000000c0017139                HalInitialise()
                0x00000000c00172ef                HalMakeBeep(int)
                0x00000000c0017329                HalGetRand()
                0x00000000c001732c                HalEndOfInterrupt(int)
                0x00000000c001735d                HalRestart()
                0x00000000c001735e                HalShutdown()
                0x00000000c001735f                HalSleep()
 .text          0x00000000c0017360      0x2dc arch/i386/pic.32
                0x00000000c0017360                picIoWait()
                0x00000000c0017368                picDisable()
                0x00000000c001739c                picGetIRQReg(int)
                0x00000000c0017418                picOpen()
                0x00000000c001759c                picEOI(int)
 .text          0x00000000c001763c      0x674 arch/i386/rtc.32
                0x00000000c001763c                RTC::open(int, int, void*)
                0x00000000c0017640                RTC::close(int, int, void*)
                0x00000000c0017644                RTC::timeInSecondsUTC()
                0x00000000c0017656                RTC::timeInDatetimeUTC()
                0x00000000c001767c                RTC::setTimeInSecondsUTC(unsigned long long)
                0x00000000c00176ba                RTC::~RTC()
                0x00000000c00176ba                RTC::~RTC()
                0x00000000c00176de                RTC::~RTC()
                0x00000000c0017708                RTC::get_update_in_progress_flag()
                0x00000000c0017722                RTC::completeRTCRefresh()
                0x00000000c0017a02                RTC::setTimeInDatetimeUTC(datetime_t)
                0x00000000c0017bb0                rtcIRQHandler(regs*, void*)
                0x00000000c0017bf6                RTC::RTC()
                0x00000000c0017bf6                RTC::RTC()
 .text          0x00000000c0017cb0      0x1f4 arch/i386/vga.32
                0x00000000c0017cb0                HalConsoleScroll(int, int)
                0x00000000c0017db8                HalConsoleWriteCharacter(char, int, int, int, int)
                0x00000000c0017e1c                HalConsoleCursorUpdate(int, int)
 .text          0x00000000c0017ea4     0x1463 fs/fat/vfslink.32
                0x00000000c0017ea4                FAT::getName()
                0x00000000c0017eac                FAT::tell(void*, unsigned long long*)
                0x00000000c0017ee8                FAT::stat(void*, unsigned long long*)
                0x00000000c0017f24                FAT::~FAT()
                0x00000000c0017f24                FAT::~FAT()
                0x00000000c0017f48                FAT::~FAT()
                0x00000000c0017f70                FAT::getlabel(LogicalDisk*, int, char*, unsigned int*)
                0x00000000c0018014                FAT::setlabel(LogicalDisk*, int, char*)
                0x00000000c00180d8                FAT::format(LogicalDisk*, int, char const*, int)
                0x00000000c00182bc                FAT::tryMount(LogicalDisk*, int)
                0x00000000c00184d8                FAT::allocateSwapfile(char const*, int)
                0x00000000c0018698                FAT::readDir(void*, unsigned long, void*, int*)
                0x00000000c0018808                FAT::read(void*, unsigned long, void*, int*)
                0x00000000c0018868                FAT::write(void*, unsigned long, void*, int*)
                0x00000000c00188c8                FAT::close(void*)
                0x00000000c001891c                FAT::closeDir(void*)
                0x00000000c0018970                FAT::seek(void*, unsigned long long)
                0x00000000c00189c8                fatWrapperReadDisk
                0x00000000c0018a08                fatWrapperWriteDisk
                0x00000000c0018a48                fatWrapperIoctl
                0x00000000c0018b64                FAT::FAT()
                0x00000000c0018b64                FAT::FAT()
                0x00000000c0018bbc                FAT::fixFilepath(char*)
                0x00000000c0018bfc                FAT::open(char const*, void**, FileOpenMode)
                0x00000000c0018d70                FAT::openDir(char const*, void**)
                0x00000000c0018e20                FAT::stat(char const*, unsigned long long*, bool*)
                0x00000000c0018f18                FAT::unlink(char const*)
                0x00000000c0018f98                FAT::chfatattr(char const*, unsigned char, unsigned char)
                0x00000000c001914c                FAT::rename(char const*, char const*)
                0x00000000c0019218                FAT::mkdir(char const*)
                0x00000000c0019298                FAT::exists(char const*)
 *fill*         0x00000000c0019307        0x1 
 .text          0x00000000c0019308       0x94 fs/iso9660/helper.32
                0x00000000c0019308                isoReadDiscSectorHelper
                0x00000000c0019364                iso_kprintf
                0x00000000c0019380                iso_kprintfd
 .text          0x00000000c001939c      0x716 fs/iso9660/vfslink.32
                0x00000000c001939c                ISO9660::format(LogicalDisk*, int, char const*, int)
                0x00000000c00193a2                ISO9660::getName()
                0x00000000c00193a8                ISO9660::closeDir(void*)
                0x00000000c00193b2                ISO9660::chfatattr(char const*, unsigned char, unsigned char)
                0x00000000c00193b8                ISO9660::unlink(char const*)
                0x00000000c00193be                ISO9660::write(void*, unsigned long, void*, int*)
                0x00000000c00193c4                ISO9660::rename(char const*, char const*)
                0x00000000c00193ca                ISO9660::mkdir(char const*)
                0x00000000c00193d0                ISO9660::~ISO9660()
                0x00000000c00193d0                ISO9660::~ISO9660()
                0x00000000c00193f4                ISO9660::~ISO9660()
                0x00000000c001941c                ISO9660::exists(char const*)
                0x00000000c0019430                ISO9660::open(char const*, void**, FileOpenMode)
                0x00000000c0019516                ISO9660::read(void*, unsigned long, void*, int*)
                0x00000000c001955e                ISO9660::seek(void*, unsigned long long)
                0x00000000c00195a0                ISO9660::tell(void*, unsigned long long*)
                0x00000000c00195de                ISO9660::stat(void*, unsigned long long*)
                0x00000000c0019630                ISO9660::stat(char const*, unsigned long long*, bool*)
                0x00000000c0019772                ISO9660::close(void*)
                0x00000000c00197a2                ISO9660::openDir(char const*, void**)
                0x00000000c001987c                ISO9660::readDir(void*, unsigned long, void*, int*)
                0x00000000c0019999                readSectorFromCDROM(unsigned int, unsigned char*, char)
                0x00000000c0019a18                ISO9660::tryMount(LogicalDisk*, int)
                0x00000000c0019a8a                ISO9660::ISO9660()
                0x00000000c0019a8a                ISO9660::ISO9660()
 .text          0x00000000c0019ab2      0x26c hal/sound/sndcard.32
                0x00000000c0019ab2                SoundCard::beginPlayback()
                0x00000000c0019ac0                SoundCard::stopPlayback()
                0x00000000c0019ace                SoundCard::SoundCard(char const*)
                0x00000000c0019ace                SoundCard::SoundCard(char const*)
                0x00000000c0019b6c                SoundCard::~SoundCard()
                0x00000000c0019b6c                SoundCard::~SoundCard()
                0x00000000c0019b90                SoundCard::~SoundCard()
                0x00000000c0019bba                SoundCard::configureRates(int, int, int)
                0x00000000c0019bea                SoundCard::getSamples16(int, short*)
                0x00000000c0019c46                SoundCard::getSamples32(int, int*)
                0x00000000c0019ccc                SoundCard::addChannel(SoundPort*)
                0x00000000c0019d0a                SoundCard::removeChannel(int)
 *fill*         0x00000000c0019d1e        0x2 
 .text          0x00000000c0019d20      0x38a hal/sound/sndport.32
                0x00000000c0019d20                SoundPort::SoundPort(int, int, int, int)
                0x00000000c0019d20                SoundPort::SoundPort(int, int, int, int)
                0x00000000c0019dac                SoundPort::~SoundPort()
                0x00000000c0019dac                SoundPort::~SoundPort()
                0x00000000c0019de0                SoundPort::unpause()
                0x00000000c0019dec                SoundPort::pause()
                0x00000000c0019df8                SoundPort::getBufferUsed()
                0x00000000c0019e00                SoundPort::getBufferSize()
                0x00000000c0019e08                SoundPort::buffer16(short*, int)
                0x00000000c0019e94                SoundPort::buffer32(int*, int)
                0x00000000c0019f20                SoundPort::unbufferAndAdd16(int, short*, SoundCard*)
                0x00000000c0019fec                SoundPort::unbufferAndAdd32(int, int*, SoundCard*)
 .text          0x00000000c001a0aa        0x0 hw/bus/isa.32
 .text          0x00000000c001a0aa      0xbb7 hw/bus/pci.32
                0x00000000c001a0aa                PCI::open(int, int, void*)
                0x00000000c001a0c8                PCI::close(int, int, void*)
                0x00000000c001a0cc                PCI::PCI()
                0x00000000c001a0cc                PCI::PCI()
                0x00000000c001a164                PCI::readBAR8(unsigned int, int)
                0x00000000c001a180                PCI::readBAR16(unsigned int, int)
                0x00000000c001a19e                PCI::readBAR32(unsigned int, int)
                0x00000000c001a1ba                PCI::writeBAR8(unsigned int, unsigned char, int)
                0x00000000c001a1da                PCI::writeBAR16(unsigned int, unsigned short, int)
                0x00000000c001a1fc                PCI::writeBAR32(unsigned int, unsigned int, int)
                0x00000000c001a21c                PCI::legacyMechanism(unsigned char, unsigned char, unsigned char, unsigned char)
                0x00000000c001a292                PCI::pciReadWord(unsigned char, unsigned char, unsigned char, unsigned char)
                0x00000000c001a33c                PCI::getVendorID(unsigned char, unsigned char, unsigned char)
                0x00000000c001a360                PCI::getHeaderType(unsigned char, unsigned char, unsigned char)
                0x00000000c001a388                PCI::getClassCode(unsigned char, unsigned char, unsigned char)
                0x00000000c001a3d2                PCI::getProgIF(unsigned char, unsigned char, unsigned char)
                0x00000000c001a3fa                PCI::getRevisionID(unsigned char, unsigned char, unsigned char)
                0x00000000c001a41e                PCI::getInterruptNumber(unsigned char, unsigned char, unsigned char)
                0x00000000c001a442                PCI::getSecondaryBus(unsigned char, unsigned char, unsigned char)
                0x00000000c001a46a                PCI::getBARAddress(unsigned char, unsigned char, unsigned char, unsigned char)
                0x00000000c001a4ce                PCI::pciWriteWord(unsigned char, unsigned char, unsigned char, unsigned char, unsigned short)
                0x00000000c001a5b6                PCI::pciDetailsToFilepath(PCIDeviceInfo, char*)
                0x00000000c001a87c                PCI::checkBus(unsigned char)
                0x00000000c001a8a0                PCI::foundDevice(PCIDeviceInfo)
                0x00000000c001aa1a                PCI::getDeviceData(unsigned char, unsigned char, unsigned char)
                0x00000000c001ab96                PCI::checkDevice(unsigned char, unsigned char)
                0x00000000c001ac08                PCI::detect()
 *fill*         0x00000000c001ac61        0x1 
 .text          0x00000000c001ac62      0xb9a hw/diskctrl/ide.32
                0x00000000c001ac62                IDE::close(int, int, void*)
                0x00000000c001ac66                IDE::IDE()
                0x00000000c001ac66                IDE::IDE()
                0x00000000c001ac9a                IDE::prepareInterrupt(unsigned char)
                0x00000000c001acac                selectDrive(unsigned char, unsigned char)
                0x00000000c001acae                IDE::getBase(unsigned char)
                0x00000000c001acc0                IDE::write(unsigned char, unsigned char, unsigned char)
                0x00000000c001ad80                IDE::read(unsigned char, unsigned char)
                0x00000000c001ae2e                IDE::waitInterrupt(unsigned char)
                0x00000000c001ae90                ideChannel0IRQHandler(regs*, void*)
                0x00000000c001aeac                ideChannel1IRQHandler(regs*, void*)
                0x00000000c001aec8                IDE::enableIRQs(unsigned char, bool)
                0x00000000c001af12                IDE::open(int, int, void*)
                0x00000000c001b350                IDE::readBuffer(unsigned char, unsigned char, unsigned int, unsigned int)
                0x00000000c001b420                IDE::detect()
                0x00000000c001b6ee                IDE::printError(unsigned char, unsigned char, unsigned char)
                0x00000000c001b7a8                IDE::polling(unsigned char, unsigned int)
 .text          0x00000000c001b7fc      0x32a hw/diskctrl/satabus.32
                0x00000000c001b7fc                SATABus::close(int, int, void*)
                0x00000000c001b800                SATABus::detect()
                0x00000000c001b802                SATABus::SATABus()
                0x00000000c001b802                SATABus::SATABus()
                0x00000000c001b888                SATABus::findCmdslot(SATABus::tagHBA_PORT volatile*)
                0x00000000c001b8ba                SATABus::checkType(SATABus::tagHBA_PORT volatile*)
                0x00000000c001b902                SATABus::startCmd(SATABus::tagHBA_PORT volatile*)
                0x00000000c001b922                SATABus::stopCmd(SATABus::tagHBA_PORT volatile*)
                0x00000000c001b94c                SATABus::portRebase(SATABus::tagHBA_PORT volatile*, int)
                0x00000000c001ba5c                SATABus::probePort(SATABus::tagHBA_MEM volatile*)
                0x00000000c001bb06                SATABus::open(int, int, void*)
 .text          0x00000000c001bb26      0x93f hw/diskphys/ata.32
                0x00000000c001bb26                ATA::close(int, int, void*)
                0x00000000c001bb4a                ATA::powerSaving(PowerSavingLevel)
                0x00000000c001bb4c                ATA::ATA()
                0x00000000c001bb4c                ATA::ATA()
                0x00000000c001bb7a                ATA::flush(bool)
                0x00000000c001bbc8                ATA::readyForCommand()
                0x00000000c001bc14                ATA::access(unsigned long long, int, void*, bool)
                0x00000000c001bfaa                ATA::detectCHS()
                0x00000000c001bfd4                ATA::open(int, int, void*)
                0x00000000c001c0a0                combineCharAndColour(char, unsigned char)
                0x00000000c001c0b1                combineColours(unsigned char, unsigned char)
                0x00000000c001c0be                ATA::read(unsigned long long, int, void*)
                0x00000000c001c294                ATA::write(unsigned long long, int, void*)
 *fill*         0x00000000c001c465        0x1 
 .text          0x00000000c001c466      0x618 hw/diskphys/atapi.32
                0x00000000c001c466                ATAPI::write(unsigned long long, int, void*)
                0x00000000c001c46c                ATAPI::close(int, int, void*)
                0x00000000c001c490                ATAPI::ATAPI()
                0x00000000c001c490                ATAPI::ATAPI()
                0x00000000c001c4be                ATAPI::readyForCommand()
                0x00000000c001c510                ATAPI::sendPacket(unsigned char*, int, bool, unsigned short*, int)
                0x00000000c001c7d8                ATAPI::diskRemoved()
                0x00000000c001c812                ATAPI::eject()
                0x00000000c001c85a                ATAPI::diskInserted()
                0x00000000c001c866                ATAPI::detectMedia()
                0x00000000c001c924                ATAPI::open(int, int, void*)
                0x00000000c001ca04                ATAPI::read(unsigned long long, int, void*)
 .text          0x00000000c001ca7e      0x807 hw/diskphys/sata.32
                0x00000000c001ca7e                SATA::close(int, int, void*)
                0x00000000c001caa2                SATA::powerSaving(PowerSavingLevel)
                0x00000000c001caa4                SATA::open(int, int, void*)
                0x00000000c001cb4e                SATA::SATA()
                0x00000000c001cb4e                SATA::SATA()
                0x00000000c001cb7c                SATA::access(unsigned long long, int, void*, bool)
                0x00000000c001cdd0                SATA::read(unsigned long long, int, void*)
                0x00000000c001d020                SATA::write(unsigned long long, int, void*)
 *fill*         0x00000000c001d285        0x1 
 .text          0x00000000c001d286      0x5d0 hw/diskphys/satapi.32
                0x00000000c001d286                SATAPI::write(unsigned long long, int, void*)
                0x00000000c001d28c                SATAPI::close(int, int, void*)
                0x00000000c001d2b0                SATAPI::SATAPI()
                0x00000000c001d2b0                SATAPI::SATAPI()
                0x00000000c001d2de                SATAPI::diskRemoved()
                0x00000000c001d2e0                SATAPI::diskInserted()
                0x00000000c001d2fc                SATAPI::sendPacket(unsigned char*, int, unsigned long long, unsigned short*, int)
                0x00000000c001d5da                SATAPI::eject()
                0x00000000c001d616                SATAPI::detectMedia()
                0x00000000c001d66c                SATAPI::open(int, int, void*)
                0x00000000c001d76c                SATAPI::read(unsigned long long, int, void*)
 .text          0x00000000c001d856      0x45b hw/intctrl/apic.32
                0x00000000c001d856                IOAPIC::close(int, int, void*)
                0x00000000c001d85c                apicGetBase()
                0x00000000c001d8a2                IOAPIC::IOAPIC()
                0x00000000c001d8a2                IOAPIC::IOAPIC()
                0x00000000c001d8ca                apicOpen()
                0x00000000c001da46                IOAPIC::handlesGSIWithNumber(unsigned int)
                0x00000000c001da78                IOAPIC::read(int)
                0x00000000c001daa0                IOAPIC::open(int, int, void*)
                0x00000000c001db86                IOAPIC::write(int, int)
                0x00000000c001dbb2                IOAPIC::redirect(unsigned char, unsigned long long, unsigned char, bool, bool)
 *fill*         0x00000000c001dcb1        0x3 
 .text          0x00000000c001dcb4       0xf0 hw/timer/apictimer.32
                0x00000000c001dcb4                APICTimer::close(int, int, void*)
                0x00000000c001dcbc                apicTimerHandler(regs*, void*)
                0x00000000c001dce4                APICTimer::open(int, int, void*)
                0x00000000c001dd54                APICTimer::write(int)
                0x00000000c001dd7c                APICTimer::APICTimer()
                0x00000000c001dd7c                APICTimer::APICTimer()
 .text          0x00000000c001dda4      0x1ad hw/timer/pit.32
                0x00000000c001dda4                PIT::write(int)
                0x00000000c001de28                pitHandler(regs*, void*)
                0x00000000c001de50                PIT::open(int, int, void*)
                0x00000000c001dea0                PIT::close(int, int, void*)
                0x00000000c001ded0                PIT::PIT()
                0x00000000c001ded0                PIT::PIT()
 *fill*         0x00000000c001df51        0xf 
 .text          0x00000000c001df60       0x83 arch/i386/avx.32
                0x00000000c001df60                avxDetect
                0x00000000c001df8a                avxSave
                0x00000000c001df9b                avxLoad
                0x00000000c001dfac                avxInit
                0x00000000c001dfce                avxClose
                0x00000000c001dfcf                wouldSheSayYes
 *fill*         0x00000000c001dfe3        0xd 
 .text          0x00000000c001dff0      0x2ec arch/i386/interrupt.32
                0x00000000c001dff0                isr0
                0x00000000c001e000                isr1
                0x00000000c001e00a                isr2
                0x00000000c001e014                isr3
                0x00000000c001e01e                isr4
                0x00000000c001e028                isr5
                0x00000000c001e032                isr6
                0x00000000c001e03c                isr7
                0x00000000c001e046                isr8
                0x00000000c001e04e                isr9
                0x00000000c001e058                isr10
                0x00000000c001e060                isr11
                0x00000000c001e068                isr12
                0x00000000c001e070                isr13
                0x00000000c001e08a                isr14
                0x00000000c001e092                isr15
                0x00000000c001e09c                isr16
                0x00000000c001e0a6                isr17
                0x00000000c001e0b0                isr18
                0x00000000c001e0ba                irq3
                0x00000000c001e0c4                irq4
                0x00000000c001e0ce                irq5
                0x00000000c001e0d8                irq6
                0x00000000c001e0e2                irq7
                0x00000000c001e0ec                irq8
                0x00000000c001e0f6                irq9
                0x00000000c001e100                irq10
                0x00000000c001e10a                irq11
                0x00000000c001e114                irq12
                0x00000000c001e11e                irq13
                0x00000000c001e128                irq14
                0x00000000c001e132                irq15
                0x00000000c001e13c                irq1
                0x00000000c001e143                irq2
                0x00000000c001e14a                isr96
                0x00000000c001e151                irq0
                0x00000000c001e156                int_common_stub
                0x00000000c001e188                syscall_common_stub
                0x00000000c001e28c                irq16
                0x00000000c001e296                irq17
                0x00000000c001e2a0                irq18
                0x00000000c001e2aa                irq19
                0x00000000c001e2b4                irq20
                0x00000000c001e2be                irq21
                0x00000000c001e2c8                irq22
                0x00000000c001e2d2                irq23
 *fill*         0x00000000c001e2dc        0x4 
 .text          0x00000000c001e2e0       0x10 arch/i386/rdrand.32
                0x00000000c001e2e0                i386GetRDRAND
 .text          0x00000000c001e2f0       0x39 arch/i386/sse.32
                0x00000000c001e2f0                absolutelyNoChanceInHell
                0x00000000c001e2f0                sseDetect
                0x00000000c001e308                sseSave
                0x00000000c001e310                sseLoad
                0x00000000c001e318                sseInit
                0x00000000c001e328                sseClose
 *fill*         0x00000000c001e329        0x7 
 .text          0x00000000c001e330       0x49 arch/i386/x87.32
                0x00000000c001e336                x87Detect
                0x00000000c001e351                x87Save
                0x00000000c001e358                x87Load
                0x00000000c001e35f                x87Init
                0x00000000c001e378                x87Close
 *fill*         0x00000000c001e379        0x3 
 .text          0x00000000c001e37c       0x25 /cygdrive/d/Users/Alex/Desktop/Toolchain/Output/bin/../lib/gcc/i386-banana/8.1.0/crtend.o
 .text          0x00000000c001e3a1        0x0 crtn.32
 *fill*         0x00000000c001e3a1        0x3 
 .text          0x00000000c001e3a4      0x14b /cygdrive/d/Users/Alex/Desktop/Toolchain/Output/bin/../lib/gcc/i386-banana/8.1.0/libkgcc.a(_divdi3.o)
                0x00000000c001e3a4                __divdi3
 *fill*         0x00000000c001e4ef        0x1 
 .text          0x00000000c001e4f0      0x17e /cygdrive/d/Users/Alex/Desktop/Toolchain/Output/bin/../lib/gcc/i386-banana/8.1.0/libkgcc.a(_moddi3.o)
                0x00000000c001e4f0                __moddi3
 *fill*         0x00000000c001e66e        0x2 
 .text          0x00000000c001e670       0xff /cygdrive/d/Users/Alex/Desktop/Toolchain/Output/bin/../lib/gcc/i386-banana/8.1.0/libkgcc.a(_udivdi3.o)
                0x00000000c001e670                __udivdi3
 *fill*         0x00000000c001e76f        0x1 
 .text          0x00000000c001e770      0x11a /cygdrive/d/Users/Alex/Desktop/Toolchain/Output/bin/../lib/gcc/i386-banana/8.1.0/libkgcc.a(_umoddi3.o)
                0x00000000c001e770                __umoddi3
 *(.gnu.linkonce.t*)

.iplt           0x00000000c001e890        0x0
 .iplt          0x00000000c001e890        0x0 D:/Users/Alex/Desktop/Banana/kernel/boot.32

.init           0x00000000c001e88a        0xf
 .init          0x00000000c001e88a        0x3 crti.32
                0x00000000c001e88a                _init