Archive member included to satisfy reference by file (symbol)

/cygdrive/d/Users/Alex/Desktop/Toolchain/Output/bin/../lib/gcc/i386-banana/8.1.0/libkgcc.a(_divdi3.o)
                              fs/fat/ff.32 (__divdi3)
/cygdrive/d/Users/Alex/Desktop/Toolchain/Output/bin/../lib/gcc/i386-banana/8.1.0/libkgcc.a(_moddi3.o)
                              compat/resolve.32 (__moddi3)
/cygdrive/d/Users/Alex/Desktop/Toolchain/Output/bin/../lib/gcc/i386-banana/8.1.0/libkgcc.a(_udivdi3.o)
                              fs/fat/ff.32 (__udivdi3)
/cygdrive/d/Users/Alex/Desktop/Toolchain/Output/bin/../lib/gcc/i386-banana/8.1.0/libkgcc.a(_umoddi3.o)
                              compat/resolve.32 (__umoddi3)
D:/Users/Alex/Desktop/Banana/kernel/libsoftfp.a(sfieeelib.o)
                              hal/libresample/src_linear.32 (__subsf3)
D:/Users/Alex/Desktop/Banana/kernel/libsoftfp.a(dfieeelib.o)
                              hal/libresample/src_linear.32 (__adddf3)
D:/Users/Alex/Desktop/Banana/kernel/libsoftfp.a(sfdfcvt.o)
                              hal/libresample/samplerate.32 (__truncdfsf2)
D:/Users/Alex/Desktop/Banana/kernel/libk/libm32.a(s_fabs.c.o)
                              hal/libresample/samplerate.32 (fabs)
D:/Users/Alex/Desktop/Banana/kernel/libk/libm32.a(s_lrint.S.o)
                              hal/libresample/samplerate.32 (lrint)
D:/Users/Alex/Desktop/Banana/kernel/libk/libm32.a(s_lrintf.S.o)
                              hal/sound/sndhw.32 (lrintf)

Discarded input sections

 .comment       0x0000000000000000       0x12 /cygdrive/d/Users/Alex/Desktop/Toolchain/Output/bin/../lib/gcc/i386-banana/8.1.0/crtbegin.o
 .comment       0x0000000000000000       0x12 acpica/utclib.32
 .comment       0x0000000000000000       0x12 core/malloc.32
 .comment       0x0000000000000000       0x12 libk/string.32
 .comment       0x0000000000000000       0x12 fs/fat/diskio.32
 .comment       0x0000000000000000       0x12 fs/fat/ff.32
 .comment       0x0000000000000000       0x12 fs/fat/ffsystem.32
 .comment       0x0000000000000000       0x12 fs/fat/ffunicode.32
 .comment       0x0000000000000000       0x12 hal/libresample/samplerate.32
 .comment       0x0000000000000000       0x12 hal/libresample/src_linear.32
 .comment       0x0000000000000000       0x12 hal/libresample/src_sinc.32
 .comment       0x0000000000000000       0x12 hal/libresample/src_zoh.32
 .comment       0x0000000000000000       0x12 compat/inlines.32
 .comment       0x0000000000000000       0x12 compat/resolve.32
 .group         0x0000000000000000       0x14 core/computer.32
 .group         0x0000000000000000        0xc core/computer.32
 .comment       0x0000000000000000       0x12 core/computer.32
 .comment       0x0000000000000000       0x12 core/gdt.32
 .group         0x0000000000000000        0xc core/idle.32
 .comment       0x0000000000000000       0x12 core/idle.32
 .comment       0x0000000000000000       0x12 core/idt.32
 .comment       0x0000000000000000       0x12 core/kheap.32
 .comment       0x0000000000000000       0x12 core/main.32
 .comment       0x0000000000000000       0x12 core/physmgr.32
 .group         0x0000000000000000        0xc core/pipe.32
 .comment       0x0000000000000000       0x12 core/pipe.32
 .group         0x0000000000000000        0xc core/terminal.32
 .comment       0x0000000000000000       0x12 core/terminal.32
 .comment       0x0000000000000000       0x12 core/tss.32
 .group         0x0000000000000000        0x8 core/unixfile.32
 .group         0x0000000000000000        0x8 core/unixfile.32
 .group         0x0000000000000000        0xc core/unixfile.32
 .group         0x0000000000000000        0x8 core/unixfile.32
 .group         0x0000000000000000        0xc core/unixfile.32
 .group         0x0000000000000000        0x8 core/unixfile.32
 .group         0x0000000000000000        0xc core/unixfile.32
 .group         0x0000000000000000        0xc core/unixfile.32
 .comment       0x0000000000000000       0x12 core/unixfile.32
 .comment       0x0000000000000000       0x12 core/virtmgr.32
 .comment       0x0000000000000000       0x12 coreobjs/c++.32
 .comment       0x0000000000000000       0x12 dbg/kconsole.32
 .group         0x0000000000000000        0xc fs/vfs.32
 .group         0x0000000000000000        0xc fs/vfs.32
 .group         0x0000000000000000        0xc fs/vfs.32
 .comment       0x0000000000000000       0x12 fs/vfs.32
 .group         0x0000000000000000        0xc hal/bus.32
 .comment       0x0000000000000000       0x12 hal/bus.32
 .group         0x0000000000000000        0xc hal/buzzer.32
 .comment       0x0000000000000000       0x12 hal/buzzer.32
 .group         0x0000000000000000        0xc hal/clock.32
 .comment       0x0000000000000000       0x12 hal/clock.32
 .group         0x0000000000000000       0x14 hal/device.32
 .group         0x0000000000000000        0xc hal/device.32
 .group         0x0000000000000000        0x8 hal/device.32
 .group         0x0000000000000000        0xc hal/device.32
[...]
Memory Configuration

Name             Origin             Length             Attributes
*default*        0x0000000000000000 0xffffffffffffffff

Linker script and memory map

LOAD D:/Users/Alex/Desktop/Banana/kernel/boot.32
LOAD crti.32
LOAD /cygdrive/d/Users/Alex/Desktop/Toolchain/Output/bin/../lib/gcc/i386-banana/8.1.0/crtbegin.o
LOAD D:/Users/Alex/Desktop/Banana/kernel/morenasm.32
LOAD acpica/utclib.32
LOAD core/malloc.32
LOAD libk/string.32
LOAD fs/fat/diskio.32
LOAD fs/fat/ff.32
LOAD fs/fat/ffsystem.32
LOAD fs/fat/ffunicode.32
LOAD hal/libresample/samplerate.32
LOAD hal/libresample/src_linear.32
LOAD hal/libresample/src_sinc.32
LOAD hal/libresample/src_zoh.32
LOAD compat/inlines.32
LOAD compat/resolve.32
LOAD core/computer.32
LOAD core/gdt.32
LOAD core/idle.32
LOAD core/idt.32
LOAD core/kheap.32
LOAD core/main.32
LOAD core/physmgr.32
LOAD core/pipe.32
LOAD core/terminal.32
LOAD core/tss.32
LOAD core/unixfile.32
LOAD core/virtmgr.32
LOAD coreobjs/c++.32
LOAD dbg/kconsole.32
LOAD fs/vfs.32
LOAD hal/bus.32
LOAD hal/buzzer.32
LOAD hal/clock.32
LOAD hal/device.32
LOAD hal/diskctrl.32
LOAD hal/diskphys.32
LOAD hal/fpu.32
LOAD hal/intctrl.32
LOAD hal/keybrd.32
LOAD hal/logidisk.32
LOAD hal/mouse.32
LOAD hal/partition.32
LOAD hal/serial.32
LOAD hal/timer.32
LOAD hal/vcache.32
LOAD hal/video.32
LOAD hw/acpi.32
LOAD hw/cpu.32
LOAD hw/ports.32
LOAD hw/smp.32
LOAD krnl/env.32
LOAD krnl/panic.32
LOAD net/ethernet.32
LOAD reg/registry.32
LOAD sys/sc_eject.32
LOAD sys/sc_exit.32
LOAD sys/sc_getcwd.32
LOAD sys/sc_getpid.32
LOAD sys/sc_getramdata.32
LOAD sys/sc_getvgaptr.32
LOAD sys/sc_loaddll.32
LOAD sys/sc_read.32
LOAD sys/sc_sbrk.32
LOAD sys/sc_setcwd.32
LOAD sys/sc_settime.32
LOAD sys/sc_timezone.32
LOAD sys/sc_write.32
LOAD sys/sc_wsbe.32
LOAD sys/sc_yield.32
LOAD sys/syscalls.32
LOAD thr/elf.32
LOAD thr/prcssthr.32
LOAD vm86/vm8086.32
LOAD vm86/x87em.32
LOAD fs/fat/vfslink.32
LOAD fs/iso9660/vfslink.32
LOAD hal/sound/sndchannel.32
LOAD hal/sound/sndhw.32
LOAD hw/bus/isa.32
LOAD hw/bus/pci.32
LOAD hw/diskctrl/ide.32
LOAD hw/diskctrl/satabus.32
LOAD hw/diskphys/ata.32
LOAD hw/diskphys/atapi.32
LOAD hw/diskphys/sata.32
LOAD hw/diskphys/satapi.32
LOAD hw/fpu/avx.32
LOAD hw/fpu/mmx.32
LOAD hw/fpu/sse.32
LOAD hw/fpu/x87.32
LOAD hw/intctrl/apic.32
LOAD hw/intctrl/pic.32
LOAD hw/timer/apictimer.32
LOAD hw/timer/pit.32
LOAD hw/fpu/x86/avx.32
LOAD hw/fpu/x86/sse.32
LOAD hw/fpu/x86/x87.32
LOAD /cygdrive/d/Users/Alex/Desktop/Toolchain/Output/bin/../lib/gcc/i386-banana/8.1.0/crtend.o
LOAD crtn.32
LOAD /cygdrive/d/Users/Alex/Desktop/Toolchain/Output/bin/../lib/gcc/i386-banana/8.1.0/libkgcc.a
LOAD D:/Users/Alex/Desktop/Banana/kernel/libsoftfp.a
LOAD D:/Users/Alex/Desktop/Banana/kernel/libk/libm32.a
                0x00000000c0000000                . = 0xc0000000

.text           0x00000000c0000000    0x282f8
 *(.text)
 .text          0x00000000c0000000       0x41 D:/Users/Alex/Desktop/Banana/kernel/boot.32
                0x00000000c0000020                callGlobalConstructors
 .text          0x00000000c0000041        0x0 crti.32
 *fill*         0x00000000c0000041        0x3 
 .text          0x00000000c0000044      0x101 /cygdrive/d/Users/Alex/Desktop/Toolchain/Output/bin/../lib/gcc/i386-banana/8.1.0/crtbegin.o
 *fill*         0x00000000c0000145        0xb 
 .text          0x00000000c0000150      0x4fb D:/Users/Alex/Desktop/Banana/kernel/morenasm.32
                0x00000000c0000150                manualPCIProbe
                0x00000000c000019b                prepareTramp
                0x00000000c00001b4                voodooXADD
                0x00000000c000027f                doTPAUSE
                0x00000000c0000289                hasLegacyFPU
                0x00000000c00002ae                is486
                0x00000000c00002e4                detectCPUID
                0x00000000c00002fa                goToVM86
                0x00000000c000032a                goToUsermode
                0x00000000c0000354                switchToThreadASMFirstTime
                0x00000000c0000362                switchToThreadASM
                0x00000000c00003f2                asmQuickAcquireLock
                0x00000000c0000410                asmQuickReleaseLock
                0x00000000c000041c                asmAcquireLock
                0x00000000c000043d                asmReleaseLock
                0x00000000c0000450                loadGDT
                0x00000000c0000470                isr0
                0x00000000c0000480                isr1
                0x00000000c000048a                isr2
                0x00000000c0000494                isr3
                0x00000000c000049e                isr4
                0x00000000c00004a8                isr5
                0x00000000c00004b2                isr6
                0x00000000c00004bc                isr7
                0x00000000c00004c6                isr8
                0x00000000c00004ce                isr9
                0x00000000c00004d8                isr10
                0x00000000c00004e0                isr11
                0x00000000c00004e8                isr12
                0x00000000c00004f0                isr13
                0x00000000c00004f8                isr14
                0x00000000c0000500                isr15
                0x00000000c000050a                isr16
                0x00000000c0000514                isr17
                0x00000000c000051e                isr18
                0x00000000c0000528                irq3
                0x00000000c0000532                irq4
                0x00000000c000053c                irq5
                0x00000000c0000546                irq6
                0x00000000c0000550                irq7
                0x00000000c000055a                irq8
                0x00000000c0000564                irq9
                0x00000000c000056e                irq10
                0x00000000c0000578                irq11
                0x00000000c0000582                irq12
                0x00000000c000058c                irq13
                0x00000000c0000596                irq14
                0x00000000c00005a0                irq15
                0x00000000c00005aa                irq1
                0x00000000c00005b1                irq2
                0x00000000c00005b8                isr96
                0x00000000c00005bf                irq0
                0x00000000c00005c4                syscall_common_stub
                0x00000000c00005c4                int_common_stub
                0x00000000c00005f6                irq16
                0x00000000c0000600                irq17
                0x00000000c000060a                irq18
                0x00000000c0000614                irq19
                0x00000000c000061e                irq20
                0x00000000c0000628                irq21
                0x00000000c0000632                irq22
                0x00000000c000063c                irq23
                0x00000000c0000646                memcpy
 *fill*         0x00000000c000064b        0x1 
 .text          0x00000000c000064c      0x5dd acpica/utclib.32
                0x00000000c000064c                memcmp
                0x00000000c0000688                memmove
                0x00000000c0000750                memset
                0x00000000c000076c                strlen
                0x00000000c0000784                strpbrk
                0x00000000c00007c0                strtok
                0x00000000c000080c                strcpy
                0x00000000c0000830                strncpy
                0x00000000c0000898                strcmp
                0x00000000c00008d8                strchr
                0x00000000c00008fc                strncmp
                0x00000000c000094c                strcat
                0x00000000c000097c                strncat
                0x00000000c00009b8                strstr
                0x00000000c0000a00                toupper
                0x00000000c0000a14                tolower
                0x00000000c0000a28                simple_strtoul
 .text          0x00000000c0000c29      0xfad core/malloc.32
                0x00000000c0000d94                dlfree
                0x00000000c00010ef                dlmalloc
                0x00000000c000162c                dlrealloc
                0x00000000c00017cf                dlmemalign
                0x00000000c00018f2                dlcalloc
                0x00000000c000198c                dlcfree
                0x00000000c0001991                dlindependent_calloc
                0x00000000c00019b6                dlindependent_comalloc
                0x00000000c00019cd                dlvalloc
                0x00000000c00019f8                dlpvalloc
                0x00000000c0001a2e                dlmalloc_trim
                0x00000000c0001a3b                dlmalloc_usable_size
                0x00000000c0001a6c                dlmallinfo
                0x00000000c0001b3b                dlmalloc_stats
                0x00000000c0001b4c                dlmallopt
 .text          0x00000000c0001bd6        0x0 libk/string.32
 .text          0x00000000c0001bd6       0x51 fs/fat/diskio.32
                0x00000000c0001bd6                disk_status
                0x00000000c0001bd9                disk_initialize
                0x00000000c0001bdc                disk_read
                0x00000000c0001bf2                disk_write
                0x00000000c0001c08                disk_ioctl
 .text          0x00000000c0001c27     0x6833 fs/fat/ff.32
                0x00000000c0004ef5                f_mount
                0x00000000c0004f57                f_open
                0x00000000c0005393                f_read
                0x00000000c0005613                f_write
                0x00000000c00058cd                f_sync
                0x00000000c0005aa9                f_close
                0x00000000c0005ad8                f_lseek
                0x00000000c0005f8f                f_opendir
                0x00000000c0006091                f_closedir
                0x00000000c00060b3                f_readdir
                0x00000000c000614e                f_stat
                0x00000000c00061dd                f_getfree
                0x00000000c00063a8                f_truncate
                0x00000000c00064a0                f_unlink
                0x00000000c0006623                f_mkdir
                0x00000000c000684f                f_rename
                0x00000000c0006b42                f_chmod
                0x00000000c0006c20                f_utime
                0x00000000c0006cfe                f_getlabel
                0x00000000c0006eec                f_setlabel
                0x00000000c0007159                f_forward
                0x00000000c0007337                f_mkfs
 .text          0x00000000c000845a       0x2d fs/fat/ffsystem.32
                0x00000000c000845a                ff_memalloc
                0x00000000c0008470                ff_memfree
 .text          0x00000000c0008487      0x253 fs/fat/ffunicode.32
                0x00000000c0008487                ff_uni2oem
                0x00000000c0008517                ff_oem2uni
                0x00000000c0008583                ff_wtoupper
 .text          0x00000000c00086da      0x8fb hal/libresample/samplerate.32
                0x00000000c000871e                src_delete
                0x00000000c000875a                src_process
                0x00000000c0008910                src_callback_read
                0x00000000c0008a8d                src_set_ratio
                0x00000000c0008af7                src_get_channels
                0x00000000c0008b19                src_reset
                0x00000000c0008b65                src_new
                0x00000000c0008bf3                src_callback_new
                0x00000000c0008c55                src_get_name
                0x00000000c0008c8c                src_get_description
                0x00000000c0008cc3                src_get_version
                0x00000000c0008cc9                src_is_valid_ratio
                0x00000000c0008d1d                src_error
                0x00000000c0008d2b                src_strerror
                0x00000000c0008d3e                src_simple
                0x00000000c0008d91                src_short_to_float_array
                0x00000000c0008df6                src_float_to_short_array
                0x00000000c0008eb5                src_int_to_float_array
                0x00000000c0008f18                src_float_to_int_array
 .text          0x00000000c0008fd5      0x8cb hal/libresample/src_linear.32
                0x00000000c00097fb                linear_get_name
                0x00000000c000980a                linear_get_description
                0x00000000c0009819                linear_set_converter
 .text          0x00000000c00098a0     0x447c hal/libresample/src_sinc.32
                0x00000000c000dc33                sinc_get_name
                0x00000000c000dc46                sinc_get_description
                0x00000000c000dc59                sinc_set_converter
 .text          0x00000000c000dd1c      0x77c hal/libresample/src_zoh.32
                0x00000000c000e3f3                zoh_get_name
                0x00000000c000e402                zoh_get_description
                0x00000000c000e411                zoh_set_converter
 .text          0x00000000c000e498       0xa7 compat/inlines.32
                0x00000000c000e498                CPU::current()
                0x00000000c000e4a4                operator new(unsigned long)
                0x00000000c000e4a9                operator delete(void*)
                0x00000000c000e4ae                disableIRQs()
                0x00000000c000e4b6                enableIRQs()
                0x00000000c000e4c5                lockScheduler()
                0x00000000c000e4cd                unlockScheduler()
                0x00000000c000e4dc                lockStuff()
                0x00000000c000e4ea                unlockStuff()
                0x00000000c000e524                Virt::getAKernelVAS()
                0x00000000c000e52a                __not_memcpy
 .text          0x00000000c000e53f      0x111 compat/resolve.32
                0x00000000c000e53f                Krnl::resolveCompatibilitySymbol(char*)
 .text          0x00000000c000e650      0x741 core/computer.32
                0x00000000c000e650                Computer::close(int, int, void*)
                0x00000000c000e694                Krnl::firstTask()
                0x00000000c000e7d6                Computer::Computer()
                0x00000000c000e7d6                Computer::Computer()
                0x00000000c000e932                Computer::setBootMessage(char const*)
                0x00000000c000e934                Computer::detectFeatures()
                0x00000000c000eb3e                Computer::displayFeatures()
                0x00000000c000eb40                Computer::rdmsr(unsigned int)
                0x00000000c000eb6c                Computer::wrmsr(unsigned int, unsigned long long)
                0x00000000c000eba4                Computer::nmiEnabled()
                0x00000000c000ebb0                Computer::readCMOS(unsigned char)
                0x00000000c000ebca                Computer::enableNMI(bool)
                0x00000000c000ebe2                Computer::open(int, int, void*)
                0x00000000c000ecd4                Computer::disableNMI()
                0x00000000c000ece2                Computer::writeCMOS(unsigned char, unsigned char)
                0x00000000c000ed00                Computer::handleNMI()
                0x00000000c000ed66                Computer::setDiskActivityLight(int, bool)
 *fill*         0x00000000c000ed91        0x1 
 .text          0x00000000c000ed92      0x19d core/gdt.32
                0x00000000c000ed92                GDTEntry::setBase(unsigned int)
                0x00000000c000edae                GDTEntry::setLimit(unsigned int)
                0x00000000c000edcc                GDT::GDT()
                0x00000000c000edcc                GDT::GDT()
                0x00000000c000ede2                GDT::addEntry(GDTEntry)
                0x00000000c000ee04                GDT::getNumberOfEntries()
                0x00000000c000ee0c                GDT::flush()
                0x00000000c000ee2e                GDT::setup()
 .text          0x00000000c000ef2f       0x6b core/idle.32
                0x00000000c000ef2f                idleFunction(void*)
 .text          0x00000000c000ef9a      0x45e core/idt.32
                0x00000000c000ef9a                IDTEntry::IDTEntry(bool)
                0x00000000c000ef9a                IDTEntry::IDTEntry(bool)
                0x00000000c000f008                IDTEntry::setOffset(unsigned int)
                0x00000000c000f01c                IDT::IDT()
                0x00000000c000f01c                IDT::IDT()
                0x00000000c000f01e                IDT::getPointerToInvalidOpcodeEntryForF00F()
                0x00000000c000f026                IDT::addEntry(IDTEntry, int)
                0x00000000c000f040                IDT::addEntry(int, void (*)(), bool)
                0x00000000c000f078                IDT::flush()
                0x00000000c000f092                IDT::setup()
 .text          0x00000000c000f3f8      0x1fb core/kheap.32
                0x00000000c000f3f8                sbrk
                0x00000000c000f505                mmap
                0x00000000c000f51b                munmap
                0x00000000c000f531                liballoc_lock()
                0x00000000c000f53e                liballoc_unlock()
                0x00000000c000f552                liballoc_alloc(int)
                0x00000000c000f56a                liballoc_free(void*, int)
                0x00000000c000f585                realloc
                0x00000000c000f599                malloc
                0x00000000c000f5a9                free
                0x00000000c000f5b9                rfree
                0x00000000c000f5c9                calloc
 .text          0x00000000c000f5f3      0x1b6 core/main.32
                0x00000000c000f5f3                Krnl::setBootMessage(char const*)
                0x00000000c000f65f                kernel_main
 .text          0x00000000c000f7a9      0x597 core/physmgr.32
                0x00000000c000f7a9                Phys::allocateDMA(unsigned long)
                0x00000000c000f86a                Phys::freeDMA(unsigned long, unsigned long)
                0x00000000c000f8b2                Phys::setPageState(unsigned long, bool)
                0x00000000c000f8e4                Phys::getPageState(unsigned long)
                0x00000000c000f900                Phys::freePage(unsigned long)
                0x00000000c000f971                Phys::allocatePage()
                0x00000000c000fa48                Phys::allocateContiguousPages(int)
                0x00000000c000faa4                Phys::allowSegmentToBeUsed(unsigned long, unsigned long)
                0x00000000c000fadc                Phys::physicalMemorySetup(unsigned int)
 .text          0x00000000c000fd40      0x273 core/pipe.32
                0x00000000c000fd40                Pipe::isAtty()
                0x00000000c000fd44                Pipe::~Pipe()
                0x00000000c000fd44                Pipe::~Pipe()
                0x00000000c000fd68                Pipe::~Pipe()
                0x00000000c000fd90                Pipe::read(unsigned long long, void*, int*)
                0x00000000c000fe8c                Pipe::write(unsigned long long, void*, int*)
                0x00000000c000ff4c                Pipe::Pipe(int)
                0x00000000c000ff4c                Pipe::Pipe(int)
 *fill*         0x00000000c000ffb3        0x1 
 .text          0x00000000c000ffb4      0xb91 core/terminal.32
                0x00000000c000ffb4                VgaText::isAtty()
                0x00000000c000ffb8                VgaText::~VgaText()
                0x00000000c000ffb8                VgaText::~VgaText()
                0x00000000c000ffdc                VgaText::~VgaText()
                0x00000000c0010006                VgaText::read(unsigned long long, void*, int*)
                0x00000000c0010026                setTerminalScrollLock(bool)
                0x00000000c0010027                addToTerminalCycle(VgaText*)
                0x00000000c0010048                installVgaTextImplementation()
                0x00000000c001005d                scrollTerminalScrollLock(int)
                0x00000000c001005e                VgaText::updateTitle()
                0x00000000c001009c                VgaText::load()
                0x00000000c00100ea                VgaText::updateCursor()
                0x00000000c0010100                VgaText::doANSI_SGR(int)
                0x00000000c0010174                VgaText::setDefaultBgColour(VgaColour)
                0x00000000c0010184                VgaText::setDefaultFgColour(VgaColour)
                0x00000000c0010194                VgaText::setDefaultColours(VgaColour, VgaColour)
                0x00000000c00101b4                VgaText::setTitleTextColour(VgaColour)
                0x00000000c00101c4                VgaText::setTitleColour(VgaColour)
                0x00000000c00101d4                VgaText::setTitle(char*)
                0x00000000c00101fa                VgaText::combineColours(unsigned char, unsigned char)
                0x00000000c001020c                VgaText::scrollScreen()
                0x00000000c00102a0                VgaText::combineCharAndColour(char, unsigned char)
                0x00000000c00102b2                VgaText::writeCharacter(char, VgaColour, VgaColour, int, int)
                0x00000000c001030e                VgaText::getCursorX()
                0x00000000c0010316                VgaText::getCursorY()
                0x00000000c001031e                VgaText::setCursor(int, int)
                0x00000000c0010335                setActiveTerminal(VgaText*)
                0x00000000c0010397                doTerminalCycle()
                0x00000000c00103b2                VgaText::setCursorX(int)
                0x00000000c00103ca                VgaText::setCursorY(int)
                0x00000000c00103e2                VgaText::incrementCursor(bool)
                0x00000000c0010436                VgaText::decrementCursor(bool)
                0x00000000c0010458                VgaText::putchar(char, VgaColour, VgaColour)
                0x00000000c0010530                VgaText::doUpdate()
                0x00000000c001053e                VgaText::puts(char const*, VgaColour, VgaColour)
                0x00000000c00106b6                VgaText::clearScreen()
                0x00000000c0010710                VgaText::putchar(char)
                0x00000000c00107fc                VgaText::putx(unsigned int)
                0x00000000c0010842                VgaText::puts(char const*)
                0x00000000c0010868                VgaText::VgaText(char const*)
                0x00000000c0010868                VgaText::VgaText(char const*)
                0x00000000c00109e4                VgaText::receiveKey(unsigned char)
                0x00000000c0010acc                VgaText::write(unsigned long long, void*, int*)
                0x00000000c0010b20                newTerminal(char*)
 *fill*         0x00000000c0010b45        0x1 
 .text          0x00000000c0010b46      0x19d core/tss.32
                0x00000000c0010b46                TSS::TSS()
                0x00000000c0010b46                TSS::TSS()
                0x00000000c0010b54                TSS::setESP(unsigned long)
                0x00000000c0010b66                TSS::flush()
                0x00000000c0010b86                TSS::setup(unsigned long, unsigned long)
 *fill*         0x00000000c0010ce3        0x1 
 .text          0x00000000c0010ce4      0x4c2 core/unixfile.32
                0x00000000c0010ce4                ReservedFilename::read(unsigned long long, void*, int*)
                0x00000000c0010d3a                ReservedFilename::isAtty()
                0x00000000c0010d56                ReservedFilename::write(unsigned long long, void*, int*)
                0x00000000c0010db4                UnixFile::getFileDescriptor()
                0x00000000c0010dbc                UnixFile::UnixFile(int)
                0x00000000c0010dbc                UnixFile::UnixFile(int)
                0x00000000c0010f6c                ReservedFilename::ReservedFilename(int)
                0x00000000c0010f6c                ReservedFilename::ReservedFilename(int)
                0x00000000c0010f9e                UnixFile::~UnixFile()
                0x00000000c0010f9e                UnixFile::~UnixFile()
                0x00000000c0011036                UnixFile::~UnixFile()
                0x00000000c001105e                ReservedFilename::~ReservedFilename()
                0x00000000c001105e                ReservedFilename::~ReservedFilename()
                0x00000000c0011082                ReservedFilename::~ReservedFilename()
                0x00000000c00110a9                getFromFileDescriptor(int)
 .text          0x00000000c00111a6     0x130f core/virtmgr.32
                0x00000000c00111a6                Virt::setPageState(unsigned long, Virt::VirtPageState)
                0x00000000c00111db                Virt::getPageState(unsigned long)
                0x00000000c00111ff                Virt::allocateKernelVirtualPages(int)
                0x00000000c0011310                Virt::freeSwapfilePage(unsigned long)
                0x00000000c001132e                Virt::swapIDToSector(unsigned long)
                0x00000000c0011340                Virt::allocateSwapfilePage()
                0x00000000c00113be                Virt::virtualMemorySetup()
                0x00000000c0011409                Virt::setupPageSwapping(int)
                0x00000000c0011590                VAS::VAS()
                0x00000000c0011590                VAS::VAS()
                0x00000000c00115cc                VAS::VAS(VAS*)
                0x00000000c00115cc                VAS::VAS(VAS*)
                0x00000000c00115fa                VAS::getForeignPageTableEntry(bool, unsigned long)
                0x00000000c0011626                VAS::getPageTableEntry(unsigned long)
                0x00000000c0011645                Virt::freeKernelVirtualPages(unsigned long)
                0x00000000c0011768                VAS::freeAllocatedPages(unsigned long)
                0x00000000c001178c                VAS::virtualToPhysical(unsigned long)
                0x00000000c00117a4                VAS::reflagRange(unsigned long, int, int, int)
                0x00000000c00117e4                VAS::setToWriteCombining(unsigned long, int)
                0x00000000c0011816                VAS::mapOtherVASIn(bool, VAS*)
                0x00000000c0011840                VAS::~VAS()
                0x00000000c0011840                VAS::~VAS()
                0x00000000c00119bc                VAS::mapPage(unsigned long, unsigned long, int)
                0x00000000c0011abe                VAS::allocatePages(int, int)
                0x00000000c0011c96                VAS::setCPUSpecific(unsigned long)
                0x00000000c0011cb2                VAS::mapRange(unsigned long, unsigned long, int, int)
                0x00000000c0011d78                VAS::mapForeignPage(bool, VAS*, unsigned long, unsigned long, int)
                0x00000000c0011e66                VAS::VAS(bool)
                0x00000000c0011e66                VAS::VAS(bool)
                0x00000000c00120e6                VAS::evict(unsigned long)
                0x00000000c00121b6                VAS::tryLoadBackOffDisk(unsigned long)
                0x00000000c001232a                VAS::scanForEviction()
                0x00000000c00123db                mapVASFirstTime
 .text          0x00000000c00124b5       0x95 coreobjs/c++.32
                0x00000000c00124b5                __cxa_atexit
                0x00000000c00124b8                __cxa_finalize
                0x00000000c00124b9                __stack_chk_fail
                0x00000000c0012525                __cxa_pure_virtual
                0x00000000c0012536                operator new[](unsigned long)
                0x00000000c001253b                operator delete(void*, unsigned long)
                0x00000000c0012540                operator delete[](void*)
                0x00000000c0012545                operator delete[](void*, unsigned long)
 .text          0x00000000c001254a      0x1e7 dbg/kconsole.32
                0x00000000c001254a                Dbg::stringifyxWithBase(unsigned int, char*, int)
                0x00000000c00125a3                Dbg::logc(char)
                0x00000000c00125ba                Dbg::logs(char*)
                0x00000000c00125d7                Dbg::logWriteInt(unsigned int)
                0x00000000c00125f4                Dbg::logWriteIntBase(unsigned int, int)
                0x00000000c0012613                Dbg::kprintf(char const*, ...)
 *fill*         0x00000000c0012731        0x1 
 .text          0x00000000c0012732      0xb82 fs/vfs.32
                0x00000000c0012732                File::read(unsigned long long, void*, int*)
                0x00000000c001278a                File::write(unsigned long long, void*, int*)
                0x00000000c00127e2                Directory::read(unsigned long long, void*, int*)
                0x00000000c001283a                Directory::write(unsigned long long, void*, int*)
                0x00000000c0012868                File::isAtty()
                0x00000000c001286c                Directory::isAtty()
                0x00000000c0012870                Filesystem::getlabel(LogicalDisk*, int, char*, unsigned int*)
                0x00000000c0012876                Filesystem::setlabel(LogicalDisk*, int, char*)
                0x00000000c001287c                Filesystem::getFileFirstSector(char const*)
                0x00000000c0012882                File::~File()
                0x00000000c0012882                File::~File()
                0x00000000c00128a6                File::~File()
                0x00000000c00128d0                Directory::~Directory()
                0x00000000c00128d0                Directory::~Directory()
                0x00000000c00128f4                Directory::~Directory()
                0x00000000c001291e                Filesystem::Filesystem()
                0x00000000c001291e                Filesystem::Filesystem()
                0x00000000c0012942                Filesystem::~Filesystem()
                0x00000000c0012942                Filesystem::~Filesystem()
                0x00000000c0012950                Filesystem::~Filesystem()
                0x00000000c0012974                Fs::getcwd(Process*, char*, int)
                0x00000000c001299e                Fs::initVFS()
                0x00000000c00129c8                Fs::standardiseFiles(char*, char const*, char const*)
                0x00000000c0012b72                File::File(char const*, Process*)
                0x00000000c0012b72                File::File(char const*, Process*)
                0x00000000c0012bd6                File::open(FileOpenMode)
                0x00000000c0012c34                File::close()
                0x00000000c0012c94                File::seek(unsigned long long)
                0x00000000c0012cea                File::tell(unsigned long long*)
                0x00000000c0012d3a                File::rewind()
                0x00000000c0012d4e                File::unlink()
                0x00000000c0012d9a                File::rename(char const*)
                0x00000000c0012de8                File::chfatattr(unsigned char, unsigned char)
                0x00000000c0012e44                File::exists()
                0x00000000c0012e82                File::stat(unsigned long long*, bool*)
                0x00000000c0012ee3                Fs::setcwd(Process*, char*)
                0x00000000c001301e                Directory::Directory(char const*, Process*)
                0x00000000c001301e                Directory::Directory(char const*, Process*)
                0x00000000c0013082                Directory::open()
                0x00000000c00130de                Directory::close()
                0x00000000c001313e                Directory::unlink()
                0x00000000c001318a                Directory::rename(char const*)
                0x00000000c00131d8                Directory::exists()
                0x00000000c0013216                Directory::read(dirent*)
                0x00000000c0013262                Directory::create()
                0x00000000c00132ae                Filesystem::chfatattr(char const*, unsigned char, unsigned char)
 .text          0x00000000c00132b4       0x84 hal/bus.32
                0x00000000c00132b4                Bus::Bus(char const*)
                0x00000000c00132b4                Bus::Bus(char const*)
                0x00000000c00132ea                Bus::~Bus()
                0x00000000c00132ea                Bus::~Bus()
                0x00000000c001330e                Bus::~Bus()
 .text          0x00000000c0013338      0x156 hal/buzzer.32
                0x00000000c0013338                Buzzer::Buzzer(char const*)
                0x00000000c0013338                Buzzer::Buzzer(char const*)
                0x00000000c001337c                Buzzer::~Buzzer()
                0x00000000c001337c                Buzzer::~Buzzer()
                0x00000000c00133a0                Buzzer::~Buzzer()
                0x00000000c00133ca                Buzzer::stop()
                0x00000000c00133dd                beepThread(void*)
                0x00000000c0013420                Buzzer::beep(int, int, bool)
 .text          0x00000000c001348e      0x467 hal/clock.32
                0x00000000c001348e                User::loadClockSettings(int)
                0x00000000c00134e0                Clock::Clock(char const*)
                0x00000000c00134e0                Clock::Clock(char const*)
                0x00000000c0013516                Clock::~Clock()
                0x00000000c0013516                Clock::~Clock()
                0x00000000c001353a                Clock::~Clock()
                0x00000000c0013564                Clock::timeInSecondsLocal()
                0x00000000c00135ac                Clock::setTimeInSecondsLocal(unsigned long long)
                0x00000000c0013605                datetimeToSeconds(datetime_t)
                0x00000000c001372c                Clock::setTimeInDatetimeLocal(datetime_t)
                0x00000000c001378c                secondsToDatetime(unsigned long long)
                0x00000000c00138d0                Clock::timeInDatetimeLocal()
 *fill*         0x00000000c00138f5        0x1 
 .text          0x00000000c00138f6      0x504 hal/device.32
                0x00000000c00138f6                Device::hibernate()
                0x00000000c00138f8                Device::wake()
                0x00000000c00138fa                Device::detect()
                0x00000000c00138fc                Device::disableLegacy()
                0x00000000c00138fe                Device::powerSaving(PowerSavingLevel)
                0x00000000c0013900                DriverlessDevice::close(int, int, void*)
                0x00000000c0013904                DriverlessDevice::detect()
                0x00000000c0013906                DriverlessDevice::open(int, int, void*)
                0x00000000c001391a                Device::~Device()
                0x00000000c001391a                Device::~Device()
                0x00000000c0013928                Device::~Device()
                0x00000000c0013950                Device::findAndLoadDriver()
                0x00000000c001395e                Device::preOpenPCI(PCIDeviceInfo)
                0x00000000c0013984                Device::preOpenACPI(void*, char*, char*)
                0x00000000c00139c4                Device::addIRQHandler(int, void (*)(regs*, void*), bool, void*)
                0x00000000c0013a02                Device::getParent()
                0x00000000c0013a0e                Device::removeIRQHandler(int, void (*)(regs*, void*), bool)
                0x00000000c0013a4c                Device::addChild(Device*)
                0x00000000c0013a90                Device::removeAllChildren()
                0x00000000c0013ad6                Device::hibernateAll()
                0x00000000c0013b06                Device::wakeAll()
                0x00000000c0013b36                Device::detectAll()
                0x00000000c0013b66                Device::disableLegacyAll()
                0x00000000c0013b96                Device::loadDriversForAll()
                0x00000000c0013bd6                Device::closeAll()
                0x00000000c0013c0c                Device::powerSavingAll(PowerSavingLevel)
                0x00000000c0013c42                Device::setName(char const*)
                0x00000000c0013c50                Device::Device(char const*)
                0x00000000c0013c50                Device::Device(char const*)
                0x00000000c0013d4c                Device::getName()
                0x00000000c0013d56                DriverlessDevice::DriverlessDevice(char const*)
                0x00000000c0013d56                DriverlessDevice::DriverlessDevice(char const*)
                0x00000000c0013d8c                Device::addToLinkedList(LinkedList<Device>&, DeviceType)
                0x00000000c0013dd0                getDevicesOfType(DeviceType)
 .text          0x00000000c0013dfa       0x84 hal/diskctrl.32
                0x00000000c0013dfa                HardDiskController::HardDiskController(char const*)
                0x00000000c0013dfa                HardDiskController::HardDiskController(char const*)
                0x00000000c0013e30                HardDiskController::~HardDiskController()
                0x00000000c0013e30                HardDiskController::~HardDiskController()
                0x00000000c0013e54                HardDiskController::~HardDiskController()
 .text          0x00000000c0013e7e       0xe2 hal/diskphys.32
                0x00000000c0013e7e                PhysicalDisk::eject()
                0x00000000c0013e82                PhysicalDisk::PhysicalDisk(char const*, int)
                0x00000000c0013e82                PhysicalDisk::PhysicalDisk(char const*, int)
                0x00000000c0013eea                PhysicalDisk::startCache()
                0x00000000c0013f12                PhysicalDisk::~PhysicalDisk()
                0x00000000c0013f12                PhysicalDisk::~PhysicalDisk()
                0x00000000c0013f36                PhysicalDisk::~PhysicalDisk()
 .text          0x00000000c0013f60      0x13b hal/fpu.32
                0x00000000c0013f60                FPU::FPU(char const*)
                0x00000000c0013f60                FPU::FPU(char const*)
                0x00000000c0013f96                FPU::~FPU()
                0x00000000c0013f96                FPU::~FPU()
                0x00000000c0013fba                FPU::~FPU()
                0x00000000c0013fe4                setupFPU()
 *fill*         0x00000000c001409b        0x1 
 .text          0x00000000c001409c     0x1435 hal/intctrl.32
                0x00000000c001409c                InterruptController::uninstallISRHandler(int, void (*)(regs*, void*))
                0x00000000c00140d4                InterruptController::installISRHandler(int, void (*)(regs*, void*), void*)
                0x00000000c0014126                doubleFault(regs*, void*)
                0x00000000c0014140                InterruptController::installIRQHandler(int, void (*)(regs*, void*), bool, void*)
                0x00000000c00141dc                InterruptController::clearAllHandlers(int, bool)
                0x00000000c0014284                InterruptController::uninstallIRQHandler(int, void (*)(regs*, void*), bool)
                0x00000000c001430b                nmiHandler(regs*, void*)
                0x00000000c0014319                int_handler
                0x00000000c00143ba                InterruptController::InterruptController(char const*)
                0x00000000c00143ba                InterruptController::InterruptController(char const*)
                0x00000000c0014460                InterruptController::~InterruptController()
                0x00000000c0014460                InterruptController::~InterruptController()
                0x00000000c0014484                InterruptController::~InterruptController()
                0x00000000c00144ae                displayDebugInfo(regs*)
                0x00000000c001493d                x87EmulHandler(regs*, void*)
                0x00000000c00149b0                gpFault(regs*, void*)
                0x00000000c00149e9                pgFault(regs*, void*)
                0x00000000c0014a31                otherISRHandler(regs*, void*)
                0x00000000c0014a50                opcodeFault(regs*, void*)
                0x00000000c001506d                displayProgramFault(char const*)
                0x00000000c0015095                setupInterruptController()
                0x00000000c0015484                InterruptController::convertLegacyIRQNumber(int)
 *fill*         0x00000000c00154d1        0x1 
 .text          0x00000000c00154d2      0x784 hal/keybrd.32
                0x00000000c00154d2                startGUI(void*)
                0x00000000c001553e                startGUIVESA(void*)
                0x00000000c00155aa                sendKeyToTerminal(unsigned char)
                0x00000000c0015668                sendKeyboardToken(KeyboardToken)
                0x00000000c0015aa5                clearInternalKeybuffer(VgaText*)
                0x00000000c0015ada                readKeyboard(VgaText*, char*, unsigned long)
                0x00000000c0015bcc                Keyboard::Keyboard(char const*)
                0x00000000c0015bcc                Keyboard::Keyboard(char const*)
                0x00000000c0015c08                Keyboard::~Keyboard()
                0x00000000c0015c08                Keyboard::~Keyboard()
                0x00000000c0015c2c                Keyboard::~Keyboard()
 .text          0x00000000c0015c56      0x3ea hal/logidisk.32
                0x00000000c0015c56                LogicalDisk::close(int, int, void*)
                0x00000000c0015c5a                LogicalDisk::~LogicalDisk()
                0x00000000c0015c5a                LogicalDisk::~LogicalDisk()
                0x00000000c0015c7e                LogicalDisk::~LogicalDisk()
                0x00000000c0015ca8                LogicalDisk::open(int, int, void*)
                0x00000000c0015cbc                LogicalDisk::absoluteToRelative(unsigned long long)
                0x00000000c0015cf4                LogicalDisk::relativeToAbsolute(unsigned long long)
                0x00000000c0015d3a                LogicalDisk::LogicalDisk(char const*, PhysicalDisk*, unsigned long long, unsigned long long)
                0x00000000c0015d3a                LogicalDisk::LogicalDisk(char const*, PhysicalDisk*, unsigned long long, unsigned long long)
                0x00000000c0015df0                LogicalDisk::assignDriveLetter()
                0x00000000c0015ea6                LogicalDisk::mount()
                0x00000000c0015eee                LogicalDisk::unmount()
                0x00000000c0015efe                LogicalDisk::eject()
                0x00000000c0015f12                LogicalDisk::unassignDriveLetter()
                0x00000000c0015f68                LogicalDisk::read(unsigned long long, int, void*)
                0x00000000c0015fd4                LogicalDisk::write(unsigned long long, int, void*)
 .text          0x00000000c0016040       0x84 hal/mouse.32
                0x00000000c0016040                Mouse::Mouse(char const*)
                0x00000000c0016040                Mouse::Mouse(char const*)
                0x00000000c0016076                Mouse::~Mouse()
                0x00000000c0016076                Mouse::~Mouse()
                0x00000000c001609a                Mouse::~Mouse()
 .text          0x00000000c00160c4      0x339 hal/partition.32
                0x00000000c00160c4                makePartition(PhysicalDisk*, unsigned long long, unsigned long long)
                0x00000000c001616c                createPartitionsForDisk(PhysicalDisk*)
 *fill*         0x00000000c00163fd        0x1 
 .text          0x00000000c00163fe       0x84 hal/serial.32
                0x00000000c00163fe                Serial::Serial(char const*)
                0x00000000c00163fe                Serial::Serial(char const*)
                0x00000000c0016434                Serial::~Serial()
                0x00000000c0016434                Serial::~Serial()
                0x00000000c0016458                Serial::~Serial()
 .text          0x00000000c0016482      0x2f3 hal/timer.32
                0x00000000c0016482                Timer::Timer(char const*)
                0x00000000c0016482                Timer::Timer(char const*)
                0x00000000c00164b8                Timer::~Timer()
                0x00000000c00164b8                Timer::~Timer()
                0x00000000c00164dc                Timer::~Timer()
                0x00000000c0016506                Timer::read()
                0x00000000c0016511                timerHandler(unsigned long long)
                0x00000000c0016683                setupTimer(int)
 *fill*         0x00000000c0016775        0x1 
 .text          0x00000000c0016776      0x409 hal/vcache.32
                0x00000000c0016776                VCache::VCache(PhysicalDisk*)
                0x00000000c0016776                VCache::VCache(PhysicalDisk*)
                0x00000000c00168de                VCache::invalidateReadBuffer()
                0x00000000c00168ee                VCache::writeWriteBuffer()
                0x00000000c001692a                VCache::~VCache()
                0x00000000c001692a                VCache::~VCache()
                0x00000000c001697e                VCache::~VCache()
                0x00000000c00169a6                VCache::write(unsigned long long, int, void*)
                0x00000000c0016a90                VCache::read(unsigned long long, int, void*)
 *fill*         0x00000000c0016b7f        0x1 
 .text          0x00000000c0016b80      0x4b3 hal/video.32
                0x00000000c0016b80                Video::putrect(int, int, int, int, unsigned int)
                0x00000000c0016bcc                Video::bitblit(int, int, int, int, int, int, int, unsigned int*)
                0x00000000c0016c3c                Video::blit(unsigned int*, int, int, int, int)
                0x00000000c0016cba                Video::clearScreen(unsigned int)
                0x00000000c0016cee                Video::putpixel(int, int, unsigned int)
                0x00000000c0016cfc                Video::Video(char const*)
                0x00000000c0016cfc                Video::Video(char const*)
                0x00000000c0016d32                Video::~Video()
                0x00000000c0016d32                Video::~Video()
                0x00000000c0016d56                Video::~Video()
                0x00000000c0016d80                Video::isMonochrome()
                0x00000000c0016d8c                Video::getWidth()
                0x00000000c0016d98                Video::getHeight()
                0x00000000c0016da4                Video::drawCursor(int, int, unsigned char*, int)
                0x00000000c0016e60                Video::tgaParse(unsigned char*, int, int*, int*)
                0x00000000c0016fc8                Video::putTGA(int, int, unsigned char*, int)
 *fill*         0x00000000c0017033        0x1 
 .text          0x00000000c0017034     0x11c9 hw/acpi.32
                0x00000000c0017034                ACPI::close(int, int, void*)
                0x00000000c00170d9                findRSDP()
                0x00000000c0017163                loadACPITables(unsigned char*)
                0x00000000c00173ba                findRSDT(unsigned char*)
                0x00000000c0017504                findDataTable(unsigned char*, char*)
                0x00000000c0017576                scanMADT()
                0x00000000c00179e4                ACPI::ACPI()
                0x00000000c00179e4                ACPI::ACPI()
                0x00000000c0017a38                ACPI::getPCIIRQAssignment(unsigned char, unsigned short, unsigned char)
                0x00000000c0017b1a                ACPI::registerPCIIRQAssignment(void*, unsigned short, unsigned char, unsigned char)
                0x00000000c0017be0                ACPI::setScreenBrightnessLevel(void*, int)
                0x00000000c0017be6                ACPI::detectPCI()
                0x00000000c0017de8                ACPI::writeSimpleBootFlag(SimpleBootFlagTable*)
                0x00000000c0017e30                ACPI::sleep()
                0x00000000c0017e48                ACPI::open(int, int, void*)
 *fill*         0x00000000c00181fd        0x1 
 .text          0x00000000c00181fe     0x1495 hw/cpu.32
                0x00000000c00181fe                CPU::close(int, int, void*)
                0x00000000c0018202                CPU::lookupAMDName(unsigned char, unsigned char)
                0x00000000c0018396                CPU::lookupIntelName(unsigned char, unsigned char)
                0x00000000c0018644                CPU::AMD_K6_write_msr(unsigned int, unsigned int, unsigned int, CPU::REGS*)
                0x00000000c0018660                CPU::AMD_K6_read_msr(unsigned int, CPU::REGS*)
                0x00000000c0018678                CPU::AMD_K6_writeback(int, int, int)
                0x00000000c00186ec                CPU::cpuid(int, unsigned long*, unsigned long*, unsigned long*, unsigned long*)
                0x00000000c0018770                CPU::cpuidCheckEDX(unsigned int)
                0x00000000c001879e                CPU::cpuidCheckECX(unsigned int)
                0x00000000c00187cc                CPU::cpuidCheckExtendedEBX(unsigned int)
                0x00000000c00187fa                CPU::cpuidCheckExtendedECX(unsigned int)
                0x00000000c0018828                CPU::CPU()
                0x00000000c0018828                CPU::CPU()
                0x00000000c00188b6                CPU::displayFeatures()
                0x00000000c00188b8                CPU::detectFeatures()
                0x00000000c00192aa                CPU::setupSMEP()
                0x00000000c00192b6                CPU::setupUMIP()
                0x00000000c00192c0                CPU::setupTSC()
                0x00000000c00192ca                CPU::setupLargePages()
                0x00000000c00192d4                CPU::setupPAT()
                0x00000000c0019310                CPU::setupMTRR()
                0x00000000c0019312                CPU::setupGlobalPages()
                0x00000000c001931c                CPU::allowUsermodeDataAccess()
                0x00000000c001932e                CPU::prohibitUsermodeDataAccess()
                0x00000000c0019340                CPU::setupSMAP()
                0x00000000c001934e                CPU::setupFeatures()
                0x00000000c00193ce                CPU::open(int, int, void*)
                0x00000000c0019498                CPU::decodeAddress(regs*, int*, bool*, unsigned char*)
 .text          0x00000000c0019693        0x0 hw/ports.32
 .text          0x00000000c0019693      0x16a hw/smp.32
                0x00000000c0019693                Krnl::smpEntry()
                0x00000000c0019695                Krnl::startCPU(int)
                0x00000000c00197de                Krnl::startCPUs()
 *fill*         0x00000000c00197fd        0x1 
 .text          0x00000000c00197fe      0x581 krnl/env.32
                0x00000000c00197fe                EnvVarContainer::getEnv(char const*)
                0x00000000c001983c                EnvVarContainer::setEnv(char const*, char const*)
                0x00000000c00198fe                EnvVarContainer::deleteEnv(char const*)
                0x00000000c0019900                EnvVarContainer::loadFrom(char const*, char const*)
                0x00000000c0019ae6                EnvVarContainer::__loadSystem()
                0x00000000c0019b00                EnvVarContainer::__loadUser()
                0x00000000c0019b02                EnvVarContainer::EnvVarContainer(Process*)
                0x00000000c0019b02                EnvVarContainer::EnvVarContainer(Process*)
                0x00000000c0019b24                EnvVarContainer::~EnvVarContainer()
                0x00000000c0019b24                EnvVarContainer::~EnvVarContainer()
                0x00000000c0019b54                Krnl::getEnv(Process*, char const*)
                0x00000000c0019bb9                Krnl::setEnvSystem(char const*, char const*)
                0x00000000c0019bd3                Krnl::setEnvUser(char const*, char const*)
                0x00000000c0019bf2                Krnl::setEnvProcess(Process*, char const*, char const*)
                0x00000000c0019c05                Krnl::deleteEnvSystem(char const*)
                0x00000000c0019c06                Krnl::deleteEnvUser(char const*)
                0x00000000c0019c07                Krnl::deleteEnvProcess(Process*, char const*)
                0x00000000c0019c08                Krnl::newProcessEnv(Process*)
                0x00000000c0019c2a                Krnl::copyProcessEnv(Process*, Process*)
                0x00000000c0019c76                Krnl::loadSystemEnv()
                0x00000000c0019ca4                Krnl::loadUserEnv()
                0x00000000c0019cca                Krnl::flushEnv()
                0x00000000c0019ccb                Krnl::getProcessTotalEnvCount(Process*)
                0x00000000c0019ceb                Krnl::getProcessEnvPair(Process*, int)
 .text          0x00000000c0019d7f      0x39c krnl/panic.32
                0x00000000c0019d7f                Krnl::panic(char const*)
 .text          0x00000000c001a11b      0x57f net/ethernet.32
                0x00000000c001a11b                Net::switchEndian16(unsigned short)
                0x00000000c001a13c                Net::switchEndian32(unsigned int)
                0x00000000c001a16b                Net::crc32Calc(unsigned char*, int)
                0x00000000c001a1fc                Net::wrapEthernetFrame(Net::UnwrappedEthernetFrame, unsigned char*)
                0x00000000c001a40f                Net::unwrapEthernetFrame(unsigned char*, int)
 .text          0x00000000c001a69a      0x50e reg/registry.32
                0x00000000c001a69a                Reg::findLineFromLoadedData(char*, char*, char*)
                0x00000000c001a7f2                Reg::getLineFromRegistry(char*, char*, char*, char*)
                0x00000000c001a947                Reg::getLine(char*, char*, char*)
                0x00000000c001a97e                Reg::readInt(char*, char*, int*)
                0x00000000c001aa69                Reg::readString(char*, char*, char*, int)
                0x00000000c001aaea                Reg::readBool(char*, char*, bool*)
                0x00000000c001ab0f                Reg::readBoolWithDefault(char*, char*, bool)
                0x00000000c001ab3b                Reg::readIntWithDefault(char*, char*, int)
                0x00000000c001ab67                Reg::readStringWithDefault(char*, char*, char*, int, char*)
 .text          0x00000000c001aba8       0x36 sys/sc_eject.32
                0x00000000c001aba8                Sys::eject(regs*)
 .text          0x00000000c001abde       0x18 sys/sc_exit.32
                0x00000000c001abde                Sys::exit(regs*)
 .text          0x00000000c001abf6       0x1f sys/sc_getcwd.32
                0x00000000c001abf6                Sys::getCwd(regs*)
 .text          0x00000000c001ac15        0xc sys/sc_getpid.32
                0x00000000c001ac15                Sys::getPID(regs*)
 .text          0x00000000c001ac21       0x17 sys/sc_getramdata.32
                0x00000000c001ac21                Sys::getRAMData(regs*)
 .text          0x00000000c001ac38       0x84 sys/sc_getvgaptr.32
                0x00000000c001ac38                Sys::getVGAPtr(regs*)
 .text          0x00000000c001acbc       0xa8 sys/sc_loaddll.32
                0x00000000c001acbc                Sys::loadDLL(regs*)
 .text          0x00000000c001ad64       0x68 sys/sc_read.32
                0x00000000c001ad64                Sys::read(regs*)
 .text          0x00000000c001adcc       0x55 sys/sc_sbrk.32
                0x00000000c001adcc                Sys::sbrk(regs*)
 .text          0x00000000c001ae21       0x1c sys/sc_setcwd.32
                0x00000000c001ae21                Sys::setCwd(regs*)
 .text          0x00000000c001ae3d       0x95 sys/sc_settime.32
                0x00000000c001ae3d                Sys::setTime(regs*)
 .text          0x00000000c001aed2       0x4a sys/sc_timezone.32
                0x00000000c001aed2                Sys::timezone(regs*)
 .text          0x00000000c001af1c       0x68 sys/sc_write.32
                0x00000000c001af1c                Sys::write(regs*)
 .text          0x00000000c001af84       0x62 sys/sc_wsbe.32
                0x00000000c001af84                Sys::wsbe(regs*)
 .text          0x00000000c001afe6       0x46 sys/sc_yield.32
                0x00000000c001afe6                Sys::yield(regs*)
 .text          0x00000000c001b02c      0xf84 sys/syscalls.32
                0x00000000c001b02c                sysCallSeekDir(regs*)
                0x00000000c001b031                sysCallTellDir(regs*)
                0x00000000c001b036                sysCallVerify(regs*)
                0x00000000c001b040                sysCallGetArgc(regs*)
                0x00000000c001b050                sysFormatDisk(regs*)
                0x00000000c001b0ba                sysSetDiskVolumeLabel(regs*)
                0x00000000c001b100                sysGetDiskVolumeLabel(regs*)
                0x00000000c001b151                sysShutdown(regs*)
                0x00000000c001b1af                sysCallRealpath(regs*)
                0x00000000c001b1f2                sysCallReadDir(regs*)
                0x00000000c001b271                sysCallIsATTY(regs*)
                0x00000000c001b2cb                sysCallSeek(regs*)
                0x00000000c001b322                sysCallTell(regs*)
                0x00000000c001b38e                sysCallSize(regs*)
                0x00000000c001b400                sysCallSizeFromFilename(regs*)
                0x00000000c001b4af                sysCallClose(regs*)
                0x00000000c001b50f                sysCallOpenDir(regs*)
                0x00000000c001b584                sysCallCloseDir(regs*)
                0x00000000c001b5d8                sysCallMakeDir(regs*)
                0x00000000c001b648                sysCallWait(regs*)
                0x00000000c001b662                sysCallNotImpl(regs*)
                0x00000000c001b67d                sysPanic(regs*)
                0x00000000c001b697                sysCallRmdir(regs*)
                0x00000000c001b6fb                sysCallUnlink(regs*)
                0x00000000c001b75f                sysCallGetArgv(regs*)
                0x00000000c001b7ab                sysCallTTYName(regs*)
                0x00000000c001b82e                sysCallUSleep(regs*)
                0x00000000c001b855                sysCallSpawn(regs*)
                0x00000000c001b8bd                sysCallGetEnv(regs*)
                0x00000000c001b96a                sysAppSettings(regs*)
                0x00000000c001ba7e                sysSetFatAttrib(regs*)
                0x00000000c001baf0                sysPipe(regs*)
                0x00000000c001bb35                sysGetUnixTime(regs*)
                0x00000000c001bb49                string_ends_with(char const*, char const*)
                0x00000000c001bb91                sysCallOpen(regs*)
                0x00000000c001bd79                Sys::loadSyscalls()
                0x00000000c001bf6e                Sys::systemCall(regs*, void*)
 .text          0x00000000c001bfb0     0x11fd thr/elf.32
                0x00000000c001bfb0                Thr::allocateMemoryForTask(Process*, File*, unsigned long, unsigned long, unsigned long)
                0x00000000c001c25a                Thr::loadProgramIntoMemory(Process*, char const*)
                0x00000000c001c470                Thr::runtimeReferenceHelper()
                0x00000000c001c483                Thr::getAddressOfKernelSymbol(char const*)
                0x00000000c001c4d2                Thr::loadKernelSymbolTable(char const*)
                0x00000000c001c790                Thr::loadDriverIntoMemory(char const*, unsigned long, bool)
                0x00000000c001cec6                Thr::getDriverBaseFromAddress(unsigned long)
                0x00000000c001cef8                Thr::getDriverNameFromAddress(unsigned long)
                0x00000000c001cf2f                Thr::getDriverOffsetFromAddress(unsigned long)
                0x00000000c001cf49                Thr::loadDLL(char const*, bool)
                0x00000000c001d174                Thr::executeDLL(unsigned long, void*)
 *fill*         0x00000000c001d1ad        0x1 
 .text          0x00000000c001d1ae     0x11ef thr/prcssthr.32
                0x00000000c001d1ae                userModeEntryPoint(void*)
                0x00000000c001d1d4                changeTSS
                0x00000000c001d204                switchToThread(ThreadControlBlock*)
                0x00000000c001d2ae                Process::addArgs(char**)
                0x00000000c001d308                Process::Process(char const*, Process*, char**)
                0x00000000c001d308                Process::Process(char const*, Process*, char**)
                0x00000000c001d4ec                Process::Process(bool, char const*, Process*, char**)
                0x00000000c001d4ec                Process::Process(bool, char const*, Process*, char**)
                0x00000000c001d69b                taskStartupFunction
                0x00000000c001d6a4                Semaphore::Semaphore(int)
                0x00000000c001d6a4                Semaphore::Semaphore(int)
                0x00000000c001d6d2                Mutex::Mutex()
                0x00000000c001d6d2                Mutex::Mutex()
                0x00000000c001d6e4                Process::createThread(void (*)(void*), void*, int)
                0x00000000c001d7ea                Process::createUserThread()
                0x00000000c001d806                setupMultitasking(void (*)())
                0x00000000c001d909                schedule()
                0x00000000c001d98e                Semaphore::tryAcquire()
                0x00000000c001da4a                Semaphore::assertLocked(char const*)
                0x00000000c001dab9                blockTaskWithSchedulerLockAlreadyHeld(TaskState)
                0x00000000c001dadf                blockTask(TaskState)
                0x00000000c001db0c                waitTask(int, int*, int)
                0x00000000c001db4e                nanoSleepUntil(unsigned long long)
                0x00000000c001dbe3                nanoSleep(unsigned long long)
                0x00000000c001dbfb                sleep(unsigned long long)
                0x00000000c001dc18                Semaphore::acquire()
                0x00000000c001dcba                taskReturned
                0x00000000c001dcf5                Thr::processFromPID(int)
                0x00000000c001dd8c                unblockTask(ThreadControlBlock*)
                0x00000000c001de21                cleanupTerminatedTask(ThreadControlBlock*)
                0x00000000c001e0c8                cleanerTaskFunction(void*)
                0x00000000c001e1a9                terminateTask(int)
                0x00000000c001e268                Thr::terminateFromIRQ(int)
                0x00000000c001e274                Semaphore::release()
 .text          0x00000000c001e39d      0xada vm86/vm8086.32
                0x00000000c001e39d                Vm::inbv(unsigned short)
                0x00000000c001e3b0                Vm::outbv(unsigned short, unsigned char)
                0x00000000c001e3e6                Vm::realToLinear(unsigned short, unsigned short)
                0x00000000c001e3f6                Vm::getSegment(unsigned int)
                0x00000000c001e3fe                Vm::getOffset(unsigned int)
                0x00000000c001e403                Vm::mainloop2()
                0x00000000c001e43d                Vm::mainVm8086Loop(void*)
                0x00000000c001e44d                Vm::mainloop3(unsigned long)
                0x00000000c001e473                Vm::initialise8086()
                0x00000000c001e4b6                Vm::finish8086()
                0x00000000c001e517                Vm::getOutput8086(unsigned char*)
                0x00000000c001e53c                Vm::start8086(char const*, unsigned short, unsigned short, unsigned short, unsigned short)
                0x00000000c001e6a4                Vm::doISR(regs*, int, unsigned char*, unsigned short, unsigned short)
                0x00000000c001e72e                Vm::readByteFromReal(unsigned short, unsigned short)
                0x00000000c001e73f                Vm::readWordFromReal(unsigned short, unsigned short)
                0x00000000c001e751                Vm::readDwordFromReal(unsigned short, unsigned short)
                0x00000000c001e762                Vm::writeByteFromReal(unsigned short, unsigned short, unsigned char)
                0x00000000c001e777                Vm::writeWordFromReal(unsigned short, unsigned short, unsigned short)
                0x00000000c001e78d                Vm::writeDwordFromReal(unsigned short, unsigned short, unsigned int)
                0x00000000c001e7a2                Vm::faultHandler(regs*)
 .text          0x00000000c001ee77      0xefd vm86/x87em.32
                0x00000000c001ee77                Vm::fpuInternalTo32(unsigned long long)
                0x00000000c001eed2                Vm::fpuInternalTo64(unsigned long long)
                0x00000000c001eedb                Vm::fpu32ToInternal(unsigned int)
                0x00000000c001ef20                Vm::fpu64ToInternal(unsigned long long)
                0x00000000c001ef29                Vm::fpuFloatToLong(unsigned long long)
                0x00000000c001ef84                Vm::fpuULongToFloat(unsigned long long)
                0x00000000c001efba                Vm::fpuLongToFloat(long long)
                0x00000000c001f010                Vm::fpuGet0()
                0x00000000c001f015                Vm::fpuGet1()
                0x00000000c001f01d                Vm::fpuGetPi()
                0x00000000c001f025                Vm::fpuGetLog2E()
                0x00000000c001f03d                Vm::fpuGetLogE2()
                0x00000000c001f055                Vm::fpuGetLog210()
                0x00000000c001f06d                Vm::fpuGetLog102()
                0x00000000c001f085                Vm::fpuIsSecondLarger(unsigned long long, unsigned long long)
                0x00000000c001f099                Vm::fpuAreEqual(unsigned long long, unsigned long long)
                0x00000000c001f0af                Vm::fpuUnorderedCompare(unsigned long long, unsigned long long)
                0x00000000c001f102                Vm::fpuAdd(unsigned long long, unsigned long long)
                0x00000000c001f113                Vm::fpuAbs(unsigned long long)
                0x00000000c001f11c                Vm::fpuChs(unsigned long long)
                0x00000000c001f12c                Vm::fpuSub(unsigned long long, unsigned long long)
                0x00000000c001f13b                Vm::fpuMultiply(unsigned long long, unsigned long long)
                0x00000000c001f15a                Vm::fpuDivide(unsigned long long, unsigned long long)
                0x00000000c001f176                Vm::fpuSquare(unsigned long long)
                0x00000000c001f18c                Vm::fpuGetReg(int)
                0x00000000c001f1cf                Vm::fpuSetReg(int, unsigned long long)
                0x00000000c001f21a                Vm::fpuPush(unsigned long long)
                0x00000000c001f277                Vm::fpuPop()
                0x00000000c001f2c9                Vm::x87Handler(regs*)
 .text          0x00000000c001fd74     0x11c1 fs/fat/vfslink.32
                0x00000000c001fd74                FAT::getName()
                0x00000000c001fd7a                FAT::tell(void*, unsigned long long*)
                0x00000000c001fdae                FAT::stat(void*, unsigned long long*)
                0x00000000c001fde2                FAT::~FAT()
                0x00000000c001fde2                FAT::~FAT()
                0x00000000c001fe06                FAT::~FAT()
                0x00000000c001fe2e                FAT::getlabel(LogicalDisk*, int, char*, unsigned int*)
                0x00000000c001fecc                FAT::setlabel(LogicalDisk*, int, char*)
                0x00000000c001ff86                FAT::format(LogicalDisk*, int, char const*, int)
                0x00000000c0020144                FAT::tryMount(LogicalDisk*, int)
                0x00000000c002034a                FAT::getFileFirstSector(char const*)
                0x00000000c00203f0                FAT::readDir(void*, unsigned long, void*, int*)
                0x00000000c002054a                FAT::read(void*, unsigned long, void*, int*)
                0x00000000c00205a4                FAT::write(void*, unsigned long, void*, int*)
                0x00000000c00205fe                FAT::close(void*)
                0x00000000c002064a                FAT::closeDir(void*)
                0x00000000c0020696                FAT::seek(void*, unsigned long long)
                0x00000000c00206ea                fatWrapperReadDisk
                0x00000000c0020731                fatWrapperWriteDisk
                0x00000000c0020778                fatWrapperIoctl
                0x00000000c002087c                FAT::FAT()
                0x00000000c002087c                FAT::FAT()
                0x00000000c00208ce                FAT::fixFilepath(char*)
                0x00000000c0020906                FAT::open(char const*, void**, FileOpenMode)
                0x00000000c0020a2e                FAT::openDir(char const*, void**)
                0x00000000c0020ad4                FAT::stat(char const*, unsigned long long*, bool*)
                0x00000000c0020bbe                FAT::unlink(char const*)
                0x00000000c0020c38                FAT::chfatattr(char const*, unsigned char, unsigned char)
                0x00000000c0020d8c                FAT::rename(char const*, char const*)
                0x00000000c0020e50                FAT::mkdir(char const*)
                0x00000000c0020eca                FAT::exists(char const*)
 *fill*         0x00000000c0020f35        0x1 
 .text          0x00000000c0020f36      0xb75 fs/iso9660/vfslink.32
                0x00000000c0020f36                ISO9660::format(LogicalDisk*, int, char const*, int)
                0x00000000c0020f3c                ISO9660::seek(void*, unsigned long long)
                0x00000000c0020f6c                ISO9660::tell(void*, unsigned long long*)
                0x00000000c0020f90                ISO9660::getName()
                0x00000000c0020f96                ISO9660::stat(void*, unsigned long long*)
                0x00000000c0020fba                ISO9660::chfatattr(char const*, unsigned char, unsigned char)
                0x00000000c0020fc0                ISO9660::unlink(char const*)
                0x00000000c0020fc6                ISO9660::write(void*, unsigned long, void*, int*)
                0x00000000c0020fcc                ISO9660::rename(char const*, char const*)
                0x00000000c0020fd2                ISO9660::mkdir(char const*)
                0x00000000c0020fd8                ISO9660::close(void*)
                0x00000000c0020ffa                ISO9660::closeDir(void*)
                0x00000000c002101c                ISO9660::~ISO9660()
                0x00000000c002101c                ISO9660::~ISO9660()
                0x00000000c0021040                ISO9660::~ISO9660()
                0x00000000c0021067                __memmem(unsigned char*, int, unsigned char*, int)
                0x00000000c00210a9                readSectorFromCDROM(unsigned int, unsigned char*, char)
                0x00000000c0021104                ISO9660::tryMount(LogicalDisk*, int)
                0x00000000c0021154                ISO9660::read(void*, unsigned long, void*, int*)
                0x00000000c0021358                ISO9660::readDir(void*, unsigned long, void*, int*)
                0x00000000c00215d2                readRoot(unsigned int*, unsigned int*, char)
                0x00000000c0021626                readRecursively(char*, unsigned int, unsigned int, unsigned int*, unsigned int*, char, int*)
                0x00000000c00217f9                getFileData(char*, unsigned int*, unsigned int*, char, int*)
                0x00000000c0021888                ISO9660::open(char const*, void**, FileOpenMode)
                0x00000000c0021936                ISO9660::exists(char const*)
                0x00000000c002195a                ISO9660::stat(char const*, unsigned long long*, bool*)
                0x00000000c00219ee                ISO9660::openDir(char const*, void**)
                0x00000000c0021a88                ISO9660::ISO9660()
                0x00000000c0021a88                ISO9660::ISO9660()
 *fill*         0x00000000c0021aab        0x1 
 .text          0x00000000c0021aac      0x396 hal/sound/sndchannel.32
                0x00000000c0021aac                SoundChannel::SoundChannel(int, int, int, int)
                0x00000000c0021aac                SoundChannel::SoundChannel(int, int, int, int)
                0x00000000c0021bd6                SoundChannel::~SoundChannel()
                0x00000000c0021bd6                SoundChannel::~SoundChannel()
                0x00000000c0021bf2                SoundChannel::getSampleRate()
                0x00000000c0021bfa                SoundChannel::getBits()
                0x00000000c0021c02                SoundChannel::getBufferUsed()
                0x00000000c0021c0a                SoundChannel::getBufferSize()
                0x00000000c0021c12                SoundChannel::unbuffer(float*, int, int)
                0x00000000c0021ca6                SoundChannel::buffer16(short*, int)
                0x00000000c0021da2                SoundChannel::buffer8(unsigned char*, int)
 .text          0x00000000c0021e42      0x43e hal/sound/sndhw.32
                0x00000000c0021e42                SoundDevice::SoundDevice(char const*)
                0x00000000c0021e42                SoundDevice::SoundDevice(char const*)
                0x00000000c0021eae                SoundDevice::~SoundDevice()
                0x00000000c0021eae                SoundDevice::~SoundDevice()
                0x00000000c0021f28                SoundDevice::~SoundDevice()
                0x00000000c0021f52                SoundDevice::getFreeChannelNum()
                0x00000000c0021f6c                SoundDevice::addChannel(SoundChannel*)
                0x00000000c0021fdc                SoundDevice::removeChannel(int)
                0x00000000c002200e                SoundDevice::floatTo16(float*, short*, int)
                0x00000000c00220fc                SoundDevice::floatTo8(float*, unsigned char*, int)
                0x00000000c00221e4                SoundDevice::getAudio(int, float*, float*)
 .text          0x00000000c0022280        0x0 hw/bus/isa.32
 .text          0x00000000c0022280      0xb87 hw/bus/pci.32
                0x00000000c0022280                PCI::open(int, int, void*)
                0x00000000c002229e                PCI::close(int, int, void*)
                0x00000000c00222a2                PCI::PCI()
                0x00000000c00222a2                PCI::PCI()
                0x00000000c0022338                PCI::readBAR8(unsigned int, int)
                0x00000000c0022354                PCI::readBAR16(unsigned int, int)
                0x00000000c0022372                PCI::readBAR32(unsigned int, int)
                0x00000000c002238e                PCI::writeBAR8(unsigned int, unsigned char, int)
                0x00000000c00223ae                PCI::writeBAR16(unsigned int, unsigned short, int)
                0x00000000c00223d0                PCI::writeBAR32(unsigned int, unsigned int, int)
                0x00000000c00223f0                PCI::legacyMechanism(unsigned char, unsigned char, unsigned char, unsigned char)
                0x00000000c002245e                PCI::pciReadWord(unsigned char, unsigned char, unsigned char, unsigned char)
                0x00000000c0022506                PCI::getVendorID(unsigned char, unsigned char, unsigned char)
                0x00000000c002252a                PCI::getHeaderType(unsigned char, unsigned char, unsigned char)
                0x00000000c0022552                PCI::getClassCode(unsigned char, unsigned char, unsigned char)
                0x00000000c002259c                PCI::getProgIF(unsigned char, unsigned char, unsigned char)
                0x00000000c00225c4                PCI::getRevisionID(unsigned char, unsigned char, unsigned char)
                0x00000000c00225e8                PCI::getInterruptNumber(unsigned char, unsigned char, unsigned char)
                0x00000000c002260c                PCI::getSecondaryBus(unsigned char, unsigned char, unsigned char)
                0x00000000c0022634                PCI::getBARAddress(unsigned char, unsigned char, unsigned char, unsigned char)
                0x00000000c0022698                PCI::pciWriteWord(unsigned char, unsigned char, unsigned char, unsigned char, unsigned short)
                0x00000000c0022780                PCI::pciDetailsToFilepath(PCIDeviceInfo, char*)
                0x00000000c00229fa                PCI::checkBus(unsigned char)
                0x00000000c0022a1e                PCI::foundDevice(PCIDeviceInfo)
                0x00000000c0022b90                PCI::getDeviceData(unsigned char, unsigned char, unsigned char)
                0x00000000c0022d48                PCI::checkDevice(unsigned char, unsigned char)
                0x00000000c0022db4                PCI::detect()
 *fill*         0x00000000c0022e07        0x1 
 .text          0x00000000c0022e08      0xb54 hw/diskctrl/ide.32
                0x00000000c0022e08                IDE::close(int, int, void*)
                0x00000000c0022e0c                IDE::IDE()
                0x00000000c0022e0c                IDE::IDE()
                0x00000000c0022e40                IDE::prepareInterrupt(unsigned char)
                0x00000000c0022e52                selectDrive(unsigned char, unsigned char)
                0x00000000c0022e54                IDE::getBase(unsigned char)
                0x00000000c0022e66                IDE::write(unsigned char, unsigned char, unsigned char)
                0x00000000c0022f26                IDE::read(unsigned char, unsigned char)
                0x00000000c0022fd4                IDE::waitInterrupt(unsigned char)
                0x00000000c002303a                ideChannel0IRQHandler(regs*, void*)
                0x00000000c0023056                ideChannel1IRQHandler(regs*, void*)
                0x00000000c0023072                IDE::enableIRQs(unsigned char, bool)
                0x00000000c00230b8                IDE::open(int, int, void*)
                0x00000000c00234c6                IDE::readBuffer(unsigned char, unsigned char, unsigned int, unsigned int)
                0x00000000c0023592                IDE::detect()
                0x00000000c0023858                IDE::printError(unsigned char, unsigned char, unsigned char)
                0x00000000c0023908                IDE::polling(unsigned char, unsigned int)
 .text          0x00000000c002395c      0x336 hw/diskctrl/satabus.32
                0x00000000c002395c                SATABus::close(int, int, void*)
                0x00000000c0023960                SATABus::detect()
                0x00000000c0023962                SATABus::SATABus()
                0x00000000c0023962                SATABus::SATABus()
                0x00000000c00239e8                SATABus::findCmdslot(SATABus::tagHBA_PORT volatile*)
                0x00000000c0023a30                SATABus::checkType(SATABus::tagHBA_PORT volatile*)
                0x00000000c0023a78                SATABus::startCmd(SATABus::tagHBA_PORT volatile*)
                0x00000000c0023a98                SATABus::stopCmd(SATABus::tagHBA_PORT volatile*)
                0x00000000c0023ac2                SATABus::portRebase(SATABus::tagHBA_PORT volatile*, int)
                0x00000000c0023bc8                SATABus::probePort(SATABus::tagHBA_MEM volatile*)
                0x00000000c0023c72                SATABus::open(int, int, void*)
 .text          0x00000000c0023c92      0x604 hw/diskphys/ata.32
                0x00000000c0023c92                ATA::close(int, int, void*)
                0x00000000c0023cb6                ATA::powerSaving(PowerSavingLevel)
                0x00000000c0023cb8                ATA::ATA()
                0x00000000c0023cb8                ATA::ATA()
                0x00000000c0023ce6                ATA::flush(bool)
                0x00000000c0023d30                ATA::readyForCommand()
                0x00000000c0023d80                ATA::access(unsigned long long, int, void*, bool)
                0x00000000c0024108                ATA::read(unsigned long long, int, void*)
                0x00000000c0024154                ATA::write(unsigned long long, int, void*)
                0x00000000c00241a0                ATA::detectCHS()
                0x00000000c00241ca                ATA::open(int, int, void*)
 .text          0x00000000c0024296      0x5bd hw/diskphys/atapi.32
                0x00000000c0024296                ATAPI::write(unsigned long long, int, void*)
                0x00000000c002429c                ATAPI::close(int, int, void*)
                0x00000000c00242c0                ATAPI::ATAPI()
                0x00000000c00242c0                ATAPI::ATAPI()
                0x00000000c00242ee                ATAPI::readyForCommand()
                0x00000000c002433e                ATAPI::sendPacket(unsigned char*, int, bool, unsigned short*, int)
                0x00000000c00245fe                ATAPI::diskRemoved()
                0x00000000c002461a                ATAPI::eject()
                0x00000000c0024662                ATAPI::diskInserted()
                0x00000000c0024690                ATAPI::detectMedia()
                0x00000000c002474c                ATAPI::open(int, int, void*)
                0x00000000c00247d4                ATAPI::read(unsigned long long, int, void*)
 *fill*         0x00000000c0024853        0x1 
 .text          0x00000000c0024854      0x41c hw/diskphys/sata.32
                0x00000000c0024854                SATA::close(int, int, void*)
                0x00000000c0024878                SATA::powerSaving(PowerSavingLevel)
                0x00000000c002487a                SATA::open(int, int, void*)
                0x00000000c0024924                SATA::SATA()
                0x00000000c0024924                SATA::SATA()
                0x00000000c0024952                SATA::access(unsigned long long, int, void*, bool)
                0x00000000c0024bb8                SATA::read(unsigned long long, int, void*)
                0x00000000c0024c04                SATA::write(unsigned long long, int, void*)
 .text          0x00000000c0024c70      0x4fe hw/diskphys/satapi.32
                0x00000000c0024c70                SATAPI::write(unsigned long long, int, void*)
                0x00000000c0024c76                SATAPI::close(int, int, void*)
                0x00000000c0024c9a                SATAPI::SATAPI()
                0x00000000c0024c9a                SATAPI::SATAPI()
                0x00000000c0024cc8                SATAPI::diskRemoved()
                0x00000000c0024ce4                SATAPI::diskInserted()
                0x00000000c0024d12                SATAPI::sendPacket(unsigned char*, int, unsigned long long, unsigned short*, int)
                0x00000000c0024f1a                SATAPI::eject()
                0x00000000c0024f62                SATAPI::detectMedia()
                0x00000000c0025024                SATAPI::open(int, int, void*)
                0x00000000c00250cc                SATAPI::read(unsigned long long, int, void*)
 .text          0x00000000c002516e       0x8e hw/fpu/avx.32
                0x00000000c002516e                AVX::open(int, int, void*)
                0x00000000c0025180                AVX::close(int, int, void*)
                0x00000000c0025192                AVX::available()
                0x00000000c00251a4                AVX::save(void*)
                0x00000000c00251bc                AVX::load(void*)
                0x00000000c00251d4                AVX::AVX()
                0x00000000c00251d4                AVX::AVX()
 .text          0x00000000c00251fc       0x90 hw/fpu/mmx.32
                0x00000000c00251fc                MMX::available()
                0x00000000c0025210                MMX::open(int, int, void*)
                0x00000000c0025222                MMX::close(int, int, void*)
                0x00000000c0025234                MMX::save(void*)
                0x00000000c002524c                MMX::load(void*)
                0x00000000c0025264                MMX::MMX()
                0x00000000c0025264                MMX::MMX()
 .text          0x00000000c002528c       0x96 hw/fpu/sse.32
                0x00000000c002528c                SSE::open(int, int, void*)
                0x00000000c002529e                SSE::close(int, int, void*)
                0x00000000c00252b0                SSE::available()
                0x00000000c00252ca                SSE::save(void*)
                0x00000000c00252e2                SSE::load(void*)
                0x00000000c00252fa                SSE::SSE()
                0x00000000c00252fa                SSE::SSE()
 .text          0x00000000c0025322       0x8e hw/fpu/x87.32
                0x00000000c0025322                x87::open(int, int, void*)
                0x00000000c0025334                x87::close(int, int, void*)
                0x00000000c0025346                x87::available()
                0x00000000c0025358                x87::save(void*)
                0x00000000c0025370                x87::load(void*)
                0x00000000c0025388                x87::x87()
                0x00000000c0025388                x87::x87()
 .text          0x00000000c00253b0      0x71e hw/intctrl/apic.32
                0x00000000c00253b0                APIC::disable()
                0x00000000c00253b2                APIC::close(int, int, void*)
                0x00000000c00253d4                IOAPIC::close(int, int, void*)
                0x00000000c00253da                APIC::io_wait()
                0x00000000c00253e0                APIC::getBase()
                0x00000000c0025422                APIC::eoi(unsigned char)
                0x00000000c0025450                APIC::open(int, int, void*)
                0x00000000c002559e                IOAPIC::IOAPIC()
                0x00000000c002559e                IOAPIC::IOAPIC()
                0x00000000c00255c6                APIC::APIC()
                0x00000000c00255c6                APIC::APIC()
                0x00000000c00256a2                IOAPIC::handlesGSIWithNumber(unsigned int)
                0x00000000c00256d4                IOAPIC::read(int)
                0x00000000c00256fc                IOAPIC::open(int, int, void*)
                0x00000000c00257f2                IOAPIC::write(int, int)
                0x00000000c002581e                IOAPIC::redirect(unsigned char, unsigned long long, unsigned char, bool, bool)
                0x00000000c0025918                APIC::installIRQHandler(int, void (*)(regs*, void*), bool, void*)
 .text          0x00000000c0025ace      0x3d3 hw/intctrl/pic.32
                0x00000000c0025ace                PIC::disable()
                0x00000000c0025afc                PIC::close(int, int, void*)
                0x00000000c0025b1e                PIC::PIC()
                0x00000000c0025b1e                PIC::PIC()
                0x00000000c0025bf4                PIC::ioWait()
                0x00000000c0025bfa                PIC::getIRQReg(int)
                0x00000000c0025c64                PIC::eoi(unsigned char)
                0x00000000c0025cf6                PIC::remap()
                0x00000000c0025e62                PIC::open(int, int, void*)
 *fill*         0x00000000c0025ea1        0x1 
 .text          0x00000000c0025ea2      0x25e hw/timer/apictimer.32
                0x00000000c0025ea2                APICTimer::close(int, int, void*)
                0x00000000c0025ea8                apicTimerHandler(regs*, void*)
                0x00000000c0025ed6                APICTimer::write(int)
                0x00000000c0025fda                APICTimer::open(int, int, void*)
                0x00000000c00260d8                APICTimer::APICTimer()
                0x00000000c00260d8                APICTimer::APICTimer()
 .text          0x00000000c0026100      0x1a7 hw/timer/pit.32
                0x00000000c0026100                PIT::write(int)
                0x00000000c002617e                pitHandler(regs*, void*)
                0x00000000c00261aa                PIT::open(int, int, void*)
                0x00000000c00261f8                PIT::close(int, int, void*)
                0x00000000c0026228                PIT::PIT()
                0x00000000c0026228                PIT::PIT()
 *fill*         0x00000000c00262a7        0x9 
 .text          0x00000000c00262b0       0x1e hw/fpu/x86/avx.32
                0x00000000c00262b0                avxDetect
                0x00000000c00262b6                avxSave
                0x00000000c00262b7                avxLoad
                0x00000000c00262b8                avxInit
                0x00000000c00262b9                avxClose
                0x00000000c00262ba                wouldSheSayYes
 *fill*         0x00000000c00262ce        0x2 
 .text          0x00000000c00262d0       0x35 hw/fpu/x86/sse.32
                0x00000000c00262d0                absolutelyNoChanceInHell
                0x00000000c00262d0                sseDetect
                0x00000000c00262e8                sseSave
                0x00000000c00262ee                sseLoad
                0x00000000c00262f4                sseInit
                0x00000000c0026304                sseClose
 *fill*         0x00000000c0026305        0xb 
 .text          0x00000000c0026310       0x4d hw/fpu/x86/x87.32
                0x00000000c0026316                x87Detect
                0x00000000c0026331                x87Save
                0x00000000c002633a                x87Load
                0x00000000c0026342                x87Init
                0x00000000c002635c                x87Close
 *fill*         0x00000000c002635d        0x3 
 .text          0x00000000c0026360       0x25 /cygdrive/d/Users/Alex/Desktop/Toolchain/Output/bin/../lib/gcc/i386-banana/8.1.0/crtend.o
 .text          0x00000000c0026385        0x0 crtn.32
 *fill*         0x00000000c0026385        0x3 
 .text          0x00000000c0026388      0x14b /cygdrive/d/Users/Alex/Desktop/Toolchain/Output/bin/../lib/gcc/i386-banana/8.1.0/libkgcc.a(_divdi3.o)
                0x00000000c0026388                __divdi3
 *fill*         0x00000000c00264d3        0x1 
 .text          0x00000000c00264d4      0x17e /cygdrive/d/Users/Alex/Desktop/Toolchain/Output/bin/../lib/gcc/i386-banana/8.1.0/libkgcc.a(_moddi3.o)
                0x00000000c00264d4                __moddi3
 *fill*         0x00000000c0026652        0x2 
 .text          0x00000000c0026654       0xff /cygdrive/d/Users/Alex/Desktop/Toolchain/Output/bin/../lib/gcc/i386-banana/8.1.0/libkgcc.a(_udivdi3.o)
                0x00000000c0026654                __udivdi3
 *fill*         0x00000000c0026753        0x1 
 .text          0x00000000c0026754      0x11a /cygdrive/d/Users/Alex/Desktop/Toolchain/Output/bin/../lib/gcc/i386-banana/8.1.0/libkgcc.a(_umoddi3.o)
                0x00000000c0026754                __umoddi3
 .text          0x00000000c002686e      0x96d D:/Users/Alex/Desktop/Banana/kernel/libsoftfp.a(sfieeelib.o)
                0x00000000c002686e                __addsf3
                0x00000000c0026b70                __subsf3
                0x00000000c0026b84                __negsf2
                0x00000000c0026b91                __mulsf3
                0x00000000c0026d54                __divsf3
                0x00000000c0026f7f                __floatsisf
                0x00000000c0026ff3                __floatunsisf
                0x00000000c0027035                __fixsfsi
                0x00000000c0027097                __fixunssfsi
                0x00000000c00270c8                __cmpsf2
                0x00000000c002715d                __eqsf2
                0x00000000c0027198                __nesf2
                0x00000000c002719a                __gtsf2
                0x00000000c00271d5                __gesf2
                0x00000000c00271d7                __ltsf2
                0x00000000c00271d9                __lesf2
 .text          0x00000000c00271db      0xf50 D:/Users/Alex/Desktop/Banana/kernel/libsoftfp.a(dfieeelib.o)
                0x00000000c00271db                __adddf3
                0x00000000c002782c                __subdf3