Archive member included to satisfy reference by file (symbol)

/cygdrive/d/Users/Alex/Desktop/Toolchain/Output/bin/../lib/gcc/i386-banana/8.1.0/libkgcc.a(_divdi3.o)
                              fs/fat/ff.32 (__divdi3)
/cygdrive/d/Users/Alex/Desktop/Toolchain/Output/bin/../lib/gcc/i386-banana/8.1.0/libkgcc.a(_moddi3.o)
                              thr/elf.32 (__moddi3)
/cygdrive/d/Users/Alex/Desktop/Toolchain/Output/bin/../lib/gcc/i386-banana/8.1.0/libkgcc.a(_udivdi3.o)
                              fs/fat/ff.32 (__udivdi3)
/cygdrive/d/Users/Alex/Desktop/Toolchain/Output/bin/../lib/gcc/i386-banana/8.1.0/libkgcc.a(_umoddi3.o)
                              core/pipe.32 (__umoddi3)
D:/Users/Alex/Desktop/Banana/kernel/libsoftfp.a(sfieeelib.o)
                              hal/sound/sndhw.32 (__addsf3)
D:/Users/Alex/Desktop/Banana/kernel/libsoftfp.a(dfieeelib.o)
                              hal/libresample/src_linear.32 (__adddf3)
D:/Users/Alex/Desktop/Banana/kernel/libsoftfp.a(sfdfcvt.o)
                              hal/libresample/samplerate.32 (__truncdfsf2)
D:/Users/Alex/Desktop/Banana/kernel/libk/libm32.a(s_fabs.c.o)
                              hal/libresample/samplerate.32 (fabs)
D:/Users/Alex/Desktop/Banana/kernel/libk/libm32.a(s_lrint.S.o)
                              hal/libresample/samplerate.32 (lrint)
D:/Users/Alex/Desktop/Banana/kernel/libk/libm32.a(s_lrintf.S.o)
                              hal/sound/sndhw.32 (lrintf)

Discarded input sections

 .comment       0x0000000000000000       0x12 /cygdrive/d/Users/Alex/Desktop/Toolchain/Output/bin/../lib/gcc/i386-banana/8.1.0/crtbegin.o
 .comment       0x0000000000000000       0x12 acpica/utclib.32
 .comment       0x0000000000000000       0x12 core/malloc.32
 .comment       0x0000000000000000       0x12 libk/string.32
 .comment       0x0000000000000000       0x12 fs/fat/diskio.32
 .comment       0x0000000000000000       0x12 fs/fat/ff.32
 .comment       0x0000000000000000       0x12 fs/fat/ffsystem.32
 .comment       0x0000000000000000       0x12 fs/fat/ffunicode.32
 .comment       0x0000000000000000       0x12 hal/libresample/samplerate.32
 .comment       0x0000000000000000       0x12 hal/libresample/src_linear.32
 .comment       0x0000000000000000       0x12 hal/libresample/src_sinc.32
 .comment       0x0000000000000000       0x12 hal/libresample/src_zoh.32
 .group         0x0000000000000000       0x14 core/computer.32
 .group         0x0000000000000000        0xc core/computer.32
 .comment       0x0000000000000000       0x12 core/computer.32
 .comment       0x0000000000000000       0x12 core/gdt.32
 .group         0x0000000000000000        0xc core/idle.32
 .comment       0x0000000000000000       0x12 core/idle.32
 .comment       0x0000000000000000       0x12 core/idt.32
 .group         0x0000000000000000        0x8 core/kheap.32
 .group         0x0000000000000000        0x8 core/kheap.32
 .comment       0x0000000000000000       0x12 core/kheap.32
 .comment       0x0000000000000000       0x12 core/main.32
 .comment       0x0000000000000000       0x12 core/physmgr.32
 .group         0x0000000000000000        0xc core/pipe.32
 .comment       0x0000000000000000       0x12 core/pipe.32
 .group         0x0000000000000000        0xc core/terminal.32
 .comment       0x0000000000000000       0x12 core/terminal.32
 .group         0x0000000000000000        0x8 core/tss.32
 .text._ZN3CPU7readCR3Ev
                0x0000000000000000       0x12 core/tss.32
 .comment       0x0000000000000000       0x12 core/tss.32
 .group         0x0000000000000000        0x8 core/unixfile.32
 .group         0x0000000000000000        0xc core/unixfile.32
 .group         0x0000000000000000        0xc core/unixfile.32
 .group         0x0000000000000000        0x8 core/unixfile.32
 .group         0x0000000000000000        0xc core/unixfile.32
 .group         0x0000000000000000        0x8 core/unixfile.32
 .group         0x0000000000000000        0xc core/unixfile.32
 .group         0x0000000000000000        0xc core/unixfile.32
 .comment       0x0000000000000000       0x12 core/unixfile.32
 .group         0x0000000000000000        0x8 core/virtmgr.32
 .group         0x0000000000000000        0x8 core/virtmgr.32
 .text._ZN3CPU7readCR3Ev
                0x0000000000000000       0x12 core/virtmgr.32
 .text._ZN3CPU8writeCR3Em
                0x0000000000000000        0x9 core/virtmgr.32
 .comment       0x0000000000000000       0x12 core/virtmgr.32
 .comment       0x0000000000000000       0x12 coreobjs/c++.32
 .comment       0x0000000000000000       0x12 dbg/kconsole.32
 .group         0x0000000000000000        0xc fs/vfs.32
 .group         0x0000000000000000        0xc fs/vfs.32
 .group         0x0000000000000000        0xc fs/vfs.32
 .comment       0x0000000000000000       0x12 fs/vfs.32
 .group         0x0000000000000000        0xc hal/bus.32
 .comment       0x0000000000000000       0x12 hal/bus.32
 .group         0x0000000000000000        0xc hal/buzzer.32
[...]
Memory Configuration

Name             Origin             Length             Attributes
*default*        0x0000000000000000 0xffffffffffffffff

Linker script and memory map

LOAD D:/Users/Alex/Desktop/Banana/kernel/boot.32
LOAD crti.32
LOAD /cygdrive/d/Users/Alex/Desktop/Toolchain/Output/bin/../lib/gcc/i386-banana/8.1.0/crtbegin.o
LOAD D:/Users/Alex/Desktop/Banana/kernel/morenasm.32
LOAD acpica/utclib.32
LOAD core/malloc.32
LOAD libk/string.32
LOAD fs/fat/diskio.32
LOAD fs/fat/ff.32
LOAD fs/fat/ffsystem.32
LOAD fs/fat/ffunicode.32
LOAD hal/libresample/samplerate.32
LOAD hal/libresample/src_linear.32
LOAD hal/libresample/src_sinc.32
LOAD hal/libresample/src_zoh.32
LOAD core/computer.32
LOAD core/gdt.32
LOAD core/idle.32
LOAD core/idt.32
LOAD core/kheap.32
LOAD core/main.32
LOAD core/physmgr.32
LOAD core/pipe.32
LOAD core/terminal.32
LOAD core/tss.32
LOAD core/unixfile.32
LOAD core/virtmgr.32
LOAD coreobjs/c++.32
LOAD dbg/kconsole.32
LOAD fs/vfs.32
LOAD hal/bus.32
LOAD hal/buzzer.32
LOAD hal/clock.32
LOAD hal/device.32
LOAD hal/diskctrl.32
LOAD hal/diskphys.32
LOAD hal/fpu.32
LOAD hal/intctrl.32
LOAD hal/keybrd.32
LOAD hal/logidisk.32
LOAD hal/mouse.32
LOAD hal/partition.32
LOAD hal/timer.32
LOAD hal/vcache.32
LOAD hal/video.32
LOAD hw/acpi.32
LOAD hw/cpu.32
LOAD hw/ports.32
LOAD krnl/panic.32
LOAD reg/registry.32
LOAD sys/sc_exit.32
LOAD sys/sc_loaddll.32
LOAD sys/sc_read.32
LOAD sys/sc_sbrk.32
LOAD sys/sc_write.32
LOAD sys/sc_yield.32
LOAD sys/syscalls.32
LOAD thr/elf.32
LOAD thr/prcssthr.32
LOAD vm86/vm8086.32
LOAD vm86/x87em.32
LOAD fs/fat/vfslink.32
LOAD fs/iso9660/vfslink.32
LOAD hal/sound/sndchannel.32
LOAD hal/sound/sndhw.32
LOAD hw/bus/isa.32
LOAD hw/bus/pci.32
LOAD hw/diskctrl/ide.32
LOAD hw/diskphys/ata.32
LOAD hw/diskphys/atapi.32
LOAD hw/fpu/avx.32
LOAD hw/fpu/mmx.32
LOAD hw/fpu/sse.32
LOAD hw/fpu/x87.32
LOAD hw/intctrl/apic.32
LOAD hw/intctrl/pic.32
LOAD hw/timer/apictimer.32
LOAD hw/timer/pit.32
LOAD hw/fpu/x86/avx.32
LOAD hw/fpu/x86/sse.32
LOAD hw/fpu/x86/x87.32
LOAD /cygdrive/d/Users/Alex/Desktop/Toolchain/Output/bin/../lib/gcc/i386-banana/8.1.0/crtend.o
LOAD crtn.32
LOAD /cygdrive/d/Users/Alex/Desktop/Toolchain/Output/bin/../lib/gcc/i386-banana/8.1.0/libkgcc.a
LOAD D:/Users/Alex/Desktop/Banana/kernel/libsoftfp.a
LOAD D:/Users/Alex/Desktop/Banana/kernel/libk/libm32.a
                0x00000000c0000000                . = 0xc0000000

.text           0x00000000c0000000    0x25238
 *(.text)
 .text          0x00000000c0000000       0x41 D:/Users/Alex/Desktop/Banana/kernel/boot.32
                0x00000000c0000020                callGlobalConstructors
 .text          0x00000000c0000041        0x0 crti.32
 *fill*         0x00000000c0000041        0x3 
 .text          0x00000000c0000044      0x101 /cygdrive/d/Users/Alex/Desktop/Toolchain/Output/bin/../lib/gcc/i386-banana/8.1.0/crtbegin.o
 *fill*         0x00000000c0000145        0xb 
 .text          0x00000000c0000150      0x4dc D:/Users/Alex/Desktop/Banana/kernel/morenasm.32
                0x00000000c0000150                prepareTramp
                0x00000000c0000169                voodooXADD
                0x00000000c0000234                doTPAUSE
                0x00000000c000023e                hasLegacyFPU
                0x00000000c0000263                is486
                0x00000000c0000299                goToVM86
                0x00000000c00002ca                goToUsermode
                0x00000000c00002f5                switchToThreadASMFirstTime
                0x00000000c0000303                switchToThreadASM
                0x00000000c00003a3                detectCPUID
                0x00000000c00003b9                asmQuickAcquireLock
                0x00000000c00003d7                asmQuickReleaseLock
                0x00000000c00003e3                asmAcquireLock
                0x00000000c0000404                asmReleaseLock
                0x00000000c0000417                loadGDT
                0x00000000c0000437                isr0
                0x00000000c0000447                isr1
                0x00000000c0000451                isr2
                0x00000000c000045b                isr3
                0x00000000c0000465                isr4
                0x00000000c000046f                isr5
                0x00000000c0000479                isr6
                0x00000000c0000483                isr7
                0x00000000c000048d                isr8
                0x00000000c0000495                isr9
                0x00000000c000049f                isr10
                0x00000000c00004a7                isr11
                0x00000000c00004af                isr12
                0x00000000c00004b7                isr13
                0x00000000c00004bf                isr14
                0x00000000c00004c7                isr15
                0x00000000c00004d1                isr16
                0x00000000c00004db                isr17
                0x00000000c00004e5                isr18
                0x00000000c00004ef                isr96
                0x00000000c00004f9                irq0
                0x00000000c0000503                irq1
                0x00000000c000050d                irq2
                0x00000000c0000517                irq3
                0x00000000c0000521                irq4
                0x00000000c000052b                irq5
                0x00000000c0000535                irq6
                0x00000000c000053f                irq7
                0x00000000c0000549                irq8
                0x00000000c0000553                irq9
                0x00000000c000055d                irq10
                0x00000000c0000567                irq11
                0x00000000c0000571                irq12
                0x00000000c000057b                irq13
                0x00000000c0000585                irq14
                0x00000000c000058f                irq15
                0x00000000c0000599                irq16
                0x00000000c00005a3                irq17
                0x00000000c00005ad                irq18
                0x00000000c00005b7                irq19
                0x00000000c00005c1                irq20
                0x00000000c00005cb                irq21
                0x00000000c00005d5                irq22
                0x00000000c00005df                irq23
                0x00000000c00005e9                int_common_stub
                0x00000000c000060a                syscall_common_stub
 .text          0x00000000c000062c      0x40f acpica/utclib.32
                0x00000000c000062c                memcmp
                0x00000000c0000657                memmove
                0x00000000c000068f                memcpy
                0x00000000c00006c5                memset
                0x00000000c00006e2                strlen
                0x00000000c00006f2                strpbrk
                0x00000000c0000715                strtok
                0x00000000c0000764                strcpy
                0x00000000c0000784                strncpy
                0x00000000c00007b5                strcmp
                0x00000000c00007d6                strchr
                0x00000000c00007ec                strncmp
                0x00000000c000081b                strcat
                0x00000000c0000842                strncat
                0x00000000c000087c                strstr
                0x00000000c00008b9                toupper
                0x00000000c00008cd                tolower
                0x00000000c00008e1                simple_strtoul
 .text          0x00000000c0000a3b      0xfbf core/malloc.32
                0x00000000c0000ba6                dlfree
                0x00000000c0000f01                dlmalloc
                0x00000000c000143e                dlrealloc
                0x00000000c00015f3                dlmemalign
                0x00000000c0001716                dlcalloc
                0x00000000c00017b0                dlcfree
                0x00000000c00017b5                dlindependent_calloc
                0x00000000c00017da                dlindependent_comalloc
                0x00000000c00017f1                dlvalloc
                0x00000000c000181c                dlpvalloc
                0x00000000c0001852                dlmalloc_trim
                0x00000000c000185f                dlmalloc_usable_size
                0x00000000c0001890                dlmallinfo
                0x00000000c000195f                dlmalloc_stats
                0x00000000c0001970                dlmallopt
 .text          0x00000000c00019fa        0x0 libk/string.32
 .text          0x00000000c00019fa       0x51 fs/fat/diskio.32
                0x00000000c00019fa                disk_status
                0x00000000c00019fd                disk_initialize
                0x00000000c0001a00                disk_read
                0x00000000c0001a16                disk_write
                0x00000000c0001a2c                disk_ioctl
 .text          0x00000000c0001a4b     0x6833 fs/fat/ff.32
                0x00000000c0004d19                f_mount
                0x00000000c0004d7b                f_open
                0x00000000c00051b7                f_read
                0x00000000c0005437                f_write
                0x00000000c00056f1                f_sync
                0x00000000c00058cd                f_close
                0x00000000c00058fc                f_lseek
                0x00000000c0005db3                f_opendir
                0x00000000c0005eb5                f_closedir
                0x00000000c0005ed7                f_readdir
                0x00000000c0005f72                f_stat
                0x00000000c0006001                f_getfree
                0x00000000c00061cc                f_truncate
                0x00000000c00062c4                f_unlink
                0x00000000c0006447                f_mkdir
                0x00000000c0006673                f_rename
                0x00000000c0006966                f_chmod
                0x00000000c0006a44                f_utime
                0x00000000c0006b22                f_getlabel
                0x00000000c0006d10                f_setlabel
                0x00000000c0006f7d                f_forward
                0x00000000c000715b                f_mkfs
 .text          0x00000000c000827e       0x2d fs/fat/ffsystem.32
                0x00000000c000827e                ff_memalloc
                0x00000000c0008294                ff_memfree
 .text          0x00000000c00082ab      0x253 fs/fat/ffunicode.32
                0x00000000c00082ab                ff_uni2oem
                0x00000000c000833b                ff_oem2uni
                0x00000000c00083a7                ff_wtoupper
 .text          0x00000000c00084fe      0x8a1 hal/libresample/samplerate.32
                0x00000000c00085a5                src_delete
                0x00000000c00085e1                src_process
                0x00000000c0008755                src_callback_read
                0x00000000c00088b0                src_set_ratio
                0x00000000c00088f9                src_get_channels
                0x00000000c000891b                src_reset
                0x00000000c0008967                src_new
                0x00000000c00089f5                src_callback_new
                0x00000000c0008a57                src_get_name
                0x00000000c0008a8e                src_get_description
                0x00000000c0008ac5                src_get_version
                0x00000000c0008acb                src_is_valid_ratio
                0x00000000c0008ae7                src_error
                0x00000000c0008af5                src_strerror
                0x00000000c0008b08                src_simple
                0x00000000c0008b5b                src_short_to_float_array
                0x00000000c0008bc0                src_float_to_short_array
                0x00000000c0008c7f                src_int_to_float_array
                0x00000000c0008ce2                src_float_to_int_array
 .text          0x00000000c0008d9f      0x8f0 hal/libresample/src_linear.32
                0x00000000c00095ea                linear_get_name
                0x00000000c00095f9                linear_get_description
                0x00000000c0009608                linear_set_converter
 .text          0x00000000c000968f     0x40fd hal/libresample/src_sinc.32
                0x00000000c000d6a3                sinc_get_name
                0x00000000c000d6b6                sinc_get_description
                0x00000000c000d6c9                sinc_set_converter
 .text          0x00000000c000d78c      0x7a6 hal/libresample/src_zoh.32
                0x00000000c000de8d                zoh_get_name
                0x00000000c000de9c                zoh_get_description
                0x00000000c000deab                zoh_set_converter
 .text          0x00000000c000df32      0xa11 core/computer.32
                0x00000000c000df32                Computer::close(int, int, void*)
                0x00000000c000df76                Computer::Computer()
                0x00000000c000df76                Computer::Computer()
                0x00000000c000e0d2                Computer::setBootMessage(char const*)
                0x00000000c000e0d4                Computer::start()
                0x00000000c000e1b0                firstTask()
                0x00000000c000e1be                Computer::detectFeatures()
                0x00000000c000e3c8                Computer::displayFeatures()
                0x00000000c000e70e                Computer::rdmsr(unsigned int)
                0x00000000c000e73a                Computer::wrmsr(unsigned int, unsigned long long)
                0x00000000c000e772                Computer::nmiEnabled()
                0x00000000c000e77e                Computer::readCMOS(unsigned char)
                0x00000000c000e798                Computer::enableNMI(bool)
                0x00000000c000e7b0                Computer::open(int, int, void*)
                0x00000000c000e886                Computer::disableNMI()
                0x00000000c000e894                Computer::writeCMOS(unsigned char, unsigned char)
                0x00000000c000e8b2                Computer::handleNMI()
                0x00000000c000e918                Computer::setDiskActivityLight(int, bool)
 *fill*         0x00000000c000e943        0x1 
 .text          0x00000000c000e944      0x1b7 core/gdt.32
                0x00000000c000e944                GDTEntry::setBase(unsigned int)
                0x00000000c000e960                GDTEntry::setLimit(unsigned int)
                0x00000000c000e97e                GDT::GDT()
                0x00000000c000e97e                GDT::GDT()
                0x00000000c000e994                GDT::addEntry(GDTEntry)
                0x00000000c000e9d0                GDT::getNumberOfEntries()
                0x00000000c000e9d8                GDT::flush()
                0x00000000c000e9fa                GDT::setup()
 .text          0x00000000c000eafb       0x61 core/idle.32
                0x00000000c000eafb                idleFunction(void*)
 .text          0x00000000c000eb5c      0x45f core/idt.32
                0x00000000c000eb5c                IDTEntry::IDTEntry(bool)
                0x00000000c000eb5c                IDTEntry::IDTEntry(bool)
                0x00000000c000ebca                IDTEntry::setOffset(unsigned int)
                0x00000000c000ebde                IDT::IDT()
                0x00000000c000ebde                IDT::IDT()
                0x00000000c000ebe0                IDT::getPointerToInvalidOpcodeEntryForF00F()
                0x00000000c000ebe8                IDT::addEntry(IDTEntry, int)
                0x00000000c000ec02                IDT::addEntry(int, void (*)(), bool)
                0x00000000c000ec3a                IDT::flush()
                0x00000000c000ec54                IDT::setup()
 .text          0x00000000c000efbb      0x20d core/kheap.32
                0x00000000c000efbb                sbrk
                0x00000000c000f0d3                mmap
                0x00000000c000f0e9                munmap
                0x00000000c000f0ff                liballoc_lock()
                0x00000000c000f110                liballoc_unlock()
                0x00000000c000f121                liballoc_alloc(int)
                0x00000000c000f13c                liballoc_free(void*, int)
                0x00000000c000f15a                realloc
                0x00000000c000f16e                malloc
                0x00000000c000f17e                free
                0x00000000c000f18e                rfree
                0x00000000c000f19e                calloc
 .text          0x00000000c000f1c8      0x38d core/main.32
                0x00000000c000f1c8                hwTextMode_loadInData(VgaText*)
                0x00000000c000f20d                hwTextMode_loadInTitle(VgaText*, char*)
                0x00000000c000f24f                hwTextMode_showCursor(VgaText*, bool)
                0x00000000c000f2a3                hwTextMode_update(VgaText*)
                0x00000000c000f2a4                hwTextMode_updateCursor(VgaText*)
                0x00000000c000f2ec                hwTextMode_disableBlink(VgaText*, bool)
                0x00000000c000f328                hwTextMode_scrollScreen(VgaText*)
                0x00000000c000f3ae                hwTextMode_writeCharacter(VgaText*, char, VgaColour, VgaColour, int, int)
                0x00000000c000f40c                setupTextMode()
                0x00000000c000f45d                kernel_main
 .text          0x00000000c000f555      0x4f3 core/physmgr.32
                0x00000000c000f555                Phys::allocateDMA(unsigned long)
                0x00000000c000f5f8                Phys::freeDMA(unsigned long, unsigned long)
                0x00000000c000f640                Phys::setPageState(unsigned long, bool)
                0x00000000c000f672                Phys::getPageState(unsigned long)
                0x00000000c000f68e                Phys::freePage(unsigned long)
                0x00000000c000f718                Phys::allocatePage()
                0x00000000c000f7e0                Phys::allowSegmentToBeUsed(unsigned long, unsigned long)
                0x00000000c000f818                Phys::physicalMemorySetup(unsigned int)
 .text          0x00000000c000fa48      0x273 core/pipe.32
                0x00000000c000fa48                Pipe::isAtty()
                0x00000000c000fa4c                Pipe::~Pipe()
                0x00000000c000fa4c                Pipe::~Pipe()
                0x00000000c000fa70                Pipe::~Pipe()
                0x00000000c000fa98                Pipe::read(unsigned long long, void*, int*)
                0x00000000c000fb8c                Pipe::write(unsigned long long, void*, int*)
                0x00000000c000fc54                Pipe::Pipe(int)
                0x00000000c000fc54                Pipe::Pipe(int)
 *fill*         0x00000000c000fcbb        0x1 
 .text          0x00000000c000fcbc      0xf65 core/terminal.32
                0x00000000c000fcbc                VgaText::isAtty()
                0x00000000c000fcc0                VgaText::~VgaText()
                0x00000000c000fcc0                VgaText::~VgaText()
                0x00000000c000fce4                VgaText::~VgaText()
                0x00000000c000fd0e                VgaText::read(unsigned long long, void*, int*)
                0x00000000c000fd2e                setTerminalScrollLock(bool)
                0x00000000c000fd2f                addToTerminalCycle(VgaText*)
                0x00000000c000fd5c                installVgaTextImplementation()
                0x00000000c000fd71                scrollTerminalScrollLock(int)
                0x00000000c000fd72                VgaText::load()
                0x00000000c000fdc6                VgaText::updateCursor()
                0x00000000c000fde0                VgaText::showCursor(bool)
                0x00000000c000fdf0                VgaText::disableBlink(bool)
                0x00000000c000fe2a                VgaText::doANSI_SGR(int)
                0x00000000c000feb6                VgaText::setDefaultBgColour(VgaColour)
                0x00000000c000fecc                VgaText::setDefaultFgColour(VgaColour)
                0x00000000c000fee2                VgaText::setDefaultColours(VgaColour, VgaColour)
                0x00000000c000ff02                VgaText::combineColours(unsigned char, unsigned char)
                0x00000000c000ff14                VgaText::scrollScreen()
                0x00000000c000ffa8                VgaText::combineCharAndColour(char, unsigned char)
                0x00000000c000ffba                VgaText::writeCharacter(char, VgaColour, VgaColour, int, int)
                0x00000000c001001a                VgaText::getCursorX()
                0x00000000c0010026                VgaText::getCursorY()
                0x00000000c0010032                VgaText::setCursor(int, int)
                0x00000000c0010050                VgaText::setCursorX(int)
                0x00000000c001006c                VgaText::setCursorY(int)
                0x00000000c0010088                VgaText::incrementCursor(bool)
                0x00000000c00100f0                VgaText::updateRAMUsageDisplay(int)
                0x00000000c001014a                VgaText::updateDiskUsage()
                0x00000000c00102b0                VgaText::updateTitle()
                0x00000000c00102f6                VgaText::setTitleTextColour(VgaColour)
                0x00000000c0010306                VgaText::setTitleColour(VgaColour)
                0x00000000c0010316                VgaText::setTitle(char*)
                0x00000000c001033c                VgaText::decrementCursor(bool)
                0x00000000c0010364                VgaText::putchar(char, VgaColour, VgaColour)
                0x00000000c0010460                VgaText::isShowingCursor()
                0x00000000c001046c                VgaText::isBlinkDisabled()
                0x00000000c001047a                VgaText::setCursorHeight(int)
                0x00000000c0010498                VgaText::getCursorHeight()
                0x00000000c00104a3                setActiveTerminal(VgaText*)
                0x00000000c0010555                doTerminalCycle()
                0x00000000c0010572                VgaText::doUpdate()
                0x00000000c0010584                VgaText::puts(char const*, VgaColour, VgaColour)
                0x00000000c0010744                VgaText::clearScreen()
                0x00000000c00107a8                VgaText::putchar(char)
                0x00000000c00108c2                VgaText::puts(char const*)
                0x00000000c00108e8                VgaText::putx(unsigned int)
                0x00000000c001092e                VgaText::VgaText(char const*)
                0x00000000c001092e                VgaText::VgaText(char const*)
                0x00000000c0010ac0                VgaText::receiveKey(unsigned char)
                0x00000000c0010ba8                VgaText::write(unsigned long long, void*, int*)
                0x00000000c0010bfc                newTerminal(char*)
 *fill*         0x00000000c0010c21        0x1 
 .text          0x00000000c0010c22      0x1a7 core/tss.32
                0x00000000c0010c22                TSS::TSS()
                0x00000000c0010c22                TSS::TSS()
                0x00000000c0010c30                TSS::setESP(unsigned long)
                0x00000000c0010c42                TSS::flush()
                0x00000000c0010c62                TSS::setup(unsigned long, unsigned long)
 *fill*         0x00000000c0010dc9        0x1 
 .text          0x00000000c0010dca      0x482 core/unixfile.32
                0x00000000c0010dca                ReservedFilename::read(unsigned long long, void*, int*)
                0x00000000c0010e20                ReservedFilename::isAtty()
                0x00000000c0010e3c                ReservedFilename::write(unsigned long long, void*, int*)
                0x00000000c0010e9a                UnixFile::getFileDescriptor()
                0x00000000c0010ea2                UnixFile::UnixFile(int)
                0x00000000c0010ea2                UnixFile::UnixFile(int)
                0x00000000c0011012                ReservedFilename::ReservedFilename(int)
                0x00000000c0011012                ReservedFilename::ReservedFilename(int)
                0x00000000c0011044                UnixFile::~UnixFile()
                0x00000000c0011044                UnixFile::~UnixFile()
                0x00000000c00110dc                UnixFile::~UnixFile()
                0x00000000c0011104                ReservedFilename::~ReservedFilename()
                0x00000000c0011104                ReservedFilename::~ReservedFilename()
                0x00000000c0011128                ReservedFilename::~ReservedFilename()
                0x00000000c001114f                getFromFileDescriptor(int)
 .text          0x00000000c001124c      0xec7 core/virtmgr.32
                0x00000000c001124c                Virt::setPageState(unsigned long, Virt::VirtPageState)
                0x00000000c0011281                Virt::getPageState(unsigned long)
                0x00000000c00112a5                Virt::allocateKernelVirtualPages(int)
                0x00000000c00113b6                Virt::virtualMemorySetup()
                0x00000000c0011435                Virt::getAKernelVAS()
                0x00000000c001143b                Virt::setupPageSwapping(int)
                0x00000000c0011560                VAS::VAS()
                0x00000000c0011560                VAS::VAS()
                0x00000000c0011590                VAS::VAS(VAS*)
                0x00000000c0011590                VAS::VAS(VAS*)
                0x00000000c00115b4                VAS::getForeignPageTableEntry(bool, unsigned long)
                0x00000000c00115e0                VAS::getPageTableEntry(unsigned long)
                0x00000000c00115ff                Virt::freeKernelVirtualPages(unsigned long)
                0x00000000c0011722                VAS::freeAllocatedPages(unsigned long)
                0x00000000c0011746                VAS::virtualToPhysical(unsigned long)
                0x00000000c001175e                VAS::reflagRange(unsigned long, int, int, int)
                0x00000000c001179e                VAS::setToWriteCombining(unsigned long, int)
                0x00000000c00117d6                VAS::mapOtherVASIn(bool, VAS*)
                0x00000000c001180c                VAS::~VAS()
                0x00000000c001180c                VAS::~VAS()
                0x00000000c0011978                VAS::mapPage(unsigned long, unsigned long, int)
                0x00000000c0011a78                VAS::allocatePages(int, int)
                0x00000000c0011c48                VAS::setCPUSpecific(unsigned long)
                0x00000000c0011c64                VAS::mapRange(unsigned long, unsigned long, int, int)
                0x00000000c0011d2e                VAS::mapForeignPage(bool, VAS*, unsigned long, unsigned long, int)
                0x00000000c0011e1c                VAS::VAS(bool)
                0x00000000c0011e1c                VAS::VAS(bool)
                0x00000000c001204c                mapVASFirstTime
 .text          0x00000000c0012113       0x93 coreobjs/c++.32
                0x00000000c0012113                __cxa_atexit
                0x00000000c0012116                __cxa_finalize
                0x00000000c0012117                __stack_chk_fail
                0x00000000c0012177                __cxa_pure_virtual
                0x00000000c0012188                operator new(unsigned long)
                0x00000000c001218d                operator new[](unsigned long)
                0x00000000c0012192                operator delete(void*)
                0x00000000c0012197                operator delete(void*, unsigned long)
                0x00000000c001219c                operator delete[](void*)
                0x00000000c00121a1                operator delete[](void*, unsigned long)
 .text          0x00000000c00121a6      0x1ef dbg/kconsole.32
                0x00000000c00121a6                Dbg::stringifyxWithBase(unsigned int, char*, int)
                0x00000000c0012207                Dbg::logc(char)
                0x00000000c001221e                Dbg::logs(char*)
                0x00000000c001223b                Dbg::logWriteInt(unsigned int)
                0x00000000c0012258                Dbg::logWriteIntBase(unsigned int, int)
                0x00000000c0012277                Dbg::kprintf(char const*, ...)
 *fill*         0x00000000c0012395        0x1 
 .text          0x00000000c0012396      0xb68 fs/vfs.32
                0x00000000c0012396                File::read(unsigned long long, void*, int*)
                0x00000000c00123ee                File::write(unsigned long long, void*, int*)
                0x00000000c0012446                Directory::read(unsigned long long, void*, int*)
                0x00000000c001249e                Directory::write(unsigned long long, void*, int*)
                0x00000000c00124cc                File::isAtty()
                0x00000000c00124d0                Directory::isAtty()
                0x00000000c00124d4                Filesystem::getlabel(LogicalDisk*, int, char*, unsigned int*)
                0x00000000c00124da                Filesystem::setlabel(LogicalDisk*, int, char*)
                0x00000000c00124e0                File::~File()
                0x00000000c00124e0                File::~File()
                0x00000000c0012504                File::~File()
                0x00000000c001252e                Directory::~Directory()
                0x00000000c001252e                Directory::~Directory()
                0x00000000c0012552                Directory::~Directory()
                0x00000000c001257c                Filesystem::Filesystem()
                0x00000000c001257c                Filesystem::Filesystem()
                0x00000000c00125a0                Filesystem::~Filesystem()
                0x00000000c00125a0                Filesystem::~Filesystem()
                0x00000000c00125ae                Filesystem::~Filesystem()
                0x00000000c00125d2                initVFS()
                0x00000000c00125fc                standardiseFiles(char*, char const*, char const*)
                0x00000000c00127a6                File::File(char const*, Process*)
                0x00000000c00127a6                File::File(char const*, Process*)
                0x00000000c001280a                File::open(FileOpenMode)
                0x00000000c0012868                File::close()
                0x00000000c00128c8                File::seek(unsigned long long)
                0x00000000c001291e                File::tell(unsigned long long*)
                0x00000000c001296e                File::rewind()
                0x00000000c0012982                File::unlink()
                0x00000000c00129ce                File::rename(char const*)
                0x00000000c0012a1c                File::chfatattr(unsigned char, unsigned char)
                0x00000000c0012a78                File::exists()
                0x00000000c0012ab6                File::stat(unsigned long long*, bool*)
                0x00000000c0012b17                getcwd(Process*, char*, int)
                0x00000000c0012b41                setcwd(Process*, char*)
                0x00000000c0012c68                Directory::Directory(char const*, Process*)
                0x00000000c0012c68                Directory::Directory(char const*, Process*)
                0x00000000c0012ccc                Directory::open()
                0x00000000c0012d28                Directory::close()
                0x00000000c0012d88                Directory::unlink()
                0x00000000c0012dd4                Directory::rename(char const*)
                0x00000000c0012e22                Directory::exists()
                0x00000000c0012e60                Directory::read(dirent*)
                0x00000000c0012eac                Directory::create()
                0x00000000c0012ef8                Filesystem::chfatattr(char const*, unsigned char, unsigned char)
 .text          0x00000000c0012efe       0x84 hal/bus.32
                0x00000000c0012efe                Bus::Bus(char const*)
                0x00000000c0012efe                Bus::Bus(char const*)
                0x00000000c0012f34                Bus::~Bus()
                0x00000000c0012f34                Bus::~Bus()
                0x00000000c0012f58                Bus::~Bus()
 .text          0x00000000c0012f82      0x14e hal/buzzer.32
                0x00000000c0012f82                Buzzer::Buzzer(char const*)
                0x00000000c0012f82                Buzzer::Buzzer(char const*)
                0x00000000c0012fc6                Buzzer::~Buzzer()
                0x00000000c0012fc6                Buzzer::~Buzzer()
                0x00000000c0012fea                Buzzer::~Buzzer()
                0x00000000c0013014                Buzzer::stop()
                0x00000000c0013027                beepThread(void*)
                0x00000000c0013062                Buzzer::beep(int, int, bool)
 .text          0x00000000c00130d0      0x42f hal/clock.32
                0x00000000c00130d0                loadClockSettings()
                0x00000000c00130ea                Clock::Clock(char const*)
                0x00000000c00130ea                Clock::Clock(char const*)
                0x00000000c0013120                Clock::~Clock()
                0x00000000c0013120                Clock::~Clock()
                0x00000000c0013144                Clock::~Clock()
                0x00000000c001316e                Clock::timeInSecondsLocal()
                0x00000000c00131b6                Clock::setTimeInSecondsLocal(unsigned long long)
                0x00000000c001320f                datetimeToSeconds(datetime_t)
                0x00000000c0013336                Clock::setTimeInDatetimeLocal(datetime_t)
                0x00000000c0013396                secondsToDatetime(unsigned long long)
                0x00000000c00134da                Clock::timeInDatetimeLocal()
 *fill*         0x00000000c00134ff        0x1 
 .text          0x00000000c0013500      0x504 hal/device.32
                0x00000000c0013500                Device::hibernate()
                0x00000000c0013502                Device::wake()
                0x00000000c0013504                Device::detect()
                0x00000000c0013506                Device::disableLegacy()
                0x00000000c0013508                Device::powerSaving(PowerSavingLevel)
                0x00000000c001350a                DriverlessDevice::close(int, int, void*)
                0x00000000c001350e                DriverlessDevice::detect()
                0x00000000c0013510                DriverlessDevice::open(int, int, void*)
                0x00000000c0013524                Device::~Device()
                0x00000000c0013524                Device::~Device()
                0x00000000c0013532                Device::~Device()
                0x00000000c001355a                Device::findAndLoadDriver()
                0x00000000c001355c                Device::preOpenPCI(PCIDeviceInfo)
                0x00000000c0013582                Device::preOpenACPI(void*, char*, char*)
                0x00000000c00135d6                Device::addIRQHandler(int, void (*)(regs*, void*), bool, void*)
                0x00000000c0013634                Device::removeIRQHandler(int, void (*)(regs*, void*), bool)
                0x00000000c0013682                Device::addChild(Device*)
                0x00000000c00136c6                Device::removeAllChildren()
                0x00000000c001370c                Device::hibernateAll()
                0x00000000c001373c                Device::wakeAll()
                0x00000000c001376c                Device::detectAll()
                0x00000000c001379c                Device::disableLegacyAll()
                0x00000000c00137cc                Device::loadDriversForAll()
                0x00000000c00137f8                Device::closeAll()
                0x00000000c001382e                Device::powerSavingAll(PowerSavingLevel)
                0x00000000c0013864                Device::setName(char const*)
                0x00000000c0013872                Device::Device(char const*)
                0x00000000c0013872                Device::Device(char const*)
                0x00000000c0013964                Device::getName()
                0x00000000c001396e                DriverlessDevice::DriverlessDevice(char const*)
                0x00000000c001396e                DriverlessDevice::DriverlessDevice(char const*)
                0x00000000c0013996                Device::addToLinkedList(LinkedList<Device>&, DeviceType)
                0x00000000c00139da                getDevicesOfType(DeviceType)
 .text          0x00000000c0013a04       0x84 hal/diskctrl.32
                0x00000000c0013a04                HardDiskController::HardDiskController(char const*)
                0x00000000c0013a04                HardDiskController::HardDiskController(char const*)
                0x00000000c0013a3a                HardDiskController::~HardDiskController()
                0x00000000c0013a3a                HardDiskController::~HardDiskController()
                0x00000000c0013a5e                HardDiskController::~HardDiskController()
 .text          0x00000000c0013a88       0xde hal/diskphys.32
                0x00000000c0013a88                PhysicalDisk::PhysicalDisk(char const*, int)
                0x00000000c0013a88                PhysicalDisk::PhysicalDisk(char const*, int)
                0x00000000c0013af0                PhysicalDisk::startCache()
                0x00000000c0013b18                PhysicalDisk::~PhysicalDisk()
                0x00000000c0013b18                PhysicalDisk::~PhysicalDisk()
                0x00000000c0013b3c                PhysicalDisk::~PhysicalDisk()
 .text          0x00000000c0013b66      0x14c hal/fpu.32
                0x00000000c0013b66                FPU::FPU(char const*)
                0x00000000c0013b66                FPU::FPU(char const*)
                0x00000000c0013b9c                FPU::~FPU()
                0x00000000c0013b9c                FPU::~FPU()
                0x00000000c0013bc0                FPU::~FPU()
                0x00000000c0013bea                setupFPU()
 .text          0x00000000c0013cb2     0x12a7 hal/intctrl.32
                0x00000000c0013cb2                InterruptController::uninstallISRHandler(int, void (*)(regs*, void*))
                0x00000000c0013cea                InterruptController::installISRHandler(int, void (*)(regs*, void*), void*)
                0x00000000c0013d3c                doubleFault(regs*, void*)
                0x00000000c0013d56                InterruptController::installIRQHandler(int, void (*)(regs*, void*), bool, void*)
                0x00000000c0013df2                InterruptController::clearAllHandlers(int, bool)
                0x00000000c0013e9a                InterruptController::uninstallIRQHandler(int, void (*)(regs*, void*), bool)
                0x00000000c0013f21                nmiHandler(regs*, void*)
                0x00000000c0013f2f                int_handler
                0x00000000c0013fca                InterruptController::InterruptController(char const*)
                0x00000000c0013fca                InterruptController::InterruptController(char const*)
                0x00000000c0014070                InterruptController::~InterruptController()
                0x00000000c0014070                InterruptController::~InterruptController()
                0x00000000c0014094                InterruptController::~InterruptController()
                0x00000000c00140be                displayDebugInfo(regs*)
                0x00000000c00144d5                x87EmulHandler(regs*, void*)
                0x00000000c0014504                gpFault(regs*, void*)
                0x00000000c001453d                pgFault(regs*, void*)
                0x00000000c0014554                otherISRHandler(regs*, void*)
                0x00000000c0014573                opcodeFault(regs*, void*)
                0x00000000c0014b2c                displayProgramFault(char const*)
                0x00000000c0014b54                setupInterruptController()
                0x00000000c0014f0c                InterruptController::convertLegacyIRQNumber(int)
 *fill*         0x00000000c0014f59        0x1 
 .text          0x00000000c0014f5a      0x620 hal/keybrd.32
                0x00000000c0014f5a                startGUI(void*)
                0x00000000c0014fcc                sendKeyToTerminal(unsigned char)
                0x00000000c0015038                sendKeyboardToken(KeyboardToken)
                0x00000000c0015413                clearInternalKeybuffer(VgaText*)
                0x00000000c0015448                readKeyboard(VgaText*, char*, unsigned long)
                0x00000000c00154f0                Keyboard::Keyboard(char const*)
                0x00000000c00154f0                Keyboard::Keyboard(char const*)
                0x00000000c001552c                Keyboard::~Keyboard()
                0x00000000c001552c                Keyboard::~Keyboard()
                0x00000000c0015550                Keyboard::~Keyboard()
 .text          0x00000000c001557a      0x400 hal/logidisk.32
                0x00000000c001557a                LogicalDisk::close(int, int, void*)
                0x00000000c001557e                LogicalDisk::~LogicalDisk()
                0x00000000c001557e                LogicalDisk::~LogicalDisk()
                0x00000000c00155a2                LogicalDisk::~LogicalDisk()
                0x00000000c00155cc                LogicalDisk::open(int, int, void*)
                0x00000000c00155e0                LogicalDisk::absoluteToRelative(unsigned long long)
                0x00000000c0015618                LogicalDisk::relativeToAbsolute(unsigned long long)
                0x00000000c001565e                LogicalDisk::LogicalDisk(char const*, PhysicalDisk*, unsigned long long, unsigned long long)
                0x00000000c001565e                LogicalDisk::LogicalDisk(char const*, PhysicalDisk*, unsigned long long, unsigned long long)
                0x00000000c0015714                LogicalDisk::assignDriveLetter()
                0x00000000c00157ca                LogicalDisk::mount()
                0x00000000c001583c                LogicalDisk::unmount()
                0x00000000c001584c                LogicalDisk::unassignDriveLetter()
                0x00000000c00158a2                LogicalDisk::read(unsigned long long, int, void*)
                0x00000000c001590e                LogicalDisk::write(unsigned long long, int, void*)
 .text          0x00000000c001597a       0x84 hal/mouse.32
                0x00000000c001597a                Mouse::Mouse(char const*)
                0x00000000c001597a                Mouse::Mouse(char const*)
                0x00000000c00159b0                Mouse::~Mouse()
                0x00000000c00159b0                Mouse::~Mouse()
                0x00000000c00159d4                Mouse::~Mouse()
 .text          0x00000000c00159fe      0x339 hal/partition.32
                0x00000000c00159fe                makePartition(PhysicalDisk*, unsigned long long, unsigned long long)
                0x00000000c0015aa6                createPartitionsForDisk(PhysicalDisk*)
 *fill*         0x00000000c0015d37        0x1 
 .text          0x00000000c0015d38      0x2e7 hal/timer.32
                0x00000000c0015d38                Timer::Timer(char const*)
                0x00000000c0015d38                Timer::Timer(char const*)
                0x00000000c0015d6e                Timer::~Timer()
                0x00000000c0015d6e                Timer::~Timer()
                0x00000000c0015d92                Timer::~Timer()
                0x00000000c0015dbc                Timer::read()
                0x00000000c0015dc7                timerHandler(unsigned long long)
                0x00000000c0015efe                setupTimer(int)
 *fill*         0x00000000c001601f        0x1 
 .text          0x00000000c0016020      0x2d1 hal/vcache.32
                0x00000000c0016020                VCache::VCache(PhysicalDisk*)
                0x00000000c0016020                VCache::VCache(PhysicalDisk*)
                0x00000000c0016110                VCache::writeWriteBuffer()
                0x00000000c001614c                VCache::~VCache()
                0x00000000c001614c                VCache::~VCache()
                0x00000000c001618c                VCache::~VCache()
                0x00000000c00161b4                VCache::write(unsigned long long, int, void*)
                0x00000000c0016298                VCache::read(unsigned long long, int, void*)
 *fill*         0x00000000c00162f1        0x1 
 .text          0x00000000c00162f2      0x26d hal/video.32
                0x00000000c00162f2                Video::putrect(int, int, int, int, unsigned int)
                0x00000000c001633c                Video::blit(unsigned int*, int, int, int, int)
                0x00000000c00163ba                Video::clearScreen(unsigned int)
                0x00000000c00163ee                Video::putpixel(int, int, unsigned int)
                0x00000000c00163fc                Video::Video(char const*)
                0x00000000c00163fc                Video::Video(char const*)
                0x00000000c0016432                Video::~Video()
                0x00000000c0016432                Video::~Video()
                0x00000000c0016456                Video::~Video()
                0x00000000c0016480                Video::isMonochrome()
                0x00000000c001648c                Video::getWidth()
                0x00000000c0016498                Video::getHeight()
                0x00000000c00164a4                Video::drawCursor(int, int, unsigned char*, int)
 *fill*         0x00000000c001655f        0x1 
 .text          0x00000000c0016560      0xdf6 hw/acpi.32
                0x00000000c0016560                ACPI::close(int, int, void*)
                0x00000000c0016615                findRSDP()
                0x00000000c001669f                loadACPITables(unsigned char*)
                0x00000000c00168c6                findRSDT(unsigned char*)
                0x00000000c00169e4                findDataTable(unsigned char*, char*)
                0x00000000c0016a80                scanMADT()
                0x00000000c0016f06                ACPI::ACPI()
                0x00000000c0016f06                ACPI::ACPI()
                0x00000000c0016f66                ACPI::getPCIIRQAssignment(unsigned char, unsigned short, unsigned char)
                0x00000000c0017048                ACPI::registerPCIIRQAssignment(void*, unsigned short, unsigned char, unsigned char)
                0x00000000c001714e                ACPI::setScreenBrightnessLevel(void*, int)
                0x00000000c0017154                ACPI::writeSimpleBootFlag(SimpleBootFlagTable*)
                0x00000000c001719c                ACPI::open(int, int, void*)
                0x00000000c001733e                ACPI::sleep()
 .text          0x00000000c0017356     0x17b1 hw/cpu.32
                0x00000000c0017356                CPU::close(int, int, void*)
                0x00000000c001735a                CPU::lookupAMDName(unsigned char, unsigned char)
                0x00000000c00174ee                CPU::lookupIntelName(unsigned char, unsigned char)
                0x00000000c001779c                CPU::AMD_K6_write_msr(unsigned int, unsigned int, unsigned int, CPU::REGS*)
                0x00000000c00177b8                CPU::AMD_K6_read_msr(unsigned int, CPU::REGS*)
                0x00000000c00177d0                CPU::AMD_K6_writeback(int, int, int)
                0x00000000c0017844                CPU::cpuid(int, unsigned long*, unsigned long*, unsigned long*, unsigned long*)
                0x00000000c00178c8                CPU::cpuidCheckEDX(unsigned int)
                0x00000000c00178f6                CPU::cpuidCheckECX(unsigned int)
                0x00000000c0017924                CPU::cpuidCheckExtendedEBX(unsigned int)
                0x00000000c0017952                CPU::cpuidCheckExtendedECX(unsigned int)
                0x00000000c0017980                CPU::getNumber()
                0x00000000c0017984                CPU::current()
                0x00000000c0017998                CPU::CPU()
                0x00000000c0017998                CPU::CPU()
                0x00000000c0017a26                CPU::displayFeatures()
                0x00000000c0017ca2                CPU::detectFeatures()
                0x00000000c0018694                CPU::setupSMEP()
                0x00000000c00186ae                CPU::setupUMIP()
                0x00000000c00186c6                CPU::setupTSC()
                0x00000000c00186de                CPU::setupLargePages()
                0x00000000c00186f6                CPU::setupPAT()
                0x00000000c0018732                CPU::setupMTRR()
                0x00000000c0018734                CPU::setupGlobalPages()
                0x00000000c001874a                CPU::allowUsermodeDataAccess()
                0x00000000c001875c                CPU::prohibitUsermodeDataAccess()
                0x00000000c001876e                CPU::setupSMAP()
                0x00000000c0018794                CPU::setupFeatures()
                0x00000000c0018836                CPU::open(int, int, void*)
                0x00000000c001890c                CPU::decodeAddress(regs*, int*, bool*, unsigned char*)
 .text          0x00000000c0018b07        0x0 hw/ports.32
 .text          0x00000000c0018b07      0x338 krnl/panic.32
                0x00000000c0018b07                Krnl::panic(char const*)
 .text          0x00000000c0018e3f      0x503 reg/registry.32
                0x00000000c0018e3f                Reg::findLineFromLoadedData(char*, char*, char*)
                0x00000000c0018f97                Reg::getLineFromRegistry(char*, char*, char*, char*)
                0x00000000c00190f6                Reg::getLine(char*, char*, char*)
                0x00000000c001912d                Reg::readInt(char*, char*, int*)
                0x00000000c0019218                Reg::readString(char*, char*, char*, int)
                0x00000000c0019299                Reg::readBool(char*, char*, bool*)
                0x00000000c00192be                Reg::readBoolWithDefault(char*, char*, bool)
                0x00000000c00192ea                Reg::readIntWithDefault(char*, char*, int)
                0x00000000c0019316                Reg::readStringWithDefault(char*, char*, char*, int, char*)
 .text          0x00000000c0019342       0x18 sys/sc_exit.32
                0x00000000c0019342                Sys::exit(regs*)
 .text          0x00000000c001935a       0x95 sys/sc_loaddll.32
                0x00000000c001935a                Sys::loadDLL(regs*)
 .text          0x00000000c00193ef       0x68 sys/sc_read.32
                0x00000000c00193ef                Sys::read(regs*)
 .text          0x00000000c0019457       0x55 sys/sc_sbrk.32
                0x00000000c0019457                Sys::sbrk(regs*)
 .text          0x00000000c00194ac       0x68 sys/sc_write.32
                0x00000000c00194ac                Sys::write(regs*)
 .text          0x00000000c0019514       0x1a sys/sc_yield.32
                0x00000000c0019514                Sys::yield(regs*)
 .text          0x00000000c001952e      0xf85 sys/syscalls.32
                0x00000000c001952e                sysCallGetPID(regs*)
                0x00000000c001953a                sysCallSeekDir(regs*)
                0x00000000c001953f                sysCallTellDir(regs*)
                0x00000000c0019544                sysCallVerify(regs*)
                0x00000000c001954e                sysCallFork(regs*)
                0x00000000c0019559                sysCallExecve(regs*)
                0x00000000c0019564                sysCallGetArgc(regs*)
                0x00000000c0019574                sysFormatDisk(regs*)
                0x00000000c00195de                sysSetDiskVolumeLabel(regs*)
                0x00000000c0019624                sysGetDiskVolumeLabel(regs*)
                0x00000000c0019675                sysShutdown(regs*)
                0x00000000c00196d3                sysCallGetCwd(regs*)
                0x00000000c00196f2                sysCallSetCwd(regs*)
                0x00000000c001970e                sysCallRealpath(regs*)
                0x00000000c0019751                sysCallReadDir(regs*)
                0x00000000c00197df                sysCallIsATTY(regs*)
                0x00000000c0019839                sysCallSeek(regs*)
                0x00000000c00198a2                sysCallTell(regs*)
                0x00000000c001991f                sysCallSizeFromFilename(regs*)
                0x00000000c00199d0                sysCallSize(regs*)
                0x00000000c0019a53                sysCallClose(regs*)
                0x00000000c0019adb                sysCallOpenDir(regs*)
                0x00000000c0019b48                sysCallMakeDir(regs*)
                0x00000000c0019ba1                sysCallCloseDir(regs*)
                0x00000000c0019c07                sysCallWait(regs*)
                0x00000000c0019c21                sysCallRmdir(regs*)
                0x00000000c0019c73                sysCallUnlink(regs*)
                0x00000000c0019cc5                sysCallGetArgv(regs*)
                0x00000000c0019d11                sysCallTTYName(regs*)
                0x00000000c0019d94                sysCallGetEnv(regs*)
                0x00000000c0019de6                sysCallUSleep(regs*)
                0x00000000c0019e0d                sysCallSpawn(regs*)
                0x00000000c0019e65                sysAppSettings(regs*)
                0x00000000c0019f84                sysSetFatAttrib(regs*)
                0x00000000c0019fe4                sysPanic(regs*)
                0x00000000c001a00a                sysPipe(regs*)
                0x00000000c001a04f                sysGetUnixTime(regs*)
                0x00000000c001a063                string_ends_with(char const*, char const*)
                0x00000000c001a0ab                sysCallOpen(regs*)
                0x00000000c001a2b8                setupSystemCalls()
                0x00000000c001a471                systemCall(regs*, void*)
 .text          0x00000000c001a4b3     0x11c7 thr/elf.32
                0x00000000c001a4b3                Thr::allocateMemoryForTask(Process*, File*, unsigned long, unsigned long, unsigned long)
                0x00000000c001a730                Thr::loadProgramIntoMemory(Process*, char const*)
                0x00000000c001a946                Thr::runtimeReferenceHelper()
                0x00000000c001a959                Thr::getAddressOfKernelSymbol(char const*)
                0x00000000c001a9a8                Thr::loadKernelSymbolTable(char const*)
                0x00000000c001ac69                Thr::loadDriverIntoMemory(char const*, unsigned long, bool)
                0x00000000c001b407                Thr::getDriverBaseFromAddress(unsigned long)
                0x00000000c001b439                Thr::getDriverNameFromAddress(unsigned long)
                0x00000000c001b470                Thr::getDriverOffsetFromAddress(unsigned long)
                0x00000000c001b48a                Thr::loadDLL(char const*, bool)
                0x00000000c001b650                Thr::executeDLL(unsigned long, void*)
 .text          0x00000000c001b67a      0xfce thr/prcssthr.32
                0x00000000c001b67a                changeTSS
                0x00000000c001b6a8                Process::addArgs(char**)
                0x00000000c001b702                Process::Process(char const*, Process*, char**)
                0x00000000c001b702                Process::Process(char const*, Process*, char**)
                0x00000000c001b8ba                Process::Process(bool, char const*, Process*, char**)
                0x00000000c001b8ba                Process::Process(bool, char const*, Process*, char**)
                0x00000000c001ba3d                disableIRQs()
                0x00000000c001ba45                getIRQNestingLevel()
                0x00000000c001ba4b                enableIRQs()
                0x00000000c001ba5a                lockScheduler()
                0x00000000c001ba5c                unlockScheduler()
                0x00000000c001ba5e                userModeEntryPoint(void*)
                0x00000000c001ba81                lockStuff()
                0x00000000c001ba8d                taskStartupFunction
                0x00000000c001ba96                updateTimeUsed()
                0x00000000c001baf4                switchToThread(ThreadControlBlock*)
                0x00000000c001bb44                Semaphore::Semaphore(int)
                0x00000000c001bb44                Semaphore::Semaphore(int)
                0x00000000c001bb72                Mutex::Mutex()
                0x00000000c001bb72                Mutex::Mutex()
                0x00000000c001bb84                Process::createThread(void (*)(void*), void*, int)
                0x00000000c001bc68                Process::createUserThread()
                0x00000000c001bc84                setupMultitasking(void (*)())
                0x00000000c001bd8e                schedule()
                0x00000000c001be13                unlockStuff()
                0x00000000c001be48                Semaphore::tryAcquire()
                0x00000000c001be76                Semaphore::assertLocked(char const*)
                0x00000000c001bea6                blockTaskWithSchedulerLockAlreadyHeld(TaskState)
                0x00000000c001bee8                blockTask(TaskState)
                0x00000000c001bf09                waitTask(int, int*, int)
                0x00000000c001bf4b                nanoSleepUntil(unsigned long long)
                0x00000000c001bfa2                nanoSleep(unsigned long long)
                0x00000000c001bfb7                sleep(unsigned long long)
                0x00000000c001bfd4                Semaphore::acquire()
                0x00000000c001c03c                taskReturned
                0x00000000c001c06a                unblockTask(ThreadControlBlock*)
                0x00000000c001c119                cleanupTerminatedTask(ThreadControlBlock*)
                0x00000000c001c3bd                cleanerTaskFunction(void*)
                0x00000000c001c470                terminateTask(int)
                0x00000000c001c550                Thr::terminateFromIRQ(int)
                0x00000000c001c55c                Semaphore::release()
 .text          0x00000000c001c648      0x8bf vm86/vm8086.32
                0x00000000c001c648                Vm::vm8086EntryPoint(void*)
                0x00000000c001c673                Vm::inbv(unsigned short)
                0x00000000c001c679                Vm::outbv(unsigned short, unsigned char)
                0x00000000c001c683                Vm::realToLinear(unsigned short, unsigned short)
                0x00000000c001c693                Vm::getSegment(unsigned int)
                0x00000000c001c69b                Vm::getOffset(unsigned int)
                0x00000000c001c6a0                Vm::loadFileAsThread(Process*, char const*, unsigned short, unsigned short, unsigned short, unsigned short)
                0x00000000c001c7cf                Vm::doISR(regs*, int, unsigned char*, unsigned short, unsigned short)
                0x00000000c001c859                Vm::readByteFromReal(unsigned short, unsigned short)
                0x00000000c001c86a                Vm::readWordFromReal(unsigned short, unsigned short)
                0x00000000c001c87c                Vm::readDwordFromReal(unsigned short, unsigned short)
                0x00000000c001c88d                Vm::writeByteFromReal(unsigned short, unsigned short, unsigned char)
                0x00000000c001c8a2                Vm::writeWordFromReal(unsigned short, unsigned short, unsigned short)
                0x00000000c001c8b8                Vm::writeDwordFromReal(unsigned short, unsigned short, unsigned int)
                0x00000000c001c8cd                Vm::faultHandler(regs*)
 .text          0x00000000c001cf07      0xefd vm86/x87em.32
                0x00000000c001cf07                Vm::fpuInternalTo32(unsigned long long)
                0x00000000c001cf62                Vm::fpuInternalTo64(unsigned long long)
                0x00000000c001cf6b                Vm::fpu32ToInternal(unsigned int)
                0x00000000c001cfb0                Vm::fpu64ToInternal(unsigned long long)
                0x00000000c001cfb9                Vm::fpuFloatToLong(unsigned long long)
                0x00000000c001d014                Vm::fpuULongToFloat(unsigned long long)
                0x00000000c001d04a                Vm::fpuLongToFloat(long long)
                0x00000000c001d0a0                Vm::fpuGet0()
                0x00000000c001d0a5                Vm::fpuGet1()
                0x00000000c001d0ad                Vm::fpuGetPi()
                0x00000000c001d0b5                Vm::fpuGetLog2E()
                0x00000000c001d0cd                Vm::fpuGetLogE2()
                0x00000000c001d0e5                Vm::fpuGetLog210()
                0x00000000c001d0fd                Vm::fpuGetLog102()
                0x00000000c001d115                Vm::fpuIsSecondLarger(unsigned long long, unsigned long long)
                0x00000000c001d129                Vm::fpuAreEqual(unsigned long long, unsigned long long)
                0x00000000c001d13f                Vm::fpuUnorderedCompare(unsigned long long, unsigned long long)
                0x00000000c001d192                Vm::fpuAdd(unsigned long long, unsigned long long)
                0x00000000c001d1a3                Vm::fpuAbs(unsigned long long)
                0x00000000c001d1ac                Vm::fpuChs(unsigned long long)
                0x00000000c001d1bc                Vm::fpuSub(unsigned long long, unsigned long long)
                0x00000000c001d1cb                Vm::fpuMultiply(unsigned long long, unsigned long long)
                0x00000000c001d1ea                Vm::fpuDivide(unsigned long long, unsigned long long)
                0x00000000c001d206                Vm::fpuSquare(unsigned long long)
                0x00000000c001d21c                Vm::fpuGetReg(int)
                0x00000000c001d25f                Vm::fpuSetReg(int, unsigned long long)
                0x00000000c001d2aa                Vm::fpuPush(unsigned long long)
                0x00000000c001d307                Vm::fpuPop()
                0x00000000c001d359                Vm::x87Handler(regs*)
 .text          0x00000000c001de04     0x10ed fs/fat/vfslink.32
                0x00000000c001de04                FAT::getName()
                0x00000000c001de0a                FAT::tell(void*, unsigned long long*)
                0x00000000c001de3e                FAT::stat(void*, unsigned long long*)
                0x00000000c001de72                FAT::~FAT()
                0x00000000c001de72                FAT::~FAT()
                0x00000000c001de96                FAT::~FAT()
                0x00000000c001debe                FAT::getlabel(LogicalDisk*, int, char*, unsigned int*)
                0x00000000c001df5c                FAT::setlabel(LogicalDisk*, int, char*)
                0x00000000c001e016                FAT::format(LogicalDisk*, int, char const*, int)
                0x00000000c001e1fa                FAT::tryMount(LogicalDisk*, int)
                0x00000000c001e400                FAT::readDir(void*, unsigned long, void*, int*)
                0x00000000c001e506                FAT::read(void*, unsigned long, void*, int*)
                0x00000000c001e560                FAT::write(void*, unsigned long, void*, int*)
                0x00000000c001e5ba                FAT::close(void*)
                0x00000000c001e606                FAT::closeDir(void*)
                0x00000000c001e652                FAT::seek(void*, unsigned long long)
                0x00000000c001e6a6                fatWrapperReadDisk
                0x00000000c001e6ed                fatWrapperWriteDisk
                0x00000000c001e734                fatWrapperIoctl
                0x00000000c001e838                FAT::FAT()
                0x00000000c001e838                FAT::FAT()
                0x00000000c001e88a                FAT::fixFilepath(char*)
                0x00000000c001e8c2                FAT::open(char const*, void**, FileOpenMode)
                0x00000000c001e9ea                FAT::openDir(char const*, void**)
                0x00000000c001ea90                FAT::stat(char const*, unsigned long long*, bool*)
                0x00000000c001eb7a                FAT::unlink(char const*)
                0x00000000c001ebf4                FAT::chfatattr(char const*, unsigned char, unsigned char)
                0x00000000c001ed48                FAT::rename(char const*, char const*)
                0x00000000c001ee0c                FAT::mkdir(char const*)
                0x00000000c001ee86                FAT::exists(char const*)
 *fill*         0x00000000c001eef1        0x1 
 .text          0x00000000c001eef2      0xbdf fs/iso9660/vfslink.32
                0x00000000c001eef2                ISO9660::format(LogicalDisk*, int, char const*, int)
                0x00000000c001eef8                ISO9660::seek(void*, unsigned long long)
                0x00000000c001ef28                ISO9660::tell(void*, unsigned long long*)
                0x00000000c001ef4c                ISO9660::getName()
                0x00000000c001ef52                ISO9660::stat(void*, unsigned long long*)
                0x00000000c001ef76                ISO9660::chfatattr(char const*, unsigned char, unsigned char)
                0x00000000c001ef7c                ISO9660::unlink(char const*)
                0x00000000c001ef82                ISO9660::write(void*, unsigned long, void*, int*)
                0x00000000c001ef88                ISO9660::rename(char const*, char const*)
                0x00000000c001ef8e                ISO9660::mkdir(char const*)
                0x00000000c001ef94                ISO9660::close(void*)
                0x00000000c001efb6                ISO9660::closeDir(void*)
                0x00000000c001efd8                ISO9660::~ISO9660()
                0x00000000c001efd8                ISO9660::~ISO9660()
                0x00000000c001effc                ISO9660::~ISO9660()
                0x00000000c001f023                __memmem(unsigned char*, int, unsigned char*, int)
                0x00000000c001f065                readSectorFromCDROM(unsigned int, unsigned char*, char)
                0x00000000c001f0cc                ISO9660::tryMount(LogicalDisk*, int)
                0x00000000c001f11c                ISO9660::read(void*, unsigned long, void*, int*)
                0x00000000c001f360                ISO9660::readDir(void*, unsigned long, void*, int*)
                0x00000000c001f5ed                readRoot(unsigned int*, unsigned int*, char)
                0x00000000c001f642                readRecursively(char*, unsigned int, unsigned int, unsigned int*, unsigned int*, char, int*)
                0x00000000c001f815                getFileData(char*, unsigned int*, unsigned int*, char, int*)
                0x00000000c001f8a4                ISO9660::open(char const*, void**, FileOpenMode)
                0x00000000c001f93e                ISO9660::exists(char const*)
                0x00000000c001f962                ISO9660::stat(char const*, unsigned long long*, bool*)
                0x00000000c001f9f6                ISO9660::openDir(char const*, void**)
                0x00000000c001faae                ISO9660::ISO9660()
                0x00000000c001faae                ISO9660::ISO9660()
 *fill*         0x00000000c001fad1        0x1 
 .text          0x00000000c001fad2      0x326 hal/sound/sndchannel.32
                0x00000000c001fad2                SoundChannel::~SoundChannel()
                0x00000000c001fad2                SoundChannel::~SoundChannel()
                0x00000000c001faee                SoundChannel::setSpeed(float)
                0x00000000c001fafa                SoundChannel::getSpeed()
                0x00000000c001fb02                SoundChannel::setVolume(int)
                0x00000000c001fb1e                SoundChannel::getVolume()
                0x00000000c001fb26                SoundChannel::pause()
                0x00000000c001fb30                SoundChannel::SoundChannel(int, int, int, int)
                0x00000000c001fb30                SoundChannel::SoundChannel(int, int, int, int)
                0x00000000c001fc86                SoundChannel::play()
                0x00000000c001fc90                SoundChannel::paused()
                0x00000000c001fc98                SoundChannel::getSampleRate()
                0x00000000c001fca0                SoundChannel::getBits()
                0x00000000c001fca8                SoundChannel::getBufferUsed()
                0x00000000c001fcb0                SoundChannel::getBufferSize()
                0x00000000c001fcb8                SoundChannel::unbuffer(float*, int, int)
                0x00000000c001fd58                SoundChannel::buffer8(unsigned char*, int)
 .text          0x00000000c001fdf8      0x3d5 hal/sound/sndhw.32
                0x00000000c001fdf8                SoundDevice::SoundDevice(char const*)
                0x00000000c001fdf8                SoundDevice::SoundDevice(char const*)
                0x00000000c001fe64                SoundDevice::~SoundDevice()
                0x00000000c001fe64                SoundDevice::~SoundDevice()
                0x00000000c001fede                SoundDevice::~SoundDevice()
                0x00000000c001ff08                SoundDevice::getFreeChannelNum()
                0x00000000c001ff22                SoundDevice::addChannel(SoundChannel*)
                0x00000000c001ff92                SoundDevice::removeChannel(int)
                0x00000000c001ffc4                SoundDevice::floatTo8(float*, unsigned char*, int)
                0x00000000c00200ac                SoundDevice::getAudio(int, float*, float*)
 .text          0x00000000c00201cd        0x0 hw/bus/isa.32
 *fill*         0x00000000c00201cd        0x1 
 .text          0x00000000c00201ce      0x6c1 hw/bus/pci.32
                0x00000000c00201ce                PCI::open(int, int, void*)
                0x00000000c00201e2                PCI::close(int, int, void*)
                0x00000000c00201e6                PCI::PCI()
                0x00000000c00201e6                PCI::PCI()
                0x00000000c0020266                PCI::pciReadWord(unsigned char, unsigned char, unsigned char, unsigned char)
                0x00000000c00202ae                PCI::getVendorID(unsigned char, unsigned char, unsigned char)
                0x00000000c00202d0                PCI::getHeaderType(unsigned char, unsigned char, unsigned char)
                0x00000000c00202f4                PCI::getClassCode(unsigned char, unsigned char, unsigned char)
                0x00000000c0020338                PCI::getProgIF(unsigned char, unsigned char, unsigned char)
                0x00000000c002035c                PCI::getRevisionID(unsigned char, unsigned char, unsigned char)
                0x00000000c002037e                PCI::getInterruptNumber(unsigned char, unsigned char, unsigned char)
                0x00000000c00203a0                PCI::getSecondaryBus(unsigned char, unsigned char, unsigned char)
                0x00000000c00203c4                PCI::getBARAddress(unsigned char, unsigned char, unsigned char, unsigned char)
                0x00000000c0020424                PCI::pciWriteWord(unsigned char, unsigned char, unsigned char, unsigned char, unsigned short)
                0x00000000c0020490                PCI::checkBus(unsigned char)
                0x00000000c00204b4                PCI::foundDevice(PCIDeviceInfo)
                0x00000000c0020624                PCI::getDeviceData(unsigned char, unsigned char, unsigned char)
                0x00000000c00207d0                PCI::checkDevice(unsigned char, unsigned char)
                0x00000000c002083c                PCI::detect()
 *fill*         0x00000000c002088f        0x1 
 .text          0x00000000c0020890      0xc70 hw/diskctrl/ide.32
                0x00000000c0020890                IDE::close(int, int, void*)
                0x00000000c0020894                IDE::IDE()
                0x00000000c0020894                IDE::IDE()
                0x00000000c00208c8                IDE::prepareInterrupt(unsigned char)
                0x00000000c00208da                selectDrive(unsigned char, unsigned char)
                0x00000000c00208dc                IDE::getBase(unsigned char)
                0x00000000c00208ee                IDE::write(unsigned char, unsigned char, unsigned char)
                0x00000000c00209ae                IDE::read(unsigned char, unsigned char)
                0x00000000c0020a5c                IDE::waitInterrupt(unsigned char)
                0x00000000c0020ac2                ideChannel0IRQHandler(regs*, void*)
                0x00000000c0020ade                ideChannel1IRQHandler(regs*, void*)
                0x00000000c0020afa                IDE::enableIRQs(unsigned char, bool)
                0x00000000c0020b40                IDE::open(int, int, void*)
                0x00000000c0020f50                IDE::readBuffer(unsigned char, unsigned char, unsigned int, unsigned int)
                0x00000000c002101c                IDE::detect()
                0x00000000c0021304                IDE::printError(unsigned char, unsigned char, unsigned char)
                0x00000000c002149a                IDE::polling(unsigned char, unsigned int)
 .text          0x00000000c0021500      0x62b hw/diskphys/ata.32
                0x00000000c0021500                ATA::close(int, int, void*)
                0x00000000c0021524                ATA::powerSaving(PowerSavingLevel)
                0x00000000c0021526                ATA::ATA()
                0x00000000c0021526                ATA::ATA()
                0x00000000c0021554                ATA::flush(bool)
                0x00000000c002159e                ATA::readyForCommand()
                0x00000000c00215ee                ATA::access(unsigned long long, int, void*, bool)
                0x00000000c002196c                ATA::read(unsigned long long, int, void*)
                0x00000000c00219d4                ATA::write(unsigned long long, int, void*)
                0x00000000c0021a3c                ATA::detectCHS()
                0x00000000c0021a66                ATA::open(int, int, void*)
 *fill*         0x00000000c0021b2b        0x1 
 .text          0x00000000c0021b2c      0x5b3 hw/diskphys/atapi.32
                0x00000000c0021b2c                ATAPI::write(unsigned long long, int, void*)
                0x00000000c0021b32                ATAPI::close(int, int, void*)
                0x00000000c0021b56                ATAPI::ATAPI()
                0x00000000c0021b56                ATAPI::ATAPI()
                0x00000000c0021b84                ATAPI::readyForCommand()
                0x00000000c0021bd4                ATAPI::sendPacket(unsigned char*, int, bool, unsigned short*, int)
                0x00000000c0021e94                ATAPI::diskRemoved()
                0x00000000c0021eb0                ATAPI::eject()
                0x00000000c0021ef6                ATAPI::diskInserted()
                0x00000000c0021f24                ATAPI::detectMedia()
                0x00000000c0021fe0                ATAPI::open(int, int, void*)
                0x00000000c0022060                ATAPI::read(unsigned long long, int, void*)
 *fill*         0x00000000c00220df        0x1 
 .text          0x00000000c00220e0       0x8e hw/fpu/avx.32
                0x00000000c00220e0                AVX::open(int, int, void*)
                0x00000000c00220f2                AVX::close(int, int, void*)
                0x00000000c0022104                AVX::available()
                0x00000000c0022116                AVX::save(void*)
                0x00000000c002212e                AVX::load(void*)
                0x00000000c0022146                AVX::AVX()
                0x00000000c0022146                AVX::AVX()
 .text          0x00000000c002216e       0x90 hw/fpu/mmx.32
                0x00000000c002216e                MMX::available()
                0x00000000c0022182                MMX::open(int, int, void*)
                0x00000000c0022194                MMX::close(int, int, void*)
                0x00000000c00221a6                MMX::save(void*)
                0x00000000c00221be                MMX::load(void*)
                0x00000000c00221d6                MMX::MMX()
                0x00000000c00221d6                MMX::MMX()
 .text          0x00000000c00221fe       0x96 hw/fpu/sse.32
                0x00000000c00221fe                SSE::open(int, int, void*)
                0x00000000c0022210                SSE::close(int, int, void*)
                0x00000000c0022222                SSE::available()
                0x00000000c002223c                SSE::save(void*)
                0x00000000c0022254                SSE::load(void*)
                0x00000000c002226c                SSE::SSE()
                0x00000000c002226c                SSE::SSE()
 .text          0x00000000c0022294       0x8e hw/fpu/x87.32
                0x00000000c0022294                x87::open(int, int, void*)
                0x00000000c00222a6                x87::close(int, int, void*)
                0x00000000c00222b8                x87::available()
                0x00000000c00222ca                x87::save(void*)
                0x00000000c00222e2                x87::load(void*)
                0x00000000c00222fa                x87::x87()
                0x00000000c00222fa                x87::x87()
 .text          0x00000000c0022322      0x712 hw/intctrl/apic.32
                0x00000000c0022322                APIC::disable()
                0x00000000c0022324                APIC::close(int, int, void*)
                0x00000000c0022346                IOAPIC::close(int, int, void*)
                0x00000000c002234c                APIC::io_wait()
                0x00000000c0022352                APIC::getBase()
                0x00000000c0022394                APIC::eoi(unsigned char)
                0x00000000c00223c2                APIC::open(int, int, void*)
                0x00000000c0022510                IOAPIC::IOAPIC()
                0x00000000c0022510                IOAPIC::IOAPIC()
                0x00000000c0022538                APIC::APIC()
                0x00000000c0022538                APIC::APIC()
                0x00000000c0022608                IOAPIC::handlesGSIWithNumber(unsigned int)
                0x00000000c002263a                IOAPIC::read(int)
                0x00000000c0022662                IOAPIC::open(int, int, void*)
                0x00000000c0022758                IOAPIC::write(int, int)
                0x00000000c0022784                IOAPIC::redirect(unsigned char, unsigned long long, unsigned char, bool, bool)
                0x00000000c002287e                APIC::installIRQHandler(int, void (*)(regs*, void*), bool, void*)
 .text          0x00000000c0022a34      0x3d3 hw/intctrl/pic.32
                0x00000000c0022a34                PIC::disable()
                0x00000000c0022a62                PIC::close(int, int, void*)
                0x00000000c0022a84                PIC::PIC()
                0x00000000c0022a84                PIC::PIC()
                0x00000000c0022b5a                PIC::ioWait()
                0x00000000c0022b60                PIC::getIRQReg(int)
                0x00000000c0022bca                PIC::eoi(unsigned char)
                0x00000000c0022c5c                PIC::remap()
                0x00000000c0022dc8                PIC::open(int, int, void*)
 *fill*         0x00000000c0022e07        0x1 
 .text          0x00000000c0022e08      0x252 hw/timer/apictimer.32
                0x00000000c0022e08                APICTimer::close(int, int, void*)
                0x00000000c0022e0e                apicTimerHandler(regs*, void*)
                0x00000000c0022e3c                APICTimer::write(int)
                0x00000000c0022f3a                APICTimer::open(int, int, void*)
                0x00000000c0023032                APICTimer::APICTimer()
                0x00000000c0023032                APICTimer::APICTimer()
 .text          0x00000000c002305a      0x1a7 hw/timer/pit.32
                0x00000000c002305a                PIT::write(int)
                0x00000000c00230d8                pitHandler(regs*, void*)
                0x00000000c0023104                PIT::open(int, int, void*)
                0x00000000c0023152                PIT::close(int, int, void*)
                0x00000000c0023182                PIT::PIT()
                0x00000000c0023182                PIT::PIT()
 *fill*         0x00000000c0023201        0xf 
 .text          0x00000000c0023210        0xa hw/fpu/x86/avx.32
                0x00000000c0023210                avxDetect
                0x00000000c0023216                avxSave
                0x00000000c0023217                avxLoad
                0x00000000c0023218                avxInit
                0x00000000c0023219                avxClose
 *fill*         0x00000000c002321a        0x6 
 .text          0x00000000c0023220       0x38 hw/fpu/x86/sse.32
                0x00000000c0023220                sseDetect
                0x00000000c002323b                sseSave
                0x00000000c0023241                sseLoad
                0x00000000c0023247                sseInit
                0x00000000c0023257                sseClose
 *fill*         0x00000000c0023258        0x8 
 .text          0x00000000c0023260       0x47 hw/fpu/x86/x87.32
                0x00000000c0023266                x87Detect
                0x00000000c0023281                x87Save
                0x00000000c0023287                x87Load
                0x00000000c002328c                x87Init
                0x00000000c00232a6                x87Close
 *fill*         0x00000000c00232a7        0x1 
 .text          0x00000000c00232a8       0x25 /cygdrive/d/Users/Alex/Desktop/Toolchain/Output/bin/../lib/gcc/i386-banana/8.1.0/crtend.o
 .text          0x00000000c00232cd        0x0 crtn.32
 *fill*         0x00000000c00232cd        0x3 
 .text          0x00000000c00232d0      0x14b /cygdrive/d/Users/Alex/Desktop/Toolchain/Output/bin/../lib/gcc/i386-banana/8.1.0/libkgcc.a(_divdi3.o)
                0x00000000c00232d0                __divdi3
 *fill*         0x00000000c002341b        0x1 
 .text          0x00000000c002341c      0x17e /cygdrive/d/Users/Alex/Desktop/Toolchain/Output/bin/../lib/gcc/i386-banana/8.1.0/libkgcc.a(_moddi3.o)
                0x00000000c002341c                __moddi3
 *fill*         0x00000000c002359a        0x2 
 .text          0x00000000c002359c       0xff /cygdrive/d/Users/Alex/Desktop/Toolchain/Output/bin/../lib/gcc/i386-banana/8.1.0/libkgcc.a(_udivdi3.o)
                0x00000000c002359c                __udivdi3
 *fill*         0x00000000c002369b        0x1 
 .text          0x00000000c002369c      0x11a /cygdrive/d/Users/Alex/Desktop/Toolchain/Output/bin/../lib/gcc/i386-banana/8.1.0/libkgcc.a(_umoddi3.o)
                0x00000000c002369c                __umoddi3
 .text          0x00000000c00237b6      0x96d D:/Users/Alex/Desktop/Banana/kernel/libsoftfp.a(sfieeelib.o)
                0x00000000c00237b6                __addsf3
                0x00000000c0023ab8                __subsf3
                0x00000000c0023acc                __negsf2
                0x00000000c0023ad9                __mulsf3
                0x00000000c0023c9c                __divsf3
                0x00000000c0023ec7                __floatsisf
                0x00000000c0023f3b                __floatunsisf
                0x00000000c0023f7d                __fixsfsi
                0x00000000c0023fdf                __fixunssfsi
                0x00000000c0024010                __cmpsf2
                0x00000000c00240a5                __eqsf2
                0x00000000c00240e0                __nesf2
                0x00000000c00240e2                __gtsf2
                0x00000000c002411d                __gesf2
                0x00000000c002411f                __ltsf2
                0x00000000c0024121                __lesf2
 .text          0x00000000c0024123      0xf50 D:/Users/Alex/Desktop/Banana/kernel/libsoftfp.a(dfieeelib.o)
                0x00000000c0024123                __adddf3
                0x00000000c0024774                __subdf3
                0x00000000c002478f                __negdf2
                0x00000000c00247a0                __muldf3
                0x00000000c0024a84                __divdf3
                0x00000000c0024e03                __floatsidf
                0x00000000c0024e5e                __floatunsidf
                0x00000000c0024e9c                __fixdfsi
                0x00000000c0024f09                __fixunsdfsi
                0x00000000c0024f45                __cmpdf2
                0x00000000c0025033                __eqdf2
                0x00000000c002504f                __nedf2
                0x00000000c0025051                __gtdf2
                0x00000000c002506d                __gedf2
                0x00000000c002506f                __ltdf2
                0x00000000c0025071                __ledf2
 .text          0x00000000c0025073      0x18d D:/Users/Alex/Desktop/Banana/kernel/libsoftfp.a(sfdfcvt.o)
                0x00000000c0025073                __truncdfsf2
                0x00000000c0025197                __extendsfdf2
 .text          0x00000000c0025200       0x1e D:/Users/Alex/Desktop/Banana/kernel/libk/libm32.a(s_fabs.c.o)
                0x00000000c0025200                fabs
 *fill*         0x00000000c002521e        0x2 
 .text          0x00000000c0025220        0xc D:/Users/Alex/Desktop/Banana/kernel/libk/libm32.a(s_lrint.S.o)
                0x00000000c0025220                lrint
 .text          0x00000000c002522c        0xc D:/Users/Alex/Desktop/Banana/kernel/libk/libm32.a(s_lrintf.S.o)
                0x00000000c002522c                lrintf
 *(.gnu.linkonce.t*)

.iplt           0x00000000c0025238        0x0
 .iplt          0x00000000c0025238        0x0 D:/Users/Alex/Desktop/Banana/kernel/boot.32

.init           0x00000000c0025238        0xf
 .init          0x00000000c0025238        0x3 crti.32
                0x00000000c0025238                _init
 .init          0x00000000c002523b        0x5 /cygdrive/d/Users/Alex/Desktop/Toolchain/Output/bin/../lib/gcc/i386-banana/8.1.0/crtbegin.o
 .init          0x00000000c0025240        0x5 /cygdrive/d/Users/Alex/Desktop/Toolchain/Output/bin/../lib/gcc/i386-banana/8.1.0/crtend.o
 .init          0x00000000c0025245        0x2 crtn.32

.fini           0x00000000c0025247        0xa
 .fini          0x00000000c0025247        0x3 crti.32
                0x00000000c0025247                _fini
 .fini          0x00000000c002524a        0x5 /cygdrive/d/Users/Alex/Desktop/Toolchain/Output/bin/../lib/gcc/i386-banana/8.1.0/crtbegin.o
 .fini          0x00000000c002524f        0x2 crtn.32

.text._ZN8ComputerD2Ev
                0x00000000c0025252       0x23
 .text._ZN8ComputerD2Ev
                0x00000000c0025252       0x23 core/computer.32
                0x00000000c0025252                Computer::~Computer()
                0x00000000c0025252                Computer::~Computer()

.text._ZN8ComputerD0Ev
                0x00000000c0025276       0x2a
 .text._ZN8ComputerD0Ev
                0x00000000c0025276       0x2a core/computer.32
                0x00000000c0025276                Computer::~Computer()

.text._Z10idleCommonv
                0x00000000c00252a0       0x15
 .text._Z10idleCommonv
                0x00000000c00252a0       0x15 core/idle.32
                0x00000000c00252a0                idleCommon()

.text._ZN3CPU7readCR3Ev
                0x00000000c00252b5       0x12
 .text._ZN3CPU7readCR3Ev
                0x00000000c00252b5       0x12 core/kheap.32
                0x00000000c00252b5                CPU::readCR3()

.text._ZN3CPU8writeCR3Em
                0x00000000c00252c7        0x9
 .text._ZN3CPU8writeCR3Em
                0x00000000c00252c7        0x9 core/kheap.32
                0x00000000c00252c7                CPU::writeCR3(unsigned long)

.text._ZN10LinkedListI8UnixFileED2Ev
                0x00000000c00252d0        0x2
 .text._ZN10LinkedListI8UnixFileED2Ev
                0x00000000c00252d0        0x2 core/unixfile.32
                0x00000000c00252d0                LinkedList<UnixFile>::~LinkedList()
                0x00000000c00252d0                LinkedList<UnixFile>::~LinkedList()

.text._ZN10LinkedListI8UnixFileEC2Ev
                0x00000000c00252d2       0x58
 .text._ZN10LinkedListI8UnixFileEC2Ev
                0x00000000c00252d2       0x58 core/unixfile.32
                0x00000000c00252d2                LinkedList<UnixFile>::LinkedList()
                0x00000000c00252d2                LinkedList<UnixFile>::LinkedList()

.text._ZN10LinkedListI8UnixFileE10addElementEPS0_
                0x00000000c002532a       0xd3
 .text._ZN10LinkedListI8UnixFileE10addElementEPS0_
                0x00000000c002532a       0xd3 core/unixfile.32
                0x00000000c002532a                LinkedList<UnixFile>::addElement(UnixFile*)

.text._ZN10LinkedListI8UnixFileE15getFirstElementEv
                0x00000000c00253fe        0x7
 .text._ZN10LinkedListI8UnixFileE15getFirstElementEv
                0x00000000c00253fe        0x7 core/unixfile.32
                0x00000000c00253fe                LinkedList<UnixFile>::getFirstElement()

.text._ZN10LinkedListI8UnixFileE11removeFirstEv
                0x00000000c0025406       0xa1
 .text._ZN10LinkedListI8UnixFileE11removeFirstEv
                0x00000000c0025406       0xa1 core/unixfile.32
                0x00000000c0025406                LinkedList<UnixFile>::removeFirst()

.text._ZN10LinkedListI8UnixFileE7getNextEPS0_
                0x00000000c00254a8        0x8
 .text._ZN10LinkedListI8UnixFileE7getNextEPS0_
                0x00000000c00254a8        0x8 core/unixfile.32
                0x00000000c00254a8                LinkedList<UnixFile>::getNext(UnixFile*)

.text._ZN16DriverlessDeviceD2Ev
                0x00000000c00254b0       0x1a
 .text._ZN16DriverlessDeviceD2Ev
                0x00000000c00254b0       0x1a hal/device.32
                0x00000000c00254b0                DriverlessDevice::~DriverlessDevice()
                0x00000000c00254b0                DriverlessDevice::~DriverlessDevice()

.text._ZN16DriverlessDeviceD0Ev
                0x00000000c00254ca       0x2a
 .text._ZN16DriverlessDeviceD0Ev
                0x00000000c00254ca       0x2a hal/device.32
                0x00000000c00254ca                DriverlessDevice::~DriverlessDevice()

.text._ZN10LinkedListI6DeviceE10addElementEPS0_
                0x00000000c00254f4       0xdc
 .text._ZN10LinkedListI6DeviceE10addElementEPS0_
                0x00000000c00254f4       0xdc hal/device.32
                0x00000000c00254f4                LinkedList<Device>::addElement(Device*)

.text._ZN10LinkedListI6DeviceEC2Ev
                0x00000000c00255d0       0x58
 .text._ZN10LinkedListI6DeviceEC2Ev
                0x00000000c00255d0       0x58 hal/device.32
                0x00000000c00255d0                LinkedList<Device>::LinkedList()
                0x00000000c00255d0                LinkedList<Device>::LinkedList()

.text._ZN3CPU7readCR0Ev
                0x00000000c0025628       0x12
 .text._ZN3CPU7readCR0Ev
                0x00000000c0025628       0x12 hal/fpu.32
                0x00000000c0025628                CPU::readCR0()

.text._ZN3CPU8writeCR0Em
                0x00000000c002563a        0x9
 .text._ZN3CPU8writeCR0Em
                0x00000000c002563a        0x9 hal/fpu.32
                0x00000000c002563a                CPU::writeCR0(unsigned long)

.text._ZN3CPU7readDR0Ev
                0x00000000c0025643       0x12
 .text._ZN3CPU7readDR0Ev
                0x00000000c0025643       0x12 hal/intctrl.32
                0x00000000c0025643                CPU::readDR0()

.text._ZN3CPU7readDR1Ev
                0x00000000c0025655       0x12
 .text._ZN3CPU7readDR1Ev
                0x00000000c0025655       0x12 hal/intctrl.32
                0x00000000c0025655                CPU::readDR1()

.text._ZN3CPU7readDR2Ev
                0x00000000c0025667       0x12
 .text._ZN3CPU7readDR2Ev
                0x00000000c0025667       0x12 hal/intctrl.32
                0x00000000c0025667                CPU::readDR2()

.text._ZN3CPU7readDR3Ev
                0x00000000c0025679       0x12
 .text._ZN3CPU7readDR3Ev
                0x00000000c0025679       0x12 hal/intctrl.32
                0x00000000c0025679                CPU::readDR3()

.text._ZN3CPU7readDR6Ev
                0x00000000c002568b       0x12
 .text._ZN3CPU7readDR6Ev
                0x00000000c002568b       0x12 hal/intctrl.32
                0x00000000c002568b                CPU::readDR6()

.text._ZN3CPU7readDR7Ev
                0x00000000c002569d       0x12
 .text._ZN3CPU7readDR7Ev
                0x00000000c002569d       0x12 hal/intctrl.32
                0x00000000c002569d                CPU::readDR7()

.text._ZN10LinkedListIV18ThreadControlBlockE15getFirstElementEv
                0x00000000c00256b0        0x7