Archive member included to satisfy reference by file (symbol)

/cygdrive/d/Users/Alex/Desktop/Toolchain/Output/bin/../lib/gcc/i386-banana/8.1.0/libkgcc.a(_divdi3.o)
                              fs/fat/ff.32 (__divdi3)
/cygdrive/d/Users/Alex/Desktop/Toolchain/Output/bin/../lib/gcc/i386-banana/8.1.0/libkgcc.a(_moddi3.o)
                              compat/resolve.32 (__moddi3)
/cygdrive/d/Users/Alex/Desktop/Toolchain/Output/bin/../lib/gcc/i386-banana/8.1.0/libkgcc.a(_udivdi3.o)
                              fs/fat/ff.32 (__udivdi3)
/cygdrive/d/Users/Alex/Desktop/Toolchain/Output/bin/../lib/gcc/i386-banana/8.1.0/libkgcc.a(_umoddi3.o)
                              compat/resolve.32 (__umoddi3)
D:/Users/Alex/Desktop/Banana/kernel/libsoftfp.a(sfieeelib.o)
                              hal/libresample/src_linear.32 (__subsf3)
D:/Users/Alex/Desktop/Banana/kernel/libsoftfp.a(dfieeelib.o)
                              hal/libresample/src_linear.32 (__adddf3)
D:/Users/Alex/Desktop/Banana/kernel/libsoftfp.a(sfdfcvt.o)
                              hal/libresample/samplerate.32 (__truncdfsf2)
D:/Users/Alex/Desktop/Banana/kernel/libk/libm32.a(s_fabs.c.o)
                              hal/libresample/samplerate.32 (fabs)
D:/Users/Alex/Desktop/Banana/kernel/libk/libm32.a(s_lrint.S.o)
                              hal/libresample/samplerate.32 (lrint)
D:/Users/Alex/Desktop/Banana/kernel/libk/libm32.a(s_lrintf.S.o)
                              hal/sound/sndhw.32 (lrintf)

Discarded input sections

 .comment       0x0000000000000000       0x12 /cygdrive/d/Users/Alex/Desktop/Toolchain/Output/bin/../lib/gcc/i386-banana/8.1.0/crtbegin.o
 .comment       0x0000000000000000       0x12 acpica/utclib.32
 .comment       0x0000000000000000       0x12 core/malloc.32
 .comment       0x0000000000000000       0x12 libk/string.32
 .comment       0x0000000000000000       0x12 fs/fat/diskio.32
 .comment       0x0000000000000000       0x12 fs/fat/ff.32
 .comment       0x0000000000000000       0x12 fs/fat/ffsystem.32
 .comment       0x0000000000000000       0x12 fs/fat/ffunicode.32
 .comment       0x0000000000000000       0x12 hal/libresample/samplerate.32
 .comment       0x0000000000000000       0x12 hal/libresample/src_linear.32
 .comment       0x0000000000000000       0x12 hal/libresample/src_sinc.32
 .comment       0x0000000000000000       0x12 hal/libresample/src_zoh.32
 .comment       0x0000000000000000       0x12 compat/inlines.32
 .comment       0x0000000000000000       0x12 compat/resolve.32
 .group         0x0000000000000000       0x14 core/computer.32
 .group         0x0000000000000000        0xc core/computer.32
 .comment       0x0000000000000000       0x12 core/computer.32
 .comment       0x0000000000000000       0x12 core/gdt.32
 .group         0x0000000000000000        0xc core/idle.32
 .comment       0x0000000000000000       0x12 core/idle.32
 .comment       0x0000000000000000       0x12 core/idt.32
 .comment       0x0000000000000000       0x12 core/kheap.32
 .comment       0x0000000000000000       0x12 core/main.32
 .comment       0x0000000000000000       0x12 core/physmgr.32
 .group         0x0000000000000000        0xc core/pipe.32
 .comment       0x0000000000000000       0x12 core/pipe.32
 .group         0x0000000000000000        0xc core/terminal.32
 .comment       0x0000000000000000       0x12 core/terminal.32
 .comment       0x0000000000000000       0x12 core/tss.32
 .group         0x0000000000000000        0x8 core/unixfile.32
 .group         0x0000000000000000        0x8 core/unixfile.32
 .group         0x0000000000000000        0xc core/unixfile.32
 .group         0x0000000000000000        0x8 core/unixfile.32
 .group         0x0000000000000000        0xc core/unixfile.32
 .group         0x0000000000000000        0x8 core/unixfile.32
 .group         0x0000000000000000        0xc core/unixfile.32
 .group         0x0000000000000000        0xc core/unixfile.32
 .comment       0x0000000000000000       0x12 core/unixfile.32
 .comment       0x0000000000000000       0x12 core/virtmgr.32
 .comment       0x0000000000000000       0x12 coreobjs/c++.32
 .comment       0x0000000000000000       0x12 dbg/kconsole.32
 .group         0x0000000000000000        0xc fs/vfs.32
 .group         0x0000000000000000        0xc fs/vfs.32
 .group         0x0000000000000000        0xc fs/vfs.32
 .comment       0x0000000000000000       0x12 fs/vfs.32
 .group         0x0000000000000000        0xc hal/bus.32
 .comment       0x0000000000000000       0x12 hal/bus.32
 .group         0x0000000000000000        0xc hal/buzzer.32
 .comment       0x0000000000000000       0x12 hal/buzzer.32
 .group         0x0000000000000000        0xc hal/clock.32
 .comment       0x0000000000000000       0x12 hal/clock.32
 .group         0x0000000000000000       0x14 hal/device.32
 .group         0x0000000000000000        0xc hal/device.32
 .group         0x0000000000000000        0x8 hal/device.32
 .group         0x0000000000000000        0xc hal/device.32
[...]
Memory Configuration

Name             Origin             Length             Attributes
*default*        0x0000000000000000 0xffffffffffffffff

Linker script and memory map

LOAD D:/Users/Alex/Desktop/Banana/kernel/boot.32
LOAD crti.32
LOAD /cygdrive/d/Users/Alex/Desktop/Toolchain/Output/bin/../lib/gcc/i386-banana/8.1.0/crtbegin.o
LOAD D:/Users/Alex/Desktop/Banana/kernel/morenasm.32
LOAD acpica/utclib.32
LOAD core/malloc.32
LOAD libk/string.32
LOAD fs/fat/diskio.32
LOAD fs/fat/ff.32
LOAD fs/fat/ffsystem.32
LOAD fs/fat/ffunicode.32
LOAD hal/libresample/samplerate.32
LOAD hal/libresample/src_linear.32
LOAD hal/libresample/src_sinc.32
LOAD hal/libresample/src_zoh.32
LOAD compat/inlines.32
LOAD compat/resolve.32
LOAD core/computer.32
LOAD core/gdt.32
LOAD core/idle.32
LOAD core/idt.32
LOAD core/kheap.32
LOAD core/main.32
LOAD core/physmgr.32
LOAD core/pipe.32
LOAD core/terminal.32
LOAD core/tss.32
LOAD core/unixfile.32
LOAD core/virtmgr.32
LOAD coreobjs/c++.32
LOAD dbg/kconsole.32
LOAD fs/vfs.32
LOAD hal/bus.32
LOAD hal/buzzer.32
LOAD hal/clock.32
LOAD hal/device.32
LOAD hal/diskctrl.32
LOAD hal/diskphys.32
LOAD hal/fpu.32
LOAD hal/intctrl.32
LOAD hal/keybrd.32
LOAD hal/logidisk.32
LOAD hal/mouse.32
LOAD hal/partition.32
LOAD hal/serial.32
LOAD hal/timer.32
LOAD hal/vcache.32
LOAD hal/video.32
LOAD hw/acpi.32
LOAD hw/cpu.32
LOAD hw/ports.32
LOAD hw/smp.32
LOAD krnl/env.32
LOAD krnl/panic.32
LOAD net/ethernet.32
LOAD reg/registry.32
LOAD sys/sc_eject.32
LOAD sys/sc_exit.32
LOAD sys/sc_getcwd.32
LOAD sys/sc_getpid.32
LOAD sys/sc_getramdata.32
LOAD sys/sc_getvgaptr.32
LOAD sys/sc_loaddll.32
LOAD sys/sc_read.32
LOAD sys/sc_sbrk.32
LOAD sys/sc_setcwd.32
LOAD sys/sc_settime.32
LOAD sys/sc_timezone.32
LOAD sys/sc_write.32
LOAD sys/sc_wsbe.32
LOAD sys/sc_yield.32
LOAD sys/syscalls.32
LOAD thr/elf.32
LOAD thr/prcssthr.32
LOAD vm86/vm8086.32
LOAD vm86/x87em.32
LOAD fs/fat/vfslink.32
LOAD fs/iso9660/vfslink.32
LOAD hal/sound/sndchannel.32
LOAD hal/sound/sndhw.32
LOAD hw/bus/isa.32
LOAD hw/bus/pci.32
LOAD hw/diskctrl/ide.32
LOAD hw/diskctrl/satabus.32
LOAD hw/diskphys/ata.32
LOAD hw/diskphys/atapi.32
LOAD hw/diskphys/sata.32
LOAD hw/diskphys/satapi.32
LOAD hw/fpu/avx.32
LOAD hw/fpu/mmx.32
LOAD hw/fpu/sse.32
LOAD hw/fpu/x87.32
LOAD hw/intctrl/apic.32
LOAD hw/intctrl/pic.32
LOAD hw/timer/apictimer.32
LOAD hw/timer/pit.32
LOAD hw/fpu/x86/avx.32
LOAD hw/fpu/x86/sse.32
LOAD hw/fpu/x86/x87.32
LOAD /cygdrive/d/Users/Alex/Desktop/Toolchain/Output/bin/../lib/gcc/i386-banana/8.1.0/crtend.o
LOAD crtn.32
LOAD /cygdrive/d/Users/Alex/Desktop/Toolchain/Output/bin/../lib/gcc/i386-banana/8.1.0/libkgcc.a
LOAD D:/Users/Alex/Desktop/Banana/kernel/libsoftfp.a
LOAD D:/Users/Alex/Desktop/Banana/kernel/libk/libm32.a
                0x00000000c0000000                . = 0xc0000000

.text           0x00000000c0000000    0x28258
 *(.text)
 .text          0x00000000c0000000       0x41 D:/Users/Alex/Desktop/Banana/kernel/boot.32
                0x00000000c0000020                callGlobalConstructors
 .text          0x00000000c0000041        0x0 crti.32
 *fill*         0x00000000c0000041        0x3 
 .text          0x00000000c0000044      0x101 /cygdrive/d/Users/Alex/Desktop/Toolchain/Output/bin/../lib/gcc/i386-banana/8.1.0/crtbegin.o
 *fill*         0x00000000c0000145        0xb 
 .text          0x00000000c0000150      0x4fb D:/Users/Alex/Desktop/Banana/kernel/morenasm.32
                0x00000000c0000150                manualPCIProbe
                0x00000000c000019b                prepareTramp
                0x00000000c00001b4                voodooXADD
                0x00000000c000027f                doTPAUSE
                0x00000000c0000289                hasLegacyFPU
                0x00000000c00002ae                is486
                0x00000000c00002e4                detectCPUID
                0x00000000c00002fa                goToVM86
                0x00000000c000032a                goToUsermode
                0x00000000c0000354                switchToThreadASMFirstTime
                0x00000000c0000362                switchToThreadASM
                0x00000000c00003f2                asmQuickAcquireLock
                0x00000000c0000410                asmQuickReleaseLock
                0x00000000c000041c                asmAcquireLock
                0x00000000c000043d                asmReleaseLock
                0x00000000c0000450                loadGDT
                0x00000000c0000470                isr0
                0x00000000c0000480                isr1
                0x00000000c000048a                isr2
                0x00000000c0000494                isr3
                0x00000000c000049e                isr4
                0x00000000c00004a8                isr5
                0x00000000c00004b2                isr6
                0x00000000c00004bc                isr7
                0x00000000c00004c6                isr8
                0x00000000c00004ce                isr9
                0x00000000c00004d8                isr10
                0x00000000c00004e0                isr11
                0x00000000c00004e8                isr12
                0x00000000c00004f0                isr13
                0x00000000c00004f8                isr14
                0x00000000c0000500                isr15
                0x00000000c000050a                isr16
                0x00000000c0000514                isr17
                0x00000000c000051e                isr18
                0x00000000c0000528                irq3
                0x00000000c0000532                irq4
                0x00000000c000053c                irq5
                0x00000000c0000546                irq6
                0x00000000c0000550                irq7
                0x00000000c000055a                irq8
                0x00000000c0000564                irq9
                0x00000000c000056e                irq10
                0x00000000c0000578                irq11
                0x00000000c0000582                irq12
                0x00000000c000058c                irq13
                0x00000000c0000596                irq14
                0x00000000c00005a0                irq15
                0x00000000c00005aa                irq1
                0x00000000c00005b1                irq2
                0x00000000c00005b8                isr96
                0x00000000c00005bf                irq0
                0x00000000c00005c4                syscall_common_stub
                0x00000000c00005c4                int_common_stub
                0x00000000c00005f6                irq16
                0x00000000c0000600                irq17
                0x00000000c000060a                irq18
                0x00000000c0000614                irq19
                0x00000000c000061e                irq20
                0x00000000c0000628                irq21
                0x00000000c0000632                irq22
                0x00000000c000063c                irq23
                0x00000000c0000646                memcpy
 *fill*         0x00000000c000064b        0x1 
 .text          0x00000000c000064c      0x5dd acpica/utclib.32
                0x00000000c000064c                memcmp
                0x00000000c0000688                memmove
                0x00000000c0000750                memset
                0x00000000c000076c                strlen
                0x00000000c0000784                strpbrk
                0x00000000c00007c0                strtok
                0x00000000c000080c                strcpy
                0x00000000c0000830                strncpy
                0x00000000c0000898                strcmp
                0x00000000c00008d8                strchr
                0x00000000c00008fc                strncmp
                0x00000000c000094c                strcat
                0x00000000c000097c                strncat
                0x00000000c00009b8                strstr
                0x00000000c0000a00                toupper
                0x00000000c0000a14                tolower
                0x00000000c0000a28                simple_strtoul
 .text          0x00000000c0000c29      0xfad core/malloc.32
                0x00000000c0000d94                dlfree
                0x00000000c00010ef                dlmalloc
                0x00000000c000162c                dlrealloc
                0x00000000c00017cf                dlmemalign
                0x00000000c00018f2                dlcalloc
                0x00000000c000198c                dlcfree
                0x00000000c0001991                dlindependent_calloc
                0x00000000c00019b6                dlindependent_comalloc
                0x00000000c00019cd                dlvalloc
                0x00000000c00019f8                dlpvalloc
                0x00000000c0001a2e                dlmalloc_trim
                0x00000000c0001a3b                dlmalloc_usable_size
                0x00000000c0001a6c                dlmallinfo
                0x00000000c0001b3b                dlmalloc_stats
                0x00000000c0001b4c                dlmallopt
 .text          0x00000000c0001bd6        0x0 libk/string.32
 .text          0x00000000c0001bd6       0x51 fs/fat/diskio.32
                0x00000000c0001bd6                disk_status
                0x00000000c0001bd9                disk_initialize
                0x00000000c0001bdc                disk_read
                0x00000000c0001bf2                disk_write
                0x00000000c0001c08                disk_ioctl
 .text          0x00000000c0001c27     0x6833 fs/fat/ff.32
                0x00000000c0004ef5                f_mount
                0x00000000c0004f57                f_open
                0x00000000c0005393                f_read
                0x00000000c0005613                f_write
                0x00000000c00058cd                f_sync
                0x00000000c0005aa9                f_close
                0x00000000c0005ad8                f_lseek
                0x00000000c0005f8f                f_opendir
                0x00000000c0006091                f_closedir
                0x00000000c00060b3                f_readdir
                0x00000000c000614e                f_stat
                0x00000000c00061dd                f_getfree
                0x00000000c00063a8                f_truncate
                0x00000000c00064a0                f_unlink
                0x00000000c0006623                f_mkdir
                0x00000000c000684f                f_rename
                0x00000000c0006b42                f_chmod
                0x00000000c0006c20                f_utime
                0x00000000c0006cfe                f_getlabel
                0x00000000c0006eec                f_setlabel
                0x00000000c0007159                f_forward
                0x00000000c0007337                f_mkfs
 .text          0x00000000c000845a       0x2d fs/fat/ffsystem.32
                0x00000000c000845a                ff_memalloc
                0x00000000c0008470                ff_memfree
 .text          0x00000000c0008487      0x253 fs/fat/ffunicode.32
                0x00000000c0008487                ff_uni2oem
                0x00000000c0008517                ff_oem2uni
                0x00000000c0008583                ff_wtoupper
 .text          0x00000000c00086da      0x8fb hal/libresample/samplerate.32
                0x00000000c000871e                src_delete
                0x00000000c000875a                src_process
                0x00000000c0008910                src_callback_read
                0x00000000c0008a8d                src_set_ratio
                0x00000000c0008af7                src_get_channels
                0x00000000c0008b19                src_reset
                0x00000000c0008b65                src_new
                0x00000000c0008bf3                src_callback_new
                0x00000000c0008c55                src_get_name
                0x00000000c0008c8c                src_get_description
                0x00000000c0008cc3                src_get_version
                0x00000000c0008cc9                src_is_valid_ratio
                0x00000000c0008d1d                src_error
                0x00000000c0008d2b                src_strerror
                0x00000000c0008d3e                src_simple
                0x00000000c0008d91                src_short_to_float_array
                0x00000000c0008df6                src_float_to_short_array
                0x00000000c0008eb5                src_int_to_float_array
                0x00000000c0008f18                src_float_to_int_array
 .text          0x00000000c0008fd5      0x8cb hal/libresample/src_linear.32
                0x00000000c00097fb                linear_get_name
                0x00000000c000980a                linear_get_description
                0x00000000c0009819                linear_set_converter
 .text          0x00000000c00098a0     0x447c hal/libresample/src_sinc.32
                0x00000000c000dc33                sinc_get_name
                0x00000000c000dc46                sinc_get_description
                0x00000000c000dc59                sinc_set_converter
 .text          0x00000000c000dd1c      0x77c hal/libresample/src_zoh.32
                0x00000000c000e3f3                zoh_get_name
                0x00000000c000e402                zoh_get_description
                0x00000000c000e411                zoh_set_converter
 .text          0x00000000c000e498       0xa7 compat/inlines.32
                0x00000000c000e498                CPU::current()
                0x00000000c000e4a4                operator new(unsigned long)
                0x00000000c000e4a9                operator delete(void*)
                0x00000000c000e4ae                disableIRQs()
                0x00000000c000e4b6                enableIRQs()
                0x00000000c000e4c5                lockScheduler()
                0x00000000c000e4cd                unlockScheduler()
                0x00000000c000e4dc                lockStuff()
                0x00000000c000e4ea                unlockStuff()
                0x00000000c000e524                Virt::getAKernelVAS()
                0x00000000c000e52a                __not_memcpy
 .text          0x00000000c000e53f      0x111 compat/resolve.32
                0x00000000c000e53f                Krnl::resolveCompatibilitySymbol(char*)
 .text          0x00000000c000e650      0x741 core/computer.32
                0x00000000c000e650                Computer::close(int, int, void*)
                0x00000000c000e694                Krnl::firstTask()
                0x00000000c000e7d6                Computer::Computer()
                0x00000000c000e7d6                Computer::Computer()
                0x00000000c000e932                Computer::setBootMessage(char const*)
                0x00000000c000e934                Computer::detectFeatures()
                0x00000000c000eb3e                Computer::displayFeatures()
                0x00000000c000eb40                Computer::rdmsr(unsigned int)
                0x00000000c000eb6c                Computer::wrmsr(unsigned int, unsigned long long)
                0x00000000c000eba4                Computer::nmiEnabled()
                0x00000000c000ebb0                Computer::readCMOS(unsigned char)
                0x00000000c000ebca                Computer::enableNMI(bool)
                0x00000000c000ebe2                Computer::open(int, int, void*)
                0x00000000c000ecd4                Computer::disableNMI()
                0x00000000c000ece2                Computer::writeCMOS(unsigned char, unsigned char)
                0x00000000c000ed00                Computer::handleNMI()
                0x00000000c000ed66                Computer::setDiskActivityLight(int, bool)
 *fill*         0x00000000c000ed91        0x1 
 .text          0x00000000c000ed92      0x19d core/gdt.32
                0x00000000c000ed92                GDTEntry::setBase(unsigned int)
                0x00000000c000edae                GDTEntry::setLimit(unsigned int)
                0x00000000c000edcc                GDT::GDT()
                0x00000000c000edcc                GDT::GDT()
                0x00000000c000ede2                GDT::addEntry(GDTEntry)
                0x00000000c000ee04                GDT::getNumberOfEntries()
                0x00000000c000ee0c                GDT::flush()
                0x00000000c000ee2e                GDT::setup()
 .text          0x00000000c000ef2f       0x6b core/idle.32
                0x00000000c000ef2f                idleFunction(void*)
 .text          0x00000000c000ef9a      0x45e core/idt.32
                0x00000000c000ef9a                IDTEntry::IDTEntry(bool)
                0x00000000c000ef9a                IDTEntry::IDTEntry(bool)
                0x00000000c000f008                IDTEntry::setOffset(unsigned int)
                0x00000000c000f01c                IDT::IDT()
                0x00000000c000f01c                IDT::IDT()
                0x00000000c000f01e                IDT::getPointerToInvalidOpcodeEntryForF00F()
                0x00000000c000f026                IDT::addEntry(IDTEntry, int)
                0x00000000c000f040                IDT::addEntry(int, void (*)(), bool)
                0x00000000c000f078                IDT::flush()
                0x00000000c000f092                IDT::setup()
 .text          0x00000000c000f3f8      0x1fb core/kheap.32
                0x00000000c000f3f8                sbrk
                0x00000000c000f505                mmap
                0x00000000c000f51b                munmap
                0x00000000c000f531                liballoc_lock()
                0x00000000c000f53e                liballoc_unlock()
                0x00000000c000f552                liballoc_alloc(int)
                0x00000000c000f56a                liballoc_free(void*, int)
                0x00000000c000f585                realloc
                0x00000000c000f599                malloc
                0x00000000c000f5a9                free
                0x00000000c000f5b9                rfree
                0x00000000c000f5c9                calloc
 .text          0x00000000c000f5f3      0x1b6 core/main.32
                0x00000000c000f5f3                Krnl::setBootMessage(char const*)
                0x00000000c000f65f                kernel_main
 .text          0x00000000c000f7a9      0x535 core/physmgr.32
                0x00000000c000f7a9                Phys::allocateDMA(unsigned long)
                0x00000000c000f84c                Phys::freeDMA(unsigned long, unsigned long)
                0x00000000c000f894                Phys::setPageState(unsigned long, bool)
                0x00000000c000f8c6                Phys::getPageState(unsigned long)
                0x00000000c000f8e2                Phys::freePage(unsigned long)
                0x00000000c000f93d                Phys::allocatePage()
                0x00000000c000f9e6                Phys::allocateContiguousPages(int)
                0x00000000c000fa42                Phys::allowSegmentToBeUsed(unsigned long, unsigned long)
                0x00000000c000fa7a                Phys::physicalMemorySetup(unsigned int)
 .text          0x00000000c000fcde      0x273 core/pipe.32
                0x00000000c000fcde                Pipe::isAtty()
                0x00000000c000fce2                Pipe::~Pipe()
                0x00000000c000fce2                Pipe::~Pipe()
                0x00000000c000fd06                Pipe::~Pipe()
                0x00000000c000fd2e                Pipe::read(unsigned long long, void*, int*)
                0x00000000c000fe2a                Pipe::write(unsigned long long, void*, int*)
                0x00000000c000feea                Pipe::Pipe(int)
                0x00000000c000feea                Pipe::Pipe(int)
 *fill*         0x00000000c000ff51        0x1 
 .text          0x00000000c000ff52      0xb91 core/terminal.32
                0x00000000c000ff52                VgaText::isAtty()
                0x00000000c000ff56                VgaText::~VgaText()
                0x00000000c000ff56                VgaText::~VgaText()
                0x00000000c000ff7a                VgaText::~VgaText()
                0x00000000c000ffa4                VgaText::read(unsigned long long, void*, int*)
                0x00000000c000ffc4                setTerminalScrollLock(bool)
                0x00000000c000ffc5                addToTerminalCycle(VgaText*)
                0x00000000c000ffe6                installVgaTextImplementation()
                0x00000000c000fffb                scrollTerminalScrollLock(int)
                0x00000000c000fffc                VgaText::updateTitle()
                0x00000000c001003a                VgaText::load()
                0x00000000c0010088                VgaText::updateCursor()
                0x00000000c001009e                VgaText::doANSI_SGR(int)
                0x00000000c0010112                VgaText::setDefaultBgColour(VgaColour)
                0x00000000c0010122                VgaText::setDefaultFgColour(VgaColour)
                0x00000000c0010132                VgaText::setDefaultColours(VgaColour, VgaColour)
                0x00000000c0010152                VgaText::setTitleTextColour(VgaColour)
                0x00000000c0010162                VgaText::setTitleColour(VgaColour)
                0x00000000c0010172                VgaText::setTitle(char*)
                0x00000000c0010198                VgaText::combineColours(unsigned char, unsigned char)
                0x00000000c00101aa                VgaText::scrollScreen()
                0x00000000c001023e                VgaText::combineCharAndColour(char, unsigned char)
                0x00000000c0010250                VgaText::writeCharacter(char, VgaColour, VgaColour, int, int)
                0x00000000c00102ac                VgaText::getCursorX()
                0x00000000c00102b4                VgaText::getCursorY()
                0x00000000c00102bc                VgaText::setCursor(int, int)
                0x00000000c00102d3                setActiveTerminal(VgaText*)
                0x00000000c0010335                doTerminalCycle()
                0x00000000c0010350                VgaText::setCursorX(int)
                0x00000000c0010368                VgaText::setCursorY(int)
                0x00000000c0010380                VgaText::incrementCursor(bool)
                0x00000000c00103d4                VgaText::decrementCursor(bool)
                0x00000000c00103f6                VgaText::putchar(char, VgaColour, VgaColour)
                0x00000000c00104ce                VgaText::doUpdate()
                0x00000000c00104dc                VgaText::puts(char const*, VgaColour, VgaColour)
                0x00000000c0010654                VgaText::clearScreen()
                0x00000000c00106ae                VgaText::putchar(char)
                0x00000000c001079a                VgaText::putx(unsigned int)
                0x00000000c00107e0                VgaText::puts(char const*)
                0x00000000c0010806                VgaText::VgaText(char const*)
                0x00000000c0010806                VgaText::VgaText(char const*)
                0x00000000c0010982                VgaText::receiveKey(unsigned char)
                0x00000000c0010a6a                VgaText::write(unsigned long long, void*, int*)
                0x00000000c0010abe                newTerminal(char*)
 *fill*         0x00000000c0010ae3        0x1 
 .text          0x00000000c0010ae4      0x19d core/tss.32
                0x00000000c0010ae4                TSS::TSS()
                0x00000000c0010ae4                TSS::TSS()
                0x00000000c0010af2                TSS::setESP(unsigned long)
                0x00000000c0010b04                TSS::flush()
                0x00000000c0010b24                TSS::setup(unsigned long, unsigned long)
 *fill*         0x00000000c0010c81        0x1 
 .text          0x00000000c0010c82      0x4c2 core/unixfile.32
                0x00000000c0010c82                ReservedFilename::read(unsigned long long, void*, int*)
                0x00000000c0010cd8                ReservedFilename::isAtty()
                0x00000000c0010cf4                ReservedFilename::write(unsigned long long, void*, int*)
                0x00000000c0010d52                UnixFile::getFileDescriptor()
                0x00000000c0010d5a                UnixFile::UnixFile(int)
                0x00000000c0010d5a                UnixFile::UnixFile(int)
                0x00000000c0010f0a                ReservedFilename::ReservedFilename(int)
                0x00000000c0010f0a                ReservedFilename::ReservedFilename(int)
                0x00000000c0010f3c                UnixFile::~UnixFile()
                0x00000000c0010f3c                UnixFile::~UnixFile()
                0x00000000c0010fd4                UnixFile::~UnixFile()
                0x00000000c0010ffc                ReservedFilename::~ReservedFilename()
                0x00000000c0010ffc                ReservedFilename::~ReservedFilename()
                0x00000000c0011020                ReservedFilename::~ReservedFilename()
                0x00000000c0011047                getFromFileDescriptor(int)
 .text          0x00000000c0011144     0x12cf core/virtmgr.32
                0x00000000c0011144                Virt::setPageState(unsigned long, Virt::VirtPageState)
                0x00000000c0011179                Virt::getPageState(unsigned long)
                0x00000000c001119d                Virt::allocateKernelVirtualPages(int)
                0x00000000c00112ae                Virt::freeSwapfilePage(unsigned long)
                0x00000000c00112cc                Virt::swapIDToSector(unsigned long)
                0x00000000c00112de                Virt::allocateSwapfilePage()
                0x00000000c001135c                Virt::virtualMemorySetup()
                0x00000000c00113a7                Virt::setupPageSwapping(int)
                0x00000000c001152e                VAS::VAS()
                0x00000000c001152e                VAS::VAS()
                0x00000000c001156a                VAS::VAS(VAS*)
                0x00000000c001156a                VAS::VAS(VAS*)
                0x00000000c0011598                VAS::getForeignPageTableEntry(bool, unsigned long)
                0x00000000c00115c4                VAS::getPageTableEntry(unsigned long)
                0x00000000c00115e3                Virt::freeKernelVirtualPages(unsigned long)
                0x00000000c0011706                VAS::freeAllocatedPages(unsigned long)
                0x00000000c001172a                VAS::virtualToPhysical(unsigned long)
                0x00000000c0011742                VAS::reflagRange(unsigned long, int, int, int)
                0x00000000c0011782                VAS::setToWriteCombining(unsigned long, int)
                0x00000000c00117b4                VAS::mapOtherVASIn(bool, VAS*)
                0x00000000c00117de                VAS::~VAS()
                0x00000000c00117de                VAS::~VAS()
                0x00000000c001195a                VAS::mapPage(unsigned long, unsigned long, int)
                0x00000000c0011a5c                VAS::allocatePages(int, int)
                0x00000000c0011c34                VAS::setCPUSpecific(unsigned long)
                0x00000000c0011c50                VAS::mapRange(unsigned long, unsigned long, int, int)
                0x00000000c0011d16                VAS::mapForeignPage(bool, VAS*, unsigned long, unsigned long, int)
                0x00000000c0011e04                VAS::VAS(bool)
                0x00000000c0011e04                VAS::VAS(bool)
                0x00000000c0012084                VAS::evict(unsigned long)
                0x00000000c0012146                VAS::tryLoadBackOffDisk(unsigned long)
                0x00000000c00122ae                VAS::scanForEviction()
                0x00000000c0012357                mapVASFirstTime
 .text          0x00000000c0012413       0x95 coreobjs/c++.32
                0x00000000c0012413                __cxa_atexit
                0x00000000c0012416                __cxa_finalize
                0x00000000c0012417                __stack_chk_fail
                0x00000000c0012483                __cxa_pure_virtual
                0x00000000c0012494                operator new[](unsigned long)
                0x00000000c0012499                operator delete(void*, unsigned long)
                0x00000000c001249e                operator delete[](void*)
                0x00000000c00124a3                operator delete[](void*, unsigned long)
 .text          0x00000000c00124a8      0x1e7 dbg/kconsole.32
                0x00000000c00124a8                Dbg::stringifyxWithBase(unsigned int, char*, int)
                0x00000000c0012501                Dbg::logc(char)
                0x00000000c0012518                Dbg::logs(char*)
                0x00000000c0012535                Dbg::logWriteInt(unsigned int)
                0x00000000c0012552                Dbg::logWriteIntBase(unsigned int, int)
                0x00000000c0012571                Dbg::kprintf(char const*, ...)
 *fill*         0x00000000c001268f        0x1 
 .text          0x00000000c0012690      0xb82 fs/vfs.32
                0x00000000c0012690                File::read(unsigned long long, void*, int*)
                0x00000000c00126e8                File::write(unsigned long long, void*, int*)
                0x00000000c0012740                Directory::read(unsigned long long, void*, int*)
                0x00000000c0012798                Directory::write(unsigned long long, void*, int*)
                0x00000000c00127c6                File::isAtty()
                0x00000000c00127ca                Directory::isAtty()
                0x00000000c00127ce                Filesystem::getlabel(LogicalDisk*, int, char*, unsigned int*)
                0x00000000c00127d4                Filesystem::setlabel(LogicalDisk*, int, char*)
                0x00000000c00127da                Filesystem::getFileFirstSector(char const*)
                0x00000000c00127e0                File::~File()
                0x00000000c00127e0                File::~File()
                0x00000000c0012804                File::~File()
                0x00000000c001282e                Directory::~Directory()
                0x00000000c001282e                Directory::~Directory()
                0x00000000c0012852                Directory::~Directory()
                0x00000000c001287c                Filesystem::Filesystem()
                0x00000000c001287c                Filesystem::Filesystem()
                0x00000000c00128a0                Filesystem::~Filesystem()
                0x00000000c00128a0                Filesystem::~Filesystem()
                0x00000000c00128ae                Filesystem::~Filesystem()
                0x00000000c00128d2                Fs::getcwd(Process*, char*, int)
                0x00000000c00128fc                Fs::initVFS()
                0x00000000c0012926                Fs::standardiseFiles(char*, char const*, char const*)
                0x00000000c0012ad0                File::File(char const*, Process*)
                0x00000000c0012ad0                File::File(char const*, Process*)
                0x00000000c0012b34                File::open(FileOpenMode)
                0x00000000c0012b92                File::close()
                0x00000000c0012bf2                File::seek(unsigned long long)
                0x00000000c0012c48                File::tell(unsigned long long*)
                0x00000000c0012c98                File::rewind()
                0x00000000c0012cac                File::unlink()
                0x00000000c0012cf8                File::rename(char const*)
                0x00000000c0012d46                File::chfatattr(unsigned char, unsigned char)
                0x00000000c0012da2                File::exists()
                0x00000000c0012de0                File::stat(unsigned long long*, bool*)
                0x00000000c0012e41                Fs::setcwd(Process*, char*)
                0x00000000c0012f7c                Directory::Directory(char const*, Process*)
                0x00000000c0012f7c                Directory::Directory(char const*, Process*)
                0x00000000c0012fe0                Directory::open()
                0x00000000c001303c                Directory::close()
                0x00000000c001309c                Directory::unlink()
                0x00000000c00130e8                Directory::rename(char const*)
                0x00000000c0013136                Directory::exists()
                0x00000000c0013174                Directory::read(dirent*)
                0x00000000c00131c0                Directory::create()
                0x00000000c001320c                Filesystem::chfatattr(char const*, unsigned char, unsigned char)
 .text          0x00000000c0013212       0x84 hal/bus.32
                0x00000000c0013212                Bus::Bus(char const*)
                0x00000000c0013212                Bus::Bus(char const*)
                0x00000000c0013248                Bus::~Bus()
                0x00000000c0013248                Bus::~Bus()
                0x00000000c001326c                Bus::~Bus()
 .text          0x00000000c0013296      0x156 hal/buzzer.32
                0x00000000c0013296                Buzzer::Buzzer(char const*)
                0x00000000c0013296                Buzzer::Buzzer(char const*)
                0x00000000c00132da                Buzzer::~Buzzer()
                0x00000000c00132da                Buzzer::~Buzzer()
                0x00000000c00132fe                Buzzer::~Buzzer()
                0x00000000c0013328                Buzzer::stop()
                0x00000000c001333b                beepThread(void*)
                0x00000000c001337e                Buzzer::beep(int, int, bool)
 .text          0x00000000c00133ec      0x467 hal/clock.32
                0x00000000c00133ec                User::loadClockSettings(int)
                0x00000000c001343e                Clock::Clock(char const*)
                0x00000000c001343e                Clock::Clock(char const*)
                0x00000000c0013474                Clock::~Clock()
                0x00000000c0013474                Clock::~Clock()
                0x00000000c0013498                Clock::~Clock()
                0x00000000c00134c2                Clock::timeInSecondsLocal()
                0x00000000c001350a                Clock::setTimeInSecondsLocal(unsigned long long)
                0x00000000c0013563                datetimeToSeconds(datetime_t)
                0x00000000c001368a                Clock::setTimeInDatetimeLocal(datetime_t)
                0x00000000c00136ea                secondsToDatetime(unsigned long long)
                0x00000000c001382e                Clock::timeInDatetimeLocal()
 *fill*         0x00000000c0013853        0x1 
 .text          0x00000000c0013854      0x504 hal/device.32
                0x00000000c0013854                Device::hibernate()
                0x00000000c0013856                Device::wake()
                0x00000000c0013858                Device::detect()
                0x00000000c001385a                Device::disableLegacy()
                0x00000000c001385c                Device::powerSaving(PowerSavingLevel)
                0x00000000c001385e                DriverlessDevice::close(int, int, void*)
                0x00000000c0013862                DriverlessDevice::detect()
                0x00000000c0013864                DriverlessDevice::open(int, int, void*)
                0x00000000c0013878                Device::~Device()
                0x00000000c0013878                Device::~Device()
                0x00000000c0013886                Device::~Device()
                0x00000000c00138ae                Device::findAndLoadDriver()
                0x00000000c00138bc                Device::preOpenPCI(PCIDeviceInfo)
                0x00000000c00138e2                Device::preOpenACPI(void*, char*, char*)
                0x00000000c0013922                Device::addIRQHandler(int, void (*)(regs*, void*), bool, void*)
                0x00000000c0013960                Device::getParent()
                0x00000000c001396c                Device::removeIRQHandler(int, void (*)(regs*, void*), bool)
                0x00000000c00139aa                Device::addChild(Device*)
                0x00000000c00139ee                Device::removeAllChildren()
                0x00000000c0013a34                Device::hibernateAll()
                0x00000000c0013a64                Device::wakeAll()
                0x00000000c0013a94                Device::detectAll()
                0x00000000c0013ac4                Device::disableLegacyAll()
                0x00000000c0013af4                Device::loadDriversForAll()
                0x00000000c0013b34                Device::closeAll()
                0x00000000c0013b6a                Device::powerSavingAll(PowerSavingLevel)
                0x00000000c0013ba0                Device::setName(char const*)
                0x00000000c0013bae                Device::Device(char const*)
                0x00000000c0013bae                Device::Device(char const*)
                0x00000000c0013caa                Device::getName()
                0x00000000c0013cb4                DriverlessDevice::DriverlessDevice(char const*)
                0x00000000c0013cb4                DriverlessDevice::DriverlessDevice(char const*)
                0x00000000c0013cea                Device::addToLinkedList(LinkedList<Device>&, DeviceType)
                0x00000000c0013d2e                getDevicesOfType(DeviceType)
 .text          0x00000000c0013d58       0x84 hal/diskctrl.32
                0x00000000c0013d58                HardDiskController::HardDiskController(char const*)
                0x00000000c0013d58                HardDiskController::HardDiskController(char const*)
                0x00000000c0013d8e                HardDiskController::~HardDiskController()
                0x00000000c0013d8e                HardDiskController::~HardDiskController()
                0x00000000c0013db2                HardDiskController::~HardDiskController()
 .text          0x00000000c0013ddc       0xe2 hal/diskphys.32
                0x00000000c0013ddc                PhysicalDisk::eject()
                0x00000000c0013de0                PhysicalDisk::PhysicalDisk(char const*, int)
                0x00000000c0013de0                PhysicalDisk::PhysicalDisk(char const*, int)
                0x00000000c0013e48                PhysicalDisk::startCache()
                0x00000000c0013e70                PhysicalDisk::~PhysicalDisk()
                0x00000000c0013e70                PhysicalDisk::~PhysicalDisk()
                0x00000000c0013e94                PhysicalDisk::~PhysicalDisk()
 .text          0x00000000c0013ebe      0x13b hal/fpu.32
                0x00000000c0013ebe                FPU::FPU(char const*)
                0x00000000c0013ebe                FPU::FPU(char const*)
                0x00000000c0013ef4                FPU::~FPU()
                0x00000000c0013ef4                FPU::~FPU()
                0x00000000c0013f18                FPU::~FPU()
                0x00000000c0013f42                setupFPU()
 *fill*         0x00000000c0013ff9        0x1 
 .text          0x00000000c0013ffa     0x1435 hal/intctrl.32
                0x00000000c0013ffa                InterruptController::uninstallISRHandler(int, void (*)(regs*, void*))
                0x00000000c0014032                InterruptController::installISRHandler(int, void (*)(regs*, void*), void*)
                0x00000000c0014084                doubleFault(regs*, void*)
                0x00000000c001409e                InterruptController::installIRQHandler(int, void (*)(regs*, void*), bool, void*)
                0x00000000c001413a                InterruptController::clearAllHandlers(int, bool)
                0x00000000c00141e2                InterruptController::uninstallIRQHandler(int, void (*)(regs*, void*), bool)
                0x00000000c0014269                nmiHandler(regs*, void*)
                0x00000000c0014277                int_handler
                0x00000000c0014318                InterruptController::InterruptController(char const*)
                0x00000000c0014318                InterruptController::InterruptController(char const*)
                0x00000000c00143be                InterruptController::~InterruptController()
                0x00000000c00143be                InterruptController::~InterruptController()
                0x00000000c00143e2                InterruptController::~InterruptController()
                0x00000000c001440c                displayDebugInfo(regs*)
                0x00000000c001489b                x87EmulHandler(regs*, void*)
                0x00000000c001490e                gpFault(regs*, void*)
                0x00000000c0014947                pgFault(regs*, void*)
                0x00000000c001498f                otherISRHandler(regs*, void*)
                0x00000000c00149ae                opcodeFault(regs*, void*)
                0x00000000c0014fcb                displayProgramFault(char const*)
                0x00000000c0014ff3                setupInterruptController()
                0x00000000c00153e2                InterruptController::convertLegacyIRQNumber(int)
 *fill*         0x00000000c001542f        0x1 
 .text          0x00000000c0015430      0x784 hal/keybrd.32
                0x00000000c0015430                startGUI(void*)
                0x00000000c001549c                startGUIVESA(void*)
                0x00000000c0015508                sendKeyToTerminal(unsigned char)
                0x00000000c00155c6                sendKeyboardToken(KeyboardToken)
                0x00000000c0015a03                clearInternalKeybuffer(VgaText*)
                0x00000000c0015a38                readKeyboard(VgaText*, char*, unsigned long)
                0x00000000c0015b2a                Keyboard::Keyboard(char const*)
                0x00000000c0015b2a                Keyboard::Keyboard(char const*)
                0x00000000c0015b66                Keyboard::~Keyboard()
                0x00000000c0015b66                Keyboard::~Keyboard()
                0x00000000c0015b8a                Keyboard::~Keyboard()
 .text          0x00000000c0015bb4      0x3ea hal/logidisk.32
                0x00000000c0015bb4                LogicalDisk::close(int, int, void*)
                0x00000000c0015bb8                LogicalDisk::~LogicalDisk()
                0x00000000c0015bb8                LogicalDisk::~LogicalDisk()
                0x00000000c0015bdc                LogicalDisk::~LogicalDisk()
                0x00000000c0015c06                LogicalDisk::open(int, int, void*)
                0x00000000c0015c1a                LogicalDisk::absoluteToRelative(unsigned long long)
                0x00000000c0015c52                LogicalDisk::relativeToAbsolute(unsigned long long)
                0x00000000c0015c98                LogicalDisk::LogicalDisk(char const*, PhysicalDisk*, unsigned long long, unsigned long long)
                0x00000000c0015c98                LogicalDisk::LogicalDisk(char const*, PhysicalDisk*, unsigned long long, unsigned long long)
                0x00000000c0015d4e                LogicalDisk::assignDriveLetter()
                0x00000000c0015e04                LogicalDisk::mount()
                0x00000000c0015e4c                LogicalDisk::unmount()
                0x00000000c0015e5c                LogicalDisk::eject()
                0x00000000c0015e70                LogicalDisk::unassignDriveLetter()
                0x00000000c0015ec6                LogicalDisk::read(unsigned long long, int, void*)
                0x00000000c0015f32                LogicalDisk::write(unsigned long long, int, void*)
 .text          0x00000000c0015f9e       0x84 hal/mouse.32
                0x00000000c0015f9e                Mouse::Mouse(char const*)
                0x00000000c0015f9e                Mouse::Mouse(char const*)
                0x00000000c0015fd4                Mouse::~Mouse()
                0x00000000c0015fd4                Mouse::~Mouse()
                0x00000000c0015ff8                Mouse::~Mouse()
 .text          0x00000000c0016022      0x339 hal/partition.32
                0x00000000c0016022                makePartition(PhysicalDisk*, unsigned long long, unsigned long long)
                0x00000000c00160ca                createPartitionsForDisk(PhysicalDisk*)
 *fill*         0x00000000c001635b        0x1 
 .text          0x00000000c001635c       0x84 hal/serial.32
                0x00000000c001635c                Serial::Serial(char const*)
                0x00000000c001635c                Serial::Serial(char const*)
                0x00000000c0016392                Serial::~Serial()
                0x00000000c0016392                Serial::~Serial()
                0x00000000c00163b6                Serial::~Serial()
 .text          0x00000000c00163e0      0x2f3 hal/timer.32
                0x00000000c00163e0                Timer::Timer(char const*)
                0x00000000c00163e0                Timer::Timer(char const*)
                0x00000000c0016416                Timer::~Timer()
                0x00000000c0016416                Timer::~Timer()
                0x00000000c001643a                Timer::~Timer()
                0x00000000c0016464                Timer::read()
                0x00000000c001646f                timerHandler(unsigned long long)
                0x00000000c00165e1                setupTimer(int)
 *fill*         0x00000000c00166d3        0x1 
 .text          0x00000000c00166d4      0x409 hal/vcache.32
                0x00000000c00166d4                VCache::VCache(PhysicalDisk*)
                0x00000000c00166d4                VCache::VCache(PhysicalDisk*)
                0x00000000c001683c                VCache::invalidateReadBuffer()
                0x00000000c001684c                VCache::writeWriteBuffer()
                0x00000000c0016888                VCache::~VCache()
                0x00000000c0016888                VCache::~VCache()
                0x00000000c00168dc                VCache::~VCache()
                0x00000000c0016904                VCache::write(unsigned long long, int, void*)
                0x00000000c00169ee                VCache::read(unsigned long long, int, void*)
 *fill*         0x00000000c0016add        0x1 
 .text          0x00000000c0016ade      0x4b3 hal/video.32
                0x00000000c0016ade                Video::putrect(int, int, int, int, unsigned int)
                0x00000000c0016b2a                Video::bitblit(int, int, int, int, int, int, int, unsigned int*)
                0x00000000c0016b9a                Video::blit(unsigned int*, int, int, int, int)
                0x00000000c0016c18                Video::clearScreen(unsigned int)
                0x00000000c0016c4c                Video::putpixel(int, int, unsigned int)
                0x00000000c0016c5a                Video::Video(char const*)
                0x00000000c0016c5a                Video::Video(char const*)
                0x00000000c0016c90                Video::~Video()
                0x00000000c0016c90                Video::~Video()
                0x00000000c0016cb4                Video::~Video()
                0x00000000c0016cde                Video::isMonochrome()
                0x00000000c0016cea                Video::getWidth()
                0x00000000c0016cf6                Video::getHeight()
                0x00000000c0016d02                Video::drawCursor(int, int, unsigned char*, int)
                0x00000000c0016dbe                Video::tgaParse(unsigned char*, int, int*, int*)
                0x00000000c0016f26                Video::putTGA(int, int, unsigned char*, int)
 *fill*         0x00000000c0016f91        0x1 
 .text          0x00000000c0016f92     0x11c9 hw/acpi.32
                0x00000000c0016f92                ACPI::close(int, int, void*)
                0x00000000c0017037                findRSDP()
                0x00000000c00170c1                loadACPITables(unsigned char*)
                0x00000000c0017318                findRSDT(unsigned char*)
                0x00000000c0017462                findDataTable(unsigned char*, char*)
                0x00000000c00174d4                scanMADT()
                0x00000000c0017942                ACPI::ACPI()
                0x00000000c0017942                ACPI::ACPI()
                0x00000000c0017996                ACPI::getPCIIRQAssignment(unsigned char, unsigned short, unsigned char)
                0x00000000c0017a78                ACPI::registerPCIIRQAssignment(void*, unsigned short, unsigned char, unsigned char)
                0x00000000c0017b3e                ACPI::setScreenBrightnessLevel(void*, int)
                0x00000000c0017b44                ACPI::detectPCI()
                0x00000000c0017d46                ACPI::writeSimpleBootFlag(SimpleBootFlagTable*)
                0x00000000c0017d8e                ACPI::sleep()
                0x00000000c0017da6                ACPI::open(int, int, void*)
 *fill*         0x00000000c001815b        0x1 
 .text          0x00000000c001815c     0x1495 hw/cpu.32
                0x00000000c001815c                CPU::close(int, int, void*)
                0x00000000c0018160                CPU::lookupAMDName(unsigned char, unsigned char)
                0x00000000c00182f4                CPU::lookupIntelName(unsigned char, unsigned char)
                0x00000000c00185a2                CPU::AMD_K6_write_msr(unsigned int, unsigned int, unsigned int, CPU::REGS*)
                0x00000000c00185be                CPU::AMD_K6_read_msr(unsigned int, CPU::REGS*)
                0x00000000c00185d6                CPU::AMD_K6_writeback(int, int, int)
                0x00000000c001864a                CPU::cpuid(int, unsigned long*, unsigned long*, unsigned long*, unsigned long*)
                0x00000000c00186ce                CPU::cpuidCheckEDX(unsigned int)
                0x00000000c00186fc                CPU::cpuidCheckECX(unsigned int)
                0x00000000c001872a                CPU::cpuidCheckExtendedEBX(unsigned int)
                0x00000000c0018758                CPU::cpuidCheckExtendedECX(unsigned int)
                0x00000000c0018786                CPU::CPU()
                0x00000000c0018786                CPU::CPU()
                0x00000000c0018814                CPU::displayFeatures()
                0x00000000c0018816                CPU::detectFeatures()
                0x00000000c0019208                CPU::setupSMEP()
                0x00000000c0019214                CPU::setupUMIP()
                0x00000000c001921e                CPU::setupTSC()
                0x00000000c0019228                CPU::setupLargePages()
                0x00000000c0019232                CPU::setupPAT()
                0x00000000c001926e                CPU::setupMTRR()
                0x00000000c0019270                CPU::setupGlobalPages()
                0x00000000c001927a                CPU::allowUsermodeDataAccess()
                0x00000000c001928c                CPU::prohibitUsermodeDataAccess()
                0x00000000c001929e                CPU::setupSMAP()
                0x00000000c00192ac                CPU::setupFeatures()
                0x00000000c001932c                CPU::open(int, int, void*)
                0x00000000c00193f6                CPU::decodeAddress(regs*, int*, bool*, unsigned char*)
 .text          0x00000000c00195f1        0x0 hw/ports.32
 .text          0x00000000c00195f1      0x16a hw/smp.32
                0x00000000c00195f1                Krnl::smpEntry()
                0x00000000c00195f3                Krnl::startCPU(int)
                0x00000000c001973c                Krnl::startCPUs()
 *fill*         0x00000000c001975b        0x1 
 .text          0x00000000c001975c      0x581 krnl/env.32
                0x00000000c001975c                EnvVarContainer::getEnv(char const*)
                0x00000000c001979a                EnvVarContainer::setEnv(char const*, char const*)
                0x00000000c001985c                EnvVarContainer::deleteEnv(char const*)
                0x00000000c001985e                EnvVarContainer::loadFrom(char const*, char const*)
                0x00000000c0019a44                EnvVarContainer::__loadSystem()
                0x00000000c0019a5e                EnvVarContainer::__loadUser()
                0x00000000c0019a60                EnvVarContainer::EnvVarContainer(Process*)
                0x00000000c0019a60                EnvVarContainer::EnvVarContainer(Process*)
                0x00000000c0019a82                EnvVarContainer::~EnvVarContainer()
                0x00000000c0019a82                EnvVarContainer::~EnvVarContainer()
                0x00000000c0019ab2                Krnl::getEnv(Process*, char const*)
                0x00000000c0019b17                Krnl::setEnvSystem(char const*, char const*)
                0x00000000c0019b31                Krnl::setEnvUser(char const*, char const*)
                0x00000000c0019b50                Krnl::setEnvProcess(Process*, char const*, char const*)
                0x00000000c0019b63                Krnl::deleteEnvSystem(char const*)
                0x00000000c0019b64                Krnl::deleteEnvUser(char const*)
                0x00000000c0019b65                Krnl::deleteEnvProcess(Process*, char const*)
                0x00000000c0019b66                Krnl::newProcessEnv(Process*)
                0x00000000c0019b88                Krnl::copyProcessEnv(Process*, Process*)
                0x00000000c0019bd4                Krnl::loadSystemEnv()
                0x00000000c0019c02                Krnl::loadUserEnv()
                0x00000000c0019c28                Krnl::flushEnv()
                0x00000000c0019c29                Krnl::getProcessTotalEnvCount(Process*)
                0x00000000c0019c49                Krnl::getProcessEnvPair(Process*, int)
 .text          0x00000000c0019cdd      0x39c krnl/panic.32
                0x00000000c0019cdd                Krnl::panic(char const*)
 .text          0x00000000c001a079      0x57f net/ethernet.32
                0x00000000c001a079                Net::switchEndian16(unsigned short)
                0x00000000c001a09a                Net::switchEndian32(unsigned int)
                0x00000000c001a0c9                Net::crc32Calc(unsigned char*, int)
                0x00000000c001a15a                Net::wrapEthernetFrame(Net::UnwrappedEthernetFrame, unsigned char*)
                0x00000000c001a36d                Net::unwrapEthernetFrame(unsigned char*, int)
 .text          0x00000000c001a5f8      0x50e reg/registry.32
                0x00000000c001a5f8                Reg::findLineFromLoadedData(char*, char*, char*)
                0x00000000c001a750                Reg::getLineFromRegistry(char*, char*, char*, char*)
                0x00000000c001a8a5                Reg::getLine(char*, char*, char*)
                0x00000000c001a8dc                Reg::readInt(char*, char*, int*)
                0x00000000c001a9c7                Reg::readString(char*, char*, char*, int)
                0x00000000c001aa48                Reg::readBool(char*, char*, bool*)
                0x00000000c001aa6d                Reg::readBoolWithDefault(char*, char*, bool)
                0x00000000c001aa99                Reg::readIntWithDefault(char*, char*, int)
                0x00000000c001aac5                Reg::readStringWithDefault(char*, char*, char*, int, char*)
 .text          0x00000000c001ab06       0x36 sys/sc_eject.32
                0x00000000c001ab06                Sys::eject(regs*)
 .text          0x00000000c001ab3c       0x18 sys/sc_exit.32
                0x00000000c001ab3c                Sys::exit(regs*)
 .text          0x00000000c001ab54       0x1f sys/sc_getcwd.32
                0x00000000c001ab54                Sys::getCwd(regs*)
 .text          0x00000000c001ab73        0xc sys/sc_getpid.32
                0x00000000c001ab73                Sys::getPID(regs*)
 .text          0x00000000c001ab7f       0x17 sys/sc_getramdata.32
                0x00000000c001ab7f                Sys::getRAMData(regs*)
 .text          0x00000000c001ab96       0x84 sys/sc_getvgaptr.32
                0x00000000c001ab96                Sys::getVGAPtr(regs*)
 .text          0x00000000c001ac1a       0xa8 sys/sc_loaddll.32
                0x00000000c001ac1a                Sys::loadDLL(regs*)
 .text          0x00000000c001acc2       0x68 sys/sc_read.32
                0x00000000c001acc2                Sys::read(regs*)
 .text          0x00000000c001ad2a       0x55 sys/sc_sbrk.32
                0x00000000c001ad2a                Sys::sbrk(regs*)
 .text          0x00000000c001ad7f       0x1c sys/sc_setcwd.32
                0x00000000c001ad7f                Sys::setCwd(regs*)
 .text          0x00000000c001ad9b       0x95 sys/sc_settime.32
                0x00000000c001ad9b                Sys::setTime(regs*)
 .text          0x00000000c001ae30       0x4a sys/sc_timezone.32
                0x00000000c001ae30                Sys::timezone(regs*)
 .text          0x00000000c001ae7a       0x68 sys/sc_write.32
                0x00000000c001ae7a                Sys::write(regs*)
 .text          0x00000000c001aee2       0x62 sys/sc_wsbe.32
                0x00000000c001aee2                Sys::wsbe(regs*)
 .text          0x00000000c001af44       0x46 sys/sc_yield.32
                0x00000000c001af44                Sys::yield(regs*)
 .text          0x00000000c001af8a      0xf84 sys/syscalls.32
                0x00000000c001af8a                sysCallSeekDir(regs*)
                0x00000000c001af8f                sysCallTellDir(regs*)
                0x00000000c001af94                sysCallVerify(regs*)
                0x00000000c001af9e                sysCallGetArgc(regs*)
                0x00000000c001afae                sysFormatDisk(regs*)
                0x00000000c001b018                sysSetDiskVolumeLabel(regs*)
                0x00000000c001b05e                sysGetDiskVolumeLabel(regs*)
                0x00000000c001b0af                sysShutdown(regs*)
                0x00000000c001b10d                sysCallRealpath(regs*)
                0x00000000c001b150                sysCallReadDir(regs*)
                0x00000000c001b1cf                sysCallIsATTY(regs*)
                0x00000000c001b229                sysCallSeek(regs*)
                0x00000000c001b280                sysCallTell(regs*)
                0x00000000c001b2ec                sysCallSize(regs*)
                0x00000000c001b35e                sysCallSizeFromFilename(regs*)
                0x00000000c001b40d                sysCallClose(regs*)
                0x00000000c001b46d                sysCallOpenDir(regs*)
                0x00000000c001b4e2                sysCallCloseDir(regs*)
                0x00000000c001b536                sysCallMakeDir(regs*)
                0x00000000c001b5a6                sysCallWait(regs*)
                0x00000000c001b5c0                sysCallNotImpl(regs*)
                0x00000000c001b5db                sysPanic(regs*)
                0x00000000c001b5f5                sysCallRmdir(regs*)
                0x00000000c001b659                sysCallUnlink(regs*)
                0x00000000c001b6bd                sysCallGetArgv(regs*)
                0x00000000c001b709                sysCallTTYName(regs*)
                0x00000000c001b78c                sysCallUSleep(regs*)
                0x00000000c001b7b3                sysCallSpawn(regs*)
                0x00000000c001b81b                sysCallGetEnv(regs*)
                0x00000000c001b8c8                sysAppSettings(regs*)
                0x00000000c001b9dc                sysSetFatAttrib(regs*)
                0x00000000c001ba4e                sysPipe(regs*)
                0x00000000c001ba93                sysGetUnixTime(regs*)
                0x00000000c001baa7                string_ends_with(char const*, char const*)
                0x00000000c001baef                sysCallOpen(regs*)
                0x00000000c001bcd7                Sys::loadSyscalls()
                0x00000000c001becc                Sys::systemCall(regs*, void*)
 .text          0x00000000c001bf0e     0x11fd thr/elf.32
                0x00000000c001bf0e                Thr::allocateMemoryForTask(Process*, File*, unsigned long, unsigned long, unsigned long)
                0x00000000c001c1b8                Thr::loadProgramIntoMemory(Process*, char const*)
                0x00000000c001c3ce                Thr::runtimeReferenceHelper()
                0x00000000c001c3e1                Thr::getAddressOfKernelSymbol(char const*)
                0x00000000c001c430                Thr::loadKernelSymbolTable(char const*)
                0x00000000c001c6ee                Thr::loadDriverIntoMemory(char const*, unsigned long, bool)
                0x00000000c001ce24                Thr::getDriverBaseFromAddress(unsigned long)
                0x00000000c001ce56                Thr::getDriverNameFromAddress(unsigned long)
                0x00000000c001ce8d                Thr::getDriverOffsetFromAddress(unsigned long)
                0x00000000c001cea7                Thr::loadDLL(char const*, bool)
                0x00000000c001d0d2                Thr::executeDLL(unsigned long, void*)
 *fill*         0x00000000c001d10b        0x1 
 .text          0x00000000c001d10c     0x11ef thr/prcssthr.32
                0x00000000c001d10c                userModeEntryPoint(void*)
                0x00000000c001d132                changeTSS
                0x00000000c001d162                switchToThread(ThreadControlBlock*)
                0x00000000c001d20c                Process::addArgs(char**)
                0x00000000c001d266                Process::Process(char const*, Process*, char**)
                0x00000000c001d266                Process::Process(char const*, Process*, char**)
                0x00000000c001d44a                Process::Process(bool, char const*, Process*, char**)
                0x00000000c001d44a                Process::Process(bool, char const*, Process*, char**)
                0x00000000c001d5f9                taskStartupFunction
                0x00000000c001d602                Semaphore::Semaphore(int)
                0x00000000c001d602                Semaphore::Semaphore(int)
                0x00000000c001d630                Mutex::Mutex()
                0x00000000c001d630                Mutex::Mutex()
                0x00000000c001d642                Process::createThread(void (*)(void*), void*, int)
                0x00000000c001d748                Process::createUserThread()
                0x00000000c001d764                setupMultitasking(void (*)())
                0x00000000c001d867                schedule()
                0x00000000c001d8ec                Semaphore::tryAcquire()
                0x00000000c001d9a8                Semaphore::assertLocked(char const*)
                0x00000000c001da17                blockTaskWithSchedulerLockAlreadyHeld(TaskState)
                0x00000000c001da3d                blockTask(TaskState)
                0x00000000c001da6a                waitTask(int, int*, int)
                0x00000000c001daac                nanoSleepUntil(unsigned long long)
                0x00000000c001db41                nanoSleep(unsigned long long)
                0x00000000c001db59                sleep(unsigned long long)
                0x00000000c001db76                Semaphore::acquire()
                0x00000000c001dc18                taskReturned
                0x00000000c001dc53                Thr::processFromPID(int)
                0x00000000c001dcea                unblockTask(ThreadControlBlock*)
                0x00000000c001dd7f                cleanupTerminatedTask(ThreadControlBlock*)
                0x00000000c001e026                cleanerTaskFunction(void*)
                0x00000000c001e107                terminateTask(int)
                0x00000000c001e1c6                Thr::terminateFromIRQ(int)
                0x00000000c001e1d2                Semaphore::release()
 .text          0x00000000c001e2fb      0xada vm86/vm8086.32
                0x00000000c001e2fb                Vm::inbv(unsigned short)
                0x00000000c001e30e                Vm::outbv(unsigned short, unsigned char)
                0x00000000c001e344                Vm::realToLinear(unsigned short, unsigned short)
                0x00000000c001e354                Vm::getSegment(unsigned int)
                0x00000000c001e35c                Vm::getOffset(unsigned int)
                0x00000000c001e361                Vm::mainloop2()
                0x00000000c001e39b                Vm::mainVm8086Loop(void*)
                0x00000000c001e3ab                Vm::mainloop3(unsigned long)
                0x00000000c001e3d1                Vm::initialise8086()
                0x00000000c001e414                Vm::finish8086()
                0x00000000c001e475                Vm::getOutput8086(unsigned char*)
                0x00000000c001e49a                Vm::start8086(char const*, unsigned short, unsigned short, unsigned short, unsigned short)
                0x00000000c001e602                Vm::doISR(regs*, int, unsigned char*, unsigned short, unsigned short)
                0x00000000c001e68c                Vm::readByteFromReal(unsigned short, unsigned short)
                0x00000000c001e69d                Vm::readWordFromReal(unsigned short, unsigned short)
                0x00000000c001e6af                Vm::readDwordFromReal(unsigned short, unsigned short)
                0x00000000c001e6c0                Vm::writeByteFromReal(unsigned short, unsigned short, unsigned char)
                0x00000000c001e6d5                Vm::writeWordFromReal(unsigned short, unsigned short, unsigned short)
                0x00000000c001e6eb                Vm::writeDwordFromReal(unsigned short, unsigned short, unsigned int)
                0x00000000c001e700                Vm::faultHandler(regs*)
 .text          0x00000000c001edd5      0xefd vm86/x87em.32
                0x00000000c001edd5                Vm::fpuInternalTo32(unsigned long long)
                0x00000000c001ee30                Vm::fpuInternalTo64(unsigned long long)
                0x00000000c001ee39                Vm::fpu32ToInternal(unsigned int)
                0x00000000c001ee7e                Vm::fpu64ToInternal(unsigned long long)
                0x00000000c001ee87                Vm::fpuFloatToLong(unsigned long long)
                0x00000000c001eee2                Vm::fpuULongToFloat(unsigned long long)
                0x00000000c001ef18                Vm::fpuLongToFloat(long long)
                0x00000000c001ef6e                Vm::fpuGet0()
                0x00000000c001ef73                Vm::fpuGet1()
                0x00000000c001ef7b                Vm::fpuGetPi()
                0x00000000c001ef83                Vm::fpuGetLog2E()
                0x00000000c001ef9b                Vm::fpuGetLogE2()
                0x00000000c001efb3                Vm::fpuGetLog210()
                0x00000000c001efcb                Vm::fpuGetLog102()
                0x00000000c001efe3                Vm::fpuIsSecondLarger(unsigned long long, unsigned long long)
                0x00000000c001eff7                Vm::fpuAreEqual(unsigned long long, unsigned long long)
                0x00000000c001f00d                Vm::fpuUnorderedCompare(unsigned long long, unsigned long long)
                0x00000000c001f060                Vm::fpuAdd(unsigned long long, unsigned long long)
                0x00000000c001f071                Vm::fpuAbs(unsigned long long)
                0x00000000c001f07a                Vm::fpuChs(unsigned long long)
                0x00000000c001f08a                Vm::fpuSub(unsigned long long, unsigned long long)
                0x00000000c001f099                Vm::fpuMultiply(unsigned long long, unsigned long long)
                0x00000000c001f0b8                Vm::fpuDivide(unsigned long long, unsigned long long)
                0x00000000c001f0d4                Vm::fpuSquare(unsigned long long)
                0x00000000c001f0ea                Vm::fpuGetReg(int)
                0x00000000c001f12d                Vm::fpuSetReg(int, unsigned long long)
                0x00000000c001f178                Vm::fpuPush(unsigned long long)
                0x00000000c001f1d5                Vm::fpuPop()
                0x00000000c001f227                Vm::x87Handler(regs*)
 .text          0x00000000c001fcd2     0x11c1 fs/fat/vfslink.32
                0x00000000c001fcd2                FAT::getName()
                0x00000000c001fcd8                FAT::tell(void*, unsigned long long*)
                0x00000000c001fd0c                FAT::stat(void*, unsigned long long*)
                0x00000000c001fd40                FAT::~FAT()
                0x00000000c001fd40                FAT::~FAT()
                0x00000000c001fd64                FAT::~FAT()
                0x00000000c001fd8c                FAT::getlabel(LogicalDisk*, int, char*, unsigned int*)
                0x00000000c001fe2a                FAT::setlabel(LogicalDisk*, int, char*)
                0x00000000c001fee4                FAT::format(LogicalDisk*, int, char const*, int)
                0x00000000c00200a2                FAT::tryMount(LogicalDisk*, int)
                0x00000000c00202a8                FAT::getFileFirstSector(char const*)
                0x00000000c002034e                FAT::readDir(void*, unsigned long, void*, int*)
                0x00000000c00204a8                FAT::read(void*, unsigned long, void*, int*)
                0x00000000c0020502                FAT::write(void*, unsigned long, void*, int*)
                0x00000000c002055c                FAT::close(void*)
                0x00000000c00205a8                FAT::closeDir(void*)
                0x00000000c00205f4                FAT::seek(void*, unsigned long long)
                0x00000000c0020648                fatWrapperReadDisk
                0x00000000c002068f                fatWrapperWriteDisk
                0x00000000c00206d6                fatWrapperIoctl
                0x00000000c00207da                FAT::FAT()
                0x00000000c00207da                FAT::FAT()
                0x00000000c002082c                FAT::fixFilepath(char*)
                0x00000000c0020864                FAT::open(char const*, void**, FileOpenMode)
                0x00000000c002098c                FAT::openDir(char const*, void**)
                0x00000000c0020a32                FAT::stat(char const*, unsigned long long*, bool*)
                0x00000000c0020b1c                FAT::unlink(char const*)
                0x00000000c0020b96                FAT::chfatattr(char const*, unsigned char, unsigned char)
                0x00000000c0020cea                FAT::rename(char const*, char const*)
                0x00000000c0020dae                FAT::mkdir(char const*)
                0x00000000c0020e28                FAT::exists(char const*)
 *fill*         0x00000000c0020e93        0x1 
 .text          0x00000000c0020e94      0xb75 fs/iso9660/vfslink.32
                0x00000000c0020e94                ISO9660::format(LogicalDisk*, int, char const*, int)
                0x00000000c0020e9a                ISO9660::seek(void*, unsigned long long)
                0x00000000c0020eca                ISO9660::tell(void*, unsigned long long*)
                0x00000000c0020eee                ISO9660::getName()
                0x00000000c0020ef4                ISO9660::stat(void*, unsigned long long*)
                0x00000000c0020f18                ISO9660::chfatattr(char const*, unsigned char, unsigned char)
                0x00000000c0020f1e                ISO9660::unlink(char const*)
                0x00000000c0020f24                ISO9660::write(void*, unsigned long, void*, int*)
                0x00000000c0020f2a                ISO9660::rename(char const*, char const*)
                0x00000000c0020f30                ISO9660::mkdir(char const*)
                0x00000000c0020f36                ISO9660::close(void*)
                0x00000000c0020f58                ISO9660::closeDir(void*)
                0x00000000c0020f7a                ISO9660::~ISO9660()
                0x00000000c0020f7a                ISO9660::~ISO9660()
                0x00000000c0020f9e                ISO9660::~ISO9660()
                0x00000000c0020fc5                __memmem(unsigned char*, int, unsigned char*, int)
                0x00000000c0021007                readSectorFromCDROM(unsigned int, unsigned char*, char)
                0x00000000c0021062                ISO9660::tryMount(LogicalDisk*, int)
                0x00000000c00210b2                ISO9660::read(void*, unsigned long, void*, int*)
                0x00000000c00212b6                ISO9660::readDir(void*, unsigned long, void*, int*)
                0x00000000c0021530                readRoot(unsigned int*, unsigned int*, char)
                0x00000000c0021584                readRecursively(char*, unsigned int, unsigned int, unsigned int*, unsigned int*, char, int*)
                0x00000000c0021757                getFileData(char*, unsigned int*, unsigned int*, char, int*)
                0x00000000c00217e6                ISO9660::open(char const*, void**, FileOpenMode)
                0x00000000c0021894                ISO9660::exists(char const*)
                0x00000000c00218b8                ISO9660::stat(char const*, unsigned long long*, bool*)
                0x00000000c002194c                ISO9660::openDir(char const*, void**)
                0x00000000c00219e6                ISO9660::ISO9660()
                0x00000000c00219e6                ISO9660::ISO9660()
 *fill*         0x00000000c0021a09        0x1 
 .text          0x00000000c0021a0a      0x396 hal/sound/sndchannel.32
                0x00000000c0021a0a                SoundChannel::SoundChannel(int, int, int, int)
                0x00000000c0021a0a                SoundChannel::SoundChannel(int, int, int, int)
                0x00000000c0021b34                SoundChannel::~SoundChannel()
                0x00000000c0021b34                SoundChannel::~SoundChannel()
                0x00000000c0021b50                SoundChannel::getSampleRate()
                0x00000000c0021b58                SoundChannel::getBits()
                0x00000000c0021b60                SoundChannel::getBufferUsed()
                0x00000000c0021b68                SoundChannel::getBufferSize()
                0x00000000c0021b70                SoundChannel::unbuffer(float*, int, int)
                0x00000000c0021c04                SoundChannel::buffer16(short*, int)
                0x00000000c0021d00                SoundChannel::buffer8(unsigned char*, int)
 .text          0x00000000c0021da0      0x43e hal/sound/sndhw.32
                0x00000000c0021da0                SoundDevice::SoundDevice(char const*)
                0x00000000c0021da0                SoundDevice::SoundDevice(char const*)
                0x00000000c0021e0c                SoundDevice::~SoundDevice()
                0x00000000c0021e0c                SoundDevice::~SoundDevice()
                0x00000000c0021e86                SoundDevice::~SoundDevice()
                0x00000000c0021eb0                SoundDevice::getFreeChannelNum()
                0x00000000c0021eca                SoundDevice::addChannel(SoundChannel*)
                0x00000000c0021f3a                SoundDevice::removeChannel(int)
                0x00000000c0021f6c                SoundDevice::floatTo16(float*, short*, int)
                0x00000000c002205a                SoundDevice::floatTo8(float*, unsigned char*, int)
                0x00000000c0022142                SoundDevice::getAudio(int, float*, float*)
 .text          0x00000000c00221de        0x0 hw/bus/isa.32
 .text          0x00000000c00221de      0xb87 hw/bus/pci.32
                0x00000000c00221de                PCI::open(int, int, void*)
                0x00000000c00221fc                PCI::close(int, int, void*)
                0x00000000c0022200                PCI::PCI()
                0x00000000c0022200                PCI::PCI()
                0x00000000c0022296                PCI::readBAR8(unsigned int, int)
                0x00000000c00222b2                PCI::readBAR16(unsigned int, int)
                0x00000000c00222d0                PCI::readBAR32(unsigned int, int)
                0x00000000c00222ec                PCI::writeBAR8(unsigned int, unsigned char, int)
                0x00000000c002230c                PCI::writeBAR16(unsigned int, unsigned short, int)
                0x00000000c002232e                PCI::writeBAR32(unsigned int, unsigned int, int)
                0x00000000c002234e                PCI::legacyMechanism(unsigned char, unsigned char, unsigned char, unsigned char)
                0x00000000c00223bc                PCI::pciReadWord(unsigned char, unsigned char, unsigned char, unsigned char)
                0x00000000c0022464                PCI::getVendorID(unsigned char, unsigned char, unsigned char)
                0x00000000c0022488                PCI::getHeaderType(unsigned char, unsigned char, unsigned char)
                0x00000000c00224b0                PCI::getClassCode(unsigned char, unsigned char, unsigned char)
                0x00000000c00224fa                PCI::getProgIF(unsigned char, unsigned char, unsigned char)
                0x00000000c0022522                PCI::getRevisionID(unsigned char, unsigned char, unsigned char)
                0x00000000c0022546                PCI::getInterruptNumber(unsigned char, unsigned char, unsigned char)
                0x00000000c002256a                PCI::getSecondaryBus(unsigned char, unsigned char, unsigned char)
                0x00000000c0022592                PCI::getBARAddress(unsigned char, unsigned char, unsigned char, unsigned char)
                0x00000000c00225f6                PCI::pciWriteWord(unsigned char, unsigned char, unsigned char, unsigned char, unsigned short)
                0x00000000c00226de                PCI::pciDetailsToFilepath(PCIDeviceInfo, char*)
                0x00000000c0022958                PCI::checkBus(unsigned char)
                0x00000000c002297c                PCI::foundDevice(PCIDeviceInfo)
                0x00000000c0022aee                PCI::getDeviceData(unsigned char, unsigned char, unsigned char)
                0x00000000c0022ca6                PCI::checkDevice(unsigned char, unsigned char)
                0x00000000c0022d12                PCI::detect()
 *fill*         0x00000000c0022d65        0x1 
 .text          0x00000000c0022d66      0xb54 hw/diskctrl/ide.32
                0x00000000c0022d66                IDE::close(int, int, void*)
                0x00000000c0022d6a                IDE::IDE()
                0x00000000c0022d6a                IDE::IDE()
                0x00000000c0022d9e                IDE::prepareInterrupt(unsigned char)
                0x00000000c0022db0                selectDrive(unsigned char, unsigned char)
                0x00000000c0022db2                IDE::getBase(unsigned char)
                0x00000000c0022dc4                IDE::write(unsigned char, unsigned char, unsigned char)
                0x00000000c0022e84                IDE::read(unsigned char, unsigned char)
                0x00000000c0022f32                IDE::waitInterrupt(unsigned char)
                0x00000000c0022f98                ideChannel0IRQHandler(regs*, void*)
                0x00000000c0022fb4                ideChannel1IRQHandler(regs*, void*)
                0x00000000c0022fd0                IDE::enableIRQs(unsigned char, bool)
                0x00000000c0023016                IDE::open(int, int, void*)
                0x00000000c0023424                IDE::readBuffer(unsigned char, unsigned char, unsigned int, unsigned int)
                0x00000000c00234f0                IDE::detect()
                0x00000000c00237b6                IDE::printError(unsigned char, unsigned char, unsigned char)
                0x00000000c0023866                IDE::polling(unsigned char, unsigned int)
 .text          0x00000000c00238ba      0x336 hw/diskctrl/satabus.32
                0x00000000c00238ba                SATABus::close(int, int, void*)
                0x00000000c00238be                SATABus::detect()
                0x00000000c00238c0                SATABus::SATABus()
                0x00000000c00238c0                SATABus::SATABus()
                0x00000000c0023946                SATABus::findCmdslot(SATABus::tagHBA_PORT volatile*)
                0x00000000c002398e                SATABus::checkType(SATABus::tagHBA_PORT volatile*)
                0x00000000c00239d6                SATABus::startCmd(SATABus::tagHBA_PORT volatile*)
                0x00000000c00239f6                SATABus::stopCmd(SATABus::tagHBA_PORT volatile*)
                0x00000000c0023a20                SATABus::portRebase(SATABus::tagHBA_PORT volatile*, int)
                0x00000000c0023b26                SATABus::probePort(SATABus::tagHBA_MEM volatile*)
                0x00000000c0023bd0                SATABus::open(int, int, void*)
 .text          0x00000000c0023bf0      0x604 hw/diskphys/ata.32
                0x00000000c0023bf0                ATA::close(int, int, void*)
                0x00000000c0023c14                ATA::powerSaving(PowerSavingLevel)
                0x00000000c0023c16                ATA::ATA()
                0x00000000c0023c16                ATA::ATA()
                0x00000000c0023c44                ATA::flush(bool)
                0x00000000c0023c8e                ATA::readyForCommand()
                0x00000000c0023cde                ATA::access(unsigned long long, int, void*, bool)
                0x00000000c0024066                ATA::read(unsigned long long, int, void*)
                0x00000000c00240b2                ATA::write(unsigned long long, int, void*)
                0x00000000c00240fe                ATA::detectCHS()
                0x00000000c0024128                ATA::open(int, int, void*)
 .text          0x00000000c00241f4      0x5bd hw/diskphys/atapi.32
                0x00000000c00241f4                ATAPI::write(unsigned long long, int, void*)
                0x00000000c00241fa                ATAPI::close(int, int, void*)
                0x00000000c002421e                ATAPI::ATAPI()
                0x00000000c002421e                ATAPI::ATAPI()
                0x00000000c002424c                ATAPI::readyForCommand()
                0x00000000c002429c                ATAPI::sendPacket(unsigned char*, int, bool, unsigned short*, int)
                0x00000000c002455c                ATAPI::diskRemoved()
                0x00000000c0024578                ATAPI::eject()
                0x00000000c00245c0                ATAPI::diskInserted()
                0x00000000c00245ee                ATAPI::detectMedia()
                0x00000000c00246aa                ATAPI::open(int, int, void*)
                0x00000000c0024732                ATAPI::read(unsigned long long, int, void*)
 *fill*         0x00000000c00247b1        0x1 
 .text          0x00000000c00247b2      0x41c hw/diskphys/sata.32
                0x00000000c00247b2                SATA::close(int, int, void*)
                0x00000000c00247d6                SATA::powerSaving(PowerSavingLevel)
                0x00000000c00247d8                SATA::open(int, int, void*)
                0x00000000c0024882                SATA::SATA()
                0x00000000c0024882                SATA::SATA()
                0x00000000c00248b0                SATA::access(unsigned long long, int, void*, bool)
                0x00000000c0024b16                SATA::read(unsigned long long, int, void*)
                0x00000000c0024b62                SATA::write(unsigned long long, int, void*)
 .text          0x00000000c0024bce      0x4fe hw/diskphys/satapi.32
                0x00000000c0024bce                SATAPI::write(unsigned long long, int, void*)
                0x00000000c0024bd4                SATAPI::close(int, int, void*)
                0x00000000c0024bf8                SATAPI::SATAPI()
                0x00000000c0024bf8                SATAPI::SATAPI()
                0x00000000c0024c26                SATAPI::diskRemoved()
                0x00000000c0024c42                SATAPI::diskInserted()
                0x00000000c0024c70                SATAPI::sendPacket(unsigned char*, int, unsigned long long, unsigned short*, int)
                0x00000000c0024e78                SATAPI::eject()
                0x00000000c0024ec0                SATAPI::detectMedia()
                0x00000000c0024f82                SATAPI::open(int, int, void*)
                0x00000000c002502a                SATAPI::read(unsigned long long, int, void*)
 .text          0x00000000c00250cc       0x8e hw/fpu/avx.32
                0x00000000c00250cc                AVX::open(int, int, void*)
                0x00000000c00250de                AVX::close(int, int, void*)
                0x00000000c00250f0                AVX::available()
                0x00000000c0025102                AVX::save(void*)
                0x00000000c002511a                AVX::load(void*)
                0x00000000c0025132                AVX::AVX()
                0x00000000c0025132                AVX::AVX()
 .text          0x00000000c002515a       0x90 hw/fpu/mmx.32
                0x00000000c002515a                MMX::available()
                0x00000000c002516e                MMX::open(int, int, void*)
                0x00000000c0025180                MMX::close(int, int, void*)
                0x00000000c0025192                MMX::save(void*)
                0x00000000c00251aa                MMX::load(void*)
                0x00000000c00251c2                MMX::MMX()
                0x00000000c00251c2                MMX::MMX()
 .text          0x00000000c00251ea       0x96 hw/fpu/sse.32
                0x00000000c00251ea                SSE::open(int, int, void*)
                0x00000000c00251fc                SSE::close(int, int, void*)
                0x00000000c002520e                SSE::available()
                0x00000000c0025228                SSE::save(void*)
                0x00000000c0025240                SSE::load(void*)
                0x00000000c0025258                SSE::SSE()
                0x00000000c0025258                SSE::SSE()
 .text          0x00000000c0025280       0x8e hw/fpu/x87.32
                0x00000000c0025280                x87::open(int, int, void*)
                0x00000000c0025292                x87::close(int, int, void*)
                0x00000000c00252a4                x87::available()
                0x00000000c00252b6                x87::save(void*)
                0x00000000c00252ce                x87::load(void*)
                0x00000000c00252e6                x87::x87()
                0x00000000c00252e6                x87::x87()
 .text          0x00000000c002530e      0x71e hw/intctrl/apic.32
                0x00000000c002530e                APIC::disable()
                0x00000000c0025310                APIC::close(int, int, void*)
                0x00000000c0025332                IOAPIC::close(int, int, void*)
                0x00000000c0025338                APIC::io_wait()
                0x00000000c002533e                APIC::getBase()
                0x00000000c0025380                APIC::eoi(unsigned char)
                0x00000000c00253ae                APIC::open(int, int, void*)
                0x00000000c00254fc                IOAPIC::IOAPIC()
                0x00000000c00254fc                IOAPIC::IOAPIC()
                0x00000000c0025524                APIC::APIC()
                0x00000000c0025524                APIC::APIC()
                0x00000000c0025600                IOAPIC::handlesGSIWithNumber(unsigned int)
                0x00000000c0025632                IOAPIC::read(int)
                0x00000000c002565a                IOAPIC::open(int, int, void*)
                0x00000000c0025750                IOAPIC::write(int, int)
                0x00000000c002577c                IOAPIC::redirect(unsigned char, unsigned long long, unsigned char, bool, bool)
                0x00000000c0025876                APIC::installIRQHandler(int, void (*)(regs*, void*), bool, void*)
 .text          0x00000000c0025a2c      0x3d3 hw/intctrl/pic.32
                0x00000000c0025a2c                PIC::disable()
                0x00000000c0025a5a                PIC::close(int, int, void*)
                0x00000000c0025a7c                PIC::PIC()
                0x00000000c0025a7c                PIC::PIC()
                0x00000000c0025b52                PIC::ioWait()
                0x00000000c0025b58                PIC::getIRQReg(int)
                0x00000000c0025bc2                PIC::eoi(unsigned char)
                0x00000000c0025c54                PIC::remap()
                0x00000000c0025dc0                PIC::open(int, int, void*)
 *fill*         0x00000000c0025dff        0x1 
 .text          0x00000000c0025e00      0x25e hw/timer/apictimer.32
                0x00000000c0025e00                APICTimer::close(int, int, void*)
                0x00000000c0025e06                apicTimerHandler(regs*, void*)
                0x00000000c0025e34                APICTimer::write(int)
                0x00000000c0025f38                APICTimer::open(int, int, void*)
                0x00000000c0026036                APICTimer::APICTimer()
                0x00000000c0026036                APICTimer::APICTimer()
 .text          0x00000000c002605e      0x1a7 hw/timer/pit.32
                0x00000000c002605e                PIT::write(int)
                0x00000000c00260dc                pitHandler(regs*, void*)
                0x00000000c0026108                PIT::open(int, int, void*)
                0x00000000c0026156                PIT::close(int, int, void*)
                0x00000000c0026186                PIT::PIT()
                0x00000000c0026186                PIT::PIT()
 *fill*         0x00000000c0026205        0xb 
 .text          0x00000000c0026210       0x1e hw/fpu/x86/avx.32
                0x00000000c0026210                avxDetect
                0x00000000c0026216                avxSave
                0x00000000c0026217                avxLoad
                0x00000000c0026218                avxInit
                0x00000000c0026219                avxClose
                0x00000000c002621a                wouldSheSayYes
 *fill*         0x00000000c002622e        0x2 
 .text          0x00000000c0026230       0x35 hw/fpu/x86/sse.32
                0x00000000c0026230                absolutelyNoChanceInHell
                0x00000000c0026230                sseDetect
                0x00000000c0026248                sseSave
                0x00000000c002624e                sseLoad
                0x00000000c0026254                sseInit
                0x00000000c0026264                sseClose
 *fill*         0x00000000c0026265        0xb 
 .text          0x00000000c0026270       0x4d hw/fpu/x86/x87.32
                0x00000000c0026276                x87Detect
                0x00000000c0026291                x87Save
                0x00000000c002629a                x87Load
                0x00000000c00262a2                x87Init
                0x00000000c00262bc                x87Close
 *fill*         0x00000000c00262bd        0x3 
 .text          0x00000000c00262c0       0x25 /cygdrive/d/Users/Alex/Desktop/Toolchain/Output/bin/../lib/gcc/i386-banana/8.1.0/crtend.o
 .text          0x00000000c00262e5        0x0 crtn.32
 *fill*         0x00000000c00262e5        0x3 
 .text          0x00000000c00262e8      0x14b /cygdrive/d/Users/Alex/Desktop/Toolchain/Output/bin/../lib/gcc/i386-banana/8.1.0/libkgcc.a(_divdi3.o)
                0x00000000c00262e8                __divdi3
 *fill*         0x00000000c0026433        0x1 
 .text          0x00000000c0026434      0x17e /cygdrive/d/Users/Alex/Desktop/Toolchain/Output/bin/../lib/gcc/i386-banana/8.1.0/libkgcc.a(_moddi3.o)
                0x00000000c0026434                __moddi3
 *fill*         0x00000000c00265b2        0x2 
 .text          0x00000000c00265b4       0xff /cygdrive/d/Users/Alex/Desktop/Toolchain/Output/bin/../lib/gcc/i386-banana/8.1.0/libkgcc.a(_udivdi3.o)
                0x00000000c00265b4                __udivdi3
 *fill*         0x00000000c00266b3        0x1 
 .text          0x00000000c00266b4      0x11a /cygdrive/d/Users/Alex/Desktop/Toolchain/Output/bin/../lib/gcc/i386-banana/8.1.0/libkgcc.a(_umoddi3.o)
                0x00000000c00266b4                __umoddi3
 .text          0x00000000c00267ce      0x96d D:/Users/Alex/Desktop/Banana/kernel/libsoftfp.a(sfieeelib.o)
                0x00000000c00267ce                __addsf3
                0x00000000c0026ad0                __subsf3
                0x00000000c0026ae4                __negsf2
                0x00000000c0026af1                __mulsf3
                0x00000000c0026cb4                __divsf3
                0x00000000c0026edf                __floatsisf
                0x00000000c0026f53                __floatunsisf
                0x00000000c0026f95                __fixsfsi
                0x00000000c0026ff7                __fixunssfsi
                0x00000000c0027028                __cmpsf2
                0x00000000c00270bd                __eqsf2
                0x00000000c00270f8                __nesf2
                0x00000000c00270fa                __gtsf2
                0x00000000c0027135                __gesf2
                0x00000000c0027137                __ltsf2
                0x00000000c0027139                __lesf2
 .text          0x00000000c002713b      0xf50 D:/Users/Alex/Desktop/Banana/kernel/libsoftfp.a(dfieeelib.o)
                0x00000000c002713b                __adddf3
                0x00000000c002778c                __subdf3