Archive member included to satisfy reference by file (symbol)

/cygdrive/d/Users/Alex/Desktop/Toolchain/Output/bin/../lib/gcc/i386-banana/8.1.0/libkgcc.a(_divdi3.o)
                              krnl/resolve.32 (__divdi3)
/cygdrive/d/Users/Alex/Desktop/Toolchain/Output/bin/../lib/gcc/i386-banana/8.1.0/libkgcc.a(_moddi3.o)
                              krnl/resolve.32 (__moddi3)
/cygdrive/d/Users/Alex/Desktop/Toolchain/Output/bin/../lib/gcc/i386-banana/8.1.0/libkgcc.a(_udivdi3.o)
                              hal/clock.32 (__udivdi3)
/cygdrive/d/Users/Alex/Desktop/Toolchain/Output/bin/../lib/gcc/i386-banana/8.1.0/libkgcc.a(_umoddi3.o)
                              core/pipe.32 (__umoddi3)

Allocating common symbols
Common symbol       size              file

dcache              0x40              fs/iso9660/iso9660.32
cdDriveLetter       0x1               fs/iso9660/iso9660.32
icache              0x40              fs/iso9660/iso9660.32

Discarded input sections

 .comment       0x0000000000000000       0x12 /cygdrive/d/Users/Alex/Desktop/Toolchain/Output/bin/../lib/gcc/i386-banana/8.1.0/crtbegin.o
 .comment       0x0000000000000000       0x12 acpica/utclib.32
 .comment       0x0000000000000000       0x12 core/malloc.32
 .comment       0x0000000000000000       0x12 libk/ctype.32
 .comment       0x0000000000000000       0x12 libk/string.32
 .comment       0x0000000000000000       0x12 fs/fat/diskio.32
 .comment       0x0000000000000000       0x12 fs/fat/ff.32
 .comment       0x0000000000000000       0x12 fs/fat/ffsystem.32
 .comment       0x0000000000000000       0x12 fs/fat/ffunicode.32
 .comment       0x0000000000000000       0x12 fs/iso9660/iso9660.32
 .group         0x0000000000000000       0x14 core/computer.32
 .group         0x0000000000000000        0xc core/computer.32
 .comment       0x0000000000000000       0x12 core/computer.32
 .comment       0x0000000000000000       0x12 core/gdt.32
 .group         0x0000000000000000        0xc core/idle.32
 .comment       0x0000000000000000       0x12 core/idle.32
 .comment       0x0000000000000000       0x12 core/idt.32
 .comment       0x0000000000000000       0x12 core/kheap.32
 .comment       0x0000000000000000       0x12 core/main.32
 .comment       0x0000000000000000       0x12 core/physmgr.32
 .group         0x0000000000000000        0xc core/pipe.32
 .comment       0x0000000000000000       0x12 core/pipe.32
 .group         0x0000000000000000        0xc core/terminal.32
 .comment       0x0000000000000000       0x12 core/terminal.32
 .comment       0x0000000000000000       0x12 core/tss.32
 .group         0x0000000000000000        0x8 core/unixfile.32
 .group         0x0000000000000000        0x8 core/unixfile.32
 .group         0x0000000000000000        0xc core/unixfile.32
 .group         0x0000000000000000        0x8 core/unixfile.32
 .group         0x0000000000000000        0xc core/unixfile.32
 .group         0x0000000000000000        0x8 core/unixfile.32
 .group         0x0000000000000000        0xc core/unixfile.32
 .group         0x0000000000000000        0xc core/unixfile.32
 .comment       0x0000000000000000       0x12 core/unixfile.32
 .comment       0x0000000000000000       0x12 core/virtmgr.32
 .comment       0x0000000000000000       0x12 coreobjs/c++.32
 .comment       0x0000000000000000       0x12 dbg/kconsole.32
 .group         0x0000000000000000        0xc fs/vfs.32
 .group         0x0000000000000000        0xc fs/vfs.32
 .group         0x0000000000000000        0xc fs/vfs.32
 .comment       0x0000000000000000       0x12 fs/vfs.32
 .group         0x0000000000000000        0xc hal/bus.32
 .comment       0x0000000000000000       0x12 hal/bus.32
 .comment       0x0000000000000000       0x12 hal/buzzer.32
 .group         0x0000000000000000        0xc hal/clock.32
 .comment       0x0000000000000000       0x12 hal/clock.32
 .group         0x0000000000000000       0x14 hal/device.32
 .group         0x0000000000000000        0xc hal/device.32
 .group         0x0000000000000000        0x8 hal/device.32
 .group         0x0000000000000000        0xc hal/device.32
 .group         0x0000000000000000        0xc hal/device.32
 .comment       0x0000000000000000       0x12 hal/device.32
 .group         0x0000000000000000        0xc hal/diskctrl.32
 .comment       0x0000000000000000       0x12 hal/diskctrl.32
 .group         0x0000000000000000        0xc hal/diskphys.32
 .comment       0x0000000000000000       0x12 hal/diskphys.32
 .comment       0x0000000000000000       0x12 hal/fpu.32
 .comment       0x0000000000000000       0x12 hal/intctrl.32
 .group         0x0000000000000000        0xc hal/keybrd.32
 .comment       0x0000000000000000       0x12 hal/keybrd.32
 .group         0x0000000000000000        0xc hal/logidisk.32
 .comment       0x0000000000000000       0x12 hal/logidisk.32
 .group         0x0000000000000000        0xc hal/mouse.32
 .comment       0x0000000000000000       0x12 hal/mouse.32
 .group         0x0000000000000000        0xc hal/nic.32
[...]
Memory Configuration

Name             Origin             Length             Attributes
*default*        0x0000000000000000 0xffffffffffffffff

Linker script and memory map

LOAD D:/Users/Alex/Desktop/Banana/kernel/boot.32
LOAD crti.32
LOAD /cygdrive/d/Users/Alex/Desktop/Toolchain/Output/bin/../lib/gcc/i386-banana/8.1.0/crtbegin.o
LOAD D:/Users/Alex/Desktop/Banana/kernel/morenasm.32
LOAD acpica/utclib.32
LOAD core/malloc.32
LOAD libk/ctype.32
LOAD libk/string.32
LOAD fs/fat/diskio.32
LOAD fs/fat/ff.32
LOAD fs/fat/ffsystem.32
LOAD fs/fat/ffunicode.32
LOAD fs/iso9660/iso9660.32
LOAD core/computer.32
LOAD core/gdt.32
LOAD core/idle.32
LOAD core/idt.32
LOAD core/kheap.32
LOAD core/main.32
LOAD core/physmgr.32
LOAD core/pipe.32
LOAD core/terminal.32
LOAD core/tss.32
LOAD core/unixfile.32
LOAD core/virtmgr.32
LOAD coreobjs/c++.32
LOAD dbg/kconsole.32
LOAD fs/vfs.32
LOAD hal/bus.32
LOAD hal/buzzer.32
LOAD hal/clock.32
LOAD hal/device.32
LOAD hal/diskctrl.32
LOAD hal/diskphys.32
LOAD hal/fpu.32
LOAD hal/intctrl.32
LOAD hal/keybrd.32
LOAD hal/logidisk.32
LOAD hal/mouse.32
LOAD hal/nic.32
LOAD hal/partition.32
LOAD hal/serial.32
LOAD hal/timer.32
LOAD hal/vcache.32
LOAD hal/video.32
LOAD hw/acpi.32
LOAD hw/cpu.32
LOAD krnl/bootmsg.32
LOAD krnl/env.32
LOAD krnl/inlines.32
LOAD krnl/panic.32
LOAD krnl/powctrl.32
LOAD krnl/resolve.32
LOAD krnl/signal.32
LOAD krnl/syscalls.32
LOAD net/ethernet.32
LOAD reg/cm.32
LOAD reg/registry.32
LOAD sys/eject.32
LOAD sys/exit.32
LOAD sys/getcwd.32
LOAD sys/getpid.32
LOAD sys/getramdata.32
LOAD sys/getvgaptr.32
LOAD sys/loaddll.32
LOAD sys/read.32
LOAD sys/registersignal.32
LOAD sys/sbrk.32
LOAD sys/setcwd.32
LOAD sys/settime.32
LOAD sys/timezone.32
LOAD sys/write.32
LOAD sys/wsbe.32
LOAD sys/yield.32
LOAD thr/elf.32
LOAD thr/prcssthr.32
LOAD vm86/vm8086.32
LOAD arch/i386/hal.32
LOAD arch/i386/pic.32
LOAD arch/i386/rtc.32
LOAD arch/i386/vga.32
LOAD fs/fat/vfslink.32
LOAD fs/iso9660/helper.32
LOAD fs/iso9660/vfslink.32
LOAD hal/sound/sndcard.32
LOAD hal/sound/sndport.32
LOAD hw/bus/isa.32
LOAD hw/bus/pci.32
LOAD hw/diskctrl/ide.32
LOAD hw/diskctrl/satabus.32
LOAD hw/diskphys/ata.32
LOAD hw/diskphys/atapi.32
LOAD hw/diskphys/sata.32
LOAD hw/diskphys/satapi.32
LOAD hw/intctrl/apic.32
LOAD hw/timer/apictimer.32
LOAD hw/timer/pit.32
LOAD arch/i386/avx.32
LOAD arch/i386/interrupt.32
LOAD arch/i386/rdrand.32
LOAD arch/i386/sse.32
LOAD arch/i386/x87.32
LOAD /cygdrive/d/Users/Alex/Desktop/Toolchain/Output/bin/../lib/gcc/i386-banana/8.1.0/crtend.o
LOAD crtn.32
LOAD /cygdrive/d/Users/Alex/Desktop/Toolchain/Output/bin/../lib/gcc/i386-banana/8.1.0/libkgcc.a
LOAD D:/Users/Alex/Desktop/Banana/kernel/libsoftfp.a
LOAD D:/Users/Alex/Desktop/Banana/kernel/libk/libm32.a
                0x00000000c0000000                . = 0xc0000000

.text           0x00000000c0000000    0x1dcca
 *(.text)
 .text          0x00000000c0000000       0x20 D:/Users/Alex/Desktop/Banana/kernel/boot.32
 .text          0x00000000c0000020        0x0 crti.32
 .text          0x00000000c0000020      0x101 /cygdrive/d/Users/Alex/Desktop/Toolchain/Output/bin/../lib/gcc/i386-banana/8.1.0/crtbegin.o
 *fill*         0x00000000c0000121        0xf 
 .text          0x00000000c0000130      0x24f D:/Users/Alex/Desktop/Banana/kernel/morenasm.32
                0x00000000c0000130                manualPCIProbe
                0x00000000c000017b                prepareTramp
                0x00000000c0000194                doTPAUSE
                0x00000000c000019e                hasLegacyFPU
                0x00000000c00001c3                is486
                0x00000000c00001f9                detectCPUID
                0x00000000c000020f                goToVM86
                0x00000000c000023f                goToUsermode
                0x00000000c0000269                switchToThreadASMFirstTime
                0x00000000c0000277                switchToThreadASM
                0x00000000c00002fc                asmQuickAcquireLock
                0x00000000c000031a                asmQuickReleaseLock
                0x00000000c0000326                asmAcquireLock
                0x00000000c0000347                asmReleaseLock
                0x00000000c000035a                loadGDT
                0x00000000c000037a                memcpy
 *fill*         0x00000000c000037f        0x1 
 .text          0x00000000c0000380      0x79e acpica/utclib.32
                0x00000000c0000380                memcmp
                0x00000000c00003d0                memmove
                0x00000000c00004c0                memset
                0x00000000c0000530                strlen
                0x00000000c0000560                strpbrk
                0x00000000c00005a0                strtok
                0x00000000c00005f0                strcpy
                0x00000000c0000620                strncpy
                0x00000000c00006d0                strcmp
                0x00000000c0000720                strchr
                0x00000000c0000750                strncmp
                0x00000000c00007b0                strcat
                0x00000000c00007e0                strncat
                0x00000000c0000840                strstr
                0x00000000c00008a0                toupper
                0x00000000c00008c0                tolower
                0x00000000c00008e0                simple_strtoul
 .text          0x00000000c0000b1e      0xfad core/malloc.32
                0x00000000c0000c89                dlfree
                0x00000000c0000fe4                dlmalloc
                0x00000000c0001521                dlrealloc
                0x00000000c00016c4                dlmemalign
                0x00000000c00017e7                dlcalloc
                0x00000000c0001881                dlcfree
                0x00000000c0001886                dlindependent_calloc
                0x00000000c00018ab                dlindependent_comalloc
                0x00000000c00018c2                dlvalloc
                0x00000000c00018ed                dlpvalloc
                0x00000000c0001923                dlmalloc_trim
                0x00000000c0001930                dlmalloc_usable_size
                0x00000000c0001961                dlmallinfo
                0x00000000c0001a30                dlmalloc_stats
                0x00000000c0001a41                dlmallopt
 *fill*         0x00000000c0001acb        0x1 
 .text          0x00000000c0001acc      0x1f2 libk/ctype.32
                0x00000000c0001acc                isblank
                0x00000000c0001aec                iscntrl
                0x00000000c0001b0c                isdigit
                0x00000000c0001b28                islower
                0x00000000c0001b44                isspace
                0x00000000c0001b6c                isupper
                0x00000000c0001b88                isalpha
                0x00000000c0001bb8                isalnum
                0x00000000c0001be8                ispunct
                0x00000000c0001c28                isgraph
                0x00000000c0001c58                isprint
                0x00000000c0001c80                isxdigit
 .text          0x00000000c0001cbe        0x0 libk/string.32
 .text          0x00000000c0001cbe       0x51 fs/fat/diskio.32
                0x00000000c0001cbe                disk_status
                0x00000000c0001cc1                disk_initialize
                0x00000000c0001cc4                disk_read
                0x00000000c0001cda                disk_write
                0x00000000c0001cf0                disk_ioctl
 .text          0x00000000c0001d0f     0x3d4b fs/fat/ff.32
                0x00000000c0003aab                f_mount
                0x00000000c0003b0d                f_open
                0x00000000c0003dd8                f_read
                0x00000000c0003fd7                f_write
                0x00000000c000420b                f_sync
                0x00000000c00042c0                f_close
                0x00000000c00042ef                f_lseek
                0x00000000c0004496                f_opendir
                0x00000000c0004561                f_closedir
                0x00000000c0004583                f_readdir
                0x00000000c0004615                f_stat
                0x00000000c0004694                f_getfree
                0x00000000c0004796                f_truncate
                0x00000000c000487a                f_unlink
                0x00000000c000499c                f_mkdir
                0x00000000c0004b37                f_rename
                0x00000000c0004ced                f_chmod
                0x00000000c0004d96                f_utime
                0x00000000c0004e44                f_getlabel
                0x00000000c0004f95                f_setlabel
                0x00000000c0005125                f_expand
                0x00000000c0005285                f_mkfs
 *fill*         0x00000000c0005a5a        0x2 
 .text          0x00000000c0005a5c       0x2f fs/fat/ffsystem.32
                0x00000000c0005a5c                ff_memalloc
                0x00000000c0005a74                ff_memfree
 *fill*         0x00000000c0005a8b        0x1 
 .text          0x00000000c0005a8c      0x2a8 fs/fat/ffunicode.32
                0x00000000c0005a8c                ff_uni2oem
                0x00000000c0005b2c                ff_oem2uni
                0x00000000c0005ba4                ff_wtoupper
 .text          0x00000000c0005d34      0xd2f fs/iso9660/iso9660.32
                0x00000000c0005f79                isoReadDiscSector
                0x00000000c0006014                strnicmp
                0x00000000c00062c7                stricmp
                0x00000000c0006313                iso_open
                0x00000000c000639d                iso_close
                0x00000000c00063bb                iso_read
                0x00000000c00064d1                iso_seek
                0x00000000c0006555                iso_tell
                0x00000000c0006586                iso_total
                0x00000000c00065b1                fn_postprocess
                0x00000000c00065d7                iso_readdir
                0x00000000c000682e                iso_reset
                0x00000000c000684b                init_percd
                0x00000000c0006945                iso_ioctl
                0x00000000c000695d                fs_iso9660_init
                0x00000000c00069f3                fs_iso9660_shutdown
 *fill*         0x00000000c0006a63        0x1 
 .text          0x00000000c0006a64      0x685 core/computer.32
                0x00000000c0006a64                Computer::close(int, int, void*)
                0x00000000c0006aa9                Krnl::firstTask()
                0x00000000c0006bdc                Computer::Computer()
                0x00000000c0006bdc                Computer::Computer()
                0x00000000c0006c8e                Computer::setBootMessage(char const*)
                0x00000000c0006c90                Computer::detectFeatures()
                0x00000000c0006e9a                Computer::displayFeatures()
                0x00000000c0006e9c                Computer::rdmsr(unsigned int)
                0x00000000c0006ec8                Computer::wrmsr(unsigned int, unsigned long long)
                0x00000000c0006f00                Computer::shutdown()
                0x00000000c0006f18                Computer::restart()
                0x00000000c0006f30                Computer::sleep()
                0x00000000c0006f44                Computer::nmiEnabled()
                0x00000000c0006f50                Computer::readCMOS(unsigned char)
                0x00000000c0006f6a                Computer::enableNMI(bool)
                0x00000000c0006f82                Computer::open(int, int, void*)
                0x00000000c0007056                Computer::disableNMI()
                0x00000000c0007066                Computer::writeCMOS(unsigned char, unsigned char)
                0x00000000c0007084                Computer::handleNMI()
 *fill*         0x00000000c00070e9        0x1 
 .text          0x00000000c00070ea      0x1cf core/gdt.32
                0x00000000c00070ea                GDTEntry::setBase(unsigned int)
                0x00000000c0007106                GDTEntry::setLimit(unsigned int)
                0x00000000c0007124                GDT::GDT()
                0x00000000c0007124                GDT::GDT()
                0x00000000c000713a                GDT::addEntry(GDTEntry)
                0x00000000c000715c                GDT::getNumberOfEntries()
                0x00000000c0007164                GDT::flush()
                0x00000000c0007186                GDT::setup()
 .text          0x00000000c00072b9       0x1d core/idle.32
                0x00000000c00072b9                idleFunction(void*)
 *fill*         0x00000000c00072d6        0x2 
 .text          0x00000000c00072d8      0x464 core/idt.32
                0x00000000c00072d8                IDTEntry::IDTEntry(bool)
                0x00000000c00072d8                IDTEntry::IDTEntry(bool)
                0x00000000c000734a                IDTEntry::setOffset(unsigned int)
                0x00000000c0007360                IDT::IDT()
                0x00000000c0007360                IDT::IDT()
                0x00000000c0007362                IDT::getPointerToInvalidOpcodeEntryForF00F()
                0x00000000c000736a                IDT::addEntry(IDTEntry, int)
                0x00000000c0007384                IDT::addEntry(int, void (*)(), bool)
                0x00000000c00073bc                IDT::flush()
                0x00000000c00073d6                IDT::setup()
 .text          0x00000000c000773c      0x183 core/kheap.32
                0x00000000c000773c                sbrk
                0x00000000c00077d1                mmap
                0x00000000c00077e7                munmap
                0x00000000c00077fd                liballoc_lock()
                0x00000000c000780a                liballoc_unlock()
                0x00000000c000781e                liballoc_alloc(int)
                0x00000000c0007836                liballoc_free(void*, int)
                0x00000000c0007851                realloc
                0x00000000c0007865                malloc
                0x00000000c0007875                free
                0x00000000c0007885                rfree
                0x00000000c0007895                calloc
 .text          0x00000000c00078bf       0xc3 core/main.32
                0x00000000c00078bf                KeEntryPoint
 .text          0x00000000c0007982      0x5dc core/physmgr.32
                0x00000000c0007982                Phys::allocateDMA(unsigned long)
                0x00000000c0007a59                Phys::freeDMA(unsigned long, unsigned long)
                0x00000000c0007a8c                Phys::setPageState(unsigned long, bool)
                0x00000000c0007abe                Phys::getPageState(unsigned long)
                0x00000000c0007adf                Phys::freePage(unsigned long)
                0x00000000c0007b41                Phys::allocatePage()
                0x00000000c0007bff                Phys::allocateContiguousPages(int)
                0x00000000c0007c5b                Phys::allowSegmentToBeUsed(unsigned long, unsigned long)
                0x00000000c0007c93                Phys::physicalMemorySetup(unsigned int)
 .text          0x00000000c0007f5e      0x273 core/pipe.32
                0x00000000c0007f5e                Pipe::isAtty()
                0x00000000c0007f62                Pipe::~Pipe()
                0x00000000c0007f62                Pipe::~Pipe()
                0x00000000c0007f86                Pipe::~Pipe()
                0x00000000c0007fae                Pipe::write(unsigned long long, void*, int*)
                0x00000000c000806e                Pipe::read(unsigned long long, void*, int*)
                0x00000000c000816a                Pipe::Pipe(int)
                0x00000000c000816a                Pipe::Pipe(int)
 *fill*         0x00000000c00081d1        0x1 
 .text          0x00000000c00081d2      0xaac core/terminal.32
                0x00000000c00081d2                VgaText::isAtty()
                0x00000000c00081d6                VgaText::~VgaText()
                0x00000000c00081d6                VgaText::~VgaText()
                0x00000000c00081fa                VgaText::~VgaText()
                0x00000000c0008224                VgaText::read(unsigned long long, void*, int*)
                0x00000000c0008244                setTerminalScrollLock(bool)
                0x00000000c0008245                doTerminalCycle()
                0x00000000c0008246                addToTerminalCycle(VgaText*)
                0x00000000c0008247                scrollTerminalScrollLock(int)
                0x00000000c0008248                VgaText::updateTitle()
                0x00000000c000824a                VgaText::load()
                0x00000000c000824c                VgaText::updateCursor()
                0x00000000c0008262                VgaText::doANSI_SGR(int)
                0x00000000c00082d6                VgaText::setDefaultBgColour(VgaColour)
                0x00000000c00082e6                VgaText::setDefaultFgColour(VgaColour)
                0x00000000c00082f6                VgaText::setDefaultColours(VgaColour, VgaColour)
                0x00000000c0008316                VgaText::setTitleTextColour(VgaColour)
                0x00000000c0008322                VgaText::setTitleColour(VgaColour)
                0x00000000c000832e                VgaText::setTitle(char*)
                0x00000000c0008330                VgaText::combineColours(unsigned char, unsigned char)
                0x00000000c0008342                VgaText::scrollScreen()
                0x00000000c00083d4                VgaText::combineCharAndColour(char, unsigned char)
                0x00000000c00083e6                VgaText::writeCharacter(char, VgaColour, VgaColour, int, int)
                0x00000000c0008476                VgaText::getCursorX()
                0x00000000c000847e                VgaText::getCursorY()
                0x00000000c0008486                VgaText::setCursor(int, int)
                0x00000000c000849d                setActiveTerminal(VgaText*)
                0x00000000c00084e8                VgaText::clearScreen()
                0x00000000c0008536                VgaText::setCursorX(int)
                0x00000000c000854e                VgaText::setCursorY(int)
                0x00000000c0008566                VgaText::incrementCursor(bool)
                0x00000000c00085ba                VgaText::decrementCursor(bool)
                0x00000000c00085dc                VgaText::putchar(char, VgaColour, VgaColour)
                0x00000000c00086aa                VgaText::putchar(char)
                0x00000000c0008796                VgaText::putx(unsigned int)
                0x00000000c00087dc                VgaText::puts(char const*)
                0x00000000c0008802                VgaText::write(unsigned long long, void*, int*)
                0x00000000c000884e                VgaText::puts(char const*, VgaColour, VgaColour)
                0x00000000c00089a0                VgaText::VgaText(char const*)
                0x00000000c00089a0                VgaText::VgaText(char const*)
                0x00000000c0008af0                VgaText::receiveKey(unsigned char)
                0x00000000c0008c58                VgaText::doUpdate()
                0x00000000c0008c59                newTerminal(char*)
 *fill*         0x00000000c0008c7e        0x2 
 .text          0x00000000c0008c80      0x1a1 core/tss.32
                0x00000000c0008c80                TSS::TSS()
                0x00000000c0008c80                TSS::TSS()
                0x00000000c0008c90                TSS::setESP(unsigned long)
                0x00000000c0008ca4                TSS::flush()
                0x00000000c0008cc4                TSS::setup(unsigned long, unsigned long)
 *fill*         0x00000000c0008e21        0x1 
 .text          0x00000000c0008e22      0x4c2 core/unixfile.32
                0x00000000c0008e22                ReservedFilename::read(unsigned long long, void*, int*)
                0x00000000c0008e78                ReservedFilename::isAtty()
                0x00000000c0008e94                ReservedFilename::write(unsigned long long, void*, int*)
                0x00000000c0008ef2                UnixFile::getFileDescriptor()
                0x00000000c0008efa                UnixFile::UnixFile(int)
                0x00000000c0008efa                UnixFile::UnixFile(int)
                0x00000000c00090aa                ReservedFilename::ReservedFilename(int)
                0x00000000c00090aa                ReservedFilename::ReservedFilename(int)
                0x00000000c00090dc                UnixFile::~UnixFile()
                0x00000000c00090dc                UnixFile::~UnixFile()
                0x00000000c0009174                UnixFile::~UnixFile()
                0x00000000c000919c                ReservedFilename::~ReservedFilename()
                0x00000000c000919c                ReservedFilename::~ReservedFilename()
                0x00000000c00091c0                ReservedFilename::~ReservedFilename()
                0x00000000c00091e7                getFromFileDescriptor(int)
 .text          0x00000000c00092e4     0x11d0 core/virtmgr.32
                0x00000000c00092e4                Virt::setPageState(unsigned long, Virt::VirtPageState)
                0x00000000c0009319                Virt::getPageState(unsigned long)
                0x00000000c000933d                Virt::allocateKernelVirtualPages(int)
                0x00000000c000944e                Virt::freeSwapfilePage(unsigned long)
                0x00000000c000946c                Virt::swapIDToSector(unsigned long)
                0x00000000c000947e                Virt::allocateSwapfilePage()
                0x00000000c00094fc                Virt::virtualMemorySetup()
                0x00000000c0009547                Virt::setupPageSwapping(int)
                0x00000000c00095b8                VAS::VAS(VAS*)
                0x00000000c00095b8                VAS::VAS(VAS*)
                0x00000000c00095e6                VAS::getForeignPageTableEntry(bool, unsigned long)
                0x00000000c0009612                VAS::getPageTableEntry(unsigned long)
                0x00000000c0009631                Virt::freeKernelVirtualPages(unsigned long)
                0x00000000c0009756                VAS::freeAllocatedPages(unsigned long)
                0x00000000c000977a                VAS::virtualToPhysical(unsigned long)
                0x00000000c0009794                VAS::reflagRange(unsigned long, int, int, int)
                0x00000000c00097d4                VAS::VAS()
                0x00000000c00097d4                VAS::VAS()
                0x00000000c000983e                VAS::setToWriteCombining(unsigned long, int)
                0x00000000c0009872                VAS::mapOtherVASIn(bool, VAS*)
                0x00000000c000989c                VAS::~VAS()
                0x00000000c000989c                VAS::~VAS()
                0x00000000c0009a00                VAS::mapPage(unsigned long, unsigned long, int)
                0x00000000c0009b04                VAS::allocatePages(int, int)
                0x00000000c0009cdc                VAS::setCPUSpecific(unsigned long)
                0x00000000c0009cfa                VAS::mapRange(unsigned long, unsigned long, int, int)
                0x00000000c0009dc0                VAS::mapForeignPage(bool, VAS*, unsigned long, unsigned long, int)
                0x00000000c0009eae                VAS::VAS(bool)
                0x00000000c0009eae                VAS::VAS(bool)
                0x00000000c000a12e                VAS::evict(unsigned long)
                0x00000000c000a1f0                VAS::tryLoadBackOffDisk(unsigned long)
                0x00000000c000a2de                VAS::scanForEviction()
                0x00000000c000a3be                mapVASFirstTime
 .text          0x00000000c000a4b4       0x5f coreobjs/c++.32
                0x00000000c000a4b4                __cxa_atexit
                0x00000000c000a4b7                __cxa_finalize
                0x00000000c000a4b8                __stack_chk_fail
                0x00000000c000a4ee                __cxa_pure_virtual
                0x00000000c000a4ff                operator new[](unsigned long)
                0x00000000c000a504                operator delete(void*, unsigned long)
                0x00000000c000a509                operator delete[](void*)
                0x00000000c000a50e                operator delete[](void*, unsigned long)
 .text          0x00000000c000a513      0x21c dbg/kconsole.32
                0x00000000c000a513                Dbg::stringifyxWithBase(unsigned int, char*, int)
                0x00000000c000a57e                Dbg::logc(char)
                0x00000000c000a59e                Dbg::logs(char*)
                0x00000000c000a5bb                Dbg::logWriteInt(unsigned int)
                0x00000000c000a5d9                Dbg::logWriteIntBase(unsigned int, int)
                0x00000000c000a5fa                Dbg::kprintf(char const*, ...)
 *fill*         0x00000000c000a72f        0x1 
 .text          0x00000000c000a730      0xc5c fs/vfs.32
                0x00000000c000a730                File::read(unsigned long long, void*, int*)
                0x00000000c000a788                File::write(unsigned long long, void*, int*)
                0x00000000c000a7e0                Directory::read(unsigned long long, void*, int*)
                0x00000000c000a838                Directory::write(unsigned long long, void*, int*)
                0x00000000c000a866                File::isAtty()
                0x00000000c000a86a                Directory::isAtty()
                0x00000000c000a86e                Filesystem::getlabel(LogicalDisk*, int, char*, unsigned int*)
                0x00000000c000a874                Filesystem::setlabel(LogicalDisk*, int, char*)
                0x00000000c000a87a                Filesystem::allocateSwapfile(char const*, int)
                0x00000000c000a880                File::~File()
                0x00000000c000a880                File::~File()
                0x00000000c000a8a4                File::~File()
                0x00000000c000a8ce                Directory::~Directory()
                0x00000000c000a8ce                Directory::~Directory()
                0x00000000c000a8f2                Directory::~Directory()
                0x00000000c000a91c                Filesystem::Filesystem()
                0x00000000c000a91c                Filesystem::Filesystem()
                0x00000000c000a940                Filesystem::~Filesystem()
                0x00000000c000a940                Filesystem::~Filesystem()
                0x00000000c000a94e                Filesystem::~Filesystem()
                0x00000000c000a972                Fs::getcwd(Process*, char*, int)
                0x00000000c000a99c                Fs::initVFS()
                0x00000000c000a9c6                Fs::standardiseFiles(char*, char const*, char const*)
                0x00000000c000ab70                File::File(char const*, Process*)
                0x00000000c000ab70                File::File(char const*, Process*)
                0x00000000c000ac30                File::open(FileOpenMode)
                0x00000000c000ac8e                File::close()
                0x00000000c000acee                File::seek(unsigned long long)
                0x00000000c000ad44                File::tell(unsigned long long*)
                0x00000000c000ad94                File::rewind()
                0x00000000c000ada8                File::unlink()
                0x00000000c000adf4                File::rename(char const*)
                0x00000000c000ae42                File::chfatattr(unsigned char, unsigned char)
                0x00000000c000ae9e                File::exists()
                0x00000000c000aedc                File::stat(unsigned long long*, bool*)
                0x00000000c000af3d                Fs::setcwd(Process*, char*)
                0x00000000c000b09a                Directory::Directory(char const*, Process*)
                0x00000000c000b09a                Directory::Directory(char const*, Process*)
                0x00000000c000b15a                Directory::open()
                0x00000000c000b1b6                Directory::close()
                0x00000000c000b216                Directory::unlink()
                0x00000000c000b262                Directory::rename(char const*)
                0x00000000c000b2b0                Directory::exists()
                0x00000000c000b2ee                Directory::read(dirent*)
                0x00000000c000b33a                Directory::create()
                0x00000000c000b386                Filesystem::chfatattr(char const*, unsigned char, unsigned char)
 .text          0x00000000c000b38c       0x86 hal/bus.32
                0x00000000c000b38c                Bus::Bus(char const*)
                0x00000000c000b38c                Bus::Bus(char const*)
                0x00000000c000b3c4                Bus::~Bus()
                0x00000000c000b3c4                Bus::~Bus()
                0x00000000c000b3e8                Bus::~Bus()
 .text          0x00000000c000b412       0x96 hal/buzzer.32
                0x00000000c000b412                beepThread(void*)
                0x00000000c000b44f                Krnl::beep(int, int, bool)
 .text          0x00000000c000b4a8      0x46d hal/clock.32
                0x00000000c000b4a8                User::loadClockSettings(int)
                0x00000000c000b4fa                Clock::Clock(char const*)
                0x00000000c000b4fa                Clock::Clock(char const*)
                0x00000000c000b530                Clock::~Clock()
                0x00000000c000b530                Clock::~Clock()
                0x00000000c000b554                Clock::~Clock()
                0x00000000c000b57e                Clock::timeInSecondsLocal()
                0x00000000c000b5c6                Clock::setTimeInSecondsLocal(unsigned long long)
                0x00000000c000b61f                datetimeToSeconds(datetime_t)
                0x00000000c000b74c                Clock::setTimeInDatetimeLocal(datetime_t)
                0x00000000c000b7ac                secondsToDatetime(unsigned long long)
                0x00000000c000b8f0                Clock::timeInDatetimeLocal()
 *fill*         0x00000000c000b915        0x1 
 .text          0x00000000c000b916      0x464 hal/device.32
                0x00000000c000b916                Device::hibernate()
                0x00000000c000b918                Device::wake()
                0x00000000c000b91a                Device::detect()
                0x00000000c000b91c                Device::disableLegacy()
                0x00000000c000b91e                Device::powerSaving(PowerSavingLevel)
                0x00000000c000b920                DriverlessDevice::close(int, int, void*)
                0x00000000c000b924                DriverlessDevice::detect()
                0x00000000c000b926                DriverlessDevice::open(int, int, void*)
                0x00000000c000b93a                Device::~Device()
                0x00000000c000b93a                Device::~Device()
                0x00000000c000b948                Device::~Device()
                0x00000000c000b970                Device::findAndLoadDriver()
                0x00000000c000b97e                Device::preOpenPCI(PCIDeviceInfo)
                0x00000000c000b9a4                Device::preOpenACPI(void*, char*, char*)
                0x00000000c000b9e4                Device::addIRQHandler(int, void (*)(regs*, void*), bool, void*)
                0x00000000c000ba0e                Device::getParent()
                0x00000000c000ba1a                Device::removeIRQHandler(int, void (*)(regs*, void*), bool)
                0x00000000c000ba38                Device::addChild(Device*)
                0x00000000c000ba7c                Device::removeAllChildren()
                0x00000000c000bac2                Device::hibernateAll()
                0x00000000c000baf2                Device::wakeAll()
                0x00000000c000bb22                Device::detectAll()
                0x00000000c000bb52                Device::disableLegacyAll()
                0x00000000c000bb54                Device::loadDriversForAll()
                0x00000000c000bb56                Device::closeAll()
                0x00000000c000bb8c                Device::powerSavingAll(PowerSavingLevel)
                0x00000000c000bbc2                Device::setName(char const*)
                0x00000000c000bbd0                Device::Device(char const*)
                0x00000000c000bbd0                Device::Device(char const*)
                0x00000000c000bccc                Device::getName()
                0x00000000c000bcd6                DriverlessDevice::DriverlessDevice(char const*)
                0x00000000c000bcd6                DriverlessDevice::DriverlessDevice(char const*)
                0x00000000c000bd0c                Device::addToLinkedList(LinkedList<Device>&, DeviceType)
                0x00000000c000bd50                getDevicesOfType(DeviceType)
 *fill*         0x00000000c000bd7a        0x2 
 .text          0x00000000c000bd7c       0x86 hal/diskctrl.32
                0x00000000c000bd7c                HardDiskController::HardDiskController(char const*)
                0x00000000c000bd7c                HardDiskController::HardDiskController(char const*)
                0x00000000c000bdb4                HardDiskController::~HardDiskController()
                0x00000000c000bdb4                HardDiskController::~HardDiskController()
                0x00000000c000bdd8                HardDiskController::~HardDiskController()
 .text          0x00000000c000be02       0xe2 hal/diskphys.32
                0x00000000c000be02                PhysicalDisk::eject()
                0x00000000c000be06                PhysicalDisk::PhysicalDisk(char const*, int)
                0x00000000c000be06                PhysicalDisk::PhysicalDisk(char const*, int)
                0x00000000c000be6e                PhysicalDisk::startCache()
                0x00000000c000be96                PhysicalDisk::~PhysicalDisk()
                0x00000000c000be96                PhysicalDisk::~PhysicalDisk()
                0x00000000c000beba                PhysicalDisk::~PhysicalDisk()
 .text          0x00000000c000bee4        0x0 hal/fpu.32
 .text          0x00000000c000bee4      0x35d hal/intctrl.32
                0x00000000c000bee4                int_handler
                0x00000000c000bf6c                installISRHandler(int, void (*)(regs*, void*), void*)
                0x00000000c000bfb4                installIRQHandler(int, void (*)(regs*, void*), bool, void*)
                0x00000000c000c0ec                uninstallISRHandler(int, void (*)(regs*, void*))
                0x00000000c000c120                uninstallIRQHandler(int, void (*)(regs*, void*), bool)
                0x00000000c000c19f                setupINTS()
                0x00000000c000c1fc                convertLegacyIRQNumber(int)
 *fill*         0x00000000c000c241        0x1 
 .text          0x00000000c000c242      0x7e0 hal/keybrd.32
                0x00000000c000c242                startGUI(void*)
                0x00000000c000c2ae                startGUIVESA(void*)
                0x00000000c000c31a                sendKeyToTerminal(unsigned char)
                0x00000000c000c3e3                sendKeyboardToken(KeyboardToken)
                0x00000000c000c823                clearInternalKeybuffer(VgaText*)
                0x00000000c000c858                readKeyboard(VgaText*, char*, unsigned long)
                0x00000000c000c998                Keyboard::Keyboard(char const*)
                0x00000000c000c998                Keyboard::Keyboard(char const*)
                0x00000000c000c9d4                Keyboard::~Keyboard()
                0x00000000c000c9d4                Keyboard::~Keyboard()
                0x00000000c000c9f8                Keyboard::~Keyboard()
 .text          0x00000000c000ca22      0x3f4 hal/logidisk.32
                0x00000000c000ca22                LogicalDisk::close(int, int, void*)
                0x00000000c000ca26                LogicalDisk::~LogicalDisk()
                0x00000000c000ca26                LogicalDisk::~LogicalDisk()
                0x00000000c000ca4a                LogicalDisk::~LogicalDisk()
                0x00000000c000ca74                LogicalDisk::open(int, int, void*)
                0x00000000c000ca88                LogicalDisk::absoluteToRelative(unsigned long long)
                0x00000000c000cac0                LogicalDisk::relativeToAbsolute(unsigned long long)
                0x00000000c000cb06                LogicalDisk::LogicalDisk(char const*, PhysicalDisk*, unsigned long long, unsigned long long)
                0x00000000c000cb06                LogicalDisk::LogicalDisk(char const*, PhysicalDisk*, unsigned long long, unsigned long long)
                0x00000000c000cbc6                LogicalDisk::assignDriveLetter()
                0x00000000c000cc7c                LogicalDisk::mount()
                0x00000000c000ccc4                LogicalDisk::unmount()
                0x00000000c000ccd4                LogicalDisk::eject()
                0x00000000c000cce8                LogicalDisk::unassignDriveLetter()
                0x00000000c000cd3e                LogicalDisk::read(unsigned long long, int, void*)
                0x00000000c000cdaa                LogicalDisk::write(unsigned long long, int, void*)
 *fill*         0x00000000c000ce16        0x2 
 .text          0x00000000c000ce18       0x86 hal/mouse.32
                0x00000000c000ce18                Mouse::Mouse(char const*)
                0x00000000c000ce18                Mouse::Mouse(char const*)
                0x00000000c000ce50                Mouse::~Mouse()
                0x00000000c000ce50                Mouse::~Mouse()
                0x00000000c000ce74                Mouse::~Mouse()
 .text          0x00000000c000ce9e       0x90 hal/nic.32
                0x00000000c000ce9e                NIC::getMAC()
                0x00000000c000cea4                NIC::write(int, unsigned char*, int*)
                0x00000000c000ceaa                NIC::NIC(char const*)
                0x00000000c000ceaa                NIC::NIC(char const*)
                0x00000000c000cee0                NIC::~NIC()
                0x00000000c000cee0                NIC::~NIC()
                0x00000000c000cf04                NIC::~NIC()
 .text          0x00000000c000cf2e      0x339 hal/partition.32
                0x00000000c000cf2e                makePartition(PhysicalDisk*, unsigned long long, unsigned long long)
                0x00000000c000cfd6                createPartitionsForDisk(PhysicalDisk*)
 *fill*         0x00000000c000d267        0x1 
 .text          0x00000000c000d268       0x86 hal/serial.32
                0x00000000c000d268                Serial::Serial(char const*)
                0x00000000c000d268                Serial::Serial(char const*)
                0x00000000c000d2a0                Serial::~Serial()
                0x00000000c000d2a0                Serial::~Serial()
                0x00000000c000d2c4                Serial::~Serial()
 *fill*         0x00000000c000d2ee        0x2 
 .text          0x00000000c000d2f0      0x234 hal/timer.32
                0x00000000c000d2f0                Timer::Timer(char const*)
                0x00000000c000d2f0                Timer::Timer(char const*)
                0x00000000c000d328                Timer::~Timer()
                0x00000000c000d328                Timer::~Timer()
                0x00000000c000d34c                Timer::~Timer()
                0x00000000c000d376                Timer::read()
                0x00000000c000d381                setupTimer(int)
                0x00000000c000d3bc                timerHandler(unsigned int)
 .text          0x00000000c000d524      0x440 hal/vcache.32
                0x00000000c000d524                VCache::VCache(PhysicalDisk*)
                0x00000000c000d524                VCache::VCache(PhysicalDisk*)
                0x00000000c000d694                VCache::invalidateReadBuffer()
                0x00000000c000d6a4                VCache::writeWriteBuffer()
                0x00000000c000d6f0                VCache::~VCache()
                0x00000000c000d6f0                VCache::~VCache()
                0x00000000c000d744                VCache::~VCache()
                0x00000000c000d76c                VCache::write(unsigned long long, int, void*)
                0x00000000c000d85a                VCache::read(unsigned long long, int, void*)
 .text          0x00000000c000d964      0x4c7 hal/video.32
                0x00000000c000d964                Video::putrect(int, int, int, int, unsigned int)
                0x00000000c000d9b0                Video::bitblit(int, int, int, int, int, int, int, unsigned int*)
                0x00000000c000da20                Video::blit(unsigned int*, int, int, int, int)
                0x00000000c000da9e                Video::clearScreen(unsigned int)
                0x00000000c000dad2                Video::putpixel(int, int, unsigned int)
                0x00000000c000dae0                Video::readPixelApprox(int, int)
                0x00000000c000daf4                Video::Video(char const*)
                0x00000000c000daf4                Video::Video(char const*)
                0x00000000c000db2a                Video::~Video()
                0x00000000c000db2a                Video::~Video()
                0x00000000c000db4e                Video::~Video()
                0x00000000c000db78                Video::isMonochrome()
                0x00000000c000db84                Video::getWidth()
                0x00000000c000db90                Video::getHeight()
                0x00000000c000db9c                Video::drawCursor(int, int, unsigned int*, int)
                0x00000000c000dc58                Video::tgaParse(unsigned char*, int, int*, int*)
                0x00000000c000ddc0                Video::putTGA(int, int, unsigned char*, int)
 *fill*         0x00000000c000de2b        0x1 
 .text          0x00000000c000de2c     0x1307 hw/acpi.32
                0x00000000c000de2c                ACPI::close(int, int, void*)
                0x00000000c000dee4                findRSDP()
                0x00000000c000df74                loadACPITables(unsigned char*)
                0x00000000c000e1d8                findRSDT(unsigned char*)
                0x00000000c000e328                findDataTable(unsigned char*, char*)
                0x00000000c000e3a0                scanMADT()
                0x00000000c000e874                ACPI::ACPI()
                0x00000000c000e874                ACPI::ACPI()
                0x00000000c000e8c8                ACPI::getPCIIRQAssignment(unsigned char, unsigned short, unsigned char)
                0x00000000c000e9b0                ACPI::registerPCIIRQAssignment(void*, unsigned short, unsigned char, unsigned char)
                0x00000000c000ea78                ACPI::setScreenBrightnessLevel(void*, int)
                0x00000000c000ea80                ACPI::detectPCI()
                0x00000000c000ec88                ACPI::writeSimpleBootFlag(SimpleBootFlagTable*)
                0x00000000c000ecdc                ACPI::sleep()
                0x00000000c000ecf8                ACPI::open(int, int, void*)
 *fill*         0x00000000c000f133        0x1 
 .text          0x00000000c000f134      0xb95 hw/cpu.32
                0x00000000c000f134                CPU::close(int, int, void*)
                0x00000000c000f138                CPU::AMD_K6_write_msr(unsigned int, unsigned int, unsigned int, CPU::REGS*)
                0x00000000c000f154                CPU::AMD_K6_read_msr(unsigned int, CPU::REGS*)
                0x00000000c000f16c                CPU::AMD_K6_writeback(int, int, int)
                0x00000000c000f1e0                CPU::cpuid(int, unsigned long*, unsigned long*, unsigned long*, unsigned long*)
                0x00000000c000f264                CPU::cpuidCheckEDX(unsigned int)
                0x00000000c000f292                CPU::cpuidCheckECX(unsigned int)
                0x00000000c000f2c0                CPU::cpuidCheckExtendedEBX(unsigned int)
                0x00000000c000f2ee                CPU::cpuidCheckExtendedECX(unsigned int)
                0x00000000c000f31c                CPU::CPU()
                0x00000000c000f31c                CPU::CPU()
                0x00000000c000f3aa                CPU::displayFeatures()
                0x00000000c000f3ac                CPU::detectFeatures()
                0x00000000c000fa70                CPU::setupSMEP()
                0x00000000c000fa7c                CPU::setupUMIP()
                0x00000000c000fa86                CPU::setupTSC()
                0x00000000c000fa90                CPU::setupLargePages()
                0x00000000c000fa9a                CPU::setupPAT()
                0x00000000c000fad6                CPU::setupMTRR()
                0x00000000c000fad8                CPU::setupGlobalPages()
                0x00000000c000fae2                CPU::allowUsermodeDataAccess()
                0x00000000c000faf4                CPU::prohibitUsermodeDataAccess()
                0x00000000c000fb06                CPU::setupSMAP()
                0x00000000c000fb14                CPU::setupFeatures()
                0x00000000c000fbe0                CPU::open(int, int, void*)
 .text          0x00000000c000fcc9       0xd1 krnl/bootmsg.32
                0x00000000c000fcc9                KeDisplaySplashScreen()
                0x00000000c000fd37                KeSetBootMessage(char const*)
 .text          0x00000000c000fd9a      0x581 krnl/env.32
                0x00000000c000fd9a                EnvVarContainer::getEnv(char const*)
                0x00000000c000fdd8                EnvVarContainer::setEnv(char const*, char const*)
                0x00000000c000fe9a                EnvVarContainer::deleteEnv(char const*)
                0x00000000c000fe9c                EnvVarContainer::loadFrom(char const*, char const*)
                0x00000000c0010082                EnvVarContainer::__loadSystem()
                0x00000000c001009c                EnvVarContainer::__loadUser()
                0x00000000c001009e                EnvVarContainer::EnvVarContainer(Process*)
                0x00000000c001009e                EnvVarContainer::EnvVarContainer(Process*)
                0x00000000c00100c0                EnvVarContainer::~EnvVarContainer()
                0x00000000c00100c0                EnvVarContainer::~EnvVarContainer()
                0x00000000c00100f0                Krnl::getEnv(Process*, char const*)
                0x00000000c0010155                Krnl::setEnvSystem(char const*, char const*)
                0x00000000c001016f                Krnl::setEnvUser(char const*, char const*)
                0x00000000c001018e                Krnl::setEnvProcess(Process*, char const*, char const*)
                0x00000000c00101a1                Krnl::deleteEnvSystem(char const*)
                0x00000000c00101a2                Krnl::deleteEnvUser(char const*)
                0x00000000c00101a3                Krnl::deleteEnvProcess(Process*, char const*)
                0x00000000c00101a4                Krnl::newProcessEnv(Process*)
                0x00000000c00101c6                Krnl::copyProcessEnv(Process*, Process*)
                0x00000000c0010212                Krnl::loadSystemEnv()
                0x00000000c0010240                Krnl::loadUserEnv()
                0x00000000c0010266                Krnl::flushEnv()
                0x00000000c0010267                Krnl::getProcessTotalEnvCount(Process*)
                0x00000000c0010287                Krnl::getProcessEnvPair(Process*, int)
 .text          0x00000000c001031b       0x94 krnl/inlines.32
                0x00000000c001031b                CPU::current()
                0x00000000c0010327                operator new(unsigned long)
                0x00000000c001032c                operator delete(void*)
                0x00000000c0010331                disableIRQs()
                0x00000000c0010333                enableIRQs()
                0x00000000c0010335                lockScheduler()
                0x00000000c001033d                unlockScheduler()
                0x00000000c001034c                lockStuff()
                0x00000000c001035a                unlockStuff()
                0x00000000c0010394                Virt::getAKernelVAS()
                0x00000000c001039a                __not_memcpy
 .text          0x00000000c00103af        0xc krnl/panic.32
                0x00000000c00103af                KePanic(char const*)
 .text          0x00000000c00103bb      0x142 krnl/powctrl.32
                0x00000000c00103bb                Krnl::powerThread(void*)
                0x00000000c00103e9                Krnl::changePowerSettings(Krnl::PowerSettings)
                0x00000000c00103ff                Krnl::userIOReceived()
                0x00000000c001040a                Krnl::handlePowerButton()
                0x00000000c001043f                Krnl::handleSleepButton()
                0x00000000c0010474                Krnl::setupPowerManager()
 *fill*         0x00000000c00104fd        0x3 
 .text          0x00000000c0010500      0x190 krnl/resolve.32
                0x00000000c0010500                KeResolveCompatibilitySymbol(char*)
 .text          0x00000000c0010690      0x32b krnl/signal.32
                0x00000000c0010690                KiSigKill(int)
                0x00000000c00106bc                KiDefaultSignalHandlerIgnore(int)
                0x00000000c00106bd                KiDefaultSignalHandlerPause(int)
                0x00000000c00106e9                KiDefaultSignalHandlerResume(int)
                0x00000000c0010715                KeDeinitSignals(SigHandlerBlock*)
                0x00000000c001071a                KeInitSignals()
                0x00000000c0010765                KeRegisterSignalHandler(SigHandlerBlock*, int, void (*)(int), unsigned int, int)
                0x00000000c001079b                KeRaiseSignal(SigHandlerBlock*, int)
                0x00000000c0010818                KeCheckSignal(SigHandlerBlock*, int*)
                0x00000000c0010907                KiCheckSignalZ
                0x00000000c0010949                KeCompleteSignal(SigHandlerBlock*, int)
                0x00000000c0010984                KiFinishSignalZ
 .text          0x00000000c00109bb      0xc39 krnl/syscalls.32
                0x00000000c00109bb                SysSeekDir(regs*)
                0x00000000c00109c0                SysTellDir(regs*)
                0x00000000c00109c5                SysVerify(regs*)
                0x00000000c00109cf                SysGetArgc(regs*)
                0x00000000c00109df                SysTTYName(regs*)
                0x00000000c00109e7                SysFormatDisk(regs*)
                0x00000000c0010a54                SysSetDiskVolumeLabel(regs*)
                0x00000000c0010a9e                SysGetDiskVolumeLabel(regs*)
                0x00000000c0010af3                SysShutdown(regs*)
                0x00000000c0010b51                SysRealpath(regs*)
                0x00000000c0010b94                SysReadDir(regs*)
                0x00000000c0010c14                SysIsATTY(regs*)
                0x00000000c0010c70                SysSeek(regs*)
                0x00000000c0010cc9                SysTell(regs*)
                0x00000000c0010d38                SysSize(regs*)
                0x00000000c0010dad                SysSizeFromFilename(regs*)
                0x00000000c0010e60                SysClose(regs*)
                0x00000000c0010ec0                SysOpenDir(regs*)
                0x00000000c0010f37                SysMakeDir(regs*)
                0x00000000c0010fa1                SysCloseDir(regs*)
                0x00000000c0010ff5                SysWait(regs*)
                0x00000000c0011012                SysNotImpl(regs*)
                0x00000000c001102d                SysPanic(regs*)
                0x00000000c0011048                SysRmdir(regs*)
                0x00000000c00110af                SysUnlink(regs*)
                0x00000000c0011116                SysGetArgv(regs*)
                0x00000000c0011163                SysUSleep(regs*)
                0x00000000c001118c                SysSpawn(regs*)
                0x00000000c00111f5                SysGetEnv(regs*)
                0x00000000c00112a4                SysSetFatAttrib(regs*)
                0x00000000c001131b                SysPipe(regs*)
                0x00000000c0011360                SysGetUnixTime(regs*)
                0x00000000c0011374                string_ends_with(char const*, char const*)
                0x00000000c00113be                SysOpen(regs*)
                0x00000000c00115b2                KeSystemCall(regs*, void*)
 .text          0x00000000c00115f4      0x110 net/ethernet.32
                0x00000000c00115f4                KeSwitchEndian16(unsigned short)
                0x00000000c0011620                KeSwitchEndian32(unsigned int)
                0x00000000c0011650                EthernetCRC32(unsigned char*, int)
                0x00000000c00116f4                EthernetReceivedPacket(unsigned char*, unsigned short)
 .text          0x00000000c0011704      0xd40 reg/cm.32
                0x00000000c0011704                CmOpen(char const*)
                0x00000000c0011822                CmClose(Reghive_Tag*)
                0x00000000c0011838                CmReadExtent(Reghive_Tag*, int, unsigned char*)
                0x00000000c00118a6                CmGetString(Reghive_Tag*, int, char*)
                0x00000000c001191d                CmEnterDirectory(Reghive_Tag*, int)
                0x00000000c001195c                CmGetNext(Reghive_Tag*, int)
                0x00000000c001198e                CmWriteExtent(Reghive_Tag*, int, unsigned char*)
                0x00000000c0011a14                CmFreeExtent(Reghive_Tag*, int)
                0x00000000c0011a3c                CmUpdateHeader(Reghive_Tag*)
                0x00000000c0011a5d                CmExpand(Reghive_Tag*, int)
                0x00000000c0011ad8                CmFindUnusedExtent(Reghive_Tag*)
                0x00000000c0011b5e                CmCreateExtent(Reghive_Tag*, int, int, unsigned char*)
                0x00000000c0011c52                CmSetString(Reghive_Tag*, int, char const*)
                0x00000000c0011d8e                CmGetMatch(char*, char*, bool, bool*)
                0x00000000c0011def                CmAddShift(unsigned int*, int*, unsigned char, int)
                0x00000000c0011e1f                CmGetShift(unsigned int*, int*, int, bool*)
                0x00000000c0011e56                CmGetInteger(Reghive_Tag*, int, unsigned long long*)
                0x00000000c0011e80                CmSetInteger(Reghive_Tag*, int, unsigned long long)
                0x00000000c0011ec0                CmConvertFromInternalFilename(unsigned char const*, char*)
                0x00000000c0011f64                CmGetNameAndTypeFromExtent(Reghive_Tag*, int, char*)
                0x00000000c0011f92                CmConvertToInternalFilename(char const*, unsigned char*)
                0x00000000c0012130                CmCreateString(Reghive_Tag*, int, char const*)
                0x00000000c001217d                CmFindInDirectory(Reghive_Tag*, int, char const*)
                0x00000000c00121f7                CmCreateInteger(Reghive_Tag*, int, char const*, unsigned long long, int)
                0x00000000c001224a                CmCreateDirectory(Reghive_Tag*, int, char const*)
                0x00000000c00122ee                CmFindObjectFromPath(Reghive_Tag*, char const*)
                0x00000000c001236f                CmDisplayTree(Reghive_Tag*, int, int)
                0x00000000c0012412                CmSplitFinalSlashInPlace(char*)
 .text          0x00000000c0012444      0x50e reg/registry.32
                0x00000000c0012444                Reg::findLineFromLoadedData(char*, char*, char*)
                0x00000000c001259c                Reg::getLineFromRegistry(char*, char*, char*, char*)
                0x00000000c00126f1                Reg::getLine(char*, char*, char*)
                0x00000000c0012728                Reg::readInt(char*, char*, int*)
                0x00000000c0012813                Reg::readString(char*, char*, char*, int)
                0x00000000c0012894                Reg::readBool(char*, char*, bool*)
                0x00000000c00128b9                Reg::readBoolWithDefault(char*, char*, bool)
                0x00000000c00128e5                Reg::readIntWithDefault(char*, char*, int)
                0x00000000c0012911                Reg::readStringWithDefault(char*, char*, char*, int, char*)
 .text          0x00000000c0012952       0x36 sys/eject.32
                0x00000000c0012952                SysEject(regs*)
 .text          0x00000000c0012988       0x18 sys/exit.32
                0x00000000c0012988                SysExit(regs*)
 .text          0x00000000c00129a0       0x1f sys/getcwd.32
                0x00000000c00129a0                SysGetCwd(regs*)
 .text          0x00000000c00129bf        0xc sys/getpid.32
                0x00000000c00129bf                SysGetPID(regs*)
 .text          0x00000000c00129cb       0x1a sys/getramdata.32
                0x00000000c00129cb                SysGetRAMData(regs*)
 .text          0x00000000c00129e5       0x82 sys/getvgaptr.32
                0x00000000c00129e5                SysGetVGAPtr(regs*)
 .text          0x00000000c0012a67       0xa8 sys/loaddll.32
                0x00000000c0012a67                SysLoadDLL(regs*)
 .text          0x00000000c0012b0f       0x68 sys/read.32
                0x00000000c0012b0f                SysRead(regs*)
 .text          0x00000000c0012b77       0x29 sys/registersignal.32
                0x00000000c0012b77                SysRegisterSignal(regs*)
 .text          0x00000000c0012ba0       0x55 sys/sbrk.32
                0x00000000c0012ba0                SysSbrk(regs*)
 .text          0x00000000c0012bf5       0x1c sys/setcwd.32
                0x00000000c0012bf5                SysSetCwd(regs*)
 .text          0x00000000c0012c11       0x95 sys/settime.32
                0x00000000c0012c11                SysSetTime(regs*)
 .text          0x00000000c0012ca6       0x4a sys/timezone.32
                0x00000000c0012ca6                SysTimezone(regs*)
 .text          0x00000000c0012cf0       0x68 sys/write.32
                0x00000000c0012cf0                SysWrite(regs*)
 .text          0x00000000c0012d58       0x62 sys/wsbe.32
                0x00000000c0012d58                SysWsbe(regs*)
 .text          0x00000000c0012dba       0x25 sys/yield.32
                0x00000000c0012dba                SysYield(regs*)
 .text          0x00000000c0012ddf     0x11e5 thr/elf.32
                0x00000000c0012ddf                Thr::allocateMemoryForTask(Process*, File*, unsigned long, unsigned long, unsigned long)
                0x00000000c001306b                Thr::loadProgramIntoMemory(Process*, char const*)
                0x00000000c0013281                Thr::runtimeReferenceHelper()
                0x00000000c0013294                Thr::getAddressOfKernelSymbol(char const*)
                0x00000000c00132e3                Thr::loadKernelSymbolTable(char const*)
                0x00000000c00135a1                Thr::loadDriverIntoMemory(char const*, unsigned long, bool)
                0x00000000c0013cd7                Thr::getDriverBaseFromAddress(unsigned long)
                0x00000000c0013d09                Thr::getDriverNameFromAddress(unsigned long)
                0x00000000c0013d40                Thr::getDriverOffsetFromAddress(unsigned long)
                0x00000000c0013d5a                Thr::loadDLL(char const*, bool)
                0x00000000c0013f8b                Thr::executeDLL(unsigned long, void*)
 .text          0x00000000c0013fc4     0x1325 thr/prcssthr.32
                0x00000000c0013fc4                userModeEntryPoint(void*)
                0x00000000c0013fec                changeTSS
                0x00000000c001401c                switchToThread(ThreadControlBlock*)
                0x00000000c00140d0                Process::addArgs(char**)
                0x00000000c0014130                Process::Process(char const*, Process*, char**)
                0x00000000c0014130                Process::Process(char const*, Process*, char**)
                0x00000000c001433c                Process::Process(bool, char const*, Process*, char**)
                0x00000000c001433c                Process::Process(bool, char const*, Process*, char**)
                0x00000000c0014514                taskStartupFunction
                0x00000000c0014520                Semaphore::Semaphore(int)
                0x00000000c0014520                Semaphore::Semaphore(int)
                0x00000000c0014550                Mutex::Mutex()
                0x00000000c0014550                Mutex::Mutex()
                0x00000000c0014564                Process::createThread(void (*)(void*), void*, int)
                0x00000000c0014670                Process::createUserThread()
                0x00000000c0014690                setupMultitasking(void (*)())
                0x00000000c00147ac                schedule()
                0x00000000c001483c                Semaphore::tryAcquire()
                0x00000000c0014908                Semaphore::assertLocked(char const*)
                0x00000000c0014980                blockTaskWithSchedulerLockAlreadyHeld(TaskState)
                0x00000000c00149a8                blockTask(TaskState)
                0x00000000c00149d8                waitTask(int, int*, int)
                0x00000000c0014a1c                milliTenthSleepUntil(unsigned int)
                0x00000000c0014aac                milliTenthSleep(unsigned int)
                0x00000000c0014abc                sleep(unsigned int)
                0x00000000c0014ad8                Semaphore::acquire()
                0x00000000c0014b94                taskReturned
                0x00000000c0014bd0                Thr::processFromPID(int)
                0x00000000c0014c70                unblockTask(ThreadControlBlock*)
                0x00000000c0014d14                cleanupTerminatedTask(ThreadControlBlock*)
                0x00000000c0014fe0                cleanerTaskFunction(void*)
                0x00000000c00150d0                terminateTask(int)
                0x00000000c001519c                Thr::terminateFromIRQ(int)
                0x00000000c00151ac                Semaphore::release()
 .text          0x00000000c00152e9      0xb93 vm86/vm8086.32
                0x00000000c00152e9                Vm::inbv(unsigned short)
                0x00000000c00152fc                Vm::outbv(unsigned short, unsigned char)
                0x00000000c0015332                Vm::realToLinear(unsigned short, unsigned short)
                0x00000000c0015342                Vm::getSegment(unsigned int)
                0x00000000c001534a                Vm::getOffset(unsigned int)
                0x00000000c001534f                Vm::mainloop2()
                0x00000000c0015389                Vm::mainVm8086Loop(void*)
                0x00000000c0015399                Vm::mainloop3(unsigned long)
                0x00000000c00153bf                Vm::initialise8086()
                0x00000000c0015402                Vm::finish8086()
                0x00000000c0015463                Vm::getOutput8086(unsigned char*)
                0x00000000c0015488                Vm::start8086FromBuffer(unsigned char*, int, unsigned short, unsigned short, unsigned short, unsigned short)
                0x00000000c0015541                Vm::start8086(char const*, unsigned short, unsigned short, unsigned short, unsigned short)
                0x00000000c00156a9                Vm::doISR(regs*, int, unsigned char*, unsigned short, unsigned short)
                0x00000000c0015733                Vm::readByteFromReal(unsigned short, unsigned short)
                0x00000000c0015744                Vm::readWordFromReal(unsigned short, unsigned short)
                0x00000000c0015756                Vm::readDwordFromReal(unsigned short, unsigned short)
                0x00000000c0015767                Vm::writeByteFromReal(unsigned short, unsigned short, unsigned char)
                0x00000000c001577c                Vm::writeWordFromReal(unsigned short, unsigned short, unsigned short)
                0x00000000c0015792                Vm::writeDwordFromReal(unsigned short, unsigned short, unsigned int)
                0x00000000c00157a7                Vm::faultHandler(regs*)
 .text          0x00000000c0015e7c      0xa8e arch/i386/hal.32
                0x00000000c0015e7c                noCopro(unsigned long)
                0x00000000c0015e7d                nmiHandler(regs*, void*)
                0x00000000c0015e96                doubleFault(regs*, void*)
                0x00000000c0015eaf                displayDebugInfo(regs*)
                0x00000000c001620b                HalSystemIdle()
                0x00000000c0016281                displayProgramFault(char const*)
                0x00000000c00162cd                gpFault(regs*, void*)
                0x00000000c0016332                pgFault(regs*, void*)
                0x00000000c00163b8                otherISRHandler(regs*, void*)
                0x00000000c00163ec                opcodeFault(regs*, void*)
                0x00000000c001646c                i386SaveCoprocessor(void*)
                0x00000000c0016480                i386LoadCoprocessor(void*)
                0x00000000c0016494                x87EmulHandler(regs*, void*)
                0x00000000c0016531                HalInitialiseCoprocessor()
                0x00000000c00165df                HalPanic(char const*)
                0x00000000c00166d8                HalQueryPerformanceCounter()
                0x00000000c00166f3                HalInitialise()
                0x00000000c0016899                HalMakeBeep(int)
                0x00000000c00168d3                HalGetRand()
                0x00000000c00168d6                HalEndOfInterrupt(int)
                0x00000000c0016907                HalRestart()
                0x00000000c0016908                HalShutdown()
                0x00000000c0016909                HalSleep()
 *fill*         0x00000000c001690a        0x2 
 .text          0x00000000c001690c      0x2f4 arch/i386/pic.32
                0x00000000c001690c                picIoWait()
                0x00000000c0016914                picDisable()
                0x00000000c0016948                picGetIRQReg(int)
                0x00000000c00169cc                picOpen()
                0x00000000c0016b5c                picEOI(int)
 .text          0x00000000c0016c00      0x64d arch/i386/rtc.32
                0x00000000c0016c00                RTC::open(int, int, void*)
                0x00000000c0016c04                RTC::close(int, int, void*)
                0x00000000c0016c08                RTC::timeInSecondsUTC()
                0x00000000c0016c1a                RTC::timeInDatetimeUTC()
                0x00000000c0016c40                RTC::setTimeInSecondsUTC(unsigned long long)
                0x00000000c0016c7e                RTC::~RTC()
                0x00000000c0016c7e                RTC::~RTC()
                0x00000000c0016ca2                RTC::~RTC()
                0x00000000c0016ccc                RTC::get_update_in_progress_flag()
                0x00000000c0016ce4                RTC::completeRTCRefresh()
                0x00000000c0016f9c                RTC::setTimeInDatetimeUTC(datetime_t)
                0x00000000c001714f                rtcIRQHandler(regs*, void*)
                0x00000000c0017194                RTC::RTC()
                0x00000000c0017194                RTC::RTC()
 *fill*         0x00000000c001724d        0x3 
 .text          0x00000000c0017250      0x203 arch/i386/vga.32
                0x00000000c0017250                HalConsoleScroll(int, int)
                0x00000000c0017358                HalConsoleWriteCharacter(char, int, int, int, int)
                0x00000000c00173c4                HalConsoleCursorUpdate(int, int)
 *fill*         0x00000000c0017453        0x1 
 .text          0x00000000c0017454     0x13e7 fs/fat/vfslink.32
                0x00000000c0017454                FAT::getName()
                0x00000000c001745c                FAT::tell(void*, unsigned long long*)
                0x00000000c0017498                FAT::stat(void*, unsigned long long*)
                0x00000000c00174d4                FAT::~FAT()
                0x00000000c00174d4                FAT::~FAT()
                0x00000000c00174f8                FAT::~FAT()
                0x00000000c0017520                FAT::getlabel(LogicalDisk*, int, char*, unsigned int*)
                0x00000000c00175c4                FAT::setlabel(LogicalDisk*, int, char*)
                0x00000000c0017688                FAT::format(LogicalDisk*, int, char const*, int)
                0x00000000c001785c                FAT::tryMount(LogicalDisk*, int)
                0x00000000c0017a74                FAT::allocateSwapfile(char const*, int)
                0x00000000c0017c34                FAT::readDir(void*, unsigned long, void*, int*)
                0x00000000c0017da0                FAT::read(void*, unsigned long, void*, int*)
                0x00000000c0017e00                FAT::write(void*, unsigned long, void*, int*)
                0x00000000c0017e60                FAT::close(void*)
                0x00000000c0017eb4                FAT::closeDir(void*)
                0x00000000c0017f08                FAT::seek(void*, unsigned long long)
                0x00000000c0017f60                fatWrapperReadDisk
                0x00000000c0017fa4                fatWrapperWriteDisk
                0x00000000c0017fe8                fatWrapperIoctl
                0x00000000c0018104                FAT::FAT()
                0x00000000c0018104                FAT::FAT()
                0x00000000c0018158                FAT::fixFilepath(char*)
                0x00000000c0018194                FAT::open(char const*, void**, FileOpenMode)
                0x00000000c00182cc                FAT::openDir(char const*, void**)
                0x00000000c001837c                FAT::stat(char const*, unsigned long long*, bool*)
                0x00000000c0018474                FAT::unlink(char const*)
                0x00000000c00184f4                FAT::chfatattr(char const*, unsigned char, unsigned char)
                0x00000000c0018680                FAT::rename(char const*, char const*)
                0x00000000c001874c                FAT::mkdir(char const*)
                0x00000000c00187cc                FAT::exists(char const*)
 *fill*         0x00000000c001883b        0x1 
 .text          0x00000000c001883c       0x94 fs/iso9660/helper.32
                0x00000000c001883c                isoReadDiscSectorHelper
                0x00000000c0018898                iso_kprintf
                0x00000000c00188b4                iso_kprintfd
 .text          0x00000000c00188d0      0x6f8 fs/iso9660/vfslink.32
                0x00000000c00188d0                ISO9660::format(LogicalDisk*, int, char const*, int)
                0x00000000c00188d6                ISO9660::getName()
                0x00000000c00188dc                ISO9660::closeDir(void*)
                0x00000000c00188e6                ISO9660::chfatattr(char const*, unsigned char, unsigned char)
                0x00000000c00188ec                ISO9660::unlink(char const*)
                0x00000000c00188f2                ISO9660::write(void*, unsigned long, void*, int*)
                0x00000000c00188f8                ISO9660::rename(char const*, char const*)
                0x00000000c00188fe                ISO9660::mkdir(char const*)
                0x00000000c0018904                ISO9660::~ISO9660()
                0x00000000c0018904                ISO9660::~ISO9660()
                0x00000000c0018928                ISO9660::~ISO9660()
                0x00000000c0018950                ISO9660::exists(char const*)
                0x00000000c0018964                ISO9660::open(char const*, void**, FileOpenMode)
                0x00000000c0018a42                ISO9660::read(void*, unsigned long, void*, int*)
                0x00000000c0018a8a                ISO9660::seek(void*, unsigned long long)
                0x00000000c0018acc                ISO9660::tell(void*, unsigned long long*)
                0x00000000c0018b0a                ISO9660::stat(void*, unsigned long long*)
                0x00000000c0018b5c                ISO9660::stat(char const*, unsigned long long*, bool*)
                0x00000000c0018c94                ISO9660::close(void*)
                0x00000000c0018cc4                ISO9660::openDir(char const*, void**)
                0x00000000c0018d96                ISO9660::readDir(void*, unsigned long, void*, int*)
                0x00000000c0018eb3                readSectorFromCDROM(unsigned int, unsigned char*, char)
                0x00000000c0018f2e                ISO9660::tryMount(LogicalDisk*, int)
                0x00000000c0018fa0                ISO9660::ISO9660()
                0x00000000c0018fa0                ISO9660::ISO9660()
 .text          0x00000000c0018fc8      0x26c hal/sound/sndcard.32
                0x00000000c0018fc8                SoundCard::beginPlayback()
                0x00000000c0018fd6                SoundCard::stopPlayback()
                0x00000000c0018fe4                SoundCard::SoundCard(char const*)
                0x00000000c0018fe4                SoundCard::SoundCard(char const*)
                0x00000000c0019082                SoundCard::~SoundCard()
                0x00000000c0019082                SoundCard::~SoundCard()
                0x00000000c00190a6                SoundCard::~SoundCard()
                0x00000000c00190d0                SoundCard::configureRates(int, int, int)
                0x00000000c0019100                SoundCard::getSamples16(int, short*)
                0x00000000c001915c                SoundCard::getSamples32(int, int*)
                0x00000000c00191e2                SoundCard::addChannel(SoundPort*)
                0x00000000c0019220                SoundCard::removeChannel(int)
 .text          0x00000000c0019234      0x377 hal/sound/sndport.32
                0x00000000c0019234                SoundPort::SoundPort(int, int, int, int)
                0x00000000c0019234                SoundPort::SoundPort(int, int, int, int)
                0x00000000c00192c0                SoundPort::~SoundPort()
                0x00000000c00192c0                SoundPort::~SoundPort()
                0x00000000c00192f4                SoundPort::unpause()
                0x00000000c0019300                SoundPort::pause()
                0x00000000c001930c                SoundPort::getBufferUsed()
                0x00000000c0019314                SoundPort::getBufferSize()
                0x00000000c001931c                SoundPort::buffer16(short*, int)
                0x00000000c00193a8                SoundPort::buffer32(int*, int)
                0x00000000c0019430                SoundPort::unbufferAndAdd16(int, short*, SoundCard*)
                0x00000000c00194f4                SoundPort::unbufferAndAdd32(int, int*, SoundCard*)
 .text          0x00000000c00195ab        0x0 hw/bus/isa.32
 *fill*         0x00000000c00195ab        0x1 
 .text          0x00000000c00195ac      0xb83 hw/bus/pci.32
                0x00000000c00195ac                PCI::open(int, int, void*)
                0x00000000c00195ca                PCI::close(int, int, void*)
                0x00000000c00195ce                PCI::PCI()
                0x00000000c00195ce                PCI::PCI()
                0x00000000c0019668                PCI::readBAR8(unsigned int, int)
                0x00000000c0019684                PCI::readBAR16(unsigned int, int)
                0x00000000c00196a2                PCI::readBAR32(unsigned int, int)
                0x00000000c00196be                PCI::writeBAR8(unsigned int, unsigned char, int)
                0x00000000c00196de                PCI::writeBAR16(unsigned int, unsigned short, int)
                0x00000000c0019700                PCI::writeBAR32(unsigned int, unsigned int, int)
                0x00000000c0019720                PCI::legacyMechanism(unsigned char, unsigned char, unsigned char, unsigned char)
                0x00000000c001978e                PCI::pciReadWord(unsigned char, unsigned char, unsigned char, unsigned char)
                0x00000000c0019836                PCI::getVendorID(unsigned char, unsigned char, unsigned char)
                0x00000000c001985a                PCI::getHeaderType(unsigned char, unsigned char, unsigned char)
                0x00000000c0019882                PCI::getClassCode(unsigned char, unsigned char, unsigned char)
                0x00000000c00198cc                PCI::getProgIF(unsigned char, unsigned char, unsigned char)
                0x00000000c00198f4                PCI::getRevisionID(unsigned char, unsigned char, unsigned char)
                0x00000000c0019918                PCI::getInterruptNumber(unsigned char, unsigned char, unsigned char)
                0x00000000c001993c                PCI::getSecondaryBus(unsigned char, unsigned char, unsigned char)
                0x00000000c0019964                PCI::getBARAddress(unsigned char, unsigned char, unsigned char, unsigned char)
                0x00000000c00199c8                PCI::pciWriteWord(unsigned char, unsigned char, unsigned char, unsigned char, unsigned short)
                0x00000000c0019ab0                PCI::pciDetailsToFilepath(PCIDeviceInfo, char*)
                0x00000000c0019d64                PCI::checkBus(unsigned char)
                0x00000000c0019d8a                PCI::foundDevice(PCIDeviceInfo)
                0x00000000c0019efc                PCI::getDeviceData(unsigned char, unsigned char, unsigned char)
                0x00000000c001a070                PCI::checkDevice(unsigned char, unsigned char)
                0x00000000c001a0dc                PCI::detect()
 *fill*         0x00000000c001a12f        0x1 
 .text          0x00000000c001a130      0xb5a hw/diskctrl/ide.32
                0x00000000c001a130                IDE::close(int, int, void*)
                0x00000000c001a134                IDE::IDE()
                0x00000000c001a134                IDE::IDE()
                0x00000000c001a168                IDE::prepareInterrupt(unsigned char)
                0x00000000c001a17a                selectDrive(unsigned char, unsigned char)
                0x00000000c001a17c                IDE::getBase(unsigned char)
                0x00000000c001a18e                IDE::write(unsigned char, unsigned char, unsigned char)
                0x00000000c001a24e                IDE::read(unsigned char, unsigned char)
                0x00000000c001a2fc                IDE::waitInterrupt(unsigned char)
                0x00000000c001a364                ideChannel0IRQHandler(regs*, void*)
                0x00000000c001a380                ideChannel1IRQHandler(regs*, void*)
                0x00000000c001a39c                IDE::enableIRQs(unsigned char, bool)
                0x00000000c001a3e2                IDE::open(int, int, void*)
                0x00000000c001a7f0                IDE::readBuffer(unsigned char, unsigned char, unsigned int, unsigned int)
                0x00000000c001a8bc                IDE::detect()
                0x00000000c001ab7c                IDE::printError(unsigned char, unsigned char, unsigned char)
                0x00000000c001ac2c                IDE::polling(unsigned char, unsigned int)
 .text          0x00000000c001ac8a      0x32a hw/diskctrl/satabus.32
                0x00000000c001ac8a                SATABus::close(int, int, void*)
                0x00000000c001ac8e                SATABus::detect()
                0x00000000c001ac90                SATABus::SATABus()
                0x00000000c001ac90                SATABus::SATABus()
                0x00000000c001ad16                SATABus::findCmdslot(SATABus::tagHBA_PORT volatile*)
                0x00000000c001ad48                SATABus::checkType(SATABus::tagHBA_PORT volatile*)
                0x00000000c001ad90                SATABus::startCmd(SATABus::tagHBA_PORT volatile*)
                0x00000000c001adb0                SATABus::stopCmd(SATABus::tagHBA_PORT volatile*)
                0x00000000c001adda                SATABus::portRebase(SATABus::tagHBA_PORT volatile*, int)
                0x00000000c001aeea                SATABus::probePort(SATABus::tagHBA_MEM volatile*)
                0x00000000c001af94                SATABus::open(int, int, void*)
 .text          0x00000000c001afb4      0x921 hw/diskphys/ata.32
                0x00000000c001afb4                ATA::close(int, int, void*)
                0x00000000c001afd8                ATA::powerSaving(PowerSavingLevel)
                0x00000000c001afda                ATA::ATA()
                0x00000000c001afda                ATA::ATA()
                0x00000000c001b008                ATA::flush(bool)
                0x00000000c001b052                ATA::readyForCommand()
                0x00000000c001b09e                ATA::access(unsigned long long, int, void*, bool)
                0x00000000c001b41a                ATA::detectCHS()
                0x00000000c001b444                ATA::open(int, int, void*)
                0x00000000c001b510                combineCharAndColour(char, unsigned char)
                0x00000000c001b521                combineColours(unsigned char, unsigned char)
                0x00000000c001b52e                ATA::read(unsigned long long, int, void*)
                0x00000000c001b704                ATA::write(unsigned long long, int, void*)
 *fill*         0x00000000c001b8d5        0x1 
 .text          0x00000000c001b8d6      0x60e hw/diskphys/atapi.32
                0x00000000c001b8d6                ATAPI::write(unsigned long long, int, void*)
                0x00000000c001b8dc                ATAPI::close(int, int, void*)
                0x00000000c001b900                ATAPI::ATAPI()
                0x00000000c001b900                ATAPI::ATAPI()
                0x00000000c001b92e                ATAPI::readyForCommand()
                0x00000000c001b980                ATAPI::sendPacket(unsigned char*, int, bool, unsigned short*, int)
                0x00000000c001bc40                ATAPI::diskRemoved()
                0x00000000c001bc7a                ATAPI::eject()
                0x00000000c001bcc2                ATAPI::diskInserted()
                0x00000000c001bcce                ATAPI::detectMedia()
                0x00000000c001bd8a                ATAPI::open(int, int, void*)
                0x00000000c001be6a                ATAPI::read(unsigned long long, int, void*)
 .text          0x00000000c001bee4      0x7ff hw/diskphys/sata.32
                0x00000000c001bee4                SATA::close(int, int, void*)
                0x00000000c001bf08                SATA::powerSaving(PowerSavingLevel)
                0x00000000c001bf0a                SATA::open(int, int, void*)
                0x00000000c001bfb4                SATA::SATA()
                0x00000000c001bfb4                SATA::SATA()
                0x00000000c001bfe2                SATA::access(unsigned long long, int, void*, bool)
                0x00000000c001c22e                SATA::read(unsigned long long, int, void*)
                0x00000000c001c47e                SATA::write(unsigned long long, int, void*)
 *fill*         0x00000000c001c6e3        0x1 
 .text          0x00000000c001c6e4      0x5c6 hw/diskphys/satapi.32
                0x00000000c001c6e4                SATAPI::write(unsigned long long, int, void*)
                0x00000000c001c6ea                SATAPI::close(int, int, void*)
                0x00000000c001c70e                SATAPI::SATAPI()
                0x00000000c001c70e                SATAPI::SATAPI()
                0x00000000c001c73c                SATAPI::diskRemoved()
                0x00000000c001c73e                SATAPI::diskInserted()
                0x00000000c001c75a                SATAPI::sendPacket(unsigned char*, int, unsigned long long, unsigned short*, int)
                0x00000000c001ca2e                SATAPI::eject()
                0x00000000c001ca6a                SATAPI::detectMedia()
                0x00000000c001cac0                SATAPI::open(int, int, void*)
                0x00000000c001cbc0                SATAPI::read(unsigned long long, int, void*)
 .text          0x00000000c001ccaa      0x455 hw/intctrl/apic.32
                0x00000000c001ccaa                IOAPIC::close(int, int, void*)
                0x00000000c001ccb0                apicGetBase()
                0x00000000c001ccf2                IOAPIC::IOAPIC()
                0x00000000c001ccf2                IOAPIC::IOAPIC()
                0x00000000c001cd1a                apicOpen()
                0x00000000c001ce80                IOAPIC::handlesGSIWithNumber(unsigned int)
                0x00000000c001ceb2                IOAPIC::read(int)
                0x00000000c001ceda                IOAPIC::open(int, int, void*)
                0x00000000c001cfce                IOAPIC::write(int, int)
                0x00000000c001cffa                IOAPIC::redirect(unsigned char, unsigned long long, unsigned char, bool, bool)
 *fill*         0x00000000c001d0ff        0x1 
 .text          0x00000000c001d100       0xf0 hw/timer/apictimer.32
                0x00000000c001d100                APICTimer::close(int, int, void*)
                0x00000000c001d108                apicTimerHandler(regs*, void*)
                0x00000000c001d130                APICTimer::open(int, int, void*)
                0x00000000c001d1a0                APICTimer::write(int)
                0x00000000c001d1c8                APICTimer::APICTimer()
                0x00000000c001d1c8                APICTimer::APICTimer()
 .text          0x00000000c001d1f0      0x1aa hw/timer/pit.32
                0x00000000c001d1f0                PIT::write(int)
                0x00000000c001d274                pitHandler(regs*, void*)
                0x00000000c001d298                PIT::open(int, int, void*)
                0x00000000c001d2e8                PIT::close(int, int, void*)
                0x00000000c001d318                PIT::PIT()
                0x00000000c001d318                PIT::PIT()
 *fill*         0x00000000c001d39a        0x6 
 .text          0x00000000c001d3a0       0x83 arch/i386/avx.32
                0x00000000c001d3a0                avxDetect
                0x00000000c001d3ca                avxSave
                0x00000000c001d3db                avxLoad
                0x00000000c001d3ec                avxInit
                0x00000000c001d40e                avxClose
                0x00000000c001d40f                wouldSheSayYes
 *fill*         0x00000000c001d423        0xd 
 .text          0x00000000c001d430      0x2ec arch/i386/interrupt.32
                0x00000000c001d430                isr0
                0x00000000c001d440                isr1
                0x00000000c001d44a                isr2
                0x00000000c001d454                isr3
                0x00000000c001d45e                isr4
                0x00000000c001d468                isr5
                0x00000000c001d472                isr6
                0x00000000c001d47c                isr7
                0x00000000c001d486                isr8
                0x00000000c001d48e                isr9
                0x00000000c001d498                isr10
                0x00000000c001d4a0                isr11
                0x00000000c001d4a8                isr12
                0x00000000c001d4b0                isr13
                0x00000000c001d4ca                isr14
                0x00000000c001d4d2                isr15
                0x00000000c001d4dc                isr16
                0x00000000c001d4e6                isr17
                0x00000000c001d4f0                isr18
                0x00000000c001d4fa                irq3
                0x00000000c001d504                irq4
                0x00000000c001d50e                irq5
                0x00000000c001d518                irq6
                0x00000000c001d522                irq7
                0x00000000c001d52c                irq8
                0x00000000c001d536                irq9
                0x00000000c001d540                irq10
                0x00000000c001d54a                irq11
                0x00000000c001d554                irq12
                0x00000000c001d55e                irq13
                0x00000000c001d568                irq14
                0x00000000c001d572                irq15
                0x00000000c001d57c                irq1
                0x00000000c001d583                irq2
                0x00000000c001d58a                isr96
                0x00000000c001d591                irq0
                0x00000000c001d596                int_common_stub
                0x00000000c001d5c8                syscall_common_stub
                0x00000000c001d6cc                irq16
                0x00000000c001d6d6                irq17
                0x00000000c001d6e0                irq18
                0x00000000c001d6ea                irq19
                0x00000000c001d6f4                irq20
                0x00000000c001d6fe                irq21
                0x00000000c001d708                irq22
                0x00000000c001d712                irq23
 *fill*         0x00000000c001d71c        0x4 
 .text          0x00000000c001d720       0x10 arch/i386/rdrand.32
                0x00000000c001d720                i386GetRDRAND
 .text          0x00000000c001d730       0x39 arch/i386/sse.32
                0x00000000c001d730                absolutelyNoChanceInHell
                0x00000000c001d730                sseDetect
                0x00000000c001d748                sseSave
                0x00000000c001d750                sseLoad
                0x00000000c001d758                sseInit
                0x00000000c001d768                sseClose
 *fill*         0x00000000c001d769        0x7 
 .text          0x00000000c001d770       0x49 arch/i386/x87.32
                0x00000000c001d776                x87Detect
                0x00000000c001d791                x87Save
                0x00000000c001d798                x87Load
                0x00000000c001d79f                x87Init
                0x00000000c001d7b8                x87Close
 *fill*         0x00000000c001d7b9        0x3 
 .text          0x00000000c001d7bc       0x25 /cygdrive/d/Users/Alex/Desktop/Toolchain/Output/bin/../lib/gcc/i386-banana/8.1.0/crtend.o
 .text          0x00000000c001d7e1        0x0 crtn.32
 *fill*         0x00000000c001d7e1        0x3 
 .text          0x00000000c001d7e4      0x14b /cygdrive/d/Users/Alex/Desktop/Toolchain/Output/bin/../lib/gcc/i386-banana/8.1.0/libkgcc.a(_divdi3.o)
                0x00000000c001d7e4                __divdi3
 *fill*         0x00000000c001d92f        0x1 
 .text          0x00000000c001d930      0x17e /cygdrive/d/Users/Alex/Desktop/Toolchain/Output/bin/../lib/gcc/i386-banana/8.1.0/libkgcc.a(_moddi3.o)
                0x00000000c001d930                __moddi3
 *fill*         0x00000000c001daae        0x2 
 .text          0x00000000c001dab0       0xff /cygdrive/d/Users/Alex/Desktop/Toolchain/Output/bin/../lib/gcc/i386-banana/8.1.0/libkgcc.a(_udivdi3.o)
                0x00000000c001dab0                __udivdi3
 *fill*         0x00000000c001dbaf        0x1 
 .text          0x00000000c001dbb0      0x11a /cygdrive/d/Users/Alex/Desktop/Toolchain/Output/bin/../lib/gcc/i386-banana/8.1.0/libkgcc.a(_umoddi3.o)
                0x00000000c001dbb0                __umoddi3
 *(.gnu.linkonce.t*)

.iplt           0x00000000c001dcd0        0x0
 .iplt          0x00000000c001dcd0        0x0 D:/Users/Alex/Desktop/Banana/kernel/boot.32

.init           0x00000000c001dcca        0xf
 .init          0x00000000c001dcca        0x3 crti.32
                0x00000000c001dcca                _init
 .init          0x00000000c001dccd        0x5 /cygdrive/d/Users/Alex/Desktop/Toolchain/Output/bin/../lib/gcc/i386-banana/8.1.0/crtbegin.o
 .init          0x00000000c001dcd2        0x5 /cygdrive/d/Users/Alex/Desktop/Toolchain/Output/bin/../lib/gcc/i386-banana/8.1.0/crtend.o
 .init          0x00000000c001dcd7        0x2 crtn.32

.fini           0x00000000c001dcd9        0xa
 .fini          0x00000000c001dcd9        0x3 crti.32
                0x00000000c001dcd9                _fini
 .fini          0x00000000c001dcdc        0x5 /cygdrive/d/Users/Alex/Desktop/Toolchain/Output/bin/../lib/gcc/i386-banana/8.1.0/crtbegin.o
 .fini          0x00000000c001dce1        0x2 crtn.32

.text._ZN8ComputerD2Ev
                0x00000000c001dce4       0x23
 .text._ZN8ComputerD2Ev
                0x00000000c001dce4       0x23 core/computer.32
                0x00000000c001dce4                Computer::~Computer()
                0x00000000c001dce4                Computer::~Computer()

.text._ZN8ComputerD0Ev
                0x00000000c001dd08       0x2a
 .text._ZN8ComputerD0Ev