Archive member included to satisfy reference by file (symbol)

/cygdrive/d/Users/Alex/Desktop/Toolchain/Output/bin/../lib/gcc/i386-banana/8.1.0/libkgcc.a(_divdi3.o)
                              fs/fat/ff.32 (__divdi3)
/cygdrive/d/Users/Alex/Desktop/Toolchain/Output/bin/../lib/gcc/i386-banana/8.1.0/libkgcc.a(_moddi3.o)
                              thr/elf.32 (__moddi3)
/cygdrive/d/Users/Alex/Desktop/Toolchain/Output/bin/../lib/gcc/i386-banana/8.1.0/libkgcc.a(_udivdi3.o)
                              fs/fat/ff.32 (__udivdi3)
/cygdrive/d/Users/Alex/Desktop/Toolchain/Output/bin/../lib/gcc/i386-banana/8.1.0/libkgcc.a(_umoddi3.o)
                              core/pipe.32 (__umoddi3)
D:/Users/Alex/Desktop/Banana/kernel/libsoftfp.a(sfieeelib.o)
                              hal/sound/sndhw.32 (__addsf3)
D:/Users/Alex/Desktop/Banana/kernel/libsoftfp.a(dfieeelib.o)
                              hal/libresample/src_linear.32 (__adddf3)
D:/Users/Alex/Desktop/Banana/kernel/libsoftfp.a(sfdfcvt.o)
                              hal/libresample/samplerate.32 (__truncdfsf2)
D:/Users/Alex/Desktop/Banana/kernel/libk/libm32.a(s_fabs.c.o)
                              hal/libresample/samplerate.32 (fabs)
D:/Users/Alex/Desktop/Banana/kernel/libk/libm32.a(s_lrint.S.o)
                              hal/libresample/samplerate.32 (lrint)
D:/Users/Alex/Desktop/Banana/kernel/libk/libm32.a(s_lrintf.S.o)
                              hal/sound/sndhw.32 (lrintf)

Discarded input sections

 .comment       0x0000000000000000       0x12 /cygdrive/d/Users/Alex/Desktop/Toolchain/Output/bin/../lib/gcc/i386-banana/8.1.0/crtbegin.o
 .comment       0x0000000000000000       0x12 acpica/utclib.32
 .comment       0x0000000000000000       0x12 core/malloc.32
 .comment       0x0000000000000000       0x12 libk/string.32
 .comment       0x0000000000000000       0x12 fs/fat/diskio.32
 .comment       0x0000000000000000       0x12 fs/fat/ff.32
 .comment       0x0000000000000000       0x12 fs/fat/ffsystem.32
 .comment       0x0000000000000000       0x12 fs/fat/ffunicode.32
 .comment       0x0000000000000000       0x12 hal/libresample/samplerate.32
 .comment       0x0000000000000000       0x12 hal/libresample/src_linear.32
 .comment       0x0000000000000000       0x12 hal/libresample/src_sinc.32
 .comment       0x0000000000000000       0x12 hal/libresample/src_zoh.32
 .comment       0x0000000000000000       0x12 compat/inlines.32
 .group         0x0000000000000000       0x14 core/computer.32
 .group         0x0000000000000000        0xc core/computer.32
 .comment       0x0000000000000000       0x12 core/computer.32
 .comment       0x0000000000000000       0x12 core/gdt.32
 .group         0x0000000000000000        0xc core/idle.32
 .comment       0x0000000000000000       0x12 core/idle.32
 .comment       0x0000000000000000       0x12 core/idt.32
 .comment       0x0000000000000000       0x12 core/kheap.32
 .comment       0x0000000000000000       0x12 core/main.32
 .comment       0x0000000000000000       0x12 core/physmgr.32
 .group         0x0000000000000000        0xc core/pipe.32
 .comment       0x0000000000000000       0x12 core/pipe.32
 .group         0x0000000000000000        0xc core/terminal.32
 .comment       0x0000000000000000       0x12 core/terminal.32
 .comment       0x0000000000000000       0x12 core/tss.32
 .group         0x0000000000000000        0x8 core/unixfile.32
 .group         0x0000000000000000        0xc core/unixfile.32
 .group         0x0000000000000000        0xc core/unixfile.32
 .group         0x0000000000000000        0x8 core/unixfile.32
 .group         0x0000000000000000        0xc core/unixfile.32
 .group         0x0000000000000000        0x8 core/unixfile.32
 .group         0x0000000000000000        0xc core/unixfile.32
 .group         0x0000000000000000        0xc core/unixfile.32
 .comment       0x0000000000000000       0x12 core/unixfile.32
 .comment       0x0000000000000000       0x12 core/virtmgr.32
 .comment       0x0000000000000000       0x12 coreobjs/c++.32
 .comment       0x0000000000000000       0x12 dbg/kconsole.32
 .group         0x0000000000000000        0xc fs/vfs.32
 .group         0x0000000000000000        0xc fs/vfs.32
 .group         0x0000000000000000        0xc fs/vfs.32
 .comment       0x0000000000000000       0x12 fs/vfs.32
 .group         0x0000000000000000        0xc hal/bus.32
 .comment       0x0000000000000000       0x12 hal/bus.32
 .group         0x0000000000000000        0xc hal/buzzer.32
 .comment       0x0000000000000000       0x12 hal/buzzer.32
 .group         0x0000000000000000        0xc hal/clock.32
 .comment       0x0000000000000000       0x12 hal/clock.32
 .group         0x0000000000000000       0x14 hal/device.32
 .group         0x0000000000000000        0xc hal/device.32
 .group         0x0000000000000000        0xc hal/device.32
 .group         0x0000000000000000        0xc hal/device.32
 .group         0x0000000000000000        0xc hal/device.32
[...]
Memory Configuration

Name             Origin             Length             Attributes
*default*        0x0000000000000000 0xffffffffffffffff

Linker script and memory map

LOAD D:/Users/Alex/Desktop/Banana/kernel/boot.32
LOAD crti.32
LOAD /cygdrive/d/Users/Alex/Desktop/Toolchain/Output/bin/../lib/gcc/i386-banana/8.1.0/crtbegin.o
LOAD D:/Users/Alex/Desktop/Banana/kernel/morenasm.32
LOAD acpica/utclib.32
LOAD core/malloc.32
LOAD libk/string.32
LOAD fs/fat/diskio.32
LOAD fs/fat/ff.32
LOAD fs/fat/ffsystem.32
LOAD fs/fat/ffunicode.32
LOAD hal/libresample/samplerate.32
LOAD hal/libresample/src_linear.32
LOAD hal/libresample/src_sinc.32
LOAD hal/libresample/src_zoh.32
LOAD compat/inlines.32
LOAD core/computer.32
LOAD core/gdt.32
LOAD core/idle.32
LOAD core/idt.32
LOAD core/kheap.32
LOAD core/main.32
LOAD core/physmgr.32
LOAD core/pipe.32
LOAD core/terminal.32
LOAD core/tss.32
LOAD core/unixfile.32
LOAD core/virtmgr.32
LOAD coreobjs/c++.32
LOAD dbg/kconsole.32
LOAD fs/vfs.32
LOAD hal/bus.32
LOAD hal/buzzer.32
LOAD hal/clock.32
LOAD hal/device.32
LOAD hal/diskctrl.32
LOAD hal/diskphys.32
LOAD hal/fpu.32
LOAD hal/intctrl.32
LOAD hal/keybrd.32
LOAD hal/logidisk.32
LOAD hal/mouse.32
LOAD hal/partition.32
LOAD hal/serial.32
LOAD hal/timer.32
LOAD hal/vcache.32
LOAD hal/video.32
LOAD hw/acpi.32
LOAD hw/cpu.32
LOAD hw/ports.32
LOAD krnl/env.32
LOAD krnl/panic.32
LOAD net/ethernet.32
LOAD reg/registry.32
LOAD sys/sc_exit.32
LOAD sys/sc_getcwd.32
LOAD sys/sc_getpid.32
LOAD sys/sc_loaddll.32
LOAD sys/sc_read.32
LOAD sys/sc_sbrk.32
LOAD sys/sc_setcwd.32
LOAD sys/sc_settime.32
LOAD sys/sc_timezone.32
LOAD sys/sc_write.32
LOAD sys/sc_yield.32
LOAD sys/syscalls.32
LOAD thr/elf.32
LOAD thr/prcssthr.32
LOAD vm86/vm8086.32
LOAD vm86/x87em.32
LOAD fs/fat/vfslink.32
LOAD fs/iso9660/vfslink.32
LOAD hal/sound/sndchannel.32
LOAD hal/sound/sndhw.32
LOAD hw/bus/isa.32
LOAD hw/bus/pci.32
LOAD hw/diskctrl/ide.32
LOAD hw/diskctrl/satabus.32
LOAD hw/diskphys/ata.32
LOAD hw/diskphys/atapi.32
LOAD hw/diskphys/sata.32
LOAD hw/fpu/avx.32
LOAD hw/fpu/mmx.32
LOAD hw/fpu/sse.32
LOAD hw/fpu/x87.32
LOAD hw/intctrl/apic.32
LOAD hw/intctrl/pic.32
LOAD hw/timer/apictimer.32
LOAD hw/timer/pit.32
LOAD hw/fpu/x86/avx.32
LOAD hw/fpu/x86/sse.32
LOAD hw/fpu/x86/x87.32
LOAD /cygdrive/d/Users/Alex/Desktop/Toolchain/Output/bin/../lib/gcc/i386-banana/8.1.0/crtend.o
LOAD crtn.32
LOAD /cygdrive/d/Users/Alex/Desktop/Toolchain/Output/bin/../lib/gcc/i386-banana/8.1.0/libkgcc.a
LOAD D:/Users/Alex/Desktop/Banana/kernel/libsoftfp.a
LOAD D:/Users/Alex/Desktop/Banana/kernel/libk/libm32.a
                0x00000000c0000000                . = 0xc0000000

.text           0x00000000c0000000    0x271e8
 *(.text)
 .text          0x00000000c0000000       0x41 D:/Users/Alex/Desktop/Banana/kernel/boot.32
                0x00000000c0000020                callGlobalConstructors
 .text          0x00000000c0000041        0x0 crti.32
 *fill*         0x00000000c0000041        0x3 
 .text          0x00000000c0000044      0x101 /cygdrive/d/Users/Alex/Desktop/Toolchain/Output/bin/../lib/gcc/i386-banana/8.1.0/crtbegin.o
 *fill*         0x00000000c0000145        0xb 
 .text          0x00000000c0000150      0x4a2 D:/Users/Alex/Desktop/Banana/kernel/morenasm.32
                0x00000000c0000150                prepareTramp
                0x00000000c0000169                voodooXADD
                0x00000000c0000234                doTPAUSE
                0x00000000c000023e                hasLegacyFPU
                0x00000000c0000263                is486
                0x00000000c0000299                detectCPUID
                0x00000000c00002af                goToVM86
                0x00000000c00002df                goToUsermode
                0x00000000c0000309                switchToThreadASMFirstTime
                0x00000000c0000317                switchToThreadASM
                0x00000000c000039f                asmQuickAcquireLock
                0x00000000c00003bd                asmQuickReleaseLock
                0x00000000c00003c9                asmAcquireLock
                0x00000000c00003ea                asmReleaseLock
                0x00000000c00003fd                loadGDT
                0x00000000c000041d                isr0
                0x00000000c000042d                isr1
                0x00000000c0000437                isr2
                0x00000000c0000441                isr3
                0x00000000c000044b                isr4
                0x00000000c0000455                isr5
                0x00000000c000045f                isr6
                0x00000000c0000469                isr7
                0x00000000c0000473                isr8
                0x00000000c000047b                isr9
                0x00000000c0000485                isr10
                0x00000000c000048d                isr11
                0x00000000c0000495                isr12
                0x00000000c000049d                isr13
                0x00000000c00004a5                isr14
                0x00000000c00004ad                isr15
                0x00000000c00004b7                isr16
                0x00000000c00004c1                isr17
                0x00000000c00004cb                isr18
                0x00000000c00004d5                irq3
                0x00000000c00004df                irq4
                0x00000000c00004e9                irq5
                0x00000000c00004f3                irq6
                0x00000000c00004fd                irq7
                0x00000000c0000507                irq8
                0x00000000c0000511                irq9
                0x00000000c000051b                irq10
                0x00000000c0000525                irq11
                0x00000000c000052f                irq12
                0x00000000c0000539                irq13
                0x00000000c0000543                irq14
                0x00000000c000054d                irq15
                0x00000000c0000557                irq1
                0x00000000c000055e                irq2
                0x00000000c0000565                isr96
                0x00000000c000056c                irq0
                0x00000000c0000571                syscall_common_stub
                0x00000000c0000571                int_common_stub
                0x00000000c00005a2                irq16
                0x00000000c00005ac                irq17
                0x00000000c00005b6                irq18
                0x00000000c00005c0                irq19
                0x00000000c00005ca                irq20
                0x00000000c00005d4                irq21
                0x00000000c00005de                irq22
                0x00000000c00005e8                irq23
 .text          0x00000000c00005f2      0x40f acpica/utclib.32
                0x00000000c00005f2                memcmp
                0x00000000c000061d                memmove
                0x00000000c0000655                memcpy
                0x00000000c000068b                memset
                0x00000000c00006a8                strlen
                0x00000000c00006b8                strpbrk
                0x00000000c00006db                strtok
                0x00000000c000072a                strcpy
                0x00000000c000074a                strncpy
                0x00000000c000077b                strcmp
                0x00000000c000079c                strchr
                0x00000000c00007b2                strncmp
                0x00000000c00007e1                strcat
                0x00000000c0000808                strncat
                0x00000000c0000842                strstr
                0x00000000c000087f                toupper
                0x00000000c0000893                tolower
                0x00000000c00008a7                simple_strtoul
 .text          0x00000000c0000a01      0xfbf core/malloc.32
                0x00000000c0000b6c                dlfree
                0x00000000c0000ec7                dlmalloc
                0x00000000c0001404                dlrealloc
                0x00000000c00015b9                dlmemalign
                0x00000000c00016dc                dlcalloc
                0x00000000c0001776                dlcfree
                0x00000000c000177b                dlindependent_calloc
                0x00000000c00017a0                dlindependent_comalloc
                0x00000000c00017b7                dlvalloc
                0x00000000c00017e2                dlpvalloc
                0x00000000c0001818                dlmalloc_trim
                0x00000000c0001825                dlmalloc_usable_size
                0x00000000c0001856                dlmallinfo
                0x00000000c0001925                dlmalloc_stats
                0x00000000c0001936                dlmallopt
 .text          0x00000000c00019c0        0x0 libk/string.32
 .text          0x00000000c00019c0       0x51 fs/fat/diskio.32
                0x00000000c00019c0                disk_status
                0x00000000c00019c3                disk_initialize
                0x00000000c00019c6                disk_read
                0x00000000c00019dc                disk_write
                0x00000000c00019f2                disk_ioctl
 .text          0x00000000c0001a11     0x6833 fs/fat/ff.32
                0x00000000c0004cdf                f_mount
                0x00000000c0004d41                f_open
                0x00000000c000517d                f_read
                0x00000000c00053fd                f_write
                0x00000000c00056b7                f_sync
                0x00000000c0005893                f_close
                0x00000000c00058c2                f_lseek
                0x00000000c0005d79                f_opendir
                0x00000000c0005e7b                f_closedir
                0x00000000c0005e9d                f_readdir
                0x00000000c0005f38                f_stat
                0x00000000c0005fc7                f_getfree
                0x00000000c0006192                f_truncate
                0x00000000c000628a                f_unlink
                0x00000000c000640d                f_mkdir
                0x00000000c0006639                f_rename
                0x00000000c000692c                f_chmod
                0x00000000c0006a0a                f_utime
                0x00000000c0006ae8                f_getlabel
                0x00000000c0006cd6                f_setlabel
                0x00000000c0006f43                f_forward
                0x00000000c0007121                f_mkfs
 .text          0x00000000c0008244       0x2d fs/fat/ffsystem.32
                0x00000000c0008244                ff_memalloc
                0x00000000c000825a                ff_memfree
 .text          0x00000000c0008271      0x253 fs/fat/ffunicode.32
                0x00000000c0008271                ff_uni2oem
                0x00000000c0008301                ff_oem2uni
                0x00000000c000836d                ff_wtoupper
 .text          0x00000000c00084c4      0x8fb hal/libresample/samplerate.32
                0x00000000c0008508                src_delete
                0x00000000c0008544                src_process
                0x00000000c00086fa                src_callback_read
                0x00000000c0008877                src_set_ratio
                0x00000000c00088e1                src_get_channels
                0x00000000c0008903                src_reset
                0x00000000c000894f                src_new
                0x00000000c00089dd                src_callback_new
                0x00000000c0008a3f                src_get_name
                0x00000000c0008a76                src_get_description
                0x00000000c0008aad                src_get_version
                0x00000000c0008ab3                src_is_valid_ratio
                0x00000000c0008b07                src_error
                0x00000000c0008b15                src_strerror
                0x00000000c0008b28                src_simple
                0x00000000c0008b7b                src_short_to_float_array
                0x00000000c0008be0                src_float_to_short_array
                0x00000000c0008c9f                src_int_to_float_array
                0x00000000c0008d02                src_float_to_int_array
 .text          0x00000000c0008dbf      0x8cb hal/libresample/src_linear.32
                0x00000000c00095e5                linear_get_name
                0x00000000c00095f4                linear_get_description
                0x00000000c0009603                linear_set_converter
 .text          0x00000000c000968a     0x447c hal/libresample/src_sinc.32
                0x00000000c000da1d                sinc_get_name
                0x00000000c000da30                sinc_get_description
                0x00000000c000da43                sinc_set_converter
 .text          0x00000000c000db06      0x77c hal/libresample/src_zoh.32
                0x00000000c000e1dd                zoh_get_name
                0x00000000c000e1ec                zoh_get_description
                0x00000000c000e1fb                zoh_set_converter
 .text          0x00000000c000e282       0x23 compat/inlines.32
                0x00000000c000e282                CPU::current()
                0x00000000c000e28f                operator new(unsigned long)
 *fill*         0x00000000c000e2a5        0x1 
 .text          0x00000000c000e2a6      0xa11 core/computer.32
                0x00000000c000e2a6                Computer::close(int, int, void*)
                0x00000000c000e2ea                Computer::Computer()
                0x00000000c000e2ea                Computer::Computer()
                0x00000000c000e446                Computer::setBootMessage(char const*)
                0x00000000c000e448                Computer::detectFeatures()
                0x00000000c000e652                Computer::displayFeatures()
                0x00000000c000e998                Computer::rdmsr(unsigned int)
                0x00000000c000e9c4                Computer::wrmsr(unsigned int, unsigned long long)
                0x00000000c000e9fc                Computer::nmiEnabled()
                0x00000000c000ea07                Krnl::firstTask()
                0x00000000c000eaf2                Computer::readCMOS(unsigned char)
                0x00000000c000eb0c                Computer::enableNMI(bool)
                0x00000000c000eb24                Computer::open(int, int, void*)
                0x00000000c000ebfa                Computer::disableNMI()
                0x00000000c000ec08                Computer::writeCMOS(unsigned char, unsigned char)
                0x00000000c000ec26                Computer::handleNMI()
                0x00000000c000ec8c                Computer::setDiskActivityLight(int, bool)
 *fill*         0x00000000c000ecb7        0x1 
 .text          0x00000000c000ecb8      0x1b7 core/gdt.32
                0x00000000c000ecb8                GDTEntry::setBase(unsigned int)
                0x00000000c000ecd4                GDTEntry::setLimit(unsigned int)
                0x00000000c000ecf2                GDT::GDT()
                0x00000000c000ecf2                GDT::GDT()
                0x00000000c000ed08                GDT::addEntry(GDTEntry)
                0x00000000c000ed44                GDT::getNumberOfEntries()
                0x00000000c000ed4c                GDT::flush()
                0x00000000c000ed6e                GDT::setup()
 .text          0x00000000c000ee6f       0x62 core/idle.32
                0x00000000c000ee6f                idleFunction(void*)
 *fill*         0x00000000c000eed1        0x1 
 .text          0x00000000c000eed2      0x45f core/idt.32
                0x00000000c000eed2                IDTEntry::IDTEntry(bool)
                0x00000000c000eed2                IDTEntry::IDTEntry(bool)
                0x00000000c000ef40                IDTEntry::setOffset(unsigned int)
                0x00000000c000ef54                IDT::IDT()
                0x00000000c000ef54                IDT::IDT()
                0x00000000c000ef56                IDT::getPointerToInvalidOpcodeEntryForF00F()
                0x00000000c000ef5e                IDT::addEntry(IDTEntry, int)
                0x00000000c000ef78                IDT::addEntry(int, void (*)(), bool)
                0x00000000c000efb0                IDT::flush()
                0x00000000c000efca                IDT::setup()
 .text          0x00000000c000f331      0x203 core/kheap.32
                0x00000000c000f331                sbrk
                0x00000000c000f43f                mmap
                0x00000000c000f455                munmap
                0x00000000c000f46b                liballoc_lock()
                0x00000000c000f47c                liballoc_unlock()
                0x00000000c000f48d                liballoc_alloc(int)
                0x00000000c000f4a8                liballoc_free(void*, int)
                0x00000000c000f4c6                realloc
                0x00000000c000f4da                malloc
                0x00000000c000f4ea                free
                0x00000000c000f4fa                rfree
                0x00000000c000f50a                calloc
 .text          0x00000000c000f534      0x456 core/main.32
                0x00000000c000f534                hwTextMode_loadInData(VgaText*)
                0x00000000c000f57f                hwTextMode_loadInTitle(VgaText*, char*)
                0x00000000c000f5fd                hwTextMode_showCursor(VgaText*, bool)
                0x00000000c000f65b                hwTextMode_update(VgaText*)
                0x00000000c000f65c                hwTextMode_updateCursor(VgaText*)
                0x00000000c000f6ad                hwTextMode_disableBlink(VgaText*, bool)
                0x00000000c000f6f3                hwTextMode_scrollScreen(VgaText*)
                0x00000000c000f7a0                hwTextMode_writeCharacter(VgaText*, char, VgaColour, VgaColour, int, int)
                0x00000000c000f822                setupTextMode()
                0x00000000c000f892                kernel_main
 .text          0x00000000c000f98a      0x54d core/physmgr.32
                0x00000000c000f98a                Phys::allocateDMA(unsigned long)
                0x00000000c000fa2d                Phys::freeDMA(unsigned long, unsigned long)
                0x00000000c000fa75                Phys::setPageState(unsigned long, bool)
                0x00000000c000faa7                Phys::getPageState(unsigned long)
                0x00000000c000fac3                Phys::freePage(unsigned long)
                0x00000000c000fb4d                Phys::allocatePage()
                0x00000000c000fc15                Phys::allocateContiguousPages(int)
                0x00000000c000fc6f                Phys::allowSegmentToBeUsed(unsigned long, unsigned long)
                0x00000000c000fca7                Phys::physicalMemorySetup(unsigned int)
 *fill*         0x00000000c000fed7        0x1 
 .text          0x00000000c000fed8      0x273 core/pipe.32
                0x00000000c000fed8                Pipe::isAtty()
                0x00000000c000fedc                Pipe::~Pipe()
                0x00000000c000fedc                Pipe::~Pipe()
                0x00000000c000ff00                Pipe::~Pipe()
                0x00000000c000ff28                Pipe::read(unsigned long long, void*, int*)
                0x00000000c001001c                Pipe::write(unsigned long long, void*, int*)
                0x00000000c00100e4                Pipe::Pipe(int)
                0x00000000c00100e4                Pipe::Pipe(int)
 *fill*         0x00000000c001014b        0x1 
 .text          0x00000000c001014c      0xf73 core/terminal.32
                0x00000000c001014c                VgaText::isAtty()
                0x00000000c0010150                VgaText::~VgaText()
                0x00000000c0010150                VgaText::~VgaText()
                0x00000000c0010174                VgaText::~VgaText()
                0x00000000c001019e                VgaText::read(unsigned long long, void*, int*)
                0x00000000c00101be                setTerminalScrollLock(bool)
                0x00000000c00101bf                addToTerminalCycle(VgaText*)
                0x00000000c00101ec                installVgaTextImplementation()
                0x00000000c0010201                scrollTerminalScrollLock(int)
                0x00000000c0010202                VgaText::load()
                0x00000000c0010256                VgaText::updateCursor()
                0x00000000c0010270                VgaText::showCursor(bool)
                0x00000000c0010280                VgaText::disableBlink(bool)
                0x00000000c00102ba                VgaText::doANSI_SGR(int)
                0x00000000c0010346                VgaText::setDefaultBgColour(VgaColour)
                0x00000000c001035c                VgaText::setDefaultFgColour(VgaColour)
                0x00000000c0010372                VgaText::setDefaultColours(VgaColour, VgaColour)
                0x00000000c0010392                VgaText::combineColours(unsigned char, unsigned char)
                0x00000000c00103a4                VgaText::scrollScreen()
                0x00000000c0010438                VgaText::combineCharAndColour(char, unsigned char)
                0x00000000c001044a                VgaText::writeCharacter(char, VgaColour, VgaColour, int, int)
                0x00000000c00104aa                VgaText::getCursorX()
                0x00000000c00104b6                VgaText::getCursorY()
                0x00000000c00104c2                VgaText::setCursor(int, int)
                0x00000000c00104e0                VgaText::setCursorX(int)
                0x00000000c00104fc                VgaText::setCursorY(int)
                0x00000000c0010518                VgaText::incrementCursor(bool)
                0x00000000c0010580                VgaText::updateRAMUsageDisplay(int)
                0x00000000c00105e4                VgaText::updateDiskUsage()
                0x00000000c001074e                VgaText::updateTitle()
                0x00000000c0010794                VgaText::setTitleTextColour(VgaColour)
                0x00000000c00107a4                VgaText::setTitleColour(VgaColour)
                0x00000000c00107b4                VgaText::setTitle(char*)
                0x00000000c00107da                VgaText::decrementCursor(bool)
                0x00000000c0010802                VgaText::putchar(char, VgaColour, VgaColour)
                0x00000000c00108fe                VgaText::isShowingCursor()
                0x00000000c001090a                VgaText::isBlinkDisabled()
                0x00000000c0010918                VgaText::setCursorHeight(int)
                0x00000000c0010936                VgaText::getCursorHeight()
                0x00000000c0010941                setActiveTerminal(VgaText*)
                0x00000000c00109f3                doTerminalCycle()
                0x00000000c0010a10                VgaText::doUpdate()
                0x00000000c0010a22                VgaText::puts(char const*, VgaColour, VgaColour)
                0x00000000c0010be2                VgaText::clearScreen()
                0x00000000c0010c46                VgaText::putchar(char)
                0x00000000c0010d60                VgaText::puts(char const*)
                0x00000000c0010d86                VgaText::putx(unsigned int)
                0x00000000c0010dcc                VgaText::VgaText(char const*)
                0x00000000c0010dcc                VgaText::VgaText(char const*)
                0x00000000c0010f5e                VgaText::receiveKey(unsigned char)
                0x00000000c0011046                VgaText::write(unsigned long long, void*, int*)
                0x00000000c001109a                newTerminal(char*)
 *fill*         0x00000000c00110bf        0x1 
 .text          0x00000000c00110c0      0x1b3 core/tss.32
                0x00000000c00110c0                TSS::TSS()
                0x00000000c00110c0                TSS::TSS()
                0x00000000c00110ce                TSS::setESP(unsigned long)
                0x00000000c00110e0                TSS::flush()
                0x00000000c0011100                TSS::setup(unsigned long, unsigned long)
 *fill*         0x00000000c0011273        0x1 
 .text          0x00000000c0011274      0x4c2 core/unixfile.32
                0x00000000c0011274                ReservedFilename::read(unsigned long long, void*, int*)
                0x00000000c00112ca                ReservedFilename::isAtty()
                0x00000000c00112e6                ReservedFilename::write(unsigned long long, void*, int*)
                0x00000000c0011344                UnixFile::getFileDescriptor()
                0x00000000c001134c                UnixFile::UnixFile(int)
                0x00000000c001134c                UnixFile::UnixFile(int)
                0x00000000c00114fc                ReservedFilename::ReservedFilename(int)
                0x00000000c00114fc                ReservedFilename::ReservedFilename(int)
                0x00000000c001152e                UnixFile::~UnixFile()
                0x00000000c001152e                UnixFile::~UnixFile()
                0x00000000c00115c6                UnixFile::~UnixFile()
                0x00000000c00115ee                ReservedFilename::~ReservedFilename()
                0x00000000c00115ee                ReservedFilename::~ReservedFilename()
                0x00000000c0011612                ReservedFilename::~ReservedFilename()
                0x00000000c0011639                getFromFileDescriptor(int)
 .text          0x00000000c0011736      0xee3 core/virtmgr.32
                0x00000000c0011736                Virt::setPageState(unsigned long, Virt::VirtPageState)
                0x00000000c001176b                Virt::getPageState(unsigned long)
                0x00000000c001178f                Virt::allocateKernelVirtualPages(int)
                0x00000000c00118a0                Virt::virtualMemorySetup()
                0x00000000c001191f                Virt::getAKernelVAS()
                0x00000000c0011925                Virt::setupPageSwapping(int)
                0x00000000c0011a54                VAS::VAS()
                0x00000000c0011a54                VAS::VAS()
                0x00000000c0011a84                VAS::VAS(VAS*)
                0x00000000c0011a84                VAS::VAS(VAS*)
                0x00000000c0011aa8                VAS::getForeignPageTableEntry(bool, unsigned long)
                0x00000000c0011ad4                VAS::getPageTableEntry(unsigned long)
                0x00000000c0011af3                Virt::freeKernelVirtualPages(unsigned long)
                0x00000000c0011c16                VAS::freeAllocatedPages(unsigned long)
                0x00000000c0011c3a                VAS::virtualToPhysical(unsigned long)
                0x00000000c0011c52                VAS::reflagRange(unsigned long, int, int, int)
                0x00000000c0011c92                VAS::setToWriteCombining(unsigned long, int)
                0x00000000c0011cc4                VAS::mapOtherVASIn(bool, VAS*)
                0x00000000c0011cee                VAS::~VAS()
                0x00000000c0011cee                VAS::~VAS()
                0x00000000c0011e5a                VAS::mapPage(unsigned long, unsigned long, int)
                0x00000000c0011f5a                VAS::allocatePages(int, int)
                0x00000000c0012132                VAS::setCPUSpecific(unsigned long)
                0x00000000c001214e                VAS::mapRange(unsigned long, unsigned long, int, int)
                0x00000000c0012214                VAS::mapForeignPage(bool, VAS*, unsigned long, unsigned long, int)
                0x00000000c0012302                VAS::VAS(bool)
                0x00000000c0012302                VAS::VAS(bool)
                0x00000000c001255d                mapVASFirstTime
 .text          0x00000000c0012619       0x95 coreobjs/c++.32
                0x00000000c0012619                __cxa_atexit
                0x00000000c001261c                __cxa_finalize
                0x00000000c001261d                __stack_chk_fail
                0x00000000c0012689                __cxa_pure_virtual
                0x00000000c001269a                operator new[](unsigned long)
                0x00000000c001269f                operator delete(void*, unsigned long)
                0x00000000c00126a4                operator delete[](void*)
                0x00000000c00126a9                operator delete[](void*, unsigned long)
 .text          0x00000000c00126ae      0x1ef dbg/kconsole.32
                0x00000000c00126ae                Dbg::stringifyxWithBase(unsigned int, char*, int)
                0x00000000c001270f                Dbg::logc(char)
                0x00000000c0012726                Dbg::logs(char*)
                0x00000000c0012743                Dbg::logWriteInt(unsigned int)
                0x00000000c0012760                Dbg::logWriteIntBase(unsigned int, int)
                0x00000000c001277f                Dbg::kprintf(char const*, ...)
 *fill*         0x00000000c001289d        0x1 
 .text          0x00000000c001289e      0xb7c fs/vfs.32
                0x00000000c001289e                File::read(unsigned long long, void*, int*)
                0x00000000c00128f6                File::write(unsigned long long, void*, int*)
                0x00000000c001294e                Directory::read(unsigned long long, void*, int*)
                0x00000000c00129a6                Directory::write(unsigned long long, void*, int*)
                0x00000000c00129d4                File::isAtty()
                0x00000000c00129d8                Directory::isAtty()
                0x00000000c00129dc                Filesystem::getlabel(LogicalDisk*, int, char*, unsigned int*)
                0x00000000c00129e2                Filesystem::setlabel(LogicalDisk*, int, char*)
                0x00000000c00129e8                File::~File()
                0x00000000c00129e8                File::~File()
                0x00000000c0012a0c                File::~File()
                0x00000000c0012a36                Directory::~Directory()
                0x00000000c0012a36                Directory::~Directory()
                0x00000000c0012a5a                Directory::~Directory()
                0x00000000c0012a84                Filesystem::Filesystem()
                0x00000000c0012a84                Filesystem::Filesystem()
                0x00000000c0012aa8                Filesystem::~Filesystem()
                0x00000000c0012aa8                Filesystem::~Filesystem()
                0x00000000c0012ab6                Filesystem::~Filesystem()
                0x00000000c0012ada                Fs::getcwd(Process*, char*, int)
                0x00000000c0012b04                Fs::initVFS()
                0x00000000c0012b2e                Fs::standardiseFiles(char*, char const*, char const*)
                0x00000000c0012cd8                File::File(char const*, Process*)
                0x00000000c0012cd8                File::File(char const*, Process*)
                0x00000000c0012d3c                File::open(FileOpenMode)
                0x00000000c0012d9a                File::close()
                0x00000000c0012dfa                File::seek(unsigned long long)
                0x00000000c0012e50                File::tell(unsigned long long*)
                0x00000000c0012ea0                File::rewind()
                0x00000000c0012eb4                File::unlink()
                0x00000000c0012f00                File::rename(char const*)
                0x00000000c0012f4e                File::chfatattr(unsigned char, unsigned char)
                0x00000000c0012faa                File::exists()
                0x00000000c0012fe8                File::stat(unsigned long long*, bool*)
                0x00000000c0013049                Fs::setcwd(Process*, char*)
                0x00000000c0013184                Directory::Directory(char const*, Process*)
                0x00000000c0013184                Directory::Directory(char const*, Process*)
                0x00000000c00131e8                Directory::open()
                0x00000000c0013244                Directory::close()
                0x00000000c00132a4                Directory::unlink()
                0x00000000c00132f0                Directory::rename(char const*)
                0x00000000c001333e                Directory::exists()
                0x00000000c001337c                Directory::read(dirent*)
                0x00000000c00133c8                Directory::create()
                0x00000000c0013414                Filesystem::chfatattr(char const*, unsigned char, unsigned char)
 .text          0x00000000c001341a       0x84 hal/bus.32
                0x00000000c001341a                Bus::Bus(char const*)
                0x00000000c001341a                Bus::Bus(char const*)
                0x00000000c0013450                Bus::~Bus()
                0x00000000c0013450                Bus::~Bus()
                0x00000000c0013474                Bus::~Bus()
 .text          0x00000000c001349e      0x14e hal/buzzer.32
                0x00000000c001349e                Buzzer::Buzzer(char const*)
                0x00000000c001349e                Buzzer::Buzzer(char const*)
                0x00000000c00134e2                Buzzer::~Buzzer()
                0x00000000c00134e2                Buzzer::~Buzzer()
                0x00000000c0013506                Buzzer::~Buzzer()
                0x00000000c0013530                Buzzer::stop()
                0x00000000c0013543                beepThread(void*)
                0x00000000c001357e                Buzzer::beep(int, int, bool)
 .text          0x00000000c00135ec      0x467 hal/clock.32
                0x00000000c00135ec                User::loadClockSettings(int)
                0x00000000c001363e                Clock::Clock(char const*)
                0x00000000c001363e                Clock::Clock(char const*)
                0x00000000c0013674                Clock::~Clock()
                0x00000000c0013674                Clock::~Clock()
                0x00000000c0013698                Clock::~Clock()
                0x00000000c00136c2                Clock::timeInSecondsLocal()
                0x00000000c001370a                Clock::setTimeInSecondsLocal(unsigned long long)
                0x00000000c0013763                datetimeToSeconds(datetime_t)
                0x00000000c001388a                Clock::setTimeInDatetimeLocal(datetime_t)
                0x00000000c00138ea                secondsToDatetime(unsigned long long)
                0x00000000c0013a2e                Clock::timeInDatetimeLocal()
 *fill*         0x00000000c0013a53        0x1 
 .text          0x00000000c0013a54      0x4de hal/device.32
                0x00000000c0013a54                Device::hibernate()
                0x00000000c0013a56                Device::wake()
                0x00000000c0013a58                Device::detect()
                0x00000000c0013a5a                Device::disableLegacy()
                0x00000000c0013a5c                Device::powerSaving(PowerSavingLevel)
                0x00000000c0013a5e                DriverlessDevice::close(int, int, void*)
                0x00000000c0013a62                DriverlessDevice::detect()
                0x00000000c0013a64                DriverlessDevice::open(int, int, void*)
                0x00000000c0013a78                Device::~Device()
                0x00000000c0013a78                Device::~Device()
                0x00000000c0013a86                Device::~Device()
                0x00000000c0013aae                Device::findAndLoadDriver()
                0x00000000c0013ab0                Device::preOpenPCI(PCIDeviceInfo)
                0x00000000c0013ad6                Device::preOpenACPI(void*, char*, char*)
                0x00000000c0013b2a                Device::addIRQHandler(int, void (*)(regs*, void*), bool, void*)
                0x00000000c0013b68                Device::removeIRQHandler(int, void (*)(regs*, void*), bool)
                0x00000000c0013ba6                Device::addChild(Device*)
                0x00000000c0013bea                Device::removeAllChildren()
                0x00000000c0013c30                Device::hibernateAll()
                0x00000000c0013c60                Device::wakeAll()
                0x00000000c0013c90                Device::detectAll()
                0x00000000c0013cc0                Device::disableLegacyAll()
                0x00000000c0013cf0                Device::loadDriversForAll()
                0x00000000c0013d1c                Device::closeAll()
                0x00000000c0013d52                Device::powerSavingAll(PowerSavingLevel)
                0x00000000c0013d88                Device::setName(char const*)
                0x00000000c0013d96                Device::Device(char const*)
                0x00000000c0013d96                Device::Device(char const*)
                0x00000000c0013e92                Device::getName()
                0x00000000c0013e9c                DriverlessDevice::DriverlessDevice(char const*)
                0x00000000c0013e9c                DriverlessDevice::DriverlessDevice(char const*)
                0x00000000c0013ec4                Device::addToLinkedList(LinkedList<Device>&, DeviceType)
                0x00000000c0013f08                getDevicesOfType(DeviceType)
 .text          0x00000000c0013f32       0x84 hal/diskctrl.32
                0x00000000c0013f32                HardDiskController::HardDiskController(char const*)
                0x00000000c0013f32                HardDiskController::HardDiskController(char const*)
                0x00000000c0013f68                HardDiskController::~HardDiskController()
                0x00000000c0013f68                HardDiskController::~HardDiskController()
                0x00000000c0013f8c                HardDiskController::~HardDiskController()
 .text          0x00000000c0013fb6       0xde hal/diskphys.32
                0x00000000c0013fb6                PhysicalDisk::PhysicalDisk(char const*, int)
                0x00000000c0013fb6                PhysicalDisk::PhysicalDisk(char const*, int)
                0x00000000c001401e                PhysicalDisk::startCache()
                0x00000000c0014046                PhysicalDisk::~PhysicalDisk()
                0x00000000c0014046                PhysicalDisk::~PhysicalDisk()
                0x00000000c001406a                PhysicalDisk::~PhysicalDisk()
 .text          0x00000000c0014094      0x13b hal/fpu.32
                0x00000000c0014094                FPU::FPU(char const*)
                0x00000000c0014094                FPU::FPU(char const*)
                0x00000000c00140ca                FPU::~FPU()
                0x00000000c00140ca                FPU::~FPU()
                0x00000000c00140ee                FPU::~FPU()
                0x00000000c0014118                setupFPU()
 *fill*         0x00000000c00141cf        0x1 
 .text          0x00000000c00141d0     0x12b1 hal/intctrl.32
                0x00000000c00141d0                InterruptController::uninstallISRHandler(int, void (*)(regs*, void*))
                0x00000000c0014208                InterruptController::installISRHandler(int, void (*)(regs*, void*), void*)
                0x00000000c001425a                doubleFault(regs*, void*)
                0x00000000c0014274                InterruptController::installIRQHandler(int, void (*)(regs*, void*), bool, void*)
                0x00000000c0014310                InterruptController::clearAllHandlers(int, bool)
                0x00000000c00143b8                InterruptController::uninstallIRQHandler(int, void (*)(regs*, void*), bool)
                0x00000000c001443f                nmiHandler(regs*, void*)
                0x00000000c001444d                int_handler
                0x00000000c00144ee                InterruptController::InterruptController(char const*)
                0x00000000c00144ee                InterruptController::InterruptController(char const*)
                0x00000000c0014594                InterruptController::~InterruptController()
                0x00000000c0014594                InterruptController::~InterruptController()
                0x00000000c00145b8                InterruptController::~InterruptController()
                0x00000000c00145e2                displayDebugInfo(regs*)
                0x00000000c00149e7                x87EmulHandler(regs*, void*)
                0x00000000c0014a16                gpFault(regs*, void*)
                0x00000000c0014a4f                pgFault(regs*, void*)
                0x00000000c0014a66                otherISRHandler(regs*, void*)
                0x00000000c0014a85                opcodeFault(regs*, void*)
                0x00000000c0015044                displayProgramFault(char const*)
                0x00000000c001506c                setupInterruptController()
                0x00000000c0015434                InterruptController::convertLegacyIRQNumber(int)
 *fill*         0x00000000c0015481        0x1 
 .text          0x00000000c0015482      0x69a hal/keybrd.32
                0x00000000c0015482                startGUI(void*)
                0x00000000c00154de                startGUIVESA(void*)
                0x00000000c001553a                sendKeyToTerminal(unsigned char)
                0x00000000c00155a6                sendKeyboardToken(KeyboardToken)
                0x00000000c00159b6                clearInternalKeybuffer(VgaText*)
                0x00000000c00159eb                readKeyboard(VgaText*, char*, unsigned long)
                0x00000000c0015a92                Keyboard::Keyboard(char const*)
                0x00000000c0015a92                Keyboard::Keyboard(char const*)
                0x00000000c0015ace                Keyboard::~Keyboard()
                0x00000000c0015ace                Keyboard::~Keyboard()
                0x00000000c0015af2                Keyboard::~Keyboard()
 .text          0x00000000c0015b1c      0x400 hal/logidisk.32
                0x00000000c0015b1c                LogicalDisk::close(int, int, void*)
                0x00000000c0015b20                LogicalDisk::~LogicalDisk()
                0x00000000c0015b20                LogicalDisk::~LogicalDisk()
                0x00000000c0015b44                LogicalDisk::~LogicalDisk()
                0x00000000c0015b6e                LogicalDisk::open(int, int, void*)
                0x00000000c0015b82                LogicalDisk::absoluteToRelative(unsigned long long)
                0x00000000c0015bba                LogicalDisk::relativeToAbsolute(unsigned long long)
                0x00000000c0015c00                LogicalDisk::LogicalDisk(char const*, PhysicalDisk*, unsigned long long, unsigned long long)
                0x00000000c0015c00                LogicalDisk::LogicalDisk(char const*, PhysicalDisk*, unsigned long long, unsigned long long)
                0x00000000c0015cb6                LogicalDisk::assignDriveLetter()
                0x00000000c0015d6c                LogicalDisk::mount()
                0x00000000c0015dde                LogicalDisk::unmount()
                0x00000000c0015dee                LogicalDisk::unassignDriveLetter()
                0x00000000c0015e44                LogicalDisk::read(unsigned long long, int, void*)
                0x00000000c0015eb0                LogicalDisk::write(unsigned long long, int, void*)
 .text          0x00000000c0015f1c       0x84 hal/mouse.32
                0x00000000c0015f1c                Mouse::Mouse(char const*)
                0x00000000c0015f1c                Mouse::Mouse(char const*)
                0x00000000c0015f52                Mouse::~Mouse()
                0x00000000c0015f52                Mouse::~Mouse()
                0x00000000c0015f76                Mouse::~Mouse()
 .text          0x00000000c0015fa0      0x339 hal/partition.32
                0x00000000c0015fa0                makePartition(PhysicalDisk*, unsigned long long, unsigned long long)
                0x00000000c0016048                createPartitionsForDisk(PhysicalDisk*)
 *fill*         0x00000000c00162d9        0x1 
 .text          0x00000000c00162da       0x84 hal/serial.32
                0x00000000c00162da                Serial::Serial(char const*)
                0x00000000c00162da                Serial::Serial(char const*)
                0x00000000c0016310                Serial::~Serial()
                0x00000000c0016310                Serial::~Serial()
                0x00000000c0016334                Serial::~Serial()
 .text          0x00000000c001635e      0x2b8 hal/timer.32
                0x00000000c001635e                Timer::Timer(char const*)
                0x00000000c001635e                Timer::Timer(char const*)
                0x00000000c0016394                Timer::~Timer()
                0x00000000c0016394                Timer::~Timer()
                0x00000000c00163b8                Timer::~Timer()
                0x00000000c00163e2                Timer::read()
                0x00000000c00163ed                timerHandler(unsigned long long)
                0x00000000c0016524                setupTimer(int)
 .text          0x00000000c0016616      0x2db hal/vcache.32
                0x00000000c0016616                VCache::VCache(PhysicalDisk*)
                0x00000000c0016616                VCache::VCache(PhysicalDisk*)
                0x00000000c0016710                VCache::writeWriteBuffer()
                0x00000000c001674c                VCache::~VCache()
                0x00000000c001674c                VCache::~VCache()
                0x00000000c001678c                VCache::~VCache()
                0x00000000c00167b4                VCache::write(unsigned long long, int, void*)
                0x00000000c0016898                VCache::read(unsigned long long, int, void*)
 *fill*         0x00000000c00168f1        0x1 
 .text          0x00000000c00168f2      0x4cd hal/video.32
                0x00000000c00168f2                Video::putrect(int, int, int, int, unsigned int)
                0x00000000c001693e                Video::bitblit(int, int, int, int, int, int, int, unsigned int*)
                0x00000000c00169ae                Video::blit(unsigned int*, int, int, int, int)
                0x00000000c0016a2c                Video::clearScreen(unsigned int)
                0x00000000c0016a60                Video::putpixel(int, int, unsigned int)
                0x00000000c0016a6e                Video::Video(char const*)
                0x00000000c0016a6e                Video::Video(char const*)
                0x00000000c0016aa4                Video::~Video()
                0x00000000c0016aa4                Video::~Video()
                0x00000000c0016ac8                Video::~Video()
                0x00000000c0016af2                Video::isMonochrome()
                0x00000000c0016afe                Video::getWidth()
                0x00000000c0016b0a                Video::getHeight()
                0x00000000c0016b16                Video::drawCursor(int, int, unsigned char*, int)
                0x00000000c0016bd2                Video::tgaParse(unsigned char*, int, int*, int*)
                0x00000000c0016d54                Video::putTGA(int, int, unsigned char*, int)
 *fill*         0x00000000c0016dbf        0x1 
 .text          0x00000000c0016dc0      0xe28 hw/acpi.32
                0x00000000c0016dc0                ACPI::close(int, int, void*)
                0x00000000c0016e75                findRSDP()
                0x00000000c0016eff                loadACPITables(unsigned char*)
                0x00000000c0017126                findRSDT(unsigned char*)
                0x00000000c0017244                findDataTable(unsigned char*, char*)
                0x00000000c00172e0                scanMADT()
                0x00000000c0017766                ACPI::ACPI()
                0x00000000c0017766                ACPI::ACPI()
                0x00000000c00177c6                ACPI::getPCIIRQAssignment(unsigned char, unsigned short, unsigned char)
                0x00000000c00178a8                ACPI::registerPCIIRQAssignment(void*, unsigned short, unsigned char, unsigned char)
                0x00000000c00179ae                ACPI::setScreenBrightnessLevel(void*, int)
                0x00000000c00179b4                ACPI::writeSimpleBootFlag(SimpleBootFlagTable*)
                0x00000000c00179fc                ACPI::open(int, int, void*)
                0x00000000c0017bd0                ACPI::sleep()
 .text          0x00000000c0017be8     0x1715 hw/cpu.32
                0x00000000c0017be8                CPU::close(int, int, void*)
                0x00000000c0017bec                CPU::lookupAMDName(unsigned char, unsigned char)
                0x00000000c0017d80                CPU::lookupIntelName(unsigned char, unsigned char)
                0x00000000c001802e                CPU::AMD_K6_write_msr(unsigned int, unsigned int, unsigned int, CPU::REGS*)
                0x00000000c001804a                CPU::AMD_K6_read_msr(unsigned int, CPU::REGS*)
                0x00000000c0018062                CPU::AMD_K6_writeback(int, int, int)
                0x00000000c00180d6                CPU::cpuid(int, unsigned long*, unsigned long*, unsigned long*, unsigned long*)
                0x00000000c001815a                CPU::cpuidCheckEDX(unsigned int)
                0x00000000c0018188                CPU::cpuidCheckECX(unsigned int)
                0x00000000c00181b6                CPU::cpuidCheckExtendedEBX(unsigned int)
                0x00000000c00181e4                CPU::cpuidCheckExtendedECX(unsigned int)
                0x00000000c0018212                CPU::CPU()
                0x00000000c0018212                CPU::CPU()
                0x00000000c00182a0                CPU::displayFeatures()
                0x00000000c001851c                CPU::detectFeatures()
                0x00000000c0018f0c                CPU::setupSMEP()
                0x00000000c0018f18                CPU::setupUMIP()
                0x00000000c0018f22                CPU::setupTSC()
                0x00000000c0018f2c                CPU::setupLargePages()
                0x00000000c0018f36                CPU::setupPAT()
                0x00000000c0018f72                CPU::setupMTRR()
                0x00000000c0018f74                CPU::setupGlobalPages()
                0x00000000c0018f7e                CPU::allowUsermodeDataAccess()
                0x00000000c0018f90                CPU::prohibitUsermodeDataAccess()
                0x00000000c0018fa2                CPU::setupSMAP()
                0x00000000c0018fb0                CPU::setupFeatures()
                0x00000000c0019030                CPU::open(int, int, void*)
                0x00000000c0019102                CPU::decodeAddress(regs*, int*, bool*, unsigned char*)
 .text          0x00000000c00192fd        0x0 hw/ports.32
 *fill*         0x00000000c00192fd        0x1 
 .text          0x00000000c00192fe      0x5d3 krnl/env.32
                0x00000000c00192fe                EnvVarContainer::getEnv(char const*)
                0x00000000c001933c                EnvVarContainer::setEnv(char const*, char const*)
                0x00000000c0019408                EnvVarContainer::deleteEnv(char const*)
                0x00000000c001940a                EnvVarContainer::loadFrom(char const*, char const*)
                0x00000000c0019600                EnvVarContainer::__loadSystem()
                0x00000000c001961a                EnvVarContainer::__loadUser()
                0x00000000c001961c                EnvVarContainer::EnvVarContainer(Process*)
                0x00000000c001961c                EnvVarContainer::EnvVarContainer(Process*)
                0x00000000c001963e                EnvVarContainer::~EnvVarContainer()
                0x00000000c001963e                EnvVarContainer::~EnvVarContainer()
                0x00000000c001966e                Krnl::getEnv(Process*, char const*)
                0x00000000c00196d3                Krnl::setEnvSystem(char const*, char const*)
                0x00000000c00196ed                Krnl::setEnvUser(char const*, char const*)
                0x00000000c001970c                Krnl::setEnvProcess(Process*, char const*, char const*)
                0x00000000c001971f                Krnl::deleteEnvSystem(char const*)
                0x00000000c0019720                Krnl::deleteEnvUser(char const*)
                0x00000000c0019721                Krnl::deleteEnvProcess(Process*, char const*)
                0x00000000c0019722                Krnl::newProcessEnv(Process*)
                0x00000000c0019744                Krnl::copyProcessEnv(Process*, Process*)
                0x00000000c0019798                Krnl::loadSystemEnv()
                0x00000000c00197c6                Krnl::loadUserEnv()
                0x00000000c00197ec                Krnl::flushEnv()
                0x00000000c00197ed                Krnl::getProcessTotalEnvCount(Process*)
                0x00000000c001980d                Krnl::getProcessEnvPair(Process*, int)
 .text          0x00000000c00198d1      0x32c krnl/panic.32
                0x00000000c00198d1                Krnl::panic(char const*)
 .text          0x00000000c0019bfd      0x3b6 net/ethernet.32
                0x00000000c0019bfd                Net::switchEndian16(unsigned short)
                0x00000000c0019c1e                Net::switchEndian32(unsigned int)
                0x00000000c0019c4d                Net::crc32Calc(unsigned char*, int)
                0x00000000c0019cde                Net::wrapEthernetFrame(Net::UnwrappedEthernetFrame, unsigned char*)
                0x00000000c0019e1a                Net::unwrapEthernetFrame(unsigned char*, int)
 .text          0x00000000c0019fb3      0x513 reg/registry.32
                0x00000000c0019fb3                Reg::findLineFromLoadedData(char*, char*, char*)
                0x00000000c001a10b                Reg::getLineFromRegistry(char*, char*, char*, char*)
                0x00000000c001a260                Reg::getLine(char*, char*, char*)
                0x00000000c001a297                Reg::readInt(char*, char*, int*)
                0x00000000c001a382                Reg::readString(char*, char*, char*, int)
                0x00000000c001a403                Reg::readBool(char*, char*, bool*)
                0x00000000c001a428                Reg::readBoolWithDefault(char*, char*, bool)
                0x00000000c001a454                Reg::readIntWithDefault(char*, char*, int)
                0x00000000c001a480                Reg::readStringWithDefault(char*, char*, char*, int, char*)
 .text          0x00000000c001a4c6       0x18 sys/sc_exit.32
                0x00000000c001a4c6                Sys::exit(regs*)
 .text          0x00000000c001a4de       0x1f sys/sc_getcwd.32
                0x00000000c001a4de                Sys::getCwd(regs*)
 .text          0x00000000c001a4fd        0xc sys/sc_getpid.32
                0x00000000c001a4fd                Sys::getPID(regs*)
 .text          0x00000000c001a509       0xa8 sys/sc_loaddll.32
                0x00000000c001a509                Sys::loadDLL(regs*)
 .text          0x00000000c001a5b1       0x68 sys/sc_read.32
                0x00000000c001a5b1                Sys::read(regs*)
 .text          0x00000000c001a619       0x55 sys/sc_sbrk.32
                0x00000000c001a619                Sys::sbrk(regs*)
 .text          0x00000000c001a66e       0x1c sys/sc_setcwd.32
                0x00000000c001a66e                Sys::setCwd(regs*)
 .text          0x00000000c001a68a      0x128 sys/sc_settime.32
                0x00000000c001a68a                Sys::setTime(regs*)
 .text          0x00000000c001a7b2       0x4a sys/sc_timezone.32
                0x00000000c001a7b2                Sys::timezone(regs*)
 .text          0x00000000c001a7fc       0x68 sys/sc_write.32
                0x00000000c001a7fc                Sys::write(regs*)
 .text          0x00000000c001a864       0x3b sys/sc_yield.32
                0x00000000c001a864                Sys::yield(regs*)
 .text          0x00000000c001a89f     0x101e sys/syscalls.32
                0x00000000c001a89f                sysCallSeekDir(regs*)
                0x00000000c001a8a4                sysCallTellDir(regs*)
                0x00000000c001a8a9                sysCallVerify(regs*)
                0x00000000c001a8b3                sysCallGetArgc(regs*)
                0x00000000c001a8c3                sysFormatDisk(regs*)
                0x00000000c001a92d                sysSetDiskVolumeLabel(regs*)
                0x00000000c001a973                sysGetDiskVolumeLabel(regs*)
                0x00000000c001a9c4                sysShutdown(regs*)
                0x00000000c001aa22                sysCallRealpath(regs*)
                0x00000000c001aa65                sysCallReadDir(regs*)
                0x00000000c001aaf3                sysCallIsATTY(regs*)
                0x00000000c001ab4d                sysCallSeek(regs*)
                0x00000000c001abb6                sysCallTell(regs*)
                0x00000000c001ac33                sysCallSize(regs*)
                0x00000000c001acb6                sysCallSizeFromFilename(regs*)
                0x00000000c001ad76                sysCallClose(regs*)
                0x00000000c001adfe                sysCallOpenDir(regs*)
                0x00000000c001ae73                sysCallCloseDir(regs*)
                0x00000000c001aed9                sysCallMakeDir(regs*)
                0x00000000c001af49                sysCallWait(regs*)
                0x00000000c001af63                sysCallNotImpl(regs*)
                0x00000000c001af7e                sysPanic(regs*)
                0x00000000c001afa4                sysCallRmdir(regs*)
                0x00000000c001b008                sysCallUnlink(regs*)
                0x00000000c001b06c                sysCallGetArgv(regs*)
                0x00000000c001b0b8                sysCallTTYName(regs*)
                0x00000000c001b13b                sysCallUSleep(regs*)
                0x00000000c001b162                sysCallSpawn(regs*)
                0x00000000c001b1ba                sysCallGetEnv(regs*)
                0x00000000c001b267                sysAppSettings(regs*)
                0x00000000c001b386                sysSetFatAttrib(regs*)
                0x00000000c001b3f8                sysPipe(regs*)
                0x00000000c001b43d                sysGetUnixTime(regs*)
                0x00000000c001b451                string_ends_with(char const*, char const*)
                0x00000000c001b499                sysCallOpen(regs*)
                0x00000000c001b6ae                Sys::loadSyscalls()
                0x00000000c001b87b                Sys::systemCall(regs*, void*)
 .text          0x00000000c001b8bd     0x11ee thr/elf.32
                0x00000000c001b8bd                Thr::allocateMemoryForTask(Process*, File*, unsigned long, unsigned long, unsigned long)
                0x00000000c001bb3a                Thr::loadProgramIntoMemory(Process*, char const*)
                0x00000000c001bd50                Thr::runtimeReferenceHelper()
                0x00000000c001bd63                Thr::getAddressOfKernelSymbol(char const*)
                0x00000000c001bdb2                Thr::loadKernelSymbolTable(char const*)
                0x00000000c001c06e                Thr::loadDriverIntoMemory(char const*, unsigned long, bool)
                0x00000000c001c7ef                Thr::getDriverBaseFromAddress(unsigned long)
                0x00000000c001c821                Thr::getDriverNameFromAddress(unsigned long)
                0x00000000c001c858                Thr::getDriverOffsetFromAddress(unsigned long)
                0x00000000c001c872                Thr::loadDLL(char const*, bool)
                0x00000000c001ca81                Thr::executeDLL(unsigned long, void*)
 *fill*         0x00000000c001caab        0x1 
 .text          0x00000000c001caac     0x1056 thr/prcssthr.32
                0x00000000c001caac                changeTSS
                0x00000000c001cadc                Process::addArgs(char**)
                0x00000000c001cb36                Process::Process(char const*, Process*, char**)
                0x00000000c001cb36                Process::Process(char const*, Process*, char**)
                0x00000000c001cd1a                Process::Process(bool, char const*, Process*, char**)
                0x00000000c001cd1a                Process::Process(bool, char const*, Process*, char**)
                0x00000000c001cec9                disableIRQs()
                0x00000000c001ced1                getIRQNestingLevel()
                0x00000000c001ced7                enableIRQs()
                0x00000000c001cee6                lockScheduler()
                0x00000000c001cee8                unlockScheduler()
                0x00000000c001ceea                userModeEntryPoint(void*)
                0x00000000c001cf0d                lockStuff()
                0x00000000c001cf19                taskStartupFunction
                0x00000000c001cf22                updateTimeUsed()
                0x00000000c001cf87                switchToThread(ThreadControlBlock*)
                0x00000000c001cfd8                Semaphore::Semaphore(int)
                0x00000000c001cfd8                Semaphore::Semaphore(int)
                0x00000000c001d006                Mutex::Mutex()
                0x00000000c001d006                Mutex::Mutex()
                0x00000000c001d018                Process::createThread(void (*)(void*), void*, int)
                0x00000000c001d0fc                Process::createUserThread()
                0x00000000c001d118                setupMultitasking(void (*)())
                0x00000000c001d222                schedule()
                0x00000000c001d2a7                unlockStuff()
                0x00000000c001d2dc                Semaphore::tryAcquire()
                0x00000000c001d30a                Semaphore::assertLocked(char const*)
                0x00000000c001d33a                blockTaskWithSchedulerLockAlreadyHeld(TaskState)
                0x00000000c001d37c                blockTask(TaskState)
                0x00000000c001d39d                waitTask(int, int*, int)
                0x00000000c001d3df                nanoSleepUntil(unsigned long long)
                0x00000000c001d436                nanoSleep(unsigned long long)
                0x00000000c001d44b                sleep(unsigned long long)
                0x00000000c001d468                Semaphore::acquire()
                0x00000000c001d4d0                taskReturned
                0x00000000c001d4fe                unblockTask(ThreadControlBlock*)
                0x00000000c001d5ad                cleanupTerminatedTask(ThreadControlBlock*)
                0x00000000c001d876                cleanerTaskFunction(void*)
                0x00000000c001d929                terminateTask(int)
                0x00000000c001da09                Thr::terminateFromIRQ(int)
                0x00000000c001da16                Semaphore::release()
 .text          0x00000000c001db02      0xc26 vm86/vm8086.32
                0x00000000c001db02                Vm::inbv(unsigned short)
                0x00000000c001db15                Vm::outbv(unsigned short, unsigned char)
                0x00000000c001db68                Vm::realToLinear(unsigned short, unsigned short)
                0x00000000c001db78                Vm::getSegment(unsigned int)
                0x00000000c001db80                Vm::getOffset(unsigned int)
                0x00000000c001db85                Vm::mainloop2()
                0x00000000c001dbc0                Vm::mainVm8086Loop(void*)
                0x00000000c001dbcd                Vm::mainloop3(unsigned long)
                0x00000000c001dbf7                Vm::initialise8086()
                0x00000000c001dc3a                Vm::finish8086()
                0x00000000c001dc7f                Vm::getOutput8086(unsigned char*)
                0x00000000c001dca9                Vm::start8086(char const*, unsigned short, unsigned short, unsigned short, unsigned short)
                0x00000000c001ddf9                Vm::doISR(regs*, int, unsigned char*, unsigned short, unsigned short)
                0x00000000c001de83                Vm::readByteFromReal(unsigned short, unsigned short)
                0x00000000c001de94                Vm::readWordFromReal(unsigned short, unsigned short)
                0x00000000c001dea6                Vm::readDwordFromReal(unsigned short, unsigned short)
                0x00000000c001deb7                Vm::writeByteFromReal(unsigned short, unsigned short, unsigned char)
                0x00000000c001decc                Vm::writeWordFromReal(unsigned short, unsigned short, unsigned short)
                0x00000000c001dee2                Vm::writeDwordFromReal(unsigned short, unsigned short, unsigned int)
                0x00000000c001def7                Vm::faultHandler(regs*)
 .text          0x00000000c001e728      0xefd vm86/x87em.32
                0x00000000c001e728                Vm::fpuInternalTo32(unsigned long long)
                0x00000000c001e783                Vm::fpuInternalTo64(unsigned long long)
                0x00000000c001e78c                Vm::fpu32ToInternal(unsigned int)
                0x00000000c001e7d1                Vm::fpu64ToInternal(unsigned long long)
                0x00000000c001e7da                Vm::fpuFloatToLong(unsigned long long)
                0x00000000c001e835                Vm::fpuULongToFloat(unsigned long long)
                0x00000000c001e86b                Vm::fpuLongToFloat(long long)
                0x00000000c001e8c1                Vm::fpuGet0()
                0x00000000c001e8c6                Vm::fpuGet1()
                0x00000000c001e8ce                Vm::fpuGetPi()
                0x00000000c001e8d6                Vm::fpuGetLog2E()
                0x00000000c001e8ee                Vm::fpuGetLogE2()
                0x00000000c001e906                Vm::fpuGetLog210()
                0x00000000c001e91e                Vm::fpuGetLog102()
                0x00000000c001e936                Vm::fpuIsSecondLarger(unsigned long long, unsigned long long)
                0x00000000c001e94a                Vm::fpuAreEqual(unsigned long long, unsigned long long)
                0x00000000c001e960                Vm::fpuUnorderedCompare(unsigned long long, unsigned long long)
                0x00000000c001e9b3                Vm::fpuAdd(unsigned long long, unsigned long long)
                0x00000000c001e9c4                Vm::fpuAbs(unsigned long long)
                0x00000000c001e9cd                Vm::fpuChs(unsigned long long)
                0x00000000c001e9dd                Vm::fpuSub(unsigned long long, unsigned long long)
                0x00000000c001e9ec                Vm::fpuMultiply(unsigned long long, unsigned long long)
                0x00000000c001ea0b                Vm::fpuDivide(unsigned long long, unsigned long long)
                0x00000000c001ea27                Vm::fpuSquare(unsigned long long)
                0x00000000c001ea3d                Vm::fpuGetReg(int)
                0x00000000c001ea80                Vm::fpuSetReg(int, unsigned long long)
                0x00000000c001eacb                Vm::fpuPush(unsigned long long)
                0x00000000c001eb28                Vm::fpuPop()
                0x00000000c001eb7a                Vm::x87Handler(regs*)
 *fill*         0x00000000c001f625        0x1 
 .text          0x00000000c001f626     0x10ed fs/fat/vfslink.32
                0x00000000c001f626                FAT::getName()
                0x00000000c001f62c                FAT::tell(void*, unsigned long long*)
                0x00000000c001f660                FAT::stat(void*, unsigned long long*)
                0x00000000c001f694                FAT::~FAT()
                0x00000000c001f694                FAT::~FAT()
                0x00000000c001f6b8                FAT::~FAT()
                0x00000000c001f6e0                FAT::getlabel(LogicalDisk*, int, char*, unsigned int*)
                0x00000000c001f77e                FAT::setlabel(LogicalDisk*, int, char*)
                0x00000000c001f838                FAT::format(LogicalDisk*, int, char const*, int)
                0x00000000c001fa1c                FAT::tryMount(LogicalDisk*, int)
                0x00000000c001fc22                FAT::readDir(void*, unsigned long, void*, int*)
                0x00000000c001fd28                FAT::read(void*, unsigned long, void*, int*)
                0x00000000c001fd82                FAT::write(void*, unsigned long, void*, int*)
                0x00000000c001fddc                FAT::close(void*)
                0x00000000c001fe28                FAT::closeDir(void*)
                0x00000000c001fe74                FAT::seek(void*, unsigned long long)
                0x00000000c001fec8                fatWrapperReadDisk
                0x00000000c001ff0f                fatWrapperWriteDisk
                0x00000000c001ff56                fatWrapperIoctl
                0x00000000c002005a                FAT::FAT()
                0x00000000c002005a                FAT::FAT()
                0x00000000c00200ac                FAT::fixFilepath(char*)
                0x00000000c00200e4                FAT::open(char const*, void**, FileOpenMode)
                0x00000000c002020c                FAT::openDir(char const*, void**)
                0x00000000c00202b2                FAT::stat(char const*, unsigned long long*, bool*)
                0x00000000c002039c                FAT::unlink(char const*)
                0x00000000c0020416                FAT::chfatattr(char const*, unsigned char, unsigned char)
                0x00000000c002056a                FAT::rename(char const*, char const*)
                0x00000000c002062e                FAT::mkdir(char const*)
                0x00000000c00206a8                FAT::exists(char const*)
 *fill*         0x00000000c0020713        0x1 
 .text          0x00000000c0020714      0xbc1 fs/iso9660/vfslink.32
                0x00000000c0020714                ISO9660::format(LogicalDisk*, int, char const*, int)
                0x00000000c002071a                ISO9660::seek(void*, unsigned long long)
                0x00000000c002074a                ISO9660::tell(void*, unsigned long long*)
                0x00000000c002076e                ISO9660::getName()
                0x00000000c0020774                ISO9660::stat(void*, unsigned long long*)
                0x00000000c0020798                ISO9660::chfatattr(char const*, unsigned char, unsigned char)
                0x00000000c002079e                ISO9660::unlink(char const*)
                0x00000000c00207a4                ISO9660::write(void*, unsigned long, void*, int*)
                0x00000000c00207aa                ISO9660::rename(char const*, char const*)
                0x00000000c00207b0                ISO9660::mkdir(char const*)
                0x00000000c00207b6                ISO9660::close(void*)
                0x00000000c00207d8                ISO9660::closeDir(void*)
                0x00000000c00207fa                ISO9660::~ISO9660()
                0x00000000c00207fa                ISO9660::~ISO9660()
                0x00000000c002081e                ISO9660::~ISO9660()
                0x00000000c0020845                __memmem(unsigned char*, int, unsigned char*, int)
                0x00000000c0020887                readSectorFromCDROM(unsigned int, unsigned char*, char)
                0x00000000c00208ee                ISO9660::tryMount(LogicalDisk*, int)
                0x00000000c002093e                ISO9660::read(void*, unsigned long, void*, int*)
                0x00000000c0020b3e                ISO9660::readDir(void*, unsigned long, void*, int*)
                0x00000000c0020dcb                readRoot(unsigned int*, unsigned int*, char)
                0x00000000c0020e20                readRecursively(char*, unsigned int, unsigned int, unsigned int*, unsigned int*, char, int*)
                0x00000000c0020ff3                getFileData(char*, unsigned int*, unsigned int*, char, int*)
                0x00000000c0021082                ISO9660::open(char const*, void**, FileOpenMode)
                0x00000000c0021142                ISO9660::exists(char const*)
                0x00000000c0021166                ISO9660::stat(char const*, unsigned long long*, bool*)
                0x00000000c00211fa                ISO9660::openDir(char const*, void**)
                0x00000000c00212b2                ISO9660::ISO9660()
                0x00000000c00212b2                ISO9660::ISO9660()
 *fill*         0x00000000c00212d5        0x1 
 .text          0x00000000c00212d6      0x326 hal/sound/sndchannel.32
                0x00000000c00212d6                SoundChannel::~SoundChannel()
                0x00000000c00212d6                SoundChannel::~SoundChannel()
                0x00000000c00212f2                SoundChannel::setSpeed(float)
                0x00000000c00212fe                SoundChannel::getSpeed()
                0x00000000c0021306                SoundChannel::setVolume(int)
                0x00000000c0021322                SoundChannel::getVolume()
                0x00000000c002132a                SoundChannel::pause()
                0x00000000c0021334                SoundChannel::SoundChannel(int, int, int, int)
                0x00000000c0021334                SoundChannel::SoundChannel(int, int, int, int)
                0x00000000c002148a                SoundChannel::play()
                0x00000000c0021494                SoundChannel::paused()
                0x00000000c002149c                SoundChannel::getSampleRate()
                0x00000000c00214a4                SoundChannel::getBits()
                0x00000000c00214ac                SoundChannel::getBufferUsed()
                0x00000000c00214b4                SoundChannel::getBufferSize()
                0x00000000c00214bc                SoundChannel::unbuffer(float*, int, int)
                0x00000000c002155c                SoundChannel::buffer8(unsigned char*, int)
 .text          0x00000000c00215fc      0x3d5 hal/sound/sndhw.32
                0x00000000c00215fc                SoundDevice::SoundDevice(char const*)
                0x00000000c00215fc                SoundDevice::SoundDevice(char const*)
                0x00000000c0021668                SoundDevice::~SoundDevice()
                0x00000000c0021668                SoundDevice::~SoundDevice()
                0x00000000c00216e2                SoundDevice::~SoundDevice()
                0x00000000c002170c                SoundDevice::getFreeChannelNum()
                0x00000000c0021726                SoundDevice::addChannel(SoundChannel*)
                0x00000000c0021796                SoundDevice::removeChannel(int)
                0x00000000c00217c8                SoundDevice::floatTo8(float*, unsigned char*, int)
                0x00000000c00218b0                SoundDevice::getAudio(int, float*, float*)
 .text          0x00000000c00219d1        0x0 hw/bus/isa.32
 *fill*         0x00000000c00219d1        0x1 
 .text          0x00000000c00219d2      0x6c3 hw/bus/pci.32
                0x00000000c00219d2                PCI::open(int, int, void*)
                0x00000000c00219e6                PCI::close(int, int, void*)
                0x00000000c00219ea                PCI::PCI()
                0x00000000c00219ea                PCI::PCI()
                0x00000000c0021a6a                PCI::pciReadWord(unsigned char, unsigned char, unsigned char, unsigned char)
                0x00000000c0021ab2                PCI::getVendorID(unsigned char, unsigned char, unsigned char)
                0x00000000c0021ad4                PCI::getHeaderType(unsigned char, unsigned char, unsigned char)
                0x00000000c0021af8                PCI::getClassCode(unsigned char, unsigned char, unsigned char)
                0x00000000c0021b3c                PCI::getProgIF(unsigned char, unsigned char, unsigned char)
                0x00000000c0021b60                PCI::getRevisionID(unsigned char, unsigned char, unsigned char)
                0x00000000c0021b82                PCI::getInterruptNumber(unsigned char, unsigned char, unsigned char)
                0x00000000c0021ba4                PCI::getSecondaryBus(unsigned char, unsigned char, unsigned char)
                0x00000000c0021bc8                PCI::getBARAddress(unsigned char, unsigned char, unsigned char, unsigned char)
                0x00000000c0021c28                PCI::pciWriteWord(unsigned char, unsigned char, unsigned char, unsigned char, unsigned short)
                0x00000000c0021c94                PCI::checkBus(unsigned char)
                0x00000000c0021cb8                PCI::foundDevice(PCIDeviceInfo)
                0x00000000c0021e2a                PCI::getDeviceData(unsigned char, unsigned char, unsigned char)
                0x00000000c0021fd6                PCI::checkDevice(unsigned char, unsigned char)
                0x00000000c0022042                PCI::detect()
 *fill*         0x00000000c0022095        0x1 
 .text          0x00000000c0022096      0xc70 hw/diskctrl/ide.32
                0x00000000c0022096                IDE::close(int, int, void*)
                0x00000000c002209a                IDE::IDE()
                0x00000000c002209a                IDE::IDE()
                0x00000000c00220ce                IDE::prepareInterrupt(unsigned char)
                0x00000000c00220e0                selectDrive(unsigned char, unsigned char)
                0x00000000c00220e2                IDE::getBase(unsigned char)
                0x00000000c00220f4                IDE::write(unsigned char, unsigned char, unsigned char)
                0x00000000c00221b4                IDE::read(unsigned char, unsigned char)
                0x00000000c0022262                IDE::waitInterrupt(unsigned char)
                0x00000000c00222c8                ideChannel0IRQHandler(regs*, void*)
                0x00000000c00222e4                ideChannel1IRQHandler(regs*, void*)
                0x00000000c0022300                IDE::enableIRQs(unsigned char, bool)
                0x00000000c0022346                IDE::open(int, int, void*)
                0x00000000c0022756                IDE::readBuffer(unsigned char, unsigned char, unsigned int, unsigned int)
                0x00000000c0022822                IDE::detect()
                0x00000000c0022b0a                IDE::printError(unsigned char, unsigned char, unsigned char)
                0x00000000c0022ca0                IDE::polling(unsigned char, unsigned int)
 .text          0x00000000c0022d06      0x37a hw/diskctrl/satabus.32
                0x00000000c0022d06                SATABus::close(int, int, void*)
                0x00000000c0022d0a                SATABus::detect()
                0x00000000c0022d0c                SATABus::SATABus()
                0x00000000c0022d0c                SATABus::SATABus()
                0x00000000c0022db8                SATABus::findCmdslot(SATABus::tagHBA_PORT volatile*)
                0x00000000c0022e00                SATABus::checkType(SATABus::tagHBA_PORT volatile*)
                0x00000000c0022e48                SATABus::startCmd(SATABus::tagHBA_PORT volatile*)
                0x00000000c0022e68                SATABus::stopCmd(SATABus::tagHBA_PORT volatile*)
                0x00000000c0022e92                SATABus::portRebase(SATABus::tagHBA_PORT volatile*, int)
                0x00000000c0022f98                SATABus::probePort(SATABus::tagHBA_MEM volatile*)
                0x00000000c0023060                SATABus::open(int, int, void*)
 .text          0x00000000c0023080      0x62b hw/diskphys/ata.32
                0x00000000c0023080                ATA::close(int, int, void*)
                0x00000000c00230a4                ATA::powerSaving(PowerSavingLevel)
                0x00000000c00230a6                ATA::ATA()
                0x00000000c00230a6                ATA::ATA()
                0x00000000c00230d4                ATA::flush(bool)
                0x00000000c002311e                ATA::readyForCommand()
                0x00000000c002316e                ATA::access(unsigned long long, int, void*, bool)
                0x00000000c00234ec                ATA::read(unsigned long long, int, void*)
                0x00000000c0023554                ATA::write(unsigned long long, int, void*)
                0x00000000c00235bc                ATA::detectCHS()
                0x00000000c00235e6                ATA::open(int, int, void*)
 *fill*         0x00000000c00236ab        0x1 
 .text          0x00000000c00236ac      0x5b3 hw/diskphys/atapi.32
                0x00000000c00236ac                ATAPI::write(unsigned long long, int, void*)
                0x00000000c00236b2                ATAPI::close(int, int, void*)
                0x00000000c00236d6                ATAPI::ATAPI()
                0x00000000c00236d6                ATAPI::ATAPI()
                0x00000000c0023704                ATAPI::readyForCommand()
                0x00000000c0023754                ATAPI::sendPacket(unsigned char*, int, bool, unsigned short*, int)
                0x00000000c0023a14                ATAPI::diskRemoved()
                0x00000000c0023a30                ATAPI::eject()
                0x00000000c0023a76                ATAPI::diskInserted()
                0x00000000c0023aa4                ATAPI::detectMedia()
                0x00000000c0023b60                ATAPI::open(int, int, void*)
                0x00000000c0023be0                ATAPI::read(unsigned long long, int, void*)
 *fill*         0x00000000c0023c5f        0x1 
 .text          0x00000000c0023c60      0x414 hw/diskphys/sata.32
                0x00000000c0023c60                SATA::close(int, int, void*)
                0x00000000c0023c84                SATA::powerSaving(PowerSavingLevel)
                0x00000000c0023c86                SATA::open(int, int, void*)
                0x00000000c0023ce2                SATA::SATA()
                0x00000000c0023ce2                SATA::SATA()
                0x00000000c0023d10                SATA::access(unsigned long long, int, void*, bool)
                0x00000000c0023fa4                SATA::read(unsigned long long, int, void*)
                0x00000000c002400c                SATA::write(unsigned long long, int, void*)
 .text          0x00000000c0024074       0x8e hw/fpu/avx.32
                0x00000000c0024074                AVX::open(int, int, void*)
                0x00000000c0024086                AVX::close(int, int, void*)
                0x00000000c0024098                AVX::available()
                0x00000000c00240aa                AVX::save(void*)
                0x00000000c00240c2                AVX::load(void*)
                0x00000000c00240da                AVX::AVX()
                0x00000000c00240da                AVX::AVX()
 .text          0x00000000c0024102       0x90 hw/fpu/mmx.32
                0x00000000c0024102                MMX::available()
                0x00000000c0024116                MMX::open(int, int, void*)
                0x00000000c0024128                MMX::close(int, int, void*)
                0x00000000c002413a                MMX::save(void*)
                0x00000000c0024152                MMX::load(void*)
                0x00000000c002416a                MMX::MMX()
                0x00000000c002416a                MMX::MMX()
 .text          0x00000000c0024192       0x96 hw/fpu/sse.32
                0x00000000c0024192                SSE::open(int, int, void*)
                0x00000000c00241a4                SSE::close(int, int, void*)
                0x00000000c00241b6                SSE::available()
                0x00000000c00241d0                SSE::save(void*)
                0x00000000c00241e8                SSE::load(void*)
                0x00000000c0024200                SSE::SSE()
                0x00000000c0024200                SSE::SSE()
 .text          0x00000000c0024228       0x8e hw/fpu/x87.32
                0x00000000c0024228                x87::open(int, int, void*)
                0x00000000c002423a                x87::close(int, int, void*)
                0x00000000c002424c                x87::available()
                0x00000000c002425e                x87::save(void*)
                0x00000000c0024276                x87::load(void*)
                0x00000000c002428e                x87::x87()
                0x00000000c002428e                x87::x87()
 .text          0x00000000c00242b6      0x71e hw/intctrl/apic.32
                0x00000000c00242b6                APIC::disable()
                0x00000000c00242b8                APIC::close(int, int, void*)
                0x00000000c00242da                IOAPIC::close(int, int, void*)
                0x00000000c00242e0                APIC::io_wait()
                0x00000000c00242e6                APIC::getBase()
                0x00000000c0024328                APIC::eoi(unsigned char)
                0x00000000c0024356                APIC::open(int, int, void*)
                0x00000000c00244a4                IOAPIC::IOAPIC()
                0x00000000c00244a4                IOAPIC::IOAPIC()
                0x00000000c00244cc                APIC::APIC()
                0x00000000c00244cc                APIC::APIC()
                0x00000000c00245a8                IOAPIC::handlesGSIWithNumber(unsigned int)
                0x00000000c00245da                IOAPIC::read(int)
                0x00000000c0024602                IOAPIC::open(int, int, void*)
                0x00000000c00246f8                IOAPIC::write(int, int)
                0x00000000c0024724                IOAPIC::redirect(unsigned char, unsigned long long, unsigned char, bool, bool)
                0x00000000c002481e                APIC::installIRQHandler(int, void (*)(regs*, void*), bool, void*)
 .text          0x00000000c00249d4      0x3d3 hw/intctrl/pic.32
                0x00000000c00249d4                PIC::disable()
                0x00000000c0024a02                PIC::close(int, int, void*)
                0x00000000c0024a24                PIC::PIC()
                0x00000000c0024a24                PIC::PIC()
                0x00000000c0024afa                PIC::ioWait()
                0x00000000c0024b00                PIC::getIRQReg(int)
                0x00000000c0024b6a                PIC::eoi(unsigned char)
                0x00000000c0024bfc                PIC::remap()
                0x00000000c0024d68                PIC::open(int, int, void*)
 *fill*         0x00000000c0024da7        0x1 
 .text          0x00000000c0024da8      0x25e hw/timer/apictimer.32
                0x00000000c0024da8                APICTimer::close(int, int, void*)
                0x00000000c0024dae                apicTimerHandler(regs*, void*)
                0x00000000c0024ddc                APICTimer::write(int)
                0x00000000c0024ee0                APICTimer::open(int, int, void*)
                0x00000000c0024fde                APICTimer::APICTimer()
                0x00000000c0024fde                APICTimer::APICTimer()
 .text          0x00000000c0025006      0x1a7 hw/timer/pit.32
                0x00000000c0025006                PIT::write(int)
                0x00000000c0025084                pitHandler(regs*, void*)
                0x00000000c00250b0                PIT::open(int, int, void*)
                0x00000000c00250fe                PIT::close(int, int, void*)
                0x00000000c002512e                PIT::PIT()
                0x00000000c002512e                PIT::PIT()
 *fill*         0x00000000c00251ad        0x3 
 .text          0x00000000c00251b0       0x1e hw/fpu/x86/avx.32
                0x00000000c00251b0                avxDetect
                0x00000000c00251b6                avxSave
                0x00000000c00251b7                avxLoad
                0x00000000c00251b8                avxInit
                0x00000000c00251b9                avxClose
                0x00000000c00251ba                wouldSheSayYes
 *fill*         0x00000000c00251ce        0x2 
 .text          0x00000000c00251d0       0x35 hw/fpu/x86/sse.32
                0x00000000c00251d0                absolutelyNoChanceInHell
                0x00000000c00251d0                sseDetect
                0x00000000c00251e8                sseSave
                0x00000000c00251ee                sseLoad
                0x00000000c00251f4                sseInit
                0x00000000c0025204                sseClose
 *fill*         0x00000000c0025205        0xb 
 .text          0x00000000c0025210       0x47 hw/fpu/x86/x87.32
                0x00000000c0025216                x87Detect
                0x00000000c0025231                x87Save
                0x00000000c0025237                x87Load
                0x00000000c002523c                x87Init
                0x00000000c0025256                x87Close
 *fill*         0x00000000c0025257        0x1 
 .text          0x00000000c0025258       0x25 /cygdrive/d/Users/Alex/Desktop/Toolchain/Output/bin/../lib/gcc/i386-banana/8.1.0/crtend.o
 .text          0x00000000c002527d        0x0 crtn.32
 *fill*         0x00000000c002527d        0x3 
 .text          0x00000000c0025280      0x14b /cygdrive/d/Users/Alex/Desktop/Toolchain/Output/bin/../lib/gcc/i386-banana/8.1.0/libkgcc.a(_divdi3.o)
                0x00000000c0025280                __divdi3
 *fill*         0x00000000c00253cb        0x1 
 .text          0x00000000c00253cc      0x17e /cygdrive/d/Users/Alex/Desktop/Toolchain/Output/bin/../lib/gcc/i386-banana/8.1.0/libkgcc.a(_moddi3.o)
                0x00000000c00253cc                __moddi3
 *fill*         0x00000000c002554a        0x2 
 .text          0x00000000c002554c       0xff /cygdrive/d/Users/Alex/Desktop/Toolchain/Output/bin/../lib/gcc/i386-banana/8.1.0/libkgcc.a(_udivdi3.o)
                0x00000000c002554c                __udivdi3
 *fill*         0x00000000c002564b        0x1 
 .text          0x00000000c002564c      0x11a /cygdrive/d/Users/Alex/Desktop/Toolchain/Output/bin/../lib/gcc/i386-banana/8.1.0/libkgcc.a(_umoddi3.o)
                0x00000000c002564c                __umoddi3
 .text          0x00000000c0025766      0x96d D:/Users/Alex/Desktop/Banana/kernel/libsoftfp.a(sfieeelib.o)
                0x00000000c0025766                __addsf3
                0x00000000c0025a68                __subsf3
                0x00000000c0025a7c                __negsf2
                0x00000000c0025a89                __mulsf3
                0x00000000c0025c4c                __divsf3
                0x00000000c0025e77                __floatsisf
                0x00000000c0025eeb                __floatunsisf
                0x00000000c0025f2d                __fixsfsi
                0x00000000c0025f8f                __fixunssfsi
                0x00000000c0025fc0                __cmpsf2
                0x00000000c0026055                __eqsf2
                0x00000000c0026090                __nesf2
                0x00000000c0026092                __gtsf2
                0x00000000c00260cd                __gesf2
                0x00000000c00260cf                __ltsf2
                0x00000000c00260d1                __lesf2
 .text          0x00000000c00260d3      0xf50 D:/Users/Alex/Desktop/Banana/kernel/libsoftfp.a(dfieeelib.o)
                0x00000000c00260d3                __adddf3
                0x00000000c0026724                __subdf3
                0x00000000c002673f                __negdf2
                0x00000000c0026750                __muldf3
                0x00000000c0026a34                __divdf3
                0x00000000c0026db3                __floatsidf
                0x00000000c0026e0e                __floatunsidf
                0x00000000c0026e4c                __fixdfsi
                0x00000000c0026eb9                __fixunsdfsi
                0x00000000c0026ef5                __cmpdf2
                0x00000000c0026fe3                __eqdf2
                0x00000000c0026fff                __nedf2
                0x00000000c0027001                __gtdf2
                0x00000000c002701d                __gedf2
                0x00000000c002701f                __ltdf2
                0x00000000c0027021                __ledf2
 .text          0x00000000c0027023      0x18d D:/Users/Alex/Desktop/Banana/kernel/libsoftfp.a(sfdfcvt.o)
                0x00000000c0027023                __truncdfsf2
                0x00000000c0027147                __extendsfdf2
 .text          0x00000000c00271b0       0x1e D:/Users/Alex/Desktop/Banana/kernel/libk/libm32.a(s_fabs.c.o)
                0x00000000c00271b0                fabs
 *fill*         0x00000000c00271ce        0x2 
 .text          0x00000000c00271d0        0xc D:/Users/Alex/Desktop/Banana/kernel/libk/libm32.a(s_lrint.S.o)
                0x00000000c00271d0                lrint
 .text          0x00000000c00271dc        0xc D:/Users/Alex/Desktop/Banana/kernel/libk/libm32.a(s_lrintf.S.o)
                0x00000000c00271dc                lrintf
 *(.gnu.linkonce.t*)

.iplt           0x00000000c00271e8        0x0
 .iplt          0x00000000c00271e8        0x0 D:/Users/Alex/Desktop/Banana/kernel/boot.32

.init           0x00000000c00271e8        0xf
 .init          0x00000000c00271e8        0x3 crti.32
                0x00000000c00271e8                _init
 .init          0x00000000c00271eb        0x5 /cygdrive/d/Users/Alex/Desktop/Toolchain/Output/bin/../lib/gcc/i386-banana/8.1.0/crtbegin.o
 .init          0x00000000c00271f0        0x5 /cygdrive/d/Users/Alex/Desktop/Toolchain/Output/bin/../lib/gcc/i386-banana/8.1.0/crtend.o