Archive member included to satisfy reference by file (symbol)

/cygdrive/d/Users/Alex/Desktop/Toolchain/Output/bin/../lib/gcc/i386-banana/8.1.0/libkgcc.a(_divdi3.o)
                              fs/fat/ff.32 (__divdi3)
/cygdrive/d/Users/Alex/Desktop/Toolchain/Output/bin/../lib/gcc/i386-banana/8.1.0/libkgcc.a(_moddi3.o)
                              thr/elf.32 (__moddi3)
/cygdrive/d/Users/Alex/Desktop/Toolchain/Output/bin/../lib/gcc/i386-banana/8.1.0/libkgcc.a(_udivdi3.o)
                              fs/fat/ff.32 (__udivdi3)
/cygdrive/d/Users/Alex/Desktop/Toolchain/Output/bin/../lib/gcc/i386-banana/8.1.0/libkgcc.a(_umoddi3.o)
                              core/pipe.32 (__umoddi3)
D:/Users/Alex/Desktop/Banana/kernel/libsoftfp.a(sfieeelib.o)
                              hal/sound/sndhw.32 (__addsf3)
D:/Users/Alex/Desktop/Banana/kernel/libsoftfp.a(dfieeelib.o)
                              hal/libresample/src_linear.32 (__adddf3)
D:/Users/Alex/Desktop/Banana/kernel/libsoftfp.a(sfdfcvt.o)
                              hal/libresample/samplerate.32 (__truncdfsf2)
D:/Users/Alex/Desktop/Banana/kernel/libk/libm32.a(s_fabs.c.o)
                              hal/libresample/samplerate.32 (fabs)
D:/Users/Alex/Desktop/Banana/kernel/libk/libm32.a(s_lrint.S.o)
                              hal/libresample/samplerate.32 (lrint)
D:/Users/Alex/Desktop/Banana/kernel/libk/libm32.a(s_lrintf.S.o)
                              hal/sound/sndhw.32 (lrintf)

Discarded input sections

 .comment       0x0000000000000000       0x12 /cygdrive/d/Users/Alex/Desktop/Toolchain/Output/bin/../lib/gcc/i386-banana/8.1.0/crtbegin.o
 .comment       0x0000000000000000       0x12 acpica/utclib.32
 .comment       0x0000000000000000       0x12 core/malloc.32
 .comment       0x0000000000000000       0x12 libk/string.32
 .comment       0x0000000000000000       0x12 fs/fat/diskio.32
 .comment       0x0000000000000000       0x12 fs/fat/ff.32
 .comment       0x0000000000000000       0x12 fs/fat/ffsystem.32
 .comment       0x0000000000000000       0x12 fs/fat/ffunicode.32
 .comment       0x0000000000000000       0x12 hal/libresample/samplerate.32
 .comment       0x0000000000000000       0x12 hal/libresample/src_linear.32
 .comment       0x0000000000000000       0x12 hal/libresample/src_sinc.32
 .comment       0x0000000000000000       0x12 hal/libresample/src_zoh.32
 .comment       0x0000000000000000       0x12 compat/inlines.32
 .group         0x0000000000000000       0x14 core/computer.32
 .group         0x0000000000000000        0xc core/computer.32
 .comment       0x0000000000000000       0x12 core/computer.32
 .comment       0x0000000000000000       0x12 core/gdt.32
 .group         0x0000000000000000        0xc core/idle.32
 .comment       0x0000000000000000       0x12 core/idle.32
 .comment       0x0000000000000000       0x12 core/idt.32
 .comment       0x0000000000000000       0x12 core/kheap.32
 .comment       0x0000000000000000       0x12 core/main.32
 .comment       0x0000000000000000       0x12 core/physmgr.32
 .group         0x0000000000000000        0xc core/pipe.32
 .comment       0x0000000000000000       0x12 core/pipe.32
 .group         0x0000000000000000        0xc core/terminal.32
 .comment       0x0000000000000000       0x12 core/terminal.32
 .comment       0x0000000000000000       0x12 core/tss.32
 .group         0x0000000000000000        0x8 core/unixfile.32
 .group         0x0000000000000000        0xc core/unixfile.32
 .group         0x0000000000000000        0xc core/unixfile.32
 .group         0x0000000000000000        0x8 core/unixfile.32
 .group         0x0000000000000000        0xc core/unixfile.32
 .group         0x0000000000000000        0x8 core/unixfile.32
 .group         0x0000000000000000        0xc core/unixfile.32
 .group         0x0000000000000000        0xc core/unixfile.32
 .comment       0x0000000000000000       0x12 core/unixfile.32
 .comment       0x0000000000000000       0x12 core/virtmgr.32
 .comment       0x0000000000000000       0x12 coreobjs/c++.32
 .comment       0x0000000000000000       0x12 dbg/kconsole.32
 .group         0x0000000000000000        0xc fs/vfs.32
 .group         0x0000000000000000        0xc fs/vfs.32
 .group         0x0000000000000000        0xc fs/vfs.32
 .comment       0x0000000000000000       0x12 fs/vfs.32
 .group         0x0000000000000000        0xc hal/bus.32
 .comment       0x0000000000000000       0x12 hal/bus.32
 .group         0x0000000000000000        0xc hal/buzzer.32
 .comment       0x0000000000000000       0x12 hal/buzzer.32
 .group         0x0000000000000000        0xc hal/clock.32
 .comment       0x0000000000000000       0x12 hal/clock.32
 .group         0x0000000000000000       0x14 hal/device.32
 .group         0x0000000000000000        0xc hal/device.32
 .group         0x0000000000000000        0xc hal/device.32
 .group         0x0000000000000000        0xc hal/device.32
 .group         0x0000000000000000        0xc hal/device.32
[...]
Memory Configuration

Name             Origin             Length             Attributes
*default*        0x0000000000000000 0xffffffffffffffff

Linker script and memory map

LOAD D:/Users/Alex/Desktop/Banana/kernel/boot.32
LOAD crti.32
LOAD /cygdrive/d/Users/Alex/Desktop/Toolchain/Output/bin/../lib/gcc/i386-banana/8.1.0/crtbegin.o
LOAD D:/Users/Alex/Desktop/Banana/kernel/morenasm.32
LOAD acpica/utclib.32
LOAD core/malloc.32
LOAD libk/string.32
LOAD fs/fat/diskio.32
LOAD fs/fat/ff.32
LOAD fs/fat/ffsystem.32
LOAD fs/fat/ffunicode.32
LOAD hal/libresample/samplerate.32
LOAD hal/libresample/src_linear.32
LOAD hal/libresample/src_sinc.32
LOAD hal/libresample/src_zoh.32
LOAD compat/inlines.32
LOAD core/computer.32
LOAD core/gdt.32
LOAD core/idle.32
LOAD core/idt.32
LOAD core/kheap.32
LOAD core/main.32
LOAD core/physmgr.32
LOAD core/pipe.32
LOAD core/terminal.32
LOAD core/tss.32
LOAD core/unixfile.32
LOAD core/virtmgr.32
LOAD coreobjs/c++.32
LOAD dbg/kconsole.32
LOAD fs/vfs.32
LOAD hal/bus.32
LOAD hal/buzzer.32
LOAD hal/clock.32
LOAD hal/device.32
LOAD hal/diskctrl.32
LOAD hal/diskphys.32
LOAD hal/fpu.32
LOAD hal/intctrl.32
LOAD hal/keybrd.32
LOAD hal/logidisk.32
LOAD hal/mouse.32
LOAD hal/partition.32
LOAD hal/timer.32
LOAD hal/vcache.32
LOAD hal/video.32
LOAD hw/acpi.32
LOAD hw/cpu.32
LOAD hw/ports.32
LOAD krnl/panic.32
LOAD reg/registry.32
LOAD sys/sc_exit.32
LOAD sys/sc_getcwd.32
LOAD sys/sc_getpid.32
LOAD sys/sc_loaddll.32
LOAD sys/sc_read.32
LOAD sys/sc_sbrk.32
LOAD sys/sc_setcwd.32
LOAD sys/sc_write.32
LOAD sys/sc_yield.32
LOAD sys/syscalls.32
LOAD thr/elf.32
LOAD thr/prcssthr.32
LOAD vm86/vm8086.32
LOAD vm86/x87em.32
LOAD fs/fat/vfslink.32
LOAD fs/iso9660/vfslink.32
LOAD hal/sound/sndchannel.32
LOAD hal/sound/sndhw.32
LOAD hw/bus/isa.32
LOAD hw/bus/pci.32
LOAD hw/diskctrl/ide.32
LOAD hw/diskctrl/satabus.32
LOAD hw/diskphys/ata.32
LOAD hw/diskphys/atapi.32
LOAD hw/fpu/avx.32
LOAD hw/fpu/mmx.32
LOAD hw/fpu/sse.32
LOAD hw/fpu/x87.32
LOAD hw/intctrl/apic.32
LOAD hw/intctrl/pic.32
LOAD hw/timer/apictimer.32
LOAD hw/timer/pit.32
LOAD hw/fpu/x86/avx.32
LOAD hw/fpu/x86/sse.32
LOAD hw/fpu/x86/x87.32
LOAD /cygdrive/d/Users/Alex/Desktop/Toolchain/Output/bin/../lib/gcc/i386-banana/8.1.0/crtend.o
LOAD crtn.32
LOAD /cygdrive/d/Users/Alex/Desktop/Toolchain/Output/bin/../lib/gcc/i386-banana/8.1.0/libkgcc.a
LOAD D:/Users/Alex/Desktop/Banana/kernel/libsoftfp.a
LOAD D:/Users/Alex/Desktop/Banana/kernel/libk/libm32.a
                0x00000000c0000000                . = 0xc0000000

.text           0x00000000c0000000    0x26018
 *(.text)
 .text          0x00000000c0000000       0x41 D:/Users/Alex/Desktop/Banana/kernel/boot.32
                0x00000000c0000020                callGlobalConstructors
 .text          0x00000000c0000041        0x0 crti.32
 *fill*         0x00000000c0000041        0x3 
 .text          0x00000000c0000044      0x101 /cygdrive/d/Users/Alex/Desktop/Toolchain/Output/bin/../lib/gcc/i386-banana/8.1.0/crtbegin.o
 *fill*         0x00000000c0000145        0xb 
 .text          0x00000000c0000150      0x492 D:/Users/Alex/Desktop/Banana/kernel/morenasm.32
                0x00000000c0000150                prepareTramp
                0x00000000c0000169                voodooXADD
                0x00000000c0000234                doTPAUSE
                0x00000000c000023e                hasLegacyFPU
                0x00000000c0000263                is486
                0x00000000c0000299                detectCPUID
                0x00000000c00002af                goToVM86
                0x00000000c00002df                goToUsermode
                0x00000000c0000309                switchToThreadASMFirstTime
                0x00000000c0000317                switchToThreadASM
                0x00000000c000039f                asmQuickAcquireLock
                0x00000000c00003bd                asmQuickReleaseLock
                0x00000000c00003c9                asmAcquireLock
                0x00000000c00003ea                asmReleaseLock
                0x00000000c00003fd                loadGDT
                0x00000000c000041d                isr0
                0x00000000c000042d                isr1
                0x00000000c0000437                isr2
                0x00000000c0000441                isr3
                0x00000000c000044b                isr4
                0x00000000c0000455                isr5
                0x00000000c000045f                isr6
                0x00000000c0000469                isr7
                0x00000000c0000473                isr8
                0x00000000c000047b                isr9
                0x00000000c0000485                isr10
                0x00000000c000048d                isr11
                0x00000000c0000495                isr12
                0x00000000c000049d                isr13
                0x00000000c00004a5                isr14
                0x00000000c00004ad                isr15
                0x00000000c00004b7                isr16
                0x00000000c00004c1                isr17
                0x00000000c00004cb                isr18
                0x00000000c00004d5                irq3
                0x00000000c00004df                irq4
                0x00000000c00004e9                irq5
                0x00000000c00004f3                irq6
                0x00000000c00004fd                irq7
                0x00000000c0000507                irq8
                0x00000000c0000511                irq9
                0x00000000c000051b                irq10
                0x00000000c0000525                irq11
                0x00000000c000052f                irq12
                0x00000000c0000539                irq13
                0x00000000c0000543                irq14
                0x00000000c000054d                irq15
                0x00000000c0000557                irq1
                0x00000000c000055e                irq2
                0x00000000c0000565                isr96
                0x00000000c000056c                irq0
                0x00000000c0000571                syscall_common_stub
                0x00000000c0000571                int_common_stub
                0x00000000c0000592                irq16
                0x00000000c000059c                irq17
                0x00000000c00005a6                irq18
                0x00000000c00005b0                irq19
                0x00000000c00005ba                irq20
                0x00000000c00005c4                irq21
                0x00000000c00005ce                irq22
                0x00000000c00005d8                irq23
 .text          0x00000000c00005e2      0x40f acpica/utclib.32
                0x00000000c00005e2                memcmp
                0x00000000c000060d                memmove
                0x00000000c0000645                memcpy
                0x00000000c000067b                memset
                0x00000000c0000698                strlen
                0x00000000c00006a8                strpbrk
                0x00000000c00006cb                strtok
                0x00000000c000071a                strcpy
                0x00000000c000073a                strncpy
                0x00000000c000076b                strcmp
                0x00000000c000078c                strchr
                0x00000000c00007a2                strncmp
                0x00000000c00007d1                strcat
                0x00000000c00007f8                strncat
                0x00000000c0000832                strstr
                0x00000000c000086f                toupper
                0x00000000c0000883                tolower
                0x00000000c0000897                simple_strtoul
 .text          0x00000000c00009f1      0xfbf core/malloc.32
                0x00000000c0000b5c                dlfree
                0x00000000c0000eb7                dlmalloc
                0x00000000c00013f4                dlrealloc
                0x00000000c00015a9                dlmemalign
                0x00000000c00016cc                dlcalloc
                0x00000000c0001766                dlcfree
                0x00000000c000176b                dlindependent_calloc
                0x00000000c0001790                dlindependent_comalloc
                0x00000000c00017a7                dlvalloc
                0x00000000c00017d2                dlpvalloc
                0x00000000c0001808                dlmalloc_trim
                0x00000000c0001815                dlmalloc_usable_size
                0x00000000c0001846                dlmallinfo
                0x00000000c0001915                dlmalloc_stats
                0x00000000c0001926                dlmallopt
 .text          0x00000000c00019b0        0x0 libk/string.32
 .text          0x00000000c00019b0       0x51 fs/fat/diskio.32
                0x00000000c00019b0                disk_status
                0x00000000c00019b3                disk_initialize
                0x00000000c00019b6                disk_read
                0x00000000c00019cc                disk_write
                0x00000000c00019e2                disk_ioctl
 .text          0x00000000c0001a01     0x6833 fs/fat/ff.32
                0x00000000c0004ccf                f_mount
                0x00000000c0004d31                f_open
                0x00000000c000516d                f_read
                0x00000000c00053ed                f_write
                0x00000000c00056a7                f_sync
                0x00000000c0005883                f_close
                0x00000000c00058b2                f_lseek
                0x00000000c0005d69                f_opendir
                0x00000000c0005e6b                f_closedir
                0x00000000c0005e8d                f_readdir
                0x00000000c0005f28                f_stat
                0x00000000c0005fb7                f_getfree
                0x00000000c0006182                f_truncate
                0x00000000c000627a                f_unlink
                0x00000000c00063fd                f_mkdir
                0x00000000c0006629                f_rename
                0x00000000c000691c                f_chmod
                0x00000000c00069fa                f_utime
                0x00000000c0006ad8                f_getlabel
                0x00000000c0006cc6                f_setlabel
                0x00000000c0006f33                f_forward
                0x00000000c0007111                f_mkfs
 .text          0x00000000c0008234       0x2d fs/fat/ffsystem.32
                0x00000000c0008234                ff_memalloc
                0x00000000c000824a                ff_memfree
 .text          0x00000000c0008261      0x253 fs/fat/ffunicode.32
                0x00000000c0008261                ff_uni2oem
                0x00000000c00082f1                ff_oem2uni
                0x00000000c000835d                ff_wtoupper
 .text          0x00000000c00084b4      0x8fb hal/libresample/samplerate.32
                0x00000000c00084f8                src_delete
                0x00000000c0008534                src_process
                0x00000000c00086ea                src_callback_read
                0x00000000c0008867                src_set_ratio
                0x00000000c00088d1                src_get_channels
                0x00000000c00088f3                src_reset
                0x00000000c000893f                src_new
                0x00000000c00089cd                src_callback_new
                0x00000000c0008a2f                src_get_name
                0x00000000c0008a66                src_get_description
                0x00000000c0008a9d                src_get_version
                0x00000000c0008aa3                src_is_valid_ratio
                0x00000000c0008af7                src_error
                0x00000000c0008b05                src_strerror
                0x00000000c0008b18                src_simple
                0x00000000c0008b6b                src_short_to_float_array
                0x00000000c0008bd0                src_float_to_short_array
                0x00000000c0008c8f                src_int_to_float_array
                0x00000000c0008cf2                src_float_to_int_array
 .text          0x00000000c0008daf      0x8cb hal/libresample/src_linear.32
                0x00000000c00095d5                linear_get_name
                0x00000000c00095e4                linear_get_description
                0x00000000c00095f3                linear_set_converter
 .text          0x00000000c000967a     0x447c hal/libresample/src_sinc.32
                0x00000000c000da0d                sinc_get_name
                0x00000000c000da20                sinc_get_description
                0x00000000c000da33                sinc_set_converter
 .text          0x00000000c000daf6      0x77c hal/libresample/src_zoh.32
                0x00000000c000e1cd                zoh_get_name
                0x00000000c000e1dc                zoh_get_description
                0x00000000c000e1eb                zoh_set_converter
 .text          0x00000000c000e272       0x23 compat/inlines.32
                0x00000000c000e272                CPU::current()
                0x00000000c000e27f                operator new(unsigned long)
 *fill*         0x00000000c000e295        0x1 
 .text          0x00000000c000e296      0xa07 core/computer.32
                0x00000000c000e296                Computer::close(int, int, void*)
                0x00000000c000e2da                Computer::Computer()
                0x00000000c000e2da                Computer::Computer()
                0x00000000c000e436                Computer::setBootMessage(char const*)
                0x00000000c000e438                Computer::start()
                0x00000000c000e509                firstTask()
                0x00000000c000e518                Computer::detectFeatures()
                0x00000000c000e722                Computer::displayFeatures()
                0x00000000c000ea68                Computer::rdmsr(unsigned int)
                0x00000000c000ea94                Computer::wrmsr(unsigned int, unsigned long long)
                0x00000000c000eacc                Computer::nmiEnabled()
                0x00000000c000ead8                Computer::readCMOS(unsigned char)
                0x00000000c000eaf2                Computer::enableNMI(bool)
                0x00000000c000eb0a                Computer::open(int, int, void*)
                0x00000000c000ebe0                Computer::disableNMI()
                0x00000000c000ebee                Computer::writeCMOS(unsigned char, unsigned char)
                0x00000000c000ec0c                Computer::handleNMI()
                0x00000000c000ec72                Computer::setDiskActivityLight(int, bool)
 *fill*         0x00000000c000ec9d        0x1 
 .text          0x00000000c000ec9e      0x1b7 core/gdt.32
                0x00000000c000ec9e                GDTEntry::setBase(unsigned int)
                0x00000000c000ecba                GDTEntry::setLimit(unsigned int)
                0x00000000c000ecd8                GDT::GDT()
                0x00000000c000ecd8                GDT::GDT()
                0x00000000c000ecee                GDT::addEntry(GDTEntry)
                0x00000000c000ed2a                GDT::getNumberOfEntries()
                0x00000000c000ed32                GDT::flush()
                0x00000000c000ed54                GDT::setup()
 .text          0x00000000c000ee55       0x62 core/idle.32
                0x00000000c000ee55                idleFunction(void*)
 *fill*         0x00000000c000eeb7        0x1 
 .text          0x00000000c000eeb8      0x45f core/idt.32
                0x00000000c000eeb8                IDTEntry::IDTEntry(bool)
                0x00000000c000eeb8                IDTEntry::IDTEntry(bool)
                0x00000000c000ef26                IDTEntry::setOffset(unsigned int)
                0x00000000c000ef3a                IDT::IDT()
                0x00000000c000ef3a                IDT::IDT()
                0x00000000c000ef3c                IDT::getPointerToInvalidOpcodeEntryForF00F()
                0x00000000c000ef44                IDT::addEntry(IDTEntry, int)
                0x00000000c000ef5e                IDT::addEntry(int, void (*)(), bool)
                0x00000000c000ef96                IDT::flush()
                0x00000000c000efb0                IDT::setup()
 .text          0x00000000c000f317      0x203 core/kheap.32
                0x00000000c000f317                sbrk
                0x00000000c000f425                mmap
                0x00000000c000f43b                munmap
                0x00000000c000f451                liballoc_lock()
                0x00000000c000f462                liballoc_unlock()
                0x00000000c000f473                liballoc_alloc(int)
                0x00000000c000f48e                liballoc_free(void*, int)
                0x00000000c000f4ac                realloc
                0x00000000c000f4c0                malloc
                0x00000000c000f4d0                free
                0x00000000c000f4e0                rfree
                0x00000000c000f4f0                calloc
 .text          0x00000000c000f51a      0x38d core/main.32
                0x00000000c000f51a                hwTextMode_loadInData(VgaText*)
                0x00000000c000f55f                hwTextMode_loadInTitle(VgaText*, char*)
                0x00000000c000f5a1                hwTextMode_showCursor(VgaText*, bool)
                0x00000000c000f5f5                hwTextMode_update(VgaText*)
                0x00000000c000f5f6                hwTextMode_updateCursor(VgaText*)
                0x00000000c000f63e                hwTextMode_disableBlink(VgaText*, bool)
                0x00000000c000f67a                hwTextMode_scrollScreen(VgaText*)
                0x00000000c000f700                hwTextMode_writeCharacter(VgaText*, char, VgaColour, VgaColour, int, int)
                0x00000000c000f75e                setupTextMode()
                0x00000000c000f7af                kernel_main
 .text          0x00000000c000f8a7      0x4f3 core/physmgr.32
                0x00000000c000f8a7                Phys::allocateDMA(unsigned long)
                0x00000000c000f94a                Phys::freeDMA(unsigned long, unsigned long)
                0x00000000c000f992                Phys::setPageState(unsigned long, bool)
                0x00000000c000f9c4                Phys::getPageState(unsigned long)
                0x00000000c000f9e0                Phys::freePage(unsigned long)
                0x00000000c000fa6a                Phys::allocatePage()
                0x00000000c000fb32                Phys::allowSegmentToBeUsed(unsigned long, unsigned long)
                0x00000000c000fb6a                Phys::physicalMemorySetup(unsigned int)
 .text          0x00000000c000fd9a      0x273 core/pipe.32
                0x00000000c000fd9a                Pipe::isAtty()
                0x00000000c000fd9e                Pipe::~Pipe()
                0x00000000c000fd9e                Pipe::~Pipe()
                0x00000000c000fdc2                Pipe::~Pipe()
                0x00000000c000fdea                Pipe::read(unsigned long long, void*, int*)
                0x00000000c000fede                Pipe::write(unsigned long long, void*, int*)
                0x00000000c000ffa6                Pipe::Pipe(int)
                0x00000000c000ffa6                Pipe::Pipe(int)
 *fill*         0x00000000c001000d        0x1 
 .text          0x00000000c001000e      0xf65 core/terminal.32
                0x00000000c001000e                VgaText::isAtty()
                0x00000000c0010012                VgaText::~VgaText()
                0x00000000c0010012                VgaText::~VgaText()
                0x00000000c0010036                VgaText::~VgaText()
                0x00000000c0010060                VgaText::read(unsigned long long, void*, int*)
                0x00000000c0010080                setTerminalScrollLock(bool)
                0x00000000c0010081                addToTerminalCycle(VgaText*)
                0x00000000c00100ae                installVgaTextImplementation()
                0x00000000c00100c3                scrollTerminalScrollLock(int)
                0x00000000c00100c4                VgaText::load()
                0x00000000c0010118                VgaText::updateCursor()
                0x00000000c0010132                VgaText::showCursor(bool)
                0x00000000c0010142                VgaText::disableBlink(bool)
                0x00000000c001017c                VgaText::doANSI_SGR(int)
                0x00000000c0010208                VgaText::setDefaultBgColour(VgaColour)
                0x00000000c001021e                VgaText::setDefaultFgColour(VgaColour)
                0x00000000c0010234                VgaText::setDefaultColours(VgaColour, VgaColour)
                0x00000000c0010254                VgaText::combineColours(unsigned char, unsigned char)
                0x00000000c0010266                VgaText::scrollScreen()
                0x00000000c00102fa                VgaText::combineCharAndColour(char, unsigned char)
                0x00000000c001030c                VgaText::writeCharacter(char, VgaColour, VgaColour, int, int)
                0x00000000c001036c                VgaText::getCursorX()
                0x00000000c0010378                VgaText::getCursorY()
                0x00000000c0010384                VgaText::setCursor(int, int)
                0x00000000c00103a2                VgaText::setCursorX(int)
                0x00000000c00103be                VgaText::setCursorY(int)
                0x00000000c00103da                VgaText::incrementCursor(bool)
                0x00000000c0010442                VgaText::updateRAMUsageDisplay(int)
                0x00000000c001049c                VgaText::updateDiskUsage()
                0x00000000c0010602                VgaText::updateTitle()
                0x00000000c0010648                VgaText::setTitleTextColour(VgaColour)
                0x00000000c0010658                VgaText::setTitleColour(VgaColour)
                0x00000000c0010668                VgaText::setTitle(char*)
                0x00000000c001068e                VgaText::decrementCursor(bool)
                0x00000000c00106b6                VgaText::putchar(char, VgaColour, VgaColour)
                0x00000000c00107b2                VgaText::isShowingCursor()
                0x00000000c00107be                VgaText::isBlinkDisabled()
                0x00000000c00107cc                VgaText::setCursorHeight(int)
                0x00000000c00107ea                VgaText::getCursorHeight()
                0x00000000c00107f5                setActiveTerminal(VgaText*)
                0x00000000c00108a7                doTerminalCycle()
                0x00000000c00108c4                VgaText::doUpdate()
                0x00000000c00108d6                VgaText::puts(char const*, VgaColour, VgaColour)
                0x00000000c0010a96                VgaText::clearScreen()
                0x00000000c0010afa                VgaText::putchar(char)
                0x00000000c0010c14                VgaText::puts(char const*)
                0x00000000c0010c3a                VgaText::putx(unsigned int)
                0x00000000c0010c80                VgaText::VgaText(char const*)
                0x00000000c0010c80                VgaText::VgaText(char const*)
                0x00000000c0010e12                VgaText::receiveKey(unsigned char)
                0x00000000c0010efa                VgaText::write(unsigned long long, void*, int*)
                0x00000000c0010f4e                newTerminal(char*)
 *fill*         0x00000000c0010f73        0x1 
 .text          0x00000000c0010f74      0x1b3 core/tss.32
                0x00000000c0010f74                TSS::TSS()
                0x00000000c0010f74                TSS::TSS()
                0x00000000c0010f82                TSS::setESP(unsigned long)
                0x00000000c0010f94                TSS::flush()
                0x00000000c0010fb4                TSS::setup(unsigned long, unsigned long)
 *fill*         0x00000000c0011127        0x1 
 .text          0x00000000c0011128      0x4c2 core/unixfile.32
                0x00000000c0011128                ReservedFilename::read(unsigned long long, void*, int*)
                0x00000000c001117e                ReservedFilename::isAtty()
                0x00000000c001119a                ReservedFilename::write(unsigned long long, void*, int*)
                0x00000000c00111f8                UnixFile::getFileDescriptor()
                0x00000000c0011200                UnixFile::UnixFile(int)
                0x00000000c0011200                UnixFile::UnixFile(int)
                0x00000000c00113b0                ReservedFilename::ReservedFilename(int)
                0x00000000c00113b0                ReservedFilename::ReservedFilename(int)
                0x00000000c00113e2                UnixFile::~UnixFile()
                0x00000000c00113e2                UnixFile::~UnixFile()
                0x00000000c001147a                UnixFile::~UnixFile()
                0x00000000c00114a2                ReservedFilename::~ReservedFilename()
                0x00000000c00114a2                ReservedFilename::~ReservedFilename()
                0x00000000c00114c6                ReservedFilename::~ReservedFilename()
                0x00000000c00114ed                getFromFileDescriptor(int)
 .text          0x00000000c00115ea      0xee3 core/virtmgr.32
                0x00000000c00115ea                Virt::setPageState(unsigned long, Virt::VirtPageState)
                0x00000000c001161f                Virt::getPageState(unsigned long)
                0x00000000c0011643                Virt::allocateKernelVirtualPages(int)
                0x00000000c0011754                Virt::virtualMemorySetup()
                0x00000000c00117d3                Virt::getAKernelVAS()
                0x00000000c00117d9                Virt::setupPageSwapping(int)
                0x00000000c0011908                VAS::VAS()
                0x00000000c0011908                VAS::VAS()
                0x00000000c0011938                VAS::VAS(VAS*)
                0x00000000c0011938                VAS::VAS(VAS*)
                0x00000000c001195c                VAS::getForeignPageTableEntry(bool, unsigned long)
                0x00000000c0011988                VAS::getPageTableEntry(unsigned long)
                0x00000000c00119a7                Virt::freeKernelVirtualPages(unsigned long)
                0x00000000c0011aca                VAS::freeAllocatedPages(unsigned long)
                0x00000000c0011aee                VAS::virtualToPhysical(unsigned long)
                0x00000000c0011b06                VAS::reflagRange(unsigned long, int, int, int)
                0x00000000c0011b46                VAS::setToWriteCombining(unsigned long, int)
                0x00000000c0011b78                VAS::mapOtherVASIn(bool, VAS*)
                0x00000000c0011ba2                VAS::~VAS()
                0x00000000c0011ba2                VAS::~VAS()
                0x00000000c0011d0e                VAS::mapPage(unsigned long, unsigned long, int)
                0x00000000c0011e0e                VAS::allocatePages(int, int)
                0x00000000c0011fe6                VAS::setCPUSpecific(unsigned long)
                0x00000000c0012002                VAS::mapRange(unsigned long, unsigned long, int, int)
                0x00000000c00120c8                VAS::mapForeignPage(bool, VAS*, unsigned long, unsigned long, int)
                0x00000000c00121b6                VAS::VAS(bool)
                0x00000000c00121b6                VAS::VAS(bool)
                0x00000000c0012411                mapVASFirstTime
 .text          0x00000000c00124cd       0x95 coreobjs/c++.32
                0x00000000c00124cd                __cxa_atexit
                0x00000000c00124d0                __cxa_finalize
                0x00000000c00124d1                __stack_chk_fail
                0x00000000c001253d                __cxa_pure_virtual
                0x00000000c001254e                operator new[](unsigned long)
                0x00000000c0012553                operator delete(void*, unsigned long)
                0x00000000c0012558                operator delete[](void*)
                0x00000000c001255d                operator delete[](void*, unsigned long)
 .text          0x00000000c0012562      0x1ef dbg/kconsole.32
                0x00000000c0012562                Dbg::stringifyxWithBase(unsigned int, char*, int)
                0x00000000c00125c3                Dbg::logc(char)
                0x00000000c00125da                Dbg::logs(char*)
                0x00000000c00125f7                Dbg::logWriteInt(unsigned int)
                0x00000000c0012614                Dbg::logWriteIntBase(unsigned int, int)
                0x00000000c0012633                Dbg::kprintf(char const*, ...)
 *fill*         0x00000000c0012751        0x1 
 .text          0x00000000c0012752      0xb7c fs/vfs.32
                0x00000000c0012752                File::read(unsigned long long, void*, int*)
                0x00000000c00127aa                File::write(unsigned long long, void*, int*)
                0x00000000c0012802                Directory::read(unsigned long long, void*, int*)
                0x00000000c001285a                Directory::write(unsigned long long, void*, int*)
                0x00000000c0012888                File::isAtty()
                0x00000000c001288c                Directory::isAtty()
                0x00000000c0012890                Filesystem::getlabel(LogicalDisk*, int, char*, unsigned int*)
                0x00000000c0012896                Filesystem::setlabel(LogicalDisk*, int, char*)
                0x00000000c001289c                File::~File()
                0x00000000c001289c                File::~File()
                0x00000000c00128c0                File::~File()
                0x00000000c00128ea                Directory::~Directory()
                0x00000000c00128ea                Directory::~Directory()
                0x00000000c001290e                Directory::~Directory()
                0x00000000c0012938                Filesystem::Filesystem()
                0x00000000c0012938                Filesystem::Filesystem()
                0x00000000c001295c                Filesystem::~Filesystem()
                0x00000000c001295c                Filesystem::~Filesystem()
                0x00000000c001296a                Filesystem::~Filesystem()
                0x00000000c001298e                initVFS()
                0x00000000c00129b8                standardiseFiles(char*, char const*, char const*)
                0x00000000c0012b62                File::File(char const*, Process*)
                0x00000000c0012b62                File::File(char const*, Process*)
                0x00000000c0012bc6                File::open(FileOpenMode)
                0x00000000c0012c24                File::close()
                0x00000000c0012c84                File::seek(unsigned long long)
                0x00000000c0012cda                File::tell(unsigned long long*)
                0x00000000c0012d2a                File::rewind()
                0x00000000c0012d3e                File::unlink()
                0x00000000c0012d8a                File::rename(char const*)
                0x00000000c0012dd8                File::chfatattr(unsigned char, unsigned char)
                0x00000000c0012e34                File::exists()
                0x00000000c0012e72                File::stat(unsigned long long*, bool*)
                0x00000000c0012ed3                getcwd(Process*, char*, int)
                0x00000000c0012efd                setcwd(Process*, char*)
                0x00000000c0013038                Directory::Directory(char const*, Process*)
                0x00000000c0013038                Directory::Directory(char const*, Process*)
                0x00000000c001309c                Directory::open()
                0x00000000c00130f8                Directory::close()
                0x00000000c0013158                Directory::unlink()
                0x00000000c00131a4                Directory::rename(char const*)
                0x00000000c00131f2                Directory::exists()
                0x00000000c0013230                Directory::read(dirent*)
                0x00000000c001327c                Directory::create()
                0x00000000c00132c8                Filesystem::chfatattr(char const*, unsigned char, unsigned char)
 .text          0x00000000c00132ce       0x84 hal/bus.32
                0x00000000c00132ce                Bus::Bus(char const*)
                0x00000000c00132ce                Bus::Bus(char const*)
                0x00000000c0013304                Bus::~Bus()
                0x00000000c0013304                Bus::~Bus()
                0x00000000c0013328                Bus::~Bus()
 .text          0x00000000c0013352      0x14e hal/buzzer.32
                0x00000000c0013352                Buzzer::Buzzer(char const*)
                0x00000000c0013352                Buzzer::Buzzer(char const*)
                0x00000000c0013396                Buzzer::~Buzzer()
                0x00000000c0013396                Buzzer::~Buzzer()
                0x00000000c00133ba                Buzzer::~Buzzer()
                0x00000000c00133e4                Buzzer::stop()
                0x00000000c00133f7                beepThread(void*)
                0x00000000c0013432                Buzzer::beep(int, int, bool)
 .text          0x00000000c00134a0      0x42f hal/clock.32
                0x00000000c00134a0                loadClockSettings()
                0x00000000c00134ba                Clock::Clock(char const*)
                0x00000000c00134ba                Clock::Clock(char const*)
                0x00000000c00134f0                Clock::~Clock()
                0x00000000c00134f0                Clock::~Clock()
                0x00000000c0013514                Clock::~Clock()
                0x00000000c001353e                Clock::timeInSecondsLocal()
                0x00000000c0013586                Clock::setTimeInSecondsLocal(unsigned long long)
                0x00000000c00135df                datetimeToSeconds(datetime_t)
                0x00000000c0013706                Clock::setTimeInDatetimeLocal(datetime_t)
                0x00000000c0013766                secondsToDatetime(unsigned long long)
                0x00000000c00138aa                Clock::timeInDatetimeLocal()
 *fill*         0x00000000c00138cf        0x1 
 .text          0x00000000c00138d0      0x4de hal/device.32
                0x00000000c00138d0                Device::hibernate()
                0x00000000c00138d2                Device::wake()
                0x00000000c00138d4                Device::detect()
                0x00000000c00138d6                Device::disableLegacy()
                0x00000000c00138d8                Device::powerSaving(PowerSavingLevel)
                0x00000000c00138da                DriverlessDevice::close(int, int, void*)
                0x00000000c00138de                DriverlessDevice::detect()
                0x00000000c00138e0                DriverlessDevice::open(int, int, void*)
                0x00000000c00138f4                Device::~Device()
                0x00000000c00138f4                Device::~Device()
                0x00000000c0013902                Device::~Device()
                0x00000000c001392a                Device::findAndLoadDriver()
                0x00000000c001392c                Device::preOpenPCI(PCIDeviceInfo)
                0x00000000c0013952                Device::preOpenACPI(void*, char*, char*)
                0x00000000c00139a6                Device::addIRQHandler(int, void (*)(regs*, void*), bool, void*)
                0x00000000c00139e4                Device::removeIRQHandler(int, void (*)(regs*, void*), bool)
                0x00000000c0013a22                Device::addChild(Device*)
                0x00000000c0013a66                Device::removeAllChildren()
                0x00000000c0013aac                Device::hibernateAll()
                0x00000000c0013adc                Device::wakeAll()
                0x00000000c0013b0c                Device::detectAll()
                0x00000000c0013b3c                Device::disableLegacyAll()
                0x00000000c0013b6c                Device::loadDriversForAll()
                0x00000000c0013b98                Device::closeAll()
                0x00000000c0013bce                Device::powerSavingAll(PowerSavingLevel)
                0x00000000c0013c04                Device::setName(char const*)
                0x00000000c0013c12                Device::Device(char const*)
                0x00000000c0013c12                Device::Device(char const*)
                0x00000000c0013d0e                Device::getName()
                0x00000000c0013d18                DriverlessDevice::DriverlessDevice(char const*)
                0x00000000c0013d18                DriverlessDevice::DriverlessDevice(char const*)
                0x00000000c0013d40                Device::addToLinkedList(LinkedList<Device>&, DeviceType)
                0x00000000c0013d84                getDevicesOfType(DeviceType)
 .text          0x00000000c0013dae       0x84 hal/diskctrl.32
                0x00000000c0013dae                HardDiskController::HardDiskController(char const*)
                0x00000000c0013dae                HardDiskController::HardDiskController(char const*)
                0x00000000c0013de4                HardDiskController::~HardDiskController()
                0x00000000c0013de4                HardDiskController::~HardDiskController()
                0x00000000c0013e08                HardDiskController::~HardDiskController()
 .text          0x00000000c0013e32       0xde hal/diskphys.32
                0x00000000c0013e32                PhysicalDisk::PhysicalDisk(char const*, int)
                0x00000000c0013e32                PhysicalDisk::PhysicalDisk(char const*, int)
                0x00000000c0013e9a                PhysicalDisk::startCache()
                0x00000000c0013ec2                PhysicalDisk::~PhysicalDisk()
                0x00000000c0013ec2                PhysicalDisk::~PhysicalDisk()
                0x00000000c0013ee6                PhysicalDisk::~PhysicalDisk()
 .text          0x00000000c0013f10      0x13b hal/fpu.32
                0x00000000c0013f10                FPU::FPU(char const*)
                0x00000000c0013f10                FPU::FPU(char const*)
                0x00000000c0013f46                FPU::~FPU()
                0x00000000c0013f46                FPU::~FPU()
                0x00000000c0013f6a                FPU::~FPU()
                0x00000000c0013f94                setupFPU()
 *fill*         0x00000000c001404b        0x1 
 .text          0x00000000c001404c     0x12b1 hal/intctrl.32
                0x00000000c001404c                InterruptController::uninstallISRHandler(int, void (*)(regs*, void*))
                0x00000000c0014084                InterruptController::installISRHandler(int, void (*)(regs*, void*), void*)
                0x00000000c00140d6                doubleFault(regs*, void*)
                0x00000000c00140f0                InterruptController::installIRQHandler(int, void (*)(regs*, void*), bool, void*)
                0x00000000c001418c                InterruptController::clearAllHandlers(int, bool)
                0x00000000c0014234                InterruptController::uninstallIRQHandler(int, void (*)(regs*, void*), bool)
                0x00000000c00142bb                nmiHandler(regs*, void*)
                0x00000000c00142c9                int_handler
                0x00000000c001436a                InterruptController::InterruptController(char const*)
                0x00000000c001436a                InterruptController::InterruptController(char const*)
                0x00000000c0014410                InterruptController::~InterruptController()
                0x00000000c0014410                InterruptController::~InterruptController()
                0x00000000c0014434                InterruptController::~InterruptController()
                0x00000000c001445e                displayDebugInfo(regs*)
                0x00000000c0014863                x87EmulHandler(regs*, void*)
                0x00000000c0014892                gpFault(regs*, void*)
                0x00000000c00148cb                pgFault(regs*, void*)
                0x00000000c00148e2                otherISRHandler(regs*, void*)
                0x00000000c0014901                opcodeFault(regs*, void*)
                0x00000000c0014ec0                displayProgramFault(char const*)
                0x00000000c0014ee8                setupInterruptController()
                0x00000000c00152b0                InterruptController::convertLegacyIRQNumber(int)
 *fill*         0x00000000c00152fd        0x1 
 .text          0x00000000c00152fe      0x620 hal/keybrd.32
                0x00000000c00152fe                startGUI(void*)
                0x00000000c0015370                sendKeyToTerminal(unsigned char)
                0x00000000c00153dc                sendKeyboardToken(KeyboardToken)
                0x00000000c00157b7                clearInternalKeybuffer(VgaText*)
                0x00000000c00157ec                readKeyboard(VgaText*, char*, unsigned long)
                0x00000000c0015894                Keyboard::Keyboard(char const*)
                0x00000000c0015894                Keyboard::Keyboard(char const*)
                0x00000000c00158d0                Keyboard::~Keyboard()
                0x00000000c00158d0                Keyboard::~Keyboard()
                0x00000000c00158f4                Keyboard::~Keyboard()
 .text          0x00000000c001591e      0x400 hal/logidisk.32
                0x00000000c001591e                LogicalDisk::close(int, int, void*)
                0x00000000c0015922                LogicalDisk::~LogicalDisk()
                0x00000000c0015922                LogicalDisk::~LogicalDisk()
                0x00000000c0015946                LogicalDisk::~LogicalDisk()
                0x00000000c0015970                LogicalDisk::open(int, int, void*)
                0x00000000c0015984                LogicalDisk::absoluteToRelative(unsigned long long)
                0x00000000c00159bc                LogicalDisk::relativeToAbsolute(unsigned long long)
                0x00000000c0015a02                LogicalDisk::LogicalDisk(char const*, PhysicalDisk*, unsigned long long, unsigned long long)
                0x00000000c0015a02                LogicalDisk::LogicalDisk(char const*, PhysicalDisk*, unsigned long long, unsigned long long)
                0x00000000c0015ab8                LogicalDisk::assignDriveLetter()
                0x00000000c0015b6e                LogicalDisk::mount()
                0x00000000c0015be0                LogicalDisk::unmount()
                0x00000000c0015bf0                LogicalDisk::unassignDriveLetter()
                0x00000000c0015c46                LogicalDisk::read(unsigned long long, int, void*)
                0x00000000c0015cb2                LogicalDisk::write(unsigned long long, int, void*)
 .text          0x00000000c0015d1e       0x84 hal/mouse.32
                0x00000000c0015d1e                Mouse::Mouse(char const*)
                0x00000000c0015d1e                Mouse::Mouse(char const*)
                0x00000000c0015d54                Mouse::~Mouse()
                0x00000000c0015d54                Mouse::~Mouse()
                0x00000000c0015d78                Mouse::~Mouse()
 .text          0x00000000c0015da2      0x339 hal/partition.32
                0x00000000c0015da2                makePartition(PhysicalDisk*, unsigned long long, unsigned long long)
                0x00000000c0015e4a                createPartitionsForDisk(PhysicalDisk*)
 *fill*         0x00000000c00160db        0x1 
 .text          0x00000000c00160dc      0x2b8 hal/timer.32
                0x00000000c00160dc                Timer::Timer(char const*)
                0x00000000c00160dc                Timer::Timer(char const*)
                0x00000000c0016112                Timer::~Timer()
                0x00000000c0016112                Timer::~Timer()
                0x00000000c0016136                Timer::~Timer()
                0x00000000c0016160                Timer::read()
                0x00000000c001616b                timerHandler(unsigned long long)
                0x00000000c00162a2                setupTimer(int)
 .text          0x00000000c0016394      0x2db hal/vcache.32
                0x00000000c0016394                VCache::VCache(PhysicalDisk*)
                0x00000000c0016394                VCache::VCache(PhysicalDisk*)
                0x00000000c001648e                VCache::writeWriteBuffer()
                0x00000000c00164ca                VCache::~VCache()
                0x00000000c00164ca                VCache::~VCache()
                0x00000000c001650a                VCache::~VCache()
                0x00000000c0016532                VCache::write(unsigned long long, int, void*)
                0x00000000c0016616                VCache::read(unsigned long long, int, void*)
 *fill*         0x00000000c001666f        0x1 
 .text          0x00000000c0016670      0x94d hal/video.32
                0x00000000c0016670                Video::putrect(int, int, int, int, unsigned int)
                0x00000000c00166ba                Video::blit(unsigned int*, int, int, int, int)
                0x00000000c0016738                Video::clearScreen(unsigned int)
                0x00000000c001676c                Video::putpixel(int, int, unsigned int)
                0x00000000c001677a                Video::Video(char const*)
                0x00000000c001677a                Video::Video(char const*)
                0x00000000c00167b0                Video::~Video()
                0x00000000c00167b0                Video::~Video()
                0x00000000c00167d4                Video::~Video()
                0x00000000c00167fe                Video::isMonochrome()
                0x00000000c001680a                Video::getWidth()
                0x00000000c0016816                Video::getHeight()
                0x00000000c0016822                Video::drawCursor(int, int, unsigned char*, int)
                0x00000000c00168de                Video::tgaParse(unsigned char*, int)
                0x00000000c0016ef6                Video::putTGA(int, int, unsigned char*, int)
 *fill*         0x00000000c0016fbd        0x1 
 .text          0x00000000c0016fbe      0xe28 hw/acpi.32
                0x00000000c0016fbe                ACPI::close(int, int, void*)
                0x00000000c0017073                findRSDP()
                0x00000000c00170fd                loadACPITables(unsigned char*)
                0x00000000c0017324                findRSDT(unsigned char*)
                0x00000000c0017442                findDataTable(unsigned char*, char*)
                0x00000000c00174de                scanMADT()
                0x00000000c0017964                ACPI::ACPI()
                0x00000000c0017964                ACPI::ACPI()
                0x00000000c00179c4                ACPI::getPCIIRQAssignment(unsigned char, unsigned short, unsigned char)
                0x00000000c0017aa6                ACPI::registerPCIIRQAssignment(void*, unsigned short, unsigned char, unsigned char)
                0x00000000c0017bac                ACPI::setScreenBrightnessLevel(void*, int)
                0x00000000c0017bb2                ACPI::writeSimpleBootFlag(SimpleBootFlagTable*)
                0x00000000c0017bfa                ACPI::open(int, int, void*)
                0x00000000c0017dce                ACPI::sleep()
 .text          0x00000000c0017de6     0x1715 hw/cpu.32
                0x00000000c0017de6                CPU::close(int, int, void*)
                0x00000000c0017dea                CPU::lookupAMDName(unsigned char, unsigned char)
                0x00000000c0017f7e                CPU::lookupIntelName(unsigned char, unsigned char)
                0x00000000c001822c                CPU::AMD_K6_write_msr(unsigned int, unsigned int, unsigned int, CPU::REGS*)
                0x00000000c0018248                CPU::AMD_K6_read_msr(unsigned int, CPU::REGS*)
                0x00000000c0018260                CPU::AMD_K6_writeback(int, int, int)
                0x00000000c00182d4                CPU::cpuid(int, unsigned long*, unsigned long*, unsigned long*, unsigned long*)
                0x00000000c0018358                CPU::cpuidCheckEDX(unsigned int)
                0x00000000c0018386                CPU::cpuidCheckECX(unsigned int)
                0x00000000c00183b4                CPU::cpuidCheckExtendedEBX(unsigned int)
                0x00000000c00183e2                CPU::cpuidCheckExtendedECX(unsigned int)
                0x00000000c0018410                CPU::CPU()
                0x00000000c0018410                CPU::CPU()
                0x00000000c001849e                CPU::displayFeatures()
                0x00000000c001871a                CPU::detectFeatures()
                0x00000000c001910a                CPU::setupSMEP()
                0x00000000c0019116                CPU::setupUMIP()
                0x00000000c0019120                CPU::setupTSC()
                0x00000000c001912a                CPU::setupLargePages()
                0x00000000c0019134                CPU::setupPAT()
                0x00000000c0019170                CPU::setupMTRR()
                0x00000000c0019172                CPU::setupGlobalPages()
                0x00000000c001917c                CPU::allowUsermodeDataAccess()
                0x00000000c001918e                CPU::prohibitUsermodeDataAccess()
                0x00000000c00191a0                CPU::setupSMAP()
                0x00000000c00191ae                CPU::setupFeatures()
                0x00000000c001922e                CPU::open(int, int, void*)
                0x00000000c0019300                CPU::decodeAddress(regs*, int*, bool*, unsigned char*)
 .text          0x00000000c00194fb        0x0 hw/ports.32
 .text          0x00000000c00194fb      0x32c krnl/panic.32
                0x00000000c00194fb                Krnl::panic(char const*)
 .text          0x00000000c0019827      0x4f9 reg/registry.32
                0x00000000c0019827                Reg::findLineFromLoadedData(char*, char*, char*)
                0x00000000c001997f                Reg::getLineFromRegistry(char*, char*, char*, char*)
                0x00000000c0019ad4                Reg::getLine(char*, char*, char*)
                0x00000000c0019b0b                Reg::readInt(char*, char*, int*)
                0x00000000c0019bf6                Reg::readString(char*, char*, char*, int)
                0x00000000c0019c77                Reg::readBool(char*, char*, bool*)
                0x00000000c0019c9c                Reg::readBoolWithDefault(char*, char*, bool)
                0x00000000c0019cc8                Reg::readIntWithDefault(char*, char*, int)
                0x00000000c0019cf4                Reg::readStringWithDefault(char*, char*, char*, int, char*)
 .text          0x00000000c0019d20       0x18 sys/sc_exit.32
                0x00000000c0019d20                Sys::exit(regs*)
 .text          0x00000000c0019d38       0x1f sys/sc_getcwd.32
                0x00000000c0019d38                Sys::getCwd(regs*)
 .text          0x00000000c0019d57        0xc sys/sc_getpid.32
                0x00000000c0019d57                Sys::getPID(regs*)
 .text          0x00000000c0019d63       0xa8 sys/sc_loaddll.32
                0x00000000c0019d63                Sys::loadDLL(regs*)
 .text          0x00000000c0019e0b       0x68 sys/sc_read.32
                0x00000000c0019e0b                Sys::read(regs*)
 .text          0x00000000c0019e73       0x55 sys/sc_sbrk.32
                0x00000000c0019e73                Sys::sbrk(regs*)
 .text          0x00000000c0019ec8       0x1c sys/sc_setcwd.32
                0x00000000c0019ec8                Sys::setCwd(regs*)
 .text          0x00000000c0019ee4       0x68 sys/sc_write.32
                0x00000000c0019ee4                Sys::write(regs*)
 .text          0x00000000c0019f4c       0x3b sys/sc_yield.32
                0x00000000c0019f4c                Sys::yield(regs*)
 .text          0x00000000c0019f87      0xfaf sys/syscalls.32
                0x00000000c0019f87                sysCallSeekDir(regs*)
                0x00000000c0019f8c                sysCallTellDir(regs*)
                0x00000000c0019f91                sysCallVerify(regs*)
                0x00000000c0019f9b                sysCallGetArgc(regs*)
                0x00000000c0019fab                sysFormatDisk(regs*)
                0x00000000c001a015                sysSetDiskVolumeLabel(regs*)
                0x00000000c001a05b                sysGetDiskVolumeLabel(regs*)
                0x00000000c001a0ac                sysShutdown(regs*)
                0x00000000c001a10a                sysCallRealpath(regs*)
                0x00000000c001a14d                sysCallReadDir(regs*)
                0x00000000c001a1db                sysCallIsATTY(regs*)
                0x00000000c001a235                sysCallSeek(regs*)
                0x00000000c001a29e                sysCallTell(regs*)
                0x00000000c001a31b                sysCallSize(regs*)
                0x00000000c001a39e                sysCallSizeFromFilename(regs*)
                0x00000000c001a45e                sysCallClose(regs*)
                0x00000000c001a4e6                sysCallOpenDir(regs*)
                0x00000000c001a55b                sysCallCloseDir(regs*)
                0x00000000c001a5c1                sysCallMakeDir(regs*)
                0x00000000c001a631                sysCallWait(regs*)
                0x00000000c001a64b                sysCallNotImpl(regs*)
                0x00000000c001a666                sysPanic(regs*)
                0x00000000c001a68c                sysCallRmdir(regs*)
                0x00000000c001a6f0                sysCallUnlink(regs*)
                0x00000000c001a754                sysCallGetArgv(regs*)
                0x00000000c001a7a0                sysCallTTYName(regs*)
                0x00000000c001a823                sysCallGetEnv(regs*)
                0x00000000c001a875                sysCallUSleep(regs*)
                0x00000000c001a89c                sysCallSpawn(regs*)
                0x00000000c001a8f4                sysAppSettings(regs*)
                0x00000000c001aa13                sysSetFatAttrib(regs*)
                0x00000000c001aa85                sysPipe(regs*)
                0x00000000c001aaca                sysGetUnixTime(regs*)
                0x00000000c001aade                string_ends_with(char const*, char const*)
                0x00000000c001ab26                sysCallOpen(regs*)
                0x00000000c001ad3b                setupSystemCalls()
                0x00000000c001aef4                systemCall(regs*, void*)
 .text          0x00000000c001af36     0x11ee thr/elf.32
                0x00000000c001af36                Thr::allocateMemoryForTask(Process*, File*, unsigned long, unsigned long, unsigned long)
                0x00000000c001b1b3                Thr::loadProgramIntoMemory(Process*, char const*)
                0x00000000c001b3c9                Thr::runtimeReferenceHelper()
                0x00000000c001b3dc                Thr::getAddressOfKernelSymbol(char const*)
                0x00000000c001b42b                Thr::loadKernelSymbolTable(char const*)
                0x00000000c001b6e7                Thr::loadDriverIntoMemory(char const*, unsigned long, bool)
                0x00000000c001be68                Thr::getDriverBaseFromAddress(unsigned long)
                0x00000000c001be9a                Thr::getDriverNameFromAddress(unsigned long)
                0x00000000c001bed1                Thr::getDriverOffsetFromAddress(unsigned long)
                0x00000000c001beeb                Thr::loadDLL(char const*, bool)
                0x00000000c001c0fa                Thr::executeDLL(unsigned long, void*)
 .text          0x00000000c001c124      0xff8 thr/prcssthr.32
                0x00000000c001c124                changeTSS
                0x00000000c001c154                Process::addArgs(char**)
                0x00000000c001c1ae                Process::Process(char const*, Process*, char**)
                0x00000000c001c1ae                Process::Process(char const*, Process*, char**)
                0x00000000c001c376                Process::Process(bool, char const*, Process*, char**)
                0x00000000c001c376                Process::Process(bool, char const*, Process*, char**)
                0x00000000c001c50a                disableIRQs()
                0x00000000c001c512                getIRQNestingLevel()
                0x00000000c001c518                enableIRQs()
                0x00000000c001c527                lockScheduler()
                0x00000000c001c529                unlockScheduler()
                0x00000000c001c52b                userModeEntryPoint(void*)
                0x00000000c001c54e                lockStuff()
                0x00000000c001c55a                taskStartupFunction
                0x00000000c001c563                updateTimeUsed()
                0x00000000c001c5c8                switchToThread(ThreadControlBlock*)
                0x00000000c001c618                Semaphore::Semaphore(int)
                0x00000000c001c618                Semaphore::Semaphore(int)
                0x00000000c001c646                Mutex::Mutex()
                0x00000000c001c646                Mutex::Mutex()
                0x00000000c001c658                Process::createThread(void (*)(void*), void*, int)
                0x00000000c001c73c                Process::createUserThread()
                0x00000000c001c758                setupMultitasking(void (*)())
                0x00000000c001c862                schedule()
                0x00000000c001c8e7                unlockStuff()
                0x00000000c001c91c                Semaphore::tryAcquire()
                0x00000000c001c94a                Semaphore::assertLocked(char const*)
                0x00000000c001c97a                blockTaskWithSchedulerLockAlreadyHeld(TaskState)
                0x00000000c001c9bc                blockTask(TaskState)
                0x00000000c001c9dd                waitTask(int, int*, int)
                0x00000000c001ca1f                nanoSleepUntil(unsigned long long)
                0x00000000c001ca76                nanoSleep(unsigned long long)
                0x00000000c001ca8b                sleep(unsigned long long)
                0x00000000c001caa8                Semaphore::acquire()
                0x00000000c001cb10                taskReturned
                0x00000000c001cb3e                unblockTask(ThreadControlBlock*)
                0x00000000c001cbed                cleanupTerminatedTask(ThreadControlBlock*)
                0x00000000c001ce91                cleanerTaskFunction(void*)
                0x00000000c001cf44                terminateTask(int)
                0x00000000c001d024                Thr::terminateFromIRQ(int)
                0x00000000c001d030                Semaphore::release()
 .text          0x00000000c001d11c      0x997 vm86/vm8086.32
                0x00000000c001d11c                Vm::inbv(unsigned short)
                0x00000000c001d122                Vm::outbv(unsigned short, unsigned char)
                0x00000000c001d12c                Vm::realToLinear(unsigned short, unsigned short)
                0x00000000c001d13c                Vm::getSegment(unsigned int)
                0x00000000c001d144                Vm::getOffset(unsigned int)
                0x00000000c001d149                Vm::mainloop2()
                0x00000000c001d184                Vm::mainVm8086Loop(void*)
                0x00000000c001d191                Vm::mainloop3(unsigned long)
                0x00000000c001d1bb                Vm::initialise8086()
                0x00000000c001d1fe                Vm::finish8086()
                0x00000000c001d243                Vm::start8086(char const*, unsigned short, unsigned short, unsigned short, unsigned short)
                0x00000000c001d37b                Vm::doISR(regs*, int, unsigned char*, unsigned short, unsigned short)
                0x00000000c001d405                Vm::readByteFromReal(unsigned short, unsigned short)
                0x00000000c001d416                Vm::readWordFromReal(unsigned short, unsigned short)
                0x00000000c001d428                Vm::readDwordFromReal(unsigned short, unsigned short)
                0x00000000c001d439                Vm::writeByteFromReal(unsigned short, unsigned short, unsigned char)
                0x00000000c001d44e                Vm::writeWordFromReal(unsigned short, unsigned short, unsigned short)
                0x00000000c001d464                Vm::writeDwordFromReal(unsigned short, unsigned short, unsigned int)
                0x00000000c001d479                Vm::faultHandler(regs*)
 .text          0x00000000c001dab3      0xefd vm86/x87em.32
                0x00000000c001dab3                Vm::fpuInternalTo32(unsigned long long)
                0x00000000c001db0e                Vm::fpuInternalTo64(unsigned long long)
                0x00000000c001db17                Vm::fpu32ToInternal(unsigned int)
                0x00000000c001db5c                Vm::fpu64ToInternal(unsigned long long)
                0x00000000c001db65                Vm::fpuFloatToLong(unsigned long long)
                0x00000000c001dbc0                Vm::fpuULongToFloat(unsigned long long)
                0x00000000c001dbf6                Vm::fpuLongToFloat(long long)
                0x00000000c001dc4c                Vm::fpuGet0()
                0x00000000c001dc51                Vm::fpuGet1()
                0x00000000c001dc59                Vm::fpuGetPi()
                0x00000000c001dc61                Vm::fpuGetLog2E()
                0x00000000c001dc79                Vm::fpuGetLogE2()
                0x00000000c001dc91                Vm::fpuGetLog210()
                0x00000000c001dca9                Vm::fpuGetLog102()
                0x00000000c001dcc1                Vm::fpuIsSecondLarger(unsigned long long, unsigned long long)
                0x00000000c001dcd5                Vm::fpuAreEqual(unsigned long long, unsigned long long)
                0x00000000c001dceb                Vm::fpuUnorderedCompare(unsigned long long, unsigned long long)
                0x00000000c001dd3e                Vm::fpuAdd(unsigned long long, unsigned long long)
                0x00000000c001dd4f                Vm::fpuAbs(unsigned long long)
                0x00000000c001dd58                Vm::fpuChs(unsigned long long)
                0x00000000c001dd68                Vm::fpuSub(unsigned long long, unsigned long long)
                0x00000000c001dd77                Vm::fpuMultiply(unsigned long long, unsigned long long)
                0x00000000c001dd96                Vm::fpuDivide(unsigned long long, unsigned long long)
                0x00000000c001ddb2                Vm::fpuSquare(unsigned long long)
                0x00000000c001ddc8                Vm::fpuGetReg(int)
                0x00000000c001de0b                Vm::fpuSetReg(int, unsigned long long)
                0x00000000c001de56                Vm::fpuPush(unsigned long long)
                0x00000000c001deb3                Vm::fpuPop()
                0x00000000c001df05                Vm::x87Handler(regs*)
 .text          0x00000000c001e9b0     0x10ed fs/fat/vfslink.32
                0x00000000c001e9b0                FAT::getName()
                0x00000000c001e9b6                FAT::tell(void*, unsigned long long*)
                0x00000000c001e9ea                FAT::stat(void*, unsigned long long*)
                0x00000000c001ea1e                FAT::~FAT()
                0x00000000c001ea1e                FAT::~FAT()
                0x00000000c001ea42                FAT::~FAT()
                0x00000000c001ea6a                FAT::getlabel(LogicalDisk*, int, char*, unsigned int*)
                0x00000000c001eb08                FAT::setlabel(LogicalDisk*, int, char*)
                0x00000000c001ebc2                FAT::format(LogicalDisk*, int, char const*, int)
                0x00000000c001eda6                FAT::tryMount(LogicalDisk*, int)
                0x00000000c001efac                FAT::readDir(void*, unsigned long, void*, int*)
                0x00000000c001f0b2                FAT::read(void*, unsigned long, void*, int*)
                0x00000000c001f10c                FAT::write(void*, unsigned long, void*, int*)
                0x00000000c001f166                FAT::close(void*)
                0x00000000c001f1b2                FAT::closeDir(void*)
                0x00000000c001f1fe                FAT::seek(void*, unsigned long long)
                0x00000000c001f252                fatWrapperReadDisk
                0x00000000c001f299                fatWrapperWriteDisk
                0x00000000c001f2e0                fatWrapperIoctl
                0x00000000c001f3e4                FAT::FAT()
                0x00000000c001f3e4                FAT::FAT()
                0x00000000c001f436                FAT::fixFilepath(char*)
                0x00000000c001f46e                FAT::open(char const*, void**, FileOpenMode)
                0x00000000c001f596                FAT::openDir(char const*, void**)
                0x00000000c001f63c                FAT::stat(char const*, unsigned long long*, bool*)
                0x00000000c001f726                FAT::unlink(char const*)
                0x00000000c001f7a0                FAT::chfatattr(char const*, unsigned char, unsigned char)
                0x00000000c001f8f4                FAT::rename(char const*, char const*)
                0x00000000c001f9b8                FAT::mkdir(char const*)
                0x00000000c001fa32                FAT::exists(char const*)
 *fill*         0x00000000c001fa9d        0x1 
 .text          0x00000000c001fa9e      0xbdf fs/iso9660/vfslink.32
                0x00000000c001fa9e                ISO9660::format(LogicalDisk*, int, char const*, int)
                0x00000000c001faa4                ISO9660::seek(void*, unsigned long long)
                0x00000000c001fad4                ISO9660::tell(void*, unsigned long long*)
                0x00000000c001faf8                ISO9660::getName()
                0x00000000c001fafe                ISO9660::stat(void*, unsigned long long*)
                0x00000000c001fb22                ISO9660::chfatattr(char const*, unsigned char, unsigned char)
                0x00000000c001fb28                ISO9660::unlink(char const*)
                0x00000000c001fb2e                ISO9660::write(void*, unsigned long, void*, int*)
                0x00000000c001fb34                ISO9660::rename(char const*, char const*)
                0x00000000c001fb3a                ISO9660::mkdir(char const*)
                0x00000000c001fb40                ISO9660::close(void*)
                0x00000000c001fb62                ISO9660::closeDir(void*)
                0x00000000c001fb84                ISO9660::~ISO9660()
                0x00000000c001fb84                ISO9660::~ISO9660()
                0x00000000c001fba8                ISO9660::~ISO9660()
                0x00000000c001fbcf                __memmem(unsigned char*, int, unsigned char*, int)
                0x00000000c001fc11                readSectorFromCDROM(unsigned int, unsigned char*, char)
                0x00000000c001fc78                ISO9660::tryMount(LogicalDisk*, int)
                0x00000000c001fcc8                ISO9660::read(void*, unsigned long, void*, int*)
                0x00000000c001ff0c                ISO9660::readDir(void*, unsigned long, void*, int*)
                0x00000000c0020199                readRoot(unsigned int*, unsigned int*, char)
                0x00000000c00201ee                readRecursively(char*, unsigned int, unsigned int, unsigned int*, unsigned int*, char, int*)
                0x00000000c00203c1                getFileData(char*, unsigned int*, unsigned int*, char, int*)
                0x00000000c0020450                ISO9660::open(char const*, void**, FileOpenMode)
                0x00000000c00204ea                ISO9660::exists(char const*)
                0x00000000c002050e                ISO9660::stat(char const*, unsigned long long*, bool*)
                0x00000000c00205a2                ISO9660::openDir(char const*, void**)
                0x00000000c002065a                ISO9660::ISO9660()
                0x00000000c002065a                ISO9660::ISO9660()
 *fill*         0x00000000c002067d        0x1 
 .text          0x00000000c002067e      0x326 hal/sound/sndchannel.32
                0x00000000c002067e                SoundChannel::~SoundChannel()
                0x00000000c002067e                SoundChannel::~SoundChannel()
                0x00000000c002069a                SoundChannel::setSpeed(float)
                0x00000000c00206a6                SoundChannel::getSpeed()
                0x00000000c00206ae                SoundChannel::setVolume(int)
                0x00000000c00206ca                SoundChannel::getVolume()
                0x00000000c00206d2                SoundChannel::pause()
                0x00000000c00206dc                SoundChannel::SoundChannel(int, int, int, int)
                0x00000000c00206dc                SoundChannel::SoundChannel(int, int, int, int)
                0x00000000c0020832                SoundChannel::play()
                0x00000000c002083c                SoundChannel::paused()
                0x00000000c0020844                SoundChannel::getSampleRate()
                0x00000000c002084c                SoundChannel::getBits()
                0x00000000c0020854                SoundChannel::getBufferUsed()
                0x00000000c002085c                SoundChannel::getBufferSize()
                0x00000000c0020864                SoundChannel::unbuffer(float*, int, int)
                0x00000000c0020904                SoundChannel::buffer8(unsigned char*, int)
 .text          0x00000000c00209a4      0x3d5 hal/sound/sndhw.32
                0x00000000c00209a4                SoundDevice::SoundDevice(char const*)
                0x00000000c00209a4                SoundDevice::SoundDevice(char const*)
                0x00000000c0020a10                SoundDevice::~SoundDevice()
                0x00000000c0020a10                SoundDevice::~SoundDevice()
                0x00000000c0020a8a                SoundDevice::~SoundDevice()
                0x00000000c0020ab4                SoundDevice::getFreeChannelNum()
                0x00000000c0020ace                SoundDevice::addChannel(SoundChannel*)
                0x00000000c0020b3e                SoundDevice::removeChannel(int)
                0x00000000c0020b70                SoundDevice::floatTo8(float*, unsigned char*, int)
                0x00000000c0020c58                SoundDevice::getAudio(int, float*, float*)
 .text          0x00000000c0020d79        0x0 hw/bus/isa.32
 *fill*         0x00000000c0020d79        0x1 
 .text          0x00000000c0020d7a      0x6c1 hw/bus/pci.32
                0x00000000c0020d7a                PCI::open(int, int, void*)
                0x00000000c0020d8e                PCI::close(int, int, void*)
                0x00000000c0020d92                PCI::PCI()
                0x00000000c0020d92                PCI::PCI()
                0x00000000c0020e12                PCI::pciReadWord(unsigned char, unsigned char, unsigned char, unsigned char)
                0x00000000c0020e5a                PCI::getVendorID(unsigned char, unsigned char, unsigned char)
                0x00000000c0020e7c                PCI::getHeaderType(unsigned char, unsigned char, unsigned char)
                0x00000000c0020ea0                PCI::getClassCode(unsigned char, unsigned char, unsigned char)
                0x00000000c0020ee4                PCI::getProgIF(unsigned char, unsigned char, unsigned char)
                0x00000000c0020f08                PCI::getRevisionID(unsigned char, unsigned char, unsigned char)
                0x00000000c0020f2a                PCI::getInterruptNumber(unsigned char, unsigned char, unsigned char)
                0x00000000c0020f4c                PCI::getSecondaryBus(unsigned char, unsigned char, unsigned char)
                0x00000000c0020f70                PCI::getBARAddress(unsigned char, unsigned char, unsigned char, unsigned char)
                0x00000000c0020fd0                PCI::pciWriteWord(unsigned char, unsigned char, unsigned char, unsigned char, unsigned short)
                0x00000000c002103c                PCI::checkBus(unsigned char)
                0x00000000c0021060                PCI::foundDevice(PCIDeviceInfo)
                0x00000000c00211d0                PCI::getDeviceData(unsigned char, unsigned char, unsigned char)
                0x00000000c002137c                PCI::checkDevice(unsigned char, unsigned char)
                0x00000000c00213e8                PCI::detect()
 *fill*         0x00000000c002143b        0x1 
 .text          0x00000000c002143c      0xc70 hw/diskctrl/ide.32
                0x00000000c002143c                IDE::close(int, int, void*)
                0x00000000c0021440                IDE::IDE()
                0x00000000c0021440                IDE::IDE()
                0x00000000c0021474                IDE::prepareInterrupt(unsigned char)
                0x00000000c0021486                selectDrive(unsigned char, unsigned char)
                0x00000000c0021488                IDE::getBase(unsigned char)
                0x00000000c002149a                IDE::write(unsigned char, unsigned char, unsigned char)
                0x00000000c002155a                IDE::read(unsigned char, unsigned char)
                0x00000000c0021608                IDE::waitInterrupt(unsigned char)
                0x00000000c002166e                ideChannel0IRQHandler(regs*, void*)
                0x00000000c002168a                ideChannel1IRQHandler(regs*, void*)
                0x00000000c00216a6                IDE::enableIRQs(unsigned char, bool)
                0x00000000c00216ec                IDE::open(int, int, void*)
                0x00000000c0021afc                IDE::readBuffer(unsigned char, unsigned char, unsigned int, unsigned int)
                0x00000000c0021bc8                IDE::detect()
                0x00000000c0021eb0                IDE::printError(unsigned char, unsigned char, unsigned char)
                0x00000000c0022046                IDE::polling(unsigned char, unsigned int)
 .text          0x00000000c00220ac      0x20b hw/diskctrl/satabus.32
                0x00000000c00220ac                SATABus::open(int, int, void*)
                0x00000000c00220b0                SATABus::close(int, int, void*)
                0x00000000c00220b4                SATABus::detect()
                0x00000000c00220b6                SATABus::SATABus()
                0x00000000c00220b6                SATABus::SATABus()
                0x00000000c00220fa                SATABus::checkType(SATABus::tagHBA_PORT volatile*)
                0x00000000c0022142                SATABus::probePort(SATABus::tagHBA_MEM volatile*)
                0x00000000c0022198                SATABus::startCmd(SATABus::tagHBA_PORT volatile*)
                0x00000000c00221b8                SATABus::stopCmd(SATABus::tagHBA_PORT volatile*)
                0x00000000c00221e2                SATABus::portRebase(SATABus::tagHBA_PORT volatile*, int)
 *fill*         0x00000000c00222b7        0x1 
 .text          0x00000000c00222b8      0x62b hw/diskphys/ata.32
                0x00000000c00222b8                ATA::close(int, int, void*)
                0x00000000c00222dc                ATA::powerSaving(PowerSavingLevel)
                0x00000000c00222de                ATA::ATA()
                0x00000000c00222de                ATA::ATA()
                0x00000000c002230c                ATA::flush(bool)
                0x00000000c0022356                ATA::readyForCommand()
                0x00000000c00223a6                ATA::access(unsigned long long, int, void*, bool)
                0x00000000c0022724                ATA::read(unsigned long long, int, void*)
                0x00000000c002278c                ATA::write(unsigned long long, int, void*)
                0x00000000c00227f4                ATA::detectCHS()
                0x00000000c002281e                ATA::open(int, int, void*)
 *fill*         0x00000000c00228e3        0x1 
 .text          0x00000000c00228e4      0x5b3 hw/diskphys/atapi.32
                0x00000000c00228e4                ATAPI::write(unsigned long long, int, void*)
                0x00000000c00228ea                ATAPI::close(int, int, void*)
                0x00000000c002290e                ATAPI::ATAPI()
                0x00000000c002290e                ATAPI::ATAPI()
                0x00000000c002293c                ATAPI::readyForCommand()
                0x00000000c002298c                ATAPI::sendPacket(unsigned char*, int, bool, unsigned short*, int)
                0x00000000c0022c4c                ATAPI::diskRemoved()
                0x00000000c0022c68                ATAPI::eject()
                0x00000000c0022cae                ATAPI::diskInserted()
                0x00000000c0022cdc                ATAPI::detectMedia()
                0x00000000c0022d98                ATAPI::open(int, int, void*)
                0x00000000c0022e18                ATAPI::read(unsigned long long, int, void*)
 *fill*         0x00000000c0022e97        0x1 
 .text          0x00000000c0022e98       0x8e hw/fpu/avx.32
                0x00000000c0022e98                AVX::open(int, int, void*)
                0x00000000c0022eaa                AVX::close(int, int, void*)
                0x00000000c0022ebc                AVX::available()
                0x00000000c0022ece                AVX::save(void*)
                0x00000000c0022ee6                AVX::load(void*)
                0x00000000c0022efe                AVX::AVX()
                0x00000000c0022efe                AVX::AVX()
 .text          0x00000000c0022f26       0x90 hw/fpu/mmx.32
                0x00000000c0022f26                MMX::available()
                0x00000000c0022f3a                MMX::open(int, int, void*)
                0x00000000c0022f4c                MMX::close(int, int, void*)
                0x00000000c0022f5e                MMX::save(void*)
                0x00000000c0022f76                MMX::load(void*)
                0x00000000c0022f8e                MMX::MMX()
                0x00000000c0022f8e                MMX::MMX()
 .text          0x00000000c0022fb6       0x96 hw/fpu/sse.32
                0x00000000c0022fb6                SSE::open(int, int, void*)
                0x00000000c0022fc8                SSE::close(int, int, void*)
                0x00000000c0022fda                SSE::available()
                0x00000000c0022ff4                SSE::save(void*)
                0x00000000c002300c                SSE::load(void*)
                0x00000000c0023024                SSE::SSE()
                0x00000000c0023024                SSE::SSE()
 .text          0x00000000c002304c       0x8e hw/fpu/x87.32
                0x00000000c002304c                x87::open(int, int, void*)
                0x00000000c002305e                x87::close(int, int, void*)
                0x00000000c0023070                x87::available()
                0x00000000c0023082                x87::save(void*)
                0x00000000c002309a                x87::load(void*)
                0x00000000c00230b2                x87::x87()
                0x00000000c00230b2                x87::x87()
 .text          0x00000000c00230da      0x71e hw/intctrl/apic.32
                0x00000000c00230da                APIC::disable()
                0x00000000c00230dc                APIC::close(int, int, void*)
                0x00000000c00230fe                IOAPIC::close(int, int, void*)
                0x00000000c0023104                APIC::io_wait()
                0x00000000c002310a                APIC::getBase()
                0x00000000c002314c                APIC::eoi(unsigned char)
                0x00000000c002317a                APIC::open(int, int, void*)
                0x00000000c00232c8                IOAPIC::IOAPIC()
                0x00000000c00232c8                IOAPIC::IOAPIC()
                0x00000000c00232f0                APIC::APIC()
                0x00000000c00232f0                APIC::APIC()
                0x00000000c00233cc                IOAPIC::handlesGSIWithNumber(unsigned int)
                0x00000000c00233fe                IOAPIC::read(int)
                0x00000000c0023426                IOAPIC::open(int, int, void*)
                0x00000000c002351c                IOAPIC::write(int, int)
                0x00000000c0023548                IOAPIC::redirect(unsigned char, unsigned long long, unsigned char, bool, bool)
                0x00000000c0023642                APIC::installIRQHandler(int, void (*)(regs*, void*), bool, void*)
 .text          0x00000000c00237f8      0x3d3 hw/intctrl/pic.32
                0x00000000c00237f8                PIC::disable()
                0x00000000c0023826                PIC::close(int, int, void*)
                0x00000000c0023848                PIC::PIC()
                0x00000000c0023848                PIC::PIC()
                0x00000000c002391e                PIC::ioWait()
                0x00000000c0023924                PIC::getIRQReg(int)
                0x00000000c002398e                PIC::eoi(unsigned char)
                0x00000000c0023a20                PIC::remap()
                0x00000000c0023b8c                PIC::open(int, int, void*)
 *fill*         0x00000000c0023bcb        0x1 
 .text          0x00000000c0023bcc      0x25e hw/timer/apictimer.32
                0x00000000c0023bcc                APICTimer::close(int, int, void*)
                0x00000000c0023bd2                apicTimerHandler(regs*, void*)
                0x00000000c0023c00                APICTimer::write(int)
                0x00000000c0023d04                APICTimer::open(int, int, void*)
                0x00000000c0023e02                APICTimer::APICTimer()
                0x00000000c0023e02                APICTimer::APICTimer()
 .text          0x00000000c0023e2a      0x1a7 hw/timer/pit.32
                0x00000000c0023e2a                PIT::write(int)
                0x00000000c0023ea8                pitHandler(regs*, void*)
                0x00000000c0023ed4                PIT::open(int, int, void*)
                0x00000000c0023f22                PIT::close(int, int, void*)
                0x00000000c0023f52                PIT::PIT()
                0x00000000c0023f52                PIT::PIT()
 *fill*         0x00000000c0023fd1        0xf 
 .text          0x00000000c0023fe0       0x1e hw/fpu/x86/avx.32
                0x00000000c0023fe0                avxDetect
                0x00000000c0023fe6                avxSave
                0x00000000c0023fe7                avxLoad
                0x00000000c0023fe8                avxInit
                0x00000000c0023fe9                avxClose
                0x00000000c0023fea                wouldSheSayYes
 *fill*         0x00000000c0023ffe        0x2 
 .text          0x00000000c0024000       0x35 hw/fpu/x86/sse.32
                0x00000000c0024000                absolutelyNoChanceInHell
                0x00000000c0024000                sseDetect
                0x00000000c0024018                sseSave
                0x00000000c002401e                sseLoad
                0x00000000c0024024                sseInit
                0x00000000c0024034                sseClose
 *fill*         0x00000000c0024035        0xb 
 .text          0x00000000c0024040       0x47 hw/fpu/x86/x87.32
                0x00000000c0024046                x87Detect
                0x00000000c0024061                x87Save
                0x00000000c0024067                x87Load
                0x00000000c002406c                x87Init
                0x00000000c0024086                x87Close
 *fill*         0x00000000c0024087        0x1 
 .text          0x00000000c0024088       0x25 /cygdrive/d/Users/Alex/Desktop/Toolchain/Output/bin/../lib/gcc/i386-banana/8.1.0/crtend.o
 .text          0x00000000c00240ad        0x0 crtn.32
 *fill*         0x00000000c00240ad        0x3 
 .text          0x00000000c00240b0      0x14b /cygdrive/d/Users/Alex/Desktop/Toolchain/Output/bin/../lib/gcc/i386-banana/8.1.0/libkgcc.a(_divdi3.o)
                0x00000000c00240b0                __divdi3
 *fill*         0x00000000c00241fb        0x1 
 .text          0x00000000c00241fc      0x17e /cygdrive/d/Users/Alex/Desktop/Toolchain/Output/bin/../lib/gcc/i386-banana/8.1.0/libkgcc.a(_moddi3.o)
                0x00000000c00241fc                __moddi3
 *fill*         0x00000000c002437a        0x2 
 .text          0x00000000c002437c       0xff /cygdrive/d/Users/Alex/Desktop/Toolchain/Output/bin/../lib/gcc/i386-banana/8.1.0/libkgcc.a(_udivdi3.o)
                0x00000000c002437c                __udivdi3
 *fill*         0x00000000c002447b        0x1 
 .text          0x00000000c002447c      0x11a /cygdrive/d/Users/Alex/Desktop/Toolchain/Output/bin/../lib/gcc/i386-banana/8.1.0/libkgcc.a(_umoddi3.o)
                0x00000000c002447c                __umoddi3
 .text          0x00000000c0024596      0x96d D:/Users/Alex/Desktop/Banana/kernel/libsoftfp.a(sfieeelib.o)
                0x00000000c0024596                __addsf3
                0x00000000c0024898                __subsf3
                0x00000000c00248ac                __negsf2
                0x00000000c00248b9                __mulsf3
                0x00000000c0024a7c                __divsf3
                0x00000000c0024ca7                __floatsisf
                0x00000000c0024d1b                __floatunsisf
                0x00000000c0024d5d                __fixsfsi
                0x00000000c0024dbf                __fixunssfsi
                0x00000000c0024df0                __cmpsf2
                0x00000000c0024e85                __eqsf2
                0x00000000c0024ec0                __nesf2
                0x00000000c0024ec2                __gtsf2
                0x00000000c0024efd                __gesf2
                0x00000000c0024eff                __ltsf2
                0x00000000c0024f01                __lesf2
 .text          0x00000000c0024f03      0xf50 D:/Users/Alex/Desktop/Banana/kernel/libsoftfp.a(dfieeelib.o)
                0x00000000c0024f03                __adddf3
                0x00000000c0025554                __subdf3
                0x00000000c002556f                __negdf2
                0x00000000c0025580                __muldf3
                0x00000000c0025864                __divdf3
                0x00000000c0025be3                __floatsidf
                0x00000000c0025c3e                __floatunsidf
                0x00000000c0025c7c                __fixdfsi
                0x00000000c0025ce9                __fixunsdfsi
                0x00000000c0025d25                __cmpdf2
                0x00000000c0025e13                __eqdf2
                0x00000000c0025e2f                __nedf2
                0x00000000c0025e31                __gtdf2
                0x00000000c0025e4d                __gedf2
                0x00000000c0025e4f                __ltdf2
                0x00000000c0025e51                __ledf2
 .text          0x00000000c0025e53      0x18d D:/Users/Alex/Desktop/Banana/kernel/libsoftfp.a(sfdfcvt.o)
                0x00000000c0025e53                __truncdfsf2
                0x00000000c0025f77                __extendsfdf2
 .text          0x00000000c0025fe0       0x1e D:/Users/Alex/Desktop/Banana/kernel/libk/libm32.a(s_fabs.c.o)
                0x00000000c0025fe0                fabs
 *fill*         0x00000000c0025ffe        0x2 
 .text          0x00000000c0026000        0xc D:/Users/Alex/Desktop/Banana/kernel/libk/libm32.a(s_lrint.S.o)
                0x00000000c0026000                lrint
 .text          0x00000000c002600c        0xc D:/Users/Alex/Desktop/Banana/kernel/libk/libm32.a(s_lrintf.S.o)
                0x00000000c002600c                lrintf
 *(.gnu.linkonce.t*)

.iplt           0x00000000c0026018        0x0
 .iplt          0x00000000c0026018        0x0 D:/Users/Alex/Desktop/Banana/kernel/boot.32

.init           0x00000000c0026018        0xf
 .init          0x00000000c0026018        0x3 crti.32
                0x00000000c0026018                _init
 .init          0x00000000c002601b        0x5 /cygdrive/d/Users/Alex/Desktop/Toolchain/Output/bin/../lib/gcc/i386-banana/8.1.0/crtbegin.o
 .init          0x00000000c0026020        0x5 /cygdrive/d/Users/Alex/Desktop/Toolchain/Output/bin/../lib/gcc/i386-banana/8.1.0/crtend.o
 .init          0x00000000c0026025        0x2 crtn.32

.fini           0x00000000c0026027        0xa
 .fini          0x00000000c0026027        0x3 crti.32
                0x00000000c0026027                _fini
 .fini          0x00000000c002602a        0x5 /cygdrive/d/Users/Alex/Desktop/Toolchain/Output/bin/../lib/gcc/i386-banana/8.1.0/crtbegin.o
 .fini          0x00000000c002602f        0x2 crtn.32

.text._ZN8ComputerD2Ev
                0x00000000c0026032       0x23
 .text._ZN8ComputerD2Ev
                0x00000000c0026032       0x23 core/computer.32
                0x00000000c0026032                Computer::~Computer()
                0x00000000c0026032                Computer::~Computer()

.text._ZN8ComputerD0Ev
                0x00000000c0026056       0x2a
 .text._ZN8ComputerD0Ev
                0x00000000c0026056       0x2a core/computer.32
                0x00000000c0026056                Computer::~Computer()

.text._Z10idleCommonv
                0x00000000c0026080       0x15
 .text._Z10idleCommonv
                0x00000000c0026080       0x15 core/idle.32
                0x00000000c0026080                idleCommon()

.text._ZN10LinkedListI8UnixFileED2Ev
                0x00000000c0026096        0x2
 .text._ZN10LinkedListI8UnixFileED2Ev
                0x00000000c0026096        0x2 core/unixfile.32
                0x00000000c0026096                LinkedList<UnixFile>::~LinkedList()
                0x00000000c0026096                LinkedList<UnixFile>::~LinkedList()

.text._ZN10LinkedListI8UnixFileEC2Ev
                0x00000000c0026098       0x58
 .text._ZN10LinkedListI8UnixFileEC2Ev
                0x00000000c0026098       0x58 core/unixfile.32
                0x00000000c0026098                LinkedList<UnixFile>::LinkedList()
                0x00000000c0026098                LinkedList<UnixFile>::LinkedList()

.text._ZN10LinkedListI8UnixFileE10addElementEPS0_
                0x00000000c00260f0       0xd3
 .text._ZN10LinkedListI8UnixFileE10addElementEPS0_
                0x00000000c00260f0       0xd3 core/unixfile.32
                0x00000000c00260f0                LinkedList<UnixFile>::addElement(UnixFile*)

.text._ZN10LinkedListI8UnixFileE15getFirstElementEv
                0x00000000c00261c4        0x7
 .text._ZN10LinkedListI8UnixFileE15getFirstElementEv
                0x00000000c00261c4        0x7 core/unixfile.32
                0x00000000c00261c4                LinkedList<UnixFile>::getFirstElement()

.text._ZN10LinkedListI8UnixFileE11removeFirstEv
                0x00000000c00261cc       0xa1
 .text._ZN10LinkedListI8UnixFileE11removeFirstEv
                0x00000000c00261cc       0xa1 core/unixfile.32
                0x00000000c00261cc                LinkedList<UnixFile>::removeFirst()

.text._ZN10LinkedListI8UnixFileE7getNextEPS0_
                0x00000000c002626e        0x8
 .text._ZN10LinkedListI8UnixFileE7getNextEPS0_
                0x00000000c002626e        0x8 core/unixfile.32
                0x00000000c002626e                LinkedList<UnixFile>::getNext(UnixFile*)

.text._ZN16DriverlessDeviceD2Ev
                0x00000000c0026276       0x1a
 .text._ZN16DriverlessDeviceD2Ev
                0x00000000c0026276       0x1a hal/device.32
                0x00000000c0026276                DriverlessDevice::~DriverlessDevice()
                0x00000000c0026276                DriverlessDevice::~DriverlessDevice()

.text._ZN16DriverlessDeviceD0Ev
                0x00000000c0026290       0x2a
 .text._ZN16DriverlessDeviceD0Ev
                0x00000000c0026290       0x2a hal/device.32
                0x00000000c0026290                DriverlessDevice::~DriverlessDevice()

.text._ZN10LinkedListI6DeviceE10addElementEPS0_
                0x00000000c00262ba       0xdc
 .text._ZN10LinkedListI6DeviceE10addElementEPS0_
                0x00000000c00262ba       0xdc hal/device.32
                0x00000000c00262ba                LinkedList<Device>::addElement(Device*)

.text._ZN10LinkedListI6DeviceEC2Ev
                0x00000000c0026396       0x58
 .text._ZN10LinkedListI6DeviceEC2Ev
                0x00000000c0026396       0x58 hal/device.32
                0x00000000c0026396                LinkedList<Device>::LinkedList()
                0x00000000c0026396                LinkedList<Device>::LinkedList()

.text._ZN10LinkedListIV18ThreadControlBlockE15getFirstElementEv
                0x00000000c00263ee        0x7
 .text._ZN10LinkedListIV18ThreadControlBlockE15getFirstElementEv
                0x00000000c00263ee        0x7 hal/timer.32
                0x00000000c00263ee                LinkedList<ThreadControlBlock volatile>::getFirstElement()

.text._ZN10LinkedListIV18ThreadControlBlockE7isEmptyEv
                0x00000000c00263f6       0x1c
 .text._ZN10LinkedListIV18ThreadControlBlockE7isEmptyEv