Archive member included to satisfy reference by file (symbol)

/cygdrive/d/Users/Alex/Desktop/Toolchain/Output/bin/../lib/gcc/i386-banana/8.1.0/libkgcc.a(_divdi3.o)
                              krnl/resolve.32 (__divdi3)
/cygdrive/d/Users/Alex/Desktop/Toolchain/Output/bin/../lib/gcc/i386-banana/8.1.0/libkgcc.a(_moddi3.o)
                              krnl/resolve.32 (__moddi3)
/cygdrive/d/Users/Alex/Desktop/Toolchain/Output/bin/../lib/gcc/i386-banana/8.1.0/libkgcc.a(_udivdi3.o)
                              hal/clock.32 (__udivdi3)
/cygdrive/d/Users/Alex/Desktop/Toolchain/Output/bin/../lib/gcc/i386-banana/8.1.0/libkgcc.a(_umoddi3.o)
                              core/pipe.32 (__umoddi3)

Allocating common symbols
Common symbol       size              file

current_iphdr_src   0x4               net/core/ipv4/ip.32
netif_list          0x4               net/core/netif.32
tcp_active_pcbs     0x4               net/core/tcp.32
udp_pcbs            0x4               net/core/udp.32
current_netif       0x4               net/core/ipv4/ip.32
tcp_ticks           0x4               net/core/tcp.32
tcp_listen_pcbs     0x4               net/core/tcp.32
current_iphdr_dest  0x4               net/core/ipv4/ip.32
tcp_tmp_pcb         0x4               net/core/tcp.32
tcp_input_pcb       0x4               net/core/tcp_in.32
dcache              0x40              fs/iso9660/iso9660.32
current_header      0x4               net/core/ipv4/ip.32
tcp_bound_pcbs      0x4               net/core/tcp.32
cdDriveLetter       0x1               fs/iso9660/iso9660.32
tcp_tw_pcbs         0x4               net/core/tcp.32
lwip_stats          0x150             net/core/stats.32
netif_default       0x4               net/core/netif.32
ram_heap            0x64d             net/core/mem.32
icache              0x40              fs/iso9660/iso9660.32

Discarded input sections

 .comment       0x0000000000000000       0x12 /cygdrive/d/Users/Alex/Desktop/Toolchain/Output/bin/../lib/gcc/i386-banana/8.1.0/crtbegin.o
 .comment       0x0000000000000000       0x12 acpica/utclib.32
 .comment       0x0000000000000000       0x12 arch/cc.32
 .comment       0x0000000000000000       0x12 arch/sys_arch.32
 .comment       0x0000000000000000       0x12 core/malloc.32
 .comment       0x0000000000000000       0x12 libk/ctype.32
 .comment       0x0000000000000000       0x12 libk/string.32
 .comment       0x0000000000000000       0x12 fs/fat/diskio.32
 .comment       0x0000000000000000       0x12 fs/fat/ff.32
 .comment       0x0000000000000000       0x12 fs/fat/ffsystem.32
 .comment       0x0000000000000000       0x12 fs/fat/ffunicode.32
 .comment       0x0000000000000000       0x12 fs/iso9660/iso9660.32
 .comment       0x0000000000000000       0x12 net/core/def.32
 .comment       0x0000000000000000       0x12 net/core/dhcp.32
 .comment       0x0000000000000000       0x12 net/core/dns.32
 .comment       0x0000000000000000       0x12 net/core/init.32
 .comment       0x0000000000000000       0x12 net/core/mem.32
 .comment       0x0000000000000000       0x12 net/core/memp.32
 .comment       0x0000000000000000       0x12 net/core/netif.32
 .comment       0x0000000000000000       0x12 net/core/pbuf.32
 .comment       0x0000000000000000       0x12 net/core/raw.32
 .comment       0x0000000000000000       0x12 net/core/stats.32
 .comment       0x0000000000000000       0x12 net/core/sys.32
 .comment       0x0000000000000000       0x12 net/core/tcp.32
 .comment       0x0000000000000000       0x12 net/core/tcp_in.32
 .comment       0x0000000000000000       0x12 net/core/tcp_out.32
 .comment       0x0000000000000000       0x12 net/core/timers.32
 .comment       0x0000000000000000       0x12 net/core/udp.32
 .comment       0x0000000000000000       0x12 net/netif/etharp.32
 .comment       0x0000000000000000       0x12 net/netif/ethernetif.32
 .comment       0x0000000000000000       0x12 net/netif/slipif.32
 .comment       0x0000000000000000       0x12 net/core/ipv4/autoip.32
 .comment       0x0000000000000000       0x12 net/core/ipv4/icmp.32
 .comment       0x0000000000000000       0x12 net/core/ipv4/igmp.32
 .comment       0x0000000000000000       0x12 net/core/ipv4/inet.32
 .comment       0x0000000000000000       0x12 net/core/ipv4/inet_chksum.32
 .comment       0x0000000000000000       0x12 net/core/ipv4/ip.32
 .comment       0x0000000000000000       0x12 net/core/ipv4/ip_addr.32
 .comment       0x0000000000000000       0x12 net/core/ipv4/ip_frag.32
 .comment       0x0000000000000000       0x12 net/core/snmp/asn1_dec.32
 .comment       0x0000000000000000       0x12 net/core/snmp/asn1_enc.32
 .comment       0x0000000000000000       0x12 net/core/snmp/mib2.32
 .comment       0x0000000000000000       0x12 net/core/snmp/mib_structs.32
 .comment       0x0000000000000000       0x12 net/core/snmp/msg_in.32
 .comment       0x0000000000000000       0x12 net/core/snmp/msg_out.32
 .comment       0x0000000000000000       0x12 net/netif/ppp/auth.32
[...]
Memory Configuration

Name             Origin             Length             Attributes
*default*        0x0000000000000000 0xffffffffffffffff

Linker script and memory map

LOAD D:/Users/Alex/Desktop/Banana/kernel/boot.32
LOAD crti.32
LOAD /cygdrive/d/Users/Alex/Desktop/Toolchain/Output/bin/../lib/gcc/i386-banana/8.1.0/crtbegin.o
LOAD D:/Users/Alex/Desktop/Banana/kernel/morenasm.32
LOAD acpica/utclib.32
LOAD arch/cc.32
LOAD arch/sys_arch.32
LOAD core/malloc.32
LOAD libk/ctype.32
LOAD libk/string.32
LOAD fs/fat/diskio.32
LOAD fs/fat/ff.32
LOAD fs/fat/ffsystem.32
LOAD fs/fat/ffunicode.32
LOAD fs/iso9660/iso9660.32
LOAD net/core/def.32
LOAD net/core/dhcp.32
LOAD net/core/dns.32
LOAD net/core/init.32
LOAD net/core/mem.32
LOAD net/core/memp.32
LOAD net/core/netif.32
LOAD net/core/pbuf.32
LOAD net/core/raw.32
LOAD net/core/stats.32
LOAD net/core/sys.32
LOAD net/core/tcp.32
LOAD net/core/tcp_in.32
LOAD net/core/tcp_out.32
LOAD net/core/timers.32
LOAD net/core/udp.32
LOAD net/netif/etharp.32
LOAD net/netif/ethernetif.32
LOAD net/netif/slipif.32
LOAD net/core/ipv4/autoip.32
LOAD net/core/ipv4/icmp.32
LOAD net/core/ipv4/igmp.32
LOAD net/core/ipv4/inet.32
LOAD net/core/ipv4/inet_chksum.32
LOAD net/core/ipv4/ip.32
LOAD net/core/ipv4/ip_addr.32
LOAD net/core/ipv4/ip_frag.32
LOAD net/core/snmp/asn1_dec.32
LOAD net/core/snmp/asn1_enc.32
LOAD net/core/snmp/mib2.32
LOAD net/core/snmp/mib_structs.32
LOAD net/core/snmp/msg_in.32
LOAD net/core/snmp/msg_out.32
LOAD net/netif/ppp/auth.32
LOAD net/netif/ppp/chap.32
LOAD net/netif/ppp/chpms.32
LOAD net/netif/ppp/fsm.32
LOAD net/netif/ppp/ipcp.32
LOAD net/netif/ppp/lcp.32
LOAD net/netif/ppp/magic.32
LOAD net/netif/ppp/md5.32
LOAD net/netif/ppp/pap.32
LOAD net/netif/ppp/ppp.32
LOAD net/netif/ppp/ppp_oe.32
LOAD net/netif/ppp/randm.32
LOAD net/netif/ppp/vj.32
LOAD core/computer.32
LOAD core/gdt.32
LOAD core/idle.32
LOAD core/idt.32
LOAD core/kheap.32
LOAD core/main.32
LOAD core/physmgr.32
LOAD core/pipe.32
LOAD core/terminal.32
LOAD core/tss.32
LOAD core/unixfile.32
LOAD core/virtmgr.32
LOAD coreobjs/c++.32
LOAD dbg/kconsole.32
LOAD dbg/usban.32
LOAD fs/symlink.32
LOAD fs/vfs.32
LOAD hal/bus.32
LOAD hal/buzzer.32
LOAD hal/clock.32
LOAD hal/device.32
LOAD hal/diskctrl.32
LOAD hal/diskphys.32
LOAD hal/fpu.32
LOAD hal/intctrl.32
LOAD hal/keybrd.32
LOAD hal/logidisk.32
LOAD hal/mouse.32
LOAD hal/nic.32
LOAD hal/partition.32
LOAD hal/serial.32
LOAD hal/timer.32
LOAD hal/vcache.32
LOAD hal/video.32
LOAD hw/acpi.32
LOAD hw/cpu.32
LOAD krnl/atexit.32
LOAD krnl/bootmsg.32
LOAD krnl/cdefs.32
LOAD krnl/compat.32
LOAD krnl/crc32.32
LOAD krnl/env.32
LOAD krnl/inlines.32
LOAD krnl/mailbox.32
LOAD krnl/mutex.32
LOAD krnl/panic.32
LOAD krnl/powctrl.32
LOAD krnl/random.32
LOAD krnl/resolve.32
LOAD krnl/semaphore.32
LOAD krnl/signal.32
LOAD krnl/syscalls.32
LOAD net/ethernet.32
LOAD net/netosl.32
LOAD reg/cm.32
LOAD reg/registry.32
LOAD sys/eject.32
LOAD sys/exit.32
LOAD sys/getcwd.32
LOAD sys/getpid.32
LOAD sys/getramdata.32
LOAD sys/getvgaptr.32
LOAD sys/kill.32
LOAD sys/loaddll.32
LOAD sys/read.32
LOAD sys/registersignal.32
LOAD sys/registry.32
LOAD sys/sbrk.32
LOAD sys/setcwd.32
LOAD sys/settime.32
LOAD sys/symlink.32
LOAD sys/timezone.32
LOAD sys/truncate.32
LOAD sys/write.32
LOAD sys/wsbe.32
LOAD sys/yield.32
LOAD thr/elf.32
LOAD thr/prcssthr.32
LOAD vm86/vm8086.32
LOAD arch/i386/hal.32
LOAD arch/i386/pic.32
LOAD arch/i386/rtc.32
LOAD arch/i386/vga.32
LOAD fs/fat/vfslink.32
LOAD fs/iso9660/helper.32
LOAD fs/iso9660/vfslink.32
LOAD hal/sound/sndcard.32
LOAD hal/sound/sndport.32
LOAD hw/bus/isa.32
LOAD hw/bus/pci.32
LOAD hw/diskctrl/ide.32
LOAD hw/diskctrl/satabus.32
LOAD hw/diskphys/ata.32
LOAD hw/diskphys/atapi.32
LOAD hw/diskphys/sata.32
LOAD hw/diskphys/satapi.32
LOAD hw/intctrl/apic.32
LOAD hw/timer/apictimer.32
LOAD hw/timer/pit.32
LOAD arch/i386/avx.32
LOAD arch/i386/interrupt.32
LOAD arch/i386/rdrand.32
LOAD arch/i386/sse.32
LOAD arch/i386/x87.32
LOAD /cygdrive/d/Users/Alex/Desktop/Toolchain/Output/bin/../lib/gcc/i386-banana/8.1.0/crtend.o
LOAD crtn.32
LOAD /cygdrive/d/Users/Alex/Desktop/Toolchain/Output/bin/../lib/gcc/i386-banana/8.1.0/libkgcc.a
LOAD D:/Users/Alex/Desktop/Banana/kernel/libsoftfp.a
LOAD D:/Users/Alex/Desktop/Banana/kernel/libk/libm32.a
                0x00000000c0000000                . = 0xc0000000

.text           0x00000000c0000000    0x2eeea
 *(.text)
 .text          0x00000000c0000000       0x20 D:/Users/Alex/Desktop/Banana/kernel/boot.32
 .text          0x00000000c0000020        0x0 crti.32
 .text          0x00000000c0000020      0x101 /cygdrive/d/Users/Alex/Desktop/Toolchain/Output/bin/../lib/gcc/i386-banana/8.1.0/crtbegin.o
 *fill*         0x00000000c0000121        0xf 
 .text          0x00000000c0000130      0x24f D:/Users/Alex/Desktop/Banana/kernel/morenasm.32
                0x00000000c0000130                manualPCIProbe
                0x00000000c000017b                prepareTramp
                0x00000000c0000194                doTPAUSE
                0x00000000c000019e                hasLegacyFPU
                0x00000000c00001c3                is486
                0x00000000c00001f9                detectCPUID
                0x00000000c000020f                goToVM86
                0x00000000c000023f                goToUsermode
                0x00000000c0000269                switchToThreadASMFirstTime
                0x00000000c0000277                switchToThreadASM
                0x00000000c00002fc                asmQuickAcquireLock
                0x00000000c000031a                asmQuickReleaseLock
                0x00000000c0000326                asmAcquireLock
                0x00000000c0000347                asmReleaseLock
                0x00000000c000035a                loadGDT
                0x00000000c000037a                memcpy
 *fill*         0x00000000c000037f        0x1 
 .text          0x00000000c0000380      0x868 acpica/utclib.32
                0x00000000c0000380                memcmp
                0x00000000c00003d0                memmove
                0x00000000c00004f0                memset
                0x00000000c0000570                strlen
                0x00000000c00005a0                strpbrk
                0x00000000c00005f0                strtok
                0x00000000c0000640                strcpy
                0x00000000c0000680                strncpy
                0x00000000c0000750                strcmp
                0x00000000c00007a0                strchr
                0x00000000c00007e0                strncmp
                0x00000000c0000840                strcat
                0x00000000c0000870                strncat
                0x00000000c00008d0                strstr
                0x00000000c0000930                toupper
                0x00000000c0000950                tolower
                0x00000000c0000970                simple_strtoul
 .text          0x00000000c0000be8       0x53 arch/cc.32
                0x00000000c0000be8                LWIP_PLATFORM_HTONS
                0x00000000c0000c0c                LWIP_PLATFORM_HTONL
 *fill*         0x00000000c0000c3b        0x1 
 .text          0x00000000c0000c3c      0x162 arch/sys_arch.32
                0x00000000c0000c3c                lwip_socket_init
                0x00000000c0000c54                tcpip_callback_with_block
                0x00000000c0000c6c                sys_sem_new
                0x00000000c0000c94                sys_sem_free
                0x00000000c0000cac                sys_sem_signal
                0x00000000c0000cc4                sys_arch_sem_wait
                0x00000000c0000ce0                sys_mbox_new
                0x00000000c0000cfc                sys_mbox_free
                0x00000000c0000d14                sys_mbox_post
                0x00000000c0000d2c                sys_arch_mbox_fetch
                0x00000000c0000d48                sys_arch_mbox_tryfetch
                0x00000000c0000d64                sys_mbox_trypost
                0x00000000c0000d7c                sys_thread_new
                0x00000000c0000d9c                sys_init
 .text          0x00000000c0000d9e     0x1140 core/malloc.32
                0x00000000c0000f09                dlfree
                0x00000000c00013d0                dlmalloc
                0x00000000c000190d                dlrealloc
                0x00000000c0001aea                dlmemalign
                0x00000000c0001c0d                dlcalloc
                0x00000000c0001c9e                dlcfree
                0x00000000c0001ca3                dlindependent_calloc
                0x00000000c0001cc8                dlindependent_comalloc
                0x00000000c0001cdf                dlvalloc
                0x00000000c0001d0a                dlpvalloc
                0x00000000c0001d40                dlmalloc_trim
                0x00000000c0001d4d                dlmalloc_usable_size
                0x00000000c0001d7e                dlmallinfo
                0x00000000c0001e4d                dlmalloc_stats
                0x00000000c0001e5e                dlmallopt
 *fill*         0x00000000c0001ede        0x2 
 .text          0x00000000c0001ee0      0x1f2 libk/ctype.32
                0x00000000c0001ee0                isblank
                0x00000000c0001f00                iscntrl
                0x00000000c0001f20                isdigit
                0x00000000c0001f3c                islower
                0x00000000c0001f58                isspace
                0x00000000c0001f80                isupper
                0x00000000c0001f9c                isalpha
                0x00000000c0001fcc                isalnum
                0x00000000c0001ffc                ispunct
                0x00000000c000203c                isgraph
                0x00000000c000206c                isprint
                0x00000000c0002094                isxdigit
 .text          0x00000000c00020d2        0x0 libk/string.32
 .text          0x00000000c00020d2       0x51 fs/fat/diskio.32
                0x00000000c00020d2                disk_status
                0x00000000c00020d5                disk_initialize
                0x00000000c00020d8                disk_read
                0x00000000c00020ee                disk_write
                0x00000000c0002104                disk_ioctl
 .text          0x00000000c0002123     0x3e46 fs/fat/ff.32
                0x00000000c0003f44                f_mount
                0x00000000c0003fa6                f_open
                0x00000000c0004269                f_read
                0x00000000c0004468                f_write
                0x00000000c00046b0                f_sync
                0x00000000c0004775                f_close
                0x00000000c00047a4                f_lseek
                0x00000000c0004955                f_opendir
                0x00000000c0004a20                f_closedir
                0x00000000c0004a42                f_readdir
                0x00000000c0004ad4                f_stat
                0x00000000c0004b53                f_getfree
                0x00000000c0004c5c                f_truncate
                0x00000000c0004d46                f_unlink
                0x00000000c0004e68                f_mkdir
                0x00000000c0005003                f_rename
                0x00000000c00051bb                f_chmod
                0x00000000c000526b                f_utime
                0x00000000c000531b                f_getlabel
                0x00000000c000546c                f_setlabel
                0x00000000c00055fc                f_expand
                0x00000000c0005769                f_mkfs
 *fill*         0x00000000c0005f69        0x3 
 .text          0x00000000c0005f6c       0x2f fs/fat/ffsystem.32
                0x00000000c0005f6c                ff_memalloc
                0x00000000c0005f84                ff_memfree
 *fill*         0x00000000c0005f9b        0x1 
 .text          0x00000000c0005f9c      0x2dc fs/fat/ffunicode.32
                0x00000000c0005f9c                ff_uni2oem
                0x00000000c000603c                ff_oem2uni
                0x00000000c00060b4                ff_wtoupper
 .text          0x00000000c0006278      0xd32 fs/iso9660/iso9660.32
                0x00000000c00064c3                isoReadDiscSector
                0x00000000c000655e                strnicmp
                0x00000000c000680d                stricmp
                0x00000000c0006859                iso_open
                0x00000000c00068e3                iso_close
                0x00000000c0006901                iso_read
                0x00000000c0006a17                iso_seek
                0x00000000c0006a9b                iso_tell
                0x00000000c0006acc                iso_total
                0x00000000c0006af7                fn_postprocess
                0x00000000c0006b1e                iso_readdir
                0x00000000c0006d75                iso_reset
                0x00000000c0006d92                init_percd
                0x00000000c0006e8c                iso_ioctl
                0x00000000c0006ea4                fs_iso9660_init
                0x00000000c0006f3a                fs_iso9660_shutdown
 .text          0x00000000c0006faa        0x0 net/core/def.32
 .text          0x00000000c0006faa        0x0 net/core/dhcp.32
 .text          0x00000000c0006faa        0x0 net/core/dns.32
 *fill*         0x00000000c0006faa        0x2 
 .text          0x00000000c0006fac       0x2b net/core/init.32
                0x00000000c0006fac                lwip_init
 *fill*         0x00000000c0006fd7        0x1 
 .text          0x00000000c0006fd8      0x9f0 net/core/mem.32
                0x00000000c000716c                mem_init
                0x00000000c0007214                mem_free
                0x00000000c0007338                mem_trim
                0x00000000c0007648                mem_malloc
                0x00000000c0007964                mem_calloc
 .text          0x00000000c00079c8      0x2e8 net/core/memp.32
                0x00000000c00079c8                memp_init
                0x00000000c0007b0c                memp_malloc
                0x00000000c0007c38                memp_free
 .text          0x00000000c0007cb0      0x4ba net/core/netif.32
                0x00000000c0007cb0                netif_init
                0x00000000c0007cb4                netif_find
                0x00000000c0007d4c                netif_set_ipaddr
                0x00000000c0007e44                netif_set_gw
                0x00000000c0007e68                netif_set_netmask
                0x00000000c0007e8c                netif_set_addr
                0x00000000c0007ed0                netif_add
                0x00000000c0007f9c                netif_set_default
                0x00000000c0007fa8                netif_set_up
                0x00000000c000800c                netif_set_down
                0x00000000c0008034                netif_remove
                0x00000000c00080e0                netif_set_link_up
                0x00000000c0008144                netif_set_link_down
 *fill*         0x00000000c000816a        0x2 
 .text          0x00000000c000816c     0x16ac net/core/pbuf.32
                0x00000000c0008234                pbuf_alloced_custom
                0x00000000c0008358                pbuf_header
                0x00000000c00084f4                pbuf_free
                0x00000000c00086cc                pbuf_alloc
                0x00000000c0008ac4                pbuf_realloc
                0x00000000c0008cc8                pbuf_clen
                0x00000000c0008cfc                pbuf_ref
                0x00000000c0008d2c                pbuf_cat
                0x00000000c0008e0c                pbuf_chain
                0x00000000c0008e38                pbuf_dechain
                0x00000000c0008f2c                pbuf_copy
                0x00000000c0009194                pbuf_copy_partial
                0x00000000c0009338                pbuf_take
                0x00000000c00094b8                pbuf_coalesce
                0x00000000c000954c                pbuf_get_at
                0x00000000c00095e4                pbuf_memcmp
                0x00000000c00096f0                pbuf_memfind
                0x00000000c00097a4                pbuf_strstr
 .text          0x00000000c0009818      0x3e4 net/core/raw.32
                0x00000000c0009818                raw_input
                0x00000000c0009924                raw_bind
                0x00000000c0009948                raw_connect
                0x00000000c000996c                raw_recv
                0x00000000c0009984                raw_sendto
                0x00000000c0009af0                raw_send
                0x00000000c0009b14                raw_remove
                0x00000000c0009b94                raw_new
 .text          0x00000000c0009bfc        0x2 net/core/stats.32
                0x00000000c0009bfc                stats_init
 *fill*         0x00000000c0009bfe        0x2 
 .text          0x00000000c0009c00       0x55 net/core/sys.32
                0x00000000c0009c00                sys_msleep
 *fill*         0x00000000c0009c55        0x3 
 .text          0x00000000c0009c58     0x1dec net/core/tcp.32
                0x00000000c0009c68                tcp_listen_with_backlog
                0x00000000c0009e18                tcp_update_rcv_ann_wnd
                0x00000000c0009ef4                tcp_recved
                0x00000000c000a03c                tcp_bind
                0x00000000c000a16c                tcp_seg_free
                0x00000000c000a1b0                tcp_segs_free
                0x00000000c000a1e8                tcp_setprio
                0x00000000c000a204                tcp_seg_copy
                0x00000000c000a258                tcp_arg
                0x00000000c000a268                tcp_recv
                0x00000000c000a278                tcp_sent
                0x00000000c000a288                tcp_err
                0x00000000c000a298                tcp_accept
                0x00000000c000a2a8                tcp_poll
                0x00000000c000a2d0                tcp_pcb_purge
                0x00000000c000a3b4                tcp_slowtmr
                0x00000000c000ab38                tcp_pcb_remove
                0x00000000c000afe0                tcp_close
                0x00000000c000b01c                tcp_recv_null
                0x00000000c000b080                tcp_fasttmr
                0x00000000c000b1a4                tcp_tmr
                0x00000000c000b1d4                tcp_shutdown
                0x00000000c000b280                tcp_abandon
                0x00000000c000b414                tcp_abort
                0x00000000c000b580                tcp_next_iss
                0x00000000c000b598                tcp_alloc
                0x00000000c000b744                tcp_new
                0x00000000c000b758                tcp_eff_send_mss
                0x00000000c000b7c8                tcp_connect
                0x00000000c000ba38                tcp_debug_state_str
 .text          0x00000000c000ba44     0x3131 net/core/tcp_in.32
                0x00000000c000e0a4                tcp_input
 *fill*         0x00000000c000eb75        0x3 
 .text          0x00000000c000eb78     0x1f81 net/core/tcp_out.32
                0x00000000c000f0e8                tcp_write
                0x00000000c000f988                tcp_enqueue_flags
                0x00000000c000fc74                tcp_send_fin
                0x00000000c000fd14                tcp_send_empty_ack
                0x00000000c0010024                tcp_output
                0x00000000c00104b0                tcp_rst
                0x00000000c0010624                tcp_rexmit_rto
                0x00000000c00106b4                tcp_rexmit
                0x00000000c001077c                tcp_rexmit_fast
                0x00000000c0010860                tcp_keepalive
                0x00000000c0010928                tcp_zero_window_probe
 *fill*         0x00000000c0010af9        0x3 
 .text          0x00000000c0010afc      0x44d net/core/timers.32
                0x00000000c0010afc                sys_timeout
                0x00000000c0010cb4                tcp_timer_needed
                0x00000000c0010d48                sys_timeouts_init
                0x00000000c0010d80                sys_untimeout
                0x00000000c0010e4c                sys_timeouts_mbox_fetch
 *fill*         0x00000000c0010f49        0x3 
 .text          0x00000000c0010f4c      0xae8 net/core/udp.32
                0x00000000c0010f4c                udp_input
                0x00000000c00113c0                udp_bind
                0x00000000c0011540                udp_sendto_if
                0x00000000c00117c0                udp_sendto
                0x00000000c0011824                udp_send
                0x00000000c0011850                udp_connect
                0x00000000c0011930                udp_disconnect
                0x00000000c001195c                udp_recv
                0x00000000c0011974                udp_remove
                0x00000000c00119f4                udp_new
 .text          0x00000000c0011a34     0x1204 net/netif/etharp.32
                0x00000000c0011a8c                etharp_tmr
                0x00000000c001205c                etharp_find_addr
                0x00000000c00125bc                etharp_request
                0x00000000c00125f8                etharp_query
                0x00000000c0012934                etharp_output
                0x00000000c0012af4                ethernet_input
 .text          0x00000000c0012c38        0x0 net/netif/ethernetif.32
 .text          0x00000000c0012c38        0x0 net/netif/slipif.32
 .text          0x00000000c0012c38        0x0 net/core/ipv4/autoip.32
 .text          0x00000000c0012c38      0x5dd net/core/ipv4/icmp.32
                0x00000000c0012c38                icmp_input
                0x00000000c00131d0                icmp_dest_unreach
                0x00000000c00131f4                icmp_time_exceeded
 .text          0x00000000c0013215        0x0 net/core/ipv4/igmp.32
 .text          0x00000000c0013215        0x0 net/core/ipv4/inet.32
 *fill*         0x00000000c0013215        0x3 
 .text          0x00000000c0013218      0x582 net/core/ipv4/inet_chksum.32
                0x00000000c0013310                inet_chksum_pseudo
                0x00000000c00134a0                inet_chksum_pseudo_partial
                0x00000000c0013690                inet_chksum
                0x00000000c00136b8                inet_chksum_pbuf
 *fill*         0x00000000c001379a        0x2 
 .text          0x00000000c001379c      0x84c net/core/ipv4/ip.32
                0x00000000c001379c                ip_route
                0x00000000c0013830                ip_input
                0x00000000c0013c74                ip_output_if
                0x00000000c0013f44                ip_output
 .text          0x00000000c0013fe8      0x5ac net/core/ipv4/ip_addr.32
                0x00000000c0013fe8                ip4_addr_isbroadcast
                0x00000000c0014070                ip4_addr_netmask_valid
                0x00000000c00140d4                ipaddr_aton
                0x00000000c0014404                ipaddr_addr
                0x00000000c0014434                ipaddr_ntoa_r
                0x00000000c0014580                ipaddr_ntoa
 .text          0x00000000c0014594     0x1161 net/core/ipv4/ip_frag.32
                0x00000000c00147f8                ip_reass_tmr
                0x00000000c0014e88                ip_reass
                0x00000000c0015348                ip_frag
 .text          0x00000000c00156f5        0x0 net/core/snmp/asn1_dec.32
 .text          0x00000000c00156f5        0x0 net/core/snmp/asn1_enc.32
 .text          0x00000000c00156f5        0x0 net/core/snmp/mib2.32
 .text          0x00000000c00156f5        0x0 net/core/snmp/mib_structs.32
 .text          0x00000000c00156f5        0x0 net/core/snmp/msg_in.32
 .text          0x00000000c00156f5        0x0 net/core/snmp/msg_out.32
 .text          0x00000000c00156f5        0x0 net/netif/ppp/auth.32
 .text          0x00000000c00156f5        0x0 net/netif/ppp/chap.32
 .text          0x00000000c00156f5        0x0 net/netif/ppp/chpms.32
 .text          0x00000000c00156f5        0x0 net/netif/ppp/fsm.32
 .text          0x00000000c00156f5        0x0 net/netif/ppp/ipcp.32
 .text          0x00000000c00156f5        0x0 net/netif/ppp/lcp.32
 .text          0x00000000c00156f5        0x0 net/netif/ppp/magic.32
 .text          0x00000000c00156f5        0x0 net/netif/ppp/md5.32
 .text          0x00000000c00156f5        0x0 net/netif/ppp/pap.32
 .text          0x00000000c00156f5        0x0 net/netif/ppp/ppp.32
 .text          0x00000000c00156f5        0x0 net/netif/ppp/ppp_oe.32
 .text          0x00000000c00156f5        0x0 net/netif/ppp/randm.32
 .text          0x00000000c00156f5        0x0 net/netif/ppp/vj.32
 *fill*         0x00000000c00156f5        0x1 
 .text          0x00000000c00156f6      0x6af core/computer.32
                0x00000000c00156f6                Computer::close(int, int, void*)
                0x00000000c0015744                Krnl::firstTask()
                0x00000000c001586a                Computer::Computer()
                0x00000000c001586a                Computer::Computer()
                0x00000000c001591a                Computer::setBootMessage(char const*)
                0x00000000c001591c                Computer::detectFeatures()
                0x00000000c0015b42                Computer::displayFeatures()
                0x00000000c0015b44                Computer::rdmsr(unsigned int)
                0x00000000c0015b70                Computer::wrmsr(unsigned int, unsigned long long)
                0x00000000c0015bac                Computer::shutdown()
                0x00000000c0015bc4                Computer::restart()
                0x00000000c0015bdc                Computer::sleep()
                0x00000000c0015bf0                Computer::nmiEnabled()
                0x00000000c0015bfc                Computer::readCMOS(unsigned char)
                0x00000000c0015c1a                Computer::enableNMI(bool)
                0x00000000c0015c32                Computer::open(int, int, void*)
                0x00000000c0015d06                Computer::disableNMI()
                0x00000000c0015d16                Computer::writeCMOS(unsigned char, unsigned char)
                0x00000000c0015d3a                Computer::handleNMI()
 *fill*         0x00000000c0015da5        0x1 
 .text          0x00000000c0015da6      0x1db core/gdt.32
                0x00000000c0015da6                GDTEntry::setBase(unsigned int)
                0x00000000c0015dc2                GDTEntry::setLimit(unsigned int)
                0x00000000c0015de0                GDT::GDT()
                0x00000000c0015de0                GDT::GDT()
                0x00000000c0015df6                GDT::addEntry(GDTEntry)
                0x00000000c0015e18                GDT::getNumberOfEntries()
                0x00000000c0015e20                GDT::flush()
                0x00000000c0015e42                GDT::setup()
 .text          0x00000000c0015f81       0x1d core/idle.32
                0x00000000c0015f81                idleFunction(void*)
 *fill*         0x00000000c0015f9e        0x2 
 .text          0x00000000c0015fa0      0x46c core/idt.32
                0x00000000c0015fa0                IDTEntry::IDTEntry(bool)
                0x00000000c0015fa0                IDTEntry::IDTEntry(bool)
                0x00000000c001601a                IDTEntry::setOffset(unsigned int)
                0x00000000c0016030                IDT::IDT()
                0x00000000c0016030                IDT::IDT()
                0x00000000c0016032                IDT::getPointerToInvalidOpcodeEntryForF00F()
                0x00000000c001603a                IDT::addEntry(IDTEntry, int)
                0x00000000c0016054                IDT::addEntry(int, void (*)(), bool)
                0x00000000c001608c                IDT::flush()
                0x00000000c00160a6                IDT::setup()
 .text          0x00000000c001640c      0x205 core/kheap.32
                0x00000000c001640c                sbrk
                0x00000000c00164a3                sbrk_thunk
                0x00000000c00164d9                mmap
                0x00000000c0016537                munmap
                0x00000000c001654c                liballoc_lock()
                0x00000000c001655a                liballoc_unlock()
                0x00000000c0016570                liballoc_alloc(int)
                0x00000000c0016588                liballoc_free(void*, int)
                0x00000000c00165a3                realloc
                0x00000000c00165b7                malloc
                0x00000000c00165c7                free
                0x00000000c00165d7                rfree
                0x00000000c00165e7                calloc
 .text          0x00000000c0016611       0xc7 core/main.32
                0x00000000c0016611                KeEntryPoint
 .text          0x00000000c00166d8      0x644 core/physmgr.32
                0x00000000c00166d8                Phys::allocateDMA(unsigned long)
                0x00000000c00167c0                Phys::freeDMA(unsigned long, unsigned long)
                0x00000000c00167fb                Phys::setPageState(unsigned long, bool)
                0x00000000c001683b                Phys::getPageState(unsigned long)
                0x00000000c0016857                Phys::freePage(unsigned long)
                0x00000000c00168c0                Phys::allocatePage()
                0x00000000c001698f                Phys::allocateContiguousPages(int)
                0x00000000c00169f6                Phys::allowSegmentToBeUsed(unsigned long, unsigned long)
                0x00000000c0016a2e                Phys::physicalMemorySetup(unsigned int)
 .text          0x00000000c0016d1c      0x273 core/pipe.32
                0x00000000c0016d1c                Pipe::isAtty()
                0x00000000c0016d20                Pipe::~Pipe()
                0x00000000c0016d20                Pipe::~Pipe()
                0x00000000c0016d44                Pipe::~Pipe()
                0x00000000c0016d6c                Pipe::write(unsigned long long, void*, int*)
                0x00000000c0016e2c                Pipe::read(unsigned long long, void*, int*)
                0x00000000c0016f28                Pipe::Pipe(int)
                0x00000000c0016f28                Pipe::Pipe(int)
 *fill*         0x00000000c0016f8f        0x1 
 .text          0x00000000c0016f90      0xab3 core/terminal.32
                0x00000000c0016f90                VgaText::isAtty()
                0x00000000c0016f94                VgaText::~VgaText()
                0x00000000c0016f94                VgaText::~VgaText()
                0x00000000c0016fb8                VgaText::~VgaText()
                0x00000000c0016fe2                VgaText::read(unsigned long long, void*, int*)
                0x00000000c0017002                setTerminalScrollLock(bool)
                0x00000000c0017003                doTerminalCycle()
                0x00000000c0017004                addToTerminalCycle(VgaText*)
                0x00000000c0017005                scrollTerminalScrollLock(int)
                0x00000000c0017006                VgaText::updateTitle()
                0x00000000c0017008                VgaText::load()
                0x00000000c001700a                VgaText::updateCursor()
                0x00000000c0017020                VgaText::doANSI_SGR(int)
                0x00000000c0017094                VgaText::setDefaultBgColour(VgaColour)
                0x00000000c00170a4                VgaText::setDefaultFgColour(VgaColour)
                0x00000000c00170b4                VgaText::setDefaultColours(VgaColour, VgaColour)
                0x00000000c00170d4                VgaText::setTitleTextColour(VgaColour)
                0x00000000c00170e0                VgaText::setTitleColour(VgaColour)
                0x00000000c00170ec                VgaText::setTitle(char*)
                0x00000000c00170ee                VgaText::combineColours(unsigned char, unsigned char)
                0x00000000c0017100                VgaText::scrollScreen()
                0x00000000c0017192                VgaText::combineCharAndColour(char, unsigned char)
                0x00000000c00171a2                VgaText::writeCharacter(char, VgaColour, VgaColour, int, int)
                0x00000000c0017232                VgaText::getCursorX()
                0x00000000c001723a                VgaText::getCursorY()
                0x00000000c0017242                VgaText::setCursor(int, int)
                0x00000000c0017259                setActiveTerminal(VgaText*)
                0x00000000c00172a4                VgaText::clearScreen()
                0x00000000c00172f2                VgaText::setCursorX(int)
                0x00000000c001730a                VgaText::setCursorY(int)
                0x00000000c0017322                VgaText::incrementCursor(bool)
                0x00000000c0017376                VgaText::decrementCursor(bool)
                0x00000000c0017398                VgaText::putchar(char, VgaColour, VgaColour)
                0x00000000c0017468                VgaText::putchar(char)
                0x00000000c0017560                VgaText::putx(unsigned int)
                0x00000000c00175a6                VgaText::puts(char const*)
                0x00000000c00175cc                VgaText::write(unsigned long long, void*, int*)
                0x00000000c0017618                VgaText::puts(char const*, VgaColour, VgaColour)
                0x00000000c0017766                VgaText::VgaText(char const*)
                0x00000000c0017766                VgaText::VgaText(char const*)
                0x00000000c00178b6                VgaText::receiveKey(unsigned char)
                0x00000000c0017a42                VgaText::doUpdate()
 *fill*         0x00000000c0017a43        0x1 
 .text          0x00000000c0017a44      0x1a1 core/tss.32
                0x00000000c0017a44                TSS::TSS()
                0x00000000c0017a44                TSS::TSS()
                0x00000000c0017a54                TSS::setESP(unsigned long)
                0x00000000c0017a68                TSS::flush()
                0x00000000c0017a88                TSS::setup(unsigned long, unsigned long)
 *fill*         0x00000000c0017be5        0x1 
 .text          0x00000000c0017be6      0x4ca core/unixfile.32
                0x00000000c0017be6                ReservedFilename::read(unsigned long long, void*, int*)
                0x00000000c0017c3c                ReservedFilename::isAtty()
                0x00000000c0017c58                ReservedFilename::write(unsigned long long, void*, int*)
                0x00000000c0017cb6                UnixFile::getFileDescriptor()
                0x00000000c0017cbe                UnixFile::UnixFile(int)
                0x00000000c0017cbe                UnixFile::UnixFile(int)
                0x00000000c0017e72                ReservedFilename::ReservedFilename(int)
                0x00000000c0017e72                ReservedFilename::ReservedFilename(int)
                0x00000000c0017ea4                UnixFile::~UnixFile()
                0x00000000c0017ea4                UnixFile::~UnixFile()
                0x00000000c0017f40                UnixFile::~UnixFile()
                0x00000000c0017f68                ReservedFilename::~ReservedFilename()
                0x00000000c0017f68                ReservedFilename::~ReservedFilename()
                0x00000000c0017f8c                ReservedFilename::~ReservedFilename()
                0x00000000c0017fb3                KeGetFileFromDescriptor(int)
 .text          0x00000000c00180b0     0x1218 core/virtmgr.32
                0x00000000c00180b0                Virt::setPageState(unsigned long, Virt::VirtPageState)
                0x00000000c00180ea                Virt::getPageState(unsigned long)
                0x00000000c001810d                Virt::allocateKernelVirtualPages(int)
                0x00000000c0018232                Virt::freeSwapfilePage(unsigned long)
                0x00000000c0018255                Virt::swapIDToSector(unsigned long)
                0x00000000c001826b                Virt::allocateSwapfilePage()
                0x00000000c00182eb                Virt::virtualMemorySetup()
                0x00000000c001833c                Virt::setupPageSwapping(int)
                0x00000000c00183ae                VAS::setCPUSpecific(unsigned long)
                0x00000000c00183b0                VAS::VAS(VAS*)
                0x00000000c00183b0                VAS::VAS(VAS*)
                0x00000000c00183de                VAS::getForeignPageTableEntry(bool, unsigned long)
                0x00000000c001840c                VAS::getPageTableEntry(unsigned long)
                0x00000000c001842b                Virt::freeKernelVirtualPages(unsigned long)
                0x00000000c0018568                VAS::freeAllocatedPages(unsigned long)
                0x00000000c001858c                VAS::virtualToPhysical(unsigned long)
                0x00000000c00185a6                VAS::reflagRange(unsigned long, int, unsigned long, unsigned long)
                0x00000000c00185e8                VAS::VAS()
                0x00000000c00185e8                VAS::VAS()
                0x00000000c0018652                VAS::setToWriteCombining(unsigned long, int)
                0x00000000c0018686                VAS::mapOtherVASIn(bool, VAS*)
                0x00000000c00186b2                VAS::~VAS()
                0x00000000c00186b2                VAS::~VAS()
                0x00000000c0018820                VAS::mapPage(unsigned long, unsigned long, int)
                0x00000000c0018924                VAS::allocatePages(int, int)
                0x00000000c0018a1a                VAS::mapRange(unsigned long, unsigned long, int, int)
                0x00000000c0018a72                VAS::mapForeignPage(bool, VAS*, unsigned long, unsigned long, int)
                0x00000000c0018b68                VAS::VAS(bool)
                0x00000000c0018b68                VAS::VAS(bool)
                0x00000000c0018db2                VAS::evict(unsigned long)
                0x00000000c0018e90                VAS::tryLoadBackOffDisk(unsigned long)
                0x00000000c001902a                VAS::allocateSharedMemoryWithKernel(unsigned long, unsigned long*)
                0x00000000c001909e                VAS::freeSharedMemoryWithKernel(unsigned long, unsigned long)
                0x00000000c00190ca                VAS::scanForEviction()
                0x00000000c00191cd                mapVASFirstTime
 .text          0x00000000c00192c8       0x5f coreobjs/c++.32
                0x00000000c00192c8                __cxa_atexit
                0x00000000c00192cb                __cxa_finalize
                0x00000000c00192cc                __stack_chk_fail
                0x00000000c0019302                __cxa_pure_virtual
                0x00000000c0019313                operator new[](unsigned long)
                0x00000000c0019318                operator delete(void*, unsigned long)
                0x00000000c001931d                operator delete[](void*)
                0x00000000c0019322                operator delete[](void*, unsigned long)
 .text          0x00000000c0019327      0x254 dbg/kconsole.32
                0x00000000c0019327                Dbg::stringifyxWithBase(unsigned int, char*, int)
                0x00000000c00193c7                Dbg::logc(char)
                0x00000000c00193e7                Dbg::logs(char*)
                0x00000000c0019406                Dbg::logWriteInt(unsigned int)
                0x00000000c0019424                Dbg::logWriteIntBase(unsigned int, int)
                0x00000000c0019445                Dbg::kprintf(char const*, ...)
 *fill*         0x00000000c001957b        0x1 
 .text          0x00000000c001957c      0x2d4 dbg/usban.32
                0x00000000c001957c                KiUbsanPrintDetails(char const*, void*)
                0x00000000c00195e8                __ubsan_handle_type_mismatch_v1
                0x00000000c00196c4                __ubsan_handle_pointer_overflow
                0x00000000c00196f0                __ubsan_handle_out_of_bounds
                0x00000000c001971c                __ubsan_handle_add_overflow
                0x00000000c0019748                __ubsan_handle_load_invalid_value
                0x00000000c0019774                __ubsan_handle_divrem_overflow
                0x00000000c00197a0                __ubsan_handle_mul_overflow
                0x00000000c00197cc                __ubsan_handle_sub_overflow
                0x00000000c00197f8                __ubsan_handle_shift_out_of_bounds
                0x00000000c0019824                __ubsan_handle_negate_overflow
 .text          0x00000000c0019850      0x86d fs/symlink.32
                0x00000000c001999f                KiDeinitialiseSymlinks(void*)
                0x00000000c0019a32                KeRegisterSymlink(char const*, unsigned long long)
                0x00000000c0019ac4                KeInitialiseSymlinks()
                0x00000000c0019c38                KiIsSymlinkRegistered(char const*)
                0x00000000c0019dbc                KeDereferenceSymlink(char const*, char*)
                0x00000000c0019f63                KeCreateSymlink(char const*, char const*)
 *fill*         0x00000000c001a0bd        0x1 
 .text          0x00000000c001a0be      0xd68 fs/vfs.32
                0x00000000c001a0be                File::read(unsigned long long, void*, int*)
                0x00000000c001a116                File::write(unsigned long long, void*, int*)
                0x00000000c001a16e                Directory::read(unsigned long long, void*, int*)
                0x00000000c001a1c6                Directory::write(unsigned long long, void*, int*)
                0x00000000c001a1f4                File::isAtty()
                0x00000000c001a1f8                Directory::isAtty()
                0x00000000c001a1fc                Filesystem::getlabel(LogicalDisk*, int, char*, unsigned int*)
                0x00000000c001a202                Filesystem::setlabel(LogicalDisk*, int, char*)
                0x00000000c001a208                Filesystem::allocateSwapfile(char const*, int)
                0x00000000c001a20e                File::~File()
                0x00000000c001a20e                File::~File()
                0x00000000c001a232                File::~File()
                0x00000000c001a25c                Directory::~Directory()
                0x00000000c001a25c                Directory::~Directory()
                0x00000000c001a280                Directory::~Directory()
                0x00000000c001a2aa                Filesystem::Filesystem()
                0x00000000c001a2aa                Filesystem::Filesystem()
                0x00000000c001a2ce                Filesystem::~Filesystem()
                0x00000000c001a2ce                Filesystem::~Filesystem()
                0x00000000c001a2dc                Filesystem::~Filesystem()
                0x00000000c001a300                Fs::getcwd(Process*, char*, int)
                0x00000000c001a32a                Fs::initVFS()
                0x00000000c001a354                Fs::standardiseFiles(char*, char const*, char const*, bool)
                0x00000000c001a56e                File::File(char const*, Process*, bool)
                0x00000000c001a56e                File::File(char const*, Process*, bool)
                0x00000000c001a64c                File::File(char const*, Process*)
                0x00000000c001a64c                File::File(char const*, Process*)
                0x00000000c001a66a                File::open(FileOpenMode)
                0x00000000c001a6c8                File::close()
                0x00000000c001a728                File::seek(unsigned long long)
                0x00000000c001a77e                File::truncate(unsigned long long)
                0x00000000c001a7d4                File::tell(unsigned long long*)
                0x00000000c001a824                File::rewind()
                0x00000000c001a838                File::unlink()
                0x00000000c001a884                File::rename(char const*)
                0x00000000c001a8d2                File::chfatattr(unsigned char, unsigned char)
                0x00000000c001a92e                File::exists()
                0x00000000c001a96c                File::stat(unsigned long long*, bool*)
                0x00000000c001a9cd                Fs::setcwd(Process*, char*)
                0x00000000c001ab2c                Directory::Directory(char const*, Process*)
                0x00000000c001ab2c                Directory::Directory(char const*, Process*)
                0x00000000c001abf4                Directory::open()
                0x00000000c001ac50                Directory::close()
                0x00000000c001acb0                Directory::unlink()
                0x00000000c001acfc                Directory::rename(char const*)
                0x00000000c001ad4a                Directory::exists()
                0x00000000c001ad88                Directory::read(dirent*)
                0x00000000c001add4                Directory::create()
                0x00000000c001ae20                Filesystem::chfatattr(char const*, unsigned char, unsigned char)
 *fill*         0x00000000c001ae26        0x2 
 .text          0x00000000c001ae28       0x86 hal/bus.32
                0x00000000c001ae28                Bus::Bus(char const*)
                0x00000000c001ae28                Bus::Bus(char const*)
                0x00000000c001ae60                Bus::~Bus()
                0x00000000c001ae60                Bus::~Bus()
                0x00000000c001ae84                Bus::~Bus()
 .text          0x00000000c001aeae       0x96 hal/buzzer.32
                0x00000000c001aeae                beepThread(void*)
                0x00000000c001aeeb                Krnl::beep(int, int, bool)
 .text          0x00000000c001af44      0x59b hal/clock.32
                0x00000000c001af44                User::loadClockSettings()
                0x00000000c001b0d2                Clock::Clock(char const*)
                0x00000000c001b0d2                Clock::Clock(char const*)
                0x00000000c001b108                Clock::~Clock()
                0x00000000c001b108                Clock::~Clock()
                0x00000000c001b12c                Clock::~Clock()
                0x00000000c001b156                Clock::timeInSecondsLocal()
                0x00000000c001b19e                Clock::setTimeInSecondsLocal(unsigned long long)
                0x00000000c001b1f7                datetimeToSeconds(datetime_t)
                0x00000000c001b316                Clock::setTimeInDatetimeLocal(datetime_t)
                0x00000000c001b376                secondsToDatetime(unsigned long long)
                0x00000000c001b4ba                Clock::timeInDatetimeLocal()
 *fill*         0x00000000c001b4df        0x1 
 .text          0x00000000c001b4e0      0x47a hal/device.32
                0x00000000c001b4e0                Device::hibernate()
                0x00000000c001b4e2                Device::wake()
                0x00000000c001b4e4                Device::detect()
                0x00000000c001b4e6                Device::disableLegacy()
                0x00000000c001b4e8                Device::powerSaving(PowerSavingLevel)
                0x00000000c001b4ea                DriverlessDevice::close(int, int, void*)
                0x00000000c001b4ee                DriverlessDevice::detect()
                0x00000000c001b4f0                DriverlessDevice::open(int, int, void*)
                0x00000000c001b504                Device::~Device()
                0x00000000c001b504                Device::~Device()
                0x00000000c001b512                Device::~Device()
                0x00000000c001b53a                Device::findAndLoadDriver()
                0x00000000c001b548                Device::preOpenPCI(PCIDeviceInfo)
                0x00000000c001b56e                Device::preOpenACPI(void*, char*, char*)
                0x00000000c001b5ae                Device::addIRQHandler(int, void (*)(regs*, void*), bool, void*)
                0x00000000c001b5d8                Device::getParent()
                0x00000000c001b5e4                Device::removeIRQHandler(int, void (*)(regs*, void*), bool)
                0x00000000c001b602                Device::addChild(Device*)
                0x00000000c001b646                Device::removeAllChildren()
                0x00000000c001b68c                Device::hibernateAll()
                0x00000000c001b6bc                Device::wakeAll()
                0x00000000c001b6ec                Device::detectAll()
                0x00000000c001b71c                Device::disableLegacyAll()
                0x00000000c001b71e                Device::loadDriversForAll()
                0x00000000c001b720                Device::powerSavingAll(PowerSavingLevel)
                0x00000000c001b756                Device::setName(char const*)
                0x00000000c001b764                Device::Device(char const*)
                0x00000000c001b764                Device::Device(char const*)
                0x00000000c001b860                Device::getName()
                0x00000000c001b86a                Device::closeAll()
                0x00000000c001b8b6                DriverlessDevice::DriverlessDevice(char const*)
                0x00000000c001b8b6                DriverlessDevice::DriverlessDevice(char const*)
                0x00000000c001b8ec                Device::addToLinkedList(LinkedList<Device>&, DeviceType)
                0x00000000c001b930                getDevicesOfType(DeviceType)
 *fill*         0x00000000c001b95a        0x2 
 .text          0x00000000c001b95c       0x86 hal/diskctrl.32
                0x00000000c001b95c                HardDiskController::HardDiskController(char const*)
                0x00000000c001b95c                HardDiskController::HardDiskController(char const*)
                0x00000000c001b994                HardDiskController::~HardDiskController()
                0x00000000c001b994                HardDiskController::~HardDiskController()
                0x00000000c001b9b8                HardDiskController::~HardDiskController()
 .text          0x00000000c001b9e2       0xe2 hal/diskphys.32
                0x00000000c001b9e2                PhysicalDisk::eject()
                0x00000000c001b9e6                PhysicalDisk::PhysicalDisk(char const*, int)
                0x00000000c001b9e6                PhysicalDisk::PhysicalDisk(char const*, int)
                0x00000000c001ba4e                PhysicalDisk::startCache()
                0x00000000c001ba76                PhysicalDisk::~PhysicalDisk()
                0x00000000c001ba76                PhysicalDisk::~PhysicalDisk()
                0x00000000c001ba9a                PhysicalDisk::~PhysicalDisk()
 .text          0x00000000c001bac4        0x0 hal/fpu.32
 .text          0x00000000c001bac4      0x359 hal/intctrl.32
                0x00000000c001bac4                int_handler
                0x00000000c001bb4e                installISRHandler(int, void (*)(regs*, void*), void*)
                0x00000000c001bb98                installIRQHandler(int, void (*)(regs*, void*), bool, void*)
                0x00000000c001bccc                uninstallISRHandler(int, void (*)(regs*, void*))
                0x00000000c001bd00                uninstallIRQHandler(int, void (*)(regs*, void*), bool)
                0x00000000c001bd7e                setupINTS()
                0x00000000c001bddb                convertLegacyIRQNumber(int)
 *fill*         0x00000000c001be1d        0x1 
 .text          0x00000000c001be1e      0x8b6 hal/keybrd.32
                0x00000000c001be1e                startGUI(void*)
                0x00000000c001be88                startGUIVESA(void*)
                0x00000000c001bef2                sendKeyToTerminal(unsigned char)
                0x00000000c001bfcd                sendKeyboardToken(KeyboardToken)
                0x00000000c001c4b7                clearInternalKeybuffer(VgaText*)
                0x00000000c001c4ec                readKeyboard(VgaText*, char*, unsigned long)
                0x00000000c001c64a                Keyboard::Keyboard(char const*)
                0x00000000c001c64a                Keyboard::Keyboard(char const*)
                0x00000000c001c686                Keyboard::~Keyboard()
                0x00000000c001c686                Keyboard::~Keyboard()
                0x00000000c001c6aa                Keyboard::~Keyboard()
 .text          0x00000000c001c6d4      0x3f8 hal/logidisk.32
                0x00000000c001c6d4                LogicalDisk::close(int, int, void*)
                0x00000000c001c6d8                LogicalDisk::~LogicalDisk()
                0x00000000c001c6d8                LogicalDisk::~LogicalDisk()
                0x00000000c001c6fc                LogicalDisk::~LogicalDisk()
                0x00000000c001c726                LogicalDisk::open(int, int, void*)
                0x00000000c001c73a                LogicalDisk::absoluteToRelative(unsigned long long)
                0x00000000c001c772                LogicalDisk::relativeToAbsolute(unsigned long long)
                0x00000000c001c7b8                LogicalDisk::LogicalDisk(char const*, PhysicalDisk*, unsigned long long, unsigned long long)
                0x00000000c001c7b8                LogicalDisk::LogicalDisk(char const*, PhysicalDisk*, unsigned long long, unsigned long long)
                0x00000000c001c878                LogicalDisk::assignDriveLetter()
                0x00000000c001c932                LogicalDisk::mount()
                0x00000000c001c97a                LogicalDisk::unmount()
                0x00000000c001c98a                LogicalDisk::eject()
                0x00000000c001c99e                LogicalDisk::unassignDriveLetter()
                0x00000000c001c9f4                LogicalDisk::read(unsigned long long, int, void*)
                0x00000000c001ca60                LogicalDisk::write(unsigned long long, int, void*)
 .text          0x00000000c001cacc       0x86 hal/mouse.32
                0x00000000c001cacc                Mouse::Mouse(char const*)
                0x00000000c001cacc                Mouse::Mouse(char const*)
                0x00000000c001cb04                Mouse::~Mouse()
                0x00000000c001cb04                Mouse::~Mouse()
                0x00000000c001cb28                Mouse::~Mouse()
 .text          0x00000000c001cb52       0x90 hal/nic.32
                0x00000000c001cb52                NIC::getMAC()
                0x00000000c001cb58                NIC::write(int, unsigned char*, int*)
                0x00000000c001cb5e                NIC::NIC(char const*)
                0x00000000c001cb5e                NIC::NIC(char const*)
                0x00000000c001cb94                NIC::~NIC()
                0x00000000c001cb94                NIC::~NIC()
                0x00000000c001cbb8                NIC::~NIC()
 .text          0x00000000c001cbe2      0x33b hal/partition.32
                0x00000000c001cbe2                makePartition(PhysicalDisk*, unsigned long long, unsigned long long)
                0x00000000c001cc8a                createPartitionsForDisk(PhysicalDisk*)
 *fill*         0x00000000c001cf1d        0x3 
 .text          0x00000000c001cf20       0x86 hal/serial.32
                0x00000000c001cf20                Serial::Serial(char const*)
                0x00000000c001cf20                Serial::Serial(char const*)
                0x00000000c001cf58                Serial::~Serial()
                0x00000000c001cf58                Serial::~Serial()
                0x00000000c001cf7c                Serial::~Serial()
 *fill*         0x00000000c001cfa6        0x2 
 .text          0x00000000c001cfa8      0x230 hal/timer.32
                0x00000000c001cfa8                Timer::Timer(char const*)
                0x00000000c001cfa8                Timer::Timer(char const*)
                0x00000000c001cfe0                Timer::~Timer()
                0x00000000c001cfe0                Timer::~Timer()
                0x00000000c001d004                Timer::~Timer()
                0x00000000c001d02e                Timer::read()
                0x00000000c001d039                setupTimer(int)
                0x00000000c001d074                timerHandler(unsigned int)
 .text          0x00000000c001d1d8      0x444 hal/vcache.32
                0x00000000c001d1d8                VCache::VCache(PhysicalDisk*)
                0x00000000c001d1d8                VCache::VCache(PhysicalDisk*)
                0x00000000c001d348                VCache::invalidateReadBuffer()
                0x00000000c001d358                VCache::writeWriteBuffer()
                0x00000000c001d3a4                VCache::~VCache()
                0x00000000c001d3a4                VCache::~VCache()
                0x00000000c001d3fc                VCache::~VCache()
                0x00000000c001d424                VCache::write(unsigned long long, int, void*)
                0x00000000c001d518                VCache::read(unsigned long long, int, void*)
 .text          0x00000000c001d61c      0x70e hal/video.32
                0x00000000c001d61c                Video::putrect(int, int, int, int, unsigned int)
                0x00000000c001d668                Video::bitblit(int, int, int, int, int, int, int, unsigned int*)
                0x00000000c001d6d8                Video::blit(unsigned int*, int, int, int, int)
                0x00000000c001d756                Video::clearScreen(unsigned int)
                0x00000000c001d78a                Video::putpixel(int, int, unsigned int)
                0x00000000c001d798                Video::readPixelApprox(int, int)
                0x00000000c001d7ac                Video::Video(char const*)
                0x00000000c001d7ac                Video::Video(char const*)
                0x00000000c001d7e2                Video::~Video()
                0x00000000c001d7e2                Video::~Video()
                0x00000000c001d806                Video::~Video()
                0x00000000c001d830                Video::isMonochrome()
                0x00000000c001d83c                Video::getWidth()
                0x00000000c001d848                Video::getHeight()
                0x00000000c001d854                Video::drawCursor(int, int, unsigned int*, int)
                0x00000000c001d910                Video::tgaParse(unsigned char*, int, int*, int*)
                0x00000000c001dcba                Video::putTGA(int, int, unsigned char*, int)
 *fill*         0x00000000c001dd2a        0x2 
 .text          0x00000000c001dd2c     0x1413 hw/acpi.32
                0x00000000c001dd2c                ACPI::close(int, int, void*)
                0x00000000c001de68                findRSDP()
                0x00000000c001df00                loadACPITables(unsigned char*)
                0x00000000c001e16c                findRSDT(unsigned char*)
                0x00000000c001e2c4                findDataTable(unsigned char*, char*)
                0x00000000c001e344                scanMADT()
                0x00000000c001e7fc                ACPI::ACPI()
                0x00000000c001e7fc                ACPI::ACPI()
                0x00000000c001e850                ACPI::getPCIIRQAssignment(unsigned char, unsigned short, unsigned char)
                0x00000000c001e94c                ACPI::registerPCIIRQAssignment(void*, unsigned short, unsigned char, unsigned char)
                0x00000000c001ea18                ACPI::setScreenBrightnessLevel(void*, int)
                0x00000000c001ea20                ACPI::detectPCI()
                0x00000000c001ec40                ACPI::writeSimpleBootFlag(SimpleBootFlagTable*)
                0x00000000c001ec88                ACPI::sleep()
                0x00000000c001eca4                ACPI::open(int, int, void*)
 *fill*         0x00000000c001f13f        0x1 
 .text          0x00000000c001f140      0xbc5 hw/cpu.32
                0x00000000c001f140                CPU::close(int, int, void*)
                0x00000000c001f144                CPU::AMD_K6_write_msr(unsigned int, unsigned int, unsigned int, CPU::REGS*)
                0x00000000c001f160                CPU::AMD_K6_read_msr(unsigned int, CPU::REGS*)
                0x00000000c001f178                CPU::AMD_K6_writeback(int, int, int)
                0x00000000c001f1ec                CPU::cpuid(int, unsigned long*, unsigned long*, unsigned long*, unsigned long*)
                0x00000000c001f270                CPU::cpuidCheckEDX(unsigned int)
                0x00000000c001f29e                CPU::cpuidCheckECX(unsigned int)
                0x00000000c001f2cc                CPU::cpuidCheckExtendedEBX(unsigned int)
                0x00000000c001f2fa                CPU::cpuidCheckExtendedECX(unsigned int)
                0x00000000c001f328                CPU::CPU()
                0x00000000c001f328                CPU::CPU()
                0x00000000c001f3b6                CPU::displayFeatures()
                0x00000000c001f3b8                CPU::detectFeatures()
                0x00000000c001fa8c                CPU::setupSMEP()
                0x00000000c001fa98                CPU::setupUMIP()
                0x00000000c001faa2                CPU::setupTSC()
                0x00000000c001faac                CPU::setupLargePages()
                0x00000000c001fab6                CPU::setupPAT()
                0x00000000c001faf2                CPU::setupMTRR()
                0x00000000c001faf4                CPU::setupGlobalPages()
                0x00000000c001fafe                CPU::allowUsermodeDataAccess()
                0x00000000c001fb10                CPU::prohibitUsermodeDataAccess()
                0x00000000c001fb22                CPU::setupSMAP()
                0x00000000c001fb30                CPU::setupFeatures()
                0x00000000c001fbfc                CPU::open(int, int, void*)
 .text          0x00000000c001fd05       0xb6 krnl/atexit.32
                0x00000000c001fd05                KeInitialiseAtexit()
                0x00000000c001fd24                KeRegisterAtexit(void (*)(void*), void*)
                0x00000000c001fd58                KeExecuteAtexit()
 .text          0x00000000c001fdbb       0xdf krnl/bootmsg.32
                0x00000000c001fdbb                KeDisplaySplashScreen()
                0x00000000c001fe37                KeSetBootMessage(char const*)
 *fill*         0x00000000c001fe9a        0x2 
 .text          0x00000000c001fe9c       0x48 krnl/cdefs.32
                0x00000000c001fe9c                CUnlockScheduler
                0x00000000c001feb8                CLockScheduler
                0x00000000c001fec8                CPrintf
 .text          0x00000000c001fee4       0x1d krnl/compat.32
                0x00000000c001fee4                Krnl::handlePowerButton()
                0x00000000c001fef4                Krnl::handleSleepButton()
 .text          0x00000000c001ff01       0x2b krnl/crc32.32
                0x00000000c001ff01                KeCalculateCRC32(unsigned char*, int)
 .text          0x00000000c001ff2c      0x5bf krnl/env.32
                0x00000000c001ff2c                EnvVarContainer::getEnv(char const*)
                0x00000000c001ff6a                EnvVarContainer::setEnv(char const*, char const*)
                0x00000000c002002c                EnvVarContainer::deleteEnv(char const*)
                0x00000000c002002e                EnvVarContainer::loadFrom(char const*, char const*)
                0x00000000c0020252                EnvVarContainer::__loadSystem()
                0x00000000c002026c                EnvVarContainer::__loadUser()
                0x00000000c002026e                EnvVarContainer::EnvVarContainer(Process*)
                0x00000000c002026e                EnvVarContainer::EnvVarContainer(Process*)
                0x00000000c0020290                EnvVarContainer::~EnvVarContainer()
                0x00000000c0020290                EnvVarContainer::~EnvVarContainer()
                0x00000000c00202c0                KeGetEnv(Process*, char const*)
                0x00000000c0020325                KeSetEnvSystem(char const*, char const*)
                0x00000000c002033f                KeSetEnvUser(char const*, char const*)
                0x00000000c002035e                KeSetEnvProcess(Process*, char const*, char const*)
                0x00000000c0020371                KeDeleteEnvSystem(char const*)
                0x00000000c0020372                KeDeleteEnvUser(char const*)
                0x00000000c0020373                KeDeleteEnvProcess(Process*, char const*)
                0x00000000c0020374                KeNewProcessEnv(Process*)
                0x00000000c0020396                KeCopyProcessEnv(Process*, Process*)
                0x00000000c00203e2                KeLoadSystemEnv()
                0x00000000c0020410                KeLoadUserEnv()
                0x00000000c0020436                KeFlushEnv()
                0x00000000c0020437                KeGetProcessTotalEnvCount(Process*)
                0x00000000c0020457                KeGetProcessEnvPair(Process*, int)
 .text          0x00000000c00204eb       0x94 krnl/inlines.32
                0x00000000c00204eb                CPU::current()
                0x00000000c00204f7                operator new(unsigned long)
                0x00000000c00204fc                operator delete(void*)
                0x00000000c0020501                disableIRQs()
                0x00000000c0020503                enableIRQs()
                0x00000000c0020505                lockScheduler()
                0x00000000c002050d                unlockScheduler()
                0x00000000c002051c                lockStuff()
                0x00000000c002052a                unlockStuff()
                0x00000000c0020564                Virt::getAKernelVAS()
                0x00000000c002056a                __not_memcpy
 *fill*         0x00000000c002057f        0x1 
 .text          0x00000000c0020580      0x1e3 krnl/mailbox.32
                0x00000000c0020580                KeMailboxTryPost(Mailbox*, void*)
                0x00000000c00205e4                KeMailboxTryGet(Mailbox*, void**)
                0x00000000c0020648                KeMailboxCreate()
                0x00000000c002067c                KeMailboxPost(Mailbox*, void*)
                0x00000000c00206e4                KeMailboxGet(Mailbox*, void**)
                0x00000000c002074c                KeMailboxDestroy(Mailbox*)
 *fill*         0x00000000c0020763        0x1 
 .text          0x00000000c0020764       0x1a krnl/mutex.32
                0x00000000c0020764                Mutex::Mutex()
                0x00000000c0020764                Mutex::Mutex()
 .text          0x00000000c002077e        0xc krnl/panic.32
                0x00000000c002077e                KePanic(char const*)
 .text          0x00000000c002078a      0x142 krnl/powctrl.32
                0x00000000c002078a                KePowerThread(void*)
                0x00000000c00207b8                KeChangePowerSettings(PowerSettings)
                0x00000000c00207ce                KeUserIOReceived()
                0x00000000c00207d9                KeHandlePowerButton()
                0x00000000c002080e                KeHandleSleepButton()
                0x00000000c0020843                KeSetupPowerManager()
 .text          0x00000000c00208cc       0x9d krnl/random.32
                0x00000000c00208cc                KeRand()
                0x00000000c002090e                KeSeedRand(unsigned int)
                0x00000000c0020937                KeInitRand()
 *fill*         0x00000000c0020969        0x3 
 .text          0x00000000c002096c      0x1bc krnl/resolve.32
                0x00000000c002096c                KeResolveCompatibilitySymbol(char*)
 .text          0x00000000c0020b28      0x415 krnl/semaphore.32
                0x00000000c0020b28                Semaphore::Semaphore(int)
                0x00000000c0020b28                Semaphore::Semaphore(int)
                0x00000000c0020b58                Semaphore::tryAcquire()
                0x00000000c0020c34                Semaphore::assertLocked(char const*)
                0x00000000c0020cc4                Semaphore::acquire(int)
                0x00000000c0020e6c                Semaphore::acquire()
                0x00000000c0020e88                Semaphore::release()
 .text          0x00000000c0020f3d      0x322 krnl/signal.32
                0x00000000c0020f3d                KiSigKill(int)
                0x00000000c0020f51                KiDefaultSignalHandlerIgnore(int)
                0x00000000c0020f52                KiDefaultSignalHandlerPause(int)
                0x00000000c0020f7e                KiDefaultSignalHandlerResume(int)
                0x00000000c0020faa                KeDeinitSignals(SigHandlerBlock*)
                0x00000000c0020faf                KeInitSignals()
                0x00000000c0021001                KeRegisterSignalHandler(SigHandlerBlock*, int, void (*)(int), unsigned int, int)
                0x00000000c0021037                KeRaiseSignal(SigHandlerBlock*, int)
                0x00000000c00210b4                KeCheckSignal(SigHandlerBlock*, int*)
                0x00000000c00211ab                KiCheckSignalZ
                0x00000000c00211ed                KeCompleteSignal(SigHandlerBlock*, int)
                0x00000000c0021228                KiFinishSignalZ
 .text          0x00000000c002125f      0xe10 krnl/syscalls.32
                0x00000000c002125f                SysSeekDir(regs*)
                0x00000000c0021264                SysTellDir(regs*)
                0x00000000c0021269                SysVerify(regs*)
                0x00000000c0021273                SysGetArgc(regs*)
                0x00000000c0021287                SysTTYName(regs*)
                0x00000000c002128f                SysFormatDisk(regs*)
                0x00000000c0021306                SysSetDiskVolumeLabel(regs*)
                0x00000000c002135a                SysGetDiskVolumeLabel(regs*)
                0x00000000c00213b3                SysShutdown(regs*)
                0x00000000c0021411                SysRealpath(regs*)
                0x00000000c0021455                SysReadDir(regs*)
                0x00000000c00214d5                SysIsATTY(regs*)
                0x00000000c002152f                SysSeek(regs*)
                0x00000000c0021586                SysTell(regs*)
                0x00000000c00215f3                SysSize(regs*)
                0x00000000c0021666                SysSizeFromFilename(regs*)
                0x00000000c0021797                SysSizeFromFilenameNoSymlink(regs*)
                0x00000000c00218c8                SysClose(regs*)
                0x00000000c0021928                SysOpenDir(regs*)
                0x00000000c00219a5                SysMakeDir(regs*)
                0x00000000c0021a13                SysCloseDir(regs*)
                0x00000000c0021a67                SysWait(regs*)
                0x00000000c0021a88                SysNotImpl(regs*)
                0x00000000c0021aa3                SysPanic(regs*)
                0x00000000c0021abe                SysRmdir(regs*)
                0x00000000c0021b23                SysUnlink(regs*)
                0x00000000c0021b88                SysGetArgv(regs*)
                0x00000000c0021bd5                SysUSleep(regs*)
                0x00000000c0021bfe                SysSpawn(regs*)
                0x00000000c0021c71                SysGetEnv(regs*)
                0x00000000c0021d22                SysSetFatAttrib(regs*)
                0x00000000c0021d95                SysPipe(regs*)
                0x00000000c0021dda                SysGetUnixTime(regs*)
                0x00000000c0021dee                string_ends_with(char const*, char const*)
                0x00000000c0021e36                SysOpen(regs*)
                0x00000000c002202d                KeSystemCall(regs*, void*)
 *fill*         0x00000000c002206f        0x1 
 .text          0x00000000c0022070      0x159 net/ethernet.32
                0x00000000c0022070                KeSwitchEndian16(unsigned short)
                0x00000000c0022094                KeSwitchEndian32(unsigned int)
                0x00000000c00220c4                EthernetCRC32(unsigned char*, int)
                0x00000000c0022168                EthernetReceivedPacket(EthernetUnwrappedFrame*, unsigned short)
 *fill*         0x00000000c00221c9        0x3 
 .text          0x00000000c00221cc       0xf4 net/netosl.32
                0x00000000c00221cc                KeNetCreateSemaphore
                0x00000000c0022210                KeNetFreeSemaphore
                0x00000000c002222c                KeNetSignalSemaphore
                0x00000000c0022248                KeNetWaitSemaphore
                0x00000000c0022268                KeNetCreateThread
                0x00000000c002228c                KeCPanic
                0x00000000c00222a4                KeCPuts
 .text          0x00000000c00222c0      0xd56 reg/cm.32
                0x00000000c00222c0                CmOpen(char const*)
                0x00000000c00223de                CmClose(Reghive_Tag*)
                0x00000000c00223f4                CmReadExtent(Reghive_Tag*, int, unsigned char*)
                0x00000000c0022430                CmGetString(Reghive_Tag*, int, char*)
                0x00000000c00224a7                CmEnterDirectory(Reghive_Tag*, int)
                0x00000000c00224e6                CmGetNext(Reghive_Tag*, int)
                0x00000000c0022518                CmWriteExtent(Reghive_Tag*, int, unsigned char*)
                0x00000000c0022554                CmFreeExtent(Reghive_Tag*, int)
                0x00000000c002257c                CmUpdateHeader(Reghive_Tag*)
                0x00000000c002259d                CmExpand(Reghive_Tag*, int)
                0x00000000c0022618                CmFindUnusedExtent(Reghive_Tag*)
                0x00000000c002269e                CmCreateExtent(Reghive_Tag*, int, int, unsigned char*)
                0x00000000c0022792                CmSetString(Reghive_Tag*, int, char const*)
                0x00000000c00228ce                CmGetMatch(char*, char*, bool, bool*)
                0x00000000c002292f                CmAddShift(unsigned int*, int*, unsigned char, int)
                0x00000000c002295f                CmGetShift(unsigned int*, int*, int, bool*)
                0x00000000c0022996                CmGetInteger(Reghive_Tag*, int, unsigned long long*)
                0x00000000c00229c0                CmSetInteger(Reghive_Tag*, int, unsigned long long)
                0x00000000c0022a00                CmConvertFromInternalFilename(unsigned char const*, char*)
                0x00000000c0022aa4                CmGetNameAndTypeFromExtent(Reghive_Tag*, int, char*)
                0x00000000c0022ad2                CmConvertToInternalFilename(char const*, unsigned char*)
                0x00000000c0022c70                CmCreateString(Reghive_Tag*, int, char const*)
                0x00000000c0022cbd                CmFindInDirectory(Reghive_Tag*, int, char const*)
                0x00000000c0022d37                CmCreateInteger(Reghive_Tag*, int, char const*, unsigned long long, int)
                0x00000000c0022d8a                CmCreateDirectory(Reghive_Tag*, int, char const*)
                0x00000000c0022e4e                zStrtok(char*, char const*)
                0x00000000c0022ec0                CmFindObjectFromPath(Reghive_Tag*, char const*)
                0x00000000c0022f41                CmDisplayTree(Reghive_Tag*, int, int)
                0x00000000c0022fe4                CmSplitFinalSlashInPlace(char*)
 .text          0x00000000c0023016      0x52a reg/registry.32
                0x00000000c0023016                Reg::findLineFromLoadedData(char*, char*, char*)
                0x00000000c0023187                Reg::getLineFromRegistry(char*, char*, char*, char*)
                0x00000000c00232dc                Reg::getLine(char*, char*, char*)
                0x00000000c0023313                Reg::readInt(char*, char*, int*)
                0x00000000c0023401                Reg::readString(char*, char*, char*, int)
                0x00000000c0023482                Reg::readBool(char*, char*, bool*)
                0x00000000c00234a7                Reg::readBoolWithDefault(char*, char*, bool)
                0x00000000c00234d3                Reg::readIntWithDefault(char*, char*, int)
                0x00000000c00234ff                Reg::readStringWithDefault(char*, char*, char*, int, char*)
 .text          0x00000000c0023540       0x36 sys/eject.32
                0x00000000c0023540                SysEject(regs*)
 .text          0x00000000c0023576       0x18 sys/exit.32
                0x00000000c0023576                SysExit(regs*)
 .text          0x00000000c002358e       0x1f sys/getcwd.32
                0x00000000c002358e                SysGetCwd(regs*)
 .text          0x00000000c00235ad        0xc sys/getpid.32
                0x00000000c00235ad                SysGetPID(regs*)
 .text          0x00000000c00235b9       0x1a sys/getramdata.32
                0x00000000c00235b9                SysGetRAMData(regs*)
 .text          0x00000000c00235d3       0x82 sys/getvgaptr.32
                0x00000000c00235d3                SysGetVGAPtr(regs*)
 *fill*         0x00000000c0023655        0x3 
 .text          0x00000000c0023658       0xb9 sys/kill.32
                0x00000000c0023658                SysKill(regs*)
 .text          0x00000000c0023711       0xa8 sys/loaddll.32
                0x00000000c0023711                SysLoadDLL(regs*)
 .text          0x00000000c00237b9       0x68 sys/read.32
                0x00000000c00237b9                SysRead(regs*)
 .text          0x00000000c0023821       0x29 sys/registersignal.32
                0x00000000c0023821                SysRegisterSignal(regs*)
 .text          0x00000000c002384a      0x19c sys/registry.32
                0x00000000c002384a                SysRegistryGetTypeFromPath(regs*)
                0x00000000c00238c1                SysRegistryReadExtent(regs*)
                0x00000000c0023909                SysRegistryPathToExtentLookup(regs*)
                0x00000000c0023931                SysRegistryEnterDirectory(regs*)
                0x00000000c0023959                SysRegistryGetNext(regs*)
                0x00000000c0023981                SysRegistryGetNameAndTypeFromExtent(regs*)
                0x00000000c00239bb                SysRegistryOpen(regs*)
                0x00000000c00239cf                SysRegistryClose(regs*)
 .text          0x00000000c00239e6       0x55 sys/sbrk.32
                0x00000000c00239e6                SysSbrk(regs*)
 .text          0x00000000c0023a3b       0x1c sys/setcwd.32
                0x00000000c0023a3b                SysSetCwd(regs*)
 .text          0x00000000c0023a57       0x96 sys/settime.32
                0x00000000c0023a57                SysSetTime(regs*)
 .text          0x00000000c0023aed       0x73 sys/symlink.32
                0x00000000c0023aed                SysSymlink(regs*)
 .text          0x00000000c0023b60       0x3f sys/timezone.32
                0x00000000c0023b60                SysTimezone(regs*)
 .text          0x00000000c0023b9f       0xfc sys/truncate.32
                0x00000000c0023b9f                SysTruncate(regs*)
 .text          0x00000000c0023c9b       0x68 sys/write.32
                0x00000000c0023c9b                SysWrite(regs*)
 .text          0x00000000c0023d03       0x62 sys/wsbe.32
                0x00000000c0023d03                SysWsbe(regs*)
 .text          0x00000000c0023d65       0x25 sys/yield.32
                0x00000000c0023d65                SysYield(regs*)
 .text          0x00000000c0023d8a     0x1207 thr/elf.32
                0x00000000c0023d8a                Thr::allocateMemoryForTask(Process*, File*, unsigned long, unsigned long, unsigned long)
                0x00000000c0024018                Thr::loadProgramIntoMemory(Process*, char const*)
                0x00000000c002422a                Thr::runtimeReferenceHelper()
                0x00000000c002423d                Thr::getAddressOfKernelSymbol(char const*)
                0x00000000c002428c                Thr::loadKernelSymbolTable(char const*)
                0x00000000c002454a                Thr::loadDriverIntoMemory(char const*, unsigned long, bool)
                0x00000000c0024c83                Thr::getDriverBaseFromAddress(unsigned long)
                0x00000000c0024cb5                Thr::getDriverNameFromAddress(unsigned long)
                0x00000000c0024cec                Thr::getDriverOffsetFromAddress(unsigned long)
                0x00000000c0024d06                Thr::loadDLL(char const*, bool)
                0x00000000c0024f58                Thr::executeDLL(unsigned long, void*)
 *fill*         0x00000000c0024f91        0x3 
 .text          0x00000000c0024f94     0x1131 thr/prcssthr.32
                0x00000000c0024f94                userModeEntryPoint(void*)
                0x00000000c0024fbc                changeTSS
                0x00000000c0024fec                switchToThread(ThreadControlBlock*)
                0x00000000c002509c                Process::addArgs(char**)
                0x00000000c0025108                Process::Process(char const*, Process*, char**)
                0x00000000c0025108                Process::Process(char const*, Process*, char**)
                0x00000000c0025314                Process::Process(bool, char const*, Process*, char**)
                0x00000000c0025314                Process::Process(bool, char const*, Process*, char**)
                0x00000000c00254e8                taskStartupFunction
                0x00000000c00254f4                KeDisablePreemption()
                0x00000000c002551c                KeRestorePreemption()
                0x00000000c002553c                Process::createThread(void (*)(void*), void*, int)
                0x00000000c0025648                Process::createUserThread()
                0x00000000c0025668                setupMultitasking(void (*)())
                0x00000000c002578c                schedule()
                0x00000000c0025820                blockTaskWithSchedulerLockAlreadyHeld(TaskState)
                0x00000000c0025848                blockTask(TaskState)
                0x00000000c0025880                waitTask(int, int*, int)
                0x00000000c00258c4                milliTenthSleepUntil(unsigned int)
                0x00000000c0025964                milliTenthSleep(unsigned int)
                0x00000000c0025978                sleep(unsigned int)
                0x00000000c0025994                taskReturned
                0x00000000c00259d8                Thr::processFromPID(int)
                0x00000000c0025a84                unblockTask(ThreadControlBlock*)
                0x00000000c0025b30                cleanupTerminatedTask(ThreadControlBlock*)
                0x00000000c0025e04                cleanerTaskFunction(void*)
                0x00000000c0025f0c                terminateTask(int)
                0x00000000c0025ff8                Thr::terminateFromIRQ(int)
 .text          0x00000000c00260c5      0xd00 vm86/vm8086.32
                0x00000000c00260c5                Vm::inbv(unsigned short)
                0x00000000c00260d8                Vm::outbv(unsigned short, unsigned char)
                0x00000000c002610e                Vm::realToLinear(unsigned short, unsigned short)
                0x00000000c002611e                Vm::getSegment(unsigned int)
                0x00000000c0026126                Vm::getOffset(unsigned int)
                0x00000000c002612b                Vm::mainloop2()
                0x00000000c0026165                Vm::mainVm8086Loop(void*)
                0x00000000c0026175                Vm::mainloop3(unsigned long)
                0x00000000c002619b                Vm::initialise8086()
                0x00000000c00261de                Vm::resetConventionalMemory8086()
                0x00000000c00261df                Vm::finish8086()
                0x00000000c0026240                Vm::getOutput8086(unsigned char*)
                0x00000000c0026265                Vm::start8086FromBuffer(unsigned char*, int, unsigned short, unsigned short, unsigned short, unsigned short)
                0x00000000c002638c                Vm::start8086(char const*, unsigned short, unsigned short, unsigned short, unsigned short)
                0x00000000c0026594                Vm::doISR(regs*, int, unsigned char*, unsigned short, unsigned short)
                0x00000000c002662d                Vm::readByteFromReal(unsigned short, unsigned short)
                0x00000000c002663e                Vm::readWordFromReal(unsigned short, unsigned short)
                0x00000000c0026650                Vm::readDwordFromReal(unsigned short, unsigned short)
                0x00000000c0026661                Vm::writeByteFromReal(unsigned short, unsigned short, unsigned char)
                0x00000000c0026676                Vm::writeWordFromReal(unsigned short, unsigned short, unsigned short)
                0x00000000c002668c                Vm::writeDwordFromReal(unsigned short, unsigned short, unsigned int)
                0x00000000c00266a1                Vm::faultHandler(regs*)
 .text          0x00000000c0026dc5      0xaf0 arch/i386/hal.32
                0x00000000c0026dc5                noCopro(unsigned long)
                0x00000000c0026dc6                nmiHandler(regs*, void*)
                0x00000000c0026ddf                doubleFault(regs*, void*)
                0x00000000c0026df8                displayDebugInfo(regs*)
                0x00000000c002717d                HalSystemIdle()
                0x00000000c00271f9                displayProgramFault(char const*)
                0x00000000c0027245                gpFault(regs*, void*)
                0x00000000c00272ac                pgFault(regs*, void*)
                0x00000000c0027335                otherISRHandler(regs*, void*)
                0x00000000c0027369                opcodeFault(regs*, void*)
                0x00000000c00273ec                i386SaveCoprocessor(void*)
                0x00000000c0027400                i386LoadCoprocessor(void*)
                0x00000000c0027414                x87EmulHandler(regs*, void*)
                0x00000000c00274b1                HalInitialiseCoprocessor()
                0x00000000c002755f                HalPanic(char const*)
                0x00000000c0027673                HalQueryPerformanceCounter()
                0x00000000c002768e                HalInitialise()
                0x00000000c0027844                HalMakeBeep(int)
                0x00000000c002787e                HalGetRand()
                0x00000000c0027881                HalEndOfInterrupt(int)
                0x00000000c00278b2                HalRestart()
                0x00000000c00278b3                HalShutdown()
                0x00000000c00278b4                HalSleep()
 *fill*         0x00000000c00278b5        0x3 
 .text          0x00000000c00278b8      0x2dc arch/i386/pic.32
                0x00000000c00278b8                picIoWait()
                0x00000000c00278c0                picDisable()
                0x00000000c00278f4                picGetIRQReg(int)
                0x00000000c0027970                picOpen()
                0x00000000c0027af4                picEOI(int)
 .text          0x00000000c0027b94      0x674 arch/i386/rtc.32
                0x00000000c0027b94                RTC::open(int, int, void*)
                0x00000000c0027b98                RTC::close(int, int, void*)
                0x00000000c0027b9c                RTC::timeInSecondsUTC()
                0x00000000c0027bae                RTC::timeInDatetimeUTC()
                0x00000000c0027bd4                RTC::setTimeInSecondsUTC(unsigned long long)
                0x00000000c0027c12                RTC::~RTC()
                0x00000000c0027c12                RTC::~RTC()
                0x00000000c0027c36                RTC::~RTC()
                0x00000000c0027c60                RTC::get_update_in_progress_flag()
                0x00000000c0027c7a                RTC::completeRTCRefresh()
                0x00000000c0027f5a                RTC::setTimeInDatetimeUTC(datetime_t)
                0x00000000c0028108                rtcIRQHandler(regs*, void*)
                0x00000000c002814e                RTC::RTC()
                0x00000000c002814e                RTC::RTC()
 .text          0x00000000c0028208      0x1f4 arch/i386/vga.32
                0x00000000c0028208                HalConsoleScroll(int, int)
                0x00000000c0028310                HalConsoleWriteCharacter(char, int, int, int, int)
                0x00000000c0028374                HalConsoleCursorUpdate(int, int)
 .text          0x00000000c00283fc     0x14cf fs/fat/vfslink.32
                0x00000000c00283fc                FAT::getName()
                0x00000000c0028404                FAT::tell(void*, unsigned long long*)
                0x00000000c0028440                FAT::stat(void*, unsigned long long*)
                0x00000000c002847c                FAT::~FAT()
                0x00000000c002847c                FAT::~FAT()
                0x00000000c00284a0                FAT::~FAT()
                0x00000000c00284c8                FAT::getlabel(LogicalDisk*, int, char*, unsigned int*)
                0x00000000c002856c                FAT::setlabel(LogicalDisk*, int, char*)
                0x00000000c0028630                FAT::format(LogicalDisk*, int, char const*, int)
                0x00000000c0028814                FAT::tryMount(LogicalDisk*, int)
                0x00000000c0028a30                FAT::allocateSwapfile(char const*, int)
                0x00000000c0028bf0                FAT::readDir(void*, unsigned long, void*, int*)
                0x00000000c0028d60                FAT::read(void*, unsigned long, void*, int*)
                0x00000000c0028dc0                FAT::write(void*, unsigned long, void*, int*)
                0x00000000c0028e20                FAT::close(void*)
                0x00000000c0028e74                FAT::closeDir(void*)
                0x00000000c0028ec8                FAT::truncate(void*, unsigned long long)
                0x00000000c0028f34                FAT::seek(void*, unsigned long long)
                0x00000000c0028f8c                fatWrapperReadDisk
                0x00000000c0028fcc                fatWrapperWriteDisk
                0x00000000c002900c                fatWrapperIoctl
                0x00000000c0029128                FAT::FAT()
                0x00000000c0029128                FAT::FAT()
                0x00000000c0029180                FAT::fixFilepath(char*)
                0x00000000c00291c0                FAT::open(char const*, void**, FileOpenMode)
                0x00000000c0029334                FAT::openDir(char const*, void**)
                0x00000000c00293e4                FAT::stat(char const*, unsigned long long*, bool*)
                0x00000000c00294dc                FAT::unlink(char const*)
                0x00000000c002955c                FAT::chfatattr(char const*, unsigned char, unsigned char)
                0x00000000c0029710                FAT::rename(char const*, char const*)
                0x00000000c00297dc                FAT::mkdir(char const*)
                0x00000000c002985c                FAT::exists(char const*)
 *fill*         0x00000000c00298cb        0x1 
 .text          0x00000000c00298cc       0x94 fs/iso9660/helper.32
                0x00000000c00298cc                isoReadDiscSectorHelper
                0x00000000c0029928                iso_kprintf
                0x00000000c0029944                iso_kprintfd
 .text          0x00000000c0029960      0x71c fs/iso9660/vfslink.32
                0x00000000c0029960                ISO9660::format(LogicalDisk*, int, char const*, int)
                0x00000000c0029966                ISO9660::truncate(void*, unsigned long long)
                0x00000000c002996c                ISO9660::getName()
                0x00000000c0029972                ISO9660::closeDir(void*)
                0x00000000c002997c                ISO9660::chfatattr(char const*, unsigned char, unsigned char)
                0x00000000c0029982                ISO9660::unlink(char const*)
                0x00000000c0029988                ISO9660::write(void*, unsigned long, void*, int*)
                0x00000000c002998e                ISO9660::rename(char const*, char const*)
                0x00000000c0029994                ISO9660::mkdir(char const*)
                0x00000000c002999a                ISO9660::~ISO9660()
                0x00000000c002999a                ISO9660::~ISO9660()
                0x00000000c00299be                ISO9660::~ISO9660()
                0x00000000c00299e6                ISO9660::exists(char const*)
                0x00000000c00299fa                ISO9660::open(char const*, void**, FileOpenMode)
                0x00000000c0029ae0                ISO9660::read(void*, unsigned long, void*, int*)
                0x00000000c0029b28                ISO9660::seek(void*, unsigned long long)
                0x00000000c0029b6a                ISO9660::tell(void*, unsigned long long*)