Archive member included to satisfy reference by file (symbol)

/cygdrive/d/Users/Alex/Desktop/Toolchain/Output/bin/../lib/gcc/i386-banana/8.1.0/libkgcc.a(_divdi3.o)
                              krnl/resolve.32 (__divdi3)
/cygdrive/d/Users/Alex/Desktop/Toolchain/Output/bin/../lib/gcc/i386-banana/8.1.0/libkgcc.a(_moddi3.o)
                              krnl/resolve.32 (__moddi3)
/cygdrive/d/Users/Alex/Desktop/Toolchain/Output/bin/../lib/gcc/i386-banana/8.1.0/libkgcc.a(_udivdi3.o)
                              hal/clock.32 (__udivdi3)
/cygdrive/d/Users/Alex/Desktop/Toolchain/Output/bin/../lib/gcc/i386-banana/8.1.0/libkgcc.a(_umoddi3.o)
                              core/pipe.32 (__umoddi3)

Allocating common symbols
Common symbol       size              file

dcache              0x40              fs/iso9660/iso9660.32
cdDriveLetter       0x1               fs/iso9660/iso9660.32
icache              0x40              fs/iso9660/iso9660.32

Discarded input sections

 .comment       0x0000000000000000       0x12 /cygdrive/d/Users/Alex/Desktop/Toolchain/Output/bin/../lib/gcc/i386-banana/8.1.0/crtbegin.o
 .comment       0x0000000000000000       0x12 acpica/utclib.32
 .comment       0x0000000000000000       0x12 core/malloc.32
 .comment       0x0000000000000000       0x12 libk/ctype.32
 .comment       0x0000000000000000       0x12 libk/string.32
 .comment       0x0000000000000000       0x12 fs/fat/diskio.32
 .comment       0x0000000000000000       0x12 fs/fat/ff.32
 .comment       0x0000000000000000       0x12 fs/fat/ffsystem.32
 .comment       0x0000000000000000       0x12 fs/fat/ffunicode.32
 .comment       0x0000000000000000       0x12 fs/iso9660/iso9660.32
 .group         0x0000000000000000       0x14 core/computer.32
 .group         0x0000000000000000        0xc core/computer.32
 .comment       0x0000000000000000       0x12 core/computer.32
 .comment       0x0000000000000000       0x12 core/gdt.32
 .group         0x0000000000000000        0xc core/idle.32
 .comment       0x0000000000000000       0x12 core/idle.32
 .comment       0x0000000000000000       0x12 core/idt.32
 .comment       0x0000000000000000       0x12 core/kheap.32
 .comment       0x0000000000000000       0x12 core/main.32
 .comment       0x0000000000000000       0x12 core/physmgr.32
 .group         0x0000000000000000        0xc core/pipe.32
 .comment       0x0000000000000000       0x12 core/pipe.32
 .group         0x0000000000000000        0xc core/terminal.32
 .comment       0x0000000000000000       0x12 core/terminal.32
 .comment       0x0000000000000000       0x12 core/tss.32
 .group         0x0000000000000000        0x8 core/unixfile.32
 .group         0x0000000000000000        0x8 core/unixfile.32
 .group         0x0000000000000000        0xc core/unixfile.32
 .group         0x0000000000000000        0x8 core/unixfile.32
 .group         0x0000000000000000        0xc core/unixfile.32
 .group         0x0000000000000000        0x8 core/unixfile.32
 .group         0x0000000000000000        0xc core/unixfile.32
 .group         0x0000000000000000        0xc core/unixfile.32
 .comment       0x0000000000000000       0x12 core/unixfile.32
 .comment       0x0000000000000000       0x12 core/virtmgr.32
 .comment       0x0000000000000000       0x12 coreobjs/c++.32
 .comment       0x0000000000000000       0x12 dbg/kconsole.32
 .group         0x0000000000000000        0xc fs/vfs.32
 .group         0x0000000000000000        0xc fs/vfs.32
 .group         0x0000000000000000        0xc fs/vfs.32
 .comment       0x0000000000000000       0x12 fs/vfs.32
 .group         0x0000000000000000        0xc hal/bus.32
 .comment       0x0000000000000000       0x12 hal/bus.32
 .comment       0x0000000000000000       0x12 hal/buzzer.32
 .group         0x0000000000000000        0xc hal/clock.32
 .comment       0x0000000000000000       0x12 hal/clock.32
 .group         0x0000000000000000       0x14 hal/device.32
 .group         0x0000000000000000        0xc hal/device.32
 .group         0x0000000000000000        0x8 hal/device.32
 .group         0x0000000000000000        0xc hal/device.32
 .group         0x0000000000000000        0xc hal/device.32
 .comment       0x0000000000000000       0x12 hal/device.32
 .group         0x0000000000000000        0xc hal/diskctrl.32
 .comment       0x0000000000000000       0x12 hal/diskctrl.32
 .group         0x0000000000000000        0xc hal/diskphys.32
 .comment       0x0000000000000000       0x12 hal/diskphys.32
 .comment       0x0000000000000000       0x12 hal/fpu.32
 .comment       0x0000000000000000       0x12 hal/intctrl.32
 .group         0x0000000000000000        0xc hal/keybrd.32
 .comment       0x0000000000000000       0x12 hal/keybrd.32
 .group         0x0000000000000000        0xc hal/logidisk.32
 .comment       0x0000000000000000       0x12 hal/logidisk.32
 .group         0x0000000000000000        0xc hal/mouse.32
 .comment       0x0000000000000000       0x12 hal/mouse.32
[...]
Memory Configuration

Name             Origin             Length             Attributes
*default*        0x0000000000000000 0xffffffffffffffff

Linker script and memory map

LOAD D:/Users/Alex/Desktop/Banana/kernel/boot.32
LOAD crti.32
LOAD /cygdrive/d/Users/Alex/Desktop/Toolchain/Output/bin/../lib/gcc/i386-banana/8.1.0/crtbegin.o
LOAD D:/Users/Alex/Desktop/Banana/kernel/morenasm.32
LOAD acpica/utclib.32
LOAD core/malloc.32
LOAD libk/ctype.32
LOAD libk/string.32
LOAD fs/fat/diskio.32
LOAD fs/fat/ff.32
LOAD fs/fat/ffsystem.32
LOAD fs/fat/ffunicode.32
LOAD fs/iso9660/iso9660.32
LOAD core/computer.32
LOAD core/gdt.32
LOAD core/idle.32
LOAD core/idt.32
LOAD core/kheap.32
LOAD core/main.32
LOAD core/physmgr.32
LOAD core/pipe.32
LOAD core/terminal.32
LOAD core/tss.32
LOAD core/unixfile.32
LOAD core/virtmgr.32
LOAD coreobjs/c++.32
LOAD dbg/kconsole.32
LOAD fs/vfs.32
LOAD hal/bus.32
LOAD hal/buzzer.32
LOAD hal/clock.32
LOAD hal/device.32
LOAD hal/diskctrl.32
LOAD hal/diskphys.32
LOAD hal/fpu.32
LOAD hal/intctrl.32
LOAD hal/keybrd.32
LOAD hal/logidisk.32
LOAD hal/mouse.32
LOAD hal/partition.32
LOAD hal/serial.32
LOAD hal/timer.32
LOAD hal/vcache.32
LOAD hal/video.32
LOAD hw/acpi.32
LOAD hw/cpu.32
LOAD krnl/bootmsg.32
LOAD krnl/env.32
LOAD krnl/inlines.32
LOAD krnl/panic.32
LOAD krnl/powctrl.32
LOAD krnl/resolve.32
LOAD krnl/signal.32
LOAD krnl/syscalls.32
LOAD reg/registry.32
LOAD sys/eject.32
LOAD sys/exit.32
LOAD sys/getcwd.32
LOAD sys/getpid.32
LOAD sys/getramdata.32
LOAD sys/getvgaptr.32
LOAD sys/loaddll.32
LOAD sys/read.32
LOAD sys/registersignal.32
LOAD sys/sbrk.32
LOAD sys/setcwd.32
LOAD sys/settime.32
LOAD sys/timezone.32
LOAD sys/write.32
LOAD sys/wsbe.32
LOAD sys/yield.32
LOAD thr/elf.32
LOAD thr/prcssthr.32
LOAD vm86/vm8086.32
LOAD arch/i386/hal.32
LOAD arch/i386/pic.32
LOAD arch/i386/rtc.32
LOAD arch/i386/vga.32
LOAD fs/fat/vfslink.32
LOAD fs/iso9660/helper.32
LOAD fs/iso9660/vfslink.32
LOAD hal/sound/sndcard.32
LOAD hal/sound/sndport.32
LOAD hw/bus/isa.32
LOAD hw/bus/pci.32
LOAD hw/diskctrl/ide.32
LOAD hw/diskctrl/satabus.32
LOAD hw/diskphys/ata.32
LOAD hw/diskphys/atapi.32
LOAD hw/diskphys/sata.32
LOAD hw/diskphys/satapi.32
LOAD hw/intctrl/apic.32
LOAD hw/timer/apictimer.32
LOAD hw/timer/pit.32
LOAD arch/i386/avx.32
LOAD arch/i386/interrupt.32
LOAD arch/i386/rdrand.32
LOAD arch/i386/sse.32
LOAD arch/i386/x87.32
LOAD /cygdrive/d/Users/Alex/Desktop/Toolchain/Output/bin/../lib/gcc/i386-banana/8.1.0/crtend.o
LOAD crtn.32
LOAD /cygdrive/d/Users/Alex/Desktop/Toolchain/Output/bin/../lib/gcc/i386-banana/8.1.0/libkgcc.a
LOAD D:/Users/Alex/Desktop/Banana/kernel/libsoftfp.a
LOAD D:/Users/Alex/Desktop/Banana/kernel/libk/libm32.a
                0x00000000c0000000                . = 0xc0000000

.text           0x00000000c0000000    0x1c2aa
 *(.text)
 .text          0x00000000c0000000       0x20 D:/Users/Alex/Desktop/Banana/kernel/boot.32
 .text          0x00000000c0000020        0x0 crti.32
 .text          0x00000000c0000020      0x101 /cygdrive/d/Users/Alex/Desktop/Toolchain/Output/bin/../lib/gcc/i386-banana/8.1.0/crtbegin.o
 *fill*         0x00000000c0000121        0xf 
 .text          0x00000000c0000130      0x252 D:/Users/Alex/Desktop/Banana/kernel/morenasm.32
                0x00000000c0000130                manualPCIProbe
                0x00000000c000017b                prepareTramp
                0x00000000c0000194                doTPAUSE
                0x00000000c000019e                hasLegacyFPU
                0x00000000c00001c3                is486
                0x00000000c00001f9                detectCPUID
                0x00000000c000020f                goToVM86
                0x00000000c000023f                goToUsermode
                0x00000000c0000269                switchToThreadASMFirstTime
                0x00000000c0000277                switchToThreadASM
                0x00000000c00002ff                asmQuickAcquireLock
                0x00000000c000031d                asmQuickReleaseLock
                0x00000000c0000329                asmAcquireLock
                0x00000000c000034a                asmReleaseLock
                0x00000000c000035d                loadGDT
                0x00000000c000037d                memcpy
 *fill*         0x00000000c0000382        0xe 
 .text          0x00000000c0000390      0x79e acpica/utclib.32
                0x00000000c0000390                memcmp
                0x00000000c00003e0                memmove
                0x00000000c00004d0                memset
                0x00000000c0000540                strlen
                0x00000000c0000570                strpbrk
                0x00000000c00005b0                strtok
                0x00000000c0000600                strcpy
                0x00000000c0000630                strncpy
                0x00000000c00006e0                strcmp
                0x00000000c0000730                strchr
                0x00000000c0000760                strncmp
                0x00000000c00007c0                strcat
                0x00000000c00007f0                strncat
                0x00000000c0000850                strstr
                0x00000000c00008b0                toupper
                0x00000000c00008d0                tolower
                0x00000000c00008f0                simple_strtoul
 .text          0x00000000c0000b2e      0xfad core/malloc.32
                0x00000000c0000c99                dlfree
                0x00000000c0000ff4                dlmalloc
                0x00000000c0001531                dlrealloc
                0x00000000c00016d4                dlmemalign
                0x00000000c00017f7                dlcalloc
                0x00000000c0001891                dlcfree
                0x00000000c0001896                dlindependent_calloc
                0x00000000c00018bb                dlindependent_comalloc
                0x00000000c00018d2                dlvalloc
                0x00000000c00018fd                dlpvalloc
                0x00000000c0001933                dlmalloc_trim
                0x00000000c0001940                dlmalloc_usable_size
                0x00000000c0001971                dlmallinfo
                0x00000000c0001a40                dlmalloc_stats
                0x00000000c0001a51                dlmallopt
 *fill*         0x00000000c0001adb        0x1 
 .text          0x00000000c0001adc      0x1f2 libk/ctype.32
                0x00000000c0001adc                isblank
                0x00000000c0001afc                iscntrl
                0x00000000c0001b1c                isdigit
                0x00000000c0001b38                islower
                0x00000000c0001b54                isspace
                0x00000000c0001b7c                isupper
                0x00000000c0001b98                isalpha
                0x00000000c0001bc8                isalnum
                0x00000000c0001bf8                ispunct
                0x00000000c0001c38                isgraph
                0x00000000c0001c68                isprint
                0x00000000c0001c90                isxdigit
 .text          0x00000000c0001cce        0x0 libk/string.32
 .text          0x00000000c0001cce       0x51 fs/fat/diskio.32
                0x00000000c0001cce                disk_status
                0x00000000c0001cd1                disk_initialize
                0x00000000c0001cd4                disk_read
                0x00000000c0001cea                disk_write
                0x00000000c0001d00                disk_ioctl
 .text          0x00000000c0001d1f     0x3d4b fs/fat/ff.32
                0x00000000c0003abb                f_mount
                0x00000000c0003b1d                f_open
                0x00000000c0003de8                f_read
                0x00000000c0003fe7                f_write
                0x00000000c000421b                f_sync
                0x00000000c00042d0                f_close
                0x00000000c00042ff                f_lseek
                0x00000000c00044a6                f_opendir
                0x00000000c0004571                f_closedir
                0x00000000c0004593                f_readdir
                0x00000000c0004625                f_stat
                0x00000000c00046a4                f_getfree
                0x00000000c00047a6                f_truncate
                0x00000000c000488a                f_unlink
                0x00000000c00049ac                f_mkdir
                0x00000000c0004b47                f_rename
                0x00000000c0004cfd                f_chmod
                0x00000000c0004da6                f_utime
                0x00000000c0004e54                f_getlabel
                0x00000000c0004fa5                f_setlabel
                0x00000000c0005135                f_expand
                0x00000000c0005295                f_mkfs
 *fill*         0x00000000c0005a6a        0x2 
 .text          0x00000000c0005a6c       0x2f fs/fat/ffsystem.32
                0x00000000c0005a6c                ff_memalloc
                0x00000000c0005a84                ff_memfree
 *fill*         0x00000000c0005a9b        0x1 
 .text          0x00000000c0005a9c      0x2a8 fs/fat/ffunicode.32
                0x00000000c0005a9c                ff_uni2oem
                0x00000000c0005b3c                ff_oem2uni
                0x00000000c0005bb4                ff_wtoupper
 .text          0x00000000c0005d44      0xc76 fs/iso9660/iso9660.32
                0x00000000c0005f63                isoReadDiscSector
                0x00000000c0005ffe                strnicmp
                0x00000000c00062b1                stricmp
                0x00000000c00062fd                iso_open
                0x00000000c0006387                iso_close
                0x00000000c00063a5                iso_read
                0x00000000c00064bb                iso_seek
                0x00000000c000653f                iso_tell
                0x00000000c0006570                iso_total
                0x00000000c000659b                fn_postprocess
                0x00000000c00065c1                iso_readdir
                0x00000000c00067b2                iso_reset
                0x00000000c00067bf                init_percd
                0x00000000c00068b9                iso_ioctl
                0x00000000c00068c1                fs_iso9660_init
                0x00000000c000694a                fs_iso9660_shutdown
 .text          0x00000000c00069ba      0x685 core/computer.32
                0x00000000c00069ba                Computer::close(int, int, void*)
                0x00000000c00069ff                Krnl::firstTask()
                0x00000000c0006b32                Computer::Computer()
                0x00000000c0006b32                Computer::Computer()
                0x00000000c0006be4                Computer::setBootMessage(char const*)
                0x00000000c0006be6                Computer::detectFeatures()
                0x00000000c0006df0                Computer::displayFeatures()
                0x00000000c0006df2                Computer::rdmsr(unsigned int)
                0x00000000c0006e1e                Computer::wrmsr(unsigned int, unsigned long long)
                0x00000000c0006e56                Computer::shutdown()
                0x00000000c0006e6e                Computer::restart()
                0x00000000c0006e86                Computer::sleep()
                0x00000000c0006e9a                Computer::nmiEnabled()
                0x00000000c0006ea6                Computer::readCMOS(unsigned char)
                0x00000000c0006ec0                Computer::enableNMI(bool)
                0x00000000c0006ed8                Computer::open(int, int, void*)
                0x00000000c0006fac                Computer::disableNMI()
                0x00000000c0006fbc                Computer::writeCMOS(unsigned char, unsigned char)
                0x00000000c0006fda                Computer::handleNMI()
 *fill*         0x00000000c000703f        0x1 
 .text          0x00000000c0007040      0x1cf core/gdt.32
                0x00000000c0007040                GDTEntry::setBase(unsigned int)
                0x00000000c000705c                GDTEntry::setLimit(unsigned int)
                0x00000000c000707a                GDT::GDT()
                0x00000000c000707a                GDT::GDT()
                0x00000000c0007090                GDT::addEntry(GDTEntry)
                0x00000000c00070b2                GDT::getNumberOfEntries()
                0x00000000c00070ba                GDT::flush()
                0x00000000c00070dc                GDT::setup()
 .text          0x00000000c000720f       0x1d core/idle.32
                0x00000000c000720f                idleFunction(void*)
 .text          0x00000000c000722c      0x464 core/idt.32
                0x00000000c000722c                IDTEntry::IDTEntry(bool)
                0x00000000c000722c                IDTEntry::IDTEntry(bool)
                0x00000000c000729e                IDTEntry::setOffset(unsigned int)
                0x00000000c00072b4                IDT::IDT()
                0x00000000c00072b4                IDT::IDT()
                0x00000000c00072b6                IDT::getPointerToInvalidOpcodeEntryForF00F()
                0x00000000c00072be                IDT::addEntry(IDTEntry, int)
                0x00000000c00072d8                IDT::addEntry(int, void (*)(), bool)
                0x00000000c0007310                IDT::flush()
                0x00000000c000732a                IDT::setup()
 .text          0x00000000c0007690      0x183 core/kheap.32
                0x00000000c0007690                sbrk
                0x00000000c0007725                mmap
                0x00000000c000773b                munmap
                0x00000000c0007751                liballoc_lock()
                0x00000000c000775e                liballoc_unlock()
                0x00000000c0007772                liballoc_alloc(int)
                0x00000000c000778a                liballoc_free(void*, int)
                0x00000000c00077a5                realloc
                0x00000000c00077b9                malloc
                0x00000000c00077c9                free
                0x00000000c00077d9                rfree
                0x00000000c00077e9                calloc
 .text          0x00000000c0007813       0xc3 core/main.32
                0x00000000c0007813                KeEntryPoint
 .text          0x00000000c00078d6      0x5dc core/physmgr.32
                0x00000000c00078d6                Phys::allocateDMA(unsigned long)
                0x00000000c00079ad                Phys::freeDMA(unsigned long, unsigned long)
                0x00000000c00079e0                Phys::setPageState(unsigned long, bool)
                0x00000000c0007a12                Phys::getPageState(unsigned long)
                0x00000000c0007a33                Phys::freePage(unsigned long)
                0x00000000c0007a95                Phys::allocatePage()
                0x00000000c0007b53                Phys::allocateContiguousPages(int)
                0x00000000c0007baf                Phys::allowSegmentToBeUsed(unsigned long, unsigned long)
                0x00000000c0007be7                Phys::physicalMemorySetup(unsigned int)
 .text          0x00000000c0007eb2      0x273 core/pipe.32
                0x00000000c0007eb2                Pipe::isAtty()
                0x00000000c0007eb6                Pipe::~Pipe()
                0x00000000c0007eb6                Pipe::~Pipe()
                0x00000000c0007eda                Pipe::~Pipe()
                0x00000000c0007f02                Pipe::write(unsigned long long, void*, int*)
                0x00000000c0007fc2                Pipe::read(unsigned long long, void*, int*)
                0x00000000c00080be                Pipe::Pipe(int)
                0x00000000c00080be                Pipe::Pipe(int)
 *fill*         0x00000000c0008125        0x1 
 .text          0x00000000c0008126      0xaa0 core/terminal.32
                0x00000000c0008126                VgaText::isAtty()
                0x00000000c000812a                VgaText::~VgaText()
                0x00000000c000812a                VgaText::~VgaText()
                0x00000000c000814e                VgaText::~VgaText()
                0x00000000c0008178                VgaText::read(unsigned long long, void*, int*)
                0x00000000c0008198                setTerminalScrollLock(bool)
                0x00000000c0008199                doTerminalCycle()
                0x00000000c000819a                addToTerminalCycle(VgaText*)
                0x00000000c000819b                scrollTerminalScrollLock(int)
                0x00000000c000819c                VgaText::updateTitle()
                0x00000000c000819e                VgaText::load()
                0x00000000c00081a0                VgaText::updateCursor()
                0x00000000c00081b6                VgaText::doANSI_SGR(int)
                0x00000000c000822a                VgaText::setDefaultBgColour(VgaColour)
                0x00000000c000823a                VgaText::setDefaultFgColour(VgaColour)
                0x00000000c000824a                VgaText::setDefaultColours(VgaColour, VgaColour)
                0x00000000c000826a                VgaText::setTitleTextColour(VgaColour)
                0x00000000c0008276                VgaText::setTitleColour(VgaColour)
                0x00000000c0008282                VgaText::setTitle(char*)
                0x00000000c0008284                VgaText::combineColours(unsigned char, unsigned char)
                0x00000000c0008296                VgaText::scrollScreen()
                0x00000000c000832e                VgaText::combineCharAndColour(char, unsigned char)
                0x00000000c0008340                VgaText::writeCharacter(char, VgaColour, VgaColour, int, int)
                0x00000000c00083d0                VgaText::getCursorX()
                0x00000000c00083d8                VgaText::getCursorY()
                0x00000000c00083e0                VgaText::setCursor(int, int)
                0x00000000c00083f7                setActiveTerminal(VgaText*)
                0x00000000c0008442                VgaText::clearScreen()
                0x00000000c0008490                VgaText::setCursorX(int)
                0x00000000c00084a8                VgaText::setCursorY(int)
                0x00000000c00084c0                VgaText::incrementCursor(bool)
                0x00000000c0008514                VgaText::decrementCursor(bool)
                0x00000000c0008536                VgaText::putchar(char, VgaColour, VgaColour)
                0x00000000c0008604                VgaText::putchar(char)
                0x00000000c00086f0                VgaText::putx(unsigned int)
                0x00000000c0008736                VgaText::puts(char const*)
                0x00000000c000875c                VgaText::write(unsigned long long, void*, int*)
                0x00000000c00087a8                VgaText::puts(char const*, VgaColour, VgaColour)
                0x00000000c00088fa                VgaText::VgaText(char const*)
                0x00000000c00088fa                VgaText::VgaText(char const*)
                0x00000000c0008a46                VgaText::receiveKey(unsigned char)
                0x00000000c0008ba0                VgaText::doUpdate()
                0x00000000c0008ba1                newTerminal(char*)
 *fill*         0x00000000c0008bc6        0x2 
 .text          0x00000000c0008bc8      0x1a1 core/tss.32
                0x00000000c0008bc8                TSS::TSS()
                0x00000000c0008bc8                TSS::TSS()
                0x00000000c0008bd8                TSS::setESP(unsigned long)
                0x00000000c0008bec                TSS::flush()
                0x00000000c0008c0c                TSS::setup(unsigned long, unsigned long)
 *fill*         0x00000000c0008d69        0x1 
 .text          0x00000000c0008d6a      0x4c2 core/unixfile.32
                0x00000000c0008d6a                ReservedFilename::read(unsigned long long, void*, int*)
                0x00000000c0008dc0                ReservedFilename::isAtty()
                0x00000000c0008ddc                ReservedFilename::write(unsigned long long, void*, int*)
                0x00000000c0008e3a                UnixFile::getFileDescriptor()
                0x00000000c0008e42                UnixFile::UnixFile(int)
                0x00000000c0008e42                UnixFile::UnixFile(int)
                0x00000000c0008ff2                ReservedFilename::ReservedFilename(int)
                0x00000000c0008ff2                ReservedFilename::ReservedFilename(int)
                0x00000000c0009024                UnixFile::~UnixFile()
                0x00000000c0009024                UnixFile::~UnixFile()
                0x00000000c00090bc                UnixFile::~UnixFile()
                0x00000000c00090e4                ReservedFilename::~ReservedFilename()
                0x00000000c00090e4                ReservedFilename::~ReservedFilename()
                0x00000000c0009108                ReservedFilename::~ReservedFilename()
                0x00000000c000912f                getFromFileDescriptor(int)
 .text          0x00000000c000922c     0x1166 core/virtmgr.32
                0x00000000c000922c                Virt::setPageState(unsigned long, Virt::VirtPageState)
                0x00000000c0009261                Virt::getPageState(unsigned long)
                0x00000000c0009285                Virt::allocateKernelVirtualPages(int)
                0x00000000c0009396                Virt::freeSwapfilePage(unsigned long)
                0x00000000c00093b4                Virt::swapIDToSector(unsigned long)
                0x00000000c00093c6                Virt::allocateSwapfilePage()
                0x00000000c0009444                Virt::virtualMemorySetup()
                0x00000000c000948f                Virt::setupPageSwapping(int)
                0x00000000c0009500                VAS::VAS()
                0x00000000c0009500                VAS::VAS()
                0x00000000c000953c                VAS::VAS(VAS*)
                0x00000000c000953c                VAS::VAS(VAS*)
                0x00000000c000956a                VAS::getForeignPageTableEntry(bool, unsigned long)
                0x00000000c0009596                VAS::getPageTableEntry(unsigned long)
                0x00000000c00095b5                Virt::freeKernelVirtualPages(unsigned long)
                0x00000000c00096da                VAS::freeAllocatedPages(unsigned long)
                0x00000000c00096fe                VAS::virtualToPhysical(unsigned long)
                0x00000000c0009718                VAS::reflagRange(unsigned long, int, int, int)
                0x00000000c0009758                VAS::setToWriteCombining(unsigned long, int)
                0x00000000c000978c                VAS::mapOtherVASIn(bool, VAS*)
                0x00000000c00097b6                VAS::~VAS()
                0x00000000c00097b6                VAS::~VAS()
                0x00000000c000991a                VAS::mapPage(unsigned long, unsigned long, int)
                0x00000000c0009a1e                VAS::allocatePages(int, int)
                0x00000000c0009bf6                VAS::setCPUSpecific(unsigned long)
                0x00000000c0009c14                VAS::mapRange(unsigned long, unsigned long, int, int)
                0x00000000c0009cda                VAS::mapForeignPage(bool, VAS*, unsigned long, unsigned long, int)
                0x00000000c0009dc8                VAS::VAS(bool)
                0x00000000c0009dc8                VAS::VAS(bool)
                0x00000000c000a048                VAS::evict(unsigned long)
                0x00000000c000a10a                VAS::tryLoadBackOffDisk(unsigned long)
                0x00000000c000a1f8                VAS::scanForEviction()
                0x00000000c000a2d8                mapVASFirstTime
 .text          0x00000000c000a392       0x5f coreobjs/c++.32
                0x00000000c000a392                __cxa_atexit
                0x00000000c000a395                __cxa_finalize
                0x00000000c000a396                __stack_chk_fail
                0x00000000c000a3cc                __cxa_pure_virtual
                0x00000000c000a3dd                operator new[](unsigned long)
                0x00000000c000a3e2                operator delete(void*, unsigned long)
                0x00000000c000a3e7                operator delete[](void*)
                0x00000000c000a3ec                operator delete[](void*, unsigned long)
 .text          0x00000000c000a3f1      0x21c dbg/kconsole.32
                0x00000000c000a3f1                Dbg::stringifyxWithBase(unsigned int, char*, int)
                0x00000000c000a45c                Dbg::logc(char)
                0x00000000c000a47c                Dbg::logs(char*)
                0x00000000c000a499                Dbg::logWriteInt(unsigned int)
                0x00000000c000a4b7                Dbg::logWriteIntBase(unsigned int, int)
                0x00000000c000a4d8                Dbg::kprintf(char const*, ...)
 *fill*         0x00000000c000a60d        0x1 
 .text          0x00000000c000a60e      0xc5c fs/vfs.32
                0x00000000c000a60e                File::read(unsigned long long, void*, int*)
                0x00000000c000a666                File::write(unsigned long long, void*, int*)
                0x00000000c000a6be                Directory::read(unsigned long long, void*, int*)
                0x00000000c000a716                Directory::write(unsigned long long, void*, int*)
                0x00000000c000a744                File::isAtty()
                0x00000000c000a748                Directory::isAtty()
                0x00000000c000a74c                Filesystem::getlabel(LogicalDisk*, int, char*, unsigned int*)
                0x00000000c000a752                Filesystem::setlabel(LogicalDisk*, int, char*)
                0x00000000c000a758                Filesystem::allocateSwapfile(char const*, int)
                0x00000000c000a75e                File::~File()
                0x00000000c000a75e                File::~File()
                0x00000000c000a782                File::~File()
                0x00000000c000a7ac                Directory::~Directory()
                0x00000000c000a7ac                Directory::~Directory()
                0x00000000c000a7d0                Directory::~Directory()
                0x00000000c000a7fa                Filesystem::Filesystem()
                0x00000000c000a7fa                Filesystem::Filesystem()
                0x00000000c000a81e                Filesystem::~Filesystem()
                0x00000000c000a81e                Filesystem::~Filesystem()
                0x00000000c000a82c                Filesystem::~Filesystem()
                0x00000000c000a850                Fs::getcwd(Process*, char*, int)
                0x00000000c000a87a                Fs::initVFS()
                0x00000000c000a8a4                Fs::standardiseFiles(char*, char const*, char const*)
                0x00000000c000aa4e                File::File(char const*, Process*)
                0x00000000c000aa4e                File::File(char const*, Process*)
                0x00000000c000ab0e                File::open(FileOpenMode)
                0x00000000c000ab6c                File::close()
                0x00000000c000abcc                File::seek(unsigned long long)
                0x00000000c000ac22                File::tell(unsigned long long*)
                0x00000000c000ac72                File::rewind()
                0x00000000c000ac86                File::unlink()
                0x00000000c000acd2                File::rename(char const*)
                0x00000000c000ad20                File::chfatattr(unsigned char, unsigned char)
                0x00000000c000ad7c                File::exists()
                0x00000000c000adba                File::stat(unsigned long long*, bool*)
                0x00000000c000ae1b                Fs::setcwd(Process*, char*)
                0x00000000c000af78                Directory::Directory(char const*, Process*)
                0x00000000c000af78                Directory::Directory(char const*, Process*)
                0x00000000c000b038                Directory::open()
                0x00000000c000b094                Directory::close()
                0x00000000c000b0f4                Directory::unlink()
                0x00000000c000b140                Directory::rename(char const*)
                0x00000000c000b18e                Directory::exists()
                0x00000000c000b1cc                Directory::read(dirent*)
                0x00000000c000b218                Directory::create()
                0x00000000c000b264                Filesystem::chfatattr(char const*, unsigned char, unsigned char)
 *fill*         0x00000000c000b26a        0x2 
 .text          0x00000000c000b26c       0x86 hal/bus.32
                0x00000000c000b26c                Bus::Bus(char const*)
                0x00000000c000b26c                Bus::Bus(char const*)
                0x00000000c000b2a4                Bus::~Bus()
                0x00000000c000b2a4                Bus::~Bus()
                0x00000000c000b2c8                Bus::~Bus()
 .text          0x00000000c000b2f2       0x96 hal/buzzer.32
                0x00000000c000b2f2                beepThread(void*)
                0x00000000c000b32f                Krnl::beep(int, int, bool)
 .text          0x00000000c000b388      0x46d hal/clock.32
                0x00000000c000b388                User::loadClockSettings(int)
                0x00000000c000b3da                Clock::Clock(char const*)
                0x00000000c000b3da                Clock::Clock(char const*)
                0x00000000c000b410                Clock::~Clock()
                0x00000000c000b410                Clock::~Clock()
                0x00000000c000b434                Clock::~Clock()
                0x00000000c000b45e                Clock::timeInSecondsLocal()
                0x00000000c000b4a6                Clock::setTimeInSecondsLocal(unsigned long long)
                0x00000000c000b4ff                datetimeToSeconds(datetime_t)
                0x00000000c000b62c                Clock::setTimeInDatetimeLocal(datetime_t)
                0x00000000c000b68c                secondsToDatetime(unsigned long long)
                0x00000000c000b7d0                Clock::timeInDatetimeLocal()
 *fill*         0x00000000c000b7f5        0x1 
 .text          0x00000000c000b7f6      0x464 hal/device.32
                0x00000000c000b7f6                Device::hibernate()
                0x00000000c000b7f8                Device::wake()
                0x00000000c000b7fa                Device::detect()
                0x00000000c000b7fc                Device::disableLegacy()
                0x00000000c000b7fe                Device::powerSaving(PowerSavingLevel)
                0x00000000c000b800                DriverlessDevice::close(int, int, void*)
                0x00000000c000b804                DriverlessDevice::detect()
                0x00000000c000b806                DriverlessDevice::open(int, int, void*)
                0x00000000c000b81a                Device::~Device()
                0x00000000c000b81a                Device::~Device()
                0x00000000c000b828                Device::~Device()
                0x00000000c000b850                Device::findAndLoadDriver()
                0x00000000c000b85e                Device::preOpenPCI(PCIDeviceInfo)
                0x00000000c000b884                Device::preOpenACPI(void*, char*, char*)
                0x00000000c000b8c4                Device::addIRQHandler(int, void (*)(regs*, void*), bool, void*)
                0x00000000c000b8ee                Device::getParent()
                0x00000000c000b8fa                Device::removeIRQHandler(int, void (*)(regs*, void*), bool)
                0x00000000c000b918                Device::addChild(Device*)
                0x00000000c000b95c                Device::removeAllChildren()
                0x00000000c000b9a2                Device::hibernateAll()
                0x00000000c000b9d2                Device::wakeAll()
                0x00000000c000ba02                Device::detectAll()
                0x00000000c000ba32                Device::disableLegacyAll()
                0x00000000c000ba34                Device::loadDriversForAll()
                0x00000000c000ba36                Device::closeAll()
                0x00000000c000ba6c                Device::powerSavingAll(PowerSavingLevel)
                0x00000000c000baa2                Device::setName(char const*)
                0x00000000c000bab0                Device::Device(char const*)
                0x00000000c000bab0                Device::Device(char const*)
                0x00000000c000bbac                Device::getName()
                0x00000000c000bbb6                DriverlessDevice::DriverlessDevice(char const*)
                0x00000000c000bbb6                DriverlessDevice::DriverlessDevice(char const*)
                0x00000000c000bbec                Device::addToLinkedList(LinkedList<Device>&, DeviceType)
                0x00000000c000bc30                getDevicesOfType(DeviceType)
 *fill*         0x00000000c000bc5a        0x2 
 .text          0x00000000c000bc5c       0x86 hal/diskctrl.32
                0x00000000c000bc5c                HardDiskController::HardDiskController(char const*)
                0x00000000c000bc5c                HardDiskController::HardDiskController(char const*)
                0x00000000c000bc94                HardDiskController::~HardDiskController()
                0x00000000c000bc94                HardDiskController::~HardDiskController()
                0x00000000c000bcb8                HardDiskController::~HardDiskController()
 .text          0x00000000c000bce2       0xe2 hal/diskphys.32
                0x00000000c000bce2                PhysicalDisk::eject()
                0x00000000c000bce6                PhysicalDisk::PhysicalDisk(char const*, int)
                0x00000000c000bce6                PhysicalDisk::PhysicalDisk(char const*, int)
                0x00000000c000bd4e                PhysicalDisk::startCache()
                0x00000000c000bd76                PhysicalDisk::~PhysicalDisk()
                0x00000000c000bd76                PhysicalDisk::~PhysicalDisk()
                0x00000000c000bd9a                PhysicalDisk::~PhysicalDisk()
 .text          0x00000000c000bdc4        0x0 hal/fpu.32
 .text          0x00000000c000bdc4      0x35d hal/intctrl.32
                0x00000000c000bdc4                int_handler
                0x00000000c000be4c                installISRHandler(int, void (*)(regs*, void*), void*)
                0x00000000c000be94                installIRQHandler(int, void (*)(regs*, void*), bool, void*)
                0x00000000c000bfcc                uninstallISRHandler(int, void (*)(regs*, void*))
                0x00000000c000c000                uninstallIRQHandler(int, void (*)(regs*, void*), bool)
                0x00000000c000c07f                setupINTS()
                0x00000000c000c0dc                convertLegacyIRQNumber(int)
 *fill*         0x00000000c000c121        0x1 
 .text          0x00000000c000c122      0x7cc hal/keybrd.32
                0x00000000c000c122                startGUI(void*)
                0x00000000c000c18e                startGUIVESA(void*)
                0x00000000c000c1fa                sendKeyToTerminal(unsigned char)
                0x00000000c000c2c3                sendKeyboardToken(KeyboardToken)
                0x00000000c000c703                clearInternalKeybuffer(VgaText*)
                0x00000000c000c738                readKeyboard(VgaText*, char*, unsigned long)
                0x00000000c000c864                Keyboard::Keyboard(char const*)
                0x00000000c000c864                Keyboard::Keyboard(char const*)
                0x00000000c000c8a0                Keyboard::~Keyboard()
                0x00000000c000c8a0                Keyboard::~Keyboard()
                0x00000000c000c8c4                Keyboard::~Keyboard()
 .text          0x00000000c000c8ee      0x3ea hal/logidisk.32
                0x00000000c000c8ee                LogicalDisk::close(int, int, void*)
                0x00000000c000c8f2                LogicalDisk::~LogicalDisk()
                0x00000000c000c8f2                LogicalDisk::~LogicalDisk()
                0x00000000c000c916                LogicalDisk::~LogicalDisk()
                0x00000000c000c940                LogicalDisk::open(int, int, void*)
                0x00000000c000c954                LogicalDisk::absoluteToRelative(unsigned long long)
                0x00000000c000c98c                LogicalDisk::relativeToAbsolute(unsigned long long)
                0x00000000c000c9d2                LogicalDisk::LogicalDisk(char const*, PhysicalDisk*, unsigned long long, unsigned long long)
                0x00000000c000c9d2                LogicalDisk::LogicalDisk(char const*, PhysicalDisk*, unsigned long long, unsigned long long)
                0x00000000c000ca88                LogicalDisk::assignDriveLetter()
                0x00000000c000cb3e                LogicalDisk::mount()
                0x00000000c000cb86                LogicalDisk::unmount()
                0x00000000c000cb96                LogicalDisk::eject()
                0x00000000c000cbaa                LogicalDisk::unassignDriveLetter()
                0x00000000c000cc00                LogicalDisk::read(unsigned long long, int, void*)
                0x00000000c000cc6c                LogicalDisk::write(unsigned long long, int, void*)
 .text          0x00000000c000ccd8       0x86 hal/mouse.32
                0x00000000c000ccd8                Mouse::Mouse(char const*)
                0x00000000c000ccd8                Mouse::Mouse(char const*)
                0x00000000c000cd10                Mouse::~Mouse()
                0x00000000c000cd10                Mouse::~Mouse()
                0x00000000c000cd34                Mouse::~Mouse()
 .text          0x00000000c000cd5e      0x339 hal/partition.32
                0x00000000c000cd5e                makePartition(PhysicalDisk*, unsigned long long, unsigned long long)
                0x00000000c000ce06                createPartitionsForDisk(PhysicalDisk*)
 *fill*         0x00000000c000d097        0x1 
 .text          0x00000000c000d098       0x86 hal/serial.32
                0x00000000c000d098                Serial::Serial(char const*)
                0x00000000c000d098                Serial::Serial(char const*)
                0x00000000c000d0d0                Serial::~Serial()
                0x00000000c000d0d0                Serial::~Serial()
                0x00000000c000d0f4                Serial::~Serial()
 *fill*         0x00000000c000d11e        0x2 
 .text          0x00000000c000d120      0x234 hal/timer.32
                0x00000000c000d120                Timer::Timer(char const*)
                0x00000000c000d120                Timer::Timer(char const*)
                0x00000000c000d158                Timer::~Timer()
                0x00000000c000d158                Timer::~Timer()
                0x00000000c000d17c                Timer::~Timer()
                0x00000000c000d1a6                Timer::read()
                0x00000000c000d1b1                setupTimer(int)
                0x00000000c000d1ec                timerHandler(unsigned int)
 .text          0x00000000c000d354      0x3ce hal/vcache.32
                0x00000000c000d354                VCache::VCache(PhysicalDisk*)
                0x00000000c000d354                VCache::VCache(PhysicalDisk*)
                0x00000000c000d4bc                VCache::invalidateReadBuffer()
                0x00000000c000d4cc                VCache::writeWriteBuffer()
                0x00000000c000d518                VCache::~VCache()
                0x00000000c000d518                VCache::~VCache()
                0x00000000c000d56c                VCache::~VCache()
                0x00000000c000d594                VCache::write(unsigned long long, int, void*)
                0x00000000c000d6aa                VCache::read(unsigned long long, int, void*)
 .text          0x00000000c000d722      0x4b3 hal/video.32
                0x00000000c000d722                Video::putrect(int, int, int, int, unsigned int)
                0x00000000c000d76e                Video::bitblit(int, int, int, int, int, int, int, unsigned int*)
                0x00000000c000d7de                Video::blit(unsigned int*, int, int, int, int)
                0x00000000c000d85c                Video::clearScreen(unsigned int)
                0x00000000c000d890                Video::putpixel(int, int, unsigned int)
                0x00000000c000d89e                Video::Video(char const*)
                0x00000000c000d89e                Video::Video(char const*)
                0x00000000c000d8d4                Video::~Video()
                0x00000000c000d8d4                Video::~Video()
                0x00000000c000d8f8                Video::~Video()
                0x00000000c000d922                Video::isMonochrome()
                0x00000000c000d92e                Video::getWidth()
                0x00000000c000d93a                Video::getHeight()
                0x00000000c000d946                Video::drawCursor(int, int, unsigned char*, int)
                0x00000000c000da02                Video::tgaParse(unsigned char*, int, int*, int*)
                0x00000000c000db6a                Video::putTGA(int, int, unsigned char*, int)
 *fill*         0x00000000c000dbd5        0x3 
 .text          0x00000000c000dbd8     0x1307 hw/acpi.32
                0x00000000c000dbd8                ACPI::close(int, int, void*)
                0x00000000c000dc90                findRSDP()
                0x00000000c000dd20                loadACPITables(unsigned char*)
                0x00000000c000df84                findRSDT(unsigned char*)
                0x00000000c000e0d4                findDataTable(unsigned char*, char*)
                0x00000000c000e14c                scanMADT()
                0x00000000c000e620                ACPI::ACPI()
                0x00000000c000e620                ACPI::ACPI()
                0x00000000c000e674                ACPI::getPCIIRQAssignment(unsigned char, unsigned short, unsigned char)
                0x00000000c000e75c                ACPI::registerPCIIRQAssignment(void*, unsigned short, unsigned char, unsigned char)
                0x00000000c000e824                ACPI::setScreenBrightnessLevel(void*, int)
                0x00000000c000e82c                ACPI::detectPCI()
                0x00000000c000ea34                ACPI::writeSimpleBootFlag(SimpleBootFlagTable*)
                0x00000000c000ea88                ACPI::sleep()
                0x00000000c000eaa4                ACPI::open(int, int, void*)
 *fill*         0x00000000c000eedf        0x1 
 .text          0x00000000c000eee0      0xb95 hw/cpu.32
                0x00000000c000eee0                CPU::close(int, int, void*)
                0x00000000c000eee4                CPU::AMD_K6_write_msr(unsigned int, unsigned int, unsigned int, CPU::REGS*)
                0x00000000c000ef00                CPU::AMD_K6_read_msr(unsigned int, CPU::REGS*)
                0x00000000c000ef18                CPU::AMD_K6_writeback(int, int, int)
                0x00000000c000ef8c                CPU::cpuid(int, unsigned long*, unsigned long*, unsigned long*, unsigned long*)
                0x00000000c000f010                CPU::cpuidCheckEDX(unsigned int)
                0x00000000c000f03e                CPU::cpuidCheckECX(unsigned int)
                0x00000000c000f06c                CPU::cpuidCheckExtendedEBX(unsigned int)
                0x00000000c000f09a                CPU::cpuidCheckExtendedECX(unsigned int)
                0x00000000c000f0c8                CPU::CPU()
                0x00000000c000f0c8                CPU::CPU()
                0x00000000c000f156                CPU::displayFeatures()
                0x00000000c000f158                CPU::detectFeatures()
                0x00000000c000f81c                CPU::setupSMEP()
                0x00000000c000f828                CPU::setupUMIP()
                0x00000000c000f832                CPU::setupTSC()
                0x00000000c000f83c                CPU::setupLargePages()
                0x00000000c000f846                CPU::setupPAT()
                0x00000000c000f882                CPU::setupMTRR()
                0x00000000c000f884                CPU::setupGlobalPages()
                0x00000000c000f88e                CPU::allowUsermodeDataAccess()
                0x00000000c000f8a0                CPU::prohibitUsermodeDataAccess()
                0x00000000c000f8b2                CPU::setupSMAP()
                0x00000000c000f8c0                CPU::setupFeatures()
                0x00000000c000f98c                CPU::open(int, int, void*)
 .text          0x00000000c000fa75       0xd1 krnl/bootmsg.32
                0x00000000c000fa75                KeDisplaySplashScreen()
                0x00000000c000fae3                KeSetBootMessage(char const*)
 .text          0x00000000c000fb46      0x581 krnl/env.32
                0x00000000c000fb46                EnvVarContainer::getEnv(char const*)
                0x00000000c000fb84                EnvVarContainer::setEnv(char const*, char const*)
                0x00000000c000fc46                EnvVarContainer::deleteEnv(char const*)
                0x00000000c000fc48                EnvVarContainer::loadFrom(char const*, char const*)
                0x00000000c000fe2e                EnvVarContainer::__loadSystem()
                0x00000000c000fe48                EnvVarContainer::__loadUser()
                0x00000000c000fe4a                EnvVarContainer::EnvVarContainer(Process*)
                0x00000000c000fe4a                EnvVarContainer::EnvVarContainer(Process*)
                0x00000000c000fe6c                EnvVarContainer::~EnvVarContainer()
                0x00000000c000fe6c                EnvVarContainer::~EnvVarContainer()
                0x00000000c000fe9c                Krnl::getEnv(Process*, char const*)
                0x00000000c000ff01                Krnl::setEnvSystem(char const*, char const*)
                0x00000000c000ff1b                Krnl::setEnvUser(char const*, char const*)
                0x00000000c000ff3a                Krnl::setEnvProcess(Process*, char const*, char const*)
                0x00000000c000ff4d                Krnl::deleteEnvSystem(char const*)
                0x00000000c000ff4e                Krnl::deleteEnvUser(char const*)
                0x00000000c000ff4f                Krnl::deleteEnvProcess(Process*, char const*)
                0x00000000c000ff50                Krnl::newProcessEnv(Process*)
                0x00000000c000ff72                Krnl::copyProcessEnv(Process*, Process*)
                0x00000000c000ffbe                Krnl::loadSystemEnv()
                0x00000000c000ffec                Krnl::loadUserEnv()
                0x00000000c0010012                Krnl::flushEnv()
                0x00000000c0010013                Krnl::getProcessTotalEnvCount(Process*)
                0x00000000c0010033                Krnl::getProcessEnvPair(Process*, int)
 .text          0x00000000c00100c7       0x94 krnl/inlines.32
                0x00000000c00100c7                CPU::current()
                0x00000000c00100d3                operator new(unsigned long)
                0x00000000c00100d8                operator delete(void*)
                0x00000000c00100dd                disableIRQs()
                0x00000000c00100df                enableIRQs()
                0x00000000c00100e1                lockScheduler()
                0x00000000c00100e9                unlockScheduler()
                0x00000000c00100f8                lockStuff()
                0x00000000c0010106                unlockStuff()
                0x00000000c0010140                Virt::getAKernelVAS()
                0x00000000c0010146                __not_memcpy
 .text          0x00000000c001015b        0xc krnl/panic.32
                0x00000000c001015b                KePanic(char const*)
 .text          0x00000000c0010167      0x142 krnl/powctrl.32
                0x00000000c0010167                Krnl::powerThread(void*)
                0x00000000c0010195                Krnl::changePowerSettings(Krnl::PowerSettings)
                0x00000000c00101ab                Krnl::userIOReceived()
                0x00000000c00101b6                Krnl::handlePowerButton()
                0x00000000c00101eb                Krnl::handleSleepButton()
                0x00000000c0010220                Krnl::setupPowerManager()
 *fill*         0x00000000c00102a9        0x3 
 .text          0x00000000c00102ac      0x190 krnl/resolve.32
                0x00000000c00102ac                KeResolveCompatibilitySymbol(char*)
 .text          0x00000000c001043c      0x305 krnl/signal.32
                0x00000000c001043c                KiDefaultSignalHandlerAbort(int)
                0x00000000c0010449                KiDefaultSignalHandlerTerminate(int)
                0x00000000c0010456                KiSigKill(int)
                0x00000000c0010463                KiDefaultSignalHandlerIgnore(int)
                0x00000000c0010464                KiDefaultSignalHandlerPause(int)
                0x00000000c0010471                KiDefaultSignalHandlerResume(int)
                0x00000000c001047e                KeDeinitSignals(SigHandlerBlock*)
                0x00000000c0010483                KeInitSignals()
                0x00000000c00104ce                KeRegisterSignalHandler(SigHandlerBlock*, int, void (*)(int), unsigned int, int)
                0x00000000c0010504                KeRaiseSignal(SigHandlerBlock*, int)
                0x00000000c0010580                KeCheckSignal(SigHandlerBlock*)
                0x00000000c0010706                KeCompleteSignal(SigHandlerBlock*, int)
 .text          0x00000000c0010741      0xcfe krnl/syscalls.32
                0x00000000c0010741                SysSeekDir(regs*)
                0x00000000c0010746                SysTellDir(regs*)
                0x00000000c001074b                SysVerify(regs*)
                0x00000000c0010755                SysGetArgc(regs*)
                0x00000000c0010765                SysTTYName(regs*)
                0x00000000c001076d                SysFormatDisk(regs*)
                0x00000000c00107da                SysSetDiskVolumeLabel(regs*)
                0x00000000c0010824                SysGetDiskVolumeLabel(regs*)
                0x00000000c0010879                SysShutdown(regs*)
                0x00000000c00108d7                SysRealpath(regs*)
                0x00000000c001091a                SysReadDir(regs*)
                0x00000000c001099a                SysIsATTY(regs*)
                0x00000000c00109f6                SysSeek(regs*)
                0x00000000c0010a4f                SysTell(regs*)
                0x00000000c0010abe                SysSize(regs*)
                0x00000000c0010b33                SysSizeFromFilename(regs*)
                0x00000000c0010be6                SysClose(regs*)
                0x00000000c0010c46                SysOpenDir(regs*)
                0x00000000c0010d57                SysCloseDir(regs*)
                0x00000000c0010dab                SysMakeDir(regs*)
                0x00000000c0010e1d                SysWait(regs*)
                0x00000000c0010e3a                SysNotImpl(regs*)
                0x00000000c0010e55                SysPanic(regs*)
                0x00000000c0010e70                SysRmdir(regs*)
                0x00000000c0010ed7                SysUnlink(regs*)
                0x00000000c0010f3e                SysGetArgv(regs*)
                0x00000000c0010f8b                SysUSleep(regs*)
                0x00000000c0010fb4                SysSpawn(regs*)
                0x00000000c001101d                SysGetEnv(regs*)
                0x00000000c00110cc                SysSetFatAttrib(regs*)
                0x00000000c0011143                SysPipe(regs*)
                0x00000000c0011188                SysGetUnixTime(regs*)
                0x00000000c001119c                string_ends_with(char const*, char const*)
                0x00000000c00111e6                SysOpen(regs*)
                0x00000000c00113ed                KeSystemCall(regs*, void*)
 .text          0x00000000c001143f      0x50e reg/registry.32
                0x00000000c001143f                Reg::findLineFromLoadedData(char*, char*, char*)
                0x00000000c0011597                Reg::getLineFromRegistry(char*, char*, char*, char*)
                0x00000000c00116ec                Reg::getLine(char*, char*, char*)
                0x00000000c0011723                Reg::readInt(char*, char*, int*)
                0x00000000c001180e                Reg::readString(char*, char*, char*, int)
                0x00000000c001188f                Reg::readBool(char*, char*, bool*)
                0x00000000c00118b4                Reg::readBoolWithDefault(char*, char*, bool)
                0x00000000c00118e0                Reg::readIntWithDefault(char*, char*, int)
                0x00000000c001190c                Reg::readStringWithDefault(char*, char*, char*, int, char*)
 .text          0x00000000c001194d       0x36 sys/eject.32
                0x00000000c001194d                SysEject(regs*)
 .text          0x00000000c0011983       0x18 sys/exit.32
                0x00000000c0011983                SysExit(regs*)
 .text          0x00000000c001199b       0x1f sys/getcwd.32
                0x00000000c001199b                SysGetCwd(regs*)
 .text          0x00000000c00119ba        0xc sys/getpid.32
                0x00000000c00119ba                SysGetPID(regs*)
 .text          0x00000000c00119c6       0x1a sys/getramdata.32
                0x00000000c00119c6                SysGetRAMData(regs*)
 .text          0x00000000c00119e0       0x82 sys/getvgaptr.32
                0x00000000c00119e0                SysGetVGAPtr(regs*)
 .text          0x00000000c0011a62       0xa8 sys/loaddll.32
                0x00000000c0011a62                SysLoadDLL(regs*)
 .text          0x00000000c0011b0a       0x68 sys/read.32
                0x00000000c0011b0a                SysRead(regs*)
 .text          0x00000000c0011b72       0x29 sys/registersignal.32
                0x00000000c0011b72                SysRegisterSignal(regs*)
 .text          0x00000000c0011b9b       0x67 sys/sbrk.32
                0x00000000c0011b9b                SysSbrk(regs*)
 .text          0x00000000c0011c02       0x1c sys/setcwd.32
                0x00000000c0011c02                SysSetCwd(regs*)
 .text          0x00000000c0011c1e       0x95 sys/settime.32
                0x00000000c0011c1e                SysSetTime(regs*)
 .text          0x00000000c0011cb3       0x4a sys/timezone.32
                0x00000000c0011cb3                SysTimezone(regs*)
 .text          0x00000000c0011cfd       0x68 sys/write.32
                0x00000000c0011cfd                SysWrite(regs*)
 .text          0x00000000c0011d65       0x62 sys/wsbe.32
                0x00000000c0011d65                SysWsbe(regs*)
 .text          0x00000000c0011dc7       0x25 sys/yield.32
                0x00000000c0011dc7                SysYield(regs*)
 .text          0x00000000c0011dec     0x11e5 thr/elf.32
                0x00000000c0011dec                Thr::allocateMemoryForTask(Process*, File*, unsigned long, unsigned long, unsigned long)
                0x00000000c0012078                Thr::loadProgramIntoMemory(Process*, char const*)
                0x00000000c001228e                Thr::runtimeReferenceHelper()
                0x00000000c00122a1                Thr::getAddressOfKernelSymbol(char const*)
                0x00000000c00122f0                Thr::loadKernelSymbolTable(char const*)
                0x00000000c00125ae                Thr::loadDriverIntoMemory(char const*, unsigned long, bool)
                0x00000000c0012ce4                Thr::getDriverBaseFromAddress(unsigned long)
                0x00000000c0012d16                Thr::getDriverNameFromAddress(unsigned long)
                0x00000000c0012d4d                Thr::getDriverOffsetFromAddress(unsigned long)
                0x00000000c0012d67                Thr::loadDLL(char const*, bool)
                0x00000000c0012f98                Thr::executeDLL(unsigned long, void*)
 *fill*         0x00000000c0012fd1        0x3 
 .text          0x00000000c0012fd4     0x12fd thr/prcssthr.32
                0x00000000c0012fd4                userModeEntryPoint(void*)
                0x00000000c0012ffc                changeTSS
                0x00000000c001302c                switchToThread(ThreadControlBlock*)
                0x00000000c00130e0                Process::addArgs(char**)
                0x00000000c0013140                Process::Process(char const*, Process*, char**)
                0x00000000c0013140                Process::Process(char const*, Process*, char**)
                0x00000000c001334c                Process::Process(bool, char const*, Process*, char**)
                0x00000000c001334c                Process::Process(bool, char const*, Process*, char**)
                0x00000000c0013524                taskStartupFunction
                0x00000000c0013530                Semaphore::Semaphore(int)
                0x00000000c0013530                Semaphore::Semaphore(int)
                0x00000000c0013560                Mutex::Mutex()
                0x00000000c0013560                Mutex::Mutex()
                0x00000000c0013574                Process::createThread(void (*)(void*), void*, int)
                0x00000000c001366c                Process::createUserThread()
                0x00000000c001368c                setupMultitasking(void (*)())
                0x00000000c0013794                schedule()
                0x00000000c0013824                Semaphore::tryAcquire()
                0x00000000c00138f0                Semaphore::assertLocked(char const*)
                0x00000000c0013968                blockTaskWithSchedulerLockAlreadyHeld(TaskState)
                0x00000000c0013990                blockTask(TaskState)
                0x00000000c00139c0                waitTask(int, int*, int)
                0x00000000c0013a04                milliTenthSleepUntil(unsigned int)
                0x00000000c0013a94                milliTenthSleep(unsigned int)
                0x00000000c0013aa4                sleep(unsigned int)
                0x00000000c0013ac0                Semaphore::acquire()
                0x00000000c0013b7c                taskReturned
                0x00000000c0013bb8                Thr::processFromPID(int)
                0x00000000c0013c58                unblockTask(ThreadControlBlock*)
                0x00000000c0013cfc                cleanupTerminatedTask(ThreadControlBlock*)
                0x00000000c0013fc8                cleanerTaskFunction(void*)
                0x00000000c00140b8                terminateTask(int)
                0x00000000c0014184                Thr::terminateFromIRQ(int)
                0x00000000c0014194                Semaphore::release()
 .text          0x00000000c00142d1      0xb93 vm86/vm8086.32
                0x00000000c00142d1                Vm::inbv(unsigned short)
                0x00000000c00142e4                Vm::outbv(unsigned short, unsigned char)
                0x00000000c001431a                Vm::realToLinear(unsigned short, unsigned short)
                0x00000000c001432a                Vm::getSegment(unsigned int)
                0x00000000c0014332                Vm::getOffset(unsigned int)
                0x00000000c0014337                Vm::mainloop2()
                0x00000000c0014371                Vm::mainVm8086Loop(void*)
                0x00000000c0014381                Vm::mainloop3(unsigned long)
                0x00000000c00143a7                Vm::initialise8086()
                0x00000000c00143ea                Vm::finish8086()
                0x00000000c001444b                Vm::getOutput8086(unsigned char*)
                0x00000000c0014470                Vm::start8086FromBuffer(unsigned char*, int, unsigned short, unsigned short, unsigned short, unsigned short)
                0x00000000c0014529                Vm::start8086(char const*, unsigned short, unsigned short, unsigned short, unsigned short)
                0x00000000c0014691                Vm::doISR(regs*, int, unsigned char*, unsigned short, unsigned short)
                0x00000000c001471b                Vm::readByteFromReal(unsigned short, unsigned short)
                0x00000000c001472c                Vm::readWordFromReal(unsigned short, unsigned short)
                0x00000000c001473e                Vm::readDwordFromReal(unsigned short, unsigned short)
                0x00000000c001474f                Vm::writeByteFromReal(unsigned short, unsigned short, unsigned char)
                0x00000000c0014764                Vm::writeWordFromReal(unsigned short, unsigned short, unsigned short)
                0x00000000c001477a                Vm::writeDwordFromReal(unsigned short, unsigned short, unsigned int)
                0x00000000c001478f                Vm::faultHandler(regs*)
 .text          0x00000000c0014e64      0xa53 arch/i386/hal.32
                0x00000000c0014e64                noCopro(unsigned long)
                0x00000000c0014e65                nmiHandler(regs*, void*)
                0x00000000c0014e7e                doubleFault(regs*, void*)
                0x00000000c0014e97                displayDebugInfo(regs*)
                0x00000000c00151b8                HalSystemIdle()
                0x00000000c001522e                displayProgramFault(char const*)
                0x00000000c001527a                gpFault(regs*, void*)
                0x00000000c00152df                pgFault(regs*, void*)
                0x00000000c0015365                otherISRHandler(regs*, void*)
                0x00000000c0015399                opcodeFault(regs*, void*)
                0x00000000c0015419                i386SaveCoprocessor(void*)
                0x00000000c001542d                i386LoadCoprocessor(void*)
                0x00000000c0015441                x87EmulHandler(regs*, void*)
                0x00000000c00154de                HalInitialiseCoprocessor()
                0x00000000c001558c                HalPanic(char const*)
                0x00000000c0015685                HalQueryPerformanceCounter()
                0x00000000c00156a0                HalInitialise()
                0x00000000c0015846                HalMakeBeep(int)
                0x00000000c0015880                HalGetRand()
                0x00000000c0015883                HalEndOfInterrupt(int)
                0x00000000c00158b4                HalRestart()
                0x00000000c00158b5                HalShutdown()
                0x00000000c00158b6                HalSleep()
 *fill*         0x00000000c00158b7        0x1 
 .text          0x00000000c00158b8      0x2f4 arch/i386/pic.32
                0x00000000c00158b8                picIoWait()
                0x00000000c00158c0                picDisable()
                0x00000000c00158f4                picGetIRQReg(int)
                0x00000000c0015978                picOpen()
                0x00000000c0015b08                picEOI(int)
 .text          0x00000000c0015bac      0x64d arch/i386/rtc.32
                0x00000000c0015bac                RTC::open(int, int, void*)
                0x00000000c0015bb0                RTC::close(int, int, void*)
                0x00000000c0015bb4                RTC::timeInSecondsUTC()
                0x00000000c0015bc6                RTC::timeInDatetimeUTC()
                0x00000000c0015bec                RTC::setTimeInSecondsUTC(unsigned long long)
                0x00000000c0015c2a                RTC::~RTC()
                0x00000000c0015c2a                RTC::~RTC()
                0x00000000c0015c4e                RTC::~RTC()
                0x00000000c0015c78                RTC::get_update_in_progress_flag()
                0x00000000c0015c90                RTC::completeRTCRefresh()
                0x00000000c0015f48                RTC::setTimeInDatetimeUTC(datetime_t)
                0x00000000c00160fb                rtcIRQHandler(regs*, void*)
                0x00000000c0016140                RTC::RTC()
                0x00000000c0016140                RTC::RTC()
 *fill*         0x00000000c00161f9        0x3 
 .text          0x00000000c00161fc      0x203 arch/i386/vga.32
                0x00000000c00161fc                HalConsoleScroll(int, int)
                0x00000000c0016304                HalConsoleWriteCharacter(char, int, int, int, int)
                0x00000000c0016370                HalConsoleCursorUpdate(int, int)
 *fill*         0x00000000c00163ff        0x1 
 .text          0x00000000c0016400     0x13e7 fs/fat/vfslink.32
                0x00000000c0016400                FAT::getName()
                0x00000000c0016408                FAT::tell(void*, unsigned long long*)
                0x00000000c0016444                FAT::stat(void*, unsigned long long*)
                0x00000000c0016480                FAT::~FAT()
                0x00000000c0016480                FAT::~FAT()
                0x00000000c00164a4                FAT::~FAT()
                0x00000000c00164cc                FAT::getlabel(LogicalDisk*, int, char*, unsigned int*)
                0x00000000c0016570                FAT::setlabel(LogicalDisk*, int, char*)
                0x00000000c0016634                FAT::format(LogicalDisk*, int, char const*, int)
                0x00000000c0016808                FAT::tryMount(LogicalDisk*, int)
                0x00000000c0016a20                FAT::allocateSwapfile(char const*, int)
                0x00000000c0016be0                FAT::readDir(void*, unsigned long, void*, int*)
                0x00000000c0016d4c                FAT::read(void*, unsigned long, void*, int*)
                0x00000000c0016dac                FAT::write(void*, unsigned long, void*, int*)
                0x00000000c0016e0c                FAT::close(void*)
                0x00000000c0016e60                FAT::closeDir(void*)
                0x00000000c0016eb4                FAT::seek(void*, unsigned long long)
                0x00000000c0016f0c                fatWrapperReadDisk
                0x00000000c0016f50                fatWrapperWriteDisk
                0x00000000c0016f94                fatWrapperIoctl
                0x00000000c00170b0                FAT::FAT()
                0x00000000c00170b0                FAT::FAT()
                0x00000000c0017104                FAT::fixFilepath(char*)
                0x00000000c0017140                FAT::open(char const*, void**, FileOpenMode)
                0x00000000c0017278                FAT::openDir(char const*, void**)
                0x00000000c0017328                FAT::stat(char const*, unsigned long long*, bool*)
                0x00000000c0017420                FAT::unlink(char const*)
                0x00000000c00174a0                FAT::chfatattr(char const*, unsigned char, unsigned char)
                0x00000000c001762c                FAT::rename(char const*, char const*)
                0x00000000c00176f8                FAT::mkdir(char const*)
                0x00000000c0017778                FAT::exists(char const*)
 *fill*         0x00000000c00177e7        0x1 
 .text          0x00000000c00177e8       0xc6 fs/iso9660/helper.32
                0x00000000c00177e8                isoReadDiscSectorHelper
                0x00000000c0017844                iso_kprintf
                0x00000000c0017864                iso_kprintfd
 .text          0x00000000c00178ae      0x586 fs/iso9660/vfslink.32
                0x00000000c00178ae                ISO9660::format(LogicalDisk*, int, char const*, int)
                0x00000000c00178b4                ISO9660::getName()
                0x00000000c00178ba                ISO9660::closeDir(void*)
                0x00000000c00178c4                ISO9660::chfatattr(char const*, unsigned char, unsigned char)
                0x00000000c00178ca                ISO9660::unlink(char const*)
                0x00000000c00178d0                ISO9660::write(void*, unsigned long, void*, int*)
                0x00000000c00178d6                ISO9660::rename(char const*, char const*)
                0x00000000c00178dc                ISO9660::mkdir(char const*)
                0x00000000c00178e2                ISO9660::~ISO9660()
                0x00000000c00178e2                ISO9660::~ISO9660()
                0x00000000c0017906                ISO9660::~ISO9660()
                0x00000000c001792e                ISO9660::exists(char const*)
                0x00000000c0017942                ISO9660::open(char const*, void**, FileOpenMode)
                0x00000000c00179e2                ISO9660::openDir(char const*, void**)
                0x00000000c0017a72                ISO9660::read(void*, unsigned long, void*, int*)
                0x00000000c0017ab2                ISO9660::seek(void*, unsigned long long)
                0x00000000c0017aea                ISO9660::tell(void*, unsigned long long*)
                0x00000000c0017b20                ISO9660::stat(void*, unsigned long long*)
                0x00000000c0017b5a                ISO9660::stat(char const*, unsigned long long*, bool*)
                0x00000000c0017c2c                ISO9660::close(void*)
                0x00000000c0017c52                ISO9660::readDir(void*, unsigned long, void*, int*)
                0x00000000c0017d1f                readSectorFromCDROM(unsigned int, unsigned char*, char)
                0x00000000c0017d9a                ISO9660::tryMount(LogicalDisk*, int)
                0x00000000c0017e0c                ISO9660::ISO9660()
                0x00000000c0017e0c                ISO9660::ISO9660()
 .text          0x00000000c0017e34      0x26c hal/sound/sndcard.32
                0x00000000c0017e34                SoundCard::beginPlayback()
                0x00000000c0017e42                SoundCard::stopPlayback()
                0x00000000c0017e50                SoundCard::SoundCard(char const*)
                0x00000000c0017e50                SoundCard::SoundCard(char const*)
                0x00000000c0017eee                SoundCard::~SoundCard()
                0x00000000c0017eee                SoundCard::~SoundCard()
                0x00000000c0017f12                SoundCard::~SoundCard()
                0x00000000c0017f3c                SoundCard::configureRates(int, int, int)
                0x00000000c0017f6c                SoundCard::getSamples16(int, short*)
                0x00000000c0017fc8                SoundCard::getSamples32(int, int*)
                0x00000000c001804e                SoundCard::addChannel(SoundPort*)
                0x00000000c001808c                SoundCard::removeChannel(int)
 .text          0x00000000c00180a0      0x377 hal/sound/sndport.32
                0x00000000c00180a0                SoundPort::SoundPort(int, int, int, int)
                0x00000000c00180a0                SoundPort::SoundPort(int, int, int, int)
                0x00000000c001812c                SoundPort::~SoundPort()
                0x00000000c001812c                SoundPort::~SoundPort()
                0x00000000c0018160                SoundPort::unpause()
                0x00000000c001816c                SoundPort::pause()
                0x00000000c0018178                SoundPort::getBufferUsed()
                0x00000000c0018180                SoundPort::getBufferSize()
                0x00000000c0018188                SoundPort::buffer16(short*, int)
                0x00000000c0018214                SoundPort::buffer32(int*, int)
                0x00000000c001829c                SoundPort::unbufferAndAdd16(int, short*, SoundCard*)
                0x00000000c0018360                SoundPort::unbufferAndAdd32(int, int*, SoundCard*)
 .text          0x00000000c0018417        0x0 hw/bus/isa.32
 *fill*         0x00000000c0018417        0x1 
 .text          0x00000000c0018418      0xb49 hw/bus/pci.32
                0x00000000c0018418                PCI::open(int, int, void*)
                0x00000000c0018436                PCI::close(int, int, void*)
                0x00000000c001843a                PCI::PCI()
                0x00000000c001843a                PCI::PCI()
                0x00000000c00184d4                PCI::readBAR8(unsigned int, int)
                0x00000000c00184f0                PCI::readBAR16(unsigned int, int)
                0x00000000c001850e                PCI::readBAR32(unsigned int, int)
                0x00000000c001852a                PCI::writeBAR8(unsigned int, unsigned char, int)
                0x00000000c001854a                PCI::writeBAR16(unsigned int, unsigned short, int)
                0x00000000c001856c                PCI::writeBAR32(unsigned int, unsigned int, int)
                0x00000000c001858c                PCI::legacyMechanism(unsigned char, unsigned char, unsigned char, unsigned char)
                0x00000000c00185fa                PCI::pciReadWord(unsigned char, unsigned char, unsigned char, unsigned char)
                0x00000000c00186a2                PCI::getVendorID(unsigned char, unsigned char, unsigned char)
                0x00000000c00186c6                PCI::getHeaderType(unsigned char, unsigned char, unsigned char)
                0x00000000c00186ee                PCI::getClassCode(unsigned char, unsigned char, unsigned char)
                0x00000000c0018738                PCI::getProgIF(unsigned char, unsigned char, unsigned char)
                0x00000000c0018760                PCI::getRevisionID(unsigned char, unsigned char, unsigned char)
                0x00000000c0018784                PCI::getInterruptNumber(unsigned char, unsigned char, unsigned char)
                0x00000000c00187a8                PCI::getSecondaryBus(unsigned char, unsigned char, unsigned char)
                0x00000000c00187d0                PCI::getBARAddress(unsigned char, unsigned char, unsigned char, unsigned char)
                0x00000000c0018834                PCI::pciWriteWord(unsigned char, unsigned char, unsigned char, unsigned char, unsigned short)
                0x00000000c001891c                PCI::pciDetailsToFilepath(PCIDeviceInfo, char*)
                0x00000000c0018b96                PCI::checkBus(unsigned char)
                0x00000000c0018bbc                PCI::foundDevice(PCIDeviceInfo)
                0x00000000c0018d2e                PCI::getDeviceData(unsigned char, unsigned char, unsigned char)
                0x00000000c0018ea2                PCI::checkDevice(unsigned char, unsigned char)
                0x00000000c0018f0e                PCI::detect()
 *fill*         0x00000000c0018f61        0x1 
 .text          0x00000000c0018f62      0xb5a hw/diskctrl/ide.32
                0x00000000c0018f62                IDE::close(int, int, void*)
                0x00000000c0018f66                IDE::IDE()
                0x00000000c0018f66                IDE::IDE()
                0x00000000c0018f9a                IDE::prepareInterrupt(unsigned char)
                0x00000000c0018fac                selectDrive(unsigned char, unsigned char)
                0x00000000c0018fae                IDE::getBase(unsigned char)
                0x00000000c0018fc0                IDE::write(unsigned char, unsigned char, unsigned char)
                0x00000000c0019080                IDE::read(unsigned char, unsigned char)
                0x00000000c001912e                IDE::waitInterrupt(unsigned char)
                0x00000000c0019196                ideChannel0IRQHandler(regs*, void*)
                0x00000000c00191b2                ideChannel1IRQHandler(regs*, void*)
                0x00000000c00191ce                IDE::enableIRQs(unsigned char, bool)
                0x00000000c0019214                IDE::open(int, int, void*)
                0x00000000c0019622                IDE::readBuffer(unsigned char, unsigned char, unsigned int, unsigned int)
                0x00000000c00196ee                IDE::detect()
                0x00000000c00199ae                IDE::printError(unsigned char, unsigned char, unsigned char)
                0x00000000c0019a5e                IDE::polling(unsigned char, unsigned int)
 .text          0x00000000c0019abc      0x32a hw/diskctrl/satabus.32
                0x00000000c0019abc                SATABus::close(int, int, void*)
                0x00000000c0019ac0                SATABus::detect()
                0x00000000c0019ac2                SATABus::SATABus()
                0x00000000c0019ac2                SATABus::SATABus()
                0x00000000c0019b48                SATABus::findCmdslot(SATABus::tagHBA_PORT volatile*)
                0x00000000c0019b7a                SATABus::checkType(SATABus::tagHBA_PORT volatile*)
                0x00000000c0019bc2                SATABus::startCmd(SATABus::tagHBA_PORT volatile*)
                0x00000000c0019be2                SATABus::stopCmd(SATABus::tagHBA_PORT volatile*)
                0x00000000c0019c0c                SATABus::portRebase(SATABus::tagHBA_PORT volatile*, int)
                0x00000000c0019d1c                SATABus::probePort(SATABus::tagHBA_MEM volatile*)
                0x00000000c0019dc6                SATABus::open(int, int, void*)
 .text          0x00000000c0019de6      0x5f4 hw/diskphys/ata.32
                0x00000000c0019de6                ATA::close(int, int, void*)
                0x00000000c0019e0a                ATA::powerSaving(PowerSavingLevel)
                0x00000000c0019e0c                ATA::ATA()
                0x00000000c0019e0c                ATA::ATA()
                0x00000000c0019e3a                ATA::flush(bool)
                0x00000000c0019e84                ATA::readyForCommand()
                0x00000000c0019ed0                ATA::access(unsigned long long, int, void*, bool)
                0x00000000c001a24c                ATA::read(unsigned long long, int, void*)
                0x00000000c001a298                ATA::write(unsigned long long, int, void*)
                0x00000000c001a2e4                ATA::detectCHS()
                0x00000000c001a30e                ATA::open(int, int, void*)
 .text          0x00000000c001a3da      0x60e hw/diskphys/atapi.32
                0x00000000c001a3da                ATAPI::write(unsigned long long, int, void*)
                0x00000000c001a3e0                ATAPI::close(int, int, void*)
                0x00000000c001a404                ATAPI::ATAPI()
                0x00000000c001a404                ATAPI::ATAPI()
                0x00000000c001a432                ATAPI::readyForCommand()
                0x00000000c001a484                ATAPI::sendPacket(unsigned char*, int, bool, unsigned short*, int)
                0x00000000c001a744                ATAPI::diskRemoved()
                0x00000000c001a77e                ATAPI::eject()
                0x00000000c001a7c6                ATAPI::diskInserted()
                0x00000000c001a7d2                ATAPI::detectMedia()
                0x00000000c001a88e                ATAPI::open(int, int, void*)
                0x00000000c001a96e                ATAPI::read(unsigned long long, int, void*)
 .text          0x00000000c001a9e8      0x402 hw/diskphys/sata.32
                0x00000000c001a9e8                SATA::close(int, int, void*)
                0x00000000c001aa0c                SATA::powerSaving(PowerSavingLevel)
                0x00000000c001aa0e                SATA::open(int, int, void*)
                0x00000000c001aab8                SATA::SATA()
                0x00000000c001aab8                SATA::SATA()
                0x00000000c001aae6                SATA::access(unsigned long long, int, void*, bool)
                0x00000000c001ad32                SATA::read(unsigned long long, int, void*)
                0x00000000c001ad7e                SATA::write(unsigned long long, int, void*)
 .text          0x00000000c001adea      0x5af hw/diskphys/satapi.32
                0x00000000c001adea                SATAPI::write(unsigned long long, int, void*)
                0x00000000c001adf0                SATAPI::close(int, int, void*)
                0x00000000c001ae14                SATAPI::SATAPI()
                0x00000000c001ae14                SATAPI::SATAPI()
                0x00000000c001ae42                SATAPI::diskRemoved()
                0x00000000c001ae44                SATAPI::diskInserted()
                0x00000000c001ae60                SATAPI::sendPacket(unsigned char*, int, unsigned long long, unsigned short*, int)
                0x00000000c001b140                SATAPI::eject()
                0x00000000c001b17c                SATAPI::detectMedia()
                0x00000000c001b1a2                SATAPI::open(int, int, void*)
                0x00000000c001b2a2                SATAPI::read(unsigned long long, int, void*)
 *fill*         0x00000000c001b399        0x1 
 .text          0x00000000c001b39a      0x455 hw/intctrl/apic.32
                0x00000000c001b39a                IOAPIC::close(int, int, void*)
                0x00000000c001b3a0                apicGetBase()
                0x00000000c001b3e2                IOAPIC::IOAPIC()
                0x00000000c001b3e2                IOAPIC::IOAPIC()
                0x00000000c001b40a                apicOpen()
                0x00000000c001b570                IOAPIC::handlesGSIWithNumber(unsigned int)
                0x00000000c001b5a2                IOAPIC::read(int)
                0x00000000c001b5ca                IOAPIC::open(int, int, void*)
                0x00000000c001b6be                IOAPIC::write(int, int)
                0x00000000c001b6ea                IOAPIC::redirect(unsigned char, unsigned long long, unsigned char, bool, bool)
 *fill*         0x00000000c001b7ef        0x1 
 .text          0x00000000c001b7f0       0xf0 hw/timer/apictimer.32
                0x00000000c001b7f0                APICTimer::close(int, int, void*)
                0x00000000c001b7f8                apicTimerHandler(regs*, void*)
                0x00000000c001b820                APICTimer::open(int, int, void*)
                0x00000000c001b890                APICTimer::write(int)
                0x00000000c001b8b8                APICTimer::APICTimer()
                0x00000000c001b8b8                APICTimer::APICTimer()
 .text          0x00000000c001b8e0      0x1aa hw/timer/pit.32
                0x00000000c001b8e0                PIT::write(int)
                0x00000000c001b964                pitHandler(regs*, void*)
                0x00000000c001b988                PIT::open(int, int, void*)
                0x00000000c001b9d8                PIT::close(int, int, void*)
                0x00000000c001ba08                PIT::PIT()
                0x00000000c001ba08                PIT::PIT()
 *fill*         0x00000000c001ba8a        0x6 
 .text          0x00000000c001ba90       0x83 arch/i386/avx.32
                0x00000000c001ba90                avxDetect
                0x00000000c001baba                avxSave
                0x00000000c001bacb                avxLoad
                0x00000000c001badc                avxInit
                0x00000000c001bafe                avxClose
                0x00000000c001baff                wouldSheSayYes
 *fill*         0x00000000c001bb13        0xd 
 .text          0x00000000c001bb20      0x1d6 arch/i386/interrupt.32
                0x00000000c001bb20                isr0
                0x00000000c001bb30                isr1
                0x00000000c001bb3a                isr2
                0x00000000c001bb44                isr3
                0x00000000c001bb4e                isr4
                0x00000000c001bb58                isr5
                0x00000000c001bb62                isr6
                0x00000000c001bb6c                isr7
                0x00000000c001bb76                isr8
                0x00000000c001bb7e                isr9
                0x00000000c001bb88                isr10
                0x00000000c001bb90                isr11
                0x00000000c001bb98                isr12
                0x00000000c001bba0                isr13
                0x00000000c001bba8                isr14
                0x00000000c001bbb0                isr15
                0x00000000c001bbba                isr16
                0x00000000c001bbc4                isr17
                0x00000000c001bbce                isr18
                0x00000000c001bbd8                irq3
                0x00000000c001bbe2                irq4
                0x00000000c001bbec                irq5
                0x00000000c001bbf6                irq6
                0x00000000c001bc00                irq7
                0x00000000c001bc0a                irq8
                0x00000000c001bc14                irq9
                0x00000000c001bc1e                irq10
                0x00000000c001bc28                irq11
                0x00000000c001bc32                irq12
                0x00000000c001bc3c                irq13
                0x00000000c001bc46                irq14
                0x00000000c001bc50                irq15
                0x00000000c001bc5a                irq1
                0x00000000c001bc61                irq2
                0x00000000c001bc68                isr96
                0x00000000c001bc6f                irq0
                0x00000000c001bc74                int_common_stub
                0x00000000c001bc74                syscall_common_stub
                0x00000000c001bca6                irq16
                0x00000000c001bcb0                irq17
                0x00000000c001bcba                irq18
                0x00000000c001bcc4                irq19
                0x00000000c001bcce                irq20
                0x00000000c001bcd8                irq21
                0x00000000c001bce2                irq22
                0x00000000c001bcec                irq23
 *fill*         0x00000000c001bcf6        0xa 
 .text          0x00000000c001bd00       0x10 arch/i386/rdrand.32
                0x00000000c001bd00                i386GetRDRAND
 .text          0x00000000c001bd10       0x39 arch/i386/sse.32
                0x00000000c001bd10                absolutelyNoChanceInHell
                0x00000000c001bd10                sseDetect
                0x00000000c001bd28                sseSave
                0x00000000c001bd30                sseLoad
                0x00000000c001bd38                sseInit
                0x00000000c001bd48                sseClose
 *fill*         0x00000000c001bd49        0x7 
 .text          0x00000000c001bd50       0x49 arch/i386/x87.32
                0x00000000c001bd56                x87Detect
                0x00000000c001bd71                x87Save
                0x00000000c001bd78                x87Load
                0x00000000c001bd7f                x87Init
                0x00000000c001bd98                x87Close
 *fill*         0x00000000c001bd99        0x3 
 .text          0x00000000c001bd9c       0x25 /cygdrive/d/Users/Alex/Desktop/Toolchain/Output/bin/../lib/gcc/i386-banana/8.1.0/crtend.o
 .text          0x00000000c001bdc1        0x0 crtn.32
 *fill*         0x00000000c001bdc1        0x3 
 .text          0x00000000c001bdc4      0x14b /cygdrive/d/Users/Alex/Desktop/Toolchain/Output/bin/../lib/gcc/i386-banana/8.1.0/libkgcc.a(_divdi3.o)
                0x00000000c001bdc4                __divdi3
 *fill*         0x00000000c001bf0f        0x1 
 .text          0x00000000c001bf10      0x17e /cygdrive/d/Users/Alex/Desktop/Toolchain/Output/bin/../lib/gcc/i386-banana/8.1.0/libkgcc.a(_moddi3.o)
                0x00000000c001bf10                __moddi3
 *fill*         0x00000000c001c08e        0x2 
 .text          0x00000000c001c090       0xff /cygdrive/d/Users/Alex/Desktop/Toolchain/Output/bin/../lib/gcc/i386-banana/8.1.0/libkgcc.a(_udivdi3.o)
                0x00000000c001c090                __udivdi3
 *fill*         0x00000000c001c18f        0x1 
 .text          0x00000000c001c190      0x11a /cygdrive/d/Users/Alex/Desktop/Toolchain/Output/bin/../lib/gcc/i386-banana/8.1.0/libkgcc.a(_umoddi3.o)
                0x00000000c001c190                __umoddi3
 *(.gnu.linkonce.t*)

.iplt           0x00000000c001c2b0        0x0
 .iplt          0x00000000c001c2b0        0x0 D:/Users/Alex/Desktop/Banana/kernel/boot.32

.init           0x00000000c001c2aa        0xf
 .init          0x00000000c001c2aa        0x3 crti.32
                0x00000000c001c2aa                _init
 .init          0x00000000c001c2ad        0x5 /cygdrive/d/Users/Alex/Desktop/Toolchain/Output/bin/../lib/gcc/i386-banana/8.1.0/crtbegin.o
 .init          0x00000000c001c2b2        0x5 /cygdrive/d/Users/Alex/Desktop/Toolchain/Output/bin/../lib/gcc/i386-banana/8.1.0/crtend.o
 .init          0x00000000c001c2b7        0x2 crtn.32

.fini           0x00000000c001c2b9        0xa
 .fini          0x00000000c001c2b9        0x3 crti.32
                0x00000000c001c2b9                _fini
 .fini          0x00000000c001c2bc        0x5 /cygdrive/d/Users/Alex/Desktop/Toolchain/Output/bin/../lib/gcc/i386-banana/8.1.0/crtbegin.o
 .fini          0x00000000c001c2c1        0x2 crtn.32

.text._ZN8ComputerD2Ev
                0x00000000c001c2c4       0x23
 .text._ZN8ComputerD2Ev
                0x00000000c001c2c4       0x23 core/computer.32
                0x00000000c001c2c4                Computer::~Computer()
                0x00000000c001c2c4                Computer::~Computer()

.text._ZN8ComputerD0Ev
                0x00000000c001c2e8       0x2a
 .text._ZN8ComputerD0Ev
                0x00000000c001c2e8       0x2a core/computer.32
                0x00000000c001c2e8                Computer::~Computer()

.text._Z10idleCommonv
                0x00000000c001c312       0x21
 .text._Z10idleCommonv
                0x00000000c001c312       0x21 core/idle.32
                0x00000000c001c312                idleCommon()

.text._ZN10LinkedListI8UnixFileED2Ev
                0x00000000c001c334        0x2
 .text._ZN10LinkedListI8UnixFileED2Ev
                0x00000000c001c334        0x2 core/unixfile.32
                0x00000000c001c334                LinkedList<UnixFile>::~LinkedList()
                0x00000000c001c334                LinkedList<UnixFile>::~LinkedList()

.text._ZN10LinkedListI8UnixFileEC2Ev
                0x00000000c001c336       0x42
 .text._ZN10LinkedListI8UnixFileEC2Ev
                0x00000000c001c336       0x42 core/unixfile.32
                0x00000000c001c336                LinkedList<UnixFile>::LinkedList()
                0x00000000c001c336                LinkedList<UnixFile>::LinkedList()

.text._ZN10LinkedListI8UnixFileE10addElementEPS0_
                0x00000000c001c378       0xd3
 .text._ZN10LinkedListI8UnixFileE10addElementEPS0_
                0x00000000c001c378       0xd3 core/unixfile.32
                0x00000000c001c378                LinkedList<UnixFile>::addElement(UnixFile*)

.text._ZN10LinkedListI8UnixFileE15getFirstElementEv
                0x00000000c001c44c        0x7
 .text._ZN10LinkedListI8UnixFileE15getFirstElementEv
                0x00000000c001c44c        0x7 core/unixfile.32
                0x00000000c001c44c                LinkedList<UnixFile>::getFirstElement()

.text._ZN10LinkedListI8UnixFileE11removeFirstEv
                0x00000000c001c454       0xa1
 .text._ZN10LinkedListI8UnixFileE11removeFirstEv
                0x00000000c001c454       0xa1 core/unixfile.32
                0x00000000c001c454                LinkedList<UnixFile>::removeFirst()

.text._ZN10LinkedListI8UnixFileE7getNextEPS0_
                0x00000000c001c4f6        0x8
 .text._ZN10LinkedListI8UnixFileE7getNextEPS0_
                0x00000000c001c4f6        0x8 core/unixfile.32
                0x00000000c001c4f6                LinkedList<UnixFile>::getNext(UnixFile*)

.text._ZN16DriverlessDeviceD2Ev
                0x00000000c001c4fe       0x1a
 .text._ZN16DriverlessDeviceD2Ev
                0x00000000c001c4fe       0x1a hal/device.32
                0x00000000c001c4fe                DriverlessDevice::~DriverlessDevice()
                0x00000000c001c4fe                DriverlessDevice::~DriverlessDevice()

.text._ZN16DriverlessDeviceD0Ev
                0x00000000c001c518       0x2a
 .text._ZN16DriverlessDeviceD0Ev
                0x00000000c001c518       0x2a hal/device.32
                0x00000000c001c518                DriverlessDevice::~DriverlessDevice()

.text._ZN10LinkedListI6DeviceE10addElementEPS0_
                0x00000000c001c542       0xdc
 .text._ZN10LinkedListI6DeviceE10addElementEPS0_
                0x00000000c001c542       0xdc hal/device.32
                0x00000000c001c542                LinkedList<Device>::addElement(Device*)

.text._ZN10LinkedListI6DeviceEC2Ev
                0x00000000c001c61e       0x42
 .text._ZN10LinkedListI6DeviceEC2Ev
                0x00000000c001c61e       0x42 hal/device.32
                0x00000000c001c61e                LinkedList<Device>::LinkedList()
                0x00000000c001c61e                LinkedList<Device>::LinkedList()

.text._ZN10LinkedListIV18ThreadControlBlockE7isEmptyEv
                0x00000000c001c660       0x1c
 .text._ZN10LinkedListIV18ThreadControlBlockE7isEmptyEv
                0x00000000c001c660       0x1c hal/timer.32
                0x00000000c001c660                LinkedList<ThreadControlBlock volatile>::isEmpty()

.text._ZN10LinkedListIV18ThreadControlBlockE15getFirstElementEv
                0x00000000c001c67c        0x7
 .text._ZN10LinkedListIV18ThreadControlBlockE15getFirstElementEv
                0x00000000c001c67c        0x7 hal/timer.32