Archive member included to satisfy reference by file (symbol)

/cygdrive/c/Users/Alex/Toolchain/Output/bin/../lib/gcc/i386-banana/8.1.0/libkgcc.a(_divdi3.o)
                              krnl/intops.32 (__divdi3)
/cygdrive/c/Users/Alex/Toolchain/Output/bin/../lib/gcc/i386-banana/8.1.0/libkgcc.a(_moddi3.o)
                              krnl/intops.32 (__moddi3)
/cygdrive/c/Users/Alex/Toolchain/Output/bin/../lib/gcc/i386-banana/8.1.0/libkgcc.a(_udivdi3.o)
                              hal/clock.32 (__udivdi3)
/cygdrive/c/Users/Alex/Toolchain/Output/bin/../lib/gcc/i386-banana/8.1.0/libkgcc.a(_umoddi3.o)
                              hal/clock.32 (__umoddi3)

Allocating common symbols
Common symbol       size              file

dcache              0x40              fs/iso9660/iso9660.32
cdDriveLetter       0x1               fs/iso9660/iso9660.32
icache              0x40              fs/iso9660/iso9660.32

Discarded input sections

 .comment       0x0000000000000000       0x12 /cygdrive/c/Users/Alex/Toolchain/Output/bin/../lib/gcc/i386-banana/8.1.0/crtbegin.o
 .comment       0x0000000000000000       0x12 acpica/utclib.32
 .comment       0x0000000000000000       0x12 krnl/malloc.32
 .comment       0x0000000000000000       0x12 libk/ctype.32
 .comment       0x0000000000000000       0x12 libk/string.32
 .comment       0x0000000000000000       0x12 arch/i386/cc.32
 .comment       0x0000000000000000       0x12 fs/fat/diskio.32
 .comment       0x0000000000000000       0x12 fs/fat/ff.32
 .comment       0x0000000000000000       0x12 fs/fat/ffsystem.32
 .comment       0x0000000000000000       0x12 fs/fat/ffunicode.32
 .comment       0x0000000000000000       0x12 fs/iso9660/iso9660.32
 .comment       0x0000000000000000       0x12 dbg/kconsole.32
 .comment       0x0000000000000000       0x12 dbg/usban.32
 .comment       0x0000000000000000       0x12 fs/symlink.32
 .group         0x0000000000000000        0xc fs/vfs.32
 .group         0x0000000000000000        0xc fs/vfs.32
 .group         0x0000000000000000        0xc fs/vfs.32
 .comment       0x0000000000000000       0x12 fs/vfs.32
 .group         0x0000000000000000        0xc hal/bus.32
 .comment       0x0000000000000000       0x12 hal/bus.32
 .comment       0x0000000000000000       0x12 hal/buzzer.32
 .group         0x0000000000000000        0xc hal/clock.32
 .comment       0x0000000000000000       0x12 hal/clock.32
 .group         0x0000000000000000       0x14 hal/device.32
 .group         0x0000000000000000        0xc hal/device.32
 .group         0x0000000000000000        0x8 hal/device.32
 .group         0x0000000000000000        0xc hal/device.32
 .group         0x0000000000000000        0xc hal/device.32
 .comment       0x0000000000000000       0x12 hal/device.32
 .group         0x0000000000000000        0xc hal/diskctrl.32
 .comment       0x0000000000000000       0x12 hal/diskctrl.32
 .group         0x0000000000000000        0xc hal/diskphys.32
 .comment       0x0000000000000000       0x12 hal/diskphys.32
 .comment       0x0000000000000000       0x12 hal/fpu.32
 .group         0x0000000000000000        0xc hal/keybrd.32
 .comment       0x0000000000000000       0x12 hal/keybrd.32
 .group         0x0000000000000000        0xc hal/logidisk.32
 .comment       0x0000000000000000       0x12 hal/logidisk.32
 .group         0x0000000000000000        0xc hal/mouse.32
 .comment       0x0000000000000000       0x12 hal/mouse.32
 .group         0x0000000000000000        0xc hal/nic.32
 .comment       0x0000000000000000       0x12 hal/nic.32
 .comment       0x0000000000000000       0x12 hal/partition.32
 .group         0x0000000000000000        0xc hal/serial.32
 .comment       0x0000000000000000       0x12 hal/serial.32
 .group         0x0000000000000000        0x8 hal/timer.32
 .group         0x0000000000000000        0x8 hal/timer.32
 .group         0x0000000000000000        0xc hal/timer.32
 .group         0x0000000000000000        0xc hal/timer.32
 .group         0x0000000000000000        0xc hal/timer.32
 .comment       0x0000000000000000       0x12 hal/timer.32
 .group         0x0000000000000000        0xc hal/vcache.32
 .comment       0x0000000000000000       0x12 hal/vcache.32
 .group         0x0000000000000000        0xc hal/video.32
 .comment       0x0000000000000000       0x12 hal/video.32
 .group         0x0000000000000000       0x14 hw/acpi.32
 .group         0x0000000000000000        0x8 hw/acpi.32
 .group         0x0000000000000000        0x8 hw/acpi.32
 .group         0x0000000000000000        0x8 hw/acpi.32
 .group         0x0000000000000000        0xc hw/acpi.32
 .group         0x0000000000000000        0xc hw/acpi.32
 .comment       0x0000000000000000       0x12 hw/acpi.32
 .comment       0x0000000000000000       0x12 krnl/assert.32
 .comment       0x0000000000000000       0x12 krnl/atexit.32
 .comment       0x0000000000000000       0x12 krnl/bootflags.32
 .comment       0x0000000000000000       0x12 krnl/bootmsg.32
[...]
Memory Configuration

Name             Origin             Length             Attributes
*default*        0x0000000000000000 0xffffffffffffffff

Linker script and memory map

LOAD C:/Users/Alex/Desktop/Banana/kernel/boot.32
LOAD crti.32
LOAD /cygdrive/c/Users/Alex/Toolchain/Output/bin/../lib/gcc/i386-banana/8.1.0/crtbegin.o
LOAD C:/Users/Alex/Desktop/Banana/kernel/morenasm.32
LOAD acpica/utclib.32
LOAD krnl/malloc.32
LOAD libk/ctype.32
LOAD libk/string.32
LOAD arch/i386/cc.32
LOAD fs/fat/diskio.32
LOAD fs/fat/ff.32
LOAD fs/fat/ffsystem.32
LOAD fs/fat/ffunicode.32
LOAD fs/iso9660/iso9660.32
LOAD dbg/kconsole.32
LOAD dbg/usban.32
LOAD fs/symlink.32
LOAD fs/vfs.32
LOAD hal/bus.32
LOAD hal/buzzer.32
LOAD hal/clock.32
LOAD hal/device.32
LOAD hal/diskctrl.32
LOAD hal/diskphys.32
LOAD hal/fpu.32
LOAD hal/keybrd.32
LOAD hal/logidisk.32
LOAD hal/mouse.32
LOAD hal/nic.32
LOAD hal/partition.32
LOAD hal/serial.32
LOAD hal/timer.32
LOAD hal/vcache.32
LOAD hal/video.32
LOAD hw/acpi.32
LOAD krnl/assert.32
LOAD krnl/atexit.32
LOAD krnl/bootflags.32
LOAD krnl/bootmsg.32
LOAD krnl/c++.32
LOAD krnl/cdefs.32
LOAD krnl/cm.32
LOAD krnl/computer.32
LOAD krnl/crc32.32
LOAD krnl/env.32
LOAD krnl/fault.32
LOAD krnl/gdt.32
LOAD krnl/idle.32
LOAD krnl/idt.32
LOAD krnl/inlines.32
LOAD krnl/intlformat.32
LOAD krnl/intops.32
LOAD krnl/kheap.32
LOAD krnl/mailbox.32
LOAD krnl/main.32
LOAD krnl/mutex.32
LOAD krnl/panic.32
LOAD krnl/physmgr.32
LOAD krnl/pipe.32
LOAD krnl/powctrl.32
LOAD krnl/random.32
LOAD krnl/resolve.32
LOAD krnl/semaphore.32
LOAD krnl/signal.32
LOAD krnl/syscalls.32
LOAD krnl/terminal.32
LOAD krnl/tss.32
LOAD krnl/unixfile.32
LOAD krnl/virtmgr.32
LOAD sys/alarm.32
LOAD sys/eject.32
LOAD sys/exit.32
LOAD sys/getcwd.32
LOAD sys/getpid.32
LOAD sys/getramdata.32
LOAD sys/getvgaptr.32
LOAD sys/kill.32
LOAD sys/loaddll.32
LOAD sys/pause.32
LOAD sys/pthread.32
LOAD sys/read.32
LOAD sys/registersignal.32
LOAD sys/registry.32
LOAD sys/sbrk.32
LOAD sys/setcwd.32
LOAD sys/settime.32
LOAD sys/symlink.32
LOAD sys/timezone.32
LOAD sys/truncate.32
LOAD sys/write.32
LOAD sys/wsbe.32
LOAD sys/yield.32
LOAD thr/alarm.32
LOAD thr/elf.32
LOAD thr/elf2.32
LOAD thr/exec.32
LOAD thr/prcssthr.32
LOAD vm86/vm8086.32
LOAD arch/i386/apic.32
LOAD arch/i386/hal.32
LOAD arch/i386/intctrl.32
LOAD arch/i386/pic.32
LOAD arch/i386/rtc.32
LOAD arch/i386/vga.32
LOAD fs/fat/vfslink.32
LOAD fs/iso9660/helper.32
LOAD fs/iso9660/vfslink.32
LOAD hal/sound/sndcard.32
LOAD hal/sound/sndport.32
LOAD hw/bus/pci.32
LOAD hw/diskctrl/ide.32
LOAD hw/diskctrl/satabus.32
LOAD hw/diskphys/ata.32
LOAD hw/diskphys/atapi.32
LOAD hw/diskphys/sata.32
LOAD hw/diskphys/satapi.32
LOAD hw/timer/apictimer.32
LOAD hw/timer/pit.32
LOAD arch/i386/avx.32
LOAD arch/i386/interrupt.32
LOAD arch/i386/rdrand.32
LOAD arch/i386/sse.32
LOAD arch/i386/x87.32
LOAD /cygdrive/c/Users/Alex/Toolchain/Output/bin/../lib/gcc/i386-banana/8.1.0/crtend.o
LOAD crtn.32
LOAD /cygdrive/c/Users/Alex/Toolchain/Output/bin/../lib/gcc/i386-banana/8.1.0/libkgcc.a
LOAD C:/Users/Alex/Desktop/Banana/kernel/libsoftfp.a
LOAD C:/Users/Alex/Desktop/Banana/kernel/libk/libm32.a
                0x00000000c0000000                . = 0xc0000000

.text           0x00000000c0000000    0x2220e
 *(.text)
 .text          0x00000000c0000000       0x20 C:/Users/Alex/Desktop/Banana/kernel/boot.32
 .text          0x00000000c0000020        0x0 crti.32
 .text          0x00000000c0000020      0x101 /cygdrive/c/Users/Alex/Toolchain/Output/bin/../lib/gcc/i386-banana/8.1.0/crtbegin.o
 *fill*         0x00000000c0000121        0xf 
 .text          0x00000000c0000130      0x24f C:/Users/Alex/Desktop/Banana/kernel/morenasm.32
                0x00000000c0000130                manualPCIProbe
                0x00000000c000017b                prepareTramp
                0x00000000c0000194                doTPAUSE
                0x00000000c000019e                hasLegacyFPU
                0x00000000c00001c3                is486
                0x00000000c00001f9                detectCPUID
                0x00000000c000020f                goToVM86
                0x00000000c000023f                goToUsermode
                0x00000000c0000269                switchToThreadASMFirstTime
                0x00000000c0000277                switchToThreadASM
                0x00000000c00002fc                asmQuickAcquireLock
                0x00000000c000031a                asmQuickReleaseLock
                0x00000000c0000326                asmAcquireLock
                0x00000000c0000347                asmReleaseLock
                0x00000000c000035a                loadGDT
                0x00000000c000037a                memcpy
 *fill*         0x00000000c000037f        0x1 
 .text          0x00000000c0000380      0x868 acpica/utclib.32
                0x00000000c0000380                memcmp
                0x00000000c00003d0                memmove
                0x00000000c00004f0                memset
                0x00000000c0000570                strlen
                0x00000000c00005a0                strpbrk
                0x00000000c00005f0                strtok
                0x00000000c0000640                strcpy
                0x00000000c0000680                strncpy
                0x00000000c0000750                strcmp
                0x00000000c00007a0                strchr
                0x00000000c00007e0                strncmp
                0x00000000c0000840                strcat
                0x00000000c0000870                strncat
                0x00000000c00008d0                strstr
                0x00000000c0000930                toupper
                0x00000000c0000950                tolower
                0x00000000c0000970                simple_strtoul
 .text          0x00000000c0000be8     0x1140 krnl/malloc.32
                0x00000000c0000d53                dlfree
                0x00000000c000121a                dlmalloc
                0x00000000c0001757                dlrealloc
                0x00000000c0001934                dlmemalign
                0x00000000c0001a57                dlcalloc
                0x00000000c0001ae8                dlcfree
                0x00000000c0001aed                dlindependent_calloc
                0x00000000c0001b12                dlindependent_comalloc
                0x00000000c0001b29                dlvalloc
                0x00000000c0001b54                dlpvalloc
                0x00000000c0001b8a                dlmalloc_trim
                0x00000000c0001b97                dlmalloc_usable_size
                0x00000000c0001bc8                dlmallinfo
                0x00000000c0001c97                dlmalloc_stats
                0x00000000c0001ca8                dlmallopt
 .text          0x00000000c0001d28      0x1f2 libk/ctype.32
                0x00000000c0001d28                isblank
                0x00000000c0001d48                iscntrl
                0x00000000c0001d68                isdigit
                0x00000000c0001d84                islower
                0x00000000c0001da0                isspace
                0x00000000c0001dc8                isupper
                0x00000000c0001de4                isalpha
                0x00000000c0001e14                isalnum
                0x00000000c0001e44                ispunct
                0x00000000c0001e84                isgraph
                0x00000000c0001eb4                isprint
                0x00000000c0001edc                isxdigit
 .text          0x00000000c0001f1a        0x0 libk/string.32
 *fill*         0x00000000c0001f1a        0x2 
 .text          0x00000000c0001f1c       0x53 arch/i386/cc.32
                0x00000000c0001f1c                LWIP_PLATFORM_HTONS
                0x00000000c0001f40                LWIP_PLATFORM_HTONL
 .text          0x00000000c0001f6f       0x51 fs/fat/diskio.32
                0x00000000c0001f6f                disk_status
                0x00000000c0001f72                disk_initialize
                0x00000000c0001f75                disk_read
                0x00000000c0001f8b                disk_write
                0x00000000c0001fa1                disk_ioctl
 .text          0x00000000c0001fc0     0x3e46 fs/fat/ff.32
                0x00000000c0003de1                f_mount
                0x00000000c0003e43                f_open
                0x00000000c0004106                f_read
                0x00000000c0004305                f_write
                0x00000000c000454d                f_sync
                0x00000000c0004612                f_close
                0x00000000c0004641                f_lseek
                0x00000000c00047f2                f_opendir
                0x00000000c00048bd                f_closedir
                0x00000000c00048df                f_readdir
                0x00000000c0004971                f_stat
                0x00000000c00049f0                f_getfree
                0x00000000c0004af9                f_truncate
                0x00000000c0004be3                f_unlink
                0x00000000c0004d05                f_mkdir
                0x00000000c0004ea0                f_rename
                0x00000000c0005058                f_chmod
                0x00000000c0005108                f_utime
                0x00000000c00051b8                f_getlabel
                0x00000000c0005309                f_setlabel
                0x00000000c0005499                f_expand
                0x00000000c0005606                f_mkfs
 *fill*         0x00000000c0005e06        0x2 
 .text          0x00000000c0005e08       0x2f fs/fat/ffsystem.32
                0x00000000c0005e08                ff_memalloc
                0x00000000c0005e20                ff_memfree
 *fill*         0x00000000c0005e37        0x1 
 .text          0x00000000c0005e38      0x2dc fs/fat/ffunicode.32
                0x00000000c0005e38                ff_uni2oem
                0x00000000c0005ed8                ff_oem2uni
                0x00000000c0005f50                ff_wtoupper
 .text          0x00000000c0006114      0xd32 fs/iso9660/iso9660.32
                0x00000000c000635f                isoReadDiscSector
                0x00000000c00063fa                strnicmp
                0x00000000c00066a9                stricmp
                0x00000000c00066f5                iso_open
                0x00000000c000677f                iso_close
                0x00000000c000679d                iso_read
                0x00000000c00068b3                iso_seek
                0x00000000c0006937                iso_tell
                0x00000000c0006968                iso_total
                0x00000000c0006993                fn_postprocess
                0x00000000c00069ba                iso_readdir
                0x00000000c0006c11                iso_reset
                0x00000000c0006c2e                init_percd
                0x00000000c0006d28                iso_ioctl
                0x00000000c0006d40                fs_iso9660_init
                0x00000000c0006dd6                fs_iso9660_shutdown
 .text          0x00000000c0006e46      0x2ad dbg/kconsole.32
                0x00000000c0006e46                Dbg::stringifyxWithBase(unsigned int, char*, int)
                0x00000000c0006ee6                Dbg::logc(char)
                0x00000000c0006f13                Dbg::logs(char*)
                0x00000000c0006f3d                Dbg::logWriteInt(unsigned int)
                0x00000000c0006f5b                Dbg::logWriteIntBase(unsigned int, int)
                0x00000000c0006f7c                Dbg::kprintf(char const*, ...)
 *fill*         0x00000000c00070f3        0x1 
 .text          0x00000000c00070f4      0x2d4 dbg/usban.32
                0x00000000c00070f4                KiUbsanPrintDetails(char const*, void*)
                0x00000000c0007160                __ubsan_handle_type_mismatch_v1
                0x00000000c000723c                __ubsan_handle_pointer_overflow
                0x00000000c0007268                __ubsan_handle_out_of_bounds
                0x00000000c0007294                __ubsan_handle_add_overflow
                0x00000000c00072c0                __ubsan_handle_load_invalid_value
                0x00000000c00072ec                __ubsan_handle_divrem_overflow
                0x00000000c0007318                __ubsan_handle_mul_overflow
                0x00000000c0007344                __ubsan_handle_sub_overflow
                0x00000000c0007370                __ubsan_handle_shift_out_of_bounds
                0x00000000c000739c                __ubsan_handle_negate_overflow
 .text          0x00000000c00073c8      0x814 fs/symlink.32
                0x00000000c0007517                KiDeinitialiseSymlinks(void*)
                0x00000000c00075aa                KeRegisterSymlink(char const*, unsigned long long)
                0x00000000c000762d                KeInitialiseSymlinks()
                0x00000000c000778f                KiIsSymlinkRegistered(char const*)
                0x00000000c00078f9                KeDereferenceSymlink(char const*, char*)
                0x00000000c0007aa0                KeCreateSymlink(char const*, char const*)
 .text          0x00000000c0007bdc      0xd88 fs/vfs.32
                0x00000000c0007bdc                File::read(unsigned long long, void*, int*)
                0x00000000c0007c34                File::write(unsigned long long, void*, int*)
                0x00000000c0007c8c                Directory::read(unsigned long long, void*, int*)
                0x00000000c0007ce4                Directory::write(unsigned long long, void*, int*)
                0x00000000c0007d12                File::isAtty()
                0x00000000c0007d16                Directory::isAtty()
                0x00000000c0007d1a                Filesystem::getlabel(LogicalDisk*, int, char*, unsigned int*)
                0x00000000c0007d20                Filesystem::setlabel(LogicalDisk*, int, char*)
                0x00000000c0007d26                Filesystem::allocateSwapfile(char const*, int)
                0x00000000c0007d2c                File::~File()
                0x00000000c0007d2c                File::~File()
                0x00000000c0007d50                File::~File()
                0x00000000c0007d7a                Directory::~Directory()
                0x00000000c0007d7a                Directory::~Directory()
                0x00000000c0007d9e                Directory::~Directory()
                0x00000000c0007dc8                Filesystem::Filesystem()
                0x00000000c0007dc8                Filesystem::Filesystem()
                0x00000000c0007dec                Filesystem::~Filesystem()
                0x00000000c0007dec                Filesystem::~Filesystem()
                0x00000000c0007dfa                Filesystem::~Filesystem()
                0x00000000c0007e1e                Fs::getcwd(Process*, char*, int)
                0x00000000c0007e48                Fs::initVFS()
                0x00000000c0007e72                Fs::standardiseFiles(char*, char const*, char const*, bool)
                0x00000000c000808c                File::File(char const*, Process*, bool)
                0x00000000c000808c                File::File(char const*, Process*, bool)
                0x00000000c000818a                File::File(char const*, Process*)
                0x00000000c000818a                File::File(char const*, Process*)
                0x00000000c00081a8                File::open(FileOpenMode)
                0x00000000c0008206                File::close()
                0x00000000c0008266                File::seek(unsigned long long)
                0x00000000c00082bc                File::truncate(unsigned long long)
                0x00000000c0008312                File::tell(unsigned long long*)
                0x00000000c0008362                File::rewind()
                0x00000000c0008376                File::unlink()
                0x00000000c00083c2                File::rename(char const*)
                0x00000000c0008410                File::chfatattr(unsigned char, unsigned char)
                0x00000000c000846c                File::exists()
                0x00000000c00084aa                File::stat(unsigned long long*, bool*)
                0x00000000c000850b                Fs::setcwd(Process*, char*)
                0x00000000c000866a                Directory::Directory(char const*, Process*)
                0x00000000c000866a                Directory::Directory(char const*, Process*)
                0x00000000c0008732                Directory::open()
                0x00000000c000878e                Directory::close()
                0x00000000c00087ee                Directory::unlink()
                0x00000000c000883a                Directory::rename(char const*)
                0x00000000c0008888                Directory::exists()
                0x00000000c00088c6                Directory::read(dirent*)
                0x00000000c0008912                Directory::create()
                0x00000000c000895e                Filesystem::chfatattr(char const*, unsigned char, unsigned char)
 .text          0x00000000c0008964       0x86 hal/bus.32
                0x00000000c0008964                Bus::Bus(char const*)
                0x00000000c0008964                Bus::Bus(char const*)
                0x00000000c000899c                Bus::~Bus()
                0x00000000c000899c                Bus::~Bus()
                0x00000000c00089c0                Bus::~Bus()
 .text          0x00000000c00089ea       0x9b hal/buzzer.32
                0x00000000c00089ea                KeBeepThread(void*)
                0x00000000c0008a2b                KeBeep(int, int, bool)
 *fill*         0x00000000c0008a85        0x1 
 .text          0x00000000c0008a86      0xeac hal/clock.32
                0x00000000c0008a86                KeLoadTimezoneStrings()
                0x00000000c0008e15                KeGetTimezoneStringFromID(int)
                0x00000000c0008eb2                KeUpdateTimezone(char const*)
                0x00000000c0008fac                KeSetTimezone(char const*)
                0x00000000c0009009                KeSetTimezone(int)
                0x00000000c000903c                KeLoadTimezone()
                0x00000000c00090b6                Clock::Clock(char const*)
                0x00000000c00090b6                Clock::Clock(char const*)
                0x00000000c00090ec                Clock::~Clock()
                0x00000000c00090ec                Clock::~Clock()
                0x00000000c0009110                Clock::~Clock()
                0x00000000c000913a                Clock::timeInSecondsLocal()
                0x00000000c00091b0                Clock::setTimeInSecondsLocal(unsigned long long)
                0x00000000c000923c                KeDatetimeToSeconds(datetime_t)
                0x00000000c000957c                Clock::setTimeInDatetimeLocal(datetime_t)
                0x00000000c000964a                KeSecondsToDatetime(unsigned long long)
                0x00000000c0009906                Clock::timeInDatetimeLocal()
 .text          0x00000000c0009932      0x47a hal/device.32
                0x00000000c0009932                Device::hibernate()
                0x00000000c0009934                Device::wake()
                0x00000000c0009936                Device::detect()
                0x00000000c0009938                Device::disableLegacy()
                0x00000000c000993a                Device::powerSaving(PowerSavingLevel)
                0x00000000c000993c                DriverlessDevice::close(int, int, void*)
                0x00000000c0009940                DriverlessDevice::detect()
                0x00000000c0009942                DriverlessDevice::open(int, int, void*)
                0x00000000c0009956                Device::~Device()
                0x00000000c0009956                Device::~Device()
                0x00000000c0009964                Device::~Device()
                0x00000000c000998c                Device::findAndLoadDriver()
                0x00000000c000999a                Device::preOpenPCI(PCIDeviceInfo)
                0x00000000c00099c0                Device::preOpenACPI(void*, char*, char*)
                0x00000000c0009a00                Device::addIRQHandler(int, void (*)(regs*, void*), bool, void*)
                0x00000000c0009a2a                Device::getParent()
                0x00000000c0009a36                Device::removeIRQHandler(int, void (*)(regs*, void*), bool)
                0x00000000c0009a54                Device::addChild(Device*)
                0x00000000c0009a98                Device::removeAllChildren()
                0x00000000c0009ade                Device::hibernateAll()
                0x00000000c0009b0e                Device::wakeAll()
                0x00000000c0009b3e                Device::detectAll()
                0x00000000c0009b6e                Device::disableLegacyAll()
                0x00000000c0009b70                Device::loadDriversForAll()
                0x00000000c0009b72                Device::powerSavingAll(PowerSavingLevel)
                0x00000000c0009ba8                Device::setName(char const*)
                0x00000000c0009bb6                Device::Device(char const*)
                0x00000000c0009bb6                Device::Device(char const*)
                0x00000000c0009cb2                Device::getName()
                0x00000000c0009cbc                Device::closeAll()
                0x00000000c0009d08                DriverlessDevice::DriverlessDevice(char const*)
                0x00000000c0009d08                DriverlessDevice::DriverlessDevice(char const*)
                0x00000000c0009d3e                Device::addToLinkedList(LinkedList<Device>&, DeviceType)
                0x00000000c0009d82                getDevicesOfType(DeviceType)
 .text          0x00000000c0009dac       0x86 hal/diskctrl.32
                0x00000000c0009dac                HardDiskController::HardDiskController(char const*)
                0x00000000c0009dac                HardDiskController::HardDiskController(char const*)
                0x00000000c0009de4                HardDiskController::~HardDiskController()
                0x00000000c0009de4                HardDiskController::~HardDiskController()
                0x00000000c0009e08                HardDiskController::~HardDiskController()
 .text          0x00000000c0009e32       0xe2 hal/diskphys.32
                0x00000000c0009e32                PhysicalDisk::eject()
                0x00000000c0009e36                PhysicalDisk::PhysicalDisk(char const*, int)
                0x00000000c0009e36                PhysicalDisk::PhysicalDisk(char const*, int)
                0x00000000c0009e9e                PhysicalDisk::startCache()
                0x00000000c0009ec6                PhysicalDisk::~PhysicalDisk()
                0x00000000c0009ec6                PhysicalDisk::~PhysicalDisk()
                0x00000000c0009eea                PhysicalDisk::~PhysicalDisk()
 .text          0x00000000c0009f14        0x0 hal/fpu.32
 .text          0x00000000c0009f14      0x83e hal/keybrd.32
                0x00000000c0009f14                startGUI(void*)
                0x00000000c0009f5e                startGUIVESA(void*)
                0x00000000c0009fa8                sendKeyToTerminal(unsigned char)
                0x00000000c000a07e                sendKeyboardToken(KeyboardToken)
                0x00000000c000a53a                clearInternalKeybuffer(VgaText*)
                0x00000000c000a56f                readKeyboard(VgaText*, char*, unsigned long)
                0x00000000c000a6c8                Keyboard::Keyboard(char const*)
                0x00000000c000a6c8                Keyboard::Keyboard(char const*)
                0x00000000c000a704                Keyboard::~Keyboard()
                0x00000000c000a704                Keyboard::~Keyboard()
                0x00000000c000a728                Keyboard::~Keyboard()
 .text          0x00000000c000a752      0x3f8 hal/logidisk.32
                0x00000000c000a752                LogicalDisk::close(int, int, void*)
                0x00000000c000a756                LogicalDisk::~LogicalDisk()
                0x00000000c000a756                LogicalDisk::~LogicalDisk()
                0x00000000c000a77a                LogicalDisk::~LogicalDisk()
                0x00000000c000a7a4                LogicalDisk::open(int, int, void*)
                0x00000000c000a7b8                LogicalDisk::absoluteToRelative(unsigned long long)
                0x00000000c000a7f0                LogicalDisk::relativeToAbsolute(unsigned long long)
                0x00000000c000a836                LogicalDisk::LogicalDisk(char const*, PhysicalDisk*, unsigned long long, unsigned long long)
                0x00000000c000a836                LogicalDisk::LogicalDisk(char const*, PhysicalDisk*, unsigned long long, unsigned long long)
                0x00000000c000a8f6                LogicalDisk::assignDriveLetter()
                0x00000000c000a9b0                LogicalDisk::mount()
                0x00000000c000a9f8                LogicalDisk::unmount()
                0x00000000c000aa08                LogicalDisk::eject()
                0x00000000c000aa1c                LogicalDisk::unassignDriveLetter()
                0x00000000c000aa72                LogicalDisk::read(unsigned long long, int, void*)
                0x00000000c000aade                LogicalDisk::write(unsigned long long, int, void*)
 *fill*         0x00000000c000ab4a        0x2 
 .text          0x00000000c000ab4c       0x86 hal/mouse.32
                0x00000000c000ab4c                Mouse::Mouse(char const*)
                0x00000000c000ab4c                Mouse::Mouse(char const*)
                0x00000000c000ab84                Mouse::~Mouse()
                0x00000000c000ab84                Mouse::~Mouse()
                0x00000000c000aba8                Mouse::~Mouse()
 .text          0x00000000c000abd2       0x90 hal/nic.32
                0x00000000c000abd2                NIC::getMAC()
                0x00000000c000abd8                NIC::write(int, unsigned char*, int*)
                0x00000000c000abde                NIC::NIC(char const*)
                0x00000000c000abde                NIC::NIC(char const*)
                0x00000000c000ac14                NIC::~NIC()
                0x00000000c000ac14                NIC::~NIC()
                0x00000000c000ac38                NIC::~NIC()
 .text          0x00000000c000ac62      0x33b hal/partition.32
                0x00000000c000ac62                makePartition(PhysicalDisk*, unsigned long long, unsigned long long)
                0x00000000c000ad0a                createPartitionsForDisk(PhysicalDisk*)
 *fill*         0x00000000c000af9d        0x3 
 .text          0x00000000c000afa0       0x86 hal/serial.32
                0x00000000c000afa0                Serial::Serial(char const*)
                0x00000000c000afa0                Serial::Serial(char const*)
                0x00000000c000afd8                Serial::~Serial()
                0x00000000c000afd8                Serial::~Serial()
                0x00000000c000affc                Serial::~Serial()
 *fill*         0x00000000c000b026        0x2 
 .text          0x00000000c000b028      0x248 hal/timer.32
                0x00000000c000b028                Timer::Timer(char const*)
                0x00000000c000b028                Timer::Timer(char const*)
                0x00000000c000b060                Timer::~Timer()
                0x00000000c000b060                Timer::~Timer()
                0x00000000c000b084                Timer::~Timer()
                0x00000000c000b0ae                Timer::read()
                0x00000000c000b0b9                setupTimer(int)
                0x00000000c000b0f4                timerHandler(unsigned int)
 .text          0x00000000c000b270      0x5fe hal/vcache.32
                0x00000000c000b270                VCache::VCache(PhysicalDisk*)
                0x00000000c000b270                VCache::VCache(PhysicalDisk*)
                0x00000000c000b3e0                VCache::invalidateReadBuffer()
                0x00000000c000b3f0                VCache::writeWriteBuffer()
                0x00000000c000b43c                VCache::~VCache()
                0x00000000c000b43c                VCache::~VCache()
                0x00000000c000b494                VCache::~VCache()
                0x00000000c000b4bc                VCache::write(unsigned long long, int, void*)
                0x00000000c000b68a                VCache::read(unsigned long long, int, void*)
 .text          0x00000000c000b86e      0x700 hal/video.32
                0x00000000c000b86e                Video::putrect(int, int, int, int, unsigned int)
                0x00000000c000b8ba                Video::bitblit(int, int, int, int, int, int, int, unsigned int*)
                0x00000000c000b92a                Video::blit(unsigned int*, int, int, int, int)
                0x00000000c000b9a8                Video::clearScreen(unsigned int)
                0x00000000c000b9ce                Video::putpixel(int, int, unsigned int)
                0x00000000c000b9dc                Video::readPixelApprox(int, int)
                0x00000000c000b9f0                Video::Video(char const*)
                0x00000000c000b9f0                Video::Video(char const*)
                0x00000000c000ba26                Video::~Video()
                0x00000000c000ba26                Video::~Video()
                0x00000000c000ba4a                Video::~Video()
                0x00000000c000ba74                Video::isMonochrome()
                0x00000000c000ba80                Video::getWidth()
                0x00000000c000ba8c                Video::getHeight()
                0x00000000c000ba98                Video::drawCursor(int, int, unsigned int*, int)
                0x00000000c000bb54                Video::tgaParse(unsigned char*, int, int*, int*)
                0x00000000c000befe                Video::putTGA(int, int, unsigned char*, int)
 *fill*         0x00000000c000bf6e        0x2 
 .text          0x00000000c000bf70     0x117f hw/acpi.32
                0x00000000c000bf70                ACPI::close(int, int, void*)
                0x00000000c000bf78                loadACPITables(unsigned char*)
                0x00000000c000c1d8                findRSDT(unsigned char*)
                0x00000000c000c324                findDataTable(unsigned char*, char*)
                0x00000000c000c398                scanMADT()
                0x00000000c000c848                ACPI::ACPI()
                0x00000000c000c848                ACPI::ACPI()
                0x00000000c000c898                ACPI::getPCIIRQAssignment(unsigned char, unsigned short, unsigned char)
                0x00000000c000c994                ACPI::registerPCIIRQAssignment(void*, unsigned short, unsigned char, unsigned char)
                0x00000000c000ca60                ACPI::setScreenBrightnessLevel(void*, int)
                0x00000000c000ca68                ACPI::detectPCI()
                0x00000000c000cc74                ACPI::writeSimpleBootFlag(SimpleBootFlagTable*)
                0x00000000c000cc8c                ACPI::open(int, int, void*)
 *fill*         0x00000000c000d0ef        0x1 
 .text          0x00000000c000d0f0       0xea krnl/assert.32
                0x00000000c000d0f0                KeAssertionFailed(char*, char const*, char const*, int)
 .text          0x00000000c000d1da       0x91 krnl/atexit.32
                0x00000000c000d1da                KeInitialiseAtexit()
                0x00000000c000d1fc                KeRegisterAtexit(void (*)(void*), void*)
                0x00000000c000d230                KeExecuteAtexit()
 *fill*         0x00000000c000d26b        0x1 
 .text          0x00000000c000d26c       0x1e krnl/bootflags.32
                0x00000000c000d26c                KeGetBootConfigurationFlag(BootConfigurationFlag)
                0x00000000c000d27c                KeInitialiseBootConfigurationFlags()
 .text          0x00000000c000d28a       0x8a krnl/bootmsg.32
                0x00000000c000d28a                KeDisplaySplashScreen()
                0x00000000c000d2b9                KeSetBootMessage(char const*)
 .text          0x00000000c000d314       0x5f krnl/c++.32
                0x00000000c000d314                __cxa_atexit
                0x00000000c000d317                __cxa_finalize
                0x00000000c000d318                __stack_chk_fail
                0x00000000c000d34e                __cxa_pure_virtual
                0x00000000c000d35f                operator new[](unsigned long)
                0x00000000c000d364                operator delete(void*, unsigned long)
                0x00000000c000d369                operator delete[](void*)
                0x00000000c000d36e                operator delete[](void*, unsigned long)
 *fill*         0x00000000c000d373        0x1 
 .text          0x00000000c000d374       0x44 krnl/cdefs.32
                0x00000000c000d374                CUnlockScheduler
                0x00000000c000d38c                CLockScheduler
                0x00000000c000d39c                CPrintf
 .text          0x00000000c000d3b8      0xc81 krnl/cm.32
                0x00000000c000d3b8                CmOpen(char const*)
                0x00000000c000d4d6                CmClose(Reghive_Tag*)
                0x00000000c000d4ec                CmReadExtent(Reghive_Tag*, int, unsigned char*)
                0x00000000c000d528                CmGetString(Reghive_Tag*, int, char*)
                0x00000000c000d59f                CmEnterDirectory(Reghive_Tag*, int)
                0x00000000c000d5de                CmGetNext(Reghive_Tag*, int)
                0x00000000c000d610                CmWriteExtent(Reghive_Tag*, int, unsigned char*)
                0x00000000c000d64c                CmFreeExtent(Reghive_Tag*, int)
                0x00000000c000d674                CmUpdateHeader(Reghive_Tag*)
                0x00000000c000d695                CmExpand(Reghive_Tag*, int)
                0x00000000c000d710                CmFindUnusedExtent(Reghive_Tag*)
                0x00000000c000d796                CmCreateExtent(Reghive_Tag*, int, int, unsigned char*)
                0x00000000c000d88a                CmSetString(Reghive_Tag*, int, char const*)
                0x00000000c000d9c6                CmGetMatch(char*, char*, bool, bool*)
                0x00000000c000da27                CmAddShift(unsigned int*, int*, unsigned char, int)
                0x00000000c000da57                CmGetShift(unsigned int*, int*, int, bool*)
                0x00000000c000da8e                CmGetInteger(Reghive_Tag*, int, unsigned long long*)
                0x00000000c000dab8                CmSetInteger(Reghive_Tag*, int, unsigned long long)
                0x00000000c000daf8                CmConvertFromInternalFilename(unsigned char const*, char*)
                0x00000000c000db9c                CmGetNameAndTypeFromExtent(Reghive_Tag*, int, char*)
                0x00000000c000dbca                CmConvertToInternalFilename(char const*, unsigned char*)
                0x00000000c000dd68                CmCreateString(Reghive_Tag*, int, char const*)
                0x00000000c000ddb5                CmFindInDirectory(Reghive_Tag*, int, char const*)
                0x00000000c000de2f                CmCreateInteger(Reghive_Tag*, int, char const*, unsigned long long, int)
                0x00000000c000de82                CmCreateDirectory(Reghive_Tag*, int, char const*)
                0x00000000c000df46                zStrtok(char*, char const*)
                0x00000000c000dfb8                CmFindObjectFromPath(Reghive_Tag*, char const*)
 *fill*         0x00000000c000e039        0x1 
 .text          0x00000000c000e03a       0xe3 krnl/computer.32
                0x00000000c000e03a                Computer::close(int, int, void*)
                0x00000000c000e040                Computer::Computer()
                0x00000000c000e040                Computer::Computer()
                0x00000000c000e084                Computer::open(int, int, void*)
 .text          0x00000000c000e11d       0x2b krnl/crc32.32
                0x00000000c000e11d                KeCalculateCRC32(unsigned char*, int)
 .text          0x00000000c000e148      0x5bf krnl/env.32
                0x00000000c000e148                EnvVarContainer::getEnv(char const*)
                0x00000000c000e186                EnvVarContainer::setEnv(char const*, char const*)
                0x00000000c000e248                EnvVarContainer::deleteEnv(char const*)
                0x00000000c000e24a                EnvVarContainer::loadFrom(char const*, char const*)
                0x00000000c000e46e                EnvVarContainer::__loadSystem()
                0x00000000c000e488                EnvVarContainer::__loadUser()
                0x00000000c000e48a                EnvVarContainer::EnvVarContainer(Process*)
                0x00000000c000e48a                EnvVarContainer::EnvVarContainer(Process*)
                0x00000000c000e4ac                EnvVarContainer::~EnvVarContainer()
                0x00000000c000e4ac                EnvVarContainer::~EnvVarContainer()
                0x00000000c000e4dc                KeGetEnv(Process*, char const*)
                0x00000000c000e541                KeSetEnvSystem(char const*, char const*)
                0x00000000c000e55b                KeSetEnvUser(char const*, char const*)
                0x00000000c000e57a                KeSetEnvProcess(Process*, char const*, char const*)
                0x00000000c000e58d                KeDeleteEnvSystem(char const*)
                0x00000000c000e58e                KeDeleteEnvUser(char const*)
                0x00000000c000e58f                KeDeleteEnvProcess(Process*, char const*)
                0x00000000c000e590                KeNewProcessEnv(Process*)
                0x00000000c000e5b2                KeCopyProcessEnv(Process*, Process*)
                0x00000000c000e5fe                KeLoadSystemEnv()
                0x00000000c000e62c                KeLoadUserEnv()
                0x00000000c000e652                KeFlushEnv()
                0x00000000c000e653                KeGetProcessTotalEnvCount(Process*)
                0x00000000c000e673                KeGetProcessEnvPair(Process*, int)
 *fill*         0x00000000c000e707        0x1 
 .text          0x00000000c000e708      0x1a8 krnl/fault.32
                0x00000000c000e708                KeDisplayProgramFault(char const*)
                0x00000000c000e758                KeGeneralProtectionFault(void*, void*)
                0x00000000c000e7ac                KePageFault(void*, void*)
                0x00000000c000e800                KeOpcodeFault(void*, void*)
                0x00000000c000e854                KeOtherFault(void*, void*)
                0x00000000c000e888                KeNonMaskableInterrupt(void*, void*)
                0x00000000c000e898                KeDoubleFault(void*, void*)
 .text          0x00000000c000e8b0      0x1db krnl/gdt.32
                0x00000000c000e8b0                GDTEntry::setBase(unsigned int)
                0x00000000c000e8cc                GDTEntry::setLimit(unsigned int)
                0x00000000c000e8ea                GDT::GDT()
                0x00000000c000e8ea                GDT::GDT()
                0x00000000c000e900                GDT::addEntry(GDTEntry)
                0x00000000c000e922                GDT::getNumberOfEntries()
                0x00000000c000e92a                GDT::flush()
                0x00000000c000e94c                GDT::setup()
 .text          0x00000000c000ea8b       0x20 krnl/idle.32
                0x00000000c000ea8b                idleFunction(void*)
 *fill*         0x00000000c000eaab        0x1 
 .text          0x00000000c000eaac      0x46c krnl/idt.32
                0x00000000c000eaac                IDTEntry::IDTEntry(bool)
                0x00000000c000eaac                IDTEntry::IDTEntry(bool)
                0x00000000c000eb26                IDTEntry::setOffset(unsigned int)
                0x00000000c000eb3c                IDT::IDT()
                0x00000000c000eb3c                IDT::IDT()
                0x00000000c000eb3e                IDT::getPointerToInvalidOpcodeEntryForF00F()
                0x00000000c000eb46                IDT::addEntry(IDTEntry, int)
                0x00000000c000eb60                IDT::addEntry(int, void (*)(), bool)
                0x00000000c000eb98                IDT::flush()
                0x00000000c000ebb2                IDT::setup()
 .text          0x00000000c000ef18       0x9a krnl/inlines.32
                0x00000000c000ef18                CPU::current()
                0x00000000c000ef24                operator new(unsigned long)
                0x00000000c000ef29                operator delete(void*)
                0x00000000c000ef2e                disableIRQs()
                0x00000000c000ef30                enableIRQs()
                0x00000000c000ef32                lockScheduler()
                0x00000000c000ef3a                unlockScheduler()
                0x00000000c000ef4c                lockStuff()
                0x00000000c000ef5a                unlockStuff()
                0x00000000c000ef97                Virt::getAKernelVAS()
                0x00000000c000ef9d                __not_memcpy
 .text          0x00000000c000efb2      0x2bc krnl/intlformat.32
                0x00000000c000efb2                KeFormatDate(char*, int, int, int, int, bool)
                0x00000000c000f1a2                KeFormatShortDate(char*, int, int, int, int)
                0x00000000c000f1c4                KeFormatLongDate(char*, int, int, int, int)
                0x00000000c000f1e6                KeSetLocale(klocale_t)
                0x00000000c000f1fc                KeInitialiseLocale()
                0x00000000c000f26a                KeFormatCurrency(char*, int, long long, long long)
                0x00000000c000f26b                KeFormatCurrency(char*, int, double)
                0x00000000c000f26c                KeFormatNumber(char*, long long, long long)
                0x00000000c000f26d                KeFormatNumber(char*, double)
 *fill*         0x00000000c000f26e        0x2 
 .text          0x00000000c000f270      0x42e krnl/intops.32
                0x00000000c000f270                KeBasedUnsignedIntegerToString(unsigned long long, char*, int)
                0x00000000c000f3f8                KeBasedSignedIntegerToString(long long, char*, int)
                0x00000000c000f5a4                KeGetDigitsInNumber(long long)
                0x00000000c000f610                KeItoa(unsigned long long, char*)
                0x00000000c000f640                KeItoa(long long, char*)
                0x00000000c000f670                KeXtoa(unsigned long long, char*)
 .text          0x00000000c000f69e      0x207 krnl/kheap.32
                0x00000000c000f69e                sbrk
                0x00000000c000f735                sbrk_thunk
                0x00000000c000f76b                mmap
                0x00000000c000f7c9                munmap
                0x00000000c000f7de                liballoc_lock()
                0x00000000c000f7ec                liballoc_unlock()
                0x00000000c000f804                liballoc_alloc(int)
                0x00000000c000f81c                liballoc_free(void*, int)
                0x00000000c000f837                realloc
                0x00000000c000f84b                malloc
                0x00000000c000f85b                free
                0x00000000c000f86b                rfree
                0x00000000c000f87b                calloc
 *fill*         0x00000000c000f8a5        0x3 
 .text          0x00000000c000f8a8      0x1d3 krnl/mailbox.32
                0x00000000c000f8a8                KeMailboxTryPost(Mailbox*, void*)
                0x00000000c000f908                KeMailboxTryGet(Mailbox*, void**)
                0x00000000c000f968                KeMailboxCreate()
                0x00000000c000f99c                KeMailboxPost(Mailbox*, void*)
                0x00000000c000fa00                KeMailboxGet(Mailbox*, void**)
                0x00000000c000fa64                KeMailboxDestroy(Mailbox*)
 .text          0x00000000c000fa7b      0x204 krnl/main.32
                0x00000000c000fa7b                KeFirstTask()
                0x00000000c000fb7f                KeEntryPoint
 *fill*         0x00000000c000fc7f        0x1 
 .text          0x00000000c000fc80       0x1a krnl/mutex.32
                0x00000000c000fc80                Mutex::Mutex()
                0x00000000c000fc80                Mutex::Mutex()
 .text          0x00000000c000fc9a       0x12 krnl/panic.32
                0x00000000c000fc9a                KeIsKernelInPanic()
                0x00000000c000fca0                KePanic(char const*)
 .text          0x00000000c000fcac      0x5bc krnl/physmgr.32
                0x00000000c000fcac                Phys::allocateDMA(unsigned long)
                0x00000000c000fd94                Phys::freeDMA(unsigned long, unsigned long)
                0x00000000c000fdcf                Phys::setPageState(unsigned long, bool)
                0x00000000c000fe0f                Phys::getPageState(unsigned long)
                0x00000000c000fe2b                Phys::freePage(unsigned long)
                0x00000000c000fe94                Phys::allocatePage()
                0x00000000c000ff7b                Phys::allocateContiguousPages(int)
                0x00000000c000fff6                Phys::allowSegmentToBeUsed(unsigned long, unsigned long)
                0x00000000c001002e                Phys::physicalMemorySetup(unsigned int)
 .text          0x00000000c0010268      0x275 krnl/pipe.32
                0x00000000c0010268                Pipe::isAtty()
                0x00000000c001026c                Pipe::~Pipe()
                0x00000000c001026c                Pipe::~Pipe()
                0x00000000c0010290                Pipe::~Pipe()
                0x00000000c00102b8                Pipe::write(unsigned long long, void*, int*)
                0x00000000c0010378                Pipe::read(unsigned long long, void*, int*)
                0x00000000c0010476                Pipe::Pipe(int)
                0x00000000c0010476                Pipe::Pipe(int)
 .text          0x00000000c00104dd      0x1a3 krnl/powctrl.32
                0x00000000c00104dd                KePowerThread(void*)
                0x00000000c001050f                KeChangePowerSettings(PowerSettings)
                0x00000000c0010525                KeUserIOReceived()
                0x00000000c0010530                KeSetupPowerManager()
                0x00000000c00105b9                KePrepareShutdown()
                0x00000000c00105d8                KeRegisterShutdownHandler(void (*)())
                0x00000000c00105e2                KeRegisterRestartHandler(void (*)())
                0x00000000c00105ec                KeRegisterSleepHandler(void (*)())
                0x00000000c00105f6                KeShutdown()
                0x00000000c001062c                KeSleep()
                0x00000000c0010638                KeHandlePowerButton()
                0x00000000c001064a                KeHandleSleepButton()
                0x00000000c001065c                KeRestart()
 .text          0x00000000c0010680       0x9d krnl/random.32
                0x00000000c0010680                KeRand()
                0x00000000c00106c2                KeSeedRand(unsigned int)
                0x00000000c00106eb                KeInitRand()
 *fill*         0x00000000c001071d        0x3 
 .text          0x00000000c0010720      0x26c krnl/resolve.32
                0x00000000c0010720                KeResolveCompatibilitySymbol(char*)
 .text          0x00000000c001098c      0x415 krnl/semaphore.32
                0x00000000c001098c                Semaphore::Semaphore(int)
                0x00000000c001098c                Semaphore::Semaphore(int)
                0x00000000c00109bc                Semaphore::tryAcquire()
                0x00000000c0010a90                Semaphore::assertLocked(char const*)
                0x00000000c0010b1c                Semaphore::acquire(int)
                0x00000000c0010cd4                Semaphore::acquire()
                0x00000000c0010cf0                Semaphore::release()
 .text          0x00000000c0010da1      0x3a8 krnl/signal.32
                0x00000000c0010da1                KiSigKill(int)
                0x00000000c0010db5                KiDefaultSignalHandlerIgnore(int)
                0x00000000c0010db6                KiDefaultSignalHandlerPause(int)
                0x00000000c0010de2                KiDefaultSignalHandlerResume(int)
                0x00000000c0010e0e                KeDeinitSignals(SigHandlerBlock*)
                0x00000000c0010e13                KeInitSignals()
                0x00000000c0010e85                KeRegisterSignalHandler(SigHandlerBlock*, int, void (*)(int), unsigned int, int)
                0x00000000c0010ebb                KeRaiseSignal(SigHandlerBlock*, int)
                0x00000000c0010f3c                KeCheckSignal(SigHandlerBlock*, int*)
                0x00000000c001106b                KiCheckSignalZ
                0x00000000c00110bc                KeCompleteSignal(SigHandlerBlock*, int)
                0x00000000c00110f7                KiFinishSignalZ
 .text          0x00000000c0011149      0xe91 krnl/syscalls.32
                0x00000000c0011149                SysSeekDir(regs*)
                0x00000000c001114e                SysTellDir(regs*)
                0x00000000c0011153                SysVerify(regs*)
                0x00000000c001115d                SysGetArgc(regs*)
                0x00000000c0011171                SysTTYName(regs*)
                0x00000000c0011179                SysFormatDisk(regs*)
                0x00000000c00111f0                SysSetDiskVolumeLabel(regs*)
                0x00000000c0011244                SysGetDiskVolumeLabel(regs*)
                0x00000000c001129d                SysRealpath(regs*)
                0x00000000c00112e1                SysReadDir(regs*)
                0x00000000c0011361                SysIsATTY(regs*)
                0x00000000c00113bb                SysSeek(regs*)
                0x00000000c0011419                SysTell(regs*)
                0x00000000c001148e                SysSize(regs*)
                0x00000000c0011508                SysSizeFromFilename(regs*)
                0x00000000c0011632                SysSizeFromFilenameNoSymlink(regs*)
                0x00000000c001175c                SysClose(regs*)
                0x00000000c00117bc                SysOpenDir(regs*)
                0x00000000c0011839                SysMakeDir(regs*)
                0x00000000c00118a7                SysCloseDir(regs*)
                0x00000000c00118fb                SysWait(regs*)
                0x00000000c001191c                SysNotImpl(regs*)
                0x00000000c0011937                SysPanic(regs*)
                0x00000000c0011952                SysRmdir(regs*)
                0x00000000c00119b7                SysUnlink(regs*)
                0x00000000c0011a1c                SysGetArgv(regs*)
                0x00000000c0011a69                SysUSleep(regs*)
                0x00000000c0011a93                SysSpawn(regs*)
                0x00000000c0011b06                SysGetEnv(regs*)
                0x00000000c0011bb7                SysSetFatAttrib(regs*)
                0x00000000c0011c2a                SysShutdown(regs*)
                0x00000000c0011c87                SysPipe(regs*)
                0x00000000c0011ccc                SysGetUnixTime(regs*)
                0x00000000c0011d59                string_ends_with(char const*, char const*)
                0x00000000c0011da1                SysOpen(regs*)
                0x00000000c0011f98                KeSystemCall(regs*, void*)
 .text          0x00000000c0011fda      0xb0b krnl/terminal.32
                0x00000000c0011fda                VgaText::isAtty()
                0x00000000c0011fde                VgaText::~VgaText()
                0x00000000c0011fde                VgaText::~VgaText()
                0x00000000c0012002                VgaText::~VgaText()
                0x00000000c001202c                VgaText::read(unsigned long long, void*, int*)
                0x00000000c001204c                setTerminalScrollLock(bool)
                0x00000000c001204d                doTerminalCycle()
                0x00000000c001204e                addToTerminalCycle(VgaText*)
                0x00000000c001204f                scrollTerminalScrollLock(int)
                0x00000000c0012050                VgaText::updateTitle()
                0x00000000c0012052                VgaText::load()
                0x00000000c0012054                VgaText::updateCursor()
                0x00000000c001206a                VgaText::doANSI_SGR(int)
                0x00000000c00120de                VgaText::setDefaultBgColour(VgaColour)
                0x00000000c00120ee                VgaText::setDefaultFgColour(VgaColour)
                0x00000000c00120fe                VgaText::setDefaultColours(VgaColour, VgaColour)
                0x00000000c001211e                VgaText::setTitleTextColour(VgaColour)
                0x00000000c001212a                VgaText::setTitleColour(VgaColour)
                0x00000000c0012136                VgaText::setTitle(char*)
                0x00000000c0012138                VgaText::combineColours(unsigned char, unsigned char)
                0x00000000c001214a                VgaText::scrollScreen()
                0x00000000c00121dc                VgaText::combineCharAndColour(char, unsigned char)
                0x00000000c00121ec                VgaText::writeCharacter(char, VgaColour, VgaColour, int, int)
                0x00000000c0012298                VgaText::getCursorX()
                0x00000000c00122a0                VgaText::getCursorY()
                0x00000000c00122a8                VgaText::setCursor(int, int)
                0x00000000c00122bf                setActiveTerminal(VgaText*)
                0x00000000c001230a                VgaText::clearScreen()
                0x00000000c0012358                VgaText::setCursorX(int)
                0x00000000c0012370                VgaText::setCursorY(int)
                0x00000000c0012388                VgaText::incrementCursor(bool)
                0x00000000c00123dc                VgaText::decrementCursor(bool)
                0x00000000c00123fe                VgaText::putchar(char, VgaColour, VgaColour)
                0x00000000c00124ce                VgaText::putchar(char)
                0x00000000c00125c6                VgaText::putx(unsigned int)
                0x00000000c001260c                VgaText::puts(char const*)
                0x00000000c0012632                VgaText::write(unsigned long long, void*, int*)
                0x00000000c001267e                VgaText::puts(char const*, VgaColour, VgaColour)
                0x00000000c00127f8                VgaText::VgaText(char const*)
                0x00000000c00127f8                VgaText::VgaText(char const*)
                0x00000000c0012958                VgaText::receiveKey(unsigned char)
                0x00000000c0012ae4                VgaText::doUpdate()
 *fill*         0x00000000c0012ae5        0x3 
 .text          0x00000000c0012ae8      0x224 krnl/tss.32
                0x00000000c0012ae8                TSS::TSS()
                0x00000000c0012ae8                TSS::TSS()
                0x00000000c0012af8                TSS::setESP(unsigned long)
                0x00000000c0012b0c                TSS::flush()
                0x00000000c0012b2c                TSS::setup(unsigned long, unsigned long)
 .text          0x00000000c0012d0c      0x4ce krnl/unixfile.32
                0x00000000c0012d0c                ReservedFilename::read(unsigned long long, void*, int*)
                0x00000000c0012d62                ReservedFilename::isAtty()
                0x00000000c0012d7e                ReservedFilename::write(unsigned long long, void*, int*)
                0x00000000c0012ddc                UnixFile::getFileDescriptor()
                0x00000000c0012de4                UnixFile::UnixFile(int)
                0x00000000c0012de4                UnixFile::UnixFile(int)
                0x00000000c0012f98                ReservedFilename::ReservedFilename(int)
                0x00000000c0012f98                ReservedFilename::ReservedFilename(int)
                0x00000000c0012fca                UnixFile::~UnixFile()
                0x00000000c0012fca                UnixFile::~UnixFile()
                0x00000000c0013066                UnixFile::~UnixFile()
                0x00000000c001308e                ReservedFilename::~ReservedFilename()
                0x00000000c001308e                ReservedFilename::~ReservedFilename()
                0x00000000c00130b2                ReservedFilename::~ReservedFilename()
                0x00000000c00130d9                KeGetFileFromDescriptor(int)
 .text          0x00000000c00131da     0x132b krnl/virtmgr.32
                0x00000000c00131da                Virt::setPageState(unsigned long, Virt::VirtPageState)
                0x00000000c0013214                Virt::getPageState(unsigned long)
                0x00000000c0013237                Virt::allocateKernelVirtualPages(int)
                0x00000000c001335c                Virt::freeSwapfilePage(unsigned long)
                0x00000000c001337f                Virt::swapIDToSector(unsigned long)
                0x00000000c0013395                Virt::allocateSwapfilePage()
                0x00000000c0013415                Virt::virtualMemorySetup()
                0x00000000c0013466                Virt::setupPageSwapping(int)
                0x00000000c00134d8                VAS::setCPUSpecific(unsigned long)
                0x00000000c00134da                VAS::VAS(VAS*)
                0x00000000c00134da                VAS::VAS(VAS*)
                0x00000000c00134f2                VAS::getForeignPageTableEntry(bool, unsigned long)
                0x00000000c0013520                VAS::getPageTableEntry(unsigned long)
                0x00000000c001353f                Virt::freeKernelVirtualPages(unsigned long)
                0x00000000c001367c                VAS::freeAllocatedPages(unsigned long)
                0x00000000c00136a0                VAS::virtualToPhysical(unsigned long)
                0x00000000c00136ba                VAS::reflagRange(unsigned long, int, unsigned long, unsigned long)
                0x00000000c00136fc                VAS::VAS()
                0x00000000c00136fc                VAS::VAS()
                0x00000000c0013766                VAS::setToWriteCombining(unsigned long, int)
                0x00000000c0013786                VAS::mapOtherVASIn(bool, VAS*)
                0x00000000c00137b2                VAS::~VAS()
                0x00000000c00137b2                VAS::~VAS()
                0x00000000c001391a                VAS::mapPage(unsigned long, unsigned long, int)
                0x00000000c0013a1e                VAS::allocatePages(int, int)
                0x00000000c0013b04                VAS::mapRange(unsigned long, unsigned long, int, int)
                0x00000000c0013b5c                VAS::mapForeignPage(bool, VAS*, unsigned long, unsigned long, int)
                0x00000000c0013c52                VAS::VAS(bool)
                0x00000000c0013c52                VAS::VAS(bool)
                0x00000000c0013e3a                VAS::evict(unsigned long)
                0x00000000c0013f3e                VAS::canLockPage(unsigned long)
                0x00000000c0013f58                VAS::unlockPage(unsigned long)
                0x00000000c0013f8c                VAS::canLockPages(unsigned long, int)
                0x00000000c0013fc8                VAS::unlockPages(unsigned long, int)
                0x00000000c0014004                VAS::tryLoadBackOffDisk(unsigned long)
                0x00000000c001417e                VAS::lockPage(unsigned long)
                0x00000000c00141f0                VAS::lockPages(unsigned long, int)
                0x00000000c001422c                VAS::allocateSharedMemoryWithKernel(unsigned long, unsigned long*)
                0x00000000c00142a0                VAS::freeSharedMemoryWithKernel(unsigned long, unsigned long)
                0x00000000c00142cc                VAS::scanForEviction()
                0x00000000c001440a                mapVASFirstTime
 .text          0x00000000c0014505       0x2f sys/alarm.32
                0x00000000c0014505                SysAlarm(regs*)
 .text          0x00000000c0014534       0x36 sys/eject.32
                0x00000000c0014534                SysEject(regs*)
 .text          0x00000000c001456a       0x18 sys/exit.32
                0x00000000c001456a                SysExit(regs*)
 .text          0x00000000c0014582       0x1f sys/getcwd.32
                0x00000000c0014582                SysGetCwd(regs*)
 .text          0x00000000c00145a1       0x26 sys/getpid.32
                0x00000000c00145a1                SysGetPID(regs*)
 .text          0x00000000c00145c7       0x21 sys/getramdata.32
                0x00000000c00145c7                SysGetRAMData(regs*)
 .text          0x00000000c00145e8       0xbe sys/getvgaptr.32
                0x00000000c00145e8                SysGetVGAPtr(regs*)
 *fill*         0x00000000c00146a6        0x2 
 .text          0x00000000c00146a8       0xb9 sys/kill.32
                0x00000000c00146a8                SysKill(regs*)
 .text          0x00000000c0014761       0x9e sys/loaddll.32
                0x00000000c0014761                SysLoadDLL(regs*)
 .text          0x00000000c00147ff       0x12 sys/pause.32
                0x00000000c00147ff                SysPause(regs*)
 .text          0x00000000c0014811       0x49 sys/pthread.32
                0x00000000c0014811                SysPthreadCreate(regs*)
                0x00000000c0014829                SysPthreadGetTID(regs*)
                0x00000000c0014833                SysInternalPthreadGetContext(regs*)
                0x00000000c0014838                SysInternalPthreadGetStartLocation(regs*)
                0x00000000c001483d                SysPthreadJoin(regs*)
                0x00000000c0014842                SysPthreadExit(regs*)
 .text          0x00000000c001485a       0x68 sys/read.32
                0x00000000c001485a                SysRead(regs*)
 .text          0x00000000c00148c2       0x29 sys/registersignal.32
                0x00000000c00148c2                SysRegisterSignal(regs*)
 .text          0x00000000c00148eb      0x1cc sys/registry.32
                0x00000000c00148eb                SysRegistryGetTypeFromPath(regs*)
                0x00000000c001492f                SysRegistryReadExtent(regs*)
                0x00000000c0014977                SysRegistryPathToExtentLookup(regs*)
                0x00000000c001498e                SysRegistryEnterDirectory(regs*)
                0x00000000c00149a5                SysRegistryGetNext(regs*)
                0x00000000c00149bc                SysRegistryGetNameAndTypeFromExtent(regs*)
                0x00000000c00149f6                SysRegistryOpen(regs*)
                0x00000000c0014a0a                SysRegistryClose(regs*)
                0x00000000c0014a21                SysRegistryEasyReadString(regs*)
                0x00000000c0014a6d                SysRegistryEasyReadInteger(regs*)
 .text          0x00000000c0014ab7       0x55 sys/sbrk.32
                0x00000000c0014ab7                SysSbrk(regs*)
 .text          0x00000000c0014b0c       0x1c sys/setcwd.32
                0x00000000c0014b0c                SysSetCwd(regs*)
 .text          0x00000000c0014b28       0xd7 sys/settime.32
                0x00000000c0014b28                SysSetTime(regs*)
 .text          0x00000000c0014bff       0x73 sys/symlink.32
                0x00000000c0014bff                SysSymlink(regs*)
 .text          0x00000000c0014c72       0x3e sys/timezone.32
                0x00000000c0014c72                SysTimezone(regs*)
 .text          0x00000000c0014cb0       0xfc sys/truncate.32
                0x00000000c0014cb0                SysTruncate(regs*)
 .text          0x00000000c0014dac       0x68 sys/write.32
                0x00000000c0014dac                SysWrite(regs*)
 .text          0x00000000c0014e14       0x9d sys/wsbe.32
                0x00000000c0014e14                SysWsbe(regs*)
 .text          0x00000000c0014eb1       0x28 sys/yield.32
                0x00000000c0014eb1                SysYield(regs*)
 *fill*         0x00000000c0014ed9        0x3 
 .text          0x00000000c0014edc      0x281 thr/alarm.32
                0x00000000c0014edc                KeAlarm(ThreadControlBlock*, unsigned long long)
                0x00000000c001506c                KeCheckAlarm(ThreadControlBlock*)
 .text          0x00000000c001515d      0x84a thr/elf.32
                0x00000000c001515d                Thr::allocateMemoryForTask(Process*, File*, unsigned long, unsigned long, unsigned long)
                0x00000000c00153ef                Thr::loadProgramIntoMemory(Process*, char const*)
                0x00000000c0015687                Thr::runtimeReferenceHelper()
                0x00000000c001569a                Thr::getAddressOfKernelSymbol(char const*)
                0x00000000c00156e9                Thr::loadKernelSymbolTable(char const*)
 .text          0x00000000c00159a7      0x558 thr/elf2.32
                0x00000000c00159a7                KeIsELFValid(Elf32_Ehdr*)
                0x00000000c00159c6                KeGetELFSectionHeader(unsigned char*, int)
                0x00000000c00159d5                KeGetELFProgramHeader(unsigned char*, int)
                0x00000000c00159e6                KeLookupELFString(unsigned char*, int)
                0x00000000c0015a09                KeLoadELFProgramHeaders(unsigned char*, bool, unsigned long)
                0x00000000c0015ac3                KeGetELFSymbolValue(unsigned char*, int, int, bool*, unsigned long, unsigned long)
                0x00000000c0015b5f                KePerformRelocation(unsigned char*, unsigned long, Elf32_Shdr*, Elf32_Rel*)
                0x00000000c0015bdf                KePerformRelocations(unsigned char*, unsigned long)
                0x00000000c0015c94                KeLoadELF(unsigned char*, bool, unsigned long)
                0x00000000c0015d09                KeLoadDriver(char const*)
                0x00000000c0015e62                KeExecuteDriver(unsigned long, void*)
                0x00000000c0015e8c                KeLoadAndExecuteDriver(char const*, void*, bool)
 .text          0x00000000c0015eff       0x5a thr/exec.32
                0x00000000c0015eff                KeProcessExec(Process*, char const*)
 *fill*         0x00000000c0015f59        0x3 
 .text          0x00000000c0015f5c     0x1299 thr/prcssthr.32
                0x00000000c0015f5c                userModeEntryPoint(void*)
                0x00000000c0015f88                changeTSS
                0x00000000c0015fb8                switchToThread(ThreadControlBlock*)
                0x00000000c0016078                Process::addArgs(char**)
                0x00000000c00160e4                Process::Process(char const*, Process*, char**)
                0x00000000c00160e4                Process::Process(char const*, Process*, char**)
                0x00000000c001631c                Process::Process(bool, char const*, Process*, char**)
                0x00000000c001631c                Process::Process(bool, char const*, Process*, char**)
                0x00000000c0016508                taskStartupFunction
                0x00000000c0016514                KeDisablePreemption()
                0x00000000c001653c                KeRestorePreemption()
                0x00000000c001655c                Process::createThread(void (*)(void*), void*, int)
                0x00000000c00166c0                Process::createUserThread()
                0x00000000c00166e0                setupMultitasking(void (*)())
                0x00000000c0016828                schedule()
                0x00000000c00168bc                blockTaskWithSchedulerLockAlreadyHeld(TaskState)
                0x00000000c00168e8                blockTask(TaskState)
                0x00000000c0016924                waitTask(int, int*, int)
                0x00000000c0016968                milliTenthSleepUntil(unsigned long long)
                0x00000000c0016a1c                milliTenthSleep(unsigned long long)
                0x00000000c0016a34                sleep(unsigned long long)
                0x00000000c0016a54                sleep(unsigned int)
                0x00000000c0016a6c                milliTenthSleep(unsigned int)
                0x00000000c0016a8c                taskReturned
                0x00000000c0016ad4                KeProcessFromPID(int)
                0x00000000c0016b84                unblockTask(ThreadControlBlock*)
                0x00000000c0016c38                cleanupTerminatedTask(ThreadControlBlock*)
                0x00000000c0016f10                cleanerTaskFunction(void*)
                0x00000000c0017028                KeTerminateCurrentThread(int)
 .text          0x00000000c00171f5     0x1a2a vm86/vm8086.32
                0x00000000c00171f5                Vm::inbv(unsigned short)
                0x00000000c001722c                Vm::outbv(unsigned short, unsigned char)
                0x00000000c0017293                Vm::realToLinear(unsigned short, unsigned short)
                0x00000000c00172b8                Vm::getSegment(unsigned int)
                0x00000000c00172c3                Vm::getOffset(unsigned int)
                0x00000000c00172cb                Vm::mainloop2()
                0x00000000c001733e                Vm::mainVm8086Loop(void*)
                0x00000000c001735e                Vm::mainloop3(unsigned long)
                0x00000000c0017396                Vm::initialise8086()
                0x00000000c00173e0                Vm::resetConventionalMemory8086()
                0x00000000c00173e8                Vm::finish8086()
                0x00000000c0017459                Vm::getOutput8086(unsigned char*)
                0x00000000c00174ba                Vm::start8086FromBuffer(unsigned char*, int, unsigned short, unsigned short, unsigned short, unsigned short)
                0x00000000c0017695                Vm::start8086(char const*, unsigned short, unsigned short, unsigned short, unsigned short)
                0x00000000c001796a                Vm::doISR(regs*, int, unsigned char*, unsigned short, unsigned short)
                0x00000000c0017b6e                Vm::readByteFromReal(unsigned short, unsigned short)
                0x00000000c0017bc1                Vm::readWordFromReal(unsigned short, unsigned short)
                0x00000000c0017c15                Vm::readDwordFromReal(unsigned short, unsigned short)
                0x00000000c0017c68                Vm::writeByteFromReal(unsigned short, unsigned short, unsigned char)
                0x00000000c0017cc7                Vm::writeWordFromReal(unsigned short, unsigned short, unsigned short)
                0x00000000c0017d26                Vm::writeDwordFromReal(unsigned short, unsigned short, unsigned int)
                0x00000000c0017d7d                Vm::faultHandler(regs*)
 *fill*         0x00000000c0018c1f        0x1 
 .text          0x00000000c0018c20      0x45f arch/i386/apic.32
                0x00000000c0018c20                IOAPIC::close(int, int, void*)
                0x00000000c0018c26                apicGetBase()
                0x00000000c0018c60                IOAPIC::IOAPIC()
                0x00000000c0018c60                IOAPIC::IOAPIC()
                0x00000000c0018c88                apicOpen()
                0x00000000c0018e14                IOAPIC::handlesGSIWithNumber(unsigned int)
                0x00000000c0018e46                IOAPIC::read(int)
                0x00000000c0018e6e                IOAPIC::open(int, int, void*)
                0x00000000c0018f54                IOAPIC::write(int, int)
                0x00000000c0018f80                IOAPIC::redirect(unsigned char, unsigned long long, unsigned char, bool, bool)
 *fill*         0x00000000c001907f        0x1 
 .text          0x00000000c0019080     0x1f53 arch/i386/hal.32
                0x00000000c0019080                noCopro(unsigned long)
                0x00000000c0019081                HalRestart()
                0x00000000c001908c                HalShutdown()
                0x00000000c001908d                HalSleep()
                0x00000000c001908e                CPU::close(int, int, void*)
                0x00000000c0019091                x86ReadCMOS(unsigned char)
                0x00000000c00190e5                x86WriteCMOS(unsigned char, unsigned char)
                0x00000000c0019145                AMD_K6_write_msr(unsigned int, unsigned int, unsigned int, REGS*)
                0x00000000c0019164                AMD_K6_read_msr(unsigned int, REGS*)
                0x00000000c0019181                AMD_K6_writeback(int, int, int)
                0x00000000c0019241                cpuid(int, unsigned long*, unsigned long*, unsigned long*, unsigned long*)
                0x00000000c00192df                cpuidCheckEDX(unsigned int)
                0x00000000c001930c                cpuidCheckECX(unsigned int)
                0x00000000c001933a                cpuidCheckExtendedEBX(unsigned int)
                0x00000000c0019368                cpuidCheckExtendedECX(unsigned int)
                0x00000000c0019396                HalDetectFeatures()
                0x00000000c001a181                HalEnableNMI()
                0x00000000c001a194                HalDisableNMI()
                0x00000000c001a1a7                HalGetNMIState()
                0x00000000c001a1ad                x86rdmsr(unsigned int)
                0x00000000c001a1eb                x86wrmsr(unsigned int, unsigned long long)
                0x00000000c001a230                HalHandleGeneralProtectionFault(void*, void*)
                0x00000000c001a25b                HalFindRSDP()
                0x00000000c001a338                HalHandlePageFault(void*, void*)
                0x00000000c001a367                HalHandleOpcodeFault(void*, void*)
                0x00000000c001a3a9                HalDisplayDebugInfo(void*)
                0x00000000c001a737                HalReceivedNMI()
                0x00000000c001a7d2                HalSystemIdle()
                0x00000000c001a831                i386SaveCoprocessor(void*)
                0x00000000c001a845                i386LoadCoprocessor(void*)
                0x00000000c001a859                x87EmulHandler(regs*, void*)
                0x00000000c001a8f6                HalInitialiseCoprocessor()
                0x00000000c001a97a                HalPanic(char const*)
                0x00000000c001aa8e                HalQueryPerformanceCounter()
                0x00000000c001aa9e                HalInitialise()
                0x00000000c001ac86                HalMakeBeep(int)
                0x00000000c001acc0                HalGetRand()
                0x00000000c001acc3                HalEndOfInterrupt(int)
                0x00000000c001acee                CPU::CPU()
                0x00000000c001acee                CPU::CPU()
                0x00000000c001ad72                CPU::setupSMEP()
                0x00000000c001ad7e                CPU::setupUMIP()
                0x00000000c001ad88                CPU::setupTSC()
                0x00000000c001ad92                CPU::setupLargePages()
                0x00000000c001ad9c                CPU::setupPAT()
                0x00000000c001adce                CPU::setupMTRR()
                0x00000000c001add0                CPU::setupGlobalPages()
                0x00000000c001adda                CPU::allowUsermodeDataAccess()
                0x00000000c001ade8                CPU::prohibitUsermodeDataAccess()
                0x00000000c001adf6                CPU::setupSMAP()
                0x00000000c001ae04                CPU::setupFeatures()
                0x00000000c001aed0                CPU::open(int, int, void*)
 .text          0x00000000c001afd3      0x341 arch/i386/intctrl.32
                0x00000000c001afd3                convertLegacyIRQNumber(int)
                0x00000000c001b00f                KeSetupInterrupts()
                0x00000000c001b06c                int_handler
                0x00000000c001b0ef                HalInstallISRHandler(int, void (*)(regs*, void*), void*)
                0x00000000c001b139                HalInstallIRQHandler(int, void (*)(regs*, void*), bool, void*)
                0x00000000c001b267                HalUninstallISRHandler(int, void (*)(regs*, void*))
                0x00000000c001b29b                HalUninstallIRQHandler(int, void (*)(regs*, void*), bool)
 .text          0x00000000c001b314      0x2dc arch/i386/pic.32
                0x00000000c001b314                picIoWait()
                0x00000000c001b31c                picDisable()
                0x00000000c001b350                picGetIRQReg(int)
                0x00000000c001b3cc                picOpen()
                0x00000000c001b550                picEOI(int)
 .text          0x00000000c001b5f0      0x5f3 arch/i386/rtc.32
                0x00000000c001b5f0                RTC::open(int, int, void*)
                0x00000000c001b5f4                RTC::close(int, int, void*)
                0x00000000c001b5f8                RTC::timeInSecondsUTC()
                0x00000000c001b60a                RTC::timeInDatetimeUTC()
                0x00000000c001b630                RTC::setTimeInSecondsUTC(unsigned long long)
                0x00000000c001b66e                RTC::~RTC()
                0x00000000c001b66e                RTC::~RTC()
                0x00000000c001b692                RTC::~RTC()
                0x00000000c001b6bc                RTC::get_update_in_progress_flag()
                0x00000000c001b6d0                RTC::completeRTCRefresh()
                0x00000000c001b984                RTC::setTimeInDatetimeUTC(datetime_t)
                0x00000000c001bafa                rtcIRQHandler(regs*, void*)
                0x00000000c001bb3a                RTC::RTC()
                0x00000000c001bb3a                RTC::RTC()
 *fill*         0x00000000c001bbe3        0x1 
 .text          0x00000000c001bbe4      0x1f4 arch/i386/vga.32
                0x00000000c001bbe4                HalConsoleScroll(int, int)
                0x00000000c001bcec                HalConsoleWriteCharacter(char, int, int, int, int)
                0x00000000c001bd50                HalConsoleCursorUpdate(int, int)
 .text          0x00000000c001bdd8     0x14cf fs/fat/vfslink.32
                0x00000000c001bdd8                FAT::getName()
                0x00000000c001bde0                FAT::tell(void*, unsigned long long*)
                0x00000000c001be1c                FAT::stat(void*, unsigned long long*)
                0x00000000c001be58                FAT::~FAT()
                0x00000000c001be58                FAT::~FAT()
                0x00000000c001be7c                FAT::~FAT()
                0x00000000c001bea4                FAT::getlabel(LogicalDisk*, int, char*, unsigned int*)
                0x00000000c001bf48                FAT::setlabel(LogicalDisk*, int, char*)
                0x00000000c001c00c                FAT::format(LogicalDisk*, int, char const*, int)
                0x00000000c001c1f0                FAT::tryMount(LogicalDisk*, int)
                0x00000000c001c40c                FAT::allocateSwapfile(char const*, int)
                0x00000000c001c5cc                FAT::readDir(void*, unsigned long, void*, int*)
                0x00000000c001c73c                FAT::read(void*, unsigned long, void*, int*)
                0x00000000c001c79c                FAT::write(void*, unsigned long, void*, int*)
                0x00000000c001c7fc                FAT::close(void*)
                0x00000000c001c850                FAT::closeDir(void*)
                0x00000000c001c8a4                FAT::truncate(void*, unsigned long long)
                0x00000000c001c910                FAT::seek(void*, unsigned long long)
                0x00000000c001c968                fatWrapperReadDisk
                0x00000000c001c9a8                fatWrapperWriteDisk
                0x00000000c001c9e8                fatWrapperIoctl
                0x00000000c001cb04                FAT::FAT()
                0x00000000c001cb04                FAT::FAT()
                0x00000000c001cb5c                FAT::fixFilepath(char*)
                0x00000000c001cb9c                FAT::open(char const*, void**, FileOpenMode)
                0x00000000c001cd10                FAT::openDir(char const*, void**)
                0x00000000c001cdc0                FAT::stat(char const*, unsigned long long*, bool*)
                0x00000000c001ceb8                FAT::unlink(char const*)
                0x00000000c001cf38                FAT::chfatattr(char const*, unsigned char, unsigned char)
                0x00000000c001d0ec                FAT::rename(char const*, char const*)
                0x00000000c001d1b8                FAT::mkdir(char const*)
                0x00000000c001d238                FAT::exists(char const*)
 *fill*         0x00000000c001d2a7        0x1 
 .text          0x00000000c001d2a8       0x94 fs/iso9660/helper.32
                0x00000000c001d2a8                isoReadDiscSectorHelper
                0x00000000c001d304                iso_kprintf
                0x00000000c001d320                iso_kprintfd
 .text          0x00000000c001d33c      0x71c fs/iso9660/vfslink.32
                0x00000000c001d33c                ISO9660::format(LogicalDisk*, int, char const*, int)
                0x00000000c001d342                ISO9660::truncate(void*, unsigned long long)
                0x00000000c001d348                ISO9660::getName()
                0x00000000c001d34e                ISO9660::closeDir(void*)
                0x00000000c001d358                ISO9660::chfatattr(char const*, unsigned char, unsigned char)
                0x00000000c001d35e                ISO9660::unlink(char const*)
                0x00000000c001d364                ISO9660::write(void*, unsigned long, void*, int*)
                0x00000000c001d36a                ISO9660::rename(char const*, char const*)
                0x00000000c001d370                ISO9660::mkdir(char const*)
                0x00000000c001d376                ISO9660::~ISO9660()
                0x00000000c001d376                ISO9660::~ISO9660()
                0x00000000c001d39a                ISO9660::~ISO9660()
                0x00000000c001d3c2                ISO9660::exists(char const*)
                0x00000000c001d3d6                ISO9660::open(char const*, void**, FileOpenMode)
                0x00000000c001d4bc                ISO9660::read(void*, unsigned long, void*, int*)
                0x00000000c001d504                ISO9660::seek(void*, unsigned long long)
                0x00000000c001d546                ISO9660::tell(void*, unsigned long long*)
                0x00000000c001d584                ISO9660::stat(void*, unsigned long long*)
                0x00000000c001d5d6                ISO9660::stat(char const*, unsigned long long*, bool*)
                0x00000000c001d718                ISO9660::close(void*)
                0x00000000c001d748                ISO9660::openDir(char const*, void**)
                0x00000000c001d822                ISO9660::readDir(void*, unsigned long, void*, int*)
                0x00000000c001d93f                readSectorFromCDROM(unsigned int, unsigned char*, char)
                0x00000000c001d9be                ISO9660::tryMount(LogicalDisk*, int)
                0x00000000c001da30                ISO9660::ISO9660()
                0x00000000c001da30                ISO9660::ISO9660()
 .text          0x00000000c001da58      0x26c hal/sound/sndcard.32
                0x00000000c001da58                SoundCard::beginPlayback()
                0x00000000c001da66                SoundCard::stopPlayback()
                0x00000000c001da74                SoundCard::SoundCard(char const*)
                0x00000000c001da74                SoundCard::SoundCard(char const*)
                0x00000000c001db12                SoundCard::~SoundCard()
                0x00000000c001db12                SoundCard::~SoundCard()
                0x00000000c001db36                SoundCard::~SoundCard()
                0x00000000c001db60                SoundCard::configureRates(int, int, int)
                0x00000000c001db90                SoundCard::getSamples16(int, short*)
                0x00000000c001dbec                SoundCard::getSamples32(int, int*)
                0x00000000c001dc72                SoundCard::addChannel(SoundPort*)
                0x00000000c001dcb0                SoundCard::removeChannel(int)
 .text          0x00000000c001dcc4      0x426 hal/sound/sndport.32
                0x00000000c001dcc4                SoundPort::SoundPort(int, int, int, int)
                0x00000000c001dcc4                SoundPort::SoundPort(int, int, int, int)
                0x00000000c001dd50                SoundPort::~SoundPort()
                0x00000000c001dd50                SoundPort::~SoundPort()
                0x00000000c001dd84                SoundPort::unpause()
                0x00000000c001dd90                SoundPort::pause()
                0x00000000c001dd9c                SoundPort::getBufferUsed()
                0x00000000c001dda4                SoundPort::getBufferSize()
                0x00000000c001ddac                SoundPort::buffer8(signed char*, int)
                0x00000000c001de40                SoundPort::buffer16(short*, int)
                0x00000000c001ded4                SoundPort::buffer32(int*, int)
                0x00000000c001df60                SoundPort::unbufferAndAdd16(int, short*, SoundCard*)
                0x00000000c001e02c                SoundPort::unbufferAndAdd32(int, int*, SoundCard*)
 .text          0x00000000c001e0ea      0xc23 hw/bus/pci.32
                0x00000000c001e0ea                PCI::open(int, int, void*)
                0x00000000c001e108                PCI::close(int, int, void*)
                0x00000000c001e10c                PCI::PCI()
                0x00000000c001e10c                PCI::PCI()
                0x00000000c001e1a4                PCI::readBAR8(unsigned int, int)
                0x00000000c001e1c0                PCI::readBAR16(unsigned int, int)
                0x00000000c001e1de                PCI::readBAR32(unsigned int, int)
                0x00000000c001e1fa                PCI::writeBAR8(unsigned int, unsigned char, int)
                0x00000000c001e21a                PCI::writeBAR16(unsigned int, unsigned short, int)
                0x00000000c001e23c                PCI::writeBAR32(unsigned int, unsigned int, int)
                0x00000000c001e25c                PCI::legacyMechanism(unsigned char, unsigned char, unsigned char, unsigned char)
                0x00000000c001e2d2                PCI::pciReadWord(unsigned char, unsigned char, unsigned char, unsigned char)
                0x00000000c001e37c                PCI::getVendorID(unsigned char, unsigned char, unsigned char)
                0x00000000c001e3a0                PCI::getHeaderType(unsigned char, unsigned char, unsigned char)
                0x00000000c001e3c8                PCI::getClassCode(unsigned char, unsigned char, unsigned char)
                0x00000000c001e412                PCI::getProgIF(unsigned char, unsigned char, unsigned char)
                0x00000000c001e43a                PCI::getRevisionID(unsigned char, unsigned char, unsigned char)
                0x00000000c001e45e                PCI::getInterruptNumber(unsigned char, unsigned char, unsigned char)
                0x00000000c001e482                PCI::getSecondaryBus(unsigned char, unsigned char, unsigned char)
                0x00000000c001e4aa                PCI::getBARAddress(unsigned char, unsigned char, unsigned char, unsigned char)
                0x00000000c001e50e                PCI::pciWriteWord(unsigned char, unsigned char, unsigned char, unsigned char, unsigned short)
                0x00000000c001e5f6                PCI::pciDetailsToFilepath(PCIDeviceInfo, char*)
                0x00000000c001e8bc                PCI::checkBus(unsigned char)
                0x00000000c001e8e0                PCI::foundDevice(PCIDeviceInfo)
                0x00000000c001eac6                PCI::getDeviceData(unsigned char, unsigned char, unsigned char)
                0x00000000c001ec42                PCI::checkDevice(unsigned char, unsigned char)
                0x00000000c001ecb4                PCI::detect()
 *fill*         0x00000000c001ed0d        0x1 
 .text          0x00000000c001ed0e      0xe58 hw/diskctrl/ide.32
                0x00000000c001ed0e                IDE::close(int, int, void*)
                0x00000000c001ed12                IDE::IDE()
                0x00000000c001ed12                IDE::IDE()
                0x00000000c001ed46                IDE::prepareInterrupt(unsigned char)
                0x00000000c001ed58                selectDrive(unsigned char, unsigned char)
                0x00000000c001ed5a                IDE::getBase(unsigned char)
                0x00000000c001ed6c                IDE::write(unsigned char, unsigned char, unsigned char)
                0x00000000c001ee2c                IDE::read(unsigned char, unsigned char)
                0x00000000c001eeda                IDE::waitInterrupt(unsigned char)
                0x00000000c001ef3d                ideChannel0IRQHandler(regs*, void*)
                0x00000000c001ef59                ideChannel1IRQHandler(regs*, void*)
                0x00000000c001ef76                IDE::enableIRQs(unsigned char, bool)
                0x00000000c001efc0                IDE::open(int, int, void*)
                0x00000000c001f51a                IDE::readBuffer(unsigned char, unsigned char, unsigned int, unsigned int)
                0x00000000c001f5ea                IDE::detect()
                0x00000000c001fa58                IDE::printError(unsigned char, unsigned char, unsigned char)
                0x00000000c001fb12                IDE::polling(unsigned char, unsigned int)
 .text          0x00000000c001fb66      0x33d hw/diskctrl/satabus.32
                0x00000000c001fb66                SATABus::close(int, int, void*)
                0x00000000c001fb6a                SATABus::detect()
                0x00000000c001fb6c                SATABus::SATABus()
                0x00000000c001fb6c                SATABus::SATABus()
                0x00000000c001fbf2                SATABus::findCmdslot(SATABus::tagHBA_PORT volatile*)
                0x00000000c001fc24                SATABus::checkType(SATABus::tagHBA_PORT volatile*)
                0x00000000c001fc6c                SATABus::startCmd(SATABus::tagHBA_PORT volatile*)
                0x00000000c001fc8c                SATABus::stopCmd(SATABus::tagHBA_PORT volatile*)
                0x00000000c001fcb6                SATABus::portRebase(SATABus::tagHBA_PORT volatile*, int)
                0x00000000c001fdc6                SATABus::probePort(SATABus::tagHBA_MEM volatile*)
                0x00000000c001fe70                SATABus::open(int, int, void*)
 *fill*         0x00000000c001fea3        0x1 
 .text          0x00000000c001fea4      0x7a9 hw/diskphys/ata.32
                0x00000000c001fea4                ATA::close(int, int, void*)
                0x00000000c001fec8                ATA::powerSaving(PowerSavingLevel)
                0x00000000c001feca                ATA::ATA()
                0x00000000c001feca                ATA::ATA()
                0x00000000c001fef8                ATA::flush(bool)
                0x00000000c001ff46                ATA::readyForCommand()
                0x00000000c001ff92                ATA::access(unsigned long long, int, void*, bool)
                0x00000000c0020382                ATA::read(unsigned long long, int, void*)
                0x00000000c00203ce                ATA::write(unsigned long long, int, void*)
                0x00000000c002041a                ATA::detectCHS()
                0x00000000c0020444                ATA::open(int, int, void*)
                0x00000000c002062f                combineCharAndColour(char, unsigned char)
                0x00000000c0020640                combineColours(unsigned char, unsigned char)
 *fill*         0x00000000c002064d        0x1 
 .text          0x00000000c002064e      0x618 hw/diskphys/atapi.32
                0x00000000c002064e                ATAPI::write(unsigned long long, int, void*)
                0x00000000c0020654                ATAPI::close(int, int, void*)
                0x00000000c0020678                ATAPI::ATAPI()
                0x00000000c0020678                ATAPI::ATAPI()
                0x00000000c00206a6                ATAPI::readyForCommand()
                0x00000000c00206f8                ATAPI::sendPacket(unsigned char*, int, bool, unsigned short*, int)
                0x00000000c00209c0                ATAPI::diskRemoved()
                0x00000000c00209fa                ATAPI::eject()
                0x00000000c0020a42                ATAPI::diskInserted()
                0x00000000c0020a4e                ATAPI::detectMedia()
                0x00000000c0020b0c                ATAPI::open(int, int, void*)