Archive member included to satisfy reference by file (symbol)

/cygdrive/d/Users/Alex/Desktop/Toolchain/Output/bin/../lib/gcc/i386-banana/8.1.0/libkgcc.a(_divdi3.o)
                              krnl/resolve.32 (__divdi3)
/cygdrive/d/Users/Alex/Desktop/Toolchain/Output/bin/../lib/gcc/i386-banana/8.1.0/libkgcc.a(_moddi3.o)
                              krnl/resolve.32 (__moddi3)
/cygdrive/d/Users/Alex/Desktop/Toolchain/Output/bin/../lib/gcc/i386-banana/8.1.0/libkgcc.a(_udivdi3.o)
                              hal/clock.32 (__udivdi3)
/cygdrive/d/Users/Alex/Desktop/Toolchain/Output/bin/../lib/gcc/i386-banana/8.1.0/libkgcc.a(_umoddi3.o)
                              core/pipe.32 (__umoddi3)

Allocating common symbols
Common symbol       size              file

dcache              0x40              fs/iso9660/iso9660.32
cdDriveLetter       0x1               fs/iso9660/iso9660.32
icache              0x40              fs/iso9660/iso9660.32

Discarded input sections

 .comment       0x0000000000000000       0x12 /cygdrive/d/Users/Alex/Desktop/Toolchain/Output/bin/../lib/gcc/i386-banana/8.1.0/crtbegin.o
 .comment       0x0000000000000000       0x12 acpica/utclib.32
 .comment       0x0000000000000000       0x12 core/malloc.32
 .comment       0x0000000000000000       0x12 libk/ctype.32
 .comment       0x0000000000000000       0x12 libk/string.32
 .comment       0x0000000000000000       0x12 fs/fat/diskio.32
 .comment       0x0000000000000000       0x12 fs/fat/ff.32
 .comment       0x0000000000000000       0x12 fs/fat/ffsystem.32
 .comment       0x0000000000000000       0x12 fs/fat/ffunicode.32
 .comment       0x0000000000000000       0x12 fs/iso9660/iso9660.32
 .group         0x0000000000000000       0x14 core/computer.32
 .group         0x0000000000000000        0xc core/computer.32
 .comment       0x0000000000000000       0x12 core/computer.32
 .comment       0x0000000000000000       0x12 core/gdt.32
 .group         0x0000000000000000        0xc core/idle.32
 .comment       0x0000000000000000       0x12 core/idle.32
 .comment       0x0000000000000000       0x12 core/idt.32
 .comment       0x0000000000000000       0x12 core/kheap.32
 .comment       0x0000000000000000       0x12 core/main.32
 .comment       0x0000000000000000       0x12 core/physmgr.32
 .group         0x0000000000000000        0xc core/pipe.32
 .comment       0x0000000000000000       0x12 core/pipe.32
 .group         0x0000000000000000        0xc core/terminal.32
 .comment       0x0000000000000000       0x12 core/terminal.32
 .comment       0x0000000000000000       0x12 core/tss.32
 .group         0x0000000000000000        0x8 core/unixfile.32
 .group         0x0000000000000000        0x8 core/unixfile.32
 .group         0x0000000000000000        0xc core/unixfile.32
 .group         0x0000000000000000        0x8 core/unixfile.32
 .group         0x0000000000000000        0xc core/unixfile.32
 .group         0x0000000000000000        0x8 core/unixfile.32
 .group         0x0000000000000000        0xc core/unixfile.32
 .group         0x0000000000000000        0xc core/unixfile.32
 .comment       0x0000000000000000       0x12 core/unixfile.32
 .comment       0x0000000000000000       0x12 core/virtmgr.32
 .comment       0x0000000000000000       0x12 coreobjs/c++.32
 .comment       0x0000000000000000       0x12 dbg/kconsole.32
 .comment       0x0000000000000000       0x12 dbg/usban.32
 .comment       0x0000000000000000       0x12 fs/symlink.32
 .group         0x0000000000000000        0xc fs/vfs.32
 .group         0x0000000000000000        0xc fs/vfs.32
 .group         0x0000000000000000        0xc fs/vfs.32
 .comment       0x0000000000000000       0x12 fs/vfs.32
 .group         0x0000000000000000        0xc hal/bus.32
 .comment       0x0000000000000000       0x12 hal/bus.32
 .comment       0x0000000000000000       0x12 hal/buzzer.32
 .group         0x0000000000000000        0xc hal/clock.32
 .comment       0x0000000000000000       0x12 hal/clock.32
 .group         0x0000000000000000       0x14 hal/device.32
 .group         0x0000000000000000        0xc hal/device.32
 .group         0x0000000000000000        0x8 hal/device.32
 .group         0x0000000000000000        0xc hal/device.32
 .group         0x0000000000000000        0xc hal/device.32
 .comment       0x0000000000000000       0x12 hal/device.32
 .group         0x0000000000000000        0xc hal/diskctrl.32
 .comment       0x0000000000000000       0x12 hal/diskctrl.32
 .group         0x0000000000000000        0xc hal/diskphys.32
 .comment       0x0000000000000000       0x12 hal/diskphys.32
 .comment       0x0000000000000000       0x12 hal/fpu.32
 .comment       0x0000000000000000       0x12 hal/intctrl.32
 .group         0x0000000000000000        0xc hal/keybrd.32
 .comment       0x0000000000000000       0x12 hal/keybrd.32
 .group         0x0000000000000000        0xc hal/logidisk.32
 .comment       0x0000000000000000       0x12 hal/logidisk.32
[...]
Memory Configuration

Name             Origin             Length             Attributes
*default*        0x0000000000000000 0xffffffffffffffff

Linker script and memory map

LOAD D:/Users/Alex/Desktop/Banana/kernel/boot.32
LOAD crti.32
LOAD /cygdrive/d/Users/Alex/Desktop/Toolchain/Output/bin/../lib/gcc/i386-banana/8.1.0/crtbegin.o
LOAD D:/Users/Alex/Desktop/Banana/kernel/morenasm.32
LOAD acpica/utclib.32
LOAD core/malloc.32
LOAD libk/ctype.32
LOAD libk/string.32
LOAD fs/fat/diskio.32
LOAD fs/fat/ff.32
LOAD fs/fat/ffsystem.32
LOAD fs/fat/ffunicode.32
LOAD fs/iso9660/iso9660.32
LOAD core/computer.32
LOAD core/gdt.32
LOAD core/idle.32
LOAD core/idt.32
LOAD core/kheap.32
LOAD core/main.32
LOAD core/physmgr.32
LOAD core/pipe.32
LOAD core/terminal.32
LOAD core/tss.32
LOAD core/unixfile.32
LOAD core/virtmgr.32
LOAD coreobjs/c++.32
LOAD dbg/kconsole.32
LOAD dbg/usban.32
LOAD fs/symlink.32
LOAD fs/vfs.32
LOAD hal/bus.32
LOAD hal/buzzer.32
LOAD hal/clock.32
LOAD hal/device.32
LOAD hal/diskctrl.32
LOAD hal/diskphys.32
LOAD hal/fpu.32
LOAD hal/intctrl.32
LOAD hal/keybrd.32
LOAD hal/logidisk.32
LOAD hal/mouse.32
LOAD hal/nic.32
LOAD hal/partition.32
LOAD hal/serial.32
LOAD hal/timer.32
LOAD hal/vcache.32
LOAD hal/video.32
LOAD hw/acpi.32
LOAD hw/cpu.32
LOAD krnl/atexit.32
LOAD krnl/bootmsg.32
LOAD krnl/compat.32
LOAD krnl/env.32
LOAD krnl/inlines.32
LOAD krnl/panic.32
LOAD krnl/powctrl.32
LOAD krnl/random.32
LOAD krnl/resolve.32
LOAD krnl/signal.32
LOAD krnl/syscalls.32
LOAD net/ethernet.32
LOAD reg/cm.32
LOAD reg/registry.32
LOAD sys/eject.32
LOAD sys/exit.32
LOAD sys/getcwd.32
LOAD sys/getpid.32
LOAD sys/getramdata.32
LOAD sys/getvgaptr.32
LOAD sys/kill.32
LOAD sys/loaddll.32
LOAD sys/read.32
LOAD sys/registersignal.32
LOAD sys/registry.32
LOAD sys/sbrk.32
LOAD sys/setcwd.32
LOAD sys/settime.32
LOAD sys/timezone.32
LOAD sys/truncate.32
LOAD sys/write.32
LOAD sys/wsbe.32
LOAD sys/yield.32
LOAD thr/elf.32
LOAD thr/prcssthr.32
LOAD vm86/vm8086.32
LOAD arch/i386/hal.32
LOAD arch/i386/pic.32
LOAD arch/i386/rtc.32
LOAD arch/i386/vga.32
LOAD fs/fat/vfslink.32
LOAD fs/iso9660/helper.32
LOAD fs/iso9660/vfslink.32
LOAD hal/sound/sndcard.32
LOAD hal/sound/sndport.32
LOAD hw/bus/isa.32
LOAD hw/bus/pci.32
LOAD hw/diskctrl/ide.32
LOAD hw/diskctrl/satabus.32
LOAD hw/diskphys/ata.32
LOAD hw/diskphys/atapi.32
LOAD hw/diskphys/sata.32
LOAD hw/diskphys/satapi.32
LOAD hw/intctrl/apic.32
LOAD hw/timer/apictimer.32
LOAD hw/timer/pit.32
LOAD arch/i386/avx.32
LOAD arch/i386/interrupt.32
LOAD arch/i386/rdrand.32
LOAD arch/i386/sse.32
LOAD arch/i386/x87.32
LOAD /cygdrive/d/Users/Alex/Desktop/Toolchain/Output/bin/../lib/gcc/i386-banana/8.1.0/crtend.o
LOAD crtn.32
LOAD /cygdrive/d/Users/Alex/Desktop/Toolchain/Output/bin/../lib/gcc/i386-banana/8.1.0/libkgcc.a
LOAD D:/Users/Alex/Desktop/Banana/kernel/libsoftfp.a
LOAD D:/Users/Alex/Desktop/Banana/kernel/libk/libm32.a
                0x00000000c0000000                . = 0xc0000000

.text           0x00000000c0000000    0x1f34a
 *(.text)
 .text          0x00000000c0000000       0x20 D:/Users/Alex/Desktop/Banana/kernel/boot.32
 .text          0x00000000c0000020        0x0 crti.32
 .text          0x00000000c0000020      0x101 /cygdrive/d/Users/Alex/Desktop/Toolchain/Output/bin/../lib/gcc/i386-banana/8.1.0/crtbegin.o
 *fill*         0x00000000c0000121        0xf 
 .text          0x00000000c0000130      0x24f D:/Users/Alex/Desktop/Banana/kernel/morenasm.32
                0x00000000c0000130                manualPCIProbe
                0x00000000c000017b                prepareTramp
                0x00000000c0000194                doTPAUSE
                0x00000000c000019e                hasLegacyFPU
                0x00000000c00001c3                is486
                0x00000000c00001f9                detectCPUID
                0x00000000c000020f                goToVM86
                0x00000000c000023f                goToUsermode
                0x00000000c0000269                switchToThreadASMFirstTime
                0x00000000c0000277                switchToThreadASM
                0x00000000c00002fc                asmQuickAcquireLock
                0x00000000c000031a                asmQuickReleaseLock
                0x00000000c0000326                asmAcquireLock
                0x00000000c0000347                asmReleaseLock
                0x00000000c000035a                loadGDT
                0x00000000c000037a                memcpy
 *fill*         0x00000000c000037f        0x1 
 .text          0x00000000c0000380      0x868 acpica/utclib.32
                0x00000000c0000380                memcmp
                0x00000000c00003d0                memmove
                0x00000000c00004f0                memset
                0x00000000c0000570                strlen
                0x00000000c00005a0                strpbrk
                0x00000000c00005f0                strtok
                0x00000000c0000640                strcpy
                0x00000000c0000680                strncpy
                0x00000000c0000750                strcmp
                0x00000000c00007a0                strchr
                0x00000000c00007e0                strncmp
                0x00000000c0000840                strcat
                0x00000000c0000870                strncat
                0x00000000c00008d0                strstr
                0x00000000c0000930                toupper
                0x00000000c0000950                tolower
                0x00000000c0000970                simple_strtoul
 .text          0x00000000c0000be8      0xfaa core/malloc.32
                0x00000000c0000d53                dlfree
                0x00000000c00010ab                dlmalloc
                0x00000000c00015e8                dlrealloc
                0x00000000c000178b                dlmemalign
                0x00000000c00018ae                dlcalloc
                0x00000000c0001948                dlcfree
                0x00000000c000194d                dlindependent_calloc
                0x00000000c0001972                dlindependent_comalloc
                0x00000000c0001989                dlvalloc
                0x00000000c00019b4                dlpvalloc
                0x00000000c00019ea                dlmalloc_trim
                0x00000000c00019f7                dlmalloc_usable_size
                0x00000000c0001a28                dlmallinfo
                0x00000000c0001af7                dlmalloc_stats
                0x00000000c0001b08                dlmallopt
 *fill*         0x00000000c0001b92        0x2 
 .text          0x00000000c0001b94      0x1f2 libk/ctype.32
                0x00000000c0001b94                isblank
                0x00000000c0001bb4                iscntrl
                0x00000000c0001bd4                isdigit
                0x00000000c0001bf0                islower
                0x00000000c0001c0c                isspace
                0x00000000c0001c34                isupper
                0x00000000c0001c50                isalpha
                0x00000000c0001c80                isalnum
                0x00000000c0001cb0                ispunct
                0x00000000c0001cf0                isgraph
                0x00000000c0001d20                isprint
                0x00000000c0001d48                isxdigit
 .text          0x00000000c0001d86        0x0 libk/string.32
 .text          0x00000000c0001d86       0x51 fs/fat/diskio.32
                0x00000000c0001d86                disk_status
                0x00000000c0001d89                disk_initialize
                0x00000000c0001d8c                disk_read
                0x00000000c0001da2                disk_write
                0x00000000c0001db8                disk_ioctl
 .text          0x00000000c0001dd7     0x3e46 fs/fat/ff.32
                0x00000000c0003bf8                f_mount
                0x00000000c0003c5a                f_open
                0x00000000c0003f1d                f_read
                0x00000000c000411c                f_write
                0x00000000c0004364                f_sync
                0x00000000c0004429                f_close
                0x00000000c0004458                f_lseek
                0x00000000c0004609                f_opendir
                0x00000000c00046d4                f_closedir
                0x00000000c00046f6                f_readdir
                0x00000000c0004788                f_stat
                0x00000000c0004807                f_getfree
                0x00000000c0004910                f_truncate
                0x00000000c00049fa                f_unlink
                0x00000000c0004b1c                f_mkdir
                0x00000000c0004cb7                f_rename
                0x00000000c0004e6f                f_chmod
                0x00000000c0004f1f                f_utime
                0x00000000c0004fcf                f_getlabel
                0x00000000c0005120                f_setlabel
                0x00000000c00052b0                f_expand
                0x00000000c000541d                f_mkfs
 *fill*         0x00000000c0005c1d        0x3 
 .text          0x00000000c0005c20       0x2f fs/fat/ffsystem.32
                0x00000000c0005c20                ff_memalloc
                0x00000000c0005c38                ff_memfree
 *fill*         0x00000000c0005c4f        0x1 
 .text          0x00000000c0005c50      0x2dc fs/fat/ffunicode.32
                0x00000000c0005c50                ff_uni2oem
                0x00000000c0005cf0                ff_oem2uni
                0x00000000c0005d68                ff_wtoupper
 .text          0x00000000c0005f2c      0xd32 fs/iso9660/iso9660.32
                0x00000000c0006177                isoReadDiscSector
                0x00000000c0006212                strnicmp
                0x00000000c00064c1                stricmp
                0x00000000c000650d                iso_open
                0x00000000c0006597                iso_close
                0x00000000c00065b5                iso_read
                0x00000000c00066cb                iso_seek
                0x00000000c000674f                iso_tell
                0x00000000c0006780                iso_total
                0x00000000c00067ab                fn_postprocess
                0x00000000c00067d2                iso_readdir
                0x00000000c0006a29                iso_reset
                0x00000000c0006a46                init_percd
                0x00000000c0006b40                iso_ioctl
                0x00000000c0006b58                fs_iso9660_init
                0x00000000c0006bee                fs_iso9660_shutdown
 .text          0x00000000c0006c5e      0x6c3 core/computer.32
                0x00000000c0006c5e                Computer::close(int, int, void*)
                0x00000000c0006ca8                Krnl::firstTask()
                0x00000000c0006de6                Computer::Computer()
                0x00000000c0006de6                Computer::Computer()
                0x00000000c0006e96                Computer::setBootMessage(char const*)
                0x00000000c0006e98                Computer::detectFeatures()
                0x00000000c00070be                Computer::displayFeatures()
                0x00000000c00070c0                Computer::rdmsr(unsigned int)
                0x00000000c00070ec                Computer::wrmsr(unsigned int, unsigned long long)
                0x00000000c0007128                Computer::shutdown()
                0x00000000c0007140                Computer::restart()
                0x00000000c0007158                Computer::sleep()
                0x00000000c000716c                Computer::nmiEnabled()
                0x00000000c0007178                Computer::readCMOS(unsigned char)
                0x00000000c0007196                Computer::enableNMI(bool)
                0x00000000c00071ae                Computer::open(int, int, void*)
                0x00000000c0007282                Computer::disableNMI()
                0x00000000c0007292                Computer::writeCMOS(unsigned char, unsigned char)
                0x00000000c00072b6                Computer::handleNMI()
 *fill*         0x00000000c0007321        0x1 
 .text          0x00000000c0007322      0x1db core/gdt.32
                0x00000000c0007322                GDTEntry::setBase(unsigned int)
                0x00000000c000733e                GDTEntry::setLimit(unsigned int)
                0x00000000c000735c                GDT::GDT()
                0x00000000c000735c                GDT::GDT()
                0x00000000c0007372                GDT::addEntry(GDTEntry)
                0x00000000c0007394                GDT::getNumberOfEntries()
                0x00000000c000739c                GDT::flush()
                0x00000000c00073be                GDT::setup()
 .text          0x00000000c00074fd       0x1d core/idle.32
                0x00000000c00074fd                idleFunction(void*)
 *fill*         0x00000000c000751a        0x2 
 .text          0x00000000c000751c      0x46c core/idt.32
                0x00000000c000751c                IDTEntry::IDTEntry(bool)
                0x00000000c000751c                IDTEntry::IDTEntry(bool)
                0x00000000c0007596                IDTEntry::setOffset(unsigned int)
                0x00000000c00075ac                IDT::IDT()
                0x00000000c00075ac                IDT::IDT()
                0x00000000c00075ae                IDT::getPointerToInvalidOpcodeEntryForF00F()
                0x00000000c00075b6                IDT::addEntry(IDTEntry, int)
                0x00000000c00075d0                IDT::addEntry(int, void (*)(), bool)
                0x00000000c0007608                IDT::flush()
                0x00000000c0007622                IDT::setup()
 .text          0x00000000c0007988      0x188 core/kheap.32
                0x00000000c0007988                sbrk
                0x00000000c0007a1f                mmap
                0x00000000c0007a35                munmap
                0x00000000c0007a4b                liballoc_lock()
                0x00000000c0007a59                liballoc_unlock()
                0x00000000c0007a6f                liballoc_alloc(int)
                0x00000000c0007a87                liballoc_free(void*, int)
                0x00000000c0007aa2                realloc
                0x00000000c0007ab6                malloc
                0x00000000c0007ac6                free
                0x00000000c0007ad6                rfree
                0x00000000c0007ae6                calloc
 .text          0x00000000c0007b10       0xc7 core/main.32
                0x00000000c0007b10                KeEntryPoint
 .text          0x00000000c0007bd7      0x644 core/physmgr.32
                0x00000000c0007bd7                Phys::allocateDMA(unsigned long)
                0x00000000c0007cbf                Phys::freeDMA(unsigned long, unsigned long)
                0x00000000c0007cfa                Phys::setPageState(unsigned long, bool)
                0x00000000c0007d3a                Phys::getPageState(unsigned long)
                0x00000000c0007d56                Phys::freePage(unsigned long)
                0x00000000c0007dbf                Phys::allocatePage()
                0x00000000c0007e8e                Phys::allocateContiguousPages(int)
                0x00000000c0007ef5                Phys::allowSegmentToBeUsed(unsigned long, unsigned long)
                0x00000000c0007f2d                Phys::physicalMemorySetup(unsigned int)
 *fill*         0x00000000c000821b        0x1 
 .text          0x00000000c000821c      0x273 core/pipe.32
                0x00000000c000821c                Pipe::isAtty()
                0x00000000c0008220                Pipe::~Pipe()
                0x00000000c0008220                Pipe::~Pipe()
                0x00000000c0008244                Pipe::~Pipe()
                0x00000000c000826c                Pipe::write(unsigned long long, void*, int*)
                0x00000000c000832c                Pipe::read(unsigned long long, void*, int*)
                0x00000000c0008428                Pipe::Pipe(int)
                0x00000000c0008428                Pipe::Pipe(int)
 *fill*         0x00000000c000848f        0x1 
 .text          0x00000000c0008490      0xab3 core/terminal.32
                0x00000000c0008490                VgaText::isAtty()
                0x00000000c0008494                VgaText::~VgaText()
                0x00000000c0008494                VgaText::~VgaText()
                0x00000000c00084b8                VgaText::~VgaText()
                0x00000000c00084e2                VgaText::read(unsigned long long, void*, int*)
                0x00000000c0008502                setTerminalScrollLock(bool)
                0x00000000c0008503                doTerminalCycle()
                0x00000000c0008504                addToTerminalCycle(VgaText*)
                0x00000000c0008505                scrollTerminalScrollLock(int)
                0x00000000c0008506                VgaText::updateTitle()
                0x00000000c0008508                VgaText::load()
                0x00000000c000850a                VgaText::updateCursor()
                0x00000000c0008520                VgaText::doANSI_SGR(int)
                0x00000000c0008594                VgaText::setDefaultBgColour(VgaColour)
                0x00000000c00085a4                VgaText::setDefaultFgColour(VgaColour)
                0x00000000c00085b4                VgaText::setDefaultColours(VgaColour, VgaColour)
                0x00000000c00085d4                VgaText::setTitleTextColour(VgaColour)
                0x00000000c00085e0                VgaText::setTitleColour(VgaColour)
                0x00000000c00085ec                VgaText::setTitle(char*)
                0x00000000c00085ee                VgaText::combineColours(unsigned char, unsigned char)
                0x00000000c0008600                VgaText::scrollScreen()
                0x00000000c0008692                VgaText::combineCharAndColour(char, unsigned char)
                0x00000000c00086a2                VgaText::writeCharacter(char, VgaColour, VgaColour, int, int)
                0x00000000c0008732                VgaText::getCursorX()
                0x00000000c000873a                VgaText::getCursorY()
                0x00000000c0008742                VgaText::setCursor(int, int)
                0x00000000c0008759                setActiveTerminal(VgaText*)
                0x00000000c00087a4                VgaText::clearScreen()
                0x00000000c00087f2                VgaText::setCursorX(int)
                0x00000000c000880a                VgaText::setCursorY(int)
                0x00000000c0008822                VgaText::incrementCursor(bool)
                0x00000000c0008876                VgaText::decrementCursor(bool)
                0x00000000c0008898                VgaText::putchar(char, VgaColour, VgaColour)
                0x00000000c0008968                VgaText::putchar(char)
                0x00000000c0008a60                VgaText::putx(unsigned int)
                0x00000000c0008aa6                VgaText::puts(char const*)
                0x00000000c0008acc                VgaText::write(unsigned long long, void*, int*)
                0x00000000c0008b18                VgaText::puts(char const*, VgaColour, VgaColour)
                0x00000000c0008c66                VgaText::VgaText(char const*)
                0x00000000c0008c66                VgaText::VgaText(char const*)
                0x00000000c0008db6                VgaText::receiveKey(unsigned char)
                0x00000000c0008f42                VgaText::doUpdate()
 *fill*         0x00000000c0008f43        0x1 
 .text          0x00000000c0008f44      0x1a1 core/tss.32
                0x00000000c0008f44                TSS::TSS()
                0x00000000c0008f44                TSS::TSS()
                0x00000000c0008f54                TSS::setESP(unsigned long)
                0x00000000c0008f68                TSS::flush()
                0x00000000c0008f88                TSS::setup(unsigned long, unsigned long)
 *fill*         0x00000000c00090e5        0x1 
 .text          0x00000000c00090e6      0x4ca core/unixfile.32
                0x00000000c00090e6                ReservedFilename::read(unsigned long long, void*, int*)
                0x00000000c000913c                ReservedFilename::isAtty()
                0x00000000c0009158                ReservedFilename::write(unsigned long long, void*, int*)
                0x00000000c00091b6                UnixFile::getFileDescriptor()
                0x00000000c00091be                UnixFile::UnixFile(int)
                0x00000000c00091be                UnixFile::UnixFile(int)
                0x00000000c0009372                ReservedFilename::ReservedFilename(int)
                0x00000000c0009372                ReservedFilename::ReservedFilename(int)
                0x00000000c00093a4                UnixFile::~UnixFile()
                0x00000000c00093a4                UnixFile::~UnixFile()
                0x00000000c0009440                UnixFile::~UnixFile()
                0x00000000c0009468                ReservedFilename::~ReservedFilename()
                0x00000000c0009468                ReservedFilename::~ReservedFilename()
                0x00000000c000948c                ReservedFilename::~ReservedFilename()
                0x00000000c00094b3                KeGetFileFromDescriptor(int)
 .text          0x00000000c00095b0     0x1218 core/virtmgr.32
                0x00000000c00095b0                Virt::setPageState(unsigned long, Virt::VirtPageState)
                0x00000000c00095ea                Virt::getPageState(unsigned long)
                0x00000000c000960d                Virt::allocateKernelVirtualPages(int)
                0x00000000c0009732                Virt::freeSwapfilePage(unsigned long)
                0x00000000c0009755                Virt::swapIDToSector(unsigned long)
                0x00000000c000976b                Virt::allocateSwapfilePage()
                0x00000000c00097eb                Virt::virtualMemorySetup()
                0x00000000c000983c                Virt::setupPageSwapping(int)
                0x00000000c00098ae                VAS::setCPUSpecific(unsigned long)
                0x00000000c00098b0                VAS::VAS(VAS*)
                0x00000000c00098b0                VAS::VAS(VAS*)
                0x00000000c00098de                VAS::getForeignPageTableEntry(bool, unsigned long)
                0x00000000c000990c                VAS::getPageTableEntry(unsigned long)
                0x00000000c000992b                Virt::freeKernelVirtualPages(unsigned long)
                0x00000000c0009a68                VAS::freeAllocatedPages(unsigned long)
                0x00000000c0009a8c                VAS::virtualToPhysical(unsigned long)
                0x00000000c0009aa6                VAS::reflagRange(unsigned long, int, unsigned long, unsigned long)
                0x00000000c0009ae8                VAS::VAS()
                0x00000000c0009ae8                VAS::VAS()
                0x00000000c0009b52                VAS::setToWriteCombining(unsigned long, int)
                0x00000000c0009b86                VAS::mapOtherVASIn(bool, VAS*)
                0x00000000c0009bb2                VAS::~VAS()
                0x00000000c0009bb2                VAS::~VAS()
                0x00000000c0009d20                VAS::mapPage(unsigned long, unsigned long, int)
                0x00000000c0009e24                VAS::allocatePages(int, int)
                0x00000000c0009f1a                VAS::mapRange(unsigned long, unsigned long, int, int)
                0x00000000c0009f72                VAS::mapForeignPage(bool, VAS*, unsigned long, unsigned long, int)
                0x00000000c000a068                VAS::VAS(bool)
                0x00000000c000a068                VAS::VAS(bool)
                0x00000000c000a2b2                VAS::evict(unsigned long)
                0x00000000c000a390                VAS::tryLoadBackOffDisk(unsigned long)
                0x00000000c000a52a                VAS::allocateSharedMemoryWithKernel(unsigned long, unsigned long*)
                0x00000000c000a59e                VAS::freeSharedMemoryWithKernel(unsigned long, unsigned long)
                0x00000000c000a5ca                VAS::scanForEviction()
                0x00000000c000a6cd                mapVASFirstTime
 .text          0x00000000c000a7c8       0x5f coreobjs/c++.32
                0x00000000c000a7c8                __cxa_atexit
                0x00000000c000a7cb                __cxa_finalize
                0x00000000c000a7cc                __stack_chk_fail
                0x00000000c000a802                __cxa_pure_virtual
                0x00000000c000a813                operator new[](unsigned long)
                0x00000000c000a818                operator delete(void*, unsigned long)
                0x00000000c000a81d                operator delete[](void*)
                0x00000000c000a822                operator delete[](void*, unsigned long)
 .text          0x00000000c000a827      0x254 dbg/kconsole.32
                0x00000000c000a827                Dbg::stringifyxWithBase(unsigned int, char*, int)
                0x00000000c000a8c7                Dbg::logc(char)
                0x00000000c000a8e7                Dbg::logs(char*)
                0x00000000c000a906                Dbg::logWriteInt(unsigned int)
                0x00000000c000a924                Dbg::logWriteIntBase(unsigned int, int)
                0x00000000c000a945                Dbg::kprintf(char const*, ...)
 *fill*         0x00000000c000aa7b        0x1 
 .text          0x00000000c000aa7c      0x2d4 dbg/usban.32
                0x00000000c000aa7c                KiUbsanPrintDetails(char const*, void*)
                0x00000000c000aae8                __ubsan_handle_type_mismatch_v1
                0x00000000c000abc4                __ubsan_handle_pointer_overflow
                0x00000000c000abf0                __ubsan_handle_out_of_bounds
                0x00000000c000ac1c                __ubsan_handle_add_overflow
                0x00000000c000ac48                __ubsan_handle_load_invalid_value
                0x00000000c000ac74                __ubsan_handle_divrem_overflow
                0x00000000c000aca0                __ubsan_handle_mul_overflow
                0x00000000c000accc                __ubsan_handle_sub_overflow
                0x00000000c000acf8                __ubsan_handle_shift_out_of_bounds
                0x00000000c000ad24                __ubsan_handle_negate_overflow
 .text          0x00000000c000ad50      0x54d fs/symlink.32
                0x00000000c000ad50                KiCreateSymlinkID()
                0x00000000c000adbd                KiFlushSymlinkChanges()
                0x00000000c000ae90                KiDeinitialiseSymlinks(void*)
                0x00000000c000ae95                KeRegisterSymlink(char const*, unsigned long long)
                0x00000000c000af04                KeInitialiseSymlinks()
                0x00000000c000afa9                KiIsSymlinkRegistered(char const*)
                0x00000000c000afae                KeDereferenceSymlink(char const*, char*)
                0x00000000c000b160                KeCreateSymlink(char const*, char const*)
 *fill*         0x00000000c000b29d        0x1 
 .text          0x00000000c000b29e      0xcb6 fs/vfs.32
                0x00000000c000b29e                File::read(unsigned long long, void*, int*)
                0x00000000c000b2f6                File::write(unsigned long long, void*, int*)
                0x00000000c000b34e                Directory::read(unsigned long long, void*, int*)
                0x00000000c000b3a6                Directory::write(unsigned long long, void*, int*)
                0x00000000c000b3d4                File::isAtty()
                0x00000000c000b3d8                Directory::isAtty()
                0x00000000c000b3dc                Filesystem::getlabel(LogicalDisk*, int, char*, unsigned int*)
                0x00000000c000b3e2                Filesystem::setlabel(LogicalDisk*, int, char*)
                0x00000000c000b3e8                Filesystem::allocateSwapfile(char const*, int)
                0x00000000c000b3ee                File::~File()
                0x00000000c000b3ee                File::~File()
                0x00000000c000b412                File::~File()
                0x00000000c000b43c                Directory::~Directory()
                0x00000000c000b43c                Directory::~Directory()
                0x00000000c000b460                Directory::~Directory()
                0x00000000c000b48a                Filesystem::Filesystem()
                0x00000000c000b48a                Filesystem::Filesystem()
                0x00000000c000b4ae                Filesystem::~Filesystem()
                0x00000000c000b4ae                Filesystem::~Filesystem()
                0x00000000c000b4bc                Filesystem::~Filesystem()
                0x00000000c000b4e0                Fs::getcwd(Process*, char*, int)
                0x00000000c000b50a                Fs::initVFS()
                0x00000000c000b534                Fs::standardiseFiles(char*, char const*, char const*)
                0x00000000c000b6ea                File::File(char const*, Process*)
                0x00000000c000b6ea                File::File(char const*, Process*)
                0x00000000c000b7a6                File::open(FileOpenMode)
                0x00000000c000b804                File::close()
                0x00000000c000b864                File::seek(unsigned long long)
                0x00000000c000b8ba                File::truncate(unsigned long long)
                0x00000000c000b910                File::tell(unsigned long long*)
                0x00000000c000b960                File::rewind()
                0x00000000c000b974                File::unlink()
                0x00000000c000b9c0                File::rename(char const*)
                0x00000000c000ba0e                File::chfatattr(unsigned char, unsigned char)
                0x00000000c000ba6a                File::exists()
                0x00000000c000baa8                File::stat(unsigned long long*, bool*)
                0x00000000c000bb09                Fs::setcwd(Process*, char*)
                0x00000000c000bc66                Directory::Directory(char const*, Process*)
                0x00000000c000bc66                Directory::Directory(char const*, Process*)
                0x00000000c000bd22                Directory::open()
                0x00000000c000bd7e                Directory::close()
                0x00000000c000bdde                Directory::unlink()
                0x00000000c000be2a                Directory::rename(char const*)
                0x00000000c000be78                Directory::exists()
                0x00000000c000beb6                Directory::read(dirent*)
                0x00000000c000bf02                Directory::create()
                0x00000000c000bf4e                Filesystem::chfatattr(char const*, unsigned char, unsigned char)
 .text          0x00000000c000bf54       0x86 hal/bus.32
                0x00000000c000bf54                Bus::Bus(char const*)
                0x00000000c000bf54                Bus::Bus(char const*)
                0x00000000c000bf8c                Bus::~Bus()
                0x00000000c000bf8c                Bus::~Bus()
                0x00000000c000bfb0                Bus::~Bus()
 .text          0x00000000c000bfda       0x96 hal/buzzer.32
                0x00000000c000bfda                beepThread(void*)
                0x00000000c000c017                Krnl::beep(int, int, bool)
 .text          0x00000000c000c070      0x45f hal/clock.32
                0x00000000c000c070                User::loadClockSettings(int)
                0x00000000c000c0c2                Clock::Clock(char const*)
                0x00000000c000c0c2                Clock::Clock(char const*)
                0x00000000c000c0f8                Clock::~Clock()
                0x00000000c000c0f8                Clock::~Clock()
                0x00000000c000c11c                Clock::~Clock()
                0x00000000c000c146                Clock::timeInSecondsLocal()
                0x00000000c000c18e                Clock::setTimeInSecondsLocal(unsigned long long)
                0x00000000c000c1e7                datetimeToSeconds(datetime_t)
                0x00000000c000c306                Clock::setTimeInDatetimeLocal(datetime_t)
                0x00000000c000c366                secondsToDatetime(unsigned long long)
                0x00000000c000c4aa                Clock::timeInDatetimeLocal()
 *fill*         0x00000000c000c4cf        0x1 
 .text          0x00000000c000c4d0      0x464 hal/device.32
                0x00000000c000c4d0                Device::hibernate()
                0x00000000c000c4d2                Device::wake()
                0x00000000c000c4d4                Device::detect()
                0x00000000c000c4d6                Device::disableLegacy()
                0x00000000c000c4d8                Device::powerSaving(PowerSavingLevel)
                0x00000000c000c4da                DriverlessDevice::close(int, int, void*)
                0x00000000c000c4de                DriverlessDevice::detect()
                0x00000000c000c4e0                DriverlessDevice::open(int, int, void*)
                0x00000000c000c4f4                Device::~Device()
                0x00000000c000c4f4                Device::~Device()
                0x00000000c000c502                Device::~Device()
                0x00000000c000c52a                Device::findAndLoadDriver()
                0x00000000c000c538                Device::preOpenPCI(PCIDeviceInfo)
                0x00000000c000c55e                Device::preOpenACPI(void*, char*, char*)
                0x00000000c000c59e                Device::addIRQHandler(int, void (*)(regs*, void*), bool, void*)
                0x00000000c000c5c8                Device::getParent()
                0x00000000c000c5d4                Device::removeIRQHandler(int, void (*)(regs*, void*), bool)
                0x00000000c000c5f2                Device::addChild(Device*)
                0x00000000c000c636                Device::removeAllChildren()
                0x00000000c000c67c                Device::hibernateAll()
                0x00000000c000c6ac                Device::wakeAll()
                0x00000000c000c6dc                Device::detectAll()
                0x00000000c000c70c                Device::disableLegacyAll()
                0x00000000c000c70e                Device::loadDriversForAll()
                0x00000000c000c710                Device::closeAll()
                0x00000000c000c746                Device::powerSavingAll(PowerSavingLevel)
                0x00000000c000c77c                Device::setName(char const*)
                0x00000000c000c78a                Device::Device(char const*)
                0x00000000c000c78a                Device::Device(char const*)
                0x00000000c000c886                Device::getName()
                0x00000000c000c890                DriverlessDevice::DriverlessDevice(char const*)
                0x00000000c000c890                DriverlessDevice::DriverlessDevice(char const*)
                0x00000000c000c8c6                Device::addToLinkedList(LinkedList<Device>&, DeviceType)
                0x00000000c000c90a                getDevicesOfType(DeviceType)
 .text          0x00000000c000c934       0x86 hal/diskctrl.32
                0x00000000c000c934                HardDiskController::HardDiskController(char const*)
                0x00000000c000c934                HardDiskController::HardDiskController(char const*)
                0x00000000c000c96c                HardDiskController::~HardDiskController()
                0x00000000c000c96c                HardDiskController::~HardDiskController()
                0x00000000c000c990                HardDiskController::~HardDiskController()
 .text          0x00000000c000c9ba       0xe2 hal/diskphys.32
                0x00000000c000c9ba                PhysicalDisk::eject()
                0x00000000c000c9be                PhysicalDisk::PhysicalDisk(char const*, int)
                0x00000000c000c9be                PhysicalDisk::PhysicalDisk(char const*, int)
                0x00000000c000ca26                PhysicalDisk::startCache()
                0x00000000c000ca4e                PhysicalDisk::~PhysicalDisk()
                0x00000000c000ca4e                PhysicalDisk::~PhysicalDisk()
                0x00000000c000ca72                PhysicalDisk::~PhysicalDisk()
 .text          0x00000000c000ca9c        0x0 hal/fpu.32
 .text          0x00000000c000ca9c      0x359 hal/intctrl.32
                0x00000000c000ca9c                int_handler
                0x00000000c000cb26                installISRHandler(int, void (*)(regs*, void*), void*)
                0x00000000c000cb70                installIRQHandler(int, void (*)(regs*, void*), bool, void*)
                0x00000000c000cca4                uninstallISRHandler(int, void (*)(regs*, void*))
                0x00000000c000ccd8                uninstallIRQHandler(int, void (*)(regs*, void*), bool)
                0x00000000c000cd56                setupINTS()
                0x00000000c000cdb3                convertLegacyIRQNumber(int)
 *fill*         0x00000000c000cdf5        0x1 
 .text          0x00000000c000cdf6      0x8be hal/keybrd.32
                0x00000000c000cdf6                startGUI(void*)
                0x00000000c000ce64                startGUIVESA(void*)
                0x00000000c000ced2                sendKeyToTerminal(unsigned char)
                0x00000000c000cfad                sendKeyboardToken(KeyboardToken)
                0x00000000c000d497                clearInternalKeybuffer(VgaText*)
                0x00000000c000d4cc                readKeyboard(VgaText*, char*, unsigned long)
                0x00000000c000d62a                Keyboard::Keyboard(char const*)
                0x00000000c000d62a                Keyboard::Keyboard(char const*)
                0x00000000c000d666                Keyboard::~Keyboard()
                0x00000000c000d666                Keyboard::~Keyboard()
                0x00000000c000d68a                Keyboard::~Keyboard()
 .text          0x00000000c000d6b4      0x3f8 hal/logidisk.32
                0x00000000c000d6b4                LogicalDisk::close(int, int, void*)
                0x00000000c000d6b8                LogicalDisk::~LogicalDisk()
                0x00000000c000d6b8                LogicalDisk::~LogicalDisk()
                0x00000000c000d6dc                LogicalDisk::~LogicalDisk()
                0x00000000c000d706                LogicalDisk::open(int, int, void*)
                0x00000000c000d71a                LogicalDisk::absoluteToRelative(unsigned long long)
                0x00000000c000d752                LogicalDisk::relativeToAbsolute(unsigned long long)
                0x00000000c000d798                LogicalDisk::LogicalDisk(char const*, PhysicalDisk*, unsigned long long, unsigned long long)
                0x00000000c000d798                LogicalDisk::LogicalDisk(char const*, PhysicalDisk*, unsigned long long, unsigned long long)
                0x00000000c000d858                LogicalDisk::assignDriveLetter()
                0x00000000c000d912                LogicalDisk::mount()
                0x00000000c000d95a                LogicalDisk::unmount()
                0x00000000c000d96a                LogicalDisk::eject()
                0x00000000c000d97e                LogicalDisk::unassignDriveLetter()
                0x00000000c000d9d4                LogicalDisk::read(unsigned long long, int, void*)
                0x00000000c000da40                LogicalDisk::write(unsigned long long, int, void*)
 .text          0x00000000c000daac       0x86 hal/mouse.32
                0x00000000c000daac                Mouse::Mouse(char const*)
                0x00000000c000daac                Mouse::Mouse(char const*)
                0x00000000c000dae4                Mouse::~Mouse()
                0x00000000c000dae4                Mouse::~Mouse()
                0x00000000c000db08                Mouse::~Mouse()
 .text          0x00000000c000db32       0x90 hal/nic.32
                0x00000000c000db32                NIC::getMAC()
                0x00000000c000db38                NIC::write(int, unsigned char*, int*)
                0x00000000c000db3e                NIC::NIC(char const*)
                0x00000000c000db3e                NIC::NIC(char const*)
                0x00000000c000db74                NIC::~NIC()
                0x00000000c000db74                NIC::~NIC()
                0x00000000c000db98                NIC::~NIC()
 .text          0x00000000c000dbc2      0x33b hal/partition.32
                0x00000000c000dbc2                makePartition(PhysicalDisk*, unsigned long long, unsigned long long)
                0x00000000c000dc6a                createPartitionsForDisk(PhysicalDisk*)
 *fill*         0x00000000c000defd        0x3 
 .text          0x00000000c000df00       0x86 hal/serial.32
                0x00000000c000df00                Serial::Serial(char const*)
                0x00000000c000df00                Serial::Serial(char const*)
                0x00000000c000df38                Serial::~Serial()
                0x00000000c000df38                Serial::~Serial()
                0x00000000c000df5c                Serial::~Serial()
 *fill*         0x00000000c000df86        0x2 
 .text          0x00000000c000df88      0x234 hal/timer.32
                0x00000000c000df88                Timer::Timer(char const*)
                0x00000000c000df88                Timer::Timer(char const*)
                0x00000000c000dfc0                Timer::~Timer()
                0x00000000c000dfc0                Timer::~Timer()
                0x00000000c000dfe4                Timer::~Timer()
                0x00000000c000e00e                Timer::read()
                0x00000000c000e019                setupTimer(int)
                0x00000000c000e054                timerHandler(unsigned int)
 .text          0x00000000c000e1bc      0x444 hal/vcache.32
                0x00000000c000e1bc                VCache::VCache(PhysicalDisk*)
                0x00000000c000e1bc                VCache::VCache(PhysicalDisk*)
                0x00000000c000e32c                VCache::invalidateReadBuffer()
                0x00000000c000e33c                VCache::writeWriteBuffer()
                0x00000000c000e388                VCache::~VCache()
                0x00000000c000e388                VCache::~VCache()
                0x00000000c000e3e0                VCache::~VCache()
                0x00000000c000e408                VCache::write(unsigned long long, int, void*)
                0x00000000c000e4f6                VCache::read(unsigned long long, int, void*)
 .text          0x00000000c000e600      0x4c7 hal/video.32
                0x00000000c000e600                Video::putrect(int, int, int, int, unsigned int)
                0x00000000c000e64c                Video::bitblit(int, int, int, int, int, int, int, unsigned int*)
                0x00000000c000e6bc                Video::blit(unsigned int*, int, int, int, int)
                0x00000000c000e73a                Video::clearScreen(unsigned int)
                0x00000000c000e76e                Video::putpixel(int, int, unsigned int)
                0x00000000c000e77c                Video::readPixelApprox(int, int)
                0x00000000c000e790                Video::Video(char const*)
                0x00000000c000e790                Video::Video(char const*)
                0x00000000c000e7c6                Video::~Video()
                0x00000000c000e7c6                Video::~Video()
                0x00000000c000e7ea                Video::~Video()
                0x00000000c000e814                Video::isMonochrome()
                0x00000000c000e820                Video::getWidth()
                0x00000000c000e82c                Video::getHeight()
                0x00000000c000e838                Video::drawCursor(int, int, unsigned int*, int)
                0x00000000c000e8f4                Video::tgaParse(unsigned char*, int, int*, int*)
                0x00000000c000ea5c                Video::putTGA(int, int, unsigned char*, int)
 *fill*         0x00000000c000eac7        0x1 
 .text          0x00000000c000eac8     0x138b hw/acpi.32
                0x00000000c000eac8                ACPI::close(int, int, void*)
                0x00000000c000eb7c                findRSDP()
                0x00000000c000ec14                loadACPITables(unsigned char*)
                0x00000000c000ee80                findRSDT(unsigned char*)
                0x00000000c000efd8                findDataTable(unsigned char*, char*)
                0x00000000c000f058                scanMADT()
                0x00000000c000f510                ACPI::ACPI()
                0x00000000c000f510                ACPI::ACPI()
                0x00000000c000f564                ACPI::getPCIIRQAssignment(unsigned char, unsigned short, unsigned char)
                0x00000000c000f660                ACPI::registerPCIIRQAssignment(void*, unsigned short, unsigned char, unsigned char)
                0x00000000c000f72c                ACPI::setScreenBrightnessLevel(void*, int)
                0x00000000c000f734                ACPI::detectPCI()
                0x00000000c000f954                ACPI::writeSimpleBootFlag(SimpleBootFlagTable*)
                0x00000000c000f99c                ACPI::sleep()
                0x00000000c000f9b8                ACPI::open(int, int, void*)
 *fill*         0x00000000c000fe53        0x1 
 .text          0x00000000c000fe54      0xbc5 hw/cpu.32
                0x00000000c000fe54                CPU::close(int, int, void*)
                0x00000000c000fe58                CPU::AMD_K6_write_msr(unsigned int, unsigned int, unsigned int, CPU::REGS*)
                0x00000000c000fe74                CPU::AMD_K6_read_msr(unsigned int, CPU::REGS*)
                0x00000000c000fe8c                CPU::AMD_K6_writeback(int, int, int)
                0x00000000c000ff00                CPU::cpuid(int, unsigned long*, unsigned long*, unsigned long*, unsigned long*)
                0x00000000c000ff84                CPU::cpuidCheckEDX(unsigned int)
                0x00000000c000ffb2                CPU::cpuidCheckECX(unsigned int)
                0x00000000c000ffe0                CPU::cpuidCheckExtendedEBX(unsigned int)
                0x00000000c001000e                CPU::cpuidCheckExtendedECX(unsigned int)
                0x00000000c001003c                CPU::CPU()
                0x00000000c001003c                CPU::CPU()
                0x00000000c00100ca                CPU::displayFeatures()
                0x00000000c00100cc                CPU::detectFeatures()
                0x00000000c00107a0                CPU::setupSMEP()
                0x00000000c00107ac                CPU::setupUMIP()
                0x00000000c00107b6                CPU::setupTSC()
                0x00000000c00107c0                CPU::setupLargePages()
                0x00000000c00107ca                CPU::setupPAT()
                0x00000000c0010806                CPU::setupMTRR()
                0x00000000c0010808                CPU::setupGlobalPages()
                0x00000000c0010812                CPU::allowUsermodeDataAccess()
                0x00000000c0010824                CPU::prohibitUsermodeDataAccess()
                0x00000000c0010836                CPU::setupSMAP()
                0x00000000c0010844                CPU::setupFeatures()
                0x00000000c0010910                CPU::open(int, int, void*)
 .text          0x00000000c0010a19       0x91 krnl/atexit.32
                0x00000000c0010a19                KeInitialiseAtexit()
                0x00000000c0010a3b                KeRegisterAtexit(void (*)(void*), void*)
                0x00000000c0010a6f                KeExecuteAtexit()
 .text          0x00000000c0010aaa       0xdf krnl/bootmsg.32
                0x00000000c0010aaa                KeDisplaySplashScreen()
                0x00000000c0010b26                KeSetBootMessage(char const*)
 *fill*         0x00000000c0010b89        0x3 
 .text          0x00000000c0010b8c       0x1d krnl/compat.32
                0x00000000c0010b8c                Krnl::handlePowerButton()
                0x00000000c0010b9c                Krnl::handleSleepButton()
 *fill*         0x00000000c0010ba9        0x1 
 .text          0x00000000c0010baa      0x5bf krnl/env.32
                0x00000000c0010baa                EnvVarContainer::getEnv(char const*)
                0x00000000c0010be8                EnvVarContainer::setEnv(char const*, char const*)
                0x00000000c0010caa                EnvVarContainer::deleteEnv(char const*)
                0x00000000c0010cac                EnvVarContainer::loadFrom(char const*, char const*)
                0x00000000c0010ed0                EnvVarContainer::__loadSystem()
                0x00000000c0010eea                EnvVarContainer::__loadUser()
                0x00000000c0010eec                EnvVarContainer::EnvVarContainer(Process*)
                0x00000000c0010eec                EnvVarContainer::EnvVarContainer(Process*)
                0x00000000c0010f0e                EnvVarContainer::~EnvVarContainer()
                0x00000000c0010f0e                EnvVarContainer::~EnvVarContainer()
                0x00000000c0010f3e                KeGetEnv(Process*, char const*)
                0x00000000c0010fa3                KeSetEnvSystem(char const*, char const*)
                0x00000000c0010fbd                KeSetEnvUser(char const*, char const*)
                0x00000000c0010fdc                KeSetEnvProcess(Process*, char const*, char const*)
                0x00000000c0010fef                KeDeleteEnvSystem(char const*)
                0x00000000c0010ff0                KeDeleteEnvUser(char const*)
                0x00000000c0010ff1                KeDeleteEnvProcess(Process*, char const*)
                0x00000000c0010ff2                KeNewProcessEnv(Process*)
                0x00000000c0011014                KeCopyProcessEnv(Process*, Process*)
                0x00000000c0011060                KeLoadSystemEnv()
                0x00000000c001108e                KeLoadUserEnv()
                0x00000000c00110b4                KeFlushEnv()
                0x00000000c00110b5                KeGetProcessTotalEnvCount(Process*)
                0x00000000c00110d5                KeGetProcessEnvPair(Process*, int)
 .text          0x00000000c0011169       0x94 krnl/inlines.32
                0x00000000c0011169                CPU::current()
                0x00000000c0011175                operator new(unsigned long)
                0x00000000c001117a                operator delete(void*)
                0x00000000c001117f                disableIRQs()
                0x00000000c0011181                enableIRQs()
                0x00000000c0011183                lockScheduler()
                0x00000000c001118b                unlockScheduler()
                0x00000000c001119a                lockStuff()
                0x00000000c00111a8                unlockStuff()
                0x00000000c00111e2                Virt::getAKernelVAS()
                0x00000000c00111e8                __not_memcpy
 .text          0x00000000c00111fd        0xc krnl/panic.32
                0x00000000c00111fd                KePanic(char const*)
 .text          0x00000000c0011209      0x142 krnl/powctrl.32
                0x00000000c0011209                KePowerThread(void*)
                0x00000000c0011237                KeChangePowerSettings(PowerSettings)
                0x00000000c001124d                KeUserIOReceived()
                0x00000000c0011258                KeHandlePowerButton()
                0x00000000c001128d                KeHandleSleepButton()
                0x00000000c00112c2                KeSetupPowerManager()
 .text          0x00000000c001134b       0x9d krnl/random.32
                0x00000000c001134b                KeRand()
                0x00000000c001138d                KeSeedRand(unsigned int)
                0x00000000c00113b6                KeInitRand()
 .text          0x00000000c00113e8      0x1bc krnl/resolve.32
                0x00000000c00113e8                KeResolveCompatibilitySymbol(char*)
 .text          0x00000000c00115a4      0x322 krnl/signal.32
                0x00000000c00115a4                KiSigKill(int)
                0x00000000c00115b8                KiDefaultSignalHandlerIgnore(int)
                0x00000000c00115b9                KiDefaultSignalHandlerPause(int)
                0x00000000c00115e5                KiDefaultSignalHandlerResume(int)
                0x00000000c0011611                KeDeinitSignals(SigHandlerBlock*)
                0x00000000c0011616                KeInitSignals()
                0x00000000c0011668                KeRegisterSignalHandler(SigHandlerBlock*, int, void (*)(int), unsigned int, int)
                0x00000000c001169e                KeRaiseSignal(SigHandlerBlock*, int)
                0x00000000c001171b                KeCheckSignal(SigHandlerBlock*, int*)
                0x00000000c0011812                KiCheckSignalZ
                0x00000000c0011854                KeCompleteSignal(SigHandlerBlock*, int)
                0x00000000c001188f                KiFinishSignalZ
 .text          0x00000000c00118c6      0xc61 krnl/syscalls.32
                0x00000000c00118c6                SysSeekDir(regs*)
                0x00000000c00118cb                SysTellDir(regs*)
                0x00000000c00118d0                SysVerify(regs*)
                0x00000000c00118da                SysGetArgc(regs*)
                0x00000000c00118ee                SysTTYName(regs*)
                0x00000000c00118f6                SysFormatDisk(regs*)
                0x00000000c001196d                SysSetDiskVolumeLabel(regs*)
                0x00000000c00119c1                SysGetDiskVolumeLabel(regs*)
                0x00000000c0011a1a                SysShutdown(regs*)
                0x00000000c0011a78                SysRealpath(regs*)
                0x00000000c0011abd                SysReadDir(regs*)
                0x00000000c0011b3d                SysIsATTY(regs*)
                0x00000000c0011b97                SysSeek(regs*)
                0x00000000c0011bee                SysTell(regs*)
                0x00000000c0011c5b                SysSize(regs*)
                0x00000000c0011cce                SysSizeFromFilename(regs*)
                0x00000000c0011d7f                SysClose(regs*)
                0x00000000c0011ddf                SysOpenDir(regs*)
                0x00000000c0011e5c                SysMakeDir(regs*)
                0x00000000c0011eca                SysCloseDir(regs*)
                0x00000000c0011f1e                SysWait(regs*)
                0x00000000c0011f3f                SysNotImpl(regs*)
                0x00000000c0011f5a                SysPanic(regs*)
                0x00000000c0011f75                SysRmdir(regs*)
                0x00000000c0011fda                SysUnlink(regs*)
                0x00000000c001203f                SysGetArgv(regs*)
                0x00000000c001208c                SysUSleep(regs*)
                0x00000000c00120b5                SysSpawn(regs*)
                0x00000000c0012128                SysGetEnv(regs*)
                0x00000000c00121d9                SysSetFatAttrib(regs*)
                0x00000000c001224c                SysPipe(regs*)
                0x00000000c0012291                SysGetUnixTime(regs*)
                0x00000000c00122a5                string_ends_with(char const*, char const*)
                0x00000000c00122ed                SysOpen(regs*)
                0x00000000c00124e5                KeSystemCall(regs*, void*)
 *fill*         0x00000000c0012527        0x1 
 .text          0x00000000c0012528      0x159 net/ethernet.32
                0x00000000c0012528                KeSwitchEndian16(unsigned short)
                0x00000000c001254c                KeSwitchEndian32(unsigned int)
                0x00000000c001257c                EthernetCRC32(unsigned char*, int)
                0x00000000c0012620                EthernetReceivedPacket(EthernetUnwrappedFrame*, unsigned short)
 .text          0x00000000c0012681      0xd56 reg/cm.32
                0x00000000c0012681                CmOpen(char const*)
                0x00000000c001279f                CmClose(Reghive_Tag*)
                0x00000000c00127b5                CmReadExtent(Reghive_Tag*, int, unsigned char*)
                0x00000000c00127f1                CmGetString(Reghive_Tag*, int, char*)
                0x00000000c0012868                CmEnterDirectory(Reghive_Tag*, int)
                0x00000000c00128a7                CmGetNext(Reghive_Tag*, int)
                0x00000000c00128d9                CmWriteExtent(Reghive_Tag*, int, unsigned char*)
                0x00000000c0012915                CmFreeExtent(Reghive_Tag*, int)
                0x00000000c001293d                CmUpdateHeader(Reghive_Tag*)
                0x00000000c001295e                CmExpand(Reghive_Tag*, int)
                0x00000000c00129d9                CmFindUnusedExtent(Reghive_Tag*)
                0x00000000c0012a5f                CmCreateExtent(Reghive_Tag*, int, int, unsigned char*)
                0x00000000c0012b53                CmSetString(Reghive_Tag*, int, char const*)
                0x00000000c0012c8f                CmGetMatch(char*, char*, bool, bool*)
                0x00000000c0012cf0                CmAddShift(unsigned int*, int*, unsigned char, int)
                0x00000000c0012d20                CmGetShift(unsigned int*, int*, int, bool*)
                0x00000000c0012d57                CmGetInteger(Reghive_Tag*, int, unsigned long long*)
                0x00000000c0012d81                CmSetInteger(Reghive_Tag*, int, unsigned long long)
                0x00000000c0012dc1                CmConvertFromInternalFilename(unsigned char const*, char*)
                0x00000000c0012e65                CmGetNameAndTypeFromExtent(Reghive_Tag*, int, char*)
                0x00000000c0012e93                CmConvertToInternalFilename(char const*, unsigned char*)
                0x00000000c0013031                CmCreateString(Reghive_Tag*, int, char const*)
                0x00000000c001307e                CmFindInDirectory(Reghive_Tag*, int, char const*)
                0x00000000c00130f8                CmCreateInteger(Reghive_Tag*, int, char const*, unsigned long long, int)
                0x00000000c001314b                CmCreateDirectory(Reghive_Tag*, int, char const*)
                0x00000000c001320f                zStrtok(char*, char const*)
                0x00000000c0013281                CmFindObjectFromPath(Reghive_Tag*, char const*)
                0x00000000c0013302                CmDisplayTree(Reghive_Tag*, int, int)
                0x00000000c00133a5                CmSplitFinalSlashInPlace(char*)
 .text          0x00000000c00133d7      0x52a reg/registry.32
                0x00000000c00133d7                Reg::findLineFromLoadedData(char*, char*, char*)
                0x00000000c0013548                Reg::getLineFromRegistry(char*, char*, char*, char*)
                0x00000000c001369d                Reg::getLine(char*, char*, char*)
                0x00000000c00136d4                Reg::readInt(char*, char*, int*)
                0x00000000c00137c2                Reg::readString(char*, char*, char*, int)
                0x00000000c0013843                Reg::readBool(char*, char*, bool*)
                0x00000000c0013868                Reg::readBoolWithDefault(char*, char*, bool)
                0x00000000c0013894                Reg::readIntWithDefault(char*, char*, int)
                0x00000000c00138c0                Reg::readStringWithDefault(char*, char*, char*, int, char*)
 .text          0x00000000c0013901       0x36 sys/eject.32
                0x00000000c0013901                SysEject(regs*)
 .text          0x00000000c0013937       0x18 sys/exit.32
                0x00000000c0013937                SysExit(regs*)
 .text          0x00000000c001394f       0x1f sys/getcwd.32
                0x00000000c001394f                SysGetCwd(regs*)
 .text          0x00000000c001396e        0xc sys/getpid.32
                0x00000000c001396e                SysGetPID(regs*)
 .text          0x00000000c001397a       0x1a sys/getramdata.32
                0x00000000c001397a                SysGetRAMData(regs*)
 .text          0x00000000c0013994       0x82 sys/getvgaptr.32
                0x00000000c0013994                SysGetVGAPtr(regs*)
 *fill*         0x00000000c0013a16        0x2 
 .text          0x00000000c0013a18       0xb9 sys/kill.32
                0x00000000c0013a18                SysKill(regs*)
 .text          0x00000000c0013ad1       0xa8 sys/loaddll.32
                0x00000000c0013ad1                SysLoadDLL(regs*)
 .text          0x00000000c0013b79       0x68 sys/read.32
                0x00000000c0013b79                SysRead(regs*)
 .text          0x00000000c0013be1       0x29 sys/registersignal.32
                0x00000000c0013be1                SysRegisterSignal(regs*)
 .text          0x00000000c0013c0a      0x19c sys/registry.32
                0x00000000c0013c0a                SysRegistryGetTypeFromPath(regs*)
                0x00000000c0013c81                SysRegistryReadExtent(regs*)
                0x00000000c0013cc9                SysRegistryPathToExtentLookup(regs*)
                0x00000000c0013cf1                SysRegistryEnterDirectory(regs*)
                0x00000000c0013d19                SysRegistryGetNext(regs*)
                0x00000000c0013d41                SysRegistryGetNameAndTypeFromExtent(regs*)
                0x00000000c0013d7b                SysRegistryOpen(regs*)
                0x00000000c0013d8f                SysRegistryClose(regs*)
 .text          0x00000000c0013da6       0x55 sys/sbrk.32
                0x00000000c0013da6                SysSbrk(regs*)
 .text          0x00000000c0013dfb       0x1c sys/setcwd.32
                0x00000000c0013dfb                SysSetCwd(regs*)
 .text          0x00000000c0013e17       0x96 sys/settime.32
                0x00000000c0013e17                SysSetTime(regs*)
 .text          0x00000000c0013ead       0x4a sys/timezone.32
                0x00000000c0013ead                SysTimezone(regs*)
 .text          0x00000000c0013ef7       0xfc sys/truncate.32
                0x00000000c0013ef7                SysTruncate(regs*)
 .text          0x00000000c0013ff3       0x68 sys/write.32
                0x00000000c0013ff3                SysWrite(regs*)
 .text          0x00000000c001405b       0x62 sys/wsbe.32
                0x00000000c001405b                SysWsbe(regs*)
 .text          0x00000000c00140bd       0x25 sys/yield.32
                0x00000000c00140bd                SysYield(regs*)
 .text          0x00000000c00140e2     0x11e6 thr/elf.32
                0x00000000c00140e2                Thr::allocateMemoryForTask(Process*, File*, unsigned long, unsigned long, unsigned long)
                0x00000000c0014370                Thr::loadProgramIntoMemory(Process*, char const*)
                0x00000000c0014582                Thr::runtimeReferenceHelper()
                0x00000000c0014595                Thr::getAddressOfKernelSymbol(char const*)
                0x00000000c00145e4                Thr::loadKernelSymbolTable(char const*)
                0x00000000c00148a2                Thr::loadDriverIntoMemory(char const*, unsigned long, bool)
                0x00000000c0014fdb                Thr::getDriverBaseFromAddress(unsigned long)
                0x00000000c001500d                Thr::getDriverNameFromAddress(unsigned long)
                0x00000000c0015044                Thr::getDriverOffsetFromAddress(unsigned long)
                0x00000000c001505e                Thr::loadDLL(char const*, bool)
                0x00000000c001528f                Thr::executeDLL(unsigned long, void*)
 .text          0x00000000c00152c8     0x13d9 thr/prcssthr.32
                0x00000000c00152c8                userModeEntryPoint(void*)
                0x00000000c00152f0                changeTSS
                0x00000000c0015320                switchToThread(ThreadControlBlock*)
                0x00000000c00153d0                Process::addArgs(char**)
                0x00000000c001543c                Process::Process(char const*, Process*, char**)
                0x00000000c001543c                Process::Process(char const*, Process*, char**)
                0x00000000c0015648                Process::Process(bool, char const*, Process*, char**)
                0x00000000c0015648                Process::Process(bool, char const*, Process*, char**)
                0x00000000c001581c                taskStartupFunction
                0x00000000c0015828                Semaphore::Semaphore(int)
                0x00000000c0015828                Semaphore::Semaphore(int)
                0x00000000c0015858                Mutex::Mutex()
                0x00000000c0015858                Mutex::Mutex()
                0x00000000c001586c                Process::createThread(void (*)(void*), void*, int)
                0x00000000c0015978                Process::createUserThread()
                0x00000000c0015998                setupMultitasking(void (*)())
                0x00000000c0015abc                schedule()
                0x00000000c0015b50                Semaphore::tryAcquire()
                0x00000000c0015c24                Semaphore::assertLocked(char const*)
                0x00000000c0015ca8                blockTaskWithSchedulerLockAlreadyHeld(TaskState)
                0x00000000c0015cd0                blockTask(TaskState)
                0x00000000c0015d08                waitTask(int, int*, int)
                0x00000000c0015d4c                milliTenthSleepUntil(unsigned int)
                0x00000000c0015dec                milliTenthSleep(unsigned int)
                0x00000000c0015e00                sleep(unsigned int)
                0x00000000c0015e1c                Semaphore::acquire()
                0x00000000c0015ee4                taskReturned
                0x00000000c0015f28                Thr::processFromPID(int)
                0x00000000c0015fd4                unblockTask(ThreadControlBlock*)
                0x00000000c0016080                cleanupTerminatedTask(ThreadControlBlock*)
                0x00000000c0016354                cleanerTaskFunction(void*)
                0x00000000c001645c                terminateTask(int)
                0x00000000c0016548                Thr::terminateFromIRQ(int)
                0x00000000c0016558                Semaphore::release()
 .text          0x00000000c00166a1      0xc27 vm86/vm8086.32
                0x00000000c00166a1                Vm::inbv(unsigned short)
                0x00000000c00166b4                Vm::outbv(unsigned short, unsigned char)
                0x00000000c00166ea                Vm::realToLinear(unsigned short, unsigned short)
                0x00000000c00166fa                Vm::getSegment(unsigned int)
                0x00000000c0016702                Vm::getOffset(unsigned int)
                0x00000000c0016707                Vm::mainloop2()
                0x00000000c0016741                Vm::mainVm8086Loop(void*)
                0x00000000c0016751                Vm::mainloop3(unsigned long)
                0x00000000c0016777                Vm::initialise8086()
                0x00000000c00167ba                Vm::finish8086()
                0x00000000c001681b                Vm::getOutput8086(unsigned char*)
                0x00000000c0016840                Vm::start8086FromBuffer(unsigned char*, int, unsigned short, unsigned short, unsigned short, unsigned short)
                0x00000000c00168f9                Vm::start8086(char const*, unsigned short, unsigned short, unsigned short, unsigned short)
                0x00000000c0016a97                Vm::doISR(regs*, int, unsigned char*, unsigned short, unsigned short)
                0x00000000c0016b30                Vm::readByteFromReal(unsigned short, unsigned short)
                0x00000000c0016b41                Vm::readWordFromReal(unsigned short, unsigned short)
                0x00000000c0016b53                Vm::readDwordFromReal(unsigned short, unsigned short)
                0x00000000c0016b64                Vm::writeByteFromReal(unsigned short, unsigned short, unsigned char)
                0x00000000c0016b79                Vm::writeWordFromReal(unsigned short, unsigned short, unsigned short)
                0x00000000c0016b8f                Vm::writeDwordFromReal(unsigned short, unsigned short, unsigned int)
                0x00000000c0016ba4                Vm::faultHandler(regs*)
 .text          0x00000000c00172c8      0xaf0 arch/i386/hal.32
                0x00000000c00172c8                noCopro(unsigned long)
                0x00000000c00172c9                nmiHandler(regs*, void*)
                0x00000000c00172e2                doubleFault(regs*, void*)
                0x00000000c00172fb                displayDebugInfo(regs*)
                0x00000000c0017680                HalSystemIdle()
                0x00000000c00176fc                displayProgramFault(char const*)
                0x00000000c0017748                gpFault(regs*, void*)
                0x00000000c00177af                pgFault(regs*, void*)
                0x00000000c0017838                otherISRHandler(regs*, void*)
                0x00000000c001786c                opcodeFault(regs*, void*)
                0x00000000c00178ef                i386SaveCoprocessor(void*)
                0x00000000c0017903                i386LoadCoprocessor(void*)
                0x00000000c0017917                x87EmulHandler(regs*, void*)
                0x00000000c00179b4                HalInitialiseCoprocessor()
                0x00000000c0017a62                HalPanic(char const*)
                0x00000000c0017b76                HalQueryPerformanceCounter()
                0x00000000c0017b91                HalInitialise()
                0x00000000c0017d47                HalMakeBeep(int)
                0x00000000c0017d81                HalGetRand()
                0x00000000c0017d84                HalEndOfInterrupt(int)
                0x00000000c0017db5                HalRestart()
                0x00000000c0017db6                HalShutdown()
                0x00000000c0017db7                HalSleep()
 .text          0x00000000c0017db8      0x2dc arch/i386/pic.32
                0x00000000c0017db8                picIoWait()
                0x00000000c0017dc0                picDisable()
                0x00000000c0017df4                picGetIRQReg(int)
                0x00000000c0017e70                picOpen()
                0x00000000c0017ff4                picEOI(int)
 .text          0x00000000c0018094      0x674 arch/i386/rtc.32
                0x00000000c0018094                RTC::open(int, int, void*)
                0x00000000c0018098                RTC::close(int, int, void*)
                0x00000000c001809c                RTC::timeInSecondsUTC()
                0x00000000c00180ae                RTC::timeInDatetimeUTC()
                0x00000000c00180d4                RTC::setTimeInSecondsUTC(unsigned long long)
                0x00000000c0018112                RTC::~RTC()
                0x00000000c0018112                RTC::~RTC()
                0x00000000c0018136                RTC::~RTC()
                0x00000000c0018160                RTC::get_update_in_progress_flag()
                0x00000000c001817a                RTC::completeRTCRefresh()
                0x00000000c001845a                RTC::setTimeInDatetimeUTC(datetime_t)
                0x00000000c0018608                rtcIRQHandler(regs*, void*)
                0x00000000c001864e                RTC::RTC()
                0x00000000c001864e                RTC::RTC()
 .text          0x00000000c0018708      0x1f4 arch/i386/vga.32
                0x00000000c0018708                HalConsoleScroll(int, int)
                0x00000000c0018810                HalConsoleWriteCharacter(char, int, int, int, int)
                0x00000000c0018874                HalConsoleCursorUpdate(int, int)
 .text          0x00000000c00188fc     0x14cf fs/fat/vfslink.32
                0x00000000c00188fc                FAT::getName()
                0x00000000c0018904                FAT::tell(void*, unsigned long long*)
                0x00000000c0018940                FAT::stat(void*, unsigned long long*)
                0x00000000c001897c                FAT::~FAT()
                0x00000000c001897c                FAT::~FAT()
                0x00000000c00189a0                FAT::~FAT()
                0x00000000c00189c8                FAT::getlabel(LogicalDisk*, int, char*, unsigned int*)
                0x00000000c0018a6c                FAT::setlabel(LogicalDisk*, int, char*)
                0x00000000c0018b30                FAT::format(LogicalDisk*, int, char const*, int)
                0x00000000c0018d14                FAT::tryMount(LogicalDisk*, int)
                0x00000000c0018f30                FAT::allocateSwapfile(char const*, int)
                0x00000000c00190f0                FAT::readDir(void*, unsigned long, void*, int*)
                0x00000000c0019260                FAT::read(void*, unsigned long, void*, int*)
                0x00000000c00192c0                FAT::write(void*, unsigned long, void*, int*)
                0x00000000c0019320                FAT::close(void*)
                0x00000000c0019374                FAT::closeDir(void*)
                0x00000000c00193c8                FAT::truncate(void*, unsigned long long)
                0x00000000c0019434                FAT::seek(void*, unsigned long long)
                0x00000000c001948c                fatWrapperReadDisk
                0x00000000c00194cc                fatWrapperWriteDisk
                0x00000000c001950c                fatWrapperIoctl
                0x00000000c0019628                FAT::FAT()
                0x00000000c0019628                FAT::FAT()
                0x00000000c0019680                FAT::fixFilepath(char*)
                0x00000000c00196c0                FAT::open(char const*, void**, FileOpenMode)
                0x00000000c0019834                FAT::openDir(char const*, void**)
                0x00000000c00198e4                FAT::stat(char const*, unsigned long long*, bool*)
                0x00000000c00199dc                FAT::unlink(char const*)
                0x00000000c0019a5c                FAT::chfatattr(char const*, unsigned char, unsigned char)
                0x00000000c0019c10                FAT::rename(char const*, char const*)
                0x00000000c0019cdc                FAT::mkdir(char const*)
                0x00000000c0019d5c                FAT::exists(char const*)
 *fill*         0x00000000c0019dcb        0x1 
 .text          0x00000000c0019dcc       0x94 fs/iso9660/helper.32
                0x00000000c0019dcc                isoReadDiscSectorHelper
                0x00000000c0019e28                iso_kprintf
                0x00000000c0019e44                iso_kprintfd
 .text          0x00000000c0019e60      0x71c fs/iso9660/vfslink.32
                0x00000000c0019e60                ISO9660::format(LogicalDisk*, int, char const*, int)
                0x00000000c0019e66                ISO9660::truncate(void*, unsigned long long)
                0x00000000c0019e6c                ISO9660::getName()
                0x00000000c0019e72                ISO9660::closeDir(void*)
                0x00000000c0019e7c                ISO9660::chfatattr(char const*, unsigned char, unsigned char)
                0x00000000c0019e82                ISO9660::unlink(char const*)
                0x00000000c0019e88                ISO9660::write(void*, unsigned long, void*, int*)
                0x00000000c0019e8e                ISO9660::rename(char const*, char const*)
                0x00000000c0019e94                ISO9660::mkdir(char const*)
                0x00000000c0019e9a                ISO9660::~ISO9660()
                0x00000000c0019e9a                ISO9660::~ISO9660()
                0x00000000c0019ebe                ISO9660::~ISO9660()
                0x00000000c0019ee6                ISO9660::exists(char const*)
                0x00000000c0019efa                ISO9660::open(char const*, void**, FileOpenMode)
                0x00000000c0019fe0                ISO9660::read(void*, unsigned long, void*, int*)
                0x00000000c001a028                ISO9660::seek(void*, unsigned long long)
                0x00000000c001a06a                ISO9660::tell(void*, unsigned long long*)
                0x00000000c001a0a8                ISO9660::stat(void*, unsigned long long*)
                0x00000000c001a0fa                ISO9660::stat(char const*, unsigned long long*, bool*)
                0x00000000c001a23c                ISO9660::close(void*)
                0x00000000c001a26c                ISO9660::openDir(char const*, void**)
                0x00000000c001a346                ISO9660::readDir(void*, unsigned long, void*, int*)
                0x00000000c001a463                readSectorFromCDROM(unsigned int, unsigned char*, char)
                0x00000000c001a4e2                ISO9660::tryMount(LogicalDisk*, int)
                0x00000000c001a554                ISO9660::ISO9660()
                0x00000000c001a554                ISO9660::ISO9660()
 .text          0x00000000c001a57c      0x26c hal/sound/sndcard.32
                0x00000000c001a57c                SoundCard::beginPlayback()
                0x00000000c001a58a                SoundCard::stopPlayback()
                0x00000000c001a598                SoundCard::SoundCard(char const*)
                0x00000000c001a598                SoundCard::SoundCard(char const*)
                0x00000000c001a636                SoundCard::~SoundCard()
                0x00000000c001a636                SoundCard::~SoundCard()
                0x00000000c001a65a                SoundCard::~SoundCard()
                0x00000000c001a684                SoundCard::configureRates(int, int, int)
                0x00000000c001a6b4                SoundCard::getSamples16(int, short*)
                0x00000000c001a710                SoundCard::getSamples32(int, int*)
                0x00000000c001a796                SoundCard::addChannel(SoundPort*)
                0x00000000c001a7d4                SoundCard::removeChannel(int)
 .text          0x00000000c001a7e8      0x38a hal/sound/sndport.32
                0x00000000c001a7e8                SoundPort::SoundPort(int, int, int, int)
                0x00000000c001a7e8                SoundPort::SoundPort(int, int, int, int)
                0x00000000c001a874                SoundPort::~SoundPort()
                0x00000000c001a874                SoundPort::~SoundPort()
                0x00000000c001a8a8                SoundPort::unpause()
                0x00000000c001a8b4                SoundPort::pause()
                0x00000000c001a8c0                SoundPort::getBufferUsed()
                0x00000000c001a8c8                SoundPort::getBufferSize()
                0x00000000c001a8d0                SoundPort::buffer16(short*, int)
                0x00000000c001a95c                SoundPort::buffer32(int*, int)
                0x00000000c001a9e8                SoundPort::unbufferAndAdd16(int, short*, SoundCard*)
                0x00000000c001aab4                SoundPort::unbufferAndAdd32(int, int*, SoundCard*)
 .text          0x00000000c001ab72        0x0 hw/bus/isa.32
 .text          0x00000000c001ab72      0xbb7 hw/bus/pci.32
                0x00000000c001ab72                PCI::open(int, int, void*)
                0x00000000c001ab90                PCI::close(int, int, void*)
                0x00000000c001ab94                PCI::PCI()
                0x00000000c001ab94                PCI::PCI()
                0x00000000c001ac2c                PCI::readBAR8(unsigned int, int)
                0x00000000c001ac48                PCI::readBAR16(unsigned int, int)
                0x00000000c001ac66                PCI::readBAR32(unsigned int, int)
                0x00000000c001ac82                PCI::writeBAR8(unsigned int, unsigned char, int)
                0x00000000c001aca2                PCI::writeBAR16(unsigned int, unsigned short, int)
                0x00000000c001acc4                PCI::writeBAR32(unsigned int, unsigned int, int)
                0x00000000c001ace4                PCI::legacyMechanism(unsigned char, unsigned char, unsigned char, unsigned char)
                0x00000000c001ad5a                PCI::pciReadWord(unsigned char, unsigned char, unsigned char, unsigned char)
                0x00000000c001ae04                PCI::getVendorID(unsigned char, unsigned char, unsigned char)
                0x00000000c001ae28                PCI::getHeaderType(unsigned char, unsigned char, unsigned char)
                0x00000000c001ae50                PCI::getClassCode(unsigned char, unsigned char, unsigned char)
                0x00000000c001ae9a                PCI::getProgIF(unsigned char, unsigned char, unsigned char)
                0x00000000c001aec2                PCI::getRevisionID(unsigned char, unsigned char, unsigned char)
                0x00000000c001aee6                PCI::getInterruptNumber(unsigned char, unsigned char, unsigned char)
                0x00000000c001af0a                PCI::getSecondaryBus(unsigned char, unsigned char, unsigned char)
                0x00000000c001af32                PCI::getBARAddress(unsigned char, unsigned char, unsigned char, unsigned char)
                0x00000000c001af96                PCI::pciWriteWord(unsigned char, unsigned char, unsigned char, unsigned char, unsigned short)
                0x00000000c001b07e                PCI::pciDetailsToFilepath(PCIDeviceInfo, char*)
                0x00000000c001b344                PCI::checkBus(unsigned char)
                0x00000000c001b368                PCI::foundDevice(PCIDeviceInfo)
                0x00000000c001b4e2                PCI::getDeviceData(unsigned char, unsigned char, unsigned char)
                0x00000000c001b65e                PCI::checkDevice(unsigned char, unsigned char)
                0x00000000c001b6d0                PCI::detect()
 *fill*         0x00000000c001b729        0x1 
 .text          0x00000000c001b72a      0xb9a hw/diskctrl/ide.32
                0x00000000c001b72a                IDE::close(int, int, void*)
                0x00000000c001b72e                IDE::IDE()
                0x00000000c001b72e                IDE::IDE()
                0x00000000c001b762                IDE::prepareInterrupt(unsigned char)
                0x00000000c001b774                selectDrive(unsigned char, unsigned char)
                0x00000000c001b776                IDE::getBase(unsigned char)
                0x00000000c001b788                IDE::write(unsigned char, unsigned char, unsigned char)
                0x00000000c001b848                IDE::read(unsigned char, unsigned char)
                0x00000000c001b8f6                IDE::waitInterrupt(unsigned char)
                0x00000000c001b958                ideChannel0IRQHandler(regs*, void*)
                0x00000000c001b974                ideChannel1IRQHandler(regs*, void*)
                0x00000000c001b990                IDE::enableIRQs(unsigned char, bool)
                0x00000000c001b9da                IDE::open(int, int, void*)
                0x00000000c001be18                IDE::readBuffer(unsigned char, unsigned char, unsigned int, unsigned int)
                0x00000000c001bee8                IDE::detect()
                0x00000000c001c1b6                IDE::printError(unsigned char, unsigned char, unsigned char)
                0x00000000c001c270                IDE::polling(unsigned char, unsigned int)
 .text          0x00000000c001c2c4      0x32a hw/diskctrl/satabus.32
                0x00000000c001c2c4                SATABus::close(int, int, void*)
                0x00000000c001c2c8                SATABus::detect()
                0x00000000c001c2ca                SATABus::SATABus()
                0x00000000c001c2ca                SATABus::SATABus()
                0x00000000c001c350                SATABus::findCmdslot(SATABus::tagHBA_PORT volatile*)
                0x00000000c001c382                SATABus::checkType(SATABus::tagHBA_PORT volatile*)
                0x00000000c001c3ca                SATABus::startCmd(SATABus::tagHBA_PORT volatile*)
                0x00000000c001c3ea                SATABus::stopCmd(SATABus::tagHBA_PORT volatile*)
                0x00000000c001c414                SATABus::portRebase(SATABus::tagHBA_PORT volatile*, int)
                0x00000000c001c524                SATABus::probePort(SATABus::tagHBA_MEM volatile*)
                0x00000000c001c5ce                SATABus::open(int, int, void*)
 .text          0x00000000c001c5ee      0x93f hw/diskphys/ata.32
                0x00000000c001c5ee                ATA::close(int, int, void*)
                0x00000000c001c612                ATA::powerSaving(PowerSavingLevel)
                0x00000000c001c614                ATA::ATA()
                0x00000000c001c614                ATA::ATA()
                0x00000000c001c642                ATA::flush(bool)
                0x00000000c001c690                ATA::readyForCommand()
                0x00000000c001c6dc                ATA::access(unsigned long long, int, void*, bool)
                0x00000000c001ca72                ATA::detectCHS()
                0x00000000c001ca9c                ATA::open(int, int, void*)
                0x00000000c001cb68                combineCharAndColour(char, unsigned char)
                0x00000000c001cb79                combineColours(unsigned char, unsigned char)
                0x00000000c001cb86                ATA::read(unsigned long long, int, void*)
                0x00000000c001cd5c                ATA::write(unsigned long long, int, void*)
 *fill*         0x00000000c001cf2d        0x1 
 .text          0x00000000c001cf2e      0x618 hw/diskphys/atapi.32
                0x00000000c001cf2e                ATAPI::write(unsigned long long, int, void*)
                0x00000000c001cf34                ATAPI::close(int, int, void*)
                0x00000000c001cf58                ATAPI::ATAPI()
                0x00000000c001cf58                ATAPI::ATAPI()
                0x00000000c001cf86                ATAPI::readyForCommand()
                0x00000000c001cfd8                ATAPI::sendPacket(unsigned char*, int, bool, unsigned short*, int)
                0x00000000c001d2a0                ATAPI::diskRemoved()
                0x00000000c001d2da                ATAPI::eject()
                0x00000000c001d322                ATAPI::diskInserted()
                0x00000000c001d32e                ATAPI::detectMedia()
                0x00000000c001d3ec                ATAPI::open(int, int, void*)
                0x00000000c001d4cc                ATAPI::read(unsigned long long, int, void*)
 .text          0x00000000c001d546      0x807 hw/diskphys/sata.32
                0x00000000c001d546                SATA::close(int, int, void*)
                0x00000000c001d56a                SATA::powerSaving(PowerSavingLevel)
                0x00000000c001d56c                SATA::open(int, int, void*)
                0x00000000c001d616                SATA::SATA()
                0x00000000c001d616                SATA::SATA()
                0x00000000c001d644                SATA::access(unsigned long long, int, void*, bool)
                0x00000000c001d898                SATA::read(unsigned long long, int, void*)
                0x00000000c001dae8                SATA::write(unsigned long long, int, void*)
 *fill*         0x00000000c001dd4d        0x1 
 .text          0x00000000c001dd4e      0x5d0 hw/diskphys/satapi.32
                0x00000000c001dd4e                SATAPI::write(unsigned long long, int, void*)
                0x00000000c001dd54                SATAPI::close(int, int, void*)
                0x00000000c001dd78                SATAPI::SATAPI()
                0x00000000c001dd78                SATAPI::SATAPI()
                0x00000000c001dda6                SATAPI::diskRemoved()
                0x00000000c001dda8                SATAPI::diskInserted()
                0x00000000c001ddc4                SATAPI::sendPacket(unsigned char*, int, unsigned long long, unsigned short*, int)
                0x00000000c001e0a2                SATAPI::eject()
                0x00000000c001e0de                SATAPI::detectMedia()
                0x00000000c001e134                SATAPI::open(int, int, void*)
                0x00000000c001e234                SATAPI::read(unsigned long long, int, void*)
 .text          0x00000000c001e31e      0x45b hw/intctrl/apic.32
                0x00000000c001e31e                IOAPIC::close(int, int, void*)
                0x00000000c001e324                apicGetBase()
                0x00000000c001e36a                IOAPIC::IOAPIC()
                0x00000000c001e36a                IOAPIC::IOAPIC()
                0x00000000c001e392                apicOpen()
                0x00000000c001e50e                IOAPIC::handlesGSIWithNumber(unsigned int)
                0x00000000c001e540                IOAPIC::read(int)
                0x00000000c001e568                IOAPIC::open(int, int, void*)
                0x00000000c001e64e                IOAPIC::write(int, int)
                0x00000000c001e67a                IOAPIC::redirect(unsigned char, unsigned long long, unsigned char, bool, bool)
 *fill*         0x00000000c001e779        0x3 
 .text          0x00000000c001e77c       0xf0 hw/timer/apictimer.32
                0x00000000c001e77c                APICTimer::close(int, int, void*)
                0x00000000c001e784                apicTimerHandler(regs*, void*)
                0x00000000c001e7ac                APICTimer::open(int, int, void*)
                0x00000000c001e81c                APICTimer::write(int)
                0x00000000c001e844                APICTimer::APICTimer()
                0x00000000c001e844                APICTimer::APICTimer()
 .text          0x00000000c001e86c      0x1ad hw/timer/pit.32
                0x00000000c001e86c                PIT::write(int)
                0x00000000c001e8f0                pitHandler(regs*, void*)
                0x00000000c001e918                PIT::open(int, int, void*)
                0x00000000c001e968                PIT::close(int, int, void*)
                0x00000000c001e998                PIT::PIT()
                0x00000000c001e998                PIT::PIT()
 *fill*         0x00000000c001ea19        0x7 
 .text          0x00000000c001ea20       0x83 arch/i386/avx.32
                0x00000000c001ea20                avxDetect
                0x00000000c001ea4a                avxSave
                0x00000000c001ea5b                avxLoad
                0x00000000c001ea6c                avxInit
                0x00000000c001ea8e                avxClose
                0x00000000c001ea8f                wouldSheSayYes
 *fill*         0x00000000c001eaa3        0xd 
 .text          0x00000000c001eab0      0x2ec arch/i386/interrupt.32
                0x00000000c001eab0                isr0
                0x00000000c001eac0                isr1
                0x00000000c001eaca                isr2
                0x00000000c001ead4                isr3
                0x00000000c001eade                isr4
                0x00000000c001eae8                isr5
                0x00000000c001eaf2                isr6
                0x00000000c001eafc                isr7
                0x00000000c001eb06                isr8
                0x00000000c001eb0e                isr9
                0x00000000c001eb18                isr10
                0x00000000c001eb20                isr11
                0x00000000c001eb28                isr12
                0x00000000c001eb30                isr13
                0x00000000c001eb4a                isr14
                0x00000000c001eb52                isr15
                0x00000000c001eb5c                isr16
                0x00000000c001eb66                isr17
                0x00000000c001eb70                isr18
                0x00000000c001eb7a                irq3
                0x00000000c001eb84                irq4
                0x00000000c001eb8e                irq5
                0x00000000c001eb98                irq6
                0x00000000c001eba2                irq7
                0x00000000c001ebac                irq8
                0x00000000c001ebb6                irq9
                0x00000000c001ebc0                irq10
                0x00000000c001ebca                irq11
                0x00000000c001ebd4                irq12
                0x00000000c001ebde                irq13
                0x00000000c001ebe8                irq14
                0x00000000c001ebf2                irq15
                0x00000000c001ebfc                irq1
                0x00000000c001ec03                irq2
                0x00000000c001ec0a                isr96
                0x00000000c001ec11                irq0
                0x00000000c001ec16                int_common_stub
                0x00000000c001ec48                syscall_common_stub
                0x00000000c001ed4c                irq16
                0x00000000c001ed56                irq17
                0x00000000c001ed60                irq18
                0x00000000c001ed6a                irq19